[2023-11-14T21:02:28.846+0000][0.005s][info][gc,heap] Heap region size: 1M
[2023-11-14T21:02:28.850+0000][0.008s][info][gc     ] Using G1
[2023-11-14T21:02:28.850+0000][0.008s][info][gc,heap,coops] Heap address: 0x0000000708000000, size: 3968 MB, Compressed Oops mode: Zero based, Oop shift amount: 3
[2023-11-14T21:02:28.850+0000][0.008s][info][gc,cds       ] Mark closed archive regions in map: [0x00000007bfc00000, 0x00000007bfc6bff8]
[2023-11-14T21:02:28.850+0000][0.008s][info][gc,cds       ] Mark open archive regions in map: [0x00000007bf800000, 0x00000007bf847ff8]
[2023-11-14T21:02:28.951+0000][0.109s][debug][safepoint    ] Safepoint synchronization initiated. (9 threads)
[2023-11-14T21:02:28.951+0000][0.109s][info ][safepoint    ] Application time: 0.0561329 seconds
[2023-11-14T21:02:28.951+0000][0.109s][info ][safepoint    ] Entering safepoint region: Deoptimize
[2023-11-14T21:02:28.951+0000][0.109s][info ][safepoint    ] Leaving safepoint region
[2023-11-14T21:02:28.951+0000][0.109s][info ][safepoint    ] Total time for which application threads were stopped: 0.0000854 seconds, Stopping threads took: 0.0000093 seconds
[2023-11-14T21:02:29.337+0000][0.495s][debug][safepoint    ] Safepoint synchronization initiated. (10 threads)
[2023-11-14T21:02:29.337+0000][0.495s][info ][safepoint    ] Application time: 0.3860510 seconds
[2023-11-14T21:02:29.337+0000][0.495s][info ][safepoint    ] Entering safepoint region: G1CollectForAllocation
[2023-11-14T21:02:29.337+0000][0.495s][info ][gc,start     ] GC(0) Pause Young (Normal) (G1 Evacuation Pause)
[2023-11-14T21:02:29.337+0000][0.495s][info ][gc,task      ] GC(0) Using 4 workers of 4 for evacuation
[2023-11-14T21:02:29.356+0000][0.514s][info ][gc,phases    ] GC(0)   Pre Evacuate Collection Set: 0.0ms
[2023-11-14T21:02:29.356+0000][0.514s][info ][gc,phases    ] GC(0)   Evacuate Collection Set: 18.1ms
[2023-11-14T21:02:29.356+0000][0.514s][info ][gc,phases    ] GC(0)   Post Evacuate Collection Set: 0.7ms
[2023-11-14T21:02:29.356+0000][0.514s][info ][gc,phases    ] GC(0)   Other: 0.6ms
[2023-11-14T21:02:29.356+0000][0.514s][info ][gc,heap      ] GC(0) Eden regions: 38->0(143)
[2023-11-14T21:02:29.356+0000][0.514s][info ][gc,heap      ] GC(0) Survivor regions: 0->5(5)
[2023-11-14T21:02:29.356+0000][0.514s][info ][gc,heap      ] GC(0) Old regions: 2->5
[2023-11-14T21:02:29.356+0000][0.514s][info ][gc,heap      ] GC(0) Humongous regions: 2->0
[2023-11-14T21:02:29.356+0000][0.514s][info ][gc,metaspace ] GC(0) Metaspace: 1802K(5120K)->1802K(5120K) NonClass: 1649K(4608K)->1649K(4608K) Class: 153K(512K)->153K(512K)
[2023-11-14T21:02:29.356+0000][0.514s][info ][gc           ] GC(0) Pause Young (Normal) (G1 Evacuation Pause) 40M->7M(250M) 19.456ms
[2023-11-14T21:02:29.356+0000][0.514s][info ][gc,cpu       ] GC(0) User=0.03s Sys=0.01s Real=0.02s
[2023-11-14T21:02:29.356+0000][0.514s][info ][safepoint    ] Leaving safepoint region
[2023-11-14T21:02:29.356+0000][0.515s][info ][safepoint    ] Total time for which application threads were stopped: 0.0196145 seconds, Stopping threads took: 0.0000104 seconds
[2023-11-14T21:02:29.356+0000][0.515s][info ][gc,stringdedup] Concurrent String Deduplication (0.515s)
[2023-11-14T21:02:29.358+0000][0.516s][info ][gc,stringdedup] Concurrent String Deduplication 457.9K->432.0K(26488.0B) avg 3.5% (0.515s, 0.516s) 1.568ms
[2023-11-14T21:02:29.699+0000][0.857s][debug][safepoint     ] Safepoint synchronization initiated. (10 threads)
[2023-11-14T21:02:29.699+0000][0.858s][info ][safepoint     ] Application time: 0.3430103 seconds
[2023-11-14T21:02:29.699+0000][0.858s][info ][safepoint     ] Entering safepoint region: G1CollectForAllocation
[2023-11-14T21:02:29.700+0000][0.858s][info ][gc,start      ] GC(1) Pause Young (Normal) (G1 Evacuation Pause)
[2023-11-14T21:02:29.700+0000][0.858s][info ][gc,task       ] GC(1) Using 4 workers of 4 for evacuation
[2023-11-14T21:02:29.708+0000][0.866s][info ][gc,phases     ] GC(1)   Pre Evacuate Collection Set: 0.0ms
[2023-11-14T21:02:29.708+0000][0.866s][info ][gc,phases     ] GC(1)   Evacuate Collection Set: 7.7ms
[2023-11-14T21:02:29.708+0000][0.866s][info ][gc,phases     ] GC(1)   Post Evacuate Collection Set: 0.7ms
[2023-11-14T21:02:29.708+0000][0.866s][info ][gc,phases     ] GC(1)   Other: 0.2ms
[2023-11-14T21:02:29.708+0000][0.866s][info ][gc,heap       ] GC(1) Eden regions: 32->0(83)
[2023-11-14T21:02:29.708+0000][0.866s][info ][gc,heap       ] GC(1) Survivor regions: 5->2(5)
[2023-11-14T21:02:29.708+0000][0.866s][info ][gc,heap       ] GC(1) Old regions: 5->10
[2023-11-14T21:02:29.708+0000][0.866s][info ][gc,heap       ] GC(1) Humongous regions: 0->0
[2023-11-14T21:02:29.708+0000][0.866s][info ][gc,metaspace  ] GC(1) Metaspace: 2932K(5760K)->2932K(5760K) NonClass: 2666K(5120K)->2666K(5120K) Class: 265K(640K)->265K(640K)
[2023-11-14T21:02:29.708+0000][0.866s][info ][gc            ] GC(1) Pause Young (Normal) (G1 Evacuation Pause) 39M->9M(250M) 8.617ms
[2023-11-14T21:02:29.708+0000][0.866s][info ][gc,cpu        ] GC(1) User=0.03s Sys=0.00s Real=0.01s
[2023-11-14T21:02:29.708+0000][0.866s][info ][safepoint     ] Leaving safepoint region
[2023-11-14T21:02:29.708+0000][0.866s][info ][safepoint     ] Total time for which application threads were stopped: 0.0088080 seconds, Stopping threads took: 0.0000103 seconds
[2023-11-14T21:02:29.708+0000][0.866s][info ][gc,stringdedup] Concurrent String Deduplication (0.866s)
[2023-11-14T21:02:29.717+0000][0.875s][info ][gc,stringdedup] Concurrent String Deduplication 1452.4K->1375.2K(79112.0B) avg 4.7% (0.866s, 0.875s) 8.966ms
[2023-11-14T21:02:29.747+0000][0.905s][debug][safepoint     ] Safepoint synchronization initiated. (10 threads)
[2023-11-14T21:02:29.747+0000][0.905s][info ][safepoint     ] Application time: 0.0385864 seconds
[2023-11-14T21:02:29.747+0000][0.905s][info ][safepoint     ] Entering safepoint region: Deoptimize
[2023-11-14T21:02:29.747+0000][0.905s][info ][safepoint     ] Leaving safepoint region
[2023-11-14T21:02:29.747+0000][0.905s][info ][safepoint     ] Total time for which application threads were stopped: 0.0001569 seconds, Stopping threads took: 0.0000094 seconds
[2023-11-14T21:02:29.754+0000][0.912s][debug][safepoint     ] Safepoint synchronization initiated. (10 threads)
[2023-11-14T21:02:29.754+0000][0.912s][info ][safepoint     ] Application time: 0.0071075 seconds
[2023-11-14T21:02:29.754+0000][0.912s][debug][safepoint     ] Waiting for 1 thread(s) to block
[2023-11-14T21:02:29.754+0000][0.912s][info ][safepoint     ] Entering safepoint region: Deoptimize
[2023-11-14T21:02:29.754+0000][0.912s][info ][safepoint     ] Leaving safepoint region
[2023-11-14T21:02:29.754+0000][0.912s][info ][safepoint     ] Total time for which application threads were stopped: 0.0001570 seconds, Stopping threads took: 0.0000265 seconds
[2023-11-14T21:02:29.821+0000][0.979s][debug][safepoint     ] Safepoint synchronization initiated. (10 threads)
[2023-11-14T21:02:29.821+0000][0.979s][info ][safepoint     ] Application time: 0.0664407 seconds
[2023-11-14T21:02:29.821+0000][0.979s][debug][safepoint     ] Waiting for 1 thread(s) to block
[2023-11-14T21:02:29.821+0000][0.979s][info ][safepoint     ] Entering safepoint region: Deoptimize
[2023-11-14T21:02:29.821+0000][0.979s][info ][safepoint     ] Leaving safepoint region
[2023-11-14T21:02:29.821+0000][0.979s][info ][safepoint     ] Total time for which application threads were stopped: 0.0001796 seconds, Stopping threads took: 0.0000273 seconds
[2023-11-14T21:02:29.829+0000][0.987s][debug][safepoint     ] Safepoint synchronization initiated. (10 threads)
[2023-11-14T21:02:29.829+0000][0.987s][info ][safepoint     ] Application time: 0.0084586 seconds
[2023-11-14T21:02:29.829+0000][0.987s][info ][safepoint     ] Entering safepoint region: Deoptimize
[2023-11-14T21:02:29.830+0000][0.988s][info ][safepoint     ] Leaving safepoint region
[2023-11-14T21:02:29.830+0000][0.988s][info ][safepoint     ] Total time for which application threads were stopped: 0.0001692 seconds, Stopping threads took: 0.0000101 seconds
[2023-11-14T21:02:30.142+0000][1.300s][debug][safepoint     ] Safepoint synchronization initiated. (11 threads)
[2023-11-14T21:02:30.142+0000][1.300s][info ][safepoint     ] Application time: 0.3127004 seconds
[2023-11-14T21:02:30.142+0000][1.300s][debug][safepoint     ] Waiting for 1 thread(s) to block
[2023-11-14T21:02:30.142+0000][1.300s][info ][safepoint     ] Entering safepoint region: G1CollectForAllocation
[2023-11-14T21:02:30.143+0000][1.301s][info ][gc,start      ] GC(2) Pause Young (Normal) (G1 Evacuation Pause)
[2023-11-14T21:02:30.143+0000][1.301s][info ][gc,task       ] GC(2) Using 4 workers of 4 for evacuation
[2023-11-14T21:02:30.147+0000][1.305s][info ][gc,phases     ] GC(2)   Pre Evacuate Collection Set: 0.0ms
[2023-11-14T21:02:30.147+0000][1.305s][info ][gc,phases     ] GC(2)   Evacuate Collection Set: 3.5ms
[2023-11-14T21:02:30.147+0000][1.305s][info ][gc,phases     ] GC(2)   Post Evacuate Collection Set: 1.2ms
[2023-11-14T21:02:30.147+0000][1.305s][info ][gc,phases     ] GC(2)   Other: 0.2ms
[2023-11-14T21:02:30.147+0000][1.305s][info ][gc,heap       ] GC(2) Eden regions: 83->0(146)
[2023-11-14T21:02:30.147+0000][1.305s][info ][gc,heap       ] GC(2) Survivor regions: 2->2(11)
[2023-11-14T21:02:30.147+0000][1.305s][info ][gc,heap       ] GC(2) Old regions: 10->10
[2023-11-14T21:02:30.147+0000][1.305s][info ][gc,heap       ] GC(2) Humongous regions: 0->0
[2023-11-14T21:02:30.147+0000][1.305s][info ][gc,metaspace  ] GC(2) Metaspace: 5663K(7808K)->5663K(7808K) NonClass: 5037K(6912K)->5037K(6912K) Class: 625K(896K)->625K(896K)
[2023-11-14T21:02:30.147+0000][1.305s][info ][gc            ] GC(2) Pause Young (Normal) (G1 Evacuation Pause) 92M->10M(250M) 4.875ms
[2023-11-14T21:02:30.147+0000][1.305s][info ][gc,cpu        ] GC(2) User=0.02s Sys=0.00s Real=0.00s
[2023-11-14T21:02:30.147+0000][1.305s][info ][safepoint     ] Leaving safepoint region
[2023-11-14T21:02:30.147+0000][1.305s][info ][safepoint     ] Total time for which application threads were stopped: 0.0051081 seconds, Stopping threads took: 0.0000263 seconds
[2023-11-14T21:02:30.780+0000][1.938s][debug][safepoint     ] Safepoint synchronization initiated. (11 threads)
[2023-11-14T21:02:30.780+0000][1.938s][info ][safepoint     ] Application time: 0.6329530 seconds
[2023-11-14T21:02:30.780+0000][1.938s][info ][safepoint     ] Entering safepoint region: G1CollectForAllocation
[2023-11-14T21:02:30.781+0000][1.939s][info ][gc,start      ] GC(3) Pause Young (Normal) (G1 Evacuation Pause)
[2023-11-14T21:02:30.781+0000][1.939s][info ][gc,task       ] GC(3) Using 4 workers of 4 for evacuation
[2023-11-14T21:02:30.787+0000][1.945s][info ][gc,phases     ] GC(3)   Pre Evacuate Collection Set: 0.0ms
[2023-11-14T21:02:30.787+0000][1.945s][info ][gc,phases     ] GC(3)   Evacuate Collection Set: 4.5ms
[2023-11-14T21:02:30.787+0000][1.945s][info ][gc,phases     ] GC(3)   Post Evacuate Collection Set: 1.4ms
[2023-11-14T21:02:30.787+0000][1.945s][info ][gc,phases     ] GC(3)   Other: 0.1ms
[2023-11-14T21:02:30.787+0000][1.945s][info ][gc,heap       ] GC(3) Eden regions: 146->0(144)
[2023-11-14T21:02:30.787+0000][1.945s][info ][gc,heap       ] GC(3) Survivor regions: 2->4(19)
[2023-11-14T21:02:30.787+0000][1.945s][info ][gc,heap       ] GC(3) Old regions: 10->10
[2023-11-14T21:02:30.787+0000][1.945s][info ][gc,heap       ] GC(3) Humongous regions: 0->0
[2023-11-14T21:02:30.787+0000][1.945s][info ][gc,metaspace  ] GC(3) Metaspace: 10576K(11776K)->10576K(11776K) NonClass: 9273K(10240K)->9273K(10240K) Class: 1302K(1536K)->1302K(1536K)
[2023-11-14T21:02:30.787+0000][1.945s][info ][gc            ] GC(3) Pause Young (Normal) (G1 Evacuation Pause) 156M->11M(250M) 6.145ms
[2023-11-14T21:02:30.787+0000][1.945s][info ][gc,cpu        ] GC(3) User=0.02s Sys=0.00s Real=0.00s
[2023-11-14T21:02:30.787+0000][1.945s][info ][safepoint     ] Leaving safepoint region
[2023-11-14T21:02:30.787+0000][1.945s][info ][safepoint     ] Total time for which application threads were stopped: 0.0063446 seconds, Stopping threads took: 0.0000079 seconds
[2023-11-14T21:02:30.787+0000][1.945s][info ][gc,stringdedup] Concurrent String Deduplication (1.945s)
[2023-11-14T21:02:30.788+0000][1.946s][info ][gc,stringdedup] Concurrent String Deduplication 286.6K->207.1K(81456.0B) avg 7.4% (1.945s, 1.946s) 1.052ms
[2023-11-14T21:02:30.931+0000][2.089s][debug][safepoint     ] Safepoint synchronization initiated. (11 threads)
[2023-11-14T21:02:30.931+0000][2.090s][info ][safepoint     ] Application time: 0.1447169 seconds
[2023-11-14T21:02:30.931+0000][2.090s][debug][safepoint     ] Waiting for 1 thread(s) to block
[2023-11-14T21:02:30.931+0000][2.090s][info ][safepoint     ] Entering safepoint region: Deoptimize
[2023-11-14T21:02:30.932+0000][2.090s][info ][safepoint     ] Leaving safepoint region
[2023-11-14T21:02:30.932+0000][2.090s][info ][safepoint     ] Total time for which application threads were stopped: 0.0003185 seconds, Stopping threads took: 0.0000285 seconds
[2023-11-14T21:02:31.091+0000][2.249s][debug][safepoint     ] Safepoint synchronization initiated. (11 threads)
[2023-11-14T21:02:31.091+0000][2.249s][info ][safepoint     ] Application time: 0.1593100 seconds
[2023-11-14T21:02:31.091+0000][2.249s][info ][safepoint     ] Entering safepoint region: ICBufferFull
[2023-11-14T21:02:31.091+0000][2.249s][info ][safepoint     ] Leaving safepoint region
[2023-11-14T21:02:31.091+0000][2.249s][info ][safepoint     ] Total time for which application threads were stopped: 0.0001391 seconds, Stopping threads took: 0.0000097 seconds
[2023-11-14T21:02:31.291+0000][2.449s][debug][safepoint     ] Safepoint synchronization initiated. (12 threads)
[2023-11-14T21:02:31.291+0000][2.449s][info ][safepoint     ] Application time: 0.1997726 seconds
[2023-11-14T21:02:31.291+0000][2.449s][debug][safepoint     ] Waiting for 1 thread(s) to block
[2023-11-14T21:02:31.291+0000][2.449s][info ][safepoint     ] Entering safepoint region: G1CollectForAllocation
[2023-11-14T21:02:31.291+0000][2.449s][info ][gc,start      ] GC(4) Pause Young (Normal) (G1 Evacuation Pause)
[2023-11-14T21:02:31.291+0000][2.449s][info ][gc,task       ] GC(4) Using 4 workers of 4 for evacuation
[2023-11-14T21:02:31.300+0000][2.458s][info ][gc,phases     ] GC(4)   Pre Evacuate Collection Set: 0.0ms
[2023-11-14T21:02:31.300+0000][2.458s][info ][gc,phases     ] GC(4)   Evacuate Collection Set: 6.6ms
[2023-11-14T21:02:31.300+0000][2.458s][info ][gc,phases     ] GC(4)   Post Evacuate Collection Set: 2.2ms
[2023-11-14T21:02:31.300+0000][2.458s][info ][gc,phases     ] GC(4)   Other: 0.1ms
[2023-11-14T21:02:31.300+0000][2.458s][info ][gc,heap       ] GC(4) Eden regions: 144->0(180)
[2023-11-14T21:02:31.300+0000][2.458s][info ][gc,heap       ] GC(4) Survivor regions: 4->6(19)
[2023-11-14T21:02:31.300+0000][2.458s][info ][gc,heap       ] GC(4) Old regions: 10->10
[2023-11-14T21:02:31.300+0000][2.458s][info ][gc,heap       ] GC(4) Humongous regions: 0->0
[2023-11-14T21:02:31.300+0000][2.458s][info ][gc,metaspace  ] GC(4) Metaspace: 15060K(16000K)->15060K(16000K) NonClass: 13171K(13824K)->13171K(13824K) Class: 1889K(2176K)->1889K(2176K)
[2023-11-14T21:02:31.300+0000][2.458s][info ][gc            ] GC(4) Pause Young (Normal) (G1 Evacuation Pause) 155M->14M(326M) 9.046ms
[2023-11-14T21:02:31.300+0000][2.458s][info ][gc,cpu        ] GC(4) User=0.03s Sys=0.00s Real=0.01s
[2023-11-14T21:02:31.300+0000][2.458s][info ][safepoint     ] Leaving safepoint region
[2023-11-14T21:02:31.300+0000][2.458s][info ][safepoint     ] Total time for which application threads were stopped: 0.0092405 seconds, Stopping threads took: 0.0000360 seconds
[2023-11-14T21:02:31.300+0000][2.458s][info ][gc,stringdedup] Concurrent String Deduplication (2.458s)
[2023-11-14T21:02:31.301+0000][2.459s][info ][gc,stringdedup] Concurrent String Deduplication 102.9K->27472.0B(77936.0B) avg 10.1% (2.458s, 2.459s) 0.942ms
[2023-11-14T21:02:31.499+0000][2.657s][debug][safepoint     ] Safepoint synchronization initiated. (12 threads)
[2023-11-14T21:02:31.499+0000][2.657s][info ][safepoint     ] Application time: 0.1983238 seconds
[2023-11-14T21:02:31.499+0000][2.657s][debug][safepoint     ] ... found polling page loop exception at pc = 0x00007fe180346f01, stub =0x00007fe17883ab00
[2023-11-14T21:02:31.499+0000][2.657s][debug][safepoint     ] Waiting for 2 thread(s) to block
[2023-11-14T21:02:31.499+0000][2.657s][info ][safepoint     ] Entering safepoint region: Deoptimize
[2023-11-14T21:02:31.499+0000][2.657s][info ][safepoint     ] Leaving safepoint region
[2023-11-14T21:02:31.499+0000][2.657s][info ][safepoint     ] Total time for which application threads were stopped: 0.0003568 seconds, Stopping threads took: 0.0000844 seconds
[2023-11-14T21:02:31.548+0000][2.706s][debug][safepoint     ] Safepoint synchronization initiated. (12 threads)
[2023-11-14T21:02:31.548+0000][2.706s][info ][safepoint     ] Application time: 0.0490930 seconds
[2023-11-14T21:02:31.548+0000][2.706s][debug][safepoint     ] Waiting for 2 thread(s) to block
[2023-11-14T21:02:31.548+0000][2.706s][info ][safepoint     ] Entering safepoint region: Deoptimize
[2023-11-14T21:02:31.548+0000][2.706s][info ][safepoint     ] Leaving safepoint region
[2023-11-14T21:02:31.548+0000][2.706s][info ][safepoint     ] Total time for which application threads were stopped: 0.0003070 seconds, Stopping threads took: 0.0000437 seconds
[2023-11-14T21:02:31.801+0000][2.959s][debug][safepoint     ] Safepoint synchronization initiated. (12 threads)
[2023-11-14T21:02:31.801+0000][2.959s][info ][safepoint     ] Application time: 0.2524819 seconds
[2023-11-14T21:02:31.801+0000][2.959s][debug][safepoint     ] Waiting for 2 thread(s) to block
[2023-11-14T21:02:31.801+0000][2.959s][info ][safepoint     ] Entering safepoint region: G1CollectForAllocation
[2023-11-14T21:02:31.801+0000][2.959s][info ][gc,start      ] GC(5) Pause Young (Normal) (G1 Evacuation Pause)
[2023-11-14T21:02:31.801+0000][2.959s][info ][gc,task       ] GC(5) Using 4 workers of 4 for evacuation
[2023-11-14T21:02:31.813+0000][2.971s][info ][gc,phases     ] GC(5)   Pre Evacuate Collection Set: 0.0ms
[2023-11-14T21:02:31.813+0000][2.971s][info ][gc,phases     ] GC(5)   Evacuate Collection Set: 11.0ms
[2023-11-14T21:02:31.813+0000][2.971s][info ][gc,phases     ] GC(5)   Post Evacuate Collection Set: 1.1ms
[2023-11-14T21:02:31.813+0000][2.971s][info ][gc,phases     ] GC(5)   Other: 0.2ms
[2023-11-14T21:02:31.813+0000][2.971s][info ][gc,heap       ] GC(5) Eden regions: 180->0(186)
[2023-11-14T21:02:31.813+0000][2.971s][info ][gc,heap       ] GC(5) Survivor regions: 6->9(24)
[2023-11-14T21:02:31.813+0000][2.971s][info ][gc,heap       ] GC(5) Old regions: 10->10
[2023-11-14T21:02:31.813+0000][2.971s][info ][gc,heap       ] GC(5) Humongous regions: 0->0
[2023-11-14T21:02:31.813+0000][2.971s][info ][gc,metaspace  ] GC(5) Metaspace: 20411K(21248K)->20411K(21248K) NonClass: 17854K(18432K)->17854K(18432K) Class: 2556K(2816K)->2556K(2816K)
[2023-11-14T21:02:31.813+0000][2.971s][info ][gc            ] GC(5) Pause Young (Normal) (G1 Evacuation Pause) 194M->16M(326M) 12.339ms
[2023-11-14T21:02:31.813+0000][2.971s][info ][gc,cpu        ] GC(5) User=0.05s Sys=0.00s Real=0.01s
[2023-11-14T21:02:31.813+0000][2.971s][info ][safepoint     ] Leaving safepoint region
[2023-11-14T21:02:31.813+0000][2.971s][info ][safepoint     ] Total time for which application threads were stopped: 0.0124890 seconds, Stopping threads took: 0.0000348 seconds
[2023-11-14T21:02:31.813+0000][2.971s][info ][gc,stringdedup] Concurrent String Deduplication (2.971s)
[2023-11-14T21:02:31.814+0000][2.972s][info ][gc,stringdedup] Concurrent String Deduplication 149.0K->54216.0B(98344.0B) avg 13.0% (2.971s, 2.972s) 0.738ms
[2023-11-14T21:02:31.825+0000][2.983s][debug][safepoint     ] Safepoint synchronization initiated. (12 threads)
[2023-11-14T21:02:31.825+0000][2.984s][info ][safepoint     ] Application time: 0.0120656 seconds
[2023-11-14T21:02:31.825+0000][2.984s][debug][safepoint     ] ... found polling page return exception at pc = 0x00007fe1802e50eb, stub =0x00007fe17883a800
[2023-11-14T21:02:31.826+0000][2.984s][debug][safepoint     ] Waiting for 3 thread(s) to block
[2023-11-14T21:02:31.826+0000][2.984s][info ][safepoint     ] Entering safepoint region: CollectForMetadataAllocation
[2023-11-14T21:02:31.826+0000][2.984s][info ][gc,start      ] GC(6) Pause Young (Concurrent Start) (Metadata GC Threshold)
[2023-11-14T21:02:31.826+0000][2.984s][info ][gc,task       ] GC(6) Using 4 workers of 4 for evacuation
[2023-11-14T21:02:31.837+0000][2.995s][info ][gc,phases     ] GC(6)   Pre Evacuate Collection Set: 0.0ms
[2023-11-14T21:02:31.837+0000][2.995s][info ][gc,phases     ] GC(6)   Evacuate Collection Set: 9.6ms
[2023-11-14T21:02:31.837+0000][2.995s][info ][gc,phases     ] GC(6)   Post Evacuate Collection Set: 1.2ms
[2023-11-14T21:02:31.837+0000][2.995s][info ][gc,phases     ] GC(6)   Other: 0.2ms
[2023-11-14T21:02:31.837+0000][2.995s][info ][gc,heap       ] GC(6) Eden regions: 4->0(186)
[2023-11-14T21:02:31.837+0000][2.995s][info ][gc,heap       ] GC(6) Survivor regions: 9->9(25)
[2023-11-14T21:02:31.837+0000][2.995s][info ][gc,heap       ] GC(6) Old regions: 10->10
[2023-11-14T21:02:31.837+0000][2.995s][info ][gc,heap       ] GC(6) Humongous regions: 0->0
[2023-11-14T21:02:31.837+0000][2.995s][info ][gc,metaspace  ] GC(6) Metaspace: 20537K(21248K)->20537K(21248K) NonClass: 17965K(18432K)->17965K(18432K) Class: 2572K(2816K)->2572K(2816K)
[2023-11-14T21:02:31.837+0000][2.995s][info ][gc            ] GC(6) Pause Young (Concurrent Start) (Metadata GC Threshold) 19M->16M(326M) 11.153ms
[2023-11-14T21:02:31.837+0000][2.995s][info ][gc,cpu        ] GC(6) User=0.04s Sys=0.00s Real=0.01s
[2023-11-14T21:02:31.837+0000][2.995s][info ][gc            ] GC(7) Concurrent Cycle
[2023-11-14T21:02:31.837+0000][2.995s][info ][safepoint     ] Leaving safepoint region
[2023-11-14T21:02:31.837+0000][2.995s][info ][gc,marking    ] GC(7) Concurrent Clear Claimed Marks
[2023-11-14T21:02:31.837+0000][2.995s][info ][safepoint     ] Total time for which application threads were stopped: 0.0114574 seconds, Stopping threads took: 0.0001101 seconds
[2023-11-14T21:02:31.837+0000][2.995s][info ][gc,marking    ] GC(7) Concurrent Clear Claimed Marks 0.067ms
[2023-11-14T21:02:31.837+0000][2.995s][info ][gc,marking    ] GC(7) Concurrent Scan Root Regions
[2023-11-14T21:02:31.837+0000][2.995s][info ][gc,stringdedup] Concurrent String Deduplication (2.995s)
[2023-11-14T21:02:31.838+0000][2.996s][info ][gc,stringdedup] Concurrent String Deduplication 191.7K->117.0K(76472.0B) avg 14.7% (2.995s, 2.996s) 1.205ms
[2023-11-14T21:02:31.842+0000][3.000s][info ][gc,marking    ] GC(7) Concurrent Scan Root Regions 4.994ms
[2023-11-14T21:02:31.842+0000][3.000s][info ][gc,marking    ] GC(7) Concurrent Mark (3.000s)
[2023-11-14T21:02:31.842+0000][3.000s][info ][gc,marking    ] GC(7) Concurrent Mark From Roots
[2023-11-14T21:02:31.842+0000][3.000s][info ][gc,task       ] GC(7) Using 1 workers of 1 for marking
[2023-11-14T21:02:31.859+0000][3.017s][debug][safepoint     ] Safepoint synchronization initiated. (12 threads)
[2023-11-14T21:02:31.859+0000][3.017s][info ][safepoint     ] Application time: 0.0220705 seconds
[2023-11-14T21:02:31.859+0000][3.017s][info ][safepoint     ] Entering safepoint region: CollectForMetadataAllocation
[2023-11-14T21:02:31.859+0000][3.017s][info ][safepoint     ] Leaving safepoint region
[2023-11-14T21:02:31.859+0000][3.017s][info ][safepoint     ] Total time for which application threads were stopped: 0.0001063 seconds, Stopping threads took: 0.0000101 seconds
[2023-11-14T21:02:31.860+0000][3.018s][info ][gc,marking    ] GC(7) Concurrent Mark From Roots 18.006ms
[2023-11-14T21:02:31.860+0000][3.018s][info ][gc,marking    ] GC(7) Concurrent Preclean
[2023-11-14T21:02:31.860+0000][3.018s][debug][safepoint     ] Safepoint synchronization initiated. (12 threads)
[2023-11-14T21:02:31.860+0000][3.018s][info ][safepoint     ] Application time: 0.0009553 seconds
[2023-11-14T21:02:31.860+0000][3.018s][debug][safepoint     ] Waiting for 1 thread(s) to block
[2023-11-14T21:02:31.860+0000][3.018s][info ][safepoint     ] Entering safepoint region: CollectForMetadataAllocation
[2023-11-14T21:02:31.860+0000][3.018s][info ][safepoint     ] Leaving safepoint region
[2023-11-14T21:02:31.860+0000][3.018s][info ][safepoint     ] Total time for which application threads were stopped: 0.0002794 seconds, Stopping threads took: 0.0002199 seconds
[2023-11-14T21:02:31.860+0000][3.019s][info ][gc,marking    ] GC(7) Concurrent Preclean 0.401ms
[2023-11-14T21:02:31.861+0000][3.019s][info ][gc,marking    ] GC(7) Concurrent Mark (3.000s, 3.019s) 18.470ms
[2023-11-14T21:02:31.861+0000][3.019s][debug][safepoint     ] Safepoint synchronization initiated. (12 threads)
[2023-11-14T21:02:31.861+0000][3.019s][info ][safepoint     ] Application time: 0.0001285 seconds
[2023-11-14T21:02:31.861+0000][3.019s][debug][safepoint     ] Waiting for 2 thread(s) to block
[2023-11-14T21:02:31.861+0000][3.019s][info ][safepoint     ] Entering safepoint region: CGC_Operation
[2023-11-14T21:02:31.861+0000][3.019s][info ][gc,start      ] GC(7) Pause Remark
[2023-11-14T21:02:31.864+0000][3.022s][info ][gc,stringtable] GC(7) Cleaned string and symbol table, strings: 7644 processed, 7 removed, symbols: 55769 processed, 111 removed
[2023-11-14T21:02:31.865+0000][3.023s][info ][gc            ] GC(7) Pause Remark 21M->21M(326M) 3.949ms
[2023-11-14T21:02:31.865+0000][3.023s][info ][gc,cpu        ] GC(7) User=0.01s Sys=0.00s Real=0.00s
[2023-11-14T21:02:31.865+0000][3.023s][info ][safepoint     ] Leaving safepoint region
[2023-11-14T21:02:31.865+0000][3.023s][info ][safepoint     ] Total time for which application threads were stopped: 0.0040468 seconds, Stopping threads took: 0.0000305 seconds
[2023-11-14T21:02:31.865+0000][3.023s][info ][gc,marking    ] GC(7) Concurrent Rebuild Remembered Sets
[2023-11-14T21:02:31.882+0000][3.040s][info ][gc,marking    ] GC(7) Concurrent Rebuild Remembered Sets 17.069ms
[2023-11-14T21:02:31.882+0000][3.040s][debug][safepoint     ] Safepoint synchronization initiated. (12 threads)
[2023-11-14T21:02:31.882+0000][3.040s][info ][safepoint     ] Application time: 0.0171608 seconds
[2023-11-14T21:02:31.882+0000][3.040s][debug][safepoint     ] ... found polling page return exception at pc = 0x00007fe180340bf5, stub =0x00007fe17883a800
[2023-11-14T21:02:31.882+0000][3.040s][debug][safepoint     ] Waiting for 2 thread(s) to block
[2023-11-14T21:02:31.882+0000][3.040s][info ][safepoint     ] Entering safepoint region: CGC_Operation
[2023-11-14T21:02:31.882+0000][3.040s][info ][gc,start      ] GC(7) Pause Cleanup
[2023-11-14T21:02:31.882+0000][3.040s][info ][gc            ] GC(7) Pause Cleanup 25M->25M(326M) 0.153ms
[2023-11-14T21:02:31.882+0000][3.040s][info ][gc,cpu        ] GC(7) User=0.00s Sys=0.00s Real=0.00s
[2023-11-14T21:02:31.882+0000][3.040s][info ][safepoint     ] Leaving safepoint region
[2023-11-14T21:02:31.882+0000][3.040s][info ][safepoint     ] Total time for which application threads were stopped: 0.0003245 seconds, Stopping threads took: 0.0000992 seconds
[2023-11-14T21:02:31.882+0000][3.040s][info ][gc,marking    ] GC(7) Concurrent Cleanup for Next Mark
[2023-11-14T21:02:31.884+0000][3.043s][info ][gc,marking    ] GC(7) Concurrent Cleanup for Next Mark 2.326ms
[2023-11-14T21:02:31.884+0000][3.043s][info ][gc            ] GC(7) Concurrent Cycle 47.592ms
[2023-11-14T21:02:31.990+0000][3.148s][debug][safepoint     ] Safepoint synchronization initiated. (12 threads)
[2023-11-14T21:02:31.990+0000][3.148s][info ][safepoint     ] Application time: 0.1075787 seconds
[2023-11-14T21:02:31.990+0000][3.148s][debug][safepoint     ] ... found polling page return exception at pc = 0x00007fe180384d93, stub =0x00007fe17883a800
[2023-11-14T21:02:31.990+0000][3.148s][debug][safepoint     ] Waiting for 2 thread(s) to block
[2023-11-14T21:02:31.990+0000][3.148s][info ][safepoint     ] Entering safepoint region: Deoptimize
[2023-11-14T21:02:31.990+0000][3.148s][info ][safepoint     ] Leaving safepoint region
[2023-11-14T21:02:31.990+0000][3.148s][info ][safepoint     ] Total time for which application threads were stopped: 0.0004018 seconds, Stopping threads took: 0.0001069 seconds
[2023-11-14T21:02:32.547+0000][3.705s][debug][safepoint     ] Safepoint synchronization initiated. (11 threads)
[2023-11-14T21:02:32.547+0000][3.705s][info ][safepoint     ] Application time: 0.5565337 seconds
[2023-11-14T21:02:32.547+0000][3.705s][info ][safepoint     ] Entering safepoint region: G1CollectForAllocation
[2023-11-14T21:02:32.547+0000][3.705s][info ][gc,start      ] GC(8) Pause Young (Concurrent Start) (G1 Evacuation Pause)
[2023-11-14T21:02:32.547+0000][3.705s][info ][gc,task       ] GC(8) Using 4 workers of 4 for evacuation
[2023-11-14T21:02:32.568+0000][3.726s][info ][gc,phases     ] GC(8)   Pre Evacuate Collection Set: 0.1ms
[2023-11-14T21:02:32.568+0000][3.726s][info ][gc,phases     ] GC(8)   Evacuate Collection Set: 19.2ms
[2023-11-14T21:02:32.568+0000][3.726s][info ][gc,phases     ] GC(8)   Post Evacuate Collection Set: 1.4ms
[2023-11-14T21:02:32.568+0000][3.726s][info ][gc,phases     ] GC(8)   Other: 0.2ms
[2023-11-14T21:02:32.568+0000][3.726s][info ][gc,heap       ] GC(8) Eden regions: 186->0(182)
[2023-11-14T21:02:32.568+0000][3.726s][info ][gc,heap       ] GC(8) Survivor regions: 9->13(25)
[2023-11-14T21:02:32.568+0000][3.726s][info ][gc,heap       ] GC(8) Old regions: 10->10
[2023-11-14T21:02:32.568+0000][3.726s][info ][gc,heap       ] GC(8) Humongous regions: 0->0
[2023-11-14T21:02:32.568+0000][3.726s][info ][gc,metaspace  ] GC(8) Metaspace: 24036K(24956K)->24036K(24956K) NonClass: 21002K(21504K)->21002K(21504K) Class: 3033K(3452K)->3033K(3452K)
[2023-11-14T21:02:32.568+0000][3.726s][info ][gc            ] GC(8) Pause Young (Concurrent Start) (G1 Evacuation Pause) 202M->21M(326M) 20.977ms
[2023-11-14T21:02:32.568+0000][3.726s][info ][gc,cpu        ] GC(8) User=0.06s Sys=0.01s Real=0.03s
[2023-11-14T21:02:32.568+0000][3.726s][info ][safepoint     ] Leaving safepoint region
[2023-11-14T21:02:32.568+0000][3.726s][info ][safepoint     ] Total time for which application threads were stopped: 0.0211982 seconds, Stopping threads took: 0.0000095 seconds
[2023-11-14T21:02:32.568+0000][3.726s][info ][gc            ] GC(9) Concurrent Cycle
[2023-11-14T21:02:32.568+0000][3.726s][info ][gc,marking    ] GC(9) Concurrent Clear Claimed Marks
[2023-11-14T21:02:32.568+0000][3.726s][info ][gc,stringdedup] Concurrent String Deduplication (3.726s)
[2023-11-14T21:02:32.568+0000][3.726s][info ][gc,marking    ] GC(9) Concurrent Clear Claimed Marks 0.036ms
[2023-11-14T21:02:32.568+0000][3.726s][info ][gc,marking    ] GC(9) Concurrent Scan Root Regions
[2023-11-14T21:02:32.571+0000][3.729s][info ][gc,stringdedup] Concurrent String Deduplication 870.1K->750.2K(119.9K) avg 14.5% (3.726s, 3.729s) 2.928ms
[2023-11-14T21:02:32.576+0000][3.734s][info ][gc,marking    ] GC(9) Concurrent Scan Root Regions 7.676ms
[2023-11-14T21:02:32.576+0000][3.734s][info ][gc,marking    ] GC(9) Concurrent Mark (3.734s)
[2023-11-14T21:02:32.576+0000][3.734s][info ][gc,marking    ] GC(9) Concurrent Mark From Roots
[2023-11-14T21:02:32.576+0000][3.734s][info ][gc,task       ] GC(9) Using 1 workers of 1 for marking
[2023-11-14T21:02:32.586+0000][3.744s][info ][gc,marking    ] GC(9) Concurrent Mark From Roots 10.629ms
[2023-11-14T21:02:32.586+0000][3.744s][info ][gc,marking    ] GC(9) Concurrent Preclean
[2023-11-14T21:02:32.586+0000][3.744s][info ][gc,marking    ] GC(9) Concurrent Preclean 0.057ms
[2023-11-14T21:02:32.586+0000][3.744s][info ][gc,marking    ] GC(9) Concurrent Mark (3.734s, 3.744s) 10.748ms
[2023-11-14T21:02:32.586+0000][3.744s][debug][safepoint     ] Safepoint synchronization initiated. (11 threads)
[2023-11-14T21:02:32.586+0000][3.744s][info ][safepoint     ] Application time: 0.0185830 seconds
[2023-11-14T21:02:32.586+0000][3.745s][debug][safepoint     ] Waiting for 2 thread(s) to block
[2023-11-14T21:02:32.586+0000][3.745s][info ][safepoint     ] Entering safepoint region: CGC_Operation
[2023-11-14T21:02:32.587+0000][3.745s][info ][gc,start      ] GC(9) Pause Remark
[2023-11-14T21:02:32.591+0000][3.750s][info ][gc,stringtable] GC(9) Cleaned string and symbol table, strings: 8861 processed, 0 removed, symbols: 61913 processed, 7 removed
[2023-11-14T21:02:32.592+0000][3.750s][info ][gc            ] GC(9) Pause Remark 25M->25M(326M) 5.169ms
[2023-11-14T21:02:32.592+0000][3.750s][info ][gc,cpu        ] GC(9) User=0.02s Sys=0.00s Real=0.01s
[2023-11-14T21:02:32.592+0000][3.750s][info ][safepoint     ] Leaving safepoint region
[2023-11-14T21:02:32.592+0000][3.750s][info ][safepoint     ] Total time for which application threads were stopped: 0.0053006 seconds, Stopping threads took: 0.0000311 seconds
[2023-11-14T21:02:32.592+0000][3.750s][info ][gc,marking    ] GC(9) Concurrent Rebuild Remembered Sets
[2023-11-14T21:02:32.600+0000][3.758s][info ][gc,marking    ] GC(9) Concurrent Rebuild Remembered Sets 8.085ms
[2023-11-14T21:02:32.600+0000][3.758s][debug][safepoint     ] Safepoint synchronization initiated. (11 threads)
[2023-11-14T21:02:32.600+0000][3.758s][info ][safepoint     ] Application time: 0.0081670 seconds
[2023-11-14T21:02:32.600+0000][3.758s][debug][safepoint     ] Waiting for 1 thread(s) to block
[2023-11-14T21:02:32.600+0000][3.758s][info ][safepoint     ] Entering safepoint region: CGC_Operation
[2023-11-14T21:02:32.600+0000][3.758s][info ][gc,start      ] GC(9) Pause Cleanup
[2023-11-14T21:02:32.600+0000][3.758s][info ][gc            ] GC(9) Pause Cleanup 27M->27M(326M) 0.117ms
[2023-11-14T21:02:32.600+0000][3.758s][info ][gc,cpu        ] GC(9) User=0.00s Sys=0.00s Real=0.00s
[2023-11-14T21:02:32.600+0000][3.758s][info ][safepoint     ] Leaving safepoint region
[2023-11-14T21:02:32.600+0000][3.758s][info ][safepoint     ] Total time for which application threads were stopped: 0.0002200 seconds, Stopping threads took: 0.0000268 seconds
[2023-11-14T21:02:32.600+0000][3.758s][info ][gc,marking    ] GC(9) Concurrent Cleanup for Next Mark
[2023-11-14T21:02:32.606+0000][3.764s][info ][gc,marking    ] GC(9) Concurrent Cleanup for Next Mark 5.519ms
[2023-11-14T21:02:32.606+0000][3.764s][info ][gc            ] GC(9) Concurrent Cycle 37.889ms
[2023-11-14T21:02:33.259+0000][4.417s][debug][safepoint     ] Safepoint synchronization initiated. (11 threads)
[2023-11-14T21:02:33.259+0000][4.417s][info ][safepoint     ] Application time: 0.6590502 seconds
[2023-11-14T21:02:33.259+0000][4.417s][info ][safepoint     ] Entering safepoint region: G1CollectForAllocation
[2023-11-14T21:02:33.259+0000][4.417s][info ][gc,start      ] GC(10) Pause Young (Normal) (G1 Evacuation Pause)
[2023-11-14T21:02:33.259+0000][4.417s][info ][gc,task       ] GC(10) Using 4 workers of 4 for evacuation
[2023-11-14T21:02:33.277+0000][4.435s][info ][gc,phases     ] GC(10)   Pre Evacuate Collection Set: 0.0ms
[2023-11-14T21:02:33.277+0000][4.435s][info ][gc,phases     ] GC(10)   Evacuate Collection Set: 14.4ms
[2023-11-14T21:02:33.277+0000][4.435s][info ][gc,phases     ] GC(10)   Post Evacuate Collection Set: 2.6ms
[2023-11-14T21:02:33.277+0000][4.435s][info ][gc,phases     ] GC(10)   Other: 0.1ms
[2023-11-14T21:02:33.277+0000][4.435s][info ][gc,heap       ] GC(10) Eden regions: 182->0(229)
[2023-11-14T21:02:33.277+0000][4.435s][info ][gc,heap       ] GC(10) Survivor regions: 13->17(25)
[2023-11-14T21:02:33.277+0000][4.435s][info ][gc,heap       ] GC(10) Old regions: 10->10
[2023-11-14T21:02:33.277+0000][4.435s][info ][gc,heap       ] GC(10) Humongous regions: 0->0
[2023-11-14T21:02:33.277+0000][4.435s][info ][gc,metaspace  ] GC(10) Metaspace: 24609K(25468K)->24609K(25468K) NonClass: 21516K(22016K)->21516K(22016K) Class: 3092K(3452K)->3092K(3452K)
[2023-11-14T21:02:33.277+0000][4.435s][info ][gc            ] GC(10) Pause Young (Normal) (G1 Evacuation Pause) 203M->25M(411M) 17.293ms
[2023-11-14T21:02:33.277+0000][4.435s][info ][gc,cpu        ] GC(10) User=0.06s Sys=0.01s Real=0.02s
[2023-11-14T21:02:33.277+0000][4.435s][info ][safepoint     ] Leaving safepoint region
[2023-11-14T21:02:33.277+0000][4.435s][info ][safepoint     ] Total time for which application threads were stopped: 0.0174761 seconds, Stopping threads took: 0.0000093 seconds
[2023-11-14T21:02:33.277+0000][4.435s][info ][gc,stringdedup] Concurrent String Deduplication (4.435s)
[2023-11-14T21:02:33.277+0000][4.435s][info ][gc,stringdedup] Concurrent String Deduplication 2384.0B->432.0B(1952.0B) avg 14.6% (4.435s, 4.435s) 0.043ms
[2023-11-14T21:02:33.740+0000][4.898s][debug][safepoint     ] Safepoint synchronization initiated. (12 threads)
[2023-11-14T21:02:33.740+0000][4.898s][info ][safepoint     ] Application time: 0.4628930 seconds
[2023-11-14T21:02:33.740+0000][4.898s][debug][safepoint     ] ... found polling page loop exception at pc = 0x00007fe18042e411, stub =0x00007fe17883ab00
[2023-11-14T21:02:33.740+0000][4.898s][debug][safepoint     ] Waiting for 1 thread(s) to block
[2023-11-14T21:02:33.740+0000][4.898s][info ][safepoint     ] Entering safepoint region: G1CollectForAllocation
[2023-11-14T21:02:33.740+0000][4.898s][info ][gc,start      ] GC(11) Pause Young (Normal) (G1 Evacuation Pause)
[2023-11-14T21:02:33.740+0000][4.898s][info ][gc,task       ] GC(11) Using 4 workers of 4 for evacuation
[2023-11-14T21:02:33.758+0000][4.916s][info ][gc,phases     ] GC(11)   Pre Evacuate Collection Set: 0.0ms
[2023-11-14T21:02:33.758+0000][4.916s][info ][gc,phases     ] GC(11)   Evacuate Collection Set: 15.7ms
[2023-11-14T21:02:33.758+0000][4.916s][info ][gc,phases     ] GC(11)   Post Evacuate Collection Set: 1.8ms
[2023-11-14T21:02:33.758+0000][4.916s][info ][gc,phases     ] GC(11)   Other: 0.2ms
[2023-11-14T21:02:33.758+0000][4.916s][info ][gc,heap       ] GC(11) Eden regions: 229->0(227)
[2023-11-14T21:02:33.758+0000][4.916s][info ][gc,heap       ] GC(11) Survivor regions: 17->19(31)
[2023-11-14T21:02:33.758+0000][4.916s][info ][gc,heap       ] GC(11) Old regions: 10->10
[2023-11-14T21:02:33.758+0000][4.916s][info ][gc,heap       ] GC(11) Humongous regions: 0->0
[2023-11-14T21:02:33.758+0000][4.916s][info ][gc,metaspace  ] GC(11) Metaspace: 26226K(27388K)->26226K(27388K) NonClass: 23003K(23808K)->23003K(23808K) Class: 3222K(3580K)->3222K(3580K)
[2023-11-14T21:02:33.758+0000][4.916s][info ][gc            ] GC(11) Pause Young (Normal) (G1 Evacuation Pause) 254M->27M(411M) 17.826ms
[2023-11-14T21:02:33.758+0000][4.916s][info ][gc,cpu        ] GC(11) User=0.06s Sys=0.00s Real=0.01s
[2023-11-14T21:02:33.758+0000][4.916s][info ][safepoint     ] Leaving safepoint region
[2023-11-14T21:02:33.758+0000][4.916s][info ][safepoint     ] Total time for which application threads were stopped: 0.0180442 seconds, Stopping threads took: 0.0000751 seconds
[2023-11-14T21:02:33.758+0000][4.916s][info ][gc,stringdedup] Concurrent String Deduplication (4.916s)
[2023-11-14T21:02:33.763+0000][4.922s][info ][gc,stringdedup] Concurrent String Deduplication 1458.0K->762.0K(696.0K) avg 23.8% (4.916s, 4.922s) 5.738ms
[2023-11-14T21:02:34.160+0000][5.318s][debug][safepoint     ] Safepoint synchronization initiated. (11 threads)
[2023-11-14T21:02:34.160+0000][5.318s][info ][safepoint     ] Application time: 0.4020905 seconds
[2023-11-14T21:02:34.160+0000][5.318s][debug][safepoint     ] Waiting for 1 thread(s) to block
[2023-11-14T21:02:34.160+0000][5.318s][info ][safepoint     ] Entering safepoint region: G1CollectForAllocation
[2023-11-14T21:02:34.160+0000][5.318s][info ][gc,start      ] GC(12) Pause Young (Normal) (G1 Evacuation Pause)
[2023-11-14T21:02:34.160+0000][5.318s][info ][gc,task       ] GC(12) Using 4 workers of 4 for evacuation
[2023-11-14T21:02:34.182+0000][5.340s][info ][gc,phases     ] GC(12)   Pre Evacuate Collection Set: 0.0ms
[2023-11-14T21:02:34.182+0000][5.340s][info ][gc,phases     ] GC(12)   Evacuate Collection Set: 20.5ms
[2023-11-14T21:02:34.182+0000][5.340s][info ][gc,phases     ] GC(12)   Post Evacuate Collection Set: 1.7ms
[2023-11-14T21:02:34.182+0000][5.340s][info ][gc,phases     ] GC(12)   Other: 0.2ms
[2023-11-14T21:02:34.182+0000][5.340s][info ][gc,heap       ] GC(12) Eden regions: 227->0(229)
[2023-11-14T21:02:34.182+0000][5.340s][info ][gc,heap       ] GC(12) Survivor regions: 19->17(31)
[2023-11-14T21:02:34.182+0000][5.340s][info ][gc,heap       ] GC(12) Old regions: 10->13
[2023-11-14T21:02:34.182+0000][5.340s][info ][gc,heap       ] GC(12) Humongous regions: 0->0
[2023-11-14T21:02:34.182+0000][5.340s][info ][gc,metaspace  ] GC(12) Metaspace: 29159K(30332K)->29159K(30332K) NonClass: 25629K(26368K)->25629K(26368K) Class: 3529K(3964K)->3529K(3964K)
[2023-11-14T21:02:34.182+0000][5.340s][info ][gc            ] GC(12) Pause Young (Normal) (G1 Evacuation Pause) 254M->27M(411M) 22.474ms
[2023-11-14T21:02:34.182+0000][5.340s][info ][gc,cpu        ] GC(12) User=0.06s Sys=0.00s Real=0.02s
[2023-11-14T21:02:34.182+0000][5.341s][info ][safepoint     ] Leaving safepoint region
[2023-11-14T21:02:34.182+0000][5.341s][info ][safepoint     ] Total time for which application threads were stopped: 0.0226790 seconds, Stopping threads took: 0.0000282 seconds
[2023-11-14T21:02:34.182+0000][5.341s][info ][gc,stringdedup] Concurrent String Deduplication (5.341s)
[2023-11-14T21:02:34.187+0000][5.345s][info ][gc,stringdedup] Concurrent String Deduplication 1171.8K->344.5K(827.3K) avg 32.3% (5.341s, 5.345s) 4.703ms
[2023-11-14T21:02:34.672+0000][5.830s][debug][safepoint     ] Safepoint synchronization initiated. (11 threads)
[2023-11-14T21:02:34.672+0000][5.830s][info ][safepoint     ] Application time: 0.4894969 seconds
[2023-11-14T21:02:34.672+0000][5.830s][debug][safepoint     ] ... found polling page loop exception at pc = 0x00007fe180439e45, stub =0x00007fe17883ab00
[2023-11-14T21:02:34.672+0000][5.830s][debug][safepoint     ] Waiting for 1 thread(s) to block
[2023-11-14T21:02:34.672+0000][5.830s][info ][safepoint     ] Entering safepoint region: ICBufferFull
[2023-11-14T21:02:34.672+0000][5.830s][info ][safepoint     ] Leaving safepoint region
[2023-11-14T21:02:34.672+0000][5.830s][info ][safepoint     ] Total time for which application threads were stopped: 0.0002315 seconds, Stopping threads took: 0.0000695 seconds
[2023-11-14T21:02:34.696+0000][5.854s][debug][safepoint     ] Safepoint synchronization initiated. (11 threads)
[2023-11-14T21:02:34.696+0000][5.854s][info ][safepoint     ] Application time: 0.0241403 seconds
[2023-11-14T21:02:34.696+0000][5.854s][info ][safepoint     ] Entering safepoint region: Deoptimize
[2023-11-14T21:02:34.697+0000][5.855s][info ][safepoint     ] Leaving safepoint region
[2023-11-14T21:02:34.697+0000][5.855s][info ][safepoint     ] Total time for which application threads were stopped: 0.0004809 seconds, Stopping threads took: 0.0000097 seconds
[2023-11-14T21:02:34.789+0000][5.947s][debug][safepoint     ] Safepoint synchronization initiated. (11 threads)
[2023-11-14T21:02:34.789+0000][5.947s][info ][safepoint     ] Application time: 0.0922355 seconds
[2023-11-14T21:02:34.789+0000][5.947s][debug][safepoint     ] Waiting for 1 thread(s) to block
[2023-11-14T21:02:34.789+0000][5.947s][info ][safepoint     ] Entering safepoint region: G1CollectForAllocation
[2023-11-14T21:02:34.789+0000][5.947s][info ][gc,start      ] GC(13) Pause Young (Normal) (G1 Evacuation Pause)
[2023-11-14T21:02:34.789+0000][5.947s][info ][gc,task       ] GC(13) Using 4 workers of 4 for evacuation
[2023-11-14T21:02:34.804+0000][5.962s][info ][gc,phases     ] GC(13)   Pre Evacuate Collection Set: 0.0ms
[2023-11-14T21:02:34.804+0000][5.962s][info ][gc,phases     ] GC(13)   Evacuate Collection Set: 13.3ms
[2023-11-14T21:02:34.804+0000][5.962s][info ][gc,phases     ] GC(13)   Post Evacuate Collection Set: 1.3ms
[2023-11-14T21:02:34.804+0000][5.962s][info ][gc,phases     ] GC(13)   Other: 0.2ms
[2023-11-14T21:02:34.804+0000][5.962s][info ][gc,heap       ] GC(13) Eden regions: 229->0(231)
[2023-11-14T21:02:34.804+0000][5.962s][info ][gc,heap       ] GC(13) Survivor regions: 17->15(31)
[2023-11-14T21:02:34.804+0000][5.962s][info ][gc,heap       ] GC(13) Old regions: 13->15
[2023-11-14T21:02:34.804+0000][5.962s][info ][gc,heap       ] GC(13) Humongous regions: 0->0
[2023-11-14T21:02:34.804+0000][5.962s][info ][gc,metaspace  ] GC(13) Metaspace: 32762K(34044K)->32762K(34044K) NonClass: 28812K(29696K)->28812K(29696K) Class: 3949K(4348K)->3949K(4348K)
[2023-11-14T21:02:34.804+0000][5.962s][info ][gc            ] GC(13) Pause Young (Normal) (G1 Evacuation Pause) 256M->28M(411M) 14.872ms
[2023-11-14T21:02:34.804+0000][5.962s][info ][gc,cpu        ] GC(13) User=0.04s Sys=0.00s Real=0.01s
[2023-11-14T21:02:34.804+0000][5.962s][info ][safepoint     ] Leaving safepoint region
[2023-11-14T21:02:34.804+0000][5.962s][info ][safepoint     ] Total time for which application threads were stopped: 0.0150150 seconds, Stopping threads took: 0.0000265 seconds
[2023-11-14T21:02:34.804+0000][5.962s][info ][gc,stringdedup] Concurrent String Deduplication (5.962s)
[2023-11-14T21:02:34.808+0000][5.966s][info ][gc,stringdedup] Concurrent String Deduplication 1189.9K->263.5K(926.5K) avg 39.5% (5.962s, 5.966s) 3.879ms
[2023-11-14T21:02:35.053+0000][6.211s][debug][safepoint     ] Safepoint synchronization initiated. (11 threads)
[2023-11-14T21:02:35.053+0000][6.211s][info ][safepoint     ] Application time: 0.2490144 seconds
[2023-11-14T21:02:35.053+0000][6.211s][debug][safepoint     ] Waiting for 1 thread(s) to block
[2023-11-14T21:02:35.053+0000][6.211s][info ][safepoint     ] Entering safepoint region: Deoptimize
[2023-11-14T21:02:35.054+0000][6.212s][info ][safepoint     ] Leaving safepoint region
[2023-11-14T21:02:35.054+0000][6.212s][info ][safepoint     ] Total time for which application threads were stopped: 0.0004305 seconds, Stopping threads took: 0.0000275 seconds
[2023-11-14T21:02:35.296+0000][6.454s][debug][safepoint     ] Safepoint synchronization initiated. (11 threads)
[2023-11-14T21:02:35.296+0000][6.454s][info ][safepoint     ] Application time: 0.2426274 seconds
[2023-11-14T21:02:35.296+0000][6.454s][debug][safepoint     ] Waiting for 1 thread(s) to block
[2023-11-14T21:02:35.296+0000][6.454s][info ][safepoint     ] Entering safepoint region: Deoptimize
[2023-11-14T21:02:35.297+0000][6.455s][info ][safepoint     ] Leaving safepoint region
[2023-11-14T21:02:35.297+0000][6.455s][info ][safepoint     ] Total time for which application threads were stopped: 0.0004374 seconds, Stopping threads took: 0.0000265 seconds
[2023-11-14T21:02:35.303+0000][6.461s][debug][safepoint     ] Safepoint synchronization initiated. (11 threads)
[2023-11-14T21:02:35.303+0000][6.461s][info ][safepoint     ] Application time: 0.0062772 seconds
[2023-11-14T21:02:35.303+0000][6.461s][debug][safepoint     ] Waiting for 1 thread(s) to block
[2023-11-14T21:02:35.303+0000][6.461s][info ][safepoint     ] Entering safepoint region: Deoptimize
[2023-11-14T21:02:35.303+0000][6.461s][info ][safepoint     ] Leaving safepoint region
[2023-11-14T21:02:35.303+0000][6.461s][info ][safepoint     ] Total time for which application threads were stopped: 0.0004167 seconds, Stopping threads took: 0.0000276 seconds
[2023-11-14T21:02:35.318+0000][6.476s][debug][safepoint     ] Safepoint synchronization initiated. (11 threads)
[2023-11-14T21:02:35.318+0000][6.476s][info ][safepoint     ] Application time: 0.0149560 seconds
[2023-11-14T21:02:35.318+0000][6.476s][debug][safepoint     ] Waiting for 1 thread(s) to block
[2023-11-14T21:02:35.318+0000][6.476s][info ][safepoint     ] Entering safepoint region: Deoptimize
[2023-11-14T21:02:35.319+0000][6.477s][info ][safepoint     ] Leaving safepoint region
[2023-11-14T21:02:35.319+0000][6.477s][info ][safepoint     ] Total time for which application threads were stopped: 0.0004183 seconds, Stopping threads took: 0.0000272 seconds
[2023-11-14T21:02:35.339+0000][6.497s][debug][safepoint     ] Safepoint synchronization initiated. (11 threads)
[2023-11-14T21:02:35.339+0000][6.497s][info ][safepoint     ] Application time: 0.0200689 seconds
[2023-11-14T21:02:35.339+0000][6.497s][debug][safepoint     ] Waiting for 1 thread(s) to block
[2023-11-14T21:02:35.339+0000][6.497s][info ][safepoint     ] Entering safepoint region: Deoptimize
[2023-11-14T21:02:35.339+0000][6.497s][info ][safepoint     ] Leaving safepoint region
[2023-11-14T21:02:35.339+0000][6.497s][info ][safepoint     ] Total time for which application threads were stopped: 0.0004187 seconds, Stopping threads took: 0.0000265 seconds
[2023-11-14T21:02:35.384+0000][6.543s][debug][safepoint     ] Safepoint synchronization initiated. (11 threads)
[2023-11-14T21:02:35.384+0000][6.543s][info ][safepoint     ] Application time: 0.0452260 seconds
[2023-11-14T21:02:35.384+0000][6.543s][debug][safepoint     ] Waiting for 1 thread(s) to block
[2023-11-14T21:02:35.385+0000][6.543s][info ][safepoint     ] Entering safepoint region: G1CollectForAllocation
[2023-11-14T21:02:35.385+0000][6.543s][info ][gc,start      ] GC(14) Pause Young (Normal) (G1 Evacuation Pause)
[2023-11-14T21:02:35.385+0000][6.543s][info ][gc,task       ] GC(14) Using 4 workers of 4 for evacuation
[2023-11-14T21:02:35.401+0000][6.559s][info ][gc,phases     ] GC(14)   Pre Evacuate Collection Set: 0.0ms
[2023-11-14T21:02:35.401+0000][6.559s][info ][gc,phases     ] GC(14)   Evacuate Collection Set: 12.6ms
[2023-11-14T21:02:35.401+0000][6.559s][info ][gc,phases     ] GC(14)   Post Evacuate Collection Set: 3.4ms
[2023-11-14T21:02:35.401+0000][6.559s][info ][gc,phases     ] GC(14)   Other: 0.2ms
[2023-11-14T21:02:35.401+0000][6.559s][info ][gc,heap       ] GC(14) Eden regions: 231->0(291)
[2023-11-14T21:02:35.401+0000][6.559s][info ][gc,heap       ] GC(14) Survivor regions: 15->15(31)
[2023-11-14T21:02:35.401+0000][6.559s][info ][gc,heap       ] GC(14) Old regions: 15->15
[2023-11-14T21:02:35.401+0000][6.559s][info ][gc,heap       ] GC(14) Humongous regions: 0->0
[2023-11-14T21:02:35.401+0000][6.559s][info ][gc,metaspace  ] GC(14) Metaspace: 35089K(36348K)->35089K(36348K) NonClass: 30846K(31744K)->30846K(31744K) Class: 4242K(4604K)->4242K(4604K)
[2023-11-14T21:02:35.401+0000][6.559s][info ][gc            ] GC(14) Pause Young (Normal) (G1 Evacuation Pause) 259M->28M(526M) 16.333ms
[2023-11-14T21:02:35.401+0000][6.559s][info ][gc,cpu        ] GC(14) User=0.05s Sys=0.00s Real=0.02s
[2023-11-14T21:02:35.401+0000][6.559s][info ][safepoint     ] Leaving safepoint region
[2023-11-14T21:02:35.401+0000][6.559s][info ][safepoint     ] Total time for which application threads were stopped: 0.0164756 seconds, Stopping threads took: 0.0000274 seconds
[2023-11-14T21:02:35.401+0000][6.559s][info ][gc,stringdedup] Concurrent String Deduplication (6.559s)
[2023-11-14T21:02:35.401+0000][6.560s][info ][gc,stringdedup] Concurrent String Deduplication 83488.0B->17440.0B(66048.0B) avg 39.9% (6.559s, 6.560s) 0.438ms
[2023-11-14T21:02:35.575+0000][6.733s][debug][safepoint     ] Safepoint synchronization initiated. (11 threads)
[2023-11-14T21:02:35.575+0000][6.733s][info ][safepoint     ] Application time: 0.1736069 seconds
[2023-11-14T21:02:35.575+0000][6.733s][info ][safepoint     ] Entering safepoint region: Deoptimize
[2023-11-14T21:02:35.575+0000][6.733s][info ][safepoint     ] Leaving safepoint region
[2023-11-14T21:02:35.575+0000][6.733s][info ][safepoint     ] Total time for which application threads were stopped: 0.0006231 seconds, Stopping threads took: 0.0000155 seconds
[2023-11-14T21:02:35.607+0000][6.765s][debug][safepoint     ] Safepoint synchronization initiated. (10 threads)
[2023-11-14T21:02:35.607+0000][6.765s][info ][safepoint     ] Application time: 0.0320212 seconds
[2023-11-14T21:02:35.607+0000][6.765s][info ][safepoint     ] Entering safepoint region: Deoptimize
[2023-11-14T21:02:35.608+0000][6.766s][info ][safepoint     ] Leaving safepoint region
[2023-11-14T21:02:35.608+0000][6.766s][info ][safepoint     ] Total time for which application threads were stopped: 0.0005739 seconds, Stopping threads took: 0.0000154 seconds
[2023-11-14T21:02:35.943+0000][7.101s][debug][safepoint     ] Safepoint synchronization initiated. (11 threads)
[2023-11-14T21:02:35.943+0000][7.101s][info ][safepoint     ] Application time: 0.3355527 seconds
[2023-11-14T21:02:35.943+0000][7.101s][debug][safepoint     ] Waiting for 1 thread(s) to block
[2023-11-14T21:02:35.943+0000][7.102s][info ][safepoint     ] Entering safepoint region: ICBufferFull
[2023-11-14T21:02:35.944+0000][7.102s][info ][safepoint     ] Leaving safepoint region
[2023-11-14T21:02:35.944+0000][7.102s][info ][safepoint     ] Total time for which application threads were stopped: 0.0002084 seconds, Stopping threads took: 0.0000416 seconds
[2023-11-14T21:02:36.273+0000][7.431s][debug][safepoint     ] Safepoint synchronization initiated. (11 threads)
[2023-11-14T21:02:36.273+0000][7.431s][info ][safepoint     ] Application time: 0.3294152 seconds
[2023-11-14T21:02:36.273+0000][7.431s][info ][safepoint     ] Entering safepoint region: ICBufferFull
[2023-11-14T21:02:36.273+0000][7.431s][info ][safepoint     ] Leaving safepoint region
[2023-11-14T21:02:36.273+0000][7.431s][info ][safepoint     ] Total time for which application threads were stopped: 0.0001884 seconds, Stopping threads took: 0.0000094 seconds
[2023-11-14T21:02:36.329+0000][7.487s][debug][safepoint     ] Safepoint synchronization initiated. (11 threads)
[2023-11-14T21:02:36.329+0000][7.487s][info ][safepoint     ] Application time: 0.0553073 seconds
[2023-11-14T21:02:36.329+0000][7.487s][info ][safepoint     ] Entering safepoint region: G1CollectForAllocation
[2023-11-14T21:02:36.329+0000][7.487s][info ][gc,start      ] GC(15) Pause Young (Normal) (G1 Evacuation Pause)
[2023-11-14T21:02:36.329+0000][7.487s][info ][gc,task       ] GC(15) Using 4 workers of 4 for evacuation
[2023-11-14T21:02:36.351+0000][7.510s][info ][gc,phases     ] GC(15)   Pre Evacuate Collection Set: 0.0ms
[2023-11-14T21:02:36.352+0000][7.510s][info ][gc,phases     ] GC(15)   Evacuate Collection Set: 18.7ms
[2023-11-14T21:02:36.352+0000][7.510s][info ][gc,phases     ] GC(15)   Post Evacuate Collection Set: 3.9ms
[2023-11-14T21:02:36.352+0000][7.510s][info ][gc,phases     ] GC(15)   Other: 0.2ms
[2023-11-14T21:02:36.352+0000][7.510s][info ][gc,heap       ] GC(15) Eden regions: 291->0(297)
[2023-11-14T21:02:36.352+0000][7.510s][info ][gc,heap       ] GC(15) Survivor regions: 15->18(39)
[2023-11-14T21:02:36.352+0000][7.510s][info ][gc,heap       ] GC(15) Old regions: 15->15
[2023-11-14T21:02:36.352+0000][7.510s][info ][gc,heap       ] GC(15) Humongous regions: 0->0
[2023-11-14T21:02:36.352+0000][7.510s][info ][gc,metaspace  ] GC(15) Metaspace: 39183K(40316K)->39183K(40316K) NonClass: 34384K(35072K)->34384K(35072K) Class: 4798K(5244K)->4798K(5244K)
[2023-11-14T21:02:36.352+0000][7.510s][info ][gc            ] GC(15) Pause Young (Normal) (G1 Evacuation Pause) 319M->30M(526M) 22.892ms
[2023-11-14T21:02:36.352+0000][7.510s][info ][gc,cpu        ] GC(15) User=0.09s Sys=0.00s Real=0.02s
[2023-11-14T21:02:36.352+0000][7.510s][info ][safepoint     ] Leaving safepoint region
[2023-11-14T21:02:36.352+0000][7.510s][info ][safepoint     ] Total time for which application threads were stopped: 0.0230158 seconds, Stopping threads took: 0.0000102 seconds
[2023-11-14T21:02:36.352+0000][7.510s][info ][gc,stringdedup] Concurrent String Deduplication (7.510s)
[2023-11-14T21:02:36.353+0000][7.511s][info ][gc,stringdedup] Concurrent String Deduplication 379.1K->163.2K(216.0K) avg 40.7% (7.510s, 7.511s) 1.671ms
[2023-11-14T21:02:36.957+0000][8.115s][debug][safepoint     ] Safepoint synchronization initiated. (11 threads)
[2023-11-14T21:02:36.957+0000][8.115s][info ][safepoint     ] Application time: 0.6050823 seconds
[2023-11-14T21:02:36.957+0000][8.115s][debug][safepoint     ] Waiting for 1 thread(s) to block
[2023-11-14T21:02:36.957+0000][8.115s][info ][safepoint     ] Entering safepoint region: CollectForMetadataAllocation
[2023-11-14T21:02:36.957+0000][8.115s][info ][gc,start      ] GC(16) Pause Young (Concurrent Start) (Metadata GC Threshold)
[2023-11-14T21:02:36.957+0000][8.115s][info ][gc,task       ] GC(16) Using 4 workers of 4 for evacuation
[2023-11-14T21:02:36.994+0000][8.152s][info ][gc,phases     ] GC(16)   Pre Evacuate Collection Set: 0.1ms
[2023-11-14T21:02:36.994+0000][8.152s][info ][gc,phases     ] GC(16)   Evacuate Collection Set: 34.8ms
[2023-11-14T21:02:36.994+0000][8.152s][info ][gc,phases     ] GC(16)   Post Evacuate Collection Set: 1.9ms
[2023-11-14T21:02:36.994+0000][8.152s][info ][gc,phases     ] GC(16)   Other: 0.2ms
[2023-11-14T21:02:36.994+0000][8.152s][info ][gc,heap       ] GC(16) Eden regions: 115->0(296)
[2023-11-14T21:02:36.994+0000][8.152s][info ][gc,heap       ] GC(16) Survivor regions: 18->19(40)
[2023-11-14T21:02:36.994+0000][8.152s][info ][gc,heap       ] GC(16) Old regions: 15->15
[2023-11-14T21:02:36.994+0000][8.152s][info ][gc,heap       ] GC(16) Humongous regions: 0->0
[2023-11-14T21:02:36.994+0000][8.152s][info ][gc,metaspace  ] GC(16) Metaspace: 40516K(41596K)->40516K(41596K) NonClass: 35519K(36224K)->35519K(36224K) Class: 4996K(5372K)->4996K(5372K)
[2023-11-14T21:02:36.994+0000][8.152s][info ][gc            ] GC(16) Pause Young (Concurrent Start) (Metadata GC Threshold) 145M->31M(526M) 37.144ms
[2023-11-14T21:02:36.994+0000][8.152s][info ][gc,cpu        ] GC(16) User=0.09s Sys=0.00s Real=0.04s
[2023-11-14T21:02:36.994+0000][8.152s][info ][gc            ] GC(17) Concurrent Cycle
[2023-11-14T21:02:36.994+0000][8.152s][info ][safepoint     ] Leaving safepoint region
[2023-11-14T21:02:36.994+0000][8.152s][info ][gc,marking    ] GC(17) Concurrent Clear Claimed Marks
[2023-11-14T21:02:36.994+0000][8.152s][info ][safepoint     ] Total time for which application threads were stopped: 0.0374155 seconds, Stopping threads took: 0.0000277 seconds
[2023-11-14T21:02:36.994+0000][8.152s][info ][gc,marking    ] GC(17) Concurrent Clear Claimed Marks 0.089ms
[2023-11-14T21:02:36.994+0000][8.152s][info ][gc,marking    ] GC(17) Concurrent Scan Root Regions
[2023-11-14T21:02:36.994+0000][8.152s][info ][gc,stringdedup] Concurrent String Deduplication (8.152s)
[2023-11-14T21:02:36.996+0000][8.154s][info ][gc,stringdedup] Concurrent String Deduplication 320.6K->151.2K(169.4K) avg 41.1% (8.152s, 8.154s) 1.738ms
[2023-11-14T21:02:37.005+0000][8.163s][info ][gc,marking    ] GC(17) Concurrent Scan Root Regions 11.142ms
[2023-11-14T21:02:37.005+0000][8.163s][info ][gc,marking    ] GC(17) Concurrent Mark (8.163s)
[2023-11-14T21:02:37.005+0000][8.163s][info ][gc,marking    ] GC(17) Concurrent Mark From Roots
[2023-11-14T21:02:37.005+0000][8.163s][info ][gc,task       ] GC(17) Using 1 workers of 1 for marking
[2023-11-14T21:02:37.029+0000][8.188s][info ][gc,marking    ] GC(17) Concurrent Mark From Roots 24.030ms
[2023-11-14T21:02:37.029+0000][8.188s][info ][gc,marking    ] GC(17) Concurrent Preclean
[2023-11-14T21:02:37.030+0000][8.188s][info ][gc,marking    ] GC(17) Concurrent Preclean 0.061ms
[2023-11-14T21:02:37.030+0000][8.188s][info ][gc,marking    ] GC(17) Concurrent Mark (8.163s, 8.188s) 24.156ms
[2023-11-14T21:02:37.030+0000][8.188s][debug][safepoint     ] Safepoint synchronization initiated. (11 threads)
[2023-11-14T21:02:37.030+0000][8.188s][info ][safepoint     ] Application time: 0.0354533 seconds
[2023-11-14T21:02:37.032+0000][8.190s][debug][safepoint     ] ... found polling page loop exception at pc = 0x00007fe18042e411, stub =0x00007fe17883ab00
[2023-11-14T21:02:37.032+0000][8.190s][debug][safepoint     ] Waiting for 1 thread(s) to block
[2023-11-14T21:02:37.032+0000][8.190s][info ][safepoint     ] Entering safepoint region: CGC_Operation
[2023-11-14T21:02:37.032+0000][8.190s][info ][gc,start      ] GC(17) Pause Remark
[2023-11-14T21:02:37.039+0000][8.197s][info ][gc,stringtable] GC(17) Cleaned string and symbol table, strings: 14309 processed, 19 removed, symbols: 140551 processed, 332 removed
[2023-11-14T21:02:37.039+0000][8.197s][info ][gc            ] GC(17) Pause Remark 39M->39M(526M) 7.173ms
[2023-11-14T21:02:37.039+0000][8.197s][info ][gc,cpu        ] GC(17) User=0.02s Sys=0.00s Real=0.00s
[2023-11-14T21:02:37.039+0000][8.197s][info ][safepoint     ] Leaving safepoint region
[2023-11-14T21:02:37.039+0000][8.197s][info ][safepoint     ] Total time for which application threads were stopped: 0.0097556 seconds, Stopping threads took: 0.0024869 seconds
[2023-11-14T21:02:37.039+0000][8.197s][info ][gc,marking    ] GC(17) Concurrent Rebuild Remembered Sets
[2023-11-14T21:02:37.052+0000][8.210s][info ][gc,marking    ] GC(17) Concurrent Rebuild Remembered Sets 12.423ms
[2023-11-14T21:02:37.052+0000][8.210s][debug][safepoint     ] Safepoint synchronization initiated. (11 threads)
[2023-11-14T21:02:37.052+0000][8.210s][info ][safepoint     ] Application time: 0.0125106 seconds
[2023-11-14T21:02:37.052+0000][8.210s][info ][safepoint     ] Entering safepoint region: CGC_Operation
[2023-11-14T21:02:37.052+0000][8.210s][info ][gc,start      ] GC(17) Pause Cleanup
[2023-11-14T21:02:37.052+0000][8.210s][info ][gc            ] GC(17) Pause Cleanup 42M->42M(526M) 0.136ms
[2023-11-14T21:02:37.052+0000][8.210s][info ][gc,cpu        ] GC(17) User=0.01s Sys=0.00s Real=0.00s
[2023-11-14T21:02:37.052+0000][8.210s][info ][safepoint     ] Leaving safepoint region
[2023-11-14T21:02:37.052+0000][8.210s][info ][safepoint     ] Total time for which application threads were stopped: 0.0002353 seconds, Stopping threads took: 0.0000098 seconds
[2023-11-14T21:02:37.052+0000][8.210s][info ][gc,marking    ] GC(17) Concurrent Cleanup for Next Mark
[2023-11-14T21:02:37.054+0000][8.212s][info ][gc,marking    ] GC(17) Concurrent Cleanup for Next Mark 1.693ms
[2023-11-14T21:02:37.054+0000][8.212s][info ][gc            ] GC(17) Concurrent Cycle 59.806ms
[2023-11-14T21:02:37.205+0000][8.363s][debug][safepoint     ] Safepoint synchronization initiated. (11 threads)
[2023-11-14T21:02:37.205+0000][8.364s][info ][safepoint     ] Application time: 0.1533106 seconds
[2023-11-14T21:02:37.205+0000][8.364s][info ][safepoint     ] Entering safepoint region: Deoptimize
[2023-11-14T21:02:37.206+0000][8.364s][info ][safepoint     ] Leaving safepoint region
[2023-11-14T21:02:37.206+0000][8.364s][info ][safepoint     ] Total time for which application threads were stopped: 0.0004587 seconds, Stopping threads took: 0.0000089 seconds
[2023-11-14T21:02:37.219+0000][8.378s][debug][safepoint     ] Safepoint synchronization initiated. (11 threads)
[2023-11-14T21:02:37.220+0000][8.378s][info ][safepoint     ] Application time: 0.0135801 seconds
[2023-11-14T21:02:37.220+0000][8.378s][debug][safepoint     ] Waiting for 1 thread(s) to block
[2023-11-14T21:02:37.220+0000][8.378s][info ][safepoint     ] Entering safepoint region: Deoptimize
[2023-11-14T21:02:37.220+0000][8.378s][info ][safepoint     ] Leaving safepoint region
[2023-11-14T21:02:37.220+0000][8.378s][info ][safepoint     ] Total time for which application threads were stopped: 0.0006468 seconds, Stopping threads took: 0.0000275 seconds
[2023-11-14T21:02:37.241+0000][8.399s][debug][safepoint     ] Safepoint synchronization initiated. (11 threads)
[2023-11-14T21:02:37.241+0000][8.399s][info ][safepoint     ] Application time: 0.0205521 seconds
[2023-11-14T21:02:37.241+0000][8.399s][info ][safepoint     ] Entering safepoint region: Deoptimize
[2023-11-14T21:02:37.241+0000][8.399s][info ][safepoint     ] Leaving safepoint region
[2023-11-14T21:02:37.241+0000][8.399s][info ][safepoint     ] Total time for which application threads were stopped: 0.0004420 seconds, Stopping threads took: 0.0000089 seconds
[2023-11-14T21:02:37.500+0000][8.658s][debug][safepoint     ] Safepoint synchronization initiated. (11 threads)
[2023-11-14T21:02:37.500+0000][8.658s][info ][safepoint     ] Application time: 0.2591709 seconds
[2023-11-14T21:02:37.500+0000][8.658s][debug][safepoint     ] Waiting for 1 thread(s) to block
[2023-11-14T21:02:37.500+0000][8.658s][info ][safepoint     ] Entering safepoint region: Deoptimize
[2023-11-14T21:02:37.501+0000][8.659s][info ][safepoint     ] Leaving safepoint region
[2023-11-14T21:02:37.501+0000][8.659s][info ][safepoint     ] Total time for which application threads were stopped: 0.0005265 seconds, Stopping threads took: 0.0000296 seconds
[2023-11-14T21:02:37.502+0000][8.660s][debug][safepoint     ] Safepoint synchronization initiated. (11 threads)
[2023-11-14T21:02:37.502+0000][8.660s][info ][safepoint     ] Application time: 0.0008083 seconds
[2023-11-14T21:02:37.502+0000][8.660s][debug][safepoint     ] Waiting for 1 thread(s) to block
[2023-11-14T21:02:37.502+0000][8.660s][info ][safepoint     ] Entering safepoint region: Deoptimize
[2023-11-14T21:02:37.502+0000][8.660s][info ][safepoint     ] Leaving safepoint region
[2023-11-14T21:02:37.502+0000][8.660s][info ][safepoint     ] Total time for which application threads were stopped: 0.0004245 seconds, Stopping threads took: 0.0000231 seconds
[2023-11-14T21:02:37.569+0000][8.727s][debug][safepoint     ] Safepoint synchronization initiated. (11 threads)
[2023-11-14T21:02:37.569+0000][8.727s][info ][safepoint     ] Application time: 0.0667174 seconds
[2023-11-14T21:02:37.569+0000][8.727s][debug][safepoint     ] Waiting for 1 thread(s) to block
[2023-11-14T21:02:37.569+0000][8.727s][info ][safepoint     ] Entering safepoint region: Deoptimize
[2023-11-14T21:02:37.569+0000][8.727s][info ][safepoint     ] Leaving safepoint region
[2023-11-14T21:02:37.569+0000][8.727s][info ][safepoint     ] Total time for which application threads were stopped: 0.0004885 seconds, Stopping threads took: 0.0000268 seconds
[2023-11-14T21:02:37.856+0000][9.014s][debug][safepoint     ] Safepoint synchronization initiated. (11 threads)
[2023-11-14T21:02:37.856+0000][9.014s][info ][safepoint     ] Application time: 0.2866517 seconds
[2023-11-14T21:02:37.856+0000][9.014s][debug][safepoint     ] Waiting for 1 thread(s) to block
[2023-11-14T21:02:37.856+0000][9.014s][info ][safepoint     ] Entering safepoint region: Deoptimize
[2023-11-14T21:02:37.857+0000][9.015s][info ][safepoint     ] Leaving safepoint region
[2023-11-14T21:02:37.857+0000][9.015s][info ][safepoint     ] Total time for which application threads were stopped: 0.0005366 seconds, Stopping threads took: 0.0000271 seconds
[2023-11-14T21:02:37.857+0000][9.015s][debug][safepoint     ] Safepoint synchronization initiated. (11 threads)
[2023-11-14T21:02:37.857+0000][9.015s][info ][safepoint     ] Application time: 0.0005742 seconds
[2023-11-14T21:02:37.857+0000][9.015s][debug][safepoint     ] Waiting for 1 thread(s) to block
[2023-11-14T21:02:37.857+0000][9.015s][info ][safepoint     ] Entering safepoint region: Deoptimize
[2023-11-14T21:02:37.858+0000][9.016s][info ][safepoint     ] Leaving safepoint region
[2023-11-14T21:02:37.858+0000][9.016s][info ][safepoint     ] Total time for which application threads were stopped: 0.0003503 seconds, Stopping threads took: 0.0000223 seconds
[2023-11-14T21:02:38.020+0000][9.178s][debug][safepoint     ] Safepoint synchronization initiated. (11 threads)
[2023-11-14T21:02:38.020+0000][9.178s][info ][safepoint     ] Application time: 0.1626130 seconds
[2023-11-14T21:02:38.020+0000][9.178s][debug][safepoint     ] Waiting for 1 thread(s) to block
[2023-11-14T21:02:38.020+0000][9.178s][info ][safepoint     ] Entering safepoint region: Deoptimize
[2023-11-14T21:02:38.021+0000][9.179s][info ][safepoint     ] Leaving safepoint region
[2023-11-14T21:02:38.021+0000][9.179s][info ][safepoint     ] Total time for which application threads were stopped: 0.0005717 seconds, Stopping threads took: 0.0000289 seconds
[2023-11-14T21:02:38.176+0000][9.334s][debug][safepoint     ] Safepoint synchronization initiated. (11 threads)
[2023-11-14T21:02:38.176+0000][9.334s][info ][safepoint     ] Application time: 0.1552473 seconds
[2023-11-14T21:02:38.176+0000][9.334s][info ][safepoint     ] Entering safepoint region: Deoptimize
[2023-11-14T21:02:38.176+0000][9.335s][info ][safepoint     ] Leaving safepoint region
[2023-11-14T21:02:38.177+0000][9.335s][info ][safepoint     ] Total time for which application threads were stopped: 0.0005084 seconds, Stopping threads took: 0.0000083 seconds
[2023-11-14T21:02:38.375+0000][9.533s][debug][safepoint     ] Safepoint synchronization initiated. (11 threads)
[2023-11-14T21:02:38.375+0000][9.533s][info ][safepoint     ] Application time: 0.1982868 seconds
[2023-11-14T21:02:38.375+0000][9.533s][info ][safepoint     ] Entering safepoint region: G1CollectForAllocation
[2023-11-14T21:02:38.375+0000][9.533s][info ][gc,start      ] GC(18) Pause Young (Normal) (G1 Evacuation Pause)
[2023-11-14T21:02:38.375+0000][9.533s][info ][gc,task       ] GC(18) Using 4 workers of 4 for evacuation
[2023-11-14T21:02:38.403+0000][9.561s][info ][gc,phases     ] GC(18)   Pre Evacuate Collection Set: 0.0ms
[2023-11-14T21:02:38.403+0000][9.561s][info ][gc,phases     ] GC(18)   Evacuate Collection Set: 23.8ms
[2023-11-14T21:02:38.403+0000][9.561s][info ][gc,phases     ] GC(18)   Post Evacuate Collection Set: 3.6ms
[2023-11-14T21:02:38.403+0000][9.561s][info ][gc,phases     ] GC(18)   Other: 0.2ms
[2023-11-14T21:02:38.403+0000][9.561s][info ][gc,heap       ] GC(18) Eden regions: 296->0(295)
[2023-11-14T21:02:38.403+0000][9.561s][info ][gc,heap       ] GC(18) Survivor regions: 19->20(40)
[2023-11-14T21:02:38.403+0000][9.561s][info ][gc,heap       ] GC(18) Old regions: 15->17
[2023-11-14T21:02:38.403+0000][9.561s][info ][gc,heap       ] GC(18) Humongous regions: 0->0
[2023-11-14T21:02:38.403+0000][9.561s][info ][gc,metaspace  ] GC(18) Metaspace: 49276K(50684K)->49276K(50684K) NonClass: 43147K(44032K)->43147K(44032K) Class: 6129K(6652K)->6129K(6652K)
[2023-11-14T21:02:38.403+0000][9.561s][info ][gc            ] GC(18) Pause Young (Normal) (G1 Evacuation Pause) 327M->35M(526M) 27.793ms
[2023-11-14T21:02:38.403+0000][9.561s][info ][gc,cpu        ] GC(18) User=0.10s Sys=0.01s Real=0.03s
[2023-11-14T21:02:38.403+0000][9.561s][info ][safepoint     ] Leaving safepoint region
[2023-11-14T21:02:38.403+0000][9.561s][info ][safepoint     ] Total time for which application threads were stopped: 0.0279957 seconds, Stopping threads took: 0.0000088 seconds
[2023-11-14T21:02:38.403+0000][9.561s][info ][gc,stringdedup] Concurrent String Deduplication (9.561s)
[2023-11-14T21:02:38.404+0000][9.562s][info ][gc,stringdedup] Concurrent String Deduplication 350.0K->84864.0B(267.1K) avg 42.6% (9.561s, 9.562s) 1.486ms
[2023-11-14T21:02:38.507+0000][9.666s][debug][safepoint     ] Safepoint synchronization initiated. (11 threads)
[2023-11-14T21:02:38.508+0000][9.666s][info ][safepoint     ] Application time: 0.1047228 seconds
[2023-11-14T21:02:38.508+0000][9.666s][info ][safepoint     ] Entering safepoint region: Deoptimize
[2023-11-14T21:02:38.508+0000][9.666s][info ][safepoint     ] Leaving safepoint region
[2023-11-14T21:02:38.508+0000][9.666s][info ][safepoint     ] Total time for which application threads were stopped: 0.0005326 seconds, Stopping threads took: 0.0000098 seconds
[2023-11-14T21:02:39.508+0000][10.666s][debug][safepoint     ] Safepoint synchronization initiated. (13 threads)
[2023-11-14T21:02:39.508+0000][10.666s][info ][safepoint     ] Application time: 1.0001867 seconds
[2023-11-14T21:02:39.508+0000][10.666s][info ][safepoint     ] Entering safepoint region: Cleanup
[2023-11-14T21:02:39.508+0000][10.666s][info ][safepoint     ] Leaving safepoint region
[2023-11-14T21:02:39.508+0000][10.667s][info ][safepoint     ] Total time for which application threads were stopped: 0.0001687 seconds, Stopping threads took: 0.0000177 seconds
[2023-11-14T21:02:39.577+0000][10.735s][debug][safepoint     ] Safepoint synchronization initiated. (13 threads)
[2023-11-14T21:02:39.577+0000][10.735s][info ][safepoint     ] Application time: 0.0683835 seconds
[2023-11-14T21:02:39.577+0000][10.735s][debug][safepoint     ] Waiting for 1 thread(s) to block
[2023-11-14T21:02:39.577+0000][10.735s][info ][safepoint     ] Entering safepoint region: Deoptimize
[2023-11-14T21:02:39.577+0000][10.736s][info ][safepoint     ] Leaving safepoint region
[2023-11-14T21:02:39.577+0000][10.736s][info ][safepoint     ] Total time for which application threads were stopped: 0.0006316 seconds, Stopping threads took: 0.0000434 seconds
[2023-11-14T21:02:39.651+0000][10.809s][debug][safepoint     ] Safepoint synchronization initiated. (13 threads)
[2023-11-14T21:02:39.651+0000][10.809s][info ][safepoint     ] Application time: 0.0732076 seconds
[2023-11-14T21:02:39.651+0000][10.809s][info ][safepoint     ] Entering safepoint region: Deoptimize
[2023-11-14T21:02:39.651+0000][10.809s][info ][safepoint     ] Leaving safepoint region
[2023-11-14T21:02:39.651+0000][10.809s][info ][safepoint     ] Total time for which application threads were stopped: 0.0005528 seconds, Stopping threads took: 0.0000106 seconds
[2023-11-14T21:02:39.871+0000][11.029s][debug][safepoint     ] Safepoint synchronization initiated. (13 threads)
[2023-11-14T21:02:39.871+0000][11.029s][info ][safepoint     ] Application time: 0.2199748 seconds
[2023-11-14T21:02:39.871+0000][11.029s][debug][safepoint     ] Waiting for 1 thread(s) to block
[2023-11-14T21:02:39.871+0000][11.029s][info ][safepoint     ] Entering safepoint region: ICBufferFull
[2023-11-14T21:02:39.871+0000][11.029s][info ][safepoint     ] Leaving safepoint region
[2023-11-14T21:02:39.871+0000][11.030s][info ][safepoint     ] Total time for which application threads were stopped: 0.0001813 seconds, Stopping threads took: 0.0000326 seconds
[2023-11-14T21:02:39.916+0000][11.074s][debug][safepoint     ] Safepoint synchronization initiated. (13 threads)
[2023-11-14T21:02:39.916+0000][11.074s][info ][safepoint     ] Application time: 0.0445631 seconds
[2023-11-14T21:02:39.916+0000][11.074s][info ][safepoint     ] Entering safepoint region: ICBufferFull
[2023-11-14T21:02:39.916+0000][11.074s][info ][safepoint     ] Leaving safepoint region
[2023-11-14T21:02:39.916+0000][11.074s][info ][safepoint     ] Total time for which application threads were stopped: 0.0002141 seconds, Stopping threads took: 0.0000105 seconds
[2023-11-14T21:02:40.490+0000][11.648s][debug][safepoint     ] Safepoint synchronization initiated. (13 threads)
[2023-11-14T21:02:40.490+0000][11.648s][info ][safepoint     ] Application time: 0.5736900 seconds
[2023-11-14T21:02:40.490+0000][11.648s][info ][safepoint     ] Entering safepoint region: G1CollectForAllocation
[2023-11-14T21:02:40.490+0000][11.648s][info ][gc,start      ] GC(19) Pause Young (Normal) (G1 Evacuation Pause)
[2023-11-14T21:02:40.490+0000][11.648s][info ][gc,task       ] GC(19) Using 4 workers of 4 for evacuation
[2023-11-14T21:02:40.535+0000][11.693s][info ][gc,phases     ] GC(19)   Pre Evacuate Collection Set: 0.0ms
[2023-11-14T21:02:40.535+0000][11.693s][info ][gc,phases     ] GC(19)   Evacuate Collection Set: 39.8ms
[2023-11-14T21:02:40.535+0000][11.693s][info ][gc,phases     ] GC(19)   Post Evacuate Collection Set: 4.6ms
[2023-11-14T21:02:40.535+0000][11.693s][info ][gc,phases     ] GC(19)   Other: 0.2ms
[2023-11-14T21:02:40.535+0000][11.693s][info ][gc,heap       ] GC(19) Eden regions: 295->0(392)
[2023-11-14T21:02:40.535+0000][11.693s][info ][gc,heap       ] GC(19) Survivor regions: 20->23(40)
[2023-11-14T21:02:40.535+0000][11.693s][info ][gc,heap       ] GC(19) Old regions: 17->18
[2023-11-14T21:02:40.535+0000][11.693s][info ][gc,heap       ] GC(19) Humongous regions: 0->0
[2023-11-14T21:02:40.535+0000][11.693s][info ][gc,metaspace  ] GC(19) Metaspace: 56110K(57468K)->56110K(57468K) NonClass: 49102K(49920K)->49102K(49920K) Class: 7007K(7548K)->7007K(7548K)
[2023-11-14T21:02:40.535+0000][11.693s][info ][gc            ] GC(19) Pause Young (Normal) (G1 Evacuation Pause) 330M->38M(692M) 44.717ms
[2023-11-14T21:02:40.535+0000][11.693s][info ][gc,cpu        ] GC(19) User=0.15s Sys=0.00s Real=0.04s
[2023-11-14T21:02:40.535+0000][11.693s][info ][safepoint     ] Leaving safepoint region
[2023-11-14T21:02:40.535+0000][11.693s][info ][safepoint     ] Total time for which application threads were stopped: 0.0448985 seconds, Stopping threads took: 0.0000106 seconds
[2023-11-14T21:02:40.535+0000][11.693s][info ][gc,stringdedup] Concurrent String Deduplication (11.693s)
[2023-11-14T21:02:40.536+0000][11.694s][info ][gc,stringdedup] Concurrent String Deduplication 121.6K->61136.0B(63400.0B) avg 42.7% (11.693s, 11.694s) 0.617ms
[2023-11-14T21:02:41.325+0000][12.483s][debug][safepoint     ] Safepoint synchronization initiated. (16 threads)
[2023-11-14T21:02:41.325+0000][12.483s][info ][safepoint     ] Application time: 0.7903188 seconds
[2023-11-14T21:02:41.325+0000][12.483s][debug][safepoint     ] Waiting for 1 thread(s) to block
[2023-11-14T21:02:41.325+0000][12.483s][info ][safepoint     ] Entering safepoint region: ICBufferFull
[2023-11-14T21:02:41.327+0000][12.485s][info ][safepoint     ] Leaving safepoint region
[2023-11-14T21:02:41.327+0000][12.485s][info ][safepoint     ] Total time for which application threads were stopped: 0.0013220 seconds, Stopping threads took: 0.0000578 seconds
[2023-11-14T21:02:41.488+0000][12.646s][debug][safepoint     ] Safepoint synchronization initiated. (16 threads)
[2023-11-14T21:02:41.488+0000][12.646s][info ][safepoint     ] Application time: 0.1617410 seconds
[2023-11-14T21:02:41.488+0000][12.646s][info ][safepoint     ] Entering safepoint region: Deoptimize
[2023-11-14T21:02:41.489+0000][12.647s][info ][safepoint     ] Leaving safepoint region
[2023-11-14T21:02:41.489+0000][12.647s][info ][safepoint     ] Total time for which application threads were stopped: 0.0006666 seconds, Stopping threads took: 0.0000109 seconds
[2023-11-14T21:02:41.531+0000][12.689s][debug][safepoint     ] Safepoint synchronization initiated. (16 threads)
[2023-11-14T21:02:41.531+0000][12.689s][info ][safepoint     ] Application time: 0.0420919 seconds
[2023-11-14T21:02:41.531+0000][12.689s][info ][safepoint     ] Entering safepoint region: Deoptimize
[2023-11-14T21:02:41.532+0000][12.690s][info ][safepoint     ] Leaving safepoint region
[2023-11-14T21:02:41.532+0000][12.690s][info ][safepoint     ] Total time for which application threads were stopped: 0.0006169 seconds, Stopping threads took: 0.0000109 seconds
[2023-11-14T21:02:41.784+0000][12.942s][debug][safepoint     ] Safepoint synchronization initiated. (16 threads)
[2023-11-14T21:02:41.784+0000][12.942s][info ][safepoint     ] Application time: 0.2519294 seconds
[2023-11-14T21:02:41.784+0000][12.942s][info ][safepoint     ] Entering safepoint region: ICBufferFull
[2023-11-14T21:02:41.784+0000][12.942s][info ][safepoint     ] Leaving safepoint region
[2023-11-14T21:02:41.784+0000][12.942s][info ][safepoint     ] Total time for which application threads were stopped: 0.0002421 seconds, Stopping threads took: 0.0000114 seconds
[2023-11-14T21:02:42.077+0000][13.235s][debug][safepoint     ] Safepoint synchronization initiated. (16 threads)
[2023-11-14T21:02:42.077+0000][13.235s][info ][safepoint     ] Application time: 0.2931161 seconds
[2023-11-14T21:02:42.077+0000][13.235s][info ][safepoint     ] Entering safepoint region: G1CollectForAllocation
[2023-11-14T21:02:42.077+0000][13.235s][info ][gc,start      ] GC(20) Pause Young (Normal) (G1 Evacuation Pause)
[2023-11-14T21:02:42.077+0000][13.235s][info ][gc,task       ] GC(20) Using 4 workers of 4 for evacuation
[2023-11-14T21:02:42.110+0000][13.269s][info ][gc,phases     ] GC(20)   Pre Evacuate Collection Set: 0.0ms
[2023-11-14T21:02:42.110+0000][13.269s][info ][gc,phases     ] GC(20)   Evacuate Collection Set: 30.7ms
[2023-11-14T21:02:42.111+0000][13.269s][info ][gc,phases     ] GC(20)   Post Evacuate Collection Set: 2.4ms
[2023-11-14T21:02:42.111+0000][13.269s][info ][gc,phases     ] GC(20)   Other: 0.2ms
[2023-11-14T21:02:42.111+0000][13.269s][info ][gc,heap       ] GC(20) Eden regions: 392->0(391)
[2023-11-14T21:02:42.111+0000][13.269s][info ][gc,heap       ] GC(20) Survivor regions: 23->24(52)
[2023-11-14T21:02:42.111+0000][13.269s][info ][gc,heap       ] GC(20) Old regions: 18->21
[2023-11-14T21:02:42.111+0000][13.269s][info ][gc,heap       ] GC(20) Humongous regions: 0->0
[2023-11-14T21:02:42.111+0000][13.269s][info ][gc,metaspace  ] GC(20) Metaspace: 67211K(69116K)->67211K(69116K) NonClass: 58683K(59904K)->58683K(59904K) Class: 8528K(9212K)->8528K(9212K)
[2023-11-14T21:02:42.111+0000][13.269s][info ][gc            ] GC(20) Pause Young (Normal) (G1 Evacuation Pause) 430M->43M(692M) 33.425ms
[2023-11-14T21:02:42.111+0000][13.269s][info ][gc,cpu        ] GC(20) User=0.10s Sys=0.01s Real=0.04s
[2023-11-14T21:02:42.111+0000][13.269s][info ][safepoint     ] Leaving safepoint region
[2023-11-14T21:02:42.111+0000][13.269s][info ][safepoint     ] Total time for which application threads were stopped: 0.0335860 seconds, Stopping threads took: 0.0000111 seconds
[2023-11-14T21:02:42.113+0000][13.271s][info ][gc,stringdedup] Concurrent String Deduplication (13.271s)
[2023-11-14T21:02:42.116+0000][13.274s][info ][gc,stringdedup] Concurrent String Deduplication 360.4K->156.7K(203.7K) avg 43.2% (13.271s, 13.274s) 2.958ms
[2023-11-14T21:02:42.293+0000][13.451s][debug][safepoint     ] Safepoint synchronization initiated. (16 threads)
[2023-11-14T21:02:42.293+0000][13.451s][info ][safepoint     ] Application time: 0.1822468 seconds
[2023-11-14T21:02:42.293+0000][13.451s][info ][safepoint     ] Entering safepoint region: CollectForMetadataAllocation
[2023-11-14T21:02:42.293+0000][13.451s][info ][gc,start      ] GC(21) Pause Young (Concurrent Start) (Metadata GC Threshold)
[2023-11-14T21:02:42.293+0000][13.451s][info ][gc,task       ] GC(21) Using 4 workers of 4 for evacuation
[2023-11-14T21:02:42.326+0000][13.485s][info ][gc,phases     ] GC(21)   Pre Evacuate Collection Set: 0.1ms
[2023-11-14T21:02:42.327+0000][13.485s][info ][gc,phases     ] GC(21)   Evacuate Collection Set: 30.3ms
[2023-11-14T21:02:42.327+0000][13.485s][info ][gc,phases     ] GC(21)   Post Evacuate Collection Set: 2.8ms
[2023-11-14T21:02:42.327+0000][13.485s][info ][gc,phases     ] GC(21)   Other: 0.2ms
[2023-11-14T21:02:42.327+0000][13.485s][info ][gc,heap       ] GC(21) Eden regions: 77->0(393)
[2023-11-14T21:02:42.327+0000][13.485s][info ][gc,heap       ] GC(21) Survivor regions: 24->22(52)
[2023-11-14T21:02:42.327+0000][13.485s][info ][gc,heap       ] GC(21) Old regions: 21->24
[2023-11-14T21:02:42.327+0000][13.485s][info ][gc,heap       ] GC(21) Humongous regions: 0->0
[2023-11-14T21:02:42.327+0000][13.485s][info ][gc,metaspace  ] GC(21) Metaspace: 68218K(69756K)->68218K(69756K) NonClass: 59467K(60416K)->59467K(60416K) Class: 8751K(9340K)->8751K(9340K)
[2023-11-14T21:02:42.327+0000][13.485s][info ][gc            ] GC(21) Pause Young (Concurrent Start) (Metadata GC Threshold) 120M->44M(692M) 33.583ms
[2023-11-14T21:02:42.327+0000][13.485s][info ][gc,cpu        ] GC(21) User=0.10s Sys=0.00s Real=0.03s
[2023-11-14T21:02:42.327+0000][13.485s][info ][safepoint     ] Leaving safepoint region
[2023-11-14T21:02:42.327+0000][13.485s][info ][safepoint     ] Total time for which application threads were stopped: 0.0338275 seconds, Stopping threads took: 0.0000104 seconds
[2023-11-14T21:02:42.327+0000][13.485s][info ][gc            ] GC(22) Concurrent Cycle
[2023-11-14T21:02:42.327+0000][13.485s][info ][gc,marking    ] GC(22) Concurrent Clear Claimed Marks
[2023-11-14T21:02:42.327+0000][13.485s][info ][gc,marking    ] GC(22) Concurrent Clear Claimed Marks 0.097ms
[2023-11-14T21:02:42.327+0000][13.485s][info ][gc,marking    ] GC(22) Concurrent Scan Root Regions
[2023-11-14T21:02:42.327+0000][13.486s][info ][gc,stringdedup] Concurrent String Deduplication (13.486s)
[2023-11-14T21:02:42.330+0000][13.488s][info ][gc,stringdedup] Concurrent String Deduplication 286.2K->95168.0B(193.2K) avg 43.9% (13.486s, 13.488s) 2.117ms
[2023-11-14T21:02:42.342+0000][13.500s][info ][gc,marking    ] GC(22) Concurrent Scan Root Regions 15.160ms
[2023-11-14T21:02:42.342+0000][13.500s][info ][gc,marking    ] GC(22) Concurrent Mark (13.500s)
[2023-11-14T21:02:42.342+0000][13.500s][info ][gc,marking    ] GC(22) Concurrent Mark From Roots
[2023-11-14T21:02:42.342+0000][13.500s][info ][gc,task       ] GC(22) Using 1 workers of 1 for marking
[2023-11-14T21:02:42.379+0000][13.537s][info ][gc,marking    ] GC(22) Concurrent Mark From Roots 37.179ms
[2023-11-14T21:02:42.379+0000][13.537s][info ][gc,marking    ] GC(22) Concurrent Preclean
[2023-11-14T21:02:42.379+0000][13.537s][info ][gc,marking    ] GC(22) Concurrent Preclean 0.099ms
[2023-11-14T21:02:42.379+0000][13.537s][info ][gc,marking    ] GC(22) Concurrent Mark (13.500s, 13.537s) 37.333ms
[2023-11-14T21:02:42.380+0000][13.538s][debug][safepoint     ] Safepoint synchronization initiated. (16 threads)
[2023-11-14T21:02:42.380+0000][13.538s][info ][safepoint     ] Application time: 0.0529131 seconds
[2023-11-14T21:02:42.380+0000][13.538s][debug][safepoint     ] ... found polling page loop exception at pc = 0x00007fe18042d537, stub =0x00007fe17883ab00
[2023-11-14T21:02:42.380+0000][13.538s][debug][safepoint     ] Waiting for 1 thread(s) to block
[2023-11-14T21:02:42.380+0000][13.538s][info ][safepoint     ] Entering safepoint region: CGC_Operation
[2023-11-14T21:02:42.380+0000][13.538s][info ][gc,start      ] GC(22) Pause Remark
[2023-11-14T21:02:42.390+0000][13.549s][info ][gc,stringtable] GC(22) Cleaned string and symbol table, strings: 26669 processed, 9 removed, symbols: 213676 processed, 125 removed
[2023-11-14T21:02:42.391+0000][13.549s][info ][gc            ] GC(22) Pause Remark 65M->65M(692M) 10.925ms
[2023-11-14T21:02:42.391+0000][13.549s][info ][gc,cpu        ] GC(22) User=0.03s Sys=0.00s Real=0.01s
[2023-11-14T21:02:42.391+0000][13.549s][info ][safepoint     ] Leaving safepoint region
[2023-11-14T21:02:42.391+0000][13.549s][info ][safepoint     ] Total time for which application threads were stopped: 0.0111491 seconds, Stopping threads took: 0.0000714 seconds
[2023-11-14T21:02:42.391+0000][13.549s][info ][gc,marking    ] GC(22) Concurrent Rebuild Remembered Sets
[2023-11-14T21:02:42.414+0000][13.572s][info ][gc,marking    ] GC(22) Concurrent Rebuild Remembered Sets 22.959ms
[2023-11-14T21:02:42.414+0000][13.572s][debug][safepoint     ] Safepoint synchronization initiated. (16 threads)
[2023-11-14T21:02:42.414+0000][13.572s][info ][safepoint     ] Application time: 0.0230662 seconds
[2023-11-14T21:02:42.414+0000][13.572s][debug][safepoint     ] Waiting for 1 thread(s) to block
[2023-11-14T21:02:42.414+0000][13.572s][info ][safepoint     ] Entering safepoint region: CGC_Operation
[2023-11-14T21:02:42.414+0000][13.572s][info ][gc,start      ] GC(22) Pause Cleanup
[2023-11-14T21:02:42.414+0000][13.572s][info ][gc            ] GC(22) Pause Cleanup 70M->70M(692M) 0.166ms
[2023-11-14T21:02:42.414+0000][13.572s][info ][gc,cpu        ] GC(22) User=0.00s Sys=0.00s Real=0.00s
[2023-11-14T21:02:42.414+0000][13.572s][info ][safepoint     ] Leaving safepoint region
[2023-11-14T21:02:42.414+0000][13.572s][info ][safepoint     ] Total time for which application threads were stopped: 0.0003170 seconds, Stopping threads took: 0.0000251 seconds
[2023-11-14T21:02:42.414+0000][13.572s][info ][gc,marking    ] GC(22) Concurrent Cleanup for Next Mark
[2023-11-14T21:02:42.417+0000][13.575s][info ][gc,marking    ] GC(22) Concurrent Cleanup for Next Mark 2.755ms
[2023-11-14T21:02:42.417+0000][13.575s][info ][gc            ] GC(22) Concurrent Cycle 90.310ms
[2023-11-14T21:02:42.561+0000][13.719s][debug][safepoint     ] Safepoint synchronization initiated. (16 threads)
[2023-11-14T21:02:42.561+0000][13.719s][info ][safepoint     ] Application time: 0.1468033 seconds
[2023-11-14T21:02:42.561+0000][13.719s][debug][safepoint     ] Waiting for 1 thread(s) to block
[2023-11-14T21:02:42.561+0000][13.719s][info ][safepoint     ] Entering safepoint region: ICBufferFull
[2023-11-14T21:02:42.561+0000][13.719s][info ][safepoint     ] Leaving safepoint region
[2023-11-14T21:02:42.561+0000][13.719s][info ][safepoint     ] Total time for which application threads were stopped: 0.0002216 seconds, Stopping threads took: 0.0000493 seconds
[2023-11-14T21:02:42.630+0000][13.788s][debug][safepoint     ] Safepoint synchronization initiated. (16 threads)
[2023-11-14T21:02:42.630+0000][13.788s][info ][safepoint     ] Application time: 0.0688296 seconds
[2023-11-14T21:02:42.630+0000][13.788s][info ][safepoint     ] Entering safepoint region: ICBufferFull
[2023-11-14T21:02:42.630+0000][13.788s][info ][safepoint     ] Leaving safepoint region
[2023-11-14T21:02:42.630+0000][13.788s][info ][safepoint     ] Total time for which application threads were stopped: 0.0001442 seconds, Stopping threads took: 0.0000107 seconds
[2023-11-14T21:02:42.693+0000][13.851s][debug][safepoint     ] Safepoint synchronization initiated. (16 threads)
[2023-11-14T21:02:42.693+0000][13.851s][info ][safepoint     ] Application time: 0.0626926 seconds
[2023-11-14T21:02:42.693+0000][13.851s][info ][safepoint     ] Entering safepoint region: ICBufferFull
[2023-11-14T21:02:42.693+0000][13.851s][info ][safepoint     ] Leaving safepoint region
[2023-11-14T21:02:42.693+0000][13.851s][info ][safepoint     ] Total time for which application threads were stopped: 0.0001548 seconds, Stopping threads took: 0.0000102 seconds
[2023-11-14T21:02:42.777+0000][13.935s][debug][safepoint     ] Safepoint synchronization initiated. (16 threads)
[2023-11-14T21:02:42.777+0000][13.935s][info ][safepoint     ] Application time: 0.0839227 seconds
[2023-11-14T21:02:42.777+0000][13.935s][info ][safepoint     ] Entering safepoint region: ICBufferFull
[2023-11-14T21:02:42.777+0000][13.935s][info ][safepoint     ] Leaving safepoint region
[2023-11-14T21:02:42.777+0000][13.935s][info ][safepoint     ] Total time for which application threads were stopped: 0.0001890 seconds, Stopping threads took: 0.0000107 seconds
[2023-11-14T21:02:42.960+0000][14.118s][debug][safepoint     ] Safepoint synchronization initiated. (16 threads)
[2023-11-14T21:02:42.960+0000][14.118s][info ][safepoint     ] Application time: 0.1823376 seconds
[2023-11-14T21:02:42.960+0000][14.118s][info ][safepoint     ] Entering safepoint region: ICBufferFull
[2023-11-14T21:02:42.960+0000][14.118s][info ][safepoint     ] Leaving safepoint region
[2023-11-14T21:02:42.960+0000][14.118s][info ][safepoint     ] Total time for which application threads were stopped: 0.0001943 seconds, Stopping threads took: 0.0000117 seconds
[2023-11-14T21:02:43.268+0000][14.426s][debug][safepoint     ] Safepoint synchronization initiated. (16 threads)
[2023-11-14T21:02:43.268+0000][14.426s][info ][safepoint     ] Application time: 0.3078585 seconds
[2023-11-14T21:02:43.268+0000][14.426s][debug][safepoint     ] Waiting for 1 thread(s) to block
[2023-11-14T21:02:43.268+0000][14.426s][info ][safepoint     ] Entering safepoint region: ICBufferFull
[2023-11-14T21:02:43.268+0000][14.426s][info ][safepoint     ] Leaving safepoint region
[2023-11-14T21:02:43.268+0000][14.426s][info ][safepoint     ] Total time for which application threads were stopped: 0.0002905 seconds, Stopping threads took: 0.0000647 seconds
[2023-11-14T21:02:43.368+0000][14.526s][debug][safepoint     ] Safepoint synchronization initiated. (16 threads)
[2023-11-14T21:02:43.368+0000][14.526s][info ][safepoint     ] Application time: 0.0998188 seconds
[2023-11-14T21:02:43.368+0000][14.526s][debug][safepoint     ] Waiting for 1 thread(s) to block
[2023-11-14T21:02:43.368+0000][14.526s][info ][safepoint     ] Entering safepoint region: Deoptimize
[2023-11-14T21:02:43.369+0000][14.527s][info ][safepoint     ] Leaving safepoint region
[2023-11-14T21:02:43.369+0000][14.527s][info ][safepoint     ] Total time for which application threads were stopped: 0.0007651 seconds, Stopping threads took: 0.0000319 seconds
[2023-11-14T21:02:43.369+0000][14.527s][debug][safepoint     ] Safepoint synchronization initiated. (16 threads)
[2023-11-14T21:02:43.369+0000][14.527s][info ][safepoint     ] Application time: 0.0008660 seconds
[2023-11-14T21:02:43.369+0000][14.528s][info ][safepoint     ] Entering safepoint region: Deoptimize
[2023-11-14T21:02:43.370+0000][14.528s][info ][safepoint     ] Leaving safepoint region
[2023-11-14T21:02:43.370+0000][14.528s][info ][safepoint     ] Total time for which application threads were stopped: 0.0006679 seconds, Stopping threads took: 0.0000168 seconds
[2023-11-14T21:02:43.632+0000][14.790s][debug][safepoint     ] Safepoint synchronization initiated. (16 threads)
[2023-11-14T21:02:43.632+0000][14.790s][info ][safepoint     ] Application time: 0.2614786 seconds
[2023-11-14T21:02:43.632+0000][14.790s][debug][safepoint     ] Waiting for 1 thread(s) to block
[2023-11-14T21:02:43.632+0000][14.790s][info ][safepoint     ] Entering safepoint region: Deoptimize
[2023-11-14T21:02:43.632+0000][14.790s][info ][safepoint     ] Leaving safepoint region
[2023-11-14T21:02:43.632+0000][14.790s][info ][safepoint     ] Total time for which application threads were stopped: 0.0007924 seconds, Stopping threads took: 0.0000301 seconds
[2023-11-14T21:02:43.798+0000][14.956s][debug][safepoint     ] Safepoint synchronization initiated. (16 threads)
[2023-11-14T21:02:43.798+0000][14.956s][info ][safepoint     ] Application time: 0.1656635 seconds
[2023-11-14T21:02:43.798+0000][14.956s][debug][safepoint     ] Waiting for 1 thread(s) to block
[2023-11-14T21:02:43.798+0000][14.956s][info ][safepoint     ] Entering safepoint region: Deoptimize
[2023-11-14T21:02:43.799+0000][14.957s][info ][safepoint     ] Leaving safepoint region
[2023-11-14T21:02:43.799+0000][14.957s][info ][safepoint     ] Total time for which application threads were stopped: 0.0008204 seconds, Stopping threads took: 0.0000703 seconds
[2023-11-14T21:02:43.923+0000][15.081s][debug][safepoint     ] Safepoint synchronization initiated. (16 threads)
[2023-11-14T21:02:43.923+0000][15.081s][info ][safepoint     ] Application time: 0.1243059 seconds
[2023-11-14T21:02:43.923+0000][15.081s][info ][safepoint     ] Entering safepoint region: Deoptimize
[2023-11-14T21:02:43.924+0000][15.082s][info ][safepoint     ] Leaving safepoint region
[2023-11-14T21:02:43.924+0000][15.082s][info ][safepoint     ] Total time for which application threads were stopped: 0.0007863 seconds, Stopping threads took: 0.0000105 seconds
[2023-11-14T21:02:44.142+0000][15.300s][debug][safepoint     ] Safepoint synchronization initiated. (16 threads)
[2023-11-14T21:02:44.142+0000][15.300s][info ][safepoint     ] Application time: 0.2182211 seconds
[2023-11-14T21:02:44.142+0000][15.300s][info ][safepoint     ] Entering safepoint region: G1CollectForAllocation
[2023-11-14T21:02:44.142+0000][15.301s][info ][gc,start      ] GC(23) Pause Young (Normal) (G1 Evacuation Pause)
[2023-11-14T21:02:44.142+0000][15.301s][info ][gc,task       ] GC(23) Using 4 workers of 4 for evacuation
[2023-11-14T21:02:44.165+0000][15.323s][info ][gc,phases     ] GC(23)   Pre Evacuate Collection Set: 0.0ms
[2023-11-14T21:02:44.165+0000][15.323s][info ][gc,phases     ] GC(23)   Evacuate Collection Set: 19.7ms
[2023-11-14T21:02:44.165+0000][15.323s][info ][gc,phases     ] GC(23)   Post Evacuate Collection Set: 2.5ms
[2023-11-14T21:02:44.165+0000][15.323s][info ][gc,phases     ] GC(23)   Other: 0.2ms
[2023-11-14T21:02:44.165+0000][15.323s][info ][gc,heap       ] GC(23) Eden regions: 393->0(392)
[2023-11-14T21:02:44.165+0000][15.323s][info ][gc,heap       ] GC(23) Survivor regions: 22->23(52)
[2023-11-14T21:02:44.165+0000][15.323s][info ][gc,heap       ] GC(23) Old regions: 24->25
[2023-11-14T21:02:44.165+0000][15.323s][info ][gc,heap       ] GC(23) Humongous regions: 0->0
[2023-11-14T21:02:44.165+0000][15.323s][info ][gc,metaspace  ] GC(23) Metaspace: 76888K(78972K)->76888K(78972K) NonClass: 67062K(68352K)->67062K(68352K) Class: 9826K(10620K)->9826K(10620K)
[2023-11-14T21:02:44.165+0000][15.323s][info ][gc            ] GC(23) Pause Young (Normal) (G1 Evacuation Pause) 437M->46M(692M) 22.541ms
[2023-11-14T21:02:44.165+0000][15.323s][info ][gc,cpu        ] GC(23) User=0.08s Sys=0.00s Real=0.02s
[2023-11-14T21:02:44.165+0000][15.323s][info ][safepoint     ] Leaving safepoint region
[2023-11-14T21:02:44.165+0000][15.323s][info ][safepoint     ] Total time for which application threads were stopped: 0.0227602 seconds, Stopping threads took: 0.0000100 seconds
[2023-11-14T21:02:44.166+0000][15.325s][info ][gc,stringdedup] Concurrent String Deduplication (15.325s)
[2023-11-14T21:02:44.169+0000][15.327s][info ][gc,stringdedup] Concurrent String Deduplication 400.2K->118.2K(282.0K) avg 45.0% (15.325s, 15.327s) 2.881ms
[2023-11-14T21:02:44.423+0000][15.581s][debug][safepoint     ] Safepoint synchronization initiated. (16 threads)
[2023-11-14T21:02:44.423+0000][15.581s][info ][safepoint     ] Application time: 0.2576846 seconds
[2023-11-14T21:02:44.423+0000][15.581s][debug][safepoint     ] Waiting for 1 thread(s) to block
[2023-11-14T21:02:44.423+0000][15.581s][info ][safepoint     ] Entering safepoint region: ICBufferFull
[2023-11-14T21:02:44.423+0000][15.581s][info ][safepoint     ] Leaving safepoint region
[2023-11-14T21:02:44.423+0000][15.581s][info ][safepoint     ] Total time for which application threads were stopped: 0.0002105 seconds, Stopping threads took: 0.0000301 seconds
[2023-11-14T21:02:44.776+0000][15.934s][debug][safepoint     ] Safepoint synchronization initiated. (16 threads)
[2023-11-14T21:02:44.776+0000][15.934s][info ][safepoint     ] Application time: 0.3533677 seconds
[2023-11-14T21:02:44.776+0000][15.934s][debug][safepoint     ] Waiting for 1 thread(s) to block
[2023-11-14T21:02:44.776+0000][15.934s][info ][safepoint     ] Entering safepoint region: ICBufferFull
[2023-11-14T21:02:44.776+0000][15.935s][info ][safepoint     ] Leaving safepoint region
[2023-11-14T21:02:44.776+0000][15.935s][info ][safepoint     ] Total time for which application threads were stopped: 0.0001710 seconds, Stopping threads took: 0.0000290 seconds
[2023-11-14T21:02:45.304+0000][16.462s][debug][safepoint     ] Safepoint synchronization initiated. (16 threads)
[2023-11-14T21:02:45.310+0000][16.468s][info ][safepoint     ] Application time: 0.5332493 seconds
[2023-11-14T21:02:45.310+0000][16.468s][info ][safepoint     ] Entering safepoint region: ICBufferFull
[2023-11-14T21:02:45.310+0000][16.468s][info ][safepoint     ] Leaving safepoint region
[2023-11-14T21:02:45.310+0000][16.468s][info ][safepoint     ] Total time for which application threads were stopped: 0.0001900 seconds, Stopping threads took: 0.0000245 seconds
[2023-11-14T21:02:45.903+0000][17.061s][debug][safepoint     ] Safepoint synchronization initiated. (16 threads)
[2023-11-14T21:02:45.903+0000][17.061s][info ][safepoint     ] Application time: 0.5927904 seconds
[2023-11-14T21:02:45.903+0000][17.061s][info ][safepoint     ] Entering safepoint region: ICBufferFull
[2023-11-14T21:02:45.903+0000][17.061s][info ][safepoint     ] Leaving safepoint region
[2023-11-14T21:02:45.903+0000][17.061s][info ][safepoint     ] Total time for which application threads were stopped: 0.0001762 seconds, Stopping threads took: 0.0000101 seconds
[2023-11-14T21:02:45.943+0000][17.101s][debug][safepoint     ] Safepoint synchronization initiated. (16 threads)
[2023-11-14T21:02:45.943+0000][17.101s][info ][safepoint     ] Application time: 0.0396636 seconds
[2023-11-14T21:02:45.943+0000][17.101s][info ][safepoint     ] Entering safepoint region: Deoptimize
[2023-11-14T21:02:45.943+0000][17.102s][info ][safepoint     ] Leaving safepoint region
[2023-11-14T21:02:45.944+0000][17.102s][info ][safepoint     ] Total time for which application threads were stopped: 0.0008864 seconds, Stopping threads took: 0.0000103 seconds
[2023-11-14T21:02:46.107+0000][17.265s][debug][safepoint     ] Safepoint synchronization initiated. (15 threads)
[2023-11-14T21:02:46.107+0000][17.265s][info ][safepoint     ] Application time: 0.1633284 seconds
[2023-11-14T21:02:46.107+0000][17.265s][info ][safepoint     ] Entering safepoint region: G1CollectForAllocation
[2023-11-14T21:02:46.107+0000][17.265s][info ][gc,start      ] GC(24) Pause Young (Normal) (G1 Evacuation Pause)
[2023-11-14T21:02:46.107+0000][17.265s][info ][gc,task       ] GC(24) Using 4 workers of 4 for evacuation
[2023-11-14T21:02:46.143+0000][17.301s][info ][gc,phases     ] GC(24)   Pre Evacuate Collection Set: 0.0ms
[2023-11-14T21:02:46.143+0000][17.301s][info ][gc,phases     ] GC(24)   Evacuate Collection Set: 33.0ms
[2023-11-14T21:02:46.143+0000][17.301s][info ][gc,phases     ] GC(24)   Post Evacuate Collection Set: 2.5ms
[2023-11-14T21:02:46.143+0000][17.301s][info ][gc,phases     ] GC(24)   Other: 0.2ms
[2023-11-14T21:02:46.143+0000][17.301s][info ][gc,heap       ] GC(24) Eden regions: 392->0(382)
[2023-11-14T21:02:46.143+0000][17.301s][info ][gc,heap       ] GC(24) Survivor regions: 23->33(52)
[2023-11-14T21:02:46.143+0000][17.301s][info ][gc,heap       ] GC(24) Old regions: 25->26
[2023-11-14T21:02:46.143+0000][17.301s][info ][gc,heap       ] GC(24) Humongous regions: 0->0
[2023-11-14T21:02:46.143+0000][17.301s][info ][gc,metaspace  ] GC(24) Metaspace: 80673K(83068K)->80673K(83068K) NonClass: 70642K(72192K)->70642K(72192K) Class: 10030K(10876K)->10030K(10876K)
[2023-11-14T21:02:46.143+0000][17.301s][info ][gc            ] GC(24) Pause Young (Normal) (G1 Evacuation Pause) 438M->56M(692M) 35.827ms
[2023-11-14T21:02:46.143+0000][17.301s][info ][gc,cpu        ] GC(24) User=0.13s Sys=0.00s Real=0.04s
[2023-11-14T21:02:46.143+0000][17.301s][info ][safepoint     ] Leaving safepoint region
[2023-11-14T21:02:46.143+0000][17.301s][info ][safepoint     ] Total time for which application threads were stopped: 0.0359794 seconds, Stopping threads took: 0.0000103 seconds
[2023-11-14T21:02:46.144+0000][17.302s][info ][gc,stringdedup] Concurrent String Deduplication (17.302s)
[2023-11-14T21:02:46.144+0000][17.302s][info ][gc,stringdedup] Concurrent String Deduplication 21120.0B->72.0B(21048.0B) avg 45.1% (17.302s, 17.302s) 0.154ms
[2023-11-14T21:02:46.502+0000][17.660s][debug][safepoint     ] Safepoint synchronization initiated. (15 threads)
[2023-11-14T21:02:46.502+0000][17.660s][info ][safepoint     ] Application time: 0.3591092 seconds
[2023-11-14T21:02:46.502+0000][17.660s][info ][safepoint     ] Entering safepoint region: ICBufferFull
[2023-11-14T21:02:46.510+0000][17.668s][info ][safepoint     ] Leaving safepoint region
[2023-11-14T21:02:46.510+0000][17.668s][info ][safepoint     ] Total time for which application threads were stopped: 0.0078433 seconds, Stopping threads took: 0.0000111 seconds
[2023-11-14T21:02:46.620+0000][17.778s][debug][safepoint     ] Safepoint synchronization initiated. (19 threads)
[2023-11-14T21:02:46.620+0000][17.778s][info ][safepoint     ] Application time: 0.1098888 seconds
[2023-11-14T21:02:46.620+0000][17.778s][debug][safepoint     ] Waiting for 1 thread(s) to block
[2023-11-14T21:02:46.620+0000][17.778s][info ][safepoint     ] Entering safepoint region: ICBufferFull
[2023-11-14T21:02:46.620+0000][17.778s][info ][safepoint     ] Leaving safepoint region
[2023-11-14T21:02:46.620+0000][17.778s][info ][safepoint     ] Total time for which application threads were stopped: 0.0002803 seconds, Stopping threads took: 0.0000455 seconds
[2023-11-14T21:02:46.855+0000][18.013s][debug][safepoint     ] Safepoint synchronization initiated. (19 threads)
[2023-11-14T21:02:46.855+0000][18.013s][info ][safepoint     ] Application time: 0.2354172 seconds
[2023-11-14T21:02:46.855+0000][18.014s][info ][safepoint     ] Entering safepoint region: ICBufferFull
[2023-11-14T21:02:46.856+0000][18.014s][info ][safepoint     ] Leaving safepoint region
[2023-11-14T21:02:46.856+0000][18.014s][info ][safepoint     ] Total time for which application threads were stopped: 0.0001709 seconds, Stopping threads took: 0.0000238 seconds
[2023-11-14T21:02:47.322+0000][18.481s][debug][safepoint     ] Safepoint synchronization initiated. (19 threads)
[2023-11-14T21:02:47.323+0000][18.481s][info ][safepoint     ] Application time: 0.4669224 seconds
[2023-11-14T21:02:47.323+0000][18.481s][debug][safepoint     ] Waiting for 1 thread(s) to block
[2023-11-14T21:02:47.323+0000][18.481s][info ][safepoint     ] Entering safepoint region: ICBufferFull
[2023-11-14T21:02:47.323+0000][18.481s][info ][safepoint     ] Leaving safepoint region
[2023-11-14T21:02:47.323+0000][18.481s][info ][safepoint     ] Total time for which application threads were stopped: 0.0001985 seconds, Stopping threads took: 0.0000587 seconds
[2023-11-14T21:02:47.399+0000][18.557s][debug][safepoint     ] Safepoint synchronization initiated. (19 threads)
[2023-11-14T21:02:47.399+0000][18.557s][info ][safepoint     ] Application time: 0.0765646 seconds
[2023-11-14T21:02:47.399+0000][18.557s][debug][safepoint     ] Waiting for 1 thread(s) to block
[2023-11-14T21:02:47.399+0000][18.557s][info ][safepoint     ] Entering safepoint region: Deoptimize
[2023-11-14T21:02:47.400+0000][18.558s][info ][safepoint     ] Leaving safepoint region
[2023-11-14T21:02:47.400+0000][18.558s][info ][safepoint     ] Total time for which application threads were stopped: 0.0009616 seconds, Stopping threads took: 0.0000283 seconds
[2023-11-14T21:02:47.704+0000][18.862s][debug][safepoint     ] Safepoint synchronization initiated. (19 threads)
[2023-11-14T21:02:47.704+0000][18.862s][info ][safepoint     ] Application time: 0.3034418 seconds
[2023-11-14T21:02:47.704+0000][18.862s][info ][safepoint     ] Entering safepoint region: ICBufferFull
[2023-11-14T21:02:47.704+0000][18.862s][info ][safepoint     ] Leaving safepoint region
[2023-11-14T21:02:47.704+0000][18.862s][info ][safepoint     ] Total time for which application threads were stopped: 0.0001749 seconds, Stopping threads took: 0.0000104 seconds
[2023-11-14T21:02:47.746+0000][18.904s][debug][safepoint     ] Safepoint synchronization initiated. (19 threads)
[2023-11-14T21:02:47.746+0000][18.904s][info ][safepoint     ] Application time: 0.0424285 seconds
[2023-11-14T21:02:47.746+0000][18.904s][debug][safepoint     ] Waiting for 1 thread(s) to block
[2023-11-14T21:02:47.746+0000][18.904s][info ][safepoint     ] Entering safepoint region: Deoptimize
[2023-11-14T21:02:47.747+0000][18.905s][info ][safepoint     ] Leaving safepoint region
[2023-11-14T21:02:47.747+0000][18.905s][info ][safepoint     ] Total time for which application threads were stopped: 0.0009624 seconds, Stopping threads took: 0.0000282 seconds
[2023-11-14T21:02:47.765+0000][18.923s][debug][safepoint     ] Safepoint synchronization initiated. (19 threads)
[2023-11-14T21:02:47.765+0000][18.923s][info ][safepoint     ] Application time: 0.0178697 seconds
[2023-11-14T21:02:47.765+0000][18.923s][debug][safepoint     ] Waiting for 1 thread(s) to block
[2023-11-14T21:02:47.765+0000][18.923s][info ][safepoint     ] Entering safepoint region: G1CollectForAllocation
[2023-11-14T21:02:47.765+0000][18.923s][info ][gc,start      ] GC(25) Pause Young (Normal) (G1 Evacuation Pause)
[2023-11-14T21:02:47.765+0000][18.923s][info ][gc,task       ] GC(25) Using 4 workers of 4 for evacuation
[2023-11-14T21:02:47.809+0000][18.967s][info ][gc,phases     ] GC(25)   Pre Evacuate Collection Set: 0.0ms
[2023-11-14T21:02:47.809+0000][18.967s][info ][gc,phases     ] GC(25)   Evacuate Collection Set: 39.1ms
[2023-11-14T21:02:47.809+0000][18.967s][info ][gc,phases     ] GC(25)   Post Evacuate Collection Set: 3.9ms
[2023-11-14T21:02:47.809+0000][18.967s][info ][gc,phases     ] GC(25)   Other: 0.2ms
[2023-11-14T21:02:47.809+0000][18.967s][info ][gc,heap       ] GC(25) Eden regions: 382->0(462)
[2023-11-14T21:02:47.809+0000][18.967s][info ][gc,heap       ] GC(25) Survivor regions: 33->32(52)
[2023-11-14T21:02:47.809+0000][18.967s][info ][gc,heap       ] GC(25) Old regions: 26->35
[2023-11-14T21:02:47.809+0000][18.967s][info ][gc,heap       ] GC(25) Humongous regions: 0->0
[2023-11-14T21:02:47.809+0000][18.967s][info ][gc,metaspace  ] GC(25) Metaspace: 84641K(87164K)->84641K(87164K) NonClass: 74179K(75776K)->74179K(75776K) Class: 10461K(11388K)->10461K(11388K)
[2023-11-14T21:02:47.809+0000][18.967s][info ][gc            ] GC(25) Pause Young (Normal) (G1 Evacuation Pause) 438M->65M(824M) 43.341ms
[2023-11-14T21:02:47.809+0000][18.967s][info ][gc,cpu        ] GC(25) User=0.16s Sys=0.00s Real=0.05s
[2023-11-14T21:02:47.809+0000][18.967s][info ][safepoint     ] Leaving safepoint region
[2023-11-14T21:02:47.809+0000][18.967s][info ][safepoint     ] Total time for which application threads were stopped: 0.0434942 seconds, Stopping threads took: 0.0000292 seconds
[2023-11-14T21:02:47.819+0000][18.977s][info ][gc,stringdedup] Concurrent String Deduplication (18.977s)
[2023-11-14T21:02:47.824+0000][18.982s][info ][gc,stringdedup] Concurrent String Deduplication 433.6K->234.8K(198.8K) avg 45.2% (18.977s, 18.982s) 5.260ms
[2023-11-14T21:02:47.900+0000][19.059s][debug][safepoint     ] Safepoint synchronization initiated. (20 threads)
[2023-11-14T21:02:47.901+0000][19.059s][info ][safepoint     ] Application time: 0.0918062 seconds
[2023-11-14T21:02:47.901+0000][19.059s][info ][safepoint     ] Entering safepoint region: Deoptimize
[2023-11-14T21:02:47.902+0000][19.060s][info ][safepoint     ] Leaving safepoint region
[2023-11-14T21:02:47.902+0000][19.060s][info ][safepoint     ] Total time for which application threads were stopped: 0.0011184 seconds, Stopping threads took: 0.0000127 seconds
[2023-11-14T21:02:48.086+0000][19.244s][debug][safepoint     ] Safepoint synchronization initiated. (20 threads)
[2023-11-14T21:02:48.086+0000][19.244s][info ][safepoint     ] Application time: 0.1839937 seconds
[2023-11-14T21:02:48.086+0000][19.244s][info ][safepoint     ] Entering safepoint region: Deoptimize
[2023-11-14T21:02:48.087+0000][19.245s][info ][safepoint     ] Leaving safepoint region
[2023-11-14T21:02:48.087+0000][19.245s][info ][safepoint     ] Total time for which application threads were stopped: 0.0010037 seconds, Stopping threads took: 0.0000111 seconds
[2023-11-14T21:02:48.722+0000][19.880s][debug][safepoint     ] Safepoint synchronization initiated. (22 threads)
[2023-11-14T21:02:48.722+0000][19.880s][info ][safepoint     ] Application time: 0.6351660 seconds
[2023-11-14T21:02:48.722+0000][19.880s][debug][safepoint     ] Waiting for 1 thread(s) to block
[2023-11-14T21:02:48.722+0000][19.880s][info ][safepoint     ] Entering safepoint region: Deoptimize
[2023-11-14T21:02:48.723+0000][19.881s][info ][safepoint     ] Leaving safepoint region
[2023-11-14T21:02:48.723+0000][19.881s][info ][safepoint     ] Total time for which application threads were stopped: 0.0010227 seconds, Stopping threads took: 0.0000286 seconds
[2023-11-14T21:02:48.770+0000][19.928s][debug][safepoint     ] Safepoint synchronization initiated. (22 threads)
[2023-11-14T21:02:48.770+0000][19.928s][info ][safepoint     ] Application time: 0.0473088 seconds
[2023-11-14T21:02:48.770+0000][19.928s][debug][safepoint     ] Waiting for 1 thread(s) to block
[2023-11-14T21:02:48.770+0000][19.928s][info ][safepoint     ] Entering safepoint region: Deoptimize
[2023-11-14T21:02:48.771+0000][19.929s][info ][safepoint     ] Leaving safepoint region
[2023-11-14T21:02:48.771+0000][19.929s][info ][safepoint     ] Total time for which application threads were stopped: 0.0009536 seconds, Stopping threads took: 0.0000263 seconds
[2023-11-14T21:02:48.772+0000][19.930s][debug][safepoint     ] Safepoint synchronization initiated. (22 threads)
[2023-11-14T21:02:48.772+0000][19.930s][info ][safepoint     ] Application time: 0.0009801 seconds
[2023-11-14T21:02:48.772+0000][19.930s][debug][safepoint     ] Waiting for 1 thread(s) to block
[2023-11-14T21:02:48.772+0000][19.930s][info ][safepoint     ] Entering safepoint region: Deoptimize
[2023-11-14T21:02:48.773+0000][19.931s][info ][safepoint     ] Leaving safepoint region
[2023-11-14T21:02:48.773+0000][19.931s][info ][safepoint     ] Total time for which application threads were stopped: 0.0005888 seconds, Stopping threads took: 0.0000225 seconds
[2023-11-14T21:02:48.817+0000][19.975s][debug][safepoint     ] Safepoint synchronization initiated. (22 threads)
[2023-11-14T21:02:48.817+0000][19.975s][info ][safepoint     ] Application time: 0.0440047 seconds
[2023-11-14T21:02:48.817+0000][19.975s][info ][safepoint     ] Entering safepoint region: Deoptimize
[2023-11-14T21:02:48.818+0000][19.976s][info ][safepoint     ] Leaving safepoint region
[2023-11-14T21:02:48.818+0000][19.976s][info ][safepoint     ] Total time for which application threads were stopped: 0.0009942 seconds, Stopping threads took: 0.0000108 seconds
[2023-11-14T21:02:48.825+0000][19.983s][debug][safepoint     ] Safepoint synchronization initiated. (22 threads)
[2023-11-14T21:02:48.825+0000][19.983s][info ][safepoint     ] Application time: 0.0072806 seconds
[2023-11-14T21:02:48.825+0000][19.983s][info ][safepoint     ] Entering safepoint region: Deoptimize
[2023-11-14T21:02:48.826+0000][19.984s][info ][safepoint     ] Leaving safepoint region
[2023-11-14T21:02:48.826+0000][19.984s][info ][safepoint     ] Total time for which application threads were stopped: 0.0010141 seconds, Stopping threads took: 0.0000112 seconds
[2023-11-14T21:02:48.860+0000][20.018s][debug][safepoint     ] Safepoint synchronization initiated. (22 threads)
[2023-11-14T21:02:48.860+0000][20.018s][info ][safepoint     ] Application time: 0.0338417 seconds
[2023-11-14T21:02:48.860+0000][20.018s][info ][safepoint     ] Entering safepoint region: Deoptimize
[2023-11-14T21:02:48.861+0000][20.019s][info ][safepoint     ] Leaving safepoint region
[2023-11-14T21:02:48.861+0000][20.019s][info ][safepoint     ] Total time for which application threads were stopped: 0.0009673 seconds, Stopping threads took: 0.0000109 seconds
[2023-11-14T21:02:49.184+0000][20.342s][debug][safepoint     ] Safepoint synchronization initiated. (25 threads)
[2023-11-14T21:02:49.184+0000][20.342s][info ][safepoint     ] Application time: 0.3231673 seconds
[2023-11-14T21:02:49.184+0000][20.342s][debug][safepoint     ] Waiting for 1 thread(s) to block
[2023-11-14T21:02:49.184+0000][20.342s][info ][safepoint     ] Entering safepoint region: ICBufferFull
[2023-11-14T21:02:49.184+0000][20.342s][info ][safepoint     ] Leaving safepoint region
[2023-11-14T21:02:49.184+0000][20.342s][info ][safepoint     ] Total time for which application threads were stopped: 0.0002386 seconds, Stopping threads took: 0.0000305 seconds
[2023-11-14T21:02:49.203+0000][20.361s][debug][safepoint     ] Safepoint synchronization initiated. (25 threads)
[2023-11-14T21:02:49.203+0000][20.361s][info ][safepoint     ] Application time: 0.0182954 seconds
[2023-11-14T21:02:49.203+0000][20.361s][debug][safepoint     ] Waiting for 1 thread(s) to block
[2023-11-14T21:02:49.203+0000][20.361s][info ][safepoint     ] Entering safepoint region: ICBufferFull
[2023-11-14T21:02:49.203+0000][20.361s][info ][safepoint     ] Leaving safepoint region
[2023-11-14T21:02:49.203+0000][20.361s][info ][safepoint     ] Total time for which application threads were stopped: 0.0002133 seconds, Stopping threads took: 0.0000552 seconds
[2023-11-14T21:02:49.569+0000][20.727s][debug][safepoint     ] Safepoint synchronization initiated. (33 threads)
[2023-11-14T21:02:49.569+0000][20.728s][info ][safepoint     ] Application time: 0.3665856 seconds
[2023-11-14T21:02:49.569+0000][20.728s][debug][safepoint     ] Waiting for 2 thread(s) to block
[2023-11-14T21:02:49.569+0000][20.728s][info ][safepoint     ] Entering safepoint region: ICBufferFull
[2023-11-14T21:02:49.570+0000][20.728s][info ][safepoint     ] Leaving safepoint region
[2023-11-14T21:02:49.570+0000][20.728s][info ][safepoint     ] Total time for which application threads were stopped: 0.0002300 seconds, Stopping threads took: 0.0000363 seconds
[2023-11-14T21:02:49.652+0000][20.810s][debug][safepoint     ] Safepoint synchronization initiated. (33 threads)
[2023-11-14T21:02:49.652+0000][20.810s][info ][safepoint     ] Application time: 0.0821266 seconds
[2023-11-14T21:02:49.652+0000][20.810s][debug][safepoint     ] Waiting for 1 thread(s) to block
[2023-11-14T21:02:49.652+0000][20.810s][info ][safepoint     ] Entering safepoint region: Deoptimize
[2023-11-14T21:02:49.653+0000][20.811s][info ][safepoint     ] Leaving safepoint region
[2023-11-14T21:02:49.653+0000][20.811s][info ][safepoint     ] Total time for which application threads were stopped: 0.0010962 seconds, Stopping threads took: 0.0000319 seconds
[2023-11-14T21:02:49.958+0000][21.116s][debug][safepoint     ] Safepoint synchronization initiated. (37 threads)
[2023-11-14T21:02:49.958+0000][21.117s][info ][safepoint     ] Application time: 0.3055070 seconds
[2023-11-14T21:02:49.958+0000][21.117s][info ][safepoint     ] Entering safepoint region: G1CollectForAllocation
[2023-11-14T21:02:49.959+0000][21.117s][info ][gc,start      ] GC(26) Pause Young (Normal) (G1 Evacuation Pause)
[2023-11-14T21:02:49.959+0000][21.117s][info ][gc,task       ] GC(26) Using 4 workers of 4 for evacuation
[2023-11-14T21:02:49.995+0000][21.153s][info ][gc,phases     ] GC(26)   Pre Evacuate Collection Set: 0.0ms
[2023-11-14T21:02:49.995+0000][21.153s][info ][gc,phases     ] GC(26)   Evacuate Collection Set: 32.7ms
[2023-11-14T21:02:49.995+0000][21.153s][info ][gc,phases     ] GC(26)   Post Evacuate Collection Set: 3.5ms
[2023-11-14T21:02:49.995+0000][21.153s][info ][gc,phases     ] GC(26)   Other: 0.3ms
[2023-11-14T21:02:49.995+0000][21.153s][info ][gc,heap       ] GC(26) Eden regions: 462->0(453)
[2023-11-14T21:02:49.995+0000][21.153s][info ][gc,heap       ] GC(26) Survivor regions: 32->41(62)
[2023-11-14T21:02:49.995+0000][21.153s][info ][gc,heap       ] GC(26) Old regions: 35->35
[2023-11-14T21:02:49.995+0000][21.153s][info ][gc,heap       ] GC(26) Humongous regions: 0->0
[2023-11-14T21:02:49.995+0000][21.153s][info ][gc,metaspace  ] GC(26) Metaspace: 96329K(99196K)->96329K(99196K) NonClass: 84503K(86272K)->84503K(86272K) Class: 11825K(12924K)->11825K(12924K)
[2023-11-14T21:02:49.995+0000][21.153s][info ][gc            ] GC(26) Pause Young (Normal) (G1 Evacuation Pause) 527M->74M(824M) 36.746ms
[2023-11-14T21:02:49.995+0000][21.154s][info ][gc,cpu        ] GC(26) User=0.11s Sys=0.01s Real=0.04s
[2023-11-14T21:02:49.996+0000][21.154s][info ][safepoint     ] Leaving safepoint region
[2023-11-14T21:02:49.996+0000][21.154s][info ][safepoint     ] Total time for which application threads were stopped: 0.0371039 seconds, Stopping threads took: 0.0000161 seconds
[2023-11-14T21:02:49.996+0000][21.154s][info ][gc,stringdedup] Concurrent String Deduplication (21.154s)
[2023-11-14T21:02:50.000+0000][21.158s][debug][safepoint     ] Safepoint synchronization initiated. (37 threads)
[2023-11-14T21:02:50.000+0000][21.158s][info ][safepoint     ] Application time: 0.0046869 seconds
[2023-11-14T21:02:50.000+0000][21.158s][info ][safepoint     ] Entering safepoint region: Deoptimize
[2023-11-14T21:02:50.001+0000][21.159s][info ][safepoint     ] Leaving safepoint region
[2023-11-14T21:02:50.001+0000][21.159s][info ][safepoint     ] Total time for which application threads were stopped: 0.0010996 seconds, Stopping threads took: 0.0000216 seconds
[2023-11-14T21:02:50.009+0000][21.167s][info ][gc,stringdedup] Concurrent String Deduplication 1015.5K->244.5K(771.0K) avg 47.9% (21.154s, 21.167s) 12.220ms
[2023-11-14T21:02:50.145+0000][21.303s][debug][safepoint     ] Safepoint synchronization initiated. (37 threads)
[2023-11-14T21:02:50.145+0000][21.303s][info ][safepoint     ] Application time: 0.1432909 seconds
[2023-11-14T21:02:50.145+0000][21.303s][info ][safepoint     ] Entering safepoint region: Deoptimize
[2023-11-14T21:02:50.146+0000][21.304s][info ][safepoint     ] Leaving safepoint region
[2023-11-14T21:02:50.146+0000][21.304s][info ][safepoint     ] Total time for which application threads were stopped: 0.0013443 seconds, Stopping threads took: 0.0000211 seconds
[2023-11-14T21:02:50.208+0000][21.366s][debug][safepoint     ] Safepoint synchronization initiated. (37 threads)
[2023-11-14T21:02:50.208+0000][21.366s][info ][safepoint     ] Application time: 0.0618991 seconds
[2023-11-14T21:02:50.208+0000][21.366s][info ][safepoint     ] Entering safepoint region: Deoptimize
[2023-11-14T21:02:50.209+0000][21.367s][info ][safepoint     ] Leaving safepoint region
[2023-11-14T21:02:50.209+0000][21.367s][info ][safepoint     ] Total time for which application threads were stopped: 0.0010614 seconds, Stopping threads took: 0.0000127 seconds
[2023-11-14T21:02:50.210+0000][21.368s][debug][safepoint     ] Safepoint synchronization initiated. (37 threads)
[2023-11-14T21:02:50.210+0000][21.368s][info ][safepoint     ] Application time: 0.0013053 seconds
[2023-11-14T21:02:50.210+0000][21.368s][debug][safepoint     ] Waiting for 1 thread(s) to block
[2023-11-14T21:02:50.210+0000][21.368s][info ][safepoint     ] Entering safepoint region: Deoptimize
[2023-11-14T21:02:50.211+0000][21.369s][info ][safepoint     ] Leaving safepoint region
[2023-11-14T21:02:50.211+0000][21.369s][info ][safepoint     ] Total time for which application threads were stopped: 0.0010269 seconds, Stopping threads took: 0.0000495 seconds
[2023-11-14T21:02:50.267+0000][21.425s][debug][safepoint     ] Safepoint synchronization initiated. (37 threads)
[2023-11-14T21:02:50.267+0000][21.425s][info ][safepoint     ] Application time: 0.0557408 seconds
[2023-11-14T21:02:50.267+0000][21.425s][info ][safepoint     ] Entering safepoint region: Deoptimize
[2023-11-14T21:02:50.268+0000][21.426s][info ][safepoint     ] Leaving safepoint region
[2023-11-14T21:02:50.268+0000][21.426s][info ][safepoint     ] Total time for which application threads were stopped: 0.0010905 seconds, Stopping threads took: 0.0000123 seconds
[2023-11-14T21:02:50.290+0000][21.448s][debug][safepoint     ] Safepoint synchronization initiated. (37 threads)
[2023-11-14T21:02:50.290+0000][21.448s][info ][safepoint     ] Application time: 0.0221651 seconds
[2023-11-14T21:02:50.290+0000][21.448s][debug][safepoint     ] Waiting for 1 thread(s) to block
[2023-11-14T21:02:50.290+0000][21.449s][info ][safepoint     ] Entering safepoint region: ICBufferFull
[2023-11-14T21:02:50.291+0000][21.449s][info ][safepoint     ] Leaving safepoint region
[2023-11-14T21:02:50.291+0000][21.449s][info ][safepoint     ] Total time for which application threads were stopped: 0.0002641 seconds, Stopping threads took: 0.0000630 seconds
[2023-11-14T21:02:50.379+0000][21.537s][debug][safepoint     ] Safepoint synchronization initiated. (37 threads)
[2023-11-14T21:02:50.379+0000][21.537s][info ][safepoint     ] Application time: 0.0887435 seconds
[2023-11-14T21:02:50.379+0000][21.538s][debug][safepoint     ] Waiting for 1 thread(s) to block
[2023-11-14T21:02:50.379+0000][21.538s][info ][safepoint     ] Entering safepoint region: ICBufferFull
[2023-11-14T21:02:50.380+0000][21.538s][info ][safepoint     ] Leaving safepoint region
[2023-11-14T21:02:50.380+0000][21.538s][info ][safepoint     ] Total time for which application threads were stopped: 0.0002898 seconds, Stopping threads took: 0.0000594 seconds
[2023-11-14T21:02:50.915+0000][22.073s][debug][safepoint     ] Safepoint synchronization initiated. (37 threads)
[2023-11-14T21:02:50.915+0000][22.073s][info ][safepoint     ] Application time: 0.5348347 seconds
[2023-11-14T21:02:50.915+0000][22.073s][debug][safepoint     ] Waiting for 1 thread(s) to block
[2023-11-14T21:02:50.915+0000][22.073s][info ][safepoint     ] Entering safepoint region: ICBufferFull
[2023-11-14T21:02:50.915+0000][22.073s][info ][safepoint     ] Leaving safepoint region
[2023-11-14T21:02:50.915+0000][22.073s][info ][safepoint     ] Total time for which application threads were stopped: 0.0002609 seconds, Stopping threads took: 0.0000320 seconds
[2023-11-14T21:02:51.172+0000][22.330s][debug][safepoint     ] Safepoint synchronization initiated. (38 threads)
[2023-11-14T21:02:51.172+0000][22.330s][info ][safepoint     ] Application time: 0.2567586 seconds
[2023-11-14T21:02:51.172+0000][22.330s][debug][safepoint     ] Waiting for 1 thread(s) to block
[2023-11-14T21:02:51.172+0000][22.330s][info ][safepoint     ] Entering safepoint region: ICBufferFull
[2023-11-14T21:02:51.172+0000][22.330s][info ][safepoint     ] Leaving safepoint region
[2023-11-14T21:02:51.172+0000][22.330s][info ][safepoint     ] Total time for which application threads were stopped: 0.0002074 seconds, Stopping threads took: 0.0000293 seconds
[2023-11-14T21:02:51.560+0000][22.718s][debug][safepoint     ] Safepoint synchronization initiated. (38 threads)
[2023-11-14T21:02:51.560+0000][22.718s][info ][safepoint     ] Application time: 0.3884999 seconds
[2023-11-14T21:02:51.560+0000][22.718s][info ][safepoint     ] Entering safepoint region: Deoptimize
[2023-11-14T21:02:51.562+0000][22.720s][info ][safepoint     ] Leaving safepoint region
[2023-11-14T21:02:51.562+0000][22.720s][info ][safepoint     ] Total time for which application threads were stopped: 0.0013436 seconds, Stopping threads took: 0.0000122 seconds
[2023-11-14T21:02:51.609+0000][22.767s][debug][safepoint     ] Safepoint synchronization initiated. (38 threads)
[2023-11-14T21:02:51.609+0000][22.767s][info ][safepoint     ] Application time: 0.0470292 seconds
[2023-11-14T21:02:51.609+0000][22.767s][info ][safepoint     ] Entering safepoint region: Deoptimize
[2023-11-14T21:02:51.610+0000][22.768s][info ][safepoint     ] Leaving safepoint region
[2023-11-14T21:02:51.610+0000][22.768s][info ][safepoint     ] Total time for which application threads were stopped: 0.0010790 seconds, Stopping threads took: 0.0000212 seconds
[2023-11-14T21:02:51.885+0000][23.043s][debug][safepoint     ] Safepoint synchronization initiated. (41 threads)
[2023-11-14T21:02:51.885+0000][23.043s][info ][safepoint     ] Application time: 0.2752634 seconds
[2023-11-14T21:02:51.885+0000][23.043s][info ][safepoint     ] Entering safepoint region: G1CollectForAllocation
[2023-11-14T21:02:51.885+0000][23.043s][info ][gc,start      ] GC(27) Pause Young (Normal) (G1 Evacuation Pause)
[2023-11-14T21:02:51.885+0000][23.043s][info ][gc,task       ] GC(27) Using 4 workers of 4 for evacuation
[2023-11-14T21:02:51.941+0000][23.099s][info ][gc,phases     ] GC(27)   Pre Evacuate Collection Set: 0.0ms
[2023-11-14T21:02:51.941+0000][23.099s][info ][gc,phases     ] GC(27)   Evacuate Collection Set: 52.2ms
[2023-11-14T21:02:51.941+0000][23.099s][info ][gc,phases     ] GC(27)   Post Evacuate Collection Set: 3.2ms
[2023-11-14T21:02:51.941+0000][23.099s][info ][gc,phases     ] GC(27)   Other: 0.2ms
[2023-11-14T21:02:51.941+0000][23.099s][info ][gc,heap       ] GC(27) Eden regions: 453->0(455)
[2023-11-14T21:02:51.941+0000][23.099s][info ][gc,heap       ] GC(27) Survivor regions: 41->39(62)
[2023-11-14T21:02:51.941+0000][23.099s][info ][gc,heap       ] GC(27) Old regions: 35->46
[2023-11-14T21:02:51.941+0000][23.099s][info ][gc,heap       ] GC(27) Humongous regions: 1->0
[2023-11-14T21:02:51.941+0000][23.099s][info ][gc,metaspace  ] GC(27) Metaspace: 104933K(107900K)->104933K(107900K) NonClass: 92336K(94208K)->92336K(94208K) Class: 12596K(13692K)->12596K(13692K)
[2023-11-14T21:02:51.941+0000][23.099s][info ][gc            ] GC(27) Pause Young (Normal) (G1 Evacuation Pause) 528M->83M(824M) 55.694ms
[2023-11-14T21:02:51.941+0000][23.099s][info ][gc,cpu        ] GC(27) User=0.22s Sys=0.00s Real=0.06s
[2023-11-14T21:02:51.941+0000][23.099s][info ][safepoint     ] Leaving safepoint region
[2023-11-14T21:02:51.941+0000][23.099s][info ][safepoint     ] Total time for which application threads were stopped: 0.0559060 seconds, Stopping threads took: 0.0000128 seconds
[2023-11-14T21:02:51.947+0000][23.106s][info ][gc,stringdedup] Concurrent String Deduplication (23.106s)
[2023-11-14T21:02:51.951+0000][23.109s][info ][gc,stringdedup] Concurrent String Deduplication 617.3K->172.4K(444.9K) avg 49.1% (23.106s, 23.109s) 3.025ms
[2023-11-14T21:02:52.181+0000][23.339s][debug][safepoint     ] Safepoint synchronization initiated. (41 threads)
[2023-11-14T21:02:52.181+0000][23.339s][info ][safepoint     ] Application time: 0.2399479 seconds
[2023-11-14T21:02:52.181+0000][23.339s][debug][safepoint     ] Waiting for 1 thread(s) to block
[2023-11-14T21:02:52.181+0000][23.339s][info ][safepoint     ] Entering safepoint region: Deoptimize
[2023-11-14T21:02:52.182+0000][23.340s][info ][safepoint     ] Leaving safepoint region
[2023-11-14T21:02:52.182+0000][23.340s][info ][safepoint     ] Total time for which application threads were stopped: 0.0011155 seconds, Stopping threads took: 0.0000319 seconds
[2023-11-14T21:02:52.601+0000][23.759s][debug][safepoint     ] Safepoint synchronization initiated. (40 threads)
[2023-11-14T21:02:52.601+0000][23.759s][info ][safepoint     ] Application time: 0.4190347 seconds
[2023-11-14T21:02:52.601+0000][23.759s][debug][safepoint     ] Waiting for 1 thread(s) to block
[2023-11-14T21:02:52.601+0000][23.759s][info ][safepoint     ] Entering safepoint region: ICBufferFull
[2023-11-14T21:02:52.601+0000][23.759s][info ][safepoint     ] Leaving safepoint region
[2023-11-14T21:02:52.601+0000][23.759s][info ][safepoint     ] Total time for which application threads were stopped: 0.0002782 seconds, Stopping threads took: 0.0000527 seconds
[2023-11-14T21:02:52.836+0000][23.994s][debug][safepoint     ] Safepoint synchronization initiated. (41 threads)
[2023-11-14T21:02:52.836+0000][23.995s][info ][safepoint     ] Application time: 0.2350214 seconds
[2023-11-14T21:02:52.836+0000][23.995s][info ][safepoint     ] Entering safepoint region: Deoptimize
[2023-11-14T21:02:52.838+0000][23.996s][info ][safepoint     ] Leaving safepoint region
[2023-11-14T21:02:52.838+0000][23.996s][info ][safepoint     ] Total time for which application threads were stopped: 0.0011208 seconds, Stopping threads took: 0.0000138 seconds
[2023-11-14T21:02:52.895+0000][24.053s][debug][safepoint     ] Safepoint synchronization initiated. (41 threads)
[2023-11-14T21:02:52.895+0000][24.053s][info ][safepoint     ] Application time: 0.0574764 seconds
[2023-11-14T21:02:52.895+0000][24.053s][info ][safepoint     ] Entering safepoint region: Deoptimize
[2023-11-14T21:02:52.896+0000][24.054s][info ][safepoint     ] Leaving safepoint region
[2023-11-14T21:02:52.896+0000][24.054s][info ][safepoint     ] Total time for which application threads were stopped: 0.0011002 seconds, Stopping threads took: 0.0000131 seconds
[2023-11-14T21:02:52.925+0000][24.083s][debug][safepoint     ] Safepoint synchronization initiated. (41 threads)
[2023-11-14T21:02:52.925+0000][24.083s][info ][safepoint     ] Application time: 0.0290959 seconds
[2023-11-14T21:02:52.925+0000][24.083s][info ][safepoint     ] Entering safepoint region: Deoptimize
[2023-11-14T21:02:52.926+0000][24.084s][info ][safepoint     ] Leaving safepoint region
[2023-11-14T21:02:52.926+0000][24.084s][info ][safepoint     ] Total time for which application threads were stopped: 0.0010532 seconds, Stopping threads took: 0.0000132 seconds
[2023-11-14T21:02:52.962+0000][24.120s][debug][safepoint     ] Safepoint synchronization initiated. (41 threads)
[2023-11-14T21:02:52.962+0000][24.120s][info ][safepoint     ] Application time: 0.0357311 seconds
[2023-11-14T21:02:52.962+0000][24.120s][info ][safepoint     ] Entering safepoint region: Deoptimize
[2023-11-14T21:02:52.963+0000][24.121s][info ][safepoint     ] Leaving safepoint region
[2023-11-14T21:02:52.963+0000][24.122s][info ][safepoint     ] Total time for which application threads were stopped: 0.0013438 seconds, Stopping threads took: 0.0000130 seconds
[2023-11-14T21:02:53.091+0000][24.249s][debug][safepoint     ] Safepoint synchronization initiated. (41 threads)
[2023-11-14T21:02:53.091+0000][24.249s][info ][safepoint     ] Application time: 0.1278269 seconds
[2023-11-14T21:02:53.091+0000][24.249s][info ][safepoint     ] Entering safepoint region: Deoptimize
[2023-11-14T21:02:53.092+0000][24.250s][info ][safepoint     ] Leaving safepoint region
[2023-11-14T21:02:53.092+0000][24.250s][info ][safepoint     ] Total time for which application threads were stopped: 0.0011201 seconds, Stopping threads took: 0.0000141 seconds
[2023-11-14T21:02:53.094+0000][24.252s][debug][safepoint     ] Safepoint synchronization initiated. (41 threads)
[2023-11-14T21:02:53.094+0000][24.252s][info ][safepoint     ] Application time: 0.0012193 seconds
[2023-11-14T21:02:53.094+0000][24.252s][info ][safepoint     ] Entering safepoint region: Deoptimize
[2023-11-14T21:02:53.095+0000][24.253s][info ][safepoint     ] Leaving safepoint region
[2023-11-14T21:02:53.095+0000][24.253s][info ][safepoint     ] Total time for which application threads were stopped: 0.0009382 seconds, Stopping threads took: 0.0000107 seconds
[2023-11-14T21:02:53.482+0000][24.640s][debug][safepoint     ] Safepoint synchronization initiated. (41 threads)
[2023-11-14T21:02:53.482+0000][24.641s][info ][safepoint     ] Application time: 0.3878496 seconds
[2023-11-14T21:02:53.482+0000][24.641s][info ][safepoint     ] Entering safepoint region: CollectForMetadataAllocation
[2023-11-14T21:02:53.483+0000][24.641s][info ][gc,start      ] GC(28) Pause Young (Concurrent Start) (Metadata GC Threshold)
[2023-11-14T21:02:53.483+0000][24.641s][info ][gc,task       ] GC(28) Using 4 workers of 4 for evacuation
[2023-11-14T21:02:53.523+0000][24.681s][info ][gc,phases     ] GC(28)   Pre Evacuate Collection Set: 0.2ms
[2023-11-14T21:02:53.523+0000][24.681s][info ][gc,phases     ] GC(28)   Evacuate Collection Set: 37.4ms
[2023-11-14T21:02:53.523+0000][24.681s][info ][gc,phases     ] GC(28)   Post Evacuate Collection Set: 2.7ms
[2023-11-14T21:02:53.523+0000][24.681s][info ][gc,phases     ] GC(28)   Other: 0.3ms
[2023-11-14T21:02:53.523+0000][24.681s][info ][gc,heap       ] GC(28) Eden regions: 182->0(461)
[2023-11-14T21:02:53.523+0000][24.681s][info ][gc,heap       ] GC(28) Survivor regions: 39->33(62)
[2023-11-14T21:02:53.523+0000][24.681s][info ][gc,heap       ] GC(28) Old regions: 46->57
[2023-11-14T21:02:53.523+0000][24.681s][info ][gc,heap       ] GC(28) Humongous regions: 0->0
[2023-11-14T21:02:53.523+0000][24.681s][info ][gc,metaspace  ] GC(28) Metaspace: 113646K(116900K)->113646K(116900K) NonClass: 100015K(102056K)->100015K(102056K) Class: 13630K(14844K)->13630K(14844K)
[2023-11-14T21:02:53.523+0000][24.681s][info ][gc            ] GC(28) Pause Young (Concurrent Start) (Metadata GC Threshold) 265M->88M(824M) 40.727ms
[2023-11-14T21:02:53.523+0000][24.681s][info ][gc,cpu        ] GC(28) User=0.13s Sys=0.00s Real=0.04s
[2023-11-14T21:02:53.523+0000][24.682s][info ][gc            ] GC(29) Concurrent Cycle
[2023-11-14T21:02:53.524+0000][24.682s][info ][gc,marking    ] GC(29) Concurrent Clear Claimed Marks
[2023-11-14T21:02:53.524+0000][24.682s][info ][safepoint     ] Leaving safepoint region
[2023-11-14T21:02:53.524+0000][24.682s][info ][safepoint     ] Total time for which application threads were stopped: 0.0410531 seconds, Stopping threads took: 0.0000135 seconds
[2023-11-14T21:02:53.524+0000][24.682s][info ][gc,stringdedup] Concurrent String Deduplication (24.682s)
[2023-11-14T21:02:53.524+0000][24.682s][info ][gc,marking    ] GC(29) Concurrent Clear Claimed Marks 0.229ms
[2023-11-14T21:02:53.524+0000][24.682s][info ][gc,marking    ] GC(29) Concurrent Scan Root Regions
[2023-11-14T21:02:53.543+0000][24.701s][info ][gc,stringdedup] Concurrent String Deduplication 951.0K->444.9K(506.1K) avg 49.4% (24.682s, 24.701s) 19.229ms
[2023-11-14T21:02:53.560+0000][24.718s][info ][gc,marking    ] GC(29) Concurrent Scan Root Regions 36.528ms
[2023-11-14T21:02:53.560+0000][24.718s][info ][gc,marking    ] GC(29) Concurrent Mark (24.718s)
[2023-11-14T21:02:53.560+0000][24.718s][info ][gc,marking    ] GC(29) Concurrent Mark From Roots
[2023-11-14T21:02:53.560+0000][24.718s][info ][gc,task       ] GC(29) Using 1 workers of 1 for marking
[2023-11-14T21:02:53.653+0000][24.811s][debug][safepoint     ] Safepoint synchronization initiated. (41 threads)
[2023-11-14T21:02:53.653+0000][24.811s][info ][safepoint     ] Application time: 0.1294253 seconds
[2023-11-14T21:02:53.653+0000][24.811s][info ][safepoint     ] Entering safepoint region: CollectForMetadataAllocation
[2023-11-14T21:02:53.653+0000][24.811s][info ][safepoint     ] Leaving safepoint region
[2023-11-14T21:02:53.653+0000][24.811s][info ][safepoint     ] Total time for which application threads were stopped: 0.0001486 seconds, Stopping threads took: 0.0000135 seconds
[2023-11-14T21:02:53.668+0000][24.826s][info ][gc,marking    ] GC(29) Concurrent Mark From Roots 107.234ms
[2023-11-14T21:02:53.668+0000][24.826s][info ][gc,marking    ] GC(29) Concurrent Preclean
[2023-11-14T21:02:53.668+0000][24.826s][info ][gc,marking    ] GC(29) Concurrent Preclean 0.094ms
[2023-11-14T21:02:53.668+0000][24.826s][info ][gc,marking    ] GC(29) Concurrent Mark (24.718s, 24.826s) 107.386ms
[2023-11-14T21:02:53.668+0000][24.826s][debug][safepoint     ] Safepoint synchronization initiated. (41 threads)
[2023-11-14T21:02:53.668+0000][24.826s][info ][safepoint     ] Application time: 0.0146312 seconds
[2023-11-14T21:02:53.668+0000][24.826s][debug][safepoint     ] ... found polling page return exception at pc = 0x00007fe1806d2524, stub =0x00007fe17883a800
[2023-11-14T21:02:53.668+0000][24.826s][debug][safepoint     ] Waiting for 1 thread(s) to block
[2023-11-14T21:02:53.668+0000][24.826s][info ][safepoint     ] Entering safepoint region: CGC_Operation
[2023-11-14T21:02:53.668+0000][24.826s][info ][gc,start      ] GC(29) Pause Remark
[2023-11-14T21:02:53.689+0000][24.847s][info ][gc,stringtable] GC(29) Cleaned string and symbol table, strings: 54063 processed, 66 removed, symbols: 314641 processed, 386 removed
[2023-11-14T21:02:53.689+0000][24.847s][info ][gc            ] GC(29) Pause Remark 112M->112M(824M) 21.465ms
[2023-11-14T21:02:53.689+0000][24.847s][info ][gc,cpu        ] GC(29) User=0.09s Sys=0.00s Real=0.02s
[2023-11-14T21:02:53.689+0000][24.848s][info ][safepoint     ] Leaving safepoint region
[2023-11-14T21:02:53.689+0000][24.848s][info ][safepoint     ] Total time for which application threads were stopped: 0.0216750 seconds, Stopping threads took: 0.0000816 seconds
[2023-11-14T21:02:53.689+0000][24.848s][info ][gc,marking    ] GC(29) Concurrent Rebuild Remembered Sets
[2023-11-14T21:02:53.761+0000][24.919s][info ][gc,marking    ] GC(29) Concurrent Rebuild Remembered Sets 70.999ms
[2023-11-14T21:02:53.761+0000][24.919s][debug][safepoint     ] Safepoint synchronization initiated. (41 threads)
[2023-11-14T21:02:53.761+0000][24.919s][info ][safepoint     ] Application time: 0.0711164 seconds
[2023-11-14T21:02:53.761+0000][24.919s][info ][safepoint     ] Entering safepoint region: CGC_Operation
[2023-11-14T21:02:53.761+0000][24.919s][info ][gc,start      ] GC(29) Pause Cleanup
[2023-11-14T21:02:53.761+0000][24.919s][info ][gc            ] GC(29) Pause Cleanup 122M->122M(824M) 0.199ms
[2023-11-14T21:02:53.761+0000][24.919s][info ][gc,cpu        ] GC(29) User=0.00s Sys=0.00s Real=0.00s
[2023-11-14T21:02:53.761+0000][24.919s][info ][safepoint     ] Leaving safepoint region
[2023-11-14T21:02:53.761+0000][24.919s][info ][safepoint     ] Total time for which application threads were stopped: 0.0003496 seconds, Stopping threads took: 0.0000220 seconds
[2023-11-14T21:02:53.761+0000][24.919s][info ][gc,marking    ] GC(29) Concurrent Cleanup for Next Mark
[2023-11-14T21:02:53.764+0000][24.922s][info ][gc,marking    ] GC(29) Concurrent Cleanup for Next Mark 2.593ms
[2023-11-14T21:02:53.764+0000][24.922s][info ][gc            ] GC(29) Concurrent Cycle 240.136ms
[2023-11-14T21:02:54.761+0000][25.919s][debug][safepoint     ] Safepoint synchronization initiated. (42 threads)
[2023-11-14T21:02:54.761+0000][25.919s][info ][safepoint     ] Application time: 1.0001052 seconds
[2023-11-14T21:02:54.761+0000][25.919s][debug][safepoint     ] Waiting for 1 thread(s) to block
[2023-11-14T21:02:54.761+0000][25.920s][info ][safepoint     ] Entering safepoint region: Cleanup
[2023-11-14T21:02:54.762+0000][25.920s][info ][safepoint     ] Leaving safepoint region
[2023-11-14T21:02:54.762+0000][25.920s][info ][safepoint     ] Total time for which application threads were stopped: 0.0007318 seconds, Stopping threads took: 0.0004449 seconds
[2023-11-14T21:02:55.002+0000][26.160s][debug][safepoint     ] Safepoint synchronization initiated. (42 threads)
[2023-11-14T21:02:55.002+0000][26.160s][info ][safepoint     ] Application time: 0.2398782 seconds
[2023-11-14T21:02:55.002+0000][26.160s][info ][safepoint     ] Entering safepoint region: Deoptimize
[2023-11-14T21:02:55.003+0000][26.161s][info ][safepoint     ] Leaving safepoint region
[2023-11-14T21:02:55.003+0000][26.161s][info ][safepoint     ] Total time for which application threads were stopped: 0.0016132 seconds, Stopping threads took: 0.0000373 seconds
[2023-11-14T21:02:55.190+0000][26.348s][debug][safepoint     ] Safepoint synchronization initiated. (42 threads)
[2023-11-14T21:02:55.190+0000][26.348s][info ][safepoint     ] Application time: 0.1863409 seconds
[2023-11-14T21:02:55.190+0000][26.348s][info ][safepoint     ] Entering safepoint region: Deoptimize
[2023-11-14T21:02:55.191+0000][26.349s][info ][safepoint     ] Leaving safepoint region
[2023-11-14T21:02:55.191+0000][26.349s][info ][safepoint     ] Total time for which application threads were stopped: 0.0013592 seconds, Stopping threads took: 0.0000217 seconds
[2023-11-14T21:02:55.547+0000][26.705s][debug][safepoint     ] Safepoint synchronization initiated. (43 threads)
[2023-11-14T21:02:55.547+0000][26.705s][info ][safepoint     ] Application time: 0.3563217 seconds
[2023-11-14T21:02:55.547+0000][26.705s][info ][safepoint     ] Entering safepoint region: G1CollectForAllocation
[2023-11-14T21:02:55.548+0000][26.706s][info ][gc,start      ] GC(30) Pause Young (Concurrent Start) (G1 Evacuation Pause)
[2023-11-14T21:02:55.548+0000][26.706s][info ][gc,task       ] GC(30) Using 4 workers of 4 for evacuation
[2023-11-14T21:02:55.594+0000][26.752s][info ][gc,phases     ] GC(30)   Pre Evacuate Collection Set: 0.2ms
[2023-11-14T21:02:55.594+0000][26.752s][info ][gc,phases     ] GC(30)   Evacuate Collection Set: 42.3ms
[2023-11-14T21:02:55.594+0000][26.752s][info ][gc,phases     ] GC(30)   Post Evacuate Collection Set: 3.7ms
[2023-11-14T21:02:55.594+0000][26.752s][info ][gc,phases     ] GC(30)   Other: 0.3ms
[2023-11-14T21:02:55.594+0000][26.752s][info ][gc,heap       ] GC(30) Eden regions: 461->0(458)
[2023-11-14T21:02:55.594+0000][26.752s][info ][gc,heap       ] GC(30) Survivor regions: 33->36(62)
[2023-11-14T21:02:55.594+0000][26.752s][info ][gc,heap       ] GC(30) Old regions: 57->65
[2023-11-14T21:02:55.594+0000][26.752s][info ][gc,heap       ] GC(30) Humongous regions: 0->0
[2023-11-14T21:02:55.594+0000][26.752s][info ][gc,metaspace  ] GC(30) Metaspace: 124489K(127996K)->124489K(127996K) NonClass: 109924K(112128K)->109924K(112128K) Class: 14564K(15868K)->14564K(15868K)
[2023-11-14T21:02:55.594+0000][26.752s][info ][gc            ] GC(30) Pause Young (Concurrent Start) (G1 Evacuation Pause) 549M->99M(824M) 46.674ms
[2023-11-14T21:02:55.594+0000][26.752s][info ][gc,cpu        ] GC(30) User=0.14s Sys=0.01s Real=0.04s
[2023-11-14T21:02:55.594+0000][26.752s][info ][safepoint     ] Leaving safepoint region
[2023-11-14T21:02:55.594+0000][26.752s][info ][safepoint     ] Total time for which application threads were stopped: 0.0468847 seconds, Stopping threads took: 0.0000157 seconds
[2023-11-14T21:02:55.594+0000][26.752s][info ][gc            ] GC(31) Concurrent Cycle
[2023-11-14T21:02:55.594+0000][26.752s][info ][gc,marking    ] GC(31) Concurrent Clear Claimed Marks
[2023-11-14T21:02:55.595+0000][26.753s][info ][gc,marking    ] GC(31) Concurrent Clear Claimed Marks 0.213ms
[2023-11-14T21:02:55.595+0000][26.753s][info ][gc,marking    ] GC(31) Concurrent Scan Root Regions
[2023-11-14T21:02:55.597+0000][26.755s][info ][gc,stringdedup] Concurrent String Deduplication (26.755s)
[2023-11-14T21:02:55.610+0000][26.768s][info ][gc,stringdedup] Concurrent String Deduplication 1130.6K->596.8K(533.8K) avg 49.3% (26.755s, 26.768s) 13.185ms
[2023-11-14T21:02:55.627+0000][26.785s][info ][gc,marking    ] GC(31) Concurrent Scan Root Regions 32.493ms
[2023-11-14T21:02:55.627+0000][26.785s][info ][gc,marking    ] GC(31) Concurrent Mark (26.785s)
[2023-11-14T21:02:55.627+0000][26.785s][info ][gc,marking    ] GC(31) Concurrent Mark From Roots
[2023-11-14T21:02:55.627+0000][26.785s][info ][gc,task       ] GC(31) Using 1 workers of 1 for marking
[2023-11-14T21:02:55.751+0000][26.909s][info ][gc,marking    ] GC(31) Concurrent Mark From Roots 123.716ms
[2023-11-14T21:02:55.751+0000][26.909s][info ][gc,marking    ] GC(31) Concurrent Preclean
[2023-11-14T21:02:55.751+0000][26.909s][info ][gc,marking    ] GC(31) Concurrent Preclean 0.097ms
[2023-11-14T21:02:55.751+0000][26.909s][info ][gc,marking    ] GC(31) Concurrent Mark (26.785s, 26.909s) 123.876ms
[2023-11-14T21:02:55.751+0000][26.909s][debug][safepoint     ] Safepoint synchronization initiated. (46 threads)
[2023-11-14T21:02:55.751+0000][26.909s][info ][safepoint     ] Application time: 0.1567274 seconds
[2023-11-14T21:02:55.753+0000][26.911s][debug][safepoint     ] ... found polling page return exception at pc = 0x00007fe1799b821a, stub =0x00007fe17883a800
[2023-11-14T21:02:55.754+0000][26.912s][debug][safepoint     ] Waiting for 1 thread(s) to block
[2023-11-14T21:02:55.754+0000][26.912s][info ][safepoint     ] Entering safepoint region: CGC_Operation
[2023-11-14T21:02:55.754+0000][26.912s][info ][gc,start      ] GC(31) Pause Remark
[2023-11-14T21:02:55.773+0000][26.931s][info ][gc,stringtable] GC(31) Cleaned string and symbol table, strings: 61877 processed, 1 removed, symbols: 335338 processed, 29 removed
[2023-11-14T21:02:55.773+0000][26.931s][info ][gc            ] GC(31) Pause Remark 124M->124M(824M) 19.366ms
[2023-11-14T21:02:55.773+0000][26.931s][info ][gc,cpu        ] GC(31) User=0.07s Sys=0.00s Real=0.02s
[2023-11-14T21:02:55.773+0000][26.931s][info ][safepoint     ] Leaving safepoint region
[2023-11-14T21:02:55.773+0000][26.931s][info ][safepoint     ] Total time for which application threads were stopped: 0.0222083 seconds, Stopping threads took: 0.0026563 seconds
[2023-11-14T21:02:55.773+0000][26.931s][info ][gc,marking    ] GC(31) Concurrent Rebuild Remembered Sets
[2023-11-14T21:02:55.856+0000][27.014s][info ][gc,marking    ] GC(31) Concurrent Rebuild Remembered Sets 82.579ms
[2023-11-14T21:02:55.856+0000][27.014s][debug][safepoint     ] Safepoint synchronization initiated. (47 threads)
[2023-11-14T21:02:55.856+0000][27.014s][info ][safepoint     ] Application time: 0.0827070 seconds
[2023-11-14T21:02:55.858+0000][27.016s][debug][safepoint     ] ... found polling page return exception at pc = 0x00007fe179a2dcba, stub =0x00007fe17883a800
[2023-11-14T21:02:55.859+0000][27.017s][debug][safepoint     ] Waiting for 1 thread(s) to block
[2023-11-14T21:02:55.859+0000][27.017s][info ][safepoint     ] Entering safepoint region: CGC_Operation
[2023-11-14T21:02:55.859+0000][27.017s][info ][gc,start      ] GC(31) Pause Cleanup
[2023-11-14T21:02:55.859+0000][27.017s][info ][gc            ] GC(31) Pause Cleanup 137M->137M(824M) 0.267ms
[2023-11-14T21:02:55.859+0000][27.017s][info ][gc,cpu        ] GC(31) User=0.00s Sys=0.00s Real=0.00s
[2023-11-14T21:02:55.859+0000][27.017s][info ][safepoint     ] Leaving safepoint region
[2023-11-14T21:02:55.859+0000][27.017s][info ][safepoint     ] Total time for which application threads were stopped: 0.0031093 seconds, Stopping threads took: 0.0026713 seconds
[2023-11-14T21:02:55.859+0000][27.017s][info ][gc,marking    ] GC(31) Concurrent Cleanup for Next Mark
[2023-11-14T21:02:55.861+0000][27.019s][info ][gc,marking    ] GC(31) Concurrent Cleanup for Next Mark 1.635ms
[2023-11-14T21:02:55.861+0000][27.019s][info ][gc            ] GC(31) Concurrent Cycle 266.529ms
[2023-11-14T21:02:56.683+0000][27.841s][debug][safepoint     ] Safepoint synchronization initiated. (53 threads)
[2023-11-14T21:02:56.683+0000][27.841s][info ][safepoint     ] Application time: 0.8238875 seconds
[2023-11-14T21:02:56.683+0000][27.841s][debug][safepoint     ] Waiting for 1 thread(s) to block
[2023-11-14T21:02:56.683+0000][27.841s][info ][safepoint     ] Entering safepoint region: ICBufferFull
[2023-11-14T21:02:56.683+0000][27.841s][info ][safepoint     ] Leaving safepoint region
[2023-11-14T21:02:56.683+0000][27.841s][info ][safepoint     ] Total time for which application threads were stopped: 0.0001897 seconds, Stopping threads took: 0.0000340 seconds
[2023-11-14T21:02:56.758+0000][27.916s][debug][safepoint     ] Safepoint synchronization initiated. (53 threads)
[2023-11-14T21:02:56.758+0000][27.916s][info ][safepoint     ] Application time: 0.0751467 seconds
[2023-11-14T21:02:56.758+0000][27.916s][info ][safepoint     ] Entering safepoint region: Deoptimize
[2023-11-14T21:02:56.759+0000][27.918s][info ][safepoint     ] Leaving safepoint region
[2023-11-14T21:02:56.759+0000][27.918s][info ][safepoint     ] Total time for which application threads were stopped: 0.0010919 seconds, Stopping threads took: 0.0000179 seconds
[2023-11-14T21:02:57.363+0000][28.521s][debug][safepoint     ] Safepoint synchronization initiated. (65 threads)
[2023-11-14T21:02:57.363+0000][28.521s][info ][safepoint     ] Application time: 0.6034082 seconds
[2023-11-14T21:02:57.363+0000][28.521s][debug][safepoint     ] Waiting for 1 thread(s) to block
[2023-11-14T21:02:57.363+0000][28.521s][info ][safepoint     ] Entering safepoint region: Deoptimize
[2023-11-14T21:02:57.364+0000][28.522s][info ][safepoint     ] Leaving safepoint region
[2023-11-14T21:02:57.364+0000][28.522s][info ][safepoint     ] Total time for which application threads were stopped: 0.0012434 seconds, Stopping threads took: 0.0000411 seconds
[2023-11-14T21:02:57.364+0000][28.522s][debug][safepoint     ] Safepoint synchronization initiated. (65 threads)
[2023-11-14T21:02:57.364+0000][28.522s][info ][safepoint     ] Application time: 0.0001102 seconds
[2023-11-14T21:02:57.364+0000][28.522s][debug][safepoint     ] Waiting for 1 thread(s) to block
[2023-11-14T21:02:57.364+0000][28.522s][info ][safepoint     ] Entering safepoint region: Deoptimize
[2023-11-14T21:02:57.365+0000][28.523s][info ][safepoint     ] Leaving safepoint region
[2023-11-14T21:02:57.365+0000][28.523s][info ][safepoint     ] Total time for which application threads were stopped: 0.0010658 seconds, Stopping threads took: 0.0000296 seconds
[2023-11-14T21:02:57.366+0000][28.524s][debug][safepoint     ] Safepoint synchronization initiated. (65 threads)
[2023-11-14T21:02:57.366+0000][28.524s][info ][safepoint     ] Application time: 0.0008124 seconds
[2023-11-14T21:02:57.366+0000][28.524s][debug][safepoint     ] Waiting for 1 thread(s) to block
[2023-11-14T21:02:57.366+0000][28.524s][info ][safepoint     ] Entering safepoint region: Deoptimize
[2023-11-14T21:02:57.367+0000][28.525s][info ][safepoint     ] Leaving safepoint region
[2023-11-14T21:02:57.367+0000][28.525s][info ][safepoint     ] Total time for which application threads were stopped: 0.0010450 seconds, Stopping threads took: 0.0000311 seconds
[2023-11-14T21:02:57.387+0000][28.545s][debug][safepoint     ] Safepoint synchronization initiated. (65 threads)
[2023-11-14T21:02:57.387+0000][28.545s][info ][safepoint     ] Application time: 0.0196610 seconds
[2023-11-14T21:02:57.387+0000][28.545s][debug][safepoint     ] Waiting for 1 thread(s) to block
[2023-11-14T21:02:57.387+0000][28.545s][info ][safepoint     ] Entering safepoint region: Deoptimize
[2023-11-14T21:02:57.388+0000][28.546s][info ][safepoint     ] Leaving safepoint region
[2023-11-14T21:02:57.388+0000][28.546s][info ][safepoint     ] Total time for which application threads were stopped: 0.0011654 seconds, Stopping threads took: 0.0000509 seconds
[2023-11-14T21:02:57.570+0000][28.728s][debug][safepoint     ] Safepoint synchronization initiated. (65 threads)
[2023-11-14T21:02:57.570+0000][28.728s][info ][safepoint     ] Application time: 0.1822413 seconds
[2023-11-14T21:02:57.570+0000][28.728s][debug][safepoint     ] Waiting for 1 thread(s) to block
[2023-11-14T21:02:57.570+0000][28.728s][info ][safepoint     ] Entering safepoint region: Deoptimize
[2023-11-14T21:02:57.572+0000][28.730s][info ][safepoint     ] Leaving safepoint region
[2023-11-14T21:02:57.572+0000][28.730s][info ][safepoint     ] Total time for which application threads were stopped: 0.0011920 seconds, Stopping threads took: 0.0000458 seconds
[2023-11-14T21:02:57.813+0000][28.971s][debug][safepoint     ] Safepoint synchronization initiated. (65 threads)
[2023-11-14T21:02:57.813+0000][28.971s][info ][safepoint     ] Application time: 0.2416661 seconds
[2023-11-14T21:02:57.813+0000][28.971s][debug][safepoint     ] Waiting for 1 thread(s) to block
[2023-11-14T21:02:57.813+0000][28.971s][info ][safepoint     ] Entering safepoint region: G1CollectForAllocation
[2023-11-14T21:02:57.813+0000][28.971s][info ][gc,start      ] GC(32) Pause Young (Normal) (G1 Evacuation Pause)
[2023-11-14T21:02:57.813+0000][28.971s][info ][gc,task       ] GC(32) Using 4 workers of 4 for evacuation
[2023-11-14T21:02:57.884+0000][29.042s][info ][gc,phases     ] GC(32)   Pre Evacuate Collection Set: 0.0ms
[2023-11-14T21:02:57.884+0000][29.042s][info ][gc,phases     ] GC(32)   Evacuate Collection Set: 64.9ms
[2023-11-14T21:02:57.884+0000][29.042s][info ][gc,phases     ] GC(32)   Post Evacuate Collection Set: 5.4ms
[2023-11-14T21:02:57.884+0000][29.042s][info ][gc,phases     ] GC(32)   Other: 0.3ms
[2023-11-14T21:02:57.884+0000][29.042s][info ][gc,heap       ] GC(32) Eden regions: 458->0(457)
[2023-11-14T21:02:57.884+0000][29.042s][info ][gc,heap       ] GC(32) Survivor regions: 36->37(62)
[2023-11-14T21:02:57.884+0000][29.042s][info ][gc,heap       ] GC(32) Old regions: 65->75
[2023-11-14T21:02:57.884+0000][29.042s][info ][gc,heap       ] GC(32) Humongous regions: 0->0
[2023-11-14T21:02:57.884+0000][29.042s][info ][gc,metaspace  ] GC(32) Metaspace: 135853K(139516K)->135853K(139516K) NonClass: 120090K(122368K)->120090K(122368K) Class: 15762K(17148K)->15762K(17148K)
[2023-11-14T21:02:57.884+0000][29.042s][info ][gc            ] GC(32) Pause Young (Normal) (G1 Evacuation Pause) 557M->109M(824M) 70.790ms
[2023-11-14T21:02:57.884+0000][29.042s][info ][gc,cpu        ] GC(32) User=0.22s Sys=0.01s Real=0.07s
[2023-11-14T21:02:57.884+0000][29.042s][info ][safepoint     ] Leaving safepoint region
[2023-11-14T21:02:57.884+0000][29.042s][info ][safepoint     ] Total time for which application threads were stopped: 0.0710288 seconds, Stopping threads took: 0.0000410 seconds
[2023-11-14T21:02:57.884+0000][29.042s][info ][gc,stringdedup] Concurrent String Deduplication (29.042s)
[2023-11-14T21:02:57.888+0000][29.046s][info ][gc,stringdedup] Concurrent String Deduplication 480.2K->150.9K(329.3K) avg 49.9% (29.042s, 29.046s) 3.139ms
[2023-11-14T21:02:58.322+0000][29.480s][debug][safepoint     ] Safepoint synchronization initiated. (65 threads)
[2023-11-14T21:02:58.322+0000][29.480s][info ][safepoint     ] Application time: 0.4372785 seconds
[2023-11-14T21:02:58.322+0000][29.480s][debug][safepoint     ] Waiting for 1 thread(s) to block
[2023-11-14T21:02:58.322+0000][29.480s][info ][safepoint     ] Entering safepoint region: Deoptimize
[2023-11-14T21:02:58.323+0000][29.481s][info ][safepoint     ] Leaving safepoint region
[2023-11-14T21:02:58.323+0000][29.481s][info ][safepoint     ] Total time for which application threads were stopped: 0.0012071 seconds, Stopping threads took: 0.0000378 seconds
[2023-11-14T21:02:58.589+0000][29.747s][debug][safepoint     ] Safepoint synchronization initiated. (65 threads)
[2023-11-14T21:02:58.589+0000][29.747s][info ][safepoint     ] Application time: 0.2662413 seconds
[2023-11-14T21:02:58.589+0000][29.747s][debug][safepoint     ] Waiting for 1 thread(s) to block
[2023-11-14T21:02:58.589+0000][29.747s][info ][safepoint     ] Entering safepoint region: Deoptimize
[2023-11-14T21:02:58.590+0000][29.748s][info ][safepoint     ] Leaving safepoint region
[2023-11-14T21:02:58.590+0000][29.748s][info ][safepoint     ] Total time for which application threads were stopped: 0.0012011 seconds, Stopping threads took: 0.0000364 seconds
[2023-11-14T21:02:58.634+0000][29.792s][debug][safepoint     ] Safepoint synchronization initiated. (65 threads)
[2023-11-14T21:02:58.634+0000][29.792s][info ][safepoint     ] Application time: 0.0436673 seconds
[2023-11-14T21:02:58.634+0000][29.792s][debug][safepoint     ] Waiting for 1 thread(s) to block
[2023-11-14T21:02:58.634+0000][29.792s][info ][safepoint     ] Entering safepoint region: Deoptimize
[2023-11-14T21:02:58.635+0000][29.793s][info ][safepoint     ] Leaving safepoint region
[2023-11-14T21:02:58.635+0000][29.793s][info ][safepoint     ] Total time for which application threads were stopped: 0.0011907 seconds, Stopping threads took: 0.0000372 seconds
[2023-11-14T21:02:59.300+0000][30.458s][debug][safepoint     ] Safepoint synchronization initiated. (70 threads)
[2023-11-14T21:02:59.300+0000][30.458s][info ][safepoint     ] Application time: 0.6647488 seconds
[2023-11-14T21:02:59.300+0000][30.458s][debug][safepoint     ] Waiting for 1 thread(s) to block
[2023-11-14T21:02:59.300+0000][30.458s][info ][safepoint     ] Entering safepoint region: Deoptimize
[2023-11-14T21:02:59.301+0000][30.459s][info ][safepoint     ] Leaving safepoint region
[2023-11-14T21:02:59.301+0000][30.459s][info ][safepoint     ] Total time for which application threads were stopped: 0.0013103 seconds, Stopping threads took: 0.0000381 seconds
[2023-11-14T21:02:59.374+0000][30.532s][debug][safepoint     ] Safepoint synchronization initiated. (82 threads)
[2023-11-14T21:02:59.374+0000][30.532s][info ][safepoint     ] Application time: 0.0731790 seconds
[2023-11-14T21:02:59.374+0000][30.532s][debug][safepoint     ] Waiting for 1 thread(s) to block
[2023-11-14T21:02:59.374+0000][30.532s][info ][safepoint     ] Entering safepoint region: G1CollectForAllocation
[2023-11-14T21:02:59.375+0000][30.533s][info ][gc,start      ] GC(33) Pause Young (Normal) (G1 Evacuation Pause)
[2023-11-14T21:02:59.375+0000][30.533s][info ][gc,task       ] GC(33) Using 4 workers of 4 for evacuation
[2023-11-14T21:02:59.423+0000][30.581s][info ][gc,phases     ] GC(33)   Pre Evacuate Collection Set: 0.0ms
[2023-11-14T21:02:59.423+0000][30.581s][info ][gc,phases     ] GC(33)   Evacuate Collection Set: 39.0ms
[2023-11-14T21:02:59.423+0000][30.581s][info ][gc,phases     ] GC(33)   Post Evacuate Collection Set: 9.6ms
[2023-11-14T21:02:59.423+0000][30.581s][info ][gc,phases     ] GC(33)   Other: 0.3ms
[2023-11-14T21:02:59.423+0000][30.582s][info ][gc,heap       ] GC(33) Eden regions: 457->0(461)
[2023-11-14T21:02:59.423+0000][30.582s][info ][gc,heap       ] GC(33) Survivor regions: 37->33(62)
[2023-11-14T21:02:59.423+0000][30.582s][info ][gc,heap       ] GC(33) Old regions: 75->84
[2023-11-14T21:02:59.423+0000][30.582s][info ][gc,heap       ] GC(33) Humongous regions: 0->0
[2023-11-14T21:02:59.423+0000][30.582s][info ][gc,metaspace  ] GC(33) Metaspace: 140477K(144508K)->140477K(144508K) NonClass: 124025K(126464K)->124025K(126464K) Class: 16452K(18044K)->16452K(18044K)
[2023-11-14T21:02:59.424+0000][30.582s][info ][gc            ] GC(33) Pause Young (Normal) (G1 Evacuation Pause) 566M->115M(824M) 48.994ms
[2023-11-14T21:02:59.424+0000][30.582s][info ][gc,cpu        ] GC(33) User=0.18s Sys=0.02s Real=0.05s
[2023-11-14T21:02:59.424+0000][30.582s][info ][safepoint     ] Leaving safepoint region
[2023-11-14T21:02:59.424+0000][30.582s][info ][safepoint     ] Total time for which application threads were stopped: 0.0492108 seconds, Stopping threads took: 0.0000406 seconds
[2023-11-14T21:02:59.424+0000][30.582s][info ][gc,stringdedup] Concurrent String Deduplication (30.582s)
[2023-11-14T21:02:59.428+0000][30.586s][info ][gc,stringdedup] Concurrent String Deduplication 718.7K->165.5K(553.2K) avg 51.2% (30.582s, 30.586s) 4.206ms
[2023-11-14T21:02:59.963+0000][31.121s][debug][safepoint     ] Safepoint synchronization initiated. (82 threads)
[2023-11-14T21:02:59.963+0000][31.121s][info ][safepoint     ] Application time: 0.5397165 seconds
[2023-11-14T21:02:59.963+0000][31.121s][info ][safepoint     ] Entering safepoint region: ICBufferFull
[2023-11-14T21:02:59.964+0000][31.122s][info ][safepoint     ] Leaving safepoint region
[2023-11-14T21:02:59.964+0000][31.122s][info ][safepoint     ] Total time for which application threads were stopped: 0.0002663 seconds, Stopping threads took: 0.0000205 seconds
[2023-11-14T21:03:00.204+0000][31.362s][debug][safepoint     ] Safepoint synchronization initiated. (82 threads)
[2023-11-14T21:03:00.204+0000][31.362s][info ][safepoint     ] Application time: 0.2407177 seconds
[2023-11-14T21:03:00.204+0000][31.362s][debug][safepoint     ] Waiting for 1 thread(s) to block
[2023-11-14T21:03:00.204+0000][31.362s][info ][safepoint     ] Entering safepoint region: ICBufferFull
[2023-11-14T21:03:00.205+0000][31.363s][info ][safepoint     ] Leaving safepoint region
[2023-11-14T21:03:00.205+0000][31.363s][info ][safepoint     ] Total time for which application threads were stopped: 0.0002049 seconds, Stopping threads took: 0.0000400 seconds
[2023-11-14T21:03:00.275+0000][31.433s][debug][safepoint     ] Safepoint synchronization initiated. (82 threads)
[2023-11-14T21:03:00.275+0000][31.433s][info ][safepoint     ] Application time: 0.0708936 seconds
[2023-11-14T21:03:00.275+0000][31.434s][debug][safepoint     ] Waiting for 1 thread(s) to block
[2023-11-14T21:03:00.275+0000][31.434s][info ][safepoint     ] Entering safepoint region: ICBufferFull
[2023-11-14T21:03:00.276+0000][31.434s][info ][safepoint     ] Leaving safepoint region
[2023-11-14T21:03:00.276+0000][31.434s][info ][safepoint     ] Total time for which application threads were stopped: 0.0002726 seconds, Stopping threads took: 0.0000619 seconds
[2023-11-14T21:03:00.565+0000][31.723s][debug][safepoint     ] Safepoint synchronization initiated. (82 threads)
[2023-11-14T21:03:00.565+0000][31.723s][info ][safepoint     ] Application time: 0.2893991 seconds
[2023-11-14T21:03:00.565+0000][31.723s][debug][safepoint     ] Waiting for 1 thread(s) to block
[2023-11-14T21:03:00.565+0000][31.723s][info ][safepoint     ] Entering safepoint region: ICBufferFull
[2023-11-14T21:03:00.565+0000][31.723s][info ][safepoint     ] Leaving safepoint region
[2023-11-14T21:03:00.565+0000][31.723s][info ][safepoint     ] Total time for which application threads were stopped: 0.0002474 seconds, Stopping threads took: 0.0000485 seconds
[2023-11-14T21:03:01.167+0000][32.326s][debug][safepoint     ] Safepoint synchronization initiated. (83 threads)
[2023-11-14T21:03:01.174+0000][32.332s][info ][safepoint     ] Application time: 0.6088949 seconds
[2023-11-14T21:03:01.174+0000][32.332s][info ][safepoint     ] Entering safepoint region: ICBufferFull
[2023-11-14T21:03:01.175+0000][32.333s][info ][safepoint     ] Leaving safepoint region
[2023-11-14T21:03:01.175+0000][32.333s][info ][safepoint     ] Total time for which application threads were stopped: 0.0002534 seconds, Stopping threads took: 0.0000272 seconds
[2023-11-14T21:03:01.701+0000][32.859s][debug][safepoint     ] Safepoint synchronization initiated. (83 threads)
[2023-11-14T21:03:01.701+0000][32.859s][info ][safepoint     ] Application time: 0.5266378 seconds
[2023-11-14T21:03:01.701+0000][32.859s][debug][safepoint     ] Waiting for 1 thread(s) to block
[2023-11-14T21:03:01.701+0000][32.859s][info ][safepoint     ] Entering safepoint region: ICBufferFull
[2023-11-14T21:03:01.701+0000][32.860s][info ][safepoint     ] Leaving safepoint region
[2023-11-14T21:03:01.702+0000][32.860s][info ][safepoint     ] Total time for which application threads were stopped: 0.0002779 seconds, Stopping threads took: 0.0000408 seconds
[2023-11-14T21:03:01.813+0000][32.971s][debug][safepoint     ] Safepoint synchronization initiated. (83 threads)
[2023-11-14T21:03:01.813+0000][32.971s][info ][safepoint     ] Application time: 0.1110207 seconds
[2023-11-14T21:03:01.813+0000][32.971s][debug][safepoint     ] Waiting for 1 thread(s) to block
[2023-11-14T21:03:01.813+0000][32.971s][info ][safepoint     ] Entering safepoint region: G1CollectForAllocation
[2023-11-14T21:03:01.813+0000][32.971s][info ][gc,start      ] GC(34) Pause Young (Normal) (G1 Evacuation Pause)
[2023-11-14T21:03:01.813+0000][32.971s][info ][gc,task       ] GC(34) Using 4 workers of 4 for evacuation
[2023-11-14T21:03:01.853+0000][33.011s][info ][gc,phases     ] GC(34)   Pre Evacuate Collection Set: 0.0ms
[2023-11-14T21:03:01.853+0000][33.011s][info ][gc,phases     ] GC(34)   Evacuate Collection Set: 37.2ms
[2023-11-14T21:03:01.853+0000][33.011s][info ][gc,phases     ] GC(34)   Post Evacuate Collection Set: 3.1ms
[2023-11-14T21:03:01.853+0000][33.011s][info ][gc,phases     ] GC(34)   Other: 0.2ms
[2023-11-14T21:03:01.853+0000][33.011s][info ][gc,heap       ] GC(34) Eden regions: 461->0(453)
[2023-11-14T21:03:01.853+0000][33.011s][info ][gc,heap       ] GC(34) Survivor regions: 33->41(62)
[2023-11-14T21:03:01.853+0000][33.011s][info ][gc,heap       ] GC(34) Old regions: 84->90
[2023-11-14T21:03:01.853+0000][33.011s][info ][gc,heap       ] GC(34) Humongous regions: 0->0
[2023-11-14T21:03:01.853+0000][33.012s][info ][gc,metaspace  ] GC(34) Metaspace: 143736K(148348K)->143736K(148348K) NonClass: 126907K(129792K)->126907K(129792K) Class: 16829K(18556K)->16829K(18556K)
[2023-11-14T21:03:01.853+0000][33.012s][info ][gc            ] GC(34) Pause Young (Normal) (G1 Evacuation Pause) 576M->129M(824M) 40.702ms
[2023-11-14T21:03:01.853+0000][33.012s][info ][gc,cpu        ] GC(34) User=0.16s Sys=0.00s Real=0.04s
[2023-11-14T21:03:01.854+0000][33.012s][info ][safepoint     ] Leaving safepoint region
[2023-11-14T21:03:01.854+0000][33.012s][info ][safepoint     ] Total time for which application threads were stopped: 0.0409629 seconds, Stopping threads took: 0.0000406 seconds
[2023-11-14T21:03:01.854+0000][33.012s][info ][gc,stringdedup] Concurrent String Deduplication (33.012s)
[2023-11-14T21:03:01.860+0000][33.018s][info ][gc,stringdedup] Concurrent String Deduplication 862.5K->358.2K(504.3K) avg 51.6% (33.012s, 33.018s) 6.255ms
[2023-11-14T21:03:02.860+0000][34.018s][debug][safepoint     ] Safepoint synchronization initiated. (83 threads)
[2023-11-14T21:03:02.860+0000][34.019s][info ][safepoint     ] Application time: 1.0069291 seconds
[2023-11-14T21:03:02.860+0000][34.019s][debug][safepoint     ] ... found polling page loop exception at pc = 0x00007fe1803e8a67, stub =0x00007fe17883ab00
[2023-11-14T21:03:02.861+0000][34.019s][debug][safepoint     ] Waiting for 1 thread(s) to block
[2023-11-14T21:03:02.861+0000][34.019s][info ][safepoint     ] Entering safepoint region: Cleanup
[2023-11-14T21:03:02.861+0000][34.019s][info ][safepoint     ] Leaving safepoint region
[2023-11-14T21:03:02.861+0000][34.019s][info ][safepoint     ] Total time for which application threads were stopped: 0.0002818 seconds, Stopping threads took: 0.0000744 seconds
[2023-11-14T21:03:03.165+0000][34.323s][debug][safepoint     ] Safepoint synchronization initiated. (83 threads)
[2023-11-14T21:03:03.165+0000][34.323s][info ][safepoint     ] Application time: 0.3044961 seconds
[2023-11-14T21:03:03.165+0000][34.323s][debug][safepoint     ] Waiting for 1 thread(s) to block
[2023-11-14T21:03:03.165+0000][34.323s][info ][safepoint     ] Entering safepoint region: G1CollectForAllocation
[2023-11-14T21:03:03.165+0000][34.324s][info ][gc,start      ] GC(35) Pause Young (Normal) (G1 Evacuation Pause)
[2023-11-14T21:03:03.165+0000][34.324s][info ][gc,task       ] GC(35) Using 4 workers of 4 for evacuation
[2023-11-14T21:03:03.221+0000][34.379s][info ][gc,phases     ] GC(35)   Pre Evacuate Collection Set: 0.0ms
[2023-11-14T21:03:03.221+0000][34.379s][info ][gc,phases     ] GC(35)   Evacuate Collection Set: 51.8ms
[2023-11-14T21:03:03.221+0000][34.379s][info ][gc,phases     ] GC(35)   Post Evacuate Collection Set: 3.7ms
[2023-11-14T21:03:03.221+0000][34.379s][info ][gc,phases     ] GC(35)   Other: 0.2ms
[2023-11-14T21:03:03.221+0000][34.379s][info ][gc,heap       ] GC(35) Eden regions: 453->0(458)
[2023-11-14T21:03:03.221+0000][34.379s][info ][gc,heap       ] GC(35) Survivor regions: 41->36(62)
[2023-11-14T21:03:03.221+0000][34.379s][info ][gc,heap       ] GC(35) Old regions: 90->101
[2023-11-14T21:03:03.221+0000][34.379s][info ][gc,heap       ] GC(35) Humongous regions: 0->0
[2023-11-14T21:03:03.221+0000][34.379s][info ][gc,metaspace  ] GC(35) Metaspace: 144132K(148732K)->144132K(148732K) NonClass: 127273K(130048K)->127273K(130048K) Class: 16858K(18684K)->16858K(18684K)
[2023-11-14T21:03:03.221+0000][34.379s][info ][gc            ] GC(35) Pause Young (Normal) (G1 Evacuation Pause) 582M->135M(824M) 55.924ms
[2023-11-14T21:03:03.221+0000][34.379s][info ][gc,cpu        ] GC(35) User=0.22s Sys=0.00s Real=0.06s
[2023-11-14T21:03:03.221+0000][34.379s][info ][safepoint     ] Leaving safepoint region
[2023-11-14T21:03:03.221+0000][34.380s][info ][safepoint     ] Total time for which application threads were stopped: 0.0561853 seconds, Stopping threads took: 0.0000399 seconds
[2023-11-14T21:03:03.223+0000][34.382s][info ][gc,stringdedup] Concurrent String Deduplication (34.382s)
[2023-11-14T21:03:03.226+0000][34.384s][info ][gc,stringdedup] Concurrent String Deduplication 467.3K->193.5K(273.9K) avg 51.8% (34.382s, 34.384s) 2.443ms
[2023-11-14T21:03:04.184+0000][35.343s][debug][safepoint     ] Safepoint synchronization initiated. (83 threads)
[2023-11-14T21:03:04.185+0000][35.343s][info ][safepoint     ] Application time: 0.9630662 seconds
[2023-11-14T21:03:04.185+0000][35.343s][info ][safepoint     ] Entering safepoint region: Deoptimize
[2023-11-14T21:03:04.186+0000][35.344s][info ][safepoint     ] Leaving safepoint region
[2023-11-14T21:03:04.186+0000][35.344s][info ][safepoint     ] Total time for which application threads were stopped: 0.0013616 seconds, Stopping threads took: 0.0000211 seconds
[2023-11-14T21:03:04.399+0000][35.557s][debug][safepoint     ] Safepoint synchronization initiated. (83 threads)
[2023-11-14T21:03:04.399+0000][35.557s][info ][safepoint     ] Application time: 0.2128678 seconds
[2023-11-14T21:03:04.399+0000][35.557s][info ][safepoint     ] Entering safepoint region: G1CollectForAllocation
[2023-11-14T21:03:04.399+0000][35.557s][info ][gc,start      ] GC(36) Pause Young (Normal) (G1 Evacuation Pause)
[2023-11-14T21:03:04.399+0000][35.557s][info ][gc,task       ] GC(36) Using 4 workers of 4 for evacuation
[2023-11-14T21:03:04.444+0000][35.602s][info ][gc,phases     ] GC(36)   Pre Evacuate Collection Set: 0.0ms
[2023-11-14T21:03:04.444+0000][35.602s][info ][gc,phases     ] GC(36)   Evacuate Collection Set: 41.4ms
[2023-11-14T21:03:04.444+0000][35.602s][info ][gc,phases     ] GC(36)   Post Evacuate Collection Set: 3.7ms
[2023-11-14T21:03:04.444+0000][35.602s][info ][gc,phases     ] GC(36)   Other: 0.2ms
[2023-11-14T21:03:04.444+0000][35.602s][info ][gc,heap       ] GC(36) Eden regions: 458->0(464)
[2023-11-14T21:03:04.444+0000][35.602s][info ][gc,heap       ] GC(36) Survivor regions: 36->30(62)
[2023-11-14T21:03:04.444+0000][35.602s][info ][gc,heap       ] GC(36) Old regions: 101->111
[2023-11-14T21:03:04.444+0000][35.602s][info ][gc,heap       ] GC(36) Humongous regions: 0->0
[2023-11-14T21:03:04.444+0000][35.602s][info ][gc,metaspace  ] GC(36) Metaspace: 144424K(148988K)->144424K(148988K) NonClass: 127529K(130304K)->127529K(130304K) Class: 16895K(18684K)->16895K(18684K)
[2023-11-14T21:03:04.444+0000][35.602s][info ][gc            ] GC(36) Pause Young (Normal) (G1 Evacuation Pause) 593M->139M(824M) 45.442ms
[2023-11-14T21:03:04.444+0000][35.603s][info ][gc,cpu        ] GC(36) User=0.17s Sys=0.00s Real=0.05s
[2023-11-14T21:03:04.444+0000][35.603s][info ][safepoint     ] Leaving safepoint region
[2023-11-14T21:03:04.444+0000][35.603s][info ][safepoint     ] Total time for which application threads were stopped: 0.0457025 seconds, Stopping threads took: 0.0000215 seconds
[2023-11-14T21:03:04.452+0000][35.610s][info ][gc,stringdedup] Concurrent String Deduplication (35.610s)
[2023-11-14T21:03:04.458+0000][35.616s][info ][gc,stringdedup] Concurrent String Deduplication 1235.6K->376.0K(859.6K) avg 53.0% (35.610s, 35.616s) 6.093ms
[2023-11-14T21:03:04.848+0000][36.006s][debug][safepoint     ] Safepoint synchronization initiated. (83 threads)
[2023-11-14T21:03:04.848+0000][36.006s][info ][safepoint     ] Application time: 0.4031458 seconds
[2023-11-14T21:03:04.848+0000][36.006s][debug][safepoint     ] Waiting for 1 thread(s) to block
[2023-11-14T21:03:04.848+0000][36.006s][info ][safepoint     ] Entering safepoint region: ICBufferFull
[2023-11-14T21:03:04.848+0000][36.006s][info ][safepoint     ] Leaving safepoint region
[2023-11-14T21:03:04.848+0000][36.006s][info ][safepoint     ] Total time for which application threads were stopped: 0.0002395 seconds, Stopping threads took: 0.0000430 seconds
[2023-11-14T21:03:05.493+0000][36.651s][debug][safepoint     ] Safepoint synchronization initiated. (87 threads)
[2023-11-14T21:03:05.493+0000][36.651s][info ][safepoint     ] Application time: 0.6451075 seconds
[2023-11-14T21:03:05.493+0000][36.651s][info ][safepoint     ] Entering safepoint region: Deoptimize
[2023-11-14T21:03:05.494+0000][36.652s][info ][safepoint     ] Leaving safepoint region
[2023-11-14T21:03:05.494+0000][36.653s][info ][safepoint     ] Total time for which application threads were stopped: 0.0014151 seconds, Stopping threads took: 0.0000233 seconds
[2023-11-14T21:03:05.608+0000][36.767s][debug][safepoint     ] Safepoint synchronization initiated. (91 threads)
[2023-11-14T21:03:05.608+0000][36.767s][info ][safepoint     ] Application time: 0.1140371 seconds
[2023-11-14T21:03:05.609+0000][36.767s][debug][safepoint     ] ... found polling page loop exception at pc = 0x00007fe1804655d0, stub =0x00007fe17883ab00
[2023-11-14T21:03:05.609+0000][36.767s][debug][safepoint     ] Waiting for 2 thread(s) to block
[2023-11-14T21:03:05.609+0000][36.767s][info ][safepoint     ] Entering safepoint region: Deoptimize
[2023-11-14T21:03:05.610+0000][36.768s][info ][safepoint     ] Leaving safepoint region
[2023-11-14T21:03:05.610+0000][36.768s][info ][safepoint     ] Total time for which application threads were stopped: 0.0015010 seconds, Stopping threads took: 0.0000968 seconds
[2023-11-14T21:03:05.682+0000][36.840s][debug][safepoint     ] Safepoint synchronization initiated. (94 threads)
[2023-11-14T21:03:05.682+0000][36.840s][info ][safepoint     ] Application time: 0.0720455 seconds
[2023-11-14T21:03:05.682+0000][36.840s][debug][safepoint     ] ... found polling page return exception at pc = 0x00007fe17a83eb83, stub =0x00007fe17883a800
[2023-11-14T21:03:05.682+0000][36.840s][debug][safepoint     ] Waiting for 2 thread(s) to block
[2023-11-14T21:03:05.682+0000][36.840s][info ][safepoint     ] Entering safepoint region: G1CollectForAllocation
[2023-11-14T21:03:05.682+0000][36.840s][info ][gc,start      ] GC(37) Pause Young (Normal) (G1 Evacuation Pause)
[2023-11-14T21:03:05.682+0000][36.840s][info ][gc,task       ] GC(37) Using 4 workers of 4 for evacuation
[2023-11-14T21:03:05.716+0000][36.874s][info ][gc,phases     ] GC(37)   Pre Evacuate Collection Set: 0.0ms
[2023-11-14T21:03:05.716+0000][36.874s][info ][gc,phases     ] GC(37)   Evacuate Collection Set: 30.0ms
[2023-11-14T21:03:05.716+0000][36.874s][info ][gc,phases     ] GC(37)   Post Evacuate Collection Set: 3.7ms
[2023-11-14T21:03:05.716+0000][36.874s][info ][gc,phases     ] GC(37)   Other: 0.2ms
[2023-11-14T21:03:05.716+0000][36.874s][info ][gc,heap       ] GC(37) Eden regions: 464->0(461)
[2023-11-14T21:03:05.716+0000][36.874s][info ][gc,heap       ] GC(37) Survivor regions: 30->33(62)
[2023-11-14T21:03:05.716+0000][36.874s][info ][gc,heap       ] GC(37) Old regions: 111->111
[2023-11-14T21:03:05.716+0000][36.874s][info ][gc,heap       ] GC(37) Humongous regions: 0->0
[2023-11-14T21:03:05.716+0000][36.874s][info ][gc,metaspace  ] GC(37) Metaspace: 148123K(153084K)->148123K(153084K) NonClass: 130832K(133888K)->130832K(133888K) Class: 17290K(19196K)->17290K(19196K)
[2023-11-14T21:03:05.716+0000][36.874s][info ][gc            ] GC(37) Pause Young (Normal) (G1 Evacuation Pause) 603M->142M(824M) 33.998ms
[2023-11-14T21:03:05.716+0000][36.874s][info ][gc,cpu        ] GC(37) User=0.13s Sys=0.00s Real=0.03s
[2023-11-14T21:03:05.716+0000][36.875s][info ][safepoint     ] Leaving safepoint region
[2023-11-14T21:03:05.716+0000][36.875s][info ][safepoint     ] Total time for which application threads were stopped: 0.0343916 seconds, Stopping threads took: 0.0001619 seconds
[2023-11-14T21:03:05.723+0000][36.882s][info ][gc,stringdedup] Concurrent String Deduplication (36.882s)
[2023-11-14T21:03:05.727+0000][36.885s][info ][gc,stringdedup] Concurrent String Deduplication 673.4K->209.8K(463.6K) avg 53.6% (36.882s, 36.885s) 3.314ms
[2023-11-14T21:03:06.004+0000][37.162s][debug][safepoint     ] Safepoint synchronization initiated. (133 threads)
[2023-11-14T21:03:06.004+0000][37.162s][info ][safepoint     ] Application time: 0.2871526 seconds
[2023-11-14T21:03:06.004+0000][37.162s][info ][safepoint     ] Entering safepoint region: Deoptimize
[2023-11-14T21:03:06.006+0000][37.164s][info ][safepoint     ] Leaving safepoint region
[2023-11-14T21:03:06.006+0000][37.164s][info ][safepoint     ] Total time for which application threads were stopped: 0.0021664 seconds, Stopping threads took: 0.0005718 seconds
[2023-11-14T21:03:06.099+0000][37.257s][debug][safepoint     ] Safepoint synchronization initiated. (141 threads)
[2023-11-14T21:03:06.099+0000][37.257s][info ][safepoint     ] Application time: 0.0928448 seconds
[2023-11-14T21:03:06.099+0000][37.257s][debug][safepoint     ] Waiting for 1 thread(s) to block
[2023-11-14T21:03:06.099+0000][37.257s][info ][safepoint     ] Entering safepoint region: Deoptimize
[2023-11-14T21:03:06.100+0000][37.258s][info ][safepoint     ] Leaving safepoint region
[2023-11-14T21:03:06.100+0000][37.258s][info ][safepoint     ] Total time for which application threads were stopped: 0.0015119 seconds, Stopping threads took: 0.0000512 seconds
[2023-11-14T21:03:07.100+0000][38.258s][debug][safepoint     ] Safepoint synchronization initiated. (175 threads)
[2023-11-14T21:03:07.100+0000][38.258s][info ][safepoint     ] Application time: 1.0002386 seconds
[2023-11-14T21:03:07.100+0000][38.259s][info ][safepoint     ] Entering safepoint region: Cleanup
[2023-11-14T21:03:07.101+0000][38.259s][info ][safepoint     ] Leaving safepoint region
[2023-11-14T21:03:07.101+0000][38.259s][info ][safepoint     ] Total time for which application threads were stopped: 0.0003694 seconds, Stopping threads took: 0.0000492 seconds
[2023-11-14T21:03:08.101+0000][39.259s][debug][safepoint     ] Safepoint synchronization initiated. (175 threads)
[2023-11-14T21:03:08.101+0000][39.259s][info ][safepoint     ] Application time: 1.0001413 seconds
[2023-11-14T21:03:08.101+0000][39.259s][info ][safepoint     ] Entering safepoint region: Cleanup
[2023-11-14T21:03:08.101+0000][39.259s][info ][safepoint     ] Leaving safepoint region
[2023-11-14T21:03:08.101+0000][39.259s][info ][safepoint     ] Total time for which application threads were stopped: 0.0002792 seconds, Stopping threads took: 0.0000485 seconds
[2023-11-14T21:03:09.101+0000][40.259s][debug][safepoint     ] Safepoint synchronization initiated. (175 threads)
[2023-11-14T21:03:09.101+0000][40.259s][info ][safepoint     ] Application time: 1.0001431 seconds
[2023-11-14T21:03:09.101+0000][40.260s][info ][safepoint     ] Entering safepoint region: Cleanup
[2023-11-14T21:03:09.102+0000][40.260s][info ][safepoint     ] Leaving safepoint region
[2023-11-14T21:03:09.102+0000][40.260s][info ][safepoint     ] Total time for which application threads were stopped: 0.0002769 seconds, Stopping threads took: 0.0000478 seconds
[2023-11-14T21:03:10.102+0000][41.260s][debug][safepoint     ] Safepoint synchronization initiated. (175 threads)
[2023-11-14T21:03:10.102+0000][41.260s][info ][safepoint     ] Application time: 1.0001625 seconds
[2023-11-14T21:03:10.102+0000][41.260s][info ][safepoint     ] Entering safepoint region: Cleanup
[2023-11-14T21:03:10.102+0000][41.260s][info ][safepoint     ] Leaving safepoint region
[2023-11-14T21:03:10.102+0000][41.260s][info ][safepoint     ] Total time for which application threads were stopped: 0.0003429 seconds, Stopping threads took: 0.0000693 seconds
[2023-11-14T21:03:11.102+0000][42.260s][debug][safepoint     ] Safepoint synchronization initiated. (175 threads)
[2023-11-14T21:03:11.102+0000][42.260s][info ][safepoint     ] Application time: 1.0001570 seconds
[2023-11-14T21:03:11.102+0000][42.261s][info ][safepoint     ] Entering safepoint region: Cleanup
[2023-11-14T21:03:11.103+0000][42.261s][info ][safepoint     ] Leaving safepoint region
[2023-11-14T21:03:11.103+0000][42.261s][info ][safepoint     ] Total time for which application threads were stopped: 0.0002103 seconds, Stopping threads took: 0.0000436 seconds
[2023-11-14T21:03:12.103+0000][43.261s][debug][safepoint     ] Safepoint synchronization initiated. (175 threads)
[2023-11-14T21:03:12.103+0000][43.261s][info ][safepoint     ] Application time: 1.0001759 seconds
[2023-11-14T21:03:12.103+0000][43.261s][info ][safepoint     ] Entering safepoint region: Cleanup
[2023-11-14T21:03:12.103+0000][43.261s][info ][safepoint     ] Leaving safepoint region
[2023-11-14T21:03:12.103+0000][43.261s][info ][safepoint     ] Total time for which application threads were stopped: 0.0003156 seconds, Stopping threads took: 0.0000465 seconds
[2023-11-14T21:03:13.103+0000][44.261s][debug][safepoint     ] Safepoint synchronization initiated. (175 threads)
[2023-11-14T21:03:13.103+0000][44.261s][info ][safepoint     ] Application time: 1.0001849 seconds
[2023-11-14T21:03:13.103+0000][44.261s][info ][safepoint     ] Entering safepoint region: Cleanup
[2023-11-14T21:03:13.104+0000][44.262s][info ][safepoint     ] Leaving safepoint region
[2023-11-14T21:03:13.104+0000][44.262s][info ][safepoint     ] Total time for which application threads were stopped: 0.0003102 seconds, Stopping threads took: 0.0000657 seconds
[2023-11-14T21:03:14.104+0000][45.262s][debug][safepoint     ] Safepoint synchronization initiated. (175 threads)
[2023-11-14T21:03:14.104+0000][45.262s][info ][safepoint     ] Application time: 1.0001471 seconds
[2023-11-14T21:03:14.104+0000][45.262s][info ][safepoint     ] Entering safepoint region: Cleanup
[2023-11-14T21:03:14.104+0000][45.262s][info ][safepoint     ] Leaving safepoint region
[2023-11-14T21:03:14.104+0000][45.262s][info ][safepoint     ] Total time for which application threads were stopped: 0.0002303 seconds, Stopping threads took: 0.0000469 seconds
[2023-11-14T21:03:15.104+0000][46.262s][debug][safepoint     ] Safepoint synchronization initiated. (175 threads)
[2023-11-14T21:03:15.104+0000][46.262s][info ][safepoint     ] Application time: 1.0001597 seconds
[2023-11-14T21:03:15.104+0000][46.262s][info ][safepoint     ] Entering safepoint region: Cleanup
[2023-11-14T21:03:15.105+0000][46.263s][info ][safepoint     ] Leaving safepoint region
[2023-11-14T21:03:15.105+0000][46.263s][info ][safepoint     ] Total time for which application threads were stopped: 0.0002389 seconds, Stopping threads took: 0.0000479 seconds
[2023-11-14T21:03:16.105+0000][47.263s][debug][safepoint     ] Safepoint synchronization initiated. (175 threads)
[2023-11-14T21:03:16.105+0000][47.263s][info ][safepoint     ] Application time: 1.0001500 seconds
[2023-11-14T21:03:16.105+0000][47.263s][info ][safepoint     ] Entering safepoint region: Cleanup
[2023-11-14T21:03:16.105+0000][47.263s][info ][safepoint     ] Leaving safepoint region
[2023-11-14T21:03:16.105+0000][47.263s][info ][safepoint     ] Total time for which application threads were stopped: 0.0003198 seconds, Stopping threads took: 0.0000464 seconds
[2023-11-14T21:03:17.105+0000][48.263s][debug][safepoint     ] Safepoint synchronization initiated. (175 threads)
[2023-11-14T21:03:17.105+0000][48.263s][info ][safepoint     ] Application time: 1.0001565 seconds
[2023-11-14T21:03:17.105+0000][48.263s][info ][safepoint     ] Entering safepoint region: Cleanup
[2023-11-14T21:03:17.113+0000][48.272s][info ][safepoint     ] Leaving safepoint region
[2023-11-14T21:03:17.114+0000][48.272s][info ][safepoint     ] Total time for which application threads were stopped: 0.0082883 seconds, Stopping threads took: 0.0080299 seconds
[2023-11-14T21:03:18.114+0000][49.272s][debug][safepoint     ] Safepoint synchronization initiated. (175 threads)
[2023-11-14T21:03:18.114+0000][49.272s][info ][safepoint     ] Application time: 1.0001624 seconds
[2023-11-14T21:03:18.114+0000][49.272s][info ][safepoint     ] Entering safepoint region: Cleanup
[2023-11-14T21:03:18.114+0000][49.272s][info ][safepoint     ] Leaving safepoint region
[2023-11-14T21:03:18.114+0000][49.272s][info ][safepoint     ] Total time for which application threads were stopped: 0.0002571 seconds, Stopping threads took: 0.0000489 seconds
[2023-11-14T21:03:19.114+0000][50.272s][debug][safepoint     ] Safepoint synchronization initiated. (175 threads)
[2023-11-14T21:03:19.114+0000][50.272s][info ][safepoint     ] Application time: 1.0001591 seconds
[2023-11-14T21:03:19.114+0000][50.272s][info ][safepoint     ] Entering safepoint region: Cleanup
[2023-11-14T21:03:19.114+0000][50.273s][info ][safepoint     ] Leaving safepoint region
[2023-11-14T21:03:19.115+0000][50.273s][info ][safepoint     ] Total time for which application threads were stopped: 0.0003277 seconds, Stopping threads took: 0.0000485 seconds
[2023-11-14T21:03:20.115+0000][51.273s][debug][safepoint     ] Safepoint synchronization initiated. (175 threads)
[2023-11-14T21:03:20.115+0000][51.273s][info ][safepoint     ] Application time: 1.0001765 seconds
[2023-11-14T21:03:20.115+0000][51.273s][info ][safepoint     ] Entering safepoint region: Cleanup
[2023-11-14T21:03:20.115+0000][51.273s][info ][safepoint     ] Leaving safepoint region
[2023-11-14T21:03:20.115+0000][51.273s][info ][safepoint     ] Total time for which application threads were stopped: 0.0003280 seconds, Stopping threads took: 0.0000475 seconds
[2023-11-14T21:03:21.115+0000][52.273s][debug][safepoint     ] Safepoint synchronization initiated. (176 threads)
[2023-11-14T21:03:21.115+0000][52.273s][info ][safepoint     ] Application time: 1.0001622 seconds
[2023-11-14T21:03:21.115+0000][52.273s][info ][safepoint     ] Entering safepoint region: Cleanup
[2023-11-14T21:03:21.116+0000][52.274s][info ][safepoint     ] Leaving safepoint region
[2023-11-14T21:03:21.116+0000][52.274s][info ][safepoint     ] Total time for which application threads were stopped: 0.0004353 seconds, Stopping threads took: 0.0000474 seconds
[2023-11-14T21:03:22.116+0000][53.274s][debug][safepoint     ] Safepoint synchronization initiated. (176 threads)
[2023-11-14T21:03:22.116+0000][53.274s][info ][safepoint     ] Application time: 1.0001504 seconds
[2023-11-14T21:03:22.116+0000][53.274s][info ][safepoint     ] Entering safepoint region: Cleanup
[2023-11-14T21:03:22.116+0000][53.274s][info ][safepoint     ] Leaving safepoint region
[2023-11-14T21:03:22.116+0000][53.274s][info ][safepoint     ] Total time for which application threads were stopped: 0.0002565 seconds, Stopping threads took: 0.0000516 seconds
[2023-11-14T21:03:23.116+0000][54.274s][debug][safepoint     ] Safepoint synchronization initiated. (176 threads)
[2023-11-14T21:03:23.116+0000][54.274s][info ][safepoint     ] Application time: 1.0001542 seconds
[2023-11-14T21:03:23.116+0000][54.274s][info ][safepoint     ] Entering safepoint region: Cleanup
[2023-11-14T21:03:23.117+0000][54.275s][info ][safepoint     ] Leaving safepoint region
[2023-11-14T21:03:23.117+0000][54.275s][info ][safepoint     ] Total time for which application threads were stopped: 0.0003449 seconds, Stopping threads took: 0.0000514 seconds
[2023-11-14T21:03:24.117+0000][55.275s][debug][safepoint     ] Safepoint synchronization initiated. (176 threads)
[2023-11-14T21:03:24.117+0000][55.275s][info ][safepoint     ] Application time: 1.0001787 seconds
[2023-11-14T21:03:24.117+0000][55.275s][info ][safepoint     ] Entering safepoint region: Cleanup
[2023-11-14T21:03:24.117+0000][55.275s][info ][safepoint     ] Leaving safepoint region
[2023-11-14T21:03:24.117+0000][55.275s][info ][safepoint     ] Total time for which application threads were stopped: 0.0003607 seconds, Stopping threads took: 0.0000510 seconds
[2023-11-14T21:03:25.117+0000][56.275s][debug][safepoint     ] Safepoint synchronization initiated. (176 threads)
[2023-11-14T21:03:25.117+0000][56.275s][info ][safepoint     ] Application time: 1.0001598 seconds
[2023-11-14T21:03:25.117+0000][56.276s][info ][safepoint     ] Entering safepoint region: Cleanup
[2023-11-14T21:03:25.118+0000][56.276s][info ][safepoint     ] Leaving safepoint region
[2023-11-14T21:03:25.118+0000][56.276s][info ][safepoint     ] Total time for which application threads were stopped: 0.0003255 seconds, Stopping threads took: 0.0000488 seconds
[2023-11-14T21:03:26.118+0000][57.276s][debug][safepoint     ] Safepoint synchronization initiated. (176 threads)
[2023-11-14T21:03:26.118+0000][57.276s][info ][safepoint     ] Application time: 1.0001602 seconds
[2023-11-14T21:03:26.118+0000][57.276s][info ][safepoint     ] Entering safepoint region: Cleanup
[2023-11-14T21:03:26.128+0000][57.286s][info ][safepoint     ] Leaving safepoint region
[2023-11-14T21:03:26.128+0000][57.286s][info ][safepoint     ] Total time for which application threads were stopped: 0.0096547 seconds, Stopping threads took: 0.0094139 seconds
[2023-11-14T21:03:27.128+0000][58.286s][debug][safepoint     ] Safepoint synchronization initiated. (176 threads)
[2023-11-14T21:03:27.128+0000][58.286s][info ][safepoint     ] Application time: 1.0001720 seconds
[2023-11-14T21:03:27.128+0000][58.286s][info ][safepoint     ] Entering safepoint region: Cleanup
[2023-11-14T21:03:27.128+0000][58.286s][info ][safepoint     ] Leaving safepoint region
[2023-11-14T21:03:27.128+0000][58.286s][info ][safepoint     ] Total time for which application threads were stopped: 0.0002292 seconds, Stopping threads took: 0.0000468 seconds
[2023-11-14T21:03:28.128+0000][59.286s][debug][safepoint     ] Safepoint synchronization initiated. (176 threads)
[2023-11-14T21:03:28.128+0000][59.286s][info ][safepoint     ] Application time: 1.0001543 seconds
[2023-11-14T21:03:28.128+0000][59.286s][info ][safepoint     ] Entering safepoint region: Cleanup
[2023-11-14T21:03:28.128+0000][59.287s][info ][safepoint     ] Leaving safepoint region
[2023-11-14T21:03:28.128+0000][59.287s][info ][safepoint     ] Total time for which application threads were stopped: 0.0002400 seconds, Stopping threads took: 0.0000479 seconds
[2023-11-14T21:03:29.129+0000][60.287s][debug][safepoint     ] Safepoint synchronization initiated. (176 threads)
[2023-11-14T21:03:29.129+0000][60.287s][info ][safepoint     ] Application time: 1.0001672 seconds
[2023-11-14T21:03:29.129+0000][60.287s][info ][safepoint     ] Entering safepoint region: Cleanup
[2023-11-14T21:03:29.129+0000][60.287s][info ][safepoint     ] Leaving safepoint region
[2023-11-14T21:03:29.129+0000][60.287s][info ][safepoint     ] Total time for which application threads were stopped: 0.0003217 seconds, Stopping threads took: 0.0000475 seconds
[2023-11-14T21:03:30.129+0000][61.287s][debug][safepoint     ] Safepoint synchronization initiated. (176 threads)
[2023-11-14T21:03:30.129+0000][61.287s][info ][safepoint     ] Application time: 1.0001687 seconds
[2023-11-14T21:03:30.129+0000][61.287s][info ][safepoint     ] Entering safepoint region: Cleanup
[2023-11-14T21:03:30.129+0000][61.288s][info ][safepoint     ] Leaving safepoint region
[2023-11-14T21:03:30.130+0000][61.288s][info ][safepoint     ] Total time for which application threads were stopped: 0.0003186 seconds, Stopping threads took: 0.0000472 seconds
[2023-11-14T21:03:31.130+0000][62.288s][debug][safepoint     ] Safepoint synchronization initiated. (177 threads)
[2023-11-14T21:03:31.130+0000][62.288s][info ][safepoint     ] Application time: 1.0001481 seconds
[2023-11-14T21:03:31.130+0000][62.288s][info ][safepoint     ] Entering safepoint region: Cleanup
[2023-11-14T21:03:31.138+0000][62.296s][info ][safepoint     ] Leaving safepoint region
[2023-11-14T21:03:31.138+0000][62.296s][info ][safepoint     ] Total time for which application threads were stopped: 0.0078635 seconds, Stopping threads took: 0.0076508 seconds
[2023-11-14T21:03:32.138+0000][63.296s][debug][safepoint     ] Safepoint synchronization initiated. (177 threads)
[2023-11-14T21:03:32.138+0000][63.296s][info ][safepoint     ] Application time: 1.0001678 seconds
[2023-11-14T21:03:32.138+0000][63.296s][info ][safepoint     ] Entering safepoint region: Cleanup
[2023-11-14T21:03:32.138+0000][63.296s][info ][safepoint     ] Leaving safepoint region
[2023-11-14T21:03:32.138+0000][63.296s][info ][safepoint     ] Total time for which application threads were stopped: 0.0003367 seconds, Stopping threads took: 0.0000484 seconds
[2023-11-14T21:03:33.138+0000][64.296s][debug][safepoint     ] Safepoint synchronization initiated. (177 threads)
[2023-11-14T21:03:33.138+0000][64.296s][info ][safepoint     ] Application time: 1.0001431 seconds
[2023-11-14T21:03:33.138+0000][64.296s][info ][safepoint     ] Entering safepoint region: Cleanup
[2023-11-14T21:03:33.139+0000][64.297s][info ][safepoint     ] Leaving safepoint region
[2023-11-14T21:03:33.139+0000][64.297s][info ][safepoint     ] Total time for which application threads were stopped: 0.0002936 seconds, Stopping threads took: 0.0000474 seconds
[2023-11-14T21:03:34.139+0000][65.297s][debug][safepoint     ] Safepoint synchronization initiated. (177 threads)
[2023-11-14T21:03:34.139+0000][65.297s][info ][safepoint     ] Application time: 1.0001627 seconds
[2023-11-14T21:03:34.139+0000][65.297s][info ][safepoint     ] Entering safepoint region: Cleanup
[2023-11-14T21:03:34.139+0000][65.297s][info ][safepoint     ] Leaving safepoint region
[2023-11-14T21:03:34.139+0000][65.297s][info ][safepoint     ] Total time for which application threads were stopped: 0.0002485 seconds, Stopping threads took: 0.0000494 seconds
[2023-11-14T21:03:35.139+0000][66.297s][debug][safepoint     ] Safepoint synchronization initiated. (177 threads)
[2023-11-14T21:03:35.139+0000][66.297s][info ][safepoint     ] Application time: 1.0001671 seconds
[2023-11-14T21:03:35.139+0000][66.297s][info ][safepoint     ] Entering safepoint region: Cleanup
[2023-11-14T21:03:35.140+0000][66.298s][info ][safepoint     ] Leaving safepoint region
[2023-11-14T21:03:35.140+0000][66.298s][info ][safepoint     ] Total time for which application threads were stopped: 0.0003408 seconds, Stopping threads took: 0.0000495 seconds
[2023-11-14T21:03:36.140+0000][67.298s][debug][safepoint     ] Safepoint synchronization initiated. (177 threads)
[2023-11-14T21:03:36.140+0000][67.298s][info ][safepoint     ] Application time: 1.0001593 seconds
[2023-11-14T21:03:36.140+0000][67.298s][info ][safepoint     ] Entering safepoint region: Cleanup
[2023-11-14T21:03:36.147+0000][67.305s][info ][safepoint     ] Leaving safepoint region
[2023-11-14T21:03:36.147+0000][67.305s][info ][safepoint     ] Total time for which application threads were stopped: 0.0072993 seconds, Stopping threads took: 0.0070824 seconds
[2023-11-14T21:03:37.147+0000][68.305s][debug][safepoint     ] Safepoint synchronization initiated. (177 threads)
[2023-11-14T21:03:37.147+0000][68.305s][info ][safepoint     ] Application time: 1.0001445 seconds
[2023-11-14T21:03:37.147+0000][68.305s][info ][safepoint     ] Entering safepoint region: Cleanup
[2023-11-14T21:03:37.148+0000][68.306s][info ][safepoint     ] Leaving safepoint region
[2023-11-14T21:03:37.148+0000][68.306s][info ][safepoint     ] Total time for which application threads were stopped: 0.0002764 seconds, Stopping threads took: 0.0000511 seconds
[2023-11-14T21:03:38.148+0000][69.306s][debug][safepoint     ] Safepoint synchronization initiated. (177 threads)
[2023-11-14T21:03:38.148+0000][69.306s][info ][safepoint     ] Application time: 1.0001501 seconds
[2023-11-14T21:03:38.148+0000][69.306s][info ][safepoint     ] Entering safepoint region: Cleanup
[2023-11-14T21:03:38.148+0000][69.306s][info ][safepoint     ] Leaving safepoint region
[2023-11-14T21:03:38.148+0000][69.306s][info ][safepoint     ] Total time for which application threads were stopped: 0.0003355 seconds, Stopping threads took: 0.0000513 seconds
[2023-11-14T21:03:39.148+0000][70.306s][debug][safepoint     ] Safepoint synchronization initiated. (176 threads)
[2023-11-14T21:03:39.148+0000][70.306s][info ][safepoint     ] Application time: 1.0001614 seconds
[2023-11-14T21:03:39.148+0000][70.306s][info ][safepoint     ] Entering safepoint region: Cleanup
[2023-11-14T21:03:39.149+0000][70.307s][info ][safepoint     ] Leaving safepoint region
[2023-11-14T21:03:39.149+0000][70.307s][info ][safepoint     ] Total time for which application threads were stopped: 0.0003338 seconds, Stopping threads took: 0.0000513 seconds
[2023-11-14T21:03:40.149+0000][71.307s][debug][safepoint     ] Safepoint synchronization initiated. (176 threads)
[2023-11-14T21:03:40.149+0000][71.307s][info ][safepoint     ] Application time: 1.0001659 seconds
[2023-11-14T21:03:40.149+0000][71.307s][info ][safepoint     ] Entering safepoint region: Cleanup
[2023-11-14T21:03:40.149+0000][71.307s][info ][safepoint     ] Leaving safepoint region
[2023-11-14T21:03:40.149+0000][71.307s][info ][safepoint     ] Total time for which application threads were stopped: 0.0003357 seconds, Stopping threads took: 0.0000512 seconds
[2023-11-14T21:03:41.149+0000][72.307s][debug][safepoint     ] Safepoint synchronization initiated. (177 threads)
[2023-11-14T21:03:41.149+0000][72.307s][info ][safepoint     ] Application time: 1.0001556 seconds
[2023-11-14T21:03:41.149+0000][72.307s][info ][safepoint     ] Entering safepoint region: Cleanup
[2023-11-14T21:03:41.154+0000][72.312s][info ][safepoint     ] Leaving safepoint region
[2023-11-14T21:03:41.154+0000][72.312s][info ][safepoint     ] Total time for which application threads were stopped: 0.0045344 seconds, Stopping threads took: 0.0043122 seconds
[2023-11-14T21:03:42.154+0000][73.312s][debug][safepoint     ] Safepoint synchronization initiated. (177 threads)
[2023-11-14T21:03:42.154+0000][73.312s][info ][safepoint     ] Application time: 1.0001616 seconds
[2023-11-14T21:03:42.154+0000][73.312s][info ][safepoint     ] Entering safepoint region: Cleanup
[2023-11-14T21:03:42.154+0000][73.312s][info ][safepoint     ] Leaving safepoint region
[2023-11-14T21:03:42.154+0000][73.313s][info ][safepoint     ] Total time for which application threads were stopped: 0.0003481 seconds, Stopping threads took: 0.0000519 seconds
[2023-11-14T21:03:43.155+0000][74.313s][debug][safepoint     ] Safepoint synchronization initiated. (177 threads)
[2023-11-14T21:03:43.155+0000][74.313s][info ][safepoint     ] Application time: 1.0001572 seconds
[2023-11-14T21:03:43.155+0000][74.313s][info ][safepoint     ] Entering safepoint region: Cleanup
[2023-11-14T21:03:43.155+0000][74.313s][info ][safepoint     ] Leaving safepoint region
[2023-11-14T21:03:43.155+0000][74.313s][info ][safepoint     ] Total time for which application threads were stopped: 0.0003379 seconds, Stopping threads took: 0.0000518 seconds
[2023-11-14T21:03:44.155+0000][75.313s][debug][safepoint     ] Safepoint synchronization initiated. (177 threads)
[2023-11-14T21:03:44.155+0000][75.313s][info ][safepoint     ] Application time: 1.0001861 seconds
[2023-11-14T21:03:44.155+0000][75.313s][info ][safepoint     ] Entering safepoint region: Cleanup
[2023-11-14T21:03:44.155+0000][75.314s][info ][safepoint     ] Leaving safepoint region
[2023-11-14T21:03:44.156+0000][75.314s][info ][safepoint     ] Total time for which application threads were stopped: 0.0003119 seconds, Stopping threads took: 0.0000513 seconds
[2023-11-14T21:03:45.156+0000][76.314s][debug][safepoint     ] Safepoint synchronization initiated. (177 threads)
[2023-11-14T21:03:45.156+0000][76.314s][info ][safepoint     ] Application time: 1.0001687 seconds
[2023-11-14T21:03:45.156+0000][76.314s][info ][safepoint     ] Entering safepoint region: Cleanup
[2023-11-14T21:03:45.156+0000][76.314s][info ][safepoint     ] Leaving safepoint region
[2023-11-14T21:03:45.156+0000][76.314s][info ][safepoint     ] Total time for which application threads were stopped: 0.0003311 seconds, Stopping threads took: 0.0000501 seconds
[2023-11-14T21:03:46.156+0000][77.314s][debug][safepoint     ] Safepoint synchronization initiated. (177 threads)
[2023-11-14T21:03:46.156+0000][77.314s][info ][safepoint     ] Application time: 1.0001576 seconds
[2023-11-14T21:03:46.156+0000][77.314s][info ][safepoint     ] Entering safepoint region: Cleanup
[2023-11-14T21:03:46.165+0000][77.323s][info ][safepoint     ] Leaving safepoint region
[2023-11-14T21:03:46.165+0000][77.323s][info ][safepoint     ] Total time for which application threads were stopped: 0.0087502 seconds, Stopping threads took: 0.0083578 seconds
[2023-11-14T21:03:47.165+0000][78.323s][debug][safepoint     ] Safepoint synchronization initiated. (177 threads)
[2023-11-14T21:03:47.165+0000][78.323s][info ][safepoint     ] Application time: 1.0001826 seconds
[2023-11-14T21:03:47.165+0000][78.323s][info ][safepoint     ] Entering safepoint region: Cleanup
[2023-11-14T21:03:47.166+0000][78.324s][info ][safepoint     ] Leaving safepoint region
[2023-11-14T21:03:47.166+0000][78.324s][info ][safepoint     ] Total time for which application threads were stopped: 0.0003460 seconds, Stopping threads took: 0.0000515 seconds
[2023-11-14T21:03:48.166+0000][79.324s][debug][safepoint     ] Safepoint synchronization initiated. (177 threads)
[2023-11-14T21:03:48.166+0000][79.324s][info ][safepoint     ] Application time: 1.0001681 seconds
[2023-11-14T21:03:48.166+0000][79.324s][info ][safepoint     ] Entering safepoint region: Cleanup
[2023-11-14T21:03:48.166+0000][79.324s][info ][safepoint     ] Leaving safepoint region
[2023-11-14T21:03:48.166+0000][79.324s][info ][safepoint     ] Total time for which application threads were stopped: 0.0003346 seconds, Stopping threads took: 0.0000514 seconds
[2023-11-14T21:03:49.166+0000][80.324s][debug][safepoint     ] Safepoint synchronization initiated. (177 threads)
[2023-11-14T21:03:49.166+0000][80.324s][info ][safepoint     ] Application time: 1.0001649 seconds
[2023-11-14T21:03:49.166+0000][80.324s][info ][safepoint     ] Entering safepoint region: Cleanup
[2023-11-14T21:03:49.167+0000][80.325s][info ][safepoint     ] Leaving safepoint region
[2023-11-14T21:03:49.167+0000][80.325s][info ][safepoint     ] Total time for which application threads were stopped: 0.0003370 seconds, Stopping threads took: 0.0000520 seconds
[2023-11-14T21:03:50.167+0000][81.325s][debug][safepoint     ] Safepoint synchronization initiated. (177 threads)
[2023-11-14T21:03:50.167+0000][81.325s][info ][safepoint     ] Application time: 1.0001512 seconds
[2023-11-14T21:03:50.167+0000][81.325s][info ][safepoint     ] Entering safepoint region: Cleanup
[2023-11-14T21:03:50.167+0000][81.325s][info ][safepoint     ] Leaving safepoint region
[2023-11-14T21:03:50.167+0000][81.325s][info ][safepoint     ] Total time for which application threads were stopped: 0.0003365 seconds, Stopping threads took: 0.0000518 seconds
[2023-11-14T21:03:51.167+0000][82.325s][debug][safepoint     ] Safepoint synchronization initiated. (177 threads)
[2023-11-14T21:03:51.167+0000][82.325s][info ][safepoint     ] Application time: 1.0001733 seconds
[2023-11-14T21:03:51.167+0000][82.326s][info ][safepoint     ] Entering safepoint region: Cleanup
[2023-11-14T21:03:51.168+0000][82.326s][info ][safepoint     ] Leaving safepoint region
[2023-11-14T21:03:51.168+0000][82.326s][info ][safepoint     ] Total time for which application threads were stopped: 0.0003562 seconds, Stopping threads took: 0.0000742 seconds
[2023-11-14T21:03:52.168+0000][83.326s][debug][safepoint     ] Safepoint synchronization initiated. (177 threads)
[2023-11-14T21:03:52.168+0000][83.326s][info ][safepoint     ] Application time: 1.0001511 seconds
[2023-11-14T21:03:52.168+0000][83.326s][info ][safepoint     ] Entering safepoint region: Cleanup
[2023-11-14T21:03:52.168+0000][83.326s][info ][safepoint     ] Leaving safepoint region
[2023-11-14T21:03:52.168+0000][83.326s][info ][safepoint     ] Total time for which application threads were stopped: 0.0003382 seconds, Stopping threads took: 0.0000514 seconds
[2023-11-14T21:03:53.168+0000][84.326s][debug][safepoint     ] Safepoint synchronization initiated. (177 threads)
[2023-11-14T21:03:53.169+0000][84.327s][info ][safepoint     ] Application time: 1.0001986 seconds
[2023-11-14T21:03:53.169+0000][84.327s][info ][safepoint     ] Entering safepoint region: Cleanup
[2023-11-14T21:03:53.169+0000][84.327s][info ][safepoint     ] Leaving safepoint region
[2023-11-14T21:03:53.169+0000][84.327s][info ][safepoint     ] Total time for which application threads were stopped: 0.0003393 seconds, Stopping threads took: 0.0000524 seconds
[2023-11-14T21:03:54.169+0000][85.327s][debug][safepoint     ] Safepoint synchronization initiated. (177 threads)
[2023-11-14T21:03:54.169+0000][85.327s][info ][safepoint     ] Application time: 1.0001636 seconds
[2023-11-14T21:03:54.169+0000][85.327s][info ][safepoint     ] Entering safepoint region: Cleanup
[2023-11-14T21:03:54.169+0000][85.327s][info ][safepoint     ] Leaving safepoint region
[2023-11-14T21:03:54.169+0000][85.327s][info ][safepoint     ] Total time for which application threads were stopped: 0.0003420 seconds, Stopping threads took: 0.0000516 seconds
[2023-11-14T21:03:55.170+0000][86.328s][debug][safepoint     ] Safepoint synchronization initiated. (177 threads)
[2023-11-14T21:03:55.170+0000][86.328s][info ][safepoint     ] Application time: 1.0001590 seconds
[2023-11-14T21:03:55.170+0000][86.328s][info ][safepoint     ] Entering safepoint region: Cleanup
[2023-11-14T21:03:55.170+0000][86.328s][info ][safepoint     ] Leaving safepoint region
[2023-11-14T21:03:55.170+0000][86.328s][info ][safepoint     ] Total time for which application threads were stopped: 0.0003374 seconds, Stopping threads took: 0.0000522 seconds
[2023-11-14T21:03:56.170+0000][87.328s][debug][safepoint     ] Safepoint synchronization initiated. (177 threads)
[2023-11-14T21:03:56.170+0000][87.328s][info ][safepoint     ] Application time: 1.0001704 seconds
[2023-11-14T21:03:56.170+0000][87.328s][info ][safepoint     ] Entering safepoint region: Cleanup
[2023-11-14T21:03:56.170+0000][87.329s][info ][safepoint     ] Leaving safepoint region
[2023-11-14T21:03:56.171+0000][87.329s][info ][safepoint     ] Total time for which application threads were stopped: 0.0003440 seconds, Stopping threads took: 0.0000501 seconds
[2023-11-14T21:03:57.171+0000][88.329s][debug][safepoint     ] Safepoint synchronization initiated. (177 threads)
[2023-11-14T21:03:57.171+0000][88.329s][info ][safepoint     ] Application time: 1.0001679 seconds
[2023-11-14T21:03:57.171+0000][88.329s][info ][safepoint     ] Entering safepoint region: Cleanup
[2023-11-14T21:03:57.171+0000][88.329s][info ][safepoint     ] Leaving safepoint region
[2023-11-14T21:03:57.171+0000][88.329s][info ][safepoint     ] Total time for which application threads were stopped: 0.0002648 seconds, Stopping threads took: 0.0000511 seconds
[2023-11-14T21:03:58.171+0000][89.329s][debug][safepoint     ] Safepoint synchronization initiated. (177 threads)
[2023-11-14T21:03:58.171+0000][89.329s][info ][safepoint     ] Application time: 1.0001626 seconds
[2023-11-14T21:03:58.171+0000][89.329s][info ][safepoint     ] Entering safepoint region: Cleanup
[2023-11-14T21:03:58.171+0000][89.329s][info ][safepoint     ] Leaving safepoint region
[2023-11-14T21:03:58.171+0000][89.329s][info ][safepoint     ] Total time for which application threads were stopped: 0.0002341 seconds, Stopping threads took: 0.0000479 seconds
[2023-11-14T21:03:59.172+0000][90.330s][debug][safepoint     ] Safepoint synchronization initiated. (177 threads)
[2023-11-14T21:03:59.172+0000][90.330s][info ][safepoint     ] Application time: 1.0001573 seconds
[2023-11-14T21:03:59.172+0000][90.330s][info ][safepoint     ] Entering safepoint region: Cleanup
[2023-11-14T21:03:59.176+0000][90.334s][info ][safepoint     ] Leaving safepoint region
[2023-11-14T21:03:59.176+0000][90.334s][info ][safepoint     ] Total time for which application threads were stopped: 0.0042313 seconds, Stopping threads took: 0.0040225 seconds
[2023-11-14T21:04:00.176+0000][91.334s][debug][safepoint     ] Safepoint synchronization initiated. (177 threads)
[2023-11-14T21:04:00.176+0000][91.334s][info ][safepoint     ] Application time: 1.0002120 seconds
[2023-11-14T21:04:00.176+0000][91.334s][info ][safepoint     ] Entering safepoint region: Cleanup
[2023-11-14T21:04:00.176+0000][91.334s][info ][safepoint     ] Leaving safepoint region
[2023-11-14T21:04:00.176+0000][91.334s][info ][safepoint     ] Total time for which application threads were stopped: 0.0002432 seconds, Stopping threads took: 0.0000504 seconds
[2023-11-14T21:04:01.176+0000][92.334s][debug][safepoint     ] Safepoint synchronization initiated. (177 threads)
[2023-11-14T21:04:01.176+0000][92.335s][info ][safepoint     ] Application time: 1.0001507 seconds
[2023-11-14T21:04:01.177+0000][92.335s][info ][safepoint     ] Entering safepoint region: Cleanup
[2023-11-14T21:04:01.177+0000][92.335s][info ][safepoint     ] Leaving safepoint region
[2023-11-14T21:04:01.177+0000][92.335s][info ][safepoint     ] Total time for which application threads were stopped: 0.0002821 seconds, Stopping threads took: 0.0000492 seconds
[2023-11-14T21:04:02.177+0000][93.335s][debug][safepoint     ] Safepoint synchronization initiated. (177 threads)
[2023-11-14T21:04:02.177+0000][93.335s][info ][safepoint     ] Application time: 1.0001560 seconds
[2023-11-14T21:04:02.177+0000][93.335s][info ][safepoint     ] Entering safepoint region: Cleanup
[2023-11-14T21:04:02.177+0000][93.335s][info ][safepoint     ] Leaving safepoint region
[2023-11-14T21:04:02.177+0000][93.335s][info ][safepoint     ] Total time for which application threads were stopped: 0.0003398 seconds, Stopping threads took: 0.0000501 seconds
[2023-11-14T21:04:03.177+0000][94.335s][debug][safepoint     ] Safepoint synchronization initiated. (177 threads)
[2023-11-14T21:04:03.177+0000][94.336s][info ][safepoint     ] Application time: 1.0001532 seconds
[2023-11-14T21:04:03.178+0000][94.336s][info ][safepoint     ] Entering safepoint region: Cleanup
[2023-11-14T21:04:03.178+0000][94.336s][info ][safepoint     ] Leaving safepoint region
[2023-11-14T21:04:03.178+0000][94.336s][info ][safepoint     ] Total time for which application threads were stopped: 0.0003361 seconds, Stopping threads took: 0.0000505 seconds
[2023-11-14T21:04:04.178+0000][95.336s][debug][safepoint     ] Safepoint synchronization initiated. (177 threads)
[2023-11-14T21:04:04.178+0000][95.336s][info ][safepoint     ] Application time: 1.0001694 seconds
[2023-11-14T21:04:04.178+0000][95.336s][info ][safepoint     ] Entering safepoint region: Cleanup
[2023-11-14T21:04:04.181+0000][95.339s][info ][safepoint     ] Leaving safepoint region
[2023-11-14T21:04:04.181+0000][95.339s][info ][safepoint     ] Total time for which application threads were stopped: 0.0026872 seconds, Stopping threads took: 0.0024750 seconds
[2023-11-14T21:04:05.181+0000][96.339s][debug][safepoint     ] Safepoint synchronization initiated. (177 threads)
[2023-11-14T21:04:05.181+0000][96.339s][info ][safepoint     ] Application time: 1.0001331 seconds
[2023-11-14T21:04:05.181+0000][96.339s][info ][safepoint     ] Entering safepoint region: Cleanup
[2023-11-14T21:04:05.181+0000][96.339s][info ][safepoint     ] Leaving safepoint region
[2023-11-14T21:04:05.181+0000][96.339s][info ][safepoint     ] Total time for which application threads were stopped: 0.0002544 seconds, Stopping threads took: 0.0000512 seconds
[2023-11-14T21:04:06.181+0000][97.339s][debug][safepoint     ] Safepoint synchronization initiated. (175 threads)
[2023-11-14T21:04:06.181+0000][97.339s][info ][safepoint     ] Application time: 1.0001565 seconds
[2023-11-14T21:04:06.181+0000][97.339s][info ][safepoint     ] Entering safepoint region: Cleanup
[2023-11-14T21:04:06.182+0000][97.340s][info ][safepoint     ] Leaving safepoint region
[2023-11-14T21:04:06.182+0000][97.340s][info ][safepoint     ] Total time for which application threads were stopped: 0.0003115 seconds, Stopping threads took: 0.0000471 seconds
[2023-11-14T21:04:07.182+0000][98.340s][debug][safepoint     ] Safepoint synchronization initiated. (174 threads)
[2023-11-14T21:04:07.182+0000][98.340s][info ][safepoint     ] Application time: 1.0001752 seconds
[2023-11-14T21:04:07.182+0000][98.340s][info ][safepoint     ] Entering safepoint region: Cleanup
[2023-11-14T21:04:07.182+0000][98.340s][info ][safepoint     ] Leaving safepoint region
[2023-11-14T21:04:07.182+0000][98.340s][info ][safepoint     ] Total time for which application threads were stopped: 0.0003426 seconds, Stopping threads took: 0.0000536 seconds
[2023-11-14T21:04:08.182+0000][99.340s][debug][safepoint     ] Safepoint synchronization initiated. (174 threads)
[2023-11-14T21:04:08.182+0000][99.340s][info ][safepoint     ] Application time: 1.0001571 seconds
[2023-11-14T21:04:08.182+0000][99.341s][info ][safepoint     ] Entering safepoint region: Cleanup
[2023-11-14T21:04:08.183+0000][99.341s][info ][safepoint     ] Leaving safepoint region
[2023-11-14T21:04:08.183+0000][99.341s][info ][safepoint     ] Total time for which application threads were stopped: 0.0002540 seconds, Stopping threads took: 0.0000528 seconds
[2023-11-14T21:04:09.183+0000][100.341s][debug][safepoint     ] Safepoint synchronization initiated. (174 threads)
[2023-11-14T21:04:09.183+0000][100.341s][info ][safepoint     ] Application time: 1.0001735 seconds
[2023-11-14T21:04:09.183+0000][100.341s][info ][safepoint     ] Entering safepoint region: Cleanup
[2023-11-14T21:04:09.183+0000][100.341s][info ][safepoint     ] Leaving safepoint region
[2023-11-14T21:04:09.183+0000][100.341s][info ][safepoint     ] Total time for which application threads were stopped: 0.0002734 seconds, Stopping threads took: 0.0000625 seconds
[2023-11-14T21:04:10.183+0000][101.341s][debug][safepoint     ] Safepoint synchronization initiated. (174 threads)
[2023-11-14T21:04:10.183+0000][101.341s][info ][safepoint     ] Application time: 1.0001716 seconds
[2023-11-14T21:04:10.183+0000][101.341s][info ][safepoint     ] Entering safepoint region: Cleanup
[2023-11-14T21:04:10.184+0000][101.342s][info ][safepoint     ] Leaving safepoint region
[2023-11-14T21:04:10.184+0000][101.342s][info ][safepoint     ] Total time for which application threads were stopped: 0.0002696 seconds, Stopping threads took: 0.0000512 seconds
[2023-11-14T21:04:11.184+0000][102.342s][debug][safepoint     ] Safepoint synchronization initiated. (174 threads)
[2023-11-14T21:04:11.184+0000][102.342s][info ][safepoint     ] Application time: 1.0001444 seconds
[2023-11-14T21:04:11.184+0000][102.342s][info ][safepoint     ] Entering safepoint region: Cleanup
[2023-11-14T21:04:11.184+0000][102.342s][info ][safepoint     ] Leaving safepoint region
[2023-11-14T21:04:11.184+0000][102.342s][info ][safepoint     ] Total time for which application threads were stopped: 0.0003018 seconds, Stopping threads took: 0.0000518 seconds
[2023-11-14T21:04:12.184+0000][103.342s][debug][safepoint     ] Safepoint synchronization initiated. (174 threads)
[2023-11-14T21:04:12.184+0000][103.342s][info ][safepoint     ] Application time: 1.0001690 seconds
[2023-11-14T21:04:12.184+0000][103.342s][info ][safepoint     ] Entering safepoint region: Cleanup
[2023-11-14T21:04:12.185+0000][103.343s][info ][safepoint     ] Leaving safepoint region
[2023-11-14T21:04:12.185+0000][103.343s][info ][safepoint     ] Total time for which application threads were stopped: 0.0003248 seconds, Stopping threads took: 0.0000498 seconds
[2023-11-14T21:04:13.185+0000][104.343s][debug][safepoint     ] Safepoint synchronization initiated. (174 threads)
[2023-11-14T21:04:13.185+0000][104.343s][info ][safepoint     ] Application time: 1.0001724 seconds
[2023-11-14T21:04:13.185+0000][104.343s][info ][safepoint     ] Entering safepoint region: Cleanup
[2023-11-14T21:04:13.185+0000][104.343s][info ][safepoint     ] Leaving safepoint region
[2023-11-14T21:04:13.185+0000][104.343s][info ][safepoint     ] Total time for which application threads were stopped: 0.0003124 seconds, Stopping threads took: 0.0000503 seconds
[2023-11-14T21:04:14.185+0000][105.343s][debug][safepoint     ] Safepoint synchronization initiated. (174 threads)
[2023-11-14T21:04:14.185+0000][105.343s][info ][safepoint     ] Application time: 1.0001739 seconds
[2023-11-14T21:04:14.185+0000][105.344s][info ][safepoint     ] Entering safepoint region: Cleanup
[2023-11-14T21:04:14.186+0000][105.344s][info ][safepoint     ] Leaving safepoint region
[2023-11-14T21:04:14.186+0000][105.344s][info ][safepoint     ] Total time for which application threads were stopped: 0.0002528 seconds, Stopping threads took: 0.0000553 seconds
[2023-11-14T21:04:15.186+0000][106.344s][debug][safepoint     ] Safepoint synchronization initiated. (174 threads)
[2023-11-14T21:04:15.186+0000][106.344s][info ][safepoint     ] Application time: 1.0001804 seconds
[2023-11-14T21:04:15.186+0000][106.344s][info ][safepoint     ] Entering safepoint region: Cleanup
[2023-11-14T21:04:15.186+0000][106.344s][info ][safepoint     ] Leaving safepoint region
[2023-11-14T21:04:15.186+0000][106.344s][info ][safepoint     ] Total time for which application threads were stopped: 0.0003325 seconds, Stopping threads took: 0.0000500 seconds
[2023-11-14T21:04:16.186+0000][107.344s][debug][safepoint     ] Safepoint synchronization initiated. (174 threads)
[2023-11-14T21:04:16.186+0000][107.344s][info ][safepoint     ] Application time: 1.0001713 seconds
[2023-11-14T21:04:16.186+0000][107.345s][info ][safepoint     ] Entering safepoint region: Cleanup
[2023-11-14T21:04:16.187+0000][107.345s][info ][safepoint     ] Leaving safepoint region
[2023-11-14T21:04:16.187+0000][107.345s][info ][safepoint     ] Total time for which application threads were stopped: 0.0003572 seconds, Stopping threads took: 0.0000520 seconds
[2023-11-14T21:04:17.187+0000][108.345s][debug][safepoint     ] Safepoint synchronization initiated. (174 threads)
[2023-11-14T21:04:17.187+0000][108.345s][info ][safepoint     ] Application time: 1.0001636 seconds
[2023-11-14T21:04:17.187+0000][108.345s][info ][safepoint     ] Entering safepoint region: Cleanup
[2023-11-14T21:04:17.187+0000][108.345s][info ][safepoint     ] Leaving safepoint region
[2023-11-14T21:04:17.187+0000][108.345s][info ][safepoint     ] Total time for which application threads were stopped: 0.0003409 seconds, Stopping threads took: 0.0000515 seconds
[2023-11-14T21:04:18.187+0000][109.346s][debug][safepoint     ] Safepoint synchronization initiated. (174 threads)
[2023-11-14T21:04:18.188+0000][109.346s][info ][safepoint     ] Application time: 1.0001663 seconds
[2023-11-14T21:04:18.188+0000][109.346s][info ][safepoint     ] Entering safepoint region: Cleanup
[2023-11-14T21:04:18.188+0000][109.346s][info ][safepoint     ] Leaving safepoint region
[2023-11-14T21:04:18.188+0000][109.346s][info ][safepoint     ] Total time for which application threads were stopped: 0.0003397 seconds, Stopping threads took: 0.0000521 seconds
[2023-11-14T21:04:19.188+0000][110.346s][debug][safepoint     ] Safepoint synchronization initiated. (174 threads)
[2023-11-14T21:04:19.188+0000][110.346s][info ][safepoint     ] Application time: 1.0001394 seconds
[2023-11-14T21:04:19.188+0000][110.346s][info ][safepoint     ] Entering safepoint region: Cleanup
[2023-11-14T21:04:19.193+0000][110.351s][info ][safepoint     ] Leaving safepoint region
[2023-11-14T21:04:19.193+0000][110.351s][info ][safepoint     ] Total time for which application threads were stopped: 0.0045606 seconds, Stopping threads took: 0.0042825 seconds
[2023-11-14T21:04:20.193+0000][111.351s][debug][safepoint     ] Safepoint synchronization initiated. (174 threads)
[2023-11-14T21:04:20.193+0000][111.351s][info ][safepoint     ] Application time: 1.0001621 seconds
[2023-11-14T21:04:20.193+0000][111.351s][info ][safepoint     ] Entering safepoint region: Cleanup
[2023-11-14T21:04:20.193+0000][111.351s][info ][safepoint     ] Leaving safepoint region
[2023-11-14T21:04:20.193+0000][111.351s][info ][safepoint     ] Total time for which application threads were stopped: 0.0003406 seconds, Stopping threads took: 0.0000522 seconds
[2023-11-14T21:04:21.193+0000][112.351s][debug][safepoint     ] Safepoint synchronization initiated. (174 threads)
[2023-11-14T21:04:21.193+0000][112.351s][info ][safepoint     ] Application time: 1.0001726 seconds
[2023-11-14T21:04:21.193+0000][112.351s][info ][safepoint     ] Entering safepoint region: Cleanup
[2023-11-14T21:04:21.194+0000][112.352s][info ][safepoint     ] Leaving safepoint region
[2023-11-14T21:04:21.194+0000][112.352s][info ][safepoint     ] Total time for which application threads were stopped: 0.0002613 seconds, Stopping threads took: 0.0000541 seconds
[2023-11-14T21:04:22.194+0000][113.352s][debug][safepoint     ] Safepoint synchronization initiated. (174 threads)
[2023-11-14T21:04:22.194+0000][113.352s][info ][safepoint     ] Application time: 1.0001778 seconds
[2023-11-14T21:04:22.194+0000][113.352s][info ][safepoint     ] Entering safepoint region: Cleanup
[2023-11-14T21:04:22.194+0000][113.352s][info ][safepoint     ] Leaving safepoint region
[2023-11-14T21:04:22.194+0000][113.352s][info ][safepoint     ] Total time for which application threads were stopped: 0.0002510 seconds, Stopping threads took: 0.0000535 seconds
[2023-11-14T21:04:23.194+0000][114.352s][debug][safepoint     ] Safepoint synchronization initiated. (174 threads)
[2023-11-14T21:04:23.194+0000][114.352s][info ][safepoint     ] Application time: 1.0001629 seconds
[2023-11-14T21:04:23.194+0000][114.352s][info ][safepoint     ] Entering safepoint region: Cleanup
[2023-11-14T21:04:23.194+0000][114.353s][info ][safepoint     ] Leaving safepoint region
[2023-11-14T21:04:23.194+0000][114.353s][info ][safepoint     ] Total time for which application threads were stopped: 0.0001606 seconds, Stopping threads took: 0.0000347 seconds
[2023-11-14T21:04:24.195+0000][115.353s][debug][safepoint     ] Safepoint synchronization initiated. (174 threads)
[2023-11-14T21:04:24.195+0000][115.353s][info ][safepoint     ] Application time: 1.0001712 seconds
[2023-11-14T21:04:24.195+0000][115.353s][info ][safepoint     ] Entering safepoint region: Cleanup
[2023-11-14T21:04:24.195+0000][115.353s][info ][safepoint     ] Leaving safepoint region
[2023-11-14T21:04:24.195+0000][115.353s][info ][safepoint     ] Total time for which application threads were stopped: 0.0005395 seconds, Stopping threads took: 0.0003241 seconds
[2023-11-14T21:04:25.195+0000][116.353s][debug][safepoint     ] Safepoint synchronization initiated. (174 threads)
[2023-11-14T21:04:25.195+0000][116.353s][info ][safepoint     ] Application time: 1.0001682 seconds
[2023-11-14T21:04:25.195+0000][116.354s][info ][safepoint     ] Entering safepoint region: Cleanup
[2023-11-14T21:04:25.196+0000][116.354s][info ][safepoint     ] Leaving safepoint region
[2023-11-14T21:04:25.196+0000][116.354s][info ][safepoint     ] Total time for which application threads were stopped: 0.0002786 seconds, Stopping threads took: 0.0000775 seconds
[2023-11-14T21:04:26.196+0000][117.354s][debug][safepoint     ] Safepoint synchronization initiated. (174 threads)
[2023-11-14T21:04:26.196+0000][117.354s][info ][safepoint     ] Application time: 1.0001516 seconds
[2023-11-14T21:04:26.196+0000][117.354s][debug][safepoint     ] ... found polling page loop exception at pc = 0x00007fe180febc56, stub =0x00007fe17883ab00
[2023-11-14T21:04:26.196+0000][117.354s][debug][safepoint     ] Waiting for 1 thread(s) to block
[2023-11-14T21:04:26.196+0000][117.354s][info ][safepoint     ] Entering safepoint region: Cleanup
[2023-11-14T21:04:26.196+0000][117.354s][info ][safepoint     ] Leaving safepoint region
[2023-11-14T21:04:26.196+0000][117.354s][info ][safepoint     ] Total time for which application threads were stopped: 0.0004539 seconds, Stopping threads took: 0.0001711 seconds
[2023-11-14T21:04:27.197+0000][118.355s][debug][safepoint     ] Safepoint synchronization initiated. (174 threads)
[2023-11-14T21:04:27.197+0000][118.355s][info ][safepoint     ] Application time: 1.0002758 seconds
[2023-11-14T21:04:27.197+0000][118.355s][info ][safepoint     ] Entering safepoint region: Cleanup
[2023-11-14T21:04:27.197+0000][118.355s][info ][safepoint     ] Leaving safepoint region
[2023-11-14T21:04:27.197+0000][118.355s][info ][safepoint     ] Total time for which application threads were stopped: 0.0003322 seconds, Stopping threads took: 0.0000508 seconds
[2023-11-14T21:04:28.197+0000][119.355s][debug][safepoint     ] Safepoint synchronization initiated. (174 threads)
[2023-11-14T21:04:28.197+0000][119.355s][info ][safepoint     ] Application time: 1.0001470 seconds
[2023-11-14T21:04:28.197+0000][119.355s][info ][safepoint     ] Entering safepoint region: Cleanup
[2023-11-14T21:04:28.197+0000][119.356s][info ][safepoint     ] Leaving safepoint region
[2023-11-14T21:04:28.198+0000][119.356s][info ][safepoint     ] Total time for which application threads were stopped: 0.0003250 seconds, Stopping threads took: 0.0000502 seconds
[2023-11-14T21:04:29.198+0000][120.356s][debug][safepoint     ] Safepoint synchronization initiated. (174 threads)
[2023-11-14T21:04:29.198+0000][120.356s][info ][safepoint     ] Application time: 1.0001718 seconds
[2023-11-14T21:04:29.198+0000][120.356s][info ][safepoint     ] Entering safepoint region: Cleanup
[2023-11-14T21:04:29.198+0000][120.356s][info ][safepoint     ] Leaving safepoint region
[2023-11-14T21:04:29.198+0000][120.356s][info ][safepoint     ] Total time for which application threads were stopped: 0.0006761 seconds, Stopping threads took: 0.0003442 seconds
[2023-11-14T21:04:30.199+0000][121.357s][debug][safepoint     ] Safepoint synchronization initiated. (174 threads)
[2023-11-14T21:04:30.199+0000][121.357s][info ][safepoint     ] Application time: 1.0001699 seconds
[2023-11-14T21:04:30.199+0000][121.357s][info ][safepoint     ] Entering safepoint region: Cleanup
[2023-11-14T21:04:30.199+0000][121.357s][info ][safepoint     ] Leaving safepoint region
[2023-11-14T21:04:30.199+0000][121.357s][info ][safepoint     ] Total time for which application threads were stopped: 0.0003465 seconds, Stopping threads took: 0.0000529 seconds
[2023-11-14T21:04:31.199+0000][122.357s][debug][safepoint     ] Safepoint synchronization initiated. (174 threads)
[2023-11-14T21:04:31.199+0000][122.357s][info ][safepoint     ] Application time: 1.0001652 seconds
[2023-11-14T21:04:31.199+0000][122.357s][info ][safepoint     ] Entering safepoint region: Cleanup
[2023-11-14T21:04:31.199+0000][122.357s][info ][safepoint     ] Leaving safepoint region
[2023-11-14T21:04:31.199+0000][122.358s][info ][safepoint     ] Total time for which application threads were stopped: 0.0003199 seconds, Stopping threads took: 0.0000505 seconds
[2023-11-14T21:04:32.200+0000][123.358s][debug][safepoint     ] Safepoint synchronization initiated. (174 threads)
[2023-11-14T21:04:32.200+0000][123.358s][info ][safepoint     ] Application time: 1.0001481 seconds
[2023-11-14T21:04:32.200+0000][123.358s][info ][safepoint     ] Entering safepoint region: Cleanup
[2023-11-14T21:04:32.200+0000][123.358s][info ][safepoint     ] Leaving safepoint region
[2023-11-14T21:04:32.200+0000][123.358s][info ][safepoint     ] Total time for which application threads were stopped: 0.0003375 seconds, Stopping threads took: 0.0000523 seconds
[2023-11-14T21:04:33.200+0000][124.358s][debug][safepoint     ] Safepoint synchronization initiated. (174 threads)
[2023-11-14T21:04:33.200+0000][124.358s][info ][safepoint     ] Application time: 1.0001610 seconds
[2023-11-14T21:04:33.200+0000][124.358s][info ][safepoint     ] Entering safepoint region: Cleanup
[2023-11-14T21:04:33.200+0000][124.359s][info ][safepoint     ] Leaving safepoint region
[2023-11-14T21:04:33.200+0000][124.359s][info ][safepoint     ] Total time for which application threads were stopped: 0.0002926 seconds, Stopping threads took: 0.0000506 seconds
[2023-11-14T21:04:34.201+0000][125.359s][debug][safepoint     ] Safepoint synchronization initiated. (174 threads)
[2023-11-14T21:04:34.201+0000][125.359s][info ][safepoint     ] Application time: 1.0001761 seconds
[2023-11-14T21:04:34.201+0000][125.359s][info ][safepoint     ] Entering safepoint region: Cleanup
[2023-11-14T21:04:34.201+0000][125.359s][info ][safepoint     ] Leaving safepoint region
[2023-11-14T21:04:34.201+0000][125.359s][info ][safepoint     ] Total time for which application threads were stopped: 0.0002685 seconds, Stopping threads took: 0.0000561 seconds
[2023-11-14T21:04:35.201+0000][126.359s][debug][safepoint     ] Safepoint synchronization initiated. (174 threads)
[2023-11-14T21:04:35.201+0000][126.359s][info ][safepoint     ] Application time: 1.0001667 seconds
[2023-11-14T21:04:35.201+0000][126.359s][info ][safepoint     ] Entering safepoint region: Cleanup
[2023-11-14T21:04:35.201+0000][126.360s][info ][safepoint     ] Leaving safepoint region
[2023-11-14T21:04:35.201+0000][126.360s][info ][safepoint     ] Total time for which application threads were stopped: 0.0002371 seconds, Stopping threads took: 0.0000497 seconds
[2023-11-14T21:04:36.202+0000][127.360s][debug][safepoint     ] Safepoint synchronization initiated. (174 threads)
[2023-11-14T21:04:36.202+0000][127.360s][info ][safepoint     ] Application time: 1.0001565 seconds
[2023-11-14T21:04:36.202+0000][127.360s][info ][safepoint     ] Entering safepoint region: Cleanup
[2023-11-14T21:04:36.202+0000][127.360s][info ][safepoint     ] Leaving safepoint region
[2023-11-14T21:04:36.202+0000][127.360s][info ][safepoint     ] Total time for which application threads were stopped: 0.0002500 seconds, Stopping threads took: 0.0000496 seconds
[2023-11-14T21:04:37.202+0000][128.360s][debug][safepoint     ] Safepoint synchronization initiated. (174 threads)
[2023-11-14T21:04:37.202+0000][128.360s][info ][safepoint     ] Application time: 1.0001692 seconds
[2023-11-14T21:04:37.202+0000][128.360s][info ][safepoint     ] Entering safepoint region: Cleanup
[2023-11-14T21:04:37.202+0000][128.360s][info ][safepoint     ] Leaving safepoint region
[2023-11-14T21:04:37.202+0000][128.361s][info ][safepoint     ] Total time for which application threads were stopped: 0.0003363 seconds, Stopping threads took: 0.0000507 seconds
[2023-11-14T21:04:38.203+0000][129.361s][debug][safepoint     ] Safepoint synchronization initiated. (174 threads)
[2023-11-14T21:04:38.203+0000][129.361s][info ][safepoint     ] Application time: 1.0001691 seconds
[2023-11-14T21:04:38.203+0000][129.361s][info ][safepoint     ] Entering safepoint region: Cleanup
[2023-11-14T21:04:38.203+0000][129.361s][info ][safepoint     ] Leaving safepoint region
[2023-11-14T21:04:38.203+0000][129.361s][info ][safepoint     ] Total time for which application threads were stopped: 0.0003347 seconds, Stopping threads took: 0.0000502 seconds
[2023-11-14T21:04:39.203+0000][130.361s][debug][safepoint     ] Safepoint synchronization initiated. (174 threads)
[2023-11-14T21:04:39.203+0000][130.361s][info ][safepoint     ] Application time: 1.0001735 seconds
[2023-11-14T21:04:39.203+0000][130.361s][info ][safepoint     ] Entering safepoint region: Cleanup
[2023-11-14T21:04:39.204+0000][130.362s][info ][safepoint     ] Leaving safepoint region
[2023-11-14T21:04:39.204+0000][130.362s][info ][safepoint     ] Total time for which application threads were stopped: 0.0006262 seconds, Stopping threads took: 0.0003335 seconds
[2023-11-14T21:04:40.204+0000][131.362s][debug][safepoint     ] Safepoint synchronization initiated. (174 threads)
[2023-11-14T21:04:40.204+0000][131.362s][info ][safepoint     ] Application time: 1.0001676 seconds
[2023-11-14T21:04:40.204+0000][131.362s][info ][safepoint     ] Entering safepoint region: Cleanup
[2023-11-14T21:04:40.204+0000][131.362s][info ][safepoint     ] Leaving safepoint region
[2023-11-14T21:04:40.204+0000][131.362s][info ][safepoint     ] Total time for which application threads were stopped: 0.0002502 seconds, Stopping threads took: 0.0000507 seconds
[2023-11-14T21:04:41.204+0000][132.362s][debug][safepoint     ] Safepoint synchronization initiated. (174 threads)
[2023-11-14T21:04:41.204+0000][132.363s][info ][safepoint     ] Application time: 1.0001586 seconds
[2023-11-14T21:04:41.205+0000][132.363s][info ][safepoint     ] Entering safepoint region: Cleanup
[2023-11-14T21:04:41.205+0000][132.363s][info ][safepoint     ] Leaving safepoint region
[2023-11-14T21:04:41.205+0000][132.363s][info ][safepoint     ] Total time for which application threads were stopped: 0.0003293 seconds, Stopping threads took: 0.0000505 seconds
[2023-11-14T21:04:42.205+0000][133.363s][debug][safepoint     ] Safepoint synchronization initiated. (174 threads)
[2023-11-14T21:04:42.205+0000][133.363s][info ][safepoint     ] Application time: 1.0001706 seconds
[2023-11-14T21:04:42.205+0000][133.363s][info ][safepoint     ] Entering safepoint region: Cleanup
[2023-11-14T21:04:42.205+0000][133.363s][info ][safepoint     ] Leaving safepoint region
[2023-11-14T21:04:42.205+0000][133.363s][info ][safepoint     ] Total time for which application threads were stopped: 0.0003366 seconds, Stopping threads took: 0.0000508 seconds
[2023-11-14T21:04:43.205+0000][134.364s][debug][safepoint     ] Safepoint synchronization initiated. (174 threads)
[2023-11-14T21:04:43.206+0000][134.364s][info ][safepoint     ] Application time: 1.0001623 seconds
[2023-11-14T21:04:43.206+0000][134.364s][info ][safepoint     ] Entering safepoint region: Cleanup
[2023-11-14T21:04:43.206+0000][134.364s][info ][safepoint     ] Leaving safepoint region
[2023-11-14T21:04:43.206+0000][134.364s][info ][safepoint     ] Total time for which application threads were stopped: 0.0003445 seconds, Stopping threads took: 0.0000520 seconds
[2023-11-14T21:04:44.206+0000][135.364s][debug][safepoint     ] Safepoint synchronization initiated. (174 threads)
[2023-11-14T21:04:44.206+0000][135.364s][info ][safepoint     ] Application time: 1.0001730 seconds
[2023-11-14T21:04:44.206+0000][135.364s][info ][safepoint     ] Entering safepoint region: Cleanup
[2023-11-14T21:04:44.207+0000][135.365s][info ][safepoint     ] Leaving safepoint region
[2023-11-14T21:04:44.207+0000][135.365s][info ][safepoint     ] Total time for which application threads were stopped: 0.0007129 seconds, Stopping threads took: 0.0003773 seconds
[2023-11-14T21:04:45.207+0000][136.365s][debug][safepoint     ] Safepoint synchronization initiated. (174 threads)
[2023-11-14T21:04:45.207+0000][136.365s][info ][safepoint     ] Application time: 1.0001815 seconds
[2023-11-14T21:04:45.207+0000][136.365s][info ][safepoint     ] Entering safepoint region: Cleanup
[2023-11-14T21:04:45.207+0000][136.365s][info ][safepoint     ] Leaving safepoint region
[2023-11-14T21:04:45.207+0000][136.365s][info ][safepoint     ] Total time for which application threads were stopped: 0.0002546 seconds, Stopping threads took: 0.0000509 seconds
[2023-11-14T21:04:46.207+0000][137.365s][debug][safepoint     ] Safepoint synchronization initiated. (174 threads)
[2023-11-14T21:04:46.208+0000][137.366s][info ][safepoint     ] Application time: 1.0001799 seconds
[2023-11-14T21:04:46.208+0000][137.366s][info ][safepoint     ] Entering safepoint region: Cleanup
[2023-11-14T21:04:46.208+0000][137.366s][info ][safepoint     ] Leaving safepoint region
[2023-11-14T21:04:46.208+0000][137.366s][info ][safepoint     ] Total time for which application threads were stopped: 0.0003452 seconds, Stopping threads took: 0.0000529 seconds
[2023-11-14T21:04:47.208+0000][138.366s][debug][safepoint     ] Safepoint synchronization initiated. (174 threads)
[2023-11-14T21:04:47.208+0000][138.366s][info ][safepoint     ] Application time: 1.0001485 seconds
[2023-11-14T21:04:47.208+0000][138.366s][info ][safepoint     ] Entering safepoint region: Cleanup
[2023-11-14T21:04:47.208+0000][138.366s][info ][safepoint     ] Leaving safepoint region
[2023-11-14T21:04:47.208+0000][138.366s][info ][safepoint     ] Total time for which application threads were stopped: 0.0003463 seconds, Stopping threads took: 0.0000527 seconds
[2023-11-14T21:04:48.209+0000][139.367s][debug][safepoint     ] Safepoint synchronization initiated. (174 threads)
[2023-11-14T21:04:48.209+0000][139.367s][info ][safepoint     ] Application time: 1.0001627 seconds
[2023-11-14T21:04:48.209+0000][139.367s][info ][safepoint     ] Entering safepoint region: Cleanup
[2023-11-14T21:04:48.209+0000][139.367s][info ][safepoint     ] Leaving safepoint region
[2023-11-14T21:04:48.209+0000][139.367s][info ][safepoint     ] Total time for which application threads were stopped: 0.0003342 seconds, Stopping threads took: 0.0000521 seconds
[2023-11-14T21:04:49.209+0000][140.367s][debug][safepoint     ] Safepoint synchronization initiated. (174 threads)
[2023-11-14T21:04:49.209+0000][140.367s][info ][safepoint     ] Application time: 1.0002028 seconds
[2023-11-14T21:04:49.209+0000][140.367s][info ][safepoint     ] Entering safepoint region: Cleanup
[2023-11-14T21:04:49.209+0000][140.368s][info ][safepoint     ] Leaving safepoint region
[2023-11-14T21:04:49.210+0000][140.368s][info ][safepoint     ] Total time for which application threads were stopped: 0.0003365 seconds, Stopping threads took: 0.0000522 seconds
[2023-11-14T21:04:50.210+0000][141.368s][debug][safepoint     ] Safepoint synchronization initiated. (174 threads)
[2023-11-14T21:04:50.210+0000][141.368s][info ][safepoint     ] Application time: 1.0001725 seconds
[2023-11-14T21:04:50.210+0000][141.368s][info ][safepoint     ] Entering safepoint region: Cleanup
[2023-11-14T21:04:50.210+0000][141.368s][info ][safepoint     ] Leaving safepoint region
[2023-11-14T21:04:50.210+0000][141.368s][info ][safepoint     ] Total time for which application threads were stopped: 0.0002751 seconds, Stopping threads took: 0.0000608 seconds
[2023-11-14T21:04:51.210+0000][142.368s][debug][safepoint     ] Safepoint synchronization initiated. (174 threads)
[2023-11-14T21:04:51.210+0000][142.368s][info ][safepoint     ] Application time: 1.0001769 seconds
[2023-11-14T21:04:51.210+0000][142.368s][info ][safepoint     ] Entering safepoint region: Cleanup
[2023-11-14T21:04:51.211+0000][142.369s][info ][safepoint     ] Leaving safepoint region
[2023-11-14T21:04:51.211+0000][142.369s][info ][safepoint     ] Total time for which application threads were stopped: 0.0003415 seconds, Stopping threads took: 0.0000510 seconds
[2023-11-14T21:04:52.211+0000][143.369s][debug][safepoint     ] Safepoint synchronization initiated. (174 threads)
[2023-11-14T21:04:52.211+0000][143.369s][info ][safepoint     ] Application time: 1.0001916 seconds
[2023-11-14T21:04:52.211+0000][143.369s][info ][safepoint     ] Entering safepoint region: Cleanup
[2023-11-14T21:04:52.211+0000][143.369s][info ][safepoint     ] Leaving safepoint region
[2023-11-14T21:04:52.211+0000][143.369s][info ][safepoint     ] Total time for which application threads were stopped: 0.0003407 seconds, Stopping threads took: 0.0000521 seconds
[2023-11-14T21:04:53.211+0000][144.369s][debug][safepoint     ] Safepoint synchronization initiated. (174 threads)
[2023-11-14T21:04:53.211+0000][144.369s][info ][safepoint     ] Application time: 1.0001616 seconds
[2023-11-14T21:04:53.211+0000][144.369s][info ][safepoint     ] Entering safepoint region: Cleanup
[2023-11-14T21:04:53.212+0000][144.370s][info ][safepoint     ] Leaving safepoint region
[2023-11-14T21:04:53.212+0000][144.370s][info ][safepoint     ] Total time for which application threads were stopped: 0.0003071 seconds, Stopping threads took: 0.0000534 seconds
[2023-11-14T21:04:54.212+0000][145.370s][debug][safepoint     ] Safepoint synchronization initiated. (174 threads)
[2023-11-14T21:04:54.212+0000][145.370s][info ][safepoint     ] Application time: 1.0001548 seconds
[2023-11-14T21:04:54.212+0000][145.370s][info ][safepoint     ] Entering safepoint region: Cleanup
[2023-11-14T21:04:54.212+0000][145.370s][info ][safepoint     ] Leaving safepoint region
[2023-11-14T21:04:54.212+0000][145.370s][info ][safepoint     ] Total time for which application threads were stopped: 0.0003414 seconds, Stopping threads took: 0.0000524 seconds
[2023-11-14T21:04:55.212+0000][146.370s][debug][safepoint     ] Safepoint synchronization initiated. (174 threads)
[2023-11-14T21:04:55.212+0000][146.370s][info ][safepoint     ] Application time: 1.0001567 seconds
[2023-11-14T21:04:55.212+0000][146.370s][info ][safepoint     ] Entering safepoint region: Cleanup
[2023-11-14T21:04:55.213+0000][146.371s][info ][safepoint     ] Leaving safepoint region
[2023-11-14T21:04:55.213+0000][146.371s][info ][safepoint     ] Total time for which application threads were stopped: 0.0003406 seconds, Stopping threads took: 0.0000515 seconds
[2023-11-14T21:04:56.213+0000][147.371s][debug][safepoint     ] Safepoint synchronization initiated. (174 threads)
[2023-11-14T21:04:56.213+0000][147.371s][info ][safepoint     ] Application time: 1.0002023 seconds
[2023-11-14T21:04:56.213+0000][147.371s][info ][safepoint     ] Entering safepoint region: Cleanup
[2023-11-14T21:04:56.213+0000][147.371s][info ][safepoint     ] Leaving safepoint region
[2023-11-14T21:04:56.213+0000][147.371s][info ][safepoint     ] Total time for which application threads were stopped: 0.0003437 seconds, Stopping threads took: 0.0000513 seconds
[2023-11-14T21:04:57.213+0000][148.371s][debug][safepoint     ] Safepoint synchronization initiated. (174 threads)
[2023-11-14T21:04:57.213+0000][148.372s][info ][safepoint     ] Application time: 1.0001695 seconds
[2023-11-14T21:04:57.214+0000][148.372s][info ][safepoint     ] Entering safepoint region: Cleanup
[2023-11-14T21:04:57.214+0000][148.372s][info ][safepoint     ] Leaving safepoint region
[2023-11-14T21:04:57.214+0000][148.372s][info ][safepoint     ] Total time for which application threads were stopped: 0.0002640 seconds, Stopping threads took: 0.0000527 seconds
[2023-11-14T21:04:58.214+0000][149.372s][debug][safepoint     ] Safepoint synchronization initiated. (174 threads)
[2023-11-14T21:04:58.214+0000][149.372s][info ][safepoint     ] Application time: 1.0001635 seconds
[2023-11-14T21:04:58.214+0000][149.372s][info ][safepoint     ] Entering safepoint region: Cleanup
[2023-11-14T21:04:58.214+0000][149.372s][info ][safepoint     ] Leaving safepoint region
[2023-11-14T21:04:58.214+0000][149.372s][info ][safepoint     ] Total time for which application threads were stopped: 0.0003444 seconds, Stopping threads took: 0.0000523 seconds
[2023-11-14T21:04:59.214+0000][150.373s][debug][safepoint     ] Safepoint synchronization initiated. (174 threads)
[2023-11-14T21:04:59.215+0000][150.373s][info ][safepoint     ] Application time: 1.0001768 seconds
[2023-11-14T21:04:59.215+0000][150.373s][info ][safepoint     ] Entering safepoint region: Cleanup
[2023-11-14T21:04:59.215+0000][150.373s][info ][safepoint     ] Leaving safepoint region
[2023-11-14T21:04:59.215+0000][150.373s][info ][safepoint     ] Total time for which application threads were stopped: 0.0007215 seconds, Stopping threads took: 0.0004275 seconds
[2023-11-14T21:05:00.215+0000][151.373s][debug][safepoint     ] Safepoint synchronization initiated. (174 threads)
[2023-11-14T21:05:00.215+0000][151.374s][info ][safepoint     ] Application time: 1.0001697 seconds
[2023-11-14T21:05:00.216+0000][151.374s][info ][safepoint     ] Entering safepoint region: Cleanup
[2023-11-14T21:05:00.216+0000][151.374s][info ][safepoint     ] Leaving safepoint region
[2023-11-14T21:05:00.216+0000][151.374s][info ][safepoint     ] Total time for which application threads were stopped: 0.0003437 seconds, Stopping threads took: 0.0000531 seconds
[2023-11-14T21:05:01.216+0000][152.374s][debug][safepoint     ] Safepoint synchronization initiated. (174 threads)
[2023-11-14T21:05:01.216+0000][152.374s][info ][safepoint     ] Application time: 1.0001506 seconds
[2023-11-14T21:05:01.216+0000][152.374s][info ][safepoint     ] Entering safepoint region: Cleanup
[2023-11-14T21:05:01.216+0000][152.374s][info ][safepoint     ] Leaving safepoint region
[2023-11-14T21:05:01.216+0000][152.374s][info ][safepoint     ] Total time for which application threads were stopped: 0.0003367 seconds, Stopping threads took: 0.0000509 seconds
[2023-11-14T21:05:02.216+0000][153.375s][debug][safepoint     ] Safepoint synchronization initiated. (174 threads)
[2023-11-14T21:05:02.216+0000][153.375s][info ][safepoint     ] Application time: 1.0001103 seconds
[2023-11-14T21:05:02.217+0000][153.375s][info ][safepoint     ] Entering safepoint region: Cleanup
[2023-11-14T21:05:02.217+0000][153.375s][info ][safepoint     ] Leaving safepoint region
[2023-11-14T21:05:02.217+0000][153.375s][info ][safepoint     ] Total time for which application threads were stopped: 0.0002035 seconds, Stopping threads took: 0.0000384 seconds
[2023-11-14T21:05:03.217+0000][154.375s][debug][safepoint     ] Safepoint synchronization initiated. (174 threads)
[2023-11-14T21:05:03.217+0000][154.375s][info ][safepoint     ] Application time: 1.0001909 seconds
[2023-11-14T21:05:03.217+0000][154.375s][info ][safepoint     ] Entering safepoint region: Cleanup
[2023-11-14T21:05:03.217+0000][154.375s][info ][safepoint     ] Leaving safepoint region
[2023-11-14T21:05:03.217+0000][154.375s][info ][safepoint     ] Total time for which application threads were stopped: 0.0003030 seconds, Stopping threads took: 0.0000528 seconds
[2023-11-14T21:05:04.217+0000][155.375s][debug][safepoint     ] Safepoint synchronization initiated. (174 threads)
[2023-11-14T21:05:04.217+0000][155.375s][info ][safepoint     ] Application time: 1.0001827 seconds
[2023-11-14T21:05:04.217+0000][155.376s][info ][safepoint     ] Entering safepoint region: Cleanup
[2023-11-14T21:05:04.218+0000][155.376s][info ][safepoint     ] Leaving safepoint region
[2023-11-14T21:05:04.218+0000][155.376s][info ][safepoint     ] Total time for which application threads were stopped: 0.0003359 seconds, Stopping threads took: 0.0000508 seconds
[2023-11-14T21:05:05.218+0000][156.376s][debug][safepoint     ] Safepoint synchronization initiated. (174 threads)
[2023-11-14T21:05:05.218+0000][156.376s][info ][safepoint     ] Application time: 1.0001715 seconds
[2023-11-14T21:05:05.218+0000][156.376s][info ][safepoint     ] Entering safepoint region: Cleanup
[2023-11-14T21:05:05.218+0000][156.376s][info ][safepoint     ] Leaving safepoint region
[2023-11-14T21:05:05.218+0000][156.376s][info ][safepoint     ] Total time for which application threads were stopped: 0.0003345 seconds, Stopping threads took: 0.0000510 seconds
[2023-11-14T21:05:10.219+0000][161.377s][debug][safepoint     ] Safepoint synchronization initiated. (171 threads)
[2023-11-14T21:05:10.219+0000][161.377s][info ][safepoint     ] Application time: 5.0005641 seconds
[2023-11-14T21:05:10.219+0000][161.377s][info ][safepoint     ] Entering safepoint region: Cleanup
[2023-11-14T21:05:10.219+0000][161.377s][info ][safepoint     ] Leaving safepoint region
[2023-11-14T21:05:10.219+0000][161.377s][info ][safepoint     ] Total time for which application threads were stopped: 0.0003338 seconds, Stopping threads took: 0.0000506 seconds
[2023-11-14T21:05:11.219+0000][162.377s][debug][safepoint     ] Safepoint synchronization initiated. (171 threads)
[2023-11-14T21:05:11.219+0000][162.378s][info ][safepoint     ] Application time: 1.0001938 seconds
[2023-11-14T21:05:11.220+0000][162.378s][info ][safepoint     ] Entering safepoint region: Cleanup
[2023-11-14T21:05:11.220+0000][162.378s][info ][safepoint     ] Leaving safepoint region
[2023-11-14T21:05:11.220+0000][162.378s][info ][safepoint     ] Total time for which application threads were stopped: 0.0003398 seconds, Stopping threads took: 0.0000508 seconds
[2023-11-14T21:05:16.220+0000][167.378s][debug][safepoint     ] Safepoint synchronization initiated. (171 threads)
[2023-11-14T21:05:16.220+0000][167.378s][info ][safepoint     ] Application time: 5.0005095 seconds
[2023-11-14T21:05:16.220+0000][167.378s][info ][safepoint     ] Entering safepoint region: Cleanup
[2023-11-14T21:05:16.221+0000][167.379s][info ][safepoint     ] Leaving safepoint region
[2023-11-14T21:05:16.221+0000][167.379s][info ][safepoint     ] Total time for which application threads were stopped: 0.0003136 seconds, Stopping threads took: 0.0000490 seconds
[2023-11-14T21:05:32.222+0000][183.380s][debug][safepoint     ] Safepoint synchronization initiated. (171 threads)
[2023-11-14T21:05:32.222+0000][183.380s][info ][safepoint     ] Application time: 16.0015278 seconds
[2023-11-14T21:05:32.222+0000][183.380s][info ][safepoint     ] Entering safepoint region: Cleanup
[2023-11-14T21:05:32.223+0000][183.381s][info ][safepoint     ] Leaving safepoint region
[2023-11-14T21:05:32.223+0000][183.381s][info ][safepoint     ] Total time for which application threads were stopped: 0.0003513 seconds, Stopping threads took: 0.0000526 seconds
[2023-11-14T21:05:44.224+0000][195.382s][debug][safepoint     ] Safepoint synchronization initiated. (171 threads)
[2023-11-14T21:05:44.224+0000][195.382s][info ][safepoint     ] Application time: 12.0011996 seconds
[2023-11-14T21:05:44.224+0000][195.382s][info ][safepoint     ] Entering safepoint region: Cleanup
[2023-11-14T21:05:44.224+0000][195.382s][info ][safepoint     ] Leaving safepoint region
[2023-11-14T21:05:44.224+0000][195.382s][info ][safepoint     ] Total time for which application threads were stopped: 0.0003176 seconds, Stopping threads took: 0.0000513 seconds
[2023-11-14T21:06:10.226+0000][221.384s][debug][safepoint     ] Safepoint synchronization initiated. (169 threads)
[2023-11-14T21:06:10.226+0000][221.385s][info ][safepoint     ] Application time: 26.0022822 seconds
[2023-11-14T21:06:10.227+0000][221.385s][info ][safepoint     ] Entering safepoint region: Cleanup
[2023-11-14T21:06:10.227+0000][221.385s][info ][safepoint     ] Leaving safepoint region
[2023-11-14T21:06:10.227+0000][221.385s][info ][safepoint     ] Total time for which application threads were stopped: 0.0003332 seconds, Stopping threads took: 0.0000488 seconds
[2023-11-14T21:06:16.227+0000][227.386s][debug][safepoint     ] Safepoint synchronization initiated. (169 threads)
[2023-11-14T21:06:16.228+0000][227.386s][info ][safepoint     ] Application time: 6.0006645 seconds
[2023-11-14T21:06:16.228+0000][227.386s][info ][safepoint     ] Entering safepoint region: Cleanup
[2023-11-14T21:06:16.228+0000][227.386s][info ][safepoint     ] Leaving safepoint region
[2023-11-14T21:06:16.228+0000][227.386s][info ][safepoint     ] Total time for which application threads were stopped: 0.0003364 seconds, Stopping threads took: 0.0000489 seconds
[2023-11-14T21:06:19.228+0000][230.386s][debug][safepoint     ] Safepoint synchronization initiated. (169 threads)
[2023-11-14T21:06:19.228+0000][230.386s][info ][safepoint     ] Application time: 3.0003172 seconds
[2023-11-14T21:06:19.228+0000][230.386s][info ][safepoint     ] Entering safepoint region: Cleanup
[2023-11-14T21:06:19.228+0000][230.387s][info ][safepoint     ] Leaving safepoint region
[2023-11-14T21:06:19.228+0000][230.387s][info ][safepoint     ] Total time for which application threads were stopped: 0.0002375 seconds, Stopping threads took: 0.0000477 seconds
[2023-11-14T21:06:26.229+0000][237.387s][debug][safepoint     ] Safepoint synchronization initiated. (169 threads)
[2023-11-14T21:06:26.229+0000][237.387s][info ][safepoint     ] Application time: 7.0006760 seconds
[2023-11-14T21:06:26.229+0000][237.387s][info ][safepoint     ] Entering safepoint region: Cleanup
[2023-11-14T21:06:26.229+0000][237.388s][info ][safepoint     ] Leaving safepoint region
[2023-11-14T21:06:26.229+0000][237.388s][info ][safepoint     ] Total time for which application threads were stopped: 0.0003222 seconds, Stopping threads took: 0.0000468 seconds
[2023-11-14T21:06:52.232+0000][263.390s][debug][safepoint     ] Safepoint synchronization initiated. (169 threads)
[2023-11-14T21:06:52.232+0000][263.390s][info ][safepoint     ] Application time: 26.0023991 seconds
[2023-11-14T21:06:52.232+0000][263.390s][info ][safepoint     ] Entering safepoint region: Cleanup
[2023-11-14T21:06:52.232+0000][263.390s][info ][safepoint     ] Leaving safepoint region
[2023-11-14T21:06:52.232+0000][263.390s][info ][safepoint     ] Total time for which application threads were stopped: 0.0003352 seconds, Stopping threads took: 0.0000507 seconds
[2023-11-14T21:06:56.233+0000][267.391s][debug][safepoint     ] Safepoint synchronization initiated. (169 threads)
[2023-11-14T21:06:56.233+0000][267.391s][info ][safepoint     ] Application time: 4.0004396 seconds
[2023-11-14T21:06:56.233+0000][267.391s][info ][safepoint     ] Entering safepoint region: Cleanup
[2023-11-14T21:06:56.233+0000][267.391s][info ][safepoint     ] Leaving safepoint region
[2023-11-14T21:06:56.233+0000][267.391s][info ][safepoint     ] Total time for which application threads were stopped: 0.0003439 seconds, Stopping threads took: 0.0000497 seconds
[2023-11-14T21:07:06.234+0000][277.392s][debug][safepoint     ] Safepoint synchronization initiated. (168 threads)
[2023-11-14T21:07:06.234+0000][277.392s][info ][safepoint     ] Application time: 10.0010040 seconds
[2023-11-14T21:07:06.234+0000][277.392s][info ][safepoint     ] Entering safepoint region: Cleanup
[2023-11-14T21:07:06.234+0000][277.392s][info ][safepoint     ] Leaving safepoint region
[2023-11-14T21:07:06.234+0000][277.392s][info ][safepoint     ] Total time for which application threads were stopped: 0.0002382 seconds, Stopping threads took: 0.0000444 seconds
[2023-11-14T21:07:08.235+0000][279.393s][debug][safepoint     ] Safepoint synchronization initiated. (167 threads)
[2023-11-14T21:07:08.235+0000][279.393s][info ][safepoint     ] Application time: 2.0002654 seconds
[2023-11-14T21:07:08.235+0000][279.393s][info ][safepoint     ] Entering safepoint region: Cleanup
[2023-11-14T21:07:08.235+0000][279.393s][info ][safepoint     ] Leaving safepoint region
[2023-11-14T21:07:08.235+0000][279.393s][info ][safepoint     ] Total time for which application threads were stopped: 0.0002439 seconds, Stopping threads took: 0.0000496 seconds
[2023-11-14T21:07:11.235+0000][282.393s][debug][safepoint     ] Safepoint synchronization initiated. (167 threads)
[2023-11-14T21:07:11.235+0000][282.393s][info ][safepoint     ] Application time: 3.0003679 seconds
[2023-11-14T21:07:11.235+0000][282.393s][info ][safepoint     ] Entering safepoint region: Cleanup
[2023-11-14T21:07:11.236+0000][282.394s][info ][safepoint     ] Leaving safepoint region
[2023-11-14T21:07:11.236+0000][282.394s][info ][safepoint     ] Total time for which application threads were stopped: 0.0002727 seconds, Stopping threads took: 0.0000481 seconds
[2023-11-14T21:07:16.236+0000][287.394s][debug][safepoint     ] Safepoint synchronization initiated. (167 threads)
[2023-11-14T21:07:16.236+0000][287.394s][info ][safepoint     ] Application time: 5.0005473 seconds
[2023-11-14T21:07:16.236+0000][287.394s][info ][safepoint     ] Entering safepoint region: Cleanup
[2023-11-14T21:07:16.236+0000][287.395s][info ][safepoint     ] Leaving safepoint region
[2023-11-14T21:07:16.236+0000][287.395s][info ][safepoint     ] Total time for which application threads were stopped: 0.0003371 seconds, Stopping threads took: 0.0000483 seconds
[2023-11-14T21:07:17.237+0000][288.395s][debug][safepoint     ] Safepoint synchronization initiated. (167 threads)
[2023-11-14T21:07:17.237+0000][288.395s][info ][safepoint     ] Application time: 1.0001532 seconds
[2023-11-14T21:07:17.237+0000][288.395s][info ][safepoint     ] Entering safepoint region: Cleanup
[2023-11-14T21:07:17.237+0000][288.395s][info ][safepoint     ] Leaving safepoint region
[2023-11-14T21:07:17.237+0000][288.395s][info ][safepoint     ] Total time for which application threads were stopped: 0.0003375 seconds, Stopping threads took: 0.0000484 seconds
[2023-11-14T21:07:20.237+0000][291.395s][debug][safepoint     ] Safepoint synchronization initiated. (167 threads)
[2023-11-14T21:07:20.237+0000][291.395s][info ][safepoint     ] Application time: 3.0003343 seconds
[2023-11-14T21:07:20.237+0000][291.395s][info ][safepoint     ] Entering safepoint region: Cleanup
[2023-11-14T21:07:20.238+0000][291.396s][info ][safepoint     ] Leaving safepoint region
[2023-11-14T21:07:20.238+0000][291.396s][info ][safepoint     ] Total time for which application threads were stopped: 0.0003325 seconds, Stopping threads took: 0.0000489 seconds
[2023-11-14T21:07:26.238+0000][297.396s][debug][safepoint     ] Safepoint synchronization initiated. (167 threads)
[2023-11-14T21:07:26.238+0000][297.396s][info ][safepoint     ] Application time: 6.0006137 seconds
[2023-11-14T21:07:26.238+0000][297.396s][info ][safepoint     ] Entering safepoint region: Cleanup
[2023-11-14T21:07:26.239+0000][297.397s][info ][safepoint     ] Leaving safepoint region
[2023-11-14T21:07:26.239+0000][297.397s][info ][safepoint     ] Total time for which application threads were stopped: 0.0002560 seconds, Stopping threads took: 0.0000468 seconds
[2023-11-14T21:07:50.241+0000][321.399s][debug][safepoint     ] Safepoint synchronization initiated. (167 threads)
[2023-11-14T21:07:50.241+0000][321.399s][info ][safepoint     ] Application time: 24.0022742 seconds
[2023-11-14T21:07:50.241+0000][321.399s][info ][safepoint     ] Entering safepoint region: Cleanup
[2023-11-14T21:07:50.241+0000][321.399s][info ][safepoint     ] Leaving safepoint region
[2023-11-14T21:07:50.241+0000][321.399s][info ][safepoint     ] Total time for which application threads were stopped: 0.0003363 seconds, Stopping threads took: 0.0000485 seconds
[2023-11-14T21:08:06.243+0000][337.401s][debug][safepoint     ] Safepoint synchronization initiated. (166 threads)
[2023-11-14T21:08:06.243+0000][337.401s][info ][safepoint     ] Application time: 16.0014465 seconds
[2023-11-14T21:08:06.243+0000][337.401s][info ][safepoint     ] Entering safepoint region: Cleanup
[2023-11-14T21:08:06.243+0000][337.401s][info ][safepoint     ] Leaving safepoint region
[2023-11-14T21:08:06.243+0000][337.401s][info ][safepoint     ] Total time for which application threads were stopped: 0.0003278 seconds, Stopping threads took: 0.0000435 seconds
[2023-11-14T21:08:12.244+0000][343.402s][debug][safepoint     ] Safepoint synchronization initiated. (166 threads)
[2023-11-14T21:08:12.244+0000][343.402s][info ][safepoint     ] Application time: 6.0005870 seconds
[2023-11-14T21:08:12.244+0000][343.402s][info ][safepoint     ] Entering safepoint region: Cleanup
[2023-11-14T21:08:12.244+0000][343.402s][info ][safepoint     ] Leaving safepoint region
[2023-11-14T21:08:12.244+0000][343.402s][info ][safepoint     ] Total time for which application threads were stopped: 0.0002535 seconds, Stopping threads took: 0.0000498 seconds
[2023-11-14T21:08:16.244+0000][347.402s][debug][safepoint     ] Safepoint synchronization initiated. (166 threads)
[2023-11-14T21:08:16.244+0000][347.402s][info ][safepoint     ] Application time: 4.0004104 seconds
[2023-11-14T21:08:16.244+0000][347.402s][info ][safepoint     ] Entering safepoint region: Cleanup
[2023-11-14T21:08:16.245+0000][347.403s][info ][safepoint     ] Leaving safepoint region
[2023-11-14T21:08:16.245+0000][347.403s][info ][safepoint     ] Total time for which application threads were stopped: 0.0003590 seconds, Stopping threads took: 0.0000563 seconds
[2023-11-14T21:08:19.245+0000][350.403s][debug][safepoint     ] Safepoint synchronization initiated. (166 threads)
[2023-11-14T21:08:19.245+0000][350.403s][info ][safepoint     ] Application time: 3.0003548 seconds
[2023-11-14T21:08:19.245+0000][350.403s][info ][safepoint     ] Entering safepoint region: Cleanup
[2023-11-14T21:08:19.245+0000][350.403s][info ][safepoint     ] Leaving safepoint region
[2023-11-14T21:08:19.245+0000][350.404s][info ][safepoint     ] Total time for which application threads were stopped: 0.0003006 seconds, Stopping threads took: 0.0000465 seconds
[2023-11-14T21:09:08.250+0000][399.408s][debug][safepoint     ] Safepoint synchronization initiated. (165 threads)
[2023-11-14T21:09:08.250+0000][399.408s][info ][safepoint     ] Application time: 49.0045545 seconds
[2023-11-14T21:09:08.250+0000][399.408s][info ][safepoint     ] Entering safepoint region: Cleanup
[2023-11-14T21:09:08.250+0000][399.408s][info ][safepoint     ] Leaving safepoint region
[2023-11-14T21:09:08.250+0000][399.408s][info ][safepoint     ] Total time for which application threads were stopped: 0.0003352 seconds, Stopping threads took: 0.0000474 seconds
[2023-11-14T21:09:13.251+0000][404.409s][debug][safepoint     ] Safepoint synchronization initiated. (165 threads)
[2023-11-14T21:09:13.251+0000][404.409s][info ][safepoint     ] Application time: 5.0004778 seconds
[2023-11-14T21:09:13.251+0000][404.409s][info ][safepoint     ] Entering safepoint region: Cleanup
[2023-11-14T21:09:13.251+0000][404.409s][info ][safepoint     ] Leaving safepoint region
[2023-11-14T21:09:13.251+0000][404.409s][info ][safepoint     ] Total time for which application threads were stopped: 0.0004133 seconds, Stopping threads took: 0.0002160 seconds
[2023-11-14T21:09:16.252+0000][407.410s][debug][safepoint     ] Safepoint synchronization initiated. (165 threads)
[2023-11-14T21:09:16.252+0000][407.410s][info ][safepoint     ] Application time: 3.0003248 seconds
[2023-11-14T21:09:16.252+0000][407.410s][info ][safepoint     ] Entering safepoint region: Cleanup
[2023-11-14T21:09:16.252+0000][407.410s][info ][safepoint     ] Leaving safepoint region
[2023-11-14T21:09:16.252+0000][407.410s][info ][safepoint     ] Total time for which application threads were stopped: 0.0002931 seconds, Stopping threads took: 0.0000493 seconds
[2023-11-14T21:09:20.252+0000][411.410s][debug][safepoint     ] Safepoint synchronization initiated. (165 threads)
[2023-11-14T21:09:20.252+0000][411.410s][info ][safepoint     ] Application time: 4.0004163 seconds
[2023-11-14T21:09:20.252+0000][411.411s][info ][safepoint     ] Entering safepoint region: Cleanup
[2023-11-14T21:09:20.253+0000][411.411s][info ][safepoint     ] Leaving safepoint region
[2023-11-14T21:09:20.253+0000][411.411s][info ][safepoint     ] Total time for which application threads were stopped: 0.0003320 seconds, Stopping threads took: 0.0000488 seconds
[2023-11-14T21:09:32.159+0000][423.317s][debug][safepoint     ] Safepoint synchronization initiated. (165 threads)
[2023-11-14T21:09:32.159+0000][423.317s][info ][safepoint     ] Application time: 11.9063135 seconds
[2023-11-14T21:09:32.159+0000][423.317s][info ][safepoint     ] Entering safepoint region: G1CollectForAllocation
[2023-11-14T21:09:32.159+0000][423.317s][info ][gc,start      ] GC(38) Pause Young (Normal) (G1 Evacuation Pause)
[2023-11-14T21:09:32.159+0000][423.318s][info ][gc,task       ] GC(38) Using 4 workers of 4 for evacuation
[2023-11-14T21:09:32.212+0000][423.370s][info ][gc,phases     ] GC(38)   Pre Evacuate Collection Set: 0.0ms
[2023-11-14T21:09:32.212+0000][423.370s][info ][gc,phases     ] GC(38)   Evacuate Collection Set: 47.9ms
[2023-11-14T21:09:32.212+0000][423.370s][info ][gc,phases     ] GC(38)   Post Evacuate Collection Set: 4.6ms
[2023-11-14T21:09:32.212+0000][423.371s][info ][gc,phases     ] GC(38)   Other: 0.4ms
[2023-11-14T21:09:32.212+0000][423.371s][info ][gc,heap       ] GC(38) Eden regions: 461->0(464)
[2023-11-14T21:09:32.212+0000][423.371s][info ][gc,heap       ] GC(38) Survivor regions: 33->30(62)
[2023-11-14T21:09:32.212+0000][423.371s][info ][gc,heap       ] GC(38) Old regions: 111->117
[2023-11-14T21:09:32.213+0000][423.371s][info ][gc,heap       ] GC(38) Humongous regions: 0->0
[2023-11-14T21:09:32.213+0000][423.371s][info ][gc,metaspace  ] GC(38) Metaspace: 152179K(157180K)->152179K(157180K) NonClass: 134442K(137472K)->134442K(137472K) Class: 17737K(19708K)->17737K(19708K)
[2023-11-14T21:09:32.213+0000][423.371s][info ][gc            ] GC(38) Pause Young (Normal) (G1 Evacuation Pause) 603M->145M(824M) 53.138ms
[2023-11-14T21:09:32.213+0000][423.371s][info ][gc,cpu        ] GC(38) User=0.20s Sys=0.01s Real=0.06s
[2023-11-14T21:09:32.213+0000][423.371s][info ][safepoint     ] Leaving safepoint region
[2023-11-14T21:09:32.213+0000][423.371s][info ][safepoint     ] Total time for which application threads were stopped: 0.0535648 seconds, Stopping threads took: 0.0000505 seconds
[2023-11-14T21:09:32.213+0000][423.371s][info ][gc,stringdedup] Concurrent String Deduplication (423.371s)
[2023-11-14T21:09:32.216+0000][423.374s][info ][gc,stringdedup] Concurrent String Deduplication 526.0K->182.5K(343.5K) avg 53.9% (423.371s, 423.374s) 2.904ms
[2023-11-14T21:09:33.213+0000][424.371s][debug][safepoint     ] Safepoint synchronization initiated. (165 threads)
[2023-11-14T21:09:33.213+0000][424.371s][info ][safepoint     ] Application time: 1.0001899 seconds
[2023-11-14T21:09:33.213+0000][424.371s][info ][safepoint     ] Entering safepoint region: Cleanup
[2023-11-14T21:09:33.213+0000][424.371s][info ][safepoint     ] Leaving safepoint region
[2023-11-14T21:09:33.213+0000][424.371s][info ][safepoint     ] Total time for which application threads were stopped: 0.0003255 seconds, Stopping threads took: 0.0000478 seconds
[2023-11-14T21:09:35.213+0000][426.372s][debug][safepoint     ] Safepoint synchronization initiated. (165 threads)
[2023-11-14T21:09:35.214+0000][426.372s][info ][safepoint     ] Application time: 2.0002584 seconds
[2023-11-14T21:09:35.214+0000][426.372s][info ][safepoint     ] Entering safepoint region: Cleanup
[2023-11-14T21:09:35.214+0000][426.372s][info ][safepoint     ] Leaving safepoint region
[2023-11-14T21:09:35.214+0000][426.372s][info ][safepoint     ] Total time for which application threads were stopped: 0.0003292 seconds, Stopping threads took: 0.0000493 seconds
[2023-11-14T21:09:51.215+0000][442.373s][debug][safepoint     ] Safepoint synchronization initiated. (165 threads)
[2023-11-14T21:09:51.215+0000][442.374s][info ][safepoint     ] Application time: 16.0015897 seconds
[2023-11-14T21:09:51.216+0000][442.374s][info ][safepoint     ] Entering safepoint region: Cleanup
[2023-11-14T21:09:51.216+0000][442.374s][info ][safepoint     ] Leaving safepoint region
[2023-11-14T21:09:51.216+0000][442.374s][info ][safepoint     ] Total time for which application threads were stopped: 0.0003327 seconds, Stopping threads took: 0.0000484 seconds
[2023-11-14T21:10:14.218+0000][465.376s][debug][safepoint     ] Safepoint synchronization initiated. (164 threads)
[2023-11-14T21:10:14.218+0000][465.376s][info ][safepoint     ] Application time: 23.0021921 seconds
[2023-11-14T21:10:14.218+0000][465.376s][info ][safepoint     ] Entering safepoint region: Cleanup
[2023-11-14T21:10:14.218+0000][465.376s][info ][safepoint     ] Leaving safepoint region
[2023-11-14T21:10:14.218+0000][465.376s][info ][safepoint     ] Total time for which application threads were stopped: 0.0002593 seconds, Stopping threads took: 0.0000508 seconds
[2023-11-14T21:10:16.219+0000][467.377s][debug][safepoint     ] Safepoint synchronization initiated. (164 threads)
[2023-11-14T21:10:16.219+0000][467.377s][info ][safepoint     ] Application time: 2.0002740 seconds
[2023-11-14T21:10:16.219+0000][467.377s][info ][safepoint     ] Entering safepoint region: Cleanup
[2023-11-14T21:10:16.219+0000][467.377s][info ][safepoint     ] Leaving safepoint region
[2023-11-14T21:10:16.219+0000][467.377s][info ][safepoint     ] Total time for which application threads were stopped: 0.0003504 seconds, Stopping threads took: 0.0000512 seconds
[2023-11-14T21:10:19.219+0000][470.377s][debug][safepoint     ] Safepoint synchronization initiated. (164 threads)
[2023-11-14T21:10:19.219+0000][470.377s][info ][safepoint     ] Application time: 3.0003466 seconds
[2023-11-14T21:10:19.219+0000][470.377s][info ][safepoint     ] Entering safepoint region: Cleanup
[2023-11-14T21:10:19.220+0000][470.378s][info ][safepoint     ] Leaving safepoint region
[2023-11-14T21:10:19.220+0000][470.378s][info ][safepoint     ] Total time for which application threads were stopped: 0.0003431 seconds, Stopping threads took: 0.0000510 seconds
[2023-11-14T21:11:15.225+0000][526.383s][debug][safepoint     ] Safepoint synchronization initiated. (163 threads)
[2023-11-14T21:11:15.225+0000][526.383s][info ][safepoint     ] Application time: 56.0052597 seconds
[2023-11-14T21:11:15.225+0000][526.383s][info ][safepoint     ] Entering safepoint region: Cleanup
[2023-11-14T21:11:15.225+0000][526.383s][info ][safepoint     ] Leaving safepoint region
[2023-11-14T21:11:15.225+0000][526.383s][info ][safepoint     ] Total time for which application threads were stopped: 0.0003418 seconds, Stopping threads took: 0.0000501 seconds
[2023-11-14T21:11:16.225+0000][527.384s][debug][safepoint     ] Safepoint synchronization initiated. (163 threads)
[2023-11-14T21:11:16.226+0000][527.384s][info ][safepoint     ] Application time: 1.0001658 seconds
[2023-11-14T21:11:16.226+0000][527.384s][info ][safepoint     ] Entering safepoint region: Cleanup
[2023-11-14T21:11:16.226+0000][527.384s][info ][safepoint     ] Leaving safepoint region
[2023-11-14T21:11:16.226+0000][527.384s][info ][safepoint     ] Total time for which application threads were stopped: 0.0003320 seconds, Stopping threads took: 0.0000484 seconds
[2023-11-14T21:11:19.226+0000][530.384s][debug][safepoint     ] Safepoint synchronization initiated. (163 threads)
[2023-11-14T21:11:19.226+0000][530.384s][info ][safepoint     ] Application time: 3.0003339 seconds
[2023-11-14T21:11:19.226+0000][530.384s][debug][safepoint     ] ... found polling page return exception at pc = 0x00007fe180cf1c1d, stub =0x00007fe17883a800
[2023-11-14T21:11:19.226+0000][530.384s][debug][safepoint     ] Waiting for 1 thread(s) to block
[2023-11-14T21:11:19.226+0000][530.384s][info ][safepoint     ] Entering safepoint region: Cleanup
[2023-11-14T21:11:19.227+0000][530.385s][info ][safepoint     ] Leaving safepoint region
[2023-11-14T21:11:19.227+0000][530.385s][info ][safepoint     ] Total time for which application threads were stopped: 0.0003250 seconds, Stopping threads took: 0.0001404 seconds
[2023-11-14T21:11:46.229+0000][557.387s][debug][safepoint     ] Safepoint synchronization initiated. (163 threads)
[2023-11-14T21:11:46.229+0000][557.387s][info ][safepoint     ] Application time: 27.0023866 seconds
[2023-11-14T21:11:46.229+0000][557.387s][info ][safepoint     ] Entering safepoint region: Cleanup
[2023-11-14T21:11:46.229+0000][557.387s][info ][safepoint     ] Leaving safepoint region
[2023-11-14T21:11:46.229+0000][557.387s][info ][safepoint     ] Total time for which application threads were stopped: 0.0003223 seconds, Stopping threads took: 0.0000471 seconds
[2023-11-14T21:12:06.231+0000][577.389s][debug][safepoint     ] Safepoint synchronization initiated. (162 threads)
[2023-11-14T21:12:06.231+0000][577.389s][info ][safepoint     ] Application time: 20.0019066 seconds
[2023-11-14T21:12:06.231+0000][577.389s][info ][safepoint     ] Entering safepoint region: Cleanup
[2023-11-14T21:12:06.232+0000][577.390s][info ][safepoint     ] Leaving safepoint region
[2023-11-14T21:12:06.232+0000][577.390s][info ][safepoint     ] Total time for which application threads were stopped: 0.0003253 seconds, Stopping threads took: 0.0000471 seconds
[2023-11-14T21:12:16.233+0000][587.391s][debug][safepoint     ] Safepoint synchronization initiated. (162 threads)
[2023-11-14T21:12:16.233+0000][587.391s][info ][safepoint     ] Application time: 10.0009576 seconds
[2023-11-14T21:12:16.233+0000][587.391s][info ][safepoint     ] Entering safepoint region: Cleanup
[2023-11-14T21:12:16.233+0000][587.391s][info ][safepoint     ] Leaving safepoint region
[2023-11-14T21:12:16.233+0000][587.391s][info ][safepoint     ] Total time for which application threads were stopped: 0.0002972 seconds, Stopping threads took: 0.0000654 seconds
[2023-11-14T21:12:16.233+0000][587.391s][debug][safepoint     ] ... found polling page return exception at pc = 0x00007fe180ff1766, stub =0x00007fe17883a800
[2023-11-14T21:12:16.233+0000][587.391s][debug][safepoint     ] ... found polling page return exception at pc = 0x00007fe180ff1766, stub =0x00007fe17883a800
[2023-11-14T21:12:16.233+0000][587.391s][debug][safepoint     ] ... found polling page return exception at pc = 0x00007fe180ff1766, stub =0x00007fe17883a800
[2023-11-14T21:12:50.236+0000][621.394s][debug][safepoint     ] Safepoint synchronization initiated. (162 threads)
[2023-11-14T21:12:50.236+0000][621.394s][info ][safepoint     ] Application time: 34.0031883 seconds
[2023-11-14T21:12:50.236+0000][621.394s][info ][safepoint     ] Entering safepoint region: Cleanup
[2023-11-14T21:12:50.236+0000][621.394s][info ][safepoint     ] Leaving safepoint region
[2023-11-14T21:12:50.236+0000][621.395s][info ][safepoint     ] Total time for which application threads were stopped: 0.0003230 seconds, Stopping threads took: 0.0000476 seconds
[2023-11-14T21:13:12.239+0000][643.397s][debug][safepoint     ] Safepoint synchronization initiated. (162 threads)
[2023-11-14T21:13:12.239+0000][643.397s][info ][safepoint     ] Application time: 22.0022362 seconds
[2023-11-14T21:13:12.239+0000][643.397s][info ][safepoint     ] Entering safepoint region: Cleanup
[2023-11-14T21:13:12.239+0000][643.397s][info ][safepoint     ] Leaving safepoint region
[2023-11-14T21:13:12.239+0000][643.397s][info ][safepoint     ] Total time for which application threads were stopped: 0.0003339 seconds, Stopping threads took: 0.0000476 seconds
[2023-11-14T21:13:16.239+0000][647.398s][debug][safepoint     ] Safepoint synchronization initiated. (162 threads)
[2023-11-14T21:13:16.240+0000][647.398s][info ][safepoint     ] Application time: 4.0004612 seconds
[2023-11-14T21:13:16.240+0000][647.398s][info ][safepoint     ] Entering safepoint region: Cleanup
[2023-11-14T21:13:16.240+0000][647.398s][info ][safepoint     ] Leaving safepoint region
[2023-11-14T21:13:16.240+0000][647.398s][info ][safepoint     ] Total time for which application threads were stopped: 0.0003322 seconds, Stopping threads took: 0.0000473 seconds
[2023-11-14T21:13:17.240+0000][648.398s][debug][safepoint     ] Safepoint synchronization initiated. (162 threads)
[2023-11-14T21:13:17.240+0000][648.398s][info ][safepoint     ] Application time: 1.0001562 seconds
[2023-11-14T21:13:17.240+0000][648.398s][info ][safepoint     ] Entering safepoint region: Cleanup
[2023-11-14T21:13:17.241+0000][648.399s][info ][safepoint     ] Leaving safepoint region
[2023-11-14T21:13:17.241+0000][648.399s][info ][safepoint     ] Total time for which application threads were stopped: 0.0004981 seconds, Stopping threads took: 0.0001654 seconds
[2023-11-14T21:13:42.243+0000][673.401s][debug][safepoint     ] Safepoint synchronization initiated. (162 threads)
[2023-11-14T21:13:42.243+0000][673.401s][info ][safepoint     ] Application time: 25.0022426 seconds
[2023-11-14T21:13:42.243+0000][673.401s][info ][safepoint     ] Entering safepoint region: Cleanup
[2023-11-14T21:13:42.243+0000][673.401s][info ][safepoint     ] Leaving safepoint region
[2023-11-14T21:13:42.243+0000][673.401s][info ][safepoint     ] Total time for which application threads were stopped: 0.0003341 seconds, Stopping threads took: 0.0000479 seconds
[2023-11-14T21:14:16.246+0000][707.404s][debug][safepoint     ] Safepoint synchronization initiated. (162 threads)
[2023-11-14T21:14:16.246+0000][707.404s][info ][safepoint     ] Application time: 34.0031351 seconds
[2023-11-14T21:14:16.246+0000][707.404s][info ][safepoint     ] Entering safepoint region: Cleanup
[2023-11-14T21:14:16.247+0000][707.405s][info ][safepoint     ] Leaving safepoint region
[2023-11-14T21:14:16.247+0000][707.405s][info ][safepoint     ] Total time for which application threads were stopped: 0.0003323 seconds, Stopping threads took: 0.0000475 seconds
[2023-11-14T21:14:38.249+0000][729.407s][debug][safepoint     ] Safepoint synchronization initiated. (162 threads)
[2023-11-14T21:14:38.249+0000][729.407s][info ][safepoint     ] Application time: 22.0020551 seconds
[2023-11-14T21:14:38.249+0000][729.407s][info ][safepoint     ] Entering safepoint region: Cleanup
[2023-11-14T21:14:38.249+0000][729.407s][info ][safepoint     ] Leaving safepoint region
[2023-11-14T21:14:38.249+0000][729.407s][info ][safepoint     ] Total time for which application threads were stopped: 0.0002669 seconds, Stopping threads took: 0.0000505 seconds
[2023-11-14T21:15:16.252+0000][767.410s][debug][safepoint     ] Safepoint synchronization initiated. (162 threads)
[2023-11-14T21:15:16.252+0000][767.411s][info ][safepoint     ] Application time: 38.0034199 seconds
[2023-11-14T21:15:16.253+0000][767.411s][info ][safepoint     ] Entering safepoint region: Cleanup
[2023-11-14T21:15:16.253+0000][767.411s][info ][safepoint     ] Leaving safepoint region
[2023-11-14T21:15:16.253+0000][767.411s][info ][safepoint     ] Total time for which application threads were stopped: 0.0003472 seconds, Stopping threads took: 0.0000511 seconds
[2023-11-14T21:15:19.253+0000][770.411s][debug][safepoint     ] Safepoint synchronization initiated. (162 threads)
[2023-11-14T21:15:19.253+0000][770.411s][info ][safepoint     ] Application time: 3.0003675 seconds
[2023-11-14T21:15:19.253+0000][770.411s][info ][safepoint     ] Entering safepoint region: Cleanup
[2023-11-14T21:15:19.254+0000][770.412s][info ][safepoint     ] Leaving safepoint region
[2023-11-14T21:15:19.254+0000][770.412s][info ][safepoint     ] Total time for which application threads were stopped: 0.0003420 seconds, Stopping threads took: 0.0000508 seconds
[2023-11-14T21:15:39.256+0000][790.414s][debug][safepoint     ] Safepoint synchronization initiated. (162 threads)
[2023-11-14T21:15:39.256+0000][790.414s][info ][safepoint     ] Application time: 20.0019846 seconds
[2023-11-14T21:15:39.256+0000][790.414s][info ][safepoint     ] Entering safepoint region: Cleanup
[2023-11-14T21:15:39.256+0000][790.414s][info ][safepoint     ] Leaving safepoint region
[2023-11-14T21:15:39.256+0000][790.414s][info ][safepoint     ] Total time for which application threads were stopped: 0.0003014 seconds, Stopping threads took: 0.0000508 seconds
[2023-11-14T21:15:47.257+0000][798.415s][debug][safepoint     ] Safepoint synchronization initiated. (162 threads)
[2023-11-14T21:15:47.257+0000][798.415s][info ][safepoint     ] Application time: 8.0007842 seconds
[2023-11-14T21:15:47.257+0000][798.415s][info ][safepoint     ] Entering safepoint region: Cleanup
[2023-11-14T21:15:47.257+0000][798.415s][info ][safepoint     ] Leaving safepoint region
[2023-11-14T21:15:47.257+0000][798.415s][info ][safepoint     ] Total time for which application threads were stopped: 0.0003387 seconds, Stopping threads took: 0.0000488 seconds
[2023-11-14T21:15:56.258+0000][807.416s][debug][safepoint     ] Safepoint synchronization initiated. (162 threads)
[2023-11-14T21:15:56.258+0000][807.416s][info ][safepoint     ] Application time: 9.0009231 seconds
[2023-11-14T21:15:56.258+0000][807.416s][info ][safepoint     ] Entering safepoint region: Cleanup
[2023-11-14T21:15:56.258+0000][807.416s][info ][safepoint     ] Leaving safepoint region
[2023-11-14T21:15:56.258+0000][807.416s][info ][safepoint     ] Total time for which application threads were stopped: 0.0003234 seconds, Stopping threads took: 0.0000462 seconds
[2023-11-14T21:16:05.259+0000][816.417s][debug][safepoint     ] Safepoint synchronization initiated. (162 threads)
[2023-11-14T21:16:05.259+0000][816.417s][info ][safepoint     ] Application time: 9.0008755 seconds
[2023-11-14T21:16:05.259+0000][816.417s][info ][safepoint     ] Entering safepoint region: Cleanup
[2023-11-14T21:16:05.260+0000][816.418s][info ][safepoint     ] Leaving safepoint region
[2023-11-14T21:16:05.260+0000][816.418s][info ][safepoint     ] Total time for which application threads were stopped: 0.0003212 seconds, Stopping threads took: 0.0000475 seconds
[2023-11-14T21:16:06.260+0000][817.418s][debug][safepoint     ] Safepoint synchronization initiated. (162 threads)
[2023-11-14T21:16:06.260+0000][817.418s][info ][safepoint     ] Application time: 1.0001366 seconds
[2023-11-14T21:16:06.260+0000][817.418s][info ][safepoint     ] Entering safepoint region: Cleanup
[2023-11-14T21:16:06.260+0000][817.418s][info ][safepoint     ] Leaving safepoint region
[2023-11-14T21:16:06.260+0000][817.418s][info ][safepoint     ] Total time for which application threads were stopped: 0.0003279 seconds, Stopping threads took: 0.0000455 seconds
[2023-11-14T21:16:10.261+0000][821.419s][debug][safepoint     ] Safepoint synchronization initiated. (162 threads)
[2023-11-14T21:16:10.261+0000][821.419s][info ][safepoint     ] Application time: 4.0004469 seconds
[2023-11-14T21:16:10.261+0000][821.419s][info ][safepoint     ] Entering safepoint region: Cleanup
[2023-11-14T21:16:10.261+0000][821.419s][info ][safepoint     ] Leaving safepoint region
[2023-11-14T21:16:10.261+0000][821.419s][info ][safepoint     ] Total time for which application threads were stopped: 0.0005240 seconds, Stopping threads took: 0.0002419 seconds
[2023-11-14T21:16:12.261+0000][823.419s][debug][safepoint     ] Safepoint synchronization initiated. (162 threads)
[2023-11-14T21:16:12.261+0000][823.419s][info ][safepoint     ] Application time: 2.0002333 seconds
[2023-11-14T21:16:12.261+0000][823.419s][info ][safepoint     ] Entering safepoint region: Cleanup
[2023-11-14T21:16:12.262+0000][823.420s][info ][safepoint     ] Leaving safepoint region
[2023-11-14T21:16:12.262+0000][823.420s][info ][safepoint     ] Total time for which application threads were stopped: 0.0003390 seconds, Stopping threads took: 0.0000490 seconds
[2023-11-14T21:16:16.262+0000][827.420s][debug][safepoint     ] Safepoint synchronization initiated. (162 threads)
[2023-11-14T21:16:16.262+0000][827.420s][info ][safepoint     ] Application time: 4.0004387 seconds
[2023-11-14T21:16:16.262+0000][827.420s][info ][safepoint     ] Entering safepoint region: Cleanup
[2023-11-14T21:16:16.262+0000][827.420s][info ][safepoint     ] Leaving safepoint region
[2023-11-14T21:16:16.262+0000][827.421s][info ][safepoint     ] Total time for which application threads were stopped: 0.0002687 seconds, Stopping threads took: 0.0000477 seconds
[2023-11-14T21:16:20.263+0000][831.421s][debug][safepoint     ] Safepoint synchronization initiated. (162 threads)
[2023-11-14T21:16:20.263+0000][831.421s][info ][safepoint     ] Application time: 4.0004314 seconds
[2023-11-14T21:16:20.263+0000][831.421s][info ][safepoint     ] Entering safepoint region: Cleanup
[2023-11-14T21:16:20.263+0000][831.421s][info ][safepoint     ] Leaving safepoint region
[2023-11-14T21:16:20.263+0000][831.421s][info ][safepoint     ] Total time for which application threads were stopped: 0.0002517 seconds, Stopping threads took: 0.0000508 seconds
[2023-11-14T21:16:52.266+0000][863.424s][debug][safepoint     ] Safepoint synchronization initiated. (162 threads)
[2023-11-14T21:16:52.266+0000][863.424s][info ][safepoint     ] Application time: 32.0028888 seconds
[2023-11-14T21:16:52.266+0000][863.424s][info ][safepoint     ] Entering safepoint region: Cleanup
[2023-11-14T21:16:52.266+0000][863.424s][info ][safepoint     ] Leaving safepoint region
[2023-11-14T21:16:52.266+0000][863.424s][info ][safepoint     ] Total time for which application threads were stopped: 0.0002466 seconds, Stopping threads took: 0.0000515 seconds
[2023-11-14T21:16:56.267+0000][867.425s][debug][safepoint     ] Safepoint synchronization initiated. (162 threads)
[2023-11-14T21:16:56.267+0000][867.425s][info ][safepoint     ] Application time: 4.0004511 seconds
[2023-11-14T21:16:56.267+0000][867.425s][info ][safepoint     ] Entering safepoint region: Cleanup
[2023-11-14T21:16:56.267+0000][867.425s][info ][safepoint     ] Leaving safepoint region
[2023-11-14T21:16:56.267+0000][867.425s][info ][safepoint     ] Total time for which application threads were stopped: 0.0002833 seconds, Stopping threads took: 0.0000505 seconds
[2023-11-14T21:17:12.268+0000][883.427s][debug][safepoint     ] Safepoint synchronization initiated. (162 threads)
[2023-11-14T21:17:12.269+0000][883.427s][info ][safepoint     ] Application time: 16.0014310 seconds
[2023-11-14T21:17:12.269+0000][883.427s][info ][safepoint     ] Entering safepoint region: Cleanup
[2023-11-14T21:17:12.269+0000][883.427s][info ][safepoint     ] Leaving safepoint region
[2023-11-14T21:17:12.269+0000][883.427s][info ][safepoint     ] Total time for which application threads were stopped: 0.0003150 seconds, Stopping threads took: 0.0000478 seconds
[2023-11-14T21:17:16.269+0000][887.427s][debug][safepoint     ] Safepoint synchronization initiated. (162 threads)
[2023-11-14T21:17:16.269+0000][887.427s][info ][safepoint     ] Application time: 4.0004394 seconds
[2023-11-14T21:17:16.269+0000][887.427s][info ][safepoint     ] Entering safepoint region: Cleanup
[2023-11-14T21:17:16.270+0000][887.428s][info ][safepoint     ] Leaving safepoint region
[2023-11-14T21:17:16.270+0000][887.428s][info ][safepoint     ] Total time for which application threads were stopped: 0.0003395 seconds, Stopping threads took: 0.0000496 seconds
[2023-11-14T21:17:21.270+0000][892.428s][debug][safepoint     ] Safepoint synchronization initiated. (162 threads)
[2023-11-14T21:17:21.270+0000][892.428s][info ][safepoint     ] Application time: 5.0005312 seconds
[2023-11-14T21:17:21.270+0000][892.428s][info ][safepoint     ] Entering safepoint region: Cleanup
[2023-11-14T21:17:21.271+0000][892.429s][info ][safepoint     ] Leaving safepoint region
[2023-11-14T21:17:21.271+0000][892.429s][info ][safepoint     ] Total time for which application threads were stopped: 0.0002574 seconds, Stopping threads took: 0.0000504 seconds
[2023-11-14T21:17:31.272+0000][902.430s][debug][safepoint     ] Safepoint synchronization initiated. (162 threads)
[2023-11-14T21:17:31.272+0000][902.430s][info ][safepoint     ] Application time: 10.0010565 seconds
[2023-11-14T21:17:31.272+0000][902.430s][info ][safepoint     ] Entering safepoint region: Cleanup
[2023-11-14T21:17:31.272+0000][902.430s][info ][safepoint     ] Leaving safepoint region
[2023-11-14T21:17:31.272+0000][902.430s][info ][safepoint     ] Total time for which application threads were stopped: 0.0003299 seconds, Stopping threads took: 0.0000486 seconds
[2023-11-14T21:17:47.137+0000][918.295s][debug][safepoint     ] Safepoint synchronization initiated. (162 threads)
[2023-11-14T21:17:47.137+0000][918.295s][info ][safepoint     ] Application time: 15.8647669 seconds
[2023-11-14T21:17:47.139+0000][918.297s][debug][safepoint     ] ... found polling page return exception at pc = 0x00007fe180ada38c, stub =0x00007fe17883a800
[2023-11-14T21:17:47.139+0000][918.297s][debug][safepoint     ] Waiting for 1 thread(s) to block
[2023-11-14T21:17:47.139+0000][918.297s][info ][safepoint     ] Entering safepoint region: G1CollectForAllocation
[2023-11-14T21:17:47.140+0000][918.298s][info ][gc,start      ] GC(39) Pause Young (Normal) (G1 Evacuation Pause)
[2023-11-14T21:17:47.140+0000][918.298s][info ][gc,task       ] GC(39) Using 4 workers of 4 for evacuation
[2023-11-14T21:17:47.181+0000][918.339s][info ][gc,phases     ] GC(39)   Pre Evacuate Collection Set: 0.0ms
[2023-11-14T21:17:47.181+0000][918.339s][info ][gc,phases     ] GC(39)   Evacuate Collection Set: 36.7ms
[2023-11-14T21:17:47.181+0000][918.339s][info ][gc,phases     ] GC(39)   Post Evacuate Collection Set: 4.1ms
[2023-11-14T21:17:47.181+0000][918.339s][info ][gc,phases     ] GC(39)   Other: 0.4ms
[2023-11-14T21:17:47.181+0000][918.339s][info ][gc,heap       ] GC(39) Eden regions: 464->0(464)
[2023-11-14T21:17:47.181+0000][918.339s][info ][gc,heap       ] GC(39) Survivor regions: 30->30(62)
[2023-11-14T21:17:47.181+0000][918.339s][info ][gc,heap       ] GC(39) Old regions: 117->117
[2023-11-14T21:17:47.181+0000][918.339s][info ][gc,heap       ] GC(39) Humongous regions: 0->0
[2023-11-14T21:17:47.181+0000][918.339s][info ][gc,metaspace  ] GC(39) Metaspace: 152490K(157436K)->152490K(157436K) NonClass: 134752K(137728K)->134752K(137728K) Class: 17737K(19708K)->17737K(19708K)
[2023-11-14T21:17:47.181+0000][918.339s][info ][gc            ] GC(39) Pause Young (Normal) (G1 Evacuation Pause) 609M->144M(824M) 41.391ms
[2023-11-14T21:17:47.181+0000][918.339s][info ][gc,cpu        ] GC(39) User=0.15s Sys=0.00s Real=0.04s
[2023-11-14T21:17:47.181+0000][918.339s][info ][safepoint     ] Leaving safepoint region
[2023-11-14T21:17:47.181+0000][918.339s][info ][safepoint     ] Total time for which application threads were stopped: 0.0443648 seconds, Stopping threads took: 0.0025898 seconds
[2023-11-14T21:17:47.181+0000][918.339s][info ][gc,stringdedup] Concurrent String Deduplication (918.339s)
[2023-11-14T21:17:47.185+0000][918.343s][info ][gc,stringdedup] Concurrent String Deduplication 443.8K->180.3K(263.5K) avg 54.0% (918.339s, 918.343s) 3.301ms
[2023-11-14T21:17:48.181+0000][919.339s][debug][safepoint     ] Safepoint synchronization initiated. (162 threads)
[2023-11-14T21:17:48.181+0000][919.339s][info ][safepoint     ] Application time: 1.0001869 seconds
[2023-11-14T21:17:48.181+0000][919.339s][info ][safepoint     ] Entering safepoint region: Cleanup
[2023-11-14T21:17:48.182+0000][919.340s][info ][safepoint     ] Leaving safepoint region
[2023-11-14T21:17:48.182+0000][919.340s][info ][safepoint     ] Total time for which application threads were stopped: 0.0003386 seconds, Stopping threads took: 0.0000491 seconds
[2023-11-14T21:17:56.182+0000][927.341s][debug][safepoint     ] Safepoint synchronization initiated. (162 threads)
[2023-11-14T21:17:56.183+0000][927.341s][info ][safepoint     ] Application time: 8.0008511 seconds
[2023-11-14T21:17:56.183+0000][927.341s][info ][safepoint     ] Entering safepoint region: Cleanup
[2023-11-14T21:17:56.183+0000][927.341s][info ][safepoint     ] Leaving safepoint region
[2023-11-14T21:17:56.183+0000][927.341s][info ][safepoint     ] Total time for which application threads were stopped: 0.0005286 seconds, Stopping threads took: 0.0001913 seconds
[2023-11-14T21:17:59.719+0000][930.877s][debug][safepoint     ] Safepoint synchronization initiated. (162 threads)
[2023-11-14T21:17:59.719+0000][930.877s][info ][safepoint     ] Application time: 3.5358742 seconds
[2023-11-14T21:17:59.719+0000][930.877s][info ][safepoint     ] Entering safepoint region: ICBufferFull
[2023-11-14T21:17:59.720+0000][930.878s][info ][safepoint     ] Leaving safepoint region
[2023-11-14T21:17:59.720+0000][930.878s][info ][safepoint     ] Total time for which application threads were stopped: 0.0005404 seconds, Stopping threads took: 0.0000470 seconds
[2023-11-14T21:18:00.720+0000][931.878s][debug][safepoint     ] Safepoint synchronization initiated. (162 threads)
[2023-11-14T21:18:00.720+0000][931.878s][info ][safepoint     ] Application time: 1.0001614 seconds
[2023-11-14T21:18:00.720+0000][931.878s][info ][safepoint     ] Entering safepoint region: Cleanup
[2023-11-14T21:18:00.720+0000][931.878s][info ][safepoint     ] Leaving safepoint region
[2023-11-14T21:18:00.720+0000][931.878s][info ][safepoint     ] Total time for which application threads were stopped: 0.0004253 seconds, Stopping threads took: 0.0000467 seconds
[2023-11-14T21:18:21.722+0000][952.880s][debug][safepoint     ] Safepoint synchronization initiated. (162 threads)
[2023-11-14T21:18:21.722+0000][952.880s][info ][safepoint     ] Application time: 21.0020485 seconds
[2023-11-14T21:18:21.722+0000][952.880s][info ][safepoint     ] Entering safepoint region: Cleanup
[2023-11-14T21:18:21.723+0000][952.881s][info ][safepoint     ] Leaving safepoint region
[2023-11-14T21:18:21.723+0000][952.881s][info ][safepoint     ] Total time for which application threads were stopped: 0.0003285 seconds, Stopping threads took: 0.0000459 seconds
[2023-11-14T21:18:55.726+0000][986.884s][debug][safepoint     ] Safepoint synchronization initiated. (162 threads)
[2023-11-14T21:18:55.726+0000][986.884s][info ][safepoint     ] Application time: 34.0030957 seconds
[2023-11-14T21:18:55.726+0000][986.884s][info ][safepoint     ] Entering safepoint region: Cleanup
[2023-11-14T21:18:55.726+0000][986.884s][info ][safepoint     ] Leaving safepoint region
[2023-11-14T21:18:55.726+0000][986.884s][info ][safepoint     ] Total time for which application threads were stopped: 0.0002966 seconds, Stopping threads took: 0.0000528 seconds
[2023-11-14T21:19:21.728+0000][1012.887s][debug][safepoint     ] Safepoint synchronization initiated. (162 threads)
[2023-11-14T21:19:21.729+0000][1012.887s][info ][safepoint     ] Application time: 26.0024347 seconds
[2023-11-14T21:19:21.729+0000][1012.887s][info ][safepoint     ] Entering safepoint region: Cleanup
[2023-11-14T21:19:21.729+0000][1012.887s][info ][safepoint     ] Leaving safepoint region
[2023-11-14T21:19:21.729+0000][1012.887s][info ][safepoint     ] Total time for which application threads were stopped: 0.0002513 seconds, Stopping threads took: 0.0000498 seconds
[2023-11-14T21:19:22.729+0000][1013.887s][debug][safepoint     ] Safepoint synchronization initiated. (162 threads)
[2023-11-14T21:19:22.729+0000][1013.887s][info ][safepoint     ] Application time: 1.0001586 seconds
[2023-11-14T21:19:22.729+0000][1013.887s][info ][safepoint     ] Entering safepoint region: Cleanup
[2023-11-14T21:19:22.729+0000][1013.887s][info ][safepoint     ] Leaving safepoint region
[2023-11-14T21:19:22.729+0000][1013.887s][info ][safepoint     ] Total time for which application threads were stopped: 0.0003371 seconds, Stopping threads took: 0.0000470 seconds
[2023-11-14T21:19:29.730+0000][1020.888s][debug][safepoint     ] Safepoint synchronization initiated. (162 threads)
[2023-11-14T21:19:29.730+0000][1020.888s][info ][safepoint     ] Application time: 7.0007030 seconds
[2023-11-14T21:19:29.730+0000][1020.888s][info ][safepoint     ] Entering safepoint region: Cleanup
[2023-11-14T21:19:29.730+0000][1020.889s][info ][safepoint     ] Leaving safepoint region
[2023-11-14T21:19:29.730+0000][1020.889s][info ][safepoint     ] Total time for which application threads were stopped: 0.0003973 seconds, Stopping threads took: 0.0001133 seconds
[2023-11-14T21:20:23.736+0000][1074.894s][debug][safepoint     ] Safepoint synchronization initiated. (162 threads)
[2023-11-14T21:20:23.736+0000][1074.894s][info ][safepoint     ] Application time: 54.0050455 seconds
[2023-11-14T21:20:23.736+0000][1074.894s][info ][safepoint     ] Entering safepoint region: Cleanup
[2023-11-14T21:20:23.736+0000][1074.894s][info ][safepoint     ] Leaving safepoint region
[2023-11-14T21:20:23.736+0000][1074.894s][info ][safepoint     ] Total time for which application threads were stopped: 0.0003318 seconds, Stopping threads took: 0.0000461 seconds
[2023-11-14T21:21:15.741+0000][1126.899s][debug][safepoint     ] Safepoint synchronization initiated. (162 threads)
[2023-11-14T21:21:15.741+0000][1126.899s][info ][safepoint     ] Application time: 52.0049106 seconds
[2023-11-14T21:21:15.741+0000][1126.899s][info ][safepoint     ] Entering safepoint region: Cleanup
[2023-11-14T21:21:15.741+0000][1126.899s][info ][safepoint     ] Leaving safepoint region
[2023-11-14T21:21:15.741+0000][1126.899s][info ][safepoint     ] Total time for which application threads were stopped: 0.0003302 seconds, Stopping threads took: 0.0000470 seconds
[2023-11-14T21:21:24.742+0000][1135.900s][debug][safepoint     ] Safepoint synchronization initiated. (162 threads)
[2023-11-14T21:21:24.742+0000][1135.900s][info ][safepoint     ] Application time: 9.0008177 seconds
[2023-11-14T21:21:24.742+0000][1135.900s][info ][safepoint     ] Entering safepoint region: Cleanup
[2023-11-14T21:21:24.742+0000][1135.900s][info ][safepoint     ] Leaving safepoint region
[2023-11-14T21:21:24.742+0000][1135.900s][info ][safepoint     ] Total time for which application threads were stopped: 0.0002433 seconds, Stopping threads took: 0.0000456 seconds
[2023-11-14T21:22:03.746+0000][1174.904s][debug][safepoint     ] Safepoint synchronization initiated. (162 threads)
[2023-11-14T21:22:03.746+0000][1174.904s][info ][safepoint     ] Application time: 39.0036681 seconds
[2023-11-14T21:22:03.746+0000][1174.904s][info ][safepoint     ] Entering safepoint region: Cleanup
[2023-11-14T21:22:03.746+0000][1174.904s][info ][safepoint     ] Leaving safepoint region
[2023-11-14T21:22:03.746+0000][1174.904s][info ][safepoint     ] Total time for which application threads were stopped: 0.0002425 seconds, Stopping threads took: 0.0000490 seconds
[2023-11-14T21:22:11.747+0000][1182.905s][debug][safepoint     ] Safepoint synchronization initiated. (162 threads)
[2023-11-14T21:22:11.747+0000][1182.905s][info ][safepoint     ] Application time: 8.0008597 seconds
[2023-11-14T21:22:11.747+0000][1182.905s][info ][safepoint     ] Entering safepoint region: Cleanup
[2023-11-14T21:22:11.747+0000][1182.905s][info ][safepoint     ] Leaving safepoint region
[2023-11-14T21:22:11.747+0000][1182.905s][info ][safepoint     ] Total time for which application threads were stopped: 0.0002470 seconds, Stopping threads took: 0.0000475 seconds
[2023-11-14T21:22:15.748+0000][1186.906s][debug][safepoint     ] Safepoint synchronization initiated. (162 threads)
[2023-11-14T21:22:15.748+0000][1186.906s][info ][safepoint     ] Application time: 4.0003635 seconds
[2023-11-14T21:22:15.748+0000][1186.906s][info ][safepoint     ] Entering safepoint region: Cleanup
[2023-11-14T21:22:15.748+0000][1186.906s][info ][safepoint     ] Leaving safepoint region
[2023-11-14T21:22:15.748+0000][1186.906s][info ][safepoint     ] Total time for which application threads were stopped: 0.0003376 seconds, Stopping threads took: 0.0000464 seconds
[2023-11-14T21:22:25.749+0000][1196.907s][debug][safepoint     ] Safepoint synchronization initiated. (162 threads)
[2023-11-14T21:22:25.749+0000][1196.907s][info ][safepoint     ] Application time: 10.0009870 seconds
[2023-11-14T21:22:25.749+0000][1196.907s][info ][safepoint     ] Entering safepoint region: Cleanup
[2023-11-14T21:22:25.749+0000][1196.908s][info ][safepoint     ] Leaving safepoint region
[2023-11-14T21:22:25.749+0000][1196.908s][info ][safepoint     ] Total time for which application threads were stopped: 0.0003342 seconds, Stopping threads took: 0.0000452 seconds
[2023-11-14T21:22:28.750+0000][1199.908s][debug][safepoint     ] Safepoint synchronization initiated. (162 threads)
[2023-11-14T21:22:28.750+0000][1199.908s][info ][safepoint     ] Application time: 3.0003100 seconds
[2023-11-14T21:22:28.750+0000][1199.908s][info ][safepoint     ] Entering safepoint region: Cleanup
[2023-11-14T21:22:28.750+0000][1199.908s][info ][safepoint     ] Leaving safepoint region
[2023-11-14T21:22:28.750+0000][1199.908s][info ][safepoint     ] Total time for which application threads were stopped: 0.0003225 seconds, Stopping threads took: 0.0000475 seconds
[2023-11-14T21:22:55.752+0000][1226.910s][debug][safepoint     ] Safepoint synchronization initiated. (162 threads)
[2023-11-14T21:22:55.752+0000][1226.911s][info ][safepoint     ] Application time: 27.0022824 seconds
[2023-11-14T21:22:55.753+0000][1226.911s][info ][safepoint     ] Entering safepoint region: Cleanup
[2023-11-14T21:22:55.753+0000][1226.911s][info ][safepoint     ] Leaving safepoint region
[2023-11-14T21:22:55.753+0000][1226.911s][info ][safepoint     ] Total time for which application threads were stopped: 0.0003930 seconds, Stopping threads took: 0.0000521 seconds
[2023-11-14T21:23:15.755+0000][1246.913s][debug][safepoint     ] Safepoint synchronization initiated. (162 threads)
[2023-11-14T21:23:15.755+0000][1246.913s][info ][safepoint     ] Application time: 20.0019847 seconds
[2023-11-14T21:23:15.755+0000][1246.913s][info ][safepoint     ] Entering safepoint region: Cleanup
[2023-11-14T21:23:15.755+0000][1246.913s][info ][safepoint     ] Leaving safepoint region
[2023-11-14T21:23:15.755+0000][1246.913s][info ][safepoint     ] Total time for which application threads were stopped: 0.0003236 seconds, Stopping threads took: 0.0000463 seconds
[2023-11-14T21:23:16.755+0000][1247.913s][debug][safepoint     ] Safepoint synchronization initiated. (162 threads)
[2023-11-14T21:23:16.755+0000][1247.913s][info ][safepoint     ] Application time: 1.0001614 seconds
[2023-11-14T21:23:16.755+0000][1247.914s][info ][safepoint     ] Entering safepoint region: Cleanup
[2023-11-14T21:23:16.756+0000][1247.914s][info ][safepoint     ] Leaving safepoint region
[2023-11-14T21:23:16.756+0000][1247.914s][info ][safepoint     ] Total time for which application threads were stopped: 0.0003400 seconds, Stopping threads took: 0.0000599 seconds
[2023-11-14T21:23:26.757+0000][1257.915s][debug][safepoint     ] Safepoint synchronization initiated. (162 threads)
[2023-11-14T21:23:26.757+0000][1257.915s][info ][safepoint     ] Application time: 10.0009662 seconds
[2023-11-14T21:23:26.757+0000][1257.915s][info ][safepoint     ] Entering safepoint region: Cleanup
[2023-11-14T21:23:26.757+0000][1257.915s][info ][safepoint     ] Leaving safepoint region
[2023-11-14T21:23:26.757+0000][1257.915s][info ][safepoint     ] Total time for which application threads were stopped: 0.0003315 seconds, Stopping threads took: 0.0000455 seconds
[2023-11-14T21:24:07.761+0000][1298.919s][debug][safepoint     ] Safepoint synchronization initiated. (162 threads)
[2023-11-14T21:24:07.761+0000][1298.919s][info ][safepoint     ] Application time: 41.0039282 seconds
[2023-11-14T21:24:07.761+0000][1298.919s][info ][safepoint     ] Entering safepoint region: Cleanup
[2023-11-14T21:24:07.761+0000][1298.919s][info ][safepoint     ] Leaving safepoint region
[2023-11-14T21:24:07.761+0000][1298.919s][info ][safepoint     ] Total time for which application threads were stopped: 0.0002546 seconds, Stopping threads took: 0.0000542 seconds
[2023-11-14T21:24:15.762+0000][1306.920s][debug][safepoint     ] Safepoint synchronization initiated. (162 threads)
[2023-11-14T21:24:15.762+0000][1306.920s][info ][safepoint     ] Application time: 8.0007290 seconds
[2023-11-14T21:24:15.762+0000][1306.920s][info ][safepoint     ] Entering safepoint region: Cleanup
[2023-11-14T21:24:15.762+0000][1306.920s][info ][safepoint     ] Leaving safepoint region
[2023-11-14T21:24:15.762+0000][1306.920s][info ][safepoint     ] Total time for which application threads were stopped: 0.0003229 seconds, Stopping threads took: 0.0000448 seconds
[2023-11-14T21:24:25.763+0000][1316.921s][debug][safepoint     ] Safepoint synchronization initiated. (162 threads)
[2023-11-14T21:24:25.763+0000][1316.921s][info ][safepoint     ] Application time: 10.0009155 seconds
[2023-11-14T21:24:25.763+0000][1316.921s][info ][safepoint     ] Entering safepoint region: Cleanup
[2023-11-14T21:24:25.764+0000][1316.922s][info ][safepoint     ] Leaving safepoint region
[2023-11-14T21:24:25.764+0000][1316.922s][info ][safepoint     ] Total time for which application threads were stopped: 0.0002589 seconds, Stopping threads took: 0.0000630 seconds
[2023-11-14T21:24:31.764+0000][1322.922s][debug][safepoint     ] Safepoint synchronization initiated. (162 threads)
[2023-11-14T21:24:31.764+0000][1322.922s][info ][safepoint     ] Application time: 6.0005710 seconds
[2023-11-14T21:24:31.764+0000][1322.922s][info ][safepoint     ] Entering safepoint region: Cleanup
[2023-11-14T21:24:31.764+0000][1322.923s][info ][safepoint     ] Leaving safepoint region
[2023-11-14T21:24:31.764+0000][1322.923s][info ][safepoint     ] Total time for which application threads were stopped: 0.0002304 seconds, Stopping threads took: 0.0000462 seconds
[2023-11-14T21:24:43.765+0000][1334.924s][debug][safepoint     ] Safepoint synchronization initiated. (162 threads)
[2023-11-14T21:24:43.766+0000][1334.924s][info ][safepoint     ] Application time: 12.0010508 seconds
[2023-11-14T21:24:43.766+0000][1334.924s][info ][safepoint     ] Entering safepoint region: Cleanup
[2023-11-14T21:24:43.766+0000][1334.924s][info ][safepoint     ] Leaving safepoint region
[2023-11-14T21:24:43.766+0000][1334.924s][info ][safepoint     ] Total time for which application threads were stopped: 0.0006095 seconds, Stopping threads took: 0.0003400 seconds
[2023-11-14T21:25:44.771+0000][1395.929s][debug][safepoint     ] Safepoint synchronization initiated. (162 threads)
[2023-11-14T21:25:44.771+0000][1395.930s][info ][safepoint     ] Application time: 61.0052715 seconds
[2023-11-14T21:25:44.772+0000][1395.930s][info ][safepoint     ] Entering safepoint region: Cleanup
[2023-11-14T21:25:44.772+0000][1395.930s][info ][safepoint     ] Leaving safepoint region
[2023-11-14T21:25:44.772+0000][1395.930s][info ][safepoint     ] Total time for which application threads were stopped: 0.0002654 seconds, Stopping threads took: 0.0000483 seconds
[2023-11-14T21:25:45.772+0000][1396.930s][debug][safepoint     ] Safepoint synchronization initiated. (162 threads)
[2023-11-14T21:25:45.772+0000][1396.930s][info ][safepoint     ] Application time: 1.0001606 seconds
[2023-11-14T21:25:45.772+0000][1396.930s][info ][safepoint     ] Entering safepoint region: Cleanup
[2023-11-14T21:25:45.772+0000][1396.930s][info ][safepoint     ] Leaving safepoint region
[2023-11-14T21:25:45.772+0000][1396.930s][info ][safepoint     ] Total time for which application threads were stopped: 0.0003272 seconds, Stopping threads took: 0.0000458 seconds
[2023-11-14T21:26:03.686+0000][1414.844s][debug][safepoint     ] Safepoint synchronization initiated. (162 threads)
[2023-11-14T21:26:03.686+0000][1414.844s][info ][safepoint     ] Application time: 17.9141256 seconds
[2023-11-14T21:26:03.686+0000][1414.845s][debug][safepoint     ] Waiting for 1 thread(s) to block
[2023-11-14T21:26:03.687+0000][1414.845s][info ][safepoint     ] Entering safepoint region: G1CollectForAllocation
[2023-11-14T21:26:03.687+0000][1414.845s][info ][gc,start      ] GC(40) Pause Young (Normal) (G1 Evacuation Pause)
[2023-11-14T21:26:03.687+0000][1414.845s][info ][gc,task       ] GC(40) Using 4 workers of 4 for evacuation
[2023-11-14T21:26:03.727+0000][1414.885s][info ][gc,phases     ] GC(40)   Pre Evacuate Collection Set: 0.0ms
[2023-11-14T21:26:03.727+0000][1414.885s][info ][gc,phases     ] GC(40)   Evacuate Collection Set: 34.9ms
[2023-11-14T21:26:03.727+0000][1414.885s][info ][gc,phases     ] GC(40)   Post Evacuate Collection Set: 4.7ms
[2023-11-14T21:26:03.727+0000][1414.885s][info ][gc,phases     ] GC(40)   Other: 0.4ms
[2023-11-14T21:26:03.727+0000][1414.885s][info ][gc,heap       ] GC(40) Eden regions: 464->0(465)
[2023-11-14T21:26:03.727+0000][1414.885s][info ][gc,heap       ] GC(40) Survivor regions: 30->29(62)
[2023-11-14T21:26:03.727+0000][1414.885s][info ][gc,heap       ] GC(40) Old regions: 117->117
[2023-11-14T21:26:03.727+0000][1414.885s][info ][gc,heap       ] GC(40) Humongous regions: 0->0
[2023-11-14T21:26:03.727+0000][1414.885s][info ][gc,metaspace  ] GC(40) Metaspace: 152672K(157692K)->152672K(157692K) NonClass: 134931K(137984K)->134931K(137984K) Class: 17740K(19708K)->17740K(19708K)
[2023-11-14T21:26:03.727+0000][1414.885s][info ][gc            ] GC(40) Pause Young (Normal) (G1 Evacuation Pause) 608M->144M(824M) 40.189ms
[2023-11-14T21:26:03.727+0000][1414.885s][info ][gc,cpu        ] GC(40) User=0.15s Sys=0.01s Real=0.04s
[2023-11-14T21:26:03.727+0000][1414.885s][info ][safepoint     ] Leaving safepoint region
[2023-11-14T21:26:03.727+0000][1414.885s][info ][safepoint     ] Total time for which application threads were stopped: 0.0407317 seconds, Stopping threads took: 0.0001466 seconds
[2023-11-14T21:26:03.727+0000][1414.885s][info ][gc,stringdedup] Concurrent String Deduplication (1414.885s)
[2023-11-14T21:26:03.729+0000][1414.887s][info ][gc,stringdedup] Concurrent String Deduplication 285.7K->175.2K(110.5K) avg 53.8% (1414.885s, 1414.887s) 2.075ms
[2023-11-14T21:26:29.732+0000][1440.891s][debug][safepoint     ] Safepoint synchronization initiated. (162 threads)
[2023-11-14T21:26:29.733+0000][1440.891s][info ][safepoint     ] Application time: 26.0053610 seconds
[2023-11-14T21:26:29.733+0000][1440.891s][info ][safepoint     ] Entering safepoint region: Cleanup
[2023-11-14T21:26:29.733+0000][1440.891s][info ][safepoint     ] Leaving safepoint region
[2023-11-14T21:26:29.733+0000][1440.891s][info ][safepoint     ] Total time for which application threads were stopped: 0.0003272 seconds, Stopping threads took: 0.0000453 seconds
[2023-11-14T21:26:55.735+0000][1466.893s][debug][safepoint     ] Safepoint synchronization initiated. (162 threads)
[2023-11-14T21:26:55.735+0000][1466.893s][info ][safepoint     ] Application time: 26.0025096 seconds
[2023-11-14T21:26:55.735+0000][1466.894s][info ][safepoint     ] Entering safepoint region: Cleanup
[2023-11-14T21:26:55.736+0000][1466.894s][info ][safepoint     ] Leaving safepoint region
[2023-11-14T21:26:55.736+0000][1466.894s][info ][safepoint     ] Total time for which application threads were stopped: 0.0005383 seconds, Stopping threads took: 0.0002595 seconds
[2023-11-14T21:27:29.739+0000][1500.897s][debug][safepoint     ] Safepoint synchronization initiated. (162 threads)
[2023-11-14T21:27:29.739+0000][1500.897s][info ][safepoint     ] Application time: 34.0031069 seconds
[2023-11-14T21:27:29.739+0000][1500.897s][info ][safepoint     ] Entering safepoint region: Cleanup
[2023-11-14T21:27:29.739+0000][1500.897s][info ][safepoint     ] Leaving safepoint region
[2023-11-14T21:27:29.739+0000][1500.897s][info ][safepoint     ] Total time for which application threads were stopped: 0.0002938 seconds, Stopping threads took: 0.0000465 seconds
[2023-11-14T21:27:30.740+0000][1501.898s][debug][safepoint     ] Safepoint synchronization initiated. (162 threads)
[2023-11-14T21:27:30.740+0000][1501.898s][info ][safepoint     ] Application time: 1.0001265 seconds
[2023-11-14T21:27:30.740+0000][1501.898s][info ][safepoint     ] Entering safepoint region: Cleanup
[2023-11-14T21:27:30.740+0000][1501.898s][info ][safepoint     ] Leaving safepoint region
[2023-11-14T21:27:30.740+0000][1501.898s][info ][safepoint     ] Total time for which application threads were stopped: 0.0003318 seconds, Stopping threads took: 0.0000458 seconds
[2023-11-14T21:27:36.740+0000][1507.899s][debug][safepoint     ] Safepoint synchronization initiated. (162 threads)
[2023-11-14T21:27:36.741+0000][1507.899s][info ][safepoint     ] Application time: 6.0006134 seconds
[2023-11-14T21:27:36.741+0000][1507.899s][info ][safepoint     ] Entering safepoint region: Cleanup
[2023-11-14T21:27:36.741+0000][1507.899s][info ][safepoint     ] Leaving safepoint region
[2023-11-14T21:27:36.741+0000][1507.899s][info ][safepoint     ] Total time for which application threads were stopped: 0.0003414 seconds, Stopping threads took: 0.0000721 seconds
[2023-11-14T21:28:15.744+0000][1546.902s][debug][safepoint     ] Safepoint synchronization initiated. (162 threads)
[2023-11-14T21:28:15.744+0000][1546.902s][info ][safepoint     ] Application time: 39.0034670 seconds
[2023-11-14T21:28:15.744+0000][1546.903s][info ][safepoint     ] Entering safepoint region: Cleanup
[2023-11-14T21:28:15.745+0000][1546.903s][info ][safepoint     ] Leaving safepoint region
[2023-11-14T21:28:15.745+0000][1546.903s][info ][safepoint     ] Total time for which application threads were stopped: 0.0003220 seconds, Stopping threads took: 0.0000447 seconds
[2023-11-14T21:28:31.746+0000][1562.904s][debug][safepoint     ] Safepoint synchronization initiated. (162 threads)
[2023-11-14T21:28:31.746+0000][1562.904s][info ][safepoint     ] Application time: 16.0015840 seconds
[2023-11-14T21:28:31.746+0000][1562.904s][info ][safepoint     ] Entering safepoint region: Cleanup
[2023-11-14T21:28:31.747+0000][1562.905s][info ][safepoint     ] Leaving safepoint region
[2023-11-14T21:28:31.747+0000][1562.905s][info ][safepoint     ] Total time for which application threads were stopped: 0.0003137 seconds, Stopping threads took: 0.0000445 seconds
[2023-11-14T21:28:55.749+0000][1586.907s][debug][safepoint     ] Safepoint synchronization initiated. (162 threads)
[2023-11-14T21:28:55.749+0000][1586.907s][info ][safepoint     ] Application time: 24.0020832 seconds
[2023-11-14T21:28:55.749+0000][1586.907s][info ][safepoint     ] Entering safepoint region: Cleanup
[2023-11-14T21:28:55.749+0000][1586.907s][info ][safepoint     ] Leaving safepoint region
[2023-11-14T21:28:55.749+0000][1586.907s][info ][safepoint     ] Total time for which application threads were stopped: 0.0002598 seconds, Stopping threads took: 0.0000532 seconds
[2023-11-14T21:29:09.750+0000][1600.908s][debug][safepoint     ] Safepoint synchronization initiated. (162 threads)
[2023-11-14T21:29:09.750+0000][1600.909s][info ][safepoint     ] Application time: 14.0013792 seconds
[2023-11-14T21:29:09.750+0000][1600.909s][info ][safepoint     ] Entering safepoint region: Cleanup
[2023-11-14T21:29:09.751+0000][1600.909s][info ][safepoint     ] Leaving safepoint region
[2023-11-14T21:29:09.751+0000][1600.909s][info ][safepoint     ] Total time for which application threads were stopped: 0.0002450 seconds, Stopping threads took: 0.0000482 seconds
[2023-11-14T21:29:15.751+0000][1606.909s][debug][safepoint     ] Safepoint synchronization initiated. (162 threads)
[2023-11-14T21:29:15.751+0000][1606.909s][info ][safepoint     ] Application time: 6.0005449 seconds
[2023-11-14T21:29:15.751+0000][1606.909s][info ][safepoint     ] Entering safepoint region: Cleanup
[2023-11-14T21:29:15.752+0000][1606.910s][info ][safepoint     ] Leaving safepoint region
[2023-11-14T21:29:15.752+0000][1606.910s][info ][safepoint     ] Total time for which application threads were stopped: 0.0002959 seconds, Stopping threads took: 0.0000456 seconds
[2023-11-14T21:30:15.757+0000][1666.915s][debug][safepoint     ] Safepoint synchronization initiated. (162 threads)
[2023-11-14T21:30:15.757+0000][1666.915s][info ][safepoint     ] Application time: 60.0055863 seconds
[2023-11-14T21:30:15.757+0000][1666.915s][info ][safepoint     ] Entering safepoint region: Cleanup
[2023-11-14T21:30:15.757+0000][1666.916s][info ][safepoint     ] Leaving safepoint region
[2023-11-14T21:30:15.758+0000][1666.916s][info ][safepoint     ] Total time for which application threads were stopped: 0.0003257 seconds, Stopping threads took: 0.0000463 seconds
[2023-11-14T21:30:28.759+0000][1679.917s][debug][safepoint     ] Safepoint synchronization initiated. (162 threads)
[2023-11-14T21:30:28.759+0000][1679.917s][info ][safepoint     ] Application time: 13.0012884 seconds
[2023-11-14T21:30:28.759+0000][1679.917s][info ][safepoint     ] Entering safepoint region: Cleanup
[2023-11-14T21:30:28.759+0000][1679.917s][info ][safepoint     ] Leaving safepoint region
[2023-11-14T21:30:28.759+0000][1679.917s][info ][safepoint     ] Total time for which application threads were stopped: 0.0005405 seconds, Stopping threads took: 0.0002202 seconds
[2023-11-14T21:30:32.760+0000][1683.918s][debug][safepoint     ] Safepoint synchronization initiated. (162 threads)
[2023-11-14T21:30:32.760+0000][1683.918s][info ][safepoint     ] Application time: 4.0004271 seconds
[2023-11-14T21:30:32.760+0000][1683.918s][info ][safepoint     ] Entering safepoint region: Cleanup
[2023-11-14T21:30:32.760+0000][1683.918s][info ][safepoint     ] Leaving safepoint region
[2023-11-14T21:30:32.760+0000][1683.918s][info ][safepoint     ] Total time for which application threads were stopped: 0.0003296 seconds, Stopping threads took: 0.0000471 seconds
[2023-11-14T21:30:33.760+0000][1684.918s][debug][safepoint     ] Safepoint synchronization initiated. (162 threads)
[2023-11-14T21:30:33.760+0000][1684.918s][info ][safepoint     ] Application time: 1.0001415 seconds
[2023-11-14T21:30:33.760+0000][1684.918s][info ][safepoint     ] Entering safepoint region: Cleanup
[2023-11-14T21:30:33.761+0000][1684.919s][info ][safepoint     ] Leaving safepoint region
[2023-11-14T21:30:33.761+0000][1684.919s][info ][safepoint     ] Total time for which application threads were stopped: 0.0005715 seconds, Stopping threads took: 0.0003529 seconds
[2023-11-14T21:30:56.763+0000][1707.921s][debug][safepoint     ] Safepoint synchronization initiated. (162 threads)
[2023-11-14T21:30:56.763+0000][1707.921s][info ][safepoint     ] Application time: 23.0018935 seconds
[2023-11-14T21:30:56.763+0000][1707.921s][info ][safepoint     ] Entering safepoint region: Cleanup
[2023-11-14T21:30:56.763+0000][1707.921s][info ][safepoint     ] Leaving safepoint region
[2023-11-14T21:30:56.763+0000][1707.921s][info ][safepoint     ] Total time for which application threads were stopped: 0.0004678 seconds, Stopping threads took: 0.0002649 seconds
[2023-11-14T21:31:15.765+0000][1726.923s][debug][safepoint     ] Safepoint synchronization initiated. (162 threads)
[2023-11-14T21:31:15.765+0000][1726.923s][info ][safepoint     ] Application time: 19.0015894 seconds
[2023-11-14T21:31:15.765+0000][1726.923s][info ][safepoint     ] Entering safepoint region: Cleanup
[2023-11-14T21:31:15.765+0000][1726.923s][info ][safepoint     ] Leaving safepoint region
[2023-11-14T21:31:15.765+0000][1726.923s][info ][safepoint     ] Total time for which application threads were stopped: 0.0002769 seconds, Stopping threads took: 0.0000470 seconds
[2023-11-14T21:31:56.769+0000][1767.927s][debug][safepoint     ] Safepoint synchronization initiated. (164 threads)
[2023-11-14T21:31:56.769+0000][1767.927s][info ][safepoint     ] Application time: 41.0034739 seconds
[2023-11-14T21:31:56.769+0000][1767.927s][info ][safepoint     ] Entering safepoint region: Cleanup
[2023-11-14T21:31:56.769+0000][1767.927s][info ][safepoint     ] Leaving safepoint region
[2023-11-14T21:31:56.769+0000][1767.927s][info ][safepoint     ] Total time for which application threads were stopped: 0.0002547 seconds, Stopping threads took: 0.0000376 seconds
[2023-11-14T21:31:57.769+0000][1768.927s][debug][safepoint     ] Safepoint synchronization initiated. (164 threads)
[2023-11-14T21:31:57.769+0000][1768.927s][info ][safepoint     ] Application time: 1.0001548 seconds
[2023-11-14T21:31:57.769+0000][1768.927s][info ][safepoint     ] Entering safepoint region: Cleanup
[2023-11-14T21:31:57.769+0000][1768.928s][info ][safepoint     ] Leaving safepoint region
[2023-11-14T21:31:57.769+0000][1768.928s][info ][safepoint     ] Total time for which application threads were stopped: 0.0003125 seconds, Stopping threads took: 0.0000488 seconds
[2023-11-14T21:32:15.771+0000][1786.929s][debug][safepoint     ] Safepoint synchronization initiated. (162 threads)
[2023-11-14T21:32:15.771+0000][1786.929s][info ][safepoint     ] Application time: 18.0016621 seconds
[2023-11-14T21:32:15.771+0000][1786.929s][info ][safepoint     ] Entering safepoint region: Cleanup
[2023-11-14T21:32:15.771+0000][1786.929s][info ][safepoint     ] Leaving safepoint region
[2023-11-14T21:32:15.771+0000][1786.930s][info ][safepoint     ] Total time for which application threads were stopped: 0.0002848 seconds, Stopping threads took: 0.0000734 seconds
[2023-11-14T21:32:18.772+0000][1789.930s][debug][safepoint     ] Safepoint synchronization initiated. (164 threads)
[2023-11-14T21:32:18.772+0000][1789.930s][info ][safepoint     ] Application time: 3.0003838 seconds
[2023-11-14T21:32:18.772+0000][1789.930s][info ][safepoint     ] Entering safepoint region: Cleanup
[2023-11-14T21:32:18.772+0000][1789.930s][info ][safepoint     ] Leaving safepoint region
[2023-11-14T21:32:18.772+0000][1789.930s][info ][safepoint     ] Total time for which application threads were stopped: 0.0003344 seconds, Stopping threads took: 0.0000492 seconds
[2023-11-14T21:32:31.774+0000][1802.932s][debug][safepoint     ] Safepoint synchronization initiated. (164 threads)
[2023-11-14T21:32:31.774+0000][1802.932s][info ][safepoint     ] Application time: 13.0013268 seconds
[2023-11-14T21:32:31.774+0000][1802.932s][info ][safepoint     ] Entering safepoint region: Cleanup
[2023-11-14T21:32:31.774+0000][1802.932s][info ][safepoint     ] Leaving safepoint region
[2023-11-14T21:32:31.774+0000][1802.932s][info ][safepoint     ] Total time for which application threads were stopped: 0.0003170 seconds, Stopping threads took: 0.0000294 seconds
[2023-11-14T21:32:35.774+0000][1806.932s][debug][safepoint     ] Safepoint synchronization initiated. (163 threads)
[2023-11-14T21:32:35.774+0000][1806.932s][info ][safepoint     ] Application time: 4.0004646 seconds
[2023-11-14T21:32:35.774+0000][1806.932s][info ][safepoint     ] Entering safepoint region: Cleanup
[2023-11-14T21:32:35.775+0000][1806.933s][info ][safepoint     ] Leaving safepoint region
[2023-11-14T21:32:35.775+0000][1806.933s][info ][safepoint     ] Total time for which application threads were stopped: 0.0003398 seconds, Stopping threads took: 0.0000497 seconds
[2023-11-14T21:33:15.778+0000][1846.936s][debug][safepoint     ] Safepoint synchronization initiated. (162 threads)
[2023-11-14T21:33:15.778+0000][1846.936s][info ][safepoint     ] Application time: 40.0036691 seconds
[2023-11-14T21:33:15.778+0000][1846.937s][info ][safepoint     ] Entering safepoint region: Cleanup
[2023-11-14T21:33:15.779+0000][1846.937s][info ][safepoint     ] Leaving safepoint region
[2023-11-14T21:33:15.779+0000][1846.937s][info ][safepoint     ] Total time for which application threads were stopped: 0.0003356 seconds, Stopping threads took: 0.0000480 seconds
[2023-11-14T21:33:15.779+0000][1846.937s][debug][safepoint     ] ... found polling page return exception at pc = 0x00007fe180ff1766, stub =0x00007fe17883a800
[2023-11-14T21:33:15.779+0000][1846.937s][debug][safepoint     ] ... found polling page return exception at pc = 0x00007fe180ff1766, stub =0x00007fe17883a800
[2023-11-14T21:33:15.779+0000][1846.937s][debug][safepoint     ] ... found polling page return exception at pc = 0x00007fe180ff1766, stub =0x00007fe17883a800
[2023-11-14T21:33:21.779+0000][1852.937s][debug][safepoint     ] Safepoint synchronization initiated. (162 threads)
[2023-11-14T21:33:21.780+0000][1852.938s][info ][safepoint     ] Application time: 6.0006924 seconds
[2023-11-14T21:33:21.780+0000][1852.938s][info ][safepoint     ] Entering safepoint region: Cleanup
[2023-11-14T21:33:21.780+0000][1852.938s][info ][safepoint     ] Leaving safepoint region
[2023-11-14T21:33:21.780+0000][1852.938s][debug][safepoint     ] ... found polling page return exception at pc = 0x00007fe180ff1766, stub =0x00007fe17883a800
[2023-11-14T21:33:21.780+0000][1852.938s][info ][safepoint     ] Total time for which application threads were stopped: 0.0003298 seconds, Stopping threads took: 0.0000510 seconds
[2023-11-14T21:33:36.781+0000][1867.939s][debug][safepoint     ] Safepoint synchronization initiated. (162 threads)
[2023-11-14T21:33:36.781+0000][1867.939s][info ][safepoint     ] Application time: 15.0014832 seconds
[2023-11-14T21:33:36.781+0000][1867.940s][info ][safepoint     ] Entering safepoint region: Cleanup
[2023-11-14T21:33:36.782+0000][1867.940s][info ][safepoint     ] Leaving safepoint region
[2023-11-14T21:33:36.782+0000][1867.940s][info ][safepoint     ] Total time for which application threads were stopped: 0.0003547 seconds, Stopping threads took: 0.0000662 seconds
[2023-11-14T21:34:15.786+0000][1906.944s][debug][safepoint     ] Safepoint synchronization initiated. (162 threads)
[2023-11-14T21:34:15.786+0000][1906.944s][info ][safepoint     ] Application time: 39.0038351 seconds
[2023-11-14T21:34:15.786+0000][1906.944s][info ][safepoint     ] Entering safepoint region: Cleanup
[2023-11-14T21:34:15.786+0000][1906.944s][info ][safepoint     ] Leaving safepoint region
[2023-11-14T21:34:15.786+0000][1906.944s][info ][safepoint     ] Total time for which application threads were stopped: 0.0002949 seconds, Stopping threads took: 0.0000525 seconds
[2023-11-14T21:34:20.539+0000][1911.697s][debug][safepoint     ] Safepoint synchronization initiated. (162 threads)
[2023-11-14T21:34:20.540+0000][1911.698s][info ][safepoint     ] Application time: 4.7536321 seconds
[2023-11-14T21:34:20.540+0000][1911.698s][debug][safepoint     ] Waiting for 1 thread(s) to block
[2023-11-14T21:34:20.540+0000][1911.698s][info ][safepoint     ] Entering safepoint region: G1CollectForAllocation
[2023-11-14T21:34:20.540+0000][1911.698s][info ][gc,start      ] GC(41) Pause Young (Normal) (G1 Evacuation Pause)
[2023-11-14T21:34:20.540+0000][1911.698s][info ][gc,task       ] GC(41) Using 4 workers of 4 for evacuation
[2023-11-14T21:34:20.581+0000][1911.739s][info ][gc,phases     ] GC(41)   Pre Evacuate Collection Set: 0.0ms
[2023-11-14T21:34:20.581+0000][1911.739s][info ][gc,phases     ] GC(41)   Evacuate Collection Set: 35.5ms
[2023-11-14T21:34:20.581+0000][1911.739s][info ][gc,phases     ] GC(41)   Post Evacuate Collection Set: 4.9ms
[2023-11-14T21:34:20.581+0000][1911.739s][info ][gc,phases     ] GC(41)   Other: 0.4ms
[2023-11-14T21:34:20.581+0000][1911.739s][info ][gc,heap       ] GC(41) Eden regions: 465->0(463)
[2023-11-14T21:34:20.581+0000][1911.739s][info ][gc,heap       ] GC(41) Survivor regions: 29->31(62)
[2023-11-14T21:34:20.581+0000][1911.739s][info ][gc,heap       ] GC(41) Old regions: 117->117
[2023-11-14T21:34:20.581+0000][1911.739s][info ][gc,heap       ] GC(41) Humongous regions: 0->0
[2023-11-14T21:34:20.581+0000][1911.739s][info ][gc,metaspace  ] GC(41) Metaspace: 152863K(157948K)->152863K(157948K) NonClass: 135122K(138240K)->135122K(138240K) Class: 17741K(19708K)->17741K(19708K)
[2023-11-14T21:34:20.581+0000][1911.739s][info ][gc            ] GC(41) Pause Young (Normal) (G1 Evacuation Pause) 609M->145M(824M) 40.953ms
[2023-11-14T21:34:20.581+0000][1911.739s][info ][gc,cpu        ] GC(41) User=0.15s Sys=0.01s Real=0.04s
[2023-11-14T21:34:20.581+0000][1911.739s][info ][safepoint     ] Leaving safepoint region
[2023-11-14T21:34:20.581+0000][1911.739s][info ][safepoint     ] Total time for which application threads were stopped: 0.0415142 seconds, Stopping threads took: 0.0001527 seconds
[2023-11-14T21:34:20.581+0000][1911.739s][info ][gc,stringdedup] Concurrent String Deduplication (1911.739s)
[2023-11-14T21:34:20.581+0000][1911.739s][info ][gc,stringdedup] Concurrent String Deduplication 24.0B->0.0B(24.0B) avg 53.8% (1911.739s, 1911.739s) 0.073ms
[2023-11-14T21:34:48.585+0000][1939.743s][debug][safepoint     ] Safepoint synchronization initiated. (162 threads)
[2023-11-14T21:34:48.585+0000][1939.743s][info ][safepoint     ] Application time: 28.0038416 seconds
[2023-11-14T21:34:48.585+0000][1939.743s][info ][safepoint     ] Entering safepoint region: Cleanup
[2023-11-14T21:34:48.585+0000][1939.743s][info ][safepoint     ] Leaving safepoint region
[2023-11-14T21:34:48.585+0000][1939.743s][info ][safepoint     ] Total time for which application threads were stopped: 0.0003363 seconds, Stopping threads took: 0.0000493 seconds
[2023-11-14T21:35:15.588+0000][1966.746s][debug][safepoint     ] Safepoint synchronization initiated. (162 threads)
[2023-11-14T21:35:15.588+0000][1966.746s][info ][safepoint     ] Application time: 27.0025672 seconds
[2023-11-14T21:35:15.588+0000][1966.746s][info ][safepoint     ] Entering safepoint region: Cleanup
[2023-11-14T21:35:15.588+0000][1966.746s][info ][safepoint     ] Leaving safepoint region
[2023-11-14T21:35:15.588+0000][1966.746s][info ][safepoint     ] Total time for which application threads were stopped: 0.0003223 seconds, Stopping threads took: 0.0000507 seconds
[2023-11-14T21:35:39.440+0000][1990.598s][debug][safepoint     ] Safepoint synchronization initiated. (162 threads)
[2023-11-14T21:35:39.440+0000][1990.598s][info ][safepoint     ] Application time: 23.8517997 seconds
[2023-11-14T21:35:39.440+0000][1990.598s][info ][safepoint     ] Entering safepoint region: Deoptimize
[2023-11-14T21:35:39.442+0000][1990.600s][info ][safepoint     ] Leaving safepoint region
[2023-11-14T21:35:39.442+0000][1990.600s][info ][safepoint     ] Total time for which application threads were stopped: 0.0020638 seconds, Stopping threads took: 0.0000507 seconds
[2023-11-14T21:35:40.442+0000][1991.600s][debug][safepoint     ] Safepoint synchronization initiated. (162 threads)
[2023-11-14T21:35:40.442+0000][1991.600s][info ][safepoint     ] Application time: 1.0001586 seconds
[2023-11-14T21:35:40.442+0000][1991.600s][info ][safepoint     ] Entering safepoint region: Cleanup
[2023-11-14T21:35:40.443+0000][1991.601s][info ][safepoint     ] Leaving safepoint region
[2023-11-14T21:35:40.443+0000][1991.601s][info ][safepoint     ] Total time for which application threads were stopped: 0.0004035 seconds, Stopping threads took: 0.0000482 seconds
[2023-11-14T21:36:16.446+0000][2027.604s][debug][safepoint     ] Safepoint synchronization initiated. (162 threads)
[2023-11-14T21:36:16.446+0000][2027.604s][info ][safepoint     ] Application time: 36.0031863 seconds
[2023-11-14T21:36:16.446+0000][2027.604s][info ][safepoint     ] Entering safepoint region: Cleanup
[2023-11-14T21:36:16.446+0000][2027.604s][info ][safepoint     ] Leaving safepoint region
[2023-11-14T21:36:16.446+0000][2027.604s][info ][safepoint     ] Total time for which application threads were stopped: 0.0003088 seconds, Stopping threads took: 0.0000573 seconds
[2023-11-14T21:36:40.448+0000][2051.606s][debug][safepoint     ] Safepoint synchronization initiated. (162 threads)
[2023-11-14T21:36:40.448+0000][2051.607s][info ][safepoint     ] Application time: 24.0021131 seconds
[2023-11-14T21:36:40.449+0000][2051.607s][info ][safepoint     ] Entering safepoint region: Cleanup
[2023-11-14T21:36:40.449+0000][2051.607s][info ][safepoint     ] Leaving safepoint region
[2023-11-14T21:36:40.449+0000][2051.607s][info ][safepoint     ] Total time for which application threads were stopped: 0.0002847 seconds, Stopping threads took: 0.0000486 seconds
[2023-11-14T21:37:49.455+0000][2120.613s][debug][safepoint     ] Safepoint synchronization initiated. (162 threads)
[2023-11-14T21:37:49.455+0000][2120.613s][info ][safepoint     ] Application time: 69.0061454 seconds
[2023-11-14T21:37:49.455+0000][2120.613s][info ][safepoint     ] Entering safepoint region: Cleanup
[2023-11-14T21:37:49.455+0000][2120.613s][info ][safepoint     ] Leaving safepoint region
[2023-11-14T21:37:49.455+0000][2120.613s][info ][safepoint     ] Total time for which application threads were stopped: 0.0002477 seconds, Stopping threads took: 0.0000491 seconds
[2023-11-14T21:38:16.458+0000][2147.616s][debug][safepoint     ] Safepoint synchronization initiated. (162 threads)
[2023-11-14T21:38:16.458+0000][2147.616s][info ][safepoint     ] Application time: 27.0024175 seconds
[2023-11-14T21:38:16.458+0000][2147.616s][info ][safepoint     ] Entering safepoint region: Cleanup
[2023-11-14T21:38:16.458+0000][2147.616s][info ][safepoint     ] Leaving safepoint region
[2023-11-14T21:38:16.458+0000][2147.616s][info ][safepoint     ] Total time for which application threads were stopped: 0.0003398 seconds, Stopping threads took: 0.0000498 seconds
[2023-11-14T21:38:42.460+0000][2173.618s][debug][safepoint     ] Safepoint synchronization initiated. (162 threads)
[2023-11-14T21:38:42.460+0000][2173.619s][info ][safepoint     ] Application time: 26.0024857 seconds
[2023-11-14T21:38:42.461+0000][2173.619s][info ][safepoint     ] Entering safepoint region: Cleanup
[2023-11-14T21:38:42.461+0000][2173.619s][info ][safepoint     ] Leaving safepoint region
[2023-11-14T21:38:42.461+0000][2173.619s][info ][safepoint     ] Total time for which application threads were stopped: 0.0004026 seconds, Stopping threads took: 0.0000507 seconds
[2023-11-14T21:39:07.463+0000][2198.621s][debug][safepoint     ] Safepoint synchronization initiated. (162 threads)
[2023-11-14T21:39:07.463+0000][2198.621s][info ][safepoint     ] Application time: 25.0023427 seconds
[2023-11-14T21:39:07.463+0000][2198.621s][info ][safepoint     ] Entering safepoint region: Cleanup
[2023-11-14T21:39:07.464+0000][2198.622s][info ][safepoint     ] Leaving safepoint region
[2023-11-14T21:39:07.464+0000][2198.622s][info ][safepoint     ] Total time for which application threads were stopped: 0.0004157 seconds, Stopping threads took: 0.0000490 seconds
[2023-11-14T21:40:44.473+0000][2295.631s][debug][safepoint     ] Safepoint synchronization initiated. (162 threads)
[2023-11-14T21:40:44.473+0000][2295.631s][info ][safepoint     ] Application time: 97.0089606 seconds
[2023-11-14T21:40:44.473+0000][2295.631s][info ][safepoint     ] Entering safepoint region: Cleanup
[2023-11-14T21:40:44.473+0000][2295.631s][info ][safepoint     ] Leaving safepoint region
[2023-11-14T21:40:44.473+0000][2295.631s][info ][safepoint     ] Total time for which application threads were stopped: 0.0002494 seconds, Stopping threads took: 0.0000512 seconds
[2023-11-14T21:41:19.476+0000][2330.634s][debug][safepoint     ] Safepoint synchronization initiated. (162 threads)
[2023-11-14T21:41:19.476+0000][2330.634s][info ][safepoint     ] Application time: 35.0031223 seconds
[2023-11-14T21:41:19.476+0000][2330.634s][info ][safepoint     ] Entering safepoint region: Cleanup
[2023-11-14T21:41:19.476+0000][2330.634s][info ][safepoint     ] Leaving safepoint region
[2023-11-14T21:41:19.476+0000][2330.634s][info ][safepoint     ] Total time for which application threads were stopped: 0.0002680 seconds, Stopping threads took: 0.0000483 seconds
[2023-11-14T21:41:45.479+0000][2356.637s][debug][safepoint     ] Safepoint synchronization initiated. (162 threads)
[2023-11-14T21:41:45.479+0000][2356.637s][info ][safepoint     ] Application time: 26.0023556 seconds
[2023-11-14T21:41:45.479+0000][2356.637s][info ][safepoint     ] Entering safepoint region: Cleanup
[2023-11-14T21:41:45.479+0000][2356.637s][info ][safepoint     ] Leaving safepoint region
[2023-11-14T21:41:45.479+0000][2356.637s][info ][safepoint     ] Total time for which application threads were stopped: 0.0003199 seconds, Stopping threads took: 0.0000558 seconds
[2023-11-14T21:42:10.481+0000][2381.640s][debug][safepoint     ] Safepoint synchronization initiated. (162 threads)
[2023-11-14T21:42:10.482+0000][2381.640s][info ][safepoint     ] Application time: 25.0024123 seconds
[2023-11-14T21:42:10.482+0000][2381.640s][info ][safepoint     ] Entering safepoint region: Cleanup
[2023-11-14T21:42:10.482+0000][2381.640s][info ][safepoint     ] Leaving safepoint region
[2023-11-14T21:42:10.482+0000][2381.640s][info ][safepoint     ] Total time for which application threads were stopped: 0.0003316 seconds, Stopping threads took: 0.0000481 seconds
[2023-11-14T21:42:16.482+0000][2387.641s][debug][safepoint     ] Safepoint synchronization initiated. (162 threads)
[2023-11-14T21:42:16.483+0000][2387.641s][info ][safepoint     ] Application time: 6.0006379 seconds
[2023-11-14T21:42:16.483+0000][2387.641s][info ][safepoint     ] Entering safepoint region: Cleanup
[2023-11-14T21:42:16.483+0000][2387.641s][info ][safepoint     ] Leaving safepoint region
[2023-11-14T21:42:16.483+0000][2387.641s][info ][safepoint     ] Total time for which application threads were stopped: 0.0003316 seconds, Stopping threads took: 0.0000471 seconds
[2023-11-14T21:42:36.043+0000][2407.201s][debug][safepoint     ] Safepoint synchronization initiated. (162 threads)
[2023-11-14T21:42:36.043+0000][2407.201s][info ][safepoint     ] Application time: 19.5598934 seconds
[2023-11-14T21:42:36.043+0000][2407.201s][info ][safepoint     ] Entering safepoint region: G1CollectForAllocation
[2023-11-14T21:42:36.043+0000][2407.201s][info ][gc,start      ] GC(42) Pause Young (Normal) (G1 Evacuation Pause)
[2023-11-14T21:42:36.043+0000][2407.201s][info ][gc,task       ] GC(42) Using 4 workers of 4 for evacuation
[2023-11-14T21:42:36.066+0000][2407.224s][info ][gc,phases     ] GC(42)   Pre Evacuate Collection Set: 0.0ms
[2023-11-14T21:42:36.066+0000][2407.224s][info ][gc,phases     ] GC(42)   Evacuate Collection Set: 19.1ms
[2023-11-14T21:42:36.066+0000][2407.224s][info ][gc,phases     ] GC(42)   Post Evacuate Collection Set: 3.7ms
[2023-11-14T21:42:36.066+0000][2407.224s][info ][gc,phases     ] GC(42)   Other: 0.3ms
[2023-11-14T21:42:36.066+0000][2407.224s][info ][gc,heap       ] GC(42) Eden regions: 463->0(464)
[2023-11-14T21:42:36.066+0000][2407.224s][info ][gc,heap       ] GC(42) Survivor regions: 31->30(62)
[2023-11-14T21:42:36.066+0000][2407.224s][info ][gc,heap       ] GC(42) Old regions: 117->117
[2023-11-14T21:42:36.066+0000][2407.224s][info ][gc,heap       ] GC(42) Humongous regions: 0->0
[2023-11-14T21:42:36.066+0000][2407.224s][info ][gc,metaspace  ] GC(42) Metaspace: 152931K(157948K)->152931K(157948K) NonClass: 135187K(138240K)->135187K(138240K) Class: 17743K(19708K)->17743K(19708K)
[2023-11-14T21:42:36.066+0000][2407.224s][info ][gc            ] GC(42) Pause Young (Normal) (G1 Evacuation Pause) 608M->145M(824M) 23.281ms
[2023-11-14T21:42:36.066+0000][2407.224s][info ][gc,cpu        ] GC(42) User=0.08s Sys=0.00s Real=0.02s
[2023-11-14T21:42:36.066+0000][2407.224s][info ][safepoint     ] Leaving safepoint region
[2023-11-14T21:42:36.066+0000][2407.224s][info ][safepoint     ] Total time for which application threads were stopped: 0.0235692 seconds, Stopping threads took: 0.0000315 seconds
[2023-11-14T21:42:36.066+0000][2407.225s][info ][gc,stringdedup] Concurrent String Deduplication (2407.225s)
[2023-11-14T21:42:36.067+0000][2407.225s][info ][gc,stringdedup] Concurrent String Deduplication 504.0B->504.0B(0.0B) avg 53.8% (2407.225s, 2407.225s) 0.055ms
[2023-11-14T21:43:16.070+0000][2447.228s][debug][safepoint     ] Safepoint synchronization initiated. (162 threads)
[2023-11-14T21:43:16.070+0000][2447.228s][info ][safepoint     ] Application time: 40.0039004 seconds
[2023-11-14T21:43:16.070+0000][2447.228s][info ][safepoint     ] Entering safepoint region: Cleanup
[2023-11-14T21:43:16.071+0000][2447.229s][info ][safepoint     ] Leaving safepoint region
[2023-11-14T21:43:16.071+0000][2447.229s][info ][safepoint     ] Total time for which application threads were stopped: 0.0003548 seconds, Stopping threads took: 0.0000509 seconds
[2023-11-14T21:43:47.074+0000][2478.232s][debug][safepoint     ] Safepoint synchronization initiated. (162 threads)
[2023-11-14T21:43:47.074+0000][2478.232s][info ][safepoint     ] Application time: 31.0029178 seconds
[2023-11-14T21:43:47.074+0000][2478.232s][info ][safepoint     ] Entering safepoint region: Cleanup
[2023-11-14T21:43:47.074+0000][2478.232s][info ][safepoint     ] Leaving safepoint region
[2023-11-14T21:43:47.074+0000][2478.232s][info ][safepoint     ] Total time for which application threads were stopped: 0.0002579 seconds, Stopping threads took: 0.0000506 seconds
[2023-11-14T21:43:56.075+0000][2487.233s][debug][safepoint     ] Safepoint synchronization initiated. (162 threads)
[2023-11-14T21:43:56.075+0000][2487.233s][info ][safepoint     ] Application time: 9.0009519 seconds
[2023-11-14T21:43:56.075+0000][2487.233s][info ][safepoint     ] Entering safepoint region: Cleanup
[2023-11-14T21:43:56.075+0000][2487.233s][info ][safepoint     ] Leaving safepoint region
[2023-11-14T21:43:56.075+0000][2487.233s][info ][safepoint     ] Total time for which application threads were stopped: 0.0002480 seconds, Stopping threads took: 0.0000484 seconds
[2023-11-14T21:44:16.077+0000][2507.235s][debug][safepoint     ] Safepoint synchronization initiated. (162 threads)
[2023-11-14T21:44:16.077+0000][2507.235s][info ][safepoint     ] Application time: 20.0019236 seconds
[2023-11-14T21:44:16.077+0000][2507.235s][info ][safepoint     ] Entering safepoint region: Cleanup
[2023-11-14T21:44:16.077+0000][2507.235s][info ][safepoint     ] Leaving safepoint region
[2023-11-14T21:44:16.077+0000][2507.235s][info ][safepoint     ] Total time for which application threads were stopped: 0.0002651 seconds, Stopping threads took: 0.0000485 seconds
[2023-11-14T21:45:22.083+0000][2573.241s][debug][safepoint     ] Safepoint synchronization initiated. (162 threads)
[2023-11-14T21:45:22.083+0000][2573.242s][info ][safepoint     ] Application time: 66.0061814 seconds
[2023-11-14T21:45:22.084+0000][2573.242s][info ][safepoint     ] Entering safepoint region: Cleanup
[2023-11-14T21:45:22.084+0000][2573.242s][info ][safepoint     ] Leaving safepoint region
[2023-11-14T21:45:22.084+0000][2573.242s][info ][safepoint     ] Total time for which application threads were stopped: 0.0002902 seconds, Stopping threads took: 0.0000486 seconds
[2023-11-14T21:45:32.085+0000][2583.243s][debug][safepoint     ] Safepoint synchronization initiated. (162 threads)
[2023-11-14T21:45:32.085+0000][2583.243s][info ][safepoint     ] Application time: 10.0009566 seconds
[2023-11-14T21:45:32.085+0000][2583.243s][info ][safepoint     ] Entering safepoint region: Cleanup
[2023-11-14T21:45:32.085+0000][2583.243s][info ][safepoint     ] Leaving safepoint region
[2023-11-14T21:45:32.085+0000][2583.243s][info ][safepoint     ] Total time for which application threads were stopped: 0.0003092 seconds, Stopping threads took: 0.0000509 seconds
[2023-11-14T21:45:42.086+0000][2593.244s][debug][safepoint     ] Safepoint synchronization initiated. (162 threads)
[2023-11-14T21:45:42.086+0000][2593.244s][info ][safepoint     ] Application time: 10.0010322 seconds
[2023-11-14T21:45:42.086+0000][2593.244s][info ][safepoint     ] Entering safepoint region: Cleanup
[2023-11-14T21:45:42.087+0000][2593.245s][info ][safepoint     ] Leaving safepoint region
[2023-11-14T21:45:42.087+0000][2593.245s][info ][safepoint     ] Total time for which application threads were stopped: 0.0003930 seconds, Stopping threads took: 0.0000575 seconds
[2023-11-14T21:45:49.087+0000][2600.245s][debug][safepoint     ] Safepoint synchronization initiated. (162 threads)
[2023-11-14T21:45:49.087+0000][2600.245s][info ][safepoint     ] Application time: 7.0006761 seconds
[2023-11-14T21:45:49.087+0000][2600.245s][info ][safepoint     ] Entering safepoint region: Cleanup
[2023-11-14T21:45:49.088+0000][2600.246s][info ][safepoint     ] Leaving safepoint region
[2023-11-14T21:45:49.088+0000][2600.246s][info ][safepoint     ] Total time for which application threads were stopped: 0.0003037 seconds, Stopping threads took: 0.0000510 seconds
[2023-11-14T21:46:19.090+0000][2630.248s][debug][safepoint     ] Safepoint synchronization initiated. (162 threads)
[2023-11-14T21:46:19.090+0000][2630.248s][info ][safepoint     ] Application time: 30.0027459 seconds
[2023-11-14T21:46:19.090+0000][2630.248s][info ][safepoint     ] Entering safepoint region: Cleanup
[2023-11-14T21:46:19.091+0000][2630.249s][info ][safepoint     ] Leaving safepoint region
[2023-11-14T21:46:19.091+0000][2630.249s][info ][safepoint     ] Total time for which application threads were stopped: 0.0002603 seconds, Stopping threads took: 0.0000489 seconds
[2023-11-14T21:46:19.091+0000][2630.249s][debug][safepoint     ] ... found polling page return exception at pc = 0x00007fe180ff1766, stub =0x00007fe17883a800
[2023-11-14T21:47:16.096+0000][2687.254s][debug][safepoint     ] Safepoint synchronization initiated. (162 threads)
[2023-11-14T21:47:16.096+0000][2687.254s][info ][safepoint     ] Application time: 57.0050080 seconds
[2023-11-14T21:47:16.096+0000][2687.254s][info ][safepoint     ] Entering safepoint region: Cleanup
[2023-11-14T21:47:16.096+0000][2687.254s][info ][safepoint     ] Leaving safepoint region
[2023-11-14T21:47:16.096+0000][2687.254s][info ][safepoint     ] Total time for which application threads were stopped: 0.0003420 seconds, Stopping threads took: 0.0000501 seconds
[2023-11-14T21:47:51.099+0000][2722.257s][debug][safepoint     ] Safepoint synchronization initiated. (162 threads)
[2023-11-14T21:47:51.099+0000][2722.257s][info ][safepoint     ] Application time: 35.0030054 seconds
[2023-11-14T21:47:51.099+0000][2722.257s][info ][safepoint     ] Entering safepoint region: Cleanup
[2023-11-14T21:47:51.099+0000][2722.257s][info ][safepoint     ] Leaving safepoint region
[2023-11-14T21:47:51.099+0000][2722.257s][info ][safepoint     ] Total time for which application threads were stopped: 0.0003010 seconds, Stopping threads took: 0.0000489 seconds
[2023-11-14T21:47:56.100+0000][2727.258s][debug][safepoint     ] Safepoint synchronization initiated. (162 threads)
[2023-11-14T21:47:56.100+0000][2727.258s][info ][safepoint     ] Application time: 5.0004786 seconds
[2023-11-14T21:47:56.100+0000][2727.258s][info ][safepoint     ] Entering safepoint region: Cleanup
[2023-11-14T21:47:56.100+0000][2727.258s][info ][safepoint     ] Leaving safepoint region
[2023-11-14T21:47:56.100+0000][2727.258s][info ][safepoint     ] Total time for which application threads were stopped: 0.0003395 seconds, Stopping threads took: 0.0000507 seconds
[2023-11-14T21:48:06.101+0000][2737.259s][debug][safepoint     ] Safepoint synchronization initiated. (162 threads)
[2023-11-14T21:48:06.101+0000][2737.259s][info ][safepoint     ] Application time: 10.0009026 seconds
[2023-11-14T21:48:06.101+0000][2737.259s][info ][safepoint     ] Entering safepoint region: Cleanup
[2023-11-14T21:48:06.101+0000][2737.260s][info ][safepoint     ] Leaving safepoint region
[2023-11-14T21:48:06.101+0000][2737.260s][info ][safepoint     ] Total time for which application threads were stopped: 0.0003029 seconds, Stopping threads took: 0.0000494 seconds
[2023-11-14T21:48:16.102+0000][2747.261s][debug][safepoint     ] Safepoint synchronization initiated. (162 threads)
[2023-11-14T21:48:16.103+0000][2747.261s][info ][safepoint     ] Application time: 10.0010474 seconds
[2023-11-14T21:48:16.103+0000][2747.261s][info ][safepoint     ] Entering safepoint region: Cleanup
[2023-11-14T21:48:16.103+0000][2747.261s][info ][safepoint     ] Leaving safepoint region
[2023-11-14T21:48:16.103+0000][2747.261s][info ][safepoint     ] Total time for which application threads were stopped: 0.0003296 seconds, Stopping threads took: 0.0000521 seconds
[2023-11-14T21:49:12.108+0000][2803.266s][debug][safepoint     ] Safepoint synchronization initiated. (162 threads)
[2023-11-14T21:49:12.108+0000][2803.266s][info ][safepoint     ] Application time: 56.0051337 seconds
[2023-11-14T21:49:12.108+0000][2803.266s][info ][safepoint     ] Entering safepoint region: Cleanup
[2023-11-14T21:49:12.108+0000][2803.266s][info ][safepoint     ] Leaving safepoint region
[2023-11-14T21:49:12.108+0000][2803.267s][info ][safepoint     ] Total time for which application threads were stopped: 0.0003446 seconds, Stopping threads took: 0.0000526 seconds
[2023-11-14T21:50:20.115+0000][2871.273s][debug][safepoint     ] Safepoint synchronization initiated. (162 threads)
[2023-11-14T21:50:20.115+0000][2871.273s][info ][safepoint     ] Application time: 68.0062389 seconds
[2023-11-14T21:50:20.115+0000][2871.273s][info ][safepoint     ] Entering safepoint region: Cleanup
[2023-11-14T21:50:20.115+0000][2871.273s][info ][safepoint     ] Leaving safepoint region
[2023-11-14T21:50:20.115+0000][2871.273s][info ][safepoint     ] Total time for which application threads were stopped: 0.0003416 seconds, Stopping threads took: 0.0000504 seconds
[2023-11-14T21:50:53.712+0000][2904.870s][debug][safepoint     ] Safepoint synchronization initiated. (162 threads)
[2023-11-14T21:50:53.713+0000][2904.871s][info ][safepoint     ] Application time: 33.5974250 seconds
[2023-11-14T21:50:53.713+0000][2904.871s][debug][safepoint     ] Waiting for 1 thread(s) to block
[2023-11-14T21:50:53.713+0000][2904.871s][info ][safepoint     ] Entering safepoint region: G1CollectForAllocation
[2023-11-14T21:50:53.713+0000][2904.871s][info ][gc,start      ] GC(43) Pause Young (Normal) (G1 Evacuation Pause)
[2023-11-14T21:50:53.713+0000][2904.871s][info ][gc,task       ] GC(43) Using 4 workers of 4 for evacuation
[2023-11-14T21:50:53.754+0000][2904.912s][info ][gc,phases     ] GC(43)   Pre Evacuate Collection Set: 0.0ms
[2023-11-14T21:50:53.754+0000][2904.912s][info ][gc,phases     ] GC(43)   Evacuate Collection Set: 36.2ms
[2023-11-14T21:50:53.754+0000][2904.912s][info ][gc,phases     ] GC(43)   Post Evacuate Collection Set: 4.2ms
[2023-11-14T21:50:53.754+0000][2904.912s][info ][gc,phases     ] GC(43)   Other: 0.4ms
[2023-11-14T21:50:53.754+0000][2904.912s][info ][gc,heap       ] GC(43) Eden regions: 464->0(464)
[2023-11-14T21:50:53.754+0000][2904.912s][info ][gc,heap       ] GC(43) Survivor regions: 30->30(62)
[2023-11-14T21:50:53.754+0000][2904.912s][info ][gc,heap       ] GC(43) Old regions: 117->117
[2023-11-14T21:50:53.754+0000][2904.912s][info ][gc,heap       ] GC(43) Humongous regions: 0->0
[2023-11-14T21:50:53.754+0000][2904.912s][info ][gc,metaspace  ] GC(43) Metaspace: 153032K(158204K)->153032K(158204K) NonClass: 135288K(138496K)->135288K(138496K) Class: 17743K(19708K)->17743K(19708K)
[2023-11-14T21:50:53.754+0000][2904.912s][info ][gc            ] GC(43) Pause Young (Normal) (G1 Evacuation Pause) 609M->144M(824M) 41.131ms
[2023-11-14T21:50:53.754+0000][2904.912s][info ][gc,cpu        ] GC(43) User=0.15s Sys=0.00s Real=0.04s
[2023-11-14T21:50:53.754+0000][2904.912s][info ][safepoint     ] Leaving safepoint region
[2023-11-14T21:50:53.754+0000][2904.912s][info ][safepoint     ] Total time for which application threads were stopped: 0.0417499 seconds, Stopping threads took: 0.0001986 seconds
[2023-11-14T21:50:53.754+0000][2904.912s][info ][gc,stringdedup] Concurrent String Deduplication (2904.912s)
[2023-11-14T21:50:53.755+0000][2904.913s][info ][gc,stringdedup] Concurrent String Deduplication 35032.0B->360.0B(34672.0B) avg 53.9% (2904.912s, 2904.913s) 0.265ms
[2023-11-14T21:51:15.756+0000][2926.914s][debug][safepoint     ] Safepoint synchronization initiated. (162 threads)
[2023-11-14T21:51:15.756+0000][2926.914s][info ][safepoint     ] Application time: 22.0020414 seconds
[2023-11-14T21:51:15.756+0000][2926.914s][info ][safepoint     ] Entering safepoint region: Cleanup
[2023-11-14T21:51:15.757+0000][2926.915s][info ][safepoint     ] Leaving safepoint region
[2023-11-14T21:51:15.757+0000][2926.915s][info ][safepoint     ] Total time for which application threads were stopped: 0.0003306 seconds, Stopping threads took: 0.0000478 seconds
[2023-11-14T21:51:39.759+0000][2950.917s][debug][safepoint     ] Safepoint synchronization initiated. (162 threads)
[2023-11-14T21:51:39.759+0000][2950.917s][info ][safepoint     ] Application time: 24.0022821 seconds
[2023-11-14T21:51:39.759+0000][2950.917s][info ][safepoint     ] Entering safepoint region: Cleanup
[2023-11-14T21:51:39.759+0000][2950.917s][info ][safepoint     ] Leaving safepoint region
[2023-11-14T21:51:39.759+0000][2950.917s][info ][safepoint     ] Total time for which application threads were stopped: 0.0003355 seconds, Stopping threads took: 0.0000505 seconds
[2023-11-14T21:52:04.762+0000][2975.920s][debug][safepoint     ] Safepoint synchronization initiated. (162 threads)
[2023-11-14T21:52:04.762+0000][2975.920s][info ][safepoint     ] Application time: 25.0022283 seconds
[2023-11-14T21:52:04.762+0000][2975.920s][info ][safepoint     ] Entering safepoint region: Cleanup
[2023-11-14T21:52:04.762+0000][2975.920s][info ][safepoint     ] Leaving safepoint region
[2023-11-14T21:52:04.762+0000][2975.920s][info ][safepoint     ] Total time for which application threads were stopped: 0.0002727 seconds, Stopping threads took: 0.0000572 seconds
[2023-11-14T21:52:56.766+0000][3027.924s][debug][safepoint     ] Safepoint synchronization initiated. (162 threads)
[2023-11-14T21:52:56.766+0000][3027.924s][info ][safepoint     ] Application time: 52.0042969 seconds
[2023-11-14T21:52:56.766+0000][3027.924s][info ][safepoint     ] Entering safepoint region: Cleanup
[2023-11-14T21:52:56.766+0000][3027.924s][info ][safepoint     ] Leaving safepoint region
[2023-11-14T21:52:56.766+0000][3027.924s][info ][safepoint     ] Total time for which application threads were stopped: 0.0001982 seconds, Stopping threads took: 0.0000320 seconds
[2023-11-14T21:53:31.769+0000][3062.928s][debug][safepoint     ] Safepoint synchronization initiated. (162 threads)
[2023-11-14T21:53:31.770+0000][3062.928s][info ][safepoint     ] Application time: 35.0030967 seconds
[2023-11-14T21:53:31.770+0000][3062.928s][info ][safepoint     ] Entering safepoint region: Cleanup
[2023-11-14T21:53:31.770+0000][3062.928s][info ][safepoint     ] Leaving safepoint region
[2023-11-14T21:53:31.770+0000][3062.928s][info ][safepoint     ] Total time for which application threads were stopped: 0.0003335 seconds, Stopping threads took: 0.0000306 seconds
[2023-11-14T21:53:56.772+0000][3087.930s][debug][safepoint     ] Safepoint synchronization initiated. (162 threads)
[2023-11-14T21:53:56.772+0000][3087.930s][info ][safepoint     ] Application time: 25.0021702 seconds
[2023-11-14T21:53:56.772+0000][3087.930s][info ][safepoint     ] Entering safepoint region: Cleanup
[2023-11-14T21:53:56.772+0000][3087.930s][info ][safepoint     ] Leaving safepoint region
[2023-11-14T21:53:56.772+0000][3087.930s][info ][safepoint     ] Total time for which application threads were stopped: 0.0001679 seconds, Stopping threads took: 0.0000313 seconds
[2023-11-14T21:54:15.774+0000][3106.932s][debug][safepoint     ] Safepoint synchronization initiated. (162 threads)
[2023-11-14T21:54:15.774+0000][3106.932s][info ][safepoint     ] Application time: 19.0017114 seconds
[2023-11-14T21:54:15.774+0000][3106.932s][info ][safepoint     ] Entering safepoint region: Cleanup
[2023-11-14T21:54:15.774+0000][3106.932s][info ][safepoint     ] Leaving safepoint region
[2023-11-14T21:54:15.774+0000][3106.932s][info ][safepoint     ] Total time for which application threads were stopped: 0.0001948 seconds, Stopping threads took: 0.0000309 seconds
[2023-11-14T21:54:55.778+0000][3146.936s][debug][safepoint     ] Safepoint synchronization initiated. (162 threads)
[2023-11-14T21:54:55.778+0000][3146.936s][info ][safepoint     ] Application time: 40.0038529 seconds
[2023-11-14T21:54:55.778+0000][3146.936s][info ][safepoint     ] Entering safepoint region: Cleanup
[2023-11-14T21:54:55.778+0000][3146.936s][info ][safepoint     ] Leaving safepoint region
[2023-11-14T21:54:55.778+0000][3146.936s][info ][safepoint     ] Total time for which application threads were stopped: 0.0001555 seconds, Stopping threads took: 0.0000300 seconds
[2023-11-14T21:54:56.778+0000][3147.936s][debug][safepoint     ] Safepoint synchronization initiated. (162 threads)
[2023-11-14T21:54:56.778+0000][3147.936s][info ][safepoint     ] Application time: 1.0001729 seconds
[2023-11-14T21:54:56.778+0000][3147.936s][info ][safepoint     ] Entering safepoint region: Cleanup
[2023-11-14T21:54:56.779+0000][3147.937s][info ][safepoint     ] Leaving safepoint region
[2023-11-14T21:54:56.779+0000][3147.937s][info ][safepoint     ] Total time for which application threads were stopped: 0.0003139 seconds, Stopping threads took: 0.0000304 seconds
[2023-11-14T21:54:57.779+0000][3148.937s][debug][safepoint     ] Safepoint synchronization initiated. (162 threads)
[2023-11-14T21:54:57.779+0000][3148.937s][info ][safepoint     ] Application time: 1.0001535 seconds
[2023-11-14T21:54:57.779+0000][3148.937s][info ][safepoint     ] Entering safepoint region: Cleanup
[2023-11-14T21:54:57.779+0000][3148.937s][info ][safepoint     ] Leaving safepoint region
[2023-11-14T21:54:57.779+0000][3148.937s][info ][safepoint     ] Total time for which application threads were stopped: 0.0003153 seconds, Stopping threads took: 0.0000309 seconds
[2023-11-14T21:55:58.785+0000][3209.943s][debug][safepoint     ] Safepoint synchronization initiated. (162 threads)
[2023-11-14T21:55:58.785+0000][3209.943s][info ][safepoint     ] Application time: 61.0058890 seconds
[2023-11-14T21:55:58.785+0000][3209.943s][info ][safepoint     ] Entering safepoint region: Cleanup
[2023-11-14T21:55:58.785+0000][3209.943s][info ][safepoint     ] Leaving safepoint region
[2023-11-14T21:55:58.785+0000][3209.944s][info ][safepoint     ] Total time for which application threads were stopped: 0.0003299 seconds, Stopping threads took: 0.0000502 seconds
[2023-11-14T21:56:24.788+0000][3235.946s][debug][safepoint     ] Safepoint synchronization initiated. (162 threads)
[2023-11-14T21:56:24.788+0000][3235.946s][info ][safepoint     ] Application time: 26.0024929 seconds
[2023-11-14T21:56:24.788+0000][3235.946s][info ][safepoint     ] Entering safepoint region: Cleanup
[2023-11-14T21:56:24.789+0000][3235.947s][info ][safepoint     ] Leaving safepoint region
[2023-11-14T21:56:24.789+0000][3235.947s][info ][safepoint     ] Total time for which application threads were stopped: 0.0006119 seconds, Stopping threads took: 0.0002670 seconds
[2023-11-14T21:57:00.792+0000][3271.950s][debug][safepoint     ] Safepoint synchronization initiated. (162 threads)
[2023-11-14T21:57:00.792+0000][3271.950s][info ][safepoint     ] Application time: 36.0032107 seconds
[2023-11-14T21:57:00.792+0000][3271.950s][info ][safepoint     ] Entering safepoint region: Cleanup
[2023-11-14T21:57:00.792+0000][3271.950s][info ][safepoint     ] Leaving safepoint region
[2023-11-14T21:57:00.792+0000][3271.950s][info ][safepoint     ] Total time for which application threads were stopped: 0.0002725 seconds, Stopping threads took: 0.0000520 seconds
[2023-11-14T21:57:13.793+0000][3284.951s][debug][safepoint     ] Safepoint synchronization initiated. (162 threads)
[2023-11-14T21:57:13.793+0000][3284.951s][info ][safepoint     ] Application time: 13.0012875 seconds
[2023-11-14T21:57:13.793+0000][3284.952s][info ][safepoint     ] Entering safepoint region: Cleanup
[2023-11-14T21:57:13.794+0000][3284.952s][info ][safepoint     ] Leaving safepoint region
[2023-11-14T21:57:13.794+0000][3284.952s][info ][safepoint     ] Total time for which application threads were stopped: 0.0002512 seconds, Stopping threads took: 0.0000579 seconds
[2023-11-14T21:57:15.794+0000][3286.952s][debug][safepoint     ] Safepoint synchronization initiated. (162 threads)
[2023-11-14T21:57:15.794+0000][3286.952s][info ][safepoint     ] Application time: 2.0002362 seconds
[2023-11-14T21:57:15.794+0000][3286.952s][info ][safepoint     ] Entering safepoint region: Cleanup
[2023-11-14T21:57:15.794+0000][3286.952s][info ][safepoint     ] Leaving safepoint region
[2023-11-14T21:57:15.794+0000][3286.952s][info ][safepoint     ] Total time for which application threads were stopped: 0.0002996 seconds, Stopping threads took: 0.0000482 seconds
[2023-11-14T21:57:50.797+0000][3321.956s][debug][safepoint     ] Safepoint synchronization initiated. (162 threads)
[2023-11-14T21:57:50.798+0000][3321.956s][info ][safepoint     ] Application time: 35.0032333 seconds
[2023-11-14T21:57:50.798+0000][3321.956s][info ][safepoint     ] Entering safepoint region: Cleanup
[2023-11-14T21:57:50.798+0000][3321.956s][info ][safepoint     ] Leaving safepoint region
[2023-11-14T21:57:50.798+0000][3321.956s][info ][safepoint     ] Total time for which application threads were stopped: 0.0003379 seconds, Stopping threads took: 0.0000521 seconds
[2023-11-14T21:59:01.804+0000][3392.962s][debug][safepoint     ] Safepoint synchronization initiated. (162 threads)
[2023-11-14T21:59:01.804+0000][3392.962s][info ][safepoint     ] Application time: 71.0061933 seconds
[2023-11-14T21:59:01.804+0000][3392.962s][info ][safepoint     ] Entering safepoint region: Cleanup
[2023-11-14T21:59:01.804+0000][3392.962s][info ][safepoint     ] Leaving safepoint region
[2023-11-14T21:59:01.804+0000][3392.962s][info ][safepoint     ] Total time for which application threads were stopped: 0.0003232 seconds, Stopping threads took: 0.0000451 seconds
[2023-11-14T21:59:11.195+0000][3402.353s][debug][safepoint     ] Safepoint synchronization initiated. (162 threads)
[2023-11-14T21:59:11.195+0000][3402.353s][info ][safepoint     ] Application time: 9.3904743 seconds
[2023-11-14T21:59:11.195+0000][3402.353s][info ][safepoint     ] Entering safepoint region: G1CollectForAllocation
[2023-11-14T21:59:11.195+0000][3402.353s][info ][gc,start      ] GC(44) Pause Young (Normal) (G1 Evacuation Pause)
[2023-11-14T21:59:11.195+0000][3402.353s][info ][gc,task       ] GC(44) Using 4 workers of 4 for evacuation
[2023-11-14T21:59:11.237+0000][3402.395s][info ][gc,phases     ] GC(44)   Pre Evacuate Collection Set: 0.0ms
[2023-11-14T21:59:11.237+0000][3402.395s][info ][gc,phases     ] GC(44)   Evacuate Collection Set: 37.0ms
[2023-11-14T21:59:11.237+0000][3402.395s][info ][gc,phases     ] GC(44)   Post Evacuate Collection Set: 4.6ms
[2023-11-14T21:59:11.237+0000][3402.395s][info ][gc,phases     ] GC(44)   Other: 0.4ms
[2023-11-14T21:59:11.237+0000][3402.395s][info ][gc,heap       ] GC(44) Eden regions: 464->0(475)
[2023-11-14T21:59:11.237+0000][3402.395s][info ][gc,heap       ] GC(44) Survivor regions: 30->19(62)
[2023-11-14T21:59:11.237+0000][3402.395s][info ][gc,heap       ] GC(44) Old regions: 117->129
[2023-11-14T21:59:11.237+0000][3402.395s][info ][gc,heap       ] GC(44) Humongous regions: 0->0
[2023-11-14T21:59:11.237+0000][3402.395s][info ][gc,metaspace  ] GC(44) Metaspace: 153156K(158204K)->153156K(158204K) NonClass: 135411K(138496K)->135411K(138496K) Class: 17745K(19708K)->17745K(19708K)
[2023-11-14T21:59:11.237+0000][3402.396s][info ][gc            ] GC(44) Pause Young (Normal) (G1 Evacuation Pause) 608M->145M(824M) 42.229ms
[2023-11-14T21:59:11.238+0000][3402.396s][info ][gc,cpu        ] GC(44) User=0.16s Sys=0.00s Real=0.04s
[2023-11-14T21:59:11.238+0000][3402.396s][info ][safepoint     ] Leaving safepoint region
[2023-11-14T21:59:11.238+0000][3402.396s][info ][safepoint     ] Total time for which application threads were stopped: 0.0426265 seconds, Stopping threads took: 0.0000728 seconds
[2023-11-14T21:59:11.238+0000][3402.396s][info ][gc,stringdedup] Concurrent String Deduplication (3402.396s)
[2023-11-14T21:59:11.238+0000][3402.396s][info ][gc,stringdedup] Concurrent String Deduplication 872.0B->552.0B(320.0B) avg 53.9% (3402.396s, 3402.396s) 0.056ms
[2023-11-14T22:00:16.243+0000][3467.401s][debug][safepoint     ] Safepoint synchronization initiated. (162 threads)
[2023-11-14T22:00:16.243+0000][3467.401s][info ][safepoint     ] Application time: 65.0056446 seconds
[2023-11-14T22:00:16.243+0000][3467.401s][info ][safepoint     ] Entering safepoint region: Cleanup
[2023-11-14T22:00:16.244+0000][3467.402s][info ][safepoint     ] Leaving safepoint region
[2023-11-14T22:00:16.244+0000][3467.402s][info ][safepoint     ] Total time for which application threads were stopped: 0.0003290 seconds, Stopping threads took: 0.0000482 seconds
[2023-11-14T22:00:56.247+0000][3507.405s][debug][safepoint     ] Safepoint synchronization initiated. (162 threads)
[2023-11-14T22:00:56.247+0000][3507.405s][info ][safepoint     ] Application time: 40.0036003 seconds
[2023-11-14T22:00:56.247+0000][3507.405s][info ][safepoint     ] Entering safepoint region: Cleanup
[2023-11-14T22:00:56.247+0000][3507.405s][info ][safepoint     ] Leaving safepoint region
[2023-11-14T22:00:56.247+0000][3507.406s][info ][safepoint     ] Total time for which application threads were stopped: 0.0002667 seconds, Stopping threads took: 0.0000457 seconds
[2023-11-14T22:00:59.248+0000][3510.406s][debug][safepoint     ] Safepoint synchronization initiated. (162 threads)
[2023-11-14T22:00:59.248+0000][3510.406s][info ][safepoint     ] Application time: 3.0002948 seconds
[2023-11-14T22:00:59.248+0000][3510.406s][info ][safepoint     ] Entering safepoint region: Cleanup
[2023-11-14T22:00:59.248+0000][3510.406s][info ][safepoint     ] Leaving safepoint region
[2023-11-14T22:00:59.248+0000][3510.406s][info ][safepoint     ] Total time for which application threads were stopped: 0.0002907 seconds, Stopping threads took: 0.0000459 seconds
[2023-11-14T22:01:03.248+0000][3514.407s][debug][safepoint     ] Safepoint synchronization initiated. (162 threads)
[2023-11-14T22:01:03.249+0000][3514.407s][info ][safepoint     ] Application time: 4.0004513 seconds
[2023-11-14T22:01:03.249+0000][3514.407s][info ][safepoint     ] Entering safepoint region: Cleanup
[2023-11-14T22:01:03.249+0000][3514.407s][info ][safepoint     ] Leaving safepoint region
[2023-11-14T22:01:03.249+0000][3514.407s][info ][safepoint     ] Total time for which application threads were stopped: 0.0002950 seconds, Stopping threads took: 0.0000704 seconds
[2023-11-14T22:01:16.250+0000][3527.408s][debug][safepoint     ] Safepoint synchronization initiated. (162 threads)
[2023-11-14T22:01:16.250+0000][3527.408s][info ][safepoint     ] Application time: 13.0012309 seconds
[2023-11-14T22:01:16.250+0000][3527.408s][info ][safepoint     ] Entering safepoint region: Cleanup
[2023-11-14T22:01:16.250+0000][3527.408s][info ][safepoint     ] Leaving safepoint region
[2023-11-14T22:01:16.250+0000][3527.409s][info ][safepoint     ] Total time for which application threads were stopped: 0.0003115 seconds, Stopping threads took: 0.0000471 seconds
[2023-11-14T22:01:22.251+0000][3533.409s][debug][safepoint     ] Safepoint synchronization initiated. (164 threads)
[2023-11-14T22:01:22.251+0000][3533.409s][info ][safepoint     ] Application time: 6.0005538 seconds
[2023-11-14T22:01:22.251+0000][3533.409s][info ][safepoint     ] Entering safepoint region: Cleanup
[2023-11-14T22:01:22.251+0000][3533.409s][info ][safepoint     ] Leaving safepoint region
[2023-11-14T22:01:22.251+0000][3533.409s][info ][safepoint     ] Total time for which application threads were stopped: 0.0003378 seconds, Stopping threads took: 0.0000479 seconds
[2023-11-14T22:02:00.255+0000][3571.413s][debug][safepoint     ] Safepoint synchronization initiated. (163 threads)
[2023-11-14T22:02:00.255+0000][3571.413s][info ][safepoint     ] Application time: 38.0033854 seconds
[2023-11-14T22:02:00.255+0000][3571.413s][info ][safepoint     ] Entering safepoint region: Cleanup
[2023-11-14T22:02:00.255+0000][3571.413s][info ][safepoint     ] Leaving safepoint region
[2023-11-14T22:02:00.255+0000][3571.413s][info ][safepoint     ] Total time for which application threads were stopped: 0.0003300 seconds, Stopping threads took: 0.0000475 seconds
[2023-11-14T22:02:10.256+0000][3581.414s][debug][safepoint     ] Safepoint synchronization initiated. (164 threads)
[2023-11-14T22:02:10.256+0000][3581.414s][info ][safepoint     ] Application time: 10.0009415 seconds
[2023-11-14T22:02:10.256+0000][3581.414s][info ][safepoint     ] Entering safepoint region: Cleanup
[2023-11-14T22:02:10.256+0000][3581.414s][info ][safepoint     ] Leaving safepoint region
[2023-11-14T22:02:10.256+0000][3581.415s][info ][safepoint     ] Total time for which application threads were stopped: 0.0003412 seconds, Stopping threads took: 0.0000494 seconds
[2023-11-14T22:02:33.259+0000][3604.417s][debug][safepoint     ] Safepoint synchronization initiated. (163 threads)
[2023-11-14T22:02:33.259+0000][3604.417s][info ][safepoint     ] Application time: 23.0021976 seconds
[2023-11-14T22:02:33.259+0000][3604.417s][info ][safepoint     ] Entering safepoint region: Cleanup
[2023-11-14T22:02:33.259+0000][3604.417s][info ][safepoint     ] Leaving safepoint region
[2023-11-14T22:02:33.259+0000][3604.417s][info ][safepoint     ] Total time for which application threads were stopped: 0.0003290 seconds, Stopping threads took: 0.0000462 seconds
[2023-11-14T22:03:05.262+0000][3636.420s][debug][safepoint     ] Safepoint synchronization initiated. (161 threads)
[2023-11-14T22:03:05.262+0000][3636.420s][info ][safepoint     ] Application time: 32.0028416 seconds
[2023-11-14T22:03:05.262+0000][3636.420s][info ][safepoint     ] Entering safepoint region: Cleanup
[2023-11-14T22:03:05.262+0000][3636.420s][info ][safepoint     ] Leaving safepoint region
[2023-11-14T22:03:05.262+0000][3636.420s][info ][safepoint     ] Total time for which application threads were stopped: 0.0003190 seconds, Stopping threads took: 0.0000497 seconds
[2023-11-14T22:03:06.262+0000][3637.420s][debug][safepoint     ] Safepoint synchronization initiated. (161 threads)
[2023-11-14T22:03:06.262+0000][3637.420s][info ][safepoint     ] Application time: 1.0001671 seconds
[2023-11-14T22:03:06.262+0000][3637.421s][info ][safepoint     ] Entering safepoint region: Cleanup
[2023-11-14T22:03:06.263+0000][3637.421s][info ][safepoint     ] Leaving safepoint region
[2023-11-14T22:03:06.263+0000][3637.421s][info ][safepoint     ] Total time for which application threads were stopped: 0.0003797 seconds, Stopping threads took: 0.0000659 seconds
[2023-11-14T22:03:16.264+0000][3647.422s][debug][safepoint     ] Safepoint synchronization initiated. (161 threads)
[2023-11-14T22:03:16.264+0000][3647.422s][info ][safepoint     ] Application time: 10.0009002 seconds
[2023-11-14T22:03:16.264+0000][3647.422s][info ][safepoint     ] Entering safepoint region: Cleanup
[2023-11-14T22:03:16.264+0000][3647.422s][info ][safepoint     ] Leaving safepoint region
[2023-11-14T22:03:16.264+0000][3647.422s][info ][safepoint     ] Total time for which application threads were stopped: 0.0003289 seconds, Stopping threads took: 0.0000474 seconds
[2023-11-14T22:03:29.265+0000][3660.423s][debug][safepoint     ] Safepoint synchronization initiated. (161 threads)
[2023-11-14T22:03:29.265+0000][3660.423s][info ][safepoint     ] Application time: 13.0013225 seconds
[2023-11-14T22:03:29.265+0000][3660.424s][info ][safepoint     ] Entering safepoint region: Cleanup
[2023-11-14T22:03:29.266+0000][3660.424s][info ][safepoint     ] Leaving safepoint region
[2023-11-14T22:03:29.266+0000][3660.424s][info ][safepoint     ] Total time for which application threads were stopped: 0.0002466 seconds, Stopping threads took: 0.0000484 seconds
[2023-11-14T22:03:36.266+0000][3667.424s][debug][safepoint     ] Safepoint synchronization initiated. (162 threads)
[2023-11-14T22:03:36.266+0000][3667.424s][info ][safepoint     ] Application time: 7.0007419 seconds
[2023-11-14T22:03:36.266+0000][3667.425s][info ][safepoint     ] Entering safepoint region: Cleanup
[2023-11-14T22:03:36.267+0000][3667.425s][info ][safepoint     ] Leaving safepoint region
[2023-11-14T22:03:36.267+0000][3667.425s][info ][safepoint     ] Total time for which application threads were stopped: 0.0003334 seconds, Stopping threads took: 0.0000495 seconds
[2023-11-14T22:04:16.270+0000][3707.428s][debug][safepoint     ] Safepoint synchronization initiated. (162 threads)
[2023-11-14T22:04:16.270+0000][3707.428s][info ][safepoint     ] Application time: 40.0036032 seconds
[2023-11-14T22:04:16.270+0000][3707.429s][info ][safepoint     ] Entering safepoint region: Cleanup
[2023-11-14T22:04:16.271+0000][3707.429s][info ][safepoint     ] Leaving safepoint region
[2023-11-14T22:04:16.271+0000][3707.429s][info ][safepoint     ] Total time for which application threads were stopped: 0.0003324 seconds, Stopping threads took: 0.0000475 seconds
[2023-11-14T22:05:37.278+0000][3788.436s][debug][safepoint     ] Safepoint synchronization initiated. (162 threads)
[2023-11-14T22:05:37.278+0000][3788.436s][info ][safepoint     ] Application time: 81.0071067 seconds
[2023-11-14T22:05:37.278+0000][3788.436s][info ][safepoint     ] Entering safepoint region: Cleanup
[2023-11-14T22:05:37.278+0000][3788.436s][info ][safepoint     ] Leaving safepoint region
[2023-11-14T22:05:37.278+0000][3788.436s][info ][safepoint     ] Total time for which application threads were stopped: 0.0003309 seconds, Stopping threads took: 0.0000489 seconds
[2023-11-14T22:06:09.281+0000][3820.439s][debug][safepoint     ] Safepoint synchronization initiated. (162 threads)
[2023-11-14T22:06:09.281+0000][3820.439s][info ][safepoint     ] Application time: 32.0029540 seconds
[2023-11-14T22:06:09.281+0000][3820.439s][info ][safepoint     ] Entering safepoint region: Cleanup
[2023-11-14T22:06:09.281+0000][3820.440s][info ][safepoint     ] Leaving safepoint region
[2023-11-14T22:06:09.282+0000][3820.440s][info ][safepoint     ] Total time for which application threads were stopped: 0.0003161 seconds, Stopping threads took: 0.0000456 seconds
[2023-11-14T22:06:16.282+0000][3827.440s][debug][safepoint     ] Safepoint synchronization initiated. (162 threads)
[2023-11-14T22:06:16.282+0000][3827.440s][info ][safepoint     ] Application time: 7.0007381 seconds
[2023-11-14T22:06:16.282+0000][3827.440s][info ][safepoint     ] Entering safepoint region: Cleanup
[2023-11-14T22:06:16.283+0000][3827.441s][info ][safepoint     ] Leaving safepoint region
[2023-11-14T22:06:16.283+0000][3827.441s][info ][safepoint     ] Total time for which application threads were stopped: 0.0003453 seconds, Stopping threads took: 0.0000684 seconds
[2023-11-14T22:06:29.284+0000][3840.442s][debug][safepoint     ] Safepoint synchronization initiated. (162 threads)
[2023-11-14T22:06:29.284+0000][3840.442s][info ][safepoint     ] Application time: 13.0012910 seconds
[2023-11-14T22:06:29.284+0000][3840.442s][info ][safepoint     ] Entering safepoint region: Cleanup
[2023-11-14T22:06:29.284+0000][3840.442s][info ][safepoint     ] Leaving safepoint region
[2023-11-14T22:06:29.284+0000][3840.442s][info ][safepoint     ] Total time for which application threads were stopped: 0.0003431 seconds, Stopping threads took: 0.0000694 seconds
[2023-11-14T22:06:42.285+0000][3853.444s][debug][safepoint     ] Safepoint synchronization initiated. (162 threads)
[2023-11-14T22:06:42.286+0000][3853.444s][info ][safepoint     ] Application time: 13.0011927 seconds
[2023-11-14T22:06:42.286+0000][3853.444s][info ][safepoint     ] Entering safepoint region: Cleanup
[2023-11-14T22:06:42.286+0000][3853.444s][info ][safepoint     ] Leaving safepoint region
[2023-11-14T22:06:42.286+0000][3853.444s][info ][safepoint     ] Total time for which application threads were stopped: 0.0002824 seconds, Stopping threads took: 0.0000513 seconds
[2023-11-14T22:07:06.288+0000][3877.446s][debug][safepoint     ] Safepoint synchronization initiated. (162 threads)
[2023-11-14T22:07:06.288+0000][3877.446s][info ][safepoint     ] Application time: 24.0019958 seconds
[2023-11-14T22:07:06.288+0000][3877.446s][info ][safepoint     ] Entering safepoint region: Cleanup
[2023-11-14T22:07:06.288+0000][3877.446s][info ][safepoint     ] Leaving safepoint region
[2023-11-14T22:07:06.288+0000][3877.446s][info ][safepoint     ] Total time for which application threads were stopped: 0.0002779 seconds, Stopping threads took: 0.0000466 seconds
[2023-11-14T22:07:10.289+0000][3881.447s][debug][safepoint     ] Safepoint synchronization initiated. (162 threads)
[2023-11-14T22:07:10.289+0000][3881.447s][info ][safepoint     ] Application time: 4.0003984 seconds
[2023-11-14T22:07:10.289+0000][3881.447s][info ][safepoint     ] Entering safepoint region: Cleanup
[2023-11-14T22:07:10.289+0000][3881.447s][info ][safepoint     ] Leaving safepoint region
[2023-11-14T22:07:10.289+0000][3881.447s][info ][safepoint     ] Total time for which application threads were stopped: 0.0003688 seconds, Stopping threads took: 0.0000503 seconds
[2023-11-14T22:07:38.060+0000][3909.218s][debug][safepoint     ] Safepoint synchronization initiated. (162 threads)
[2023-11-14T22:07:38.060+0000][3909.218s][info ][safepoint     ] Application time: 27.7713707 seconds
[2023-11-14T22:07:38.060+0000][3909.218s][info ][safepoint     ] Entering safepoint region: G1CollectForAllocation
[2023-11-14T22:07:38.061+0000][3909.219s][info ][gc,start      ] GC(45) Pause Young (Normal) (G1 Evacuation Pause)
[2023-11-14T22:07:38.061+0000][3909.219s][info ][gc,task       ] GC(45) Using 4 workers of 4 for evacuation
[2023-11-14T22:07:38.078+0000][3909.236s][info ][gc,phases     ] GC(45)   Pre Evacuate Collection Set: 0.0ms
[2023-11-14T22:07:38.078+0000][3909.236s][info ][gc,phases     ] GC(45)   Evacuate Collection Set: 12.5ms
[2023-11-14T22:07:38.078+0000][3909.236s][info ][gc,phases     ] GC(45)   Post Evacuate Collection Set: 4.0ms
[2023-11-14T22:07:38.078+0000][3909.236s][info ][gc,phases     ] GC(45)   Other: 0.4ms
[2023-11-14T22:07:38.078+0000][3909.236s][info ][gc,heap       ] GC(45) Eden regions: 475->0(480)
[2023-11-14T22:07:38.078+0000][3909.236s][info ][gc,heap       ] GC(45) Survivor regions: 19->14(62)
[2023-11-14T22:07:38.078+0000][3909.236s][info ][gc,heap       ] GC(45) Old regions: 129->135
[2023-11-14T22:07:38.078+0000][3909.236s][info ][gc,heap       ] GC(45) Humongous regions: 0->0
[2023-11-14T22:07:38.078+0000][3909.236s][info ][gc,metaspace  ] GC(45) Metaspace: 153282K(158204K)->153282K(158204K) NonClass: 135534K(138496K)->135534K(138496K) Class: 17747K(19708K)->17747K(19708K)
[2023-11-14T22:07:38.078+0000][3909.236s][info ][gc            ] GC(45) Pause Young (Normal) (G1 Evacuation Pause) 620M->147M(824M) 17.131ms
[2023-11-14T22:07:38.078+0000][3909.236s][info ][gc,cpu        ] GC(45) User=0.06s Sys=0.00s Real=0.01s
[2023-11-14T22:07:38.078+0000][3909.236s][info ][safepoint     ] Leaving safepoint region
[2023-11-14T22:07:38.078+0000][3909.236s][info ][safepoint     ] Total time for which application threads were stopped: 0.0175654 seconds, Stopping threads took: 0.0000509 seconds
[2023-11-14T22:07:38.078+0000][3909.236s][info ][gc,stringdedup] Concurrent String Deduplication (3909.236s)
[2023-11-14T22:07:38.078+0000][3909.236s][info ][gc,stringdedup] Concurrent String Deduplication 0.0B->0.0B(0.0B) avg 53.9% (3909.236s, 3909.236s) 0.070ms
[2023-11-14T22:07:56.080+0000][3927.238s][debug][safepoint     ] Safepoint synchronization initiated. (162 threads)
[2023-11-14T22:07:56.080+0000][3927.238s][info ][safepoint     ] Application time: 18.0016875 seconds
[2023-11-14T22:07:56.080+0000][3927.238s][info ][safepoint     ] Entering safepoint region: Cleanup
[2023-11-14T22:07:56.080+0000][3927.238s][info ][safepoint     ] Leaving safepoint region
[2023-11-14T22:07:56.080+0000][3927.238s][info ][safepoint     ] Total time for which application threads were stopped: 0.0003293 seconds, Stopping threads took: 0.0000476 seconds
[2023-11-14T22:08:11.081+0000][3942.239s][debug][safepoint     ] Safepoint synchronization initiated. (162 threads)
[2023-11-14T22:08:11.081+0000][3942.240s][info ][safepoint     ] Application time: 15.0014926 seconds
[2023-11-14T22:08:11.082+0000][3942.240s][info ][safepoint     ] Entering safepoint region: Cleanup
[2023-11-14T22:08:11.082+0000][3942.240s][info ][safepoint     ] Leaving safepoint region
[2023-11-14T22:08:11.082+0000][3942.240s][info ][safepoint     ] Total time for which application threads were stopped: 0.0002514 seconds, Stopping threads took: 0.0000495 seconds
[2023-11-14T22:09:12.087+0000][4003.245s][debug][safepoint     ] Safepoint synchronization initiated. (162 threads)
[2023-11-14T22:09:12.087+0000][4003.245s][info ][safepoint     ] Application time: 61.0056230 seconds
[2023-11-14T22:09:12.087+0000][4003.246s][info ][safepoint     ] Entering safepoint region: Cleanup
[2023-11-14T22:09:12.088+0000][4003.246s][info ][safepoint     ] Leaving safepoint region
[2023-11-14T22:09:12.088+0000][4003.246s][info ][safepoint     ] Total time for which application threads were stopped: 0.0003975 seconds, Stopping threads took: 0.0000777 seconds
[2023-11-14T22:09:16.088+0000][4007.246s][debug][safepoint     ] Safepoint synchronization initiated. (162 threads)
[2023-11-14T22:09:16.088+0000][4007.246s][info ][safepoint     ] Application time: 4.0004272 seconds
[2023-11-14T22:09:16.088+0000][4007.246s][info ][safepoint     ] Entering safepoint region: Cleanup
[2023-11-14T22:09:16.089+0000][4007.247s][info ][safepoint     ] Leaving safepoint region
[2023-11-14T22:09:16.089+0000][4007.247s][info ][safepoint     ] Total time for which application threads were stopped: 0.0002910 seconds, Stopping threads took: 0.0000502 seconds
[2023-11-14T22:09:22.089+0000][4013.247s][debug][safepoint     ] Safepoint synchronization initiated. (162 threads)
[2023-11-14T22:09:22.089+0000][4013.247s][info ][safepoint     ] Application time: 6.0006580 seconds
[2023-11-14T22:09:22.089+0000][4013.247s][info ][safepoint     ] Entering safepoint region: Cleanup
[2023-11-14T22:09:22.089+0000][4013.248s][info ][safepoint     ] Leaving safepoint region
[2023-11-14T22:09:22.090+0000][4013.248s][info ][safepoint     ] Total time for which application threads were stopped: 0.0002785 seconds, Stopping threads took: 0.0000502 seconds
[2023-11-14T22:10:20.095+0000][4071.253s][debug][safepoint     ] Safepoint synchronization initiated. (162 threads)
[2023-11-14T22:10:20.095+0000][4071.253s][info ][safepoint     ] Application time: 58.0051572 seconds
[2023-11-14T22:10:20.095+0000][4071.253s][info ][safepoint     ] Entering safepoint region: Cleanup
[2023-11-14T22:10:20.095+0000][4071.253s][info ][safepoint     ] Leaving safepoint region
[2023-11-14T22:10:20.095+0000][4071.253s][info ][safepoint     ] Total time for which application threads were stopped: 0.0002638 seconds, Stopping threads took: 0.0000692 seconds
[2023-11-14T22:11:16.100+0000][4127.258s][debug][safepoint     ] Safepoint synchronization initiated. (162 threads)
[2023-11-14T22:11:16.100+0000][4127.258s][info ][safepoint     ] Application time: 56.0047766 seconds
[2023-11-14T22:11:16.100+0000][4127.258s][info ][safepoint     ] Entering safepoint region: Cleanup
[2023-11-14T22:11:16.100+0000][4127.258s][info ][safepoint     ] Leaving safepoint region
[2023-11-14T22:11:16.100+0000][4127.258s][info ][safepoint     ] Total time for which application threads were stopped: 0.0003327 seconds, Stopping threads took: 0.0000486 seconds
[2023-11-14T22:12:15.105+0000][4186.263s][debug][safepoint     ] Safepoint synchronization initiated. (162 threads)
[2023-11-14T22:12:15.105+0000][4186.263s][info ][safepoint     ] Application time: 59.0052428 seconds
[2023-11-14T22:12:15.105+0000][4186.264s][info ][safepoint     ] Entering safepoint region: Cleanup
[2023-11-14T22:12:15.106+0000][4186.264s][info ][safepoint     ] Leaving safepoint region
[2023-11-14T22:12:15.106+0000][4186.264s][info ][safepoint     ] Total time for which application threads were stopped: 0.0003325 seconds, Stopping threads took: 0.0000487 seconds
[2023-11-14T22:12:46.109+0000][4217.267s][debug][safepoint     ] Safepoint synchronization initiated. (162 threads)
[2023-11-14T22:12:46.109+0000][4217.267s][info ][safepoint     ] Application time: 31.0029624 seconds
[2023-11-14T22:12:46.109+0000][4217.267s][info ][safepoint     ] Entering safepoint region: Cleanup
[2023-11-14T22:12:46.109+0000][4217.267s][info ][safepoint     ] Leaving safepoint region
[2023-11-14T22:12:46.109+0000][4217.267s][info ][safepoint     ] Total time for which application threads were stopped: 0.0003239 seconds, Stopping threads took: 0.0000447 seconds
[2023-11-14T22:13:16.112+0000][4247.270s][debug][safepoint     ] Safepoint synchronization initiated. (162 threads)
[2023-11-14T22:13:16.112+0000][4247.270s][info ][safepoint     ] Application time: 30.0028485 seconds
[2023-11-14T22:13:16.112+0000][4247.270s][info ][safepoint     ] Entering safepoint region: Cleanup
[2023-11-14T22:13:16.112+0000][4247.270s][info ][safepoint     ] Leaving safepoint region
[2023-11-14T22:13:16.112+0000][4247.270s][info ][safepoint     ] Total time for which application threads were stopped: 0.0003336 seconds, Stopping threads took: 0.0000487 seconds
[2023-11-14T22:14:16.118+0000][4307.276s][debug][safepoint     ] Safepoint synchronization initiated. (162 threads)
[2023-11-14T22:14:16.118+0000][4307.276s][info ][safepoint     ] Application time: 60.0054658 seconds
[2023-11-14T22:14:16.118+0000][4307.276s][info ][safepoint     ] Entering safepoint region: Cleanup
[2023-11-14T22:14:16.118+0000][4307.276s][info ][safepoint     ] Leaving safepoint region
[2023-11-14T22:14:16.118+0000][4307.276s][info ][safepoint     ] Total time for which application threads were stopped: 0.0003306 seconds, Stopping threads took: 0.0000482 seconds
[2023-11-14T22:14:17.118+0000][4308.276s][debug][safepoint     ] Safepoint synchronization initiated. (162 threads)
[2023-11-14T22:14:17.118+0000][4308.276s][info ][safepoint     ] Application time: 1.0001394 seconds
[2023-11-14T22:14:17.118+0000][4308.276s][info ][safepoint     ] Entering safepoint region: Cleanup
[2023-11-14T22:14:17.119+0000][4308.277s][info ][safepoint     ] Leaving safepoint region
[2023-11-14T22:14:17.119+0000][4308.277s][info ][safepoint     ] Total time for which application threads were stopped: 0.0002525 seconds, Stopping threads took: 0.0000490 seconds
[2023-11-14T22:15:16.124+0000][4367.282s][debug][safepoint     ] Safepoint synchronization initiated. (162 threads)
[2023-11-14T22:15:16.124+0000][4367.282s][info ][safepoint     ] Application time: 59.0052678 seconds
[2023-11-14T22:15:16.124+0000][4367.282s][info ][safepoint     ] Entering safepoint region: Cleanup
[2023-11-14T22:15:16.124+0000][4367.282s][info ][safepoint     ] Leaving safepoint region
[2023-11-14T22:15:16.124+0000][4367.282s][info ][safepoint     ] Total time for which application threads were stopped: 0.0003483 seconds, Stopping threads took: 0.0000694 seconds
[2023-11-14T22:16:14.357+0000][4425.515s][debug][safepoint     ] Safepoint synchronization initiated. (162 threads)
[2023-11-14T22:16:14.357+0000][4425.515s][info ][safepoint     ] Application time: 58.2330562 seconds
[2023-11-14T22:16:14.357+0000][4425.515s][debug][safepoint     ] Waiting for 1 thread(s) to block
[2023-11-14T22:16:14.357+0000][4425.515s][info ][safepoint     ] Entering safepoint region: G1CollectForAllocation
[2023-11-14T22:16:14.358+0000][4425.516s][info ][gc,start      ] GC(46) Pause Young (Normal) (G1 Evacuation Pause)
[2023-11-14T22:16:14.358+0000][4425.516s][info ][gc,task       ] GC(46) Using 4 workers of 4 for evacuation
[2023-11-14T22:16:14.381+0000][4425.540s][info ][gc,phases     ] GC(46)   Pre Evacuate Collection Set: 0.0ms
[2023-11-14T22:16:14.382+0000][4425.540s][info ][gc,phases     ] GC(46)   Evacuate Collection Set: 18.2ms
[2023-11-14T22:16:14.382+0000][4425.540s][info ][gc,phases     ] GC(46)   Post Evacuate Collection Set: 5.2ms
[2023-11-14T22:16:14.382+0000][4425.540s][info ][gc,phases     ] GC(46)   Other: 0.4ms
[2023-11-14T22:16:14.382+0000][4425.540s][info ][gc,heap       ] GC(46) Eden regions: 480->0(485)
[2023-11-14T22:16:14.382+0000][4425.540s][info ][gc,heap       ] GC(46) Survivor regions: 14->9(62)
[2023-11-14T22:16:14.382+0000][4425.540s][info ][gc,heap       ] GC(46) Old regions: 135->140
[2023-11-14T22:16:14.382+0000][4425.540s][info ][gc,heap       ] GC(46) Humongous regions: 0->0
[2023-11-14T22:16:14.382+0000][4425.540s][info ][gc,metaspace  ] GC(46) Metaspace: 153300K(158204K)->153300K(158204K) NonClass: 135552K(138496K)->135552K(138496K) Class: 17748K(19708K)->17748K(19708K)
[2023-11-14T22:16:14.382+0000][4425.540s][info ][gc            ] GC(46) Pause Young (Normal) (G1 Evacuation Pause) 627M->146M(824M) 23.977ms
[2023-11-14T22:16:14.382+0000][4425.540s][info ][gc,cpu        ] GC(46) User=0.09s Sys=0.00s Real=0.03s
[2023-11-14T22:16:14.382+0000][4425.540s][info ][safepoint     ] Leaving safepoint region
[2023-11-14T22:16:14.382+0000][4425.540s][info ][safepoint     ] Total time for which application threads were stopped: 0.0245146 seconds, Stopping threads took: 0.0001457 seconds
[2023-11-14T22:16:14.382+0000][4425.540s][info ][gc,stringdedup] Concurrent String Deduplication (4425.540s)
[2023-11-14T22:16:14.382+0000][4425.540s][info ][gc,stringdedup] Concurrent String Deduplication 1984.0B->632.0B(1352.0B) avg 53.9% (4425.540s, 4425.540s) 0.095ms
[2023-11-14T22:17:56.391+0000][4527.550s][debug][safepoint     ] Safepoint synchronization initiated. (162 threads)
[2023-11-14T22:17:56.392+0000][4527.550s][info ][safepoint     ] Application time: 102.0097436 seconds
[2023-11-14T22:17:56.392+0000][4527.550s][info ][safepoint     ] Entering safepoint region: Cleanup
[2023-11-14T22:17:56.392+0000][4527.550s][info ][safepoint     ] Leaving safepoint region
[2023-11-14T22:17:56.392+0000][4527.550s][info ][safepoint     ] Total time for which application threads were stopped: 0.0003245 seconds, Stopping threads took: 0.0000474 seconds
[2023-11-14T22:18:56.397+0000][4587.555s][debug][safepoint     ] Safepoint synchronization initiated. (162 threads)
[2023-11-14T22:18:56.397+0000][4587.555s][info ][safepoint     ] Application time: 60.0053196 seconds
[2023-11-14T22:18:56.397+0000][4587.555s][info ][safepoint     ] Entering safepoint region: Cleanup
[2023-11-14T22:18:56.398+0000][4587.556s][info ][safepoint     ] Leaving safepoint region
[2023-11-14T22:18:56.398+0000][4587.556s][info ][safepoint     ] Total time for which application threads were stopped: 0.0003272 seconds, Stopping threads took: 0.0000482 seconds
[2023-11-14T22:19:16.399+0000][4607.557s][debug][safepoint     ] Safepoint synchronization initiated. (162 threads)
[2023-11-14T22:19:16.400+0000][4607.558s][info ][safepoint     ] Application time: 20.0019301 seconds
[2023-11-14T22:19:16.400+0000][4607.558s][info ][safepoint     ] Entering safepoint region: Cleanup
[2023-11-14T22:19:16.400+0000][4607.558s][info ][safepoint     ] Leaving safepoint region
[2023-11-14T22:19:16.400+0000][4607.558s][info ][safepoint     ] Total time for which application threads were stopped: 0.0004340 seconds, Stopping threads took: 0.0000510 seconds
[2023-11-14T22:20:16.405+0000][4667.563s][debug][safepoint     ] Safepoint synchronization initiated. (162 threads)
[2023-11-14T22:20:16.405+0000][4667.563s][info ][safepoint     ] Application time: 60.0052451 seconds
[2023-11-14T22:20:16.405+0000][4667.563s][info ][safepoint     ] Entering safepoint region: Cleanup
[2023-11-14T22:20:16.406+0000][4667.564s][info ][safepoint     ] Leaving safepoint region
[2023-11-14T22:20:16.406+0000][4667.564s][info ][safepoint     ] Total time for which application threads were stopped: 0.0002637 seconds, Stopping threads took: 0.0000476 seconds
[2023-11-14T22:20:23.406+0000][4674.564s][debug][safepoint     ] Safepoint synchronization initiated. (162 threads)
[2023-11-14T22:20:23.406+0000][4674.564s][info ][safepoint     ] Application time: 7.0007077 seconds
[2023-11-14T22:20:23.406+0000][4674.564s][info ][safepoint     ] Entering safepoint region: Cleanup
[2023-11-14T22:20:23.407+0000][4674.565s][info ][safepoint     ] Leaving safepoint region
[2023-11-14T22:20:23.407+0000][4674.565s][info ][safepoint     ] Total time for which application threads were stopped: 0.0002650 seconds, Stopping threads took: 0.0000477 seconds
[2023-11-14T22:20:53.409+0000][4704.567s][debug][safepoint     ] Safepoint synchronization initiated. (162 threads)
[2023-11-14T22:20:53.409+0000][4704.567s][info ][safepoint     ] Application time: 30.0028139 seconds
[2023-11-14T22:20:53.409+0000][4704.567s][info ][safepoint     ] Entering safepoint region: Cleanup
[2023-11-14T22:20:53.410+0000][4704.568s][info ][safepoint     ] Leaving safepoint region
[2023-11-14T22:20:53.410+0000][4704.568s][info ][safepoint     ] Total time for which application threads were stopped: 0.0003408 seconds, Stopping threads took: 0.0000487 seconds
[2023-11-14T22:21:24.413+0000][4735.571s][debug][safepoint     ] Safepoint synchronization initiated. (162 threads)
[2023-11-14T22:21:24.413+0000][4735.571s][info ][safepoint     ] Application time: 31.0030057 seconds
[2023-11-14T22:21:24.413+0000][4735.571s][info ][safepoint     ] Entering safepoint region: Cleanup
[2023-11-14T22:21:24.413+0000][4735.571s][info ][safepoint     ] Leaving safepoint region
[2023-11-14T22:21:24.413+0000][4735.571s][info ][safepoint     ] Total time for which application threads were stopped: 0.0003416 seconds, Stopping threads took: 0.0000488 seconds
[2023-11-14T22:22:06.417+0000][4777.575s][debug][safepoint     ] Safepoint synchronization initiated. (162 threads)
[2023-11-14T22:22:06.417+0000][4777.575s][info ][safepoint     ] Application time: 42.0038527 seconds
[2023-11-14T22:22:06.417+0000][4777.575s][info ][safepoint     ] Entering safepoint region: Cleanup
[2023-11-14T22:22:06.418+0000][4777.576s][info ][safepoint     ] Leaving safepoint region
[2023-11-14T22:22:06.418+0000][4777.576s][info ][safepoint     ] Total time for which application threads were stopped: 0.0007104 seconds, Stopping threads took: 0.0004453 seconds
[2023-11-14T22:23:53.427+0000][4884.585s][debug][safepoint     ] Safepoint synchronization initiated. (162 threads)
[2023-11-14T22:23:53.427+0000][4884.585s][info ][safepoint     ] Application time: 107.0095663 seconds
[2023-11-14T22:23:53.427+0000][4884.585s][info ][safepoint     ] Entering safepoint region: Cleanup
[2023-11-14T22:23:53.428+0000][4884.586s][info ][safepoint     ] Leaving safepoint region
[2023-11-14T22:23:53.428+0000][4884.586s][info ][safepoint     ] Total time for which application threads were stopped: 0.0002928 seconds, Stopping threads took: 0.0000483 seconds
[2023-11-14T22:23:56.428+0000][4887.586s][debug][safepoint     ] Safepoint synchronization initiated. (162 threads)
[2023-11-14T22:23:56.428+0000][4887.586s][info ][safepoint     ] Application time: 3.0003172 seconds
[2023-11-14T22:23:56.428+0000][4887.586s][info ][safepoint     ] Entering safepoint region: Cleanup
[2023-11-14T22:23:56.428+0000][4887.586s][info ][safepoint     ] Leaving safepoint region
[2023-11-14T22:23:56.428+0000][4887.586s][info ][safepoint     ] Total time for which application threads were stopped: 0.0002474 seconds, Stopping threads took: 0.0000483 seconds
[2023-11-14T22:24:16.430+0000][4907.588s][debug][safepoint     ] Safepoint synchronization initiated. (162 threads)
[2023-11-14T22:24:16.430+0000][4907.588s][info ][safepoint     ] Application time: 20.0018708 seconds
[2023-11-14T22:24:16.430+0000][4907.588s][info ][safepoint     ] Entering safepoint region: Cleanup
[2023-11-14T22:24:16.430+0000][4907.588s][info ][safepoint     ] Leaving safepoint region
[2023-11-14T22:24:16.430+0000][4907.589s][info ][safepoint     ] Total time for which application threads were stopped: 0.0003411 seconds, Stopping threads took: 0.0000487 seconds
[2023-11-14T22:24:20.431+0000][4911.589s][debug][safepoint     ] Safepoint synchronization initiated. (162 threads)
[2023-11-14T22:24:20.431+0000][4911.589s][info ][safepoint     ] Application time: 4.0004090 seconds
[2023-11-14T22:24:20.431+0000][4911.589s][info ][safepoint     ] Entering safepoint region: Cleanup
[2023-11-14T22:24:20.431+0000][4911.589s][info ][safepoint     ] Leaving safepoint region
[2023-11-14T22:24:20.431+0000][4911.589s][info ][safepoint     ] Total time for which application threads were stopped: 0.0003354 seconds, Stopping threads took: 0.0000492 seconds
[2023-11-14T22:24:55.237+0000][4946.395s][debug][safepoint     ] Safepoint synchronization initiated. (162 threads)
[2023-11-14T22:24:55.237+0000][4946.395s][info ][safepoint     ] Application time: 34.8054896 seconds
[2023-11-14T22:24:55.237+0000][4946.395s][debug][safepoint     ] Waiting for 1 thread(s) to block
[2023-11-14T22:24:55.237+0000][4946.395s][info ][safepoint     ] Entering safepoint region: G1CollectForAllocation
[2023-11-14T22:24:55.237+0000][4946.395s][info ][gc,start      ] GC(47) Pause Young (Normal) (G1 Evacuation Pause)
[2023-11-14T22:24:55.237+0000][4946.395s][info ][gc,task       ] GC(47) Using 4 workers of 4 for evacuation
[2023-11-14T22:24:55.256+0000][4946.415s][info ][gc,phases     ] GC(47)   Pre Evacuate Collection Set: 0.0ms
[2023-11-14T22:24:55.257+0000][4946.415s][info ][gc,phases     ] GC(47)   Evacuate Collection Set: 13.2ms
[2023-11-14T22:24:55.257+0000][4946.415s][info ][gc,phases     ] GC(47)   Post Evacuate Collection Set: 5.7ms
[2023-11-14T22:24:55.257+0000][4946.415s][info ][gc,phases     ] GC(47)   Other: 0.4ms
[2023-11-14T22:24:55.257+0000][4946.415s][info ][gc,heap       ] GC(47) Eden regions: 485->0(489)
[2023-11-14T22:24:55.257+0000][4946.415s][info ][gc,heap       ] GC(47) Survivor regions: 9->5(62)
[2023-11-14T22:24:55.257+0000][4946.415s][info ][gc,heap       ] GC(47) Old regions: 140->144
[2023-11-14T22:24:55.257+0000][4946.415s][info ][gc,heap       ] GC(47) Humongous regions: 0->0
[2023-11-14T22:24:55.257+0000][4946.415s][info ][gc,metaspace  ] GC(47) Metaspace: 153362K(158460K)->153362K(158460K) NonClass: 135613K(138752K)->135613K(138752K) Class: 17748K(19708K)->17748K(19708K)
[2023-11-14T22:24:55.257+0000][4946.415s][info ][gc            ] GC(47) Pause Young (Normal) (G1 Evacuation Pause) 631M->147M(824M) 19.533ms
[2023-11-14T22:24:55.257+0000][4946.415s][info ][gc,cpu        ] GC(47) User=0.06s Sys=0.00s Real=0.02s
[2023-11-14T22:24:55.257+0000][4946.415s][info ][safepoint     ] Leaving safepoint region
[2023-11-14T22:24:55.257+0000][4946.415s][info ][safepoint     ] Total time for which application threads were stopped: 0.0200909 seconds, Stopping threads took: 0.0001548 seconds
[2023-11-14T22:24:55.257+0000][4946.415s][info ][gc,stringdedup] Concurrent String Deduplication (4946.415s)
[2023-11-14T22:24:55.257+0000][4946.415s][info ][gc,stringdedup] Concurrent String Deduplication 37136.0B->1144.0B(35992.0B) avg 54.0% (4946.415s, 4946.415s) 0.358ms
[2023-11-14T22:25:12.259+0000][4963.417s][debug][safepoint     ] Safepoint synchronization initiated. (162 threads)
[2023-11-14T22:25:12.259+0000][4963.417s][info ][safepoint     ] Application time: 17.0020484 seconds
[2023-11-14T22:25:12.259+0000][4963.417s][info ][safepoint     ] Entering safepoint region: Cleanup
[2023-11-14T22:25:12.259+0000][4963.417s][info ][safepoint     ] Leaving safepoint region
[2023-11-14T22:25:12.259+0000][4963.417s][info ][safepoint     ] Total time for which application threads were stopped: 0.0002994 seconds, Stopping threads took: 0.0000490 seconds
[2023-11-14T22:27:29.271+0000][5100.429s][debug][safepoint     ] Safepoint synchronization initiated. (162 threads)
[2023-11-14T22:27:29.271+0000][5100.429s][info ][safepoint     ] Application time: 137.0120225 seconds
[2023-11-14T22:27:29.271+0000][5100.429s][info ][safepoint     ] Entering safepoint region: Cleanup
[2023-11-14T22:27:29.272+0000][5100.430s][info ][safepoint     ] Leaving safepoint region
[2023-11-14T22:27:29.272+0000][5100.430s][info ][safepoint     ] Total time for which application threads were stopped: 0.0003097 seconds, Stopping threads took: 0.0000490 seconds
[2023-11-14T22:27:44.273+0000][5115.431s][debug][safepoint     ] Safepoint synchronization initiated. (162 threads)
[2023-11-14T22:27:44.273+0000][5115.431s][info ][safepoint     ] Application time: 15.0014185 seconds
[2023-11-14T22:27:44.273+0000][5115.431s][info ][safepoint     ] Entering safepoint region: Cleanup
[2023-11-14T22:27:44.273+0000][5115.431s][info ][safepoint     ] Leaving safepoint region
[2023-11-14T22:27:44.273+0000][5115.431s][info ][safepoint     ] Total time for which application threads were stopped: 0.0003302 seconds, Stopping threads took: 0.0000478 seconds
[2023-11-14T22:27:53.274+0000][5124.432s][debug][safepoint     ] Safepoint synchronization initiated. (162 threads)
[2023-11-14T22:27:53.274+0000][5124.432s][info ][safepoint     ] Application time: 9.0008974 seconds
[2023-11-14T22:27:53.274+0000][5124.432s][info ][safepoint     ] Entering safepoint region: Cleanup
[2023-11-14T22:27:53.275+0000][5124.433s][info ][safepoint     ] Leaving safepoint region
[2023-11-14T22:27:53.275+0000][5124.433s][info ][safepoint     ] Total time for which application threads were stopped: 0.0003390 seconds, Stopping threads took: 0.0000485 seconds
[2023-11-14T22:28:05.276+0000][5136.434s][debug][safepoint     ] Safepoint synchronization initiated. (162 threads)
[2023-11-14T22:28:05.276+0000][5136.434s][info ][safepoint     ] Application time: 12.0010907 seconds
[2023-11-14T22:28:05.276+0000][5136.434s][info ][safepoint     ] Entering safepoint region: Cleanup
[2023-11-14T22:28:05.276+0000][5136.434s][info ][safepoint     ] Leaving safepoint region
[2023-11-14T22:28:05.276+0000][5136.434s][info ][safepoint     ] Total time for which application threads were stopped: 0.0003734 seconds, Stopping threads took: 0.0000572 seconds
[2023-11-14T22:28:26.278+0000][5157.436s][debug][safepoint     ] Safepoint synchronization initiated. (162 threads)
[2023-11-14T22:28:26.278+0000][5157.436s][info ][safepoint     ] Application time: 21.0020015 seconds
[2023-11-14T22:28:26.278+0000][5157.436s][info ][safepoint     ] Entering safepoint region: Cleanup
[2023-11-14T22:28:26.278+0000][5157.437s][info ][safepoint     ] Leaving safepoint region
[2023-11-14T22:28:26.278+0000][5157.437s][info ][safepoint     ] Total time for which application threads were stopped: 0.0002757 seconds, Stopping threads took: 0.0000535 seconds
[2023-11-14T22:28:31.279+0000][5162.437s][debug][safepoint     ] Safepoint synchronization initiated. (162 threads)
[2023-11-14T22:28:31.279+0000][5162.437s][info ][safepoint     ] Application time: 5.0005209 seconds
[2023-11-14T22:28:31.279+0000][5162.437s][info ][safepoint     ] Entering safepoint region: Cleanup
[2023-11-14T22:28:31.279+0000][5162.438s][info ][safepoint     ] Leaving safepoint region
[2023-11-14T22:28:31.280+0000][5162.438s][info ][safepoint     ] Total time for which application threads were stopped: 0.0004980 seconds, Stopping threads took: 0.0002398 seconds
[2023-11-14T22:28:44.281+0000][5175.439s][debug][safepoint     ] Safepoint synchronization initiated. (162 threads)
[2023-11-14T22:28:44.281+0000][5175.439s][info ][safepoint     ] Application time: 13.0011885 seconds
[2023-11-14T22:28:44.281+0000][5175.439s][info ][safepoint     ] Entering safepoint region: Cleanup
[2023-11-14T22:28:44.281+0000][5175.439s][info ][safepoint     ] Leaving safepoint region
[2023-11-14T22:28:44.281+0000][5175.439s][info ][safepoint     ] Total time for which application threads were stopped: 0.0005004 seconds, Stopping threads took: 0.0002308 seconds
[2023-11-14T22:28:50.282+0000][5181.440s][debug][safepoint     ] Safepoint synchronization initiated. (162 threads)
[2023-11-14T22:28:50.282+0000][5181.440s][info ][safepoint     ] Application time: 6.0006745 seconds
[2023-11-14T22:28:50.282+0000][5181.440s][info ][safepoint     ] Entering safepoint region: Cleanup
[2023-11-14T22:28:50.282+0000][5181.440s][info ][safepoint     ] Leaving safepoint region
[2023-11-14T22:28:50.282+0000][5181.440s][info ][safepoint     ] Total time for which application threads were stopped: 0.0003276 seconds, Stopping threads took: 0.0000483 seconds
[2023-11-14T22:29:16.285+0000][5207.443s][debug][safepoint     ] Safepoint synchronization initiated. (162 threads)
[2023-11-14T22:29:16.285+0000][5207.443s][info ][safepoint     ] Application time: 26.0023329 seconds
[2023-11-14T22:29:16.285+0000][5207.443s][info ][safepoint     ] Entering safepoint region: Cleanup
[2023-11-14T22:29:16.285+0000][5207.443s][info ][safepoint     ] Leaving safepoint region
[2023-11-14T22:29:16.285+0000][5207.443s][info ][safepoint     ] Total time for which application threads were stopped: 0.0003464 seconds, Stopping threads took: 0.0000471 seconds
[2023-11-14T22:31:01.294+0000][5312.452s][debug][safepoint     ] Safepoint synchronization initiated. (164 threads)
[2023-11-14T22:31:01.294+0000][5312.452s][info ][safepoint     ] Application time: 105.0088459 seconds
[2023-11-14T22:31:01.294+0000][5312.452s][info ][safepoint     ] Entering safepoint region: Cleanup
[2023-11-14T22:31:01.294+0000][5312.452s][info ][safepoint     ] Leaving safepoint region
[2023-11-14T22:31:01.294+0000][5312.452s][info ][safepoint     ] Total time for which application threads were stopped: 0.0003327 seconds, Stopping threads took: 0.0000485 seconds
[2023-11-14T22:32:24.301+0000][5395.459s][debug][safepoint     ] Safepoint synchronization initiated. (162 threads)
[2023-11-14T22:32:24.301+0000][5395.459s][info ][safepoint     ] Application time: 83.0071788 seconds
[2023-11-14T22:32:24.301+0000][5395.460s][info ][safepoint     ] Entering safepoint region: Cleanup
[2023-11-14T22:32:24.302+0000][5395.460s][info ][safepoint     ] Leaving safepoint region
[2023-11-14T22:32:24.302+0000][5395.460s][info ][safepoint     ] Total time for which application threads were stopped: 0.0003209 seconds, Stopping threads took: 0.0000488 seconds
[2023-11-14T22:33:16.306+0000][5447.465s][debug][safepoint     ] Safepoint synchronization initiated. (162 threads)
[2023-11-14T22:33:16.307+0000][5447.465s][info ][safepoint     ] Application time: 52.0047603 seconds
[2023-11-14T22:33:16.307+0000][5447.465s][debug][safepoint     ] ... found polling page return exception at pc = 0x00007fe1809e3780, stub =0x00007fe17883a800
[2023-11-14T22:33:16.307+0000][5447.465s][debug][safepoint     ] Waiting for 1 thread(s) to block
[2023-11-14T22:33:16.307+0000][5447.465s][info ][safepoint     ] Entering safepoint region: Cleanup
[2023-11-14T22:33:16.307+0000][5447.465s][info ][safepoint     ] Leaving safepoint region
[2023-11-14T22:33:16.307+0000][5447.465s][info ][safepoint     ] Total time for which application threads were stopped: 0.0003703 seconds, Stopping threads took: 0.0001774 seconds
[2023-11-14T22:33:37.965+0000][5469.123s][debug][safepoint     ] Safepoint synchronization initiated. (162 threads)
[2023-11-14T22:33:37.965+0000][5469.123s][info ][safepoint     ] Application time: 21.6576849 seconds
[2023-11-14T22:33:37.965+0000][5469.123s][info ][safepoint     ] Entering safepoint region: G1CollectForAllocation
[2023-11-14T22:33:37.965+0000][5469.123s][info ][gc,start      ] GC(48) Pause Young (Normal) (G1 Evacuation Pause)
[2023-11-14T22:33:37.965+0000][5469.123s][info ][gc,task       ] GC(48) Using 4 workers of 4 for evacuation
[2023-11-14T22:33:37.978+0000][5469.136s][info ][gc,phases     ] GC(48)   Pre Evacuate Collection Set: 0.0ms
[2023-11-14T22:33:37.978+0000][5469.136s][info ][gc,phases     ] GC(48)   Evacuate Collection Set: 7.4ms
[2023-11-14T22:33:37.978+0000][5469.136s][info ][gc,phases     ] GC(48)   Post Evacuate Collection Set: 5.5ms
[2023-11-14T22:33:37.978+0000][5469.136s][info ][gc,phases     ] GC(48)   Other: 0.4ms
[2023-11-14T22:33:37.978+0000][5469.137s][info ][gc,heap       ] GC(48) Eden regions: 489->0(491)
[2023-11-14T22:33:37.978+0000][5469.137s][info ][gc,heap       ] GC(48) Survivor regions: 5->3(62)
[2023-11-14T22:33:37.978+0000][5469.137s][info ][gc,heap       ] GC(48) Old regions: 144->147
[2023-11-14T22:33:37.978+0000][5469.137s][info ][gc,heap       ] GC(48) Humongous regions: 0->0
[2023-11-14T22:33:37.978+0000][5469.137s][info ][gc,metaspace  ] GC(48) Metaspace: 153417K(158460K)->153417K(158460K) NonClass: 135668K(138752K)->135668K(138752K) Class: 17748K(19708K)->17748K(19708K)
[2023-11-14T22:33:37.979+0000][5469.137s][info ][gc            ] GC(48) Pause Young (Normal) (G1 Evacuation Pause) 636M->148M(824M) 13.544ms
[2023-11-14T22:33:37.979+0000][5469.137s][info ][gc,cpu        ] GC(48) User=0.05s Sys=0.00s Real=0.01s
[2023-11-14T22:33:37.979+0000][5469.137s][info ][safepoint     ] Leaving safepoint region
[2023-11-14T22:33:37.979+0000][5469.137s][info ][safepoint     ] Total time for which application threads were stopped: 0.0140019 seconds, Stopping threads took: 0.0000693 seconds
[2023-11-14T22:33:37.979+0000][5469.137s][info ][gc,stringdedup] Concurrent String Deduplication (5469.137s)
[2023-11-14T22:33:37.979+0000][5469.137s][info ][gc,stringdedup] Concurrent String Deduplication 312.0B->256.0B(56.0B) avg 54.0% (5469.137s, 5469.137s) 0.065ms
[2023-11-14T22:35:39.990+0000][5591.148s][debug][safepoint     ] Safepoint synchronization initiated. (162 threads)
[2023-11-14T22:35:39.990+0000][5591.148s][info ][safepoint     ] Application time: 122.0112916 seconds
[2023-11-14T22:35:39.990+0000][5591.148s][info ][safepoint     ] Entering safepoint region: Cleanup
[2023-11-14T22:35:39.990+0000][5591.148s][info ][safepoint     ] Leaving safepoint region
[2023-11-14T22:35:39.990+0000][5591.148s][info ][safepoint     ] Total time for which application threads were stopped: 0.0003357 seconds, Stopping threads took: 0.0000490 seconds
[2023-11-14T22:35:43.991+0000][5595.149s][debug][safepoint     ] Safepoint synchronization initiated. (162 threads)
[2023-11-14T22:35:43.991+0000][5595.149s][info ][safepoint     ] Application time: 4.0004388 seconds
[2023-11-14T22:35:43.991+0000][5595.149s][info ][safepoint     ] Entering safepoint region: Cleanup
[2023-11-14T22:35:43.991+0000][5595.149s][info ][safepoint     ] Leaving safepoint region
[2023-11-14T22:35:43.991+0000][5595.149s][info ][safepoint     ] Total time for which application threads were stopped: 0.0003333 seconds, Stopping threads took: 0.0000467 seconds
[2023-11-14T22:37:40.001+0000][5711.159s][debug][safepoint     ] Safepoint synchronization initiated. (162 threads)
[2023-11-14T22:37:40.001+0000][5711.159s][info ][safepoint     ] Application time: 116.0102342 seconds
[2023-11-14T22:37:40.001+0000][5711.159s][info ][safepoint     ] Entering safepoint region: Cleanup
[2023-11-14T22:37:40.002+0000][5711.160s][info ][safepoint     ] Leaving safepoint region
[2023-11-14T22:37:40.002+0000][5711.160s][info ][safepoint     ] Total time for which application threads were stopped: 0.0004596 seconds, Stopping threads took: 0.0000481 seconds
[2023-11-14T22:38:40.006+0000][5771.164s][debug][safepoint     ] Safepoint synchronization initiated. (162 threads)
[2023-11-14T22:38:40.006+0000][5771.164s][info ][safepoint     ] Application time: 60.0043033 seconds
[2023-11-14T22:38:40.006+0000][5771.164s][info ][safepoint     ] Entering safepoint region: Cleanup
[2023-11-14T22:38:40.006+0000][5771.165s][info ][safepoint     ] Leaving safepoint region
[2023-11-14T22:38:40.006+0000][5771.165s][info ][safepoint     ] Total time for which application threads were stopped: 0.0002920 seconds, Stopping threads took: 0.0000519 seconds
[2023-11-14T22:39:16.009+0000][5807.167s][debug][safepoint     ] Safepoint synchronization initiated. (162 threads)
[2023-11-14T22:39:16.009+0000][5807.167s][info ][safepoint     ] Application time: 36.0025724 seconds
[2023-11-14T22:39:16.009+0000][5807.167s][info ][safepoint     ] Entering safepoint region: Cleanup
[2023-11-14T22:39:16.009+0000][5807.167s][info ][safepoint     ] Leaving safepoint region
[2023-11-14T22:39:16.009+0000][5807.167s][info ][safepoint     ] Total time for which application threads were stopped: 0.0001531 seconds, Stopping threads took: 0.0000336 seconds
[2023-11-14T22:39:36.011+0000][5827.169s][debug][safepoint     ] Safepoint synchronization initiated. (162 threads)
[2023-11-14T22:39:36.011+0000][5827.169s][info ][safepoint     ] Application time: 20.0017792 seconds
[2023-11-14T22:39:36.011+0000][5827.169s][info ][safepoint     ] Entering safepoint region: Cleanup
[2023-11-14T22:39:36.011+0000][5827.169s][info ][safepoint     ] Leaving safepoint region
[2023-11-14T22:39:36.011+0000][5827.169s][info ][safepoint     ] Total time for which application threads were stopped: 0.0001933 seconds, Stopping threads took: 0.0000404 seconds
[2023-11-14T22:39:41.012+0000][5832.170s][debug][safepoint     ] Safepoint synchronization initiated. (162 threads)
[2023-11-14T22:39:41.012+0000][5832.170s][info ][safepoint     ] Application time: 5.0003575 seconds
[2023-11-14T22:39:41.012+0000][5832.170s][info ][safepoint     ] Entering safepoint region: Cleanup
[2023-11-14T22:39:41.012+0000][5832.170s][info ][safepoint     ] Leaving safepoint region
[2023-11-14T22:39:41.012+0000][5832.170s][info ][safepoint     ] Total time for which application threads were stopped: 0.0002195 seconds, Stopping threads took: 0.0000441 seconds
[2023-11-14T22:39:42.012+0000][5833.170s][debug][safepoint     ] Safepoint synchronization initiated. (162 threads)
[2023-11-14T22:39:42.012+0000][5833.170s][info ][safepoint     ] Application time: 1.0001271 seconds
[2023-11-14T22:39:42.012+0000][5833.170s][info ][safepoint     ] Entering safepoint region: Cleanup
[2023-11-14T22:39:42.012+0000][5833.170s][info ][safepoint     ] Leaving safepoint region
[2023-11-14T22:39:42.012+0000][5833.170s][info ][safepoint     ] Total time for which application threads were stopped: 0.0001969 seconds, Stopping threads took: 0.0000391 seconds
[2023-11-14T22:39:56.013+0000][5847.171s][debug][safepoint     ] Safepoint synchronization initiated. (162 threads)
[2023-11-14T22:39:56.013+0000][5847.171s][info ][safepoint     ] Application time: 14.0011116 seconds
[2023-11-14T22:39:56.013+0000][5847.171s][info ][safepoint     ] Entering safepoint region: Cleanup
[2023-11-14T22:39:56.013+0000][5847.172s][info ][safepoint     ] Leaving safepoint region
[2023-11-14T22:39:56.013+0000][5847.172s][info ][safepoint     ] Total time for which application threads were stopped: 0.0002044 seconds, Stopping threads took: 0.0000327 seconds
[2023-11-14T22:42:25.882+0000][5997.040s][debug][safepoint     ] Safepoint synchronization initiated. (162 threads)
[2023-11-14T22:42:25.882+0000][5997.040s][info ][safepoint     ] Application time: 149.8683456 seconds
[2023-11-14T22:42:25.882+0000][5997.040s][info ][safepoint     ] Entering safepoint region: G1CollectForAllocation
[2023-11-14T22:42:25.882+0000][5997.040s][info ][gc,start      ] GC(49) Pause Young (Normal) (G1 Evacuation Pause)
[2023-11-14T22:42:25.882+0000][5997.040s][info ][gc,task       ] GC(49) Using 4 workers of 4 for evacuation
[2023-11-14T22:42:25.891+0000][5997.049s][info ][gc,phases     ] GC(49)   Pre Evacuate Collection Set: 0.0ms
[2023-11-14T22:42:25.891+0000][5997.049s][info ][gc,phases     ] GC(49)   Evacuate Collection Set: 3.9ms
[2023-11-14T22:42:25.891+0000][5997.049s][info ][gc,phases     ] GC(49)   Post Evacuate Collection Set: 4.5ms
[2023-11-14T22:42:25.891+0000][5997.049s][info ][gc,phases     ] GC(49)   Other: 0.4ms
[2023-11-14T22:42:25.891+0000][5997.049s][info ][gc,heap       ] GC(49) Eden regions: 491->0(492)
[2023-11-14T22:42:25.891+0000][5997.049s][info ][gc,heap       ] GC(49) Survivor regions: 3->2(62)
[2023-11-14T22:42:25.891+0000][5997.049s][info ][gc,heap       ] GC(49) Old regions: 147->148
[2023-11-14T22:42:25.891+0000][5997.049s][info ][gc,heap       ] GC(49) Humongous regions: 0->0
[2023-11-14T22:42:25.891+0000][5997.049s][info ][gc,metaspace  ] GC(49) Metaspace: 153452K(158460K)->153452K(158460K) NonClass: 135703K(138752K)->135703K(138752K) Class: 17748K(19708K)->17748K(19708K)
[2023-11-14T22:42:25.891+0000][5997.049s][info ][gc            ] GC(49) Pause Young (Normal) (G1 Evacuation Pause) 639M->147M(824M) 9.029ms
[2023-11-14T22:42:25.891+0000][5997.049s][info ][gc,cpu        ] GC(49) User=0.03s Sys=0.00s Real=0.01s
[2023-11-14T22:42:25.891+0000][5997.049s][info ][safepoint     ] Leaving safepoint region
[2023-11-14T22:42:25.891+0000][5997.049s][info ][safepoint     ] Total time for which application threads were stopped: 0.0094133 seconds, Stopping threads took: 0.0000496 seconds
[2023-11-14T22:42:25.891+0000][5997.049s][info ][gc,stringdedup] Concurrent String Deduplication (5997.049s)
[2023-11-14T22:42:25.891+0000][5997.049s][info ][gc,stringdedup] Concurrent String Deduplication 0.0B->0.0B(0.0B) avg 54.0% (5997.049s, 5997.049s) 0.054ms
[2023-11-14T22:42:55.894+0000][6027.052s][debug][safepoint     ] Safepoint synchronization initiated. (162 threads)
[2023-11-14T22:42:55.894+0000][6027.052s][info ][safepoint     ] Application time: 30.0026590 seconds
[2023-11-14T22:42:55.894+0000][6027.052s][info ][safepoint     ] Entering safepoint region: Cleanup
[2023-11-14T22:42:55.894+0000][6027.052s][info ][safepoint     ] Leaving safepoint region
[2023-11-14T22:42:55.894+0000][6027.052s][info ][safepoint     ] Total time for which application threads were stopped: 0.0001656 seconds, Stopping threads took: 0.0000357 seconds
[2023-11-14T22:43:13.896+0000][6045.054s][debug][safepoint     ] Safepoint synchronization initiated. (162 threads)
[2023-11-14T22:43:13.896+0000][6045.054s][info ][safepoint     ] Application time: 18.0016208 seconds
[2023-11-14T22:43:13.896+0000][6045.054s][info ][safepoint     ] Entering safepoint region: Cleanup
[2023-11-14T22:43:13.896+0000][6045.054s][info ][safepoint     ] Leaving safepoint region
[2023-11-14T22:43:13.896+0000][6045.054s][info ][safepoint     ] Total time for which application threads were stopped: 0.0002750 seconds, Stopping threads took: 0.0000499 seconds
[2023-11-14T22:43:15.896+0000][6047.054s][debug][safepoint     ] Safepoint synchronization initiated. (162 threads)
[2023-11-14T22:43:15.896+0000][6047.054s][info ][safepoint     ] Application time: 2.0002358 seconds
[2023-11-14T22:43:15.896+0000][6047.054s][info ][safepoint     ] Entering safepoint region: Cleanup
[2023-11-14T22:43:15.897+0000][6047.055s][info ][safepoint     ] Leaving safepoint region
[2023-11-14T22:43:15.897+0000][6047.055s][info ][safepoint     ] Total time for which application threads were stopped: 0.0002457 seconds, Stopping threads took: 0.0000463 seconds
[2023-11-14T22:43:21.897+0000][6053.055s][debug][safepoint     ] Safepoint synchronization initiated. (162 threads)
[2023-11-14T22:43:21.897+0000][6053.055s][info ][safepoint     ] Application time: 6.0006210 seconds
[2023-11-14T22:43:21.897+0000][6053.055s][info ][safepoint     ] Entering safepoint region: Cleanup
[2023-11-14T22:43:21.898+0000][6053.056s][info ][safepoint     ] Leaving safepoint region
[2023-11-14T22:43:21.898+0000][6053.056s][info ][safepoint     ] Total time for which application threads were stopped: 0.0003303 seconds, Stopping threads took: 0.0000474 seconds
[2023-11-14T22:43:45.900+0000][6077.058s][debug][safepoint     ] Safepoint synchronization initiated. (162 threads)
[2023-11-14T22:43:45.900+0000][6077.058s][info ][safepoint     ] Application time: 24.0022596 seconds
[2023-11-14T22:43:45.900+0000][6077.058s][info ][safepoint     ] Entering safepoint region: Cleanup
[2023-11-14T22:43:45.900+0000][6077.058s][info ][safepoint     ] Leaving safepoint region
[2023-11-14T22:43:45.900+0000][6077.058s][info ][safepoint     ] Total time for which application threads were stopped: 0.0003434 seconds, Stopping threads took: 0.0000645 seconds
[2023-11-14T22:45:15.908+0000][6167.066s][debug][safepoint     ] Safepoint synchronization initiated. (162 threads)
[2023-11-14T22:45:15.908+0000][6167.066s][info ][safepoint     ] Application time: 90.0077819 seconds
[2023-11-14T22:45:15.908+0000][6167.066s][info ][safepoint     ] Entering safepoint region: Cleanup
[2023-11-14T22:45:15.908+0000][6167.066s][info ][safepoint     ] Leaving safepoint region
[2023-11-14T22:45:15.908+0000][6167.066s][info ][safepoint     ] Total time for which application threads were stopped: 0.0003309 seconds, Stopping threads took: 0.0000458 seconds
[2023-11-14T22:45:55.912+0000][6207.070s][debug][safepoint     ] Safepoint synchronization initiated. (162 threads)
[2023-11-14T22:45:55.912+0000][6207.070s][info ][safepoint     ] Application time: 40.0037210 seconds
[2023-11-14T22:45:55.912+0000][6207.070s][info ][safepoint     ] Entering safepoint region: Cleanup
[2023-11-14T22:45:55.912+0000][6207.070s][info ][safepoint     ] Leaving safepoint region
[2023-11-14T22:45:55.912+0000][6207.070s][info ][safepoint     ] Total time for which application threads were stopped: 0.0002454 seconds, Stopping threads took: 0.0000458 seconds
[2023-11-14T22:47:49.923+0000][6321.081s][debug][safepoint     ] Safepoint synchronization initiated. (162 threads)
[2023-11-14T22:47:49.923+0000][6321.081s][info ][safepoint     ] Application time: 114.0104794 seconds
[2023-11-14T22:47:49.923+0000][6321.081s][info ][safepoint     ] Entering safepoint region: Cleanup
[2023-11-14T22:47:49.923+0000][6321.081s][info ][safepoint     ] Leaving safepoint region
[2023-11-14T22:47:49.923+0000][6321.081s][info ][safepoint     ] Total time for which application threads were stopped: 0.0003255 seconds, Stopping threads took: 0.0000456 seconds
[2023-11-14T22:47:55.924+0000][6327.082s][debug][safepoint     ] Safepoint synchronization initiated. (162 threads)
[2023-11-14T22:47:55.924+0000][6327.082s][info ][safepoint     ] Application time: 6.0006302 seconds
[2023-11-14T22:47:55.924+0000][6327.082s][info ][safepoint     ] Entering safepoint region: Cleanup
[2023-11-14T22:47:55.924+0000][6327.082s][info ][safepoint     ] Leaving safepoint region
[2023-11-14T22:47:55.924+0000][6327.082s][info ][safepoint     ] Total time for which application threads were stopped: 0.0003274 seconds, Stopping threads took: 0.0000456 seconds
[2023-11-14T22:48:14.926+0000][6346.084s][debug][safepoint     ] Safepoint synchronization initiated. (162 threads)
[2023-11-14T22:48:14.926+0000][6346.084s][info ][safepoint     ] Application time: 19.0018474 seconds
[2023-11-14T22:48:14.926+0000][6346.084s][info ][safepoint     ] Entering safepoint region: Cleanup
[2023-11-14T22:48:14.926+0000][6346.084s][info ][safepoint     ] Leaving safepoint region
[2023-11-14T22:48:14.926+0000][6346.084s][info ][safepoint     ] Total time for which application threads were stopped: 0.0002489 seconds, Stopping threads took: 0.0000495 seconds
[2023-11-14T22:50:59.945+0000][6511.103s][debug][safepoint     ] Safepoint synchronization initiated. (162 threads)
[2023-11-14T22:50:59.945+0000][6511.103s][info ][safepoint     ] Application time: 165.0185050 seconds
[2023-11-14T22:50:59.945+0000][6511.103s][info ][safepoint     ] Entering safepoint region: Cleanup
[2023-11-14T22:50:59.945+0000][6511.103s][info ][safepoint     ] Leaving safepoint region
[2023-11-14T22:50:59.945+0000][6511.103s][info ][safepoint     ] Total time for which application threads were stopped: 0.0003399 seconds, Stopping threads took: 0.0000516 seconds
[2023-11-14T22:51:13.797+0000][6524.955s][debug][safepoint     ] Safepoint synchronization initiated. (162 threads)
[2023-11-14T22:51:13.797+0000][6524.955s][info ][safepoint     ] Application time: 13.8514729 seconds
[2023-11-14T22:51:13.797+0000][6524.955s][info ][safepoint     ] Entering safepoint region: G1CollectForAllocation
[2023-11-14T22:51:13.797+0000][6524.955s][info ][gc,start      ] GC(50) Pause Young (Normal) (G1 Evacuation Pause)
[2023-11-14T22:51:13.797+0000][6524.955s][info ][gc,task       ] GC(50) Using 4 workers of 4 for evacuation
[2023-11-14T22:51:13.805+0000][6524.963s][info ][gc,phases     ] GC(50)   Pre Evacuate Collection Set: 0.0ms
[2023-11-14T22:51:13.805+0000][6524.963s][info ][gc,phases     ] GC(50)   Evacuate Collection Set: 3.4ms
[2023-11-14T22:51:13.805+0000][6524.963s][info ][gc,phases     ] GC(50)   Post Evacuate Collection Set: 4.6ms
[2023-11-14T22:51:13.805+0000][6524.964s][info ][gc,phases     ] GC(50)   Other: 0.4ms
[2023-11-14T22:51:13.805+0000][6524.964s][info ][gc,heap       ] GC(50) Eden regions: 492->0(492)
[2023-11-14T22:51:13.806+0000][6524.964s][info ][gc,heap       ] GC(50) Survivor regions: 2->2(62)
[2023-11-14T22:51:13.806+0000][6524.964s][info ][gc,heap       ] GC(50) Old regions: 148->148
[2023-11-14T22:51:13.806+0000][6524.964s][info ][gc,heap       ] GC(50) Humongous regions: 0->0
[2023-11-14T22:51:13.806+0000][6524.964s][info ][gc,metaspace  ] GC(50) Metaspace: 153472K(158460K)->153472K(158460K) NonClass: 135724K(138752K)->135724K(138752K) Class: 17748K(19708K)->17748K(19708K)
[2023-11-14T22:51:13.806+0000][6524.964s][info ][gc            ] GC(50) Pause Young (Normal) (G1 Evacuation Pause) 639M->147M(824M) 8.541ms
[2023-11-14T22:51:13.806+0000][6524.964s][info ][gc,cpu        ] GC(50) User=0.03s Sys=0.00s Real=0.01s
[2023-11-14T22:51:13.806+0000][6524.964s][info ][safepoint     ] Leaving safepoint region
[2023-11-14T22:51:13.806+0000][6524.964s][info ][safepoint     ] Total time for which application threads were stopped: 0.0089839 seconds, Stopping threads took: 0.0000795 seconds
[2023-11-14T22:51:13.806+0000][6524.964s][info ][gc,stringdedup] Concurrent String Deduplication (6524.964s)
[2023-11-14T22:51:13.806+0000][6524.964s][info ][gc,stringdedup] Concurrent String Deduplication 33336.0B->48.0B(33288.0B) avg 54.0% (6524.964s, 6524.964s) 0.331ms
[2023-11-14T22:53:15.817+0000][6646.975s][debug][safepoint     ] Safepoint synchronization initiated. (162 threads)
[2023-11-14T22:53:15.817+0000][6646.975s][info ][safepoint     ] Application time: 122.0112569 seconds
[2023-11-14T22:53:15.817+0000][6646.975s][info ][safepoint     ] Entering safepoint region: Cleanup
[2023-11-14T22:53:15.817+0000][6646.975s][info ][safepoint     ] Leaving safepoint region
[2023-11-14T22:53:15.817+0000][6646.975s][info ][safepoint     ] Total time for which application threads were stopped: 0.0003244 seconds, Stopping threads took: 0.0000450 seconds
[2023-11-14T22:55:57.832+0000][6808.990s][debug][safepoint     ] Safepoint synchronization initiated. (162 threads)
[2023-11-14T22:55:57.832+0000][6808.990s][info ][safepoint     ] Application time: 162.0150444 seconds
[2023-11-14T22:55:57.832+0000][6808.990s][info ][safepoint     ] Entering safepoint region: Cleanup
[2023-11-14T22:55:57.833+0000][6808.991s][info ][safepoint     ] Leaving safepoint region
[2023-11-14T22:55:57.833+0000][6808.991s][info ][safepoint     ] Total time for which application threads were stopped: 0.0002590 seconds, Stopping threads took: 0.0000501 seconds
[2023-11-14T22:55:58.833+0000][6809.991s][debug][safepoint     ] Safepoint synchronization initiated. (162 threads)
[2023-11-14T22:55:58.833+0000][6809.991s][info ][safepoint     ] Application time: 1.0001646 seconds
[2023-11-14T22:55:58.833+0000][6809.991s][info ][safepoint     ] Entering safepoint region: Cleanup
[2023-11-14T22:55:58.833+0000][6809.991s][info ][safepoint     ] Leaving safepoint region
[2023-11-14T22:55:58.833+0000][6809.991s][info ][safepoint     ] Total time for which application threads were stopped: 0.0003363 seconds, Stopping threads took: 0.0000492 seconds
[2023-11-14T22:59:15.851+0000][7007.009s][debug][safepoint     ] Safepoint synchronization initiated. (162 threads)
[2023-11-14T22:59:15.851+0000][7007.009s][info ][safepoint     ] Application time: 197.0179586 seconds
[2023-11-14T22:59:15.851+0000][7007.009s][info ][safepoint     ] Entering safepoint region: Cleanup
[2023-11-14T22:59:15.851+0000][7007.009s][info ][safepoint     ] Leaving safepoint region
[2023-11-14T22:59:15.851+0000][7007.010s][info ][safepoint     ] Total time for which application threads were stopped: 0.0002449 seconds, Stopping threads took: 0.0000469 seconds
[2023-11-14T22:59:45.854+0000][7037.012s][debug][safepoint     ] Safepoint synchronization initiated. (162 threads)
[2023-11-14T22:59:45.854+0000][7037.012s][info ][safepoint     ] Application time: 30.0028219 seconds
[2023-11-14T22:59:45.854+0000][7037.012s][info ][safepoint     ] Entering safepoint region: Cleanup
[2023-11-14T22:59:45.855+0000][7037.013s][info ][safepoint     ] Leaving safepoint region
[2023-11-14T22:59:45.855+0000][7037.013s][info ][safepoint     ] Total time for which application threads were stopped: 0.0003313 seconds, Stopping threads took: 0.0000458 seconds
[2023-11-14T23:00:01.617+0000][7052.775s][debug][safepoint     ] Safepoint synchronization initiated. (162 threads)
[2023-11-14T23:00:01.617+0000][7052.775s][info ][safepoint     ] Application time: 15.7626828 seconds
[2023-11-14T23:00:01.617+0000][7052.775s][info ][safepoint     ] Entering safepoint region: G1CollectForAllocation
[2023-11-14T23:00:01.618+0000][7052.776s][info ][gc,start      ] GC(51) Pause Young (Normal) (G1 Evacuation Pause)
[2023-11-14T23:00:01.618+0000][7052.776s][info ][gc,task       ] GC(51) Using 4 workers of 4 for evacuation
[2023-11-14T23:00:01.623+0000][7052.781s][info ][gc,phases     ] GC(51)   Pre Evacuate Collection Set: 0.0ms
[2023-11-14T23:00:01.623+0000][7052.781s][info ][gc,phases     ] GC(51)   Evacuate Collection Set: 2.0ms
[2023-11-14T23:00:01.623+0000][7052.781s][info ][gc,phases     ] GC(51)   Post Evacuate Collection Set: 3.5ms
[2023-11-14T23:00:01.623+0000][7052.781s][info ][gc,phases     ] GC(51)   Other: 0.2ms
[2023-11-14T23:00:01.623+0000][7052.781s][info ][gc,heap       ] GC(51) Eden regions: 492->0(493)
[2023-11-14T23:00:01.623+0000][7052.781s][info ][gc,heap       ] GC(51) Survivor regions: 2->1(62)
[2023-11-14T23:00:01.623+0000][7052.781s][info ][gc,heap       ] GC(51) Old regions: 148->148
[2023-11-14T23:00:01.623+0000][7052.781s][info ][gc,heap       ] GC(51) Humongous regions: 0->0
[2023-11-14T23:00:01.623+0000][7052.781s][info ][gc,metaspace  ] GC(51) Metaspace: 153477K(158460K)->153477K(158460K) NonClass: 135728K(138752K)->135728K(138752K) Class: 17748K(19708K)->17748K(19708K)
[2023-11-14T23:00:01.623+0000][7052.781s][info ][gc            ] GC(51) Pause Young (Normal) (G1 Evacuation Pause) 639M->147M(824M) 5.851ms
[2023-11-14T23:00:01.623+0000][7052.782s][info ][gc,cpu        ] GC(51) User=0.02s Sys=0.00s Real=0.01s
[2023-11-14T23:00:01.624+0000][7052.782s][info ][safepoint     ] Leaving safepoint region
[2023-11-14T23:00:01.624+0000][7052.782s][info ][safepoint     ] Total time for which application threads were stopped: 0.0061695 seconds, Stopping threads took: 0.0000338 seconds
[2023-11-14T23:00:01.624+0000][7052.782s][info ][gc,stringdedup] Concurrent String Deduplication (7052.782s)
[2023-11-14T23:00:01.624+0000][7052.782s][info ][gc,stringdedup] Concurrent String Deduplication 280.0B->112.0B(168.0B) avg 54.0% (7052.782s, 7052.782s) 0.036ms
[2023-11-14T23:00:02.624+0000][7053.782s][debug][safepoint     ] Safepoint synchronization initiated. (162 threads)
[2023-11-14T23:00:02.624+0000][7053.782s][info ][safepoint     ] Application time: 1.0002156 seconds
[2023-11-14T23:00:02.624+0000][7053.782s][info ][safepoint     ] Entering safepoint region: Cleanup
[2023-11-14T23:00:02.624+0000][7053.782s][info ][safepoint     ] Leaving safepoint region
[2023-11-14T23:00:02.624+0000][7053.782s][info ][safepoint     ] Total time for which application threads were stopped: 0.0003379 seconds, Stopping threads took: 0.0000489 seconds
[2023-11-14T23:00:43.628+0000][7094.786s][debug][safepoint     ] Safepoint synchronization initiated. (163 threads)
[2023-11-14T23:00:43.628+0000][7094.786s][info ][safepoint     ] Application time: 41.0039727 seconds
[2023-11-14T23:00:43.628+0000][7094.786s][info ][safepoint     ] Entering safepoint region: Cleanup
[2023-11-14T23:00:43.628+0000][7094.786s][info ][safepoint     ] Leaving safepoint region
[2023-11-14T23:00:43.628+0000][7094.786s][info ][safepoint     ] Total time for which application threads were stopped: 0.0002809 seconds, Stopping threads took: 0.0000503 seconds
[2023-11-14T23:00:56.630+0000][7107.788s][debug][safepoint     ] Safepoint synchronization initiated. (163 threads)
[2023-11-14T23:00:56.630+0000][7107.788s][info ][safepoint     ] Application time: 13.0013741 seconds
[2023-11-14T23:00:56.630+0000][7107.788s][info ][safepoint     ] Entering safepoint region: Cleanup
[2023-11-14T23:00:56.630+0000][7107.788s][info ][safepoint     ] Leaving safepoint region
[2023-11-14T23:00:56.630+0000][7107.788s][info ][safepoint     ] Total time for which application threads were stopped: 0.0002542 seconds, Stopping threads took: 0.0000531 seconds
[2023-11-14T23:01:15.632+0000][7126.790s][debug][safepoint     ] Safepoint synchronization initiated. (163 threads)
[2023-11-14T23:01:15.632+0000][7126.790s][info ][safepoint     ] Application time: 19.0018194 seconds
[2023-11-14T23:01:15.632+0000][7126.790s][info ][safepoint     ] Entering safepoint region: Cleanup
[2023-11-14T23:01:15.632+0000][7126.790s][info ][safepoint     ] Leaving safepoint region
[2023-11-14T23:01:15.632+0000][7126.790s][info ][safepoint     ] Total time for which application threads were stopped: 0.0002239 seconds, Stopping threads took: 0.0000390 seconds
[2023-11-14T23:01:42.635+0000][7153.793s][debug][safepoint     ] Safepoint synchronization initiated. (163 threads)
[2023-11-14T23:01:42.635+0000][7153.793s][info ][safepoint     ] Application time: 27.0025628 seconds
[2023-11-14T23:01:42.635+0000][7153.793s][info ][safepoint     ] Entering safepoint region: Cleanup
[2023-11-14T23:01:42.635+0000][7153.793s][info ][safepoint     ] Leaving safepoint region
[2023-11-14T23:01:42.635+0000][7153.793s][info ][safepoint     ] Total time for which application threads were stopped: 0.0003254 seconds, Stopping threads took: 0.0000469 seconds
[2023-11-14T23:02:04.637+0000][7175.795s][debug][safepoint     ] Safepoint synchronization initiated. (162 threads)
[2023-11-14T23:02:04.637+0000][7175.795s][info ][safepoint     ] Application time: 22.0020813 seconds
[2023-11-14T23:02:04.637+0000][7175.795s][info ][safepoint     ] Entering safepoint region: Cleanup
[2023-11-14T23:02:04.637+0000][7175.796s][info ][safepoint     ] Leaving safepoint region
[2023-11-14T23:02:04.638+0000][7175.796s][info ][safepoint     ] Total time for which application threads were stopped: 0.0003302 seconds, Stopping threads took: 0.0000481 seconds
[2023-11-14T23:03:06.643+0000][7237.801s][debug][safepoint     ] Safepoint synchronization initiated. (162 threads)
[2023-11-14T23:03:06.643+0000][7237.801s][info ][safepoint     ] Application time: 62.0055992 seconds
[2023-11-14T23:03:06.643+0000][7237.801s][info ][safepoint     ] Entering safepoint region: Cleanup
[2023-11-14T23:03:06.643+0000][7237.801s][info ][safepoint     ] Leaving safepoint region
[2023-11-14T23:03:06.643+0000][7237.801s][info ][safepoint     ] Total time for which application threads were stopped: 0.0002581 seconds, Stopping threads took: 0.0000488 seconds
[2023-11-14T23:04:01.648+0000][7292.806s][debug][safepoint     ] Safepoint synchronization initiated. (162 threads)
[2023-11-14T23:04:01.648+0000][7292.806s][info ][safepoint     ] Application time: 55.0047013 seconds
[2023-11-14T23:04:01.648+0000][7292.806s][info ][safepoint     ] Entering safepoint region: Cleanup
[2023-11-14T23:04:01.648+0000][7292.807s][info ][safepoint     ] Leaving safepoint region
[2023-11-14T23:04:01.648+0000][7292.807s][info ][safepoint     ] Total time for which application threads were stopped: 0.0003261 seconds, Stopping threads took: 0.0000456 seconds
[2023-11-14T23:04:05.649+0000][7296.807s][debug][safepoint     ] Safepoint synchronization initiated. (162 threads)
[2023-11-14T23:04:05.649+0000][7296.807s][info ][safepoint     ] Application time: 4.0004089 seconds
[2023-11-14T23:04:05.649+0000][7296.807s][info ][safepoint     ] Entering safepoint region: Cleanup
[2023-11-14T23:04:05.649+0000][7296.807s][info ][safepoint     ] Leaving safepoint region
[2023-11-14T23:04:05.649+0000][7296.807s][info ][safepoint     ] Total time for which application threads were stopped: 0.0002401 seconds, Stopping threads took: 0.0000464 seconds
[2023-11-14T23:06:08.660+0000][7419.818s][debug][safepoint     ] Safepoint synchronization initiated. (162 threads)
[2023-11-14T23:06:08.660+0000][7419.818s][info ][safepoint     ] Application time: 123.0109559 seconds
[2023-11-14T23:06:08.660+0000][7419.818s][info ][safepoint     ] Entering safepoint region: Cleanup
[2023-11-14T23:06:08.660+0000][7419.818s][info ][safepoint     ] Leaving safepoint region
[2023-11-14T23:06:08.660+0000][7419.818s][info ][safepoint     ] Total time for which application threads were stopped: 0.0002335 seconds, Stopping threads took: 0.0000489 seconds
[2023-11-14T23:06:57.665+0000][7468.823s][debug][safepoint     ] Safepoint synchronization initiated. (162 threads)
[2023-11-14T23:06:57.665+0000][7468.823s][info ][safepoint     ] Application time: 49.0044187 seconds
[2023-11-14T23:06:57.665+0000][7468.823s][info ][safepoint     ] Entering safepoint region: Cleanup
[2023-11-14T23:06:57.665+0000][7468.823s][info ][safepoint     ] Leaving safepoint region
[2023-11-14T23:06:57.665+0000][7468.823s][info ][safepoint     ] Total time for which application threads were stopped: 0.0001759 seconds, Stopping threads took: 0.0000348 seconds
[2023-11-14T23:07:09.666+0000][7480.824s][debug][safepoint     ] Safepoint synchronization initiated. (162 threads)
[2023-11-14T23:07:09.666+0000][7480.824s][info ][safepoint     ] Application time: 12.0012435 seconds
[2023-11-14T23:07:09.666+0000][7480.824s][info ][safepoint     ] Entering safepoint region: Cleanup
[2023-11-14T23:07:09.667+0000][7480.825s][info ][safepoint     ] Leaving safepoint region
[2023-11-14T23:07:09.667+0000][7480.825s][info ][safepoint     ] Total time for which application threads were stopped: 0.0003348 seconds, Stopping threads took: 0.0000487 seconds
[2023-11-14T23:08:48.740+0000][7579.898s][debug][safepoint     ] Safepoint synchronization initiated. (162 threads)
[2023-11-14T23:08:48.740+0000][7579.898s][info ][safepoint     ] Application time: 99.0729387 seconds
[2023-11-14T23:08:48.740+0000][7579.898s][debug][safepoint     ] Waiting for 1 thread(s) to block
[2023-11-14T23:08:48.740+0000][7579.898s][info ][safepoint     ] Entering safepoint region: G1CollectForAllocation
[2023-11-14T23:08:48.740+0000][7579.898s][info ][gc,start      ] GC(52) Pause Young (Normal) (G1 Evacuation Pause)
[2023-11-14T23:08:48.740+0000][7579.898s][info ][gc,task       ] GC(52) Using 4 workers of 4 for evacuation
[2023-11-14T23:08:48.749+0000][7579.907s][info ][gc,phases     ] GC(52)   Pre Evacuate Collection Set: 0.0ms
[2023-11-14T23:08:48.749+0000][7579.907s][info ][gc,phases     ] GC(52)   Evacuate Collection Set: 2.9ms
[2023-11-14T23:08:48.749+0000][7579.907s][info ][gc,phases     ] GC(52)   Post Evacuate Collection Set: 5.5ms
[2023-11-14T23:08:48.749+0000][7579.907s][info ][gc,phases     ] GC(52)   Other: 0.4ms
[2023-11-14T23:08:48.749+0000][7579.907s][info ][gc,heap       ] GC(52) Eden regions: 493->0(492)
[2023-11-14T23:08:48.749+0000][7579.907s][info ][gc,heap       ] GC(52) Survivor regions: 1->2(62)
[2023-11-14T23:08:48.749+0000][7579.907s][info ][gc,heap       ] GC(52) Old regions: 148->148
[2023-11-14T23:08:48.749+0000][7579.907s][info ][gc,heap       ] GC(52) Humongous regions: 0->0
[2023-11-14T23:08:48.749+0000][7579.907s][info ][gc,metaspace  ] GC(52) Metaspace: 153494K(158460K)->153494K(158460K) NonClass: 135746K(138752K)->135746K(138752K) Class: 17748K(19708K)->17748K(19708K)
[2023-11-14T23:08:48.749+0000][7579.907s][info ][gc            ] GC(52) Pause Young (Normal) (G1 Evacuation Pause) 640M->148M(824M) 8.962ms
[2023-11-14T23:08:48.749+0000][7579.907s][info ][gc,cpu        ] GC(52) User=0.03s Sys=0.01s Real=0.01s
[2023-11-14T23:08:48.749+0000][7579.907s][info ][safepoint     ] Leaving safepoint region
[2023-11-14T23:08:48.749+0000][7579.907s][info ][safepoint     ] Total time for which application threads were stopped: 0.0095240 seconds, Stopping threads took: 0.0001464 seconds
[2023-11-14T23:08:48.749+0000][7579.907s][info ][gc,stringdedup] Concurrent String Deduplication (7579.907s)
[2023-11-14T23:08:48.749+0000][7579.907s][info ][gc,stringdedup] Concurrent String Deduplication 0.0B->0.0B(0.0B) avg 54.0% (7579.907s, 7579.907s) 0.053ms
[2023-11-14T23:08:49.750+0000][7580.908s][debug][safepoint     ] Safepoint synchronization initiated. (162 threads)
[2023-11-14T23:08:49.750+0000][7580.908s][info ][safepoint     ] Application time: 1.0007461 seconds
[2023-11-14T23:08:49.750+0000][7580.908s][info ][safepoint     ] Entering safepoint region: Cleanup
[2023-11-14T23:08:49.750+0000][7580.908s][info ][safepoint     ] Leaving safepoint region
[2023-11-14T23:08:49.750+0000][7580.908s][info ][safepoint     ] Total time for which application threads were stopped: 0.0003068 seconds, Stopping threads took: 0.0000477 seconds
[2023-11-14T23:09:50.756+0000][7641.914s][debug][safepoint     ] Safepoint synchronization initiated. (162 threads)
[2023-11-14T23:09:50.756+0000][7641.914s][info ][safepoint     ] Application time: 61.0056281 seconds
[2023-11-14T23:09:50.756+0000][7641.914s][info ][safepoint     ] Entering safepoint region: Cleanup
[2023-11-14T23:09:50.756+0000][7641.914s][info ][safepoint     ] Leaving safepoint region
[2023-11-14T23:09:50.756+0000][7641.914s][info ][safepoint     ] Total time for which application threads were stopped: 0.0003372 seconds, Stopping threads took: 0.0000481 seconds
[2023-11-14T23:11:15.764+0000][7726.922s][debug][safepoint     ] Safepoint synchronization initiated. (162 threads)
[2023-11-14T23:11:15.764+0000][7726.922s][info ][safepoint     ] Application time: 85.0075015 seconds
[2023-11-14T23:11:15.764+0000][7726.922s][info ][safepoint     ] Entering safepoint region: Cleanup
[2023-11-14T23:11:15.764+0000][7726.922s][info ][safepoint     ] Leaving safepoint region
[2023-11-14T23:11:15.764+0000][7726.922s][info ][safepoint     ] Total time for which application threads were stopped: 0.0002345 seconds, Stopping threads took: 0.0000476 seconds
[2023-11-14T23:11:17.764+0000][7728.922s][debug][safepoint     ] Safepoint synchronization initiated. (162 threads)
[2023-11-14T23:11:17.764+0000][7728.922s][info ][safepoint     ] Application time: 2.0002204 seconds
[2023-11-14T23:11:17.764+0000][7728.922s][info ][safepoint     ] Entering safepoint region: Cleanup
[2023-11-14T23:11:17.764+0000][7728.923s][info ][safepoint     ] Leaving safepoint region
[2023-11-14T23:11:17.765+0000][7728.923s][info ][safepoint     ] Total time for which application threads were stopped: 0.0002571 seconds, Stopping threads took: 0.0000504 seconds
[2023-11-14T23:11:55.768+0000][7766.926s][debug][safepoint     ] Safepoint synchronization initiated. (162 threads)
[2023-11-14T23:11:55.768+0000][7766.926s][info ][safepoint     ] Application time: 38.0032062 seconds
[2023-11-14T23:11:55.768+0000][7766.926s][info ][safepoint     ] Entering safepoint region: Cleanup
[2023-11-14T23:11:55.768+0000][7766.926s][info ][safepoint     ] Leaving safepoint region
[2023-11-14T23:11:55.768+0000][7766.926s][info ][safepoint     ] Total time for which application threads were stopped: 0.0003289 seconds, Stopping threads took: 0.0000450 seconds
[2023-11-14T23:12:13.770+0000][7784.928s][debug][safepoint     ] Safepoint synchronization initiated. (162 threads)
[2023-11-14T23:12:13.770+0000][7784.928s][info ][safepoint     ] Application time: 18.0015599 seconds
[2023-11-14T23:12:13.770+0000][7784.928s][info ][safepoint     ] Entering safepoint region: Cleanup
[2023-11-14T23:12:13.770+0000][7784.928s][info ][safepoint     ] Leaving safepoint region
[2023-11-14T23:12:13.770+0000][7784.928s][info ][safepoint     ] Total time for which application threads were stopped: 0.0003252 seconds, Stopping threads took: 0.0000496 seconds
[2023-11-14T23:12:15.770+0000][7786.928s][debug][safepoint     ] Safepoint synchronization initiated. (162 threads)
[2023-11-14T23:12:15.770+0000][7786.928s][info ][safepoint     ] Application time: 2.0002351 seconds
[2023-11-14T23:12:15.770+0000][7786.928s][info ][safepoint     ] Entering safepoint region: Cleanup
[2023-11-14T23:12:15.771+0000][7786.929s][info ][safepoint     ] Leaving safepoint region
[2023-11-14T23:12:15.771+0000][7786.929s][info ][safepoint     ] Total time for which application threads were stopped: 0.0002411 seconds, Stopping threads took: 0.0000470 seconds
[2023-11-14T23:12:19.771+0000][7790.929s][debug][safepoint     ] Safepoint synchronization initiated. (162 threads)
[2023-11-14T23:12:19.771+0000][7790.929s][info ][safepoint     ] Application time: 4.0004308 seconds
[2023-11-14T23:12:19.771+0000][7790.929s][info ][safepoint     ] Entering safepoint region: Cleanup
[2023-11-14T23:12:19.771+0000][7790.929s][info ][safepoint     ] Leaving safepoint region
[2023-11-14T23:12:19.771+0000][7790.929s][info ][safepoint     ] Total time for which application threads were stopped: 0.0002498 seconds, Stopping threads took: 0.0000503 seconds
[2023-11-14T23:14:09.781+0000][7900.939s][debug][safepoint     ] Safepoint synchronization initiated. (162 threads)
[2023-11-14T23:14:09.781+0000][7900.939s][info ][safepoint     ] Application time: 110.0099666 seconds
[2023-11-14T23:14:09.781+0000][7900.939s][info ][safepoint     ] Entering safepoint region: Cleanup
[2023-11-14T23:14:09.782+0000][7900.940s][info ][safepoint     ] Leaving safepoint region
[2023-11-14T23:14:09.782+0000][7900.940s][info ][safepoint     ] Total time for which application threads were stopped: 0.0003374 seconds, Stopping threads took: 0.0000464 seconds
[2023-11-14T23:14:16.782+0000][7907.940s][debug][safepoint     ] Safepoint synchronization initiated. (162 threads)
[2023-11-14T23:14:16.782+0000][7907.940s][info ][safepoint     ] Application time: 7.0007659 seconds
[2023-11-14T23:14:16.782+0000][7907.940s][info ][safepoint     ] Entering safepoint region: Cleanup
[2023-11-14T23:14:16.783+0000][7907.941s][info ][safepoint     ] Leaving safepoint region
[2023-11-14T23:14:16.783+0000][7907.941s][info ][safepoint     ] Total time for which application threads were stopped: 0.0002709 seconds, Stopping threads took: 0.0000568 seconds
[2023-11-14T23:15:16.788+0000][7967.946s][debug][safepoint     ] Safepoint synchronization initiated. (162 threads)
[2023-11-14T23:15:16.788+0000][7967.946s][info ][safepoint     ] Application time: 60.0056047 seconds
[2023-11-14T23:15:16.788+0000][7967.946s][info ][safepoint     ] Entering safepoint region: Cleanup
[2023-11-14T23:15:16.789+0000][7967.947s][info ][safepoint     ] Leaving safepoint region
[2023-11-14T23:15:16.789+0000][7967.947s][info ][safepoint     ] Total time for which application threads were stopped: 0.0003357 seconds, Stopping threads took: 0.0000484 seconds
[2023-11-14T23:17:36.926+0000][8108.085s][debug][safepoint     ] Safepoint synchronization initiated. (162 threads)
[2023-11-14T23:17:36.927+0000][8108.085s][info ][safepoint     ] Application time: 140.1378808 seconds
[2023-11-14T23:17:36.927+0000][8108.085s][info ][safepoint     ] Entering safepoint region: G1CollectForAllocation
[2023-11-14T23:17:36.927+0000][8108.085s][info ][gc,start      ] GC(53) Pause Young (Normal) (G1 Evacuation Pause)
[2023-11-14T23:17:36.927+0000][8108.085s][info ][gc,task       ] GC(53) Using 4 workers of 4 for evacuation
[2023-11-14T23:17:36.935+0000][8108.093s][info ][gc,phases     ] GC(53)   Pre Evacuate Collection Set: 0.0ms
[2023-11-14T23:17:36.935+0000][8108.093s][info ][gc,phases     ] GC(53)   Evacuate Collection Set: 2.9ms
[2023-11-14T23:17:36.935+0000][8108.093s][info ][gc,phases     ] GC(53)   Post Evacuate Collection Set: 4.6ms
[2023-11-14T23:17:36.935+0000][8108.093s][info ][gc,phases     ] GC(53)   Other: 0.4ms
[2023-11-14T23:17:36.935+0000][8108.093s][info ][gc,heap       ] GC(53) Eden regions: 492->0(492)
[2023-11-14T23:17:36.935+0000][8108.093s][info ][gc,heap       ] GC(53) Survivor regions: 2->2(62)
[2023-11-14T23:17:36.935+0000][8108.093s][info ][gc,heap       ] GC(53) Old regions: 148->148
[2023-11-14T23:17:36.935+0000][8108.093s][info ][gc,heap       ] GC(53) Humongous regions: 0->0
[2023-11-14T23:17:36.935+0000][8108.093s][info ][gc,metaspace  ] GC(53) Metaspace: 153548K(158460K)->153548K(158460K) NonClass: 135800K(138752K)->135800K(138752K) Class: 17748K(19708K)->17748K(19708K)
[2023-11-14T23:17:36.935+0000][8108.093s][info ][gc            ] GC(53) Pause Young (Normal) (G1 Evacuation Pause) 640M->147M(824M) 8.062ms
[2023-11-14T23:17:36.935+0000][8108.093s][info ][gc,cpu        ] GC(53) User=0.03s Sys=0.00s Real=0.01s
[2023-11-14T23:17:36.935+0000][8108.093s][info ][safepoint     ] Leaving safepoint region
[2023-11-14T23:17:36.935+0000][8108.093s][info ][safepoint     ] Total time for which application threads were stopped: 0.0084702 seconds, Stopping threads took: 0.0000487 seconds
[2023-11-14T23:17:36.935+0000][8108.093s][info ][gc,stringdedup] Concurrent String Deduplication (8108.093s)
[2023-11-14T23:17:36.935+0000][8108.093s][info ][gc,stringdedup] Concurrent String Deduplication 0.0B->0.0B(0.0B) avg 54.0% (8108.093s, 8108.093s) 0.062ms
[2023-11-14T23:18:15.939+0000][8147.097s][debug][safepoint     ] Safepoint synchronization initiated. (162 threads)
[2023-11-14T23:18:15.939+0000][8147.097s][info ][safepoint     ] Application time: 39.0036639 seconds
[2023-11-14T23:18:15.939+0000][8147.097s][info ][safepoint     ] Entering safepoint region: Cleanup
[2023-11-14T23:18:15.939+0000][8147.097s][info ][safepoint     ] Leaving safepoint region
[2023-11-14T23:18:15.939+0000][8147.097s][info ][safepoint     ] Total time for which application threads were stopped: 0.0003291 seconds, Stopping threads took: 0.0000467 seconds
[2023-11-14T23:19:15.944+0000][8207.102s][debug][safepoint     ] Safepoint synchronization initiated. (162 threads)
[2023-11-14T23:19:15.944+0000][8207.103s][info ][safepoint     ] Application time: 60.0053874 seconds
[2023-11-14T23:19:15.944+0000][8207.103s][info ][safepoint     ] Entering safepoint region: Cleanup
[2023-11-14T23:19:15.945+0000][8207.103s][info ][safepoint     ] Leaving safepoint region
[2023-11-14T23:19:15.945+0000][8207.103s][info ][safepoint     ] Total time for which application threads were stopped: 0.0003274 seconds, Stopping threads took: 0.0000463 seconds
[2023-11-14T23:19:55.948+0000][8247.106s][debug][safepoint     ] Safepoint synchronization initiated. (162 threads)
[2023-11-14T23:19:55.948+0000][8247.107s][info ][safepoint     ] Application time: 40.0036452 seconds
[2023-11-14T23:19:55.948+0000][8247.107s][info ][safepoint     ] Entering safepoint region: Cleanup
[2023-11-14T23:19:55.949+0000][8247.107s][info ][safepoint     ] Leaving safepoint region
[2023-11-14T23:19:55.949+0000][8247.107s][info ][safepoint     ] Total time for which application threads were stopped: 0.0003290 seconds, Stopping threads took: 0.0000469 seconds
[2023-11-14T23:21:22.957+0000][8334.115s][debug][safepoint     ] Safepoint synchronization initiated. (162 threads)
[2023-11-14T23:21:22.957+0000][8334.115s][info ][safepoint     ] Application time: 87.0079132 seconds
[2023-11-14T23:21:22.957+0000][8334.115s][debug][safepoint     ] ... found polling page loop exception at pc = 0x00007fe180664db7, stub =0x00007fe17883ab00
[2023-11-14T23:21:22.957+0000][8334.115s][debug][safepoint     ] Waiting for 1 thread(s) to block
[2023-11-14T23:21:22.957+0000][8334.115s][info ][safepoint     ] Entering safepoint region: Cleanup
[2023-11-14T23:21:22.957+0000][8334.115s][info ][safepoint     ] Leaving safepoint region
[2023-11-14T23:21:22.957+0000][8334.115s][info ][safepoint     ] Total time for which application threads were stopped: 0.0003687 seconds, Stopping threads took: 0.0001430 seconds
[2023-11-14T23:22:15.962+0000][8387.120s][debug][safepoint     ] Safepoint synchronization initiated. (162 threads)
[2023-11-14T23:22:15.962+0000][8387.120s][info ][safepoint     ] Application time: 53.0049033 seconds
[2023-11-14T23:22:15.962+0000][8387.120s][info ][safepoint     ] Entering safepoint region: Cleanup
[2023-11-14T23:22:15.962+0000][8387.120s][info ][safepoint     ] Leaving safepoint region
[2023-11-14T23:22:15.962+0000][8387.120s][info ][safepoint     ] Total time for which application threads were stopped: 0.0003527 seconds, Stopping threads took: 0.0000464 seconds
[2023-11-14T23:22:48.965+0000][8420.124s][debug][safepoint     ] Safepoint synchronization initiated. (162 threads)
[2023-11-14T23:22:48.966+0000][8420.124s][info ][safepoint     ] Application time: 33.0031301 seconds
[2023-11-14T23:22:48.966+0000][8420.124s][info ][safepoint     ] Entering safepoint region: Cleanup
[2023-11-14T23:22:48.966+0000][8420.124s][info ][safepoint     ] Leaving safepoint region
[2023-11-14T23:22:48.966+0000][8420.124s][info ][safepoint     ] Total time for which application threads were stopped: 0.0003208 seconds, Stopping threads took: 0.0000475 seconds
[2023-11-14T23:24:15.974+0000][8507.132s][debug][safepoint     ] Safepoint synchronization initiated. (162 threads)
[2023-11-14T23:24:15.974+0000][8507.132s][info ][safepoint     ] Application time: 87.0078462 seconds
[2023-11-14T23:24:15.974+0000][8507.132s][info ][safepoint     ] Entering safepoint region: Cleanup
[2023-11-14T23:24:15.974+0000][8507.132s][info ][safepoint     ] Leaving safepoint region
[2023-11-14T23:24:15.974+0000][8507.132s][info ][safepoint     ] Total time for which application threads were stopped: 0.0003321 seconds, Stopping threads took: 0.0000454 seconds
[2023-11-14T23:24:25.975+0000][8517.133s][debug][safepoint     ] Safepoint synchronization initiated. (162 threads)
[2023-11-14T23:24:25.975+0000][8517.133s][info ][safepoint     ] Application time: 10.0010496 seconds
[2023-11-14T23:24:25.975+0000][8517.133s][info ][safepoint     ] Entering safepoint region: Cleanup
[2023-11-14T23:24:25.975+0000][8517.134s][info ][safepoint     ] Leaving safepoint region
[2023-11-14T23:24:25.976+0000][8517.134s][info ][safepoint     ] Total time for which application threads were stopped: 0.0003161 seconds, Stopping threads took: 0.0000447 seconds
[2023-11-14T23:25:15.980+0000][8567.138s][debug][safepoint     ] Safepoint synchronization initiated. (162 threads)
[2023-11-14T23:25:15.980+0000][8567.138s][info ][safepoint     ] Application time: 50.0046621 seconds
[2023-11-14T23:25:15.980+0000][8567.138s][info ][safepoint     ] Entering safepoint region: Cleanup
[2023-11-14T23:25:15.980+0000][8567.139s][info ][safepoint     ] Leaving safepoint region
[2023-11-14T23:25:15.981+0000][8567.139s][info ][safepoint     ] Total time for which application threads were stopped: 0.0003231 seconds, Stopping threads took: 0.0000444 seconds
[2023-11-14T23:25:26.981+0000][8578.140s][debug][safepoint     ] Safepoint synchronization initiated. (162 threads)
[2023-11-14T23:25:26.982+0000][8578.140s][info ][safepoint     ] Application time: 11.0009838 seconds
[2023-11-14T23:25:26.982+0000][8578.140s][info ][safepoint     ] Entering safepoint region: Cleanup
[2023-11-14T23:25:26.982+0000][8578.140s][info ][safepoint     ] Leaving safepoint region
[2023-11-14T23:25:26.982+0000][8578.140s][info ][safepoint     ] Total time for which application threads were stopped: 0.0002873 seconds, Stopping threads took: 0.0000456 seconds
[2023-11-14T23:25:40.983+0000][8592.141s][debug][safepoint     ] Safepoint synchronization initiated. (162 threads)
[2023-11-14T23:25:40.983+0000][8592.141s][info ][safepoint     ] Application time: 14.0012768 seconds
[2023-11-14T23:25:40.983+0000][8592.141s][info ][safepoint     ] Entering safepoint region: Cleanup
[2023-11-14T23:25:40.983+0000][8592.141s][info ][safepoint     ] Leaving safepoint region
[2023-11-14T23:25:40.983+0000][8592.142s][info ][safepoint     ] Total time for which application threads were stopped: 0.0003323 seconds, Stopping threads took: 0.0000443 seconds
[2023-11-14T23:26:25.375+0000][8636.533s][debug][safepoint     ] Safepoint synchronization initiated. (162 threads)
[2023-11-14T23:26:25.375+0000][8636.534s][info ][safepoint     ] Application time: 44.3919413 seconds
[2023-11-14T23:26:25.376+0000][8636.534s][info ][safepoint     ] Entering safepoint region: G1CollectForAllocation
[2023-11-14T23:26:25.376+0000][8636.534s][info ][gc,start      ] GC(54) Pause Young (Normal) (G1 Evacuation Pause)
[2023-11-14T23:26:25.376+0000][8636.534s][info ][gc,task       ] GC(54) Using 4 workers of 4 for evacuation
[2023-11-14T23:26:25.384+0000][8636.542s][info ][gc,phases     ] GC(54)   Pre Evacuate Collection Set: 0.0ms
[2023-11-14T23:26:25.384+0000][8636.542s][info ][gc,phases     ] GC(54)   Evacuate Collection Set: 3.0ms
[2023-11-14T23:26:25.384+0000][8636.542s][info ][gc,phases     ] GC(54)   Post Evacuate Collection Set: 4.3ms
[2023-11-14T23:26:25.384+0000][8636.542s][info ][gc,phases     ] GC(54)   Other: 0.4ms
[2023-11-14T23:26:25.384+0000][8636.542s][info ][gc,heap       ] GC(54) Eden regions: 492->0(492)
[2023-11-14T23:26:25.384+0000][8636.542s][info ][gc,heap       ] GC(54) Survivor regions: 2->2(62)
[2023-11-14T23:26:25.384+0000][8636.542s][info ][gc,heap       ] GC(54) Old regions: 148->148
[2023-11-14T23:26:25.384+0000][8636.542s][info ][gc,heap       ] GC(54) Humongous regions: 0->0
[2023-11-14T23:26:25.384+0000][8636.542s][info ][gc,metaspace  ] GC(54) Metaspace: 153563K(158460K)->153563K(158460K) NonClass: 135814K(138752K)->135814K(138752K) Class: 17748K(19708K)->17748K(19708K)
[2023-11-14T23:26:25.384+0000][8636.542s][info ][gc            ] GC(54) Pause Young (Normal) (G1 Evacuation Pause) 639M->147M(824M) 7.994ms
[2023-11-14T23:26:25.384+0000][8636.542s][info ][gc,cpu        ] GC(54) User=0.00s Sys=0.01s Real=0.01s
[2023-11-14T23:26:25.384+0000][8636.542s][info ][safepoint     ] Leaving safepoint region
[2023-11-14T23:26:25.384+0000][8636.542s][info ][safepoint     ] Total time for which application threads were stopped: 0.0084302 seconds, Stopping threads took: 0.0000489 seconds
[2023-11-14T23:26:25.384+0000][8636.542s][info ][gc,stringdedup] Concurrent String Deduplication (8636.542s)
[2023-11-14T23:26:25.384+0000][8636.542s][info ][gc,stringdedup] Concurrent String Deduplication 33800.0B->344.0B(33456.0B) avg 54.1% (8636.542s, 8636.542s) 0.352ms
[2023-11-14T23:28:30.395+0000][8761.553s][debug][safepoint     ] Safepoint synchronization initiated. (162 threads)
[2023-11-14T23:28:30.395+0000][8761.553s][info ][safepoint     ] Application time: 125.0109719 seconds
[2023-11-14T23:28:30.395+0000][8761.553s][info ][safepoint     ] Entering safepoint region: Cleanup
[2023-11-14T23:28:30.395+0000][8761.553s][info ][safepoint     ] Leaving safepoint region
[2023-11-14T23:28:30.395+0000][8761.553s][info ][safepoint     ] Total time for which application threads were stopped: 0.0003316 seconds, Stopping threads took: 0.0000475 seconds
[2023-11-14T23:28:34.396+0000][8765.554s][debug][safepoint     ] Safepoint synchronization initiated. (162 threads)
[2023-11-14T23:28:34.396+0000][8765.554s][info ][safepoint     ] Application time: 4.0004332 seconds
[2023-11-14T23:28:34.396+0000][8765.554s][info ][safepoint     ] Entering safepoint region: Cleanup
[2023-11-14T23:28:34.396+0000][8765.554s][info ][safepoint     ] Leaving safepoint region
[2023-11-14T23:28:34.396+0000][8765.554s][info ][safepoint     ] Total time for which application threads were stopped: 0.0003345 seconds, Stopping threads took: 0.0000475 seconds
[2023-11-14T23:29:31.401+0000][8822.559s][debug][safepoint     ] Safepoint synchronization initiated. (162 threads)
[2023-11-14T23:29:31.401+0000][8822.559s][info ][safepoint     ] Application time: 57.0049339 seconds
[2023-11-14T23:29:31.401+0000][8822.559s][info ][safepoint     ] Entering safepoint region: Cleanup
[2023-11-14T23:29:31.401+0000][8822.559s][info ][safepoint     ] Leaving safepoint region
[2023-11-14T23:29:31.401+0000][8822.559s][info ][safepoint     ] Total time for which application threads were stopped: 0.0003280 seconds, Stopping threads took: 0.0000477 seconds
[2023-11-14T23:30:16.405+0000][8867.563s][debug][safepoint     ] Safepoint synchronization initiated. (164 threads)
[2023-11-14T23:30:16.405+0000][8867.563s][info ][safepoint     ] Application time: 45.0039528 seconds
[2023-11-14T23:30:16.405+0000][8867.563s][info ][safepoint     ] Entering safepoint region: Cleanup
[2023-11-14T23:30:16.406+0000][8867.564s][info ][safepoint     ] Leaving safepoint region
[2023-11-14T23:30:16.406+0000][8867.564s][info ][safepoint     ] Total time for which application threads were stopped: 0.0003679 seconds, Stopping threads took: 0.0000490 seconds
[2023-11-14T23:30:32.407+0000][8883.565s][debug][safepoint     ] Safepoint synchronization initiated. (163 threads)
[2023-11-14T23:30:32.407+0000][8883.565s][info ][safepoint     ] Application time: 16.0016034 seconds
[2023-11-14T23:30:32.407+0000][8883.565s][info ][safepoint     ] Entering safepoint region: Cleanup
[2023-11-14T23:30:32.408+0000][8883.566s][info ][safepoint     ] Leaving safepoint region
[2023-11-14T23:30:32.408+0000][8883.566s][info ][safepoint     ] Total time for which application threads were stopped: 0.0002752 seconds, Stopping threads took: 0.0000480 seconds
[2023-11-14T23:32:32.418+0000][9003.576s][debug][safepoint     ] Safepoint synchronization initiated. (162 threads)
[2023-11-14T23:32:32.418+0000][9003.576s][info ][safepoint     ] Application time: 120.0107690 seconds
[2023-11-14T23:32:32.418+0000][9003.577s][info ][safepoint     ] Entering safepoint region: Cleanup
[2023-11-14T23:32:32.419+0000][9003.577s][info ][safepoint     ] Leaving safepoint region
[2023-11-14T23:32:32.419+0000][9003.577s][info ][safepoint     ] Total time for which application threads were stopped: 0.0003227 seconds, Stopping threads took: 0.0000491 seconds
[2023-11-14T23:32:34.419+0000][9005.577s][debug][safepoint     ] Safepoint synchronization initiated. (162 threads)
[2023-11-14T23:32:34.419+0000][9005.577s][info ][safepoint     ] Application time: 2.0002329 seconds
[2023-11-14T23:32:34.419+0000][9005.577s][info ][safepoint     ] Entering safepoint region: Cleanup
[2023-11-14T23:32:34.419+0000][9005.577s][info ][safepoint     ] Leaving safepoint region
[2023-11-14T23:32:34.419+0000][9005.577s][info ][safepoint     ] Total time for which application threads were stopped: 0.0002566 seconds, Stopping threads took: 0.0000544 seconds
[2023-11-14T23:33:35.425+0000][9066.583s][debug][safepoint     ] Safepoint synchronization initiated. (162 threads)
[2023-11-14T23:33:35.425+0000][9066.583s][info ][safepoint     ] Application time: 61.0054102 seconds
[2023-11-14T23:33:35.425+0000][9066.583s][info ][safepoint     ] Entering safepoint region: Cleanup
[2023-11-14T23:33:35.425+0000][9066.583s][info ][safepoint     ] Leaving safepoint region
[2023-11-14T23:33:35.425+0000][9066.583s][info ][safepoint     ] Total time for which application threads were stopped: 0.0003304 seconds, Stopping threads took: 0.0000478 seconds
[2023-11-14T23:33:36.425+0000][9067.583s][debug][safepoint     ] Safepoint synchronization initiated. (162 threads)
[2023-11-14T23:33:36.425+0000][9067.583s][info ][safepoint     ] Application time: 1.0001499 seconds
[2023-11-14T23:33:36.425+0000][9067.583s][info ][safepoint     ] Entering safepoint region: Cleanup
[2023-11-14T23:33:36.426+0000][9067.584s][info ][safepoint     ] Leaving safepoint region
[2023-11-14T23:33:36.426+0000][9067.584s][info ][safepoint     ] Total time for which application threads were stopped: 0.0003270 seconds, Stopping threads took: 0.0000470 seconds
[2023-11-14T23:34:19.430+0000][9110.588s][debug][safepoint     ] Safepoint synchronization initiated. (162 threads)
[2023-11-14T23:34:19.430+0000][9110.588s][info ][safepoint     ] Application time: 43.0040785 seconds
[2023-11-14T23:34:19.430+0000][9110.588s][info ][safepoint     ] Entering safepoint region: Cleanup
[2023-11-14T23:34:19.430+0000][9110.588s][info ][safepoint     ] Leaving safepoint region
[2023-11-14T23:34:19.430+0000][9110.588s][info ][safepoint     ] Total time for which application threads were stopped: 0.0003323 seconds, Stopping threads took: 0.0000469 seconds
[2023-11-14T23:35:10.922+0000][9162.080s][debug][safepoint     ] Safepoint synchronization initiated. (162 threads)
[2023-11-14T23:35:10.922+0000][9162.080s][info ][safepoint     ] Application time: 51.4922968 seconds
[2023-11-14T23:35:10.922+0000][9162.080s][info ][safepoint     ] Entering safepoint region: G1CollectForAllocation
[2023-11-14T23:35:10.923+0000][9162.081s][info ][gc,start      ] GC(55) Pause Young (Normal) (G1 Evacuation Pause)
[2023-11-14T23:35:10.923+0000][9162.081s][info ][gc,task       ] GC(55) Using 4 workers of 4 for evacuation
[2023-11-14T23:35:10.931+0000][9162.089s][info ][gc,phases     ] GC(55)   Pre Evacuate Collection Set: 0.0ms
[2023-11-14T23:35:10.931+0000][9162.089s][info ][gc,phases     ] GC(55)   Evacuate Collection Set: 2.9ms
[2023-11-14T23:35:10.931+0000][9162.089s][info ][gc,phases     ] GC(55)   Post Evacuate Collection Set: 4.9ms
[2023-11-14T23:35:10.931+0000][9162.089s][info ][gc,phases     ] GC(55)   Other: 0.4ms
[2023-11-14T23:35:10.931+0000][9162.089s][info ][gc,heap       ] GC(55) Eden regions: 492->0(492)
[2023-11-14T23:35:10.931+0000][9162.089s][info ][gc,heap       ] GC(55) Survivor regions: 2->2(62)
[2023-11-14T23:35:10.931+0000][9162.089s][info ][gc,heap       ] GC(55) Old regions: 148->148
[2023-11-14T23:35:10.931+0000][9162.089s][info ][gc,heap       ] GC(55) Humongous regions: 0->0
[2023-11-14T23:35:10.931+0000][9162.089s][info ][gc,metaspace  ] GC(55) Metaspace: 153581K(158460K)->153581K(158460K) NonClass: 135832K(138752K)->135832K(138752K) Class: 17748K(19708K)->17748K(19708K)
[2023-11-14T23:35:10.931+0000][9162.089s][info ][gc            ] GC(55) Pause Young (Normal) (G1 Evacuation Pause) 639M->148M(824M) 8.469ms
[2023-11-14T23:35:10.931+0000][9162.089s][info ][gc,cpu        ] GC(55) User=0.03s Sys=0.00s Real=0.01s
[2023-11-14T23:35:10.931+0000][9162.089s][info ][safepoint     ] Leaving safepoint region
[2023-11-14T23:35:10.931+0000][9162.089s][info ][safepoint     ] Total time for which application threads were stopped: 0.0089065 seconds, Stopping threads took: 0.0000489 seconds
[2023-11-14T23:35:10.931+0000][9162.089s][info ][gc,stringdedup] Concurrent String Deduplication (9162.089s)
[2023-11-14T23:35:10.931+0000][9162.089s][info ][gc,stringdedup] Concurrent String Deduplication 0.0B->0.0B(0.0B) avg 54.1% (9162.089s, 9162.089s) 0.057ms
[2023-11-14T23:36:37.939+0000][9249.097s][debug][safepoint     ] Safepoint synchronization initiated. (162 threads)
[2023-11-14T23:36:37.939+0000][9249.097s][info ][safepoint     ] Application time: 87.0081436 seconds
[2023-11-14T23:36:37.939+0000][9249.098s][info ][safepoint     ] Entering safepoint region: Cleanup
[2023-11-14T23:36:37.940+0000][9249.098s][info ][safepoint     ] Leaving safepoint region
[2023-11-14T23:36:37.940+0000][9249.098s][info ][safepoint     ] Total time for which application threads were stopped: 0.0002995 seconds, Stopping threads took: 0.0000803 seconds
[2023-11-14T23:36:55.941+0000][9267.100s][debug][safepoint     ] Safepoint synchronization initiated. (162 threads)
[2023-11-14T23:36:55.942+0000][9267.100s][info ][safepoint     ] Application time: 18.0017884 seconds
[2023-11-14T23:36:55.942+0000][9267.100s][debug][safepoint     ] ... found polling page return exception at pc = 0x00007fe180ff84aa, stub =0x00007fe17883a800
[2023-11-14T23:36:55.942+0000][9267.100s][debug][safepoint     ] Waiting for 1 thread(s) to block
[2023-11-14T23:36:55.942+0000][9267.100s][info ][safepoint     ] Entering safepoint region: Cleanup
[2023-11-14T23:36:55.942+0000][9267.100s][info ][safepoint     ] Leaving safepoint region
[2023-11-14T23:36:55.942+0000][9267.100s][info ][safepoint     ] Total time for which application threads were stopped: 0.0004701 seconds, Stopping threads took: 0.0001852 seconds
[2023-11-14T23:38:49.952+0000][9381.110s][debug][safepoint     ] Safepoint synchronization initiated. (162 threads)
[2023-11-14T23:38:49.952+0000][9381.110s][info ][safepoint     ] Application time: 114.0103169 seconds
[2023-11-14T23:38:49.952+0000][9381.110s][info ][safepoint     ] Entering safepoint region: Cleanup
[2023-11-14T23:38:49.953+0000][9381.111s][info ][safepoint     ] Leaving safepoint region
[2023-11-14T23:38:49.953+0000][9381.111s][info ][safepoint     ] Total time for which application threads were stopped: 0.0002453 seconds, Stopping threads took: 0.0000482 seconds
[2023-11-14T23:41:31.968+0000][9543.126s][debug][safepoint     ] Safepoint synchronization initiated. (162 threads)
[2023-11-14T23:41:31.968+0000][9543.126s][info ][safepoint     ] Application time: 162.0150352 seconds
[2023-11-14T23:41:31.968+0000][9543.126s][info ][safepoint     ] Entering safepoint region: Cleanup
[2023-11-14T23:41:31.968+0000][9543.126s][info ][safepoint     ] Leaving safepoint region
[2023-11-14T23:41:31.968+0000][9543.126s][info ][safepoint     ] Total time for which application threads were stopped: 0.0003344 seconds, Stopping threads took: 0.0000465 seconds
[2023-11-14T23:42:57.976+0000][9629.134s][debug][safepoint     ] Safepoint synchronization initiated. (162 threads)
[2023-11-14T23:42:57.976+0000][9629.134s][info ][safepoint     ] Application time: 86.0081385 seconds
[2023-11-14T23:42:57.976+0000][9629.134s][info ][safepoint     ] Entering safepoint region: Cleanup
[2023-11-14T23:42:57.976+0000][9629.135s][info ][safepoint     ] Leaving safepoint region
[2023-11-14T23:42:57.977+0000][9629.135s][info ][safepoint     ] Total time for which application threads were stopped: 0.0003211 seconds, Stopping threads took: 0.0000452 seconds
[2023-11-14T23:43:44.981+0000][9676.139s][debug][safepoint     ] Safepoint synchronization initiated. (162 threads)
[2023-11-14T23:43:44.981+0000][9676.139s][info ][safepoint     ] Application time: 47.0043062 seconds
[2023-11-14T23:43:44.981+0000][9676.139s][info ][safepoint     ] Entering safepoint region: Cleanup
[2023-11-14T23:43:44.981+0000][9676.139s][info ][safepoint     ] Leaving safepoint region
[2023-11-14T23:43:44.981+0000][9676.139s][info ][safepoint     ] Total time for which application threads were stopped: 0.0003234 seconds, Stopping threads took: 0.0000456 seconds
[2023-11-14T23:43:59.005+0000][9690.163s][debug][safepoint     ] Safepoint synchronization initiated. (162 threads)
[2023-11-14T23:43:59.005+0000][9690.163s][info ][safepoint     ] Application time: 14.0236682 seconds
[2023-11-14T23:43:59.005+0000][9690.163s][info ][safepoint     ] Entering safepoint region: G1CollectForAllocation
[2023-11-14T23:43:59.005+0000][9690.163s][info ][gc,start      ] GC(56) Pause Young (Normal) (G1 Evacuation Pause)
[2023-11-14T23:43:59.005+0000][9690.163s][info ][gc,task       ] GC(56) Using 4 workers of 4 for evacuation
[2023-11-14T23:43:59.011+0000][9690.169s][info ][gc,phases     ] GC(56)   Pre Evacuate Collection Set: 0.0ms
[2023-11-14T23:43:59.011+0000][9690.169s][info ][gc,phases     ] GC(56)   Evacuate Collection Set: 2.5ms
[2023-11-14T23:43:59.011+0000][9690.169s][info ][gc,phases     ] GC(56)   Post Evacuate Collection Set: 2.7ms
[2023-11-14T23:43:59.011+0000][9690.169s][info ][gc,phases     ] GC(56)   Other: 0.3ms
[2023-11-14T23:43:59.011+0000][9690.169s][info ][gc,heap       ] GC(56) Eden regions: 492->0(492)
[2023-11-14T23:43:59.011+0000][9690.169s][info ][gc,heap       ] GC(56) Survivor regions: 2->2(62)
[2023-11-14T23:43:59.011+0000][9690.169s][info ][gc,heap       ] GC(56) Old regions: 148->148
[2023-11-14T23:43:59.011+0000][9690.169s][info ][gc,heap       ] GC(56) Humongous regions: 0->0
[2023-11-14T23:43:59.011+0000][9690.169s][info ][gc,metaspace  ] GC(56) Metaspace: 153589K(158460K)->153589K(158460K) NonClass: 135840K(138752K)->135840K(138752K) Class: 17748K(19708K)->17748K(19708K)
[2023-11-14T23:43:59.011+0000][9690.169s][info ][gc            ] GC(56) Pause Young (Normal) (G1 Evacuation Pause) 640M->147M(824M) 5.609ms
[2023-11-14T23:43:59.011+0000][9690.169s][info ][gc,cpu        ] GC(56) User=0.01s Sys=0.00s Real=0.01s
[2023-11-14T23:43:59.011+0000][9690.169s][info ][safepoint     ] Leaving safepoint region
[2023-11-14T23:43:59.011+0000][9690.169s][info ][safepoint     ] Total time for which application threads were stopped: 0.0059204 seconds, Stopping threads took: 0.0000389 seconds
[2023-11-14T23:43:59.011+0000][9690.169s][info ][gc,stringdedup] Concurrent String Deduplication (9690.169s)
[2023-11-14T23:43:59.011+0000][9690.169s][info ][gc,stringdedup] Concurrent String Deduplication 0.0B->0.0B(0.0B) avg 54.1% (9690.169s, 9690.169s) 0.029ms
[2023-11-14T23:44:00.011+0000][9691.169s][debug][safepoint     ] Safepoint synchronization initiated. (162 threads)
[2023-11-14T23:44:00.011+0000][9691.169s][info ][safepoint     ] Application time: 1.0001640 seconds
[2023-11-14T23:44:00.011+0000][9691.169s][info ][safepoint     ] Entering safepoint region: Cleanup
[2023-11-14T23:44:00.011+0000][9691.169s][info ][safepoint     ] Leaving safepoint region
[2023-11-14T23:44:00.011+0000][9691.169s][info ][safepoint     ] Total time for which application threads were stopped: 0.0001601 seconds, Stopping threads took: 0.0000339 seconds
[2023-11-14T23:44:25.013+0000][9716.171s][debug][safepoint     ] Safepoint synchronization initiated. (162 threads)
[2023-11-14T23:44:25.013+0000][9716.171s][info ][safepoint     ] Application time: 25.0019583 seconds
[2023-11-14T23:44:25.013+0000][9716.171s][info ][safepoint     ] Entering safepoint region: Cleanup
[2023-11-14T23:44:25.013+0000][9716.171s][info ][safepoint     ] Leaving safepoint region
[2023-11-14T23:44:25.013+0000][9716.171s][info ][safepoint     ] Total time for which application threads were stopped: 0.0001752 seconds, Stopping threads took: 0.0000353 seconds
[2023-11-14T23:45:16.017+0000][9767.175s][debug][safepoint     ] Safepoint synchronization initiated. (162 threads)
[2023-11-14T23:45:16.017+0000][9767.175s][info ][safepoint     ] Application time: 51.0037593 seconds
[2023-11-14T23:45:16.017+0000][9767.175s][info ][safepoint     ] Entering safepoint region: Cleanup
[2023-11-14T23:45:16.017+0000][9767.175s][info ][safepoint     ] Leaving safepoint region
[2023-11-14T23:45:16.017+0000][9767.175s][info ][safepoint     ] Total time for which application threads were stopped: 0.0001792 seconds, Stopping threads took: 0.0000340 seconds
[2023-11-14T23:45:47.023+0000][9798.181s][debug][safepoint     ] Safepoint synchronization initiated. (162 threads)
[2023-11-14T23:45:47.023+0000][9798.181s][info ][safepoint     ] Application time: 31.0058244 seconds
[2023-11-14T23:45:47.023+0000][9798.181s][info ][safepoint     ] Entering safepoint region: Cleanup
[2023-11-14T23:45:47.023+0000][9798.181s][info ][safepoint     ] Leaving safepoint region
[2023-11-14T23:45:47.023+0000][9798.181s][info ][safepoint     ] Total time for which application threads were stopped: 0.0002245 seconds, Stopping threads took: 0.0000362 seconds
[2023-11-14T23:45:56.027+0000][9807.185s][debug][safepoint     ] Safepoint synchronization initiated. (162 threads)
[2023-11-14T23:45:56.027+0000][9807.185s][info ][safepoint     ] Application time: 9.0032403 seconds
[2023-11-14T23:45:56.027+0000][9807.185s][info ][safepoint     ] Entering safepoint region: Cleanup
[2023-11-14T23:45:56.027+0000][9807.185s][info ][safepoint     ] Leaving safepoint region
[2023-11-14T23:45:56.027+0000][9807.185s][info ][safepoint     ] Total time for which application threads were stopped: 0.0001469 seconds, Stopping threads took: 0.0000361 seconds
[2023-11-14T23:46:47.033+0000][9858.191s][debug][safepoint     ] Safepoint synchronization initiated. (162 threads)
[2023-11-14T23:46:47.033+0000][9858.191s][info ][safepoint     ] Application time: 51.0059350 seconds
[2023-11-14T23:46:47.033+0000][9858.191s][info ][safepoint     ] Entering safepoint region: Cleanup
[2023-11-14T23:46:47.033+0000][9858.191s][info ][safepoint     ] Leaving safepoint region
[2023-11-14T23:46:47.033+0000][9858.191s][info ][safepoint     ] Total time for which application threads were stopped: 0.0002085 seconds, Stopping threads took: 0.0000398 seconds
[2023-11-14T23:49:07.046+0000][9998.204s][debug][safepoint     ] Safepoint synchronization initiated. (162 threads)
[2023-11-14T23:49:07.046+0000][9998.204s][info ][safepoint     ] Application time: 140.0126997 seconds
[2023-11-14T23:49:07.046+0000][9998.204s][info ][safepoint     ] Entering safepoint region: Cleanup
[2023-11-14T23:49:07.046+0000][9998.204s][info ][safepoint     ] Leaving safepoint region
[2023-11-14T23:49:07.046+0000][9998.204s][info ][safepoint     ] Total time for which application threads were stopped: 0.0002234 seconds, Stopping threads took: 0.0000308 seconds
[2023-11-14T23:51:37.060+0000][10148.218s][debug][safepoint     ] Safepoint synchronization initiated. (162 threads)
[2023-11-14T23:51:37.060+0000][10148.218s][info ][safepoint     ] Application time: 150.0142159 seconds
[2023-11-14T23:51:37.060+0000][10148.218s][info ][safepoint     ] Entering safepoint region: Cleanup
[2023-11-14T23:51:37.060+0000][10148.218s][info ][safepoint     ] Leaving safepoint region
[2023-11-14T23:51:37.060+0000][10148.218s][info ][safepoint     ] Total time for which application threads were stopped: 0.0002480 seconds, Stopping threads took: 0.0000483 seconds
[2023-11-14T23:52:47.381+0000][10218.539s][debug][safepoint     ] Safepoint synchronization initiated. (162 threads)
[2023-11-14T23:52:47.381+0000][10218.539s][info ][safepoint     ] Application time: 70.3204952 seconds
[2023-11-14T23:52:47.381+0000][10218.539s][info ][safepoint     ] Entering safepoint region: G1CollectForAllocation
[2023-11-14T23:52:47.381+0000][10218.539s][info ][gc,start      ] GC(57) Pause Young (Normal) (G1 Evacuation Pause)
[2023-11-14T23:52:47.381+0000][10218.539s][info ][gc,task       ] GC(57) Using 4 workers of 4 for evacuation
[2023-11-14T23:52:47.389+0000][10218.547s][info ][gc,phases     ] GC(57)   Pre Evacuate Collection Set: 0.0ms
[2023-11-14T23:52:47.389+0000][10218.547s][info ][gc,phases     ] GC(57)   Evacuate Collection Set: 2.3ms
[2023-11-14T23:52:47.389+0000][10218.547s][info ][gc,phases     ] GC(57)   Post Evacuate Collection Set: 5.0ms
[2023-11-14T23:52:47.389+0000][10218.547s][info ][gc,phases     ] GC(57)   Other: 0.3ms
[2023-11-14T23:52:47.389+0000][10218.547s][info ][gc,heap       ] GC(57) Eden regions: 492->0(493)
[2023-11-14T23:52:47.389+0000][10218.547s][info ][gc,heap       ] GC(57) Survivor regions: 2->1(62)
[2023-11-14T23:52:47.389+0000][10218.547s][info ][gc,heap       ] GC(57) Old regions: 148->148
[2023-11-14T23:52:47.389+0000][10218.547s][info ][gc,heap       ] GC(57) Humongous regions: 0->0
[2023-11-14T23:52:47.389+0000][10218.547s][info ][gc,metaspace  ] GC(57) Metaspace: 153607K(158716K)->153607K(158716K) NonClass: 135858K(139008K)->135858K(139008K) Class: 17748K(19708K)->17748K(19708K)
[2023-11-14T23:52:47.389+0000][10218.547s][info ][gc            ] GC(57) Pause Young (Normal) (G1 Evacuation Pause) 639M->147M(824M) 7.882ms
[2023-11-14T23:52:47.389+0000][10218.547s][info ][gc,cpu        ] GC(57) User=0.03s Sys=0.00s Real=0.01s
[2023-11-14T23:52:47.389+0000][10218.547s][info ][safepoint     ] Leaving safepoint region
[2023-11-14T23:52:47.389+0000][10218.547s][info ][safepoint     ] Total time for which application threads were stopped: 0.0082667 seconds, Stopping threads took: 0.0000560 seconds
[2023-11-14T23:52:47.389+0000][10218.547s][info ][gc,stringdedup] Concurrent String Deduplication (10218.547s)
[2023-11-14T23:52:47.390+0000][10218.548s][info ][gc,stringdedup] Concurrent String Deduplication 33912.0B->48.0B(33864.0B) avg 54.2% (10218.547s, 10218.548s) 0.354ms
[2023-11-14T23:53:31.393+0000][10262.551s][debug][safepoint     ] Safepoint synchronization initiated. (162 threads)
[2023-11-14T23:53:31.393+0000][10262.551s][info ][safepoint     ] Application time: 44.0039690 seconds
[2023-11-14T23:53:31.393+0000][10262.551s][info ][safepoint     ] Entering safepoint region: Cleanup
[2023-11-14T23:53:31.393+0000][10262.551s][info ][safepoint     ] Leaving safepoint region
[2023-11-14T23:53:31.393+0000][10262.552s][info ][safepoint     ] Total time for which application threads were stopped: 0.0003362 seconds, Stopping threads took: 0.0000478 seconds
[2023-11-14T23:55:06.402+0000][10357.560s][debug][safepoint     ] Safepoint synchronization initiated. (162 threads)
[2023-11-14T23:55:06.402+0000][10357.560s][info ][safepoint     ] Application time: 95.0084369 seconds
[2023-11-14T23:55:06.402+0000][10357.560s][info ][safepoint     ] Entering safepoint region: Cleanup
[2023-11-14T23:55:06.402+0000][10357.560s][info ][safepoint     ] Leaving safepoint region
[2023-11-14T23:55:06.402+0000][10357.560s][info ][safepoint     ] Total time for which application threads were stopped: 0.0003319 seconds, Stopping threads took: 0.0000459 seconds
[2023-11-14T23:55:19.404+0000][10370.562s][debug][safepoint     ] Safepoint synchronization initiated. (162 threads)
[2023-11-14T23:55:19.404+0000][10370.562s][info ][safepoint     ] Application time: 13.0013093 seconds
[2023-11-14T23:55:19.404+0000][10370.562s][info ][safepoint     ] Entering safepoint region: Cleanup
[2023-11-14T23:55:19.404+0000][10370.562s][info ][safepoint     ] Leaving safepoint region
[2023-11-14T23:55:19.404+0000][10370.562s][info ][safepoint     ] Total time for which application threads were stopped: 0.0003257 seconds, Stopping threads took: 0.0000459 seconds
[2023-11-14T23:55:59.408+0000][10410.566s][debug][safepoint     ] Safepoint synchronization initiated. (162 threads)
[2023-11-14T23:55:59.408+0000][10410.566s][info ][safepoint     ] Application time: 40.0036882 seconds
[2023-11-14T23:55:59.408+0000][10410.566s][info ][safepoint     ] Entering safepoint region: Cleanup
[2023-11-14T23:55:59.408+0000][10410.566s][info ][safepoint     ] Leaving safepoint region
[2023-11-14T23:55:59.408+0000][10410.566s][info ][safepoint     ] Total time for which application threads were stopped: 0.0003294 seconds, Stopping threads took: 0.0000466 seconds
[2023-11-14T23:57:14.415+0000][10485.573s][debug][safepoint     ] Safepoint synchronization initiated. (162 threads)
[2023-11-14T23:57:14.415+0000][10485.573s][info ][safepoint     ] Application time: 75.0071358 seconds
[2023-11-14T23:57:14.415+0000][10485.573s][info ][safepoint     ] Entering safepoint region: Cleanup
[2023-11-14T23:57:14.415+0000][10485.573s][info ][safepoint     ] Leaving safepoint region
[2023-11-14T23:57:14.415+0000][10485.574s][info ][safepoint     ] Total time for which application threads were stopped: 0.0003184 seconds, Stopping threads took: 0.0000475 seconds
[2023-11-14T23:57:16.416+0000][10487.574s][debug][safepoint     ] Safepoint synchronization initiated. (162 threads)
[2023-11-14T23:57:16.416+0000][10487.574s][info ][safepoint     ] Application time: 2.0002564 seconds
[2023-11-14T23:57:16.416+0000][10487.574s][info ][safepoint     ] Entering safepoint region: Cleanup
[2023-11-14T23:57:16.416+0000][10487.574s][info ][safepoint     ] Leaving safepoint region
[2023-11-14T23:57:16.416+0000][10487.574s][info ][safepoint     ] Total time for which application threads were stopped: 0.0003337 seconds, Stopping threads took: 0.0000468 seconds
[2023-11-14T23:57:22.417+0000][10493.575s][debug][safepoint     ] Safepoint synchronization initiated. (162 threads)
[2023-11-14T23:57:22.417+0000][10493.575s][info ][safepoint     ] Application time: 6.0006011 seconds
[2023-11-14T23:57:22.417+0000][10493.575s][info ][safepoint     ] Entering safepoint region: Cleanup
[2023-11-14T23:57:22.417+0000][10493.575s][info ][safepoint     ] Leaving safepoint region
[2023-11-14T23:57:22.417+0000][10493.575s][info ][safepoint     ] Total time for which application threads were stopped: 0.0003357 seconds, Stopping threads took: 0.0000474 seconds
[2023-11-14T23:57:32.418+0000][10503.576s][debug][safepoint     ] Safepoint synchronization initiated. (162 threads)
[2023-11-14T23:57:32.418+0000][10503.576s][info ][safepoint     ] Application time: 10.0009923 seconds
[2023-11-14T23:57:32.418+0000][10503.576s][info ][safepoint     ] Entering safepoint region: Cleanup
[2023-11-14T23:57:32.418+0000][10503.576s][info ][safepoint     ] Leaving safepoint region
[2023-11-14T23:57:32.418+0000][10503.577s][info ][safepoint     ] Total time for which application threads were stopped: 0.0003386 seconds, Stopping threads took: 0.0000485 seconds
[2023-11-14T23:57:58.421+0000][10529.579s][debug][safepoint     ] Safepoint synchronization initiated. (162 threads)
[2023-11-14T23:57:58.421+0000][10529.579s][info ][safepoint     ] Application time: 26.0023200 seconds
[2023-11-14T23:57:58.421+0000][10529.579s][info ][safepoint     ] Entering safepoint region: Cleanup
[2023-11-14T23:57:58.421+0000][10529.579s][info ][safepoint     ] Leaving safepoint region
[2023-11-14T23:57:58.421+0000][10529.579s][info ][safepoint     ] Total time for which application threads were stopped: 0.0003301 seconds, Stopping threads took: 0.0000472 seconds
[2023-11-15T00:00:06.433+0000][10657.591s][debug][safepoint     ] Safepoint synchronization initiated. (162 threads)
[2023-11-15T00:00:06.433+0000][10657.591s][info ][safepoint     ] Application time: 128.0116290 seconds
[2023-11-15T00:00:06.433+0000][10657.591s][info ][safepoint     ] Entering safepoint region: Cleanup
[2023-11-15T00:00:06.433+0000][10657.591s][info ][safepoint     ] Leaving safepoint region
[2023-11-15T00:00:06.433+0000][10657.591s][info ][safepoint     ] Total time for which application threads were stopped: 0.0003840 seconds, Stopping threads took: 0.0000482 seconds
[2023-11-15T00:00:15.434+0000][10666.592s][debug][safepoint     ] Safepoint synchronization initiated. (164 threads)
[2023-11-15T00:00:15.434+0000][10666.592s][info ][safepoint     ] Application time: 9.0008271 seconds
[2023-11-15T00:00:15.434+0000][10666.592s][info ][safepoint     ] Entering safepoint region: Cleanup
[2023-11-15T00:00:15.434+0000][10666.592s][info ][safepoint     ] Leaving safepoint region
[2023-11-15T00:00:15.434+0000][10666.592s][info ][safepoint     ] Total time for which application threads were stopped: 0.0003128 seconds, Stopping threads took: 0.0000490 seconds
[2023-11-15T00:00:27.435+0000][10678.593s][debug][safepoint     ] Safepoint synchronization initiated. (163 threads)
[2023-11-15T00:00:27.435+0000][10678.594s][info ][safepoint     ] Application time: 12.0010856 seconds
[2023-11-15T00:00:27.436+0000][10678.594s][info ][safepoint     ] Entering safepoint region: Cleanup
[2023-11-15T00:00:27.436+0000][10678.594s][info ][safepoint     ] Leaving safepoint region
[2023-11-15T00:00:27.436+0000][10678.594s][info ][safepoint     ] Total time for which application threads were stopped: 0.0002682 seconds, Stopping threads took: 0.0000487 seconds
[2023-11-15T00:00:37.437+0000][10688.595s][debug][safepoint     ] Safepoint synchronization initiated. (163 threads)
[2023-11-15T00:00:37.437+0000][10688.595s][info ][safepoint     ] Application time: 10.0008863 seconds
[2023-11-15T00:00:37.437+0000][10688.595s][info ][safepoint     ] Entering safepoint region: Cleanup
[2023-11-15T00:00:37.437+0000][10688.595s][info ][safepoint     ] Leaving safepoint region
[2023-11-15T00:00:37.437+0000][10688.595s][info ][safepoint     ] Total time for which application threads were stopped: 0.0002821 seconds, Stopping threads took: 0.0000500 seconds
[2023-11-15T00:00:37.437+0000][10688.595s][debug][safepoint     ] ... found polling page return exception at pc = 0x00007fe180ff1766, stub =0x00007fe17883a800
[2023-11-15T00:01:31.823+0000][10742.981s][debug][safepoint     ] Safepoint synchronization initiated. (161 threads)
[2023-11-15T00:01:31.823+0000][10742.981s][info ][safepoint     ] Application time: 54.3856700 seconds
[2023-11-15T00:01:31.823+0000][10742.981s][info ][safepoint     ] Entering safepoint region: G1CollectForAllocation
[2023-11-15T00:01:31.823+0000][10742.981s][info ][gc,start      ] GC(58) Pause Young (Normal) (G1 Evacuation Pause)
[2023-11-15T00:01:31.823+0000][10742.981s][info ][gc,task       ] GC(58) Using 4 workers of 4 for evacuation
[2023-11-15T00:01:31.831+0000][10742.989s][info ][gc,phases     ] GC(58)   Pre Evacuate Collection Set: 0.0ms
[2023-11-15T00:01:31.831+0000][10742.989s][info ][gc,phases     ] GC(58)   Evacuate Collection Set: 2.6ms
[2023-11-15T00:01:31.831+0000][10742.989s][info ][gc,phases     ] GC(58)   Post Evacuate Collection Set: 4.8ms
[2023-11-15T00:01:31.831+0000][10742.989s][info ][gc,phases     ] GC(58)   Other: 0.4ms
[2023-11-15T00:01:31.831+0000][10742.989s][info ][gc,heap       ] GC(58) Eden regions: 493->0(492)
[2023-11-15T00:01:31.831+0000][10742.989s][info ][gc,heap       ] GC(58) Survivor regions: 1->2(62)
[2023-11-15T00:01:31.831+0000][10742.989s][info ][gc,heap       ] GC(58) Old regions: 148->148
[2023-11-15T00:01:31.831+0000][10742.989s][info ][gc,heap       ] GC(58) Humongous regions: 0->0
[2023-11-15T00:01:31.831+0000][10742.989s][info ][gc,metaspace  ] GC(58) Metaspace: 153684K(158716K)->153684K(158716K) NonClass: 135935K(139008K)->135935K(139008K) Class: 17749K(19708K)->17749K(19708K)
[2023-11-15T00:01:31.831+0000][10742.989s][info ][gc            ] GC(58) Pause Young (Normal) (G1 Evacuation Pause) 640M->148M(824M) 8.024ms
[2023-11-15T00:01:31.831+0000][10742.989s][info ][gc,cpu        ] GC(58) User=0.02s Sys=0.00s Real=0.01s
[2023-11-15T00:01:31.831+0000][10742.989s][info ][safepoint     ] Leaving safepoint region
[2023-11-15T00:01:31.831+0000][10742.989s][info ][safepoint     ] Total time for which application threads were stopped: 0.0084612 seconds, Stopping threads took: 0.0000460 seconds
[2023-11-15T00:01:31.831+0000][10742.989s][info ][gc,stringdedup] Concurrent String Deduplication (10742.989s)
[2023-11-15T00:01:31.831+0000][10742.989s][info ][gc,stringdedup] Concurrent String Deduplication 208.0B->112.0B(96.0B) avg 54.2% (10742.989s, 10742.989s) 0.058ms
[2023-11-15T00:01:32.831+0000][10743.989s][debug][safepoint     ] Safepoint synchronization initiated. (161 threads)
[2023-11-15T00:01:32.831+0000][10743.989s][info ][safepoint     ] Application time: 1.0001808 seconds
[2023-11-15T00:01:32.831+0000][10743.989s][info ][safepoint     ] Entering safepoint region: Cleanup
[2023-11-15T00:01:32.832+0000][10743.990s][info ][safepoint     ] Leaving safepoint region
[2023-11-15T00:01:32.832+0000][10743.990s][info ][safepoint     ] Total time for which application threads were stopped: 0.0002820 seconds, Stopping threads took: 0.0000473 seconds
[2023-11-15T00:01:41.832+0000][10752.990s][debug][safepoint     ] Safepoint synchronization initiated. (162 threads)
[2023-11-15T00:01:41.832+0000][10752.991s][info ][safepoint     ] Application time: 9.0008580 seconds
[2023-11-15T00:01:41.833+0000][10752.991s][info ][safepoint     ] Entering safepoint region: Cleanup
[2023-11-15T00:01:41.833+0000][10752.991s][info ][safepoint     ] Leaving safepoint region
[2023-11-15T00:01:41.833+0000][10752.991s][info ][safepoint     ] Total time for which application threads were stopped: 0.0003272 seconds, Stopping threads took: 0.0000465 seconds
[2023-11-15T00:02:15.836+0000][10786.994s][debug][safepoint     ] Safepoint synchronization initiated. (162 threads)
[2023-11-15T00:02:15.836+0000][10786.994s][info ][safepoint     ] Application time: 34.0030871 seconds
[2023-11-15T00:02:15.836+0000][10786.994s][info ][safepoint     ] Entering safepoint region: Cleanup
[2023-11-15T00:02:15.836+0000][10786.994s][info ][safepoint     ] Leaving safepoint region
[2023-11-15T00:02:15.836+0000][10786.994s][info ][safepoint     ] Total time for which application threads were stopped: 0.0003102 seconds, Stopping threads took: 0.0000458 seconds
[2023-11-15T00:03:06.841+0000][10837.999s][debug][safepoint     ] Safepoint synchronization initiated. (162 threads)
[2023-11-15T00:03:06.841+0000][10837.999s][info ][safepoint     ] Application time: 51.0046952 seconds
[2023-11-15T00:03:06.841+0000][10837.999s][info ][safepoint     ] Entering safepoint region: Cleanup
[2023-11-15T00:03:06.841+0000][10837.999s][info ][safepoint     ] Leaving safepoint region
[2023-11-15T00:03:06.841+0000][10837.999s][info ][safepoint     ] Total time for which application threads were stopped: 0.0003308 seconds, Stopping threads took: 0.0000546 seconds
[2023-11-15T00:04:33.849+0000][10925.007s][debug][safepoint     ] Safepoint synchronization initiated. (162 threads)
[2023-11-15T00:04:33.849+0000][10925.007s][info ][safepoint     ] Application time: 87.0078083 seconds
[2023-11-15T00:04:33.849+0000][10925.007s][info ][safepoint     ] Entering safepoint region: Cleanup
[2023-11-15T00:04:33.849+0000][10925.007s][info ][safepoint     ] Leaving safepoint region
[2023-11-15T00:04:33.849+0000][10925.007s][info ][safepoint     ] Total time for which application threads were stopped: 0.0002414 seconds, Stopping threads took: 0.0000450 seconds
[2023-11-15T00:05:06.852+0000][10958.010s][debug][safepoint     ] Safepoint synchronization initiated. (162 threads)
[2023-11-15T00:05:06.852+0000][10958.010s][info ][safepoint     ] Application time: 33.0029625 seconds
[2023-11-15T00:05:06.852+0000][10958.011s][info ][safepoint     ] Entering safepoint region: Cleanup
[2023-11-15T00:05:06.853+0000][10958.011s][info ][safepoint     ] Leaving safepoint region
[2023-11-15T00:05:06.853+0000][10958.011s][info ][safepoint     ] Total time for which application threads were stopped: 0.0003525 seconds, Stopping threads took: 0.0000690 seconds
[2023-11-15T00:06:00.858+0000][11012.016s][debug][safepoint     ] Safepoint synchronization initiated. (162 threads)
[2023-11-15T00:06:00.858+0000][11012.016s][info ][safepoint     ] Application time: 54.0049959 seconds
[2023-11-15T00:06:00.858+0000][11012.016s][info ][safepoint     ] Entering safepoint region: Cleanup
[2023-11-15T00:06:00.858+0000][11012.016s][info ][safepoint     ] Leaving safepoint region
[2023-11-15T00:06:00.858+0000][11012.016s][info ][safepoint     ] Total time for which application threads were stopped: 0.0003386 seconds, Stopping threads took: 0.0000482 seconds
[2023-11-15T00:10:20.205+0000][11271.364s][debug][safepoint     ] Safepoint synchronization initiated. (162 threads)
[2023-11-15T00:10:20.206+0000][11271.364s][info ][safepoint     ] Application time: 259.3474125 seconds
[2023-11-15T00:10:20.206+0000][11271.364s][info ][safepoint     ] Entering safepoint region: G1CollectForAllocation
[2023-11-15T00:10:20.206+0000][11271.364s][info ][gc,start      ] GC(59) Pause Young (Normal) (G1 Evacuation Pause)
[2023-11-15T00:10:20.206+0000][11271.364s][info ][gc,task       ] GC(59) Using 4 workers of 4 for evacuation
[2023-11-15T00:10:20.213+0000][11271.371s][info ][gc,phases     ] GC(59)   Pre Evacuate Collection Set: 0.0ms
[2023-11-15T00:10:20.213+0000][11271.371s][info ][gc,phases     ] GC(59)   Evacuate Collection Set: 2.7ms
[2023-11-15T00:10:20.213+0000][11271.371s][info ][gc,phases     ] GC(59)   Post Evacuate Collection Set: 4.3ms
[2023-11-15T00:10:20.213+0000][11271.371s][info ][gc,phases     ] GC(59)   Other: 0.4ms
[2023-11-15T00:10:20.213+0000][11271.371s][info ][gc,heap       ] GC(59) Eden regions: 492->0(493)
[2023-11-15T00:10:20.213+0000][11271.371s][info ][gc,heap       ] GC(59) Survivor regions: 2->1(62)
[2023-11-15T00:10:20.213+0000][11271.371s][info ][gc,heap       ] GC(59) Old regions: 148->148
[2023-11-15T00:10:20.213+0000][11271.371s][info ][gc,heap       ] GC(59) Humongous regions: 0->0
[2023-11-15T00:10:20.213+0000][11271.371s][info ][gc,metaspace  ] GC(59) Metaspace: 153697K(158716K)->153697K(158716K) NonClass: 135948K(139008K)->135948K(139008K) Class: 17749K(19708K)->17749K(19708K)
[2023-11-15T00:10:20.213+0000][11271.372s][info ][gc            ] GC(59) Pause Young (Normal) (G1 Evacuation Pause) 640M->147M(824M) 7.621ms
[2023-11-15T00:10:20.214+0000][11271.372s][info ][gc,cpu        ] GC(59) User=0.03s Sys=0.00s Real=0.01s
[2023-11-15T00:10:20.214+0000][11271.372s][info ][safepoint     ] Leaving safepoint region
[2023-11-15T00:10:20.214+0000][11271.372s][info ][safepoint     ] Total time for which application threads were stopped: 0.0080072 seconds, Stopping threads took: 0.0000516 seconds
[2023-11-15T00:10:20.214+0000][11271.372s][info ][gc,stringdedup] Concurrent String Deduplication (11271.372s)
[2023-11-15T00:10:20.214+0000][11271.372s][info ][gc,stringdedup] Concurrent String Deduplication 0.0B->0.0B(0.0B) avg 54.2% (11271.372s, 11271.372s) 0.051ms
[2023-11-15T00:10:21.214+0000][11272.372s][debug][safepoint     ] Safepoint synchronization initiated. (162 threads)
[2023-11-15T00:10:21.214+0000][11272.372s][info ][safepoint     ] Application time: 1.0001695 seconds
[2023-11-15T00:10:21.214+0000][11272.372s][info ][safepoint     ] Entering safepoint region: Cleanup
[2023-11-15T00:10:21.214+0000][11272.372s][info ][safepoint     ] Leaving safepoint region
[2023-11-15T00:10:21.214+0000][11272.372s][info ][safepoint     ] Total time for which application threads were stopped: 0.0003312 seconds, Stopping threads took: 0.0000488 seconds
[2023-11-15T00:12:46.227+0000][11417.385s][debug][safepoint     ] Safepoint synchronization initiated. (162 threads)
[2023-11-15T00:12:46.227+0000][11417.385s][info ][safepoint     ] Application time: 145.0131419 seconds
[2023-11-15T00:12:46.227+0000][11417.385s][info ][safepoint     ] Entering safepoint region: Cleanup
[2023-11-15T00:12:46.228+0000][11417.386s][info ][safepoint     ] Leaving safepoint region
[2023-11-15T00:12:46.228+0000][11417.386s][info ][safepoint     ] Total time for which application threads were stopped: 0.0003106 seconds, Stopping threads took: 0.0000717 seconds
[2023-11-15T00:14:16.236+0000][11507.394s][debug][safepoint     ] Safepoint synchronization initiated. (162 threads)
[2023-11-15T00:14:16.236+0000][11507.394s][info ][safepoint     ] Application time: 90.0081984 seconds
[2023-11-15T00:14:16.236+0000][11507.394s][info ][safepoint     ] Entering safepoint region: Cleanup
[2023-11-15T00:14:16.236+0000][11507.394s][info ][safepoint     ] Leaving safepoint region
[2023-11-15T00:14:16.236+0000][11507.394s][info ][safepoint     ] Total time for which application threads were stopped: 0.0002503 seconds, Stopping threads took: 0.0000486 seconds
[2023-11-15T00:14:39.238+0000][11530.396s][debug][safepoint     ] Safepoint synchronization initiated. (162 threads)
[2023-11-15T00:14:39.238+0000][11530.396s][info ][safepoint     ] Application time: 23.0022476 seconds
[2023-11-15T00:14:39.238+0000][11530.396s][info ][safepoint     ] Entering safepoint region: Cleanup
[2023-11-15T00:14:39.239+0000][11530.397s][info ][safepoint     ] Leaving safepoint region
[2023-11-15T00:14:39.239+0000][11530.397s][info ][safepoint     ] Total time for which application threads were stopped: 0.0003701 seconds, Stopping threads took: 0.0000572 seconds
[2023-11-15T00:14:46.239+0000][11537.398s][debug][safepoint     ] Safepoint synchronization initiated. (162 threads)
[2023-11-15T00:14:46.240+0000][11537.398s][info ][safepoint     ] Application time: 7.0007506 seconds
[2023-11-15T00:14:46.240+0000][11537.398s][info ][safepoint     ] Entering safepoint region: Cleanup
[2023-11-15T00:14:46.240+0000][11537.398s][info ][safepoint     ] Leaving safepoint region
[2023-11-15T00:14:46.240+0000][11537.398s][info ][safepoint     ] Total time for which application threads were stopped: 0.0003405 seconds, Stopping threads took: 0.0000504 seconds
[2023-11-15T00:14:47.240+0000][11538.398s][debug][safepoint     ] Safepoint synchronization initiated. (162 threads)
[2023-11-15T00:14:47.240+0000][11538.398s][info ][safepoint     ] Application time: 1.0001672 seconds
[2023-11-15T00:14:47.240+0000][11538.398s][info ][safepoint     ] Entering safepoint region: Cleanup
[2023-11-15T00:14:47.240+0000][11538.398s][info ][safepoint     ] Leaving safepoint region
[2023-11-15T00:14:47.240+0000][11538.398s][info ][safepoint     ] Total time for which application threads were stopped: 0.0002721 seconds, Stopping threads took: 0.0000506 seconds
[2023-11-15T00:16:16.248+0000][11627.406s][debug][safepoint     ] Safepoint synchronization initiated. (162 threads)
[2023-11-15T00:16:16.248+0000][11627.406s][info ][safepoint     ] Application time: 89.0079495 seconds
[2023-11-15T00:16:16.248+0000][11627.406s][info ][safepoint     ] Entering safepoint region: Cleanup
[2023-11-15T00:16:16.249+0000][11627.407s][info ][safepoint     ] Leaving safepoint region
[2023-11-15T00:16:16.249+0000][11627.407s][info ][safepoint     ] Total time for which application threads were stopped: 0.0003351 seconds, Stopping threads took: 0.0000492 seconds
[2023-11-15T00:16:17.249+0000][11628.407s][debug][safepoint     ] Safepoint synchronization initiated. (162 threads)
[2023-11-15T00:16:17.249+0000][11628.407s][info ][safepoint     ] Application time: 1.0001508 seconds
[2023-11-15T00:16:17.249+0000][11628.407s][info ][safepoint     ] Entering safepoint region: Cleanup
[2023-11-15T00:16:17.249+0000][11628.407s][info ][safepoint     ] Leaving safepoint region
[2023-11-15T00:16:17.249+0000][11628.407s][info ][safepoint     ] Total time for which application threads were stopped: 0.0003176 seconds, Stopping threads took: 0.0000482 seconds
[2023-11-15T00:17:17.255+0000][11688.413s][debug][safepoint     ] Safepoint synchronization initiated. (162 threads)
[2023-11-15T00:17:17.255+0000][11688.413s][info ][safepoint     ] Application time: 60.0056094 seconds
[2023-11-15T00:17:17.255+0000][11688.413s][info ][safepoint     ] Entering safepoint region: Cleanup
[2023-11-15T00:17:17.255+0000][11688.413s][info ][safepoint     ] Leaving safepoint region
[2023-11-15T00:17:17.255+0000][11688.413s][info ][safepoint     ] Total time for which application threads were stopped: 0.0003374 seconds, Stopping threads took: 0.0000499 seconds
[2023-11-15T00:17:17.255+0000][11688.413s][debug][safepoint     ] ... found polling page return exception at pc = 0x00007fe180ff1766, stub =0x00007fe17883a800
[2023-11-15T00:17:17.255+0000][11688.413s][debug][safepoint     ] ... found polling page return exception at pc = 0x00007fe180ff1766, stub =0x00007fe17883a800
[2023-11-15T00:17:17.255+0000][11688.413s][debug][safepoint     ] ... found polling page return exception at pc = 0x00007fe180ff1766, stub =0x00007fe17883a800
[2023-11-15T00:17:32.257+0000][11703.415s][debug][safepoint     ] Safepoint synchronization initiated. (162 threads)
[2023-11-15T00:17:32.257+0000][11703.415s][info ][safepoint     ] Application time: 15.0014214 seconds
[2023-11-15T00:17:32.257+0000][11703.415s][info ][safepoint     ] Entering safepoint region: Cleanup
[2023-11-15T00:17:32.257+0000][11703.415s][info ][safepoint     ] Leaving safepoint region
[2023-11-15T00:17:32.257+0000][11703.415s][info ][safepoint     ] Total time for which application threads were stopped: 0.0002448 seconds, Stopping threads took: 0.0000476 seconds
[2023-11-15T00:18:16.261+0000][11747.419s][debug][safepoint     ] Safepoint synchronization initiated. (162 threads)
[2023-11-15T00:18:16.261+0000][11747.419s][info ][safepoint     ] Application time: 44.0041190 seconds
[2023-11-15T00:18:16.261+0000][11747.419s][info ][safepoint     ] Entering safepoint region: Cleanup
[2023-11-15T00:18:16.261+0000][11747.419s][info ][safepoint     ] Leaving safepoint region
[2023-11-15T00:18:16.261+0000][11747.419s][info ][safepoint     ] Total time for which application threads were stopped: 0.0003413 seconds, Stopping threads took: 0.0000489 seconds
[2023-11-15T00:18:19.262+0000][11750.420s][debug][safepoint     ] Safepoint synchronization initiated. (162 threads)
[2023-11-15T00:18:19.262+0000][11750.420s][info ][safepoint     ] Application time: 3.0002935 seconds
[2023-11-15T00:18:19.262+0000][11750.420s][info ][safepoint     ] Entering safepoint region: Cleanup
[2023-11-15T00:18:19.262+0000][11750.420s][info ][safepoint     ] Leaving safepoint region
[2023-11-15T00:18:19.262+0000][11750.420s][info ][safepoint     ] Total time for which application threads were stopped: 0.0003164 seconds, Stopping threads took: 0.0000481 seconds
[2023-11-15T00:18:50.265+0000][11781.423s][debug][safepoint     ] Safepoint synchronization initiated. (162 threads)
[2023-11-15T00:18:50.265+0000][11781.423s][info ][safepoint     ] Application time: 31.0026928 seconds
[2023-11-15T00:18:50.265+0000][11781.423s][info ][safepoint     ] Entering safepoint region: Cleanup
[2023-11-15T00:18:50.265+0000][11781.423s][info ][safepoint     ] Leaving safepoint region
[2023-11-15T00:18:50.265+0000][11781.423s][info ][safepoint     ] Total time for which application threads were stopped: 0.0003351 seconds, Stopping threads took: 0.0000485 seconds
[2023-11-15T00:19:10.148+0000][11801.306s][debug][safepoint     ] Safepoint synchronization initiated. (162 threads)
[2023-11-15T00:19:10.148+0000][11801.306s][info ][safepoint     ] Application time: 19.8828998 seconds
[2023-11-15T00:19:10.148+0000][11801.306s][info ][safepoint     ] Entering safepoint region: G1CollectForAllocation
[2023-11-15T00:19:10.148+0000][11801.306s][info ][gc,start      ] GC(60) Pause Young (Normal) (G1 Evacuation Pause)
[2023-11-15T00:19:10.148+0000][11801.306s][info ][gc,task       ] GC(60) Using 4 workers of 4 for evacuation
[2023-11-15T00:19:10.156+0000][11801.314s][info ][gc,phases     ] GC(60)   Pre Evacuate Collection Set: 0.0ms
[2023-11-15T00:19:10.156+0000][11801.314s][info ][gc,phases     ] GC(60)   Evacuate Collection Set: 2.7ms
[2023-11-15T00:19:10.156+0000][11801.314s][info ][gc,phases     ] GC(60)   Post Evacuate Collection Set: 4.4ms
[2023-11-15T00:19:10.156+0000][11801.314s][info ][gc,phases     ] GC(60)   Other: 0.4ms
[2023-11-15T00:19:10.156+0000][11801.314s][info ][gc,heap       ] GC(60) Eden regions: 493->0(493)
[2023-11-15T00:19:10.156+0000][11801.314s][info ][gc,heap       ] GC(60) Survivor regions: 1->1(62)
[2023-11-15T00:19:10.156+0000][11801.314s][info ][gc,heap       ] GC(60) Old regions: 148->148
[2023-11-15T00:19:10.156+0000][11801.314s][info ][gc,heap       ] GC(60) Humongous regions: 0->0
[2023-11-15T00:19:10.156+0000][11801.314s][info ][gc,metaspace  ] GC(60) Metaspace: 153718K(158716K)->153718K(158716K) NonClass: 135968K(139008K)->135968K(139008K) Class: 17749K(19708K)->17749K(19708K)
[2023-11-15T00:19:10.156+0000][11801.314s][info ][gc            ] GC(60) Pause Young (Normal) (G1 Evacuation Pause) 640M->147M(824M) 7.707ms
[2023-11-15T00:19:10.156+0000][11801.314s][info ][gc,cpu        ] GC(60) User=0.01s Sys=0.00s Real=0.00s
[2023-11-15T00:19:10.156+0000][11801.314s][info ][safepoint     ] Leaving safepoint region
[2023-11-15T00:19:10.156+0000][11801.314s][info ][safepoint     ] Total time for which application threads were stopped: 0.0081462 seconds, Stopping threads took: 0.0000481 seconds
[2023-11-15T00:19:10.156+0000][11801.314s][info ][gc,stringdedup] Concurrent String Deduplication (11801.314s)
[2023-11-15T00:19:10.157+0000][11801.315s][info ][gc,stringdedup] Concurrent String Deduplication 34488.0B->584.0B(33904.0B) avg 54.3% (11801.314s, 11801.315s) 0.337ms
[2023-11-15T00:27:28.202+0000][12299.360s][debug][safepoint     ] Safepoint synchronization initiated. (162 threads)
[2023-11-15T00:27:28.202+0000][12299.360s][info ][safepoint     ] Application time: 498.0454336 seconds
[2023-11-15T00:27:28.202+0000][12299.360s][info ][safepoint     ] Entering safepoint region: Cleanup
[2023-11-15T00:27:28.202+0000][12299.360s][info ][safepoint     ] Leaving safepoint region
[2023-11-15T00:27:28.202+0000][12299.360s][info ][safepoint     ] Total time for which application threads were stopped: 0.0003178 seconds, Stopping threads took: 0.0000454 seconds
[2023-11-15T00:27:59.989+0000][12331.147s][debug][safepoint     ] Safepoint synchronization initiated. (162 threads)
[2023-11-15T00:27:59.989+0000][12331.147s][info ][safepoint     ] Application time: 31.7870239 seconds
[2023-11-15T00:27:59.989+0000][12331.147s][info ][safepoint     ] Entering safepoint region: G1CollectForAllocation
[2023-11-15T00:27:59.989+0000][12331.147s][info ][gc,start      ] GC(61) Pause Young (Normal) (G1 Evacuation Pause)
[2023-11-15T00:27:59.989+0000][12331.147s][info ][gc,task       ] GC(61) Using 4 workers of 4 for evacuation
[2023-11-15T00:27:59.997+0000][12331.155s][info ][gc,phases     ] GC(61)   Pre Evacuate Collection Set: 0.0ms
[2023-11-15T00:27:59.997+0000][12331.155s][info ][gc,phases     ] GC(61)   Evacuate Collection Set: 2.5ms
[2023-11-15T00:27:59.997+0000][12331.155s][info ][gc,phases     ] GC(61)   Post Evacuate Collection Set: 5.1ms
[2023-11-15T00:27:59.997+0000][12331.155s][info ][gc,phases     ] GC(61)   Other: 0.4ms
[2023-11-15T00:27:59.997+0000][12331.155s][info ][gc,heap       ] GC(61) Eden regions: 493->0(493)
[2023-11-15T00:27:59.997+0000][12331.155s][info ][gc,heap       ] GC(61) Survivor regions: 1->1(62)
[2023-11-15T00:27:59.997+0000][12331.156s][info ][gc,heap       ] GC(61) Old regions: 148->148
[2023-11-15T00:27:59.997+0000][12331.156s][info ][gc,heap       ] GC(61) Humongous regions: 0->0
[2023-11-15T00:27:59.997+0000][12331.156s][info ][gc,metaspace  ] GC(61) Metaspace: 153743K(158716K)->153743K(158716K) NonClass: 135993K(139008K)->135993K(139008K) Class: 17749K(19708K)->17749K(19708K)
[2023-11-15T00:27:59.998+0000][12331.156s][info ][gc            ] GC(61) Pause Young (Normal) (G1 Evacuation Pause) 640M->147M(824M) 8.161ms
[2023-11-15T00:27:59.998+0000][12331.156s][info ][gc,cpu        ] GC(61) User=0.02s Sys=0.00s Real=0.00s
[2023-11-15T00:27:59.998+0000][12331.156s][info ][safepoint     ] Leaving safepoint region
[2023-11-15T00:27:59.998+0000][12331.156s][info ][safepoint     ] Total time for which application threads were stopped: 0.0085925 seconds, Stopping threads took: 0.0000480 seconds
[2023-11-15T00:27:59.998+0000][12331.156s][info ][gc,stringdedup] Concurrent String Deduplication (12331.156s)
[2023-11-15T00:27:59.998+0000][12331.156s][info ][gc,stringdedup] Concurrent String Deduplication 792.0B->232.0B(560.0B) avg 54.3% (12331.156s, 12331.156s) 0.071ms
[2023-11-15T00:28:15.999+0000][12347.157s][debug][safepoint     ] Safepoint synchronization initiated. (162 threads)
[2023-11-15T00:28:15.999+0000][12347.157s][info ][safepoint     ] Application time: 16.0014434 seconds
[2023-11-15T00:28:15.999+0000][12347.157s][info ][safepoint     ] Entering safepoint region: Cleanup
[2023-11-15T00:28:15.999+0000][12347.157s][info ][safepoint     ] Leaving safepoint region
[2023-11-15T00:28:15.999+0000][12347.157s][info ][safepoint     ] Total time for which application threads were stopped: 0.0003008 seconds, Stopping threads took: 0.0000474 seconds
[2023-11-15T00:28:30.001+0000][12361.159s][debug][safepoint     ] Safepoint synchronization initiated. (162 threads)
[2023-11-15T00:28:30.001+0000][12361.159s][info ][safepoint     ] Application time: 14.0015269 seconds
[2023-11-15T00:28:30.001+0000][12361.159s][info ][safepoint     ] Entering safepoint region: Cleanup
[2023-11-15T00:28:30.001+0000][12361.159s][info ][safepoint     ] Leaving safepoint region
[2023-11-15T00:28:30.001+0000][12361.159s][info ][safepoint     ] Total time for which application threads were stopped: 0.0003770 seconds, Stopping threads took: 0.0000891 seconds
[2023-11-15T00:30:04.008+0000][12455.167s][debug][safepoint     ] Safepoint synchronization initiated. (163 threads)
[2023-11-15T00:30:04.009+0000][12455.167s][info ][safepoint     ] Application time: 94.0071176 seconds
[2023-11-15T00:30:04.009+0000][12455.167s][info ][safepoint     ] Entering safepoint region: Cleanup
[2023-11-15T00:30:04.009+0000][12455.167s][info ][safepoint     ] Leaving safepoint region
[2023-11-15T00:30:04.009+0000][12455.167s][info ][safepoint     ] Total time for which application threads were stopped: 0.0001917 seconds, Stopping threads took: 0.0000351 seconds
[2023-11-15T00:30:29.012+0000][12480.170s][debug][safepoint     ] Safepoint synchronization initiated. (164 threads)
[2023-11-15T00:30:29.012+0000][12480.171s][info ][safepoint     ] Application time: 25.0037444 seconds
[2023-11-15T00:30:29.013+0000][12480.171s][info ][safepoint     ] Entering safepoint region: Cleanup
[2023-11-15T00:30:29.013+0000][12480.171s][info ][safepoint     ] Leaving safepoint region
[2023-11-15T00:30:29.013+0000][12480.171s][info ][safepoint     ] Total time for which application threads were stopped: 0.0001909 seconds, Stopping threads took: 0.0000350 seconds
[2023-11-15T00:30:31.013+0000][12482.171s][debug][safepoint     ] Safepoint synchronization initiated. (164 threads)
[2023-11-15T00:30:31.013+0000][12482.171s][info ][safepoint     ] Application time: 2.0001600 seconds
[2023-11-15T00:30:31.013+0000][12482.171s][info ][safepoint     ] Entering safepoint region: Cleanup
[2023-11-15T00:30:31.013+0000][12482.171s][info ][safepoint     ] Leaving safepoint region
[2023-11-15T00:30:31.013+0000][12482.171s][info ][safepoint     ] Total time for which application threads were stopped: 0.0002219 seconds, Stopping threads took: 0.0000342 seconds
[2023-11-15T00:30:32.013+0000][12483.171s][debug][safepoint     ] Safepoint synchronization initiated. (164 threads)
[2023-11-15T00:30:32.013+0000][12483.171s][info ][safepoint     ] Application time: 1.0001358 seconds
[2023-11-15T00:30:32.013+0000][12483.171s][info ][safepoint     ] Entering safepoint region: Cleanup
[2023-11-15T00:30:32.013+0000][12483.171s][info ][safepoint     ] Leaving safepoint region
[2023-11-15T00:30:32.013+0000][12483.171s][debug][safepoint     ] ... found polling page return exception at pc = 0x00007fe180ff1766, stub =0x00007fe17883a800
[2023-11-15T00:30:32.013+0000][12483.171s][info ][safepoint     ] Total time for which application threads were stopped: 0.0001904 seconds, Stopping threads took: 0.0000384 seconds
[2023-11-15T00:31:16.017+0000][12527.175s][debug][safepoint     ] Safepoint synchronization initiated. (162 threads)
[2023-11-15T00:31:16.017+0000][12527.175s][info ][safepoint     ] Application time: 44.0032124 seconds
[2023-11-15T00:31:16.017+0000][12527.175s][info ][safepoint     ] Entering safepoint region: Cleanup
[2023-11-15T00:31:16.017+0000][12527.175s][info ][safepoint     ] Leaving safepoint region
[2023-11-15T00:31:16.017+0000][12527.175s][info ][safepoint     ] Total time for which application threads were stopped: 0.0001862 seconds, Stopping threads took: 0.0000390 seconds
[2023-11-15T00:32:16.021+0000][12587.179s][debug][safepoint     ] Safepoint synchronization initiated. (162 threads)
[2023-11-15T00:32:16.021+0000][12587.179s][info ][safepoint     ] Application time: 60.0045442 seconds
[2023-11-15T00:32:16.021+0000][12587.180s][info ][safepoint     ] Entering safepoint region: Cleanup
[2023-11-15T00:32:16.022+0000][12587.180s][info ][safepoint     ] Leaving safepoint region
[2023-11-15T00:32:16.022+0000][12587.180s][info ][safepoint     ] Total time for which application threads were stopped: 0.0001928 seconds, Stopping threads took: 0.0000373 seconds
[2023-11-15T00:32:40.024+0000][12611.182s][debug][safepoint     ] Safepoint synchronization initiated. (162 threads)
[2023-11-15T00:32:40.024+0000][12611.182s][info ][safepoint     ] Application time: 24.0027920 seconds
[2023-11-15T00:32:40.024+0000][12611.183s][info ][safepoint     ] Entering safepoint region: Cleanup
[2023-11-15T00:32:40.025+0000][12611.183s][info ][safepoint     ] Leaving safepoint region
[2023-11-15T00:32:40.025+0000][12611.183s][info ][safepoint     ] Total time for which application threads were stopped: 0.0001993 seconds, Stopping threads took: 0.0000367 seconds
[2023-11-15T00:33:07.027+0000][12638.185s][debug][safepoint     ] Safepoint synchronization initiated. (162 threads)
[2023-11-15T00:33:07.027+0000][12638.185s][info ][safepoint     ] Application time: 27.0021780 seconds
[2023-11-15T00:33:07.027+0000][12638.185s][info ][safepoint     ] Entering safepoint region: Cleanup
[2023-11-15T00:33:07.027+0000][12638.185s][info ][safepoint     ] Leaving safepoint region
[2023-11-15T00:33:07.027+0000][12638.185s][info ][safepoint     ] Total time for which application threads were stopped: 0.0001918 seconds, Stopping threads took: 0.0000378 seconds
[2023-11-15T00:34:35.035+0000][12726.193s][debug][safepoint     ] Safepoint synchronization initiated. (162 threads)
[2023-11-15T00:34:35.035+0000][12726.193s][info ][safepoint     ] Application time: 88.0078515 seconds
[2023-11-15T00:34:35.035+0000][12726.193s][info ][safepoint     ] Entering safepoint region: Cleanup
[2023-11-15T00:34:35.035+0000][12726.193s][info ][safepoint     ] Leaving safepoint region
[2023-11-15T00:34:35.035+0000][12726.193s][info ][safepoint     ] Total time for which application threads were stopped: 0.0001612 seconds, Stopping threads took: 0.0000331 seconds
[2023-11-15T00:35:16.039+0000][12767.197s][debug][safepoint     ] Safepoint synchronization initiated. (162 threads)
[2023-11-15T00:35:16.039+0000][12767.197s][info ][safepoint     ] Application time: 41.0037815 seconds
[2023-11-15T00:35:16.039+0000][12767.197s][info ][safepoint     ] Entering safepoint region: Cleanup
[2023-11-15T00:35:16.039+0000][12767.197s][info ][safepoint     ] Leaving safepoint region
[2023-11-15T00:35:16.039+0000][12767.197s][info ][safepoint     ] Total time for which application threads were stopped: 0.0002230 seconds, Stopping threads took: 0.0000342 seconds
[2023-11-15T00:36:15.044+0000][12826.202s][debug][safepoint     ] Safepoint synchronization initiated. (162 threads)
[2023-11-15T00:36:15.044+0000][12826.203s][info ][safepoint     ] Application time: 59.0053456 seconds
[2023-11-15T00:36:15.044+0000][12826.203s][info ][safepoint     ] Entering safepoint region: Cleanup
[2023-11-15T00:36:15.045+0000][12826.203s][info ][safepoint     ] Leaving safepoint region
[2023-11-15T00:36:15.045+0000][12826.203s][info ][safepoint     ] Total time for which application threads were stopped: 0.0002645 seconds, Stopping threads took: 0.0000409 seconds
[2023-11-15T00:36:22.045+0000][12833.204s][debug][safepoint     ] Safepoint synchronization initiated. (162 threads)
[2023-11-15T00:36:22.046+0000][12833.204s][info ][safepoint     ] Application time: 7.0007837 seconds
[2023-11-15T00:36:22.046+0000][12833.204s][info ][safepoint     ] Entering safepoint region: Cleanup
[2023-11-15T00:36:22.046+0000][12833.204s][info ][safepoint     ] Leaving safepoint region
[2023-11-15T00:36:22.046+0000][12833.204s][info ][safepoint     ] Total time for which application threads were stopped: 0.0001729 seconds, Stopping threads took: 0.0000348 seconds
[2023-11-15T00:36:37.047+0000][12848.205s][debug][safepoint     ] Safepoint synchronization initiated. (162 threads)
[2023-11-15T00:36:37.047+0000][12848.205s][info ][safepoint     ] Application time: 15.0014980 seconds
[2023-11-15T00:36:37.047+0000][12848.205s][info ][safepoint     ] Entering safepoint region: Cleanup
[2023-11-15T00:36:37.047+0000][12848.205s][info ][safepoint     ] Leaving safepoint region
[2023-11-15T00:36:37.047+0000][12848.205s][info ][safepoint     ] Total time for which application threads were stopped: 0.0001732 seconds, Stopping threads took: 0.0000320 seconds
[2023-11-15T00:36:47.083+0000][12858.241s][debug][safepoint     ] Safepoint synchronization initiated. (162 threads)
[2023-11-15T00:36:47.083+0000][12858.241s][info ][safepoint     ] Application time: 10.0351880 seconds
[2023-11-15T00:36:47.084+0000][12858.242s][debug][safepoint     ] ... found polling page return exception at pc = 0x00007fe1809e3780, stub =0x00007fe17883a800
[2023-11-15T00:36:47.084+0000][12858.242s][debug][safepoint     ] Waiting for 1 thread(s) to block
[2023-11-15T00:36:47.084+0000][12858.242s][info ][safepoint     ] Entering safepoint region: G1CollectForAllocation
[2023-11-15T00:36:47.084+0000][12858.242s][info ][gc,start      ] GC(62) Pause Young (Normal) (G1 Evacuation Pause)
[2023-11-15T00:36:47.084+0000][12858.242s][info ][gc,task       ] GC(62) Using 4 workers of 4 for evacuation
[2023-11-15T00:36:47.093+0000][12858.251s][info ][gc,phases     ] GC(62)   Pre Evacuate Collection Set: 0.0ms
[2023-11-15T00:36:47.093+0000][12858.251s][info ][gc,phases     ] GC(62)   Evacuate Collection Set: 2.5ms
[2023-11-15T00:36:47.093+0000][12858.251s][info ][gc,phases     ] GC(62)   Post Evacuate Collection Set: 5.9ms
[2023-11-15T00:36:47.093+0000][12858.251s][info ][gc,phases     ] GC(62)   Other: 0.4ms
[2023-11-15T00:36:47.093+0000][12858.251s][info ][gc,heap       ] GC(62) Eden regions: 493->0(492)
[2023-11-15T00:36:47.093+0000][12858.251s][info ][gc,heap       ] GC(62) Survivor regions: 1->2(62)
[2023-11-15T00:36:47.093+0000][12858.251s][info ][gc,heap       ] GC(62) Old regions: 148->148
[2023-11-15T00:36:47.093+0000][12858.251s][info ][gc,heap       ] GC(62) Humongous regions: 0->0
[2023-11-15T00:36:47.093+0000][12858.251s][info ][gc,metaspace  ] GC(62) Metaspace: 153775K(158716K)->153775K(158716K) NonClass: 136025K(139008K)->136025K(139008K) Class: 17749K(19708K)->17749K(19708K)
[2023-11-15T00:36:47.093+0000][12858.251s][info ][gc            ] GC(62) Pause Young (Normal) (G1 Evacuation Pause) 640M->148M(824M) 9.008ms
[2023-11-15T00:36:47.093+0000][12858.251s][info ][gc,cpu        ] GC(62) User=0.02s Sys=0.00s Real=0.01s
[2023-11-15T00:36:47.093+0000][12858.251s][info ][safepoint     ] Leaving safepoint region
[2023-11-15T00:36:47.093+0000][12858.251s][info ][safepoint     ] Total time for which application threads were stopped: 0.0104462 seconds, Stopping threads took: 0.0010410 seconds
[2023-11-15T00:36:47.093+0000][12858.251s][info ][gc,stringdedup] Concurrent String Deduplication (12858.251s)
[2023-11-15T00:36:47.093+0000][12858.251s][info ][gc,stringdedup] Concurrent String Deduplication 256.0B->256.0B(0.0B) avg 54.3% (12858.251s, 12858.251s) 0.061ms
[2023-11-15T00:36:52.094+0000][12863.252s][debug][safepoint     ] Safepoint synchronization initiated. (162 threads)
[2023-11-15T00:36:52.094+0000][12863.252s][info ][safepoint     ] Application time: 5.0005527 seconds
[2023-11-15T00:36:52.094+0000][12863.252s][info ][safepoint     ] Entering safepoint region: Cleanup
[2023-11-15T00:36:52.094+0000][12863.252s][info ][safepoint     ] Leaving safepoint region
[2023-11-15T00:36:52.094+0000][12863.252s][info ][safepoint     ] Total time for which application threads were stopped: 0.0006476 seconds, Stopping threads took: 0.0003770 seconds
[2023-11-15T00:37:07.096+0000][12878.254s][debug][safepoint     ] Safepoint synchronization initiated. (162 threads)
[2023-11-15T00:37:07.096+0000][12878.254s][info ][safepoint     ] Application time: 15.0013681 seconds
[2023-11-15T00:37:07.096+0000][12878.254s][info ][safepoint     ] Entering safepoint region: Cleanup
[2023-11-15T00:37:07.096+0000][12878.254s][info ][safepoint     ] Leaving safepoint region
[2023-11-15T00:37:07.096+0000][12878.254s][info ][safepoint     ] Total time for which application threads were stopped: 0.0002628 seconds, Stopping threads took: 0.0000490 seconds
[2023-11-15T00:37:41.099+0000][12912.257s][debug][safepoint     ] Safepoint synchronization initiated. (162 threads)
[2023-11-15T00:37:41.099+0000][12912.257s][info ][safepoint     ] Application time: 34.0030035 seconds
[2023-11-15T00:37:41.099+0000][12912.257s][info ][safepoint     ] Entering safepoint region: Cleanup
[2023-11-15T00:37:41.099+0000][12912.257s][info ][safepoint     ] Leaving safepoint region
[2023-11-15T00:37:41.099+0000][12912.257s][info ][safepoint     ] Total time for which application threads were stopped: 0.0003004 seconds, Stopping threads took: 0.0000469 seconds
[2023-11-15T00:40:16.113+0000][13067.271s][debug][safepoint     ] Safepoint synchronization initiated. (162 threads)
[2023-11-15T00:40:16.113+0000][13067.271s][info ][safepoint     ] Application time: 155.0140386 seconds
[2023-11-15T00:40:16.113+0000][13067.271s][info ][safepoint     ] Entering safepoint region: Cleanup
[2023-11-15T00:40:16.114+0000][13067.272s][info ][safepoint     ] Leaving safepoint region
[2023-11-15T00:40:16.114+0000][13067.272s][info ][safepoint     ] Total time for which application threads were stopped: 0.0002471 seconds, Stopping threads took: 0.0000485 seconds
[2023-11-15T00:40:34.115+0000][13085.273s][debug][safepoint     ] Safepoint synchronization initiated. (162 threads)
[2023-11-15T00:40:34.115+0000][13085.273s][info ][safepoint     ] Application time: 18.0017485 seconds
[2023-11-15T00:40:34.115+0000][13085.274s][info ][safepoint     ] Entering safepoint region: Cleanup
[2023-11-15T00:40:34.116+0000][13085.274s][info ][safepoint     ] Leaving safepoint region
[2023-11-15T00:40:34.116+0000][13085.274s][info ][safepoint     ] Total time for which application threads were stopped: 0.0005446 seconds, Stopping threads took: 0.0002669 seconds
[2023-11-15T00:41:16.120+0000][13127.278s][debug][safepoint     ] Safepoint synchronization initiated. (162 threads)
[2023-11-15T00:41:16.120+0000][13127.278s][info ][safepoint     ] Application time: 42.0039349 seconds
[2023-11-15T00:41:16.120+0000][13127.278s][info ][safepoint     ] Entering safepoint region: Cleanup
[2023-11-15T00:41:16.120+0000][13127.278s][info ][safepoint     ] Leaving safepoint region
[2023-11-15T00:41:16.120+0000][13127.278s][info ][safepoint     ] Total time for which application threads were stopped: 0.0002513 seconds, Stopping threads took: 0.0000502 seconds
[2023-11-15T00:41:56.124+0000][13167.282s][debug][safepoint     ] Safepoint synchronization initiated. (162 threads)
[2023-11-15T00:41:56.124+0000][13167.282s][info ][safepoint     ] Application time: 40.0036951 seconds
[2023-11-15T00:41:56.124+0000][13167.282s][info ][safepoint     ] Entering safepoint region: Cleanup
[2023-11-15T00:41:56.124+0000][13167.282s][info ][safepoint     ] Leaving safepoint region
[2023-11-15T00:41:56.124+0000][13167.282s][info ][safepoint     ] Total time for which application threads were stopped: 0.0002433 seconds, Stopping threads took: 0.0000513 seconds
[2023-11-15T00:42:01.125+0000][13172.283s][debug][safepoint     ] Safepoint synchronization initiated. (162 threads)
[2023-11-15T00:42:01.125+0000][13172.283s][info ][safepoint     ] Application time: 5.0005589 seconds
[2023-11-15T00:42:01.125+0000][13172.283s][info ][safepoint     ] Entering safepoint region: Cleanup
[2023-11-15T00:42:01.125+0000][13172.283s][info ][safepoint     ] Leaving safepoint region
[2023-11-15T00:42:01.125+0000][13172.283s][info ][safepoint     ] Total time for which application threads were stopped: 0.0003355 seconds, Stopping threads took: 0.0000510 seconds
[2023-11-15T00:44:45.140+0000][13336.298s][debug][safepoint     ] Safepoint synchronization initiated. (162 threads)
[2023-11-15T00:44:45.140+0000][13336.298s][info ][safepoint     ] Application time: 164.0151429 seconds
[2023-11-15T00:44:45.140+0000][13336.298s][info ][safepoint     ] Entering safepoint region: Cleanup
[2023-11-15T00:44:45.141+0000][13336.299s][info ][safepoint     ] Leaving safepoint region
[2023-11-15T00:44:45.141+0000][13336.299s][info ][safepoint     ] Total time for which application threads were stopped: 0.0003329 seconds, Stopping threads took: 0.0000475 seconds
[2023-11-15T00:44:53.141+0000][13344.299s][debug][safepoint     ] Safepoint synchronization initiated. (162 threads)
[2023-11-15T00:44:53.141+0000][13344.299s][info ][safepoint     ] Application time: 8.0007640 seconds
[2023-11-15T00:44:53.141+0000][13344.300s][info ][safepoint     ] Entering safepoint region: Cleanup
[2023-11-15T00:44:53.142+0000][13344.300s][info ][safepoint     ] Leaving safepoint region
[2023-11-15T00:44:53.142+0000][13344.300s][info ][safepoint     ] Total time for which application threads were stopped: 0.0003315 seconds, Stopping threads took: 0.0000477 seconds
[2023-11-15T00:45:36.285+0000][13387.443s][debug][safepoint     ] Safepoint synchronization initiated. (162 threads)
[2023-11-15T00:45:36.285+0000][13387.443s][info ][safepoint     ] Application time: 43.1432693 seconds
[2023-11-15T00:45:36.286+0000][13387.444s][debug][safepoint     ] ... found polling page return exception at pc = 0x00007fe180ada38c, stub =0x00007fe17883a800
[2023-11-15T00:45:36.286+0000][13387.444s][debug][safepoint     ] Waiting for 1 thread(s) to block
[2023-11-15T00:45:36.286+0000][13387.444s][info ][safepoint     ] Entering safepoint region: G1CollectForAllocation
[2023-11-15T00:45:36.286+0000][13387.444s][info ][gc,start      ] GC(63) Pause Young (Normal) (G1 Evacuation Pause)
[2023-11-15T00:45:36.286+0000][13387.444s][info ][gc,task       ] GC(63) Using 4 workers of 4 for evacuation
[2023-11-15T00:45:36.294+0000][13387.452s][info ][gc,phases     ] GC(63)   Pre Evacuate Collection Set: 0.0ms
[2023-11-15T00:45:36.294+0000][13387.452s][info ][gc,phases     ] GC(63)   Evacuate Collection Set: 2.3ms
[2023-11-15T00:45:36.294+0000][13387.452s][info ][gc,phases     ] GC(63)   Post Evacuate Collection Set: 4.7ms
[2023-11-15T00:45:36.294+0000][13387.452s][info ][gc,phases     ] GC(63)   Other: 0.4ms
[2023-11-15T00:45:36.294+0000][13387.452s][info ][gc,heap       ] GC(63) Eden regions: 492->0(492)
[2023-11-15T00:45:36.294+0000][13387.452s][info ][gc,heap       ] GC(63) Survivor regions: 2->2(62)
[2023-11-15T00:45:36.294+0000][13387.452s][info ][gc,heap       ] GC(63) Old regions: 148->148
[2023-11-15T00:45:36.294+0000][13387.452s][info ][gc,heap       ] GC(63) Humongous regions: 0->0
[2023-11-15T00:45:36.294+0000][13387.452s][info ][gc,metaspace  ] GC(63) Metaspace: 153783K(158716K)->153783K(158716K) NonClass: 136033K(139008K)->136033K(139008K) Class: 17749K(19708K)->17749K(19708K)
[2023-11-15T00:45:36.294+0000][13387.452s][info ][gc            ] GC(63) Pause Young (Normal) (G1 Evacuation Pause) 640M->147M(824M) 7.667ms
[2023-11-15T00:45:36.294+0000][13387.452s][info ][gc,cpu        ] GC(63) User=0.03s Sys=0.00s Real=0.01s
[2023-11-15T00:45:36.294+0000][13387.452s][info ][safepoint     ] Leaving safepoint region
[2023-11-15T00:45:36.294+0000][13387.452s][info ][safepoint     ] Total time for which application threads were stopped: 0.0088247 seconds, Stopping threads took: 0.0007386 seconds
[2023-11-15T00:45:36.294+0000][13387.452s][info ][gc,stringdedup] Concurrent String Deduplication (13387.452s)
[2023-11-15T00:45:36.294+0000][13387.452s][info ][gc,stringdedup] Concurrent String Deduplication 0.0B->0.0B(0.0B) avg 54.3% (13387.452s, 13387.452s) 0.056ms
[2023-11-15T00:45:37.294+0000][13388.452s][debug][safepoint     ] Safepoint synchronization initiated. (162 threads)
[2023-11-15T00:45:37.294+0000][13388.452s][info ][safepoint     ] Application time: 1.0001722 seconds
[2023-11-15T00:45:37.294+0000][13388.452s][info ][safepoint     ] Entering safepoint region: Cleanup
[2023-11-15T00:45:37.294+0000][13388.452s][info ][safepoint     ] Leaving safepoint region
[2023-11-15T00:45:37.294+0000][13388.453s][info ][safepoint     ] Total time for which application threads were stopped: 0.0003338 seconds, Stopping threads took: 0.0000498 seconds
[2023-11-15T00:47:02.302+0000][13473.460s][debug][safepoint     ] Safepoint synchronization initiated. (162 threads)
[2023-11-15T00:47:02.302+0000][13473.460s][info ][safepoint     ] Application time: 85.0071941 seconds
[2023-11-15T00:47:02.302+0000][13473.460s][info ][safepoint     ] Entering safepoint region: Cleanup
[2023-11-15T00:47:02.302+0000][13473.460s][info ][safepoint     ] Leaving safepoint region
[2023-11-15T00:47:02.302+0000][13473.460s][info ][safepoint     ] Total time for which application threads were stopped: 0.0003301 seconds, Stopping threads took: 0.0000467 seconds
[2023-11-15T00:47:16.303+0000][13487.461s][debug][safepoint     ] Safepoint synchronization initiated. (162 threads)
[2023-11-15T00:47:16.303+0000][13487.461s][info ][safepoint     ] Application time: 14.0013028 seconds
[2023-11-15T00:47:16.303+0000][13487.461s][info ][safepoint     ] Entering safepoint region: Cleanup
[2023-11-15T00:47:16.304+0000][13487.462s][info ][safepoint     ] Leaving safepoint region
[2023-11-15T00:47:16.304+0000][13487.462s][info ][safepoint     ] Total time for which application threads were stopped: 0.0002878 seconds, Stopping threads took: 0.0000469 seconds
[2023-11-15T00:47:48.306+0000][13519.464s][debug][safepoint     ] Safepoint synchronization initiated. (162 threads)
[2023-11-15T00:47:48.306+0000][13519.465s][info ][safepoint     ] Application time: 32.0028387 seconds
[2023-11-15T00:47:48.307+0000][13519.465s][info ][safepoint     ] Entering safepoint region: Cleanup
[2023-11-15T00:47:48.307+0000][13519.465s][info ][safepoint     ] Leaving safepoint region
[2023-11-15T00:47:48.307+0000][13519.465s][info ][safepoint     ] Total time for which application threads were stopped: 0.0002444 seconds, Stopping threads took: 0.0000473 seconds
[2023-11-15T00:49:32.316+0000][13623.474s][debug][safepoint     ] Safepoint synchronization initiated. (162 threads)
[2023-11-15T00:49:32.316+0000][13623.474s][info ][safepoint     ] Application time: 104.0093966 seconds
[2023-11-15T00:49:32.316+0000][13623.474s][info ][safepoint     ] Entering safepoint region: Cleanup
[2023-11-15T00:49:32.316+0000][13623.475s][info ][safepoint     ] Leaving safepoint region
[2023-11-15T00:49:32.317+0000][13623.475s][info ][safepoint     ] Total time for which application threads were stopped: 0.0003278 seconds, Stopping threads took: 0.0000461 seconds
[2023-11-15T00:50:39.322+0000][13690.481s][debug][safepoint     ] Safepoint synchronization initiated. (162 threads)
[2023-11-15T00:50:39.323+0000][13690.481s][info ][safepoint     ] Application time: 67.0060038 seconds
[2023-11-15T00:50:39.323+0000][13690.481s][info ][safepoint     ] Entering safepoint region: Cleanup
[2023-11-15T00:50:39.323+0000][13690.481s][info ][safepoint     ] Leaving safepoint region
[2023-11-15T00:50:39.323+0000][13690.481s][info ][safepoint     ] Total time for which application threads were stopped: 0.0003419 seconds, Stopping threads took: 0.0000488 seconds
[2023-11-15T00:51:16.326+0000][13727.484s][debug][safepoint     ] Safepoint synchronization initiated. (162 threads)
[2023-11-15T00:51:16.326+0000][13727.484s][info ][safepoint     ] Application time: 37.0032883 seconds
[2023-11-15T00:51:16.326+0000][13727.484s][info ][safepoint     ] Entering safepoint region: Cleanup
[2023-11-15T00:51:16.327+0000][13727.485s][info ][safepoint     ] Leaving safepoint region
[2023-11-15T00:51:16.327+0000][13727.485s][info ][safepoint     ] Total time for which application threads were stopped: 0.0003287 seconds, Stopping threads took: 0.0000467 seconds
[2023-11-15T00:53:32.339+0000][13863.497s][debug][safepoint     ] Safepoint synchronization initiated. (162 threads)
[2023-11-15T00:53:32.339+0000][13863.497s][info ][safepoint     ] Application time: 136.0120250 seconds
[2023-11-15T00:53:32.339+0000][13863.497s][info ][safepoint     ] Entering safepoint region: Cleanup
[2023-11-15T00:53:32.339+0000][13863.497s][info ][safepoint     ] Leaving safepoint region
[2023-11-15T00:53:32.339+0000][13863.497s][info ][safepoint     ] Total time for which application threads were stopped: 0.0003382 seconds, Stopping threads took: 0.0000497 seconds
[2023-11-15T00:54:16.343+0000][13907.501s][debug][safepoint     ] Safepoint synchronization initiated. (162 threads)
[2023-11-15T00:54:16.343+0000][13907.501s][info ][safepoint     ] Application time: 44.0040736 seconds
[2023-11-15T00:54:16.343+0000][13907.501s][info ][safepoint     ] Entering safepoint region: Cleanup
[2023-11-15T00:54:16.343+0000][13907.501s][info ][safepoint     ] Leaving safepoint region
[2023-11-15T00:54:16.343+0000][13907.502s][info ][safepoint     ] Total time for which application threads were stopped: 0.0003508 seconds, Stopping threads took: 0.0000598 seconds
[2023-11-15T00:54:24.194+0000][13915.352s][debug][safepoint     ] Safepoint synchronization initiated. (162 threads)
[2023-11-15T00:54:24.194+0000][13915.352s][info ][safepoint     ] Application time: 7.8501881 seconds
[2023-11-15T00:54:24.194+0000][13915.352s][info ][safepoint     ] Entering safepoint region: G1CollectForAllocation
[2023-11-15T00:54:24.194+0000][13915.352s][info ][gc,start      ] GC(64) Pause Young (Normal) (G1 Evacuation Pause)
[2023-11-15T00:54:24.194+0000][13915.352s][info ][gc,task       ] GC(64) Using 4 workers of 4 for evacuation
[2023-11-15T00:54:24.202+0000][13915.360s][info ][gc,phases     ] GC(64)   Pre Evacuate Collection Set: 0.0ms
[2023-11-15T00:54:24.202+0000][13915.360s][info ][gc,phases     ] GC(64)   Evacuate Collection Set: 2.6ms
[2023-11-15T00:54:24.202+0000][13915.360s][info ][gc,phases     ] GC(64)   Post Evacuate Collection Set: 4.7ms
[2023-11-15T00:54:24.202+0000][13915.360s][info ][gc,phases     ] GC(64)   Other: 0.4ms
[2023-11-15T00:54:24.202+0000][13915.360s][info ][gc,heap       ] GC(64) Eden regions: 492->0(493)
[2023-11-15T00:54:24.202+0000][13915.360s][info ][gc,heap       ] GC(64) Survivor regions: 2->1(62)
[2023-11-15T00:54:24.202+0000][13915.360s][info ][gc,heap       ] GC(64) Old regions: 148->148
[2023-11-15T00:54:24.202+0000][13915.360s][info ][gc,heap       ] GC(64) Humongous regions: 0->0
[2023-11-15T00:54:24.202+0000][13915.360s][info ][gc,metaspace  ] GC(64) Metaspace: 153803K(158972K)->153803K(158972K) NonClass: 136053K(139264K)->136053K(139264K) Class: 17749K(19708K)->17749K(19708K)
[2023-11-15T00:54:24.202+0000][13915.360s][info ][gc            ] GC(64) Pause Young (Normal) (G1 Evacuation Pause) 639M->147M(824M) 8.001ms
[2023-11-15T00:54:24.202+0000][13915.360s][info ][gc,cpu        ] GC(64) User=0.03s Sys=0.00s Real=0.01s
[2023-11-15T00:54:24.202+0000][13915.360s][info ][safepoint     ] Leaving safepoint region
[2023-11-15T00:54:24.202+0000][13915.360s][info ][safepoint     ] Total time for which application threads were stopped: 0.0083974 seconds, Stopping threads took: 0.0000489 seconds
[2023-11-15T00:54:24.202+0000][13915.360s][info ][gc,stringdedup] Concurrent String Deduplication (13915.360s)
[2023-11-15T00:54:24.203+0000][13915.361s][info ][gc,stringdedup] Concurrent String Deduplication 33592.0B->160.0B(33432.0B) avg 54.3% (13915.360s, 13915.361s) 0.357ms
[2023-11-15T00:54:58.205+0000][13949.363s][debug][safepoint     ] Safepoint synchronization initiated. (162 threads)
[2023-11-15T00:54:58.205+0000][13949.363s][info ][safepoint     ] Application time: 34.0030793 seconds
[2023-11-15T00:54:58.205+0000][13949.363s][info ][safepoint     ] Entering safepoint region: Cleanup
[2023-11-15T00:54:58.205+0000][13949.363s][info ][safepoint     ] Leaving safepoint region
[2023-11-15T00:54:58.205+0000][13949.364s][info ][safepoint     ] Total time for which application threads were stopped: 0.0002580 seconds, Stopping threads took: 0.0000482 seconds
[2023-11-15T00:56:25.213+0000][14036.371s][debug][safepoint     ] Safepoint synchronization initiated. (162 threads)
[2023-11-15T00:56:25.213+0000][14036.371s][info ][safepoint     ] Application time: 87.0077251 seconds
[2023-11-15T00:56:25.213+0000][14036.371s][info ][safepoint     ] Entering safepoint region: Cleanup
[2023-11-15T00:56:25.214+0000][14036.372s][info ][safepoint     ] Leaving safepoint region
[2023-11-15T00:56:25.214+0000][14036.372s][info ][safepoint     ] Total time for which application threads were stopped: 0.0003436 seconds, Stopping threads took: 0.0000521 seconds
[2023-11-15T00:57:22.219+0000][14093.377s][debug][safepoint     ] Safepoint synchronization initiated. (162 threads)
[2023-11-15T00:57:22.219+0000][14093.377s][info ][safepoint     ] Application time: 57.0052121 seconds
[2023-11-15T00:57:22.219+0000][14093.377s][info ][safepoint     ] Entering safepoint region: Cleanup
[2023-11-15T00:57:22.219+0000][14093.377s][info ][safepoint     ] Leaving safepoint region
[2023-11-15T00:57:22.219+0000][14093.377s][info ][safepoint     ] Total time for which application threads were stopped: 0.0003438 seconds, Stopping threads took: 0.0000515 seconds
[2023-11-15T00:58:58.228+0000][14189.386s][debug][safepoint     ] Safepoint synchronization initiated. (164 threads)
[2023-11-15T00:58:58.228+0000][14189.386s][info ][safepoint     ] Application time: 96.0087694 seconds
[2023-11-15T00:58:58.228+0000][14189.386s][info ][safepoint     ] Entering safepoint region: Cleanup
[2023-11-15T00:58:58.228+0000][14189.386s][info ][safepoint     ] Leaving safepoint region
[2023-11-15T00:58:58.228+0000][14189.386s][info ][safepoint     ] Total time for which application threads were stopped: 0.0003437 seconds, Stopping threads took: 0.0000515 seconds
[2023-11-15T00:59:17.230+0000][14208.388s][debug][safepoint     ] Safepoint synchronization initiated. (164 threads)
[2023-11-15T00:59:17.230+0000][14208.388s][info ][safepoint     ] Application time: 19.0017895 seconds
[2023-11-15T00:59:17.230+0000][14208.388s][info ][safepoint     ] Entering safepoint region: Cleanup
[2023-11-15T00:59:17.230+0000][14208.389s][info ][safepoint     ] Leaving safepoint region
[2023-11-15T00:59:17.230+0000][14208.389s][info ][safepoint     ] Total time for which application threads were stopped: 0.0003371 seconds, Stopping threads took: 0.0000479 seconds
[2023-11-15T01:00:16.236+0000][14267.394s][debug][safepoint     ] Safepoint synchronization initiated. (161 threads)
[2023-11-15T01:00:16.236+0000][14267.394s][info ][safepoint     ] Application time: 59.0054965 seconds
[2023-11-15T01:00:16.236+0000][14267.394s][info ][safepoint     ] Entering safepoint region: Cleanup
[2023-11-15T01:00:16.236+0000][14267.394s][info ][safepoint     ] Leaving safepoint region
[2023-11-15T01:00:16.236+0000][14267.394s][info ][safepoint     ] Total time for which application threads were stopped: 0.0003353 seconds, Stopping threads took: 0.0000487 seconds
[2023-11-15T01:01:22.242+0000][14333.400s][debug][safepoint     ] Safepoint synchronization initiated. (161 threads)
[2023-11-15T01:01:22.242+0000][14333.400s][info ][safepoint     ] Application time: 66.0060483 seconds
[2023-11-15T01:01:22.242+0000][14333.401s][info ][safepoint     ] Entering safepoint region: Cleanup
[2023-11-15T01:01:22.243+0000][14333.401s][info ][safepoint     ] Leaving safepoint region
[2023-11-15T01:01:22.243+0000][14333.401s][info ][safepoint     ] Total time for which application threads were stopped: 0.0002503 seconds, Stopping threads took: 0.0000493 seconds
[2023-11-15T01:02:02.246+0000][14373.404s][debug][safepoint     ] Safepoint synchronization initiated. (161 threads)
[2023-11-15T01:02:02.246+0000][14373.404s][info ][safepoint     ] Application time: 40.0036935 seconds
[2023-11-15T01:02:02.246+0000][14373.405s][info ][safepoint     ] Entering safepoint region: Cleanup
[2023-11-15T01:02:02.247+0000][14373.405s][info ][safepoint     ] Leaving safepoint region
[2023-11-15T01:02:02.247+0000][14373.405s][info ][safepoint     ] Total time for which application threads were stopped: 0.0002662 seconds, Stopping threads took: 0.0000458 seconds
[2023-11-15T01:03:06.252+0000][14437.410s][debug][safepoint     ] Safepoint synchronization initiated. (161 threads)
[2023-11-15T01:03:06.252+0000][14437.410s][info ][safepoint     ] Application time: 64.0057182 seconds
[2023-11-15T01:03:06.252+0000][14437.411s][info ][safepoint     ] Entering safepoint region: Cleanup
[2023-11-15T01:03:06.253+0000][14437.411s][info ][safepoint     ] Leaving safepoint region
[2023-11-15T01:03:06.253+0000][14437.411s][debug][safepoint     ] ... found polling page return exception at pc = 0x00007fe180ff1766, stub =0x00007fe17883a800
[2023-11-15T01:03:06.253+0000][14437.411s][info ][safepoint     ] Total time for which application threads were stopped: 0.0002601 seconds, Stopping threads took: 0.0000489 seconds
[2023-11-15T01:03:11.173+0000][14442.331s][debug][safepoint     ] Safepoint synchronization initiated. (161 threads)
[2023-11-15T01:03:11.173+0000][14442.331s][info ][safepoint     ] Application time: 4.9203098 seconds
[2023-11-15T01:03:11.173+0000][14442.331s][info ][safepoint     ] Entering safepoint region: G1CollectForAllocation
[2023-11-15T01:03:11.173+0000][14442.331s][info ][gc,start      ] GC(65) Pause Young (Normal) (G1 Evacuation Pause)
[2023-11-15T01:03:11.173+0000][14442.332s][info ][gc,task       ] GC(65) Using 4 workers of 4 for evacuation
[2023-11-15T01:03:11.182+0000][14442.340s][info ][gc,phases     ] GC(65)   Pre Evacuate Collection Set: 0.0ms
[2023-11-15T01:03:11.182+0000][14442.340s][info ][gc,phases     ] GC(65)   Evacuate Collection Set: 2.6ms
[2023-11-15T01:03:11.182+0000][14442.340s][info ][gc,phases     ] GC(65)   Post Evacuate Collection Set: 5.6ms
[2023-11-15T01:03:11.182+0000][14442.340s][info ][gc,phases     ] GC(65)   Other: 0.4ms
[2023-11-15T01:03:11.182+0000][14442.340s][info ][gc,heap       ] GC(65) Eden regions: 493->0(492)
[2023-11-15T01:03:11.182+0000][14442.340s][info ][gc,heap       ] GC(65) Survivor regions: 1->2(62)
[2023-11-15T01:03:11.182+0000][14442.340s][info ][gc,heap       ] GC(65) Old regions: 148->148
[2023-11-15T01:03:11.182+0000][14442.340s][info ][gc,heap       ] GC(65) Humongous regions: 0->0
[2023-11-15T01:03:11.182+0000][14442.340s][info ][gc,metaspace  ] GC(65) Metaspace: 153824K(158972K)->153824K(158972K) NonClass: 136074K(139264K)->136074K(139264K) Class: 17749K(19708K)->17749K(19708K)
[2023-11-15T01:03:11.182+0000][14442.340s][info ][gc            ] GC(65) Pause Young (Normal) (G1 Evacuation Pause) 640M->148M(824M) 8.746ms
[2023-11-15T01:03:11.182+0000][14442.340s][info ][gc,cpu        ] GC(65) User=0.03s Sys=0.00s Real=0.01s
[2023-11-15T01:03:11.182+0000][14442.340s][info ][safepoint     ] Leaving safepoint region
[2023-11-15T01:03:11.182+0000][14442.340s][info ][safepoint     ] Total time for which application threads were stopped: 0.0091562 seconds, Stopping threads took: 0.0000489 seconds
[2023-11-15T01:03:11.182+0000][14442.340s][info ][gc,stringdedup] Concurrent String Deduplication (14442.340s)
[2023-11-15T01:03:11.182+0000][14442.340s][info ][gc,stringdedup] Concurrent String Deduplication 24.0B->0.0B(24.0B) avg 54.3% (14442.340s, 14442.340s) 0.050ms
[2023-11-15T01:05:04.193+0000][14555.351s][debug][safepoint     ] Safepoint synchronization initiated. (161 threads)
[2023-11-15T01:05:04.193+0000][14555.351s][info ][safepoint     ] Application time: 113.0104463 seconds
[2023-11-15T01:05:04.193+0000][14555.351s][info ][safepoint     ] Entering safepoint region: Cleanup
[2023-11-15T01:05:04.193+0000][14555.351s][info ][safepoint     ] Leaving safepoint region
[2023-11-15T01:05:04.193+0000][14555.351s][info ][safepoint     ] Total time for which application threads were stopped: 0.0003290 seconds, Stopping threads took: 0.0000490 seconds
[2023-11-15T01:05:05.193+0000][14556.351s][debug][safepoint     ] Safepoint synchronization initiated. (161 threads)
[2023-11-15T01:05:05.193+0000][14556.351s][info ][safepoint     ] Application time: 1.0001449 seconds
[2023-11-15T01:05:05.193+0000][14556.351s][info ][safepoint     ] Entering safepoint region: Cleanup
[2023-11-15T01:05:05.194+0000][14556.352s][info ][safepoint     ] Leaving safepoint region
[2023-11-15T01:05:05.194+0000][14556.352s][info ][safepoint     ] Total time for which application threads were stopped: 0.0003006 seconds, Stopping threads took: 0.0000498 seconds
[2023-11-15T01:06:29.201+0000][14640.359s][debug][safepoint     ] Safepoint synchronization initiated. (160 threads)
[2023-11-15T01:06:29.201+0000][14640.359s][info ][safepoint     ] Application time: 84.0073369 seconds
[2023-11-15T01:06:29.201+0000][14640.359s][info ][safepoint     ] Entering safepoint region: Cleanup
[2023-11-15T01:06:29.201+0000][14640.359s][info ][safepoint     ] Leaving safepoint region
[2023-11-15T01:06:29.201+0000][14640.359s][info ][safepoint     ] Total time for which application threads were stopped: 0.0002673 seconds, Stopping threads took: 0.0000455 seconds
[2023-11-15T01:09:22.217+0000][14813.375s][debug][safepoint     ] Safepoint synchronization initiated. (160 threads)
[2023-11-15T01:09:22.217+0000][14813.375s][info ][safepoint     ] Application time: 173.0159198 seconds
[2023-11-15T01:09:22.217+0000][14813.375s][info ][safepoint     ] Entering safepoint region: Cleanup
[2023-11-15T01:09:22.217+0000][14813.375s][info ][safepoint     ] Leaving safepoint region
[2023-11-15T01:09:22.217+0000][14813.376s][info ][safepoint     ] Total time for which application threads were stopped: 0.0002518 seconds, Stopping threads took: 0.0000493 seconds
[2023-11-15T01:11:58.585+0000][14969.743s][debug][safepoint     ] Safepoint synchronization initiated. (160 threads)
[2023-11-15T01:11:58.585+0000][14969.743s][info ][safepoint     ] Application time: 156.3673427 seconds
[2023-11-15T01:11:58.585+0000][14969.743s][info ][safepoint     ] Entering safepoint region: G1CollectForAllocation
[2023-11-15T01:11:58.585+0000][14969.743s][info ][gc,start      ] GC(66) Pause Young (Normal) (G1 Evacuation Pause)
[2023-11-15T01:11:58.585+0000][14969.743s][info ][gc,task       ] GC(66) Using 4 workers of 4 for evacuation
[2023-11-15T01:11:58.593+0000][14969.751s][info ][gc,phases     ] GC(66)   Pre Evacuate Collection Set: 0.0ms
[2023-11-15T01:11:58.593+0000][14969.751s][info ][gc,phases     ] GC(66)   Evacuate Collection Set: 2.7ms
[2023-11-15T01:11:58.593+0000][14969.751s][info ][gc,phases     ] GC(66)   Post Evacuate Collection Set: 5.1ms
[2023-11-15T01:11:58.593+0000][14969.752s][info ][gc,phases     ] GC(66)   Other: 0.4ms
[2023-11-15T01:11:58.593+0000][14969.752s][info ][gc,heap       ] GC(66) Eden regions: 492->0(492)
[2023-11-15T01:11:58.593+0000][14969.752s][info ][gc,heap       ] GC(66) Survivor regions: 2->2(62)
[2023-11-15T01:11:58.593+0000][14969.752s][info ][gc,heap       ] GC(66) Old regions: 148->148
[2023-11-15T01:11:58.594+0000][14969.752s][info ][gc,heap       ] GC(66) Humongous regions: 0->0
[2023-11-15T01:11:58.594+0000][14969.752s][info ][gc,metaspace  ] GC(66) Metaspace: 153847K(158972K)->153847K(158972K) NonClass: 136097K(139264K)->136097K(139264K) Class: 17749K(19708K)->17749K(19708K)
[2023-11-15T01:11:58.594+0000][14969.752s][info ][gc            ] GC(66) Pause Young (Normal) (G1 Evacuation Pause) 640M->147M(824M) 8.420ms
[2023-11-15T01:11:58.594+0000][14969.752s][info ][gc,cpu        ] GC(66) User=0.03s Sys=0.00s Real=0.01s
[2023-11-15T01:11:58.594+0000][14969.752s][info ][safepoint     ] Leaving safepoint region
[2023-11-15T01:11:58.594+0000][14969.752s][info ][safepoint     ] Total time for which application threads were stopped: 0.0088668 seconds, Stopping threads took: 0.0000481 seconds
[2023-11-15T01:11:58.594+0000][14969.752s][info ][gc,stringdedup] Concurrent String Deduplication (14969.752s)
[2023-11-15T01:11:58.594+0000][14969.752s][info ][gc,stringdedup] Concurrent String Deduplication 0.0B->0.0B(0.0B) avg 54.3% (14969.752s, 14969.752s) 0.063ms
[2023-11-15T01:12:16.595+0000][14987.753s][debug][safepoint     ] Safepoint synchronization initiated. (160 threads)
[2023-11-15T01:12:16.595+0000][14987.753s][info ][safepoint     ] Application time: 18.0016596 seconds
[2023-11-15T01:12:16.595+0000][14987.753s][info ][safepoint     ] Entering safepoint region: Cleanup
[2023-11-15T01:12:16.596+0000][14987.754s][info ][safepoint     ] Leaving safepoint region
[2023-11-15T01:12:16.596+0000][14987.754s][info ][safepoint     ] Total time for which application threads were stopped: 0.0002455 seconds, Stopping threads took: 0.0000484 seconds
[2023-11-15T01:13:41.603+0000][15072.761s][debug][safepoint     ] Safepoint synchronization initiated. (160 threads)
[2023-11-15T01:13:41.603+0000][15072.761s][info ][safepoint     ] Application time: 85.0073675 seconds
[2023-11-15T01:13:41.603+0000][15072.761s][info ][safepoint     ] Entering safepoint region: Cleanup
[2023-11-15T01:13:41.603+0000][15072.761s][info ][safepoint     ] Leaving safepoint region
[2023-11-15T01:13:41.603+0000][15072.761s][info ][safepoint     ] Total time for which application threads were stopped: 0.0003421 seconds, Stopping threads took: 0.0000490 seconds
[2023-11-15T01:14:16.607+0000][15107.765s][debug][safepoint     ] Safepoint synchronization initiated. (159 threads)
[2023-11-15T01:14:16.607+0000][15107.765s][info ][safepoint     ] Application time: 35.0032808 seconds
[2023-11-15T01:14:16.607+0000][15107.765s][info ][safepoint     ] Entering safepoint region: Cleanup
[2023-11-15T01:14:16.607+0000][15107.765s][info ][safepoint     ] Leaving safepoint region
[2023-11-15T01:14:16.607+0000][15107.765s][info ][safepoint     ] Total time for which application threads were stopped: 0.0003301 seconds, Stopping threads took: 0.0000479 seconds
[2023-11-15T01:15:02.611+0000][15153.769s][debug][safepoint     ] Safepoint synchronization initiated. (159 threads)
[2023-11-15T01:15:02.611+0000][15153.769s][info ][safepoint     ] Application time: 46.0042341 seconds
[2023-11-15T01:15:02.611+0000][15153.769s][info ][safepoint     ] Entering safepoint region: Cleanup
[2023-11-15T01:15:02.612+0000][15153.770s][info ][safepoint     ] Leaving safepoint region
[2023-11-15T01:15:02.612+0000][15153.770s][info ][safepoint     ] Total time for which application threads were stopped: 0.0003041 seconds, Stopping threads took: 0.0000475 seconds
[2023-11-15T01:15:14.613+0000][15165.771s][debug][safepoint     ] Safepoint synchronization initiated. (158 threads)
[2023-11-15T01:15:14.613+0000][15165.771s][info ][safepoint     ] Application time: 12.0012180 seconds
[2023-11-15T01:15:14.613+0000][15165.771s][info ][safepoint     ] Entering safepoint region: Cleanup
[2023-11-15T01:15:14.613+0000][15165.771s][info ][safepoint     ] Leaving safepoint region
[2023-11-15T01:15:14.613+0000][15165.771s][info ][safepoint     ] Total time for which application threads were stopped: 0.0003286 seconds, Stopping threads took: 0.0000472 seconds
[2023-11-15T01:15:16.613+0000][15167.771s][debug][safepoint     ] Safepoint synchronization initiated. (158 threads)
[2023-11-15T01:15:16.613+0000][15167.772s][info ][safepoint     ] Application time: 2.0002714 seconds
[2023-11-15T01:15:16.614+0000][15167.772s][info ][safepoint     ] Entering safepoint region: Cleanup
[2023-11-15T01:15:16.614+0000][15167.772s][info ][safepoint     ] Leaving safepoint region
[2023-11-15T01:15:16.614+0000][15167.772s][info ][safepoint     ] Total time for which application threads were stopped: 0.0003281 seconds, Stopping threads took: 0.0000474 seconds
[2023-11-15T01:16:16.619+0000][15227.777s][debug][safepoint     ] Safepoint synchronization initiated. (158 threads)
[2023-11-15T01:16:16.619+0000][15227.777s][info ][safepoint     ] Application time: 60.0055357 seconds
[2023-11-15T01:16:16.619+0000][15227.777s][info ][safepoint     ] Entering safepoint region: Cleanup
[2023-11-15T01:16:16.620+0000][15227.778s][info ][safepoint     ] Leaving safepoint region
[2023-11-15T01:16:16.620+0000][15227.778s][info ][safepoint     ] Total time for which application threads were stopped: 0.0002811 seconds, Stopping threads took: 0.0000475 seconds
[2023-11-15T01:19:05.635+0000][15396.793s][debug][safepoint     ] Safepoint synchronization initiated. (159 threads)
[2023-11-15T01:19:05.635+0000][15396.793s][info ][safepoint     ] Application time: 169.0155929 seconds
[2023-11-15T01:19:05.635+0000][15396.793s][info ][safepoint     ] Entering safepoint region: Cleanup
[2023-11-15T01:19:05.636+0000][15396.794s][info ][safepoint     ] Leaving safepoint region
[2023-11-15T01:19:05.636+0000][15396.794s][info ][safepoint     ] Total time for which application threads were stopped: 0.0003550 seconds, Stopping threads took: 0.0000454 seconds
[2023-11-15T01:19:19.637+0000][15410.795s][debug][safepoint     ] Safepoint synchronization initiated. (158 threads)
[2023-11-15T01:19:19.637+0000][15410.795s][info ][safepoint     ] Application time: 14.0013180 seconds
[2023-11-15T01:19:19.637+0000][15410.795s][info ][safepoint     ] Entering safepoint region: Cleanup
[2023-11-15T01:19:19.637+0000][15410.795s][info ][safepoint     ] Leaving safepoint region
[2023-11-15T01:19:19.637+0000][15410.795s][info ][safepoint     ] Total time for which application threads were stopped: 0.0003299 seconds, Stopping threads took: 0.0000477 seconds
[2023-11-15T01:20:46.584+0000][15497.742s][debug][safepoint     ] Safepoint synchronization initiated. (160 threads)
[2023-11-15T01:20:46.584+0000][15497.742s][info ][safepoint     ] Application time: 86.9469854 seconds
[2023-11-15T01:20:46.584+0000][15497.742s][debug][safepoint     ] Waiting for 1 thread(s) to block
[2023-11-15T01:20:46.584+0000][15497.743s][info ][safepoint     ] Entering safepoint region: G1CollectForAllocation
[2023-11-15T01:20:46.585+0000][15497.743s][info ][gc,start      ] GC(67) Pause Young (Normal) (G1 Evacuation Pause)
[2023-11-15T01:20:46.585+0000][15497.743s][info ][gc,task       ] GC(67) Using 4 workers of 4 for evacuation
[2023-11-15T01:20:46.592+0000][15497.750s][info ][gc,phases     ] GC(67)   Pre Evacuate Collection Set: 0.0ms
[2023-11-15T01:20:46.592+0000][15497.750s][info ][gc,phases     ] GC(67)   Evacuate Collection Set: 2.4ms
[2023-11-15T01:20:46.592+0000][15497.750s][info ][gc,phases     ] GC(67)   Post Evacuate Collection Set: 4.7ms
[2023-11-15T01:20:46.592+0000][15497.751s][info ][gc,phases     ] GC(67)   Other: 0.4ms
[2023-11-15T01:20:46.592+0000][15497.751s][info ][gc,heap       ] GC(67) Eden regions: 492->0(492)
[2023-11-15T01:20:46.592+0000][15497.751s][info ][gc,heap       ] GC(67) Survivor regions: 2->2(62)
[2023-11-15T01:20:46.592+0000][15497.751s][info ][gc,heap       ] GC(67) Old regions: 148->148
[2023-11-15T01:20:46.593+0000][15497.751s][info ][gc,heap       ] GC(67) Humongous regions: 0->0
[2023-11-15T01:20:46.593+0000][15497.751s][info ][gc,metaspace  ] GC(67) Metaspace: 153899K(158972K)->153899K(158972K) NonClass: 136149K(139264K)->136149K(139264K) Class: 17749K(19708K)->17749K(19708K)
[2023-11-15T01:20:46.593+0000][15497.751s][info ][gc            ] GC(67) Pause Young (Normal) (G1 Evacuation Pause) 639M->147M(824M) 7.779ms
[2023-11-15T01:20:46.593+0000][15497.751s][info ][gc,cpu        ] GC(67) User=0.01s Sys=0.01s Real=0.01s
[2023-11-15T01:20:46.593+0000][15497.751s][info ][safepoint     ] Leaving safepoint region
[2023-11-15T01:20:46.593+0000][15497.751s][info ][safepoint     ] Total time for which application threads were stopped: 0.0083207 seconds, Stopping threads took: 0.0001607 seconds
[2023-11-15T01:20:46.593+0000][15497.751s][info ][gc,stringdedup] Concurrent String Deduplication (15497.751s)
[2023-11-15T01:20:46.593+0000][15497.751s][info ][gc,stringdedup] Concurrent String Deduplication 34096.0B->232.0B(33864.0B) avg 54.4% (15497.751s, 15497.751s) 0.327ms
[2023-11-15T01:20:47.593+0000][15498.751s][debug][safepoint     ] Safepoint synchronization initiated. (160 threads)
[2023-11-15T01:20:47.593+0000][15498.751s][info ][safepoint     ] Application time: 1.0003315 seconds
[2023-11-15T01:20:47.593+0000][15498.751s][info ][safepoint     ] Entering safepoint region: Cleanup
[2023-11-15T01:20:47.593+0000][15498.751s][info ][safepoint     ] Leaving safepoint region
[2023-11-15T01:20:47.593+0000][15498.751s][info ][safepoint     ] Total time for which application threads were stopped: 0.0002990 seconds, Stopping threads took: 0.0000475 seconds
[2023-11-15T01:20:53.594+0000][15504.752s][debug][safepoint     ] Safepoint synchronization initiated. (160 threads)
[2023-11-15T01:20:53.594+0000][15504.752s][info ][safepoint     ] Application time: 6.0005965 seconds
[2023-11-15T01:20:53.594+0000][15504.752s][info ][safepoint     ] Entering safepoint region: Cleanup
[2023-11-15T01:20:53.594+0000][15504.752s][info ][safepoint     ] Leaving safepoint region
[2023-11-15T01:20:53.594+0000][15504.752s][info ][safepoint     ] Total time for which application threads were stopped: 0.0003306 seconds, Stopping threads took: 0.0000478 seconds
[2023-11-15T01:21:16.596+0000][15527.755s][debug][safepoint     ] Safepoint synchronization initiated. (160 threads)
[2023-11-15T01:21:16.597+0000][15527.755s][info ][safepoint     ] Application time: 23.0021948 seconds
[2023-11-15T01:21:16.597+0000][15527.755s][info ][safepoint     ] Entering safepoint region: Cleanup
[2023-11-15T01:21:16.597+0000][15527.755s][info ][safepoint     ] Leaving safepoint region
[2023-11-15T01:21:16.597+0000][15527.755s][info ][safepoint     ] Total time for which application threads were stopped: 0.0003424 seconds, Stopping threads took: 0.0000491 seconds
[2023-11-15T01:22:21.603+0000][15592.761s][debug][safepoint     ] Safepoint synchronization initiated. (160 threads)
[2023-11-15T01:22:21.603+0000][15592.761s][info ][safepoint     ] Application time: 65.0058338 seconds
[2023-11-15T01:22:21.603+0000][15592.761s][info ][safepoint     ] Entering safepoint region: Cleanup
[2023-11-15T01:22:21.603+0000][15592.761s][info ][safepoint     ] Leaving safepoint region
[2023-11-15T01:22:21.603+0000][15592.761s][info ][safepoint     ] Total time for which application threads were stopped: 0.0002514 seconds, Stopping threads took: 0.0000494 seconds
[2023-11-15T01:27:16.630+0000][15887.788s][debug][safepoint     ] Safepoint synchronization initiated. (161 threads)
[2023-11-15T01:27:16.630+0000][15887.788s][info ][safepoint     ] Application time: 295.0267880 seconds
[2023-11-15T01:27:16.630+0000][15887.788s][info ][safepoint     ] Entering safepoint region: Cleanup
[2023-11-15T01:27:16.630+0000][15887.788s][info ][safepoint     ] Leaving safepoint region
[2023-11-15T01:27:16.630+0000][15887.788s][info ][safepoint     ] Total time for which application threads were stopped: 0.0003425 seconds, Stopping threads took: 0.0000489 seconds
[2023-11-15T01:29:31.643+0000][16022.801s][debug][safepoint     ] Safepoint synchronization initiated. (161 threads)
[2023-11-15T01:29:31.643+0000][16022.801s][info ][safepoint     ] Application time: 135.0123782 seconds
[2023-11-15T01:29:31.643+0000][16022.801s][info ][safepoint     ] Entering safepoint region: Cleanup
[2023-11-15T01:29:31.643+0000][16022.801s][info ][safepoint     ] Leaving safepoint region
[2023-11-15T01:29:31.643+0000][16022.801s][info ][safepoint     ] Total time for which application threads were stopped: 0.0003427 seconds, Stopping threads took: 0.0000481 seconds
[2023-11-15T01:29:32.282+0000][16023.441s][debug][safepoint     ] Safepoint synchronization initiated. (161 threads)
[2023-11-15T01:29:32.283+0000][16023.441s][info ][safepoint     ] Application time: 0.6395696 seconds
[2023-11-15T01:29:32.283+0000][16023.441s][info ][safepoint     ] Entering safepoint region: G1CollectForAllocation
[2023-11-15T01:29:32.283+0000][16023.441s][info ][gc,start      ] GC(68) Pause Young (Normal) (G1 Evacuation Pause)
[2023-11-15T01:29:32.283+0000][16023.441s][info ][gc,task       ] GC(68) Using 4 workers of 4 for evacuation
[2023-11-15T01:29:32.290+0000][16023.448s][info ][gc,phases     ] GC(68)   Pre Evacuate Collection Set: 0.0ms
[2023-11-15T01:29:32.290+0000][16023.449s][info ][gc,phases     ] GC(68)   Evacuate Collection Set: 2.5ms
[2023-11-15T01:29:32.290+0000][16023.449s][info ][gc,phases     ] GC(68)   Post Evacuate Collection Set: 4.7ms
[2023-11-15T01:29:32.290+0000][16023.449s][info ][gc,phases     ] GC(68)   Other: 0.4ms
[2023-11-15T01:29:32.291+0000][16023.449s][info ][gc,heap       ] GC(68) Eden regions: 492->0(492)
[2023-11-15T01:29:32.291+0000][16023.449s][info ][gc,heap       ] GC(68) Survivor regions: 2->2(62)
[2023-11-15T01:29:32.291+0000][16023.449s][info ][gc,heap       ] GC(68) Old regions: 148->148
[2023-11-15T01:29:32.291+0000][16023.449s][info ][gc,heap       ] GC(68) Humongous regions: 0->0
[2023-11-15T01:29:32.291+0000][16023.449s][info ][gc,metaspace  ] GC(68) Metaspace: 153931K(158972K)->153931K(158972K) NonClass: 136181K(139264K)->136181K(139264K) Class: 17750K(19708K)->17750K(19708K)
[2023-11-15T01:29:32.291+0000][16023.449s][info ][gc            ] GC(68) Pause Young (Normal) (G1 Evacuation Pause) 639M->148M(824M) 7.798ms
[2023-11-15T01:29:32.291+0000][16023.449s][info ][gc,cpu        ] GC(68) User=0.03s Sys=0.00s Real=0.01s
[2023-11-15T01:29:32.291+0000][16023.449s][info ][safepoint     ] Leaving safepoint region
[2023-11-15T01:29:32.291+0000][16023.449s][info ][safepoint     ] Total time for which application threads were stopped: 0.0081822 seconds, Stopping threads took: 0.0000480 seconds
[2023-11-15T01:29:32.291+0000][16023.449s][info ][gc,stringdedup] Concurrent String Deduplication (16023.449s)
[2023-11-15T01:29:32.291+0000][16023.449s][info ][gc,stringdedup] Concurrent String Deduplication 160.0B->40.0B(120.0B) avg 54.4% (16023.449s, 16023.449s) 0.057ms
[2023-11-15T01:30:30.296+0000][16081.454s][debug][safepoint     ] Safepoint synchronization initiated. (160 threads)
[2023-11-15T01:30:30.296+0000][16081.454s][info ][safepoint     ] Application time: 58.0050283 seconds
[2023-11-15T01:30:30.296+0000][16081.454s][info ][safepoint     ] Entering safepoint region: Cleanup
[2023-11-15T01:30:30.296+0000][16081.454s][info ][safepoint     ] Leaving safepoint region
[2023-11-15T01:30:30.296+0000][16081.454s][info ][safepoint     ] Total time for which application threads were stopped: 0.0003327 seconds, Stopping threads took: 0.0000472 seconds
[2023-11-15T01:31:10.300+0000][16121.458s][debug][safepoint     ] Safepoint synchronization initiated. (161 threads)
[2023-11-15T01:31:10.300+0000][16121.458s][info ][safepoint     ] Application time: 40.0035289 seconds
[2023-11-15T01:31:10.300+0000][16121.458s][info ][safepoint     ] Entering safepoint region: Cleanup
[2023-11-15T01:31:10.300+0000][16121.458s][info ][safepoint     ] Leaving safepoint region
[2023-11-15T01:31:10.300+0000][16121.458s][info ][safepoint     ] Total time for which application threads were stopped: 0.0003201 seconds, Stopping threads took: 0.0000483 seconds
[2023-11-15T01:31:16.301+0000][16127.459s][debug][safepoint     ] Safepoint synchronization initiated. (161 threads)
[2023-11-15T01:31:16.301+0000][16127.459s][info ][safepoint     ] Application time: 6.0005544 seconds
[2023-11-15T01:31:16.301+0000][16127.459s][info ][safepoint     ] Entering safepoint region: Cleanup
[2023-11-15T01:31:16.301+0000][16127.459s][info ][safepoint     ] Leaving safepoint region
[2023-11-15T01:31:16.301+0000][16127.459s][info ][safepoint     ] Total time for which application threads were stopped: 0.0003247 seconds, Stopping threads took: 0.0000470 seconds
[2023-11-15T01:34:16.317+0000][16307.475s][debug][safepoint     ] Safepoint synchronization initiated. (162 threads)
[2023-11-15T01:34:16.317+0000][16307.475s][info ][safepoint     ] Application time: 180.0161426 seconds
[2023-11-15T01:34:16.317+0000][16307.475s][info ][safepoint     ] Entering safepoint region: Cleanup
[2023-11-15T01:34:16.317+0000][16307.475s][info ][safepoint     ] Leaving safepoint region
[2023-11-15T01:34:16.317+0000][16307.475s][info ][safepoint     ] Total time for which application threads were stopped: 0.0002393 seconds, Stopping threads took: 0.0000485 seconds
[2023-11-15T01:34:33.319+0000][16324.477s][debug][safepoint     ] Safepoint synchronization initiated. (162 threads)
[2023-11-15T01:34:33.319+0000][16324.477s][info ][safepoint     ] Application time: 17.0015557 seconds
[2023-11-15T01:34:33.319+0000][16324.477s][info ][safepoint     ] Entering safepoint region: Cleanup
[2023-11-15T01:34:33.319+0000][16324.477s][info ][safepoint     ] Leaving safepoint region
[2023-11-15T01:34:33.319+0000][16324.477s][info ][safepoint     ] Total time for which application threads were stopped: 0.0003223 seconds, Stopping threads took: 0.0000467 seconds
[2023-11-15T01:34:35.320+0000][16326.478s][debug][safepoint     ] Safepoint synchronization initiated. (162 threads)
[2023-11-15T01:34:35.320+0000][16326.478s][info ][safepoint     ] Application time: 2.0002674 seconds
[2023-11-15T01:34:35.320+0000][16326.478s][info ][safepoint     ] Entering safepoint region: Cleanup
[2023-11-15T01:34:35.320+0000][16326.478s][info ][safepoint     ] Leaving safepoint region
[2023-11-15T01:34:35.320+0000][16326.478s][info ][safepoint     ] Total time for which application threads were stopped: 0.0003252 seconds, Stopping threads took: 0.0000461 seconds
[2023-11-15T01:38:19.013+0000][16550.171s][debug][safepoint     ] Safepoint synchronization initiated. (162 threads)
[2023-11-15T01:38:19.013+0000][16550.171s][info ][safepoint     ] Application time: 223.6930160 seconds
[2023-11-15T01:38:19.013+0000][16550.171s][info ][safepoint     ] Entering safepoint region: G1CollectForAllocation
[2023-11-15T01:38:19.013+0000][16550.171s][info ][gc,start      ] GC(69) Pause Young (Normal) (G1 Evacuation Pause)
[2023-11-15T01:38:19.013+0000][16550.171s][info ][gc,task       ] GC(69) Using 4 workers of 4 for evacuation
[2023-11-15T01:38:19.021+0000][16550.179s][info ][gc,phases     ] GC(69)   Pre Evacuate Collection Set: 0.0ms
[2023-11-15T01:38:19.021+0000][16550.179s][info ][gc,phases     ] GC(69)   Evacuate Collection Set: 2.2ms
[2023-11-15T01:38:19.021+0000][16550.179s][info ][gc,phases     ] GC(69)   Post Evacuate Collection Set: 5.0ms
[2023-11-15T01:38:19.021+0000][16550.179s][info ][gc,phases     ] GC(69)   Other: 0.3ms
[2023-11-15T01:38:19.021+0000][16550.179s][info ][gc,heap       ] GC(69) Eden regions: 492->0(492)
[2023-11-15T01:38:19.021+0000][16550.179s][info ][gc,heap       ] GC(69) Survivor regions: 2->2(62)
[2023-11-15T01:38:19.021+0000][16550.179s][info ][gc,heap       ] GC(69) Old regions: 148->148
[2023-11-15T01:38:19.021+0000][16550.179s][info ][gc,heap       ] GC(69) Humongous regions: 0->0
[2023-11-15T01:38:19.021+0000][16550.179s][info ][gc,metaspace  ] GC(69) Metaspace: 153940K(158972K)->153940K(158972K) NonClass: 136190K(139264K)->136190K(139264K) Class: 17750K(19708K)->17750K(19708K)
[2023-11-15T01:38:19.021+0000][16550.179s][info ][gc            ] GC(69) Pause Young (Normal) (G1 Evacuation Pause) 640M->148M(824M) 7.581ms
[2023-11-15T01:38:19.021+0000][16550.179s][info ][gc,cpu        ] GC(69) User=0.01s Sys=0.00s Real=0.01s
[2023-11-15T01:38:19.021+0000][16550.179s][info ][safepoint     ] Leaving safepoint region
[2023-11-15T01:38:19.021+0000][16550.179s][info ][safepoint     ] Total time for which application threads were stopped: 0.0078506 seconds, Stopping threads took: 0.0000332 seconds
[2023-11-15T01:38:19.021+0000][16550.179s][info ][gc,stringdedup] Concurrent String Deduplication (16550.179s)
[2023-11-15T01:38:19.021+0000][16550.179s][info ][gc,stringdedup] Concurrent String Deduplication 0.0B->0.0B(0.0B) avg 54.4% (16550.179s, 16550.179s) 0.045ms
[2023-11-15T01:46:56.070+0000][17067.228s][debug][safepoint     ] Safepoint synchronization initiated. (159 threads)
[2023-11-15T01:46:56.070+0000][17067.228s][info ][safepoint     ] Application time: 517.0489276 seconds
[2023-11-15T01:46:56.070+0000][17067.228s][info ][safepoint     ] Entering safepoint region: Cleanup
[2023-11-15T01:46:56.070+0000][17067.228s][info ][safepoint     ] Leaving safepoint region
[2023-11-15T01:46:56.070+0000][17067.228s][info ][safepoint     ] Total time for which application threads were stopped: 0.0002570 seconds, Stopping threads took: 0.0000534 seconds
[2023-11-15T01:47:07.329+0000][17078.487s][debug][safepoint     ] Safepoint synchronization initiated. (159 threads)
[2023-11-15T01:47:07.329+0000][17078.487s][info ][safepoint     ] Application time: 11.2590676 seconds
[2023-11-15T01:47:07.329+0000][17078.487s][info ][safepoint     ] Entering safepoint region: G1CollectForAllocation
[2023-11-15T01:47:07.329+0000][17078.488s][info ][gc,start      ] GC(70) Pause Young (Normal) (G1 Evacuation Pause)
[2023-11-15T01:47:07.330+0000][17078.488s][info ][gc,task       ] GC(70) Using 4 workers of 4 for evacuation
[2023-11-15T01:47:07.337+0000][17078.495s][info ][gc,phases     ] GC(70)   Pre Evacuate Collection Set: 0.0ms
[2023-11-15T01:47:07.337+0000][17078.495s][info ][gc,phases     ] GC(70)   Evacuate Collection Set: 2.5ms
[2023-11-15T01:47:07.337+0000][17078.495s][info ][gc,phases     ] GC(70)   Post Evacuate Collection Set: 4.4ms
[2023-11-15T01:47:07.337+0000][17078.495s][info ][gc,phases     ] GC(70)   Other: 0.4ms
[2023-11-15T01:47:07.337+0000][17078.495s][info ][gc,heap       ] GC(70) Eden regions: 492->0(492)
[2023-11-15T01:47:07.337+0000][17078.495s][info ][gc,heap       ] GC(70) Survivor regions: 2->2(62)
[2023-11-15T01:47:07.337+0000][17078.495s][info ][gc,heap       ] GC(70) Old regions: 148->148
[2023-11-15T01:47:07.337+0000][17078.495s][info ][gc,heap       ] GC(70) Humongous regions: 0->0
[2023-11-15T01:47:07.337+0000][17078.495s][info ][gc,metaspace  ] GC(70) Metaspace: 153944K(158972K)->153944K(158972K) NonClass: 136194K(139264K)->136194K(139264K) Class: 17750K(19708K)->17750K(19708K)
[2023-11-15T01:47:07.337+0000][17078.495s][info ][gc            ] GC(70) Pause Young (Normal) (G1 Evacuation Pause) 640M->147M(824M) 7.609ms
[2023-11-15T01:47:07.337+0000][17078.495s][info ][gc,cpu        ] GC(70) User=0.02s Sys=0.00s Real=0.00s
[2023-11-15T01:47:07.337+0000][17078.495s][info ][safepoint     ] Leaving safepoint region
[2023-11-15T01:47:07.337+0000][17078.495s][info ][safepoint     ] Total time for which application threads were stopped: 0.0080508 seconds, Stopping threads took: 0.0000490 seconds
[2023-11-15T01:47:07.337+0000][17078.495s][info ][gc,stringdedup] Concurrent String Deduplication (17078.495s)
[2023-11-15T01:47:07.337+0000][17078.496s][info ][gc,stringdedup] Concurrent String Deduplication 17136.0B->96.0B(17040.0B) avg 54.4% (17078.495s, 17078.496s) 0.206ms
[2023-11-15T01:47:08.337+0000][17079.495s][debug][safepoint     ] Safepoint synchronization initiated. (159 threads)
[2023-11-15T01:47:08.337+0000][17079.495s][info ][safepoint     ] Application time: 1.0001839 seconds
[2023-11-15T01:47:08.337+0000][17079.495s][info ][safepoint     ] Entering safepoint region: Cleanup
[2023-11-15T01:47:08.338+0000][17079.496s][info ][safepoint     ] Leaving safepoint region
[2023-11-15T01:47:08.338+0000][17079.496s][info ][safepoint     ] Total time for which application threads were stopped: 0.0003280 seconds, Stopping threads took: 0.0000462 seconds
[2023-11-15T01:48:56.347+0000][17187.505s][debug][safepoint     ] Safepoint synchronization initiated. (160 threads)
[2023-11-15T01:48:56.347+0000][17187.505s][info ][safepoint     ] Application time: 108.0096889 seconds
[2023-11-15T01:48:56.347+0000][17187.506s][info ][safepoint     ] Entering safepoint region: Cleanup
[2023-11-15T01:48:56.348+0000][17187.506s][info ][safepoint     ] Leaving safepoint region
[2023-11-15T01:48:56.348+0000][17187.506s][info ][safepoint     ] Total time for which application threads were stopped: 0.0002604 seconds, Stopping threads took: 0.0000610 seconds
[2023-11-15T01:53:31.372+0000][17462.531s][debug][safepoint     ] Safepoint synchronization initiated. (161 threads)
[2023-11-15T01:53:31.373+0000][17462.531s][info ][safepoint     ] Application time: 275.0248517 seconds
[2023-11-15T01:53:31.373+0000][17462.531s][info ][safepoint     ] Entering safepoint region: Cleanup
[2023-11-15T01:53:31.373+0000][17462.531s][info ][safepoint     ] Leaving safepoint region
[2023-11-15T01:53:31.373+0000][17462.531s][info ][safepoint     ] Total time for which application threads were stopped: 0.0003360 seconds, Stopping threads took: 0.0000462 seconds
[2023-11-15T01:53:53.375+0000][17484.533s][debug][safepoint     ] Safepoint synchronization initiated. (161 threads)
[2023-11-15T01:53:53.375+0000][17484.533s][info ][safepoint     ] Application time: 22.0021333 seconds
[2023-11-15T01:53:53.375+0000][17484.533s][info ][safepoint     ] Entering safepoint region: Cleanup
[2023-11-15T01:53:53.375+0000][17484.533s][info ][safepoint     ] Leaving safepoint region
[2023-11-15T01:53:53.375+0000][17484.533s][info ][safepoint     ] Total time for which application threads were stopped: 0.0003184 seconds, Stopping threads took: 0.0000678 seconds
[2023-11-15T01:55:27.384+0000][17578.542s][debug][safepoint     ] Safepoint synchronization initiated. (160 threads)
[2023-11-15T01:55:27.384+0000][17578.542s][info ][safepoint     ] Application time: 94.0089090 seconds
[2023-11-15T01:55:27.384+0000][17578.542s][info ][safepoint     ] Entering safepoint region: Cleanup
[2023-11-15T01:55:27.385+0000][17578.543s][info ][safepoint     ] Leaving safepoint region
[2023-11-15T01:55:27.385+0000][17578.543s][info ][safepoint     ] Total time for which application threads were stopped: 0.0002481 seconds, Stopping threads took: 0.0000466 seconds
[2023-11-15T01:55:55.141+0000][17606.299s][debug][safepoint     ] Safepoint synchronization initiated. (160 threads)
[2023-11-15T01:55:55.141+0000][17606.299s][info ][safepoint     ] Application time: 27.7563849 seconds
[2023-11-15T01:55:55.141+0000][17606.299s][info ][safepoint     ] Entering safepoint region: G1CollectForAllocation
[2023-11-15T01:55:55.141+0000][17606.299s][info ][gc,start      ] GC(71) Pause Young (Normal) (G1 Evacuation Pause)
[2023-11-15T01:55:55.141+0000][17606.299s][info ][gc,task       ] GC(71) Using 4 workers of 4 for evacuation
[2023-11-15T01:55:55.149+0000][17606.307s][info ][gc,phases     ] GC(71)   Pre Evacuate Collection Set: 0.0ms
[2023-11-15T01:55:55.149+0000][17606.307s][info ][gc,phases     ] GC(71)   Evacuate Collection Set: 2.7ms
[2023-11-15T01:55:55.149+0000][17606.307s][info ][gc,phases     ] GC(71)   Post Evacuate Collection Set: 4.2ms
[2023-11-15T01:55:55.149+0000][17606.307s][info ][gc,phases     ] GC(71)   Other: 0.4ms
[2023-11-15T01:55:55.149+0000][17606.307s][info ][gc,heap       ] GC(71) Eden regions: 492->0(492)
[2023-11-15T01:55:55.149+0000][17606.307s][info ][gc,heap       ] GC(71) Survivor regions: 2->2(62)
[2023-11-15T01:55:55.149+0000][17606.307s][info ][gc,heap       ] GC(71) Old regions: 148->148
[2023-11-15T01:55:55.149+0000][17606.307s][info ][gc,heap       ] GC(71) Humongous regions: 0->0
[2023-11-15T01:55:55.149+0000][17606.307s][info ][gc,metaspace  ] GC(71) Metaspace: 153947K(158972K)->153947K(158972K) NonClass: 136197K(139264K)->136197K(139264K) Class: 17750K(19708K)->17750K(19708K)
[2023-11-15T01:55:55.149+0000][17606.307s][info ][gc            ] GC(71) Pause Young (Normal) (G1 Evacuation Pause) 639M->147M(824M) 7.444ms
[2023-11-15T01:55:55.149+0000][17606.307s][info ][gc,cpu        ] GC(71) User=0.02s Sys=0.00s Real=0.01s
[2023-11-15T01:55:55.149+0000][17606.307s][info ][safepoint     ] Leaving safepoint region
[2023-11-15T01:55:55.149+0000][17606.307s][info ][safepoint     ] Total time for which application threads were stopped: 0.0078891 seconds, Stopping threads took: 0.0000466 seconds
[2023-11-15T01:55:55.149+0000][17606.307s][info ][gc,stringdedup] Concurrent String Deduplication (17606.307s)
[2023-11-15T01:55:55.149+0000][17606.307s][info ][gc,stringdedup] Concurrent String Deduplication 16664.0B->200.0B(16464.0B) avg 54.5% (17606.307s, 17606.307s) 0.207ms
[2023-11-15T01:58:08.161+0000][17739.319s][debug][safepoint     ] Safepoint synchronization initiated. (161 threads)
[2023-11-15T01:58:08.161+0000][17739.319s][info ][safepoint     ] Application time: 133.0124485 seconds
[2023-11-15T01:58:08.161+0000][17739.319s][info ][safepoint     ] Entering safepoint region: Cleanup
[2023-11-15T01:58:08.162+0000][17739.320s][info ][safepoint     ] Leaving safepoint region
[2023-11-15T01:58:08.162+0000][17739.320s][info ][safepoint     ] Total time for which application threads were stopped: 0.0003403 seconds, Stopping threads took: 0.0000500 seconds
[2023-11-15T01:58:20.163+0000][17751.321s][debug][safepoint     ] Safepoint synchronization initiated. (160 threads)
[2023-11-15T01:58:20.163+0000][17751.321s][info ][safepoint     ] Application time: 12.0012040 seconds
[2023-11-15T01:58:20.163+0000][17751.321s][info ][safepoint     ] Entering safepoint region: Cleanup
[2023-11-15T01:58:20.163+0000][17751.321s][info ][safepoint     ] Leaving safepoint region
[2023-11-15T01:58:20.163+0000][17751.321s][info ][safepoint     ] Total time for which application threads were stopped: 0.0003680 seconds, Stopping threads took: 0.0000751 seconds
[2023-11-15T01:58:37.165+0000][17768.323s][debug][safepoint     ] Safepoint synchronization initiated. (162 threads)
[2023-11-15T01:58:37.165+0000][17768.323s][info ][safepoint     ] Application time: 17.0014340 seconds
[2023-11-15T01:58:37.165+0000][17768.323s][info ][safepoint     ] Entering safepoint region: Cleanup
[2023-11-15T01:58:37.165+0000][17768.323s][info ][safepoint     ] Leaving safepoint region
[2023-11-15T01:58:37.165+0000][17768.323s][info ][safepoint     ] Total time for which application threads were stopped: 0.0002991 seconds, Stopping threads took: 0.0000480 seconds
[2023-11-15T01:59:29.170+0000][17820.328s][debug][safepoint     ] Safepoint synchronization initiated. (160 threads)
[2023-11-15T01:59:29.170+0000][17820.328s][info ][safepoint     ] Application time: 52.0047991 seconds
[2023-11-15T01:59:29.170+0000][17820.328s][info ][safepoint     ] Entering safepoint region: Cleanup
[2023-11-15T01:59:29.170+0000][17820.328s][info ][safepoint     ] Leaving safepoint region
[2023-11-15T01:59:29.170+0000][17820.328s][info ][safepoint     ] Total time for which application threads were stopped: 0.0003405 seconds, Stopping threads took: 0.0000505 seconds
[2023-11-15T01:59:46.172+0000][17837.330s][debug][safepoint     ] Safepoint synchronization initiated. (161 threads)
[2023-11-15T01:59:46.172+0000][17837.330s][info ][safepoint     ] Application time: 17.0016995 seconds
[2023-11-15T01:59:46.172+0000][17837.330s][info ][safepoint     ] Entering safepoint region: Cleanup
[2023-11-15T01:59:46.172+0000][17837.330s][info ][safepoint     ] Leaving safepoint region
[2023-11-15T01:59:46.172+0000][17837.330s][info ][safepoint     ] Total time for which application threads were stopped: 0.0003504 seconds, Stopping threads took: 0.0000513 seconds
[2023-11-15T02:01:13.181+0000][17924.339s][debug][safepoint     ] Safepoint synchronization initiated. (160 threads)
[2023-11-15T02:01:13.181+0000][17924.339s][info ][safepoint     ] Application time: 87.0081934 seconds
[2023-11-15T02:01:13.181+0000][17924.339s][info ][safepoint     ] Entering safepoint region: Cleanup
[2023-11-15T02:01:13.181+0000][17924.339s][info ][safepoint     ] Leaving safepoint region
[2023-11-15T02:01:13.181+0000][17924.339s][info ][safepoint     ] Total time for which application threads were stopped: 0.0002536 seconds, Stopping threads took: 0.0000513 seconds
[2023-11-15T02:01:40.183+0000][17951.341s][debug][safepoint     ] Safepoint synchronization initiated. (160 threads)
[2023-11-15T02:01:40.183+0000][17951.342s][info ][safepoint     ] Application time: 27.0025808 seconds
[2023-11-15T02:01:40.184+0000][17951.342s][info ][safepoint     ] Entering safepoint region: Cleanup
[2023-11-15T02:01:40.184+0000][17951.342s][info ][safepoint     ] Leaving safepoint region
[2023-11-15T02:01:40.184+0000][17951.342s][info ][safepoint     ] Total time for which application threads were stopped: 0.0002669 seconds, Stopping threads took: 0.0000500 seconds
[2023-11-15T02:02:10.187+0000][17981.345s][debug][safepoint     ] Safepoint synchronization initiated. (160 threads)
[2023-11-15T02:02:10.187+0000][17981.345s][info ][safepoint     ] Application time: 30.0028545 seconds
[2023-11-15T02:02:10.187+0000][17981.345s][info ][safepoint     ] Entering safepoint region: Cleanup
[2023-11-15T02:02:10.187+0000][17981.345s][info ][safepoint     ] Leaving safepoint region
[2023-11-15T02:02:10.187+0000][17981.345s][info ][safepoint     ] Total time for which application threads were stopped: 0.0003355 seconds, Stopping threads took: 0.0000491 seconds
[2023-11-15T02:04:39.589+0000][18130.747s][debug][safepoint     ] Safepoint synchronization initiated. (160 threads)
[2023-11-15T02:04:39.589+0000][18130.747s][info ][safepoint     ] Application time: 149.4020543 seconds
[2023-11-15T02:04:39.589+0000][18130.747s][debug][safepoint     ] Waiting for 1 thread(s) to block
[2023-11-15T02:04:39.589+0000][18130.747s][info ][safepoint     ] Entering safepoint region: G1CollectForAllocation
[2023-11-15T02:04:39.590+0000][18130.748s][info ][gc,start      ] GC(72) Pause Young (Normal) (G1 Evacuation Pause)
[2023-11-15T02:04:39.590+0000][18130.748s][info ][gc,task       ] GC(72) Using 4 workers of 4 for evacuation
[2023-11-15T02:04:39.598+0000][18130.756s][info ][gc,phases     ] GC(72)   Pre Evacuate Collection Set: 0.0ms
[2023-11-15T02:04:39.598+0000][18130.756s][info ][gc,phases     ] GC(72)   Evacuate Collection Set: 2.8ms
[2023-11-15T02:04:39.598+0000][18130.756s][info ][gc,phases     ] GC(72)   Post Evacuate Collection Set: 4.9ms
[2023-11-15T02:04:39.598+0000][18130.756s][info ][gc,phases     ] GC(72)   Other: 0.4ms
[2023-11-15T02:04:39.598+0000][18130.756s][info ][gc,heap       ] GC(72) Eden regions: 492->0(492)
[2023-11-15T02:04:39.598+0000][18130.756s][info ][gc,heap       ] GC(72) Survivor regions: 2->2(62)
[2023-11-15T02:04:39.598+0000][18130.756s][info ][gc,heap       ] GC(72) Old regions: 148->148
[2023-11-15T02:04:39.598+0000][18130.756s][info ][gc,heap       ] GC(72) Humongous regions: 0->0
[2023-11-15T02:04:39.598+0000][18130.756s][info ][gc,metaspace  ] GC(72) Metaspace: 153962K(158972K)->153962K(158972K) NonClass: 136212K(139264K)->136212K(139264K) Class: 17750K(19708K)->17750K(19708K)
[2023-11-15T02:04:39.598+0000][18130.756s][info ][gc            ] GC(72) Pause Young (Normal) (G1 Evacuation Pause) 639M->148M(824M) 8.246ms
[2023-11-15T02:04:39.598+0000][18130.756s][info ][gc,cpu        ] GC(72) User=0.03s Sys=0.00s Real=0.00s
[2023-11-15T02:04:39.598+0000][18130.756s][info ][safepoint     ] Leaving safepoint region
[2023-11-15T02:04:39.598+0000][18130.756s][info ][safepoint     ] Total time for which application threads were stopped: 0.0087983 seconds, Stopping threads took: 0.0001495 seconds
[2023-11-15T02:04:39.598+0000][18130.756s][info ][gc,stringdedup] Concurrent String Deduplication (18130.756s)
[2023-11-15T02:04:39.598+0000][18130.756s][info ][gc,stringdedup] Concurrent String Deduplication 40.0B->40.0B(0.0B) avg 54.5% (18130.756s, 18130.756s) 0.055ms
[2023-11-15T02:11:16.634+0000][18527.792s][debug][safepoint     ] Safepoint synchronization initiated. (158 threads)
[2023-11-15T02:11:16.634+0000][18527.792s][info ][safepoint     ] Application time: 397.0362528 seconds
[2023-11-15T02:11:16.634+0000][18527.792s][info ][safepoint     ] Entering safepoint region: Cleanup
[2023-11-15T02:11:16.634+0000][18527.793s][info ][safepoint     ] Leaving safepoint region
[2023-11-15T02:11:16.634+0000][18527.793s][info ][safepoint     ] Total time for which application threads were stopped: 0.0003103 seconds, Stopping threads took: 0.0000557 seconds
[2023-11-15T02:13:27.067+0000][18658.225s][debug][safepoint     ] Safepoint synchronization initiated. (161 threads)
[2023-11-15T02:13:27.067+0000][18658.225s][info ][safepoint     ] Application time: 130.4324608 seconds
[2023-11-15T02:13:27.067+0000][18658.225s][debug][safepoint     ] Waiting for 1 thread(s) to block
[2023-11-15T02:13:27.067+0000][18658.225s][info ][safepoint     ] Entering safepoint region: G1CollectForAllocation
[2023-11-15T02:13:27.067+0000][18658.225s][info ][gc,start      ] GC(73) Pause Young (Normal) (G1 Evacuation Pause)
[2023-11-15T02:13:27.067+0000][18658.225s][info ][gc,task       ] GC(73) Using 4 workers of 4 for evacuation
[2023-11-15T02:13:27.074+0000][18658.232s][info ][gc,phases     ] GC(73)   Pre Evacuate Collection Set: 0.0ms
[2023-11-15T02:13:27.074+0000][18658.232s][info ][gc,phases     ] GC(73)   Evacuate Collection Set: 2.3ms
[2023-11-15T02:13:27.074+0000][18658.232s][info ][gc,phases     ] GC(73)   Post Evacuate Collection Set: 4.1ms
[2023-11-15T02:13:27.074+0000][18658.232s][info ][gc,phases     ] GC(73)   Other: 0.4ms
[2023-11-15T02:13:27.074+0000][18658.232s][info ][gc,heap       ] GC(73) Eden regions: 492->0(492)
[2023-11-15T02:13:27.074+0000][18658.232s][info ][gc,heap       ] GC(73) Survivor regions: 2->2(62)
[2023-11-15T02:13:27.074+0000][18658.232s][info ][gc,heap       ] GC(73) Old regions: 148->148
[2023-11-15T02:13:27.074+0000][18658.232s][info ][gc,heap       ] GC(73) Humongous regions: 0->0
[2023-11-15T02:13:27.074+0000][18658.233s][info ][gc,metaspace  ] GC(73) Metaspace: 153967K(158972K)->153967K(158972K) NonClass: 136217K(139264K)->136217K(139264K) Class: 17750K(19708K)->17750K(19708K)
[2023-11-15T02:13:27.075+0000][18658.233s][info ][gc            ] GC(73) Pause Young (Normal) (G1 Evacuation Pause) 640M->147M(824M) 7.146ms
[2023-11-15T02:13:27.075+0000][18658.233s][info ][gc,cpu        ] GC(73) User=0.02s Sys=0.00s Real=0.01s
[2023-11-15T02:13:27.075+0000][18658.233s][info ][safepoint     ] Leaving safepoint region
[2023-11-15T02:13:27.075+0000][18658.233s][info ][safepoint     ] Total time for which application threads were stopped: 0.0076289 seconds, Stopping threads took: 0.0001465 seconds
[2023-11-15T02:13:27.075+0000][18658.233s][info ][gc,stringdedup] Concurrent String Deduplication (18658.233s)
[2023-11-15T02:13:27.075+0000][18658.233s][info ][gc,stringdedup] Concurrent String Deduplication 40.0B->40.0B(0.0B) avg 54.5% (18658.233s, 18658.233s) 0.049ms
[2023-11-15T02:14:14.079+0000][18705.237s][debug][safepoint     ] Safepoint synchronization initiated. (161 threads)
[2023-11-15T02:14:14.079+0000][18705.237s][info ][safepoint     ] Application time: 47.0045206 seconds
[2023-11-15T02:14:14.079+0000][18705.237s][info ][safepoint     ] Entering safepoint region: Cleanup
[2023-11-15T02:14:14.079+0000][18705.238s][info ][safepoint     ] Leaving safepoint region
[2023-11-15T02:14:14.080+0000][18705.238s][info ][safepoint     ] Total time for which application threads were stopped: 0.0003654 seconds, Stopping threads took: 0.0000514 seconds
[2023-11-15T02:15:15.085+0000][18766.243s][debug][safepoint     ] Safepoint synchronization initiated. (160 threads)
[2023-11-15T02:15:15.085+0000][18766.243s][info ][safepoint     ] Application time: 61.0058440 seconds
[2023-11-15T02:15:15.085+0000][18766.244s][info ][safepoint     ] Entering safepoint region: Cleanup
[2023-11-15T02:15:15.086+0000][18766.244s][info ][safepoint     ] Leaving safepoint region
[2023-11-15T02:15:15.086+0000][18766.244s][info ][safepoint     ] Total time for which application threads were stopped: 0.0002441 seconds, Stopping threads took: 0.0000481 seconds
[2023-11-15T02:15:16.086+0000][18767.244s][debug][safepoint     ] Safepoint synchronization initiated. (160 threads)
[2023-11-15T02:15:16.086+0000][18767.244s][info ][safepoint     ] Application time: 1.0001686 seconds
[2023-11-15T02:15:16.086+0000][18767.244s][info ][safepoint     ] Entering safepoint region: Cleanup
[2023-11-15T02:15:16.086+0000][18767.244s][info ][safepoint     ] Leaving safepoint region
[2023-11-15T02:15:16.086+0000][18767.244s][info ][safepoint     ] Total time for which application threads were stopped: 0.0002347 seconds, Stopping threads took: 0.0000471 seconds
[2023-11-15T02:21:21.119+0000][19132.277s][debug][safepoint     ] Safepoint synchronization initiated. (158 threads)
[2023-11-15T02:21:21.119+0000][19132.277s][info ][safepoint     ] Application time: 365.0327823 seconds
[2023-11-15T02:21:21.119+0000][19132.277s][info ][safepoint     ] Entering safepoint region: Cleanup
[2023-11-15T02:21:21.119+0000][19132.277s][info ][safepoint     ] Leaving safepoint region
[2023-11-15T02:21:21.119+0000][19132.277s][info ][safepoint     ] Total time for which application threads were stopped: 0.0003263 seconds, Stopping threads took: 0.0000458 seconds
[2023-11-15T02:21:56.122+0000][19167.280s][debug][safepoint     ] Safepoint synchronization initiated. (158 threads)
[2023-11-15T02:21:56.122+0000][19167.281s][info ][safepoint     ] Application time: 35.0031995 seconds
[2023-11-15T02:21:56.123+0000][19167.281s][info ][safepoint     ] Entering safepoint region: Cleanup
[2023-11-15T02:21:56.123+0000][19167.281s][info ][safepoint     ] Leaving safepoint region
[2023-11-15T02:21:56.123+0000][19167.281s][info ][safepoint     ] Total time for which application threads were stopped: 0.0002535 seconds, Stopping threads took: 0.0000489 seconds
[2023-11-15T02:22:14.811+0000][19185.969s][debug][safepoint     ] Safepoint synchronization initiated. (161 threads)
[2023-11-15T02:22:14.811+0000][19185.969s][info ][safepoint     ] Application time: 18.6882106 seconds
[2023-11-15T02:22:14.811+0000][19185.969s][debug][safepoint     ] Waiting for 1 thread(s) to block
[2023-11-15T02:22:14.811+0000][19185.969s][info ][safepoint     ] Entering safepoint region: G1CollectForAllocation
[2023-11-15T02:22:14.811+0000][19185.969s][info ][gc,start      ] GC(74) Pause Young (Normal) (G1 Evacuation Pause)
[2023-11-15T02:22:14.811+0000][19185.969s][info ][gc,task       ] GC(74) Using 4 workers of 4 for evacuation
[2023-11-15T02:22:14.819+0000][19185.977s][info ][gc,phases     ] GC(74)   Pre Evacuate Collection Set: 0.0ms
[2023-11-15T02:22:14.819+0000][19185.977s][info ][gc,phases     ] GC(74)   Evacuate Collection Set: 2.7ms
[2023-11-15T02:22:14.819+0000][19185.977s][info ][gc,phases     ] GC(74)   Post Evacuate Collection Set: 4.6ms
[2023-11-15T02:22:14.819+0000][19185.977s][info ][gc,phases     ] GC(74)   Other: 0.4ms
[2023-11-15T02:22:14.819+0000][19185.977s][info ][gc,heap       ] GC(74) Eden regions: 492->0(492)
[2023-11-15T02:22:14.819+0000][19185.977s][info ][gc,heap       ] GC(74) Survivor regions: 2->2(62)
[2023-11-15T02:22:14.819+0000][19185.977s][info ][gc,heap       ] GC(74) Old regions: 148->148
[2023-11-15T02:22:14.819+0000][19185.977s][info ][gc,heap       ] GC(74) Humongous regions: 0->0
[2023-11-15T02:22:14.819+0000][19185.977s][info ][gc,metaspace  ] GC(74) Metaspace: 153967K(158972K)->153967K(158972K) NonClass: 136217K(139264K)->136217K(139264K) Class: 17750K(19708K)->17750K(19708K)
[2023-11-15T02:22:14.819+0000][19185.977s][info ][gc            ] GC(74) Pause Young (Normal) (G1 Evacuation Pause) 639M->147M(824M) 7.915ms
[2023-11-15T02:22:14.819+0000][19185.977s][info ][gc,cpu        ] GC(74) User=0.02s Sys=0.00s Real=0.00s
[2023-11-15T02:22:14.819+0000][19185.977s][info ][safepoint     ] Leaving safepoint region
[2023-11-15T02:22:14.819+0000][19185.977s][info ][safepoint     ] Total time for which application threads were stopped: 0.0083926 seconds, Stopping threads took: 0.0001469 seconds
[2023-11-15T02:22:14.819+0000][19185.978s][info ][gc,stringdedup] Concurrent String Deduplication (19185.978s)
[2023-11-15T02:22:14.820+0000][19185.978s][info ][gc,stringdedup] Concurrent String Deduplication 34752.0B->232.0B(34520.0B) avg 54.6% (19185.978s, 19185.978s) 0.333ms
[2023-11-15T02:22:20.820+0000][19191.978s][debug][safepoint     ] Safepoint synchronization initiated. (161 threads)
[2023-11-15T02:22:20.820+0000][19191.978s][info ][safepoint     ] Application time: 6.0009150 seconds
[2023-11-15T02:22:20.820+0000][19191.978s][info ][safepoint     ] Entering safepoint region: Cleanup
[2023-11-15T02:22:20.821+0000][19191.979s][info ][safepoint     ] Leaving safepoint region
[2023-11-15T02:22:20.821+0000][19191.979s][info ][safepoint     ] Total time for which application threads were stopped: 0.0003358 seconds, Stopping threads took: 0.0000473 seconds
[2023-11-15T02:27:15.848+0000][19487.006s][debug][safepoint     ] Safepoint synchronization initiated. (159 threads)
[2023-11-15T02:27:15.848+0000][19487.006s][info ][safepoint     ] Application time: 295.0270360 seconds
[2023-11-15T02:27:15.848+0000][19487.006s][info ][safepoint     ] Entering safepoint region: Cleanup
[2023-11-15T02:27:15.848+0000][19487.006s][info ][safepoint     ] Leaving safepoint region
[2023-11-15T02:27:15.848+0000][19487.006s][info ][safepoint     ] Total time for which application threads were stopped: 0.0003261 seconds, Stopping threads took: 0.0000469 seconds
[2023-11-15T02:28:35.855+0000][19567.013s][debug][safepoint     ] Safepoint synchronization initiated. (161 threads)
[2023-11-15T02:28:35.855+0000][19567.013s][info ][safepoint     ] Application time: 80.0073137 seconds
[2023-11-15T02:28:35.855+0000][19567.014s][info ][safepoint     ] Entering safepoint region: Cleanup
[2023-11-15T02:28:35.856+0000][19567.014s][info ][safepoint     ] Leaving safepoint region
[2023-11-15T02:28:35.856+0000][19567.014s][info ][safepoint     ] Total time for which application threads were stopped: 0.0003767 seconds, Stopping threads took: 0.0000679 seconds
[2023-11-15T02:31:00.722+0000][19711.880s][debug][safepoint     ] Safepoint synchronization initiated. (160 threads)
[2023-11-15T02:31:00.722+0000][19711.880s][info ][safepoint     ] Application time: 144.8665289 seconds
[2023-11-15T02:31:00.722+0000][19711.880s][debug][safepoint     ] Waiting for 1 thread(s) to block
[2023-11-15T02:31:00.722+0000][19711.881s][info ][safepoint     ] Entering safepoint region: G1CollectForAllocation
[2023-11-15T02:31:00.723+0000][19711.881s][info ][gc,start      ] GC(75) Pause Young (Normal) (G1 Evacuation Pause)
[2023-11-15T02:31:00.723+0000][19711.881s][info ][gc,task       ] GC(75) Using 4 workers of 4 for evacuation
[2023-11-15T02:31:00.731+0000][19711.889s][info ][gc,phases     ] GC(75)   Pre Evacuate Collection Set: 0.0ms
[2023-11-15T02:31:00.731+0000][19711.889s][info ][gc,phases     ] GC(75)   Evacuate Collection Set: 2.5ms
[2023-11-15T02:31:00.731+0000][19711.889s][info ][gc,phases     ] GC(75)   Post Evacuate Collection Set: 5.2ms
[2023-11-15T02:31:00.731+0000][19711.889s][info ][gc,phases     ] GC(75)   Other: 0.4ms
[2023-11-15T02:31:00.731+0000][19711.889s][info ][gc,heap       ] GC(75) Eden regions: 492->0(492)
[2023-11-15T02:31:00.731+0000][19711.889s][info ][gc,heap       ] GC(75) Survivor regions: 2->2(62)
[2023-11-15T02:31:00.731+0000][19711.889s][info ][gc,heap       ] GC(75) Old regions: 148->148
[2023-11-15T02:31:00.731+0000][19711.889s][info ][gc,heap       ] GC(75) Humongous regions: 0->0
[2023-11-15T02:31:00.731+0000][19711.889s][info ][gc,metaspace  ] GC(75) Metaspace: 153985K(158972K)->153985K(158972K) NonClass: 136235K(139264K)->136235K(139264K) Class: 17750K(19708K)->17750K(19708K)
[2023-11-15T02:31:00.731+0000][19711.889s][info ][gc            ] GC(75) Pause Young (Normal) (G1 Evacuation Pause) 639M->148M(824M) 8.330ms
[2023-11-15T02:31:00.731+0000][19711.889s][info ][gc,cpu        ] GC(75) User=0.03s Sys=0.00s Real=0.01s
[2023-11-15T02:31:00.731+0000][19711.889s][info ][safepoint     ] Leaving safepoint region
[2023-11-15T02:31:00.731+0000][19711.889s][info ][safepoint     ] Total time for which application threads were stopped: 0.0088748 seconds, Stopping threads took: 0.0001514 seconds
[2023-11-15T02:31:00.731+0000][19711.889s][info ][gc,stringdedup] Concurrent String Deduplication (19711.889s)
[2023-11-15T02:31:00.731+0000][19711.889s][info ][gc,stringdedup] Concurrent String Deduplication 280.0B->256.0B(24.0B) avg 54.6% (19711.889s, 19711.889s) 0.065ms
[2023-11-15T02:33:06.743+0000][19837.901s][debug][safepoint     ] Safepoint synchronization initiated. (159 threads)
[2023-11-15T02:33:06.743+0000][19837.901s][info ][safepoint     ] Application time: 126.0114360 seconds
[2023-11-15T02:33:06.743+0000][19837.901s][info ][safepoint     ] Entering safepoint region: Cleanup
[2023-11-15T02:33:06.743+0000][19837.901s][info ][safepoint     ] Leaving safepoint region
[2023-11-15T02:33:06.743+0000][19837.901s][info ][safepoint     ] Total time for which application threads were stopped: 0.0002820 seconds, Stopping threads took: 0.0000481 seconds
[2023-11-15T02:35:34.756+0000][19985.915s][debug][safepoint     ] Safepoint synchronization initiated. (159 threads)
[2023-11-15T02:35:34.757+0000][19985.915s][info ][safepoint     ] Application time: 148.0135445 seconds
[2023-11-15T02:35:34.757+0000][19985.915s][debug][safepoint     ] Waiting for 1 thread(s) to block
[2023-11-15T02:35:34.757+0000][19985.915s][info ][safepoint     ] Entering safepoint region: Cleanup
[2023-11-15T02:35:34.757+0000][19985.915s][info ][safepoint     ] Leaving safepoint region
[2023-11-15T02:35:34.757+0000][19985.915s][info ][safepoint     ] Total time for which application threads were stopped: 0.0004075 seconds, Stopping threads took: 0.0001253 seconds
[2023-11-15T02:35:39.757+0000][19990.916s][debug][safepoint     ] Safepoint synchronization initiated. (159 threads)
[2023-11-15T02:35:39.758+0000][19990.916s][info ][safepoint     ] Application time: 5.0005480 seconds
[2023-11-15T02:35:39.758+0000][19990.916s][info ][safepoint     ] Entering safepoint region: Cleanup
[2023-11-15T02:35:39.758+0000][19990.916s][info ][safepoint     ] Leaving safepoint region
[2023-11-15T02:35:39.758+0000][19990.916s][info ][safepoint     ] Total time for which application threads were stopped: 0.0003303 seconds, Stopping threads took: 0.0000471 seconds
[2023-11-15T02:38:16.771+0000][20147.929s][debug][safepoint     ] Safepoint synchronization initiated. (159 threads)
[2023-11-15T02:38:16.771+0000][20147.929s][info ][safepoint     ] Application time: 157.0135175 seconds
[2023-11-15T02:38:16.771+0000][20147.930s][info ][safepoint     ] Entering safepoint region: Cleanup
[2023-11-15T02:38:16.772+0000][20147.930s][info ][safepoint     ] Leaving safepoint region
[2023-11-15T02:38:16.772+0000][20147.930s][info ][safepoint     ] Total time for which application threads were stopped: 0.0002607 seconds, Stopping threads took: 0.0000700 seconds
[2023-11-15T02:39:48.361+0000][20239.519s][debug][safepoint     ] Safepoint synchronization initiated. (159 threads)
[2023-11-15T02:39:48.361+0000][20239.519s][info ][safepoint     ] Application time: 91.5894603 seconds
[2023-11-15T02:39:48.361+0000][20239.519s][debug][safepoint     ] Waiting for 1 thread(s) to block
[2023-11-15T02:39:48.361+0000][20239.519s][info ][safepoint     ] Entering safepoint region: G1CollectForAllocation
[2023-11-15T02:39:48.362+0000][20239.520s][info ][gc,start      ] GC(76) Pause Young (Normal) (G1 Evacuation Pause)
[2023-11-15T02:39:48.362+0000][20239.520s][info ][gc,task       ] GC(76) Using 4 workers of 4 for evacuation
[2023-11-15T02:39:48.370+0000][20239.528s][info ][gc,phases     ] GC(76)   Pre Evacuate Collection Set: 0.0ms
[2023-11-15T02:39:48.370+0000][20239.528s][info ][gc,phases     ] GC(76)   Evacuate Collection Set: 2.7ms
[2023-11-15T02:39:48.370+0000][20239.528s][info ][gc,phases     ] GC(76)   Post Evacuate Collection Set: 4.9ms
[2023-11-15T02:39:48.370+0000][20239.528s][info ][gc,phases     ] GC(76)   Other: 0.4ms
[2023-11-15T02:39:48.370+0000][20239.528s][info ][gc,heap       ] GC(76) Eden regions: 492->0(492)
[2023-11-15T02:39:48.370+0000][20239.528s][info ][gc,heap       ] GC(76) Survivor regions: 2->2(62)
[2023-11-15T02:39:48.370+0000][20239.528s][info ][gc,heap       ] GC(76) Old regions: 148->148
[2023-11-15T02:39:48.370+0000][20239.528s][info ][gc,heap       ] GC(76) Humongous regions: 0->0
[2023-11-15T02:39:48.370+0000][20239.528s][info ][gc,metaspace  ] GC(76) Metaspace: 153986K(158972K)->153986K(158972K) NonClass: 136235K(139264K)->136235K(139264K) Class: 17750K(19708K)->17750K(19708K)
[2023-11-15T02:39:48.370+0000][20239.528s][info ][gc            ] GC(76) Pause Young (Normal) (G1 Evacuation Pause) 640M->147M(824M) 8.198ms
[2023-11-15T02:39:48.370+0000][20239.528s][info ][gc,cpu        ] GC(76) User=0.03s Sys=0.00s Real=0.01s
[2023-11-15T02:39:48.370+0000][20239.528s][info ][safepoint     ] Leaving safepoint region
[2023-11-15T02:39:48.370+0000][20239.528s][info ][safepoint     ] Total time for which application threads were stopped: 0.0087430 seconds, Stopping threads took: 0.0001486 seconds
[2023-11-15T02:39:48.370+0000][20239.528s][info ][gc,stringdedup] Concurrent String Deduplication (20239.528s)
[2023-11-15T02:39:48.370+0000][20239.528s][info ][gc,stringdedup] Concurrent String Deduplication 40.0B->40.0B(0.0B) avg 54.6% (20239.528s, 20239.528s) 0.062ms
[2023-11-15T02:39:49.370+0000][20240.528s][debug][safepoint     ] Safepoint synchronization initiated. (159 threads)
[2023-11-15T02:39:49.370+0000][20240.528s][info ][safepoint     ] Application time: 1.0004284 seconds
[2023-11-15T02:39:49.370+0000][20240.528s][info ][safepoint     ] Entering safepoint region: Cleanup
[2023-11-15T02:39:49.371+0000][20240.529s][info ][safepoint     ] Leaving safepoint region
[2023-11-15T02:39:49.371+0000][20240.529s][info ][safepoint     ] Total time for which application threads were stopped: 0.0003297 seconds, Stopping threads took: 0.0000482 seconds
[2023-11-15T02:40:16.373+0000][20267.531s][debug][safepoint     ] Safepoint synchronization initiated. (160 threads)
[2023-11-15T02:40:16.373+0000][20267.531s][info ][safepoint     ] Application time: 27.0025114 seconds
[2023-11-15T02:40:16.373+0000][20267.531s][info ][safepoint     ] Entering safepoint region: Cleanup
[2023-11-15T02:40:16.373+0000][20267.532s][info ][safepoint     ] Leaving safepoint region
[2023-11-15T02:40:16.373+0000][20267.532s][info ][safepoint     ] Total time for which application threads were stopped: 0.0001833 seconds, Stopping threads took: 0.0000355 seconds
[2023-11-15T02:45:51.404+0000][20602.562s][debug][safepoint     ] Safepoint synchronization initiated. (159 threads)
[2023-11-15T02:45:51.404+0000][20602.562s][info ][safepoint     ] Application time: 335.0302278 seconds
[2023-11-15T02:45:51.404+0000][20602.562s][info ][safepoint     ] Entering safepoint region: Cleanup
[2023-11-15T02:45:51.404+0000][20602.562s][info ][safepoint     ] Leaving safepoint region
[2023-11-15T02:45:51.404+0000][20602.562s][info ][safepoint     ] Total time for which application threads were stopped: 0.0002671 seconds, Stopping threads took: 0.0000476 seconds
[2023-11-15T02:48:36.394+0000][20767.552s][debug][safepoint     ] Safepoint synchronization initiated. (159 threads)
[2023-11-15T02:48:36.394+0000][20767.552s][info ][safepoint     ] Application time: 164.9896516 seconds
[2023-11-15T02:48:36.394+0000][20767.552s][info ][safepoint     ] Entering safepoint region: G1CollectForAllocation
[2023-11-15T02:48:36.394+0000][20767.552s][info ][gc,start      ] GC(77) Pause Young (Normal) (G1 Evacuation Pause)
[2023-11-15T02:48:36.394+0000][20767.552s][info ][gc,task       ] GC(77) Using 4 workers of 4 for evacuation
[2023-11-15T02:48:36.401+0000][20767.559s][info ][gc,phases     ] GC(77)   Pre Evacuate Collection Set: 0.0ms
[2023-11-15T02:48:36.401+0000][20767.559s][info ][gc,phases     ] GC(77)   Evacuate Collection Set: 2.6ms
[2023-11-15T02:48:36.401+0000][20767.559s][info ][gc,phases     ] GC(77)   Post Evacuate Collection Set: 4.3ms
[2023-11-15T02:48:36.401+0000][20767.559s][info ][gc,phases     ] GC(77)   Other: 0.4ms
[2023-11-15T02:48:36.401+0000][20767.559s][info ][gc,heap       ] GC(77) Eden regions: 492->0(492)
[2023-11-15T02:48:36.401+0000][20767.559s][info ][gc,heap       ] GC(77) Survivor regions: 2->2(62)
[2023-11-15T02:48:36.401+0000][20767.559s][info ][gc,heap       ] GC(77) Old regions: 148->148
[2023-11-15T02:48:36.401+0000][20767.559s][info ][gc,heap       ] GC(77) Humongous regions: 0->0
[2023-11-15T02:48:36.401+0000][20767.559s][info ][gc,metaspace  ] GC(77) Metaspace: 153987K(158972K)->153987K(158972K) NonClass: 136236K(139264K)->136236K(139264K) Class: 17750K(19708K)->17750K(19708K)
[2023-11-15T02:48:36.401+0000][20767.560s][info ][gc            ] GC(77) Pause Young (Normal) (G1 Evacuation Pause) 639M->147M(824M) 7.466ms
[2023-11-15T02:48:36.402+0000][20767.560s][info ][gc,cpu        ] GC(77) User=0.02s Sys=0.00s Real=0.01s
[2023-11-15T02:48:36.402+0000][20767.560s][info ][safepoint     ] Leaving safepoint region
[2023-11-15T02:48:36.402+0000][20767.560s][info ][safepoint     ] Total time for which application threads were stopped: 0.0079068 seconds, Stopping threads took: 0.0000492 seconds
[2023-11-15T02:48:36.402+0000][20767.560s][info ][gc,stringdedup] Concurrent String Deduplication (20767.560s)
[2023-11-15T02:48:36.402+0000][20767.560s][info ][gc,stringdedup] Concurrent String Deduplication 33240.0B->48.0B(33192.0B) avg 54.6% (20767.560s, 20767.560s) 0.340ms
[2023-11-15T02:57:06.447+0000][21277.605s][debug][safepoint     ] Safepoint synchronization initiated. (160 threads)
[2023-11-15T02:57:06.447+0000][21277.605s][info ][safepoint     ] Application time: 510.0457064 seconds
[2023-11-15T02:57:06.447+0000][21277.605s][info ][safepoint     ] Entering safepoint region: Cleanup
[2023-11-15T02:57:06.448+0000][21277.606s][info ][safepoint     ] Leaving safepoint region
[2023-11-15T02:57:06.448+0000][21277.606s][info ][safepoint     ] Total time for which application threads were stopped: 0.0002914 seconds, Stopping threads took: 0.0000509 seconds
[2023-11-15T02:57:22.449+0000][21293.607s][debug][safepoint     ] Safepoint synchronization initiated. (161 threads)
[2023-11-15T02:57:22.449+0000][21293.607s][info ][safepoint     ] Application time: 16.0014270 seconds
[2023-11-15T02:57:22.449+0000][21293.607s][info ][safepoint     ] Entering safepoint region: Cleanup
[2023-11-15T02:57:22.449+0000][21293.607s][info ][safepoint     ] Leaving safepoint region
[2023-11-15T02:57:22.449+0000][21293.607s][info ][safepoint     ] Total time for which application threads were stopped: 0.0002446 seconds, Stopping threads took: 0.0000474 seconds
[2023-11-15T02:57:23.554+0000][21294.712s][debug][safepoint     ] Safepoint synchronization initiated. (161 threads)
[2023-11-15T02:57:23.554+0000][21294.712s][info ][safepoint     ] Application time: 1.1046721 seconds
[2023-11-15T02:57:23.554+0000][21294.712s][info ][safepoint     ] Entering safepoint region: G1CollectForAllocation
[2023-11-15T02:57:23.554+0000][21294.712s][info ][gc,start      ] GC(78) Pause Young (Normal) (G1 Evacuation Pause)
[2023-11-15T02:57:23.554+0000][21294.712s][info ][gc,task       ] GC(78) Using 4 workers of 4 for evacuation
[2023-11-15T02:57:23.563+0000][21294.721s][info ][gc,phases     ] GC(78)   Pre Evacuate Collection Set: 0.0ms
[2023-11-15T02:57:23.563+0000][21294.721s][info ][gc,phases     ] GC(78)   Evacuate Collection Set: 3.3ms
[2023-11-15T02:57:23.563+0000][21294.721s][info ][gc,phases     ] GC(78)   Post Evacuate Collection Set: 4.7ms
[2023-11-15T02:57:23.563+0000][21294.721s][info ][gc,phases     ] GC(78)   Other: 0.4ms
[2023-11-15T02:57:23.563+0000][21294.721s][info ][gc,heap       ] GC(78) Eden regions: 492->0(492)
[2023-11-15T02:57:23.563+0000][21294.721s][info ][gc,heap       ] GC(78) Survivor regions: 2->2(62)
[2023-11-15T02:57:23.563+0000][21294.721s][info ][gc,heap       ] GC(78) Old regions: 148->148
[2023-11-15T02:57:23.563+0000][21294.721s][info ][gc,heap       ] GC(78) Humongous regions: 0->0
[2023-11-15T02:57:23.563+0000][21294.721s][info ][gc,metaspace  ] GC(78) Metaspace: 154002K(158972K)->154002K(158972K) NonClass: 136251K(139264K)->136251K(139264K) Class: 17750K(19708K)->17750K(19708K)
[2023-11-15T02:57:23.563+0000][21294.721s][info ][gc            ] GC(78) Pause Young (Normal) (G1 Evacuation Pause) 639M->147M(824M) 8.584ms
[2023-11-15T02:57:23.563+0000][21294.721s][info ][gc,cpu        ] GC(78) User=0.02s Sys=0.00s Real=0.01s
[2023-11-15T02:57:23.563+0000][21294.721s][info ][safepoint     ] Leaving safepoint region
[2023-11-15T02:57:23.563+0000][21294.721s][info ][safepoint     ] Total time for which application threads were stopped: 0.0089556 seconds, Stopping threads took: 0.0000522 seconds
[2023-11-15T02:57:23.563+0000][21294.721s][info ][gc,stringdedup] Concurrent String Deduplication (21294.721s)
[2023-11-15T02:57:23.563+0000][21294.721s][info ][gc,stringdedup] Concurrent String Deduplication 528.0B->192.0B(336.0B) avg 54.6% (21294.721s, 21294.721s) 0.077ms
[2023-11-15T02:59:01.572+0000][21392.730s][debug][safepoint     ] Safepoint synchronization initiated. (159 threads)
[2023-11-15T02:59:01.572+0000][21392.730s][info ][safepoint     ] Application time: 98.0089871 seconds
[2023-11-15T02:59:01.572+0000][21392.730s][info ][safepoint     ] Entering safepoint region: Cleanup
[2023-11-15T02:59:01.572+0000][21392.730s][info ][safepoint     ] Leaving safepoint region
[2023-11-15T02:59:01.572+0000][21392.730s][info ][safepoint     ] Total time for which application threads were stopped: 0.0003332 seconds, Stopping threads took: 0.0000480 seconds
[2023-11-15T02:59:06.573+0000][21397.731s][debug][safepoint     ] Safepoint synchronization initiated. (162 threads)
[2023-11-15T02:59:06.573+0000][21397.731s][info ][safepoint     ] Application time: 5.0005624 seconds
[2023-11-15T02:59:06.573+0000][21397.731s][info ][safepoint     ] Entering safepoint region: Cleanup
[2023-11-15T02:59:06.573+0000][21397.731s][info ][safepoint     ] Leaving safepoint region
[2023-11-15T02:59:06.573+0000][21397.731s][info ][safepoint     ] Total time for which application threads were stopped: 0.0003347 seconds, Stopping threads took: 0.0000482 seconds
[2023-11-15T03:04:34.604+0000][21725.762s][debug][safepoint     ] Safepoint synchronization initiated. (159 threads)
[2023-11-15T03:04:34.604+0000][21725.762s][info ][safepoint     ] Application time: 328.0308623 seconds
[2023-11-15T03:04:34.604+0000][21725.762s][info ][safepoint     ] Entering safepoint region: Cleanup
[2023-11-15T03:04:34.604+0000][21725.763s][info ][safepoint     ] Leaving safepoint region
[2023-11-15T03:04:34.604+0000][21725.763s][info ][safepoint     ] Total time for which application threads were stopped: 0.0002550 seconds, Stopping threads took: 0.0000495 seconds
[2023-11-15T03:06:08.608+0000][21819.766s][debug][safepoint     ] Safepoint synchronization initiated. (159 threads)
[2023-11-15T03:06:08.608+0000][21819.766s][info ][safepoint     ] Application time: 94.0037443 seconds
[2023-11-15T03:06:08.610+0000][21819.768s][debug][safepoint     ] ... found polling page return exception at pc = 0x00007fe180ada38c, stub =0x00007fe17883a800
[2023-11-15T03:06:08.610+0000][21819.768s][debug][safepoint     ] Waiting for 1 thread(s) to block
[2023-11-15T03:06:08.610+0000][21819.768s][info ][safepoint     ] Entering safepoint region: G1CollectForAllocation
[2023-11-15T03:06:08.611+0000][21819.769s][info ][gc,start      ] GC(79) Pause Young (Normal) (G1 Evacuation Pause)
[2023-11-15T03:06:08.611+0000][21819.769s][info ][gc,task       ] GC(79) Using 4 workers of 4 for evacuation
[2023-11-15T03:06:08.619+0000][21819.777s][info ][gc,phases     ] GC(79)   Pre Evacuate Collection Set: 0.0ms
[2023-11-15T03:06:08.619+0000][21819.777s][info ][gc,phases     ] GC(79)   Evacuate Collection Set: 2.6ms
[2023-11-15T03:06:08.619+0000][21819.777s][info ][gc,phases     ] GC(79)   Post Evacuate Collection Set: 5.3ms
[2023-11-15T03:06:08.619+0000][21819.777s][info ][gc,phases     ] GC(79)   Other: 0.4ms
[2023-11-15T03:06:08.619+0000][21819.777s][info ][gc,heap       ] GC(79) Eden regions: 492->0(492)
[2023-11-15T03:06:08.619+0000][21819.777s][info ][gc,heap       ] GC(79) Survivor regions: 2->2(62)
[2023-11-15T03:06:08.619+0000][21819.777s][info ][gc,heap       ] GC(79) Old regions: 148->148
[2023-11-15T03:06:08.619+0000][21819.777s][info ][gc,heap       ] GC(79) Humongous regions: 0->0
[2023-11-15T03:06:08.619+0000][21819.777s][info ][gc,metaspace  ] GC(79) Metaspace: 154039K(158972K)->154039K(158972K) NonClass: 136288K(139264K)->136288K(139264K) Class: 17751K(19708K)->17751K(19708K)
[2023-11-15T03:06:08.619+0000][21819.777s][info ][gc            ] GC(79) Pause Young (Normal) (G1 Evacuation Pause) 639M->148M(824M) 8.449ms
[2023-11-15T03:06:08.619+0000][21819.777s][info ][gc,cpu        ] GC(79) User=0.03s Sys=0.00s Real=0.00s
[2023-11-15T03:06:08.619+0000][21819.777s][info ][safepoint     ] Leaving safepoint region
[2023-11-15T03:06:08.619+0000][21819.777s][info ][safepoint     ] Total time for which application threads were stopped: 0.0110397 seconds, Stopping threads took: 0.0022048 seconds
[2023-11-15T03:06:08.619+0000][21819.777s][info ][gc,stringdedup] Concurrent String Deduplication (21819.777s)
[2023-11-15T03:06:08.619+0000][21819.777s][info ][gc,stringdedup] Concurrent String Deduplication 80.0B->80.0B(0.0B) avg 54.6% (21819.777s, 21819.777s) 0.055ms
[2023-11-15T03:08:53.634+0000][21984.792s][debug][safepoint     ] Safepoint synchronization initiated. (161 threads)
[2023-11-15T03:08:53.634+0000][21984.792s][info ][safepoint     ] Application time: 165.0151306 seconds
[2023-11-15T03:08:53.634+0000][21984.793s][info ][safepoint     ] Entering safepoint region: Cleanup
[2023-11-15T03:08:53.635+0000][21984.793s][info ][safepoint     ] Leaving safepoint region
[2023-11-15T03:08:53.635+0000][21984.793s][info ][safepoint     ] Total time for which application threads were stopped: 0.0003142 seconds, Stopping threads took: 0.0000480 seconds
[2023-11-15T03:10:20.643+0000][22071.801s][debug][safepoint     ] Safepoint synchronization initiated. (161 threads)
[2023-11-15T03:10:20.643+0000][22071.801s][info ][safepoint     ] Application time: 87.0080070 seconds
[2023-11-15T03:10:20.643+0000][22071.801s][info ][safepoint     ] Entering safepoint region: Cleanup
[2023-11-15T03:10:20.643+0000][22071.801s][info ][safepoint     ] Leaving safepoint region
[2023-11-15T03:10:20.643+0000][22071.801s][info ][safepoint     ] Total time for which application threads were stopped: 0.0002580 seconds, Stopping threads took: 0.0000540 seconds
[2023-11-15T03:11:46.651+0000][22157.809s][debug][safepoint     ] Safepoint synchronization initiated. (160 threads)
[2023-11-15T03:11:46.651+0000][22157.809s][info ][safepoint     ] Application time: 86.0077758 seconds
[2023-11-15T03:11:46.651+0000][22157.809s][info ][safepoint     ] Entering safepoint region: Cleanup
[2023-11-15T03:11:46.651+0000][22157.809s][info ][safepoint     ] Leaving safepoint region
[2023-11-15T03:11:46.651+0000][22157.809s][info ][safepoint     ] Total time for which application threads were stopped: 0.0003340 seconds, Stopping threads took: 0.0000474 seconds
[2023-11-15T03:14:19.665+0000][22310.823s][debug][safepoint     ] Safepoint synchronization initiated. (161 threads)
[2023-11-15T03:14:19.665+0000][22310.823s][info ][safepoint     ] Application time: 153.0139666 seconds
[2023-11-15T03:14:19.665+0000][22310.823s][info ][safepoint     ] Entering safepoint region: Cleanup
[2023-11-15T03:14:19.665+0000][22310.824s][info ][safepoint     ] Leaving safepoint region
[2023-11-15T03:14:19.666+0000][22310.824s][info ][safepoint     ] Total time for which application threads were stopped: 0.0002497 seconds, Stopping threads took: 0.0000482 seconds
[2023-11-15T03:14:55.725+0000][22346.883s][debug][safepoint     ] Safepoint synchronization initiated. (161 threads)
[2023-11-15T03:14:55.725+0000][22346.883s][info ][safepoint     ] Application time: 36.0593044 seconds
[2023-11-15T03:14:55.725+0000][22346.883s][info ][safepoint     ] Entering safepoint region: G1CollectForAllocation
[2023-11-15T03:14:55.725+0000][22346.883s][info ][gc,start      ] GC(80) Pause Young (Normal) (G1 Evacuation Pause)
[2023-11-15T03:14:55.725+0000][22346.883s][info ][gc,task       ] GC(80) Using 4 workers of 4 for evacuation
[2023-11-15T03:14:55.733+0000][22346.891s][info ][gc,phases     ] GC(80)   Pre Evacuate Collection Set: 0.0ms
[2023-11-15T03:14:55.733+0000][22346.891s][info ][gc,phases     ] GC(80)   Evacuate Collection Set: 2.9ms
[2023-11-15T03:14:55.733+0000][22346.891s][info ][gc,phases     ] GC(80)   Post Evacuate Collection Set: 4.7ms
[2023-11-15T03:14:55.733+0000][22346.891s][info ][gc,phases     ] GC(80)   Other: 0.4ms
[2023-11-15T03:14:55.733+0000][22346.891s][info ][gc,heap       ] GC(80) Eden regions: 492->0(492)
[2023-11-15T03:14:55.733+0000][22346.891s][info ][gc,heap       ] GC(80) Survivor regions: 2->2(62)
[2023-11-15T03:14:55.733+0000][22346.891s][info ][gc,heap       ] GC(80) Old regions: 148->148
[2023-11-15T03:14:55.733+0000][22346.891s][info ][gc,heap       ] GC(80) Humongous regions: 0->0
[2023-11-15T03:14:55.733+0000][22346.891s][info ][gc,metaspace  ] GC(80) Metaspace: 154067K(158972K)->154067K(158972K) NonClass: 136316K(139264K)->136316K(139264K) Class: 17751K(19708K)->17751K(19708K)
[2023-11-15T03:14:55.733+0000][22346.891s][info ][gc            ] GC(80) Pause Young (Normal) (G1 Evacuation Pause) 640M->147M(824M) 8.191ms
[2023-11-15T03:14:55.733+0000][22346.891s][info ][gc,cpu        ] GC(80) User=0.03s Sys=0.00s Real=0.01s
[2023-11-15T03:14:55.733+0000][22346.892s][info ][safepoint     ] Leaving safepoint region
[2023-11-15T03:14:55.733+0000][22346.892s][info ][safepoint     ] Total time for which application threads were stopped: 0.0086383 seconds, Stopping threads took: 0.0000484 seconds
[2023-11-15T03:14:55.734+0000][22346.892s][info ][gc,stringdedup] Concurrent String Deduplication (22346.892s)
[2023-11-15T03:14:55.734+0000][22346.892s][info ][gc,stringdedup] Concurrent String Deduplication 3776.0B->0.0B(3776.0B) avg 54.6% (22346.892s, 22346.892s) 0.104ms
[2023-11-15T03:16:05.740+0000][22416.898s][debug][safepoint     ] Safepoint synchronization initiated. (161 threads)
[2023-11-15T03:16:05.740+0000][22416.898s][info ][safepoint     ] Application time: 70.0065883 seconds
[2023-11-15T03:16:05.740+0000][22416.898s][info ][safepoint     ] Entering safepoint region: Cleanup
[2023-11-15T03:16:05.740+0000][22416.898s][info ][safepoint     ] Leaving safepoint region
[2023-11-15T03:16:05.740+0000][22416.899s][info ][safepoint     ] Total time for which application threads were stopped: 0.0003345 seconds, Stopping threads took: 0.0000475 seconds
[2023-11-15T03:18:58.756+0000][22589.914s][debug][safepoint     ] Safepoint synchronization initiated. (159 threads)
[2023-11-15T03:18:58.756+0000][22589.914s][info ][safepoint     ] Application time: 173.0157743 seconds
[2023-11-15T03:18:58.756+0000][22589.914s][info ][safepoint     ] Entering safepoint region: Cleanup
[2023-11-15T03:18:58.757+0000][22589.915s][info ][safepoint     ] Leaving safepoint region
[2023-11-15T03:18:58.757+0000][22589.915s][info ][safepoint     ] Total time for which application threads were stopped: 0.0003333 seconds, Stopping threads took: 0.0000485 seconds
[2023-11-15T03:19:17.758+0000][22608.917s][debug][safepoint     ] Safepoint synchronization initiated. (159 threads)
[2023-11-15T03:19:17.759+0000][22608.917s][info ][safepoint     ] Application time: 19.0018879 seconds
[2023-11-15T03:19:17.759+0000][22608.917s][info ][safepoint     ] Entering safepoint region: Cleanup
[2023-11-15T03:19:17.759+0000][22608.917s][info ][safepoint     ] Leaving safepoint region
[2023-11-15T03:19:17.759+0000][22608.917s][info ][safepoint     ] Total time for which application threads were stopped: 0.0003362 seconds, Stopping threads took: 0.0000472 seconds
[2023-11-15T03:23:43.942+0000][22875.100s][debug][safepoint     ] Safepoint synchronization initiated. (159 threads)
[2023-11-15T03:23:43.942+0000][22875.100s][info ][safepoint     ] Application time: 266.1833982 seconds
[2023-11-15T03:23:43.942+0000][22875.100s][info ][safepoint     ] Entering safepoint region: G1CollectForAllocation
[2023-11-15T03:23:43.943+0000][22875.101s][info ][gc,start      ] GC(81) Pause Young (Normal) (G1 Evacuation Pause)
[2023-11-15T03:23:43.943+0000][22875.101s][info ][gc,task       ] GC(81) Using 4 workers of 4 for evacuation
[2023-11-15T03:23:43.950+0000][22875.108s][info ][gc,phases     ] GC(81)   Pre Evacuate Collection Set: 0.0ms
[2023-11-15T03:23:43.950+0000][22875.108s][info ][gc,phases     ] GC(81)   Evacuate Collection Set: 2.6ms
[2023-11-15T03:23:43.950+0000][22875.108s][info ][gc,phases     ] GC(81)   Post Evacuate Collection Set: 4.4ms
[2023-11-15T03:23:43.950+0000][22875.108s][info ][gc,phases     ] GC(81)   Other: 0.4ms
[2023-11-15T03:23:43.950+0000][22875.108s][info ][gc,heap       ] GC(81) Eden regions: 492->0(492)
[2023-11-15T03:23:43.950+0000][22875.108s][info ][gc,heap       ] GC(81) Survivor regions: 2->2(62)
[2023-11-15T03:23:43.950+0000][22875.108s][info ][gc,heap       ] GC(81) Old regions: 148->148
[2023-11-15T03:23:43.950+0000][22875.108s][info ][gc,heap       ] GC(81) Humongous regions: 0->0
[2023-11-15T03:23:43.950+0000][22875.108s][info ][gc,metaspace  ] GC(81) Metaspace: 154074K(158972K)->154074K(158972K) NonClass: 136323K(139264K)->136323K(139264K) Class: 17751K(19708K)->17751K(19708K)
[2023-11-15T03:23:43.950+0000][22875.108s][info ][gc            ] GC(81) Pause Young (Normal) (G1 Evacuation Pause) 639M->147M(824M) 7.615ms
[2023-11-15T03:23:43.950+0000][22875.108s][info ][gc,cpu        ] GC(81) User=0.03s Sys=0.00s Real=0.01s
[2023-11-15T03:23:43.950+0000][22875.108s][info ][safepoint     ] Leaving safepoint region
[2023-11-15T03:23:43.950+0000][22875.108s][info ][safepoint     ] Total time for which application threads were stopped: 0.0079994 seconds, Stopping threads took: 0.0000510 seconds
[2023-11-15T03:23:43.950+0000][22875.108s][info ][gc,stringdedup] Concurrent String Deduplication (22875.108s)
[2023-11-15T03:23:43.951+0000][22875.109s][info ][gc,stringdedup] Concurrent String Deduplication 29912.0B->232.0B(29680.0B) avg 54.7% (22875.108s, 22875.109s) 0.303ms
[2023-11-15T03:24:05.952+0000][22897.110s][debug][safepoint     ] Safepoint synchronization initiated. (159 threads)
[2023-11-15T03:24:05.952+0000][22897.110s][info ][safepoint     ] Application time: 22.0019002 seconds
[2023-11-15T03:24:05.952+0000][22897.110s][info ][safepoint     ] Entering safepoint region: Cleanup
[2023-11-15T03:24:05.953+0000][22897.111s][info ][safepoint     ] Leaving safepoint region
[2023-11-15T03:24:05.953+0000][22897.111s][info ][safepoint     ] Total time for which application threads were stopped: 0.0002985 seconds, Stopping threads took: 0.0000464 seconds
[2023-11-15T03:26:39.966+0000][23051.125s][debug][safepoint     ] Safepoint synchronization initiated. (162 threads)
[2023-11-15T03:26:39.967+0000][23051.125s][info ][safepoint     ] Application time: 154.0139611 seconds
[2023-11-15T03:26:39.967+0000][23051.125s][info ][safepoint     ] Entering safepoint region: Cleanup
[2023-11-15T03:26:39.967+0000][23051.125s][info ][safepoint     ] Leaving safepoint region
[2023-11-15T03:26:39.967+0000][23051.125s][info ][safepoint     ] Total time for which application threads were stopped: 0.0001630 seconds, Stopping threads took: 0.0000326 seconds
[2023-11-15T03:27:05.969+0000][23077.127s][debug][safepoint     ] Safepoint synchronization initiated. (160 threads)
[2023-11-15T03:27:05.969+0000][23077.127s][info ][safepoint     ] Application time: 26.0025510 seconds
[2023-11-15T03:27:05.969+0000][23077.127s][info ][safepoint     ] Entering safepoint region: Cleanup
[2023-11-15T03:27:05.970+0000][23077.128s][info ][safepoint     ] Leaving safepoint region
[2023-11-15T03:27:05.970+0000][23077.128s][info ][safepoint     ] Total time for which application threads were stopped: 0.0003239 seconds, Stopping threads took: 0.0000310 seconds
[2023-11-15T03:27:18.971+0000][23090.129s][debug][safepoint     ] Safepoint synchronization initiated. (162 threads)
[2023-11-15T03:27:18.971+0000][23090.129s][info ][safepoint     ] Application time: 13.0013266 seconds
[2023-11-15T03:27:18.971+0000][23090.129s][info ][safepoint     ] Entering safepoint region: Cleanup
[2023-11-15T03:27:18.971+0000][23090.129s][info ][safepoint     ] Leaving safepoint region
[2023-11-15T03:27:18.971+0000][23090.129s][info ][safepoint     ] Total time for which application threads were stopped: 0.0003177 seconds, Stopping threads took: 0.0000299 seconds
[2023-11-15T03:27:55.975+0000][23127.133s][debug][safepoint     ] Safepoint synchronization initiated. (162 threads)
[2023-11-15T03:27:55.975+0000][23127.133s][info ][safepoint     ] Application time: 37.0036846 seconds
[2023-11-15T03:27:55.975+0000][23127.133s][info ][safepoint     ] Entering safepoint region: Cleanup
[2023-11-15T03:27:55.975+0000][23127.133s][info ][safepoint     ] Leaving safepoint region
[2023-11-15T03:27:55.975+0000][23127.133s][info ][safepoint     ] Total time for which application threads were stopped: 0.0003398 seconds, Stopping threads took: 0.0000488 seconds
[2023-11-15T03:32:16.000+0000][23387.158s][debug][safepoint     ] Safepoint synchronization initiated. (160 threads)
[2023-11-15T03:32:16.000+0000][23387.158s][info ][safepoint     ] Application time: 260.0244628 seconds
[2023-11-15T03:32:16.000+0000][23387.158s][info ][safepoint     ] Entering safepoint region: Cleanup
[2023-11-15T03:32:16.000+0000][23387.158s][info ][safepoint     ] Leaving safepoint region
[2023-11-15T03:32:16.000+0000][23387.158s][info ][safepoint     ] Total time for which application threads were stopped: 0.0003346 seconds, Stopping threads took: 0.0000496 seconds
[2023-11-15T03:32:28.388+0000][23399.546s][debug][safepoint     ] Safepoint synchronization initiated. (160 threads)
[2023-11-15T03:32:28.388+0000][23399.546s][info ][safepoint     ] Application time: 12.3879836 seconds
[2023-11-15T03:32:28.388+0000][23399.546s][info ][safepoint     ] Entering safepoint region: G1CollectForAllocation
[2023-11-15T03:32:28.388+0000][23399.547s][info ][gc,start      ] GC(82) Pause Young (Normal) (G1 Evacuation Pause)
[2023-11-15T03:32:28.388+0000][23399.547s][info ][gc,task       ] GC(82) Using 4 workers of 4 for evacuation
[2023-11-15T03:32:28.397+0000][23399.555s][info ][gc,phases     ] GC(82)   Pre Evacuate Collection Set: 0.0ms
[2023-11-15T03:32:28.397+0000][23399.555s][info ][gc,phases     ] GC(82)   Evacuate Collection Set: 2.6ms
[2023-11-15T03:32:28.397+0000][23399.555s][info ][gc,phases     ] GC(82)   Post Evacuate Collection Set: 5.2ms
[2023-11-15T03:32:28.397+0000][23399.555s][info ][gc,phases     ] GC(82)   Other: 0.4ms
[2023-11-15T03:32:28.397+0000][23399.555s][info ][gc,heap       ] GC(82) Eden regions: 492->0(491)
[2023-11-15T03:32:28.397+0000][23399.555s][info ][gc,heap       ] GC(82) Survivor regions: 2->3(62)
[2023-11-15T03:32:28.397+0000][23399.555s][info ][gc,heap       ] GC(82) Old regions: 148->148
[2023-11-15T03:32:28.397+0000][23399.555s][info ][gc,heap       ] GC(82) Humongous regions: 0->0
[2023-11-15T03:32:28.397+0000][23399.555s][info ][gc,metaspace  ] GC(82) Metaspace: 154117K(159228K)->154117K(159228K) NonClass: 136366K(139520K)->136366K(139520K) Class: 17751K(19708K)->17751K(19708K)
[2023-11-15T03:32:28.397+0000][23399.555s][info ][gc            ] GC(82) Pause Young (Normal) (G1 Evacuation Pause) 639M->148M(824M) 8.510ms
[2023-11-15T03:32:28.397+0000][23399.555s][info ][gc,cpu        ] GC(82) User=0.02s Sys=0.00s Real=0.00s
[2023-11-15T03:32:28.397+0000][23399.555s][info ][safepoint     ] Leaving safepoint region
[2023-11-15T03:32:28.397+0000][23399.555s][info ][safepoint     ] Total time for which application threads were stopped: 0.0089087 seconds, Stopping threads took: 0.0000488 seconds
[2023-11-15T03:32:28.397+0000][23399.555s][info ][gc,stringdedup] Concurrent String Deduplication (23399.555s)
[2023-11-15T03:32:28.397+0000][23399.555s][info ][gc,stringdedup] Concurrent String Deduplication 40.0B->40.0B(0.0B) avg 54.7% (23399.555s, 23399.555s) 0.055ms
[2023-11-15T03:32:29.397+0000][23400.555s][debug][safepoint     ] Safepoint synchronization initiated. (160 threads)
[2023-11-15T03:32:29.397+0000][23400.555s][info ][safepoint     ] Application time: 1.0001663 seconds
[2023-11-15T03:32:29.397+0000][23400.555s][info ][safepoint     ] Entering safepoint region: Cleanup
[2023-11-15T03:32:29.398+0000][23400.556s][info ][safepoint     ] Leaving safepoint region
[2023-11-15T03:32:29.398+0000][23400.556s][info ][safepoint     ] Total time for which application threads were stopped: 0.0003295 seconds, Stopping threads took: 0.0000465 seconds
[2023-11-15T03:32:30.398+0000][23401.556s][debug][safepoint     ] Safepoint synchronization initiated. (160 threads)
[2023-11-15T03:32:30.398+0000][23401.556s][info ][safepoint     ] Application time: 1.0001646 seconds
[2023-11-15T03:32:30.398+0000][23401.556s][info ][safepoint     ] Entering safepoint region: Cleanup
[2023-11-15T03:32:30.398+0000][23401.556s][info ][safepoint     ] Leaving safepoint region
[2023-11-15T03:32:30.398+0000][23401.556s][info ][safepoint     ] Total time for which application threads were stopped: 0.0003247 seconds, Stopping threads took: 0.0000466 seconds
[2023-11-15T03:40:34.442+0000][23885.600s][debug][safepoint     ] Safepoint synchronization initiated. (159 threads)
[2023-11-15T03:40:34.442+0000][23885.600s][info ][safepoint     ] Application time: 484.0441297 seconds
[2023-11-15T03:40:34.442+0000][23885.600s][info ][safepoint     ] Entering safepoint region: Cleanup
[2023-11-15T03:40:34.443+0000][23885.601s][info ][safepoint     ] Leaving safepoint region
[2023-11-15T03:40:34.443+0000][23885.601s][info ][safepoint     ] Total time for which application threads were stopped: 0.0002493 seconds, Stopping threads took: 0.0000468 seconds
[2023-11-15T03:41:14.155+0000][23925.313s][debug][safepoint     ] Safepoint synchronization initiated. (161 threads)
[2023-11-15T03:41:14.155+0000][23925.314s][info ][safepoint     ] Application time: 39.7129013 seconds
[2023-11-15T03:41:14.156+0000][23925.314s][info ][safepoint     ] Entering safepoint region: G1CollectForAllocation
[2023-11-15T03:41:14.156+0000][23925.314s][info ][gc,start      ] GC(83) Pause Young (Normal) (G1 Evacuation Pause)
[2023-11-15T03:41:14.156+0000][23925.314s][info ][gc,task       ] GC(83) Using 4 workers of 4 for evacuation
[2023-11-15T03:41:14.164+0000][23925.322s][info ][gc,phases     ] GC(83)   Pre Evacuate Collection Set: 0.0ms
[2023-11-15T03:41:14.164+0000][23925.322s][info ][gc,phases     ] GC(83)   Evacuate Collection Set: 2.7ms
[2023-11-15T03:41:14.164+0000][23925.322s][info ][gc,phases     ] GC(83)   Post Evacuate Collection Set: 5.1ms
[2023-11-15T03:41:14.164+0000][23925.322s][info ][gc,phases     ] GC(83)   Other: 0.4ms
[2023-11-15T03:41:14.164+0000][23925.322s][info ][gc,heap       ] GC(83) Eden regions: 491->0(492)
[2023-11-15T03:41:14.164+0000][23925.322s][info ][gc,heap       ] GC(83) Survivor regions: 3->2(62)
[2023-11-15T03:41:14.164+0000][23925.322s][info ][gc,heap       ] GC(83) Old regions: 148->148
[2023-11-15T03:41:14.164+0000][23925.322s][info ][gc,heap       ] GC(83) Humongous regions: 0->0
[2023-11-15T03:41:14.164+0000][23925.322s][info ][gc,metaspace  ] GC(83) Metaspace: 154165K(159228K)->154165K(159228K) NonClass: 136414K(139520K)->136414K(139520K) Class: 17751K(19708K)->17751K(19708K)
[2023-11-15T03:41:14.164+0000][23925.322s][info ][gc            ] GC(83) Pause Young (Normal) (G1 Evacuation Pause) 639M->148M(824M) 8.467ms
[2023-11-15T03:41:14.164+0000][23925.322s][info ][gc,cpu        ] GC(83) User=0.01s Sys=0.01s Real=0.01s
[2023-11-15T03:41:14.164+0000][23925.322s][info ][safepoint     ] Leaving safepoint region
[2023-11-15T03:41:14.164+0000][23925.322s][info ][safepoint     ] Total time for which application threads were stopped: 0.0089218 seconds, Stopping threads took: 0.0000520 seconds
[2023-11-15T03:41:14.164+0000][23925.323s][info ][gc,stringdedup] Concurrent String Deduplication (23925.323s)
[2023-11-15T03:41:14.165+0000][23925.323s][info ][gc,stringdedup] Concurrent String Deduplication 0.0B->0.0B(0.0B) avg 54.7% (23925.323s, 23925.323s) 0.060ms
[2023-11-15T03:42:01.169+0000][23972.327s][debug][safepoint     ] Safepoint synchronization initiated. (161 threads)
[2023-11-15T03:42:01.169+0000][23972.327s][info ][safepoint     ] Application time: 47.0044076 seconds
[2023-11-15T03:42:01.169+0000][23972.327s][info ][safepoint     ] Entering safepoint region: Cleanup
[2023-11-15T03:42:01.169+0000][23972.327s][info ][safepoint     ] Leaving safepoint region
[2023-11-15T03:42:01.169+0000][23972.327s][info ][safepoint     ] Total time for which application threads were stopped: 0.0003397 seconds, Stopping threads took: 0.0000494 seconds
[2023-11-15T03:48:02.202+0000][24333.360s][debug][safepoint     ] Safepoint synchronization initiated. (158 threads)
[2023-11-15T03:48:02.202+0000][24333.360s][info ][safepoint     ] Application time: 361.0328040 seconds
[2023-11-15T03:48:02.202+0000][24333.360s][info ][safepoint     ] Entering safepoint region: Cleanup
[2023-11-15T03:48:02.202+0000][24333.360s][info ][safepoint     ] Leaving safepoint region
[2023-11-15T03:48:02.202+0000][24333.360s][info ][safepoint     ] Total time for which application threads were stopped: 0.0002474 seconds, Stopping threads took: 0.0000473 seconds
[2023-11-15T03:50:02.079+0000][24453.237s][debug][safepoint     ] Safepoint synchronization initiated. (162 threads)
[2023-11-15T03:50:02.079+0000][24453.237s][info ][safepoint     ] Application time: 119.8768020 seconds
[2023-11-15T03:50:02.079+0000][24453.237s][info ][safepoint     ] Entering safepoint region: G1CollectForAllocation
[2023-11-15T03:50:02.079+0000][24453.237s][info ][gc,start      ] GC(84) Pause Young (Normal) (G1 Evacuation Pause)
[2023-11-15T03:50:02.079+0000][24453.237s][info ][gc,task       ] GC(84) Using 4 workers of 4 for evacuation
[2023-11-15T03:50:02.087+0000][24453.245s][info ][gc,phases     ] GC(84)   Pre Evacuate Collection Set: 0.0ms
[2023-11-15T03:50:02.087+0000][24453.245s][info ][gc,phases     ] GC(84)   Evacuate Collection Set: 2.9ms
[2023-11-15T03:50:02.087+0000][24453.245s][info ][gc,phases     ] GC(84)   Post Evacuate Collection Set: 4.8ms
[2023-11-15T03:50:02.087+0000][24453.245s][info ][gc,phases     ] GC(84)   Other: 0.3ms
[2023-11-15T03:50:02.087+0000][24453.245s][info ][gc,heap       ] GC(84) Eden regions: 492->0(492)
[2023-11-15T03:50:02.087+0000][24453.245s][info ][gc,heap       ] GC(84) Survivor regions: 2->2(62)
[2023-11-15T03:50:02.087+0000][24453.245s][info ][gc,heap       ] GC(84) Old regions: 148->148
[2023-11-15T03:50:02.087+0000][24453.245s][info ][gc,heap       ] GC(84) Humongous regions: 0->0
[2023-11-15T03:50:02.087+0000][24453.245s][info ][gc,metaspace  ] GC(84) Metaspace: 154165K(159228K)->154165K(159228K) NonClass: 136414K(139520K)->136414K(139520K) Class: 17751K(19708K)->17751K(19708K)
[2023-11-15T03:50:02.087+0000][24453.246s][info ][gc            ] GC(84) Pause Young (Normal) (G1 Evacuation Pause) 640M->147M(824M) 8.153ms
[2023-11-15T03:50:02.088+0000][24453.246s][info ][gc,cpu        ] GC(84) User=0.01s Sys=0.00s Real=0.02s
[2023-11-15T03:50:02.088+0000][24453.246s][info ][safepoint     ] Leaving safepoint region
[2023-11-15T03:50:02.088+0000][24453.246s][info ][safepoint     ] Total time for which application threads were stopped: 0.0084501 seconds, Stopping threads took: 0.0000326 seconds
[2023-11-15T03:50:02.088+0000][24453.246s][info ][gc,stringdedup] Concurrent String Deduplication (24453.246s)
[2023-11-15T03:50:02.088+0000][24453.246s][info ][gc,stringdedup] Concurrent String Deduplication 33448.0B->88.0B(33360.0B) avg 54.8% (24453.246s, 24453.246s) 0.206ms
[2023-11-15T03:53:32.106+0000][24663.264s][debug][safepoint     ] Safepoint synchronization initiated. (159 threads)
[2023-11-15T03:53:32.106+0000][24663.264s][info ][safepoint     ] Application time: 210.0184521 seconds
[2023-11-15T03:53:32.106+0000][24663.264s][info ][safepoint     ] Entering safepoint region: Cleanup
[2023-11-15T03:53:32.106+0000][24663.264s][info ][safepoint     ] Leaving safepoint region
[2023-11-15T03:53:32.106+0000][24663.264s][info ][safepoint     ] Total time for which application threads were stopped: 0.0003534 seconds, Stopping threads took: 0.0000496 seconds
[2023-11-15T03:57:26.128+0000][24897.286s][debug][safepoint     ] Safepoint synchronization initiated. (162 threads)
[2023-11-15T03:57:26.128+0000][24897.286s][info ][safepoint     ] Application time: 234.0215940 seconds
[2023-11-15T03:57:26.128+0000][24897.286s][info ][safepoint     ] Entering safepoint region: Cleanup
[2023-11-15T03:57:26.128+0000][24897.286s][info ][safepoint     ] Leaving safepoint region
[2023-11-15T03:57:26.128+0000][24897.286s][info ][safepoint     ] Total time for which application threads were stopped: 0.0003421 seconds, Stopping threads took: 0.0000500 seconds
[2023-11-15T03:57:44.130+0000][24915.288s][debug][safepoint     ] Safepoint synchronization initiated. (162 threads)
[2023-11-15T03:57:44.130+0000][24915.288s][info ][safepoint     ] Application time: 18.0017266 seconds
[2023-11-15T03:57:44.130+0000][24915.288s][info ][safepoint     ] Entering safepoint region: Cleanup
[2023-11-15T03:57:44.130+0000][24915.288s][info ][safepoint     ] Leaving safepoint region
[2023-11-15T03:57:44.130+0000][24915.289s][info ][safepoint     ] Total time for which application threads were stopped: 0.0003425 seconds, Stopping threads took: 0.0000493 seconds
[2023-11-15T03:58:05.132+0000][24936.290s][debug][safepoint     ] Safepoint synchronization initiated. (163 threads)
[2023-11-15T03:58:05.132+0000][24936.291s][info ][safepoint     ] Application time: 21.0020036 seconds
[2023-11-15T03:58:05.133+0000][24936.291s][info ][safepoint     ] Entering safepoint region: Cleanup
[2023-11-15T03:58:05.133+0000][24936.291s][info ][safepoint     ] Leaving safepoint region
[2023-11-15T03:58:05.133+0000][24936.291s][info ][safepoint     ] Total time for which application threads were stopped: 0.0002708 seconds, Stopping threads took: 0.0000493 seconds
[2023-11-15T03:58:48.033+0000][24979.191s][debug][safepoint     ] Safepoint synchronization initiated. (160 threads)
[2023-11-15T03:58:48.033+0000][24979.191s][info ][safepoint     ] Application time: 42.9001610 seconds
[2023-11-15T03:58:48.033+0000][24979.191s][debug][safepoint     ] Waiting for 1 thread(s) to block
[2023-11-15T03:58:48.033+0000][24979.191s][info ][safepoint     ] Entering safepoint region: G1CollectForAllocation
[2023-11-15T03:58:48.033+0000][24979.191s][info ][gc,start      ] GC(85) Pause Young (Normal) (G1 Evacuation Pause)
[2023-11-15T03:58:48.033+0000][24979.191s][info ][gc,task       ] GC(85) Using 4 workers of 4 for evacuation
[2023-11-15T03:58:48.040+0000][24979.198s][info ][gc,phases     ] GC(85)   Pre Evacuate Collection Set: 0.0ms
[2023-11-15T03:58:48.040+0000][24979.198s][info ][gc,phases     ] GC(85)   Evacuate Collection Set: 2.2ms
[2023-11-15T03:58:48.040+0000][24979.198s][info ][gc,phases     ] GC(85)   Post Evacuate Collection Set: 4.0ms
[2023-11-15T03:58:48.040+0000][24979.198s][info ][gc,phases     ] GC(85)   Other: 0.3ms
[2023-11-15T03:58:48.040+0000][24979.198s][info ][gc,heap       ] GC(85) Eden regions: 492->0(492)
[2023-11-15T03:58:48.040+0000][24979.198s][info ][gc,heap       ] GC(85) Survivor regions: 2->2(62)
[2023-11-15T03:58:48.040+0000][24979.198s][info ][gc,heap       ] GC(85) Old regions: 148->148
[2023-11-15T03:58:48.040+0000][24979.198s][info ][gc,heap       ] GC(85) Humongous regions: 0->0
[2023-11-15T03:58:48.040+0000][24979.198s][info ][gc,metaspace  ] GC(85) Metaspace: 154206K(159228K)->154206K(159228K) NonClass: 136455K(139520K)->136455K(139520K) Class: 17751K(19708K)->17751K(19708K)
[2023-11-15T03:58:48.040+0000][24979.198s][info ][gc            ] GC(85) Pause Young (Normal) (G1 Evacuation Pause) 639M->148M(824M) 6.630ms
[2023-11-15T03:58:48.040+0000][24979.198s][info ][gc,cpu        ] GC(85) User=0.02s Sys=0.00s Real=0.01s
[2023-11-15T03:58:48.040+0000][24979.198s][info ][safepoint     ] Leaving safepoint region
[2023-11-15T03:58:48.040+0000][24979.198s][info ][safepoint     ] Total time for which application threads were stopped: 0.0070559 seconds, Stopping threads took: 0.0001157 seconds
[2023-11-15T03:58:48.040+0000][24979.198s][info ][gc,stringdedup] Concurrent String Deduplication (24979.198s)
[2023-11-15T03:58:48.040+0000][24979.198s][info ][gc,stringdedup] Concurrent String Deduplication 208.0B->112.0B(96.0B) avg 54.8% (24979.198s, 24979.198s) 0.030ms
[2023-11-15T03:59:18.043+0000][25009.202s][debug][safepoint     ] Safepoint synchronization initiated. (160 threads)
[2023-11-15T03:59:18.044+0000][25009.202s][info ][safepoint     ] Application time: 30.0035221 seconds
[2023-11-15T03:59:18.044+0000][25009.202s][info ][safepoint     ] Entering safepoint region: Cleanup
[2023-11-15T03:59:18.044+0000][25009.202s][info ][safepoint     ] Leaving safepoint region
[2023-11-15T03:59:18.044+0000][25009.202s][info ][safepoint     ] Total time for which application threads were stopped: 0.0002728 seconds, Stopping threads took: 0.0000328 seconds
[2023-11-15T03:59:58.048+0000][25049.206s][debug][safepoint     ] Safepoint synchronization initiated. (160 threads)
[2023-11-15T03:59:58.048+0000][25049.206s][info ][safepoint     ] Application time: 40.0037202 seconds
[2023-11-15T03:59:58.048+0000][25049.206s][info ][safepoint     ] Entering safepoint region: Cleanup
[2023-11-15T03:59:58.048+0000][25049.206s][info ][safepoint     ] Leaving safepoint region
[2023-11-15T03:59:58.048+0000][25049.206s][info ][safepoint     ] Total time for which application threads were stopped: 0.0002595 seconds, Stopping threads took: 0.0000341 seconds
[2023-11-15T04:00:44.052+0000][25095.210s][debug][safepoint     ] Safepoint synchronization initiated. (159 threads)
[2023-11-15T04:00:44.052+0000][25095.210s][info ][safepoint     ] Application time: 46.0039676 seconds
[2023-11-15T04:00:44.052+0000][25095.210s][info ][safepoint     ] Entering safepoint region: Cleanup
[2023-11-15T04:00:44.052+0000][25095.210s][info ][safepoint     ] Leaving safepoint region
[2023-11-15T04:00:44.052+0000][25095.210s][info ][safepoint     ] Total time for which application threads were stopped: 0.0001585 seconds, Stopping threads took: 0.0000307 seconds
[2023-11-15T04:05:03.076+0000][25354.234s][debug][safepoint     ] Safepoint synchronization initiated. (160 threads)
[2023-11-15T04:05:03.076+0000][25354.234s][info ][safepoint     ] Application time: 259.0239335 seconds
[2023-11-15T04:05:03.076+0000][25354.234s][info ][safepoint     ] Entering safepoint region: Cleanup
[2023-11-15T04:05:03.076+0000][25354.234s][info ][safepoint     ] Leaving safepoint region
[2023-11-15T04:05:03.076+0000][25354.234s][info ][safepoint     ] Total time for which application threads were stopped: 0.0003905 seconds, Stopping threads took: 0.0000501 seconds
[2023-11-15T04:07:34.995+0000][25506.153s][debug][safepoint     ] Safepoint synchronization initiated. (161 threads)
[2023-11-15T04:07:34.995+0000][25506.153s][info ][safepoint     ] Application time: 151.9184503 seconds
[2023-11-15T04:07:34.995+0000][25506.153s][debug][safepoint     ] Waiting for 1 thread(s) to block
[2023-11-15T04:07:34.995+0000][25506.153s][info ][safepoint     ] Entering safepoint region: G1CollectForAllocation
[2023-11-15T04:07:34.995+0000][25506.153s][info ][gc,start      ] GC(86) Pause Young (Normal) (G1 Evacuation Pause)
[2023-11-15T04:07:34.995+0000][25506.153s][info ][gc,task       ] GC(86) Using 4 workers of 4 for evacuation
[2023-11-15T04:07:35.003+0000][25506.162s][info ][gc,phases     ] GC(86)   Pre Evacuate Collection Set: 0.0ms
[2023-11-15T04:07:35.004+0000][25506.162s][info ][gc,phases     ] GC(86)   Evacuate Collection Set: 2.6ms
[2023-11-15T04:07:35.004+0000][25506.162s][info ][gc,phases     ] GC(86)   Post Evacuate Collection Set: 5.2ms
[2023-11-15T04:07:35.004+0000][25506.162s][info ][gc,phases     ] GC(86)   Other: 0.4ms
[2023-11-15T04:07:35.004+0000][25506.162s][info ][gc,heap       ] GC(86) Eden regions: 492->0(492)
[2023-11-15T04:07:35.004+0000][25506.162s][info ][gc,heap       ] GC(86) Survivor regions: 2->2(62)
[2023-11-15T04:07:35.004+0000][25506.162s][info ][gc,heap       ] GC(86) Old regions: 148->149
[2023-11-15T04:07:35.004+0000][25506.162s][info ][gc,heap       ] GC(86) Humongous regions: 0->0
[2023-11-15T04:07:35.004+0000][25506.162s][info ][gc,metaspace  ] GC(86) Metaspace: 154217K(159228K)->154217K(159228K) NonClass: 136466K(139520K)->136466K(139520K) Class: 17751K(19708K)->17751K(19708K)
[2023-11-15T04:07:35.004+0000][25506.162s][info ][gc            ] GC(86) Pause Young (Normal) (G1 Evacuation Pause) 640M->147M(824M) 8.385ms
[2023-11-15T04:07:35.004+0000][25506.162s][info ][gc,cpu        ] GC(86) User=0.02s Sys=0.00s Real=0.01s
[2023-11-15T04:07:35.004+0000][25506.162s][info ][safepoint     ] Leaving safepoint region
[2023-11-15T04:07:35.004+0000][25506.162s][info ][safepoint     ] Total time for which application threads were stopped: 0.0089044 seconds, Stopping threads took: 0.0001510 seconds
[2023-11-15T04:07:35.004+0000][25506.162s][info ][gc,stringdedup] Concurrent String Deduplication (25506.162s)
[2023-11-15T04:07:35.004+0000][25506.162s][info ][gc,stringdedup] Concurrent String Deduplication 0.0B->0.0B(0.0B) avg 54.8% (25506.162s, 25506.162s) 0.034ms
[2023-11-15T04:16:23.309+0000][26034.467s][debug][safepoint     ] Safepoint synchronization initiated. (162 threads)
[2023-11-15T04:16:23.309+0000][26034.467s][info ][safepoint     ] Application time: 528.3049451 seconds
[2023-11-15T04:16:23.309+0000][26034.467s][debug][safepoint     ] Waiting for 1 thread(s) to block
[2023-11-15T04:16:23.309+0000][26034.467s][info ][safepoint     ] Entering safepoint region: G1CollectForAllocation
[2023-11-15T04:16:23.309+0000][26034.467s][info ][gc,start      ] GC(87) Pause Young (Normal) (G1 Evacuation Pause)
[2023-11-15T04:16:23.309+0000][26034.467s][info ][gc,task       ] GC(87) Using 4 workers of 4 for evacuation
[2023-11-15T04:16:23.317+0000][26034.475s][info ][gc,phases     ] GC(87)   Pre Evacuate Collection Set: 0.0ms
[2023-11-15T04:16:23.317+0000][26034.475s][info ][gc,phases     ] GC(87)   Evacuate Collection Set: 2.6ms
[2023-11-15T04:16:23.317+0000][26034.475s][info ][gc,phases     ] GC(87)   Post Evacuate Collection Set: 4.6ms
[2023-11-15T04:16:23.317+0000][26034.475s][info ][gc,phases     ] GC(87)   Other: 0.4ms
[2023-11-15T04:16:23.317+0000][26034.475s][info ][gc,heap       ] GC(87) Eden regions: 492->0(492)
[2023-11-15T04:16:23.317+0000][26034.475s][info ][gc,heap       ] GC(87) Survivor regions: 2->2(62)
[2023-11-15T04:16:23.317+0000][26034.475s][info ][gc,heap       ] GC(87) Old regions: 149->149
[2023-11-15T04:16:23.317+0000][26034.475s][info ][gc,heap       ] GC(87) Humongous regions: 0->0
[2023-11-15T04:16:23.317+0000][26034.475s][info ][gc,metaspace  ] GC(87) Metaspace: 154224K(159228K)->154224K(159228K) NonClass: 136473K(139520K)->136473K(139520K) Class: 17751K(19708K)->17751K(19708K)
[2023-11-15T04:16:23.317+0000][26034.475s][info ][gc            ] GC(87) Pause Young (Normal) (G1 Evacuation Pause) 639M->147M(824M) 7.839ms
[2023-11-15T04:16:23.317+0000][26034.475s][info ][gc,cpu        ] GC(87) User=0.02s Sys=0.00s Real=0.00s
[2023-11-15T04:16:23.317+0000][26034.475s][info ][safepoint     ] Leaving safepoint region
[2023-11-15T04:16:23.317+0000][26034.475s][info ][safepoint     ] Total time for which application threads were stopped: 0.0083889 seconds, Stopping threads took: 0.0001453 seconds
[2023-11-15T04:16:23.317+0000][26034.475s][info ][gc,stringdedup] Concurrent String Deduplication (26034.475s)
[2023-11-15T04:16:23.317+0000][26034.476s][info ][gc,stringdedup] Concurrent String Deduplication 31968.0B->0.0B(31968.0B) avg 54.8% (26034.475s, 26034.476s) 0.328ms
[2023-11-15T04:19:16.333+0000][26207.491s][debug][safepoint     ] Safepoint synchronization initiated. (160 threads)
[2023-11-15T04:19:16.333+0000][26207.491s][info ][safepoint     ] Application time: 173.0159261 seconds
[2023-11-15T04:19:16.333+0000][26207.491s][info ][safepoint     ] Entering safepoint region: Cleanup
[2023-11-15T04:19:16.334+0000][26207.492s][info ][safepoint     ] Leaving safepoint region
[2023-11-15T04:19:16.334+0000][26207.492s][info ][safepoint     ] Total time for which application threads were stopped: 0.0005367 seconds, Stopping threads took: 0.0003267 seconds
[2023-11-15T04:21:19.344+0000][26330.503s][debug][safepoint     ] Safepoint synchronization initiated. (159 threads)
[2023-11-15T04:21:19.345+0000][26330.503s][info ][safepoint     ] Application time: 123.0109331 seconds
[2023-11-15T04:21:19.345+0000][26330.503s][info ][safepoint     ] Entering safepoint region: Cleanup
[2023-11-15T04:21:19.345+0000][26330.503s][info ][safepoint     ] Leaving safepoint region
[2023-11-15T04:21:19.345+0000][26330.503s][info ][safepoint     ] Total time for which application threads were stopped: 0.0003236 seconds, Stopping threads took: 0.0000452 seconds
[2023-11-15T04:25:11.251+0000][26562.409s][debug][safepoint     ] Safepoint synchronization initiated. (158 threads)
[2023-11-15T04:25:11.251+0000][26562.409s][info ][safepoint     ] Application time: 231.9062574 seconds
[2023-11-15T04:25:11.251+0000][26562.409s][debug][safepoint     ] Waiting for 1 thread(s) to block
[2023-11-15T04:25:11.251+0000][26562.409s][info ][safepoint     ] Entering safepoint region: G1CollectForAllocation
[2023-11-15T04:25:11.252+0000][26562.410s][info ][gc,start      ] GC(88) Pause Young (Normal) (G1 Evacuation Pause)
[2023-11-15T04:25:11.252+0000][26562.410s][info ][gc,task       ] GC(88) Using 4 workers of 4 for evacuation
[2023-11-15T04:25:11.259+0000][26562.417s][info ][gc,phases     ] GC(88)   Pre Evacuate Collection Set: 0.0ms
[2023-11-15T04:25:11.259+0000][26562.417s][info ][gc,phases     ] GC(88)   Evacuate Collection Set: 2.3ms
[2023-11-15T04:25:11.259+0000][26562.417s][info ][gc,phases     ] GC(88)   Post Evacuate Collection Set: 4.3ms
[2023-11-15T04:25:11.259+0000][26562.417s][info ][gc,phases     ] GC(88)   Other: 0.4ms
[2023-11-15T04:25:11.259+0000][26562.417s][info ][gc,heap       ] GC(88) Eden regions: 492->0(492)
[2023-11-15T04:25:11.259+0000][26562.417s][info ][gc,heap       ] GC(88) Survivor regions: 2->2(62)
[2023-11-15T04:25:11.259+0000][26562.417s][info ][gc,heap       ] GC(88) Old regions: 149->149
[2023-11-15T04:25:11.259+0000][26562.417s][info ][gc,heap       ] GC(88) Humongous regions: 0->0
[2023-11-15T04:25:11.259+0000][26562.417s][info ][gc,metaspace  ] GC(88) Metaspace: 154226K(159228K)->154226K(159228K) NonClass: 136474K(139520K)->136474K(139520K) Class: 17751K(19708K)->17751K(19708K)
[2023-11-15T04:25:11.259+0000][26562.417s][info ][gc            ] GC(88) Pause Young (Normal) (G1 Evacuation Pause) 639M->147M(824M) 7.262ms
[2023-11-15T04:25:11.259+0000][26562.417s][info ][gc,cpu        ] GC(88) User=0.02s Sys=0.00s Real=0.00s
[2023-11-15T04:25:11.259+0000][26562.417s][info ][safepoint     ] Leaving safepoint region
[2023-11-15T04:25:11.259+0000][26562.417s][info ][safepoint     ] Total time for which application threads were stopped: 0.0077820 seconds, Stopping threads took: 0.0001462 seconds
[2023-11-15T04:25:11.259+0000][26562.417s][info ][gc,stringdedup] Concurrent String Deduplication (26562.417s)
[2023-11-15T04:25:11.259+0000][26562.417s][info ][gc,stringdedup] Concurrent String Deduplication 1720.0B->232.0B(1488.0B) avg 54.8% (26562.417s, 26562.417s) 0.069ms
[2023-11-15T04:25:16.260+0000][26567.418s][debug][safepoint     ] Safepoint synchronization initiated. (158 threads)
[2023-11-15T04:25:16.260+0000][26567.418s][info ][safepoint     ] Application time: 5.0009753 seconds
[2023-11-15T04:25:16.260+0000][26567.418s][info ][safepoint     ] Entering safepoint region: Cleanup
[2023-11-15T04:25:16.260+0000][26567.418s][info ][safepoint     ] Leaving safepoint region
[2023-11-15T04:25:16.260+0000][26567.418s][info ][safepoint     ] Total time for which application threads were stopped: 0.0003301 seconds, Stopping threads took: 0.0000533 seconds
[2023-11-15T04:26:46.268+0000][26657.426s][debug][safepoint     ] Safepoint synchronization initiated. (162 threads)
[2023-11-15T04:26:46.268+0000][26657.426s][info ][safepoint     ] Application time: 90.0078910 seconds
[2023-11-15T04:26:46.268+0000][26657.426s][info ][safepoint     ] Entering safepoint region: Cleanup
[2023-11-15T04:26:46.269+0000][26657.427s][info ][safepoint     ] Leaving safepoint region
[2023-11-15T04:26:46.269+0000][26657.427s][info ][safepoint     ] Total time for which application threads were stopped: 0.0005597 seconds, Stopping threads took: 0.0002619 seconds
[2023-11-15T04:27:22.272+0000][26693.430s][debug][safepoint     ] Safepoint synchronization initiated. (162 threads)
[2023-11-15T04:27:22.272+0000][26693.430s][info ][safepoint     ] Application time: 36.0032627 seconds
[2023-11-15T04:27:22.272+0000][26693.430s][info ][safepoint     ] Entering safepoint region: Cleanup
[2023-11-15T04:27:22.272+0000][26693.430s][info ][safepoint     ] Leaving safepoint region
[2023-11-15T04:27:22.272+0000][26693.430s][info ][safepoint     ] Total time for which application threads were stopped: 0.0003046 seconds, Stopping threads took: 0.0000496 seconds
[2023-11-15T04:27:40.274+0000][26711.432s][debug][safepoint     ] Safepoint synchronization initiated. (162 threads)
[2023-11-15T04:27:40.274+0000][26711.432s][info ][safepoint     ] Application time: 18.0016686 seconds
[2023-11-15T04:27:40.274+0000][26711.432s][info ][safepoint     ] Entering safepoint region: Cleanup
[2023-11-15T04:27:40.274+0000][26711.432s][info ][safepoint     ] Leaving safepoint region
[2023-11-15T04:27:40.274+0000][26711.432s][info ][safepoint     ] Total time for which application threads were stopped: 0.0002987 seconds, Stopping threads took: 0.0000478 seconds
[2023-11-15T04:27:40.274+0000][26711.432s][debug][safepoint     ] ... found polling page return exception at pc = 0x00007fe180ff1766, stub =0x00007fe17883a800
[2023-11-15T04:27:40.274+0000][26711.432s][debug][safepoint     ] ... found polling page return exception at pc = 0x00007fe180ff1766, stub =0x00007fe17883a800
[2023-11-15T04:27:40.274+0000][26711.432s][debug][safepoint     ] ... found polling page return exception at pc = 0x00007fe180ff1766, stub =0x00007fe17883a800
[2023-11-15T04:27:56.276+0000][26727.434s][debug][safepoint     ] Safepoint synchronization initiated. (160 threads)
[2023-11-15T04:27:56.276+0000][26727.434s][info ][safepoint     ] Application time: 16.0014568 seconds
[2023-11-15T04:27:56.276+0000][26727.434s][info ][safepoint     ] Entering safepoint region: Cleanup
[2023-11-15T04:27:56.276+0000][26727.434s][info ][safepoint     ] Leaving safepoint region
[2023-11-15T04:27:56.276+0000][26727.434s][info ][safepoint     ] Total time for which application threads were stopped: 0.0002473 seconds, Stopping threads took: 0.0000477 seconds
[2023-11-15T04:28:16.278+0000][26747.436s][debug][safepoint     ] Safepoint synchronization initiated. (162 threads)
[2023-11-15T04:28:16.278+0000][26747.436s][info ][safepoint     ] Application time: 20.0019498 seconds
[2023-11-15T04:28:16.278+0000][26747.436s][info ][safepoint     ] Entering safepoint region: Cleanup
[2023-11-15T04:28:16.278+0000][26747.437s][info ][safepoint     ] Leaving safepoint region
[2023-11-15T04:28:16.278+0000][26747.437s][info ][safepoint     ] Total time for which application threads were stopped: 0.0003434 seconds, Stopping threads took: 0.0000478 seconds
[2023-11-15T04:29:27.285+0000][26818.443s][debug][safepoint     ] Safepoint synchronization initiated. (159 threads)
[2023-11-15T04:29:27.285+0000][26818.443s][info ][safepoint     ] Application time: 71.0064124 seconds
[2023-11-15T04:29:27.285+0000][26818.443s][info ][safepoint     ] Entering safepoint region: Cleanup
[2023-11-15T04:29:27.285+0000][26818.443s][info ][safepoint     ] Leaving safepoint region
[2023-11-15T04:29:27.285+0000][26818.443s][info ][safepoint     ] Total time for which application threads were stopped: 0.0003637 seconds, Stopping threads took: 0.0000482 seconds
[2023-11-15T04:30:28.291+0000][26879.449s][debug][safepoint     ] Safepoint synchronization initiated. (159 threads)
[2023-11-15T04:30:28.291+0000][26879.449s][info ][safepoint     ] Application time: 61.0052700 seconds
[2023-11-15T04:30:28.291+0000][26879.449s][info ][safepoint     ] Entering safepoint region: Cleanup
[2023-11-15T04:30:28.291+0000][26879.449s][info ][safepoint     ] Leaving safepoint region
[2023-11-15T04:30:28.291+0000][26879.449s][info ][safepoint     ] Total time for which application threads were stopped: 0.0003395 seconds, Stopping threads took: 0.0000484 seconds
[2023-11-15T04:30:56.293+0000][26907.451s][debug][safepoint     ] Safepoint synchronization initiated. (159 threads)
[2023-11-15T04:30:56.293+0000][26907.452s][info ][safepoint     ] Application time: 28.0024951 seconds
[2023-11-15T04:30:56.294+0000][26907.452s][info ][safepoint     ] Entering safepoint region: Cleanup
[2023-11-15T04:30:56.294+0000][26907.452s][info ][safepoint     ] Leaving safepoint region
[2023-11-15T04:30:56.294+0000][26907.452s][info ][safepoint     ] Total time for which application threads were stopped: 0.0004583 seconds, Stopping threads took: 0.0000521 seconds
[2023-11-15T04:31:16.296+0000][26927.454s][debug][safepoint     ] Safepoint synchronization initiated. (159 threads)
[2023-11-15T04:31:16.296+0000][26927.454s][info ][safepoint     ] Application time: 20.0017985 seconds
[2023-11-15T04:31:16.296+0000][26927.454s][info ][safepoint     ] Entering safepoint region: Cleanup
[2023-11-15T04:31:16.296+0000][26927.454s][info ][safepoint     ] Leaving safepoint region
[2023-11-15T04:31:16.296+0000][26927.454s][info ][safepoint     ] Total time for which application threads were stopped: 0.0003331 seconds, Stopping threads took: 0.0000490 seconds
[2023-11-15T04:33:56.382+0000][27087.540s][debug][safepoint     ] Safepoint synchronization initiated. (161 threads)
[2023-11-15T04:33:56.382+0000][27087.540s][info ][safepoint     ] Application time: 160.0857688 seconds
[2023-11-15T04:33:56.382+0000][27087.540s][debug][safepoint     ] ... found polling page loop exception at pc = 0x00007fe1802f9c21, stub =0x00007fe17883ab00
[2023-11-15T04:33:56.382+0000][27087.540s][debug][safepoint     ] Waiting for 1 thread(s) to block
[2023-11-15T04:33:56.382+0000][27087.540s][info ][safepoint     ] Entering safepoint region: G1CollectForAllocation
[2023-11-15T04:33:56.382+0000][27087.540s][info ][gc,start      ] GC(89) Pause Young (Normal) (G1 Evacuation Pause)
[2023-11-15T04:33:56.382+0000][27087.540s][info ][gc,task       ] GC(89) Using 4 workers of 4 for evacuation
[2023-11-15T04:33:56.391+0000][27087.549s][info ][gc,phases     ] GC(89)   Pre Evacuate Collection Set: 0.0ms
[2023-11-15T04:33:56.391+0000][27087.549s][info ][gc,phases     ] GC(89)   Evacuate Collection Set: 2.7ms
[2023-11-15T04:33:56.391+0000][27087.549s][info ][gc,phases     ] GC(89)   Post Evacuate Collection Set: 5.5ms
[2023-11-15T04:33:56.391+0000][27087.549s][info ][gc,phases     ] GC(89)   Other: 0.4ms
[2023-11-15T04:33:56.391+0000][27087.549s][info ][gc,heap       ] GC(89) Eden regions: 492->0(491)
[2023-11-15T04:33:56.391+0000][27087.549s][info ][gc,heap       ] GC(89) Survivor regions: 2->3(62)
[2023-11-15T04:33:56.391+0000][27087.549s][info ][gc,heap       ] GC(89) Old regions: 149->149
[2023-11-15T04:33:56.391+0000][27087.549s][info ][gc,heap       ] GC(89) Humongous regions: 0->0
[2023-11-15T04:33:56.391+0000][27087.549s][info ][gc,metaspace  ] GC(89) Metaspace: 154287K(159228K)->154287K(159228K) NonClass: 136536K(139520K)->136536K(139520K) Class: 17751K(19708K)->17751K(19708K)
[2023-11-15T04:33:56.391+0000][27087.549s][info ][gc            ] GC(89) Pause Young (Normal) (G1 Evacuation Pause) 639M->148M(824M) 8.763ms
[2023-11-15T04:33:56.391+0000][27087.549s][info ][gc,cpu        ] GC(89) User=0.02s Sys=0.00s Real=0.01s
[2023-11-15T04:33:56.391+0000][27087.549s][info ][safepoint     ] Leaving safepoint region
[2023-11-15T04:33:56.391+0000][27087.549s][info ][safepoint     ] Total time for which application threads were stopped: 0.0093427 seconds, Stopping threads took: 0.0001838 seconds
[2023-11-15T04:33:56.391+0000][27087.549s][info ][gc,stringdedup] Concurrent String Deduplication (27087.549s)
[2023-11-15T04:33:56.391+0000][27087.549s][info ][gc,stringdedup] Concurrent String Deduplication 256.0B->256.0B(0.0B) avg 54.8% (27087.549s, 27087.549s) 0.056ms
[2023-11-15T04:42:42.585+0000][27613.743s][debug][safepoint     ] Safepoint synchronization initiated. (161 threads)
[2023-11-15T04:42:42.585+0000][27613.743s][info ][safepoint     ] Application time: 526.1933741 seconds
[2023-11-15T04:42:42.585+0000][27613.743s][info ][safepoint     ] Entering safepoint region: G1CollectForAllocation
[2023-11-15T04:42:42.585+0000][27613.743s][info ][gc,start      ] GC(90) Pause Young (Normal) (G1 Evacuation Pause)
[2023-11-15T04:42:42.585+0000][27613.743s][info ][gc,task       ] GC(90) Using 4 workers of 4 for evacuation
[2023-11-15T04:42:42.592+0000][27613.750s][info ][gc,phases     ] GC(90)   Pre Evacuate Collection Set: 0.0ms
[2023-11-15T04:42:42.592+0000][27613.750s][info ][gc,phases     ] GC(90)   Evacuate Collection Set: 2.6ms
[2023-11-15T04:42:42.592+0000][27613.750s][info ][gc,phases     ] GC(90)   Post Evacuate Collection Set: 4.4ms
[2023-11-15T04:42:42.592+0000][27613.751s][info ][gc,phases     ] GC(90)   Other: 0.4ms
[2023-11-15T04:42:42.592+0000][27613.751s][info ][gc,heap       ] GC(90) Eden regions: 491->0(492)
[2023-11-15T04:42:42.592+0000][27613.751s][info ][gc,heap       ] GC(90) Survivor regions: 3->2(62)
[2023-11-15T04:42:42.593+0000][27613.751s][info ][gc,heap       ] GC(90) Old regions: 149->149
[2023-11-15T04:42:42.593+0000][27613.751s][info ][gc,heap       ] GC(90) Humongous regions: 0->0
[2023-11-15T04:42:42.593+0000][27613.751s][info ][gc,metaspace  ] GC(90) Metaspace: 154289K(159228K)->154289K(159228K) NonClass: 136537K(139520K)->136537K(139520K) Class: 17751K(19708K)->17751K(19708K)
[2023-11-15T04:42:42.593+0000][27613.751s][info ][gc            ] GC(90) Pause Young (Normal) (G1 Evacuation Pause) 639M->147M(824M) 7.597ms
[2023-11-15T04:42:42.593+0000][27613.751s][info ][gc,cpu        ] GC(90) User=0.02s Sys=0.00s Real=0.01s
[2023-11-15T04:42:42.593+0000][27613.751s][info ][safepoint     ] Leaving safepoint region
[2023-11-15T04:42:42.593+0000][27613.751s][info ][safepoint     ] Total time for which application threads were stopped: 0.0080174 seconds, Stopping threads took: 0.0000514 seconds
[2023-11-15T04:42:42.593+0000][27613.751s][info ][gc,stringdedup] Concurrent String Deduplication (27613.751s)
[2023-11-15T04:42:42.593+0000][27613.751s][info ][gc,stringdedup] Concurrent String Deduplication 0.0B->0.0B(0.0B) avg 54.8% (27613.751s, 27613.751s) 0.052ms
[2023-11-15T04:43:40.598+0000][27671.756s][debug][safepoint     ] Safepoint synchronization initiated. (161 threads)
[2023-11-15T04:43:40.598+0000][27671.756s][info ][safepoint     ] Application time: 58.0053294 seconds
[2023-11-15T04:43:40.598+0000][27671.756s][info ][safepoint     ] Entering safepoint region: Cleanup
[2023-11-15T04:43:40.598+0000][27671.756s][info ][safepoint     ] Leaving safepoint region
[2023-11-15T04:43:40.598+0000][27671.756s][info ][safepoint     ] Total time for which application threads were stopped: 0.0002898 seconds, Stopping threads took: 0.0000689 seconds
[2023-11-15T04:46:16.612+0000][27827.770s][debug][safepoint     ] Safepoint synchronization initiated. (161 threads)
[2023-11-15T04:46:16.612+0000][27827.770s][info ][safepoint     ] Application time: 156.0140226 seconds
[2023-11-15T04:46:16.612+0000][27827.771s][info ][safepoint     ] Entering safepoint region: Cleanup
[2023-11-15T04:46:16.613+0000][27827.771s][info ][safepoint     ] Leaving safepoint region
[2023-11-15T04:46:16.613+0000][27827.771s][info ][safepoint     ] Total time for which application threads were stopped: 0.0003882 seconds, Stopping threads took: 0.0000526 seconds
[2023-11-15T04:46:49.616+0000][27860.774s][debug][safepoint     ] Safepoint synchronization initiated. (161 threads)
[2023-11-15T04:46:49.616+0000][27860.774s][info ][safepoint     ] Application time: 33.0031152 seconds
[2023-11-15T04:46:49.616+0000][27860.774s][info ][safepoint     ] Entering safepoint region: Cleanup
[2023-11-15T04:46:49.616+0000][27860.774s][info ][safepoint     ] Leaving safepoint region
[2023-11-15T04:46:49.616+0000][27860.774s][info ][safepoint     ] Total time for which application threads were stopped: 0.0003374 seconds, Stopping threads took: 0.0000485 seconds
[2023-11-15T04:47:44.621+0000][27915.779s][debug][safepoint     ] Safepoint synchronization initiated. (161 threads)
[2023-11-15T04:47:44.621+0000][27915.779s][info ][safepoint     ] Application time: 55.0050958 seconds
[2023-11-15T04:47:44.621+0000][27915.780s][info ][safepoint     ] Entering safepoint region: Cleanup
[2023-11-15T04:47:44.622+0000][27915.780s][info ][safepoint     ] Leaving safepoint region
[2023-11-15T04:47:44.622+0000][27915.780s][info ][safepoint     ] Total time for which application threads were stopped: 0.0002799 seconds, Stopping threads took: 0.0000484 seconds
[2023-11-15T04:48:15.624+0000][27946.783s][debug][safepoint     ] Safepoint synchronization initiated. (160 threads)
[2023-11-15T04:48:15.625+0000][27946.783s][info ][safepoint     ] Application time: 31.0027964 seconds
[2023-11-15T04:48:15.625+0000][27946.783s][info ][safepoint     ] Entering safepoint region: Cleanup
[2023-11-15T04:48:15.625+0000][27946.783s][info ][safepoint     ] Leaving safepoint region
[2023-11-15T04:48:15.625+0000][27946.783s][info ][safepoint     ] Total time for which application threads were stopped: 0.0002498 seconds, Stopping threads took: 0.0000477 seconds
[2023-11-15T04:51:30.786+0000][28141.944s][debug][safepoint     ] Safepoint synchronization initiated. (159 threads)
[2023-11-15T04:51:30.786+0000][28141.944s][info ][safepoint     ] Application time: 195.1611752 seconds
[2023-11-15T04:51:30.786+0000][28141.944s][debug][safepoint     ] Waiting for 1 thread(s) to block
[2023-11-15T04:51:30.786+0000][28141.944s][info ][safepoint     ] Entering safepoint region: G1CollectForAllocation
[2023-11-15T04:51:30.786+0000][28141.944s][info ][gc,start      ] GC(91) Pause Young (Normal) (G1 Evacuation Pause)
[2023-11-15T04:51:30.786+0000][28141.945s][info ][gc,task       ] GC(91) Using 4 workers of 4 for evacuation
[2023-11-15T04:51:30.794+0000][28141.952s][info ][gc,phases     ] GC(91)   Pre Evacuate Collection Set: 0.0ms
[2023-11-15T04:51:30.794+0000][28141.952s][info ][gc,phases     ] GC(91)   Evacuate Collection Set: 2.6ms
[2023-11-15T04:51:30.794+0000][28141.952s][info ][gc,phases     ] GC(91)   Post Evacuate Collection Set: 4.5ms
[2023-11-15T04:51:30.794+0000][28141.952s][info ][gc,phases     ] GC(91)   Other: 0.4ms
[2023-11-15T04:51:30.794+0000][28141.952s][info ][gc,heap       ] GC(91) Eden regions: 492->0(492)
[2023-11-15T04:51:30.794+0000][28141.952s][info ][gc,heap       ] GC(91) Survivor regions: 2->2(62)
[2023-11-15T04:51:30.794+0000][28141.952s][info ][gc,heap       ] GC(91) Old regions: 149->149
[2023-11-15T04:51:30.794+0000][28141.952s][info ][gc,heap       ] GC(91) Humongous regions: 0->0
[2023-11-15T04:51:30.794+0000][28141.952s][info ][gc,metaspace  ] GC(91) Metaspace: 154291K(159228K)->154291K(159228K) NonClass: 136539K(139520K)->136539K(139520K) Class: 17751K(19708K)->17751K(19708K)
[2023-11-15T04:51:30.794+0000][28141.952s][info ][gc            ] GC(91) Pause Young (Normal) (G1 Evacuation Pause) 639M->147M(824M) 7.677ms
[2023-11-15T04:51:30.794+0000][28141.952s][info ][gc,cpu        ] GC(91) User=0.02s Sys=0.00s Real=0.01s
[2023-11-15T04:51:30.794+0000][28141.952s][info ][safepoint     ] Leaving safepoint region
[2023-11-15T04:51:30.794+0000][28141.952s][info ][safepoint     ] Total time for which application threads were stopped: 0.0082200 seconds, Stopping threads took: 0.0001519 seconds
[2023-11-15T04:51:30.794+0000][28141.952s][info ][gc,stringdedup] Concurrent String Deduplication (28141.952s)
[2023-11-15T04:51:30.795+0000][28141.953s][info ][gc,stringdedup] Concurrent String Deduplication 33520.0B->88.0B(33432.0B) avg 54.9% (28141.952s, 28141.953s) 0.390ms
[2023-11-15T04:51:31.796+0000][28142.954s][debug][safepoint     ] Safepoint synchronization initiated. (159 threads)
[2023-11-15T04:51:31.796+0000][28142.954s][info ][safepoint     ] Application time: 1.0018700 seconds
[2023-11-15T04:51:31.796+0000][28142.954s][info ][safepoint     ] Entering safepoint region: Cleanup
[2023-11-15T04:51:31.796+0000][28142.954s][info ][safepoint     ] Leaving safepoint region
[2023-11-15T04:51:31.796+0000][28142.955s][info ][safepoint     ] Total time for which application threads were stopped: 0.0003246 seconds, Stopping threads took: 0.0000456 seconds
[2023-11-15T04:54:00.809+0000][28291.968s][debug][safepoint     ] Safepoint synchronization initiated. (159 threads)
[2023-11-15T04:54:00.810+0000][28291.968s][info ][safepoint     ] Application time: 149.0130591 seconds
[2023-11-15T04:54:00.810+0000][28291.968s][info ][safepoint     ] Entering safepoint region: Cleanup
[2023-11-15T04:54:00.810+0000][28291.968s][info ][safepoint     ] Leaving safepoint region
[2023-11-15T04:54:00.810+0000][28291.968s][info ][safepoint     ] Total time for which application threads were stopped: 0.0002401 seconds, Stopping threads took: 0.0000448 seconds
[2023-11-15T04:54:16.811+0000][28307.969s][debug][safepoint     ] Safepoint synchronization initiated. (159 threads)
[2023-11-15T04:54:16.811+0000][28307.969s][info ][safepoint     ] Application time: 16.0015775 seconds
[2023-11-15T04:54:16.811+0000][28307.969s][info ][safepoint     ] Entering safepoint region: Cleanup
[2023-11-15T04:54:16.812+0000][28307.970s][info ][safepoint     ] Leaving safepoint region
[2023-11-15T04:54:16.812+0000][28307.970s][info ][safepoint     ] Total time for which application threads were stopped: 0.0003316 seconds, Stopping threads took: 0.0000487 seconds
[2023-11-15T04:56:31.824+0000][28442.982s][debug][safepoint     ] Safepoint synchronization initiated. (160 threads)
[2023-11-15T04:56:31.824+0000][28442.982s][info ][safepoint     ] Application time: 135.0123153 seconds
[2023-11-15T04:56:31.824+0000][28442.982s][info ][safepoint     ] Entering safepoint region: Cleanup
[2023-11-15T04:56:31.824+0000][28442.982s][info ][safepoint     ] Leaving safepoint region
[2023-11-15T04:56:31.824+0000][28442.982s][info ][safepoint     ] Total time for which application threads were stopped: 0.0003326 seconds, Stopping threads took: 0.0000484 seconds
[2023-11-15T04:57:35.830+0000][28506.988s][debug][safepoint     ] Safepoint synchronization initiated. (159 threads)
[2023-11-15T04:57:35.830+0000][28506.988s][info ][safepoint     ] Application time: 64.0059311 seconds
[2023-11-15T04:57:35.830+0000][28506.988s][info ][safepoint     ] Entering safepoint region: Cleanup
[2023-11-15T04:57:35.831+0000][28506.989s][info ][safepoint     ] Leaving safepoint region
[2023-11-15T04:57:35.831+0000][28506.989s][info ][safepoint     ] Total time for which application threads were stopped: 0.0002510 seconds, Stopping threads took: 0.0000485 seconds
[2023-11-15T04:57:54.832+0000][28525.990s][debug][safepoint     ] Safepoint synchronization initiated. (157 threads)
[2023-11-15T04:57:54.832+0000][28525.990s][info ][safepoint     ] Application time: 19.0017554 seconds
[2023-11-15T04:57:54.832+0000][28525.991s][info ][safepoint     ] Entering safepoint region: Cleanup
[2023-11-15T04:57:54.833+0000][28525.991s][info ][safepoint     ] Leaving safepoint region
[2023-11-15T04:57:54.833+0000][28525.991s][info ][safepoint     ] Total time for which application threads were stopped: 0.0003340 seconds, Stopping threads took: 0.0000472 seconds
[2023-11-15T04:59:16.841+0000][28607.999s][debug][safepoint     ] Safepoint synchronization initiated. (161 threads)
[2023-11-15T04:59:16.841+0000][28607.999s][info ][safepoint     ] Application time: 82.0078532 seconds
[2023-11-15T04:59:16.841+0000][28607.999s][info ][safepoint     ] Entering safepoint region: Cleanup
[2023-11-15T04:59:16.841+0000][28607.999s][info ][safepoint     ] Leaving safepoint region
[2023-11-15T04:59:16.841+0000][28607.999s][info ][safepoint     ] Total time for which application threads were stopped: 0.0003355 seconds, Stopping threads took: 0.0000471 seconds
[2023-11-15T04:59:56.845+0000][28648.003s][debug][safepoint     ] Safepoint synchronization initiated. (161 threads)
[2023-11-15T04:59:56.845+0000][28648.003s][info ][safepoint     ] Application time: 40.0036057 seconds
[2023-11-15T04:59:56.845+0000][28648.003s][info ][safepoint     ] Entering safepoint region: Cleanup
[2023-11-15T04:59:56.845+0000][28648.003s][info ][safepoint     ] Leaving safepoint region
[2023-11-15T04:59:56.845+0000][28648.003s][info ][safepoint     ] Total time for which application threads were stopped: 0.0003327 seconds, Stopping threads took: 0.0000476 seconds
[2023-11-15T05:00:15.775+0000][28666.933s][debug][safepoint     ] Safepoint synchronization initiated. (160 threads)
[2023-11-15T05:00:15.775+0000][28666.933s][info ][safepoint     ] Application time: 18.9298700 seconds
[2023-11-15T05:00:15.775+0000][28666.933s][info ][safepoint     ] Entering safepoint region: G1CollectForAllocation
[2023-11-15T05:00:15.775+0000][28666.933s][info ][gc,start      ] GC(92) Pause Young (Normal) (G1 Evacuation Pause)
[2023-11-15T05:00:15.775+0000][28666.933s][info ][gc,task       ] GC(92) Using 4 workers of 4 for evacuation
[2023-11-15T05:00:15.783+0000][28666.941s][info ][gc,phases     ] GC(92)   Pre Evacuate Collection Set: 0.0ms
[2023-11-15T05:00:15.783+0000][28666.941s][info ][gc,phases     ] GC(92)   Evacuate Collection Set: 2.7ms
[2023-11-15T05:00:15.783+0000][28666.941s][info ][gc,phases     ] GC(92)   Post Evacuate Collection Set: 5.0ms
[2023-11-15T05:00:15.783+0000][28666.941s][info ][gc,phases     ] GC(92)   Other: 0.4ms
[2023-11-15T05:00:15.783+0000][28666.941s][info ][gc,heap       ] GC(92) Eden regions: 492->0(491)
[2023-11-15T05:00:15.783+0000][28666.941s][info ][gc,heap       ] GC(92) Survivor regions: 2->3(62)
[2023-11-15T05:00:15.783+0000][28666.941s][info ][gc,heap       ] GC(92) Old regions: 149->149
[2023-11-15T05:00:15.783+0000][28666.941s][info ][gc,heap       ] GC(92) Humongous regions: 0->0
[2023-11-15T05:00:15.783+0000][28666.941s][info ][gc,metaspace  ] GC(92) Metaspace: 154299K(159228K)->154299K(159228K) NonClass: 136548K(139520K)->136548K(139520K) Class: 17751K(19708K)->17751K(19708K)
[2023-11-15T05:00:15.784+0000][28666.942s][info ][gc            ] GC(92) Pause Young (Normal) (G1 Evacuation Pause) 639M->148M(824M) 8.384ms
[2023-11-15T05:00:15.784+0000][28666.942s][info ][gc,cpu        ] GC(92) User=0.02s Sys=0.00s Real=0.01s
[2023-11-15T05:00:15.784+0000][28666.942s][info ][safepoint     ] Leaving safepoint region
[2023-11-15T05:00:15.784+0000][28666.942s][info ][safepoint     ] Total time for which application threads were stopped: 0.0087639 seconds, Stopping threads took: 0.0000490 seconds
[2023-11-15T05:00:15.784+0000][28666.942s][info ][gc,stringdedup] Concurrent String Deduplication (28666.942s)
[2023-11-15T05:00:15.784+0000][28666.942s][info ][gc,stringdedup] Concurrent String Deduplication 176.0B->152.0B(24.0B) avg 54.9% (28666.942s, 28666.942s) 0.056ms
[2023-11-15T05:00:16.784+0000][28667.942s][debug][safepoint     ] Safepoint synchronization initiated. (160 threads)
[2023-11-15T05:00:16.784+0000][28667.942s][info ][safepoint     ] Application time: 1.0002057 seconds
[2023-11-15T05:00:16.784+0000][28667.942s][info ][safepoint     ] Entering safepoint region: Cleanup
[2023-11-15T05:00:16.784+0000][28667.942s][info ][safepoint     ] Leaving safepoint region
[2023-11-15T05:00:16.784+0000][28667.942s][info ][safepoint     ] Total time for which application threads were stopped: 0.0003290 seconds, Stopping threads took: 0.0000464 seconds
[2023-11-15T05:01:12.789+0000][28723.947s][debug][safepoint     ] Safepoint synchronization initiated. (159 threads)
[2023-11-15T05:01:12.789+0000][28723.947s][info ][safepoint     ] Application time: 56.0051883 seconds
[2023-11-15T05:01:12.789+0000][28723.948s][info ][safepoint     ] Entering safepoint region: Cleanup
[2023-11-15T05:01:12.790+0000][28723.948s][info ][safepoint     ] Leaving safepoint region
[2023-11-15T05:01:12.790+0000][28723.948s][info ][safepoint     ] Total time for which application threads were stopped: 0.0003309 seconds, Stopping threads took: 0.0000461 seconds
[2023-11-15T05:04:00.805+0000][28891.963s][debug][safepoint     ] Safepoint synchronization initiated. (159 threads)
[2023-11-15T05:04:00.805+0000][28891.963s][info ][safepoint     ] Application time: 168.0152798 seconds
[2023-11-15T05:04:00.805+0000][28891.963s][info ][safepoint     ] Entering safepoint region: Cleanup
[2023-11-15T05:04:00.805+0000][28891.963s][info ][safepoint     ] Leaving safepoint region
[2023-11-15T05:04:00.805+0000][28891.963s][info ][safepoint     ] Total time for which application threads were stopped: 0.0002559 seconds, Stopping threads took: 0.0000500 seconds
[2023-11-15T05:09:02.600+0000][29193.758s][debug][safepoint     ] Safepoint synchronization initiated. (159 threads)
[2023-11-15T05:09:02.601+0000][29193.759s][info ][safepoint     ] Application time: 301.7951613 seconds
[2023-11-15T05:09:02.601+0000][29193.759s][info ][safepoint     ] Entering safepoint region: G1CollectForAllocation
[2023-11-15T05:09:02.601+0000][29193.759s][info ][gc,start      ] GC(93) Pause Young (Normal) (G1 Evacuation Pause)
[2023-11-15T05:09:02.601+0000][29193.759s][info ][gc,task       ] GC(93) Using 4 workers of 4 for evacuation
[2023-11-15T05:09:02.609+0000][29193.767s][info ][gc,phases     ] GC(93)   Pre Evacuate Collection Set: 0.0ms
[2023-11-15T05:09:02.609+0000][29193.767s][info ][gc,phases     ] GC(93)   Evacuate Collection Set: 2.4ms
[2023-11-15T05:09:02.609+0000][29193.767s][info ][gc,phases     ] GC(93)   Post Evacuate Collection Set: 5.0ms
[2023-11-15T05:09:02.609+0000][29193.767s][info ][gc,phases     ] GC(93)   Other: 0.4ms
[2023-11-15T05:09:02.609+0000][29193.767s][info ][gc,heap       ] GC(93) Eden regions: 491->0(492)
[2023-11-15T05:09:02.609+0000][29193.767s][info ][gc,heap       ] GC(93) Survivor regions: 3->2(62)
[2023-11-15T05:09:02.609+0000][29193.767s][info ][gc,heap       ] GC(93) Old regions: 149->149
[2023-11-15T05:09:02.609+0000][29193.767s][info ][gc,heap       ] GC(93) Humongous regions: 0->0
[2023-11-15T05:09:02.609+0000][29193.767s][info ][gc,metaspace  ] GC(93) Metaspace: 154299K(159228K)->154299K(159228K) NonClass: 136548K(139520K)->136548K(139520K) Class: 17751K(19708K)->17751K(19708K)
[2023-11-15T05:09:02.609+0000][29193.767s][info ][gc            ] GC(93) Pause Young (Normal) (G1 Evacuation Pause) 639M->148M(824M) 8.016ms
[2023-11-15T05:09:02.609+0000][29193.767s][info ][gc,cpu        ] GC(93) User=0.02s Sys=0.00s Real=0.01s
[2023-11-15T05:09:02.609+0000][29193.767s][info ][safepoint     ] Leaving safepoint region
[2023-11-15T05:09:02.609+0000][29193.767s][info ][safepoint     ] Total time for which application threads were stopped: 0.0084471 seconds, Stopping threads took: 0.0000565 seconds
[2023-11-15T05:09:02.609+0000][29193.767s][info ][gc,stringdedup] Concurrent String Deduplication (29193.767s)
[2023-11-15T05:09:02.609+0000][29193.767s][info ][gc,stringdedup] Concurrent String Deduplication 0.0B->0.0B(0.0B) avg 54.9% (29193.767s, 29193.767s) 0.056ms
[2023-11-15T05:10:56.620+0000][29307.778s][debug][safepoint     ] Safepoint synchronization initiated. (159 threads)
[2023-11-15T05:10:56.620+0000][29307.778s][info ][safepoint     ] Application time: 114.0111633 seconds
[2023-11-15T05:10:56.620+0000][29307.778s][info ][safepoint     ] Entering safepoint region: Cleanup
[2023-11-15T05:10:56.620+0000][29307.779s][info ][safepoint     ] Leaving safepoint region
[2023-11-15T05:10:56.620+0000][29307.779s][info ][safepoint     ] Total time for which application threads were stopped: 0.0003099 seconds, Stopping threads took: 0.0000472 seconds
[2023-11-15T05:15:37.646+0000][29588.804s][debug][safepoint     ] Safepoint synchronization initiated. (159 threads)
[2023-11-15T05:15:37.646+0000][29588.804s][info ][safepoint     ] Application time: 281.0255660 seconds
[2023-11-15T05:15:37.646+0000][29588.804s][info ][safepoint     ] Entering safepoint region: Cleanup
[2023-11-15T05:15:37.646+0000][29588.804s][info ][safepoint     ] Leaving safepoint region
[2023-11-15T05:15:37.646+0000][29588.804s][info ][safepoint     ] Total time for which application threads were stopped: 0.0003412 seconds, Stopping threads took: 0.0000492 seconds
[2023-11-15T05:17:50.272+0000][29721.431s][debug][safepoint     ] Safepoint synchronization initiated. (160 threads)
[2023-11-15T05:17:50.272+0000][29721.431s][info ][safepoint     ] Application time: 132.6260583 seconds
[2023-11-15T05:17:50.273+0000][29721.431s][info ][safepoint     ] Entering safepoint region: G1CollectForAllocation
[2023-11-15T05:17:50.273+0000][29721.431s][info ][gc,start      ] GC(94) Pause Young (Normal) (G1 Evacuation Pause)
[2023-11-15T05:17:50.273+0000][29721.431s][info ][gc,task       ] GC(94) Using 4 workers of 4 for evacuation
[2023-11-15T05:17:50.281+0000][29721.439s][info ][gc,phases     ] GC(94)   Pre Evacuate Collection Set: 0.0ms
[2023-11-15T05:17:50.281+0000][29721.439s][info ][gc,phases     ] GC(94)   Evacuate Collection Set: 2.6ms
[2023-11-15T05:17:50.281+0000][29721.439s][info ][gc,phases     ] GC(94)   Post Evacuate Collection Set: 5.2ms
[2023-11-15T05:17:50.281+0000][29721.439s][info ][gc,phases     ] GC(94)   Other: 0.4ms
[2023-11-15T05:17:50.281+0000][29721.439s][info ][gc,heap       ] GC(94) Eden regions: 492->0(492)
[2023-11-15T05:17:50.281+0000][29721.439s][info ][gc,heap       ] GC(94) Survivor regions: 2->2(62)
[2023-11-15T05:17:50.281+0000][29721.439s][info ][gc,heap       ] GC(94) Old regions: 149->149
[2023-11-15T05:17:50.281+0000][29721.439s][info ][gc,heap       ] GC(94) Humongous regions: 0->0
[2023-11-15T05:17:50.281+0000][29721.439s][info ][gc,metaspace  ] GC(94) Metaspace: 154299K(159228K)->154299K(159228K) NonClass: 136548K(139520K)->136548K(139520K) Class: 17751K(19708K)->17751K(19708K)
[2023-11-15T05:17:50.281+0000][29721.439s][info ][gc            ] GC(94) Pause Young (Normal) (G1 Evacuation Pause) 640M->148M(824M) 8.365ms
[2023-11-15T05:17:50.281+0000][29721.439s][info ][gc,cpu        ] GC(94) User=0.03s Sys=0.00s Real=0.01s
[2023-11-15T05:17:50.281+0000][29721.439s][info ][safepoint     ] Leaving safepoint region
[2023-11-15T05:17:50.281+0000][29721.439s][info ][safepoint     ] Total time for which application threads were stopped: 0.0088046 seconds, Stopping threads took: 0.0000483 seconds
[2023-11-15T05:17:50.281+0000][29721.439s][info ][gc,stringdedup] Concurrent String Deduplication (29721.439s)
[2023-11-15T05:17:50.282+0000][29721.440s][info ][gc,stringdedup] Concurrent String Deduplication 33464.0B->128.0B(33336.0B) avg 55.0% (29721.439s, 29721.440s) 0.324ms
[2023-11-15T05:22:19.305+0000][29990.463s][debug][safepoint     ] Safepoint synchronization initiated. (158 threads)
[2023-11-15T05:22:19.305+0000][29990.463s][info ][safepoint     ] Application time: 269.0233185 seconds
[2023-11-15T05:22:19.305+0000][29990.463s][info ][safepoint     ] Entering safepoint region: Cleanup
[2023-11-15T05:22:19.305+0000][29990.463s][info ][safepoint     ] Leaving safepoint region
[2023-11-15T05:22:19.305+0000][29990.463s][info ][safepoint     ] Total time for which application threads were stopped: 0.0003322 seconds, Stopping threads took: 0.0000478 seconds
[2023-11-15T05:26:36.275+0000][30247.434s][debug][safepoint     ] Safepoint synchronization initiated. (163 threads)
[2023-11-15T05:26:36.276+0000][30247.434s][info ][safepoint     ] Application time: 256.9705026 seconds
[2023-11-15T05:26:36.276+0000][30247.434s][info ][safepoint     ] Entering safepoint region: G1CollectForAllocation
[2023-11-15T05:26:36.276+0000][30247.434s][info ][gc,start      ] GC(95) Pause Young (Normal) (G1 Evacuation Pause)
[2023-11-15T05:26:36.276+0000][30247.434s][info ][gc,task       ] GC(95) Using 4 workers of 4 for evacuation
[2023-11-15T05:26:36.284+0000][30247.442s][info ][gc,phases     ] GC(95)   Pre Evacuate Collection Set: 0.0ms
[2023-11-15T05:26:36.284+0000][30247.442s][info ][gc,phases     ] GC(95)   Evacuate Collection Set: 2.4ms
[2023-11-15T05:26:36.284+0000][30247.442s][info ][gc,phases     ] GC(95)   Post Evacuate Collection Set: 5.4ms
[2023-11-15T05:26:36.284+0000][30247.442s][info ][gc,phases     ] GC(95)   Other: 0.4ms
[2023-11-15T05:26:36.284+0000][30247.442s][info ][gc,heap       ] GC(95) Eden regions: 492->0(492)
[2023-11-15T05:26:36.284+0000][30247.442s][info ][gc,heap       ] GC(95) Survivor regions: 2->2(62)
[2023-11-15T05:26:36.284+0000][30247.442s][info ][gc,heap       ] GC(95) Old regions: 149->149
[2023-11-15T05:26:36.284+0000][30247.442s][info ][gc,heap       ] GC(95) Humongous regions: 0->0
[2023-11-15T05:26:36.284+0000][30247.442s][info ][gc,metaspace  ] GC(95) Metaspace: 154299K(159228K)->154299K(159228K) NonClass: 136548K(139520K)->136548K(139520K) Class: 17751K(19708K)->17751K(19708K)
[2023-11-15T05:26:36.284+0000][30247.442s][info ][gc            ] GC(95) Pause Young (Normal) (G1 Evacuation Pause) 640M->148M(824M) 8.406ms
[2023-11-15T05:26:36.284+0000][30247.442s][info ][gc,cpu        ] GC(95) User=0.03s Sys=0.00s Real=0.01s
[2023-11-15T05:26:36.284+0000][30247.442s][info ][safepoint     ] Leaving safepoint region
[2023-11-15T05:26:36.284+0000][30247.442s][info ][safepoint     ] Total time for which application threads were stopped: 0.0088432 seconds, Stopping threads took: 0.0000517 seconds
[2023-11-15T05:26:36.284+0000][30247.443s][info ][gc,stringdedup] Concurrent String Deduplication (30247.443s)
[2023-11-15T05:26:36.285+0000][30247.443s][info ][gc,stringdedup] Concurrent String Deduplication 304.0B->184.0B(120.0B) avg 55.0% (30247.443s, 30247.443s) 0.059ms
[2023-11-15T05:27:05.287+0000][30276.445s][debug][safepoint     ] Safepoint synchronization initiated. (163 threads)
[2023-11-15T05:27:05.287+0000][30276.445s][info ][safepoint     ] Application time: 29.0025602 seconds
[2023-11-15T05:27:05.287+0000][30276.445s][info ][safepoint     ] Entering safepoint region: Cleanup
[2023-11-15T05:27:05.287+0000][30276.445s][info ][safepoint     ] Leaving safepoint region
[2023-11-15T05:27:05.287+0000][30276.445s][info ][safepoint     ] Total time for which application threads were stopped: 0.0002369 seconds, Stopping threads took: 0.0000469 seconds
[2023-11-15T05:28:16.293+0000][30347.451s][debug][safepoint     ] Safepoint synchronization initiated. (159 threads)
[2023-11-15T05:28:16.293+0000][30347.451s][info ][safepoint     ] Application time: 71.0061027 seconds
[2023-11-15T05:28:16.293+0000][30347.451s][info ][safepoint     ] Entering safepoint region: Cleanup
[2023-11-15T05:28:16.294+0000][30347.452s][info ][safepoint     ] Leaving safepoint region
[2023-11-15T05:28:16.294+0000][30347.452s][info ][safepoint     ] Total time for which application threads were stopped: 0.0002816 seconds, Stopping threads took: 0.0000509 seconds
[2023-11-15T05:34:20.326+0000][30711.484s][debug][safepoint     ] Safepoint synchronization initiated. (161 threads)
[2023-11-15T05:34:20.326+0000][30711.484s][info ][safepoint     ] Application time: 364.0322838 seconds
[2023-11-15T05:34:20.326+0000][30711.484s][info ][safepoint     ] Entering safepoint region: Cleanup
[2023-11-15T05:34:20.326+0000][30711.484s][info ][safepoint     ] Leaving safepoint region
[2023-11-15T05:34:20.326+0000][30711.484s][info ][safepoint     ] Total time for which application threads were stopped: 0.0003430 seconds, Stopping threads took: 0.0000485 seconds
[2023-11-15T05:35:22.620+0000][30773.778s][debug][safepoint     ] Safepoint synchronization initiated. (160 threads)
[2023-11-15T05:35:22.620+0000][30773.778s][info ][safepoint     ] Application time: 62.2935268 seconds
[2023-11-15T05:35:22.620+0000][30773.778s][info ][safepoint     ] Entering safepoint region: G1CollectForAllocation
[2023-11-15T05:35:22.620+0000][30773.778s][info ][gc,start      ] GC(96) Pause Young (Normal) (G1 Evacuation Pause)
[2023-11-15T05:35:22.620+0000][30773.778s][info ][gc,task       ] GC(96) Using 4 workers of 4 for evacuation
[2023-11-15T05:35:22.628+0000][30773.786s][info ][gc,phases     ] GC(96)   Pre Evacuate Collection Set: 0.0ms
[2023-11-15T05:35:22.628+0000][30773.786s][info ][gc,phases     ] GC(96)   Evacuate Collection Set: 2.6ms
[2023-11-15T05:35:22.628+0000][30773.786s][info ][gc,phases     ] GC(96)   Post Evacuate Collection Set: 5.0ms
[2023-11-15T05:35:22.628+0000][30773.786s][info ][gc,phases     ] GC(96)   Other: 0.4ms
[2023-11-15T05:35:22.628+0000][30773.786s][info ][gc,heap       ] GC(96) Eden regions: 492->0(492)
[2023-11-15T05:35:22.628+0000][30773.786s][info ][gc,heap       ] GC(96) Survivor regions: 2->2(62)
[2023-11-15T05:35:22.628+0000][30773.786s][info ][gc,heap       ] GC(96) Old regions: 149->149
[2023-11-15T05:35:22.628+0000][30773.786s][info ][gc,heap       ] GC(96) Humongous regions: 0->0
[2023-11-15T05:35:22.628+0000][30773.786s][info ][gc,metaspace  ] GC(96) Metaspace: 154305K(159228K)->154305K(159228K) NonClass: 136554K(139520K)->136554K(139520K) Class: 17751K(19708K)->17751K(19708K)
[2023-11-15T05:35:22.628+0000][30773.787s][info ][gc            ] GC(96) Pause Young (Normal) (G1 Evacuation Pause) 640M->148M(824M) 8.230ms
[2023-11-15T05:35:22.629+0000][30773.787s][info ][gc,cpu        ] GC(96) User=0.03s Sys=0.00s Real=0.01s
[2023-11-15T05:35:22.629+0000][30773.787s][info ][safepoint     ] Leaving safepoint region
[2023-11-15T05:35:22.629+0000][30773.787s][info ][safepoint     ] Total time for which application threads were stopped: 0.0086817 seconds, Stopping threads took: 0.0000510 seconds
[2023-11-15T05:35:22.629+0000][30773.787s][info ][gc,stringdedup] Concurrent String Deduplication (30773.787s)
[2023-11-15T05:35:22.629+0000][30773.787s][info ][gc,stringdedup] Concurrent String Deduplication 40.0B->40.0B(0.0B) avg 55.0% (30773.787s, 30773.787s) 0.065ms
[2023-11-15T05:35:39.630+0000][30790.788s][debug][safepoint     ] Safepoint synchronization initiated. (160 threads)
[2023-11-15T05:35:39.630+0000][30790.788s][info ][safepoint     ] Application time: 17.0017222 seconds
[2023-11-15T05:35:39.630+0000][30790.788s][info ][safepoint     ] Entering safepoint region: Cleanup
[2023-11-15T05:35:39.631+0000][30790.789s][info ][safepoint     ] Leaving safepoint region
[2023-11-15T05:35:39.631+0000][30790.789s][info ][safepoint     ] Total time for which application threads were stopped: 0.0003437 seconds, Stopping threads took: 0.0000492 seconds
[2023-11-15T05:37:33.641+0000][30904.799s][debug][safepoint     ] Safepoint synchronization initiated. (159 threads)
[2023-11-15T05:37:33.641+0000][30904.799s][info ][safepoint     ] Application time: 114.0103189 seconds
[2023-11-15T05:37:33.641+0000][30904.799s][info ][safepoint     ] Entering safepoint region: Cleanup
[2023-11-15T05:37:33.641+0000][30904.799s][info ][safepoint     ] Leaving safepoint region
[2023-11-15T05:37:33.641+0000][30904.799s][info ][safepoint     ] Total time for which application threads were stopped: 0.0002955 seconds, Stopping threads took: 0.0000452 seconds
[2023-11-15T05:38:16.645+0000][30947.803s][debug][safepoint     ] Safepoint synchronization initiated. (159 threads)
[2023-11-15T05:38:16.645+0000][30947.803s][info ][safepoint     ] Application time: 43.0039909 seconds
[2023-11-15T05:38:16.645+0000][30947.803s][info ][safepoint     ] Entering safepoint region: Cleanup
[2023-11-15T05:38:16.646+0000][30947.804s][info ][safepoint     ] Leaving safepoint region
[2023-11-15T05:38:16.646+0000][30947.804s][info ][safepoint     ] Total time for which application threads were stopped: 0.0002333 seconds, Stopping threads took: 0.0000473 seconds
[2023-11-15T05:41:32.664+0000][31143.822s][debug][safepoint     ] Safepoint synchronization initiated. (160 threads)
[2023-11-15T05:41:32.664+0000][31143.822s][info ][safepoint     ] Application time: 196.0179666 seconds
[2023-11-15T05:41:32.664+0000][31143.822s][info ][safepoint     ] Entering safepoint region: Cleanup
[2023-11-15T05:41:32.664+0000][31143.822s][info ][safepoint     ] Leaving safepoint region
[2023-11-15T05:41:32.664+0000][31143.822s][info ][safepoint     ] Total time for which application threads were stopped: 0.0002498 seconds, Stopping threads took: 0.0000488 seconds
[2023-11-15T05:41:37.664+0000][31148.822s][debug][safepoint     ] Safepoint synchronization initiated. (160 threads)
[2023-11-15T05:41:37.664+0000][31148.822s][info ][safepoint     ] Application time: 5.0005133 seconds
[2023-11-15T05:41:37.664+0000][31148.823s][info ][safepoint     ] Entering safepoint region: Cleanup
[2023-11-15T05:41:37.665+0000][31148.823s][info ][safepoint     ] Leaving safepoint region
[2023-11-15T05:41:37.665+0000][31148.823s][info ][safepoint     ] Total time for which application threads were stopped: 0.0004087 seconds, Stopping threads took: 0.0001840 seconds
[2023-11-15T05:42:38.670+0000][31209.828s][debug][safepoint     ] Safepoint synchronization initiated. (159 threads)
[2023-11-15T05:42:38.670+0000][31209.828s][info ][safepoint     ] Application time: 61.0055886 seconds
[2023-11-15T05:42:38.670+0000][31209.829s][info ][safepoint     ] Entering safepoint region: Cleanup
[2023-11-15T05:42:38.671+0000][31209.829s][info ][safepoint     ] Leaving safepoint region
[2023-11-15T05:42:38.671+0000][31209.829s][info ][safepoint     ] Total time for which application threads were stopped: 0.0002435 seconds, Stopping threads took: 0.0000461 seconds
[2023-11-15T05:44:09.849+0000][31301.007s][debug][safepoint     ] Safepoint synchronization initiated. (161 threads)
[2023-11-15T05:44:09.849+0000][31301.007s][info ][safepoint     ] Application time: 91.1778948 seconds
[2023-11-15T05:44:09.849+0000][31301.007s][debug][safepoint     ] Waiting for 1 thread(s) to block
[2023-11-15T05:44:09.849+0000][31301.007s][info ][safepoint     ] Entering safepoint region: G1CollectForAllocation
[2023-11-15T05:44:09.849+0000][31301.007s][info ][gc,start      ] GC(97) Pause Young (Normal) (G1 Evacuation Pause)
[2023-11-15T05:44:09.849+0000][31301.007s][info ][gc,task       ] GC(97) Using 4 workers of 4 for evacuation
[2023-11-15T05:44:09.856+0000][31301.014s][info ][gc,phases     ] GC(97)   Pre Evacuate Collection Set: 0.0ms
[2023-11-15T05:44:09.856+0000][31301.015s][info ][gc,phases     ] GC(97)   Evacuate Collection Set: 2.7ms
[2023-11-15T05:44:09.857+0000][31301.015s][info ][gc,phases     ] GC(97)   Post Evacuate Collection Set: 4.5ms
[2023-11-15T05:44:09.857+0000][31301.015s][info ][gc,phases     ] GC(97)   Other: 0.4ms
[2023-11-15T05:44:09.857+0000][31301.015s][info ][gc,heap       ] GC(97) Eden regions: 492->0(492)
[2023-11-15T05:44:09.857+0000][31301.015s][info ][gc,heap       ] GC(97) Survivor regions: 2->2(62)
[2023-11-15T05:44:09.857+0000][31301.015s][info ][gc,heap       ] GC(97) Old regions: 149->149
[2023-11-15T05:44:09.857+0000][31301.015s][info ][gc,heap       ] GC(97) Humongous regions: 0->0
[2023-11-15T05:44:09.857+0000][31301.015s][info ][gc,metaspace  ] GC(97) Metaspace: 154308K(159484K)->154308K(159484K) NonClass: 136556K(139776K)->136556K(139776K) Class: 17751K(19708K)->17751K(19708K)
[2023-11-15T05:44:09.857+0000][31301.015s][info ][gc            ] GC(97) Pause Young (Normal) (G1 Evacuation Pause) 640M->147M(824M) 7.723ms
[2023-11-15T05:44:09.857+0000][31301.015s][info ][gc,cpu        ] GC(97) User=0.02s Sys=0.00s Real=0.00s
[2023-11-15T05:44:09.857+0000][31301.015s][info ][safepoint     ] Leaving safepoint region
[2023-11-15T05:44:09.857+0000][31301.015s][info ][safepoint     ] Total time for which application threads were stopped: 0.0081647 seconds, Stopping threads took: 0.0001291 seconds
[2023-11-15T05:44:09.857+0000][31301.015s][info ][gc,stringdedup] Concurrent String Deduplication (31301.015s)
[2023-11-15T05:44:09.857+0000][31301.015s][info ][gc,stringdedup] Concurrent String Deduplication 15144.0B->40.0B(15104.0B) avg 55.0% (31301.015s, 31301.015s) 0.188ms
[2023-11-15T05:52:58.402+0000][31829.560s][debug][safepoint     ] Safepoint synchronization initiated. (159 threads)
[2023-11-15T05:52:58.402+0000][31829.560s][info ][safepoint     ] Application time: 528.5448389 seconds
[2023-11-15T05:52:58.402+0000][31829.560s][info ][safepoint     ] Entering safepoint region: G1CollectForAllocation
[2023-11-15T05:52:58.402+0000][31829.560s][info ][gc,start      ] GC(98) Pause Young (Normal) (G1 Evacuation Pause)
[2023-11-15T05:52:58.402+0000][31829.560s][info ][gc,task       ] GC(98) Using 4 workers of 4 for evacuation
[2023-11-15T05:52:58.409+0000][31829.568s][info ][gc,phases     ] GC(98)   Pre Evacuate Collection Set: 0.0ms
[2023-11-15T05:52:58.410+0000][31829.568s][info ][gc,phases     ] GC(98)   Evacuate Collection Set: 2.6ms
[2023-11-15T05:52:58.410+0000][31829.568s][info ][gc,phases     ] GC(98)   Post Evacuate Collection Set: 4.6ms
[2023-11-15T05:52:58.410+0000][31829.568s][info ][gc,phases     ] GC(98)   Other: 0.3ms
[2023-11-15T05:52:58.410+0000][31829.568s][info ][gc,heap       ] GC(98) Eden regions: 492->0(492)
[2023-11-15T05:52:58.410+0000][31829.568s][info ][gc,heap       ] GC(98) Survivor regions: 2->2(62)
[2023-11-15T05:52:58.410+0000][31829.568s][info ][gc,heap       ] GC(98) Old regions: 149->149
[2023-11-15T05:52:58.410+0000][31829.568s][info ][gc,heap       ] GC(98) Humongous regions: 0->0
[2023-11-15T05:52:58.410+0000][31829.568s][info ][gc,metaspace  ] GC(98) Metaspace: 154308K(159484K)->154308K(159484K) NonClass: 136556K(139776K)->136556K(139776K) Class: 17751K(19708K)->17751K(19708K)
[2023-11-15T05:52:58.410+0000][31829.568s][info ][gc            ] GC(98) Pause Young (Normal) (G1 Evacuation Pause) 639M->147M(824M) 7.761ms
[2023-11-15T05:52:58.410+0000][31829.568s][info ][gc,cpu        ] GC(98) User=0.02s Sys=0.00s Real=0.01s
[2023-11-15T05:52:58.410+0000][31829.568s][info ][safepoint     ] Leaving safepoint region
[2023-11-15T05:52:58.410+0000][31829.568s][info ][safepoint     ] Total time for which application threads were stopped: 0.0081335 seconds, Stopping threads took: 0.0000462 seconds
[2023-11-15T05:52:58.410+0000][31829.568s][info ][gc,stringdedup] Concurrent String Deduplication (31829.568s)
[2023-11-15T05:52:58.410+0000][31829.568s][info ][gc,stringdedup] Concurrent String Deduplication 19232.0B->48.0B(19184.0B) avg 55.1% (31829.568s, 31829.568s) 0.210ms
[2023-11-15T05:57:22.434+0000][32093.592s][debug][safepoint     ] Safepoint synchronization initiated. (159 threads)
[2023-11-15T05:57:22.434+0000][32093.592s][info ][safepoint     ] Application time: 264.0242998 seconds
[2023-11-15T05:57:22.434+0000][32093.592s][info ][safepoint     ] Entering safepoint region: Cleanup
[2023-11-15T05:57:22.434+0000][32093.592s][info ][safepoint     ] Leaving safepoint region
[2023-11-15T05:57:22.434+0000][32093.592s][info ][safepoint     ] Total time for which application threads were stopped: 0.0002687 seconds, Stopping threads took: 0.0000443 seconds
[2023-11-15T06:01:43.501+0000][32354.659s][debug][safepoint     ] Safepoint synchronization initiated. (159 threads)
[2023-11-15T06:01:43.501+0000][32354.659s][info ][safepoint     ] Application time: 261.0669186 seconds
[2023-11-15T06:01:43.501+0000][32354.659s][info ][safepoint     ] Entering safepoint region: G1CollectForAllocation
[2023-11-15T06:01:43.502+0000][32354.660s][info ][gc,start      ] GC(99) Pause Young (Normal) (G1 Evacuation Pause)
[2023-11-15T06:01:43.502+0000][32354.660s][info ][gc,task       ] GC(99) Using 4 workers of 4 for evacuation
[2023-11-15T06:01:43.512+0000][32354.670s][info ][gc,phases     ] GC(99)   Pre Evacuate Collection Set: 0.0ms
[2023-11-15T06:01:43.512+0000][32354.670s][info ][gc,phases     ] GC(99)   Evacuate Collection Set: 3.4ms
[2023-11-15T06:01:43.512+0000][32354.670s][info ][gc,phases     ] GC(99)   Post Evacuate Collection Set: 6.8ms
[2023-11-15T06:01:43.512+0000][32354.670s][info ][gc,phases     ] GC(99)   Other: 0.4ms
[2023-11-15T06:01:43.512+0000][32354.670s][info ][gc,heap       ] GC(99) Eden regions: 492->0(492)
[2023-11-15T06:01:43.512+0000][32354.670s][info ][gc,heap       ] GC(99) Survivor regions: 2->2(62)
[2023-11-15T06:01:43.512+0000][32354.670s][info ][gc,heap       ] GC(99) Old regions: 149->149
[2023-11-15T06:01:43.512+0000][32354.670s][info ][gc,heap       ] GC(99) Humongous regions: 0->0
[2023-11-15T06:01:43.512+0000][32354.670s][info ][gc,metaspace  ] GC(99) Metaspace: 154315K(159484K)->154315K(159484K) NonClass: 136563K(139776K)->136563K(139776K) Class: 17751K(19708K)->17751K(19708K)
[2023-11-15T06:01:43.512+0000][32354.671s][info ][gc            ] GC(99) Pause Young (Normal) (G1 Evacuation Pause) 639M->148M(824M) 10.830ms
[2023-11-15T06:01:43.513+0000][32354.671s][info ][gc,cpu        ] GC(99) User=0.03s Sys=0.00s Real=0.01s
[2023-11-15T06:01:43.513+0000][32354.671s][info ][safepoint     ] Leaving safepoint region
[2023-11-15T06:01:43.513+0000][32354.671s][info ][safepoint     ] Total time for which application threads were stopped: 0.0112379 seconds, Stopping threads took: 0.0000500 seconds
[2023-11-15T06:01:43.513+0000][32354.671s][info ][gc,stringdedup] Concurrent String Deduplication (32354.671s)
[2023-11-15T06:01:43.513+0000][32354.671s][info ][gc,stringdedup] Concurrent String Deduplication 224.0B->168.0B(56.0B) avg 55.1% (32354.671s, 32354.671s) 0.059ms
[2023-11-15T06:02:16.515+0000][32387.673s][debug][safepoint     ] Safepoint synchronization initiated. (159 threads)
[2023-11-15T06:02:16.515+0000][32387.673s][info ][safepoint     ] Application time: 33.0028064 seconds
[2023-11-15T06:02:16.515+0000][32387.674s][info ][safepoint     ] Entering safepoint region: Cleanup
[2023-11-15T06:02:16.516+0000][32387.674s][info ][safepoint     ] Leaving safepoint region
[2023-11-15T06:02:16.516+0000][32387.674s][info ][safepoint     ] Total time for which application threads were stopped: 0.0002842 seconds, Stopping threads took: 0.0000727 seconds
[2023-11-15T06:04:34.528+0000][32525.686s][debug][safepoint     ] Safepoint synchronization initiated. (159 threads)
[2023-11-15T06:04:34.528+0000][32525.686s][info ][safepoint     ] Application time: 138.0121272 seconds
[2023-11-15T06:04:34.528+0000][32525.686s][info ][safepoint     ] Entering safepoint region: Cleanup
[2023-11-15T06:04:34.528+0000][32525.686s][info ][safepoint     ] Leaving safepoint region
[2023-11-15T06:04:34.528+0000][32525.686s][info ][safepoint     ] Total time for which application threads were stopped: 0.0003152 seconds, Stopping threads took: 0.0000483 seconds
[2023-11-15T06:06:01.536+0000][32612.694s][debug][safepoint     ] Safepoint synchronization initiated. (159 threads)
[2023-11-15T06:06:01.536+0000][32612.695s][info ][safepoint     ] Application time: 87.0082450 seconds
[2023-11-15T06:06:01.537+0000][32612.695s][info ][safepoint     ] Entering safepoint region: Cleanup
[2023-11-15T06:06:01.537+0000][32612.695s][info ][safepoint     ] Leaving safepoint region
[2023-11-15T06:06:01.537+0000][32612.695s][info ][safepoint     ] Total time for which application threads were stopped: 0.0002605 seconds, Stopping threads took: 0.0000524 seconds
[2023-11-15T06:08:16.549+0000][32747.707s][debug][safepoint     ] Safepoint synchronization initiated. (161 threads)
[2023-11-15T06:08:16.549+0000][32747.707s][info ][safepoint     ] Application time: 135.0122057 seconds
[2023-11-15T06:08:16.549+0000][32747.707s][info ][safepoint     ] Entering safepoint region: Cleanup
[2023-11-15T06:08:16.549+0000][32747.707s][info ][safepoint     ] Leaving safepoint region
[2023-11-15T06:08:16.549+0000][32747.707s][info ][safepoint     ] Total time for which application threads were stopped: 0.0003412 seconds, Stopping threads took: 0.0000485 seconds
[2023-11-15T06:08:54.553+0000][32785.711s][debug][safepoint     ] Safepoint synchronization initiated. (161 threads)
[2023-11-15T06:08:54.553+0000][32785.711s][info ][safepoint     ] Application time: 38.0033413 seconds
[2023-11-15T06:08:54.553+0000][32785.711s][info ][safepoint     ] Entering safepoint region: Cleanup
[2023-11-15T06:08:54.553+0000][32785.711s][info ][safepoint     ] Leaving safepoint region
[2023-11-15T06:08:54.553+0000][32785.711s][info ][safepoint     ] Total time for which application threads were stopped: 0.0003135 seconds, Stopping threads took: 0.0000528 seconds
[2023-11-15T06:10:20.560+0000][32871.718s][debug][safepoint     ] Safepoint synchronization initiated. (161 threads)
[2023-11-15T06:10:20.560+0000][32871.718s][info ][safepoint     ] Application time: 86.0072450 seconds
[2023-11-15T06:10:20.560+0000][32871.718s][info ][safepoint     ] Entering safepoint region: Cleanup
[2023-11-15T06:10:20.561+0000][32871.719s][info ][safepoint     ] Leaving safepoint region
[2023-11-15T06:10:20.561+0000][32871.719s][info ][safepoint     ] Total time for which application threads were stopped: 0.0002733 seconds, Stopping threads took: 0.0000492 seconds
[2023-11-15T06:10:31.465+0000][32882.623s][debug][safepoint     ] Safepoint synchronization initiated. (161 threads)
[2023-11-15T06:10:31.465+0000][32882.623s][info ][safepoint     ] Application time: 10.9044949 seconds
[2023-11-15T06:10:31.465+0000][32882.623s][info ][safepoint     ] Entering safepoint region: G1CollectForAllocation
[2023-11-15T06:10:31.465+0000][32882.623s][info ][gc,start      ] GC(100) Pause Young (Normal) (G1 Evacuation Pause)
[2023-11-15T06:10:31.465+0000][32882.623s][info ][gc,task       ] GC(100) Using 4 workers of 4 for evacuation
[2023-11-15T06:10:31.473+0000][32882.631s][info ][gc,phases     ] GC(100)   Pre Evacuate Collection Set: 0.0ms
[2023-11-15T06:10:31.473+0000][32882.631s][info ][gc,phases     ] GC(100)   Evacuate Collection Set: 2.8ms
[2023-11-15T06:10:31.473+0000][32882.631s][info ][gc,phases     ] GC(100)   Post Evacuate Collection Set: 4.3ms
[2023-11-15T06:10:31.473+0000][32882.631s][info ][gc,phases     ] GC(100)   Other: 0.3ms
[2023-11-15T06:10:31.473+0000][32882.631s][info ][gc,heap       ] GC(100) Eden regions: 492->0(492)
[2023-11-15T06:10:31.473+0000][32882.631s][info ][gc,heap       ] GC(100) Survivor regions: 2->2(62)
[2023-11-15T06:10:31.473+0000][32882.631s][info ][gc,heap       ] GC(100) Old regions: 149->149
[2023-11-15T06:10:31.473+0000][32882.631s][info ][gc,heap       ] GC(100) Humongous regions: 0->0
[2023-11-15T06:10:31.473+0000][32882.631s][info ][gc,metaspace  ] GC(100) Metaspace: 154327K(159484K)->154327K(159484K) NonClass: 136575K(139776K)->136575K(139776K) Class: 17751K(19708K)->17751K(19708K)
[2023-11-15T06:10:31.473+0000][32882.631s][info ][gc            ] GC(100) Pause Young (Normal) (G1 Evacuation Pause) 640M->148M(824M) 7.646ms
[2023-11-15T06:10:31.473+0000][32882.631s][info ][gc,cpu        ] GC(100) User=0.02s Sys=0.00s Real=0.01s
[2023-11-15T06:10:31.473+0000][32882.631s][info ][safepoint     ] Leaving safepoint region
[2023-11-15T06:10:31.473+0000][32882.631s][info ][safepoint     ] Total time for which application threads were stopped: 0.0080175 seconds, Stopping threads took: 0.0000489 seconds
[2023-11-15T06:12:46.485+0000][33017.643s][debug][safepoint     ] Safepoint synchronization initiated. (159 threads)
[2023-11-15T06:12:46.485+0000][33017.643s][info ][safepoint     ] Application time: 135.0119107 seconds
[2023-11-15T06:12:46.485+0000][33017.643s][info ][safepoint     ] Entering safepoint region: Cleanup
[2023-11-15T06:12:46.485+0000][33017.643s][info ][safepoint     ] Leaving safepoint region
[2023-11-15T06:12:46.485+0000][33017.643s][info ][safepoint     ] Total time for which application threads were stopped: 0.0002795 seconds, Stopping threads took: 0.0000474 seconds
[2023-11-15T06:13:13.488+0000][33044.646s][debug][safepoint     ] Safepoint synchronization initiated. (159 threads)
[2023-11-15T06:13:13.488+0000][33044.646s][info ][safepoint     ] Application time: 27.0024118 seconds
[2023-11-15T06:13:13.488+0000][33044.646s][info ][safepoint     ] Entering safepoint region: Cleanup
[2023-11-15T06:13:13.488+0000][33044.646s][info ][safepoint     ] Leaving safepoint region
[2023-11-15T06:13:13.488+0000][33044.646s][info ][safepoint     ] Total time for which application threads were stopped: 0.0003622 seconds, Stopping threads took: 0.0000487 seconds
[2023-11-15T06:14:39.496+0000][33130.654s][debug][safepoint     ] Safepoint synchronization initiated. (159 threads)
[2023-11-15T06:14:39.496+0000][33130.654s][info ][safepoint     ] Application time: 86.0074570 seconds
[2023-11-15T06:14:39.496+0000][33130.654s][info ][safepoint     ] Entering safepoint region: Cleanup
[2023-11-15T06:14:39.496+0000][33130.654s][info ][safepoint     ] Leaving safepoint region
[2023-11-15T06:14:39.496+0000][33130.654s][info ][safepoint     ] Total time for which application threads were stopped: 0.0003861 seconds, Stopping threads took: 0.0000472 seconds
[2023-11-15T06:17:32.510+0000][33303.668s][debug][safepoint     ] Safepoint synchronization initiated. (160 threads)
[2023-11-15T06:17:32.510+0000][33303.668s][info ][safepoint     ] Application time: 173.0142054 seconds
[2023-11-15T06:17:32.510+0000][33303.668s][info ][safepoint     ] Entering safepoint region: Cleanup
[2023-11-15T06:17:32.511+0000][33303.669s][info ][safepoint     ] Leaving safepoint region
[2023-11-15T06:17:32.511+0000][33303.669s][info ][safepoint     ] Total time for which application threads were stopped: 0.0002789 seconds, Stopping threads took: 0.0000514 seconds
[2023-11-15T06:19:06.518+0000][33397.676s][debug][safepoint     ] Safepoint synchronization initiated. (160 threads)
[2023-11-15T06:19:06.518+0000][33397.677s][info ][safepoint     ] Application time: 94.0079011 seconds
[2023-11-15T06:19:06.519+0000][33397.677s][info ][safepoint     ] Entering safepoint region: Cleanup
[2023-11-15T06:19:06.519+0000][33397.677s][info ][safepoint     ] Leaving safepoint region
[2023-11-15T06:19:06.519+0000][33397.677s][info ][safepoint     ] Total time for which application threads were stopped: 0.0003521 seconds, Stopping threads took: 0.0000597 seconds
[2023-11-15T06:19:19.740+0000][33410.898s][debug][safepoint     ] Safepoint synchronization initiated. (160 threads)
[2023-11-15T06:19:19.740+0000][33410.898s][info ][safepoint     ] Application time: 13.2212395 seconds
[2023-11-15T06:19:19.740+0000][33410.898s][info ][safepoint     ] Entering safepoint region: G1CollectForAllocation
[2023-11-15T06:19:19.740+0000][33410.899s][info ][gc,start      ] GC(101) Pause Young (Normal) (G1 Evacuation Pause)
[2023-11-15T06:19:19.741+0000][33410.899s][info ][gc,task       ] GC(101) Using 4 workers of 4 for evacuation
[2023-11-15T06:19:19.748+0000][33410.906s][info ][gc,phases     ] GC(101)   Pre Evacuate Collection Set: 0.0ms
[2023-11-15T06:19:19.748+0000][33410.906s][info ][gc,phases     ] GC(101)   Evacuate Collection Set: 2.5ms
[2023-11-15T06:19:19.748+0000][33410.906s][info ][gc,phases     ] GC(101)   Post Evacuate Collection Set: 4.3ms
[2023-11-15T06:19:19.748+0000][33410.906s][info ][gc,phases     ] GC(101)   Other: 0.4ms
[2023-11-15T06:19:19.748+0000][33410.906s][info ][gc,heap       ] GC(101) Eden regions: 492->0(492)
[2023-11-15T06:19:19.748+0000][33410.906s][info ][gc,heap       ] GC(101) Survivor regions: 2->2(62)
[2023-11-15T06:19:19.748+0000][33410.906s][info ][gc,heap       ] GC(101) Old regions: 149->149
[2023-11-15T06:19:19.748+0000][33410.906s][info ][gc,heap       ] GC(101) Humongous regions: 0->0
[2023-11-15T06:19:19.748+0000][33410.906s][info ][gc,metaspace  ] GC(101) Metaspace: 154362K(159484K)->154362K(159484K) NonClass: 136609K(139776K)->136609K(139776K) Class: 17752K(19708K)->17752K(19708K)
[2023-11-15T06:19:19.748+0000][33410.906s][info ][gc            ] GC(101) Pause Young (Normal) (G1 Evacuation Pause) 640M->147M(824M) 7.407ms
[2023-11-15T06:19:19.748+0000][33410.906s][info ][gc,cpu        ] GC(101) User=0.03s Sys=0.00s Real=0.01s
[2023-11-15T06:19:19.748+0000][33410.906s][info ][safepoint     ] Leaving safepoint region
[2023-11-15T06:19:19.748+0000][33410.906s][info ][safepoint     ] Total time for which application threads were stopped: 0.0078467 seconds, Stopping threads took: 0.0000484 seconds
[2023-11-15T06:19:19.748+0000][33410.906s][info ][gc,stringdedup] Concurrent String Deduplication (33410.906s)
[2023-11-15T06:19:19.748+0000][33410.906s][info ][gc,stringdedup] Concurrent String Deduplication 33520.0B->88.0B(33432.0B) avg 55.1% (33410.906s, 33410.906s) 0.373ms
[2023-11-15T06:21:51.762+0000][33562.920s][debug][safepoint     ] Safepoint synchronization initiated. (159 threads)
[2023-11-15T06:21:51.762+0000][33562.920s][info ][safepoint     ] Application time: 152.0138380 seconds
[2023-11-15T06:21:51.762+0000][33562.920s][info ][safepoint     ] Entering safepoint region: Cleanup
[2023-11-15T06:21:51.762+0000][33562.920s][info ][safepoint     ] Leaving safepoint region
[2023-11-15T06:21:51.762+0000][33562.920s][info ][safepoint     ] Total time for which application threads were stopped: 0.0002468 seconds, Stopping threads took: 0.0000479 seconds
[2023-11-15T06:24:32.776+0000][33723.934s][debug][safepoint     ] Safepoint synchronization initiated. (160 threads)
[2023-11-15T06:24:32.776+0000][33723.934s][info ][safepoint     ] Application time: 161.0138656 seconds
[2023-11-15T06:24:32.776+0000][33723.934s][info ][safepoint     ] Entering safepoint region: Cleanup
[2023-11-15T06:24:32.776+0000][33723.934s][info ][safepoint     ] Leaving safepoint region
[2023-11-15T06:24:32.776+0000][33723.934s][info ][safepoint     ] Total time for which application threads were stopped: 0.0002725 seconds, Stopping threads took: 0.0000519 seconds
[2023-11-15T06:28:05.534+0000][33936.692s][debug][safepoint     ] Safepoint synchronization initiated. (160 threads)
[2023-11-15T06:28:05.534+0000][33936.693s][info ][safepoint     ] Application time: 212.7581803 seconds
[2023-11-15T06:28:05.535+0000][33936.693s][info ][safepoint     ] Entering safepoint region: G1CollectForAllocation
[2023-11-15T06:28:05.535+0000][33936.693s][info ][gc,start      ] GC(102) Pause Young (Normal) (G1 Evacuation Pause)
[2023-11-15T06:28:05.535+0000][33936.693s][info ][gc,task       ] GC(102) Using 4 workers of 4 for evacuation
[2023-11-15T06:28:05.543+0000][33936.701s][info ][gc,phases     ] GC(102)   Pre Evacuate Collection Set: 0.0ms
[2023-11-15T06:28:05.544+0000][33936.702s][info ][gc,phases     ] GC(102)   Evacuate Collection Set: 2.8ms
[2023-11-15T06:28:05.544+0000][33936.702s][info ][gc,phases     ] GC(102)   Post Evacuate Collection Set: 5.5ms
[2023-11-15T06:28:05.544+0000][33936.702s][info ][gc,phases     ] GC(102)   Other: 0.4ms
[2023-11-15T06:28:05.544+0000][33936.702s][info ][gc,heap       ] GC(102) Eden regions: 492->0(492)
[2023-11-15T06:28:05.544+0000][33936.702s][info ][gc,heap       ] GC(102) Survivor regions: 2->2(62)
[2023-11-15T06:28:05.544+0000][33936.702s][info ][gc,heap       ] GC(102) Old regions: 149->149
[2023-11-15T06:28:05.544+0000][33936.702s][info ][gc,heap       ] GC(102) Humongous regions: 0->0
[2023-11-15T06:28:05.544+0000][33936.702s][info ][gc,metaspace  ] GC(102) Metaspace: 154365K(159484K)->154365K(159484K) NonClass: 136613K(139776K)->136613K(139776K) Class: 17752K(19708K)->17752K(19708K)
[2023-11-15T06:28:05.544+0000][33936.702s][info ][gc            ] GC(102) Pause Young (Normal) (G1 Evacuation Pause) 639M->148M(824M) 9.055ms
[2023-11-15T06:28:05.544+0000][33936.702s][info ][gc,cpu        ] GC(102) User=0.02s Sys=0.00s Real=0.01s
[2023-11-15T06:28:05.544+0000][33936.702s][info ][safepoint     ] Leaving safepoint region
[2023-11-15T06:28:05.544+0000][33936.702s][info ][safepoint     ] Total time for which application threads were stopped: 0.0094449 seconds, Stopping threads took: 0.0000482 seconds
[2023-11-15T06:28:05.544+0000][33936.702s][info ][gc,stringdedup] Concurrent String Deduplication (33936.702s)
[2023-11-15T06:28:05.544+0000][33936.702s][info ][gc,stringdedup] Concurrent String Deduplication 288.0B->264.0B(24.0B) avg 55.1% (33936.702s, 33936.702s) 0.069ms
[2023-11-15T06:32:56.570+0000][34227.728s][debug][safepoint     ] Safepoint synchronization initiated. (160 threads)
[2023-11-15T06:32:56.570+0000][34227.728s][info ][safepoint     ] Application time: 291.0261136 seconds
[2023-11-15T06:32:56.570+0000][34227.728s][info ][safepoint     ] Entering safepoint region: Cleanup
[2023-11-15T06:32:56.570+0000][34227.728s][info ][safepoint     ] Leaving safepoint region
[2023-11-15T06:32:56.570+0000][34227.729s][info ][safepoint     ] Total time for which application threads were stopped: 0.0003651 seconds, Stopping threads took: 0.0000706 seconds
[2023-11-15T06:33:16.572+0000][34247.730s][debug][safepoint     ] Safepoint synchronization initiated. (159 threads)
[2023-11-15T06:33:16.572+0000][34247.731s][info ][safepoint     ] Application time: 20.0020068 seconds
[2023-11-15T06:33:16.573+0000][34247.731s][info ][safepoint     ] Entering safepoint region: Cleanup
[2023-11-15T06:33:16.573+0000][34247.731s][info ][safepoint     ] Leaving safepoint region
[2023-11-15T06:33:16.573+0000][34247.731s][info ][safepoint     ] Total time for which application threads were stopped: 0.0003415 seconds, Stopping threads took: 0.0000484 seconds
[2023-11-15T06:36:53.550+0000][34464.709s][debug][safepoint     ] Safepoint synchronization initiated. (158 threads)
[2023-11-15T06:36:53.551+0000][34464.709s][info ][safepoint     ] Application time: 216.9776704 seconds
[2023-11-15T06:36:53.551+0000][34464.709s][info ][safepoint     ] Entering safepoint region: G1CollectForAllocation
[2023-11-15T06:36:53.551+0000][34464.709s][info ][gc,start      ] GC(103) Pause Young (Normal) (G1 Evacuation Pause)
[2023-11-15T06:36:53.551+0000][34464.709s][info ][gc,task       ] GC(103) Using 4 workers of 4 for evacuation
[2023-11-15T06:36:53.558+0000][34464.716s][info ][gc,phases     ] GC(103)   Pre Evacuate Collection Set: 0.0ms
[2023-11-15T06:36:53.558+0000][34464.716s][info ][gc,phases     ] GC(103)   Evacuate Collection Set: 2.4ms
[2023-11-15T06:36:53.558+0000][34464.716s][info ][gc,phases     ] GC(103)   Post Evacuate Collection Set: 4.7ms
[2023-11-15T06:36:53.558+0000][34464.716s][info ][gc,phases     ] GC(103)   Other: 0.4ms
[2023-11-15T06:36:53.558+0000][34464.716s][info ][gc,heap       ] GC(103) Eden regions: 492->0(492)
[2023-11-15T06:36:53.558+0000][34464.716s][info ][gc,heap       ] GC(103) Survivor regions: 2->2(62)
[2023-11-15T06:36:53.558+0000][34464.716s][info ][gc,heap       ] GC(103) Old regions: 149->149
[2023-11-15T06:36:53.558+0000][34464.717s][info ][gc,heap       ] GC(103) Humongous regions: 0->0
[2023-11-15T06:36:53.558+0000][34464.717s][info ][gc,metaspace  ] GC(103) Metaspace: 154368K(159484K)->154368K(159484K) NonClass: 136616K(139776K)->136616K(139776K) Class: 17752K(19708K)->17752K(19708K)
[2023-11-15T06:36:53.559+0000][34464.717s][info ][gc            ] GC(103) Pause Young (Normal) (G1 Evacuation Pause) 640M->148M(824M) 7.691ms
[2023-11-15T06:36:53.559+0000][34464.717s][info ][gc,cpu        ] GC(103) User=0.02s Sys=0.00s Real=0.00s
[2023-11-15T06:36:53.559+0000][34464.717s][info ][safepoint     ] Leaving safepoint region
[2023-11-15T06:36:53.559+0000][34464.717s][info ][safepoint     ] Total time for which application threads were stopped: 0.0080714 seconds, Stopping threads took: 0.0000516 seconds
[2023-11-15T06:36:53.559+0000][34464.717s][info ][gc,stringdedup] Concurrent String Deduplication (34464.717s)
[2023-11-15T06:36:53.559+0000][34464.717s][info ][gc,stringdedup] Concurrent String Deduplication 144.0B->144.0B(0.0B) avg 55.1% (34464.717s, 34464.717s) 0.057ms
[2023-11-15T06:39:08.571+0000][34599.729s][debug][safepoint     ] Safepoint synchronization initiated. (158 threads)
[2023-11-15T06:39:08.571+0000][34599.729s][info ][safepoint     ] Application time: 135.0122156 seconds
[2023-11-15T06:39:08.571+0000][34599.729s][info ][safepoint     ] Entering safepoint region: Cleanup
[2023-11-15T06:39:08.571+0000][34599.729s][info ][safepoint     ] Leaving safepoint region
[2023-11-15T06:39:08.571+0000][34599.729s][info ][safepoint     ] Total time for which application threads were stopped: 0.0002388 seconds, Stopping threads took: 0.0000485 seconds
[2023-11-15T06:40:34.579+0000][34685.737s][debug][safepoint     ] Safepoint synchronization initiated. (159 threads)
[2023-11-15T06:40:34.579+0000][34685.737s][info ][safepoint     ] Application time: 86.0078381 seconds
[2023-11-15T06:40:34.579+0000][34685.737s][info ][safepoint     ] Entering safepoint region: Cleanup
[2023-11-15T06:40:34.579+0000][34685.737s][info ][safepoint     ] Leaving safepoint region
[2023-11-15T06:40:34.579+0000][34685.737s][info ][safepoint     ] Total time for which application threads were stopped: 0.0002526 seconds, Stopping threads took: 0.0000498 seconds
[2023-11-15T06:45:41.450+0000][34992.609s][debug][safepoint     ] Safepoint synchronization initiated. (161 threads)
[2023-11-15T06:45:41.451+0000][34992.609s][info ][safepoint     ] Application time: 306.8712499 seconds
[2023-11-15T06:45:41.451+0000][34992.609s][info ][safepoint     ] Entering safepoint region: G1CollectForAllocation
[2023-11-15T06:45:41.451+0000][34992.609s][info ][gc,start      ] GC(104) Pause Young (Normal) (G1 Evacuation Pause)
[2023-11-15T06:45:41.451+0000][34992.609s][info ][gc,task       ] GC(104) Using 4 workers of 4 for evacuation
[2023-11-15T06:45:41.458+0000][34992.616s][info ][gc,phases     ] GC(104)   Pre Evacuate Collection Set: 0.0ms
[2023-11-15T06:45:41.458+0000][34992.616s][info ][gc,phases     ] GC(104)   Evacuate Collection Set: 2.4ms
[2023-11-15T06:45:41.458+0000][34992.616s][info ][gc,phases     ] GC(104)   Post Evacuate Collection Set: 4.3ms
[2023-11-15T06:45:41.458+0000][34992.616s][info ][gc,phases     ] GC(104)   Other: 0.4ms
[2023-11-15T06:45:41.458+0000][34992.616s][info ][gc,heap       ] GC(104) Eden regions: 492->0(492)
[2023-11-15T06:45:41.458+0000][34992.616s][info ][gc,heap       ] GC(104) Survivor regions: 2->2(62)
[2023-11-15T06:45:41.458+0000][34992.616s][info ][gc,heap       ] GC(104) Old regions: 149->149
[2023-11-15T06:45:41.458+0000][34992.616s][info ][gc,heap       ] GC(104) Humongous regions: 0->0
[2023-11-15T06:45:41.458+0000][34992.616s][info ][gc,metaspace  ] GC(104) Metaspace: 154389K(159484K)->154389K(159484K) NonClass: 136636K(139776K)->136636K(139776K) Class: 17752K(19708K)->17752K(19708K)
[2023-11-15T06:45:41.458+0000][34992.616s][info ][gc            ] GC(104) Pause Young (Normal) (G1 Evacuation Pause) 640M->147M(824M) 7.364ms
[2023-11-15T06:45:41.458+0000][34992.616s][info ][gc,cpu        ] GC(104) User=0.02s Sys=0.00s Real=0.00s
[2023-11-15T06:45:41.458+0000][34992.616s][info ][safepoint     ] Leaving safepoint region
[2023-11-15T06:45:41.458+0000][34992.616s][info ][safepoint     ] Total time for which application threads were stopped: 0.0077581 seconds, Stopping threads took: 0.0000481 seconds
[2023-11-15T06:45:41.458+0000][34992.616s][info ][gc,stringdedup] Concurrent String Deduplication (34992.616s)
[2023-11-15T06:45:41.459+0000][34992.617s][info ][gc,stringdedup] Concurrent String Deduplication 33376.0B->88.0B(33288.0B) avg 55.2% (34992.616s, 34992.617s) 0.322ms
[2023-11-15T06:54:28.486+0000][35519.644s][debug][safepoint     ] Safepoint synchronization initiated. (160 threads)
[2023-11-15T06:54:28.486+0000][35519.644s][info ][safepoint     ] Application time: 527.0280587 seconds
[2023-11-15T06:54:28.486+0000][35519.644s][info ][safepoint     ] Entering safepoint region: G1CollectForAllocation
[2023-11-15T06:54:28.487+0000][35519.645s][info ][gc,start      ] GC(105) Pause Young (Normal) (G1 Evacuation Pause)
[2023-11-15T06:54:28.487+0000][35519.645s][info ][gc,task       ] GC(105) Using 4 workers of 4 for evacuation
[2023-11-15T06:54:28.494+0000][35519.652s][info ][gc,phases     ] GC(105)   Pre Evacuate Collection Set: 0.0ms
[2023-11-15T06:54:28.494+0000][35519.652s][info ][gc,phases     ] GC(105)   Evacuate Collection Set: 2.4ms
[2023-11-15T06:54:28.494+0000][35519.652s][info ][gc,phases     ] GC(105)   Post Evacuate Collection Set: 4.8ms
[2023-11-15T06:54:28.494+0000][35519.653s][info ][gc,phases     ] GC(105)   Other: 0.4ms
[2023-11-15T06:54:28.494+0000][35519.653s][info ][gc,heap       ] GC(105) Eden regions: 492->0(492)
[2023-11-15T06:54:28.494+0000][35519.653s][info ][gc,heap       ] GC(105) Survivor regions: 2->2(62)
[2023-11-15T06:54:28.494+0000][35519.653s][info ][gc,heap       ] GC(105) Old regions: 149->149
[2023-11-15T06:54:28.495+0000][35519.653s][info ][gc,heap       ] GC(105) Humongous regions: 0->0
[2023-11-15T06:54:28.495+0000][35519.653s][info ][gc,metaspace  ] GC(105) Metaspace: 154393K(159484K)->154393K(159484K) NonClass: 136640K(139776K)->136640K(139776K) Class: 17752K(19708K)->17752K(19708K)
[2023-11-15T06:54:28.495+0000][35519.653s][info ][gc            ] GC(105) Pause Young (Normal) (G1 Evacuation Pause) 639M->148M(824M) 7.903ms
[2023-11-15T06:54:28.495+0000][35519.653s][info ][gc,cpu        ] GC(105) User=0.02s Sys=0.00s Real=0.01s
[2023-11-15T06:54:28.495+0000][35519.653s][info ][safepoint     ] Leaving safepoint region
[2023-11-15T06:54:28.495+0000][35519.653s][info ][safepoint     ] Total time for which application threads were stopped: 0.0083548 seconds, Stopping threads took: 0.0000492 seconds
[2023-11-15T06:54:28.495+0000][35519.653s][info ][gc,stringdedup] Concurrent String Deduplication (35519.653s)
[2023-11-15T06:54:28.495+0000][35519.653s][info ][gc,stringdedup] Concurrent String Deduplication 280.0B->112.0B(168.0B) avg 55.2% (35519.653s, 35519.653s) 0.056ms
[2023-11-15T06:54:29.495+0000][35520.653s][debug][safepoint     ] Safepoint synchronization initiated. (160 threads)
[2023-11-15T06:54:29.495+0000][35520.653s][info ][safepoint     ] Application time: 1.0001772 seconds
[2023-11-15T06:54:29.495+0000][35520.653s][info ][safepoint     ] Entering safepoint region: Cleanup
[2023-11-15T06:54:29.495+0000][35520.653s][info ][safepoint     ] Leaving safepoint region
[2023-11-15T06:54:29.495+0000][35520.653s][info ][safepoint     ] Total time for which application threads were stopped: 0.0003765 seconds, Stopping threads took: 0.0000507 seconds
[2023-11-15T06:58:06.513+0000][35737.672s][debug][safepoint     ] Safepoint synchronization initiated. (161 threads)
[2023-11-15T06:58:06.514+0000][35737.672s][info ][safepoint     ] Application time: 217.0182012 seconds
[2023-11-15T06:58:06.514+0000][35737.672s][info ][safepoint     ] Entering safepoint region: Cleanup
[2023-11-15T06:58:06.514+0000][35737.672s][info ][safepoint     ] Leaving safepoint region
[2023-11-15T06:58:06.514+0000][35737.672s][info ][safepoint     ] Total time for which application threads were stopped: 0.0002740 seconds, Stopping threads took: 0.0000523 seconds
[2023-11-15T06:59:46.522+0000][35837.680s][debug][safepoint     ] Safepoint synchronization initiated. (160 threads)
[2023-11-15T06:59:46.522+0000][35837.680s][info ][safepoint     ] Application time: 100.0084026 seconds
[2023-11-15T06:59:46.522+0000][35837.680s][info ][safepoint     ] Entering safepoint region: Cleanup
[2023-11-15T06:59:46.523+0000][35837.681s][info ][safepoint     ] Leaving safepoint region
[2023-11-15T06:59:46.523+0000][35837.681s][info ][safepoint     ] Total time for which application threads were stopped: 0.0002776 seconds, Stopping threads took: 0.0000580 seconds
[2023-11-15T07:03:14.048+0000][36045.206s][debug][safepoint     ] Safepoint synchronization initiated. (160 threads)
[2023-11-15T07:03:14.048+0000][36045.206s][info ][safepoint     ] Application time: 207.5255010 seconds
[2023-11-15T07:03:14.048+0000][36045.206s][debug][safepoint     ] Waiting for 1 thread(s) to block
[2023-11-15T07:03:14.048+0000][36045.206s][info ][safepoint     ] Entering safepoint region: G1CollectForAllocation
[2023-11-15T07:03:14.048+0000][36045.206s][info ][gc,start      ] GC(106) Pause Young (Normal) (G1 Evacuation Pause)
[2023-11-15T07:03:14.048+0000][36045.206s][info ][gc,task       ] GC(106) Using 4 workers of 4 for evacuation
[2023-11-15T07:03:14.054+0000][36045.212s][info ][gc,phases     ] GC(106)   Pre Evacuate Collection Set: 0.0ms
[2023-11-15T07:03:14.054+0000][36045.212s][info ][gc,phases     ] GC(106)   Evacuate Collection Set: 1.7ms
[2023-11-15T07:03:14.054+0000][36045.212s][info ][gc,phases     ] GC(106)   Post Evacuate Collection Set: 3.7ms
[2023-11-15T07:03:14.054+0000][36045.212s][info ][gc,phases     ] GC(106)   Other: 0.3ms
[2023-11-15T07:03:14.054+0000][36045.212s][info ][gc,heap       ] GC(106) Eden regions: 492->0(492)
[2023-11-15T07:03:14.054+0000][36045.212s][info ][gc,heap       ] GC(106) Survivor regions: 2->2(62)
[2023-11-15T07:03:14.054+0000][36045.212s][info ][gc,heap       ] GC(106) Old regions: 149->149
[2023-11-15T07:03:14.054+0000][36045.212s][info ][gc,heap       ] GC(106) Humongous regions: 0->0
[2023-11-15T07:03:14.054+0000][36045.212s][info ][gc,metaspace  ] GC(106) Metaspace: 154394K(159484K)->154394K(159484K) NonClass: 136642K(139776K)->136642K(139776K) Class: 17752K(19708K)->17752K(19708K)
[2023-11-15T07:03:14.054+0000][36045.212s][info ][gc            ] GC(106) Pause Young (Normal) (G1 Evacuation Pause) 640M->148M(824M) 5.937ms
[2023-11-15T07:03:14.054+0000][36045.212s][info ][gc,cpu        ] GC(106) User=0.02s Sys=0.00s Real=0.00s
[2023-11-15T07:03:14.054+0000][36045.212s][info ][safepoint     ] Leaving safepoint region
[2023-11-15T07:03:14.054+0000][36045.212s][info ][safepoint     ] Total time for which application threads were stopped: 0.0063032 seconds, Stopping threads took: 0.0000973 seconds
[2023-11-15T07:03:14.054+0000][36045.213s][info ][gc,stringdedup] Concurrent String Deduplication (36045.213s)
[2023-11-15T07:03:14.055+0000][36045.213s][info ][gc,stringdedup] Concurrent String Deduplication 0.0B->0.0B(0.0B) avg 55.2% (36045.213s, 36045.213s) 0.057ms
[2023-11-15T07:03:56.059+0000][36087.217s][debug][safepoint     ] Safepoint synchronization initiated. (160 threads)
[2023-11-15T07:03:56.059+0000][36087.217s][info ][safepoint     ] Application time: 42.0042376 seconds
[2023-11-15T07:03:56.059+0000][36087.217s][info ][safepoint     ] Entering safepoint region: Cleanup
[2023-11-15T07:03:56.059+0000][36087.217s][info ][safepoint     ] Leaving safepoint region
[2023-11-15T07:03:56.059+0000][36087.217s][info ][safepoint     ] Total time for which application threads were stopped: 0.0002425 seconds, Stopping threads took: 0.0000450 seconds
[2023-11-15T07:05:04.065+0000][36155.223s][debug][safepoint     ] Safepoint synchronization initiated. (159 threads)
[2023-11-15T07:05:04.065+0000][36155.223s][info ][safepoint     ] Application time: 68.0062542 seconds
[2023-11-15T07:05:04.065+0000][36155.223s][info ][safepoint     ] Entering safepoint region: Cleanup
[2023-11-15T07:05:04.065+0000][36155.223s][info ][safepoint     ] Leaving safepoint region
[2023-11-15T07:05:04.065+0000][36155.223s][info ][safepoint     ] Total time for which application threads were stopped: 0.0002545 seconds, Stopping threads took: 0.0000327 seconds
[2023-11-15T07:09:03.087+0000][36394.245s][debug][safepoint     ] Safepoint synchronization initiated. (162 threads)
[2023-11-15T07:09:03.087+0000][36394.245s][info ][safepoint     ] Application time: 239.0219982 seconds
[2023-11-15T07:09:03.088+0000][36394.246s][info ][safepoint     ] Entering safepoint region: Cleanup
[2023-11-15T07:09:03.088+0000][36394.246s][info ][safepoint     ] Leaving safepoint region
[2023-11-15T07:09:03.088+0000][36394.246s][info ][safepoint     ] Total time for which application threads were stopped: 0.0002741 seconds, Stopping threads took: 0.0000749 seconds
[2023-11-15T07:09:04.088+0000][36395.246s][debug][safepoint     ] Safepoint synchronization initiated. (162 threads)
[2023-11-15T07:09:04.088+0000][36395.246s][info ][safepoint     ] Application time: 1.0001581 seconds
[2023-11-15T07:09:04.088+0000][36395.246s][info ][safepoint     ] Entering safepoint region: Cleanup
[2023-11-15T07:09:04.088+0000][36395.246s][info ][safepoint     ] Leaving safepoint region
[2023-11-15T07:09:04.088+0000][36395.246s][info ][safepoint     ] Total time for which application threads were stopped: 0.0003502 seconds, Stopping threads took: 0.0000514 seconds
[2023-11-15T07:12:02.241+0000][36573.399s][debug][safepoint     ] Safepoint synchronization initiated. (160 threads)
[2023-11-15T07:12:02.241+0000][36573.399s][info ][safepoint     ] Application time: 178.1523369 seconds
[2023-11-15T07:12:02.241+0000][36573.399s][info ][safepoint     ] Entering safepoint region: G1CollectForAllocation
[2023-11-15T07:12:02.241+0000][36573.399s][info ][gc,start      ] GC(107) Pause Young (Normal) (G1 Evacuation Pause)
[2023-11-15T07:12:02.241+0000][36573.399s][info ][gc,task       ] GC(107) Using 4 workers of 4 for evacuation
[2023-11-15T07:12:02.249+0000][36573.407s][info ][gc,phases     ] GC(107)   Pre Evacuate Collection Set: 0.0ms
[2023-11-15T07:12:02.249+0000][36573.407s][info ][gc,phases     ] GC(107)   Evacuate Collection Set: 2.7ms
[2023-11-15T07:12:02.249+0000][36573.407s][info ][gc,phases     ] GC(107)   Post Evacuate Collection Set: 4.5ms
[2023-11-15T07:12:02.249+0000][36573.407s][info ][gc,phases     ] GC(107)   Other: 0.4ms
[2023-11-15T07:12:02.249+0000][36573.407s][info ][gc,heap       ] GC(107) Eden regions: 492->0(492)
[2023-11-15T07:12:02.249+0000][36573.407s][info ][gc,heap       ] GC(107) Survivor regions: 2->2(62)
[2023-11-15T07:12:02.249+0000][36573.407s][info ][gc,heap       ] GC(107) Old regions: 149->149
[2023-11-15T07:12:02.249+0000][36573.407s][info ][gc,heap       ] GC(107) Humongous regions: 0->0
[2023-11-15T07:12:02.249+0000][36573.407s][info ][gc,metaspace  ] GC(107) Metaspace: 154398K(159484K)->154398K(159484K) NonClass: 136645K(139776K)->136645K(139776K) Class: 17752K(19708K)->17752K(19708K)
[2023-11-15T07:12:02.249+0000][36573.407s][info ][gc            ] GC(107) Pause Young (Normal) (G1 Evacuation Pause) 640M->148M(824M) 7.826ms
[2023-11-15T07:12:02.249+0000][36573.407s][info ][gc,cpu        ] GC(107) User=0.03s Sys=0.00s Real=0.01s
[2023-11-15T07:12:02.249+0000][36573.407s][info ][safepoint     ] Leaving safepoint region
[2023-11-15T07:12:02.249+0000][36573.407s][info ][safepoint     ] Total time for which application threads were stopped: 0.0082657 seconds, Stopping threads took: 0.0000502 seconds
[2023-11-15T07:12:02.249+0000][36573.407s][info ][gc,stringdedup] Concurrent String Deduplication (36573.407s)
[2023-11-15T07:12:02.249+0000][36573.407s][info ][gc,stringdedup] Concurrent String Deduplication 3816.0B->40.0B(3776.0B) avg 55.2% (36573.407s, 36573.407s) 0.113ms
[2023-11-15T07:20:50.368+0000][37101.526s][debug][safepoint     ] Safepoint synchronization initiated. (159 threads)
[2023-11-15T07:20:50.368+0000][37101.526s][info ][safepoint     ] Application time: 528.1186762 seconds
[2023-11-15T07:20:50.368+0000][37101.526s][info ][safepoint     ] Entering safepoint region: G1CollectForAllocation
[2023-11-15T07:20:50.368+0000][37101.526s][info ][gc,start      ] GC(108) Pause Young (Normal) (G1 Evacuation Pause)
[2023-11-15T07:20:50.368+0000][37101.526s][info ][gc,task       ] GC(108) Using 4 workers of 4 for evacuation
[2023-11-15T07:20:50.375+0000][37101.533s][info ][gc,phases     ] GC(108)   Pre Evacuate Collection Set: 0.0ms
[2023-11-15T07:20:50.375+0000][37101.533s][info ][gc,phases     ] GC(108)   Evacuate Collection Set: 2.3ms
[2023-11-15T07:20:50.375+0000][37101.533s][info ][gc,phases     ] GC(108)   Post Evacuate Collection Set: 4.4ms
[2023-11-15T07:20:50.375+0000][37101.533s][info ][gc,phases     ] GC(108)   Other: 0.4ms
[2023-11-15T07:20:50.375+0000][37101.533s][info ][gc,heap       ] GC(108) Eden regions: 492->0(492)
[2023-11-15T07:20:50.375+0000][37101.533s][info ][gc,heap       ] GC(108) Survivor regions: 2->2(62)
[2023-11-15T07:20:50.375+0000][37101.533s][info ][gc,heap       ] GC(108) Old regions: 149->149
[2023-11-15T07:20:50.375+0000][37101.533s][info ][gc,heap       ] GC(108) Humongous regions: 0->0
[2023-11-15T07:20:50.375+0000][37101.533s][info ][gc,metaspace  ] GC(108) Metaspace: 154399K(159484K)->154399K(159484K) NonClass: 136646K(139776K)->136646K(139776K) Class: 17752K(19708K)->17752K(19708K)
[2023-11-15T07:20:50.375+0000][37101.533s][info ][gc            ] GC(108) Pause Young (Normal) (G1 Evacuation Pause) 640M->147M(824M) 7.276ms
[2023-11-15T07:20:50.375+0000][37101.533s][info ][gc,cpu        ] GC(108) User=0.02s Sys=0.00s Real=0.00s
[2023-11-15T07:20:50.375+0000][37101.533s][info ][safepoint     ] Leaving safepoint region
[2023-11-15T07:20:50.375+0000][37101.533s][info ][safepoint     ] Total time for which application threads were stopped: 0.0076449 seconds, Stopping threads took: 0.0000483 seconds
[2023-11-15T07:20:50.375+0000][37101.533s][info ][gc,stringdedup] Concurrent String Deduplication (37101.533s)
[2023-11-15T07:20:50.376+0000][37101.534s][info ][gc,stringdedup] Concurrent String Deduplication 29952.0B->272.0B(29680.0B) avg 55.3% (37101.533s, 37101.534s) 0.336ms
[2023-11-15T07:29:35.432+0000][37626.590s][debug][safepoint     ] Safepoint synchronization initiated. (160 threads)
[2023-11-15T07:29:35.432+0000][37626.590s][info ][safepoint     ] Application time: 525.0570599 seconds
[2023-11-15T07:29:35.432+0000][37626.590s][info ][safepoint     ] Entering safepoint region: G1CollectForAllocation
[2023-11-15T07:29:35.433+0000][37626.591s][info ][gc,start      ] GC(109) Pause Young (Normal) (G1 Evacuation Pause)
[2023-11-15T07:29:35.433+0000][37626.591s][info ][gc,task       ] GC(109) Using 4 workers of 4 for evacuation
[2023-11-15T07:29:35.444+0000][37626.602s][info ][gc,phases     ] GC(109)   Pre Evacuate Collection Set: 0.0ms
[2023-11-15T07:29:35.444+0000][37626.602s][info ][gc,phases     ] GC(109)   Evacuate Collection Set: 3.8ms
[2023-11-15T07:29:35.444+0000][37626.602s][info ][gc,phases     ] GC(109)   Post Evacuate Collection Set: 6.5ms
[2023-11-15T07:29:35.444+0000][37626.602s][info ][gc,phases     ] GC(109)   Other: 0.4ms
[2023-11-15T07:29:35.444+0000][37626.602s][info ][gc,heap       ] GC(109) Eden regions: 492->0(492)
[2023-11-15T07:29:35.444+0000][37626.602s][info ][gc,heap       ] GC(109) Survivor regions: 2->2(62)
[2023-11-15T07:29:35.444+0000][37626.602s][info ][gc,heap       ] GC(109) Old regions: 149->149
[2023-11-15T07:29:35.444+0000][37626.602s][info ][gc,heap       ] GC(109) Humongous regions: 0->0
[2023-11-15T07:29:35.444+0000][37626.602s][info ][gc,metaspace  ] GC(109) Metaspace: 154399K(159484K)->154399K(159484K) NonClass: 136646K(139776K)->136646K(139776K) Class: 17752K(19708K)->17752K(19708K)
[2023-11-15T07:29:35.444+0000][37626.602s][info ][gc            ] GC(109) Pause Young (Normal) (G1 Evacuation Pause) 639M->148M(824M) 10.960ms
[2023-11-15T07:29:35.444+0000][37626.602s][info ][gc,cpu        ] GC(109) User=0.03s Sys=0.00s Real=0.01s
[2023-11-15T07:29:35.444+0000][37626.602s][info ][safepoint     ] Leaving safepoint region
[2023-11-15T07:29:35.444+0000][37626.602s][info ][safepoint     ] Total time for which application threads were stopped: 0.0117254 seconds, Stopping threads took: 0.0000515 seconds
[2023-11-15T07:29:35.444+0000][37626.602s][info ][gc,stringdedup] Concurrent String Deduplication (37626.602s)
[2023-11-15T07:29:35.444+0000][37626.602s][info ][gc,stringdedup] Concurrent String Deduplication 80.0B->80.0B(0.0B) avg 55.3% (37626.602s, 37626.602s) 0.052ms
[2023-11-15T07:38:22.873+0000][38154.031s][debug][safepoint     ] Safepoint synchronization initiated. (159 threads)
[2023-11-15T07:38:22.873+0000][38154.031s][info ][safepoint     ] Application time: 527.4285011 seconds
[2023-11-15T07:38:22.873+0000][38154.031s][info ][safepoint     ] Entering safepoint region: G1CollectForAllocation
[2023-11-15T07:38:22.873+0000][38154.031s][info ][gc,start      ] GC(110) Pause Young (Normal) (G1 Evacuation Pause)
[2023-11-15T07:38:22.873+0000][38154.031s][info ][gc,task       ] GC(110) Using 4 workers of 4 for evacuation
[2023-11-15T07:38:22.881+0000][38154.039s][info ][gc,phases     ] GC(110)   Pre Evacuate Collection Set: 0.0ms
[2023-11-15T07:38:22.881+0000][38154.039s][info ][gc,phases     ] GC(110)   Evacuate Collection Set: 2.7ms
[2023-11-15T07:38:22.881+0000][38154.039s][info ][gc,phases     ] GC(110)   Post Evacuate Collection Set: 4.7ms
[2023-11-15T07:38:22.881+0000][38154.039s][info ][gc,phases     ] GC(110)   Other: 0.4ms
[2023-11-15T07:38:22.881+0000][38154.039s][info ][gc,heap       ] GC(110) Eden regions: 492->0(492)
[2023-11-15T07:38:22.881+0000][38154.039s][info ][gc,heap       ] GC(110) Survivor regions: 2->2(62)
[2023-11-15T07:38:22.881+0000][38154.039s][info ][gc,heap       ] GC(110) Old regions: 149->149
[2023-11-15T07:38:22.881+0000][38154.039s][info ][gc,heap       ] GC(110) Humongous regions: 0->0
[2023-11-15T07:38:22.881+0000][38154.039s][info ][gc,metaspace  ] GC(110) Metaspace: 154399K(159484K)->154399K(159484K) NonClass: 136646K(139776K)->136646K(139776K) Class: 17752K(19708K)->17752K(19708K)
[2023-11-15T07:38:22.881+0000][38154.039s][info ][gc            ] GC(110) Pause Young (Normal) (G1 Evacuation Pause) 640M->147M(824M) 8.006ms
[2023-11-15T07:38:22.881+0000][38154.039s][info ][gc,cpu        ] GC(110) User=0.02s Sys=0.00s Real=0.01s
[2023-11-15T07:38:22.881+0000][38154.039s][info ][safepoint     ] Leaving safepoint region
[2023-11-15T07:38:22.881+0000][38154.039s][info ][safepoint     ] Total time for which application threads were stopped: 0.0084060 seconds, Stopping threads took: 0.0000482 seconds
[2023-11-15T07:43:39.909+0000][38471.067s][debug][safepoint     ] Safepoint synchronization initiated. (160 threads)
[2023-11-15T07:43:39.909+0000][38471.067s][info ][safepoint     ] Application time: 317.0281686 seconds
[2023-11-15T07:43:39.909+0000][38471.067s][info ][safepoint     ] Entering safepoint region: Cleanup
[2023-11-15T07:43:39.909+0000][38471.068s][info ][safepoint     ] Leaving safepoint region
[2023-11-15T07:43:39.910+0000][38471.068s][info ][safepoint     ] Total time for which application threads were stopped: 0.0003301 seconds, Stopping threads took: 0.0000517 seconds
[2023-11-15T07:47:10.526+0000][38681.684s][debug][safepoint     ] Safepoint synchronization initiated. (160 threads)
[2023-11-15T07:47:10.526+0000][38681.684s][info ][safepoint     ] Application time: 210.6161809 seconds
[2023-11-15T07:47:10.526+0000][38681.684s][info ][safepoint     ] Entering safepoint region: G1CollectForAllocation
[2023-11-15T07:47:10.526+0000][38681.684s][info ][gc,start      ] GC(111) Pause Young (Normal) (G1 Evacuation Pause)
[2023-11-15T07:47:10.526+0000][38681.684s][info ][gc,task       ] GC(111) Using 4 workers of 4 for evacuation
[2023-11-15T07:47:10.534+0000][38681.692s][info ][gc,phases     ] GC(111)   Pre Evacuate Collection Set: 0.0ms
[2023-11-15T07:47:10.534+0000][38681.692s][info ][gc,phases     ] GC(111)   Evacuate Collection Set: 3.1ms
[2023-11-15T07:47:10.534+0000][38681.692s][info ][gc,phases     ] GC(111)   Post Evacuate Collection Set: 4.5ms
[2023-11-15T07:47:10.534+0000][38681.692s][info ][gc,phases     ] GC(111)   Other: 0.4ms
[2023-11-15T07:47:10.534+0000][38681.692s][info ][gc,heap       ] GC(111) Eden regions: 492->0(492)
[2023-11-15T07:47:10.534+0000][38681.692s][info ][gc,heap       ] GC(111) Survivor regions: 2->2(62)
[2023-11-15T07:47:10.534+0000][38681.692s][info ][gc,heap       ] GC(111) Old regions: 149->149
[2023-11-15T07:47:10.534+0000][38681.692s][info ][gc,heap       ] GC(111) Humongous regions: 0->0
[2023-11-15T07:47:10.534+0000][38681.692s][info ][gc,metaspace  ] GC(111) Metaspace: 154399K(159484K)->154399K(159484K) NonClass: 136646K(139776K)->136646K(139776K) Class: 17752K(19708K)->17752K(19708K)
[2023-11-15T07:47:10.534+0000][38681.693s][info ][gc            ] GC(111) Pause Young (Normal) (G1 Evacuation Pause) 639M->148M(824M) 8.279ms
[2023-11-15T07:47:10.534+0000][38681.693s][info ][gc,cpu        ] GC(111) User=0.02s Sys=0.00s Real=0.01s
[2023-11-15T07:47:10.535+0000][38681.693s][info ][safepoint     ] Leaving safepoint region
[2023-11-15T07:47:10.535+0000][38681.693s][info ][safepoint     ] Total time for which application threads were stopped: 0.0087842 seconds, Stopping threads took: 0.0000539 seconds
[2023-11-15T07:47:10.535+0000][38681.693s][info ][gc,stringdedup] Concurrent String Deduplication (38681.693s)
[2023-11-15T07:47:10.535+0000][38681.693s][info ][gc,stringdedup] Concurrent String Deduplication 33408.0B->48.0B(33360.0B) avg 55.3% (38681.693s, 38681.693s) 0.318ms
[2023-11-15T07:53:31.569+0000][39062.727s][debug][safepoint     ] Safepoint synchronization initiated. (159 threads)
[2023-11-15T07:53:31.569+0000][39062.727s][info ][safepoint     ] Application time: 381.0341417 seconds
[2023-11-15T07:53:31.569+0000][39062.727s][info ][safepoint     ] Entering safepoint region: Cleanup
[2023-11-15T07:53:31.569+0000][39062.727s][info ][safepoint     ] Leaving safepoint region
[2023-11-15T07:53:31.569+0000][39062.727s][info ][safepoint     ] Total time for which application threads were stopped: 0.0003460 seconds, Stopping threads took: 0.0000495 seconds
[2023-11-15T07:55:56.080+0000][39207.238s][debug][safepoint     ] Safepoint synchronization initiated. (159 threads)
[2023-11-15T07:55:56.080+0000][39207.238s][info ][safepoint     ] Application time: 144.5106665 seconds
[2023-11-15T07:55:56.080+0000][39207.238s][debug][safepoint     ] ... found polling page return exception at pc = 0x00007fe180ff1766, stub =0x00007fe17883a800
[2023-11-15T07:55:56.080+0000][39207.238s][debug][safepoint     ] Waiting for 1 thread(s) to block
[2023-11-15T07:55:56.080+0000][39207.238s][info ][safepoint     ] Entering safepoint region: G1CollectForAllocation
[2023-11-15T07:55:56.080+0000][39207.238s][info ][gc,start      ] GC(112) Pause Young (Normal) (G1 Evacuation Pause)
[2023-11-15T07:55:56.080+0000][39207.238s][info ][gc,task       ] GC(112) Using 4 workers of 4 for evacuation
[2023-11-15T07:55:56.088+0000][39207.246s][info ][gc,phases     ] GC(112)   Pre Evacuate Collection Set: 0.0ms
[2023-11-15T07:55:56.088+0000][39207.246s][info ][gc,phases     ] GC(112)   Evacuate Collection Set: 2.2ms
[2023-11-15T07:55:56.088+0000][39207.246s][info ][gc,phases     ] GC(112)   Post Evacuate Collection Set: 4.9ms
[2023-11-15T07:55:56.088+0000][39207.246s][info ][gc,phases     ] GC(112)   Other: 0.4ms
[2023-11-15T07:55:56.088+0000][39207.246s][info ][gc,heap       ] GC(112) Eden regions: 492->0(492)
[2023-11-15T07:55:56.088+0000][39207.246s][info ][gc,heap       ] GC(112) Survivor regions: 2->2(62)
[2023-11-15T07:55:56.088+0000][39207.246s][info ][gc,heap       ] GC(112) Old regions: 149->149
[2023-11-15T07:55:56.088+0000][39207.246s][info ][gc,heap       ] GC(112) Humongous regions: 0->0
[2023-11-15T07:55:56.088+0000][39207.246s][info ][gc,metaspace  ] GC(112) Metaspace: 154403K(159484K)->154403K(159484K) NonClass: 136650K(139776K)->136650K(139776K) Class: 17753K(19708K)->17753K(19708K)
[2023-11-15T07:55:56.088+0000][39207.246s][info ][gc            ] GC(112) Pause Young (Normal) (G1 Evacuation Pause) 640M->148M(824M) 7.728ms
[2023-11-15T07:55:56.088+0000][39207.246s][info ][gc,cpu        ] GC(112) User=0.03s Sys=0.00s Real=0.01s
[2023-11-15T07:55:56.088+0000][39207.246s][info ][safepoint     ] Leaving safepoint region
[2023-11-15T07:55:56.088+0000][39207.246s][info ][safepoint     ] Total time for which application threads were stopped: 0.0082849 seconds, Stopping threads took: 0.0001743 seconds
[2023-11-15T07:55:56.088+0000][39207.246s][info ][gc,stringdedup] Concurrent String Deduplication (39207.246s)
[2023-11-15T07:55:56.088+0000][39207.246s][info ][gc,stringdedup] Concurrent String Deduplication 208.0B->112.0B(96.0B) avg 55.3% (39207.246s, 39207.246s) 0.054ms
[2023-11-15T07:57:56.099+0000][39327.257s][debug][safepoint     ] Safepoint synchronization initiated. (158 threads)
[2023-11-15T07:57:56.099+0000][39327.257s][info ][safepoint     ] Application time: 120.0105913 seconds
[2023-11-15T07:57:56.099+0000][39327.257s][info ][safepoint     ] Entering safepoint region: Cleanup
[2023-11-15T07:57:56.099+0000][39327.257s][info ][safepoint     ] Leaving safepoint region
[2023-11-15T07:57:56.099+0000][39327.257s][info ][safepoint     ] Total time for which application threads were stopped: 0.0002550 seconds, Stopping threads took: 0.0000502 seconds
[2023-11-15T08:03:06.128+0000][39637.286s][debug][safepoint     ] Safepoint synchronization initiated. (159 threads)
[2023-11-15T08:03:06.128+0000][39637.286s][info ][safepoint     ] Application time: 310.0288469 seconds
[2023-11-15T08:03:06.128+0000][39637.286s][info ][safepoint     ] Entering safepoint region: Cleanup
[2023-11-15T08:03:06.128+0000][39637.286s][info ][safepoint     ] Leaving safepoint region
[2023-11-15T08:03:06.128+0000][39637.286s][info ][safepoint     ] Total time for which application threads were stopped: 0.0002422 seconds, Stopping threads took: 0.0000445 seconds
[2023-11-15T08:04:43.607+0000][39734.765s][debug][safepoint     ] Safepoint synchronization initiated. (159 threads)
[2023-11-15T08:04:43.607+0000][39734.765s][info ][safepoint     ] Application time: 97.4787612 seconds
[2023-11-15T08:04:43.607+0000][39734.765s][info ][safepoint     ] Entering safepoint region: G1CollectForAllocation
[2023-11-15T08:04:43.607+0000][39734.765s][info ][gc,start      ] GC(113) Pause Young (Normal) (G1 Evacuation Pause)
[2023-11-15T08:04:43.607+0000][39734.765s][info ][gc,task       ] GC(113) Using 4 workers of 4 for evacuation
[2023-11-15T08:04:43.615+0000][39734.773s][info ][gc,phases     ] GC(113)   Pre Evacuate Collection Set: 0.0ms
[2023-11-15T08:04:43.615+0000][39734.773s][info ][gc,phases     ] GC(113)   Evacuate Collection Set: 2.4ms
[2023-11-15T08:04:43.615+0000][39734.773s][info ][gc,phases     ] GC(113)   Post Evacuate Collection Set: 4.7ms
[2023-11-15T08:04:43.615+0000][39734.773s][info ][gc,phases     ] GC(113)   Other: 0.4ms
[2023-11-15T08:04:43.615+0000][39734.773s][info ][gc,heap       ] GC(113) Eden regions: 492->0(492)
[2023-11-15T08:04:43.615+0000][39734.773s][info ][gc,heap       ] GC(113) Survivor regions: 2->2(62)
[2023-11-15T08:04:43.615+0000][39734.773s][info ][gc,heap       ] GC(113) Old regions: 149->149
[2023-11-15T08:04:43.615+0000][39734.773s][info ][gc,heap       ] GC(113) Humongous regions: 0->0
[2023-11-15T08:04:43.615+0000][39734.773s][info ][gc,metaspace  ] GC(113) Metaspace: 154407K(159484K)->154407K(159484K) NonClass: 136654K(139776K)->136654K(139776K) Class: 17753K(19708K)->17753K(19708K)
[2023-11-15T08:04:43.615+0000][39734.773s][info ][gc            ] GC(113) Pause Young (Normal) (G1 Evacuation Pause) 640M->148M(824M) 7.761ms
[2023-11-15T08:04:43.615+0000][39734.773s][info ][gc,cpu        ] GC(113) User=0.03s Sys=0.00s Real=0.01s
[2023-11-15T08:04:43.615+0000][39734.773s][info ][safepoint     ] Leaving safepoint region
[2023-11-15T08:04:43.615+0000][39734.773s][info ][safepoint     ] Total time for which application threads were stopped: 0.0082232 seconds, Stopping threads took: 0.0000697 seconds
[2023-11-15T08:04:43.615+0000][39734.773s][info ][gc,stringdedup] Concurrent String Deduplication (39734.773s)
[2023-11-15T08:04:43.615+0000][39734.773s][info ][gc,stringdedup] Concurrent String Deduplication 0.0B->0.0B(0.0B) avg 55.3% (39734.773s, 39734.773s) 0.053ms
[2023-11-15T08:13:31.052+0000][40262.210s][debug][safepoint     ] Safepoint synchronization initiated. (160 threads)
[2023-11-15T08:13:31.052+0000][40262.210s][info ][safepoint     ] Application time: 527.4364868 seconds
[2023-11-15T08:13:31.052+0000][40262.210s][info ][safepoint     ] Entering safepoint region: G1CollectForAllocation
[2023-11-15T08:13:31.052+0000][40262.210s][info ][gc,start      ] GC(114) Pause Young (Normal) (G1 Evacuation Pause)
[2023-11-15T08:13:31.052+0000][40262.210s][info ][gc,task       ] GC(114) Using 4 workers of 4 for evacuation
[2023-11-15T08:13:31.057+0000][40262.215s][info ][gc,phases     ] GC(114)   Pre Evacuate Collection Set: 0.0ms
[2023-11-15T08:13:31.057+0000][40262.215s][info ][gc,phases     ] GC(114)   Evacuate Collection Set: 1.4ms
[2023-11-15T08:13:31.057+0000][40262.215s][info ][gc,phases     ] GC(114)   Post Evacuate Collection Set: 3.4ms
[2023-11-15T08:13:31.057+0000][40262.215s][info ][gc,phases     ] GC(114)   Other: 0.4ms
[2023-11-15T08:13:31.057+0000][40262.215s][info ][gc,heap       ] GC(114) Eden regions: 492->0(492)
[2023-11-15T08:13:31.057+0000][40262.215s][info ][gc,heap       ] GC(114) Survivor regions: 2->2(62)
[2023-11-15T08:13:31.057+0000][40262.215s][info ][gc,heap       ] GC(114) Old regions: 149->149
[2023-11-15T08:13:31.057+0000][40262.215s][info ][gc,heap       ] GC(114) Humongous regions: 0->0
[2023-11-15T08:13:31.057+0000][40262.215s][info ][gc,metaspace  ] GC(114) Metaspace: 154407K(159484K)->154407K(159484K) NonClass: 136654K(139776K)->136654K(139776K) Class: 17753K(19708K)->17753K(19708K)
[2023-11-15T08:13:31.057+0000][40262.215s][info ][gc            ] GC(114) Pause Young (Normal) (G1 Evacuation Pause) 640M->148M(824M) 5.417ms
[2023-11-15T08:13:31.057+0000][40262.215s][info ][gc,cpu        ] GC(114) User=0.02s Sys=0.00s Real=0.00s
[2023-11-15T08:13:31.057+0000][40262.215s][info ][safepoint     ] Leaving safepoint region
[2023-11-15T08:13:31.057+0000][40262.215s][info ][safepoint     ] Total time for which application threads were stopped: 0.0057803 seconds, Stopping threads took: 0.0000499 seconds
[2023-11-15T08:13:31.057+0000][40262.216s][info ][gc,stringdedup] Concurrent String Deduplication (40262.216s)
[2023-11-15T08:13:31.058+0000][40262.216s][info ][gc,stringdedup] Concurrent String Deduplication 28968.0B->72.0B(28896.0B) avg 55.4% (40262.216s, 40262.216s) 0.300ms
[2023-11-15T08:22:18.975+0000][40790.133s][debug][safepoint     ] Safepoint synchronization initiated. (159 threads)
[2023-11-15T08:22:18.975+0000][40790.133s][info ][safepoint     ] Application time: 527.9178959 seconds
[2023-11-15T08:22:18.975+0000][40790.133s][info ][safepoint     ] Entering safepoint region: G1CollectForAllocation
[2023-11-15T08:22:18.976+0000][40790.134s][info ][gc,start      ] GC(115) Pause Young (Normal) (G1 Evacuation Pause)
[2023-11-15T08:22:18.976+0000][40790.134s][info ][gc,task       ] GC(115) Using 4 workers of 4 for evacuation
[2023-11-15T08:22:18.983+0000][40790.141s][info ][gc,phases     ] GC(115)   Pre Evacuate Collection Set: 0.0ms
[2023-11-15T08:22:18.983+0000][40790.141s][info ][gc,phases     ] GC(115)   Evacuate Collection Set: 2.1ms
[2023-11-15T08:22:18.983+0000][40790.141s][info ][gc,phases     ] GC(115)   Post Evacuate Collection Set: 4.6ms
[2023-11-15T08:22:18.983+0000][40790.141s][info ][gc,phases     ] GC(115)   Other: 0.4ms
[2023-11-15T08:22:18.983+0000][40790.141s][info ][gc,heap       ] GC(115) Eden regions: 492->0(492)
[2023-11-15T08:22:18.983+0000][40790.141s][info ][gc,heap       ] GC(115) Survivor regions: 2->2(62)
[2023-11-15T08:22:18.983+0000][40790.141s][info ][gc,heap       ] GC(115) Old regions: 149->149
[2023-11-15T08:22:18.983+0000][40790.141s][info ][gc,heap       ] GC(115) Humongous regions: 0->0
[2023-11-15T08:22:18.983+0000][40790.141s][info ][gc,metaspace  ] GC(115) Metaspace: 154407K(159484K)->154407K(159484K) NonClass: 136654K(139776K)->136654K(139776K) Class: 17753K(19708K)->17753K(19708K)
[2023-11-15T08:22:18.983+0000][40790.141s][info ][gc            ] GC(115) Pause Young (Normal) (G1 Evacuation Pause) 640M->147M(824M) 7.231ms
[2023-11-15T08:22:18.983+0000][40790.141s][info ][gc,cpu        ] GC(115) User=0.03s Sys=0.00s Real=0.01s
[2023-11-15T08:22:18.983+0000][40790.141s][info ][safepoint     ] Leaving safepoint region
[2023-11-15T08:22:18.983+0000][40790.141s][info ][safepoint     ] Total time for which application threads were stopped: 0.0076257 seconds, Stopping threads took: 0.0000498 seconds
[2023-11-15T08:22:18.983+0000][40790.141s][info ][gc,stringdedup] Concurrent String Deduplication (40790.141s)
[2023-11-15T08:22:18.983+0000][40790.141s][info ][gc,stringdedup] Concurrent String Deduplication 5360.0B->272.0B(5088.0B) avg 55.4% (40790.141s, 40790.141s) 0.110ms
[2023-11-15T08:24:07.993+0000][40899.151s][debug][safepoint     ] Safepoint synchronization initiated. (162 threads)
[2023-11-15T08:24:07.993+0000][40899.151s][info ][safepoint     ] Application time: 109.0100122 seconds
[2023-11-15T08:24:07.993+0000][40899.151s][info ][safepoint     ] Entering safepoint region: Cleanup
[2023-11-15T08:24:07.993+0000][40899.151s][info ][safepoint     ] Leaving safepoint region
[2023-11-15T08:24:07.993+0000][40899.151s][info ][safepoint     ] Total time for which application threads were stopped: 0.0002828 seconds, Stopping threads took: 0.0000503 seconds
[2023-11-15T08:24:14.994+0000][40906.152s][debug][safepoint     ] Safepoint synchronization initiated. (162 threads)
[2023-11-15T08:24:14.994+0000][40906.152s][info ][safepoint     ] Application time: 7.0006416 seconds
[2023-11-15T08:24:14.994+0000][40906.152s][info ][safepoint     ] Entering safepoint region: Cleanup
[2023-11-15T08:24:14.994+0000][40906.152s][info ][safepoint     ] Leaving safepoint region
[2023-11-15T08:24:14.994+0000][40906.152s][info ][safepoint     ] Total time for which application threads were stopped: 0.0002684 seconds, Stopping threads took: 0.0000459 seconds
[2023-11-15T08:24:36.996+0000][40928.154s][debug][safepoint     ] Safepoint synchronization initiated. (162 threads)
[2023-11-15T08:24:36.996+0000][40928.154s][info ][safepoint     ] Application time: 22.0021325 seconds
[2023-11-15T08:24:36.996+0000][40928.155s][info ][safepoint     ] Entering safepoint region: Cleanup
[2023-11-15T08:24:36.997+0000][40928.155s][info ][safepoint     ] Leaving safepoint region
[2023-11-15T08:24:36.997+0000][40928.155s][info ][safepoint     ] Total time for which application threads were stopped: 0.0003421 seconds, Stopping threads took: 0.0000490 seconds
[2023-11-15T08:25:21.001+0000][40972.159s][debug][safepoint     ] Safepoint synchronization initiated. (162 threads)
[2023-11-15T08:25:21.001+0000][40972.159s][info ][safepoint     ] Application time: 44.0039703 seconds
[2023-11-15T08:25:21.001+0000][40972.159s][info ][safepoint     ] Entering safepoint region: Cleanup
[2023-11-15T08:25:21.001+0000][40972.159s][info ][safepoint     ] Leaving safepoint region
[2023-11-15T08:25:21.001+0000][40972.159s][info ][safepoint     ] Total time for which application threads were stopped: 0.0003104 seconds, Stopping threads took: 0.0000520 seconds
[2023-11-15T08:31:05.124+0000][41316.282s][debug][safepoint     ] Safepoint synchronization initiated. (160 threads)
[2023-11-15T08:31:05.124+0000][41316.282s][info ][safepoint     ] Application time: 344.1226708 seconds
[2023-11-15T08:31:05.124+0000][41316.282s][debug][safepoint     ] Waiting for 1 thread(s) to block
[2023-11-15T08:31:05.124+0000][41316.282s][info ][safepoint     ] Entering safepoint region: G1CollectForAllocation
[2023-11-15T08:31:05.124+0000][41316.282s][info ][gc,start      ] GC(116) Pause Young (Normal) (G1 Evacuation Pause)
[2023-11-15T08:31:05.124+0000][41316.282s][info ][gc,task       ] GC(116) Using 4 workers of 4 for evacuation
[2023-11-15T08:31:05.133+0000][41316.291s][info ][gc,phases     ] GC(116)   Pre Evacuate Collection Set: 0.0ms
[2023-11-15T08:31:05.133+0000][41316.291s][info ][gc,phases     ] GC(116)   Evacuate Collection Set: 2.7ms
[2023-11-15T08:31:05.133+0000][41316.291s][info ][gc,phases     ] GC(116)   Post Evacuate Collection Set: 5.2ms
[2023-11-15T08:31:05.133+0000][41316.291s][info ][gc,phases     ] GC(116)   Other: 0.4ms
[2023-11-15T08:31:05.133+0000][41316.291s][info ][gc,heap       ] GC(116) Eden regions: 492->0(492)
[2023-11-15T08:31:05.133+0000][41316.291s][info ][gc,heap       ] GC(116) Survivor regions: 2->2(62)
[2023-11-15T08:31:05.133+0000][41316.291s][info ][gc,heap       ] GC(116) Old regions: 149->149
[2023-11-15T08:31:05.133+0000][41316.291s][info ][gc,heap       ] GC(116) Humongous regions: 0->0
[2023-11-15T08:31:05.133+0000][41316.291s][info ][gc,metaspace  ] GC(116) Metaspace: 154440K(159484K)->154440K(159484K) NonClass: 136687K(139776K)->136687K(139776K) Class: 17753K(19708K)->17753K(19708K)
[2023-11-15T08:31:05.133+0000][41316.291s][info ][gc            ] GC(116) Pause Young (Normal) (G1 Evacuation Pause) 639M->148M(824M) 8.574ms
[2023-11-15T08:31:05.133+0000][41316.291s][info ][gc,cpu        ] GC(116) User=0.02s Sys=0.00s Real=0.01s
[2023-11-15T08:31:05.133+0000][41316.291s][info ][safepoint     ] Leaving safepoint region
[2023-11-15T08:31:05.133+0000][41316.291s][info ][safepoint     ] Total time for which application threads were stopped: 0.0091406 seconds, Stopping threads took: 0.0001534 seconds
[2023-11-15T08:31:05.133+0000][41316.291s][info ][gc,stringdedup] Concurrent String Deduplication (41316.291s)
[2023-11-15T08:31:05.133+0000][41316.291s][info ][gc,stringdedup] Concurrent String Deduplication 296.0B->296.0B(0.0B) avg 55.4% (41316.291s, 41316.291s) 0.056ms
[2023-11-15T08:39:53.012+0000][41844.170s][debug][safepoint     ] Safepoint synchronization initiated. (160 threads)
[2023-11-15T08:39:53.012+0000][41844.170s][info ][safepoint     ] Application time: 527.8794855 seconds
[2023-11-15T08:39:53.012+0000][41844.171s][debug][safepoint     ] ... found polling page return exception at pc = 0x00007fe180fe70d2, stub =0x00007fe17883a800
[2023-11-15T08:39:53.012+0000][41844.171s][debug][safepoint     ] Waiting for 1 thread(s) to block
[2023-11-15T08:39:53.013+0000][41844.171s][info ][safepoint     ] Entering safepoint region: G1CollectForAllocation
[2023-11-15T08:39:53.013+0000][41844.171s][info ][gc,start      ] GC(117) Pause Young (Normal) (G1 Evacuation Pause)
[2023-11-15T08:39:53.013+0000][41844.171s][info ][gc,task       ] GC(117) Using 4 workers of 4 for evacuation
[2023-11-15T08:39:53.018+0000][41844.176s][info ][gc,phases     ] GC(117)   Pre Evacuate Collection Set: 0.0ms
[2023-11-15T08:39:53.018+0000][41844.176s][info ][gc,phases     ] GC(117)   Evacuate Collection Set: 1.8ms
[2023-11-15T08:39:53.018+0000][41844.176s][info ][gc,phases     ] GC(117)   Post Evacuate Collection Set: 3.4ms
[2023-11-15T08:39:53.018+0000][41844.176s][info ][gc,phases     ] GC(117)   Other: 0.2ms
[2023-11-15T08:39:53.018+0000][41844.176s][info ][gc,heap       ] GC(117) Eden regions: 492->0(492)
[2023-11-15T08:39:53.018+0000][41844.176s][info ][gc,heap       ] GC(117) Survivor regions: 2->2(62)
[2023-11-15T08:39:53.018+0000][41844.176s][info ][gc,heap       ] GC(117) Old regions: 149->149
[2023-11-15T08:39:53.018+0000][41844.176s][info ][gc,heap       ] GC(117) Humongous regions: 0->0
[2023-11-15T08:39:53.018+0000][41844.176s][info ][gc,metaspace  ] GC(117) Metaspace: 154440K(159484K)->154440K(159484K) NonClass: 136687K(139776K)->136687K(139776K) Class: 17753K(19708K)->17753K(19708K)
[2023-11-15T08:39:53.018+0000][41844.176s][info ][gc            ] GC(117) Pause Young (Normal) (G1 Evacuation Pause) 640M->148M(824M) 5.614ms
[2023-11-15T08:39:53.018+0000][41844.176s][info ][gc,cpu        ] GC(117) User=0.01s Sys=0.00s Real=0.00s
[2023-11-15T08:39:53.018+0000][41844.176s][info ][safepoint     ] Leaving safepoint region
[2023-11-15T08:39:53.018+0000][41844.176s][info ][safepoint     ] Total time for which application threads were stopped: 0.0059718 seconds, Stopping threads took: 0.0000930 seconds
[2023-11-15T08:39:53.018+0000][41844.177s][info ][gc,stringdedup] Concurrent String Deduplication (41844.177s)
[2023-11-15T08:39:53.018+0000][41844.177s][info ][gc,stringdedup] Concurrent String Deduplication 40.0B->40.0B(0.0B) avg 55.4% (41844.177s, 41844.177s) 0.026ms
[2023-11-15T08:48:40.764+0000][42371.922s][debug][safepoint     ] Safepoint synchronization initiated. (160 threads)
[2023-11-15T08:48:40.764+0000][42371.922s][info ][safepoint     ] Application time: 527.7454619 seconds
[2023-11-15T08:48:40.768+0000][42371.926s][debug][safepoint     ] ... found polling page return exception at pc = 0x00007fe180fe67fb, stub =0x00007fe17883a800
[2023-11-15T08:48:40.768+0000][42371.926s][debug][safepoint     ] Waiting for 1 thread(s) to block
[2023-11-15T08:48:40.768+0000][42371.926s][info ][safepoint     ] Entering safepoint region: G1CollectForAllocation
[2023-11-15T08:48:40.768+0000][42371.926s][info ][gc,start      ] GC(118) Pause Young (Normal) (G1 Evacuation Pause)
[2023-11-15T08:48:40.768+0000][42371.926s][info ][gc,task       ] GC(118) Using 4 workers of 4 for evacuation
[2023-11-15T08:48:40.775+0000][42371.933s][info ][gc,phases     ] GC(118)   Pre Evacuate Collection Set: 0.0ms
[2023-11-15T08:48:40.775+0000][42371.933s][info ][gc,phases     ] GC(118)   Evacuate Collection Set: 2.3ms
[2023-11-15T08:48:40.775+0000][42371.933s][info ][gc,phases     ] GC(118)   Post Evacuate Collection Set: 4.4ms
[2023-11-15T08:48:40.775+0000][42371.933s][info ][gc,phases     ] GC(118)   Other: 0.3ms
[2023-11-15T08:48:40.775+0000][42371.933s][info ][gc,heap       ] GC(118) Eden regions: 492->0(492)
[2023-11-15T08:48:40.775+0000][42371.933s][info ][gc,heap       ] GC(118) Survivor regions: 2->2(62)
[2023-11-15T08:48:40.775+0000][42371.933s][info ][gc,heap       ] GC(118) Old regions: 149->149
[2023-11-15T08:48:40.775+0000][42371.933s][info ][gc,heap       ] GC(118) Humongous regions: 0->0
[2023-11-15T08:48:40.775+0000][42371.933s][info ][gc,metaspace  ] GC(118) Metaspace: 154440K(159484K)->154440K(159484K) NonClass: 136687K(139776K)->136687K(139776K) Class: 17753K(19708K)->17753K(19708K)
[2023-11-15T08:48:40.775+0000][42371.933s][info ][gc            ] GC(118) Pause Young (Normal) (G1 Evacuation Pause) 640M->148M(824M) 7.232ms
[2023-11-15T08:48:40.775+0000][42371.933s][info ][gc,cpu        ] GC(118) User=0.01s Sys=0.00s Real=0.00s
[2023-11-15T08:48:40.775+0000][42371.933s][info ][safepoint     ] Leaving safepoint region
[2023-11-15T08:48:40.775+0000][42371.933s][info ][safepoint     ] Total time for which application threads were stopped: 0.0113552 seconds, Stopping threads took: 0.0037769 seconds
[2023-11-15T08:48:40.775+0000][42371.933s][info ][gc,stringdedup] Concurrent String Deduplication (42371.933s)
[2023-11-15T08:48:40.776+0000][42371.934s][info ][gc,stringdedup] Concurrent String Deduplication 34008.0B->48.0B(33960.0B) avg 55.5% (42371.933s, 42371.934s) 0.361ms
[2023-11-15T08:57:25.803+0000][42896.961s][debug][safepoint     ] Safepoint synchronization initiated. (159 threads)
[2023-11-15T08:57:25.803+0000][42896.961s][info ][safepoint     ] Application time: 525.0276878 seconds
[2023-11-15T08:57:25.803+0000][42896.961s][info ][safepoint     ] Entering safepoint region: G1CollectForAllocation
[2023-11-15T08:57:25.803+0000][42896.961s][info ][gc,start      ] GC(119) Pause Young (Normal) (G1 Evacuation Pause)
[2023-11-15T08:57:25.803+0000][42896.961s][info ][gc,task       ] GC(119) Using 4 workers of 4 for evacuation
[2023-11-15T08:57:25.812+0000][42896.970s][info ][gc,phases     ] GC(119)   Pre Evacuate Collection Set: 0.0ms
[2023-11-15T08:57:25.812+0000][42896.970s][info ][gc,phases     ] GC(119)   Evacuate Collection Set: 2.4ms
[2023-11-15T08:57:25.812+0000][42896.970s][info ][gc,phases     ] GC(119)   Post Evacuate Collection Set: 6.1ms
[2023-11-15T08:57:25.812+0000][42896.970s][info ][gc,phases     ] GC(119)   Other: 0.4ms
[2023-11-15T08:57:25.812+0000][42896.970s][info ][gc,heap       ] GC(119) Eden regions: 492->0(492)
[2023-11-15T08:57:25.812+0000][42896.970s][info ][gc,heap       ] GC(119) Survivor regions: 2->2(62)
[2023-11-15T08:57:25.812+0000][42896.970s][info ][gc,heap       ] GC(119) Old regions: 149->149
[2023-11-15T08:57:25.812+0000][42896.970s][info ][gc,heap       ] GC(119) Humongous regions: 0->0
[2023-11-15T08:57:25.812+0000][42896.970s][info ][gc,metaspace  ] GC(119) Metaspace: 154442K(159484K)->154442K(159484K) NonClass: 136689K(139776K)->136689K(139776K) Class: 17753K(19708K)->17753K(19708K)
[2023-11-15T08:57:25.812+0000][42896.970s][info ][gc            ] GC(119) Pause Young (Normal) (G1 Evacuation Pause) 640M->148M(824M) 9.107ms
[2023-11-15T08:57:25.812+0000][42896.971s][info ][gc,cpu        ] GC(119) User=0.02s Sys=0.00s Real=0.01s
[2023-11-15T08:57:25.813+0000][42896.971s][info ][safepoint     ] Leaving safepoint region
[2023-11-15T08:57:25.813+0000][42896.971s][info ][safepoint     ] Total time for which application threads were stopped: 0.0095481 seconds, Stopping threads took: 0.0000471 seconds
[2023-11-15T08:57:25.813+0000][42896.971s][info ][gc,stringdedup] Concurrent String Deduplication (42896.971s)
[2023-11-15T08:57:25.813+0000][42896.971s][info ][gc,stringdedup] Concurrent String Deduplication 176.0B->152.0B(24.0B) avg 55.5% (42896.971s, 42896.971s) 0.054ms
[2023-11-15T09:06:13.613+0000][43424.771s][debug][safepoint     ] Safepoint synchronization initiated. (160 threads)
[2023-11-15T09:06:13.613+0000][43424.771s][info ][safepoint     ] Application time: 527.8006517 seconds
[2023-11-15T09:06:13.613+0000][43424.771s][info ][safepoint     ] Entering safepoint region: G1CollectForAllocation
[2023-11-15T09:06:13.614+0000][43424.772s][info ][gc,start      ] GC(120) Pause Young (Normal) (G1 Evacuation Pause)
[2023-11-15T09:06:13.614+0000][43424.772s][info ][gc,task       ] GC(120) Using 4 workers of 4 for evacuation
[2023-11-15T09:06:13.621+0000][43424.779s][info ][gc,phases     ] GC(120)   Pre Evacuate Collection Set: 0.0ms
[2023-11-15T09:06:13.621+0000][43424.779s][info ][gc,phases     ] GC(120)   Evacuate Collection Set: 2.3ms
[2023-11-15T09:06:13.621+0000][43424.779s][info ][gc,phases     ] GC(120)   Post Evacuate Collection Set: 4.4ms
[2023-11-15T09:06:13.621+0000][43424.779s][info ][gc,phases     ] GC(120)   Other: 0.4ms
[2023-11-15T09:06:13.621+0000][43424.779s][info ][gc,heap       ] GC(120) Eden regions: 492->0(492)
[2023-11-15T09:06:13.621+0000][43424.779s][info ][gc,heap       ] GC(120) Survivor regions: 2->2(62)
[2023-11-15T09:06:13.621+0000][43424.779s][info ][gc,heap       ] GC(120) Old regions: 149->149
[2023-11-15T09:06:13.621+0000][43424.779s][info ][gc,heap       ] GC(120) Humongous regions: 0->0
[2023-11-15T09:06:13.621+0000][43424.779s][info ][gc,metaspace  ] GC(120) Metaspace: 154442K(159484K)->154442K(159484K) NonClass: 136689K(139776K)->136689K(139776K) Class: 17753K(19708K)->17753K(19708K)
[2023-11-15T09:06:13.621+0000][43424.779s][info ][gc            ] GC(120) Pause Young (Normal) (G1 Evacuation Pause) 640M->148M(824M) 7.319ms
[2023-11-15T09:06:13.621+0000][43424.779s][info ][gc,cpu        ] GC(120) User=0.02s Sys=0.00s Real=0.01s
[2023-11-15T09:06:13.621+0000][43424.779s][info ][safepoint     ] Leaving safepoint region
[2023-11-15T09:06:13.621+0000][43424.779s][info ][safepoint     ] Total time for which application threads were stopped: 0.0077522 seconds, Stopping threads took: 0.0000514 seconds
[2023-11-15T09:15:01.927+0000][43953.085s][debug][safepoint     ] Safepoint synchronization initiated. (159 threads)
[2023-11-15T09:15:01.927+0000][43953.085s][info ][safepoint     ] Application time: 528.3058047 seconds
[2023-11-15T09:15:01.927+0000][43953.085s][info ][safepoint     ] Entering safepoint region: G1CollectForAllocation
[2023-11-15T09:15:01.927+0000][43953.085s][info ][gc,start      ] GC(121) Pause Young (Normal) (G1 Evacuation Pause)
[2023-11-15T09:15:01.927+0000][43953.085s][info ][gc,task       ] GC(121) Using 4 workers of 4 for evacuation
[2023-11-15T09:15:01.934+0000][43953.092s][info ][gc,phases     ] GC(121)   Pre Evacuate Collection Set: 0.0ms
[2023-11-15T09:15:01.934+0000][43953.092s][info ][gc,phases     ] GC(121)   Evacuate Collection Set: 1.9ms
[2023-11-15T09:15:01.934+0000][43953.092s][info ][gc,phases     ] GC(121)   Post Evacuate Collection Set: 5.0ms
[2023-11-15T09:15:01.934+0000][43953.092s][info ][gc,phases     ] GC(121)   Other: 0.2ms
[2023-11-15T09:15:01.934+0000][43953.092s][info ][gc,heap       ] GC(121) Eden regions: 492->0(492)
[2023-11-15T09:15:01.934+0000][43953.092s][info ][gc,heap       ] GC(121) Survivor regions: 2->2(62)
[2023-11-15T09:15:01.934+0000][43953.092s][info ][gc,heap       ] GC(121) Old regions: 149->149
[2023-11-15T09:15:01.934+0000][43953.092s][info ][gc,heap       ] GC(121) Humongous regions: 0->0
[2023-11-15T09:15:01.934+0000][43953.092s][info ][gc,metaspace  ] GC(121) Metaspace: 154442K(159484K)->154442K(159484K) NonClass: 136689K(139776K)->136689K(139776K) Class: 17753K(19708K)->17753K(19708K)
[2023-11-15T09:15:01.934+0000][43953.092s][info ][gc            ] GC(121) Pause Young (Normal) (G1 Evacuation Pause) 640M->147M(824M) 7.188ms
[2023-11-15T09:15:01.934+0000][43953.092s][info ][gc,cpu        ] GC(121) User=0.01s Sys=0.00s Real=0.01s
[2023-11-15T09:15:01.934+0000][43953.092s][info ][safepoint     ] Leaving safepoint region
[2023-11-15T09:15:01.934+0000][43953.092s][info ][safepoint     ] Total time for which application threads were stopped: 0.0074997 seconds, Stopping threads took: 0.0000340 seconds
[2023-11-15T09:15:01.934+0000][43953.092s][info ][gc,stringdedup] Concurrent String Deduplication (43953.092s)
[2023-11-15T09:15:01.935+0000][43953.093s][info ][gc,stringdedup] Concurrent String Deduplication 33408.0B->48.0B(33360.0B) avg 55.6% (43953.092s, 43953.093s) 0.215ms
[2023-11-15T09:22:18.974+0000][44390.132s][debug][safepoint     ] Safepoint synchronization initiated. (161 threads)
[2023-11-15T09:22:18.974+0000][44390.132s][info ][safepoint     ] Application time: 437.0398931 seconds
[2023-11-15T09:22:18.974+0000][44390.132s][info ][safepoint     ] Entering safepoint region: Cleanup
[2023-11-15T09:22:18.975+0000][44390.133s][info ][safepoint     ] Leaving safepoint region
[2023-11-15T09:22:18.975+0000][44390.133s][info ][safepoint     ] Total time for which application threads were stopped: 0.0003422 seconds, Stopping threads took: 0.0000464 seconds
[2023-11-15T09:23:11.979+0000][44443.137s][debug][safepoint     ] Safepoint synchronization initiated. (159 threads)
[2023-11-15T09:23:11.980+0000][44443.138s][info ][safepoint     ] Application time: 53.0049572 seconds
[2023-11-15T09:23:11.980+0000][44443.138s][info ][safepoint     ] Entering safepoint region: Cleanup
[2023-11-15T09:23:11.980+0000][44443.138s][info ][safepoint     ] Leaving safepoint region
[2023-11-15T09:23:11.980+0000][44443.138s][info ][safepoint     ] Total time for which application threads were stopped: 0.0002337 seconds, Stopping threads took: 0.0000471 seconds
[2023-11-15T09:23:26.981+0000][44458.139s][debug][safepoint     ] Safepoint synchronization initiated. (159 threads)
[2023-11-15T09:23:26.981+0000][44458.139s][info ][safepoint     ] Application time: 15.0014521 seconds
[2023-11-15T09:23:26.981+0000][44458.139s][info ][safepoint     ] Entering safepoint region: Cleanup
[2023-11-15T09:23:26.982+0000][44458.140s][info ][safepoint     ] Leaving safepoint region
[2023-11-15T09:23:26.982+0000][44458.140s][info ][safepoint     ] Total time for which application threads were stopped: 0.0003006 seconds, Stopping threads took: 0.0000456 seconds
[2023-11-15T09:23:48.467+0000][44479.625s][debug][safepoint     ] Safepoint synchronization initiated. (157 threads)
[2023-11-15T09:23:48.467+0000][44479.625s][info ][safepoint     ] Application time: 21.4850868 seconds
[2023-11-15T09:23:48.467+0000][44479.625s][debug][safepoint     ] Waiting for 1 thread(s) to block
[2023-11-15T09:23:48.467+0000][44479.625s][info ][safepoint     ] Entering safepoint region: G1CollectForAllocation
[2023-11-15T09:23:48.467+0000][44479.625s][info ][gc,start      ] GC(122) Pause Young (Normal) (G1 Evacuation Pause)
[2023-11-15T09:23:48.467+0000][44479.625s][info ][gc,task       ] GC(122) Using 4 workers of 4 for evacuation
[2023-11-15T09:23:48.475+0000][44479.633s][info ][gc,phases     ] GC(122)   Pre Evacuate Collection Set: 0.0ms
[2023-11-15T09:23:48.475+0000][44479.633s][info ][gc,phases     ] GC(122)   Evacuate Collection Set: 2.2ms
[2023-11-15T09:23:48.475+0000][44479.633s][info ][gc,phases     ] GC(122)   Post Evacuate Collection Set: 5.0ms
[2023-11-15T09:23:48.475+0000][44479.633s][info ][gc,phases     ] GC(122)   Other: 0.4ms
[2023-11-15T09:23:48.475+0000][44479.633s][info ][gc,heap       ] GC(122) Eden regions: 492->0(492)
[2023-11-15T09:23:48.475+0000][44479.633s][info ][gc,heap       ] GC(122) Survivor regions: 2->2(62)
[2023-11-15T09:23:48.475+0000][44479.633s][info ][gc,heap       ] GC(122) Old regions: 149->149
[2023-11-15T09:23:48.475+0000][44479.633s][info ][gc,heap       ] GC(122) Humongous regions: 0->0
[2023-11-15T09:23:48.475+0000][44479.633s][info ][gc,metaspace  ] GC(122) Metaspace: 154442K(159484K)->154442K(159484K) NonClass: 136689K(139776K)->136689K(139776K) Class: 17753K(19708K)->17753K(19708K)
[2023-11-15T09:23:48.475+0000][44479.633s][info ][gc            ] GC(122) Pause Young (Normal) (G1 Evacuation Pause) 639M->148M(824M) 7.799ms
[2023-11-15T09:23:48.475+0000][44479.633s][info ][gc,cpu        ] GC(122) User=0.02s Sys=0.00s Real=0.01s
[2023-11-15T09:23:48.475+0000][44479.633s][info ][safepoint     ] Leaving safepoint region
[2023-11-15T09:23:48.475+0000][44479.633s][info ][safepoint     ] Total time for which application threads were stopped: 0.0083430 seconds, Stopping threads took: 0.0001458 seconds
[2023-11-15T09:23:48.475+0000][44479.633s][info ][gc,stringdedup] Concurrent String Deduplication (44479.633s)
[2023-11-15T09:23:48.475+0000][44479.633s][info ][gc,stringdedup] Concurrent String Deduplication 320.0B->224.0B(96.0B) avg 55.6% (44479.633s, 44479.633s) 0.059ms
[2023-11-15T09:24:21.478+0000][44512.636s][debug][safepoint     ] Safepoint synchronization initiated. (162 threads)
[2023-11-15T09:24:21.478+0000][44512.636s][info ][safepoint     ] Application time: 33.0030774 seconds
[2023-11-15T09:24:21.478+0000][44512.636s][info ][safepoint     ] Entering safepoint region: Cleanup
[2023-11-15T09:24:21.478+0000][44512.636s][info ][safepoint     ] Leaving safepoint region
[2023-11-15T09:24:21.478+0000][44512.637s][info ][safepoint     ] Total time for which application threads were stopped: 0.0002683 seconds, Stopping threads took: 0.0000549 seconds
[2023-11-15T09:24:44.480+0000][44535.638s][debug][safepoint     ] Safepoint synchronization initiated. (161 threads)
[2023-11-15T09:24:44.481+0000][44535.639s][info ][safepoint     ] Application time: 23.0020684 seconds
[2023-11-15T09:24:44.481+0000][44535.639s][info ][safepoint     ] Entering safepoint region: Cleanup
[2023-11-15T09:24:44.481+0000][44535.639s][info ][safepoint     ] Leaving safepoint region
[2023-11-15T09:24:44.481+0000][44535.639s][info ][safepoint     ] Total time for which application threads were stopped: 0.0002466 seconds, Stopping threads took: 0.0000464 seconds
[2023-11-15T09:28:06.868+0000][44738.026s][debug][safepoint     ] Safepoint synchronization initiated. (160 threads)
[2023-11-15T09:28:06.868+0000][44738.026s][info ][safepoint     ] Application time: 202.3875963 seconds
[2023-11-15T09:28:06.868+0000][44738.027s][info ][safepoint     ] Entering safepoint region: Deoptimize
[2023-11-15T09:28:06.871+0000][44738.029s][info ][safepoint     ] Leaving safepoint region
[2023-11-15T09:28:06.871+0000][44738.029s][info ][safepoint     ] Total time for which application threads were stopped: 0.0021734 seconds, Stopping threads took: 0.0000474 seconds
[2023-11-15T09:28:06.889+0000][44738.047s][debug][safepoint     ] Safepoint synchronization initiated. (160 threads)
[2023-11-15T09:28:06.889+0000][44738.047s][info ][safepoint     ] Application time: 0.0186324 seconds
[2023-11-15T09:28:06.889+0000][44738.047s][info ][safepoint     ] Entering safepoint region: Deoptimize
[2023-11-15T09:28:06.892+0000][44738.050s][info ][safepoint     ] Leaving safepoint region
[2023-11-15T09:28:06.892+0000][44738.050s][info ][safepoint     ] Total time for which application threads were stopped: 0.0024497 seconds, Stopping threads took: 0.0000444 seconds
[2023-11-15T09:28:06.972+0000][44738.130s][debug][safepoint     ] Safepoint synchronization initiated. (160 threads)
[2023-11-15T09:28:06.972+0000][44738.130s][info ][safepoint     ] Application time: 0.0800644 seconds
[2023-11-15T09:28:06.972+0000][44738.130s][info ][safepoint     ] Entering safepoint region: Deoptimize
[2023-11-15T09:28:06.974+0000][44738.132s][info ][safepoint     ] Leaving safepoint region
[2023-11-15T09:28:06.974+0000][44738.132s][info ][safepoint     ] Total time for which application threads were stopped: 0.0023252 seconds, Stopping threads took: 0.0000505 seconds
[2023-11-15T09:28:07.677+0000][44738.835s][debug][safepoint     ] Safepoint synchronization initiated. (161 threads)
[2023-11-15T09:28:07.677+0000][44738.835s][info ][safepoint     ] Application time: 0.7031498 seconds
[2023-11-15T09:28:07.677+0000][44738.835s][info ][safepoint     ] Entering safepoint region: Deoptimize
[2023-11-15T09:28:07.679+0000][44738.837s][info ][safepoint     ] Leaving safepoint region
[2023-11-15T09:28:07.679+0000][44738.837s][info ][safepoint     ] Total time for which application threads were stopped: 0.0017450 seconds, Stopping threads took: 0.0000313 seconds
[2023-11-15T09:28:07.680+0000][44738.838s][debug][safepoint     ] Safepoint synchronization initiated. (161 threads)
[2023-11-15T09:28:07.680+0000][44738.838s][info ][safepoint     ] Application time: 0.0010406 seconds
[2023-11-15T09:28:07.680+0000][44738.838s][info ][safepoint     ] Entering safepoint region: Deoptimize
[2023-11-15T09:28:07.682+0000][44738.840s][info ][safepoint     ] Leaving safepoint region
[2023-11-15T09:28:07.682+0000][44738.840s][info ][safepoint     ] Total time for which application threads were stopped: 0.0014283 seconds, Stopping threads took: 0.0000222 seconds
[2023-11-15T09:28:08.119+0000][44739.277s][debug][safepoint     ] Safepoint synchronization initiated. (161 threads)
[2023-11-15T09:28:08.119+0000][44739.277s][info ][safepoint     ] Application time: 0.4375671 seconds
[2023-11-15T09:28:08.119+0000][44739.277s][info ][safepoint     ] Entering safepoint region: Deoptimize
[2023-11-15T09:28:08.121+0000][44739.279s][info ][safepoint     ] Leaving safepoint region
[2023-11-15T09:28:08.121+0000][44739.279s][info ][safepoint     ] Total time for which application threads were stopped: 0.0017398 seconds, Stopping threads took: 0.0000317 seconds
[2023-11-15T09:28:08.786+0000][44739.945s][debug][safepoint     ] Safepoint synchronization initiated. (162 threads)
[2023-11-15T09:28:08.787+0000][44739.945s][info ][safepoint     ] Application time: 0.6655398 seconds
[2023-11-15T09:28:08.787+0000][44739.945s][info ][safepoint     ] Entering safepoint region: ICBufferFull
[2023-11-15T09:28:08.787+0000][44739.945s][info ][safepoint     ] Leaving safepoint region
[2023-11-15T09:28:08.787+0000][44739.945s][info ][safepoint     ] Total time for which application threads were stopped: 0.0002946 seconds, Stopping threads took: 0.0000324 seconds
[2023-11-15T09:28:08.795+0000][44739.953s][debug][safepoint     ] Safepoint synchronization initiated. (163 threads)
[2023-11-15T09:28:08.795+0000][44739.953s][info ][safepoint     ] Application time: 0.0081912 seconds
[2023-11-15T09:28:08.795+0000][44739.953s][info ][safepoint     ] Entering safepoint region: Deoptimize
[2023-11-15T09:28:08.797+0000][44739.955s][info ][safepoint     ] Leaving safepoint region
[2023-11-15T09:28:08.797+0000][44739.955s][info ][safepoint     ] Total time for which application threads were stopped: 0.0017894 seconds, Stopping threads took: 0.0000334 seconds
[2023-11-15T09:28:09.438+0000][44740.596s][debug][safepoint     ] Safepoint synchronization initiated. (163 threads)
[2023-11-15T09:28:09.438+0000][44740.596s][info ][safepoint     ] Application time: 0.6409206 seconds
[2023-11-15T09:28:09.438+0000][44740.596s][debug][safepoint     ] Waiting for 1 thread(s) to block
[2023-11-15T09:28:09.438+0000][44740.596s][info ][safepoint     ] Entering safepoint region: Deoptimize
[2023-11-15T09:28:09.440+0000][44740.598s][info ][safepoint     ] Leaving safepoint region
[2023-11-15T09:28:09.440+0000][44740.598s][info ][safepoint     ] Total time for which application threads were stopped: 0.0019893 seconds, Stopping threads took: 0.0000538 seconds
[2023-11-15T09:28:10.440+0000][44741.598s][debug][safepoint     ] Safepoint synchronization initiated. (166 threads)
[2023-11-15T09:28:10.440+0000][44741.598s][info ][safepoint     ] Application time: 1.0005424 seconds
[2023-11-15T09:28:10.440+0000][44741.598s][info ][safepoint     ] Entering safepoint region: Cleanup
[2023-11-15T09:28:10.441+0000][44741.599s][info ][safepoint     ] Leaving safepoint region
[2023-11-15T09:28:10.441+0000][44741.599s][info ][safepoint     ] Total time for which application threads were stopped: 0.0004434 seconds, Stopping threads took: 0.0000445 seconds
[2023-11-15T09:28:11.441+0000][44742.599s][debug][safepoint     ] Safepoint synchronization initiated. (165 threads)
[2023-11-15T09:28:11.441+0000][44742.599s][info ][safepoint     ] Application time: 1.0001475 seconds
[2023-11-15T09:28:11.441+0000][44742.599s][info ][safepoint     ] Entering safepoint region: Cleanup
[2023-11-15T09:28:11.441+0000][44742.599s][info ][safepoint     ] Leaving safepoint region
[2023-11-15T09:28:11.441+0000][44742.599s][info ][safepoint     ] Total time for which application threads were stopped: 0.0003500 seconds, Stopping threads took: 0.0000840 seconds
[2023-11-15T09:28:12.441+0000][44743.599s][debug][safepoint     ] Safepoint synchronization initiated. (165 threads)
[2023-11-15T09:28:12.441+0000][44743.600s][info ][safepoint     ] Application time: 1.0001626 seconds
[2023-11-15T09:28:12.442+0000][44743.600s][info ][safepoint     ] Entering safepoint region: Cleanup
[2023-11-15T09:28:12.442+0000][44743.600s][info ][safepoint     ] Leaving safepoint region
[2023-11-15T09:28:12.442+0000][44743.600s][info ][safepoint     ] Total time for which application threads were stopped: 0.0003675 seconds, Stopping threads took: 0.0000624 seconds
[2023-11-15T09:28:13.442+0000][44744.600s][debug][safepoint     ] Safepoint synchronization initiated. (165 threads)
[2023-11-15T09:28:13.442+0000][44744.600s][info ][safepoint     ] Application time: 1.0001562 seconds
[2023-11-15T09:28:13.442+0000][44744.600s][info ][safepoint     ] Entering safepoint region: Cleanup
[2023-11-15T09:28:13.442+0000][44744.600s][info ][safepoint     ] Leaving safepoint region
[2023-11-15T09:28:13.442+0000][44744.600s][info ][safepoint     ] Total time for which application threads were stopped: 0.0002728 seconds, Stopping threads took: 0.0000516 seconds
[2023-11-15T09:28:14.442+0000][44745.600s][debug][safepoint     ] Safepoint synchronization initiated. (165 threads)
[2023-11-15T09:28:14.442+0000][44745.601s][info ][safepoint     ] Application time: 1.0001375 seconds
[2023-11-15T09:28:14.443+0000][44745.601s][info ][safepoint     ] Entering safepoint region: Cleanup
[2023-11-15T09:28:14.443+0000][44745.601s][info ][safepoint     ] Leaving safepoint region
[2023-11-15T09:28:14.443+0000][44745.601s][info ][safepoint     ] Total time for which application threads were stopped: 0.0002277 seconds, Stopping threads took: 0.0000430 seconds
[2023-11-15T09:28:15.443+0000][44746.601s][debug][safepoint     ] Safepoint synchronization initiated. (166 threads)
[2023-11-15T09:28:15.443+0000][44746.601s][info ][safepoint     ] Application time: 1.0001265 seconds
[2023-11-15T09:28:15.443+0000][44746.601s][info ][safepoint     ] Entering safepoint region: Cleanup
[2023-11-15T09:28:15.443+0000][44746.601s][info ][safepoint     ] Leaving safepoint region
[2023-11-15T09:28:15.443+0000][44746.601s][info ][safepoint     ] Total time for which application threads were stopped: 0.0003578 seconds, Stopping threads took: 0.0000386 seconds
[2023-11-15T09:28:16.443+0000][44747.601s][debug][safepoint     ] Safepoint synchronization initiated. (167 threads)
[2023-11-15T09:28:16.443+0000][44747.601s][info ][safepoint     ] Application time: 1.0001500 seconds
[2023-11-15T09:28:16.443+0000][44747.601s][info ][safepoint     ] Entering safepoint region: Cleanup
[2023-11-15T09:28:16.444+0000][44747.602s][info ][safepoint     ] Leaving safepoint region
[2023-11-15T09:28:16.444+0000][44747.602s][info ][safepoint     ] Total time for which application threads were stopped: 0.0003587 seconds, Stopping threads took: 0.0000508 seconds
[2023-11-15T09:28:16.739+0000][44747.897s][debug][safepoint     ] Safepoint synchronization initiated. (167 threads)
[2023-11-15T09:28:16.739+0000][44747.897s][info ][safepoint     ] Application time: 0.2952569 seconds
[2023-11-15T09:28:16.739+0000][44747.897s][info ][safepoint     ] Entering safepoint region: G1CollectForAllocation
[2023-11-15T09:28:16.739+0000][44747.897s][info ][gc,start      ] GC(123) Pause Young (Normal) (G1 Evacuation Pause)
[2023-11-15T09:28:16.739+0000][44747.897s][info ][gc,task       ] GC(123) Using 4 workers of 4 for evacuation
[2023-11-15T09:28:16.758+0000][44747.916s][info ][gc,phases     ] GC(123)   Pre Evacuate Collection Set: 0.0ms
[2023-11-15T09:28:16.758+0000][44747.917s][info ][gc,phases     ] GC(123)   Evacuate Collection Set: 13.5ms
[2023-11-15T09:28:16.758+0000][44747.917s][info ][gc,phases     ] GC(123)   Post Evacuate Collection Set: 5.2ms
[2023-11-15T09:28:16.759+0000][44747.917s][info ][gc,phases     ] GC(123)   Other: 0.4ms
[2023-11-15T09:28:16.759+0000][44747.917s][info ][gc,heap       ] GC(123) Eden regions: 492->0(486)
[2023-11-15T09:28:16.759+0000][44747.917s][info ][gc,heap       ] GC(123) Survivor regions: 2->8(62)
[2023-11-15T09:28:16.759+0000][44747.917s][info ][gc,heap       ] GC(123) Old regions: 149->149
[2023-11-15T09:28:16.759+0000][44747.917s][info ][gc,heap       ] GC(123) Humongous regions: 0->0
[2023-11-15T09:28:16.759+0000][44747.917s][info ][gc,metaspace  ] GC(123) Metaspace: 159663K(164860K)->159663K(164860K) NonClass: 141293K(144384K)->141293K(144384K) Class: 18370K(20476K)->18370K(20476K)
[2023-11-15T09:28:16.759+0000][44747.917s][info ][gc            ] GC(123) Pause Young (Normal) (G1 Evacuation Pause) 640M->154M(824M) 19.233ms
[2023-11-15T09:28:16.759+0000][44747.917s][info ][gc,cpu        ] GC(123) User=0.08s Sys=0.00s Real=0.02s
[2023-11-15T09:28:16.759+0000][44747.917s][info ][safepoint     ] Leaving safepoint region
[2023-11-15T09:28:16.759+0000][44747.917s][info ][safepoint     ] Total time for which application threads were stopped: 0.0196434 seconds, Stopping threads took: 0.0000508 seconds
[2023-11-15T09:28:16.759+0000][44747.917s][info ][gc,stringdedup] Concurrent String Deduplication (44747.917s)
[2023-11-15T09:28:16.759+0000][44747.917s][info ][gc,stringdedup] Concurrent String Deduplication 40.0B->40.0B(0.0B) avg 55.6% (44747.917s, 44747.917s) 0.052ms
[2023-11-15T09:28:16.837+0000][44747.995s][debug][safepoint     ] Safepoint synchronization initiated. (168 threads)
[2023-11-15T09:28:16.837+0000][44747.995s][info ][safepoint     ] Application time: 0.0780907 seconds
[2023-11-15T09:28:16.837+0000][44747.995s][debug][safepoint     ] Waiting for 1 thread(s) to block
[2023-11-15T09:28:16.837+0000][44747.995s][info ][safepoint     ] Entering safepoint region: Deoptimize
[2023-11-15T09:28:16.839+0000][44747.997s][info ][safepoint     ] Leaving safepoint region
[2023-11-15T09:28:16.839+0000][44747.997s][info ][safepoint     ] Total time for which application threads were stopped: 0.0018734 seconds, Stopping threads took: 0.0000552 seconds
[2023-11-15T09:28:16.868+0000][44748.026s][debug][safepoint     ] Safepoint synchronization initiated. (168 threads)
[2023-11-15T09:28:16.868+0000][44748.027s][info ][safepoint     ] Application time: 0.0297741 seconds
[2023-11-15T09:28:16.868+0000][44748.027s][info ][safepoint     ] Entering safepoint region: Deoptimize
[2023-11-15T09:28:16.870+0000][44748.028s][info ][safepoint     ] Leaving safepoint region
[2023-11-15T09:28:16.870+0000][44748.028s][info ][safepoint     ] Total time for which application threads were stopped: 0.0017558 seconds, Stopping threads took: 0.0000352 seconds
[2023-11-15T09:28:16.871+0000][44748.029s][debug][safepoint     ] Safepoint synchronization initiated. (168 threads)
[2023-11-15T09:28:16.871+0000][44748.029s][info ][safepoint     ] Application time: 0.0006827 seconds
[2023-11-15T09:28:16.871+0000][44748.029s][info ][safepoint     ] Entering safepoint region: Deoptimize
[2023-11-15T09:28:16.873+0000][44748.031s][info ][safepoint     ] Leaving safepoint region
[2023-11-15T09:28:16.873+0000][44748.031s][info ][safepoint     ] Total time for which application threads were stopped: 0.0017399 seconds, Stopping threads took: 0.0000232 seconds
[2023-11-15T09:28:16.875+0000][44748.034s][debug][safepoint     ] Safepoint synchronization initiated. (168 threads)
[2023-11-15T09:28:16.876+0000][44748.034s][info ][safepoint     ] Application time: 0.0028679 seconds
[2023-11-15T09:28:16.876+0000][44748.034s][info ][safepoint     ] Entering safepoint region: Deoptimize
[2023-11-15T09:28:16.877+0000][44748.035s][info ][safepoint     ] Leaving safepoint region
[2023-11-15T09:28:16.877+0000][44748.035s][info ][safepoint     ] Total time for which application threads were stopped: 0.0017574 seconds, Stopping threads took: 0.0000311 seconds
[2023-11-15T09:28:16.934+0000][44748.092s][debug][safepoint     ] Safepoint synchronization initiated. (168 threads)
[2023-11-15T09:28:16.934+0000][44748.092s][info ][safepoint     ] Application time: 0.0568705 seconds
[2023-11-15T09:28:16.934+0000][44748.092s][info ][safepoint     ] Entering safepoint region: Deoptimize
[2023-11-15T09:28:16.936+0000][44748.094s][info ][safepoint     ] Leaving safepoint region
[2023-11-15T09:28:16.936+0000][44748.094s][info ][safepoint     ] Total time for which application threads were stopped: 0.0019114 seconds, Stopping threads took: 0.0000356 seconds
[2023-11-15T09:28:16.941+0000][44748.099s][debug][safepoint     ] Safepoint synchronization initiated. (168 threads)
[2023-11-15T09:28:16.941+0000][44748.099s][info ][safepoint     ] Application time: 0.0048866 seconds
[2023-11-15T09:28:16.941+0000][44748.099s][info ][safepoint     ] Entering safepoint region: Deoptimize
[2023-11-15T09:28:16.943+0000][44748.101s][info ][safepoint     ] Leaving safepoint region
[2023-11-15T09:28:16.943+0000][44748.101s][info ][safepoint     ] Total time for which application threads were stopped: 0.0017568 seconds, Stopping threads took: 0.0000318 seconds
[2023-11-15T09:28:16.957+0000][44748.115s][debug][safepoint     ] Safepoint synchronization initiated. (168 threads)
[2023-11-15T09:28:16.957+0000][44748.115s][info ][safepoint     ] Application time: 0.0146130 seconds
[2023-11-15T09:28:16.957+0000][44748.115s][info ][safepoint     ] Entering safepoint region: Deoptimize
[2023-11-15T09:28:16.959+0000][44748.117s][info ][safepoint     ] Leaving safepoint region
[2023-11-15T09:28:16.959+0000][44748.117s][info ][safepoint     ] Total time for which application threads were stopped: 0.0017917 seconds, Stopping threads took: 0.0000363 seconds
[2023-11-15T09:28:16.976+0000][44748.134s][debug][safepoint     ] Safepoint synchronization initiated. (168 threads)
[2023-11-15T09:28:16.976+0000][44748.135s][info ][safepoint     ] Application time: 0.0172398 seconds
[2023-11-15T09:28:16.976+0000][44748.135s][info ][safepoint     ] Entering safepoint region: Deoptimize
[2023-11-15T09:28:16.978+0000][44748.136s][info ][safepoint     ] Leaving safepoint region
[2023-11-15T09:28:16.978+0000][44748.136s][info ][safepoint     ] Total time for which application threads were stopped: 0.0018268 seconds, Stopping threads took: 0.0000362 seconds
[2023-11-15T09:28:17.978+0000][44749.136s][debug][safepoint     ] Safepoint synchronization initiated. (182 threads)
[2023-11-15T09:28:17.978+0000][44749.137s][info ][safepoint     ] Application time: 1.0001613 seconds
[2023-11-15T09:28:17.979+0000][44749.137s][info ][safepoint     ] Entering safepoint region: Cleanup
[2023-11-15T09:28:17.979+0000][44749.137s][info ][safepoint     ] Leaving safepoint region
[2023-11-15T09:28:17.979+0000][44749.137s][info ][safepoint     ] Total time for which application threads were stopped: 0.0007925 seconds, Stopping threads took: 0.0003043 seconds
[2023-11-15T09:28:18.979+0000][44750.137s][debug][safepoint     ] Safepoint synchronization initiated. (182 threads)
[2023-11-15T09:28:18.979+0000][44750.138s][info ][safepoint     ] Application time: 1.0001543 seconds
[2023-11-15T09:28:18.980+0000][44750.138s][info ][safepoint     ] Entering safepoint region: Cleanup
[2023-11-15T09:28:18.980+0000][44750.138s][info ][safepoint     ] Leaving safepoint region
[2023-11-15T09:28:18.980+0000][44750.138s][info ][safepoint     ] Total time for which application threads were stopped: 0.0003472 seconds, Stopping threads took: 0.0000526 seconds
[2023-11-15T09:28:19.980+0000][44751.138s][debug][safepoint     ] Safepoint synchronization initiated. (181 threads)
[2023-11-15T09:28:19.980+0000][44751.138s][info ][safepoint     ] Application time: 1.0001403 seconds
[2023-11-15T09:28:19.980+0000][44751.138s][info ][safepoint     ] Entering safepoint region: Cleanup
[2023-11-15T09:28:19.980+0000][44751.138s][info ][safepoint     ] Leaving safepoint region
[2023-11-15T09:28:19.980+0000][44751.138s][info ][safepoint     ] Total time for which application threads were stopped: 0.0003204 seconds, Stopping threads took: 0.0000502 seconds
[2023-11-15T09:28:20.980+0000][44752.139s][debug][safepoint     ] Safepoint synchronization initiated. (181 threads)
[2023-11-15T09:28:20.981+0000][44752.139s][info ][safepoint     ] Application time: 1.0001613 seconds
[2023-11-15T09:28:20.981+0000][44752.139s][info ][safepoint     ] Entering safepoint region: Cleanup
[2023-11-15T09:28:20.981+0000][44752.139s][info ][safepoint     ] Leaving safepoint region
[2023-11-15T09:28:20.981+0000][44752.139s][info ][safepoint     ] Total time for which application threads were stopped: 0.0004012 seconds, Stopping threads took: 0.0000523 seconds
[2023-11-15T09:28:21.981+0000][44753.139s][debug][safepoint     ] Safepoint synchronization initiated. (183 threads)
[2023-11-15T09:28:21.981+0000][44753.139s][info ][safepoint     ] Application time: 1.0001676 seconds
[2023-11-15T09:28:21.981+0000][44753.139s][info ][safepoint     ] Entering safepoint region: Cleanup
[2023-11-15T09:28:21.981+0000][44753.140s][info ][safepoint     ] Leaving safepoint region
[2023-11-15T09:28:21.982+0000][44753.140s][info ][safepoint     ] Total time for which application threads were stopped: 0.0003849 seconds, Stopping threads took: 0.0000522 seconds
[2023-11-15T09:28:22.982+0000][44754.140s][debug][safepoint     ] Safepoint synchronization initiated. (182 threads)
[2023-11-15T09:28:22.982+0000][44754.140s][info ][safepoint     ] Application time: 1.0001542 seconds
[2023-11-15T09:28:22.982+0000][44754.140s][info ][safepoint     ] Entering safepoint region: Cleanup
[2023-11-15T09:28:22.982+0000][44754.140s][info ][safepoint     ] Leaving safepoint region
[2023-11-15T09:28:22.982+0000][44754.140s][info ][safepoint     ] Total time for which application threads were stopped: 0.0003275 seconds, Stopping threads took: 0.0000571 seconds
[2023-11-15T09:28:23.982+0000][44755.140s][debug][safepoint     ] Safepoint synchronization initiated. (182 threads)
[2023-11-15T09:28:23.982+0000][44755.140s][info ][safepoint     ] Application time: 1.0001669 seconds
[2023-11-15T09:28:23.982+0000][44755.140s][info ][safepoint     ] Entering safepoint region: Cleanup
[2023-11-15T09:28:23.983+0000][44755.141s][info ][safepoint     ] Leaving safepoint region
[2023-11-15T09:28:23.983+0000][44755.141s][info ][safepoint     ] Total time for which application threads were stopped: 0.0003980 seconds, Stopping threads took: 0.0000528 seconds
[2023-11-15T09:28:24.983+0000][44756.141s][debug][safepoint     ] Safepoint synchronization initiated. (182 threads)
[2023-11-15T09:28:24.983+0000][44756.141s][info ][safepoint     ] Application time: 1.0001611 seconds
[2023-11-15T09:28:24.983+0000][44756.141s][info ][safepoint     ] Entering safepoint region: Cleanup
[2023-11-15T09:28:24.983+0000][44756.141s][info ][safepoint     ] Leaving safepoint region
[2023-11-15T09:28:24.983+0000][44756.141s][info ][safepoint     ] Total time for which application threads were stopped: 0.0003247 seconds, Stopping threads took: 0.0000549 seconds
[2023-11-15T09:28:25.983+0000][44757.141s][debug][safepoint     ] Safepoint synchronization initiated. (182 threads)
[2023-11-15T09:28:25.983+0000][44757.141s][info ][safepoint     ] Application time: 1.0001561 seconds
[2023-11-15T09:28:25.983+0000][44757.141s][info ][safepoint     ] Entering safepoint region: Cleanup
[2023-11-15T09:28:25.984+0000][44757.142s][info ][safepoint     ] Leaving safepoint region
[2023-11-15T09:28:25.984+0000][44757.142s][info ][safepoint     ] Total time for which application threads were stopped: 0.0002727 seconds, Stopping threads took: 0.0000514 seconds
[2023-11-15T09:28:26.984+0000][44758.142s][debug][safepoint     ] Safepoint synchronization initiated. (182 threads)
[2023-11-15T09:28:26.984+0000][44758.142s][info ][safepoint     ] Application time: 1.0001510 seconds
[2023-11-15T09:28:26.984+0000][44758.142s][info ][safepoint     ] Entering safepoint region: Cleanup
[2023-11-15T09:28:26.984+0000][44758.142s][info ][safepoint     ] Leaving safepoint region
[2023-11-15T09:28:26.984+0000][44758.142s][info ][safepoint     ] Total time for which application threads were stopped: 0.0002794 seconds, Stopping threads took: 0.0000525 seconds
[2023-11-15T09:28:27.984+0000][44759.142s][debug][safepoint     ] Safepoint synchronization initiated. (182 threads)
[2023-11-15T09:28:27.984+0000][44759.142s][info ][safepoint     ] Application time: 1.0001641 seconds
[2023-11-15T09:28:27.984+0000][44759.142s][info ][safepoint     ] Entering safepoint region: Cleanup
[2023-11-15T09:28:27.985+0000][44759.143s][info ][safepoint     ] Leaving safepoint region
[2023-11-15T09:28:27.985+0000][44759.143s][info ][safepoint     ] Total time for which application threads were stopped: 0.0003010 seconds, Stopping threads took: 0.0000615 seconds
[2023-11-15T09:28:28.985+0000][44760.143s][debug][safepoint     ] Safepoint synchronization initiated. (182 threads)
[2023-11-15T09:28:28.985+0000][44760.143s][info ][safepoint     ] Application time: 1.0001507 seconds
[2023-11-15T09:28:28.985+0000][44760.143s][info ][safepoint     ] Entering safepoint region: Cleanup
[2023-11-15T09:28:28.985+0000][44760.143s][info ][safepoint     ] Leaving safepoint region
[2023-11-15T09:28:28.985+0000][44760.143s][info ][safepoint     ] Total time for which application threads were stopped: 0.0003554 seconds, Stopping threads took: 0.0000524 seconds
[2023-11-15T09:28:29.985+0000][44761.143s][debug][safepoint     ] Safepoint synchronization initiated. (182 threads)
[2023-11-15T09:28:29.985+0000][44761.143s][info ][safepoint     ] Application time: 1.0001922 seconds
[2023-11-15T09:28:29.985+0000][44761.143s][info ][safepoint     ] Entering safepoint region: Cleanup
[2023-11-15T09:28:29.986+0000][44761.144s][info ][safepoint     ] Leaving safepoint region
[2023-11-15T09:28:29.986+0000][44761.144s][info ][safepoint     ] Total time for which application threads were stopped: 0.0003104 seconds, Stopping threads took: 0.0000511 seconds
[2023-11-15T09:28:30.986+0000][44762.144s][debug][safepoint     ] Safepoint synchronization initiated. (182 threads)
[2023-11-15T09:28:30.986+0000][44762.144s][info ][safepoint     ] Application time: 1.0001594 seconds
[2023-11-15T09:28:30.986+0000][44762.144s][info ][safepoint     ] Entering safepoint region: Cleanup
[2023-11-15T09:28:30.986+0000][44762.144s][info ][safepoint     ] Leaving safepoint region
[2023-11-15T09:28:30.986+0000][44762.144s][info ][safepoint     ] Total time for which application threads were stopped: 0.0002599 seconds, Stopping threads took: 0.0000494 seconds
[2023-11-15T09:28:31.986+0000][44763.144s][debug][safepoint     ] Safepoint synchronization initiated. (182 threads)
[2023-11-15T09:28:31.986+0000][44763.144s][info ][safepoint     ] Application time: 1.0001673 seconds
[2023-11-15T09:28:31.986+0000][44763.144s][info ][safepoint     ] Entering safepoint region: Cleanup
[2023-11-15T09:28:31.987+0000][44763.145s][info ][safepoint     ] Leaving safepoint region
[2023-11-15T09:28:31.987+0000][44763.145s][info ][safepoint     ] Total time for which application threads were stopped: 0.0003434 seconds, Stopping threads took: 0.0000490 seconds
[2023-11-15T09:28:32.987+0000][44764.145s][debug][safepoint     ] Safepoint synchronization initiated. (182 threads)
[2023-11-15T09:28:32.987+0000][44764.145s][info ][safepoint     ] Application time: 1.0001568 seconds
[2023-11-15T09:28:32.987+0000][44764.145s][info ][safepoint     ] Entering safepoint region: Cleanup
[2023-11-15T09:28:32.987+0000][44764.145s][info ][safepoint     ] Leaving safepoint region
[2023-11-15T09:28:32.987+0000][44764.145s][info ][safepoint     ] Total time for which application threads were stopped: 0.0003404 seconds, Stopping threads took: 0.0000505 seconds
[2023-11-15T09:28:33.987+0000][44765.145s][debug][safepoint     ] Safepoint synchronization initiated. (182 threads)
[2023-11-15T09:28:33.987+0000][44765.145s][info ][safepoint     ] Application time: 1.0001571 seconds
[2023-11-15T09:28:33.987+0000][44765.146s][info ][safepoint     ] Entering safepoint region: Cleanup
[2023-11-15T09:28:33.988+0000][44765.146s][info ][safepoint     ] Leaving safepoint region
[2023-11-15T09:28:33.988+0000][44765.146s][info ][safepoint     ] Total time for which application threads were stopped: 0.0003800 seconds, Stopping threads took: 0.0000859 seconds
[2023-11-15T09:28:34.988+0000][44766.146s][debug][safepoint     ] Safepoint synchronization initiated. (182 threads)
[2023-11-15T09:28:34.988+0000][44766.146s][info ][safepoint     ] Application time: 1.0001572 seconds
[2023-11-15T09:28:34.988+0000][44766.146s][info ][safepoint     ] Entering safepoint region: Cleanup
[2023-11-15T09:28:34.988+0000][44766.146s][info ][safepoint     ] Leaving safepoint region
[2023-11-15T09:28:34.988+0000][44766.146s][info ][safepoint     ] Total time for which application threads were stopped: 0.0003570 seconds, Stopping threads took: 0.0000545 seconds
[2023-11-15T09:28:35.988+0000][44767.147s][debug][safepoint     ] Safepoint synchronization initiated. (182 threads)
[2023-11-15T09:28:35.989+0000][44767.147s][info ][safepoint     ] Application time: 1.0001735 seconds
[2023-11-15T09:28:35.989+0000][44767.147s][info ][safepoint     ] Entering safepoint region: Cleanup
[2023-11-15T09:28:35.989+0000][44767.147s][info ][safepoint     ] Leaving safepoint region
[2023-11-15T09:28:35.989+0000][44767.147s][info ][safepoint     ] Total time for which application threads were stopped: 0.0003528 seconds, Stopping threads took: 0.0000538 seconds
[2023-11-15T09:28:36.989+0000][44768.147s][debug][safepoint     ] Safepoint synchronization initiated. (182 threads)
[2023-11-15T09:28:36.989+0000][44768.147s][info ][safepoint     ] Application time: 1.0001839 seconds
[2023-11-15T09:28:36.989+0000][44768.147s][info ][safepoint     ] Entering safepoint region: Cleanup
[2023-11-15T09:28:36.989+0000][44768.148s][info ][safepoint     ] Leaving safepoint region
[2023-11-15T09:28:36.989+0000][44768.148s][info ][safepoint     ] Total time for which application threads were stopped: 0.0003519 seconds, Stopping threads took: 0.0000537 seconds
[2023-11-15T09:28:37.990+0000][44769.148s][debug][safepoint     ] Safepoint synchronization initiated. (182 threads)
[2023-11-15T09:28:37.990+0000][44769.148s][info ][safepoint     ] Application time: 1.0001781 seconds
[2023-11-15T09:28:37.990+0000][44769.148s][info ][safepoint     ] Entering safepoint region: Cleanup
[2023-11-15T09:28:37.990+0000][44769.148s][info ][safepoint     ] Leaving safepoint region
[2023-11-15T09:28:37.990+0000][44769.148s][info ][safepoint     ] Total time for which application threads were stopped: 0.0003628 seconds, Stopping threads took: 0.0000561 seconds
[2023-11-15T09:28:38.990+0000][44770.148s][debug][safepoint     ] Safepoint synchronization initiated. (182 threads)
[2023-11-15T09:28:38.990+0000][44770.148s][info ][safepoint     ] Application time: 1.0001787 seconds
[2023-11-15T09:28:38.990+0000][44770.148s][info ][safepoint     ] Entering safepoint region: Cleanup
[2023-11-15T09:28:38.991+0000][44770.149s][info ][safepoint     ] Leaving safepoint region
[2023-11-15T09:28:38.991+0000][44770.149s][info ][safepoint     ] Total time for which application threads were stopped: 0.0002861 seconds, Stopping threads took: 0.0000557 seconds
[2023-11-15T09:28:39.991+0000][44771.149s][debug][safepoint     ] Safepoint synchronization initiated. (182 threads)
[2023-11-15T09:28:39.991+0000][44771.149s][info ][safepoint     ] Application time: 1.0001698 seconds
[2023-11-15T09:28:39.991+0000][44771.149s][info ][safepoint     ] Entering safepoint region: Cleanup
[2023-11-15T09:28:39.991+0000][44771.149s][info ][safepoint     ] Leaving safepoint region
[2023-11-15T09:28:39.991+0000][44771.149s][info ][safepoint     ] Total time for which application threads were stopped: 0.0003642 seconds, Stopping threads took: 0.0000551 seconds
[2023-11-15T09:28:40.991+0000][44772.149s][debug][safepoint     ] Safepoint synchronization initiated. (182 threads)
[2023-11-15T09:28:40.991+0000][44772.149s][info ][safepoint     ] Application time: 1.0001703 seconds
[2023-11-15T09:28:40.991+0000][44772.149s][info ][safepoint     ] Entering safepoint region: Cleanup
[2023-11-15T09:28:40.992+0000][44772.150s][info ][safepoint     ] Leaving safepoint region
[2023-11-15T09:28:40.992+0000][44772.150s][info ][safepoint     ] Total time for which application threads were stopped: 0.0003254 seconds, Stopping threads took: 0.0000552 seconds
[2023-11-15T09:28:41.992+0000][44773.150s][debug][safepoint     ] Safepoint synchronization initiated. (182 threads)
[2023-11-15T09:28:41.992+0000][44773.150s][info ][safepoint     ] Application time: 1.0001776 seconds
[2023-11-15T09:28:41.992+0000][44773.150s][info ][safepoint     ] Entering safepoint region: Cleanup
[2023-11-15T09:28:41.992+0000][44773.150s][info ][safepoint     ] Leaving safepoint region
[2023-11-15T09:28:41.992+0000][44773.150s][info ][safepoint     ] Total time for which application threads were stopped: 0.0002744 seconds, Stopping threads took: 0.0000551 seconds
[2023-11-15T09:28:42.992+0000][44774.150s][debug][safepoint     ] Safepoint synchronization initiated. (182 threads)
[2023-11-15T09:28:42.992+0000][44774.150s][info ][safepoint     ] Application time: 1.0001571 seconds
[2023-11-15T09:28:42.992+0000][44774.150s][info ][safepoint     ] Entering safepoint region: Cleanup
[2023-11-15T09:28:42.993+0000][44774.151s][info ][safepoint     ] Leaving safepoint region
[2023-11-15T09:28:42.993+0000][44774.151s][info ][safepoint     ] Total time for which application threads were stopped: 0.0002805 seconds, Stopping threads took: 0.0000561 seconds
[2023-11-15T09:28:43.993+0000][44775.151s][debug][safepoint     ] Safepoint synchronization initiated. (182 threads)
[2023-11-15T09:28:43.993+0000][44775.151s][info ][safepoint     ] Application time: 1.0001737 seconds
[2023-11-15T09:28:43.993+0000][44775.151s][info ][safepoint     ] Entering safepoint region: Cleanup
[2023-11-15T09:28:43.993+0000][44775.151s][info ][safepoint     ] Leaving safepoint region
[2023-11-15T09:28:43.993+0000][44775.151s][info ][safepoint     ] Total time for which application threads were stopped: 0.0003480 seconds, Stopping threads took: 0.0000515 seconds
[2023-11-15T09:28:44.993+0000][44776.151s][debug][safepoint     ] Safepoint synchronization initiated. (182 threads)
[2023-11-15T09:28:44.993+0000][44776.151s][info ][safepoint     ] Application time: 1.0001758 seconds
[2023-11-15T09:28:44.993+0000][44776.152s][info ][safepoint     ] Entering safepoint region: Cleanup
[2023-11-15T09:28:44.994+0000][44776.152s][info ][safepoint     ] Leaving safepoint region
[2023-11-15T09:28:44.994+0000][44776.152s][info ][safepoint     ] Total time for which application threads were stopped: 0.0002595 seconds, Stopping threads took: 0.0000532 seconds
[2023-11-15T09:28:45.994+0000][44777.152s][debug][safepoint     ] Safepoint synchronization initiated. (182 threads)
[2023-11-15T09:28:45.994+0000][44777.152s][info ][safepoint     ] Application time: 1.0001675 seconds
[2023-11-15T09:28:45.994+0000][44777.152s][info ][safepoint     ] Entering safepoint region: Cleanup
[2023-11-15T09:28:45.994+0000][44777.152s][info ][safepoint     ] Leaving safepoint region
[2023-11-15T09:28:45.994+0000][44777.152s][info ][safepoint     ] Total time for which application threads were stopped: 0.0003483 seconds, Stopping threads took: 0.0000516 seconds
[2023-11-15T09:28:46.994+0000][44778.152s][debug][safepoint     ] Safepoint synchronization initiated. (182 threads)
[2023-11-15T09:28:46.994+0000][44778.152s][info ][safepoint     ] Application time: 1.0001632 seconds
[2023-11-15T09:28:46.994+0000][44778.153s][info ][safepoint     ] Entering safepoint region: Cleanup
[2023-11-15T09:28:46.995+0000][44778.153s][info ][safepoint     ] Leaving safepoint region
[2023-11-15T09:28:46.995+0000][44778.153s][info ][safepoint     ] Total time for which application threads were stopped: 0.0003437 seconds, Stopping threads took: 0.0000512 seconds
[2023-11-15T09:28:47.995+0000][44779.153s][debug][safepoint     ] Safepoint synchronization initiated. (182 threads)
[2023-11-15T09:28:47.995+0000][44779.153s][info ][safepoint     ] Application time: 1.0001419 seconds
[2023-11-15T09:28:47.995+0000][44779.153s][info ][safepoint     ] Entering safepoint region: Cleanup
[2023-11-15T09:28:47.995+0000][44779.153s][info ][safepoint     ] Leaving safepoint region
[2023-11-15T09:28:47.995+0000][44779.153s][info ][safepoint     ] Total time for which application threads were stopped: 0.0003427 seconds, Stopping threads took: 0.0000532 seconds
[2023-11-15T09:28:48.995+0000][44780.154s][debug][safepoint     ] Safepoint synchronization initiated. (182 threads)
[2023-11-15T09:28:48.996+0000][44780.154s][info ][safepoint     ] Application time: 1.0001956 seconds
[2023-11-15T09:28:48.996+0000][44780.154s][info ][safepoint     ] Entering safepoint region: Cleanup
[2023-11-15T09:28:48.996+0000][44780.154s][info ][safepoint     ] Leaving safepoint region
[2023-11-15T09:28:48.996+0000][44780.154s][info ][safepoint     ] Total time for which application threads were stopped: 0.0003479 seconds, Stopping threads took: 0.0000532 seconds
[2023-11-15T09:28:49.996+0000][44781.154s][debug][safepoint     ] Safepoint synchronization initiated. (182 threads)
[2023-11-15T09:28:49.996+0000][44781.154s][info ][safepoint     ] Application time: 1.0001445 seconds
[2023-11-15T09:28:49.996+0000][44781.154s][info ][safepoint     ] Entering safepoint region: Cleanup
[2023-11-15T09:28:49.996+0000][44781.154s][info ][safepoint     ] Leaving safepoint region
[2023-11-15T09:28:49.996+0000][44781.154s][info ][safepoint     ] Total time for which application threads were stopped: 0.0003538 seconds, Stopping threads took: 0.0000515 seconds
[2023-11-15T09:28:50.997+0000][44782.155s][debug][safepoint     ] Safepoint synchronization initiated. (182 threads)
[2023-11-15T09:28:50.997+0000][44782.155s][info ][safepoint     ] Application time: 1.0001750 seconds
[2023-11-15T09:28:50.997+0000][44782.155s][info ][safepoint     ] Entering safepoint region: Cleanup
[2023-11-15T09:28:50.997+0000][44782.155s][info ][safepoint     ] Leaving safepoint region
[2023-11-15T09:28:50.997+0000][44782.155s][info ][safepoint     ] Total time for which application threads were stopped: 0.0003122 seconds, Stopping threads took: 0.0000553 seconds
[2023-11-15T09:28:51.997+0000][44783.155s][debug][safepoint     ] Safepoint synchronization initiated. (182 threads)
[2023-11-15T09:28:51.997+0000][44783.155s][info ][safepoint     ] Application time: 1.0001611 seconds
[2023-11-15T09:28:51.997+0000][44783.155s][info ][safepoint     ] Entering safepoint region: Cleanup
[2023-11-15T09:28:51.997+0000][44783.155s][info ][safepoint     ] Leaving safepoint region
[2023-11-15T09:28:51.997+0000][44783.156s][info ][safepoint     ] Total time for which application threads were stopped: 0.0002706 seconds, Stopping threads took: 0.0000549 seconds
[2023-11-15T09:28:52.998+0000][44784.156s][debug][safepoint     ] Safepoint synchronization initiated. (182 threads)
[2023-11-15T09:28:52.998+0000][44784.156s][info ][safepoint     ] Application time: 1.0001600 seconds
[2023-11-15T09:28:52.998+0000][44784.156s][info ][safepoint     ] Entering safepoint region: Cleanup
[2023-11-15T09:28:52.998+0000][44784.156s][info ][safepoint     ] Leaving safepoint region
[2023-11-15T09:28:52.998+0000][44784.156s][info ][safepoint     ] Total time for which application threads were stopped: 0.0005855 seconds, Stopping threads took: 0.0002765 seconds
[2023-11-15T09:28:53.998+0000][44785.156s][debug][safepoint     ] Safepoint synchronization initiated. (182 threads)
[2023-11-15T09:28:53.998+0000][44785.156s][info ][safepoint     ] Application time: 1.0001416 seconds
[2023-11-15T09:28:53.998+0000][44785.157s][info ][safepoint     ] Entering safepoint region: Cleanup
[2023-11-15T09:28:53.999+0000][44785.157s][info ][safepoint     ] Leaving safepoint region
[2023-11-15T09:28:53.999+0000][44785.157s][info ][safepoint     ] Total time for which application threads were stopped: 0.0003532 seconds, Stopping threads took: 0.0000549 seconds
[2023-11-15T09:28:54.999+0000][44786.157s][debug][safepoint     ] Safepoint synchronization initiated. (182 threads)
[2023-11-15T09:28:54.999+0000][44786.157s][info ][safepoint     ] Application time: 1.0001583 seconds
[2023-11-15T09:28:54.999+0000][44786.157s][info ][safepoint     ] Entering safepoint region: Cleanup
[2023-11-15T09:28:54.999+0000][44786.157s][info ][safepoint     ] Leaving safepoint region
[2023-11-15T09:28:54.999+0000][44786.157s][info ][safepoint     ] Total time for which application threads were stopped: 0.0003518 seconds, Stopping threads took: 0.0000541 seconds
[2023-11-15T09:28:55.999+0000][44787.158s][debug][safepoint     ] Safepoint synchronization initiated. (182 threads)
[2023-11-15T09:28:56.000+0000][44787.158s][info ][safepoint     ] Application time: 1.0002092 seconds
[2023-11-15T09:28:56.000+0000][44787.158s][info ][safepoint     ] Entering safepoint region: Cleanup
[2023-11-15T09:28:56.000+0000][44787.158s][info ][safepoint     ] Leaving safepoint region
[2023-11-15T09:28:56.000+0000][44787.158s][info ][safepoint     ] Total time for which application threads were stopped: 0.0002599 seconds, Stopping threads took: 0.0000562 seconds
[2023-11-15T09:28:57.000+0000][44788.158s][debug][safepoint     ] Safepoint synchronization initiated. (182 threads)
[2023-11-15T09:28:57.000+0000][44788.158s][info ][safepoint     ] Application time: 1.0004379 seconds
[2023-11-15T09:28:57.000+0000][44788.158s][info ][safepoint     ] Entering safepoint region: Cleanup
[2023-11-15T09:28:57.001+0000][44788.159s][info ][safepoint     ] Leaving safepoint region
[2023-11-15T09:28:57.001+0000][44788.159s][info ][safepoint     ] Total time for which application threads were stopped: 0.0004173 seconds, Stopping threads took: 0.0000543 seconds
[2023-11-15T09:28:58.001+0000][44789.159s][debug][safepoint     ] Safepoint synchronization initiated. (182 threads)
[2023-11-15T09:28:58.001+0000][44789.160s][info ][safepoint     ] Application time: 1.0007228 seconds
[2023-11-15T09:28:58.002+0000][44789.160s][info ][safepoint     ] Entering safepoint region: Cleanup
[2023-11-15T09:28:58.002+0000][44789.160s][info ][safepoint     ] Leaving safepoint region
[2023-11-15T09:28:58.002+0000][44789.160s][info ][safepoint     ] Total time for which application threads were stopped: 0.0002623 seconds, Stopping threads took: 0.0000470 seconds
[2023-11-15T09:28:59.002+0000][44790.160s][debug][safepoint     ] Safepoint synchronization initiated. (183 threads)
[2023-11-15T09:28:59.002+0000][44790.160s][info ][safepoint     ] Application time: 1.0001375 seconds
[2023-11-15T09:28:59.002+0000][44790.160s][info ][safepoint     ] Entering safepoint region: Cleanup
[2023-11-15T09:28:59.002+0000][44790.160s][info ][safepoint     ] Leaving safepoint region
[2023-11-15T09:28:59.002+0000][44790.160s][info ][safepoint     ] Total time for which application threads were stopped: 0.0004201 seconds, Stopping threads took: 0.0000558 seconds
[2023-11-15T09:29:00.002+0000][44791.161s][debug][safepoint     ] Safepoint synchronization initiated. (183 threads)
[2023-11-15T09:29:00.002+0000][44791.161s][info ][safepoint     ] Application time: 1.0001372 seconds
[2023-11-15T09:29:00.003+0000][44791.161s][info ][safepoint     ] Entering safepoint region: Cleanup
[2023-11-15T09:29:00.003+0000][44791.161s][info ][safepoint     ] Leaving safepoint region
[2023-11-15T09:29:00.003+0000][44791.161s][info ][safepoint     ] Total time for which application threads were stopped: 0.0002757 seconds, Stopping threads took: 0.0000546 seconds
[2023-11-15T09:29:01.003+0000][44792.161s][debug][safepoint     ] Safepoint synchronization initiated. (183 threads)
[2023-11-15T09:29:01.003+0000][44792.161s][info ][safepoint     ] Application time: 1.0001348 seconds
[2023-11-15T09:29:01.003+0000][44792.161s][info ][safepoint     ] Entering safepoint region: Cleanup
[2023-11-15T09:29:01.003+0000][44792.161s][info ][safepoint     ] Leaving safepoint region
[2023-11-15T09:29:01.003+0000][44792.161s][info ][safepoint     ] Total time for which application threads were stopped: 0.0002210 seconds, Stopping threads took: 0.0000615 seconds
[2023-11-15T09:29:02.003+0000][44793.161s][debug][safepoint     ] Safepoint synchronization initiated. (182 threads)
[2023-11-15T09:29:02.003+0000][44793.161s][info ][safepoint     ] Application time: 1.0001505 seconds
[2023-11-15T09:29:02.003+0000][44793.161s][info ][safepoint     ] Entering safepoint region: Cleanup
[2023-11-15T09:29:02.004+0000][44793.162s][info ][safepoint     ] Leaving safepoint region
[2023-11-15T09:29:02.004+0000][44793.162s][info ][safepoint     ] Total time for which application threads were stopped: 0.0002951 seconds, Stopping threads took: 0.0000573 seconds
[2023-11-15T09:29:03.004+0000][44794.162s][debug][safepoint     ] Safepoint synchronization initiated. (182 threads)
[2023-11-15T09:29:03.004+0000][44794.162s][info ][safepoint     ] Application time: 1.0001264 seconds
[2023-11-15T09:29:03.004+0000][44794.162s][info ][safepoint     ] Entering safepoint region: Cleanup
[2023-11-15T09:29:03.004+0000][44794.162s][info ][safepoint     ] Leaving safepoint region
[2023-11-15T09:29:03.004+0000][44794.162s][info ][safepoint     ] Total time for which application threads were stopped: 0.0004073 seconds, Stopping threads took: 0.0000478 seconds
[2023-11-15T09:29:04.004+0000][44795.162s][debug][safepoint     ] Safepoint synchronization initiated. (182 threads)
[2023-11-15T09:29:04.004+0000][44795.162s][info ][safepoint     ] Application time: 1.0001312 seconds
[2023-11-15T09:29:04.004+0000][44795.162s][info ][safepoint     ] Entering safepoint region: Cleanup
[2023-11-15T09:29:04.005+0000][44795.163s][info ][safepoint     ] Leaving safepoint region
[2023-11-15T09:29:04.005+0000][44795.163s][info ][safepoint     ] Total time for which application threads were stopped: 0.0001794 seconds, Stopping threads took: 0.0000387 seconds
[2023-11-15T09:29:05.005+0000][44796.163s][debug][safepoint     ] Safepoint synchronization initiated. (182 threads)
[2023-11-15T09:29:05.005+0000][44796.163s][info ][safepoint     ] Application time: 1.0000887 seconds
[2023-11-15T09:29:05.005+0000][44796.163s][info ][safepoint     ] Entering safepoint region: Cleanup
[2023-11-15T09:29:05.005+0000][44796.163s][info ][safepoint     ] Leaving safepoint region
[2023-11-15T09:29:05.005+0000][44796.163s][info ][safepoint     ] Total time for which application threads were stopped: 0.0002271 seconds, Stopping threads took: 0.0000383 seconds
[2023-11-15T09:29:06.005+0000][44797.163s][debug][safepoint     ] Safepoint synchronization initiated. (182 threads)
[2023-11-15T09:29:06.005+0000][44797.163s][info ][safepoint     ] Application time: 1.0001259 seconds
[2023-11-15T09:29:06.005+0000][44797.163s][info ][safepoint     ] Entering safepoint region: Cleanup
[2023-11-15T09:29:06.005+0000][44797.163s][info ][safepoint     ] Leaving safepoint region
[2023-11-15T09:29:06.005+0000][44797.163s][info ][safepoint     ] Total time for which application threads were stopped: 0.0001925 seconds, Stopping threads took: 0.0000371 seconds
[2023-11-15T09:29:07.005+0000][44798.163s][debug][safepoint     ] Safepoint synchronization initiated. (181 threads)
[2023-11-15T09:29:07.005+0000][44798.163s][info ][safepoint     ] Application time: 1.0001306 seconds
[2023-11-15T09:29:07.005+0000][44798.163s][info ][safepoint     ] Entering safepoint region: Cleanup
[2023-11-15T09:29:07.006+0000][44798.164s][info ][safepoint     ] Leaving safepoint region
[2023-11-15T09:29:07.006+0000][44798.164s][info ][safepoint     ] Total time for which application threads were stopped: 0.0003277 seconds, Stopping threads took: 0.0000443 seconds
[2023-11-15T09:29:08.006+0000][44799.164s][debug][safepoint     ] Safepoint synchronization initiated. (181 threads)
[2023-11-15T09:29:08.006+0000][44799.164s][info ][safepoint     ] Application time: 1.0002990 seconds
[2023-11-15T09:29:08.006+0000][44799.164s][info ][safepoint     ] Entering safepoint region: Cleanup
[2023-11-15T09:29:08.006+0000][44799.164s][info ][safepoint     ] Leaving safepoint region
[2023-11-15T09:29:08.006+0000][44799.164s][info ][safepoint     ] Total time for which application threads were stopped: 0.0001876 seconds, Stopping threads took: 0.0000400 seconds
[2023-11-15T09:29:09.006+0000][44800.164s][debug][safepoint     ] Safepoint synchronization initiated. (181 threads)
[2023-11-15T09:29:09.006+0000][44800.164s][info ][safepoint     ] Application time: 1.0001214 seconds
[2023-11-15T09:29:09.006+0000][44800.164s][info ][safepoint     ] Entering safepoint region: Cleanup
[2023-11-15T09:29:09.007+0000][44800.165s][info ][safepoint     ] Leaving safepoint region
[2023-11-15T09:29:09.007+0000][44800.165s][info ][safepoint     ] Total time for which application threads were stopped: 0.0001944 seconds, Stopping threads took: 0.0000403 seconds
[2023-11-15T09:29:10.007+0000][44801.165s][debug][safepoint     ] Safepoint synchronization initiated. (181 threads)
[2023-11-15T09:29:10.007+0000][44801.165s][info ][safepoint     ] Application time: 1.0001412 seconds
[2023-11-15T09:29:10.007+0000][44801.165s][info ][safepoint     ] Entering safepoint region: Cleanup
[2023-11-15T09:29:10.007+0000][44801.165s][info ][safepoint     ] Leaving safepoint region
[2023-11-15T09:29:10.007+0000][44801.165s][info ][safepoint     ] Total time for which application threads were stopped: 0.0002616 seconds, Stopping threads took: 0.0000419 seconds
[2023-11-15T09:29:11.007+0000][44802.165s][debug][safepoint     ] Safepoint synchronization initiated. (181 threads)
[2023-11-15T09:29:11.007+0000][44802.165s][info ][safepoint     ] Application time: 1.0001433 seconds
[2023-11-15T09:29:11.007+0000][44802.165s][info ][safepoint     ] Entering safepoint region: Cleanup
[2023-11-15T09:29:11.007+0000][44802.165s][info ][safepoint     ] Leaving safepoint region
[2023-11-15T09:29:11.007+0000][44802.165s][info ][safepoint     ] Total time for which application threads were stopped: 0.0002690 seconds, Stopping threads took: 0.0000392 seconds
[2023-11-15T09:29:12.007+0000][44803.166s][debug][safepoint     ] Safepoint synchronization initiated. (181 threads)
[2023-11-15T09:29:12.008+0000][44803.166s][info ][safepoint     ] Application time: 1.0001164 seconds
[2023-11-15T09:29:12.008+0000][44803.166s][info ][safepoint     ] Entering safepoint region: Cleanup
[2023-11-15T09:29:12.008+0000][44803.166s][info ][safepoint     ] Leaving safepoint region
[2023-11-15T09:29:12.008+0000][44803.166s][info ][safepoint     ] Total time for which application threads were stopped: 0.0003571 seconds, Stopping threads took: 0.0000482 seconds
[2023-11-15T09:29:13.008+0000][44804.166s][debug][safepoint     ] Safepoint synchronization initiated. (181 threads)
[2023-11-15T09:29:13.008+0000][44804.166s][info ][safepoint     ] Application time: 1.0001252 seconds
[2023-11-15T09:29:13.008+0000][44804.166s][info ][safepoint     ] Entering safepoint region: Cleanup
[2023-11-15T09:29:13.008+0000][44804.166s][info ][safepoint     ] Leaving safepoint region
[2023-11-15T09:29:13.008+0000][44804.166s][info ][safepoint     ] Total time for which application threads were stopped: 0.0003199 seconds, Stopping threads took: 0.0001187 seconds
[2023-11-15T09:29:14.008+0000][44805.167s][debug][safepoint     ] Safepoint synchronization initiated. (181 threads)
[2023-11-15T09:29:14.008+0000][44805.167s][info ][safepoint     ] Application time: 1.0001175 seconds
[2023-11-15T09:29:14.009+0000][44805.167s][info ][safepoint     ] Entering safepoint region: Cleanup
[2023-11-15T09:29:14.009+0000][44805.167s][info ][safepoint     ] Leaving safepoint region
[2023-11-15T09:29:14.009+0000][44805.167s][info ][safepoint     ] Total time for which application threads were stopped: 0.0001837 seconds, Stopping threads took: 0.0000416 seconds
[2023-11-15T09:29:15.009+0000][44806.167s][debug][safepoint     ] Safepoint synchronization initiated. (181 threads)
[2023-11-15T09:29:15.009+0000][44806.167s][info ][safepoint     ] Application time: 1.0001153 seconds
[2023-11-15T09:29:15.009+0000][44806.167s][info ][safepoint     ] Entering safepoint region: Cleanup
[2023-11-15T09:29:15.009+0000][44806.167s][info ][safepoint     ] Leaving safepoint region
[2023-11-15T09:29:15.009+0000][44806.167s][info ][safepoint     ] Total time for which application threads were stopped: 0.0001747 seconds, Stopping threads took: 0.0000415 seconds
[2023-11-15T09:29:16.009+0000][44807.167s][debug][safepoint     ] Safepoint synchronization initiated. (181 threads)
[2023-11-15T09:29:16.009+0000][44807.167s][info ][safepoint     ] Application time: 1.0001240 seconds
[2023-11-15T09:29:16.009+0000][44807.167s][info ][safepoint     ] Entering safepoint region: Cleanup
[2023-11-15T09:29:16.009+0000][44807.167s][info ][safepoint     ] Leaving safepoint region
[2023-11-15T09:29:16.009+0000][44807.167s][info ][safepoint     ] Total time for which application threads were stopped: 0.0002597 seconds, Stopping threads took: 0.0000458 seconds
[2023-11-15T09:29:17.009+0000][44808.168s][debug][safepoint     ] Safepoint synchronization initiated. (181 threads)
[2023-11-15T09:29:17.010+0000][44808.168s][info ][safepoint     ] Application time: 1.0001312 seconds
[2023-11-15T09:29:17.010+0000][44808.168s][info ][safepoint     ] Entering safepoint region: Cleanup
[2023-11-15T09:29:17.010+0000][44808.168s][info ][safepoint     ] Leaving safepoint region
[2023-11-15T09:29:17.010+0000][44808.168s][info ][safepoint     ] Total time for which application threads were stopped: 0.0002374 seconds, Stopping threads took: 0.0000423 seconds
[2023-11-15T09:29:18.010+0000][44809.168s][debug][safepoint     ] Safepoint synchronization initiated. (181 threads)
[2023-11-15T09:29:18.010+0000][44809.168s][info ][safepoint     ] Application time: 1.0001162 seconds
[2023-11-15T09:29:18.010+0000][44809.168s][info ][safepoint     ] Entering safepoint region: Cleanup
[2023-11-15T09:29:18.010+0000][44809.168s][info ][safepoint     ] Leaving safepoint region
[2023-11-15T09:29:18.010+0000][44809.168s][info ][safepoint     ] Total time for which application threads were stopped: 0.0003545 seconds, Stopping threads took: 0.0001893 seconds
[2023-11-15T09:29:19.010+0000][44810.168s][debug][safepoint     ] Safepoint synchronization initiated. (181 threads)
[2023-11-15T09:29:19.010+0000][44810.168s][info ][safepoint     ] Application time: 1.0001397 seconds
[2023-11-15T09:29:19.010+0000][44810.169s][info ][safepoint     ] Entering safepoint region: Cleanup
[2023-11-15T09:29:19.011+0000][44810.169s][info ][safepoint     ] Leaving safepoint region
[2023-11-15T09:29:19.011+0000][44810.169s][info ][safepoint     ] Total time for which application threads were stopped: 0.0002247 seconds, Stopping threads took: 0.0000390 seconds
[2023-11-15T09:29:20.011+0000][44811.169s][debug][safepoint     ] Safepoint synchronization initiated. (181 threads)
[2023-11-15T09:29:20.011+0000][44811.169s][info ][safepoint     ] Application time: 1.0001100 seconds
[2023-11-15T09:29:20.011+0000][44811.169s][info ][safepoint     ] Entering safepoint region: Cleanup
[2023-11-15T09:29:20.011+0000][44811.169s][info ][safepoint     ] Leaving safepoint region
[2023-11-15T09:29:20.011+0000][44811.169s][info ][safepoint     ] Total time for which application threads were stopped: 0.0002217 seconds, Stopping threads took: 0.0000389 seconds
[2023-11-15T09:29:21.011+0000][44812.169s][debug][safepoint     ] Safepoint synchronization initiated. (181 threads)
[2023-11-15T09:29:21.011+0000][44812.169s][info ][safepoint     ] Application time: 1.0001057 seconds
[2023-11-15T09:29:21.011+0000][44812.169s][info ][safepoint     ] Entering safepoint region: Cleanup
[2023-11-15T09:29:21.011+0000][44812.169s][info ][safepoint     ] Leaving safepoint region
[2023-11-15T09:29:21.011+0000][44812.169s][info ][safepoint     ] Total time for which application threads were stopped: 0.0001831 seconds, Stopping threads took: 0.0000387 seconds
[2023-11-15T09:29:22.011+0000][44813.169s][debug][safepoint     ] Safepoint synchronization initiated. (181 threads)
[2023-11-15T09:29:22.011+0000][44813.170s][info ][safepoint     ] Application time: 1.0001443 seconds
[2023-11-15T09:29:22.012+0000][44813.170s][info ][safepoint     ] Entering safepoint region: Cleanup
[2023-11-15T09:29:22.012+0000][44813.170s][info ][safepoint     ] Leaving safepoint region
[2023-11-15T09:29:22.012+0000][44813.170s][info ][safepoint     ] Total time for which application threads were stopped: 0.0002705 seconds, Stopping threads took: 0.0000495 seconds
[2023-11-15T09:29:23.012+0000][44814.170s][debug][safepoint     ] Safepoint synchronization initiated. (181 threads)
[2023-11-15T09:29:23.012+0000][44814.170s][info ][safepoint     ] Application time: 1.0001252 seconds
[2023-11-15T09:29:23.012+0000][44814.170s][info ][safepoint     ] Entering safepoint region: Cleanup
[2023-11-15T09:29:23.012+0000][44814.170s][info ][safepoint     ] Leaving safepoint region
[2023-11-15T09:29:23.012+0000][44814.170s][info ][safepoint     ] Total time for which application threads were stopped: 0.0002148 seconds, Stopping threads took: 0.0000430 seconds
[2023-11-15T09:29:24.012+0000][44815.170s][debug][safepoint     ] Safepoint synchronization initiated. (180 threads)
[2023-11-15T09:29:24.012+0000][44815.170s][info ][safepoint     ] Application time: 1.0001196 seconds
[2023-11-15T09:29:24.012+0000][44815.170s][info ][safepoint     ] Entering safepoint region: Cleanup
[2023-11-15T09:29:24.012+0000][44815.171s][info ][safepoint     ] Leaving safepoint region
[2023-11-15T09:29:24.012+0000][44815.171s][info ][safepoint     ] Total time for which application threads were stopped: 0.0001974 seconds, Stopping threads took: 0.0000393 seconds
[2023-11-15T09:29:25.013+0000][44816.171s][debug][safepoint     ] Safepoint synchronization initiated. (180 threads)
[2023-11-15T09:29:25.013+0000][44816.171s][info ][safepoint     ] Application time: 1.0001194 seconds
[2023-11-15T09:29:25.013+0000][44816.171s][info ][safepoint     ] Entering safepoint region: Cleanup
[2023-11-15T09:29:25.013+0000][44816.171s][info ][safepoint     ] Leaving safepoint region
[2023-11-15T09:29:25.013+0000][44816.171s][info ][safepoint     ] Total time for which application threads were stopped: 0.0002239 seconds, Stopping threads took: 0.0000522 seconds
[2023-11-15T09:29:26.013+0000][44817.171s][debug][safepoint     ] Safepoint synchronization initiated. (180 threads)
[2023-11-15T09:29:26.013+0000][44817.171s][info ][safepoint     ] Application time: 1.0001361 seconds
[2023-11-15T09:29:26.013+0000][44817.171s][info ][safepoint     ] Entering safepoint region: Cleanup
[2023-11-15T09:29:26.013+0000][44817.171s][info ][safepoint     ] Leaving safepoint region
[2023-11-15T09:29:26.013+0000][44817.171s][info ][safepoint     ] Total time for which application threads were stopped: 0.0001755 seconds, Stopping threads took: 0.0000384 seconds
[2023-11-15T09:29:27.013+0000][44818.171s][debug][safepoint     ] Safepoint synchronization initiated. (180 threads)
[2023-11-15T09:29:27.013+0000][44818.171s][info ][safepoint     ] Application time: 1.0001434 seconds
[2023-11-15T09:29:27.013+0000][44818.171s][debug][safepoint     ] ... found polling page return exception at pc = 0x00007fe18100bcfb, stub =0x00007fe17883a800
[2023-11-15T09:29:27.013+0000][44818.171s][debug][safepoint     ] Waiting for 1 thread(s) to block
[2023-11-15T09:29:27.013+0000][44818.171s][info ][safepoint     ] Entering safepoint region: Cleanup
[2023-11-15T09:29:27.014+0000][44818.172s][info ][safepoint     ] Leaving safepoint region
[2023-11-15T09:29:27.014+0000][44818.172s][info ][safepoint     ] Total time for which application threads were stopped: 0.0002803 seconds, Stopping threads took: 0.0001323 seconds
[2023-11-15T09:29:28.014+0000][44819.172s][debug][safepoint     ] Safepoint synchronization initiated. (180 threads)
[2023-11-15T09:29:28.014+0000][44819.172s][info ][safepoint     ] Application time: 1.0001391 seconds
[2023-11-15T09:29:28.014+0000][44819.172s][info ][safepoint     ] Entering safepoint region: Cleanup
[2023-11-15T09:29:28.014+0000][44819.172s][info ][safepoint     ] Leaving safepoint region
[2023-11-15T09:29:28.014+0000][44819.172s][info ][safepoint     ] Total time for which application threads were stopped: 0.0002151 seconds, Stopping threads took: 0.0000439 seconds
[2023-11-15T09:29:29.014+0000][44820.172s][debug][safepoint     ] Safepoint synchronization initiated. (180 threads)
[2023-11-15T09:29:29.014+0000][44820.172s][info ][safepoint     ] Application time: 1.0001145 seconds
[2023-11-15T09:29:29.014+0000][44820.172s][info ][safepoint     ] Entering safepoint region: Cleanup
[2023-11-15T09:29:29.014+0000][44820.172s][info ][safepoint     ] Leaving safepoint region
[2023-11-15T09:29:29.014+0000][44820.172s][info ][safepoint     ] Total time for which application threads were stopped: 0.0002498 seconds, Stopping threads took: 0.0000414 seconds
[2023-11-15T09:29:30.014+0000][44821.173s][debug][safepoint     ] Safepoint synchronization initiated. (180 threads)
[2023-11-15T09:29:30.015+0000][44821.173s][info ][safepoint     ] Application time: 1.0001465 seconds
[2023-11-15T09:29:30.015+0000][44821.173s][info ][safepoint     ] Entering safepoint region: Cleanup
[2023-11-15T09:29:30.015+0000][44821.173s][info ][safepoint     ] Leaving safepoint region
[2023-11-15T09:29:30.015+0000][44821.173s][info ][safepoint     ] Total time for which application threads were stopped: 0.0002285 seconds, Stopping threads took: 0.0000425 seconds
[2023-11-15T09:29:31.015+0000][44822.173s][debug][safepoint     ] Safepoint synchronization initiated. (180 threads)
[2023-11-15T09:29:31.015+0000][44822.173s][info ][safepoint     ] Application time: 1.0001255 seconds
[2023-11-15T09:29:31.015+0000][44822.173s][info ][safepoint     ] Entering safepoint region: Cleanup
[2023-11-15T09:29:31.015+0000][44822.173s][info ][safepoint     ] Leaving safepoint region
[2023-11-15T09:29:31.015+0000][44822.173s][info ][safepoint     ] Total time for which application threads were stopped: 0.0001984 seconds, Stopping threads took: 0.0000386 seconds
[2023-11-15T09:29:32.015+0000][44823.173s][debug][safepoint     ] Safepoint synchronization initiated. (180 threads)
[2023-11-15T09:29:32.015+0000][44823.173s][info ][safepoint     ] Application time: 1.0001192 seconds
[2023-11-15T09:29:32.015+0000][44823.173s][info ][safepoint     ] Entering safepoint region: Cleanup
[2023-11-15T09:29:32.015+0000][44823.174s][info ][safepoint     ] Leaving safepoint region
[2023-11-15T09:29:32.015+0000][44823.174s][info ][safepoint     ] Total time for which application threads were stopped: 0.0002153 seconds, Stopping threads took: 0.0000489 seconds
[2023-11-15T09:29:33.016+0000][44824.174s][debug][safepoint     ] Safepoint synchronization initiated. (180 threads)
[2023-11-15T09:29:33.016+0000][44824.174s][info ][safepoint     ] Application time: 1.0001372 seconds
[2023-11-15T09:29:33.016+0000][44824.174s][info ][safepoint     ] Entering safepoint region: Cleanup
[2023-11-15T09:29:33.016+0000][44824.174s][info ][safepoint     ] Leaving safepoint region
[2023-11-15T09:29:33.016+0000][44824.174s][info ][safepoint     ] Total time for which application threads were stopped: 0.0002317 seconds, Stopping threads took: 0.0000396 seconds
[2023-11-15T09:29:34.016+0000][44825.174s][debug][safepoint     ] Safepoint synchronization initiated. (180 threads)
[2023-11-15T09:29:34.016+0000][44825.174s][info ][safepoint     ] Application time: 1.0001269 seconds
[2023-11-15T09:29:34.016+0000][44825.174s][debug][safepoint     ] ... found polling page return exception at pc = 0x00007fe180ff3bd1, stub =0x00007fe17883a800
[2023-11-15T09:29:34.016+0000][44825.174s][debug][safepoint     ] Waiting for 1 thread(s) to block
[2023-11-15T09:29:34.016+0000][44825.174s][info ][safepoint     ] Entering safepoint region: Cleanup
[2023-11-15T09:29:34.016+0000][44825.174s][info ][safepoint     ] Leaving safepoint region
[2023-11-15T09:29:34.016+0000][44825.174s][debug][safepoint     ] ... found polling page return exception at pc = 0x00007fe180ff1766, stub =0x00007fe17883a800
[2023-11-15T09:29:34.016+0000][44825.174s][info ][safepoint     ] Total time for which application threads were stopped: 0.0002936 seconds, Stopping threads took: 0.0001047 seconds
[2023-11-15T09:29:35.016+0000][44826.174s][debug][safepoint     ] Safepoint synchronization initiated. (180 threads)
[2023-11-15T09:29:35.016+0000][44826.175s][info ][safepoint     ] Application time: 1.0001438 seconds
[2023-11-15T09:29:35.017+0000][44826.175s][info ][safepoint     ] Entering safepoint region: Cleanup
[2023-11-15T09:29:35.017+0000][44826.175s][info ][safepoint     ] Leaving safepoint region
[2023-11-15T09:29:35.017+0000][44826.175s][info ][safepoint     ] Total time for which application threads were stopped: 0.0001931 seconds, Stopping threads took: 0.0000406 seconds
[2023-11-15T09:29:36.017+0000][44827.175s][debug][safepoint     ] Safepoint synchronization initiated. (180 threads)
[2023-11-15T09:29:36.017+0000][44827.175s][info ][safepoint     ] Application time: 1.0001129 seconds
[2023-11-15T09:29:36.017+0000][44827.175s][info ][safepoint     ] Entering safepoint region: Cleanup
[2023-11-15T09:29:36.017+0000][44827.175s][info ][safepoint     ] Leaving safepoint region
[2023-11-15T09:29:36.017+0000][44827.175s][info ][safepoint     ] Total time for which application threads were stopped: 0.0002211 seconds, Stopping threads took: 0.0000389 seconds
[2023-11-15T09:29:37.017+0000][44828.175s][debug][safepoint     ] Safepoint synchronization initiated. (180 threads)
[2023-11-15T09:29:37.017+0000][44828.175s][info ][safepoint     ] Application time: 1.0001341 seconds
[2023-11-15T09:29:37.017+0000][44828.175s][info ][safepoint     ] Entering safepoint region: Cleanup
[2023-11-15T09:29:37.017+0000][44828.175s][info ][safepoint     ] Leaving safepoint region
[2023-11-15T09:29:37.017+0000][44828.175s][info ][safepoint     ] Total time for which application threads were stopped: 0.0002124 seconds, Stopping threads took: 0.0000379 seconds
[2023-11-15T09:29:38.017+0000][44829.176s][debug][safepoint     ] Safepoint synchronization initiated. (180 threads)
[2023-11-15T09:29:38.018+0000][44829.176s][info ][safepoint     ] Application time: 1.0001597 seconds
[2023-11-15T09:29:38.018+0000][44829.176s][info ][safepoint     ] Entering safepoint region: Cleanup
[2023-11-15T09:29:38.018+0000][44829.176s][info ][safepoint     ] Leaving safepoint region
[2023-11-15T09:29:38.018+0000][44829.176s][info ][safepoint     ] Total time for which application threads were stopped: 0.0001998 seconds, Stopping threads took: 0.0000387 seconds
[2023-11-15T09:29:39.018+0000][44830.176s][debug][safepoint     ] Safepoint synchronization initiated. (180 threads)
[2023-11-15T09:29:39.018+0000][44830.176s][info ][safepoint     ] Application time: 1.0001104 seconds
[2023-11-15T09:29:39.018+0000][44830.176s][info ][safepoint     ] Entering safepoint region: Cleanup
[2023-11-15T09:29:39.018+0000][44830.176s][info ][safepoint     ] Leaving safepoint region
[2023-11-15T09:29:39.018+0000][44830.176s][info ][safepoint     ] Total time for which application threads were stopped: 0.0002102 seconds, Stopping threads took: 0.0000359 seconds
[2023-11-15T09:29:40.018+0000][44831.176s][debug][safepoint     ] Safepoint synchronization initiated. (180 threads)
[2023-11-15T09:29:40.018+0000][44831.176s][info ][safepoint     ] Application time: 1.0001242 seconds
[2023-11-15T09:29:40.018+0000][44831.176s][info ][safepoint     ] Entering safepoint region: Cleanup
[2023-11-15T09:29:40.018+0000][44831.177s][info ][safepoint     ] Leaving safepoint region
[2023-11-15T09:29:40.018+0000][44831.177s][info ][safepoint     ] Total time for which application threads were stopped: 0.0002179 seconds, Stopping threads took: 0.0000394 seconds
[2023-11-15T09:29:41.019+0000][44832.177s][debug][safepoint     ] Safepoint synchronization initiated. (180 threads)
[2023-11-15T09:29:41.019+0000][44832.177s][info ][safepoint     ] Application time: 1.0001364 seconds
[2023-11-15T09:29:41.019+0000][44832.177s][info ][safepoint     ] Entering safepoint region: Cleanup
[2023-11-15T09:29:41.019+0000][44832.177s][info ][safepoint     ] Leaving safepoint region
[2023-11-15T09:29:41.019+0000][44832.177s][info ][safepoint     ] Total time for which application threads were stopped: 0.0002587 seconds, Stopping threads took: 0.0000481 seconds
[2023-11-15T09:29:42.019+0000][44833.177s][debug][safepoint     ] Safepoint synchronization initiated. (180 threads)
[2023-11-15T09:29:42.019+0000][44833.177s][info ][safepoint     ] Application time: 1.0001201 seconds
[2023-11-15T09:29:42.019+0000][44833.177s][info ][safepoint     ] Entering safepoint region: Cleanup
[2023-11-15T09:29:42.019+0000][44833.177s][info ][safepoint     ] Leaving safepoint region
[2023-11-15T09:29:42.019+0000][44833.177s][info ][safepoint     ] Total time for which application threads were stopped: 0.0002351 seconds, Stopping threads took: 0.0000410 seconds
[2023-11-15T09:29:43.019+0000][44834.177s][debug][safepoint     ] Safepoint synchronization initiated. (180 threads)
[2023-11-15T09:29:43.019+0000][44834.177s][info ][safepoint     ] Application time: 1.0001100 seconds
[2023-11-15T09:29:43.019+0000][44834.177s][info ][safepoint     ] Entering safepoint region: Cleanup
[2023-11-15T09:29:43.020+0000][44834.178s][info ][safepoint     ] Leaving safepoint region
[2023-11-15T09:29:43.020+0000][44834.178s][info ][safepoint     ] Total time for which application threads were stopped: 0.0001848 seconds, Stopping threads took: 0.0000399 seconds
[2023-11-15T09:29:44.020+0000][44835.178s][debug][safepoint     ] Safepoint synchronization initiated. (180 threads)
[2023-11-15T09:29:44.020+0000][44835.178s][info ][safepoint     ] Application time: 1.0001070 seconds
[2023-11-15T09:29:44.020+0000][44835.178s][info ][safepoint     ] Entering safepoint region: Cleanup
[2023-11-15T09:29:44.020+0000][44835.178s][info ][safepoint     ] Leaving safepoint region
[2023-11-15T09:29:44.020+0000][44835.178s][info ][safepoint     ] Total time for which application threads were stopped: 0.0001783 seconds, Stopping threads took: 0.0000393 seconds
[2023-11-15T09:29:45.020+0000][44836.178s][debug][safepoint     ] Safepoint synchronization initiated. (180 threads)
[2023-11-15T09:29:45.020+0000][44836.178s][info ][safepoint     ] Application time: 1.0001429 seconds
[2023-11-15T09:29:45.020+0000][44836.178s][info ][safepoint     ] Entering safepoint region: Cleanup
[2023-11-15T09:29:45.020+0000][44836.178s][info ][safepoint     ] Leaving safepoint region
[2023-11-15T09:29:45.020+0000][44836.178s][info ][safepoint     ] Total time for which application threads were stopped: 0.0001844 seconds, Stopping threads took: 0.0000420 seconds
[2023-11-15T09:29:46.020+0000][44837.178s][debug][safepoint     ] Safepoint synchronization initiated. (180 threads)
[2023-11-15T09:29:46.020+0000][44837.178s][info ][safepoint     ] Application time: 1.0001150 seconds
[2023-11-15T09:29:46.020+0000][44837.178s][info ][safepoint     ] Entering safepoint region: Cleanup
[2023-11-15T09:29:46.021+0000][44837.179s][info ][safepoint     ] Leaving safepoint region
[2023-11-15T09:29:46.021+0000][44837.179s][info ][safepoint     ] Total time for which application threads were stopped: 0.0001794 seconds, Stopping threads took: 0.0000397 seconds
[2023-11-15T09:29:47.021+0000][44838.179s][debug][safepoint     ] Safepoint synchronization initiated. (180 threads)
[2023-11-15T09:29:47.021+0000][44838.179s][info ][safepoint     ] Application time: 1.0001188 seconds
[2023-11-15T09:29:47.021+0000][44838.179s][info ][safepoint     ] Entering safepoint region: Cleanup
[2023-11-15T09:29:47.021+0000][44838.179s][info ][safepoint     ] Leaving safepoint region
[2023-11-15T09:29:47.021+0000][44838.179s][info ][safepoint     ] Total time for which application threads were stopped: 0.0002051 seconds, Stopping threads took: 0.0000437 seconds
[2023-11-15T09:29:48.021+0000][44839.179s][debug][safepoint     ] Safepoint synchronization initiated. (180 threads)
[2023-11-15T09:29:48.021+0000][44839.179s][info ][safepoint     ] Application time: 1.0001125 seconds
[2023-11-15T09:29:48.021+0000][44839.179s][info ][safepoint     ] Entering safepoint region: Cleanup
[2023-11-15T09:29:48.021+0000][44839.179s][info ][safepoint     ] Leaving safepoint region
[2023-11-15T09:29:48.021+0000][44839.179s][info ][safepoint     ] Total time for which application threads were stopped: 0.0004004 seconds, Stopping threads took: 0.0002300 seconds
[2023-11-15T09:29:49.022+0000][44840.180s][debug][safepoint     ] Safepoint synchronization initiated. (180 threads)
[2023-11-15T09:29:49.022+0000][44840.180s][info ][safepoint     ] Application time: 1.0001352 seconds
[2023-11-15T09:29:49.022+0000][44840.180s][info ][safepoint     ] Entering safepoint region: Cleanup
[2023-11-15T09:29:49.022+0000][44840.180s][info ][safepoint     ] Leaving safepoint region
[2023-11-15T09:29:49.022+0000][44840.180s][info ][safepoint     ] Total time for which application threads were stopped: 0.0002434 seconds, Stopping threads took: 0.0000399 seconds
[2023-11-15T09:29:50.022+0000][44841.180s][debug][safepoint     ] Safepoint synchronization initiated. (180 threads)
[2023-11-15T09:29:50.022+0000][44841.180s][info ][safepoint     ] Application time: 1.0001377 seconds
[2023-11-15T09:29:50.022+0000][44841.180s][info ][safepoint     ] Entering safepoint region: Cleanup
[2023-11-15T09:29:50.022+0000][44841.180s][info ][safepoint     ] Leaving safepoint region
[2023-11-15T09:29:50.022+0000][44841.180s][info ][safepoint     ] Total time for which application threads were stopped: 0.0001922 seconds, Stopping threads took: 0.0000394 seconds
[2023-11-15T09:29:51.022+0000][44842.180s][debug][safepoint     ] Safepoint synchronization initiated. (180 threads)
[2023-11-15T09:29:51.022+0000][44842.180s][info ][safepoint     ] Application time: 1.0001320 seconds
[2023-11-15T09:29:51.022+0000][44842.180s][info ][safepoint     ] Entering safepoint region: Cleanup
[2023-11-15T09:29:51.022+0000][44842.181s][info ][safepoint     ] Leaving safepoint region
[2023-11-15T09:29:51.023+0000][44842.181s][info ][safepoint     ] Total time for which application threads were stopped: 0.0001788 seconds, Stopping threads took: 0.0000387 seconds
[2023-11-15T09:29:52.023+0000][44843.181s][debug][safepoint     ] Safepoint synchronization initiated. (180 threads)
[2023-11-15T09:29:52.023+0000][44843.181s][info ][safepoint     ] Application time: 1.0001472 seconds
[2023-11-15T09:29:52.023+0000][44843.181s][info ][safepoint     ] Entering safepoint region: Cleanup
[2023-11-15T09:29:52.023+0000][44843.181s][info ][safepoint     ] Leaving safepoint region
[2023-11-15T09:29:52.023+0000][44843.181s][info ][safepoint     ] Total time for which application threads were stopped: 0.0001950 seconds, Stopping threads took: 0.0000372 seconds
[2023-11-15T09:29:53.023+0000][44844.181s][debug][safepoint     ] Safepoint synchronization initiated. (180 threads)
[2023-11-15T09:29:53.023+0000][44844.181s][info ][safepoint     ] Application time: 1.0004638 seconds
[2023-11-15T09:29:53.023+0000][44844.181s][info ][safepoint     ] Entering safepoint region: Cleanup
[2023-11-15T09:29:53.024+0000][44844.182s][info ][safepoint     ] Leaving safepoint region
[2023-11-15T09:29:53.024+0000][44844.182s][info ][safepoint     ] Total time for which application threads were stopped: 0.0002490 seconds, Stopping threads took: 0.0000450 seconds
[2023-11-15T09:29:54.024+0000][44845.182s][debug][safepoint     ] Safepoint synchronization initiated. (180 threads)
[2023-11-15T09:29:54.024+0000][44845.182s][info ][safepoint     ] Application time: 1.0001279 seconds
[2023-11-15T09:29:54.024+0000][44845.182s][info ][safepoint     ] Entering safepoint region: Cleanup
[2023-11-15T09:29:54.024+0000][44845.182s][info ][safepoint     ] Leaving safepoint region
[2023-11-15T09:29:54.024+0000][44845.182s][info ][safepoint     ] Total time for which application threads were stopped: 0.0001960 seconds, Stopping threads took: 0.0000377 seconds
[2023-11-15T09:29:55.024+0000][44846.182s][debug][safepoint     ] Safepoint synchronization initiated. (180 threads)
[2023-11-15T09:29:55.024+0000][44846.182s][info ][safepoint     ] Application time: 1.0001345 seconds
[2023-11-15T09:29:55.024+0000][44846.182s][info ][safepoint     ] Entering safepoint region: Cleanup
[2023-11-15T09:29:55.024+0000][44846.182s][info ][safepoint     ] Leaving safepoint region
[2023-11-15T09:29:55.024+0000][44846.182s][info ][safepoint     ] Total time for which application threads were stopped: 0.0001923 seconds, Stopping threads took: 0.0000445 seconds
[2023-11-15T09:29:56.024+0000][44847.182s][debug][safepoint     ] Safepoint synchronization initiated. (180 threads)
[2023-11-15T09:29:56.024+0000][44847.182s][info ][safepoint     ] Application time: 1.0001189 seconds
[2023-11-15T09:29:56.024+0000][44847.183s][info ][safepoint     ] Entering safepoint region: Cleanup
[2023-11-15T09:29:56.025+0000][44847.183s][info ][safepoint     ] Leaving safepoint region
[2023-11-15T09:29:56.025+0000][44847.183s][info ][safepoint     ] Total time for which application threads were stopped: 0.0001696 seconds, Stopping threads took: 0.0000374 seconds
[2023-11-15T09:29:57.025+0000][44848.183s][debug][safepoint     ] Safepoint synchronization initiated. (180 threads)
[2023-11-15T09:29:57.025+0000][44848.183s][info ][safepoint     ] Application time: 1.0001481 seconds
[2023-11-15T09:29:57.025+0000][44848.183s][info ][safepoint     ] Entering safepoint region: Cleanup
[2023-11-15T09:29:57.025+0000][44848.183s][info ][safepoint     ] Leaving safepoint region
[2023-11-15T09:29:57.025+0000][44848.183s][info ][safepoint     ] Total time for which application threads were stopped: 0.0001848 seconds, Stopping threads took: 0.0000376 seconds
[2023-11-15T09:29:58.025+0000][44849.183s][debug][safepoint     ] Safepoint synchronization initiated. (180 threads)
[2023-11-15T09:29:58.025+0000][44849.183s][info ][safepoint     ] Application time: 1.0001548 seconds
[2023-11-15T09:29:58.025+0000][44849.183s][info ][safepoint     ] Entering safepoint region: Cleanup
[2023-11-15T09:29:58.025+0000][44849.183s][info ][safepoint     ] Leaving safepoint region
[2023-11-15T09:29:58.025+0000][44849.183s][info ][safepoint     ] Total time for which application threads were stopped: 0.0001795 seconds, Stopping threads took: 0.0000411 seconds
[2023-11-15T09:29:59.025+0000][44850.183s][debug][safepoint     ] Safepoint synchronization initiated. (180 threads)
[2023-11-15T09:29:59.025+0000][44850.184s][info ][safepoint     ] Application time: 1.0001082 seconds
[2023-11-15T09:29:59.025+0000][44850.184s][info ][safepoint     ] Entering safepoint region: Cleanup
[2023-11-15T09:29:59.026+0000][44850.184s][info ][safepoint     ] Leaving safepoint region
[2023-11-15T09:29:59.026+0000][44850.184s][info ][safepoint     ] Total time for which application threads were stopped: 0.0002269 seconds, Stopping threads took: 0.0000374 seconds
[2023-11-15T09:30:00.026+0000][44851.184s][debug][safepoint     ] Safepoint synchronization initiated. (180 threads)
[2023-11-15T09:30:00.026+0000][44851.184s][info ][safepoint     ] Application time: 1.0001373 seconds
[2023-11-15T09:30:00.026+0000][44851.184s][info ][safepoint     ] Entering safepoint region: Cleanup
[2023-11-15T09:30:00.026+0000][44851.184s][info ][safepoint     ] Leaving safepoint region
[2023-11-15T09:30:00.026+0000][44851.184s][info ][safepoint     ] Total time for which application threads were stopped: 0.0001650 seconds, Stopping threads took: 0.0000386 seconds
[2023-11-15T09:30:01.026+0000][44852.184s][debug][safepoint     ] Safepoint synchronization initiated. (180 threads)
[2023-11-15T09:30:01.026+0000][44852.184s][info ][safepoint     ] Application time: 1.0001244 seconds
[2023-11-15T09:30:01.026+0000][44852.184s][info ][safepoint     ] Entering safepoint region: Cleanup
[2023-11-15T09:30:01.026+0000][44852.184s][info ][safepoint     ] Leaving safepoint region
[2023-11-15T09:30:01.026+0000][44852.184s][info ][safepoint     ] Total time for which application threads were stopped: 0.0002160 seconds, Stopping threads took: 0.0000399 seconds
[2023-11-15T09:30:02.026+0000][44853.185s][debug][safepoint     ] Safepoint synchronization initiated. (180 threads)
[2023-11-15T09:30:02.027+0000][44853.185s][info ][safepoint     ] Application time: 1.0001518 seconds
[2023-11-15T09:30:02.027+0000][44853.185s][info ][safepoint     ] Entering safepoint region: Cleanup
[2023-11-15T09:30:02.027+0000][44853.185s][info ][safepoint     ] Leaving safepoint region
[2023-11-15T09:30:02.027+0000][44853.185s][info ][safepoint     ] Total time for which application threads were stopped: 0.0002649 seconds, Stopping threads took: 0.0000434 seconds
[2023-11-15T09:30:03.027+0000][44854.185s][debug][safepoint     ] Safepoint synchronization initiated. (180 threads)
[2023-11-15T09:30:03.027+0000][44854.185s][info ][safepoint     ] Application time: 1.0001453 seconds
[2023-11-15T09:30:03.027+0000][44854.185s][info ][safepoint     ] Entering safepoint region: Cleanup
[2023-11-15T09:30:03.027+0000][44854.185s][info ][safepoint     ] Leaving safepoint region
[2023-11-15T09:30:03.027+0000][44854.185s][info ][safepoint     ] Total time for which application threads were stopped: 0.0001821 seconds, Stopping threads took: 0.0000395 seconds
[2023-11-15T09:30:04.027+0000][44855.185s][debug][safepoint     ] Safepoint synchronization initiated. (180 threads)
[2023-11-15T09:30:04.027+0000][44855.185s][info ][safepoint     ] Application time: 1.0001428 seconds
[2023-11-15T09:30:04.027+0000][44855.185s][info ][safepoint     ] Entering safepoint region: Cleanup
[2023-11-15T09:30:04.028+0000][44855.186s][info ][safepoint     ] Leaving safepoint region
[2023-11-15T09:30:04.028+0000][44855.186s][info ][safepoint     ] Total time for which application threads were stopped: 0.0002005 seconds, Stopping threads took: 0.0000362 seconds
[2023-11-15T09:30:05.028+0000][44856.186s][debug][safepoint     ] Safepoint synchronization initiated. (180 threads)
[2023-11-15T09:30:05.028+0000][44856.186s][info ][safepoint     ] Application time: 1.0001395 seconds
[2023-11-15T09:30:05.028+0000][44856.186s][info ][safepoint     ] Entering safepoint region: Cleanup
[2023-11-15T09:30:05.028+0000][44856.186s][info ][safepoint     ] Leaving safepoint region
[2023-11-15T09:30:05.028+0000][44856.186s][info ][safepoint     ] Total time for which application threads were stopped: 0.0002107 seconds, Stopping threads took: 0.0000371 seconds
[2023-11-15T09:30:06.028+0000][44857.186s][debug][safepoint     ] Safepoint synchronization initiated. (180 threads)
[2023-11-15T09:30:06.028+0000][44857.186s][info ][safepoint     ] Application time: 1.0001584 seconds
[2023-11-15T09:30:06.028+0000][44857.186s][info ][safepoint     ] Entering safepoint region: Cleanup
[2023-11-15T09:30:06.028+0000][44857.186s][info ][safepoint     ] Leaving safepoint region
[2023-11-15T09:30:06.028+0000][44857.186s][info ][safepoint     ] Total time for which application threads were stopped: 0.0003212 seconds, Stopping threads took: 0.0000560 seconds
[2023-11-15T09:30:07.029+0000][44858.187s][debug][safepoint     ] Safepoint synchronization initiated. (180 threads)
[2023-11-15T09:30:07.029+0000][44858.187s][info ][safepoint     ] Application time: 1.0001664 seconds
[2023-11-15T09:30:07.029+0000][44858.187s][info ][safepoint     ] Entering safepoint region: Cleanup
[2023-11-15T09:30:07.029+0000][44858.187s][info ][safepoint     ] Leaving safepoint region
[2023-11-15T09:30:07.029+0000][44858.187s][info ][safepoint     ] Total time for which application threads were stopped: 0.0002717 seconds, Stopping threads took: 0.0000405 seconds
[2023-11-15T09:30:08.029+0000][44859.187s][debug][safepoint     ] Safepoint synchronization initiated. (180 threads)
[2023-11-15T09:30:08.029+0000][44859.187s][info ][safepoint     ] Application time: 1.0001606 seconds
[2023-11-15T09:30:08.029+0000][44859.187s][info ][safepoint     ] Entering safepoint region: Cleanup
[2023-11-15T09:30:08.029+0000][44859.187s][info ][safepoint     ] Leaving safepoint region
[2023-11-15T09:30:08.029+0000][44859.187s][info ][safepoint     ] Total time for which application threads were stopped: 0.0002703 seconds, Stopping threads took: 0.0000435 seconds
[2023-11-15T09:30:09.029+0000][44860.188s][debug][safepoint     ] Safepoint synchronization initiated. (180 threads)
[2023-11-15T09:30:09.029+0000][44860.188s][info ][safepoint     ] Application time: 1.0001199 seconds
[2023-11-15T09:30:09.030+0000][44860.188s][info ][safepoint     ] Entering safepoint region: Cleanup
[2023-11-15T09:30:09.030+0000][44860.188s][info ][safepoint     ] Leaving safepoint region
[2023-11-15T09:30:09.030+0000][44860.188s][info ][safepoint     ] Total time for which application threads were stopped: 0.0001829 seconds, Stopping threads took: 0.0000435 seconds
[2023-11-15T09:30:10.030+0000][44861.188s][debug][safepoint     ] Safepoint synchronization initiated. (180 threads)
[2023-11-15T09:30:10.030+0000][44861.188s][info ][safepoint     ] Application time: 1.0001579 seconds
[2023-11-15T09:30:10.030+0000][44861.188s][info ][safepoint     ] Entering safepoint region: Cleanup
[2023-11-15T09:30:10.030+0000][44861.188s][info ][safepoint     ] Leaving safepoint region
[2023-11-15T09:30:10.030+0000][44861.188s][info ][safepoint     ] Total time for which application threads were stopped: 0.0001705 seconds, Stopping threads took: 0.0000359 seconds
[2023-11-15T09:30:11.030+0000][44862.188s][debug][safepoint     ] Safepoint synchronization initiated. (180 threads)
[2023-11-15T09:30:11.030+0000][44862.188s][info ][safepoint     ] Application time: 1.0001116 seconds
[2023-11-15T09:30:11.030+0000][44862.188s][info ][safepoint     ] Entering safepoint region: Cleanup
[2023-11-15T09:30:11.030+0000][44862.188s][info ][safepoint     ] Leaving safepoint region
[2023-11-15T09:30:11.030+0000][44862.188s][info ][safepoint     ] Total time for which application threads were stopped: 0.0002528 seconds, Stopping threads took: 0.0000372 seconds
[2023-11-15T09:30:12.030+0000][44863.189s][debug][safepoint     ] Safepoint synchronization initiated. (180 threads)
[2023-11-15T09:30:12.031+0000][44863.189s][info ][safepoint     ] Application time: 1.0001377 seconds
[2023-11-15T09:30:12.031+0000][44863.189s][info ][safepoint     ] Entering safepoint region: Cleanup
[2023-11-15T09:30:12.031+0000][44863.189s][info ][safepoint     ] Leaving safepoint region
[2023-11-15T09:30:12.031+0000][44863.189s][info ][safepoint     ] Total time for which application threads were stopped: 0.0005771 seconds, Stopping threads took: 0.0003379 seconds
[2023-11-15T09:30:13.031+0000][44864.189s][debug][safepoint     ] Safepoint synchronization initiated. (180 threads)
[2023-11-15T09:30:13.031+0000][44864.189s][info ][safepoint     ] Application time: 1.0001497 seconds
[2023-11-15T09:30:13.031+0000][44864.189s][info ][safepoint     ] Entering safepoint region: Cleanup
[2023-11-15T09:30:13.032+0000][44864.190s][info ][safepoint     ] Leaving safepoint region
[2023-11-15T09:30:13.032+0000][44864.190s][info ][safepoint     ] Total time for which application threads were stopped: 0.0002201 seconds, Stopping threads took: 0.0000386 seconds
[2023-11-15T09:30:13.836+0000][44864.994s][debug][safepoint     ] Safepoint synchronization initiated. (182 threads)
[2023-11-15T09:30:13.836+0000][44864.994s][info ][safepoint     ] Application time: 0.8045766 seconds
[2023-11-15T09:30:13.836+0000][44864.994s][info ][safepoint     ] Entering safepoint region: Deoptimize
[2023-11-15T09:30:13.838+0000][44864.996s][info ][safepoint     ] Leaving safepoint region
[2023-11-15T09:30:13.838+0000][44864.996s][info ][safepoint     ] Total time for which application threads were stopped: 0.0017297 seconds, Stopping threads took: 0.0000446 seconds
[2023-11-15T09:30:14.838+0000][44865.996s][debug][safepoint     ] Safepoint synchronization initiated. (182 threads)
[2023-11-15T09:30:14.838+0000][44865.996s][info ][safepoint     ] Application time: 1.0001704 seconds
[2023-11-15T09:30:14.838+0000][44865.996s][info ][safepoint     ] Entering safepoint region: Cleanup
[2023-11-15T09:30:14.838+0000][44865.996s][info ][safepoint     ] Leaving safepoint region
[2023-11-15T09:30:14.838+0000][44865.996s][info ][safepoint     ] Total time for which application threads were stopped: 0.0003184 seconds, Stopping threads took: 0.0000529 seconds
[2023-11-15T09:30:15.839+0000][44866.997s][debug][safepoint     ] Safepoint synchronization initiated. (182 threads)
[2023-11-15T09:30:15.839+0000][44866.997s][info ][safepoint     ] Application time: 1.0001538 seconds
[2023-11-15T09:30:15.839+0000][44866.997s][info ][safepoint     ] Entering safepoint region: Cleanup
[2023-11-15T09:30:15.839+0000][44866.997s][info ][safepoint     ] Leaving safepoint region
[2023-11-15T09:30:15.839+0000][44866.997s][info ][safepoint     ] Total time for which application threads were stopped: 0.0002672 seconds, Stopping threads took: 0.0000535 seconds
[2023-11-15T09:30:16.839+0000][44867.997s][debug][safepoint     ] Safepoint synchronization initiated. (181 threads)
[2023-11-15T09:30:16.839+0000][44867.997s][info ][safepoint     ] Application time: 1.0001649 seconds
[2023-11-15T09:30:16.839+0000][44867.997s][info ][safepoint     ] Entering safepoint region: Cleanup
[2023-11-15T09:30:16.839+0000][44867.997s][info ][safepoint     ] Leaving safepoint region
[2023-11-15T09:30:16.839+0000][44867.997s][info ][safepoint     ] Total time for which application threads were stopped: 0.0003281 seconds, Stopping threads took: 0.0000517 seconds
[2023-11-15T09:30:17.840+0000][44868.998s][debug][safepoint     ] Safepoint synchronization initiated. (181 threads)
[2023-11-15T09:30:17.840+0000][44868.998s][info ][safepoint     ] Application time: 1.0001643 seconds
[2023-11-15T09:30:17.840+0000][44868.998s][info ][safepoint     ] Entering safepoint region: Cleanup
[2023-11-15T09:30:17.840+0000][44868.998s][info ][safepoint     ] Leaving safepoint region
[2023-11-15T09:30:17.840+0000][44868.998s][info ][safepoint     ] Total time for which application threads were stopped: 0.0005193 seconds, Stopping threads took: 0.0002425 seconds
[2023-11-15T09:30:18.840+0000][44869.998s][debug][safepoint     ] Safepoint synchronization initiated. (181 threads)
[2023-11-15T09:30:18.840+0000][44869.998s][info ][safepoint     ] Application time: 1.0001619 seconds
[2023-11-15T09:30:18.840+0000][44869.998s][info ][safepoint     ] Entering safepoint region: Cleanup
[2023-11-15T09:30:18.841+0000][44869.999s][info ][safepoint     ] Leaving safepoint region
[2023-11-15T09:30:18.841+0000][44869.999s][info ][safepoint     ] Total time for which application threads were stopped: 0.0003516 seconds, Stopping threads took: 0.0000521 seconds
[2023-11-15T09:30:19.841+0000][44870.999s][debug][safepoint     ] Safepoint synchronization initiated. (181 threads)
[2023-11-15T09:30:19.841+0000][44870.999s][info ][safepoint     ] Application time: 1.0001670 seconds
[2023-11-15T09:30:19.841+0000][44870.999s][info ][safepoint     ] Entering safepoint region: Cleanup
[2023-11-15T09:30:19.841+0000][44870.999s][info ][safepoint     ] Leaving safepoint region
[2023-11-15T09:30:19.841+0000][44870.999s][info ][safepoint     ] Total time for which application threads were stopped: 0.0003470 seconds, Stopping threads took: 0.0000526 seconds
[2023-11-15T09:30:20.841+0000][44871.999s][debug][safepoint     ] Safepoint synchronization initiated. (181 threads)
[2023-11-15T09:30:20.841+0000][44871.999s][info ][safepoint     ] Application time: 1.0001592 seconds
[2023-11-15T09:30:20.841+0000][44872.000s][info ][safepoint     ] Entering safepoint region: Cleanup
[2023-11-15T09:30:20.842+0000][44872.000s][info ][safepoint     ] Leaving safepoint region
[2023-11-15T09:30:20.842+0000][44872.000s][info ][safepoint     ] Total time for which application threads were stopped: 0.0003504 seconds, Stopping threads took: 0.0000537 seconds
[2023-11-15T09:30:21.842+0000][44873.000s][debug][safepoint     ] Safepoint synchronization initiated. (181 threads)
[2023-11-15T09:30:21.842+0000][44873.000s][info ][safepoint     ] Application time: 1.0001618 seconds
[2023-11-15T09:30:21.842+0000][44873.000s][info ][safepoint     ] Entering safepoint region: Cleanup
[2023-11-15T09:30:21.842+0000][44873.000s][info ][safepoint     ] Leaving safepoint region
[2023-11-15T09:30:21.842+0000][44873.000s][info ][safepoint     ] Total time for which application threads were stopped: 0.0003479 seconds, Stopping threads took: 0.0000507 seconds
[2023-11-15T09:30:22.842+0000][44874.001s][debug][safepoint     ] Safepoint synchronization initiated. (181 threads)
[2023-11-15T09:30:22.843+0000][44874.001s][info ][safepoint     ] Application time: 1.0001589 seconds
[2023-11-15T09:30:22.843+0000][44874.001s][info ][safepoint     ] Entering safepoint region: Cleanup
[2023-11-15T09:30:22.843+0000][44874.001s][info ][safepoint     ] Leaving safepoint region
[2023-11-15T09:30:22.843+0000][44874.001s][info ][safepoint     ] Total time for which application threads were stopped: 0.0004755 seconds, Stopping threads took: 0.0002595 seconds
[2023-11-15T09:30:23.843+0000][44875.001s][debug][safepoint     ] Safepoint synchronization initiated. (181 threads)
[2023-11-15T09:30:23.843+0000][44875.001s][info ][safepoint     ] Application time: 1.0001720 seconds
[2023-11-15T09:30:23.843+0000][44875.001s][info ][safepoint     ] Entering safepoint region: Cleanup
[2023-11-15T09:30:23.844+0000][44875.002s][info ][safepoint     ] Leaving safepoint region
[2023-11-15T09:30:23.844+0000][44875.002s][info ][safepoint     ] Total time for which application threads were stopped: 0.0003568 seconds, Stopping threads took: 0.0000521 seconds
[2023-11-15T09:30:24.844+0000][44876.002s][debug][safepoint     ] Safepoint synchronization initiated. (181 threads)
[2023-11-15T09:30:24.844+0000][44876.002s][info ][safepoint     ] Application time: 1.0001537 seconds
[2023-11-15T09:30:24.844+0000][44876.002s][info ][safepoint     ] Entering safepoint region: Cleanup
[2023-11-15T09:30:24.844+0000][44876.002s][info ][safepoint     ] Leaving safepoint region
[2023-11-15T09:30:24.844+0000][44876.002s][info ][safepoint     ] Total time for which application threads were stopped: 0.0003699 seconds, Stopping threads took: 0.0000543 seconds
[2023-11-15T09:30:25.844+0000][44877.002s][debug][safepoint     ] Safepoint synchronization initiated. (181 threads)
[2023-11-15T09:30:25.844+0000][44877.002s][info ][safepoint     ] Application time: 1.0001473 seconds
[2023-11-15T09:30:25.844+0000][44877.002s][info ][safepoint     ] Entering safepoint region: Cleanup
[2023-11-15T09:30:25.845+0000][44877.003s][info ][safepoint     ] Leaving safepoint region
[2023-11-15T09:30:25.845+0000][44877.003s][info ][safepoint     ] Total time for which application threads were stopped: 0.0002840 seconds, Stopping threads took: 0.0000522 seconds
[2023-11-15T09:30:26.845+0000][44878.003s][debug][safepoint     ] Safepoint synchronization initiated. (181 threads)
[2023-11-15T09:30:26.845+0000][44878.003s][info ][safepoint     ] Application time: 1.0001428 seconds
[2023-11-15T09:30:26.845+0000][44878.003s][info ][safepoint     ] Entering safepoint region: Cleanup
[2023-11-15T09:30:26.845+0000][44878.003s][info ][safepoint     ] Leaving safepoint region
[2023-11-15T09:30:26.845+0000][44878.003s][info ][safepoint     ] Total time for which application threads were stopped: 0.0002638 seconds, Stopping threads took: 0.0000519 seconds
[2023-11-15T09:30:27.845+0000][44879.003s][debug][safepoint     ] Safepoint synchronization initiated. (181 threads)
[2023-11-15T09:30:27.845+0000][44879.003s][info ][safepoint     ] Application time: 1.0001743 seconds
[2023-11-15T09:30:27.845+0000][44879.003s][info ][safepoint     ] Entering safepoint region: Cleanup
[2023-11-15T09:30:27.846+0000][44879.004s][info ][safepoint     ] Leaving safepoint region
[2023-11-15T09:30:27.846+0000][44879.004s][info ][safepoint     ] Total time for which application threads were stopped: 0.0006279 seconds, Stopping threads took: 0.0002707 seconds
[2023-11-15T09:30:28.846+0000][44880.004s][debug][safepoint     ] Safepoint synchronization initiated. (181 threads)
[2023-11-15T09:30:28.846+0000][44880.004s][info ][safepoint     ] Application time: 1.0001689 seconds
[2023-11-15T09:30:28.846+0000][44880.004s][info ][safepoint     ] Entering safepoint region: Cleanup
[2023-11-15T09:30:28.846+0000][44880.004s][info ][safepoint     ] Leaving safepoint region
[2023-11-15T09:30:28.846+0000][44880.004s][info ][safepoint     ] Total time for which application threads were stopped: 0.0003547 seconds, Stopping threads took: 0.0000527 seconds
[2023-11-15T09:30:29.847+0000][44881.005s][debug][safepoint     ] Safepoint synchronization initiated. (181 threads)
[2023-11-15T09:30:29.847+0000][44881.005s][info ][safepoint     ] Application time: 1.0001702 seconds
[2023-11-15T09:30:29.847+0000][44881.005s][info ][safepoint     ] Entering safepoint region: Cleanup
[2023-11-15T09:30:29.847+0000][44881.005s][info ][safepoint     ] Leaving safepoint region
[2023-11-15T09:30:29.847+0000][44881.005s][info ][safepoint     ] Total time for which application threads were stopped: 0.0003561 seconds, Stopping threads took: 0.0000534 seconds
[2023-11-15T09:30:30.847+0000][44882.005s][debug][safepoint     ] Safepoint synchronization initiated. (181 threads)
[2023-11-15T09:30:30.847+0000][44882.005s][info ][safepoint     ] Application time: 1.0001553 seconds
[2023-11-15T09:30:30.847+0000][44882.005s][info ][safepoint     ] Entering safepoint region: Cleanup
[2023-11-15T09:30:30.847+0000][44882.005s][info ][safepoint     ] Leaving safepoint region
[2023-11-15T09:30:30.847+0000][44882.005s][info ][safepoint     ] Total time for which application threads were stopped: 0.0002578 seconds, Stopping threads took: 0.0000509 seconds
[2023-11-15T09:30:31.848+0000][44883.006s][debug][safepoint     ] Safepoint synchronization initiated. (181 threads)
[2023-11-15T09:30:31.848+0000][44883.006s][info ][safepoint     ] Application time: 1.0001253 seconds
[2023-11-15T09:30:31.848+0000][44883.006s][info ][safepoint     ] Entering safepoint region: Cleanup
[2023-11-15T09:30:31.848+0000][44883.006s][info ][safepoint     ] Leaving safepoint region
[2023-11-15T09:30:31.848+0000][44883.006s][info ][safepoint     ] Total time for which application threads were stopped: 0.0003496 seconds, Stopping threads took: 0.0000497 seconds
[2023-11-15T09:30:32.848+0000][44884.006s][debug][safepoint     ] Safepoint synchronization initiated. (181 threads)
[2023-11-15T09:30:32.848+0000][44884.006s][info ][safepoint     ] Application time: 1.0001534 seconds
[2023-11-15T09:30:32.848+0000][44884.006s][info ][safepoint     ] Entering safepoint region: Cleanup
[2023-11-15T09:30:32.849+0000][44884.007s][info ][safepoint     ] Leaving safepoint region
[2023-11-15T09:30:32.849+0000][44884.007s][info ][safepoint     ] Total time for which application threads were stopped: 0.0005952 seconds, Stopping threads took: 0.0002470 seconds
[2023-11-15T09:30:33.849+0000][44885.007s][debug][safepoint     ] Safepoint synchronization initiated. (181 threads)
[2023-11-15T09:30:33.849+0000][44885.007s][info ][safepoint     ] Application time: 1.0001557 seconds
[2023-11-15T09:30:33.849+0000][44885.007s][info ][safepoint     ] Entering safepoint region: Cleanup
[2023-11-15T09:30:33.849+0000][44885.007s][info ][safepoint     ] Leaving safepoint region
[2023-11-15T09:30:33.849+0000][44885.007s][info ][safepoint     ] Total time for which application threads were stopped: 0.0003514 seconds, Stopping threads took: 0.0000527 seconds
[2023-11-15T09:30:34.849+0000][44886.007s][debug][safepoint     ] Safepoint synchronization initiated. (181 threads)
[2023-11-15T09:30:34.849+0000][44886.008s][info ][safepoint     ] Application time: 1.0001720 seconds
[2023-11-15T09:30:34.850+0000][44886.008s][info ][safepoint     ] Entering safepoint region: Cleanup
[2023-11-15T09:30:34.850+0000][44886.008s][info ][safepoint     ] Leaving safepoint region
[2023-11-15T09:30:34.850+0000][44886.008s][info ][safepoint     ] Total time for which application threads were stopped: 0.0003298 seconds, Stopping threads took: 0.0000530 seconds
[2023-11-15T09:30:35.850+0000][44887.008s][debug][safepoint     ] Safepoint synchronization initiated. (181 threads)
[2023-11-15T09:30:35.850+0000][44887.008s][info ][safepoint     ] Application time: 1.0001574 seconds
[2023-11-15T09:30:35.850+0000][44887.008s][info ][safepoint     ] Entering safepoint region: Cleanup
[2023-11-15T09:30:35.850+0000][44887.008s][info ][safepoint     ] Leaving safepoint region
[2023-11-15T09:30:35.850+0000][44887.008s][info ][safepoint     ] Total time for which application threads were stopped: 0.0002690 seconds, Stopping threads took: 0.0000540 seconds
[2023-11-15T09:30:36.850+0000][44888.008s][debug][safepoint     ] Safepoint synchronization initiated. (181 threads)
[2023-11-15T09:30:36.850+0000][44888.009s][info ][safepoint     ] Application time: 1.0001608 seconds
[2023-11-15T09:30:36.850+0000][44888.009s][info ][safepoint     ] Entering safepoint region: Cleanup
[2023-11-15T09:30:36.851+0000][44888.009s][info ][safepoint     ] Leaving safepoint region
[2023-11-15T09:30:36.851+0000][44888.009s][info ][safepoint     ] Total time for which application threads were stopped: 0.0003610 seconds, Stopping threads took: 0.0000547 seconds
[2023-11-15T09:30:37.851+0000][44889.009s][debug][safepoint     ] Safepoint synchronization initiated. (181 threads)
[2023-11-15T09:30:37.851+0000][44889.009s][info ][safepoint     ] Application time: 1.0001606 seconds
[2023-11-15T09:30:37.851+0000][44889.009s][info ][safepoint     ] Entering safepoint region: Cleanup
[2023-11-15T09:30:37.851+0000][44889.009s][info ][safepoint     ] Leaving safepoint region
[2023-11-15T09:30:37.851+0000][44889.010s][info ][safepoint     ] Total time for which application threads were stopped: 0.0004562 seconds, Stopping threads took: 0.0001641 seconds
[2023-11-15T09:30:38.852+0000][44890.010s][debug][safepoint     ] Safepoint synchronization initiated. (181 threads)
[2023-11-15T09:30:38.852+0000][44890.010s][info ][safepoint     ] Application time: 1.0001758 seconds
[2023-11-15T09:30:38.852+0000][44890.010s][info ][safepoint     ] Entering safepoint region: Cleanup
[2023-11-15T09:30:38.852+0000][44890.010s][info ][safepoint     ] Leaving safepoint region
[2023-11-15T09:30:38.852+0000][44890.010s][info ][safepoint     ] Total time for which application threads were stopped: 0.0003553 seconds, Stopping threads took: 0.0000540 seconds
[2023-11-15T09:30:39.852+0000][44891.010s][debug][safepoint     ] Safepoint synchronization initiated. (181 threads)
[2023-11-15T09:30:39.852+0000][44891.010s][info ][safepoint     ] Application time: 1.0001588 seconds
[2023-11-15T09:30:39.852+0000][44891.010s][info ][safepoint     ] Entering safepoint region: Cleanup
[2023-11-15T09:30:39.853+0000][44891.011s][info ][safepoint     ] Leaving safepoint region
[2023-11-15T09:30:39.853+0000][44891.011s][info ][safepoint     ] Total time for which application threads were stopped: 0.0003900 seconds, Stopping threads took: 0.0000819 seconds
[2023-11-15T09:30:40.853+0000][44892.011s][debug][safepoint     ] Safepoint synchronization initiated. (181 threads)
[2023-11-15T09:30:40.853+0000][44892.011s][info ][safepoint     ] Application time: 1.0001686 seconds
[2023-11-15T09:30:40.853+0000][44892.011s][info ][safepoint     ] Entering safepoint region: Cleanup
[2023-11-15T09:30:40.853+0000][44892.011s][info ][safepoint     ] Leaving safepoint region
[2023-11-15T09:30:40.853+0000][44892.011s][info ][safepoint     ] Total time for which application threads were stopped: 0.0003612 seconds, Stopping threads took: 0.0000560 seconds
[2023-11-15T09:30:41.853+0000][44893.011s][debug][safepoint     ] Safepoint synchronization initiated. (181 threads)
[2023-11-15T09:30:41.853+0000][44893.011s][info ][safepoint     ] Application time: 1.0001684 seconds
[2023-11-15T09:30:41.853+0000][44893.012s][info ][safepoint     ] Entering safepoint region: Cleanup
[2023-11-15T09:30:41.854+0000][44893.012s][info ][safepoint     ] Leaving safepoint region
[2023-11-15T09:30:41.854+0000][44893.012s][info ][safepoint     ] Total time for which application threads were stopped: 0.0003589 seconds, Stopping threads took: 0.0000552 seconds
[2023-11-15T09:30:42.854+0000][44894.012s][debug][safepoint     ] Safepoint synchronization initiated. (181 threads)
[2023-11-15T09:30:42.854+0000][44894.012s][info ][safepoint     ] Application time: 1.0001454 seconds
[2023-11-15T09:30:42.854+0000][44894.012s][info ][safepoint     ] Entering safepoint region: Cleanup
[2023-11-15T09:30:42.854+0000][44894.012s][info ][safepoint     ] Leaving safepoint region
[2023-11-15T09:30:42.854+0000][44894.012s][info ][safepoint     ] Total time for which application threads were stopped: 0.0002561 seconds, Stopping threads took: 0.0000377 seconds
[2023-11-15T09:30:43.854+0000][44895.012s][debug][safepoint     ] Safepoint synchronization initiated. (181 threads)
[2023-11-15T09:30:43.854+0000][44895.012s][info ][safepoint     ] Application time: 1.0001626 seconds
[2023-11-15T09:30:43.854+0000][44895.012s][info ][safepoint     ] Entering safepoint region: Cleanup
[2023-11-15T09:30:43.855+0000][44895.013s][info ][safepoint     ] Leaving safepoint region
[2023-11-15T09:30:43.855+0000][44895.013s][info ][safepoint     ] Total time for which application threads were stopped: 0.0003508 seconds, Stopping threads took: 0.0000538 seconds
[2023-11-15T09:30:44.855+0000][44896.013s][debug][safepoint     ] Safepoint synchronization initiated. (181 threads)
[2023-11-15T09:30:44.855+0000][44896.013s][info ][safepoint     ] Application time: 1.0001750 seconds
[2023-11-15T09:30:44.855+0000][44896.013s][info ][safepoint     ] Entering safepoint region: Cleanup
[2023-11-15T09:30:44.855+0000][44896.013s][info ][safepoint     ] Leaving safepoint region
[2023-11-15T09:30:44.855+0000][44896.013s][info ][safepoint     ] Total time for which application threads were stopped: 0.0003526 seconds, Stopping threads took: 0.0000543 seconds
[2023-11-15T09:30:45.855+0000][44897.014s][debug][safepoint     ] Safepoint synchronization initiated. (181 threads)
[2023-11-15T09:30:45.856+0000][44897.014s][info ][safepoint     ] Application time: 1.0001873 seconds
[2023-11-15T09:30:45.856+0000][44897.014s][info ][safepoint     ] Entering safepoint region: Cleanup
[2023-11-15T09:30:45.856+0000][44897.014s][info ][safepoint     ] Leaving safepoint region
[2023-11-15T09:30:45.856+0000][44897.014s][info ][safepoint     ] Total time for which application threads were stopped: 0.0002699 seconds, Stopping threads took: 0.0000550 seconds
[2023-11-15T09:30:46.856+0000][44898.014s][debug][safepoint     ] Safepoint synchronization initiated. (181 threads)
[2023-11-15T09:30:46.856+0000][44898.014s][info ][safepoint     ] Application time: 1.0001557 seconds
[2023-11-15T09:30:46.856+0000][44898.014s][info ][safepoint     ] Entering safepoint region: Cleanup
[2023-11-15T09:30:46.856+0000][44898.014s][info ][safepoint     ] Leaving safepoint region
[2023-11-15T09:30:46.856+0000][44898.014s][info ][safepoint     ] Total time for which application threads were stopped: 0.0003798 seconds, Stopping threads took: 0.0000762 seconds
[2023-11-15T09:30:47.856+0000][44899.015s][debug][safepoint     ] Safepoint synchronization initiated. (181 threads)
[2023-11-15T09:30:47.857+0000][44899.015s][info ][safepoint     ] Application time: 1.0001614 seconds
[2023-11-15T09:30:47.857+0000][44899.015s][info ][safepoint     ] Entering safepoint region: Cleanup
[2023-11-15T09:30:47.857+0000][44899.015s][info ][safepoint     ] Leaving safepoint region
[2023-11-15T09:30:47.857+0000][44899.015s][info ][safepoint     ] Total time for which application threads were stopped: 0.0002688 seconds, Stopping threads took: 0.0000537 seconds
[2023-11-15T09:30:48.857+0000][44900.015s][debug][safepoint     ] Safepoint synchronization initiated. (181 threads)
[2023-11-15T09:30:48.857+0000][44900.015s][info ][safepoint     ] Application time: 1.0001529 seconds
[2023-11-15T09:30:48.857+0000][44900.015s][info ][safepoint     ] Entering safepoint region: Cleanup
[2023-11-15T09:30:48.857+0000][44900.015s][info ][safepoint     ] Leaving safepoint region
[2023-11-15T09:30:48.857+0000][44900.015s][info ][safepoint     ] Total time for which application threads were stopped: 0.0002801 seconds, Stopping threads took: 0.0000536 seconds
[2023-11-15T09:30:49.857+0000][44901.016s][debug][safepoint     ] Safepoint synchronization initiated. (181 threads)
[2023-11-15T09:30:49.857+0000][44901.016s][info ][safepoint     ] Application time: 1.0001689 seconds
[2023-11-15T09:30:49.858+0000][44901.016s][info ][safepoint     ] Entering safepoint region: Cleanup
[2023-11-15T09:30:49.858+0000][44901.016s][info ][safepoint     ] Leaving safepoint region
[2023-11-15T09:30:49.858+0000][44901.016s][info ][safepoint     ] Total time for which application threads were stopped: 0.0003280 seconds, Stopping threads took: 0.0000521 seconds
[2023-11-15T09:30:50.858+0000][44902.016s][debug][safepoint     ] Safepoint synchronization initiated. (181 threads)
[2023-11-15T09:30:50.858+0000][44902.016s][info ][safepoint     ] Application time: 1.0001458 seconds
[2023-11-15T09:30:50.858+0000][44902.016s][info ][safepoint     ] Entering safepoint region: Cleanup
[2023-11-15T09:30:50.858+0000][44902.016s][info ][safepoint     ] Leaving safepoint region
[2023-11-15T09:30:50.858+0000][44902.016s][info ][safepoint     ] Total time for which application threads were stopped: 0.0003015 seconds, Stopping threads took: 0.0000524 seconds
[2023-11-15T09:30:51.858+0000][44903.017s][debug][safepoint     ] Safepoint synchronization initiated. (181 threads)
[2023-11-15T09:30:51.859+0000][44903.017s][info ][safepoint     ] Application time: 1.0001648 seconds
[2023-11-15T09:30:51.859+0000][44903.017s][info ][safepoint     ] Entering safepoint region: Cleanup
[2023-11-15T09:30:51.859+0000][44903.017s][info ][safepoint     ] Leaving safepoint region
[2023-11-15T09:30:51.859+0000][44903.017s][info ][safepoint     ] Total time for which application threads were stopped: 0.0003549 seconds, Stopping threads took: 0.0000508 seconds
[2023-11-15T09:30:52.859+0000][44904.017s][debug][safepoint     ] Safepoint synchronization initiated. (181 threads)
[2023-11-15T09:30:52.859+0000][44904.017s][info ][safepoint     ] Application time: 1.0001392 seconds
[2023-11-15T09:30:52.859+0000][44904.017s][info ][safepoint     ] Entering safepoint region: Cleanup
[2023-11-15T09:30:52.859+0000][44904.017s][info ][safepoint     ] Leaving safepoint region
[2023-11-15T09:30:52.859+0000][44904.017s][info ][safepoint     ] Total time for which application threads were stopped: 0.0003591 seconds, Stopping threads took: 0.0000525 seconds
[2023-11-15T09:30:53.859+0000][44905.018s][debug][safepoint     ] Safepoint synchronization initiated. (181 threads)
[2023-11-15T09:30:53.860+0000][44905.018s][info ][safepoint     ] Application time: 1.0001449 seconds
[2023-11-15T09:30:53.860+0000][44905.018s][info ][safepoint     ] Entering safepoint region: Cleanup
[2023-11-15T09:30:53.860+0000][44905.018s][info ][safepoint     ] Leaving safepoint region
[2023-11-15T09:30:53.860+0000][44905.018s][info ][safepoint     ] Total time for which application threads were stopped: 0.0002694 seconds, Stopping threads took: 0.0000481 seconds
[2023-11-15T09:30:54.860+0000][44906.018s][debug][safepoint     ] Safepoint synchronization initiated. (181 threads)
[2023-11-15T09:30:54.860+0000][44906.018s][info ][safepoint     ] Application time: 1.0001571 seconds
[2023-11-15T09:30:54.860+0000][44906.018s][info ][safepoint     ] Entering safepoint region: Cleanup
[2023-11-15T09:30:54.860+0000][44906.018s][info ][safepoint     ] Leaving safepoint region
[2023-11-15T09:30:54.860+0000][44906.018s][info ][safepoint     ] Total time for which application threads were stopped: 0.0003287 seconds, Stopping threads took: 0.0000520 seconds
[2023-11-15T09:30:55.861+0000][44907.019s][debug][safepoint     ] Safepoint synchronization initiated. (181 threads)
[2023-11-15T09:30:55.861+0000][44907.019s][info ][safepoint     ] Application time: 1.0001669 seconds
[2023-11-15T09:30:55.861+0000][44907.019s][info ][safepoint     ] Entering safepoint region: Cleanup
[2023-11-15T09:30:55.861+0000][44907.019s][info ][safepoint     ] Leaving safepoint region
[2023-11-15T09:30:55.861+0000][44907.019s][info ][safepoint     ] Total time for which application threads were stopped: 0.0003034 seconds, Stopping threads took: 0.0000525 seconds
[2023-11-15T09:30:56.861+0000][44908.019s][debug][safepoint     ] Safepoint synchronization initiated. (181 threads)
[2023-11-15T09:30:56.861+0000][44908.019s][info ][safepoint     ] Application time: 1.0001801 seconds
[2023-11-15T09:30:56.861+0000][44908.019s][info ][safepoint     ] Entering safepoint region: Cleanup
[2023-11-15T09:30:56.861+0000][44908.019s][info ][safepoint     ] Leaving safepoint region
[2023-11-15T09:30:56.861+0000][44908.020s][info ][safepoint     ] Total time for which application threads were stopped: 0.0003628 seconds, Stopping threads took: 0.0000537 seconds
[2023-11-15T09:30:57.862+0000][44909.020s][debug][safepoint     ] Safepoint synchronization initiated. (181 threads)
[2023-11-15T09:30:57.862+0000][44909.020s][info ][safepoint     ] Application time: 1.0001480 seconds
[2023-11-15T09:30:57.862+0000][44909.020s][info ][safepoint     ] Entering safepoint region: Cleanup
[2023-11-15T09:30:57.862+0000][44909.020s][info ][safepoint     ] Leaving safepoint region
[2023-11-15T09:30:57.862+0000][44909.020s][info ][safepoint     ] Total time for which application threads were stopped: 0.0003554 seconds, Stopping threads took: 0.0000553 seconds
[2023-11-15T09:30:58.862+0000][44910.020s][debug][safepoint     ] Safepoint synchronization initiated. (181 threads)
[2023-11-15T09:30:58.862+0000][44910.020s][info ][safepoint     ] Application time: 1.0001761 seconds
[2023-11-15T09:30:58.862+0000][44910.020s][info ][safepoint     ] Entering safepoint region: Cleanup
[2023-11-15T09:30:58.863+0000][44910.021s][info ][safepoint     ] Leaving safepoint region
[2023-11-15T09:30:58.863+0000][44910.021s][info ][safepoint     ] Total time for which application threads were stopped: 0.0004933 seconds, Stopping threads took: 0.0001829 seconds
[2023-11-15T09:30:59.863+0000][44911.021s][debug][safepoint     ] Safepoint synchronization initiated. (181 threads)
[2023-11-15T09:30:59.863+0000][44911.021s][info ][safepoint     ] Application time: 1.0001570 seconds
[2023-11-15T09:30:59.863+0000][44911.021s][info ][safepoint     ] Entering safepoint region: Cleanup
[2023-11-15T09:30:59.863+0000][44911.021s][info ][safepoint     ] Leaving safepoint region
[2023-11-15T09:30:59.863+0000][44911.021s][info ][safepoint     ] Total time for which application threads were stopped: 0.0003115 seconds, Stopping threads took: 0.0000558 seconds
[2023-11-15T09:31:00.863+0000][44912.021s][debug][safepoint     ] Safepoint synchronization initiated. (181 threads)
[2023-11-15T09:31:00.863+0000][44912.022s][info ][safepoint     ] Application time: 1.0002204 seconds
[2023-11-15T09:31:00.864+0000][44912.022s][info ][safepoint     ] Entering safepoint region: Cleanup
[2023-11-15T09:31:00.864+0000][44912.022s][info ][safepoint     ] Leaving safepoint region
[2023-11-15T09:31:00.864+0000][44912.022s][info ][safepoint     ] Total time for which application threads were stopped: 0.0003590 seconds, Stopping threads took: 0.0000583 seconds
[2023-11-15T09:31:01.864+0000][44913.022s][debug][safepoint     ] Safepoint synchronization initiated. (181 threads)
[2023-11-15T09:31:01.864+0000][44913.022s][info ][safepoint     ] Application time: 1.0001560 seconds
[2023-11-15T09:31:01.864+0000][44913.022s][info ][safepoint     ] Entering safepoint region: Cleanup
[2023-11-15T09:31:01.864+0000][44913.022s][info ][safepoint     ] Leaving safepoint region
[2023-11-15T09:31:01.864+0000][44913.022s][info ][safepoint     ] Total time for which application threads were stopped: 0.0003541 seconds, Stopping threads took: 0.0000519 seconds
[2023-11-15T09:31:02.865+0000][44914.023s][debug][safepoint     ] Safepoint synchronization initiated. (181 threads)
[2023-11-15T09:31:02.865+0000][44914.023s][info ][safepoint     ] Application time: 1.0001709 seconds
[2023-11-15T09:31:02.865+0000][44914.023s][info ][safepoint     ] Entering safepoint region: Cleanup
[2023-11-15T09:31:02.865+0000][44914.023s][info ][safepoint     ] Leaving safepoint region
[2023-11-15T09:31:02.865+0000][44914.023s][info ][safepoint     ] Total time for which application threads were stopped: 0.0003606 seconds, Stopping threads took: 0.0000549 seconds
[2023-11-15T09:31:03.865+0000][44915.023s][debug][safepoint     ] Safepoint synchronization initiated. (181 threads)
[2023-11-15T09:31:03.865+0000][44915.023s][info ][safepoint     ] Application time: 1.0001485 seconds
[2023-11-15T09:31:03.865+0000][44915.023s][info ][safepoint     ] Entering safepoint region: Cleanup
[2023-11-15T09:31:03.866+0000][44915.024s][info ][safepoint     ] Leaving safepoint region
[2023-11-15T09:31:03.866+0000][44915.024s][info ][safepoint     ] Total time for which application threads were stopped: 0.0004966 seconds, Stopping threads took: 0.0002828 seconds
[2023-11-15T09:31:04.866+0000][44916.024s][debug][safepoint     ] Safepoint synchronization initiated. (181 threads)
[2023-11-15T09:31:04.866+0000][44916.024s][info ][safepoint     ] Application time: 1.0001406 seconds
[2023-11-15T09:31:04.866+0000][44916.024s][info ][safepoint     ] Entering safepoint region: Cleanup
[2023-11-15T09:31:04.866+0000][44916.024s][info ][safepoint     ] Leaving safepoint region
[2023-11-15T09:31:04.866+0000][44916.024s][info ][safepoint     ] Total time for which application threads were stopped: 0.0003526 seconds, Stopping threads took: 0.0000533 seconds
[2023-11-15T09:31:05.866+0000][44917.024s][debug][safepoint     ] Safepoint synchronization initiated. (181 threads)
[2023-11-15T09:31:05.866+0000][44917.024s][info ][safepoint     ] Application time: 1.0001547 seconds
[2023-11-15T09:31:05.866+0000][44917.025s][info ][safepoint     ] Entering safepoint region: Cleanup
[2023-11-15T09:31:05.867+0000][44917.025s][info ][safepoint     ] Leaving safepoint region
[2023-11-15T09:31:05.867+0000][44917.025s][info ][safepoint     ] Total time for which application threads were stopped: 0.0003551 seconds, Stopping threads took: 0.0000533 seconds
[2023-11-15T09:31:06.867+0000][44918.025s][debug][safepoint     ] Safepoint synchronization initiated. (182 threads)
[2023-11-15T09:31:06.867+0000][44918.025s][info ][safepoint     ] Application time: 1.0001730 seconds
[2023-11-15T09:31:06.867+0000][44918.025s][info ][safepoint     ] Entering safepoint region: Cleanup
[2023-11-15T09:31:06.867+0000][44918.025s][info ][safepoint     ] Leaving safepoint region
[2023-11-15T09:31:06.867+0000][44918.025s][info ][safepoint     ] Total time for which application threads were stopped: 0.0002866 seconds, Stopping threads took: 0.0000538 seconds
[2023-11-15T09:31:07.867+0000][44919.025s][debug][safepoint     ] Safepoint synchronization initiated. (182 threads)
[2023-11-15T09:31:07.867+0000][44919.026s][info ][safepoint     ] Application time: 1.0002073 seconds
[2023-11-15T09:31:07.868+0000][44919.026s][info ][safepoint     ] Entering safepoint region: Cleanup
[2023-11-15T09:31:07.868+0000][44919.026s][info ][safepoint     ] Leaving safepoint region
[2023-11-15T09:31:07.868+0000][44919.026s][info ][safepoint     ] Total time for which application threads were stopped: 0.0002618 seconds, Stopping threads took: 0.0000558 seconds
[2023-11-15T09:31:08.868+0000][44920.026s][debug][safepoint     ] Safepoint synchronization initiated. (184 threads)
[2023-11-15T09:31:08.868+0000][44920.026s][info ][safepoint     ] Application time: 1.0001578 seconds
[2023-11-15T09:31:08.868+0000][44920.026s][info ][safepoint     ] Entering safepoint region: Cleanup
[2023-11-15T09:31:08.868+0000][44920.027s][info ][safepoint     ] Leaving safepoint region
[2023-11-15T09:31:08.869+0000][44920.027s][info ][safepoint     ] Total time for which application threads were stopped: 0.0005514 seconds, Stopping threads took: 0.0003006 seconds
[2023-11-15T09:31:09.869+0000][44921.027s][debug][safepoint     ] Safepoint synchronization initiated. (184 threads)
[2023-11-15T09:31:09.869+0000][44921.027s][info ][safepoint     ] Application time: 1.0001710 seconds
[2023-11-15T09:31:09.869+0000][44921.027s][info ][safepoint     ] Entering safepoint region: Cleanup
[2023-11-15T09:31:09.869+0000][44921.027s][info ][safepoint     ] Leaving safepoint region
[2023-11-15T09:31:09.869+0000][44921.027s][info ][safepoint     ] Total time for which application threads were stopped: 0.0003628 seconds, Stopping threads took: 0.0000553 seconds
[2023-11-15T09:31:10.869+0000][44922.027s][debug][safepoint     ] Safepoint synchronization initiated. (184 threads)
[2023-11-15T09:31:10.869+0000][44922.027s][info ][safepoint     ] Application time: 1.0001590 seconds
[2023-11-15T09:31:10.869+0000][44922.027s][info ][safepoint     ] Entering safepoint region: Cleanup
[2023-11-15T09:31:10.870+0000][44922.028s][info ][safepoint     ] Leaving safepoint region
[2023-11-15T09:31:10.870+0000][44922.028s][info ][safepoint     ] Total time for which application threads were stopped: 0.0002766 seconds, Stopping threads took: 0.0000559 seconds
[2023-11-15T09:31:11.870+0000][44923.028s][debug][safepoint     ] Safepoint synchronization initiated. (184 threads)
[2023-11-15T09:31:11.870+0000][44923.028s][info ][safepoint     ] Application time: 1.0001736 seconds
[2023-11-15T09:31:11.870+0000][44923.028s][info ][safepoint     ] Entering safepoint region: Cleanup
[2023-11-15T09:31:11.870+0000][44923.028s][info ][safepoint     ] Leaving safepoint region
[2023-11-15T09:31:11.870+0000][44923.028s][info ][safepoint     ] Total time for which application threads were stopped: 0.0003630 seconds, Stopping threads took: 0.0000561 seconds
[2023-11-15T09:31:12.870+0000][44924.028s][debug][safepoint     ] Safepoint synchronization initiated. (184 threads)
[2023-11-15T09:31:12.870+0000][44924.028s][info ][safepoint     ] Application time: 1.0001610 seconds
[2023-11-15T09:31:12.870+0000][44924.028s][info ][safepoint     ] Entering safepoint region: Cleanup
[2023-11-15T09:31:12.871+0000][44924.029s][info ][safepoint     ] Leaving safepoint region
[2023-11-15T09:31:12.871+0000][44924.029s][info ][safepoint     ] Total time for which application threads were stopped: 0.0003563 seconds, Stopping threads took: 0.0000543 seconds
[2023-11-15T09:31:13.871+0000][44925.029s][debug][safepoint     ] Safepoint synchronization initiated. (182 threads)
[2023-11-15T09:31:13.871+0000][44925.029s][info ][safepoint     ] Application time: 1.0001599 seconds
[2023-11-15T09:31:13.871+0000][44925.029s][info ][safepoint     ] Entering safepoint region: Cleanup
[2023-11-15T09:31:13.871+0000][44925.029s][info ][safepoint     ] Leaving safepoint region
[2023-11-15T09:31:13.871+0000][44925.029s][info ][safepoint     ] Total time for which application threads were stopped: 0.0003414 seconds, Stopping threads took: 0.0000617 seconds
[2023-11-15T09:31:14.871+0000][44926.029s][debug][safepoint     ] Safepoint synchronization initiated. (182 threads)
[2023-11-15T09:31:14.871+0000][44926.030s][info ][safepoint     ] Application time: 1.0001887 seconds
[2023-11-15T09:31:14.872+0000][44926.030s][info ][safepoint     ] Entering safepoint region: Cleanup
[2023-11-15T09:31:14.872+0000][44926.030s][info ][safepoint     ] Leaving safepoint region
[2023-11-15T09:31:14.872+0000][44926.030s][info ][safepoint     ] Total time for which application threads were stopped: 0.0003568 seconds, Stopping threads took: 0.0000560 seconds
[2023-11-15T09:31:15.872+0000][44927.030s][debug][safepoint     ] Safepoint synchronization initiated. (182 threads)
[2023-11-15T09:31:15.872+0000][44927.030s][info ][safepoint     ] Application time: 1.0001594 seconds
[2023-11-15T09:31:15.872+0000][44927.030s][info ][safepoint     ] Entering safepoint region: Cleanup
[2023-11-15T09:31:15.872+0000][44927.030s][info ][safepoint     ] Leaving safepoint region
[2023-11-15T09:31:15.872+0000][44927.030s][info ][safepoint     ] Total time for which application threads were stopped: 0.0003591 seconds, Stopping threads took: 0.0000552 seconds
[2023-11-15T09:31:16.873+0000][44928.031s][debug][safepoint     ] Safepoint synchronization initiated. (182 threads)
[2023-11-15T09:31:16.873+0000][44928.031s][info ][safepoint     ] Application time: 1.0001597 seconds
[2023-11-15T09:31:16.873+0000][44928.031s][info ][safepoint     ] Entering safepoint region: Cleanup
[2023-11-15T09:31:16.873+0000][44928.031s][info ][safepoint     ] Leaving safepoint region
[2023-11-15T09:31:16.873+0000][44928.031s][info ][safepoint     ] Total time for which application threads were stopped: 0.0003239 seconds, Stopping threads took: 0.0000537 seconds
[2023-11-15T09:31:17.873+0000][44929.031s][debug][safepoint     ] Safepoint synchronization initiated. (182 threads)
[2023-11-15T09:31:17.873+0000][44929.031s][info ][safepoint     ] Application time: 1.0001702 seconds
[2023-11-15T09:31:17.873+0000][44929.031s][info ][safepoint     ] Entering safepoint region: Cleanup
[2023-11-15T09:31:17.873+0000][44929.032s][info ][safepoint     ] Leaving safepoint region
[2023-11-15T09:31:17.873+0000][44929.032s][info ][safepoint     ] Total time for which application threads were stopped: 0.0003578 seconds, Stopping threads took: 0.0000553 seconds
[2023-11-15T09:31:18.874+0000][44930.032s][debug][safepoint     ] Safepoint synchronization initiated. (182 threads)
[2023-11-15T09:31:18.874+0000][44930.032s][info ][safepoint     ] Application time: 1.0001723 seconds
[2023-11-15T09:31:18.874+0000][44930.032s][info ][safepoint     ] Entering safepoint region: Cleanup
[2023-11-15T09:31:18.874+0000][44930.032s][info ][safepoint     ] Leaving safepoint region
[2023-11-15T09:31:18.874+0000][44930.032s][info ][safepoint     ] Total time for which application threads were stopped: 0.0005031 seconds, Stopping threads took: 0.0002351 seconds
[2023-11-15T09:31:19.874+0000][44931.032s][debug][safepoint     ] Safepoint synchronization initiated. (182 threads)
[2023-11-15T09:31:19.874+0000][44931.032s][info ][safepoint     ] Application time: 1.0001471 seconds
[2023-11-15T09:31:19.874+0000][44931.032s][info ][safepoint     ] Entering safepoint region: Cleanup
[2023-11-15T09:31:19.875+0000][44931.033s][info ][safepoint     ] Leaving safepoint region
[2023-11-15T09:31:19.875+0000][44931.033s][info ][safepoint     ] Total time for which application threads were stopped: 0.0003510 seconds, Stopping threads took: 0.0000548 seconds
[2023-11-15T09:31:20.875+0000][44932.033s][debug][safepoint     ] Safepoint synchronization initiated. (182 threads)
[2023-11-15T09:31:20.875+0000][44932.033s][info ][safepoint     ] Application time: 1.0001548 seconds
[2023-11-15T09:31:20.875+0000][44932.033s][info ][safepoint     ] Entering safepoint region: Cleanup
[2023-11-15T09:31:20.875+0000][44932.033s][info ][safepoint     ] Leaving safepoint region
[2023-11-15T09:31:20.875+0000][44932.033s][info ][safepoint     ] Total time for which application threads were stopped: 0.0003532 seconds, Stopping threads took: 0.0000537 seconds
[2023-11-15T09:31:21.875+0000][44933.034s][debug][safepoint     ] Safepoint synchronization initiated. (182 threads)
[2023-11-15T09:31:21.876+0000][44933.034s][info ][safepoint     ] Application time: 1.0001935 seconds
[2023-11-15T09:31:21.876+0000][44933.034s][info ][safepoint     ] Entering safepoint region: Cleanup
[2023-11-15T09:31:21.876+0000][44933.034s][info ][safepoint     ] Leaving safepoint region
[2023-11-15T09:31:21.876+0000][44933.034s][info ][safepoint     ] Total time for which application threads were stopped: 0.0002666 seconds, Stopping threads took: 0.0000524 seconds
[2023-11-15T09:31:22.876+0000][44934.034s][debug][safepoint     ] Safepoint synchronization initiated. (182 threads)
[2023-11-15T09:31:22.876+0000][44934.034s][info ][safepoint     ] Application time: 1.0001449 seconds
[2023-11-15T09:31:22.876+0000][44934.034s][info ][safepoint     ] Entering safepoint region: Cleanup
[2023-11-15T09:31:22.876+0000][44934.034s][info ][safepoint     ] Leaving safepoint region
[2023-11-15T09:31:22.876+0000][44934.034s][info ][safepoint     ] Total time for which application threads were stopped: 0.0003578 seconds, Stopping threads took: 0.0000527 seconds
[2023-11-15T09:31:23.876+0000][44935.035s][debug][safepoint     ] Safepoint synchronization initiated. (182 threads)
[2023-11-15T09:31:23.877+0000][44935.035s][info ][safepoint     ] Application time: 1.0001477 seconds
[2023-11-15T09:31:23.877+0000][44935.035s][info ][safepoint     ] Entering safepoint region: Cleanup
[2023-11-15T09:31:23.877+0000][44935.035s][info ][safepoint     ] Leaving safepoint region
[2023-11-15T09:31:23.877+0000][44935.035s][info ][safepoint     ] Total time for which application threads were stopped: 0.0005527 seconds, Stopping threads took: 0.0003067 seconds
[2023-11-15T09:31:24.877+0000][44936.035s][debug][safepoint     ] Safepoint synchronization initiated. (182 threads)
[2023-11-15T09:31:24.877+0000][44936.035s][info ][safepoint     ] Application time: 1.0001697 seconds
[2023-11-15T09:31:24.877+0000][44936.035s][info ][safepoint     ] Entering safepoint region: Cleanup
[2023-11-15T09:31:24.878+0000][44936.036s][info ][safepoint     ] Leaving safepoint region
[2023-11-15T09:31:24.878+0000][44936.036s][info ][safepoint     ] Total time for which application threads were stopped: 0.0003547 seconds, Stopping threads took: 0.0000530 seconds
[2023-11-15T09:31:25.878+0000][44937.036s][debug][safepoint     ] Safepoint synchronization initiated. (182 threads)
[2023-11-15T09:31:25.878+0000][44937.036s][info ][safepoint     ] Application time: 1.0001581 seconds
[2023-11-15T09:31:25.878+0000][44937.036s][info ][safepoint     ] Entering safepoint region: Cleanup
[2023-11-15T09:31:25.878+0000][44937.036s][info ][safepoint     ] Leaving safepoint region
[2023-11-15T09:31:25.878+0000][44937.036s][info ][safepoint     ] Total time for which application threads were stopped: 0.0003536 seconds, Stopping threads took: 0.0000534 seconds
[2023-11-15T09:31:26.878+0000][44938.036s][debug][safepoint     ] Safepoint synchronization initiated. (182 threads)
[2023-11-15T09:31:26.878+0000][44938.036s][info ][safepoint     ] Application time: 1.0001669 seconds
[2023-11-15T09:31:26.878+0000][44938.036s][info ][safepoint     ] Entering safepoint region: Cleanup
[2023-11-15T09:31:26.879+0000][44938.037s][info ][safepoint     ] Leaving safepoint region
[2023-11-15T09:31:26.879+0000][44938.037s][info ][safepoint     ] Total time for which application threads were stopped: 0.0002638 seconds, Stopping threads took: 0.0000528 seconds
[2023-11-15T09:31:26.879+0000][44938.037s][debug][safepoint     ] ... found polling page return exception at pc = 0x00007fe180ff1766, stub =0x00007fe17883a800
[2023-11-15T09:31:26.879+0000][44938.037s][debug][safepoint     ] ... found polling page return exception at pc = 0x00007fe180ff1766, stub =0x00007fe17883a800
[2023-11-15T09:31:27.879+0000][44939.037s][debug][safepoint     ] Safepoint synchronization initiated. (182 threads)
[2023-11-15T09:31:27.879+0000][44939.037s][info ][safepoint     ] Application time: 1.0001785 seconds
[2023-11-15T09:31:27.879+0000][44939.037s][debug][safepoint     ] ... found polling page return exception at pc = 0x00007fe180a73680, stub =0x00007fe17883a800
[2023-11-15T09:31:27.879+0000][44939.037s][debug][safepoint     ] ... found polling page return exception at pc = 0x00007fe180fe9d76, stub =0x00007fe17883a800
[2023-11-15T09:31:27.879+0000][44939.037s][debug][safepoint     ] ... found polling page return exception at pc = 0x00007fe180ff12f3, stub =0x00007fe17883a800
[2023-11-15T09:31:27.879+0000][44939.037s][debug][safepoint     ] Waiting for 3 thread(s) to block
[2023-11-15T09:31:27.879+0000][44939.037s][info ][safepoint     ] Entering safepoint region: Cleanup
[2023-11-15T09:31:27.879+0000][44939.038s][info ][safepoint     ] Leaving safepoint region
[2023-11-15T09:31:27.880+0000][44939.038s][info ][safepoint     ] Total time for which application threads were stopped: 0.0006260 seconds, Stopping threads took: 0.0004011 seconds
[2023-11-15T09:31:28.880+0000][44940.038s][debug][safepoint     ] Safepoint synchronization initiated. (182 threads)
[2023-11-15T09:31:28.880+0000][44940.038s][info ][safepoint     ] Application time: 1.0001439 seconds
[2023-11-15T09:31:28.880+0000][44940.038s][info ][safepoint     ] Entering safepoint region: Cleanup
[2023-11-15T09:31:28.880+0000][44940.038s][info ][safepoint     ] Leaving safepoint region
[2023-11-15T09:31:28.880+0000][44940.038s][info ][safepoint     ] Total time for which application threads were stopped: 0.0005670 seconds, Stopping threads took: 0.0002572 seconds
[2023-11-15T09:31:29.880+0000][44941.038s][debug][safepoint     ] Safepoint synchronization initiated. (182 threads)
[2023-11-15T09:31:29.880+0000][44941.039s][info ][safepoint     ] Application time: 1.0001570 seconds
[2023-11-15T09:31:29.880+0000][44941.039s][info ][safepoint     ] Entering safepoint region: Cleanup
[2023-11-15T09:31:29.881+0000][44941.039s][info ][safepoint     ] Leaving safepoint region
[2023-11-15T09:31:29.881+0000][44941.039s][info ][safepoint     ] Total time for which application threads were stopped: 0.0003591 seconds, Stopping threads took: 0.0000532 seconds
[2023-11-15T09:31:30.530+0000][44941.688s][debug][safepoint     ] Safepoint synchronization initiated. (182 threads)
[2023-11-15T09:31:30.530+0000][44941.688s][info ][safepoint     ] Application time: 0.6488833 seconds
[2023-11-15T09:31:30.530+0000][44941.688s][info ][safepoint     ] Entering safepoint region: Deoptimize
[2023-11-15T09:31:30.532+0000][44941.690s][info ][safepoint     ] Leaving safepoint region
[2023-11-15T09:31:30.532+0000][44941.690s][info ][safepoint     ] Total time for which application threads were stopped: 0.0024629 seconds, Stopping threads took: 0.0000552 seconds
[2023-11-15T09:31:31.532+0000][44942.690s][debug][safepoint     ] Safepoint synchronization initiated. (183 threads)
[2023-11-15T09:31:31.532+0000][44942.690s][info ][safepoint     ] Application time: 1.0001451 seconds
[2023-11-15T09:31:31.532+0000][44942.690s][debug][safepoint     ] ... found polling page loop exception at pc = 0x00007fe1808e3a0f, stub =0x00007fe17883ab00
[2023-11-15T09:31:31.532+0000][44942.691s][debug][safepoint     ] Waiting for 1 thread(s) to block
[2023-11-15T09:31:31.533+0000][44942.691s][info ][safepoint     ] Entering safepoint region: Cleanup
[2023-11-15T09:31:31.533+0000][44942.691s][info ][safepoint     ] Leaving safepoint region
[2023-11-15T09:31:31.533+0000][44942.691s][info ][safepoint     ] Total time for which application threads were stopped: 0.0005661 seconds, Stopping threads took: 0.0001977 seconds
[2023-11-15T09:31:32.533+0000][44943.691s][debug][safepoint     ] Safepoint synchronization initiated. (183 threads)
[2023-11-15T09:31:32.533+0000][44943.691s][info ][safepoint     ] Application time: 1.0001592 seconds
[2023-11-15T09:31:32.533+0000][44943.691s][info ][safepoint     ] Entering safepoint region: Cleanup
[2023-11-15T09:31:32.533+0000][44943.692s][info ][safepoint     ] Leaving safepoint region
[2023-11-15T09:31:32.534+0000][44943.692s][info ][safepoint     ] Total time for which application threads were stopped: 0.0003600 seconds, Stopping threads took: 0.0000536 seconds
[2023-11-15T09:31:33.534+0000][44944.692s][debug][safepoint     ] Safepoint synchronization initiated. (183 threads)
[2023-11-15T09:31:33.534+0000][44944.692s][info ][safepoint     ] Application time: 1.0001554 seconds
[2023-11-15T09:31:33.534+0000][44944.692s][info ][safepoint     ] Entering safepoint region: Cleanup
[2023-11-15T09:31:33.534+0000][44944.692s][info ][safepoint     ] Leaving safepoint region
[2023-11-15T09:31:33.534+0000][44944.692s][info ][safepoint     ] Total time for which application threads were stopped: 0.0003514 seconds, Stopping threads took: 0.0000542 seconds
[2023-11-15T09:31:34.534+0000][44945.692s][debug][safepoint     ] Safepoint synchronization initiated. (183 threads)
[2023-11-15T09:31:34.534+0000][44945.692s][info ][safepoint     ] Application time: 1.0001733 seconds
[2023-11-15T09:31:34.534+0000][44945.692s][info ][safepoint     ] Entering safepoint region: Cleanup
[2023-11-15T09:31:34.535+0000][44945.693s][info ][safepoint     ] Leaving safepoint region
[2023-11-15T09:31:34.535+0000][44945.693s][info ][safepoint     ] Total time for which application threads were stopped: 0.0005482 seconds, Stopping threads took: 0.0003374 seconds
[2023-11-15T09:31:35.535+0000][44946.693s][debug][safepoint     ] Safepoint synchronization initiated. (183 threads)
[2023-11-15T09:31:35.535+0000][44946.693s][info ][safepoint     ] Application time: 1.0001555 seconds
[2023-11-15T09:31:35.535+0000][44946.693s][info ][safepoint     ] Entering safepoint region: Cleanup
[2023-11-15T09:31:35.535+0000][44946.693s][info ][safepoint     ] Leaving safepoint region
[2023-11-15T09:31:35.535+0000][44946.693s][info ][safepoint     ] Total time for which application threads were stopped: 0.0002643 seconds, Stopping threads took: 0.0000542 seconds
[2023-11-15T09:31:36.535+0000][44947.693s][debug][safepoint     ] Safepoint synchronization initiated. (182 threads)
[2023-11-15T09:31:36.535+0000][44947.694s][info ][safepoint     ] Application time: 1.0001943 seconds
[2023-11-15T09:31:36.536+0000][44947.694s][info ][safepoint     ] Entering safepoint region: Cleanup
[2023-11-15T09:31:36.536+0000][44947.694s][info ][safepoint     ] Leaving safepoint region
[2023-11-15T09:31:36.536+0000][44947.694s][info ][safepoint     ] Total time for which application threads were stopped: 0.0004088 seconds, Stopping threads took: 0.0000540 seconds
[2023-11-15T09:31:37.536+0000][44948.694s][debug][safepoint     ] Safepoint synchronization initiated. (182 threads)
[2023-11-15T09:31:37.536+0000][44948.694s][info ][safepoint     ] Application time: 1.0001746 seconds
[2023-11-15T09:31:37.536+0000][44948.694s][info ][safepoint     ] Entering safepoint region: Cleanup
[2023-11-15T09:31:37.536+0000][44948.695s][info ][safepoint     ] Leaving safepoint region
[2023-11-15T09:31:37.536+0000][44948.695s][info ][safepoint     ] Total time for which application threads were stopped: 0.0003638 seconds, Stopping threads took: 0.0000568 seconds
[2023-11-15T09:31:38.537+0000][44949.695s][debug][safepoint     ] Safepoint synchronization initiated. (182 threads)
[2023-11-15T09:31:38.537+0000][44949.695s][info ][safepoint     ] Application time: 1.0001726 seconds
[2023-11-15T09:31:38.537+0000][44949.695s][info ][safepoint     ] Entering safepoint region: Cleanup
[2023-11-15T09:31:38.537+0000][44949.695s][info ][safepoint     ] Leaving safepoint region
[2023-11-15T09:31:38.537+0000][44949.695s][info ][safepoint     ] Total time for which application threads were stopped: 0.0003541 seconds, Stopping threads took: 0.0000541 seconds
[2023-11-15T09:31:39.537+0000][44950.695s][debug][safepoint     ] Safepoint synchronization initiated. (184 threads)
[2023-11-15T09:31:39.537+0000][44950.695s][info ][safepoint     ] Application time: 1.0001461 seconds
[2023-11-15T09:31:39.537+0000][44950.695s][info ][safepoint     ] Entering safepoint region: Cleanup
[2023-11-15T09:31:39.538+0000][44950.696s][info ][safepoint     ] Leaving safepoint region
[2023-11-15T09:31:39.538+0000][44950.696s][info ][safepoint     ] Total time for which application threads were stopped: 0.0006169 seconds, Stopping threads took: 0.0002021 seconds
[2023-11-15T09:31:40.538+0000][44951.696s][debug][safepoint     ] Safepoint synchronization initiated. (184 threads)
[2023-11-15T09:31:40.538+0000][44951.696s][info ][safepoint     ] Application time: 1.0001671 seconds
[2023-11-15T09:31:40.538+0000][44951.696s][info ][safepoint     ] Entering safepoint region: Cleanup
[2023-11-15T09:31:40.538+0000][44951.696s][info ][safepoint     ] Leaving safepoint region
[2023-11-15T09:31:40.538+0000][44951.696s][info ][safepoint     ] Total time for which application threads were stopped: 0.0002707 seconds, Stopping threads took: 0.0000537 seconds
[2023-11-15T09:31:41.538+0000][44952.697s][debug][safepoint     ] Safepoint synchronization initiated. (183 threads)
[2023-11-15T09:31:41.539+0000][44952.697s][info ][safepoint     ] Application time: 1.0001482 seconds
[2023-11-15T09:31:41.539+0000][44952.697s][info ][safepoint     ] Entering safepoint region: Cleanup
[2023-11-15T09:31:41.539+0000][44952.697s][info ][safepoint     ] Leaving safepoint region
[2023-11-15T09:31:41.539+0000][44952.697s][info ][safepoint     ] Total time for which application threads were stopped: 0.0002639 seconds, Stopping threads took: 0.0000558 seconds
[2023-11-15T09:31:42.539+0000][44953.697s][debug][safepoint     ] Safepoint synchronization initiated. (183 threads)
[2023-11-15T09:31:42.539+0000][44953.697s][info ][safepoint     ] Application time: 1.0001496 seconds
[2023-11-15T09:31:42.539+0000][44953.697s][info ][safepoint     ] Entering safepoint region: Cleanup
[2023-11-15T09:31:42.539+0000][44953.697s][info ][safepoint     ] Leaving safepoint region
[2023-11-15T09:31:42.539+0000][44953.697s][info ][safepoint     ] Total time for which application threads were stopped: 0.0002795 seconds, Stopping threads took: 0.0000576 seconds
[2023-11-15T09:31:43.539+0000][44954.697s][debug][safepoint     ] Safepoint synchronization initiated. (183 threads)
[2023-11-15T09:31:43.539+0000][44954.697s][info ][safepoint     ] Application time: 1.0001671 seconds
[2023-11-15T09:31:43.540+0000][44954.698s][info ][safepoint     ] Entering safepoint region: Cleanup
[2023-11-15T09:31:43.540+0000][44954.698s][info ][safepoint     ] Leaving safepoint region
[2023-11-15T09:31:43.540+0000][44954.698s][info ][safepoint     ] Total time for which application threads were stopped: 0.0003614 seconds, Stopping threads took: 0.0000594 seconds
[2023-11-15T09:31:44.540+0000][44955.698s][debug][safepoint     ] Safepoint synchronization initiated. (183 threads)
[2023-11-15T09:31:44.540+0000][44955.698s][info ][safepoint     ] Application time: 1.0001382 seconds
[2023-11-15T09:31:44.540+0000][44955.698s][info ][safepoint     ] Entering safepoint region: Cleanup
[2023-11-15T09:31:44.540+0000][44955.698s][info ][safepoint     ] Leaving safepoint region
[2023-11-15T09:31:44.540+0000][44955.698s][info ][safepoint     ] Total time for which application threads were stopped: 0.0003560 seconds, Stopping threads took: 0.0000548 seconds
[2023-11-15T09:31:45.540+0000][44956.699s][debug][safepoint     ] Safepoint synchronization initiated. (183 threads)
[2023-11-15T09:31:45.541+0000][44956.699s][info ][safepoint     ] Application time: 1.0001561 seconds
[2023-11-15T09:31:45.541+0000][44956.699s][info ][safepoint     ] Entering safepoint region: Cleanup
[2023-11-15T09:31:45.541+0000][44956.699s][info ][safepoint     ] Leaving safepoint region
[2023-11-15T09:31:45.541+0000][44956.699s][info ][safepoint     ] Total time for which application threads were stopped: 0.0003557 seconds, Stopping threads took: 0.0000551 seconds
[2023-11-15T09:31:46.541+0000][44957.699s][debug][safepoint     ] Safepoint synchronization initiated. (183 threads)
[2023-11-15T09:31:46.541+0000][44957.699s][info ][safepoint     ] Application time: 1.0001785 seconds
[2023-11-15T09:31:46.541+0000][44957.699s][info ][safepoint     ] Entering safepoint region: Cleanup
[2023-11-15T09:31:46.541+0000][44957.700s][info ][safepoint     ] Leaving safepoint region
[2023-11-15T09:31:46.542+0000][44957.700s][info ][safepoint     ] Total time for which application threads were stopped: 0.0003783 seconds, Stopping threads took: 0.0000554 seconds
[2023-11-15T09:31:47.542+0000][44958.700s][debug][safepoint     ] Safepoint synchronization initiated. (183 threads)
[2023-11-15T09:31:47.542+0000][44958.700s][info ][safepoint     ] Application time: 1.0001541 seconds
[2023-11-15T09:31:47.542+0000][44958.700s][info ][safepoint     ] Entering safepoint region: Cleanup
[2023-11-15T09:31:47.542+0000][44958.700s][info ][safepoint     ] Leaving safepoint region
[2023-11-15T09:31:47.542+0000][44958.700s][info ][safepoint     ] Total time for which application threads were stopped: 0.0003551 seconds, Stopping threads took: 0.0000551 seconds
[2023-11-15T09:31:48.542+0000][44959.700s][debug][safepoint     ] Safepoint synchronization initiated. (183 threads)
[2023-11-15T09:31:48.542+0000][44959.700s][info ][safepoint     ] Application time: 1.0001719 seconds
[2023-11-15T09:31:48.542+0000][44959.700s][info ][safepoint     ] Entering safepoint region: Cleanup
[2023-11-15T09:31:48.543+0000][44959.701s][info ][safepoint     ] Leaving safepoint region
[2023-11-15T09:31:48.543+0000][44959.701s][info ][safepoint     ] Total time for which application threads were stopped: 0.0003658 seconds, Stopping threads took: 0.0000585 seconds
[2023-11-15T09:31:49.543+0000][44960.701s][debug][safepoint     ] Safepoint synchronization initiated. (183 threads)
[2023-11-15T09:31:49.543+0000][44960.701s][info ][safepoint     ] Application time: 1.0001736 seconds
[2023-11-15T09:31:49.543+0000][44960.701s][info ][safepoint     ] Entering safepoint region: Cleanup
[2023-11-15T09:31:49.543+0000][44960.701s][info ][safepoint     ] Leaving safepoint region
[2023-11-15T09:31:49.543+0000][44960.701s][info ][safepoint     ] Total time for which application threads were stopped: 0.0003685 seconds, Stopping threads took: 0.0000573 seconds
[2023-11-15T09:31:50.543+0000][44961.701s][debug][safepoint     ] Safepoint synchronization initiated. (183 threads)
[2023-11-15T09:31:50.543+0000][44961.701s][info ][safepoint     ] Application time: 1.0001731 seconds
[2023-11-15T09:31:50.543+0000][44961.702s][info ][safepoint     ] Entering safepoint region: Cleanup
[2023-11-15T09:31:50.544+0000][44961.702s][info ][safepoint     ] Leaving safepoint region
[2023-11-15T09:31:50.544+0000][44961.702s][info ][safepoint     ] Total time for which application threads were stopped: 0.0003772 seconds, Stopping threads took: 0.0000846 seconds
[2023-11-15T09:31:51.544+0000][44962.702s][debug][safepoint     ] Safepoint synchronization initiated. (183 threads)
[2023-11-15T09:31:51.544+0000][44962.702s][info ][safepoint     ] Application time: 1.0001618 seconds
[2023-11-15T09:31:51.544+0000][44962.702s][info ][safepoint     ] Entering safepoint region: Cleanup
[2023-11-15T09:31:51.544+0000][44962.702s][info ][safepoint     ] Leaving safepoint region
[2023-11-15T09:31:51.544+0000][44962.702s][info ][safepoint     ] Total time for which application threads were stopped: 0.0003549 seconds, Stopping threads took: 0.0000548 seconds
[2023-11-15T09:31:52.544+0000][44963.703s][debug][safepoint     ] Safepoint synchronization initiated. (183 threads)
[2023-11-15T09:31:52.545+0000][44963.703s][info ][safepoint     ] Application time: 1.0001610 seconds
[2023-11-15T09:31:52.545+0000][44963.703s][info ][safepoint     ] Entering safepoint region: Cleanup
[2023-11-15T09:31:52.545+0000][44963.703s][info ][safepoint     ] Leaving safepoint region
[2023-11-15T09:31:52.545+0000][44963.703s][info ][safepoint     ] Total time for which application threads were stopped: 0.0003646 seconds, Stopping threads took: 0.0000570 seconds
[2023-11-15T09:31:53.545+0000][44964.703s][debug][safepoint     ] Safepoint synchronization initiated. (183 threads)
[2023-11-15T09:31:53.545+0000][44964.703s][info ][safepoint     ] Application time: 1.0001660 seconds
[2023-11-15T09:31:53.545+0000][44964.703s][info ][safepoint     ] Entering safepoint region: Cleanup
[2023-11-15T09:31:53.546+0000][44964.704s][info ][safepoint     ] Leaving safepoint region
[2023-11-15T09:31:53.546+0000][44964.704s][info ][safepoint     ] Total time for which application threads were stopped: 0.0005944 seconds, Stopping threads took: 0.0002608 seconds
[2023-11-15T09:31:54.546+0000][44965.704s][debug][safepoint     ] Safepoint synchronization initiated. (183 threads)
[2023-11-15T09:31:54.546+0000][44965.704s][info ][safepoint     ] Application time: 1.0001536 seconds
[2023-11-15T09:31:54.546+0000][44965.704s][info ][safepoint     ] Entering safepoint region: Cleanup
[2023-11-15T09:31:54.546+0000][44965.704s][info ][safepoint     ] Leaving safepoint region
[2023-11-15T09:31:54.546+0000][44965.704s][info ][safepoint     ] Total time for which application threads were stopped: 0.0003558 seconds, Stopping threads took: 0.0000545 seconds
[2023-11-15T09:31:55.546+0000][44966.704s][debug][safepoint     ] Safepoint synchronization initiated. (183 threads)
[2023-11-15T09:31:55.546+0000][44966.704s][info ][safepoint     ] Application time: 1.0001505 seconds
[2023-11-15T09:31:55.546+0000][44966.705s][info ][safepoint     ] Entering safepoint region: Cleanup
[2023-11-15T09:31:55.547+0000][44966.705s][info ][safepoint     ] Leaving safepoint region
[2023-11-15T09:31:55.547+0000][44966.705s][info ][safepoint     ] Total time for which application threads were stopped: 0.0003253 seconds, Stopping threads took: 0.0000550 seconds
[2023-11-15T09:31:56.547+0000][44967.705s][debug][safepoint     ] Safepoint synchronization initiated. (183 threads)
[2023-11-15T09:31:56.547+0000][44967.705s][info ][safepoint     ] Application time: 1.0001532 seconds
[2023-11-15T09:31:56.547+0000][44967.705s][info ][safepoint     ] Entering safepoint region: Cleanup
[2023-11-15T09:31:56.547+0000][44967.705s][info ][safepoint     ] Leaving safepoint region
[2023-11-15T09:31:56.547+0000][44967.705s][info ][safepoint     ] Total time for which application threads were stopped: 0.0002742 seconds, Stopping threads took: 0.0000550 seconds
[2023-11-15T09:31:57.547+0000][44968.705s][debug][safepoint     ] Safepoint synchronization initiated. (183 threads)
[2023-11-15T09:31:57.547+0000][44968.705s][info ][safepoint     ] Application time: 1.0001553 seconds
[2023-11-15T09:31:57.547+0000][44968.706s][info ][safepoint     ] Entering safepoint region: Cleanup
[2023-11-15T09:31:57.548+0000][44968.706s][info ][safepoint     ] Leaving safepoint region
[2023-11-15T09:31:57.548+0000][44968.706s][info ][safepoint     ] Total time for which application threads were stopped: 0.0003881 seconds, Stopping threads took: 0.0000797 seconds
[2023-11-15T09:31:58.548+0000][44969.706s][debug][safepoint     ] Safepoint synchronization initiated. (183 threads)
[2023-11-15T09:31:58.548+0000][44969.706s][info ][safepoint     ] Application time: 1.0001384 seconds
[2023-11-15T09:31:58.548+0000][44969.706s][info ][safepoint     ] Entering safepoint region: Cleanup
[2023-11-15T09:31:58.548+0000][44969.707s][info ][safepoint     ] Leaving safepoint region
[2023-11-15T09:31:58.549+0000][44969.707s][info ][safepoint     ] Total time for which application threads were stopped: 0.0005469 seconds, Stopping threads took: 0.0002685 seconds
[2023-11-15T09:31:59.549+0000][44970.707s][debug][safepoint     ] Safepoint synchronization initiated. (183 threads)
[2023-11-15T09:31:59.549+0000][44970.707s][info ][safepoint     ] Application time: 1.0001354 seconds
[2023-11-15T09:31:59.549+0000][44970.707s][info ][safepoint     ] Entering safepoint region: Cleanup
[2023-11-15T09:31:59.549+0000][44970.707s][info ][safepoint     ] Leaving safepoint region
[2023-11-15T09:31:59.549+0000][44970.707s][info ][safepoint     ] Total time for which application threads were stopped: 0.0002106 seconds, Stopping threads took: 0.0000409 seconds
[2023-11-15T09:32:00.549+0000][44971.707s][debug][safepoint     ] Safepoint synchronization initiated. (183 threads)
[2023-11-15T09:32:00.549+0000][44971.707s][info ][safepoint     ] Application time: 1.0001739 seconds
[2023-11-15T09:32:00.549+0000][44971.707s][info ][safepoint     ] Entering safepoint region: Cleanup
[2023-11-15T09:32:00.549+0000][44971.708s][info ][safepoint     ] Leaving safepoint region
[2023-11-15T09:32:00.549+0000][44971.708s][info ][safepoint     ] Total time for which application threads were stopped: 0.0003831 seconds, Stopping threads took: 0.0000825 seconds
[2023-11-15T09:32:01.550+0000][44972.708s][debug][safepoint     ] Safepoint synchronization initiated. (183 threads)
[2023-11-15T09:32:01.550+0000][44972.708s][info ][safepoint     ] Application time: 1.0001770 seconds
[2023-11-15T09:32:01.550+0000][44972.708s][info ][safepoint     ] Entering safepoint region: Cleanup
[2023-11-15T09:32:01.550+0000][44972.708s][info ][safepoint     ] Leaving safepoint region
[2023-11-15T09:32:01.550+0000][44972.708s][info ][safepoint     ] Total time for which application threads were stopped: 0.0003527 seconds, Stopping threads took: 0.0000551 seconds
[2023-11-15T09:32:02.550+0000][44973.708s][debug][safepoint     ] Safepoint synchronization initiated. (183 threads)
[2023-11-15T09:32:02.550+0000][44973.708s][info ][safepoint     ] Application time: 1.0001828 seconds
[2023-11-15T09:32:02.550+0000][44973.708s][info ][safepoint     ] Entering safepoint region: Cleanup
[2023-11-15T09:32:02.551+0000][44973.709s][info ][safepoint     ] Leaving safepoint region
[2023-11-15T09:32:02.551+0000][44973.709s][info ][safepoint     ] Total time for which application threads were stopped: 0.0003516 seconds, Stopping threads took: 0.0000589 seconds
[2023-11-15T09:32:03.551+0000][44974.709s][debug][safepoint     ] Safepoint synchronization initiated. (183 threads)
[2023-11-15T09:32:03.551+0000][44974.709s][info ][safepoint     ] Application time: 1.0001632 seconds
[2023-11-15T09:32:03.551+0000][44974.709s][info ][safepoint     ] Entering safepoint region: Cleanup
[2023-11-15T09:32:03.551+0000][44974.709s][info ][safepoint     ] Leaving safepoint region
[2023-11-15T09:32:03.551+0000][44974.709s][info ][safepoint     ] Total time for which application threads were stopped: 0.0005749 seconds, Stopping threads took: 0.0003056 seconds
[2023-11-15T09:32:04.552+0000][44975.710s][debug][safepoint     ] Safepoint synchronization initiated. (183 threads)
[2023-11-15T09:32:04.552+0000][44975.710s][info ][safepoint     ] Application time: 1.0001564 seconds
[2023-11-15T09:32:04.552+0000][44975.710s][info ][safepoint     ] Entering safepoint region: Cleanup
[2023-11-15T09:32:04.552+0000][44975.710s][info ][safepoint     ] Leaving safepoint region
[2023-11-15T09:32:04.552+0000][44975.710s][info ][safepoint     ] Total time for which application threads were stopped: 0.0003670 seconds, Stopping threads took: 0.0000581 seconds
[2023-11-15T09:32:05.552+0000][44976.710s][debug][safepoint     ] Safepoint synchronization initiated. (183 threads)
[2023-11-15T09:32:05.552+0000][44976.710s][info ][safepoint     ] Application time: 1.0001294 seconds
[2023-11-15T09:32:05.552+0000][44976.710s][info ][safepoint     ] Entering safepoint region: Cleanup
[2023-11-15T09:32:05.552+0000][44976.710s][info ][safepoint     ] Leaving safepoint region
[2023-11-15T09:32:05.552+0000][44976.710s][info ][safepoint     ] Total time for which application threads were stopped: 0.0003048 seconds, Stopping threads took: 0.0000542 seconds
[2023-11-15T09:32:06.553+0000][44977.711s][debug][safepoint     ] Safepoint synchronization initiated. (183 threads)
[2023-11-15T09:32:06.553+0000][44977.711s][info ][safepoint     ] Application time: 1.0001746 seconds
[2023-11-15T09:32:06.553+0000][44977.711s][info ][safepoint     ] Entering safepoint region: Cleanup
[2023-11-15T09:32:06.553+0000][44977.711s][info ][safepoint     ] Leaving safepoint region
[2023-11-15T09:32:06.553+0000][44977.711s][info ][safepoint     ] Total time for which application threads were stopped: 0.0003279 seconds, Stopping threads took: 0.0000567 seconds
[2023-11-15T09:32:07.553+0000][44978.711s][debug][safepoint     ] Safepoint synchronization initiated. (183 threads)
[2023-11-15T09:32:07.553+0000][44978.711s][info ][safepoint     ] Application time: 1.0001816 seconds
[2023-11-15T09:32:07.553+0000][44978.711s][info ][safepoint     ] Entering safepoint region: Cleanup
[2023-11-15T09:32:07.553+0000][44978.712s][info ][safepoint     ] Leaving safepoint region
[2023-11-15T09:32:07.553+0000][44978.712s][info ][safepoint     ] Total time for which application threads were stopped: 0.0003071 seconds, Stopping threads took: 0.0000795 seconds
[2023-11-15T09:32:08.554+0000][44979.712s][debug][safepoint     ] Safepoint synchronization initiated. (183 threads)
[2023-11-15T09:32:08.554+0000][44979.712s][info ][safepoint     ] Application time: 1.0001511 seconds
[2023-11-15T09:32:08.554+0000][44979.712s][info ][safepoint     ] Entering safepoint region: Cleanup
[2023-11-15T09:32:08.554+0000][44979.712s][info ][safepoint     ] Leaving safepoint region
[2023-11-15T09:32:08.554+0000][44979.712s][info ][safepoint     ] Total time for which application threads were stopped: 0.0004475 seconds, Stopping threads took: 0.0001764 seconds
[2023-11-15T09:32:09.554+0000][44980.712s][debug][safepoint     ] Safepoint synchronization initiated. (183 threads)
[2023-11-15T09:32:09.554+0000][44980.712s][info ][safepoint     ] Application time: 1.0001404 seconds
[2023-11-15T09:32:09.554+0000][44980.712s][info ][safepoint     ] Entering safepoint region: Cleanup
[2023-11-15T09:32:09.555+0000][44980.713s][info ][safepoint     ] Leaving safepoint region
[2023-11-15T09:32:09.555+0000][44980.713s][info ][safepoint     ] Total time for which application threads were stopped: 0.0003025 seconds, Stopping threads took: 0.0000533 seconds
[2023-11-15T09:32:10.555+0000][44981.713s][debug][safepoint     ] Safepoint synchronization initiated. (183 threads)
[2023-11-15T09:32:10.555+0000][44981.713s][info ][safepoint     ] Application time: 1.0001551 seconds
[2023-11-15T09:32:10.555+0000][44981.713s][info ][safepoint     ] Entering safepoint region: Cleanup
[2023-11-15T09:32:10.555+0000][44981.713s][info ][safepoint     ] Leaving safepoint region
[2023-11-15T09:32:10.555+0000][44981.713s][info ][safepoint     ] Total time for which application threads were stopped: 0.0003545 seconds, Stopping threads took: 0.0000553 seconds
[2023-11-15T09:32:11.555+0000][44982.713s][debug][safepoint     ] Safepoint synchronization initiated. (183 threads)
[2023-11-15T09:32:11.555+0000][44982.713s][info ][safepoint     ] Application time: 1.0001558 seconds
[2023-11-15T09:32:11.555+0000][44982.713s][info ][safepoint     ] Entering safepoint region: Cleanup
[2023-11-15T09:32:11.556+0000][44982.714s][info ][safepoint     ] Leaving safepoint region
[2023-11-15T09:32:11.556+0000][44982.714s][info ][safepoint     ] Total time for which application threads were stopped: 0.0003126 seconds, Stopping threads took: 0.0000543 seconds
[2023-11-15T09:32:12.556+0000][44983.714s][debug][safepoint     ] Safepoint synchronization initiated. (183 threads)
[2023-11-15T09:32:12.556+0000][44983.714s][info ][safepoint     ] Application time: 1.0001599 seconds
[2023-11-15T09:32:12.556+0000][44983.714s][info ][safepoint     ] Entering safepoint region: Cleanup
[2023-11-15T09:32:12.556+0000][44983.714s][info ][safepoint     ] Leaving safepoint region
[2023-11-15T09:32:12.556+0000][44983.714s][info ][safepoint     ] Total time for which application threads were stopped: 0.0002971 seconds, Stopping threads took: 0.0000551 seconds
[2023-11-15T09:32:13.556+0000][44984.714s][debug][safepoint     ] Safepoint synchronization initiated. (183 threads)
[2023-11-15T09:32:13.556+0000][44984.714s][info ][safepoint     ] Application time: 1.0001652 seconds
[2023-11-15T09:32:13.556+0000][44984.714s][info ][safepoint     ] Entering safepoint region: Cleanup
[2023-11-15T09:32:13.557+0000][44984.715s][info ][safepoint     ] Leaving safepoint region
[2023-11-15T09:32:13.557+0000][44984.715s][info ][safepoint     ] Total time for which application threads were stopped: 0.0004302 seconds, Stopping threads took: 0.0001955 seconds
[2023-11-15T09:32:14.557+0000][44985.715s][debug][safepoint     ] Safepoint synchronization initiated. (183 threads)
[2023-11-15T09:32:14.557+0000][44985.715s][info ][safepoint     ] Application time: 1.0001634 seconds
[2023-11-15T09:32:14.557+0000][44985.715s][info ][safepoint     ] Entering safepoint region: Cleanup
[2023-11-15T09:32:14.557+0000][44985.715s][info ][safepoint     ] Leaving safepoint region
[2023-11-15T09:32:14.557+0000][44985.715s][info ][safepoint     ] Total time for which application threads were stopped: 0.0003494 seconds, Stopping threads took: 0.0000586 seconds
[2023-11-15T09:32:15.557+0000][44986.716s][debug][safepoint     ] Safepoint synchronization initiated. (183 threads)
[2023-11-15T09:32:15.558+0000][44986.716s][info ][safepoint     ] Application time: 1.0002574 seconds
[2023-11-15T09:32:15.558+0000][44986.716s][info ][safepoint     ] Entering safepoint region: Cleanup
[2023-11-15T09:32:15.558+0000][44986.716s][info ][safepoint     ] Leaving safepoint region
[2023-11-15T09:32:15.558+0000][44986.716s][info ][safepoint     ] Total time for which application threads were stopped: 0.0002674 seconds, Stopping threads took: 0.0000599 seconds
[2023-11-15T09:32:16.558+0000][44987.716s][debug][safepoint     ] Safepoint synchronization initiated. (183 threads)
[2023-11-15T09:32:16.558+0000][44987.716s][info ][safepoint     ] Application time: 1.0001820 seconds
[2023-11-15T09:32:16.558+0000][44987.716s][info ][safepoint     ] Entering safepoint region: Cleanup
[2023-11-15T09:32:16.558+0000][44987.717s][info ][safepoint     ] Leaving safepoint region
[2023-11-15T09:32:16.559+0000][44987.717s][info ][safepoint     ] Total time for which application threads were stopped: 0.0003643 seconds, Stopping threads took: 0.0000555 seconds
[2023-11-15T09:32:17.559+0000][44988.717s][debug][safepoint     ] Safepoint synchronization initiated. (183 threads)
[2023-11-15T09:32:17.559+0000][44988.717s][info ][safepoint     ] Application time: 1.0001631 seconds
[2023-11-15T09:32:17.559+0000][44988.717s][info ][safepoint     ] Entering safepoint region: Cleanup
[2023-11-15T09:32:17.559+0000][44988.717s][info ][safepoint     ] Leaving safepoint region
[2023-11-15T09:32:17.559+0000][44988.717s][info ][safepoint     ] Total time for which application threads were stopped: 0.0003478 seconds, Stopping threads took: 0.0000561 seconds
[2023-11-15T09:32:18.559+0000][44989.717s][debug][safepoint     ] Safepoint synchronization initiated. (183 threads)
[2023-11-15T09:32:18.559+0000][44989.717s][info ][safepoint     ] Application time: 1.0001617 seconds
[2023-11-15T09:32:18.559+0000][44989.717s][info ][safepoint     ] Entering safepoint region: Cleanup
[2023-11-15T09:32:18.560+0000][44989.718s][info ][safepoint     ] Leaving safepoint region
[2023-11-15T09:32:18.560+0000][44989.718s][info ][safepoint     ] Total time for which application threads were stopped: 0.0003184 seconds, Stopping threads took: 0.0000628 seconds
[2023-11-15T09:32:19.560+0000][44990.718s][debug][safepoint     ] Safepoint synchronization initiated. (183 threads)
[2023-11-15T09:32:19.560+0000][44990.718s][info ][safepoint     ] Application time: 1.0001545 seconds
[2023-11-15T09:32:19.560+0000][44990.718s][info ][safepoint     ] Entering safepoint region: Cleanup
[2023-11-15T09:32:19.560+0000][44990.718s][info ][safepoint     ] Leaving safepoint region
[2023-11-15T09:32:19.560+0000][44990.718s][info ][safepoint     ] Total time for which application threads were stopped: 0.0002688 seconds, Stopping threads took: 0.0000563 seconds
[2023-11-15T09:32:20.560+0000][44991.718s][debug][safepoint     ] Safepoint synchronization initiated. (183 threads)
[2023-11-15T09:32:20.560+0000][44991.718s][info ][safepoint     ] Application time: 1.0001633 seconds
[2023-11-15T09:32:20.560+0000][44991.718s][info ][safepoint     ] Entering safepoint region: Cleanup
[2023-11-15T09:32:20.561+0000][44991.719s][info ][safepoint     ] Leaving safepoint region
[2023-11-15T09:32:20.561+0000][44991.719s][info ][safepoint     ] Total time for which application threads were stopped: 0.0003638 seconds, Stopping threads took: 0.0000555 seconds
[2023-11-15T09:32:21.561+0000][44992.719s][debug][safepoint     ] Safepoint synchronization initiated. (183 threads)
[2023-11-15T09:32:21.561+0000][44992.719s][info ][safepoint     ] Application time: 1.0001855 seconds
[2023-11-15T09:32:21.561+0000][44992.719s][info ][safepoint     ] Entering safepoint region: Cleanup
[2023-11-15T09:32:21.561+0000][44992.719s][info ][safepoint     ] Leaving safepoint region
[2023-11-15T09:32:21.561+0000][44992.719s][info ][safepoint     ] Total time for which application threads were stopped: 0.0003660 seconds, Stopping threads took: 0.0000583 seconds
[2023-11-15T09:32:22.561+0000][44993.719s][debug][safepoint     ] Safepoint synchronization initiated. (183 threads)
[2023-11-15T09:32:22.561+0000][44993.719s][info ][safepoint     ] Application time: 1.0001641 seconds
[2023-11-15T09:32:22.561+0000][44993.720s][info ][safepoint     ] Entering safepoint region: Cleanup
[2023-11-15T09:32:22.562+0000][44993.720s][info ][safepoint     ] Leaving safepoint region
[2023-11-15T09:32:22.562+0000][44993.720s][info ][safepoint     ] Total time for which application threads were stopped: 0.0003632 seconds, Stopping threads took: 0.0000575 seconds
[2023-11-15T09:32:23.562+0000][44994.720s][debug][safepoint     ] Safepoint synchronization initiated. (183 threads)
[2023-11-15T09:32:23.562+0000][44994.720s][info ][safepoint     ] Application time: 1.0001759 seconds
[2023-11-15T09:32:23.562+0000][44994.720s][info ][safepoint     ] Entering safepoint region: Cleanup
[2023-11-15T09:32:23.563+0000][44994.721s][info ][safepoint     ] Leaving safepoint region
[2023-11-15T09:32:23.563+0000][44994.721s][info ][safepoint     ] Total time for which application threads were stopped: 0.0005683 seconds, Stopping threads took: 0.0002883 seconds
[2023-11-15T09:32:24.563+0000][44995.721s][debug][safepoint     ] Safepoint synchronization initiated. (183 threads)
[2023-11-15T09:32:24.563+0000][44995.721s][info ][safepoint     ] Application time: 1.0001583 seconds
[2023-11-15T09:32:24.563+0000][44995.721s][info ][safepoint     ] Entering safepoint region: Cleanup
[2023-11-15T09:32:24.563+0000][44995.721s][info ][safepoint     ] Leaving safepoint region
[2023-11-15T09:32:24.563+0000][44995.721s][info ][safepoint     ] Total time for which application threads were stopped: 0.0003659 seconds, Stopping threads took: 0.0000563 seconds
[2023-11-15T09:32:25.563+0000][44996.721s][debug][safepoint     ] Safepoint synchronization initiated. (183 threads)
[2023-11-15T09:32:25.563+0000][44996.721s][info ][safepoint     ] Application time: 1.0001593 seconds
[2023-11-15T09:32:25.563+0000][44996.721s][info ][safepoint     ] Entering safepoint region: Cleanup
[2023-11-15T09:32:25.564+0000][44996.722s][info ][safepoint     ] Leaving safepoint region
[2023-11-15T09:32:25.564+0000][44996.722s][info ][safepoint     ] Total time for which application threads were stopped: 0.0003115 seconds, Stopping threads took: 0.0000569 seconds
[2023-11-15T09:32:26.564+0000][44997.722s][debug][safepoint     ] Safepoint synchronization initiated. (183 threads)
[2023-11-15T09:32:26.564+0000][44997.722s][info ][safepoint     ] Application time: 1.0001669 seconds
[2023-11-15T09:32:26.564+0000][44997.722s][info ][safepoint     ] Entering safepoint region: Cleanup
[2023-11-15T09:32:26.564+0000][44997.722s][info ][safepoint     ] Leaving safepoint region
[2023-11-15T09:32:26.564+0000][44997.722s][info ][safepoint     ] Total time for which application threads were stopped: 0.0002773 seconds, Stopping threads took: 0.0000563 seconds
[2023-11-15T09:32:27.208+0000][44998.366s][debug][safepoint     ] Safepoint synchronization initiated. (183 threads)
[2023-11-15T09:32:27.208+0000][44998.366s][info ][safepoint     ] Application time: 0.6442049 seconds
[2023-11-15T09:32:27.208+0000][44998.366s][info ][safepoint     ] Entering safepoint region: Deoptimize
[2023-11-15T09:32:27.211+0000][44998.369s][info ][safepoint     ] Leaving safepoint region
[2023-11-15T09:32:27.211+0000][44998.369s][info ][safepoint     ] Total time for which application threads were stopped: 0.0022055 seconds, Stopping threads took: 0.0000493 seconds
[2023-11-15T09:32:28.211+0000][44999.369s][debug][safepoint     ] Safepoint synchronization initiated. (183 threads)
[2023-11-15T09:32:28.211+0000][44999.369s][info ][safepoint     ] Application time: 1.0001965 seconds
[2023-11-15T09:32:28.211+0000][44999.369s][info ][safepoint     ] Entering safepoint region: Cleanup
[2023-11-15T09:32:28.211+0000][44999.369s][info ][safepoint     ] Leaving safepoint region
[2023-11-15T09:32:28.211+0000][44999.369s][info ][safepoint     ] Total time for which application threads were stopped: 0.0003616 seconds, Stopping threads took: 0.0000557 seconds
[2023-11-15T09:32:29.211+0000][45000.369s][debug][safepoint     ] Safepoint synchronization initiated. (183 threads)
[2023-11-15T09:32:29.211+0000][45000.369s][info ][safepoint     ] Application time: 1.0001338 seconds
[2023-11-15T09:32:29.211+0000][45000.369s][info ][safepoint     ] Entering safepoint region: Cleanup
[2023-11-15T09:32:29.212+0000][45000.370s][info ][safepoint     ] Leaving safepoint region
[2023-11-15T09:32:29.212+0000][45000.370s][info ][safepoint     ] Total time for which application threads were stopped: 0.0002602 seconds, Stopping threads took: 0.0000456 seconds
[2023-11-15T09:32:30.212+0000][45001.370s][debug][safepoint     ] Safepoint synchronization initiated. (183 threads)
[2023-11-15T09:32:30.212+0000][45001.370s][info ][safepoint     ] Application time: 1.0001837 seconds
[2023-11-15T09:32:30.212+0000][45001.370s][info ][safepoint     ] Entering safepoint region: Cleanup
[2023-11-15T09:32:30.212+0000][45001.370s][info ][safepoint     ] Leaving safepoint region
[2023-11-15T09:32:30.212+0000][45001.370s][info ][safepoint     ] Total time for which application threads were stopped: 0.0002612 seconds, Stopping threads took: 0.0000532 seconds
[2023-11-15T09:32:31.212+0000][45002.370s][debug][safepoint     ] Safepoint synchronization initiated. (183 threads)
[2023-11-15T09:32:31.212+0000][45002.370s][info ][safepoint     ] Application time: 1.0001517 seconds
[2023-11-15T09:32:31.212+0000][45002.370s][info ][safepoint     ] Entering safepoint region: Cleanup
[2023-11-15T09:32:31.213+0000][45002.371s][info ][safepoint     ] Leaving safepoint region
[2023-11-15T09:32:31.213+0000][45002.371s][info ][safepoint     ] Total time for which application threads were stopped: 0.0002728 seconds, Stopping threads took: 0.0000532 seconds
[2023-11-15T09:32:32.213+0000][45003.371s][debug][safepoint     ] Safepoint synchronization initiated. (183 threads)
[2023-11-15T09:32:32.213+0000][45003.371s][info ][safepoint     ] Application time: 1.0001617 seconds
[2023-11-15T09:32:32.213+0000][45003.371s][info ][safepoint     ] Entering safepoint region: Cleanup
[2023-11-15T09:32:32.213+0000][45003.371s][info ][safepoint     ] Leaving safepoint region
[2023-11-15T09:32:32.213+0000][45003.371s][info ][safepoint     ] Total time for which application threads were stopped: 0.0003608 seconds, Stopping threads took: 0.0000545 seconds
[2023-11-15T09:32:33.213+0000][45004.371s][debug][safepoint     ] Safepoint synchronization initiated. (183 threads)
[2023-11-15T09:32:33.213+0000][45004.371s][info ][safepoint     ] Application time: 1.0001571 seconds
[2023-11-15T09:32:33.213+0000][45004.371s][info ][safepoint     ] Entering safepoint region: Cleanup
[2023-11-15T09:32:33.214+0000][45004.372s][info ][safepoint     ] Leaving safepoint region
[2023-11-15T09:32:33.214+0000][45004.372s][info ][safepoint     ] Total time for which application threads were stopped: 0.0003555 seconds, Stopping threads took: 0.0000540 seconds
[2023-11-15T09:32:34.214+0000][45005.372s][debug][safepoint     ] Safepoint synchronization initiated. (183 threads)
[2023-11-15T09:32:34.214+0000][45005.372s][info ][safepoint     ] Application time: 1.0001540 seconds
[2023-11-15T09:32:34.214+0000][45005.372s][info ][safepoint     ] Entering safepoint region: Cleanup
[2023-11-15T09:32:34.214+0000][45005.372s][info ][safepoint     ] Leaving safepoint region
[2023-11-15T09:32:34.214+0000][45005.372s][info ][safepoint     ] Total time for which application threads were stopped: 0.0005693 seconds, Stopping threads took: 0.0002087 seconds
[2023-11-15T09:32:35.215+0000][45006.373s][debug][safepoint     ] Safepoint synchronization initiated. (183 threads)
[2023-11-15T09:32:35.215+0000][45006.373s][info ][safepoint     ] Application time: 1.0001973 seconds
[2023-11-15T09:32:35.215+0000][45006.373s][info ][safepoint     ] Entering safepoint region: Cleanup
[2023-11-15T09:32:35.215+0000][45006.373s][info ][safepoint     ] Leaving safepoint region
[2023-11-15T09:32:35.215+0000][45006.373s][info ][safepoint     ] Total time for which application threads were stopped: 0.0003582 seconds, Stopping threads took: 0.0000546 seconds
[2023-11-15T09:32:36.215+0000][45007.373s][debug][safepoint     ] Safepoint synchronization initiated. (183 threads)
[2023-11-15T09:32:36.215+0000][45007.373s][info ][safepoint     ] Application time: 1.0001583 seconds
[2023-11-15T09:32:36.215+0000][45007.373s][info ][safepoint     ] Entering safepoint region: Cleanup
[2023-11-15T09:32:36.215+0000][45007.374s][info ][safepoint     ] Leaving safepoint region
[2023-11-15T09:32:36.216+0000][45007.374s][info ][safepoint     ] Total time for which application threads were stopped: 0.0003530 seconds, Stopping threads took: 0.0000525 seconds
[2023-11-15T09:32:37.216+0000][45008.374s][debug][safepoint     ] Safepoint synchronization initiated. (183 threads)
[2023-11-15T09:32:37.216+0000][45008.374s][info ][safepoint     ] Application time: 1.0001500 seconds
[2023-11-15T09:32:37.216+0000][45008.374s][info ][safepoint     ] Entering safepoint region: Cleanup
[2023-11-15T09:32:37.216+0000][45008.374s][info ][safepoint     ] Leaving safepoint region
[2023-11-15T09:32:37.216+0000][45008.374s][info ][safepoint     ] Total time for which application threads were stopped: 0.0002618 seconds, Stopping threads took: 0.0000542 seconds
[2023-11-15T09:32:38.216+0000][45009.374s][debug][safepoint     ] Safepoint synchronization initiated. (183 threads)
[2023-11-15T09:32:38.216+0000][45009.374s][info ][safepoint     ] Application time: 1.0001683 seconds
[2023-11-15T09:32:38.216+0000][45009.374s][info ][safepoint     ] Entering safepoint region: Cleanup
[2023-11-15T09:32:38.216+0000][45009.374s][info ][safepoint     ] Leaving safepoint region
[2023-11-15T09:32:38.216+0000][45009.374s][info ][safepoint     ] Total time for which application threads were stopped: 0.0002586 seconds, Stopping threads took: 0.0000535 seconds
[2023-11-15T09:32:39.217+0000][45010.375s][debug][safepoint     ] Safepoint synchronization initiated. (182 threads)
[2023-11-15T09:32:39.217+0000][45010.375s][info ][safepoint     ] Application time: 1.0001295 seconds
[2023-11-15T09:32:39.217+0000][45010.375s][info ][safepoint     ] Entering safepoint region: Cleanup
[2023-11-15T09:32:39.217+0000][45010.375s][info ][safepoint     ] Leaving safepoint region
[2023-11-15T09:32:39.217+0000][45010.375s][info ][safepoint     ] Total time for which application threads were stopped: 0.0002840 seconds, Stopping threads took: 0.0000373 seconds
[2023-11-15T09:32:40.217+0000][45011.375s][debug][safepoint     ] Safepoint synchronization initiated. (182 threads)
[2023-11-15T09:32:40.217+0000][45011.375s][info ][safepoint     ] Application time: 1.0001528 seconds
[2023-11-15T09:32:40.217+0000][45011.375s][info ][safepoint     ] Entering safepoint region: Cleanup
[2023-11-15T09:32:40.217+0000][45011.375s][info ][safepoint     ] Leaving safepoint region
[2023-11-15T09:32:40.217+0000][45011.375s][info ][safepoint     ] Total time for which application threads were stopped: 0.0002965 seconds, Stopping threads took: 0.0000506 seconds
[2023-11-15T09:32:41.217+0000][45012.376s][debug][safepoint     ] Safepoint synchronization initiated. (182 threads)
[2023-11-15T09:32:41.218+0000][45012.376s][info ][safepoint     ] Application time: 1.0001674 seconds
[2023-11-15T09:32:41.218+0000][45012.376s][info ][safepoint     ] Entering safepoint region: Cleanup
[2023-11-15T09:32:41.218+0000][45012.376s][info ][safepoint     ] Leaving safepoint region
[2023-11-15T09:32:41.218+0000][45012.376s][debug][safepoint     ] ... found polling page return exception at pc = 0x00007fe180ff1766, stub =0x00007fe17883a800
[2023-11-15T09:32:41.218+0000][45012.376s][info ][safepoint     ] Total time for which application threads were stopped: 0.0002957 seconds, Stopping threads took: 0.0000525 seconds
[2023-11-15T09:32:42.218+0000][45013.376s][debug][safepoint     ] Safepoint synchronization initiated. (182 threads)
[2023-11-15T09:32:42.218+0000][45013.376s][info ][safepoint     ] Application time: 1.0001650 seconds
[2023-11-15T09:32:42.218+0000][45013.376s][info ][safepoint     ] Entering safepoint region: Cleanup
[2023-11-15T09:32:42.218+0000][45013.376s][info ][safepoint     ] Leaving safepoint region
[2023-11-15T09:32:42.218+0000][45013.376s][info ][safepoint     ] Total time for which application threads were stopped: 0.0002618 seconds, Stopping threads took: 0.0000552 seconds
[2023-11-15T09:32:43.218+0000][45014.377s][debug][safepoint     ] Safepoint synchronization initiated. (182 threads)
[2023-11-15T09:32:43.219+0000][45014.377s][info ][safepoint     ] Application time: 1.0001412 seconds
[2023-11-15T09:32:43.219+0000][45014.377s][info ][safepoint     ] Entering safepoint region: Cleanup
[2023-11-15T09:32:43.219+0000][45014.377s][info ][safepoint     ] Leaving safepoint region
[2023-11-15T09:32:43.219+0000][45014.377s][info ][safepoint     ] Total time for which application threads were stopped: 0.0002999 seconds, Stopping threads took: 0.0000539 seconds
[2023-11-15T09:32:44.219+0000][45015.377s][debug][safepoint     ] Safepoint synchronization initiated. (182 threads)
[2023-11-15T09:32:44.219+0000][45015.377s][info ][safepoint     ] Application time: 1.0001665 seconds
[2023-11-15T09:32:44.219+0000][45015.377s][info ][safepoint     ] Entering safepoint region: Cleanup
[2023-11-15T09:32:44.219+0000][45015.377s][info ][safepoint     ] Leaving safepoint region
[2023-11-15T09:32:44.219+0000][45015.377s][info ][safepoint     ] Total time for which application threads were stopped: 0.0002557 seconds, Stopping threads took: 0.0000532 seconds
[2023-11-15T09:32:45.219+0000][45016.378s][debug][safepoint     ] Safepoint synchronization initiated. (182 threads)
[2023-11-15T09:32:45.220+0000][45016.378s][info ][safepoint     ] Application time: 1.0001927 seconds
[2023-11-15T09:32:45.220+0000][45016.378s][info ][safepoint     ] Entering safepoint region: Cleanup
[2023-11-15T09:32:45.220+0000][45016.378s][info ][safepoint     ] Leaving safepoint region
[2023-11-15T09:32:45.220+0000][45016.378s][info ][safepoint     ] Total time for which application threads were stopped: 0.0003605 seconds, Stopping threads took: 0.0000543 seconds
[2023-11-15T09:32:46.220+0000][45017.378s][debug][safepoint     ] Safepoint synchronization initiated. (182 threads)
[2023-11-15T09:32:46.220+0000][45017.378s][info ][safepoint     ] Application time: 1.0001592 seconds
[2023-11-15T09:32:46.220+0000][45017.378s][info ][safepoint     ] Entering safepoint region: Cleanup
[2023-11-15T09:32:46.220+0000][45017.378s][info ][safepoint     ] Leaving safepoint region
[2023-11-15T09:32:46.220+0000][45017.379s][info ][safepoint     ] Total time for which application threads were stopped: 0.0003519 seconds, Stopping threads took: 0.0000518 seconds
[2023-11-15T09:32:47.221+0000][45018.379s][debug][safepoint     ] Safepoint synchronization initiated. (182 threads)
[2023-11-15T09:32:47.221+0000][45018.379s][info ][safepoint     ] Application time: 1.0001501 seconds
[2023-11-15T09:32:47.221+0000][45018.379s][info ][safepoint     ] Entering safepoint region: Cleanup
[2023-11-15T09:32:47.221+0000][45018.379s][info ][safepoint     ] Leaving safepoint region
[2023-11-15T09:32:47.221+0000][45018.379s][info ][safepoint     ] Total time for which application threads were stopped: 0.0003403 seconds, Stopping threads took: 0.0000515 seconds
[2023-11-15T09:32:48.221+0000][45019.379s][debug][safepoint     ] Safepoint synchronization initiated. (182 threads)
[2023-11-15T09:32:48.221+0000][45019.379s][info ][safepoint     ] Application time: 1.0001763 seconds
[2023-11-15T09:32:48.221+0000][45019.379s][info ][safepoint     ] Entering safepoint region: Cleanup
[2023-11-15T09:32:48.221+0000][45019.380s][info ][safepoint     ] Leaving safepoint region
[2023-11-15T09:32:48.222+0000][45019.380s][info ][safepoint     ] Total time for which application threads were stopped: 0.0003714 seconds, Stopping threads took: 0.0000536 seconds
[2023-11-15T09:32:49.222+0000][45020.380s][debug][safepoint     ] Safepoint synchronization initiated. (182 threads)
[2023-11-15T09:32:49.222+0000][45020.380s][info ][safepoint     ] Application time: 1.0001589 seconds
[2023-11-15T09:32:49.222+0000][45020.380s][info ][safepoint     ] Entering safepoint region: Cleanup
[2023-11-15T09:32:49.222+0000][45020.380s][info ][safepoint     ] Leaving safepoint region
[2023-11-15T09:32:49.222+0000][45020.380s][info ][safepoint     ] Total time for which application threads were stopped: 0.0003541 seconds, Stopping threads took: 0.0000534 seconds
[2023-11-15T09:32:50.222+0000][45021.380s][debug][safepoint     ] Safepoint synchronization initiated. (182 threads)
[2023-11-15T09:32:50.222+0000][45021.380s][info ][safepoint     ] Application time: 1.0001682 seconds
[2023-11-15T09:32:50.222+0000][45021.380s][info ][safepoint     ] Entering safepoint region: Cleanup
[2023-11-15T09:32:50.223+0000][45021.381s][info ][safepoint     ] Leaving safepoint region
[2023-11-15T09:32:50.223+0000][45021.381s][info ][safepoint     ] Total time for which application threads were stopped: 0.0003586 seconds, Stopping threads took: 0.0000535 seconds
[2023-11-15T09:32:51.223+0000][45022.381s][debug][safepoint     ] Safepoint synchronization initiated. (182 threads)
[2023-11-15T09:32:51.223+0000][45022.381s][info ][safepoint     ] Application time: 1.0001488 seconds
[2023-11-15T09:32:51.223+0000][45022.381s][info ][safepoint     ] Entering safepoint region: Cleanup
[2023-11-15T09:32:51.223+0000][45022.381s][info ][safepoint     ] Leaving safepoint region
[2023-11-15T09:32:51.223+0000][45022.381s][info ][safepoint     ] Total time for which application threads were stopped: 0.0003767 seconds, Stopping threads took: 0.0000511 seconds
[2023-11-15T09:32:52.223+0000][45023.381s][debug][safepoint     ] Safepoint synchronization initiated. (182 threads)
[2023-11-15T09:32:52.223+0000][45023.381s][info ][safepoint     ] Application time: 1.0001552 seconds
[2023-11-15T09:32:52.223+0000][45023.382s][info ][safepoint     ] Entering safepoint region: Cleanup
[2023-11-15T09:32:52.224+0000][45023.382s][info ][safepoint     ] Leaving safepoint region
[2023-11-15T09:32:52.224+0000][45023.382s][info ][safepoint     ] Total time for which application threads were stopped: 0.0003817 seconds, Stopping threads took: 0.0000817 seconds
[2023-11-15T09:32:53.224+0000][45024.382s][debug][safepoint     ] Safepoint synchronization initiated. (182 threads)
[2023-11-15T09:32:53.224+0000][45024.382s][info ][safepoint     ] Application time: 1.0001671 seconds
[2023-11-15T09:32:53.224+0000][45024.382s][info ][safepoint     ] Entering safepoint region: Cleanup
[2023-11-15T09:32:53.224+0000][45024.382s][info ][safepoint     ] Leaving safepoint region
[2023-11-15T09:32:53.224+0000][45024.382s][info ][safepoint     ] Total time for which application threads were stopped: 0.0003636 seconds, Stopping threads took: 0.0000549 seconds
[2023-11-15T09:32:54.224+0000][45025.383s][debug][safepoint     ] Safepoint synchronization initiated. (182 threads)
[2023-11-15T09:32:54.225+0000][45025.383s][info ][safepoint     ] Application time: 1.0001545 seconds
[2023-11-15T09:32:54.225+0000][45025.383s][info ][safepoint     ] Entering safepoint region: Cleanup
[2023-11-15T09:32:54.225+0000][45025.383s][info ][safepoint     ] Leaving safepoint region
[2023-11-15T09:32:54.225+0000][45025.383s][info ][safepoint     ] Total time for which application threads were stopped: 0.0005849 seconds, Stopping threads took: 0.0003742 seconds
[2023-11-15T09:32:55.225+0000][45026.383s][debug][safepoint     ] Safepoint synchronization initiated. (182 threads)
[2023-11-15T09:32:55.225+0000][45026.383s][info ][safepoint     ] Application time: 1.0001646 seconds
[2023-11-15T09:32:55.225+0000][45026.383s][info ][safepoint     ] Entering safepoint region: Cleanup
[2023-11-15T09:32:55.226+0000][45026.384s][info ][safepoint     ] Leaving safepoint region
[2023-11-15T09:32:55.226+0000][45026.384s][info ][safepoint     ] Total time for which application threads were stopped: 0.0003869 seconds, Stopping threads took: 0.0000540 seconds
[2023-11-15T09:32:56.226+0000][45027.384s][debug][safepoint     ] Safepoint synchronization initiated. (182 threads)
[2023-11-15T09:32:56.226+0000][45027.384s][info ][safepoint     ] Application time: 1.0001632 seconds
[2023-11-15T09:32:56.226+0000][45027.384s][info ][safepoint     ] Entering safepoint region: Cleanup
[2023-11-15T09:32:56.226+0000][45027.384s][info ][safepoint     ] Leaving safepoint region
[2023-11-15T09:32:56.226+0000][45027.384s][info ][safepoint     ] Total time for which application threads were stopped: 0.0003432 seconds, Stopping threads took: 0.0000512 seconds
[2023-11-15T09:32:57.226+0000][45028.384s][debug][safepoint     ] Safepoint synchronization initiated. (182 threads)
[2023-11-15T09:32:57.226+0000][45028.385s][info ][safepoint     ] Application time: 1.0001545 seconds
[2023-11-15T09:32:57.226+0000][45028.385s][info ][safepoint     ] Entering safepoint region: Cleanup
[2023-11-15T09:32:57.227+0000][45028.385s][info ][safepoint     ] Leaving safepoint region
[2023-11-15T09:32:57.227+0000][45028.385s][info ][safepoint     ] Total time for which application threads were stopped: 0.0003661 seconds, Stopping threads took: 0.0000553 seconds
[2023-11-15T09:32:58.227+0000][45029.385s][debug][safepoint     ] Safepoint synchronization initiated. (182 threads)
[2023-11-15T09:32:58.227+0000][45029.385s][info ][safepoint     ] Application time: 1.0001714 seconds
[2023-11-15T09:32:58.227+0000][45029.385s][info ][safepoint     ] Entering safepoint region: Cleanup
[2023-11-15T09:32:58.227+0000][45029.385s][info ][safepoint     ] Leaving safepoint region
[2023-11-15T09:32:58.227+0000][45029.385s][info ][safepoint     ] Total time for which application threads were stopped: 0.0003615 seconds, Stopping threads took: 0.0000545 seconds
[2023-11-15T09:32:59.227+0000][45030.386s][debug][safepoint     ] Safepoint synchronization initiated. (182 threads)
[2023-11-15T09:32:59.228+0000][45030.386s][info ][safepoint     ] Application time: 1.0001492 seconds
[2023-11-15T09:32:59.228+0000][45030.386s][info ][safepoint     ] Entering safepoint region: Cleanup
[2023-11-15T09:32:59.228+0000][45030.386s][info ][safepoint     ] Leaving safepoint region
[2023-11-15T09:32:59.228+0000][45030.386s][info ][safepoint     ] Total time for which application threads were stopped: 0.0004170 seconds, Stopping threads took: 0.0001609 seconds
[2023-11-15T09:33:00.228+0000][45031.386s][debug][safepoint     ] Safepoint synchronization initiated. (182 threads)
[2023-11-15T09:33:00.228+0000][45031.386s][info ][safepoint     ] Application time: 1.0001503 seconds
[2023-11-15T09:33:00.228+0000][45031.386s][info ][safepoint     ] Entering safepoint region: Cleanup
[2023-11-15T09:33:00.228+0000][45031.387s][info ][safepoint     ] Leaving safepoint region
[2023-11-15T09:33:00.229+0000][45031.387s][info ][safepoint     ] Total time for which application threads were stopped: 0.0003601 seconds, Stopping threads took: 0.0000543 seconds
[2023-11-15T09:33:01.229+0000][45032.387s][debug][safepoint     ] Safepoint synchronization initiated. (182 threads)
[2023-11-15T09:33:01.229+0000][45032.387s][info ][safepoint     ] Application time: 1.0001460 seconds
[2023-11-15T09:33:01.229+0000][45032.387s][info ][safepoint     ] Entering safepoint region: Cleanup
[2023-11-15T09:33:01.229+0000][45032.387s][info ][safepoint     ] Leaving safepoint region
[2023-11-15T09:33:01.229+0000][45032.387s][info ][safepoint     ] Total time for which application threads were stopped: 0.0003499 seconds, Stopping threads took: 0.0000529 seconds
[2023-11-15T09:33:02.229+0000][45033.387s][debug][safepoint     ] Safepoint synchronization initiated. (182 threads)
[2023-11-15T09:33:02.229+0000][45033.387s][info ][safepoint     ] Application time: 1.0001386 seconds
[2023-11-15T09:33:02.229+0000][45033.387s][info ][safepoint     ] Entering safepoint region: Cleanup
[2023-11-15T09:33:02.230+0000][45033.388s][info ][safepoint     ] Leaving safepoint region
[2023-11-15T09:33:02.230+0000][45033.388s][info ][safepoint     ] Total time for which application threads were stopped: 0.0003736 seconds, Stopping threads took: 0.0000755 seconds
[2023-11-15T09:33:03.230+0000][45034.388s][debug][safepoint     ] Safepoint synchronization initiated. (182 threads)
[2023-11-15T09:33:03.230+0000][45034.388s][info ][safepoint     ] Application time: 1.0001591 seconds
[2023-11-15T09:33:03.230+0000][45034.388s][info ][safepoint     ] Entering safepoint region: Cleanup
[2023-11-15T09:33:03.230+0000][45034.388s][info ][safepoint     ] Leaving safepoint region
[2023-11-15T09:33:03.230+0000][45034.388s][info ][safepoint     ] Total time for which application threads were stopped: 0.0003568 seconds, Stopping threads took: 0.0000540 seconds
[2023-11-15T09:33:04.230+0000][45035.388s][debug][safepoint     ] Safepoint synchronization initiated. (182 threads)
[2023-11-15T09:33:04.230+0000][45035.388s][info ][safepoint     ] Application time: 1.0001700 seconds
[2023-11-15T09:33:04.230+0000][45035.388s][info ][safepoint     ] Entering safepoint region: Cleanup
[2023-11-15T09:33:04.231+0000][45035.389s][info ][safepoint     ] Leaving safepoint region
[2023-11-15T09:33:04.231+0000][45035.389s][info ][safepoint     ] Total time for which application threads were stopped: 0.0005075 seconds, Stopping threads took: 0.0002915 seconds
[2023-11-15T09:33:05.231+0000][45036.389s][debug][safepoint     ] Safepoint synchronization initiated. (182 threads)
[2023-11-15T09:33:05.231+0000][45036.389s][info ][safepoint     ] Application time: 1.0001569 seconds
[2023-11-15T09:33:05.231+0000][45036.389s][info ][safepoint     ] Entering safepoint region: Cleanup
[2023-11-15T09:33:05.231+0000][45036.389s][info ][safepoint     ] Leaving safepoint region
[2023-11-15T09:33:05.231+0000][45036.389s][info ][safepoint     ] Total time for which application threads were stopped: 0.0003630 seconds, Stopping threads took: 0.0000545 seconds
[2023-11-15T09:33:06.232+0000][45037.390s][debug][safepoint     ] Safepoint synchronization initiated. (181 threads)
[2023-11-15T09:33:06.232+0000][45037.390s][info ][safepoint     ] Application time: 1.0001618 seconds
[2023-11-15T09:33:06.232+0000][45037.390s][info ][safepoint     ] Entering safepoint region: Cleanup
[2023-11-15T09:33:06.232+0000][45037.390s][info ][safepoint     ] Leaving safepoint region
[2023-11-15T09:33:06.232+0000][45037.390s][info ][safepoint     ] Total time for which application threads were stopped: 0.0003696 seconds, Stopping threads took: 0.0000472 seconds
[2023-11-15T09:33:07.232+0000][45038.390s][debug][safepoint     ] Safepoint synchronization initiated. (181 threads)
[2023-11-15T09:33:07.232+0000][45038.390s][info ][safepoint     ] Application time: 1.0001526 seconds
[2023-11-15T09:33:07.232+0000][45038.390s][info ][safepoint     ] Entering safepoint region: Cleanup
[2023-11-15T09:33:07.232+0000][45038.391s][info ][safepoint     ] Leaving safepoint region
[2023-11-15T09:33:07.233+0000][45038.391s][info ][safepoint     ] Total time for which application threads were stopped: 0.0003192 seconds, Stopping threads took: 0.0000529 seconds
[2023-11-15T09:33:08.233+0000][45039.391s][debug][safepoint     ] Safepoint synchronization initiated. (181 threads)
[2023-11-15T09:33:08.233+0000][45039.391s][info ][safepoint     ] Application time: 1.0001835 seconds
[2023-11-15T09:33:08.233+0000][45039.391s][info ][safepoint     ] Entering safepoint region: Cleanup
[2023-11-15T09:33:08.233+0000][45039.391s][info ][safepoint     ] Leaving safepoint region
[2023-11-15T09:33:08.233+0000][45039.391s][info ][safepoint     ] Total time for which application threads were stopped: 0.0002599 seconds, Stopping threads took: 0.0000530 seconds
[2023-11-15T09:33:09.233+0000][45040.391s][debug][safepoint     ] Safepoint synchronization initiated. (181 threads)
[2023-11-15T09:33:09.233+0000][45040.391s][info ][safepoint     ] Application time: 1.0001731 seconds
[2023-11-15T09:33:09.233+0000][45040.391s][info ][safepoint     ] Entering safepoint region: Cleanup
[2023-11-15T09:33:09.234+0000][45040.392s][info ][safepoint     ] Leaving safepoint region
[2023-11-15T09:33:09.234+0000][45040.392s][info ][safepoint     ] Total time for which application threads were stopped: 0.0005149 seconds, Stopping threads took: 0.0003000 seconds
[2023-11-15T09:33:10.234+0000][45041.392s][debug][safepoint     ] Safepoint synchronization initiated. (181 threads)
[2023-11-15T09:33:10.234+0000][45041.392s][info ][safepoint     ] Application time: 1.0001714 seconds
[2023-11-15T09:33:10.234+0000][45041.392s][info ][safepoint     ] Entering safepoint region: Cleanup
[2023-11-15T09:33:10.234+0000][45041.392s][info ][safepoint     ] Leaving safepoint region
[2023-11-15T09:33:10.234+0000][45041.392s][info ][safepoint     ] Total time for which application threads were stopped: 0.0003589 seconds, Stopping threads took: 0.0000524 seconds
[2023-11-15T09:33:11.234+0000][45042.392s][debug][safepoint     ] Safepoint synchronization initiated. (181 threads)
[2023-11-15T09:33:11.234+0000][45042.393s][info ][safepoint     ] Application time: 1.0001705 seconds
[2023-11-15T09:33:11.235+0000][45042.393s][info ][safepoint     ] Entering safepoint region: Cleanup
[2023-11-15T09:33:11.235+0000][45042.393s][info ][safepoint     ] Leaving safepoint region
[2023-11-15T09:33:11.235+0000][45042.393s][info ][safepoint     ] Total time for which application threads were stopped: 0.0003620 seconds, Stopping threads took: 0.0000512 seconds
[2023-11-15T09:33:12.235+0000][45043.393s][debug][safepoint     ] Safepoint synchronization initiated. (181 threads)
[2023-11-15T09:33:12.235+0000][45043.393s][info ][safepoint     ] Application time: 1.0001514 seconds
[2023-11-15T09:33:12.235+0000][45043.393s][info ][safepoint     ] Entering safepoint region: Cleanup
[2023-11-15T09:33:12.235+0000][45043.393s][info ][safepoint     ] Leaving safepoint region
[2023-11-15T09:33:12.235+0000][45043.393s][info ][safepoint     ] Total time for which application threads were stopped: 0.0003622 seconds, Stopping threads took: 0.0000495 seconds
[2023-11-15T09:33:13.235+0000][45044.394s][debug][safepoint     ] Safepoint synchronization initiated. (181 threads)
[2023-11-15T09:33:13.236+0000][45044.394s][info ][safepoint     ] Application time: 1.0001430 seconds
[2023-11-15T09:33:13.236+0000][45044.394s][info ][safepoint     ] Entering safepoint region: Cleanup
[2023-11-15T09:33:13.236+0000][45044.394s][info ][safepoint     ] Leaving safepoint region
[2023-11-15T09:33:13.236+0000][45044.394s][info ][safepoint     ] Total time for which application threads were stopped: 0.0002272 seconds, Stopping threads took: 0.0000384 seconds
[2023-11-15T09:33:14.236+0000][45045.394s][debug][safepoint     ] Safepoint synchronization initiated. (181 threads)
[2023-11-15T09:33:14.236+0000][45045.394s][info ][safepoint     ] Application time: 1.0001540 seconds
[2023-11-15T09:33:14.236+0000][45045.394s][info ][safepoint     ] Entering safepoint region: Cleanup
[2023-11-15T09:33:14.236+0000][45045.395s][info ][safepoint     ] Leaving safepoint region
[2023-11-15T09:33:14.237+0000][45045.395s][info ][safepoint     ] Total time for which application threads were stopped: 0.0005483 seconds, Stopping threads took: 0.0002013 seconds
[2023-11-15T09:33:15.237+0000][45046.395s][debug][safepoint     ] Safepoint synchronization initiated. (182 threads)
[2023-11-15T09:33:15.237+0000][45046.395s][info ][safepoint     ] Application time: 1.0001683 seconds
[2023-11-15T09:33:15.237+0000][45046.395s][info ][safepoint     ] Entering safepoint region: Cleanup
[2023-11-15T09:33:15.237+0000][45046.395s][info ][safepoint     ] Leaving safepoint region
[2023-11-15T09:33:15.237+0000][45046.395s][info ][safepoint     ] Total time for which application threads were stopped: 0.0003572 seconds, Stopping threads took: 0.0000443 seconds
[2023-11-15T09:33:16.237+0000][45047.395s][debug][safepoint     ] Safepoint synchronization initiated. (182 threads)
[2023-11-15T09:33:16.237+0000][45047.395s][info ][safepoint     ] Application time: 1.0001621 seconds
[2023-11-15T09:33:16.237+0000][45047.395s][info ][safepoint     ] Entering safepoint region: Cleanup
[2023-11-15T09:33:16.238+0000][45047.396s][info ][safepoint     ] Leaving safepoint region
[2023-11-15T09:33:16.238+0000][45047.396s][info ][safepoint     ] Total time for which application threads were stopped: 0.0003182 seconds, Stopping threads took: 0.0000335 seconds
[2023-11-15T09:33:17.238+0000][45048.396s][debug][safepoint     ] Safepoint synchronization initiated. (182 threads)
[2023-11-15T09:33:17.238+0000][45048.396s][info ][safepoint     ] Application time: 1.0001436 seconds
[2023-11-15T09:33:17.238+0000][45048.396s][info ][safepoint     ] Entering safepoint region: Cleanup
[2023-11-15T09:33:17.238+0000][45048.396s][info ][safepoint     ] Leaving safepoint region
[2023-11-15T09:33:17.238+0000][45048.396s][info ][safepoint     ] Total time for which application threads were stopped: 0.0003530 seconds, Stopping threads took: 0.0000518 seconds
[2023-11-15T09:33:18.238+0000][45049.396s][debug][safepoint     ] Safepoint synchronization initiated. (182 threads)
[2023-11-15T09:33:18.238+0000][45049.396s][info ][safepoint     ] Application time: 1.0001683 seconds
[2023-11-15T09:33:18.238+0000][45049.396s][info ][safepoint     ] Entering safepoint region: Cleanup
[2023-11-15T09:33:18.239+0000][45049.397s][info ][safepoint     ] Leaving safepoint region
[2023-11-15T09:33:18.239+0000][45049.397s][info ][safepoint     ] Total time for which application threads were stopped: 0.0003438 seconds, Stopping threads took: 0.0000520 seconds
[2023-11-15T09:33:19.239+0000][45050.397s][debug][safepoint     ] Safepoint synchronization initiated. (182 threads)
[2023-11-15T09:33:19.239+0000][45050.397s][info ][safepoint     ] Application time: 1.0001609 seconds
[2023-11-15T09:33:19.239+0000][45050.397s][info ][safepoint     ] Entering safepoint region: Cleanup
[2023-11-15T09:33:19.239+0000][45050.397s][info ][safepoint     ] Leaving safepoint region
[2023-11-15T09:33:19.239+0000][45050.397s][info ][safepoint     ] Total time for which application threads were stopped: 0.0002771 seconds, Stopping threads took: 0.0000576 seconds
[2023-11-15T09:33:20.239+0000][45051.397s][debug][safepoint     ] Safepoint synchronization initiated. (182 threads)
[2023-11-15T09:33:20.239+0000][45051.397s][info ][safepoint     ] Application time: 1.0001639 seconds
[2023-11-15T09:33:20.239+0000][45051.397s][info ][safepoint     ] Entering safepoint region: Cleanup
[2023-11-15T09:33:20.240+0000][45051.398s][info ][safepoint     ] Leaving safepoint region
[2023-11-15T09:33:20.240+0000][45051.398s][info ][safepoint     ] Total time for which application threads were stopped: 0.0003093 seconds, Stopping threads took: 0.0000521 seconds
[2023-11-15T09:33:21.240+0000][45052.398s][debug][safepoint     ] Safepoint synchronization initiated. (182 threads)
[2023-11-15T09:33:21.240+0000][45052.398s][info ][safepoint     ] Application time: 1.0001360 seconds
[2023-11-15T09:33:21.240+0000][45052.398s][info ][safepoint     ] Entering safepoint region: Cleanup
[2023-11-15T09:33:21.240+0000][45052.398s][info ][safepoint     ] Leaving safepoint region
[2023-11-15T09:33:21.240+0000][45052.398s][info ][safepoint     ] Total time for which application threads were stopped: 0.0002530 seconds, Stopping threads took: 0.0000513 seconds
[2023-11-15T09:33:22.240+0000][45053.398s][debug][safepoint     ] Safepoint synchronization initiated. (181 threads)
[2023-11-15T09:33:22.240+0000][45053.398s][info ][safepoint     ] Application time: 1.0001531 seconds
[2023-11-15T09:33:22.240+0000][45053.398s][info ][safepoint     ] Entering safepoint region: Cleanup
[2023-11-15T09:33:22.241+0000][45053.399s][info ][safepoint     ] Leaving safepoint region
[2023-11-15T09:33:22.241+0000][45053.399s][info ][safepoint     ] Total time for which application threads were stopped: 0.0003661 seconds, Stopping threads took: 0.0000513 seconds
[2023-11-15T09:33:23.241+0000][45054.399s][debug][safepoint     ] Safepoint synchronization initiated. (181 threads)
[2023-11-15T09:33:23.241+0000][45054.399s][info ][safepoint     ] Application time: 1.0001714 seconds
[2023-11-15T09:33:23.241+0000][45054.399s][info ][safepoint     ] Entering safepoint region: Cleanup
[2023-11-15T09:33:23.241+0000][45054.399s][info ][safepoint     ] Leaving safepoint region
[2023-11-15T09:33:23.241+0000][45054.399s][info ][safepoint     ] Total time for which application threads were stopped: 0.0002614 seconds, Stopping threads took: 0.0000532 seconds
[2023-11-15T09:33:24.241+0000][45055.399s][debug][safepoint     ] Safepoint synchronization initiated. (181 threads)
[2023-11-15T09:33:24.241+0000][45055.399s][info ][safepoint     ] Application time: 1.0001524 seconds
[2023-11-15T09:33:24.241+0000][45055.399s][info ][safepoint     ] Entering safepoint region: Cleanup
[2023-11-15T09:33:24.242+0000][45055.400s][info ][safepoint     ] Leaving safepoint region
[2023-11-15T09:33:24.242+0000][45055.400s][info ][safepoint     ] Total time for which application threads were stopped: 0.0007095 seconds, Stopping threads took: 0.0004173 seconds
[2023-11-15T09:33:25.242+0000][45056.400s][debug][safepoint     ] Safepoint synchronization initiated. (181 threads)
[2023-11-15T09:33:25.242+0000][45056.400s][info ][safepoint     ] Application time: 1.0001691 seconds
[2023-11-15T09:33:25.242+0000][45056.400s][info ][safepoint     ] Entering safepoint region: Cleanup
[2023-11-15T09:33:25.243+0000][45056.401s][info ][safepoint     ] Leaving safepoint region
[2023-11-15T09:33:25.243+0000][45056.401s][info ][safepoint     ] Total time for which application threads were stopped: 0.0003541 seconds, Stopping threads took: 0.0000512 seconds
[2023-11-15T09:33:26.243+0000][45057.401s][debug][safepoint     ] Safepoint synchronization initiated. (181 threads)
[2023-11-15T09:33:26.243+0000][45057.401s][info ][safepoint     ] Application time: 1.0001682 seconds
[2023-11-15T09:33:26.243+0000][45057.401s][info ][safepoint     ] Entering safepoint region: Cleanup
[2023-11-15T09:33:26.243+0000][45057.401s][info ][safepoint     ] Leaving safepoint region
[2023-11-15T09:33:26.243+0000][45057.401s][info ][safepoint     ] Total time for which application threads were stopped: 0.0003391 seconds, Stopping threads took: 0.0000511 seconds
[2023-11-15T09:33:27.243+0000][45058.401s][debug][safepoint     ] Safepoint synchronization initiated. (181 threads)
[2023-11-15T09:33:27.243+0000][45058.401s][info ][safepoint     ] Application time: 1.0001748 seconds
[2023-11-15T09:33:27.243+0000][45058.401s][info ][safepoint     ] Entering safepoint region: Cleanup
[2023-11-15T09:33:27.244+0000][45058.402s][info ][safepoint     ] Leaving safepoint region
[2023-11-15T09:33:27.244+0000][45058.402s][info ][safepoint     ] Total time for which application threads were stopped: 0.0003310 seconds, Stopping threads took: 0.0000523 seconds
[2023-11-15T09:33:28.244+0000][45059.402s][debug][safepoint     ] Safepoint synchronization initiated. (181 threads)
[2023-11-15T09:33:28.244+0000][45059.402s][info ][safepoint     ] Application time: 1.0001580 seconds
[2023-11-15T09:33:28.244+0000][45059.402s][info ][safepoint     ] Entering safepoint region: Cleanup
[2023-11-15T09:33:28.244+0000][45059.402s][info ][safepoint     ] Leaving safepoint region
[2023-11-15T09:33:28.244+0000][45059.402s][info ][safepoint     ] Total time for which application threads were stopped: 0.0003551 seconds, Stopping threads took: 0.0000523 seconds
[2023-11-15T09:33:29.244+0000][45060.402s][debug][safepoint     ] Safepoint synchronization initiated. (181 threads)
[2023-11-15T09:33:29.245+0000][45060.403s][info ][safepoint     ] Application time: 1.0004212 seconds
[2023-11-15T09:33:29.245+0000][45060.403s][info ][safepoint     ] Entering safepoint region: Cleanup
[2023-11-15T09:33:29.245+0000][45060.403s][info ][safepoint     ] Leaving safepoint region
[2023-11-15T09:33:29.245+0000][45060.403s][info ][safepoint     ] Total time for which application threads were stopped: 0.0004049 seconds, Stopping threads took: 0.0000513 seconds
[2023-11-15T09:33:30.245+0000][45061.403s][debug][safepoint     ] Safepoint synchronization initiated. (181 threads)
[2023-11-15T09:33:30.245+0000][45061.403s][info ][safepoint     ] Application time: 1.0001648 seconds
[2023-11-15T09:33:30.245+0000][45061.403s][info ][safepoint     ] Entering safepoint region: Cleanup
[2023-11-15T09:33:30.246+0000][45061.404s][info ][safepoint     ] Leaving safepoint region
[2023-11-15T09:33:30.246+0000][45061.404s][info ][safepoint     ] Total time for which application threads were stopped: 0.0002793 seconds, Stopping threads took: 0.0000567 seconds
[2023-11-15T09:33:31.246+0000][45062.404s][debug][safepoint     ] Safepoint synchronization initiated. (181 threads)
[2023-11-15T09:33:31.246+0000][45062.404s][info ][safepoint     ] Application time: 1.0001698 seconds
[2023-11-15T09:33:31.246+0000][45062.404s][info ][safepoint     ] Entering safepoint region: Cleanup
[2023-11-15T09:33:31.246+0000][45062.404s][info ][safepoint     ] Leaving safepoint region
[2023-11-15T09:33:31.246+0000][45062.404s][info ][safepoint     ] Total time for which application threads were stopped: 0.0003616 seconds, Stopping threads took: 0.0000531 seconds
[2023-11-15T09:33:32.246+0000][45063.404s][debug][safepoint     ] Safepoint synchronization initiated. (181 threads)
[2023-11-15T09:33:32.246+0000][45063.404s][info ][safepoint     ] Application time: 1.0001719 seconds
[2023-11-15T09:33:32.246+0000][45063.404s][info ][safepoint     ] Entering safepoint region: Cleanup
[2023-11-15T09:33:32.247+0000][45063.405s][info ][safepoint     ] Leaving safepoint region
[2023-11-15T09:33:32.247+0000][45063.405s][info ][safepoint     ] Total time for which application threads were stopped: 0.0003647 seconds, Stopping threads took: 0.0000550 seconds
[2023-11-15T09:33:33.170+0000][45064.329s][debug][safepoint     ] Safepoint synchronization initiated. (182 threads)
[2023-11-15T09:33:33.171+0000][45064.329s][info ][safepoint     ] Application time: 0.9237896 seconds
[2023-11-15T09:33:33.171+0000][45064.329s][debug][safepoint     ] ... found polling page return exception at pc = 0x00007fe18076484e, stub =0x00007fe17883a800
[2023-11-15T09:33:33.171+0000][45064.329s][debug][safepoint     ] Waiting for 2 thread(s) to block
[2023-11-15T09:33:33.171+0000][45064.329s][info ][safepoint     ] Entering safepoint region: G1CollectForAllocation
[2023-11-15T09:33:33.171+0000][45064.329s][info ][gc,start      ] GC(124) Pause Young (Normal) (G1 Evacuation Pause)
[2023-11-15T09:33:33.171+0000][45064.329s][info ][gc,task       ] GC(124) Using 4 workers of 4 for evacuation
[2023-11-15T09:33:33.187+0000][45064.345s][info ][gc,phases     ] GC(124)   Pre Evacuate Collection Set: 0.0ms
[2023-11-15T09:33:33.187+0000][45064.346s][info ][gc,phases     ] GC(124)   Evacuate Collection Set: 12.3ms
[2023-11-15T09:33:33.187+0000][45064.346s][info ][gc,phases     ] GC(124)   Post Evacuate Collection Set: 3.8ms
[2023-11-15T09:33:33.187+0000][45064.346s][info ][gc,phases     ] GC(124)   Other: 0.3ms
[2023-11-15T09:33:33.188+0000][45064.346s][info ][gc,heap       ] GC(124) Eden regions: 486->0(482)
[2023-11-15T09:33:33.188+0000][45064.346s][info ][gc,heap       ] GC(124) Survivor regions: 8->12(62)
[2023-11-15T09:33:33.188+0000][45064.346s][info ][gc,heap       ] GC(124) Old regions: 149->149
[2023-11-15T09:33:33.188+0000][45064.346s][info ][gc,heap       ] GC(124) Humongous regions: 0->0
[2023-11-15T09:33:33.188+0000][45064.346s][info ][gc,metaspace  ] GC(124) Metaspace: 164428K(169980K)->164428K(169980K) NonClass: 145578K(148992K)->145578K(148992K) Class: 18849K(20988K)->18849K(20988K)
[2023-11-15T09:33:33.188+0000][45064.346s][info ][gc            ] GC(124) Pause Young (Normal) (G1 Evacuation Pause) 640M->158M(824M) 16.620ms
[2023-11-15T09:33:33.188+0000][45064.346s][info ][gc,cpu        ] GC(124) User=0.06s Sys=0.00s Real=0.02s
[2023-11-15T09:33:33.188+0000][45064.346s][info ][safepoint     ] Leaving safepoint region
[2023-11-15T09:33:33.188+0000][45064.346s][info ][safepoint     ] Total time for which application threads were stopped: 0.0171325 seconds, Stopping threads took: 0.0001321 seconds
[2023-11-15T09:33:33.188+0000][45064.346s][info ][gc,stringdedup] Concurrent String Deduplication (45064.346s)
[2023-11-15T09:33:33.188+0000][45064.346s][info ][gc,stringdedup] Concurrent String Deduplication 15144.0B->40.0B(15104.0B) avg 55.6% (45064.346s, 45064.346s) 0.132ms
[2023-11-15T09:33:33.196+0000][45064.354s][debug][safepoint     ] Safepoint synchronization initiated. (182 threads)
[2023-11-15T09:33:33.196+0000][45064.354s][info ][safepoint     ] Application time: 0.0082398 seconds
[2023-11-15T09:33:33.200+0000][45064.358s][info ][safepoint     ] Entering safepoint region: Deoptimize
[2023-11-15T09:33:33.202+0000][45064.360s][info ][safepoint     ] Leaving safepoint region
[2023-11-15T09:33:33.202+0000][45064.360s][info ][safepoint     ] Total time for which application threads were stopped: 0.0062083 seconds, Stopping threads took: 0.0044116 seconds
[2023-11-15T09:33:34.202+0000][45065.360s][debug][safepoint     ] Safepoint synchronization initiated. (196 threads)
[2023-11-15T09:33:34.202+0000][45065.360s][info ][safepoint     ] Application time: 1.0001633 seconds
[2023-11-15T09:33:34.202+0000][45065.360s][info ][safepoint     ] Entering safepoint region: Cleanup
[2023-11-15T09:33:34.203+0000][45065.361s][info ][safepoint     ] Leaving safepoint region
[2023-11-15T09:33:34.203+0000][45065.361s][info ][safepoint     ] Total time for which application threads were stopped: 0.0004582 seconds, Stopping threads took: 0.0000566 seconds
[2023-11-15T09:33:36.203+0000][45067.361s][debug][safepoint     ] Safepoint synchronization initiated. (195 threads)
[2023-11-15T09:33:36.203+0000][45067.361s][info ][safepoint     ] Application time: 2.0002597 seconds
[2023-11-15T09:33:36.203+0000][45067.361s][info ][safepoint     ] Entering safepoint region: Cleanup
[2023-11-15T09:33:36.203+0000][45067.361s][info ][safepoint     ] Leaving safepoint region
[2023-11-15T09:33:36.203+0000][45067.361s][info ][safepoint     ] Total time for which application threads were stopped: 0.0002722 seconds, Stopping threads took: 0.0000776 seconds
[2023-11-15T09:33:37.203+0000][45068.362s][debug][safepoint     ] Safepoint synchronization initiated. (195 threads)
[2023-11-15T09:33:37.204+0000][45068.362s][info ][safepoint     ] Application time: 1.0001681 seconds
[2023-11-15T09:33:37.204+0000][45068.362s][info ][safepoint     ] Entering safepoint region: Cleanup
[2023-11-15T09:33:37.204+0000][45068.362s][info ][safepoint     ] Leaving safepoint region
[2023-11-15T09:33:37.204+0000][45068.362s][info ][safepoint     ] Total time for which application threads were stopped: 0.0002342 seconds, Stopping threads took: 0.0000413 seconds
[2023-11-15T09:33:38.204+0000][45069.362s][debug][safepoint     ] Safepoint synchronization initiated. (195 threads)
[2023-11-15T09:33:38.204+0000][45069.362s][info ][safepoint     ] Application time: 1.0001342 seconds
[2023-11-15T09:33:38.204+0000][45069.362s][info ][safepoint     ] Entering safepoint region: Cleanup
[2023-11-15T09:33:38.204+0000][45069.362s][info ][safepoint     ] Leaving safepoint region
[2023-11-15T09:33:38.204+0000][45069.362s][info ][safepoint     ] Total time for which application threads were stopped: 0.0003161 seconds, Stopping threads took: 0.0000450 seconds
[2023-11-15T09:33:46.205+0000][45077.363s][debug][safepoint     ] Safepoint synchronization initiated. (195 threads)
[2023-11-15T09:33:46.205+0000][45077.363s][info ][safepoint     ] Application time: 8.0007795 seconds
[2023-11-15T09:33:46.205+0000][45077.363s][info ][safepoint     ] Entering safepoint region: Cleanup
[2023-11-15T09:33:46.205+0000][45077.363s][info ][safepoint     ] Leaving safepoint region
[2023-11-15T09:33:46.205+0000][45077.364s][info ][safepoint     ] Total time for which application threads were stopped: 0.0004093 seconds, Stopping threads took: 0.0000529 seconds
[2023-11-15T09:33:50.206+0000][45081.364s][debug][safepoint     ] Safepoint synchronization initiated. (195 threads)
[2023-11-15T09:33:50.206+0000][45081.364s][info ][safepoint     ] Application time: 4.0004294 seconds
[2023-11-15T09:33:50.206+0000][45081.364s][info ][safepoint     ] Entering safepoint region: Cleanup
[2023-11-15T09:33:50.206+0000][45081.364s][info ][safepoint     ] Leaving safepoint region
[2023-11-15T09:33:50.206+0000][45081.364s][info ][safepoint     ] Total time for which application threads were stopped: 0.0004064 seconds, Stopping threads took: 0.0000592 seconds
[2023-11-15T09:34:06.208+0000][45097.366s][debug][safepoint     ] Safepoint synchronization initiated. (196 threads)
[2023-11-15T09:34:06.208+0000][45097.366s][info ][safepoint     ] Application time: 16.0015612 seconds
[2023-11-15T09:34:06.208+0000][45097.366s][info ][safepoint     ] Entering safepoint region: Cleanup
[2023-11-15T09:34:06.208+0000][45097.366s][info ][safepoint     ] Leaving safepoint region
[2023-11-15T09:34:06.208+0000][45097.366s][info ][safepoint     ] Total time for which application threads were stopped: 0.0004292 seconds, Stopping threads took: 0.0000543 seconds
[2023-11-15T09:34:16.209+0000][45107.367s][debug][safepoint     ] Safepoint synchronization initiated. (195 threads)
[2023-11-15T09:34:16.209+0000][45107.367s][info ][safepoint     ] Application time: 10.0009623 seconds
[2023-11-15T09:34:16.209+0000][45107.367s][info ][safepoint     ] Entering safepoint region: Cleanup
[2023-11-15T09:34:16.210+0000][45107.368s][info ][safepoint     ] Leaving safepoint region
[2023-11-15T09:34:16.210+0000][45107.368s][info ][safepoint     ] Total time for which application threads were stopped: 0.0002803 seconds, Stopping threads took: 0.0000525 seconds
[2023-11-15T09:34:27.211+0000][45118.369s][debug][safepoint     ] Safepoint synchronization initiated. (195 threads)
[2023-11-15T09:34:27.211+0000][45118.369s][info ][safepoint     ] Application time: 11.0011115 seconds
[2023-11-15T09:34:27.211+0000][45118.369s][info ][safepoint     ] Entering safepoint region: Cleanup
[2023-11-15T09:34:27.211+0000][45118.369s][info ][safepoint     ] Leaving safepoint region
[2023-11-15T09:34:27.211+0000][45118.369s][info ][safepoint     ] Total time for which application threads were stopped: 0.0003820 seconds, Stopping threads took: 0.0000560 seconds
[2023-11-15T09:34:34.212+0000][45125.370s][debug][safepoint     ] Safepoint synchronization initiated. (193 threads)
[2023-11-15T09:34:34.212+0000][45125.370s][info ][safepoint     ] Application time: 7.0006925 seconds
[2023-11-15T09:34:34.212+0000][45125.370s][info ][safepoint     ] Entering safepoint region: Cleanup
[2023-11-15T09:34:34.212+0000][45125.370s][info ][safepoint     ] Leaving safepoint region
[2023-11-15T09:34:34.212+0000][45125.370s][info ][safepoint     ] Total time for which application threads were stopped: 0.0003765 seconds, Stopping threads took: 0.0000566 seconds
[2023-11-15T09:35:06.215+0000][45157.373s][debug][safepoint     ] Safepoint synchronization initiated. (190 threads)
[2023-11-15T09:35:06.215+0000][45157.373s][info ][safepoint     ] Application time: 32.0030645 seconds
[2023-11-15T09:35:06.215+0000][45157.373s][info ][safepoint     ] Entering safepoint region: Cleanup
[2023-11-15T09:35:06.216+0000][45157.374s][info ][safepoint     ] Leaving safepoint region
[2023-11-15T09:35:06.216+0000][45157.374s][info ][safepoint     ] Total time for which application threads were stopped: 0.0003877 seconds, Stopping threads took: 0.0000560 seconds
[2023-11-15T09:35:16.217+0000][45167.375s][debug][safepoint     ] Safepoint synchronization initiated. (189 threads)
[2023-11-15T09:35:16.217+0000][45167.375s][info ][safepoint     ] Application time: 10.0009366 seconds
[2023-11-15T09:35:16.217+0000][45167.375s][info ][safepoint     ] Entering safepoint region: Cleanup
[2023-11-15T09:35:16.217+0000][45167.375s][info ][safepoint     ] Leaving safepoint region
[2023-11-15T09:35:16.217+0000][45167.375s][info ][safepoint     ] Total time for which application threads were stopped: 0.0003659 seconds, Stopping threads took: 0.0000547 seconds
[2023-11-15T09:35:28.218+0000][45179.376s][debug][safepoint     ] Safepoint synchronization initiated. (189 threads)
[2023-11-15T09:35:28.218+0000][45179.376s][info ][safepoint     ] Application time: 12.0011811 seconds
[2023-11-15T09:35:28.218+0000][45179.376s][info ][safepoint     ] Entering safepoint region: Cleanup
[2023-11-15T09:35:28.219+0000][45179.377s][info ][safepoint     ] Leaving safepoint region
[2023-11-15T09:35:28.219+0000][45179.377s][info ][safepoint     ] Total time for which application threads were stopped: 0.0004038 seconds, Stopping threads took: 0.0000908 seconds
[2023-11-15T09:35:37.220+0000][45188.378s][debug][safepoint     ] Safepoint synchronization initiated. (188 threads)
[2023-11-15T09:35:37.220+0000][45188.378s][info ][safepoint     ] Application time: 9.0009495 seconds
[2023-11-15T09:35:37.220+0000][45188.378s][info ][safepoint     ] Entering safepoint region: Cleanup
[2023-11-15T09:35:37.220+0000][45188.378s][info ][safepoint     ] Leaving safepoint region
[2023-11-15T09:35:37.220+0000][45188.378s][info ][safepoint     ] Total time for which application threads were stopped: 0.0003013 seconds, Stopping threads took: 0.0000588 seconds
[2023-11-15T09:35:47.221+0000][45198.379s][debug][safepoint     ] Safepoint synchronization initiated. (188 threads)
[2023-11-15T09:35:47.221+0000][45198.379s][info ][safepoint     ] Application time: 10.0009624 seconds
[2023-11-15T09:35:47.221+0000][45198.379s][info ][safepoint     ] Entering safepoint region: Cleanup
[2023-11-15T09:35:47.221+0000][45198.379s][info ][safepoint     ] Leaving safepoint region
[2023-11-15T09:35:47.221+0000][45198.379s][info ][safepoint     ] Total time for which application threads were stopped: 0.0003756 seconds, Stopping threads took: 0.0000571 seconds
[2023-11-15T09:36:16.224+0000][45227.382s][debug][safepoint     ] Safepoint synchronization initiated. (185 threads)
[2023-11-15T09:36:16.224+0000][45227.382s][info ][safepoint     ] Application time: 29.0025979 seconds
[2023-11-15T09:36:16.224+0000][45227.382s][info ][safepoint     ] Entering safepoint region: Cleanup
[2023-11-15T09:36:16.224+0000][45227.382s][info ][safepoint     ] Leaving safepoint region
[2023-11-15T09:36:16.224+0000][45227.382s][info ][safepoint     ] Total time for which application threads were stopped: 0.0003557 seconds, Stopping threads took: 0.0000523 seconds
[2023-11-15T09:36:43.227+0000][45254.385s][debug][safepoint     ] Safepoint synchronization initiated. (184 threads)
[2023-11-15T09:36:43.227+0000][45254.385s][info ][safepoint     ] Application time: 27.0024546 seconds
[2023-11-15T09:36:43.227+0000][45254.385s][info ][safepoint     ] Entering safepoint region: Cleanup
[2023-11-15T09:36:43.227+0000][45254.385s][info ][safepoint     ] Leaving safepoint region
[2023-11-15T09:36:43.227+0000][45254.385s][info ][safepoint     ] Total time for which application threads were stopped: 0.0003647 seconds, Stopping threads took: 0.0000554 seconds
[2023-11-15T09:36:44.227+0000][45255.385s][debug][safepoint     ] Safepoint synchronization initiated. (184 threads)
[2023-11-15T09:36:44.227+0000][45255.386s][info ][safepoint     ] Application time: 1.0001968 seconds
[2023-11-15T09:36:44.228+0000][45255.386s][info ][safepoint     ] Entering safepoint region: Cleanup
[2023-11-15T09:36:44.228+0000][45255.386s][info ][safepoint     ] Leaving safepoint region
[2023-11-15T09:36:44.228+0000][45255.386s][info ][safepoint     ] Total time for which application threads were stopped: 0.0003725 seconds, Stopping threads took: 0.0000550 seconds
[2023-11-15T09:36:45.228+0000][45256.386s][debug][safepoint     ] Safepoint synchronization initiated. (184 threads)
[2023-11-15T09:36:45.228+0000][45256.386s][info ][safepoint     ] Application time: 1.0001739 seconds
[2023-11-15T09:36:45.228+0000][45256.386s][info ][safepoint     ] Entering safepoint region: Cleanup
[2023-11-15T09:36:45.228+0000][45256.386s][info ][safepoint     ] Leaving safepoint region
[2023-11-15T09:36:45.228+0000][45256.387s][info ][safepoint     ] Total time for which application threads were stopped: 0.0003619 seconds, Stopping threads took: 0.0000546 seconds
[2023-11-15T09:36:49.229+0000][45260.387s][debug][safepoint     ] Safepoint synchronization initiated. (184 threads)
[2023-11-15T09:36:49.229+0000][45260.387s][info ][safepoint     ] Application time: 4.0004263 seconds
[2023-11-15T09:36:49.229+0000][45260.387s][info ][safepoint     ] Entering safepoint region: Cleanup
[2023-11-15T09:36:49.229+0000][45260.387s][info ][safepoint     ] Leaving safepoint region
[2023-11-15T09:36:49.229+0000][45260.387s][info ][safepoint     ] Total time for which application threads were stopped: 0.0003932 seconds, Stopping threads took: 0.0000814 seconds
[2023-11-15T09:36:50.229+0000][45261.388s][debug][safepoint     ] Safepoint synchronization initiated. (184 threads)
[2023-11-15T09:36:50.230+0000][45261.388s][info ][safepoint     ] Application time: 1.0001815 seconds
[2023-11-15T09:36:50.230+0000][45261.388s][info ][safepoint     ] Entering safepoint region: Cleanup
[2023-11-15T09:36:50.230+0000][45261.388s][info ][safepoint     ] Leaving safepoint region
[2023-11-15T09:36:50.230+0000][45261.388s][info ][safepoint     ] Total time for which application threads were stopped: 0.0003700 seconds, Stopping threads took: 0.0000562 seconds
[2023-11-15T09:36:51.230+0000][45262.388s][debug][safepoint     ] Safepoint synchronization initiated. (184 threads)
[2023-11-15T09:36:51.230+0000][45262.388s][info ][safepoint     ] Application time: 1.0001656 seconds
[2023-11-15T09:36:51.230+0000][45262.388s][info ][safepoint     ] Entering safepoint region: Cleanup
[2023-11-15T09:36:51.230+0000][45262.388s][info ][safepoint     ] Leaving safepoint region
[2023-11-15T09:36:51.230+0000][45262.389s][info ][safepoint     ] Total time for which application threads were stopped: 0.0003736 seconds, Stopping threads took: 0.0000564 seconds
[2023-11-15T09:36:53.231+0000][45264.389s][debug][safepoint     ] Safepoint synchronization initiated. (184 threads)
[2023-11-15T09:36:53.231+0000][45264.389s][info ][safepoint     ] Application time: 2.0002599 seconds
[2023-11-15T09:36:53.231+0000][45264.389s][info ][safepoint     ] Entering safepoint region: Cleanup
[2023-11-15T09:36:53.231+0000][45264.389s][info ][safepoint     ] Leaving safepoint region
[2023-11-15T09:36:53.231+0000][45264.389s][info ][safepoint     ] Total time for which application threads were stopped: 0.0003382 seconds, Stopping threads took: 0.0000548 seconds
[2023-11-15T09:36:54.231+0000][45265.389s][debug][safepoint     ] Safepoint synchronization initiated. (184 threads)
[2023-11-15T09:36:54.231+0000][45265.389s][info ][safepoint     ] Application time: 1.0001381 seconds
[2023-11-15T09:36:54.231+0000][45265.389s][info ][safepoint     ] Entering safepoint region: Cleanup
[2023-11-15T09:36:54.232+0000][45265.390s][info ][safepoint     ] Leaving safepoint region
[2023-11-15T09:36:54.232+0000][45265.390s][info ][safepoint     ] Total time for which application threads were stopped: 0.0006944 seconds, Stopping threads took: 0.0004209 seconds
[2023-11-15T09:36:56.232+0000][45267.390s][debug][safepoint     ] Safepoint synchronization initiated. (184 threads)
[2023-11-15T09:36:56.232+0000][45267.390s][info ][safepoint     ] Application time: 2.0002405 seconds
[2023-11-15T09:36:56.232+0000][45267.390s][info ][safepoint     ] Entering safepoint region: Cleanup
[2023-11-15T09:36:56.233+0000][45267.391s][info ][safepoint     ] Leaving safepoint region
[2023-11-15T09:36:56.233+0000][45267.391s][info ][safepoint     ] Total time for which application threads were stopped: 0.0002756 seconds, Stopping threads took: 0.0000548 seconds
[2023-11-15T09:37:03.233+0000][45274.391s][debug][safepoint     ] Safepoint synchronization initiated. (184 threads)
[2023-11-15T09:37:03.233+0000][45274.391s][info ][safepoint     ] Application time: 7.0007193 seconds
[2023-11-15T09:37:03.233+0000][45274.391s][info ][safepoint     ] Entering safepoint region: Cleanup
[2023-11-15T09:37:03.234+0000][45274.392s][info ][safepoint     ] Leaving safepoint region
[2023-11-15T09:37:03.234+0000][45274.392s][info ][safepoint     ] Total time for which application threads were stopped: 0.0003607 seconds, Stopping threads took: 0.0000539 seconds
[2023-11-15T09:37:06.234+0000][45277.392s][debug][safepoint     ] Safepoint synchronization initiated. (181 threads)
[2023-11-15T09:37:06.234+0000][45277.392s][info ][safepoint     ] Application time: 3.0003372 seconds
[2023-11-15T09:37:06.234+0000][45277.392s][info ][safepoint     ] Entering safepoint region: Cleanup
[2023-11-15T09:37:06.234+0000][45277.392s][info ][safepoint     ] Leaving safepoint region
[2023-11-15T09:37:06.234+0000][45277.392s][info ][safepoint     ] Total time for which application threads were stopped: 0.0002739 seconds, Stopping threads took: 0.0000526 seconds
[2023-11-15T09:37:07.234+0000][45278.393s][debug][safepoint     ] Safepoint synchronization initiated. (181 threads)
[2023-11-15T09:37:07.235+0000][45278.393s][info ][safepoint     ] Application time: 1.0001631 seconds
[2023-11-15T09:37:07.235+0000][45278.393s][info ][safepoint     ] Entering safepoint region: Cleanup
[2023-11-15T09:37:07.235+0000][45278.393s][info ][safepoint     ] Leaving safepoint region
[2023-11-15T09:37:07.235+0000][45278.393s][info ][safepoint     ] Total time for which application threads were stopped: 0.0003290 seconds, Stopping threads took: 0.0000555 seconds
[2023-11-15T09:37:10.235+0000][45281.393s][debug][safepoint     ] Safepoint synchronization initiated. (181 threads)
[2023-11-15T09:37:10.235+0000][45281.393s][info ][safepoint     ] Application time: 3.0003475 seconds
[2023-11-15T09:37:10.235+0000][45281.393s][info ][safepoint     ] Entering safepoint region: Cleanup
[2023-11-15T09:37:10.236+0000][45281.394s][info ][safepoint     ] Leaving safepoint region
[2023-11-15T09:37:10.236+0000][45281.394s][info ][safepoint     ] Total time for which application threads were stopped: 0.0004057 seconds, Stopping threads took: 0.0000563 seconds
[2023-11-15T09:37:11.236+0000][45282.394s][debug][safepoint     ] Safepoint synchronization initiated. (181 threads)
[2023-11-15T09:37:11.236+0000][45282.394s][info ][safepoint     ] Application time: 1.0001580 seconds
[2023-11-15T09:37:11.236+0000][45282.394s][info ][safepoint     ] Entering safepoint region: Cleanup
[2023-11-15T09:37:11.236+0000][45282.394s][info ][safepoint     ] Leaving safepoint region
[2023-11-15T09:37:11.236+0000][45282.394s][info ][safepoint     ] Total time for which application threads were stopped: 0.0003654 seconds, Stopping threads took: 0.0000537 seconds
[2023-11-15T09:37:12.236+0000][45283.394s][debug][safepoint     ] Safepoint synchronization initiated. (181 threads)
[2023-11-15T09:37:12.236+0000][45283.394s][info ][safepoint     ] Application time: 1.0001640 seconds
[2023-11-15T09:37:12.236+0000][45283.395s][info ][safepoint     ] Entering safepoint region: Cleanup
[2023-11-15T09:37:12.237+0000][45283.395s][info ][safepoint     ] Leaving safepoint region
[2023-11-15T09:37:12.237+0000][45283.395s][info ][safepoint     ] Total time for which application threads were stopped: 0.0003760 seconds, Stopping threads took: 0.0000535 seconds
[2023-11-15T09:37:13.237+0000][45284.395s][debug][safepoint     ] Safepoint synchronization initiated. (181 threads)
[2023-11-15T09:37:13.237+0000][45284.395s][info ][safepoint     ] Application time: 1.0001565 seconds
[2023-11-15T09:37:13.237+0000][45284.395s][info ][safepoint     ] Entering safepoint region: Cleanup
[2023-11-15T09:37:13.237+0000][45284.395s][info ][safepoint     ] Leaving safepoint region
[2023-11-15T09:37:13.237+0000][45284.395s][info ][safepoint     ] Total time for which application threads were stopped: 0.0003690 seconds, Stopping threads took: 0.0000534 seconds
[2023-11-15T09:37:27.239+0000][45298.397s][debug][safepoint     ] Safepoint synchronization initiated. (181 threads)
[2023-11-15T09:37:27.239+0000][45298.397s][info ][safepoint     ] Application time: 14.0013429 seconds
[2023-11-15T09:37:27.239+0000][45298.397s][info ][safepoint     ] Entering safepoint region: Cleanup
[2023-11-15T09:37:27.239+0000][45298.397s][info ][safepoint     ] Leaving safepoint region
[2023-11-15T09:37:27.239+0000][45298.397s][info ][safepoint     ] Total time for which application threads were stopped: 0.0003609 seconds, Stopping threads took: 0.0000528 seconds
[2023-11-15T09:37:56.242+0000][45327.400s][debug][safepoint     ] Safepoint synchronization initiated. (180 threads)
[2023-11-15T09:37:56.242+0000][45327.400s][info ][safepoint     ] Application time: 29.0026346 seconds
[2023-11-15T09:37:56.242+0000][45327.400s][info ][safepoint     ] Entering safepoint region: Cleanup
[2023-11-15T09:37:56.242+0000][45327.400s][info ][safepoint     ] Leaving safepoint region
[2023-11-15T09:37:56.242+0000][45327.400s][info ][safepoint     ] Total time for which application threads were stopped: 0.0003566 seconds, Stopping threads took: 0.0000539 seconds
[2023-11-15T09:38:06.243+0000][45337.401s][debug][safepoint     ] Safepoint synchronization initiated. (183 threads)
[2023-11-15T09:38:06.243+0000][45337.401s][info ][safepoint     ] Application time: 10.0009572 seconds
[2023-11-15T09:38:06.243+0000][45337.401s][info ][safepoint     ] Entering safepoint region: Cleanup
[2023-11-15T09:38:06.243+0000][45337.401s][info ][safepoint     ] Leaving safepoint region
[2023-11-15T09:38:06.243+0000][45337.401s][info ][safepoint     ] Total time for which application threads were stopped: 0.0002977 seconds, Stopping threads took: 0.0000386 seconds
[2023-11-15T09:38:16.244+0000][45347.402s][debug][safepoint     ] Safepoint synchronization initiated. (182 threads)
[2023-11-15T09:38:16.244+0000][45347.402s][info ][safepoint     ] Application time: 10.0008592 seconds
[2023-11-15T09:38:16.244+0000][45347.402s][info ][safepoint     ] Entering safepoint region: Cleanup
[2023-11-15T09:38:16.245+0000][45347.403s][info ][safepoint     ] Leaving safepoint region
[2023-11-15T09:38:16.245+0000][45347.403s][info ][safepoint     ] Total time for which application threads were stopped: 0.0003608 seconds, Stopping threads took: 0.0000527 seconds
[2023-11-15T09:38:47.248+0000][45378.406s][debug][safepoint     ] Safepoint synchronization initiated. (181 threads)
[2023-11-15T09:38:47.248+0000][45378.406s][info ][safepoint     ] Application time: 31.0029310 seconds
[2023-11-15T09:38:47.248+0000][45378.406s][info ][safepoint     ] Entering safepoint region: Cleanup
[2023-11-15T09:38:47.248+0000][45378.406s][info ][safepoint     ] Leaving safepoint region
[2023-11-15T09:38:47.248+0000][45378.406s][info ][safepoint     ] Total time for which application threads were stopped: 0.0003585 seconds, Stopping threads took: 0.0000538 seconds
[2023-11-15T09:38:51.248+0000][45382.406s][debug][safepoint     ] Safepoint synchronization initiated. (181 threads)
[2023-11-15T09:38:51.248+0000][45382.407s][info ][safepoint     ] Application time: 4.0004163 seconds
[2023-11-15T09:38:51.249+0000][45382.407s][info ][safepoint     ] Entering safepoint region: Cleanup
[2023-11-15T09:38:51.249+0000][45382.407s][info ][safepoint     ] Leaving safepoint region
[2023-11-15T09:38:51.249+0000][45382.407s][info ][safepoint     ] Total time for which application threads were stopped: 0.0003645 seconds, Stopping threads took: 0.0000542 seconds
[2023-11-15T09:40:03.255+0000][45454.413s][debug][safepoint     ] Safepoint synchronization initiated. (180 threads)
[2023-11-15T09:40:03.256+0000][45454.414s][info ][safepoint     ] Application time: 72.0066495 seconds
[2023-11-15T09:40:03.256+0000][45454.414s][info ][safepoint     ] Entering safepoint region: Cleanup
[2023-11-15T09:40:03.256+0000][45454.414s][info ][safepoint     ] Leaving safepoint region
[2023-11-15T09:40:03.256+0000][45454.414s][info ][safepoint     ] Total time for which application threads were stopped: 0.0003772 seconds, Stopping threads took: 0.0000550 seconds
[2023-11-15T09:40:16.257+0000][45467.415s][debug][safepoint     ] Safepoint synchronization initiated. (178 threads)
[2023-11-15T09:40:16.257+0000][45467.415s][info ][safepoint     ] Application time: 13.0012580 seconds
[2023-11-15T09:40:16.257+0000][45467.415s][info ][safepoint     ] Entering safepoint region: Cleanup
[2023-11-15T09:40:16.257+0000][45467.416s][info ][safepoint     ] Leaving safepoint region
[2023-11-15T09:40:16.258+0000][45467.416s][info ][safepoint     ] Total time for which application threads were stopped: 0.0002971 seconds, Stopping threads took: 0.0000510 seconds
[2023-11-15T09:40:40.663+0000][45491.821s][debug][safepoint     ] Safepoint synchronization initiated. (178 threads)
[2023-11-15T09:40:40.663+0000][45491.821s][info ][safepoint     ] Application time: 24.4053193 seconds
[2023-11-15T09:40:40.663+0000][45491.821s][info ][safepoint     ] Entering safepoint region: G1CollectForAllocation
[2023-11-15T09:40:40.663+0000][45491.821s][info ][gc,start      ] GC(125) Pause Young (Normal) (G1 Evacuation Pause)
[2023-11-15T09:40:40.663+0000][45491.821s][info ][gc,task       ] GC(125) Using 4 workers of 4 for evacuation
[2023-11-15T09:40:40.686+0000][45491.844s][info ][gc,phases     ] GC(125)   Pre Evacuate Collection Set: 0.0ms
[2023-11-15T09:40:40.686+0000][45491.845s][info ][gc,phases     ] GC(125)   Evacuate Collection Set: 17.9ms
[2023-11-15T09:40:40.686+0000][45491.845s][info ][gc,phases     ] GC(125)   Post Evacuate Collection Set: 4.8ms
[2023-11-15T09:40:40.687+0000][45491.845s][info ][gc,phases     ] GC(125)   Other: 0.5ms
[2023-11-15T09:40:40.687+0000][45491.845s][info ][gc,heap       ] GC(125) Eden regions: 482->0(480)
[2023-11-15T09:40:40.687+0000][45491.845s][info ][gc,heap       ] GC(125) Survivor regions: 12->14(62)
[2023-11-15T09:40:40.687+0000][45491.845s][info ][gc,heap       ] GC(125) Old regions: 149->149
[2023-11-15T09:40:40.687+0000][45491.845s][info ][gc,heap       ] GC(125) Humongous regions: 0->0
[2023-11-15T09:40:40.687+0000][45491.845s][info ][gc,metaspace  ] GC(125) Metaspace: 166133K(171772K)->166133K(171772K) NonClass: 147137K(150528K)->147137K(150528K) Class: 18995K(21244K)->18995K(21244K)
[2023-11-15T09:40:40.687+0000][45491.845s][info ][gc            ] GC(125) Pause Young (Normal) (G1 Evacuation Pause) 640M->160M(824M) 23.391ms
[2023-11-15T09:40:40.687+0000][45491.845s][info ][gc,cpu        ] GC(125) User=0.09s Sys=0.00s Real=0.02s
[2023-11-15T09:40:40.687+0000][45491.845s][info ][safepoint     ] Leaving safepoint region
[2023-11-15T09:40:40.687+0000][45491.845s][info ][safepoint     ] Total time for which application threads were stopped: 0.0238666 seconds, Stopping threads took: 0.0000554 seconds
[2023-11-15T09:40:40.687+0000][45491.845s][info ][gc,stringdedup] Concurrent String Deduplication (45491.845s)
[2023-11-15T09:40:40.693+0000][45491.851s][info ][gc,stringdedup] Concurrent String Deduplication 596.0K->332.0K(264.0K) avg 55.3% (45491.845s, 45491.851s) 6.278ms
[2023-11-15T09:40:41.687+0000][45492.845s][debug][safepoint     ] Safepoint synchronization initiated. (178 threads)
[2023-11-15T09:40:41.687+0000][45492.845s][info ][safepoint     ] Application time: 1.0001859 seconds
[2023-11-15T09:40:41.687+0000][45492.845s][info ][safepoint     ] Entering safepoint region: Cleanup
[2023-11-15T09:40:41.687+0000][45492.845s][info ][safepoint     ] Leaving safepoint region
[2023-11-15T09:40:41.687+0000][45492.845s][info ][safepoint     ] Total time for which application threads were stopped: 0.0003538 seconds, Stopping threads took: 0.0000495 seconds
[2023-11-15T09:40:46.688+0000][45497.846s][debug][safepoint     ] Safepoint synchronization initiated. (178 threads)
[2023-11-15T09:40:46.688+0000][45497.846s][info ][safepoint     ] Application time: 5.0005196 seconds
[2023-11-15T09:40:46.688+0000][45497.846s][info ][safepoint     ] Entering safepoint region: Cleanup
[2023-11-15T09:40:46.688+0000][45497.846s][info ][safepoint     ] Leaving safepoint region
[2023-11-15T09:40:46.688+0000][45497.846s][info ][safepoint     ] Total time for which application threads were stopped: 0.0003462 seconds, Stopping threads took: 0.0000508 seconds
[2023-11-15T09:40:52.689+0000][45503.847s][debug][safepoint     ] Safepoint synchronization initiated. (178 threads)
[2023-11-15T09:40:52.689+0000][45503.847s][info ][safepoint     ] Application time: 6.0006380 seconds
[2023-11-15T09:40:52.689+0000][45503.847s][info ][safepoint     ] Entering safepoint region: Cleanup
[2023-11-15T09:40:52.689+0000][45503.847s][info ][safepoint     ] Leaving safepoint region
[2023-11-15T09:40:52.689+0000][45503.847s][info ][safepoint     ] Total time for which application threads were stopped: 0.0003539 seconds, Stopping threads took: 0.0000510 seconds
[2023-11-15T09:41:06.691+0000][45517.849s][debug][safepoint     ] Safepoint synchronization initiated. (177 threads)
[2023-11-15T09:41:06.691+0000][45517.849s][info ][safepoint     ] Application time: 14.0014290 seconds
[2023-11-15T09:41:06.691+0000][45517.849s][info ][safepoint     ] Entering safepoint region: Cleanup
[2023-11-15T09:41:06.691+0000][45517.849s][info ][safepoint     ] Leaving safepoint region
[2023-11-15T09:41:06.691+0000][45517.849s][info ][safepoint     ] Total time for which application threads were stopped: 0.0003611 seconds, Stopping threads took: 0.0000525 seconds
[2023-11-15T09:42:46.700+0000][45617.858s][debug][safepoint     ] Safepoint synchronization initiated. (175 threads)
[2023-11-15T09:42:46.700+0000][45617.858s][info ][safepoint     ] Application time: 100.0087642 seconds
[2023-11-15T09:42:46.700+0000][45617.858s][info ][safepoint     ] Entering safepoint region: Cleanup
[2023-11-15T09:42:46.700+0000][45617.858s][info ][safepoint     ] Leaving safepoint region
[2023-11-15T09:42:46.700+0000][45617.858s][info ][safepoint     ] Total time for which application threads were stopped: 0.0002778 seconds, Stopping threads took: 0.0000517 seconds
[2023-11-15T09:43:16.703+0000][45647.861s][debug][safepoint     ] Safepoint synchronization initiated. (174 threads)
[2023-11-15T09:43:16.703+0000][45647.861s][info ][safepoint     ] Application time: 30.0027021 seconds
[2023-11-15T09:43:16.703+0000][45647.861s][info ][safepoint     ] Entering safepoint region: Cleanup
[2023-11-15T09:43:16.703+0000][45647.861s][info ][safepoint     ] Leaving safepoint region
[2023-11-15T09:43:16.703+0000][45647.861s][info ][safepoint     ] Total time for which application threads were stopped: 0.0003532 seconds, Stopping threads took: 0.0000502 seconds
[2023-11-15T09:43:36.705+0000][45667.863s][debug][safepoint     ] Safepoint synchronization initiated. (174 threads)
[2023-11-15T09:43:36.705+0000][45667.863s][info ][safepoint     ] Application time: 20.0018113 seconds
[2023-11-15T09:43:36.705+0000][45667.863s][info ][safepoint     ] Entering safepoint region: Cleanup
[2023-11-15T09:43:36.705+0000][45667.863s][info ][safepoint     ] Leaving safepoint region
[2023-11-15T09:43:36.705+0000][45667.864s][info ][safepoint     ] Total time for which application threads were stopped: 0.0003718 seconds, Stopping threads took: 0.0000519 seconds
[2023-11-15T09:44:37.721+0000][45728.879s][debug][safepoint     ] Safepoint synchronization initiated. (173 threads)
[2023-11-15T09:44:37.721+0000][45728.879s][info ][safepoint     ] Application time: 61.0157069 seconds
[2023-11-15T09:44:37.721+0000][45728.879s][info ][safepoint     ] Entering safepoint region: Cleanup
[2023-11-15T09:44:37.721+0000][45728.879s][info ][safepoint     ] Leaving safepoint region
[2023-11-15T09:44:37.721+0000][45728.880s][info ][safepoint     ] Total time for which application threads were stopped: 0.0002425 seconds, Stopping threads took: 0.0000549 seconds
[2023-11-15T09:45:31.726+0000][45782.884s][debug][safepoint     ] Safepoint synchronization initiated. (172 threads)
[2023-11-15T09:45:31.726+0000][45782.884s][info ][safepoint     ] Application time: 54.0045595 seconds
[2023-11-15T09:45:31.726+0000][45782.884s][info ][safepoint     ] Entering safepoint region: Cleanup
[2023-11-15T09:45:31.726+0000][45782.884s][info ][safepoint     ] Leaving safepoint region
[2023-11-15T09:45:31.726+0000][45782.885s][info ][safepoint     ] Total time for which application threads were stopped: 0.0003952 seconds, Stopping threads took: 0.0000530 seconds
[2023-11-15T09:45:32.727+0000][45783.885s][debug][safepoint     ] Safepoint synchronization initiated. (172 threads)
[2023-11-15T09:45:32.727+0000][45783.885s][info ][safepoint     ] Application time: 1.0001545 seconds
[2023-11-15T09:45:32.727+0000][45783.885s][info ][safepoint     ] Entering safepoint region: Cleanup
[2023-11-15T09:45:32.727+0000][45783.885s][info ][safepoint     ] Leaving safepoint region
[2023-11-15T09:45:32.727+0000][45783.885s][info ][safepoint     ] Total time for which application threads were stopped: 0.0003671 seconds, Stopping threads took: 0.0000486 seconds
[2023-11-15T09:45:33.727+0000][45784.885s][debug][safepoint     ] Safepoint synchronization initiated. (172 threads)
[2023-11-15T09:45:33.727+0000][45784.885s][info ][safepoint     ] Application time: 1.0001464 seconds
[2023-11-15T09:45:33.727+0000][45784.885s][info ][safepoint     ] Entering safepoint region: Cleanup
[2023-11-15T09:45:33.728+0000][45784.886s][info ][safepoint     ] Leaving safepoint region
[2023-11-15T09:45:33.728+0000][45784.886s][info ][safepoint     ] Total time for which application threads were stopped: 0.0003354 seconds, Stopping threads took: 0.0000492 seconds
[2023-11-15T09:45:34.728+0000][45785.886s][debug][safepoint     ] Safepoint synchronization initiated. (171 threads)
[2023-11-15T09:45:34.728+0000][45785.886s][info ][safepoint     ] Application time: 1.0001505 seconds
[2023-11-15T09:45:34.728+0000][45785.886s][info ][safepoint     ] Entering safepoint region: Cleanup
[2023-11-15T09:45:34.728+0000][45785.886s][info ][safepoint     ] Leaving safepoint region
[2023-11-15T09:45:34.728+0000][45785.886s][info ][safepoint     ] Total time for which application threads were stopped: 0.0003701 seconds, Stopping threads took: 0.0000504 seconds
[2023-11-15T09:45:39.729+0000][45790.887s][debug][safepoint     ] Safepoint synchronization initiated. (171 threads)
[2023-11-15T09:45:39.729+0000][45790.887s][info ][safepoint     ] Application time: 5.0005241 seconds
[2023-11-15T09:45:39.729+0000][45790.887s][info ][safepoint     ] Entering safepoint region: Cleanup
[2023-11-15T09:45:39.729+0000][45790.887s][info ][safepoint     ] Leaving safepoint region
[2023-11-15T09:45:39.729+0000][45790.887s][info ][safepoint     ] Total time for which application threads were stopped: 0.0005403 seconds, Stopping threads took: 0.0003115 seconds
[2023-11-15T09:45:56.731+0000][45807.889s][debug][safepoint     ] Safepoint synchronization initiated. (172 threads)
[2023-11-15T09:45:56.731+0000][45807.889s][info ][safepoint     ] Application time: 17.0015940 seconds
[2023-11-15T09:45:56.731+0000][45807.889s][debug][safepoint     ] ... found polling page loop exception at pc = 0x00007fe17bd88963, stub =0x00007fe17883ab00
[2023-11-15T09:45:56.731+0000][45807.889s][debug][safepoint     ] Waiting for 1 thread(s) to block
[2023-11-15T09:45:56.731+0000][45807.889s][info ][safepoint     ] Entering safepoint region: Cleanup
[2023-11-15T09:45:56.731+0000][45807.889s][info ][safepoint     ] Leaving safepoint region
[2023-11-15T09:45:56.731+0000][45807.889s][info ][safepoint     ] Total time for which application threads were stopped: 0.0003515 seconds, Stopping threads took: 0.0000845 seconds
[2023-11-15T09:45:57.731+0000][45808.889s][debug][safepoint     ] Safepoint synchronization initiated. (171 threads)
[2023-11-15T09:45:57.731+0000][45808.889s][info ][safepoint     ] Application time: 1.0001441 seconds
[2023-11-15T09:45:57.731+0000][45808.889s][info ][safepoint     ] Entering safepoint region: Cleanup
[2023-11-15T09:45:57.732+0000][45808.890s][info ][safepoint     ] Leaving safepoint region
[2023-11-15T09:45:57.732+0000][45808.890s][info ][safepoint     ] Total time for which application threads were stopped: 0.0003763 seconds, Stopping threads took: 0.0000457 seconds
[2023-11-15T09:45:58.356+0000][45809.514s][debug][safepoint     ] Safepoint synchronization initiated. (171 threads)
[2023-11-15T09:45:58.356+0000][45809.514s][info ][safepoint     ] Application time: 0.6243176 seconds
[2023-11-15T09:45:58.356+0000][45809.514s][info ][safepoint     ] Entering safepoint region: ICBufferFull
[2023-11-15T09:45:58.356+0000][45809.514s][info ][safepoint     ] Leaving safepoint region
[2023-11-15T09:45:58.356+0000][45809.514s][info ][safepoint     ] Total time for which application threads were stopped: 0.0003871 seconds, Stopping threads took: 0.0000356 seconds
[2023-11-15T09:45:59.357+0000][45810.515s][debug][safepoint     ] Safepoint synchronization initiated. (171 threads)
[2023-11-15T09:45:59.357+0000][45810.515s][info ][safepoint     ] Application time: 1.0001910 seconds
[2023-11-15T09:45:59.357+0000][45810.515s][info ][safepoint     ] Entering safepoint region: Cleanup
[2023-11-15T09:45:59.357+0000][45810.515s][info ][safepoint     ] Leaving safepoint region
[2023-11-15T09:45:59.357+0000][45810.515s][info ][safepoint     ] Total time for which application threads were stopped: 0.0004591 seconds, Stopping threads took: 0.0000769 seconds
[2023-11-15T09:46:00.357+0000][45811.515s][debug][safepoint     ] Safepoint synchronization initiated. (171 threads)
[2023-11-15T09:46:00.357+0000][45811.515s][info ][safepoint     ] Application time: 1.0001766 seconds
[2023-11-15T09:46:00.357+0000][45811.515s][info ][safepoint     ] Entering safepoint region: Cleanup
[2023-11-15T09:46:00.358+0000][45811.516s][info ][safepoint     ] Leaving safepoint region
[2023-11-15T09:46:00.358+0000][45811.516s][info ][safepoint     ] Total time for which application threads were stopped: 0.0003528 seconds, Stopping threads took: 0.0000512 seconds
[2023-11-15T09:46:01.358+0000][45812.516s][debug][safepoint     ] Safepoint synchronization initiated. (171 threads)
[2023-11-15T09:46:01.358+0000][45812.516s][info ][safepoint     ] Application time: 1.0001652 seconds
[2023-11-15T09:46:01.358+0000][45812.516s][info ][safepoint     ] Entering safepoint region: Cleanup
[2023-11-15T09:46:01.358+0000][45812.516s][info ][safepoint     ] Leaving safepoint region
[2023-11-15T09:46:01.358+0000][45812.516s][info ][safepoint     ] Total time for which application threads were stopped: 0.0004277 seconds, Stopping threads took: 0.0000566 seconds
[2023-11-15T09:46:04.359+0000][45815.517s][debug][safepoint     ] Safepoint synchronization initiated. (171 threads)
[2023-11-15T09:46:04.359+0000][45815.517s][info ][safepoint     ] Application time: 3.0003561 seconds
[2023-11-15T09:46:04.359+0000][45815.517s][info ][safepoint     ] Entering safepoint region: Cleanup
[2023-11-15T09:46:04.359+0000][45815.517s][info ][safepoint     ] Leaving safepoint region
[2023-11-15T09:46:04.359+0000][45815.517s][info ][safepoint     ] Total time for which application threads were stopped: 0.0003505 seconds, Stopping threads took: 0.0000514 seconds
[2023-11-15T09:46:05.359+0000][45816.517s][debug][safepoint     ] Safepoint synchronization initiated. (171 threads)
[2023-11-15T09:46:05.359+0000][45816.517s][info ][safepoint     ] Application time: 1.0001588 seconds
[2023-11-15T09:46:05.359+0000][45816.517s][info ][safepoint     ] Entering safepoint region: Cleanup
[2023-11-15T09:46:05.360+0000][45816.518s][info ][safepoint     ] Leaving safepoint region
[2023-11-15T09:46:05.360+0000][45816.518s][info ][safepoint     ] Total time for which application threads were stopped: 0.0003310 seconds, Stopping threads took: 0.0000518 seconds
[2023-11-15T09:46:06.360+0000][45817.518s][debug][safepoint     ] Safepoint synchronization initiated. (170 threads)
[2023-11-15T09:46:06.360+0000][45817.518s][info ][safepoint     ] Application time: 1.0001493 seconds
[2023-11-15T09:46:06.360+0000][45817.518s][info ][safepoint     ] Entering safepoint region: Cleanup
[2023-11-15T09:46:06.360+0000][45817.518s][info ][safepoint     ] Leaving safepoint region
[2023-11-15T09:46:06.360+0000][45817.518s][info ][safepoint     ] Total time for which application threads were stopped: 0.0002634 seconds, Stopping threads took: 0.0000428 seconds
[2023-11-15T09:46:07.360+0000][45818.518s][debug][safepoint     ] Safepoint synchronization initiated. (170 threads)
[2023-11-15T09:46:07.360+0000][45818.518s][info ][safepoint     ] Application time: 1.0001544 seconds
[2023-11-15T09:46:07.360+0000][45818.518s][info ][safepoint     ] Entering safepoint region: Cleanup
[2023-11-15T09:46:07.361+0000][45818.519s][info ][safepoint     ] Leaving safepoint region
[2023-11-15T09:46:07.361+0000][45818.519s][info ][safepoint     ] Total time for which application threads were stopped: 0.0003498 seconds, Stopping threads took: 0.0000510 seconds
[2023-11-15T09:46:08.361+0000][45819.519s][debug][safepoint     ] Safepoint synchronization initiated. (170 threads)
[2023-11-15T09:46:08.361+0000][45819.519s][info ][safepoint     ] Application time: 1.0001607 seconds
[2023-11-15T09:46:08.361+0000][45819.519s][info ][safepoint     ] Entering safepoint region: Cleanup
[2023-11-15T09:46:08.361+0000][45819.519s][info ][safepoint     ] Leaving safepoint region
[2023-11-15T09:46:08.361+0000][45819.519s][info ][safepoint     ] Total time for which application threads were stopped: 0.0002585 seconds, Stopping threads took: 0.0000526 seconds
[2023-11-15T09:46:09.361+0000][45820.519s][debug][safepoint     ] Safepoint synchronization initiated. (170 threads)
[2023-11-15T09:46:09.361+0000][45820.519s][info ][safepoint     ] Application time: 1.0001705 seconds
[2023-11-15T09:46:09.361+0000][45820.519s][debug][safepoint     ] ... found polling page return exception at pc = 0x00007fe180ada38c, stub =0x00007fe17883a800
[2023-11-15T09:46:09.361+0000][45820.519s][debug][safepoint     ] Waiting for 1 thread(s) to block
[2023-11-15T09:46:09.361+0000][45820.520s][info ][safepoint     ] Entering safepoint region: Cleanup
[2023-11-15T09:46:09.362+0000][45820.520s][info ][safepoint     ] Leaving safepoint region
[2023-11-15T09:46:09.362+0000][45820.520s][info ][safepoint     ] Total time for which application threads were stopped: 0.0004750 seconds, Stopping threads took: 0.0002313 seconds
[2023-11-15T09:46:11.362+0000][45822.520s][debug][safepoint     ] Safepoint synchronization initiated. (170 threads)
[2023-11-15T09:46:11.362+0000][45822.520s][info ][safepoint     ] Application time: 2.0002417 seconds
[2023-11-15T09:46:11.362+0000][45822.520s][info ][safepoint     ] Entering safepoint region: Cleanup
[2023-11-15T09:46:11.362+0000][45822.520s][info ][safepoint     ] Leaving safepoint region
[2023-11-15T09:46:11.362+0000][45822.520s][info ][safepoint     ] Total time for which application threads were stopped: 0.0003493 seconds, Stopping threads took: 0.0000497 seconds
[2023-11-15T09:46:13.363+0000][45824.521s][debug][safepoint     ] Safepoint synchronization initiated. (170 threads)
[2023-11-15T09:46:13.363+0000][45824.521s][info ][safepoint     ] Application time: 2.0002799 seconds
[2023-11-15T09:46:13.363+0000][45824.521s][info ][safepoint     ] Entering safepoint region: Cleanup
[2023-11-15T09:46:13.363+0000][45824.521s][info ][safepoint     ] Leaving safepoint region
[2023-11-15T09:46:13.363+0000][45824.521s][info ][safepoint     ] Total time for which application threads were stopped: 0.0003584 seconds, Stopping threads took: 0.0000537 seconds
[2023-11-15T09:46:15.363+0000][45826.521s][debug][safepoint     ] Safepoint synchronization initiated. (170 threads)
[2023-11-15T09:46:15.363+0000][45826.521s][info ][safepoint     ] Application time: 2.0002441 seconds
[2023-11-15T09:46:15.363+0000][45826.521s][info ][safepoint     ] Entering safepoint region: Cleanup
[2023-11-15T09:46:15.364+0000][45826.522s][info ][safepoint     ] Leaving safepoint region
[2023-11-15T09:46:15.364+0000][45826.522s][info ][safepoint     ] Total time for which application threads were stopped: 0.0003316 seconds, Stopping threads took: 0.0000503 seconds
[2023-11-15T09:46:17.364+0000][45828.522s][debug][safepoint     ] Safepoint synchronization initiated. (170 threads)
[2023-11-15T09:46:17.364+0000][45828.522s][info ][safepoint     ] Application time: 2.0002232 seconds
[2023-11-15T09:46:17.364+0000][45828.522s][info ][safepoint     ] Entering safepoint region: Cleanup
[2023-11-15T09:46:17.364+0000][45828.522s][info ][safepoint     ] Leaving safepoint region
[2023-11-15T09:46:17.364+0000][45828.522s][info ][safepoint     ] Total time for which application threads were stopped: 0.0002023 seconds, Stopping threads took: 0.0000374 seconds
[2023-11-15T09:46:18.364+0000][45829.522s][debug][safepoint     ] Safepoint synchronization initiated. (170 threads)
[2023-11-15T09:46:18.364+0000][45829.522s][info ][safepoint     ] Application time: 1.0001665 seconds
[2023-11-15T09:46:18.364+0000][45829.522s][info ][safepoint     ] Entering safepoint region: Cleanup
[2023-11-15T09:46:18.365+0000][45829.523s][info ][safepoint     ] Leaving safepoint region
[2023-11-15T09:46:18.365+0000][45829.523s][info ][safepoint     ] Total time for which application threads were stopped: 0.0006740 seconds, Stopping threads took: 0.0003137 seconds
[2023-11-15T09:46:21.569+0000][45832.727s][debug][safepoint     ] Safepoint synchronization initiated. (170 threads)
[2023-11-15T09:46:21.569+0000][45832.727s][info ][safepoint     ] Application time: 3.2040919 seconds
[2023-11-15T09:46:21.569+0000][45832.727s][info ][safepoint     ] Entering safepoint region: Deoptimize
[2023-11-15T09:46:21.571+0000][45832.729s][info ][safepoint     ] Leaving safepoint region
[2023-11-15T09:46:21.571+0000][45832.729s][info ][safepoint     ] Total time for which application threads were stopped: 0.0018698 seconds, Stopping threads took: 0.0000343 seconds
[2023-11-15T09:46:22.571+0000][45833.729s][debug][safepoint     ] Safepoint synchronization initiated. (174 threads)
[2023-11-15T09:46:22.571+0000][45833.729s][info ][safepoint     ] Application time: 1.0001762 seconds
[2023-11-15T09:46:22.571+0000][45833.729s][info ][safepoint     ] Entering safepoint region: Cleanup
[2023-11-15T09:46:22.572+0000][45833.730s][info ][safepoint     ] Leaving safepoint region
[2023-11-15T09:46:22.572+0000][45833.730s][info ][safepoint     ] Total time for which application threads were stopped: 0.0004422 seconds, Stopping threads took: 0.0000506 seconds
[2023-11-15T09:46:24.822+0000][45835.980s][debug][safepoint     ] Safepoint synchronization initiated. (174 threads)
[2023-11-15T09:46:24.822+0000][45835.981s][info ][safepoint     ] Application time: 2.2508193 seconds
[2023-11-15T09:46:24.823+0000][45835.981s][info ][safepoint     ] Entering safepoint region: G1CollectForAllocation
[2023-11-15T09:46:24.823+0000][45835.981s][info ][gc,start      ] GC(126) Pause Young (Normal) (G1 Evacuation Pause)
[2023-11-15T09:46:24.823+0000][45835.981s][info ][gc,task       ] GC(126) Using 4 workers of 4 for evacuation
[2023-11-15T09:46:24.846+0000][45836.004s][info ][gc,phases     ] GC(126)   Pre Evacuate Collection Set: 0.0ms
[2023-11-15T09:46:24.846+0000][45836.004s][info ][gc,phases     ] GC(126)   Evacuate Collection Set: 17.5ms
[2023-11-15T09:46:24.846+0000][45836.004s][info ][gc,phases     ] GC(126)   Post Evacuate Collection Set: 5.2ms
[2023-11-15T09:46:24.846+0000][45836.004s][info ][gc,phases     ] GC(126)   Other: 0.4ms
[2023-11-15T09:46:24.846+0000][45836.004s][info ][gc,heap       ] GC(126) Eden regions: 480->0(481)
[2023-11-15T09:46:24.846+0000][45836.004s][info ][gc,heap       ] GC(126) Survivor regions: 14->13(62)
[2023-11-15T09:46:24.846+0000][45836.004s][info ][gc,heap       ] GC(126) Old regions: 149->149
[2023-11-15T09:46:24.846+0000][45836.004s][info ][gc,heap       ] GC(126) Humongous regions: 16->0
[2023-11-15T09:46:24.846+0000][45836.004s][info ][gc,metaspace  ] GC(126) Metaspace: 167068K(172796K)->167068K(172796K) NonClass: 148024K(151552K)->148024K(151552K) Class: 19043K(21244K)->19043K(21244K)
[2023-11-15T09:46:24.846+0000][45836.004s][info ][gc            ] GC(126) Pause Young (Normal) (G1 Evacuation Pause) 656M->159M(824M) 23.273ms
[2023-11-15T09:46:24.846+0000][45836.004s][info ][gc,cpu        ] GC(126) User=0.08s Sys=0.00s Real=0.02s
[2023-11-15T09:46:24.846+0000][45836.004s][info ][safepoint     ] Leaving safepoint region
[2023-11-15T09:46:24.846+0000][45836.004s][info ][safepoint     ] Total time for which application threads were stopped: 0.0236716 seconds, Stopping threads took: 0.0000516 seconds
[2023-11-15T09:46:24.846+0000][45836.004s][info ][gc,stringdedup] Concurrent String Deduplication (45836.004s)
[2023-11-15T09:46:24.849+0000][45836.007s][info ][gc,stringdedup] Concurrent String Deduplication 436.4K->188.7K(247.7K) avg 55.3% (45836.004s, 45836.007s) 2.985ms
[2023-11-15T09:46:25.846+0000][45837.004s][debug][safepoint     ] Safepoint synchronization initiated. (173 threads)
[2023-11-15T09:46:25.846+0000][45837.004s][info ][safepoint     ] Application time: 1.0001811 seconds
[2023-11-15T09:46:25.846+0000][45837.004s][info ][safepoint     ] Entering safepoint region: Cleanup
[2023-11-15T09:46:25.847+0000][45837.005s][info ][safepoint     ] Leaving safepoint region
[2023-11-15T09:46:25.847+0000][45837.005s][info ][safepoint     ] Total time for which application threads were stopped: 0.0003438 seconds, Stopping threads took: 0.0000506 seconds
[2023-11-15T09:46:27.847+0000][45839.005s][debug][safepoint     ] Safepoint synchronization initiated. (173 threads)
[2023-11-15T09:46:27.847+0000][45839.005s][info ][safepoint     ] Application time: 2.0002679 seconds
[2023-11-15T09:46:27.847+0000][45839.005s][info ][safepoint     ] Entering safepoint region: Cleanup
[2023-11-15T09:46:27.847+0000][45839.005s][info ][safepoint     ] Leaving safepoint region
[2023-11-15T09:46:27.847+0000][45839.005s][info ][safepoint     ] Total time for which application threads were stopped: 0.0003390 seconds, Stopping threads took: 0.0000470 seconds
[2023-11-15T09:46:31.848+0000][45843.006s][debug][safepoint     ] Safepoint synchronization initiated. (173 threads)
[2023-11-15T09:46:31.848+0000][45843.006s][info ][safepoint     ] Application time: 4.0004081 seconds
[2023-11-15T09:46:31.848+0000][45843.006s][info ][safepoint     ] Entering safepoint region: Cleanup
[2023-11-15T09:46:31.848+0000][45843.006s][info ][safepoint     ] Leaving safepoint region
[2023-11-15T09:46:31.848+0000][45843.006s][info ][safepoint     ] Total time for which application threads were stopped: 0.0003582 seconds, Stopping threads took: 0.0000503 seconds
[2023-11-15T09:46:33.848+0000][45845.006s][debug][safepoint     ] Safepoint synchronization initiated. (173 threads)
[2023-11-15T09:46:33.848+0000][45845.007s][info ][safepoint     ] Application time: 2.0002596 seconds
[2023-11-15T09:46:33.849+0000][45845.007s][info ][safepoint     ] Entering safepoint region: Cleanup
[2023-11-15T09:46:33.849+0000][45845.007s][info ][safepoint     ] Leaving safepoint region
[2023-11-15T09:46:33.849+0000][45845.007s][info ][safepoint     ] Total time for which application threads were stopped: 0.0003173 seconds, Stopping threads took: 0.0000513 seconds
[2023-11-15T09:46:36.849+0000][45848.007s][debug][safepoint     ] Safepoint synchronization initiated. (173 threads)
[2023-11-15T09:46:36.849+0000][45848.007s][info ][safepoint     ] Application time: 3.0003523 seconds
[2023-11-15T09:46:36.849+0000][45848.007s][info ][safepoint     ] Entering safepoint region: Cleanup
[2023-11-15T09:46:36.850+0000][45848.008s][info ][safepoint     ] Leaving safepoint region
[2023-11-15T09:46:36.850+0000][45848.008s][info ][safepoint     ] Total time for which application threads were stopped: 0.0003596 seconds, Stopping threads took: 0.0000527 seconds
[2023-11-15T09:46:37.850+0000][45849.008s][debug][safepoint     ] Safepoint synchronization initiated. (173 threads)
[2023-11-15T09:46:37.850+0000][45849.008s][info ][safepoint     ] Application time: 1.0001747 seconds
[2023-11-15T09:46:37.850+0000][45849.008s][info ][safepoint     ] Entering safepoint region: Cleanup
[2023-11-15T09:46:37.850+0000][45849.008s][info ][safepoint     ] Leaving safepoint region
[2023-11-15T09:46:37.850+0000][45849.008s][info ][safepoint     ] Total time for which application threads were stopped: 0.0003687 seconds, Stopping threads took: 0.0000541 seconds
[2023-11-15T09:46:38.850+0000][45850.008s][debug][safepoint     ] Safepoint synchronization initiated. (173 threads)
[2023-11-15T09:46:38.850+0000][45850.008s][info ][safepoint     ] Application time: 1.0001517 seconds
[2023-11-15T09:46:38.850+0000][45850.008s][info ][safepoint     ] Entering safepoint region: Cleanup
[2023-11-15T09:46:38.851+0000][45850.009s][info ][safepoint     ] Leaving safepoint region
[2023-11-15T09:46:38.851+0000][45850.009s][info ][safepoint     ] Total time for which application threads were stopped: 0.0002673 seconds, Stopping threads took: 0.0000537 seconds
[2023-11-15T09:46:39.851+0000][45851.009s][debug][safepoint     ] Safepoint synchronization initiated. (173 threads)
[2023-11-15T09:46:39.851+0000][45851.009s][info ][safepoint     ] Application time: 1.0001639 seconds
[2023-11-15T09:46:39.851+0000][45851.009s][info ][safepoint     ] Entering safepoint region: Cleanup
[2023-11-15T09:46:39.851+0000][45851.009s][info ][safepoint     ] Leaving safepoint region
[2023-11-15T09:46:39.851+0000][45851.009s][info ][safepoint     ] Total time for which application threads were stopped: 0.0003854 seconds, Stopping threads took: 0.0000516 seconds
[2023-11-15T09:46:40.851+0000][45852.009s][debug][safepoint     ] Safepoint synchronization initiated. (173 threads)
[2023-11-15T09:46:40.851+0000][45852.009s][info ][safepoint     ] Application time: 1.0001557 seconds
[2023-11-15T09:46:40.851+0000][45852.009s][info ][safepoint     ] Entering safepoint region: Cleanup
[2023-11-15T09:46:40.852+0000][45852.010s][info ][safepoint     ] Leaving safepoint region
[2023-11-15T09:46:40.852+0000][45852.010s][info ][safepoint     ] Total time for which application threads were stopped: 0.0003645 seconds, Stopping threads took: 0.0000515 seconds
[2023-11-15T09:46:42.852+0000][45854.010s][debug][safepoint     ] Safepoint synchronization initiated. (173 threads)
[2023-11-15T09:46:42.852+0000][45854.010s][info ][safepoint     ] Application time: 2.0002404 seconds
[2023-11-15T09:46:42.852+0000][45854.010s][info ][safepoint     ] Entering safepoint region: Cleanup
[2023-11-15T09:46:42.852+0000][45854.010s][info ][safepoint     ] Leaving safepoint region
[2023-11-15T09:46:42.852+0000][45854.010s][info ][safepoint     ] Total time for which application threads were stopped: 0.0003624 seconds, Stopping threads took: 0.0000544 seconds
[2023-11-15T09:46:46.853+0000][45858.011s][debug][safepoint     ] Safepoint synchronization initiated. (173 threads)
[2023-11-15T09:46:46.853+0000][45858.011s][info ][safepoint     ] Application time: 4.0004249 seconds
[2023-11-15T09:46:46.853+0000][45858.011s][info ][safepoint     ] Entering safepoint region: Cleanup
[2023-11-15T09:46:46.853+0000][45858.011s][info ][safepoint     ] Leaving safepoint region
[2023-11-15T09:46:46.853+0000][45858.011s][info ][safepoint     ] Total time for which application threads were stopped: 0.0003629 seconds, Stopping threads took: 0.0000534 seconds
[2023-11-15T09:46:51.854+0000][45863.012s][debug][safepoint     ] Safepoint synchronization initiated. (173 threads)
[2023-11-15T09:46:51.854+0000][45863.012s][info ][safepoint     ] Application time: 5.0005351 seconds
[2023-11-15T09:46:51.854+0000][45863.012s][info ][safepoint     ] Entering safepoint region: Cleanup
[2023-11-15T09:46:51.854+0000][45863.012s][info ][safepoint     ] Leaving safepoint region
[2023-11-15T09:46:51.854+0000][45863.012s][info ][safepoint     ] Total time for which application threads were stopped: 0.0003618 seconds, Stopping threads took: 0.0000527 seconds
[2023-11-15T09:46:52.854+0000][45864.012s][debug][safepoint     ] Safepoint synchronization initiated. (173 threads)
[2023-11-15T09:46:52.854+0000][45864.012s][info ][safepoint     ] Application time: 1.0001754 seconds
[2023-11-15T09:46:52.854+0000][45864.012s][info ][safepoint     ] Entering safepoint region: Cleanup
[2023-11-15T09:46:52.855+0000][45864.013s][info ][safepoint     ] Leaving safepoint region
[2023-11-15T09:46:52.855+0000][45864.013s][info ][safepoint     ] Total time for which application threads were stopped: 0.0004054 seconds, Stopping threads took: 0.0000536 seconds
[2023-11-15T09:46:55.855+0000][45867.013s][debug][safepoint     ] Safepoint synchronization initiated. (173 threads)
[2023-11-15T09:46:55.855+0000][45867.013s][info ][safepoint     ] Application time: 3.0003454 seconds
[2023-11-15T09:46:55.855+0000][45867.013s][info ][safepoint     ] Entering safepoint region: Cleanup
[2023-11-15T09:46:55.855+0000][45867.014s][info ][safepoint     ] Leaving safepoint region
[2023-11-15T09:46:55.855+0000][45867.014s][info ][safepoint     ] Total time for which application threads were stopped: 0.0003338 seconds, Stopping threads took: 0.0000499 seconds
[2023-11-15T09:46:56.856+0000][45868.014s][debug][safepoint     ] Safepoint synchronization initiated. (173 threads)
[2023-11-15T09:46:56.856+0000][45868.014s][info ][safepoint     ] Application time: 1.0001481 seconds
[2023-11-15T09:46:56.856+0000][45868.014s][info ][safepoint     ] Entering safepoint region: Cleanup
[2023-11-15T09:46:56.856+0000][45868.014s][info ][safepoint     ] Leaving safepoint region
[2023-11-15T09:46:56.856+0000][45868.014s][info ][safepoint     ] Total time for which application threads were stopped: 0.0003624 seconds, Stopping threads took: 0.0000534 seconds
[2023-11-15T09:46:57.856+0000][45869.014s][debug][safepoint     ] Safepoint synchronization initiated. (174 threads)
[2023-11-15T09:46:57.856+0000][45869.014s][info ][safepoint     ] Application time: 1.0001796 seconds
[2023-11-15T09:46:57.856+0000][45869.014s][info ][safepoint     ] Entering safepoint region: Cleanup
[2023-11-15T09:46:57.857+0000][45869.015s][info ][safepoint     ] Leaving safepoint region
[2023-11-15T09:46:57.857+0000][45869.015s][info ][safepoint     ] Total time for which application threads were stopped: 0.0003779 seconds, Stopping threads took: 0.0000518 seconds
[2023-11-15T09:46:58.857+0000][45870.015s][debug][safepoint     ] Safepoint synchronization initiated. (174 threads)
[2023-11-15T09:46:58.857+0000][45870.015s][info ][safepoint     ] Application time: 1.0001613 seconds
[2023-11-15T09:46:58.857+0000][45870.015s][debug][safepoint     ] ... found polling page loop exception at pc = 0x00007fe1814cc328, stub =0x00007fe17883ab00
[2023-11-15T09:46:58.857+0000][45870.015s][debug][safepoint     ] Waiting for 1 thread(s) to block
[2023-11-15T09:46:58.857+0000][45870.015s][info ][safepoint     ] Entering safepoint region: Cleanup
[2023-11-15T09:46:58.857+0000][45870.015s][info ][safepoint     ] Leaving safepoint region
[2023-11-15T09:46:58.857+0000][45870.015s][info ][safepoint     ] Total time for which application threads were stopped: 0.0003213 seconds, Stopping threads took: 0.0001028 seconds
[2023-11-15T09:46:59.857+0000][45871.015s][debug][safepoint     ] Safepoint synchronization initiated. (173 threads)
[2023-11-15T09:46:59.857+0000][45871.015s][info ][safepoint     ] Application time: 1.0001574 seconds
[2023-11-15T09:46:59.857+0000][45871.015s][info ][safepoint     ] Entering safepoint region: Cleanup
[2023-11-15T09:46:59.858+0000][45871.016s][info ][safepoint     ] Leaving safepoint region
[2023-11-15T09:46:59.858+0000][45871.016s][info ][safepoint     ] Total time for which application threads were stopped: 0.0003451 seconds, Stopping threads took: 0.0000506 seconds
[2023-11-15T09:47:00.858+0000][45872.016s][debug][safepoint     ] Safepoint synchronization initiated. (173 threads)
[2023-11-15T09:47:00.858+0000][45872.016s][info ][safepoint     ] Application time: 1.0001550 seconds
[2023-11-15T09:47:00.858+0000][45872.016s][info ][safepoint     ] Entering safepoint region: Cleanup
[2023-11-15T09:47:00.858+0000][45872.016s][info ][safepoint     ] Leaving safepoint region
[2023-11-15T09:47:00.858+0000][45872.016s][info ][safepoint     ] Total time for which application threads were stopped: 0.0003475 seconds, Stopping threads took: 0.0000496 seconds
[2023-11-15T09:47:02.858+0000][45874.016s][debug][safepoint     ] Safepoint synchronization initiated. (173 threads)
[2023-11-15T09:47:02.858+0000][45874.017s][info ][safepoint     ] Application time: 2.0002256 seconds
[2023-11-15T09:47:02.858+0000][45874.017s][info ][safepoint     ] Entering safepoint region: Cleanup
[2023-11-15T09:47:02.859+0000][45874.017s][info ][safepoint     ] Leaving safepoint region
[2023-11-15T09:47:02.859+0000][45874.017s][info ][safepoint     ] Total time for which application threads were stopped: 0.0003389 seconds, Stopping threads took: 0.0000479 seconds
[2023-11-15T09:47:03.859+0000][45875.017s][debug][safepoint     ] Safepoint synchronization initiated. (173 threads)
[2023-11-15T09:47:03.859+0000][45875.017s][info ][safepoint     ] Application time: 1.0001450 seconds
[2023-11-15T09:47:03.859+0000][45875.017s][info ][safepoint     ] Entering safepoint region: Cleanup
[2023-11-15T09:47:03.859+0000][45875.017s][info ][safepoint     ] Leaving safepoint region
[2023-11-15T09:47:03.859+0000][45875.017s][info ][safepoint     ] Total time for which application threads were stopped: 0.0002684 seconds, Stopping threads took: 0.0000470 seconds
[2023-11-15T09:47:04.859+0000][45876.017s][debug][safepoint     ] Safepoint synchronization initiated. (173 threads)
[2023-11-15T09:47:04.859+0000][45876.018s][info ][safepoint     ] Application time: 1.0002168 seconds
[2023-11-15T09:47:04.860+0000][45876.018s][info ][safepoint     ] Entering safepoint region: Cleanup
[2023-11-15T09:47:04.860+0000][45876.018s][info ][safepoint     ] Leaving safepoint region
[2023-11-15T09:47:04.860+0000][45876.018s][info ][safepoint     ] Total time for which application threads were stopped: 0.0003468 seconds, Stopping threads took: 0.0000511 seconds
[2023-11-15T09:47:05.860+0000][45877.018s][debug][safepoint     ] Safepoint synchronization initiated. (173 threads)
[2023-11-15T09:47:05.860+0000][45877.018s][info ][safepoint     ] Application time: 1.0001351 seconds
[2023-11-15T09:47:05.860+0000][45877.018s][info ][safepoint     ] Entering safepoint region: Cleanup
[2023-11-15T09:47:05.860+0000][45877.018s][info ][safepoint     ] Leaving safepoint region
[2023-11-15T09:47:05.860+0000][45877.018s][info ][safepoint     ] Total time for which application threads were stopped: 0.0003600 seconds, Stopping threads took: 0.0000476 seconds
[2023-11-15T09:47:06.860+0000][45878.019s][debug][safepoint     ] Safepoint synchronization initiated. (172 threads)
[2023-11-15T09:47:06.861+0000][45878.019s][info ][safepoint     ] Application time: 1.0001322 seconds
[2023-11-15T09:47:06.861+0000][45878.019s][info ][safepoint     ] Entering safepoint region: Cleanup
[2023-11-15T09:47:06.861+0000][45878.019s][info ][safepoint     ] Leaving safepoint region
[2023-11-15T09:47:06.861+0000][45878.019s][info ][safepoint     ] Total time for which application threads were stopped: 0.0003469 seconds, Stopping threads took: 0.0000468 seconds
[2023-11-15T09:47:09.861+0000][45881.019s][debug][safepoint     ] Safepoint synchronization initiated. (172 threads)
[2023-11-15T09:47:09.861+0000][45881.019s][info ][safepoint     ] Application time: 3.0003550 seconds
[2023-11-15T09:47:09.861+0000][45881.019s][info ][safepoint     ] Entering safepoint region: Cleanup
[2023-11-15T09:47:09.862+0000][45881.020s][info ][safepoint     ] Leaving safepoint region
[2023-11-15T09:47:09.862+0000][45881.020s][info ][safepoint     ] Total time for which application threads were stopped: 0.0003149 seconds, Stopping threads took: 0.0000499 seconds
[2023-11-15T09:47:12.862+0000][45884.020s][debug][safepoint     ] Safepoint synchronization initiated. (172 threads)
[2023-11-15T09:47:12.862+0000][45884.020s][info ][safepoint     ] Application time: 3.0003710 seconds
[2023-11-15T09:47:12.862+0000][45884.020s][info ][safepoint     ] Entering safepoint region: Cleanup
[2023-11-15T09:47:12.862+0000][45884.020s][info ][safepoint     ] Leaving safepoint region
[2023-11-15T09:47:12.862+0000][45884.020s][info ][safepoint     ] Total time for which application threads were stopped: 0.0003592 seconds, Stopping threads took: 0.0000503 seconds
[2023-11-15T09:47:16.863+0000][45888.021s][debug][safepoint     ] Safepoint synchronization initiated. (172 threads)
[2023-11-15T09:47:16.863+0000][45888.021s][info ][safepoint     ] Application time: 4.0004139 seconds
[2023-11-15T09:47:16.863+0000][45888.021s][info ][safepoint     ] Entering safepoint region: Cleanup
[2023-11-15T09:47:16.863+0000][45888.021s][info ][safepoint     ] Leaving safepoint region
[2023-11-15T09:47:16.863+0000][45888.021s][info ][safepoint     ] Total time for which application threads were stopped: 0.0003474 seconds, Stopping threads took: 0.0000499 seconds
[2023-11-15T09:48:16.869+0000][45948.027s][debug][safepoint     ] Safepoint synchronization initiated. (169 threads)
[2023-11-15T09:48:16.869+0000][45948.027s][info ][safepoint     ] Application time: 60.0055999 seconds
[2023-11-15T09:48:16.869+0000][45948.027s][info ][safepoint     ] Entering safepoint region: Cleanup
[2023-11-15T09:48:16.869+0000][45948.027s][info ][safepoint     ] Leaving safepoint region
[2023-11-15T09:48:16.869+0000][45948.027s][info ][safepoint     ] Total time for which application threads were stopped: 0.0003535 seconds, Stopping threads took: 0.0000493 seconds
[2023-11-15T09:48:22.870+0000][45954.028s][debug][safepoint     ] Safepoint synchronization initiated. (169 threads)
[2023-11-15T09:48:22.870+0000][45954.028s][info ][safepoint     ] Application time: 6.0006201 seconds
[2023-11-15T09:48:22.870+0000][45954.028s][info ][safepoint     ] Entering safepoint region: Cleanup
[2023-11-15T09:48:22.870+0000][45954.028s][info ][safepoint     ] Leaving safepoint region
[2023-11-15T09:48:22.870+0000][45954.028s][info ][safepoint     ] Total time for which application threads were stopped: 0.0003461 seconds, Stopping threads took: 0.0000461 seconds
[2023-11-15T09:48:23.870+0000][45955.028s][debug][safepoint     ] Safepoint synchronization initiated. (169 threads)
[2023-11-15T09:48:23.870+0000][45955.028s][info ][safepoint     ] Application time: 1.0001634 seconds
[2023-11-15T09:48:23.870+0000][45955.028s][info ][safepoint     ] Entering safepoint region: Cleanup
[2023-11-15T09:48:23.871+0000][45955.029s][info ][safepoint     ] Leaving safepoint region
[2023-11-15T09:48:23.871+0000][45955.029s][info ][safepoint     ] Total time for which application threads were stopped: 0.0002953 seconds, Stopping threads took: 0.0000475 seconds
[2023-11-15T09:48:24.871+0000][45956.029s][debug][safepoint     ] Safepoint synchronization initiated. (169 threads)
[2023-11-15T09:48:24.871+0000][45956.029s][info ][safepoint     ] Application time: 1.0001522 seconds
[2023-11-15T09:48:24.871+0000][45956.029s][info ][safepoint     ] Entering safepoint region: Cleanup
[2023-11-15T09:48:24.871+0000][45956.029s][info ][safepoint     ] Leaving safepoint region
[2023-11-15T09:48:24.871+0000][45956.029s][info ][safepoint     ] Total time for which application threads were stopped: 0.0003607 seconds, Stopping threads took: 0.0000473 seconds
[2023-11-15T09:48:27.871+0000][45959.030s][debug][safepoint     ] Safepoint synchronization initiated. (169 threads)
[2023-11-15T09:48:27.872+0000][45959.030s][info ][safepoint     ] Application time: 3.0002996 seconds
[2023-11-15T09:48:27.872+0000][45959.030s][info ][safepoint     ] Entering safepoint region: Cleanup
[2023-11-15T09:48:27.872+0000][45959.030s][info ][safepoint     ] Leaving safepoint region
[2023-11-15T09:48:27.872+0000][45959.030s][info ][safepoint     ] Total time for which application threads were stopped: 0.0003059 seconds, Stopping threads took: 0.0000507 seconds
[2023-11-15T09:48:28.872+0000][45960.030s][debug][safepoint     ] Safepoint synchronization initiated. (169 threads)
[2023-11-15T09:48:28.872+0000][45960.030s][info ][safepoint     ] Application time: 1.0001743 seconds
[2023-11-15T09:48:28.872+0000][45960.030s][info ][safepoint     ] Entering safepoint region: Cleanup
[2023-11-15T09:48:28.872+0000][45960.030s][info ][safepoint     ] Leaving safepoint region
[2023-11-15T09:48:28.872+0000][45960.030s][info ][safepoint     ] Total time for which application threads were stopped: 0.0003428 seconds, Stopping threads took: 0.0000457 seconds
[2023-11-15T09:48:39.874+0000][45971.032s][debug][safepoint     ] Safepoint synchronization initiated. (169 threads)
[2023-11-15T09:48:39.874+0000][45971.032s][info ][safepoint     ] Application time: 11.0011418 seconds
[2023-11-15T09:48:39.874+0000][45971.032s][info ][safepoint     ] Entering safepoint region: Cleanup
[2023-11-15T09:48:39.874+0000][45971.032s][info ][safepoint     ] Leaving safepoint region
[2023-11-15T09:48:39.874+0000][45971.032s][info ][safepoint     ] Total time for which application threads were stopped: 0.0003468 seconds, Stopping threads took: 0.0000479 seconds
[2023-11-15T09:48:42.874+0000][45974.032s][debug][safepoint     ] Safepoint synchronization initiated. (169 threads)
[2023-11-15T09:48:42.874+0000][45974.032s][info ][safepoint     ] Application time: 3.0003583 seconds
[2023-11-15T09:48:42.874+0000][45974.032s][info ][safepoint     ] Entering safepoint region: Cleanup
[2023-11-15T09:48:42.875+0000][45974.033s][info ][safepoint     ] Leaving safepoint region
[2023-11-15T09:48:42.875+0000][45974.033s][info ][safepoint     ] Total time for which application threads were stopped: 0.0003517 seconds, Stopping threads took: 0.0000504 seconds
[2023-11-15T09:48:43.875+0000][45975.033s][debug][safepoint     ] Safepoint synchronization initiated. (169 threads)
[2023-11-15T09:48:43.875+0000][45975.033s][info ][safepoint     ] Application time: 1.0001646 seconds
[2023-11-15T09:48:43.875+0000][45975.033s][info ][safepoint     ] Entering safepoint region: Cleanup
[2023-11-15T09:48:43.875+0000][45975.033s][info ][safepoint     ] Leaving safepoint region
[2023-11-15T09:48:43.875+0000][45975.033s][info ][safepoint     ] Total time for which application threads were stopped: 0.0003470 seconds, Stopping threads took: 0.0000466 seconds
[2023-11-15T09:48:45.875+0000][45977.034s][debug][safepoint     ] Safepoint synchronization initiated. (169 threads)
[2023-11-15T09:48:45.876+0000][45977.034s][info ][safepoint     ] Application time: 2.0002760 seconds
[2023-11-15T09:48:45.876+0000][45977.034s][info ][safepoint     ] Entering safepoint region: Cleanup
[2023-11-15T09:48:45.876+0000][45977.034s][info ][safepoint     ] Leaving safepoint region
[2023-11-15T09:48:45.876+0000][45977.034s][info ][safepoint     ] Total time for which application threads were stopped: 0.0003501 seconds, Stopping threads took: 0.0000503 seconds
[2023-11-15T09:48:54.877+0000][45986.035s][debug][safepoint     ] Safepoint synchronization initiated. (169 threads)
[2023-11-15T09:48:54.877+0000][45986.035s][info ][safepoint     ] Application time: 9.0008653 seconds
[2023-11-15T09:48:54.877+0000][45986.035s][info ][safepoint     ] Entering safepoint region: Cleanup
[2023-11-15T09:48:54.877+0000][45986.035s][info ][safepoint     ] Leaving safepoint region
[2023-11-15T09:48:54.877+0000][45986.035s][info ][safepoint     ] Total time for which application threads were stopped: 0.0003545 seconds, Stopping threads took: 0.0000494 seconds
[2023-11-15T09:48:55.877+0000][45987.035s][debug][safepoint     ] Safepoint synchronization initiated. (169 threads)
[2023-11-15T09:48:55.877+0000][45987.035s][info ][safepoint     ] Application time: 1.0001700 seconds
[2023-11-15T09:48:55.877+0000][45987.035s][info ][safepoint     ] Entering safepoint region: Cleanup
[2023-11-15T09:48:55.878+0000][45987.036s][info ][safepoint     ] Leaving safepoint region
[2023-11-15T09:48:55.878+0000][45987.036s][info ][safepoint     ] Total time for which application threads were stopped: 0.0003573 seconds, Stopping threads took: 0.0000499 seconds
[2023-11-15T09:48:57.878+0000][45989.036s][debug][safepoint     ] Safepoint synchronization initiated. (169 threads)
[2023-11-15T09:48:57.878+0000][45989.036s][info ][safepoint     ] Application time: 2.0002660 seconds
[2023-11-15T09:48:57.878+0000][45989.036s][info ][safepoint     ] Entering safepoint region: Cleanup
[2023-11-15T09:48:57.878+0000][45989.036s][info ][safepoint     ] Leaving safepoint region
[2023-11-15T09:48:57.878+0000][45989.036s][info ][safepoint     ] Total time for which application threads were stopped: 0.0003237 seconds, Stopping threads took: 0.0000517 seconds
[2023-11-15T09:48:58.878+0000][45990.037s][debug][safepoint     ] Safepoint synchronization initiated. (170 threads)
[2023-11-15T09:48:58.879+0000][45990.037s][info ][safepoint     ] Application time: 1.0001398 seconds
[2023-11-15T09:48:58.879+0000][45990.037s][info ][safepoint     ] Entering safepoint region: Cleanup
[2023-11-15T09:48:58.879+0000][45990.037s][info ][safepoint     ] Leaving safepoint region
[2023-11-15T09:48:58.879+0000][45990.037s][info ][safepoint     ] Total time for which application threads were stopped: 0.0003543 seconds, Stopping threads took: 0.0000359 seconds
[2023-11-15T09:48:59.879+0000][45991.037s][debug][safepoint     ] Safepoint synchronization initiated. (169 threads)
[2023-11-15T09:48:59.879+0000][45991.037s][info ][safepoint     ] Application time: 1.0001628 seconds
[2023-11-15T09:48:59.879+0000][45991.037s][info ][safepoint     ] Entering safepoint region: Cleanup
[2023-11-15T09:48:59.879+0000][45991.037s][info ][safepoint     ] Leaving safepoint region
[2023-11-15T09:48:59.879+0000][45991.038s][info ][safepoint     ] Total time for which application threads were stopped: 0.0003869 seconds, Stopping threads took: 0.0000459 seconds
[2023-11-15T09:49:02.880+0000][45994.038s][debug][safepoint     ] Safepoint synchronization initiated. (169 threads)
[2023-11-15T09:49:02.880+0000][45994.038s][info ][safepoint     ] Application time: 3.0003369 seconds
[2023-11-15T09:49:02.880+0000][45994.038s][info ][safepoint     ] Entering safepoint region: Cleanup
[2023-11-15T09:49:02.880+0000][45994.038s][info ][safepoint     ] Leaving safepoint region
[2023-11-15T09:49:02.880+0000][45994.038s][info ][safepoint     ] Total time for which application threads were stopped: 0.0003495 seconds, Stopping threads took: 0.0000492 seconds
[2023-11-15T09:49:03.880+0000][45995.038s][debug][safepoint     ] Safepoint synchronization initiated. (169 threads)
[2023-11-15T09:49:03.880+0000][45995.038s][info ][safepoint     ] Application time: 1.0001553 seconds
[2023-11-15T09:49:03.880+0000][45995.039s][info ][safepoint     ] Entering safepoint region: Cleanup
[2023-11-15T09:49:03.881+0000][45995.039s][info ][safepoint     ] Leaving safepoint region
[2023-11-15T09:49:03.881+0000][45995.039s][info ][safepoint     ] Total time for which application threads were stopped: 0.0002908 seconds, Stopping threads took: 0.0000500 seconds
[2023-11-15T09:49:03.881+0000][45995.039s][debug][safepoint     ] ... found polling page return exception at pc = 0x00007fe180ff1766, stub =0x00007fe17883a800
[2023-11-15T09:49:04.881+0000][45996.039s][debug][safepoint     ] Safepoint synchronization initiated. (177 threads)
[2023-11-15T09:49:04.881+0000][45996.039s][info ][safepoint     ] Application time: 1.0001846 seconds
[2023-11-15T09:49:04.881+0000][45996.039s][info ][safepoint     ] Entering safepoint region: Cleanup
[2023-11-15T09:49:04.881+0000][45996.039s][info ][safepoint     ] Leaving safepoint region
[2023-11-15T09:49:04.881+0000][45996.040s][info ][safepoint     ] Total time for which application threads were stopped: 0.0005160 seconds, Stopping threads took: 0.0002778 seconds
[2023-11-15T09:49:05.882+0000][45997.040s][debug][safepoint     ] Safepoint synchronization initiated. (176 threads)
[2023-11-15T09:49:05.882+0000][45997.040s][info ][safepoint     ] Application time: 1.0001585 seconds
[2023-11-15T09:49:05.882+0000][45997.040s][info ][safepoint     ] Entering safepoint region: Cleanup
[2023-11-15T09:49:05.882+0000][45997.040s][info ][safepoint     ] Leaving safepoint region
[2023-11-15T09:49:05.882+0000][45997.040s][info ][safepoint     ] Total time for which application threads were stopped: 0.0003590 seconds, Stopping threads took: 0.0000477 seconds
[2023-11-15T09:49:56.887+0000][46048.045s][debug][safepoint     ] Safepoint synchronization initiated. (175 threads)
[2023-11-15T09:49:56.887+0000][46048.045s][info ][safepoint     ] Application time: 51.0047068 seconds
[2023-11-15T09:49:56.887+0000][46048.045s][info ][safepoint     ] Entering safepoint region: Cleanup
[2023-11-15T09:49:56.887+0000][46048.045s][info ][safepoint     ] Leaving safepoint region
[2023-11-15T09:49:56.887+0000][46048.045s][info ][safepoint     ] Total time for which application threads were stopped: 0.0003561 seconds, Stopping threads took: 0.0000507 seconds
[2023-11-15T09:50:03.888+0000][46055.046s][debug][safepoint     ] Safepoint synchronization initiated. (175 threads)
[2023-11-15T09:50:03.888+0000][46055.046s][info ][safepoint     ] Application time: 7.0007033 seconds
[2023-11-15T09:50:03.888+0000][46055.046s][info ][safepoint     ] Entering safepoint region: Cleanup
[2023-11-15T09:50:03.888+0000][46055.046s][info ][safepoint     ] Leaving safepoint region
[2023-11-15T09:50:03.888+0000][46055.046s][info ][safepoint     ] Total time for which application threads were stopped: 0.0003597 seconds, Stopping threads took: 0.0000526 seconds
[2023-11-15T09:50:39.892+0000][46091.050s][debug][safepoint     ] Safepoint synchronization initiated. (175 threads)
[2023-11-15T09:50:39.892+0000][46091.050s][info ][safepoint     ] Application time: 36.0034519 seconds
[2023-11-15T09:50:39.892+0000][46091.050s][info ][safepoint     ] Entering safepoint region: Cleanup
[2023-11-15T09:50:39.892+0000][46091.050s][info ][safepoint     ] Leaving safepoint region
[2023-11-15T09:50:39.892+0000][46091.050s][info ][safepoint     ] Total time for which application threads were stopped: 0.0003729 seconds, Stopping threads took: 0.0000704 seconds
[2023-11-15T09:51:33.712+0000][46144.870s][debug][safepoint     ] Safepoint synchronization initiated. (174 threads)
[2023-11-15T09:51:33.712+0000][46144.870s][info ][safepoint     ] Application time: 53.8197065 seconds
[2023-11-15T09:51:33.712+0000][46144.870s][info ][safepoint     ] Entering safepoint region: G1CollectForAllocation
[2023-11-15T09:51:33.712+0000][46144.870s][info ][gc,start      ] GC(127) Pause Young (Normal) (G1 Evacuation Pause)
[2023-11-15T09:51:33.712+0000][46144.870s][info ][gc,task       ] GC(127) Using 4 workers of 4 for evacuation
[2023-11-15T09:51:33.735+0000][46144.893s][info ][gc,phases     ] GC(127)   Pre Evacuate Collection Set: 0.0ms
[2023-11-15T09:51:33.735+0000][46144.893s][info ][gc,phases     ] GC(127)   Evacuate Collection Set: 17.8ms
[2023-11-15T09:51:33.735+0000][46144.893s][info ][gc,phases     ] GC(127)   Post Evacuate Collection Set: 4.9ms
[2023-11-15T09:51:33.735+0000][46144.893s][info ][gc,phases     ] GC(127)   Other: 0.4ms
[2023-11-15T09:51:33.735+0000][46144.893s][info ][gc,heap       ] GC(127) Eden regions: 481->0(481)
[2023-11-15T09:51:33.735+0000][46144.893s][info ][gc,heap       ] GC(127) Survivor regions: 13->13(62)
[2023-11-15T09:51:33.735+0000][46144.893s][info ][gc,heap       ] GC(127) Old regions: 149->149
[2023-11-15T09:51:33.735+0000][46144.893s][info ][gc,heap       ] GC(127) Humongous regions: 0->0
[2023-11-15T09:51:33.735+0000][46144.893s][info ][gc,metaspace  ] GC(127) Metaspace: 167776K(173692K)->167776K(173692K) NonClass: 148706K(152320K)->148706K(152320K) Class: 19070K(21372K)->19070K(21372K)
[2023-11-15T09:51:33.735+0000][46144.894s][info ][gc            ] GC(127) Pause Young (Normal) (G1 Evacuation Pause) 640M->159M(824M) 23.390ms
[2023-11-15T09:51:33.736+0000][46144.894s][info ][gc,cpu        ] GC(127) User=0.08s Sys=0.01s Real=0.02s
[2023-11-15T09:51:33.736+0000][46144.894s][info ][safepoint     ] Leaving safepoint region
[2023-11-15T09:51:33.736+0000][46144.894s][info ][safepoint     ] Total time for which application threads were stopped: 0.0237877 seconds, Stopping threads took: 0.0000517 seconds
[2023-11-15T09:51:33.736+0000][46144.894s][info ][gc,stringdedup] Concurrent String Deduplication (46144.894s)
[2023-11-15T09:51:33.737+0000][46144.895s][info ][gc,stringdedup] Concurrent String Deduplication 167.5K->64712.0B(104.3K) avg 55.4% (46144.894s, 46144.895s) 1.245ms
[2023-11-15T09:51:34.736+0000][46145.894s][debug][safepoint     ] Safepoint synchronization initiated. (174 threads)
[2023-11-15T09:51:34.736+0000][46145.894s][info ][safepoint     ] Application time: 1.0001763 seconds
[2023-11-15T09:51:34.736+0000][46145.894s][info ][safepoint     ] Entering safepoint region: Cleanup
[2023-11-15T09:51:34.736+0000][46145.894s][info ][safepoint     ] Leaving safepoint region
[2023-11-15T09:51:34.736+0000][46145.894s][info ][safepoint     ] Total time for which application threads were stopped: 0.0003740 seconds, Stopping threads took: 0.0000607 seconds
[2023-11-15T09:51:44.737+0000][46155.895s][debug][safepoint     ] Safepoint synchronization initiated. (174 threads)
[2023-11-15T09:51:44.737+0000][46155.895s][info ][safepoint     ] Application time: 10.0010355 seconds
[2023-11-15T09:51:44.737+0000][46155.895s][info ][safepoint     ] Entering safepoint region: Cleanup
[2023-11-15T09:51:44.738+0000][46155.896s][info ][safepoint     ] Leaving safepoint region
[2023-11-15T09:51:44.738+0000][46155.896s][info ][safepoint     ] Total time for which application threads were stopped: 0.0003523 seconds, Stopping threads took: 0.0000507 seconds
[2023-11-15T09:51:48.738+0000][46159.896s][debug][safepoint     ] Safepoint synchronization initiated. (176 threads)
[2023-11-15T09:51:48.738+0000][46159.896s][info ][safepoint     ] Application time: 4.0004167 seconds
[2023-11-15T09:51:48.738+0000][46159.896s][info ][safepoint     ] Entering safepoint region: Cleanup
[2023-11-15T09:51:48.738+0000][46159.896s][info ][safepoint     ] Leaving safepoint region
[2023-11-15T09:51:48.738+0000][46159.896s][info ][safepoint     ] Total time for which application threads were stopped: 0.0003497 seconds, Stopping threads took: 0.0000490 seconds
[2023-11-15T09:53:53.750+0000][46284.908s][debug][safepoint     ] Safepoint synchronization initiated. (175 threads)
[2023-11-15T09:53:53.750+0000][46284.908s][info ][safepoint     ] Application time: 125.0112969 seconds
[2023-11-15T09:53:53.750+0000][46284.908s][info ][safepoint     ] Entering safepoint region: Cleanup
[2023-11-15T09:53:53.750+0000][46284.908s][info ][safepoint     ] Leaving safepoint region
[2023-11-15T09:53:53.750+0000][46284.908s][info ][safepoint     ] Total time for which application threads were stopped: 0.0002067 seconds, Stopping threads took: 0.0000396 seconds
[2023-11-15T09:57:16.768+0000][46487.926s][debug][safepoint     ] Safepoint synchronization initiated. (167 threads)
[2023-11-15T09:57:16.768+0000][46487.926s][info ][safepoint     ] Application time: 203.0177278 seconds
[2023-11-15T09:57:16.768+0000][46487.926s][info ][safepoint     ] Entering safepoint region: Cleanup
[2023-11-15T09:57:16.768+0000][46487.926s][info ][safepoint     ] Leaving safepoint region
[2023-11-15T09:57:16.768+0000][46487.926s][info ][safepoint     ] Total time for which application threads were stopped: 0.0003254 seconds, Stopping threads took: 0.0000508 seconds
[2023-11-15T09:57:51.771+0000][46522.929s][debug][safepoint     ] Safepoint synchronization initiated. (167 threads)
[2023-11-15T09:57:51.771+0000][46522.929s][info ][safepoint     ] Application time: 35.0029067 seconds
[2023-11-15T09:57:51.771+0000][46522.929s][info ][safepoint     ] Entering safepoint region: Cleanup
[2023-11-15T09:57:51.771+0000][46522.929s][info ][safepoint     ] Leaving safepoint region
[2023-11-15T09:57:51.771+0000][46522.929s][info ][safepoint     ] Total time for which application threads were stopped: 0.0003403 seconds, Stopping threads took: 0.0000463 seconds
[2023-11-15T10:00:07.887+0000][46659.045s][debug][safepoint     ] Safepoint synchronization initiated. (168 threads)
[2023-11-15T10:00:07.887+0000][46659.045s][info ][safepoint     ] Application time: 136.1154570 seconds
[2023-11-15T10:00:07.888+0000][46659.046s][debug][safepoint     ] ... found polling page return exception at pc = 0x00007fe1808b6e9c, stub =0x00007fe17883a800
[2023-11-15T10:00:07.888+0000][46659.046s][debug][safepoint     ] Waiting for 1 thread(s) to block
[2023-11-15T10:00:07.888+0000][46659.046s][info ][safepoint     ] Entering safepoint region: G1CollectForAllocation
[2023-11-15T10:00:07.888+0000][46659.046s][info ][gc,start      ] GC(128) Pause Young (Normal) (G1 Evacuation Pause)
[2023-11-15T10:00:07.888+0000][46659.046s][info ][gc,task       ] GC(128) Using 4 workers of 4 for evacuation
[2023-11-15T10:00:07.913+0000][46659.071s][info ][gc,phases     ] GC(128)   Pre Evacuate Collection Set: 0.0ms
[2023-11-15T10:00:07.913+0000][46659.071s][info ][gc,phases     ] GC(128)   Evacuate Collection Set: 18.2ms
[2023-11-15T10:00:07.913+0000][46659.071s][info ][gc,phases     ] GC(128)   Post Evacuate Collection Set: 6.7ms
[2023-11-15T10:00:07.913+0000][46659.071s][info ][gc,phases     ] GC(128)   Other: 0.4ms
[2023-11-15T10:00:07.913+0000][46659.071s][info ][gc,heap       ] GC(128) Eden regions: 481->0(480)
[2023-11-15T10:00:07.913+0000][46659.072s][info ][gc,heap       ] GC(128) Survivor regions: 13->14(62)
[2023-11-15T10:00:07.913+0000][46659.072s][info ][gc,heap       ] GC(128) Old regions: 149->149
[2023-11-15T10:00:07.913+0000][46659.072s][info ][gc,heap       ] GC(128) Humongous regions: 0->0
[2023-11-15T10:00:07.913+0000][46659.072s][info ][gc,metaspace  ] GC(128) Metaspace: 167777K(173692K)->167777K(173692K) NonClass: 148707K(152320K)->148707K(152320K) Class: 19070K(21372K)->19070K(21372K)
[2023-11-15T10:00:07.914+0000][46659.072s][info ][gc            ] GC(128) Pause Young (Normal) (G1 Evacuation Pause) 640M->160M(824M) 25.535ms
[2023-11-15T10:00:07.914+0000][46659.072s][info ][gc,cpu        ] GC(128) User=0.09s Sys=0.00s Real=0.02s
[2023-11-15T10:00:07.914+0000][46659.072s][info ][safepoint     ] Leaving safepoint region
[2023-11-15T10:00:07.914+0000][46659.072s][info ][safepoint     ] Total time for which application threads were stopped: 0.0268473 seconds, Stopping threads took: 0.0008662 seconds
[2023-11-15T10:00:07.914+0000][46659.072s][info ][gc,stringdedup] Concurrent String Deduplication (46659.072s)
[2023-11-15T10:00:07.915+0000][46659.073s][info ][gc,stringdedup] Concurrent String Deduplication 88392.0B->29112.0B(59280.0B) avg 55.4% (46659.072s, 46659.073s) 0.761ms
[2023-11-15T10:01:11.920+0000][46723.078s][debug][safepoint     ] Safepoint synchronization initiated. (167 threads)
[2023-11-15T10:01:11.920+0000][46723.078s][info ][safepoint     ] Application time: 64.0059958 seconds
[2023-11-15T10:01:11.920+0000][46723.078s][info ][safepoint     ] Entering safepoint region: Cleanup
[2023-11-15T10:01:11.920+0000][46723.078s][info ][safepoint     ] Leaving safepoint region
[2023-11-15T10:01:11.920+0000][46723.078s][info ][safepoint     ] Total time for which application threads were stopped: 0.0004069 seconds, Stopping threads took: 0.0000533 seconds
[2023-11-15T10:01:16.921+0000][46728.079s][debug][safepoint     ] Safepoint synchronization initiated. (167 threads)
[2023-11-15T10:01:16.921+0000][46728.079s][info ][safepoint     ] Application time: 5.0005089 seconds
[2023-11-15T10:01:16.921+0000][46728.079s][info ][safepoint     ] Entering safepoint region: Cleanup
[2023-11-15T10:01:16.921+0000][46728.079s][info ][safepoint     ] Leaving safepoint region
[2023-11-15T10:01:16.921+0000][46728.079s][info ][safepoint     ] Total time for which application threads were stopped: 0.0003587 seconds, Stopping threads took: 0.0000516 seconds
[2023-11-15T10:03:06.931+0000][46838.089s][debug][safepoint     ] Safepoint synchronization initiated. (166 threads)
[2023-11-15T10:03:06.931+0000][46838.089s][info ][safepoint     ] Application time: 110.0101566 seconds
[2023-11-15T10:03:06.931+0000][46838.089s][info ][safepoint     ] Entering safepoint region: Cleanup
[2023-11-15T10:03:06.932+0000][46838.090s][info ][safepoint     ] Leaving safepoint region
[2023-11-15T10:03:06.932+0000][46838.090s][info ][safepoint     ] Total time for which application threads were stopped: 0.0003372 seconds, Stopping threads took: 0.0000483 seconds
[2023-11-15T10:05:57.947+0000][47009.105s][debug][safepoint     ] Safepoint synchronization initiated. (166 threads)
[2023-11-15T10:05:57.947+0000][47009.105s][info ][safepoint     ] Application time: 171.0151995 seconds
[2023-11-15T10:05:57.947+0000][47009.105s][info ][safepoint     ] Entering safepoint region: Cleanup
[2023-11-15T10:05:57.947+0000][47009.105s][info ][safepoint     ] Leaving safepoint region
[2023-11-15T10:05:57.947+0000][47009.105s][info ][safepoint     ] Total time for which application threads were stopped: 0.0003161 seconds, Stopping threads took: 0.0000497 seconds
[2023-11-15T10:08:39.677+0000][47170.835s][debug][safepoint     ] Safepoint synchronization initiated. (166 threads)
[2023-11-15T10:08:39.677+0000][47170.835s][info ][safepoint     ] Application time: 161.7296245 seconds
[2023-11-15T10:08:39.677+0000][47170.835s][info ][safepoint     ] Entering safepoint region: G1CollectForAllocation
[2023-11-15T10:08:39.677+0000][47170.835s][info ][gc,start      ] GC(129) Pause Young (Normal) (G1 Evacuation Pause)
[2023-11-15T10:08:39.677+0000][47170.835s][info ][gc,task       ] GC(129) Using 4 workers of 4 for evacuation
[2023-11-15T10:08:39.700+0000][47170.858s][info ][gc,phases     ] GC(129)   Pre Evacuate Collection Set: 0.0ms
[2023-11-15T10:08:39.700+0000][47170.858s][info ][gc,phases     ] GC(129)   Evacuate Collection Set: 17.3ms
[2023-11-15T10:08:39.700+0000][47170.858s][info ][gc,phases     ] GC(129)   Post Evacuate Collection Set: 5.1ms
[2023-11-15T10:08:39.700+0000][47170.858s][info ][gc,phases     ] GC(129)   Other: 0.4ms
[2023-11-15T10:08:39.700+0000][47170.858s][info ][gc,heap       ] GC(129) Eden regions: 480->0(481)
[2023-11-15T10:08:39.700+0000][47170.858s][info ][gc,heap       ] GC(129) Survivor regions: 14->13(62)
[2023-11-15T10:08:39.700+0000][47170.858s][info ][gc,heap       ] GC(129) Old regions: 149->149
[2023-11-15T10:08:39.700+0000][47170.858s][info ][gc,heap       ] GC(129) Humongous regions: 0->0
[2023-11-15T10:08:39.700+0000][47170.858s][info ][gc,metaspace  ] GC(129) Metaspace: 167820K(173692K)->167820K(173692K) NonClass: 148748K(152320K)->148748K(152320K) Class: 19072K(21372K)->19072K(21372K)
[2023-11-15T10:08:39.700+0000][47170.858s][info ][gc            ] GC(129) Pause Young (Normal) (G1 Evacuation Pause) 640M->159M(824M) 22.991ms
[2023-11-15T10:08:39.700+0000][47170.858s][info ][gc,cpu        ] GC(129) User=0.09s Sys=0.00s Real=0.03s
[2023-11-15T10:08:39.700+0000][47170.858s][info ][safepoint     ] Leaving safepoint region
[2023-11-15T10:08:39.700+0000][47170.858s][info ][safepoint     ] Total time for which application threads were stopped: 0.0233806 seconds, Stopping threads took: 0.0000496 seconds
[2023-11-15T10:08:39.700+0000][47170.858s][info ][gc,stringdedup] Concurrent String Deduplication (47170.858s)
[2023-11-15T10:08:39.701+0000][47170.859s][info ][gc,stringdedup] Concurrent String Deduplication 20856.0B->9936.0B(10920.0B) avg 55.4% (47170.858s, 47170.859s) 0.285ms
[2023-11-15T10:12:54.723+0000][47425.881s][debug][safepoint     ] Safepoint synchronization initiated. (166 threads)
[2023-11-15T10:12:54.723+0000][47425.881s][info ][safepoint     ] Application time: 255.0230924 seconds
[2023-11-15T10:12:54.723+0000][47425.881s][info ][safepoint     ] Entering safepoint region: Cleanup
[2023-11-15T10:12:54.724+0000][47425.882s][info ][safepoint     ] Leaving safepoint region
[2023-11-15T10:12:54.724+0000][47425.882s][info ][safepoint     ] Total time for which application threads were stopped: 0.0003301 seconds, Stopping threads took: 0.0000528 seconds
[2023-11-15T10:12:55.724+0000][47426.882s][debug][safepoint     ] Safepoint synchronization initiated. (166 threads)
[2023-11-15T10:12:55.724+0000][47426.882s][info ][safepoint     ] Application time: 1.0001397 seconds
[2023-11-15T10:12:55.724+0000][47426.882s][info ][safepoint     ] Entering safepoint region: Cleanup
[2023-11-15T10:12:55.724+0000][47426.882s][info ][safepoint     ] Leaving safepoint region
[2023-11-15T10:12:55.724+0000][47426.882s][info ][safepoint     ] Total time for which application threads were stopped: 0.0003567 seconds, Stopping threads took: 0.0000518 seconds
[2023-11-15T10:12:57.724+0000][47428.882s][debug][safepoint     ] Safepoint synchronization initiated. (166 threads)
[2023-11-15T10:12:57.724+0000][47428.882s][info ][safepoint     ] Application time: 2.0002226 seconds
[2023-11-15T10:12:57.724+0000][47428.882s][info ][safepoint     ] Entering safepoint region: Cleanup
[2023-11-15T10:12:57.725+0000][47428.883s][info ][safepoint     ] Leaving safepoint region
[2023-11-15T10:12:57.725+0000][47428.883s][info ][safepoint     ] Total time for which application threads were stopped: 0.0002200 seconds, Stopping threads took: 0.0000485 seconds
[2023-11-15T10:13:02.725+0000][47433.883s][debug][safepoint     ] Safepoint synchronization initiated. (166 threads)
[2023-11-15T10:13:02.725+0000][47433.883s][info ][safepoint     ] Application time: 5.0005083 seconds
[2023-11-15T10:13:02.725+0000][47433.883s][info ][safepoint     ] Entering safepoint region: Cleanup
[2023-11-15T10:13:02.725+0000][47433.883s][info ][safepoint     ] Leaving safepoint region
[2023-11-15T10:13:02.725+0000][47433.884s][info ][safepoint     ] Total time for which application threads were stopped: 0.0003205 seconds, Stopping threads took: 0.0000524 seconds
[2023-11-15T10:14:14.732+0000][47505.890s][debug][safepoint     ] Safepoint synchronization initiated. (166 threads)
[2023-11-15T10:14:14.732+0000][47505.890s][info ][safepoint     ] Application time: 72.0067665 seconds
[2023-11-15T10:14:14.732+0000][47505.890s][info ][safepoint     ] Entering safepoint region: Cleanup
[2023-11-15T10:14:14.733+0000][47505.891s][info ][safepoint     ] Leaving safepoint region
[2023-11-15T10:14:14.733+0000][47505.891s][info ][safepoint     ] Total time for which application threads were stopped: 0.0003549 seconds, Stopping threads took: 0.0000492 seconds
[2023-11-15T10:14:19.733+0000][47510.891s][debug][safepoint     ] Safepoint synchronization initiated. (166 threads)
[2023-11-15T10:14:19.733+0000][47510.891s][info ][safepoint     ] Application time: 5.0005029 seconds
[2023-11-15T10:14:19.733+0000][47510.891s][info ][safepoint     ] Entering safepoint region: Cleanup
[2023-11-15T10:14:19.733+0000][47510.891s][info ][safepoint     ] Leaving safepoint region
[2023-11-15T10:14:19.733+0000][47510.891s][info ][safepoint     ] Total time for which application threads were stopped: 0.0001943 seconds, Stopping threads took: 0.0000484 seconds
[2023-11-15T10:14:21.734+0000][47512.892s][debug][safepoint     ] Safepoint synchronization initiated. (166 threads)
[2023-11-15T10:14:21.734+0000][47512.892s][info ][safepoint     ] Application time: 2.0002362 seconds
[2023-11-15T10:14:21.734+0000][47512.892s][info ][safepoint     ] Entering safepoint region: Cleanup
[2023-11-15T10:14:21.734+0000][47512.892s][info ][safepoint     ] Leaving safepoint region
[2023-11-15T10:14:21.734+0000][47512.892s][info ][safepoint     ] Total time for which application threads were stopped: 0.0003439 seconds, Stopping threads took: 0.0000476 seconds
[2023-11-15T10:14:47.736+0000][47538.894s][debug][safepoint     ] Safepoint synchronization initiated. (167 threads)
[2023-11-15T10:14:47.736+0000][47538.894s][info ][safepoint     ] Application time: 26.0024079 seconds
[2023-11-15T10:14:47.736+0000][47538.895s][info ][safepoint     ] Entering safepoint region: Cleanup
[2023-11-15T10:14:47.737+0000][47538.895s][info ][safepoint     ] Leaving safepoint region
[2023-11-15T10:14:47.737+0000][47538.895s][info ][safepoint     ] Total time for which application threads were stopped: 0.0003099 seconds, Stopping threads took: 0.0000484 seconds
[2023-11-15T10:14:48.091+0000][47539.249s][debug][safepoint     ] Safepoint synchronization initiated. (166 threads)
[2023-11-15T10:14:48.091+0000][47539.249s][info ][safepoint     ] Application time: 0.3546455 seconds
[2023-11-15T10:14:48.091+0000][47539.250s][debug][safepoint     ] Waiting for 1 thread(s) to block
[2023-11-15T10:14:48.092+0000][47539.250s][info ][safepoint     ] Entering safepoint region: G1CollectForAllocation
[2023-11-15T10:14:48.092+0000][47539.250s][info ][gc,start      ] GC(130) Pause Young (Normal) (G1 Evacuation Pause)
[2023-11-15T10:14:48.092+0000][47539.250s][info ][gc,task       ] GC(130) Using 4 workers of 4 for evacuation
[2023-11-15T10:14:48.108+0000][47539.266s][info ][gc,phases     ] GC(130)   Pre Evacuate Collection Set: 0.0ms
[2023-11-15T10:14:48.108+0000][47539.266s][info ][gc,phases     ] GC(130)   Evacuate Collection Set: 11.7ms
[2023-11-15T10:14:48.108+0000][47539.266s][info ][gc,phases     ] GC(130)   Post Evacuate Collection Set: 4.4ms
[2023-11-15T10:14:48.108+0000][47539.267s][info ][gc,phases     ] GC(130)   Other: 0.4ms
[2023-11-15T10:14:48.108+0000][47539.267s][info ][gc,heap       ] GC(130) Eden regions: 481->0(481)
[2023-11-15T10:14:48.108+0000][47539.267s][info ][gc,heap       ] GC(130) Survivor regions: 13->13(62)
[2023-11-15T10:14:48.108+0000][47539.267s][info ][gc,heap       ] GC(130) Old regions: 149->149
[2023-11-15T10:14:48.108+0000][47539.267s][info ][gc,heap       ] GC(130) Humongous regions: 31->0
[2023-11-15T10:14:48.109+0000][47539.267s][info ][gc,metaspace  ] GC(130) Metaspace: 168052K(173948K)->168052K(173948K) NonClass: 148979K(152576K)->148979K(152576K) Class: 19073K(21372K)->19073K(21372K)
[2023-11-15T10:14:48.109+0000][47539.267s][info ][gc            ] GC(130) Pause Young (Normal) (G1 Evacuation Pause) 671M->159M(824M) 16.727ms
[2023-11-15T10:14:48.109+0000][47539.267s][info ][gc,cpu        ] GC(130) User=0.06s Sys=0.00s Real=0.02s
[2023-11-15T10:14:48.109+0000][47539.267s][info ][safepoint     ] Leaving safepoint region
[2023-11-15T10:14:48.109+0000][47539.267s][info ][safepoint     ] Total time for which application threads were stopped: 0.0172420 seconds, Stopping threads took: 0.0001528 seconds
[2023-11-15T10:14:48.109+0000][47539.267s][info ][gc,stringdedup] Concurrent String Deduplication (47539.267s)
[2023-11-15T10:14:48.109+0000][47539.267s][info ][gc,stringdedup] Concurrent String Deduplication 33520.0B->88.0B(33432.0B) avg 55.5% (47539.267s, 47539.267s) 0.259ms
[2023-11-15T10:14:49.110+0000][47540.268s][debug][safepoint     ] Safepoint synchronization initiated. (167 threads)
[2023-11-15T10:14:49.110+0000][47540.268s][info ][safepoint     ] Application time: 1.0009783 seconds
[2023-11-15T10:14:49.110+0000][47540.268s][info ][safepoint     ] Entering safepoint region: Cleanup
[2023-11-15T10:14:49.110+0000][47540.268s][info ][safepoint     ] Leaving safepoint region
[2023-11-15T10:14:49.110+0000][47540.268s][info ][safepoint     ] Total time for which application threads were stopped: 0.0003269 seconds, Stopping threads took: 0.0000479 seconds
[2023-11-15T10:14:50.110+0000][47541.268s][debug][safepoint     ] Safepoint synchronization initiated. (167 threads)
[2023-11-15T10:14:50.110+0000][47541.268s][info ][safepoint     ] Application time: 1.0001690 seconds
[2023-11-15T10:14:50.110+0000][47541.268s][info ][safepoint     ] Entering safepoint region: Cleanup
[2023-11-15T10:14:50.110+0000][47541.269s][info ][safepoint     ] Leaving safepoint region
[2023-11-15T10:14:50.111+0000][47541.269s][info ][safepoint     ] Total time for which application threads were stopped: 0.0002749 seconds, Stopping threads took: 0.0000484 seconds
[2023-11-15T10:14:51.111+0000][47542.269s][debug][safepoint     ] Safepoint synchronization initiated. (167 threads)
[2023-11-15T10:14:51.111+0000][47542.269s][info ][safepoint     ] Application time: 1.0001740 seconds
[2023-11-15T10:14:51.111+0000][47542.269s][info ][safepoint     ] Entering safepoint region: Cleanup
[2023-11-15T10:14:51.111+0000][47542.269s][info ][safepoint     ] Leaving safepoint region
[2023-11-15T10:14:51.111+0000][47542.269s][info ][safepoint     ] Total time for which application threads were stopped: 0.0003544 seconds, Stopping threads took: 0.0000468 seconds
[2023-11-15T10:14:52.111+0000][47543.269s][debug][safepoint     ] Safepoint synchronization initiated. (167 threads)
[2023-11-15T10:14:52.111+0000][47543.269s][info ][safepoint     ] Application time: 1.0001628 seconds
[2023-11-15T10:14:52.111+0000][47543.269s][info ][safepoint     ] Entering safepoint region: Cleanup
[2023-11-15T10:14:52.112+0000][47543.270s][info ][safepoint     ] Leaving safepoint region
[2023-11-15T10:14:52.112+0000][47543.270s][info ][safepoint     ] Total time for which application threads were stopped: 0.0003410 seconds, Stopping threads took: 0.0000487 seconds
[2023-11-15T10:14:58.112+0000][47549.270s][debug][safepoint     ] Safepoint synchronization initiated. (166 threads)
[2023-11-15T10:14:58.112+0000][47549.270s][info ][safepoint     ] Application time: 6.0005575 seconds
[2023-11-15T10:14:58.112+0000][47549.270s][info ][safepoint     ] Entering safepoint region: Cleanup
[2023-11-15T10:14:58.112+0000][47549.270s][info ][safepoint     ] Leaving safepoint region
[2023-11-15T10:14:58.112+0000][47549.270s][info ][safepoint     ] Total time for which application threads were stopped: 0.0002141 seconds, Stopping threads took: 0.0000467 seconds
[2023-11-15T10:15:03.113+0000][47554.271s][debug][safepoint     ] Safepoint synchronization initiated. (166 threads)
[2023-11-15T10:15:03.113+0000][47554.271s][info ][safepoint     ] Application time: 5.0004976 seconds
[2023-11-15T10:15:03.113+0000][47554.271s][info ][safepoint     ] Entering safepoint region: Cleanup
[2023-11-15T10:15:03.113+0000][47554.271s][info ][safepoint     ] Leaving safepoint region
[2023-11-15T10:15:03.113+0000][47554.271s][info ][safepoint     ] Total time for which application threads were stopped: 0.0003460 seconds, Stopping threads took: 0.0000492 seconds
[2023-11-15T10:15:06.114+0000][47557.272s][debug][safepoint     ] Safepoint synchronization initiated. (166 threads)
[2023-11-15T10:15:06.114+0000][47557.272s][info ][safepoint     ] Application time: 3.0003510 seconds
[2023-11-15T10:15:06.114+0000][47557.272s][info ][safepoint     ] Entering safepoint region: Cleanup
[2023-11-15T10:15:06.114+0000][47557.272s][info ][safepoint     ] Leaving safepoint region
[2023-11-15T10:15:06.114+0000][47557.272s][info ][safepoint     ] Total time for which application threads were stopped: 0.0003260 seconds, Stopping threads took: 0.0000490 seconds
[2023-11-15T10:15:08.114+0000][47559.272s][debug][safepoint     ] Safepoint synchronization initiated. (166 threads)
[2023-11-15T10:15:08.114+0000][47559.272s][info ][safepoint     ] Application time: 2.0002599 seconds
[2023-11-15T10:15:08.114+0000][47559.272s][info ][safepoint     ] Entering safepoint region: Cleanup
[2023-11-15T10:15:08.115+0000][47559.273s][info ][safepoint     ] Leaving safepoint region
[2023-11-15T10:15:08.115+0000][47559.273s][info ][safepoint     ] Total time for which application threads were stopped: 0.0002950 seconds, Stopping threads took: 0.0000492 seconds
[2023-11-15T10:15:15.115+0000][47566.273s][debug][safepoint     ] Safepoint synchronization initiated. (166 threads)
[2023-11-15T10:15:15.115+0000][47566.273s][info ][safepoint     ] Application time: 7.0007141 seconds
[2023-11-15T10:15:15.115+0000][47566.273s][info ][safepoint     ] Entering safepoint region: Cleanup
[2023-11-15T10:15:15.116+0000][47566.274s][info ][safepoint     ] Leaving safepoint region
[2023-11-15T10:15:15.116+0000][47566.274s][info ][safepoint     ] Total time for which application threads were stopped: 0.0003557 seconds, Stopping threads took: 0.0000490 seconds
[2023-11-15T10:15:17.116+0000][47568.274s][debug][safepoint     ] Safepoint synchronization initiated. (166 threads)
[2023-11-15T10:15:17.116+0000][47568.274s][info ][safepoint     ] Application time: 2.0002280 seconds
[2023-11-15T10:15:17.116+0000][47568.274s][info ][safepoint     ] Entering safepoint region: Cleanup
[2023-11-15T10:15:17.116+0000][47568.274s][info ][safepoint     ] Leaving safepoint region
[2023-11-15T10:15:17.116+0000][47568.274s][info ][safepoint     ] Total time for which application threads were stopped: 0.0003486 seconds, Stopping threads took: 0.0000489 seconds
[2023-11-15T10:15:19.117+0000][47570.275s][debug][safepoint     ] Safepoint synchronization initiated. (166 threads)
[2023-11-15T10:15:19.117+0000][47570.275s][info ][safepoint     ] Application time: 2.0002528 seconds
[2023-11-15T10:15:19.117+0000][47570.275s][debug][safepoint     ] ... found polling page return exception at pc = 0x00007fe180eabc26, stub =0x00007fe17883a800
[2023-11-15T10:15:19.117+0000][47570.275s][debug][safepoint     ] Waiting for 1 thread(s) to block
[2023-11-15T10:15:19.117+0000][47570.275s][info ][safepoint     ] Entering safepoint region: Cleanup
[2023-11-15T10:15:19.117+0000][47570.275s][info ][safepoint     ] Leaving safepoint region
[2023-11-15T10:15:19.117+0000][47570.275s][info ][safepoint     ] Total time for which application threads were stopped: 0.0004117 seconds, Stopping threads took: 0.0001734 seconds
[2023-11-15T10:15:22.117+0000][47573.275s][debug][safepoint     ] Safepoint synchronization initiated. (166 threads)
[2023-11-15T10:15:22.117+0000][47573.276s][info ][safepoint     ] Application time: 3.0003774 seconds
[2023-11-15T10:15:22.118+0000][47573.276s][info ][safepoint     ] Entering safepoint region: Cleanup
[2023-11-15T10:15:22.118+0000][47573.276s][info ][safepoint     ] Leaving safepoint region
[2023-11-15T10:15:22.118+0000][47573.276s][info ][safepoint     ] Total time for which application threads were stopped: 0.0003574 seconds, Stopping threads took: 0.0000513 seconds
[2023-11-15T10:15:31.119+0000][47582.277s][debug][safepoint     ] Safepoint synchronization initiated. (166 threads)
[2023-11-15T10:15:31.119+0000][47582.277s][info ][safepoint     ] Application time: 9.0008399 seconds
[2023-11-15T10:15:31.119+0000][47582.277s][info ][safepoint     ] Entering safepoint region: Cleanup
[2023-11-15T10:15:31.119+0000][47582.277s][info ][safepoint     ] Leaving safepoint region
[2023-11-15T10:15:31.119+0000][47582.277s][info ][safepoint     ] Total time for which application threads were stopped: 0.0003383 seconds, Stopping threads took: 0.0000480 seconds
[2023-11-15T10:15:45.120+0000][47596.278s][debug][safepoint     ] Safepoint synchronization initiated. (166 threads)
[2023-11-15T10:15:45.120+0000][47596.278s][info ][safepoint     ] Application time: 14.0012491 seconds
[2023-11-15T10:15:45.120+0000][47596.278s][info ][safepoint     ] Entering safepoint region: Cleanup
[2023-11-15T10:15:45.121+0000][47596.279s][info ][safepoint     ] Leaving safepoint region
[2023-11-15T10:15:45.121+0000][47596.279s][info ][safepoint     ] Total time for which application threads were stopped: 0.0002643 seconds, Stopping threads took: 0.0000509 seconds
[2023-11-15T10:15:57.122+0000][47608.280s][debug][safepoint     ] Safepoint synchronization initiated. (166 threads)
[2023-11-15T10:15:57.122+0000][47608.280s][info ][safepoint     ] Application time: 12.0011087 seconds
[2023-11-15T10:15:57.122+0000][47608.280s][info ][safepoint     ] Entering safepoint region: Cleanup
[2023-11-15T10:15:57.122+0000][47608.280s][info ][safepoint     ] Leaving safepoint region
[2023-11-15T10:15:57.122+0000][47608.280s][info ][safepoint     ] Total time for which application threads were stopped: 0.0003617 seconds, Stopping threads took: 0.0000526 seconds
[2023-11-15T10:16:01.123+0000][47612.281s][debug][safepoint     ] Safepoint synchronization initiated. (166 threads)
[2023-11-15T10:16:01.123+0000][47612.281s][info ][safepoint     ] Application time: 4.0004413 seconds
[2023-11-15T10:16:01.123+0000][47612.281s][info ][safepoint     ] Entering safepoint region: Cleanup
[2023-11-15T10:16:01.123+0000][47612.281s][info ][safepoint     ] Leaving safepoint region
[2023-11-15T10:16:01.123+0000][47612.281s][info ][safepoint     ] Total time for which application threads were stopped: 0.0003538 seconds, Stopping threads took: 0.0000519 seconds
[2023-11-15T10:16:03.123+0000][47614.281s][debug][safepoint     ] Safepoint synchronization initiated. (166 threads)
[2023-11-15T10:16:03.123+0000][47614.281s][info ][safepoint     ] Application time: 2.0002801 seconds
[2023-11-15T10:16:03.123+0000][47614.281s][info ][safepoint     ] Entering safepoint region: Cleanup
[2023-11-15T10:16:03.124+0000][47614.282s][info ][safepoint     ] Leaving safepoint region
[2023-11-15T10:16:03.124+0000][47614.282s][info ][safepoint     ] Total time for which application threads were stopped: 0.0003398 seconds, Stopping threads took: 0.0000517 seconds
[2023-11-15T10:16:09.124+0000][47620.282s][debug][safepoint     ] Safepoint synchronization initiated. (165 threads)
[2023-11-15T10:16:09.124+0000][47620.282s][info ][safepoint     ] Application time: 6.0005661 seconds
[2023-11-15T10:16:09.124+0000][47620.282s][info ][safepoint     ] Entering safepoint region: Cleanup
[2023-11-15T10:16:09.125+0000][47620.283s][info ][safepoint     ] Leaving safepoint region
[2023-11-15T10:16:09.125+0000][47620.283s][info ][safepoint     ] Total time for which application threads were stopped: 0.0003646 seconds, Stopping threads took: 0.0000519 seconds
[2023-11-15T10:16:12.125+0000][47623.283s][debug][safepoint     ] Safepoint synchronization initiated. (165 threads)
[2023-11-15T10:16:12.125+0000][47623.283s][info ][safepoint     ] Application time: 3.0003113 seconds
[2023-11-15T10:16:12.125+0000][47623.283s][info ][safepoint     ] Entering safepoint region: Cleanup
[2023-11-15T10:16:12.125+0000][47623.283s][info ][safepoint     ] Leaving safepoint region
[2023-11-15T10:16:12.125+0000][47623.283s][info ][safepoint     ] Total time for which application threads were stopped: 0.0003536 seconds, Stopping threads took: 0.0000530 seconds
[2023-11-15T10:16:17.126+0000][47628.284s][debug][safepoint     ] Safepoint synchronization initiated. (165 threads)
[2023-11-15T10:16:17.126+0000][47628.284s][info ][safepoint     ] Application time: 5.0005665 seconds
[2023-11-15T10:16:17.126+0000][47628.284s][info ][safepoint     ] Entering safepoint region: Cleanup
[2023-11-15T10:16:17.126+0000][47628.284s][info ][safepoint     ] Leaving safepoint region
[2023-11-15T10:16:17.126+0000][47628.284s][info ][safepoint     ] Total time for which application threads were stopped: 0.0003797 seconds, Stopping threads took: 0.0000519 seconds
[2023-11-15T10:16:26.127+0000][47637.285s][debug][safepoint     ] Safepoint synchronization initiated. (165 threads)
[2023-11-15T10:16:26.127+0000][47637.285s][info ][safepoint     ] Application time: 9.0008753 seconds
[2023-11-15T10:16:26.127+0000][47637.285s][info ][safepoint     ] Entering safepoint region: Cleanup
[2023-11-15T10:16:26.127+0000][47637.285s][info ][safepoint     ] Leaving safepoint region
[2023-11-15T10:16:26.127+0000][47637.286s][info ][safepoint     ] Total time for which application threads were stopped: 0.0002584 seconds, Stopping threads took: 0.0000503 seconds
[2023-11-15T10:16:35.128+0000][47646.286s][debug][safepoint     ] Safepoint synchronization initiated. (165 threads)
[2023-11-15T10:16:35.128+0000][47646.286s][info ][safepoint     ] Application time: 9.0008157 seconds
[2023-11-15T10:16:35.128+0000][47646.286s][info ][safepoint     ] Entering safepoint region: Cleanup
[2023-11-15T10:16:35.129+0000][47646.287s][info ][safepoint     ] Leaving safepoint region
[2023-11-15T10:16:35.129+0000][47646.287s][info ][safepoint     ] Total time for which application threads were stopped: 0.0002552 seconds, Stopping threads took: 0.0000489 seconds
[2023-11-15T10:16:43.129+0000][47654.287s][debug][safepoint     ] Safepoint synchronization initiated. (165 threads)
[2023-11-15T10:16:43.129+0000][47654.287s][info ][safepoint     ] Application time: 8.0007907 seconds
[2023-11-15T10:16:43.129+0000][47654.288s][info ][safepoint     ] Entering safepoint region: Cleanup
[2023-11-15T10:16:43.130+0000][47654.288s][info ][safepoint     ] Leaving safepoint region
[2023-11-15T10:16:43.130+0000][47654.288s][info ][safepoint     ] Total time for which application threads were stopped: 0.0003320 seconds, Stopping threads took: 0.0000753 seconds
[2023-11-15T10:16:50.130+0000][47661.288s][debug][safepoint     ] Safepoint synchronization initiated. (165 threads)
[2023-11-15T10:16:50.130+0000][47661.289s][info ][safepoint     ] Application time: 7.0007459 seconds
[2023-11-15T10:16:50.131+0000][47661.289s][info ][safepoint     ] Entering safepoint region: Cleanup
[2023-11-15T10:16:50.131+0000][47661.289s][info ][safepoint     ] Leaving safepoint region
[2023-11-15T10:16:50.131+0000][47661.289s][info ][safepoint     ] Total time for which application threads were stopped: 0.0002657 seconds, Stopping threads took: 0.0000510 seconds
[2023-11-15T10:16:51.131+0000][47662.289s][debug][safepoint     ] Safepoint synchronization initiated. (165 threads)
[2023-11-15T10:16:51.131+0000][47662.289s][info ][safepoint     ] Application time: 1.0001622 seconds
[2023-11-15T10:16:51.131+0000][47662.289s][info ][safepoint     ] Entering safepoint region: Cleanup
[2023-11-15T10:16:51.131+0000][47662.289s][info ][safepoint     ] Leaving safepoint region
[2023-11-15T10:16:51.131+0000][47662.289s][info ][safepoint     ] Total time for which application threads were stopped: 0.0003521 seconds, Stopping threads took: 0.0000499 seconds
[2023-11-15T10:16:58.132+0000][47669.290s][debug][safepoint     ] Safepoint synchronization initiated. (165 threads)
[2023-11-15T10:16:58.132+0000][47669.290s][info ][safepoint     ] Application time: 7.0006488 seconds
[2023-11-15T10:16:58.132+0000][47669.290s][info ][safepoint     ] Entering safepoint region: Cleanup
[2023-11-15T10:16:58.132+0000][47669.290s][info ][safepoint     ] Leaving safepoint region
[2023-11-15T10:16:58.132+0000][47669.290s][info ][safepoint     ] Total time for which application threads were stopped: 0.0003584 seconds, Stopping threads took: 0.0000519 seconds
[2023-11-15T10:17:34.136+0000][47705.294s][debug][safepoint     ] Safepoint synchronization initiated. (168 threads)
[2023-11-15T10:17:34.136+0000][47705.294s][info ][safepoint     ] Application time: 36.0034937 seconds
[2023-11-15T10:17:34.136+0000][47705.294s][info ][safepoint     ] Entering safepoint region: Cleanup
[2023-11-15T10:17:34.136+0000][47705.294s][info ][safepoint     ] Leaving safepoint region
[2023-11-15T10:17:34.136+0000][47705.294s][info ][safepoint     ] Total time for which application threads were stopped: 0.0003712 seconds, Stopping threads took: 0.0000493 seconds
[2023-11-15T10:17:38.137+0000][47709.295s][debug][safepoint     ] Safepoint synchronization initiated. (168 threads)
[2023-11-15T10:17:38.137+0000][47709.295s][info ][safepoint     ] Application time: 4.0004366 seconds
[2023-11-15T10:17:38.137+0000][47709.295s][info ][safepoint     ] Entering safepoint region: Cleanup
[2023-11-15T10:17:38.137+0000][47709.295s][info ][safepoint     ] Leaving safepoint region
[2023-11-15T10:17:38.137+0000][47709.295s][info ][safepoint     ] Total time for which application threads were stopped: 0.0003433 seconds, Stopping threads took: 0.0000486 seconds
[2023-11-15T10:17:55.139+0000][47726.297s][debug][safepoint     ] Safepoint synchronization initiated. (169 threads)
[2023-11-15T10:17:55.139+0000][47726.297s][info ][safepoint     ] Application time: 17.0016802 seconds
[2023-11-15T10:17:55.139+0000][47726.297s][info ][safepoint     ] Entering safepoint region: Cleanup
[2023-11-15T10:17:55.139+0000][47726.297s][info ][safepoint     ] Leaving safepoint region
[2023-11-15T10:17:55.139+0000][47726.297s][info ][safepoint     ] Total time for which application threads were stopped: 0.0004606 seconds, Stopping threads took: 0.0000521 seconds
[2023-11-15T10:18:17.141+0000][47748.299s][debug][safepoint     ] Safepoint synchronization initiated. (171 threads)
[2023-11-15T10:18:17.141+0000][47748.299s][info ][safepoint     ] Application time: 22.0020421 seconds
[2023-11-15T10:18:17.141+0000][47748.299s][debug][safepoint     ] ... found polling page return exception at pc = 0x00007fe180340bf5, stub =0x00007fe17883a800
[2023-11-15T10:18:17.141+0000][47748.300s][debug][safepoint     ] ... found polling page loop exception at pc = 0x00007fe1808d814c, stub =0x00007fe17883ab00
[2023-11-15T10:18:17.142+0000][47748.300s][debug][safepoint     ] Waiting for 3 thread(s) to block
[2023-11-15T10:18:17.142+0000][47748.300s][info ][safepoint     ] Entering safepoint region: Cleanup
[2023-11-15T10:18:17.142+0000][47748.300s][info ][safepoint     ] Leaving safepoint region
[2023-11-15T10:18:17.142+0000][47748.300s][info ][safepoint     ] Total time for which application threads were stopped: 0.0008329 seconds, Stopping threads took: 0.0004845 seconds
[2023-11-15T10:18:18.142+0000][47749.300s][debug][safepoint     ] Safepoint synchronization initiated. (170 threads)
[2023-11-15T10:18:18.142+0000][47749.300s][info ][safepoint     ] Application time: 1.0001766 seconds
[2023-11-15T10:18:18.142+0000][47749.300s][info ][safepoint     ] Entering safepoint region: Cleanup
[2023-11-15T10:18:18.143+0000][47749.301s][info ][safepoint     ] Leaving safepoint region
[2023-11-15T10:18:18.143+0000][47749.301s][info ][safepoint     ] Total time for which application threads were stopped: 0.0003679 seconds, Stopping threads took: 0.0000539 seconds
[2023-11-15T10:18:19.143+0000][47750.301s][debug][safepoint     ] Safepoint synchronization initiated. (170 threads)
[2023-11-15T10:18:19.143+0000][47750.301s][info ][safepoint     ] Application time: 1.0001738 seconds
[2023-11-15T10:18:19.143+0000][47750.301s][info ][safepoint     ] Entering safepoint region: Cleanup
[2023-11-15T10:18:19.143+0000][47750.301s][info ][safepoint     ] Leaving safepoint region
[2023-11-15T10:18:19.143+0000][47750.301s][info ][safepoint     ] Total time for which application threads were stopped: 0.0003288 seconds, Stopping threads took: 0.0000512 seconds
[2023-11-15T10:18:21.144+0000][47752.302s][debug][safepoint     ] Safepoint synchronization initiated. (171 threads)
[2023-11-15T10:18:21.144+0000][47752.302s][info ][safepoint     ] Application time: 2.0002482 seconds
[2023-11-15T10:18:21.144+0000][47752.302s][info ][safepoint     ] Entering safepoint region: Cleanup
[2023-11-15T10:18:21.144+0000][47752.302s][info ][safepoint     ] Leaving safepoint region
[2023-11-15T10:18:21.144+0000][47752.302s][info ][safepoint     ] Total time for which application threads were stopped: 0.0003610 seconds, Stopping threads took: 0.0000514 seconds
[2023-11-15T10:18:22.144+0000][47753.302s][debug][safepoint     ] Safepoint synchronization initiated. (186 threads)
[2023-11-15T10:18:22.144+0000][47753.302s][info ][safepoint     ] Application time: 1.0001585 seconds
[2023-11-15T10:18:22.144+0000][47753.302s][info ][safepoint     ] Entering safepoint region: Cleanup
[2023-11-15T10:18:22.145+0000][47753.303s][info ][safepoint     ] Leaving safepoint region
[2023-11-15T10:18:22.145+0000][47753.303s][info ][safepoint     ] Total time for which application threads were stopped: 0.0005472 seconds, Stopping threads took: 0.0003111 seconds
[2023-11-15T10:18:26.145+0000][47757.303s][debug][safepoint     ] Safepoint synchronization initiated. (186 threads)
[2023-11-15T10:18:26.145+0000][47757.303s][info ][safepoint     ] Application time: 4.0004340 seconds
[2023-11-15T10:18:26.145+0000][47757.303s][info ][safepoint     ] Entering safepoint region: Cleanup
[2023-11-15T10:18:26.146+0000][47757.304s][info ][safepoint     ] Leaving safepoint region
[2023-11-15T10:18:26.146+0000][47757.304s][info ][safepoint     ] Total time for which application threads were stopped: 0.0003708 seconds, Stopping threads took: 0.0000537 seconds
[2023-11-15T10:19:57.153+0000][47848.312s][debug][safepoint     ] Safepoint synchronization initiated. (183 threads)
[2023-11-15T10:19:57.154+0000][47848.312s][info ][safepoint     ] Application time: 91.0079423 seconds
[2023-11-15T10:19:57.154+0000][47848.312s][info ][safepoint     ] Entering safepoint region: Cleanup
[2023-11-15T10:19:57.154+0000][47848.312s][info ][safepoint     ] Leaving safepoint region
[2023-11-15T10:19:57.154+0000][47848.312s][info ][safepoint     ] Total time for which application threads were stopped: 0.0003705 seconds, Stopping threads took: 0.0000541 seconds
[2023-11-15T10:20:59.697+0000][47910.855s][debug][safepoint     ] Safepoint synchronization initiated. (180 threads)
[2023-11-15T10:20:59.697+0000][47910.855s][info ][safepoint     ] Application time: 62.5432242 seconds
[2023-11-15T10:20:59.697+0000][47910.855s][info ][safepoint     ] Entering safepoint region: G1CollectForAllocation
[2023-11-15T10:20:59.697+0000][47910.856s][info ][gc,start      ] GC(131) Pause Young (Normal) (G1 Evacuation Pause)
[2023-11-15T10:20:59.697+0000][47910.856s][info ][gc,task       ] GC(131) Using 4 workers of 4 for evacuation
[2023-11-15T10:20:59.713+0000][47910.871s][info ][gc,phases     ] GC(131)   Pre Evacuate Collection Set: 0.0ms
[2023-11-15T10:20:59.713+0000][47910.871s][info ][gc,phases     ] GC(131)   Evacuate Collection Set: 10.4ms
[2023-11-15T10:20:59.713+0000][47910.871s][info ][gc,phases     ] GC(131)   Post Evacuate Collection Set: 4.4ms
[2023-11-15T10:20:59.713+0000][47910.871s][info ][gc,phases     ] GC(131)   Other: 0.4ms
[2023-11-15T10:20:59.713+0000][47910.871s][info ][gc,heap       ] GC(131) Eden regions: 481->0(481)
[2023-11-15T10:20:59.713+0000][47910.871s][info ][gc,heap       ] GC(131) Survivor regions: 13->13(62)
[2023-11-15T10:20:59.713+0000][47910.871s][info ][gc,heap       ] GC(131) Old regions: 149->149
[2023-11-15T10:20:59.713+0000][47910.871s][info ][gc,heap       ] GC(131) Humongous regions: 0->0
[2023-11-15T10:20:59.713+0000][47910.871s][info ][gc,metaspace  ] GC(131) Metaspace: 168285K(174204K)->168285K(174204K) NonClass: 149210K(152832K)->149210K(152832K) Class: 19075K(21372K)->19075K(21372K)
[2023-11-15T10:20:59.713+0000][47910.871s][info ][gc            ] GC(131) Pause Young (Normal) (G1 Evacuation Pause) 640M->159M(824M) 15.310ms
[2023-11-15T10:20:59.713+0000][47910.871s][info ][gc,cpu        ] GC(131) User=0.05s Sys=0.00s Real=0.02s
[2023-11-15T10:20:59.713+0000][47910.871s][info ][safepoint     ] Leaving safepoint region
[2023-11-15T10:20:59.713+0000][47910.871s][info ][safepoint     ] Total time for which application threads were stopped: 0.0156484 seconds, Stopping threads took: 0.0000531 seconds
[2023-11-15T10:20:59.713+0000][47910.871s][info ][gc,stringdedup] Concurrent String Deduplication (47910.871s)
[2023-11-15T10:20:59.713+0000][47910.871s][info ][gc,stringdedup] Concurrent String Deduplication 2224.0B->1080.0B(1144.0B) avg 55.5% (47910.871s, 47910.871s) 0.104ms
[2023-11-15T10:21:06.713+0000][47917.872s][debug][safepoint     ] Safepoint synchronization initiated. (178 threads)
[2023-11-15T10:21:06.714+0000][47917.872s][info ][safepoint     ] Application time: 7.0007115 seconds
[2023-11-15T10:21:06.714+0000][47917.872s][info ][safepoint     ] Entering safepoint region: Cleanup
[2023-11-15T10:21:06.714+0000][47917.872s][info ][safepoint     ] Leaving safepoint region
[2023-11-15T10:21:06.714+0000][47917.872s][info ][safepoint     ] Total time for which application threads were stopped: 0.0003689 seconds, Stopping threads took: 0.0000546 seconds
[2023-11-15T10:21:31.716+0000][47942.874s][debug][safepoint     ] Safepoint synchronization initiated. (179 threads)
[2023-11-15T10:21:31.716+0000][47942.874s][info ][safepoint     ] Application time: 25.0021231 seconds
[2023-11-15T10:21:31.716+0000][47942.874s][info ][safepoint     ] Entering safepoint region: Cleanup
[2023-11-15T10:21:31.716+0000][47942.874s][info ][safepoint     ] Leaving safepoint region
[2023-11-15T10:21:31.716+0000][47942.874s][info ][safepoint     ] Total time for which application threads were stopped: 0.0003155 seconds, Stopping threads took: 0.0000545 seconds
[2023-11-15T10:21:33.717+0000][47944.875s][debug][safepoint     ] Safepoint synchronization initiated. (179 threads)
[2023-11-15T10:21:33.717+0000][47944.875s][info ][safepoint     ] Application time: 2.0002413 seconds
[2023-11-15T10:21:33.717+0000][47944.875s][info ][safepoint     ] Entering safepoint region: Cleanup
[2023-11-15T10:21:33.717+0000][47944.875s][info ][safepoint     ] Leaving safepoint region
[2023-11-15T10:21:33.717+0000][47944.875s][info ][safepoint     ] Total time for which application threads were stopped: 0.0002959 seconds, Stopping threads took: 0.0000532 seconds
[2023-11-15T10:21:33.717+0000][47944.875s][debug][safepoint     ] ... found polling page return exception at pc = 0x00007fe180ff1766, stub =0x00007fe17883a800
[2023-11-15T10:21:34.717+0000][47945.875s][debug][safepoint     ] Safepoint synchronization initiated. (180 threads)
[2023-11-15T10:21:34.717+0000][47945.875s][info ][safepoint     ] Application time: 1.0001542 seconds
[2023-11-15T10:21:34.717+0000][47945.875s][info ][safepoint     ] Entering safepoint region: Cleanup
[2023-11-15T10:21:34.717+0000][47945.876s][info ][safepoint     ] Leaving safepoint region
[2023-11-15T10:21:34.718+0000][47945.876s][info ][safepoint     ] Total time for which application threads were stopped: 0.0003433 seconds, Stopping threads took: 0.0000531 seconds
[2023-11-15T10:21:35.718+0000][47946.876s][debug][safepoint     ] Safepoint synchronization initiated. (180 threads)
[2023-11-15T10:21:35.718+0000][47946.876s][info ][safepoint     ] Application time: 1.0001723 seconds
[2023-11-15T10:21:35.718+0000][47946.876s][info ][safepoint     ] Entering safepoint region: Cleanup
[2023-11-15T10:21:35.718+0000][47946.876s][info ][safepoint     ] Leaving safepoint region
[2023-11-15T10:21:35.718+0000][47946.876s][info ][safepoint     ] Total time for which application threads were stopped: 0.0003018 seconds, Stopping threads took: 0.0000608 seconds
[2023-11-15T10:21:36.718+0000][47947.876s][debug][safepoint     ] Safepoint synchronization initiated. (179 threads)
[2023-11-15T10:21:36.718+0000][47947.876s][info ][safepoint     ] Application time: 1.0001547 seconds
[2023-11-15T10:21:36.718+0000][47947.876s][info ][safepoint     ] Entering safepoint region: Cleanup
[2023-11-15T10:21:36.719+0000][47947.877s][info ][safepoint     ] Leaving safepoint region
[2023-11-15T10:21:36.719+0000][47947.877s][info ][safepoint     ] Total time for which application threads were stopped: 0.0003588 seconds, Stopping threads took: 0.0000511 seconds
[2023-11-15T10:21:37.719+0000][47948.877s][debug][safepoint     ] Safepoint synchronization initiated. (179 threads)
[2023-11-15T10:21:37.719+0000][47948.877s][info ][safepoint     ] Application time: 1.0001443 seconds
[2023-11-15T10:21:37.719+0000][47948.877s][info ][safepoint     ] Entering safepoint region: Cleanup
[2023-11-15T10:21:37.719+0000][47948.877s][info ][safepoint     ] Leaving safepoint region
[2023-11-15T10:21:37.719+0000][47948.877s][info ][safepoint     ] Total time for which application threads were stopped: 0.0003207 seconds, Stopping threads took: 0.0000537 seconds
[2023-11-15T10:21:38.719+0000][47949.877s][debug][safepoint     ] Safepoint synchronization initiated. (182 threads)
[2023-11-15T10:21:38.719+0000][47949.877s][info ][safepoint     ] Application time: 1.0001554 seconds
[2023-11-15T10:21:38.719+0000][47949.877s][info ][safepoint     ] Entering safepoint region: Cleanup
[2023-11-15T10:21:38.720+0000][47949.878s][info ][safepoint     ] Leaving safepoint region
[2023-11-15T10:21:38.720+0000][47949.878s][info ][safepoint     ] Total time for which application threads were stopped: 0.0003369 seconds, Stopping threads took: 0.0000541 seconds
[2023-11-15T10:21:42.720+0000][47953.878s][debug][safepoint     ] Safepoint synchronization initiated. (182 threads)
[2023-11-15T10:21:42.720+0000][47953.878s][info ][safepoint     ] Application time: 4.0003940 seconds
[2023-11-15T10:21:42.720+0000][47953.878s][info ][safepoint     ] Entering safepoint region: Cleanup
[2023-11-15T10:21:42.720+0000][47953.878s][info ][safepoint     ] Leaving safepoint region
[2023-11-15T10:21:42.720+0000][47953.879s][info ][safepoint     ] Total time for which application threads were stopped: 0.0003585 seconds, Stopping threads took: 0.0000532 seconds
[2023-11-15T10:21:43.721+0000][47954.879s][debug][safepoint     ] Safepoint synchronization initiated. (180 threads)
[2023-11-15T10:21:43.721+0000][47954.879s][info ][safepoint     ] Application time: 1.0001527 seconds
[2023-11-15T10:21:43.721+0000][47954.879s][info ][safepoint     ] Entering safepoint region: Cleanup
[2023-11-15T10:21:43.721+0000][47954.879s][info ][safepoint     ] Leaving safepoint region
[2023-11-15T10:21:43.721+0000][47954.879s][info ][safepoint     ] Total time for which application threads were stopped: 0.0003579 seconds, Stopping threads took: 0.0000525 seconds
[2023-11-15T10:21:44.721+0000][47955.879s][debug][safepoint     ] Safepoint synchronization initiated. (180 threads)
[2023-11-15T10:21:44.721+0000][47955.879s][info ][safepoint     ] Application time: 1.0001563 seconds
[2023-11-15T10:21:44.721+0000][47955.879s][info ][safepoint     ] Entering safepoint region: Cleanup
[2023-11-15T10:21:44.721+0000][47955.879s][info ][safepoint     ] Leaving safepoint region
[2023-11-15T10:21:44.721+0000][47955.880s][info ][safepoint     ] Total time for which application threads were stopped: 0.0002669 seconds, Stopping threads took: 0.0000608 seconds
[2023-11-15T10:21:45.722+0000][47956.880s][debug][safepoint     ] Safepoint synchronization initiated. (180 threads)
[2023-11-15T10:21:45.722+0000][47956.880s][info ][safepoint     ] Application time: 1.0001660 seconds
[2023-11-15T10:21:45.722+0000][47956.880s][info ][safepoint     ] Entering safepoint region: Cleanup
[2023-11-15T10:21:45.722+0000][47956.880s][info ][safepoint     ] Leaving safepoint region
[2023-11-15T10:21:45.722+0000][47956.880s][info ][safepoint     ] Total time for which application threads were stopped: 0.0002982 seconds, Stopping threads took: 0.0000538 seconds
[2023-11-15T10:21:46.722+0000][47957.880s][debug][safepoint     ] Safepoint synchronization initiated. (180 threads)
[2023-11-15T10:21:46.722+0000][47957.880s][info ][safepoint     ] Application time: 1.0001436 seconds
[2023-11-15T10:21:46.722+0000][47957.880s][info ][safepoint     ] Entering safepoint region: Cleanup
[2023-11-15T10:21:46.722+0000][47957.880s][info ][safepoint     ] Leaving safepoint region
[2023-11-15T10:21:46.722+0000][47957.880s][info ][safepoint     ] Total time for which application threads were stopped: 0.0002046 seconds, Stopping threads took: 0.0000365 seconds
[2023-11-15T10:21:47.722+0000][47958.880s][debug][safepoint     ] Safepoint synchronization initiated. (180 threads)
[2023-11-15T10:21:47.722+0000][47958.881s][info ][safepoint     ] Application time: 1.0001276 seconds
[2023-11-15T10:21:47.723+0000][47958.881s][info ][safepoint     ] Entering safepoint region: Cleanup
[2023-11-15T10:21:47.723+0000][47958.881s][info ][safepoint     ] Leaving safepoint region
[2023-11-15T10:21:47.723+0000][47958.881s][info ][safepoint     ] Total time for which application threads were stopped: 0.0003574 seconds, Stopping threads took: 0.0000550 seconds
[2023-11-15T10:21:48.723+0000][47959.881s][debug][safepoint     ] Safepoint synchronization initiated. (180 threads)
[2023-11-15T10:21:48.723+0000][47959.881s][info ][safepoint     ] Application time: 1.0001360 seconds
[2023-11-15T10:21:48.723+0000][47959.881s][info ][safepoint     ] Entering safepoint region: Cleanup
[2023-11-15T10:21:48.723+0000][47959.881s][info ][safepoint     ] Leaving safepoint region
[2023-11-15T10:21:48.723+0000][47959.881s][info ][safepoint     ] Total time for which application threads were stopped: 0.0003583 seconds, Stopping threads took: 0.0000523 seconds
[2023-11-15T10:21:49.723+0000][47960.882s][debug][safepoint     ] Safepoint synchronization initiated. (180 threads)
[2023-11-15T10:21:49.724+0000][47960.882s][info ][safepoint     ] Application time: 1.0001629 seconds
[2023-11-15T10:21:49.724+0000][47960.882s][info ][safepoint     ] Entering safepoint region: Cleanup
[2023-11-15T10:21:49.724+0000][47960.882s][info ][safepoint     ] Leaving safepoint region
[2023-11-15T10:21:49.724+0000][47960.882s][info ][safepoint     ] Total time for which application threads were stopped: 0.0002872 seconds, Stopping threads took: 0.0000533 seconds
[2023-11-15T10:21:50.724+0000][47961.882s][debug][safepoint     ] Safepoint synchronization initiated. (180 threads)
[2023-11-15T10:21:50.724+0000][47961.882s][info ][safepoint     ] Application time: 1.0001555 seconds
[2023-11-15T10:21:50.724+0000][47961.882s][info ][safepoint     ] Entering safepoint region: Cleanup
[2023-11-15T10:21:50.724+0000][47961.882s][info ][safepoint     ] Leaving safepoint region
[2023-11-15T10:21:50.724+0000][47961.882s][info ][safepoint     ] Total time for which application threads were stopped: 0.0002510 seconds, Stopping threads took: 0.0000692 seconds
[2023-11-15T10:21:51.724+0000][47962.882s][debug][safepoint     ] Safepoint synchronization initiated. (180 threads)
[2023-11-15T10:21:51.724+0000][47962.883s][info ][safepoint     ] Application time: 1.0001422 seconds
[2023-11-15T10:21:51.725+0000][47962.883s][info ][safepoint     ] Entering safepoint region: Cleanup
[2023-11-15T10:21:51.725+0000][47962.883s][info ][safepoint     ] Leaving safepoint region
[2023-11-15T10:21:51.725+0000][47962.883s][info ][safepoint     ] Total time for which application threads were stopped: 0.0006346 seconds, Stopping threads took: 0.0003682 seconds
[2023-11-15T10:21:52.725+0000][47963.883s][debug][safepoint     ] Safepoint synchronization initiated. (180 threads)
[2023-11-15T10:21:52.725+0000][47963.883s][info ][safepoint     ] Application time: 1.0001579 seconds
[2023-11-15T10:21:52.725+0000][47963.883s][info ][safepoint     ] Entering safepoint region: Cleanup
[2023-11-15T10:21:52.726+0000][47963.884s][info ][safepoint     ] Leaving safepoint region
[2023-11-15T10:21:52.726+0000][47963.884s][info ][safepoint     ] Total time for which application threads were stopped: 0.0003542 seconds, Stopping threads took: 0.0000521 seconds
[2023-11-15T10:21:53.726+0000][47964.884s][debug][safepoint     ] Safepoint synchronization initiated. (180 threads)
[2023-11-15T10:21:53.726+0000][47964.884s][info ][safepoint     ] Application time: 1.0001664 seconds
[2023-11-15T10:21:53.726+0000][47964.884s][info ][safepoint     ] Entering safepoint region: Cleanup
[2023-11-15T10:21:53.726+0000][47964.884s][info ][safepoint     ] Leaving safepoint region
[2023-11-15T10:21:53.726+0000][47964.884s][info ][safepoint     ] Total time for which application threads were stopped: 0.0003542 seconds, Stopping threads took: 0.0000527 seconds
[2023-11-15T10:21:54.726+0000][47965.884s][debug][safepoint     ] Safepoint synchronization initiated. (180 threads)
[2023-11-15T10:21:54.726+0000][47965.884s][info ][safepoint     ] Application time: 1.0001778 seconds
[2023-11-15T10:21:54.726+0000][47965.885s][info ][safepoint     ] Entering safepoint region: Cleanup
[2023-11-15T10:21:54.727+0000][47965.885s][info ][safepoint     ] Leaving safepoint region
[2023-11-15T10:21:54.727+0000][47965.885s][info ][safepoint     ] Total time for which application threads were stopped: 0.0003097 seconds, Stopping threads took: 0.0000526 seconds
[2023-11-15T10:21:55.727+0000][47966.885s][debug][safepoint     ] Safepoint synchronization initiated. (180 threads)
[2023-11-15T10:21:55.727+0000][47966.885s][info ][safepoint     ] Application time: 1.0001660 seconds
[2023-11-15T10:21:55.727+0000][47966.885s][info ][safepoint     ] Entering safepoint region: Cleanup
[2023-11-15T10:21:55.727+0000][47966.885s][info ][safepoint     ] Leaving safepoint region
[2023-11-15T10:21:55.727+0000][47966.885s][info ][safepoint     ] Total time for which application threads were stopped: 0.0003525 seconds, Stopping threads took: 0.0000528 seconds
[2023-11-15T10:21:56.727+0000][47967.885s][debug][safepoint     ] Safepoint synchronization initiated. (180 threads)
[2023-11-15T10:21:56.727+0000][47967.886s][info ][safepoint     ] Application time: 1.0001705 seconds
[2023-11-15T10:21:56.728+0000][47967.886s][info ][safepoint     ] Entering safepoint region: Cleanup
[2023-11-15T10:21:56.728+0000][47967.886s][info ][safepoint     ] Leaving safepoint region
[2023-11-15T10:21:56.728+0000][47967.886s][info ][safepoint     ] Total time for which application threads were stopped: 0.0005911 seconds, Stopping threads took: 0.0002262 seconds
[2023-11-15T10:21:57.728+0000][47968.886s][debug][safepoint     ] Safepoint synchronization initiated. (180 threads)
[2023-11-15T10:21:57.728+0000][47968.886s][info ][safepoint     ] Application time: 1.0001520 seconds
[2023-11-15T10:21:57.728+0000][47968.886s][info ][safepoint     ] Entering safepoint region: Cleanup
[2023-11-15T10:21:57.729+0000][47968.887s][info ][safepoint     ] Leaving safepoint region
[2023-11-15T10:21:57.729+0000][47968.887s][info ][safepoint     ] Total time for which application threads were stopped: 0.0003645 seconds, Stopping threads took: 0.0000524 seconds
[2023-11-15T10:21:58.729+0000][47969.887s][debug][safepoint     ] Safepoint synchronization initiated. (180 threads)
[2023-11-15T10:21:58.729+0000][47969.887s][info ][safepoint     ] Application time: 1.0001424 seconds
[2023-11-15T10:21:58.729+0000][47969.887s][info ][safepoint     ] Entering safepoint region: Cleanup
[2023-11-15T10:21:58.729+0000][47969.887s][info ][safepoint     ] Leaving safepoint region
[2023-11-15T10:21:58.729+0000][47969.887s][info ][safepoint     ] Total time for which application threads were stopped: 0.0003505 seconds, Stopping threads took: 0.0000527 seconds
[2023-11-15T10:21:59.729+0000][47970.887s][debug][safepoint     ] Safepoint synchronization initiated. (180 threads)
[2023-11-15T10:21:59.729+0000][47970.887s][info ][safepoint     ] Application time: 1.0001488 seconds
[2023-11-15T10:21:59.729+0000][47970.887s][info ][safepoint     ] Entering safepoint region: Cleanup
[2023-11-15T10:21:59.730+0000][47970.888s][info ][safepoint     ] Leaving safepoint region
[2023-11-15T10:21:59.730+0000][47970.888s][info ][safepoint     ] Total time for which application threads were stopped: 0.0003572 seconds, Stopping threads took: 0.0000529 seconds
[2023-11-15T10:22:00.730+0000][47971.888s][debug][safepoint     ] Safepoint synchronization initiated. (180 threads)
[2023-11-15T10:22:00.730+0000][47971.888s][info ][safepoint     ] Application time: 1.0001643 seconds
[2023-11-15T10:22:00.730+0000][47971.888s][info ][safepoint     ] Entering safepoint region: Cleanup
[2023-11-15T10:22:00.730+0000][47971.888s][info ][safepoint     ] Leaving safepoint region
[2023-11-15T10:22:00.730+0000][47971.888s][info ][safepoint     ] Total time for which application threads were stopped: 0.0003158 seconds, Stopping threads took: 0.0000514 seconds
[2023-11-15T10:22:01.730+0000][47972.888s][debug][safepoint     ] Safepoint synchronization initiated. (180 threads)
[2023-11-15T10:22:01.730+0000][47972.889s][info ][safepoint     ] Application time: 1.0002038 seconds
[2023-11-15T10:22:01.731+0000][47972.889s][debug][safepoint     ] ... found polling page return exception at pc = 0x00007fe1809e3780, stub =0x00007fe17883a800
[2023-11-15T10:22:01.731+0000][47972.889s][debug][safepoint     ] Waiting for 1 thread(s) to block
[2023-11-15T10:22:01.731+0000][47972.889s][info ][safepoint     ] Entering safepoint region: Cleanup
[2023-11-15T10:22:01.731+0000][47972.889s][info ][safepoint     ] Leaving safepoint region
[2023-11-15T10:22:01.731+0000][47972.889s][info ][safepoint     ] Total time for which application threads were stopped: 0.0004687 seconds, Stopping threads took: 0.0001816 seconds
[2023-11-15T10:22:02.731+0000][47973.889s][debug][safepoint     ] Safepoint synchronization initiated. (180 threads)
[2023-11-15T10:22:02.731+0000][47973.889s][info ][safepoint     ] Application time: 1.0001679 seconds
[2023-11-15T10:22:02.731+0000][47973.889s][info ][safepoint     ] Entering safepoint region: Cleanup
[2023-11-15T10:22:02.731+0000][47973.889s][info ][safepoint     ] Leaving safepoint region
[2023-11-15T10:22:02.731+0000][47973.889s][info ][safepoint     ] Total time for which application threads were stopped: 0.0002682 seconds, Stopping threads took: 0.0000534 seconds
[2023-11-15T10:22:03.732+0000][47974.890s][debug][safepoint     ] Safepoint synchronization initiated. (180 threads)
[2023-11-15T10:22:03.732+0000][47974.890s][info ][safepoint     ] Application time: 1.0001307 seconds
[2023-11-15T10:22:03.732+0000][47974.890s][info ][safepoint     ] Entering safepoint region: Cleanup
[2023-11-15T10:22:03.732+0000][47974.890s][info ][safepoint     ] Leaving safepoint region
[2023-11-15T10:22:03.732+0000][47974.890s][info ][safepoint     ] Total time for which application threads were stopped: 0.0003582 seconds, Stopping threads took: 0.0000522 seconds
[2023-11-15T10:22:04.732+0000][47975.890s][debug][safepoint     ] Safepoint synchronization initiated. (180 threads)
[2023-11-15T10:22:04.732+0000][47975.890s][info ][safepoint     ] Application time: 1.0001510 seconds
[2023-11-15T10:22:04.732+0000][47975.890s][info ][safepoint     ] Entering safepoint region: Cleanup
[2023-11-15T10:22:04.732+0000][47975.891s][info ][safepoint     ] Leaving safepoint region
[2023-11-15T10:22:04.732+0000][47975.891s][info ][safepoint     ] Total time for which application threads were stopped: 0.0003528 seconds, Stopping threads took: 0.0000527 seconds
[2023-11-15T10:22:05.733+0000][47976.891s][debug][safepoint     ] Safepoint synchronization initiated. (182 threads)
[2023-11-15T10:22:05.733+0000][47976.891s][info ][safepoint     ] Application time: 1.0001250 seconds
[2023-11-15T10:22:05.733+0000][47976.891s][info ][safepoint     ] Entering safepoint region: Cleanup
[2023-11-15T10:22:05.733+0000][47976.891s][info ][safepoint     ] Leaving safepoint region
[2023-11-15T10:22:05.733+0000][47976.891s][info ][safepoint     ] Total time for which application threads were stopped: 0.0003185 seconds, Stopping threads took: 0.0000511 seconds
[2023-11-15T10:22:20.734+0000][47991.892s][debug][safepoint     ] Safepoint synchronization initiated. (183 threads)
[2023-11-15T10:22:20.734+0000][47991.892s][info ][safepoint     ] Application time: 15.0013892 seconds
[2023-11-15T10:22:20.734+0000][47991.892s][info ][safepoint     ] Entering safepoint region: Cleanup
[2023-11-15T10:22:20.735+0000][47991.893s][info ][safepoint     ] Leaving safepoint region
[2023-11-15T10:22:20.735+0000][47991.893s][info ][safepoint     ] Total time for which application threads were stopped: 0.0003617 seconds, Stopping threads took: 0.0000536 seconds
[2023-11-15T10:22:52.738+0000][48023.896s][debug][safepoint     ] Safepoint synchronization initiated. (181 threads)
[2023-11-15T10:22:52.738+0000][48023.896s][info ][safepoint     ] Application time: 32.0029649 seconds
[2023-11-15T10:22:52.738+0000][48023.896s][info ][safepoint     ] Entering safepoint region: Cleanup
[2023-11-15T10:22:52.738+0000][48023.896s][info ][safepoint     ] Leaving safepoint region
[2023-11-15T10:22:52.738+0000][48023.896s][info ][safepoint     ] Total time for which application threads were stopped: 0.0003876 seconds, Stopping threads took: 0.0000521 seconds
[2023-11-15T10:25:13.751+0000][48164.909s][debug][safepoint     ] Safepoint synchronization initiated. (177 threads)
[2023-11-15T10:25:13.751+0000][48164.909s][info ][safepoint     ] Application time: 141.0124924 seconds
[2023-11-15T10:25:13.751+0000][48164.909s][info ][safepoint     ] Entering safepoint region: Cleanup
[2023-11-15T10:25:13.751+0000][48164.909s][info ][safepoint     ] Leaving safepoint region
[2023-11-15T10:25:13.751+0000][48164.909s][info ][safepoint     ] Total time for which application threads were stopped: 0.0003632 seconds, Stopping threads took: 0.0000523 seconds
[2023-11-15T10:27:32.256+0000][48303.414s][debug][safepoint     ] Safepoint synchronization initiated. (174 threads)
[2023-11-15T10:27:32.256+0000][48303.414s][info ][safepoint     ] Application time: 138.5053332 seconds
[2023-11-15T10:27:32.256+0000][48303.415s][debug][safepoint     ] Waiting for 1 thread(s) to block
[2023-11-15T10:27:32.257+0000][48303.415s][info ][safepoint     ] Entering safepoint region: G1CollectForAllocation
[2023-11-15T10:27:32.257+0000][48303.415s][info ][gc,start      ] GC(132) Pause Young (Normal) (G1 Evacuation Pause)
[2023-11-15T10:27:32.257+0000][48303.415s][info ][gc,task       ] GC(132) Using 4 workers of 4 for evacuation
[2023-11-15T10:27:32.281+0000][48303.440s][info ][gc,phases     ] GC(132)   Pre Evacuate Collection Set: 0.0ms
[2023-11-15T10:27:32.282+0000][48303.440s][info ][gc,phases     ] GC(132)   Evacuate Collection Set: 18.4ms
[2023-11-15T10:27:32.282+0000][48303.440s][info ][gc,phases     ] GC(132)   Post Evacuate Collection Set: 5.9ms
[2023-11-15T10:27:32.282+0000][48303.440s][info ][gc,phases     ] GC(132)   Other: 0.4ms
[2023-11-15T10:27:32.282+0000][48303.440s][info ][gc,heap       ] GC(132) Eden regions: 481->0(480)
[2023-11-15T10:27:32.282+0000][48303.440s][info ][gc,heap       ] GC(132) Survivor regions: 13->14(62)
[2023-11-15T10:27:32.282+0000][48303.440s][info ][gc,heap       ] GC(132) Old regions: 149->149
[2023-11-15T10:27:32.282+0000][48303.440s][info ][gc,heap       ] GC(132) Humongous regions: 16->0
[2023-11-15T10:27:32.282+0000][48303.440s][info ][gc,metaspace  ] GC(132) Metaspace: 168397K(174204K)->168397K(174204K) NonClass: 149320K(152832K)->149320K(152832K) Class: 19076K(21372K)->19076K(21372K)
[2023-11-15T10:27:32.282+0000][48303.440s][info ][gc            ] GC(132) Pause Young (Normal) (G1 Evacuation Pause) 656M->160M(824M) 24.900ms
[2023-11-15T10:27:32.282+0000][48303.440s][info ][gc,cpu        ] GC(132) User=0.09s Sys=0.00s Real=0.03s
[2023-11-15T10:27:32.282+0000][48303.440s][info ][safepoint     ] Leaving safepoint region
[2023-11-15T10:27:32.282+0000][48303.440s][info ][safepoint     ] Total time for which application threads were stopped: 0.0253981 seconds, Stopping threads took: 0.0001532 seconds
[2023-11-15T10:27:32.282+0000][48303.440s][info ][gc,stringdedup] Concurrent String Deduplication (48303.440s)
[2023-11-15T10:27:32.282+0000][48303.440s][info ][gc,stringdedup] Concurrent String Deduplication 5720.0B->5288.0B(432.0B) avg 55.5% (48303.440s, 48303.440s) 0.109ms
[2023-11-15T10:29:16.292+0000][48407.451s][debug][safepoint     ] Safepoint synchronization initiated. (174 threads)
[2023-11-15T10:29:16.293+0000][48407.451s][info ][safepoint     ] Application time: 104.0106858 seconds
[2023-11-15T10:29:16.293+0000][48407.451s][info ][safepoint     ] Entering safepoint region: Cleanup
[2023-11-15T10:29:16.293+0000][48407.451s][info ][safepoint     ] Leaving safepoint region
[2023-11-15T10:29:16.293+0000][48407.451s][info ][safepoint     ] Total time for which application threads were stopped: 0.0002656 seconds, Stopping threads took: 0.0000565 seconds
[2023-11-15T10:36:07.772+0000][48818.930s][debug][safepoint     ] Safepoint synchronization initiated. (166 threads)
[2023-11-15T10:36:07.772+0000][48818.930s][info ][safepoint     ] Application time: 411.4788707 seconds
[2023-11-15T10:36:07.772+0000][48818.930s][info ][safepoint     ] Entering safepoint region: G1CollectForAllocation
[2023-11-15T10:36:07.772+0000][48818.930s][info ][gc,start      ] GC(133) Pause Young (Normal) (G1 Evacuation Pause)
[2023-11-15T10:36:07.772+0000][48818.930s][info ][gc,task       ] GC(133) Using 4 workers of 4 for evacuation
[2023-11-15T10:36:07.797+0000][48818.955s][info ][gc,phases     ] GC(133)   Pre Evacuate Collection Set: 0.0ms
[2023-11-15T10:36:07.797+0000][48818.955s][info ][gc,phases     ] GC(133)   Evacuate Collection Set: 19.3ms
[2023-11-15T10:36:07.797+0000][48818.955s][info ][gc,phases     ] GC(133)   Post Evacuate Collection Set: 5.1ms
[2023-11-15T10:36:07.797+0000][48818.955s][info ][gc,phases     ] GC(133)   Other: 0.4ms
[2023-11-15T10:36:07.797+0000][48818.955s][info ][gc,heap       ] GC(133) Eden regions: 480->0(485)
[2023-11-15T10:36:07.797+0000][48818.955s][info ][gc,heap       ] GC(133) Survivor regions: 14->9(62)
[2023-11-15T10:36:07.797+0000][48818.955s][info ][gc,heap       ] GC(133) Old regions: 149->154
[2023-11-15T10:36:07.797+0000][48818.955s][info ][gc,heap       ] GC(133) Humongous regions: 0->0
[2023-11-15T10:36:07.797+0000][48818.955s][info ][gc,metaspace  ] GC(133) Metaspace: 168397K(174204K)->168397K(174204K) NonClass: 149320K(152832K)->149320K(152832K) Class: 19076K(21372K)->19076K(21372K)
[2023-11-15T10:36:07.797+0000][48818.955s][info ][gc            ] GC(133) Pause Young (Normal) (G1 Evacuation Pause) 640M->160M(824M) 24.981ms
[2023-11-15T10:36:07.797+0000][48818.955s][info ][gc,cpu        ] GC(133) User=0.10s Sys=0.00s Real=0.02s
[2023-11-15T10:36:07.797+0000][48818.955s][info ][safepoint     ] Leaving safepoint region
[2023-11-15T10:36:07.797+0000][48818.955s][info ][safepoint     ] Total time for which application threads were stopped: 0.0254377 seconds, Stopping threads took: 0.0000517 seconds
[2023-11-15T10:36:07.797+0000][48818.955s][info ][gc,stringdedup] Concurrent String Deduplication (48818.955s)
[2023-11-15T10:36:07.797+0000][48818.955s][info ][gc,stringdedup] Concurrent String Deduplication 448.0B->448.0B(0.0B) avg 55.5% (48818.955s, 48818.955s) 0.091ms
[2023-11-15T10:37:29.804+0000][48900.962s][debug][safepoint     ] Safepoint synchronization initiated. (166 threads)
[2023-11-15T10:37:29.804+0000][48900.963s][info ][safepoint     ] Application time: 82.0073111 seconds
[2023-11-15T10:37:29.805+0000][48900.963s][info ][safepoint     ] Entering safepoint region: Cleanup
[2023-11-15T10:37:29.805+0000][48900.963s][info ][safepoint     ] Leaving safepoint region
[2023-11-15T10:37:29.805+0000][48900.963s][info ][safepoint     ] Total time for which application threads were stopped: 0.0003600 seconds, Stopping threads took: 0.0000501 seconds
[2023-11-15T10:38:11.809+0000][48942.967s][debug][safepoint     ] Safepoint synchronization initiated. (166 threads)
[2023-11-15T10:38:11.809+0000][48942.967s][info ][safepoint     ] Application time: 42.0038470 seconds
[2023-11-15T10:38:11.809+0000][48942.967s][info ][safepoint     ] Entering safepoint region: Cleanup
[2023-11-15T10:38:11.809+0000][48942.967s][info ][safepoint     ] Leaving safepoint region
[2023-11-15T10:38:11.809+0000][48942.967s][info ][safepoint     ] Total time for which application threads were stopped: 0.0003522 seconds, Stopping threads took: 0.0000491 seconds
[2023-11-15T10:39:37.817+0000][49028.975s][debug][safepoint     ] Safepoint synchronization initiated. (167 threads)
[2023-11-15T10:39:37.817+0000][49028.975s][info ][safepoint     ] Application time: 86.0081394 seconds
[2023-11-15T10:39:37.817+0000][49028.975s][info ][safepoint     ] Entering safepoint region: Cleanup
[2023-11-15T10:39:37.818+0000][49028.976s][info ][safepoint     ] Leaving safepoint region
[2023-11-15T10:39:37.818+0000][49028.976s][info ][safepoint     ] Total time for which application threads were stopped: 0.0004886 seconds, Stopping threads took: 0.0001893 seconds
[2023-11-15T10:44:48.265+0000][49339.424s][debug][safepoint     ] Safepoint synchronization initiated. (166 threads)
[2023-11-15T10:44:48.266+0000][49339.424s][info ][safepoint     ] Application time: 310.4477818 seconds
[2023-11-15T10:44:48.266+0000][49339.424s][info ][safepoint     ] Entering safepoint region: G1CollectForAllocation
[2023-11-15T10:44:48.266+0000][49339.424s][info ][gc,start      ] GC(134) Pause Young (Normal) (G1 Evacuation Pause)
[2023-11-15T10:44:48.266+0000][49339.424s][info ][gc,task       ] GC(134) Using 4 workers of 4 for evacuation
[2023-11-15T10:44:48.285+0000][49339.443s][info ][gc,phases     ] GC(134)   Pre Evacuate Collection Set: 0.0ms
[2023-11-15T10:44:48.285+0000][49339.443s][info ][gc,phases     ] GC(134)   Evacuate Collection Set: 13.6ms
[2023-11-15T10:44:48.285+0000][49339.443s][info ][gc,phases     ] GC(134)   Post Evacuate Collection Set: 5.1ms
[2023-11-15T10:44:48.285+0000][49339.443s][info ][gc,phases     ] GC(134)   Other: 0.3ms
[2023-11-15T10:44:48.285+0000][49339.443s][info ][gc,heap       ] GC(134) Eden regions: 485->0(489)
[2023-11-15T10:44:48.285+0000][49339.443s][info ][gc,heap       ] GC(134) Survivor regions: 9->5(62)
[2023-11-15T10:44:48.285+0000][49339.443s][info ][gc,heap       ] GC(134) Old regions: 154->157
[2023-11-15T10:44:48.285+0000][49339.443s][info ][gc,heap       ] GC(134) Humongous regions: 0->0
[2023-11-15T10:44:48.285+0000][49339.443s][info ][gc,metaspace  ] GC(134) Metaspace: 168397K(174204K)->168397K(174204K) NonClass: 149320K(152832K)->149320K(152832K) Class: 19076K(21372K)->19076K(21372K)
[2023-11-15T10:44:48.285+0000][49339.443s][info ][gc            ] GC(134) Pause Young (Normal) (G1 Evacuation Pause) 645M->159M(824M) 19.191ms
[2023-11-15T10:44:48.285+0000][49339.443s][info ][gc,cpu        ] GC(134) User=0.06s Sys=0.00s Real=0.02s
[2023-11-15T10:44:48.285+0000][49339.443s][info ][safepoint     ] Leaving safepoint region
[2023-11-15T10:44:48.285+0000][49339.443s][info ][safepoint     ] Total time for which application threads were stopped: 0.0195665 seconds, Stopping threads took: 0.0000526 seconds
[2023-11-15T10:44:48.285+0000][49339.443s][info ][gc,stringdedup] Concurrent String Deduplication (49339.443s)
[2023-11-15T10:44:48.285+0000][49339.443s][info ][gc,stringdedup] Concurrent String Deduplication 37016.0B->528.0B(36488.0B) avg 55.5% (49339.443s, 49339.443s) 0.256ms
[2023-11-15T10:45:23.288+0000][49374.446s][debug][safepoint     ] Safepoint synchronization initiated. (167 threads)
[2023-11-15T10:45:23.288+0000][49374.446s][info ][safepoint     ] Application time: 35.0030226 seconds
[2023-11-15T10:45:23.288+0000][49374.446s][info ][safepoint     ] Entering safepoint region: Cleanup
[2023-11-15T10:45:23.289+0000][49374.447s][info ][safepoint     ] Leaving safepoint region
[2023-11-15T10:45:23.289+0000][49374.447s][info ][safepoint     ] Total time for which application threads were stopped: 0.0003787 seconds, Stopping threads took: 0.0000553 seconds
[2023-11-15T10:52:35.326+0000][49806.484s][debug][safepoint     ] Safepoint synchronization initiated. (168 threads)
[2023-11-15T10:52:35.326+0000][49806.485s][info ][safepoint     ] Application time: 432.0378989 seconds
[2023-11-15T10:52:35.327+0000][49806.485s][info ][safepoint     ] Entering safepoint region: Cleanup
[2023-11-15T10:52:35.327+0000][49806.485s][info ][safepoint     ] Leaving safepoint region
[2023-11-15T10:52:35.327+0000][49806.485s][info ][safepoint     ] Total time for which application threads were stopped: 0.0002609 seconds, Stopping threads took: 0.0000500 seconds
[2023-11-15T10:53:30.894+0000][49862.052s][debug][safepoint     ] Safepoint synchronization initiated. (167 threads)
[2023-11-15T10:53:30.894+0000][49862.052s][info ][safepoint     ] Application time: 55.5668999 seconds
[2023-11-15T10:53:30.894+0000][49862.052s][debug][safepoint     ] Waiting for 1 thread(s) to block
[2023-11-15T10:53:30.894+0000][49862.052s][info ][safepoint     ] Entering safepoint region: G1CollectForAllocation
[2023-11-15T10:53:30.894+0000][49862.052s][info ][gc,start      ] GC(135) Pause Young (Normal) (G1 Evacuation Pause)
[2023-11-15T10:53:30.894+0000][49862.052s][info ][gc,task       ] GC(135) Using 4 workers of 4 for evacuation
[2023-11-15T10:53:30.909+0000][49862.067s][info ][gc,phases     ] GC(135)   Pre Evacuate Collection Set: 0.0ms
[2023-11-15T10:53:30.909+0000][49862.067s][info ][gc,phases     ] GC(135)   Evacuate Collection Set: 8.0ms
[2023-11-15T10:53:30.909+0000][49862.067s][info ][gc,phases     ] GC(135)   Post Evacuate Collection Set: 6.4ms
[2023-11-15T10:53:30.909+0000][49862.067s][info ][gc,phases     ] GC(135)   Other: 0.4ms
[2023-11-15T10:53:30.909+0000][49862.067s][info ][gc,heap       ] GC(135) Eden regions: 489->0(490)
[2023-11-15T10:53:30.909+0000][49862.067s][info ][gc,heap       ] GC(135) Survivor regions: 5->4(62)
[2023-11-15T10:53:30.909+0000][49862.067s][info ][gc,heap       ] GC(135) Old regions: 157->159
[2023-11-15T10:53:30.909+0000][49862.067s][info ][gc,heap       ] GC(135) Humongous regions: 0->0
[2023-11-15T10:53:30.909+0000][49862.067s][info ][gc,metaspace  ] GC(135) Metaspace: 168397K(174204K)->168397K(174204K) NonClass: 149320K(152832K)->149320K(152832K) Class: 19076K(21372K)->19076K(21372K)
[2023-11-15T10:53:30.909+0000][49862.067s][info ][gc            ] GC(135) Pause Young (Normal) (G1 Evacuation Pause) 648M->160M(824M) 15.035ms
[2023-11-15T10:53:30.909+0000][49862.067s][info ][gc,cpu        ] GC(135) User=0.05s Sys=0.00s Real=0.02s
[2023-11-15T10:53:30.909+0000][49862.067s][info ][safepoint     ] Leaving safepoint region
[2023-11-15T10:53:30.909+0000][49862.067s][info ][safepoint     ] Total time for which application threads were stopped: 0.0156002 seconds, Stopping threads took: 0.0001483 seconds
[2023-11-15T10:53:30.909+0000][49862.067s][info ][gc,stringdedup] Concurrent String Deduplication (49862.067s)
[2023-11-15T10:53:30.909+0000][49862.067s][info ][gc,stringdedup] Concurrent String Deduplication 184.0B->112.0B(72.0B) avg 55.5% (49862.067s, 49862.067s) 0.052ms
[2023-11-15T10:55:01.918+0000][49953.076s][debug][safepoint     ] Safepoint synchronization initiated. (168 threads)
[2023-11-15T10:55:01.918+0000][49953.076s][info ][safepoint     ] Application time: 91.0086396 seconds
[2023-11-15T10:55:01.918+0000][49953.076s][info ][safepoint     ] Entering safepoint region: Cleanup
[2023-11-15T10:55:01.918+0000][49953.076s][info ][safepoint     ] Leaving safepoint region
[2023-11-15T10:55:01.918+0000][49953.076s][info ][safepoint     ] Total time for which application threads were stopped: 0.0003529 seconds, Stopping threads took: 0.0000498 seconds
[2023-11-15T11:00:39.949+0000][50291.107s][debug][safepoint     ] Safepoint synchronization initiated. (168 threads)
[2023-11-15T11:00:39.949+0000][50291.107s][info ][safepoint     ] Application time: 338.0305228 seconds
[2023-11-15T11:00:39.949+0000][50291.107s][info ][safepoint     ] Entering safepoint region: Cleanup
[2023-11-15T11:00:39.949+0000][50291.107s][info ][safepoint     ] Leaving safepoint region
[2023-11-15T11:00:39.949+0000][50291.107s][info ][safepoint     ] Total time for which application threads were stopped: 0.0003343 seconds, Stopping threads took: 0.0000501 seconds
[2023-11-15T11:00:39.949+0000][50291.107s][debug][safepoint     ] ... found polling page return exception at pc = 0x00007fe180ff1766, stub =0x00007fe17883a800
[2023-11-15T11:00:39.949+0000][50291.107s][debug][safepoint     ] ... found polling page return exception at pc = 0x00007fe180ff1766, stub =0x00007fe17883a800
[2023-11-15T11:00:39.949+0000][50291.107s][debug][safepoint     ] ... found polling page return exception at pc = 0x00007fe180ff1766, stub =0x00007fe17883a800
[2023-11-15T11:01:13.952+0000][50325.110s][debug][safepoint     ] Safepoint synchronization initiated. (167 threads)
[2023-11-15T11:01:13.952+0000][50325.111s][info ][safepoint     ] Application time: 34.0032434 seconds
[2023-11-15T11:01:13.953+0000][50325.111s][info ][safepoint     ] Entering safepoint region: Cleanup
[2023-11-15T11:01:13.953+0000][50325.111s][info ][safepoint     ] Leaving safepoint region
[2023-11-15T11:01:13.953+0000][50325.111s][info ][safepoint     ] Total time for which application threads were stopped: 0.0002633 seconds, Stopping threads took: 0.0000500 seconds
[2023-11-15T11:02:16.462+0000][50387.620s][debug][safepoint     ] Safepoint synchronization initiated. (166 threads)
[2023-11-15T11:02:16.462+0000][50387.620s][info ][safepoint     ] Application time: 62.5094857 seconds
[2023-11-15T11:02:16.462+0000][50387.620s][info ][safepoint     ] Entering safepoint region: G1CollectForAllocation
[2023-11-15T11:02:16.463+0000][50387.621s][info ][gc,start      ] GC(136) Pause Young (Normal) (G1 Evacuation Pause)
[2023-11-15T11:02:16.463+0000][50387.621s][info ][gc,task       ] GC(136) Using 4 workers of 4 for evacuation
[2023-11-15T11:02:16.474+0000][50387.632s][info ][gc,phases     ] GC(136)   Pre Evacuate Collection Set: 0.0ms
[2023-11-15T11:02:16.474+0000][50387.632s][info ][gc,phases     ] GC(136)   Evacuate Collection Set: 5.4ms
[2023-11-15T11:02:16.474+0000][50387.632s][info ][gc,phases     ] GC(136)   Post Evacuate Collection Set: 5.6ms
[2023-11-15T11:02:16.474+0000][50387.632s][info ][gc,phases     ] GC(136)   Other: 0.4ms
[2023-11-15T11:02:16.474+0000][50387.632s][info ][gc,heap       ] GC(136) Eden regions: 490->0(492)
[2023-11-15T11:02:16.474+0000][50387.632s][info ][gc,heap       ] GC(136) Survivor regions: 4->2(62)
[2023-11-15T11:02:16.474+0000][50387.632s][info ][gc,heap       ] GC(136) Old regions: 159->159
[2023-11-15T11:02:16.474+0000][50387.632s][info ][gc,heap       ] GC(136) Humongous regions: 0->0
[2023-11-15T11:02:16.474+0000][50387.632s][info ][gc,metaspace  ] GC(136) Metaspace: 168397K(174204K)->168397K(174204K) NonClass: 149320K(152832K)->149320K(152832K) Class: 19076K(21372K)->19076K(21372K)
[2023-11-15T11:02:16.474+0000][50387.632s][info ][gc            ] GC(136) Pause Young (Normal) (G1 Evacuation Pause) 650M->159M(824M) 11.616ms
[2023-11-15T11:02:16.474+0000][50387.632s][info ][gc,cpu        ] GC(136) User=0.04s Sys=0.00s Real=0.01s
[2023-11-15T11:02:16.474+0000][50387.632s][info ][safepoint     ] Leaving safepoint region
[2023-11-15T11:02:16.474+0000][50387.632s][info ][safepoint     ] Total time for which application threads were stopped: 0.0120348 seconds, Stopping threads took: 0.0000500 seconds
[2023-11-15T11:02:16.474+0000][50387.632s][info ][gc,stringdedup] Concurrent String Deduplication (50387.632s)
[2023-11-15T11:02:16.474+0000][50387.633s][info ][gc,stringdedup] Concurrent String Deduplication 0.0B->0.0B(0.0B) avg 55.5% (50387.632s, 50387.633s) 0.051ms
[2023-11-15T11:06:58.499+0000][50669.657s][debug][safepoint     ] Safepoint synchronization initiated. (166 threads)
[2023-11-15T11:06:58.499+0000][50669.657s][info ][safepoint     ] Application time: 282.0248979 seconds
[2023-11-15T11:06:58.499+0000][50669.657s][info ][safepoint     ] Entering safepoint region: Cleanup
[2023-11-15T11:06:58.500+0000][50669.658s][info ][safepoint     ] Leaving safepoint region
[2023-11-15T11:06:58.500+0000][50669.658s][info ][safepoint     ] Total time for which application threads were stopped: 0.0003177 seconds, Stopping threads took: 0.0000507 seconds
[2023-11-15T11:11:04.224+0000][50915.383s][debug][safepoint     ] Safepoint synchronization initiated. (166 threads)
[2023-11-15T11:11:04.225+0000][50915.383s][info ][safepoint     ] Application time: 245.7249492 seconds
[2023-11-15T11:11:04.225+0000][50915.383s][debug][safepoint     ] Waiting for 1 thread(s) to block
[2023-11-15T11:11:04.225+0000][50915.383s][info ][safepoint     ] Entering safepoint region: G1CollectForAllocation
[2023-11-15T11:11:04.225+0000][50915.383s][info ][gc,start      ] GC(137) Pause Young (Normal) (G1 Evacuation Pause)
[2023-11-15T11:11:04.225+0000][50915.383s][info ][gc,task       ] GC(137) Using 4 workers of 4 for evacuation
[2023-11-15T11:11:04.235+0000][50915.393s][info ][gc,phases     ] GC(137)   Pre Evacuate Collection Set: 0.0ms
[2023-11-15T11:11:04.235+0000][50915.393s][info ][gc,phases     ] GC(137)   Evacuate Collection Set: 4.7ms
[2023-11-15T11:11:04.235+0000][50915.393s][info ][gc,phases     ] GC(137)   Post Evacuate Collection Set: 5.0ms
[2023-11-15T11:11:04.235+0000][50915.393s][info ][gc,phases     ] GC(137)   Other: 0.4ms
[2023-11-15T11:11:04.235+0000][50915.393s][info ][gc,heap       ] GC(137) Eden regions: 492->0(492)
[2023-11-15T11:11:04.235+0000][50915.393s][info ][gc,heap       ] GC(137) Survivor regions: 2->2(62)
[2023-11-15T11:11:04.235+0000][50915.393s][info ][gc,heap       ] GC(137) Old regions: 159->160
[2023-11-15T11:11:04.235+0000][50915.393s][info ][gc,heap       ] GC(137) Humongous regions: 0->0
[2023-11-15T11:11:04.235+0000][50915.393s][info ][gc,metaspace  ] GC(137) Metaspace: 168397K(174204K)->168397K(174204K) NonClass: 149320K(152832K)->149320K(152832K) Class: 19076K(21372K)->19076K(21372K)
[2023-11-15T11:11:04.235+0000][50915.394s][info ][gc            ] GC(137) Pause Young (Normal) (G1 Evacuation Pause) 651M->159M(824M) 10.401ms
[2023-11-15T11:11:04.236+0000][50915.394s][info ][gc,cpu        ] GC(137) User=0.04s Sys=0.00s Real=0.01s
[2023-11-15T11:11:04.236+0000][50915.394s][info ][safepoint     ] Leaving safepoint region
[2023-11-15T11:11:04.236+0000][50915.394s][info ][safepoint     ] Total time for which application threads were stopped: 0.0109961 seconds, Stopping threads took: 0.0001493 seconds
[2023-11-15T11:11:04.236+0000][50915.394s][info ][gc,stringdedup] Concurrent String Deduplication (50915.394s)
[2023-11-15T11:11:04.236+0000][50915.394s][info ][gc,stringdedup] Concurrent String Deduplication 32672.0B->80.0B(32592.0B) avg 55.6% (50915.394s, 50915.394s) 0.319ms
[2023-11-15T11:13:33.249+0000][51064.407s][debug][safepoint     ] Safepoint synchronization initiated. (167 threads)
[2023-11-15T11:13:33.249+0000][51064.407s][info ][safepoint     ] Application time: 149.0137430 seconds
[2023-11-15T11:13:33.249+0000][51064.407s][info ][safepoint     ] Entering safepoint region: Cleanup
[2023-11-15T11:13:33.250+0000][51064.408s][info ][safepoint     ] Leaving safepoint region
[2023-11-15T11:13:33.250+0000][51064.408s][info ][safepoint     ] Total time for which application threads were stopped: 0.0003567 seconds, Stopping threads took: 0.0000517 seconds
[2023-11-15T11:13:34.250+0000][51065.408s][debug][safepoint     ] Safepoint synchronization initiated. (167 threads)
[2023-11-15T11:13:34.250+0000][51065.408s][info ][safepoint     ] Application time: 1.0001726 seconds
[2023-11-15T11:13:34.250+0000][51065.408s][info ][safepoint     ] Entering safepoint region: Cleanup
[2023-11-15T11:13:34.250+0000][51065.408s][info ][safepoint     ] Leaving safepoint region
[2023-11-15T11:13:34.250+0000][51065.408s][info ][safepoint     ] Total time for which application threads were stopped: 0.0003284 seconds, Stopping threads took: 0.0000533 seconds
[2023-11-15T11:13:36.250+0000][51067.409s][debug][safepoint     ] Safepoint synchronization initiated. (169 threads)
[2023-11-15T11:13:36.251+0000][51067.409s][info ][safepoint     ] Application time: 2.0002440 seconds
[2023-11-15T11:13:36.251+0000][51067.409s][info ][safepoint     ] Entering safepoint region: Cleanup
[2023-11-15T11:13:36.251+0000][51067.409s][info ][safepoint     ] Leaving safepoint region
[2023-11-15T11:13:36.251+0000][51067.409s][info ][safepoint     ] Total time for which application threads were stopped: 0.0003375 seconds, Stopping threads took: 0.0000505 seconds
[2023-11-15T11:13:37.251+0000][51068.409s][debug][safepoint     ] Safepoint synchronization initiated. (171 threads)
[2023-11-15T11:13:37.251+0000][51068.409s][info ][safepoint     ] Application time: 1.0001624 seconds
[2023-11-15T11:13:37.251+0000][51068.409s][info ][safepoint     ] Entering safepoint region: Cleanup
[2023-11-15T11:13:37.251+0000][51068.409s][info ][safepoint     ] Leaving safepoint region
[2023-11-15T11:13:37.251+0000][51068.409s][info ][safepoint     ] Total time for which application threads were stopped: 0.0003527 seconds, Stopping threads took: 0.0000515 seconds
[2023-11-15T11:13:43.252+0000][51074.410s][debug][safepoint     ] Safepoint synchronization initiated. (169 threads)
[2023-11-15T11:13:43.252+0000][51074.410s][info ][safepoint     ] Application time: 6.0005310 seconds
[2023-11-15T11:13:43.252+0000][51074.410s][info ][safepoint     ] Entering safepoint region: Cleanup
[2023-11-15T11:13:43.252+0000][51074.410s][info ][safepoint     ] Leaving safepoint region
[2023-11-15T11:13:43.252+0000][51074.410s][info ][safepoint     ] Total time for which application threads were stopped: 0.0003722 seconds, Stopping threads took: 0.0000493 seconds
[2023-11-15T11:13:45.253+0000][51076.411s][debug][safepoint     ] Safepoint synchronization initiated. (170 threads)
[2023-11-15T11:13:45.253+0000][51076.411s][info ][safepoint     ] Application time: 2.0002751 seconds
[2023-11-15T11:13:45.253+0000][51076.411s][info ][safepoint     ] Entering safepoint region: Cleanup
[2023-11-15T11:13:45.253+0000][51076.411s][info ][safepoint     ] Leaving safepoint region
[2023-11-15T11:13:45.253+0000][51076.411s][info ][safepoint     ] Total time for which application threads were stopped: 0.0003570 seconds, Stopping threads took: 0.0000513 seconds
[2023-11-15T11:13:54.254+0000][51085.412s][debug][safepoint     ] Safepoint synchronization initiated. (170 threads)
[2023-11-15T11:13:54.254+0000][51085.412s][info ][safepoint     ] Application time: 9.0009133 seconds
[2023-11-15T11:13:54.254+0000][51085.412s][info ][safepoint     ] Entering safepoint region: Cleanup
[2023-11-15T11:13:54.254+0000][51085.412s][info ][safepoint     ] Leaving safepoint region
[2023-11-15T11:13:54.254+0000][51085.412s][info ][safepoint     ] Total time for which application threads were stopped: 0.0002836 seconds, Stopping threads took: 0.0000477 seconds
[2023-11-15T11:13:55.254+0000][51086.412s][debug][safepoint     ] Safepoint synchronization initiated. (181 threads)
[2023-11-15T11:13:55.254+0000][51086.413s][info ][safepoint     ] Application time: 1.0001535 seconds
[2023-11-15T11:13:55.254+0000][51086.413s][info ][safepoint     ] Entering safepoint region: Cleanup
[2023-11-15T11:13:55.255+0000][51086.413s][info ][safepoint     ] Leaving safepoint region
[2023-11-15T11:13:55.255+0000][51086.413s][info ][safepoint     ] Total time for which application threads were stopped: 0.0003647 seconds, Stopping threads took: 0.0000542 seconds
[2023-11-15T11:13:59.255+0000][51090.413s][debug][safepoint     ] Safepoint synchronization initiated. (181 threads)
[2023-11-15T11:13:59.255+0000][51090.413s][info ][safepoint     ] Application time: 4.0004275 seconds
[2023-11-15T11:13:59.255+0000][51090.413s][info ][safepoint     ] Entering safepoint region: Cleanup
[2023-11-15T11:13:59.256+0000][51090.414s][info ][safepoint     ] Leaving safepoint region
[2023-11-15T11:13:59.256+0000][51090.414s][info ][safepoint     ] Total time for which application threads were stopped: 0.0003343 seconds, Stopping threads took: 0.0000523 seconds
[2023-11-15T11:14:00.256+0000][51091.414s][debug][safepoint     ] Safepoint synchronization initiated. (181 threads)
[2023-11-15T11:14:00.256+0000][51091.414s][info ][safepoint     ] Application time: 1.0001592 seconds
[2023-11-15T11:14:00.256+0000][51091.414s][info ][safepoint     ] Entering safepoint region: Cleanup
[2023-11-15T11:14:00.256+0000][51091.414s][info ][safepoint     ] Leaving safepoint region
[2023-11-15T11:14:00.256+0000][51091.414s][info ][safepoint     ] Total time for which application threads were stopped: 0.0005438 seconds, Stopping threads took: 0.0001765 seconds
[2023-11-15T11:14:18.258+0000][51109.416s][debug][safepoint     ] Safepoint synchronization initiated. (183 threads)
[2023-11-15T11:14:18.258+0000][51109.416s][info ][safepoint     ] Application time: 18.0016687 seconds
[2023-11-15T11:14:18.258+0000][51109.416s][info ][safepoint     ] Entering safepoint region: Cleanup
[2023-11-15T11:14:18.258+0000][51109.416s][info ][safepoint     ] Leaving safepoint region
[2023-11-15T11:14:18.258+0000][51109.416s][info ][safepoint     ] Total time for which application threads were stopped: 0.0003549 seconds, Stopping threads took: 0.0000529 seconds
[2023-11-15T11:14:32.260+0000][51123.418s][debug][safepoint     ] Safepoint synchronization initiated. (182 threads)
[2023-11-15T11:14:32.260+0000][51123.418s][info ][safepoint     ] Application time: 14.0012529 seconds
[2023-11-15T11:14:32.260+0000][51123.418s][info ][safepoint     ] Entering safepoint region: Cleanup
[2023-11-15T11:14:32.260+0000][51123.418s][info ][safepoint     ] Leaving safepoint region
[2023-11-15T11:14:32.260+0000][51123.418s][info ][safepoint     ] Total time for which application threads were stopped: 0.0003923 seconds, Stopping threads took: 0.0000778 seconds
[2023-11-15T11:14:43.261+0000][51134.419s][debug][safepoint     ] Safepoint synchronization initiated. (182 threads)
[2023-11-15T11:14:43.261+0000][51134.419s][info ][safepoint     ] Application time: 11.0010554 seconds
[2023-11-15T11:14:43.261+0000][51134.419s][info ][safepoint     ] Entering safepoint region: Cleanup
[2023-11-15T11:14:43.262+0000][51134.420s][info ][safepoint     ] Leaving safepoint region
[2023-11-15T11:14:43.262+0000][51134.420s][info ][safepoint     ] Total time for which application threads were stopped: 0.0003684 seconds, Stopping threads took: 0.0000531 seconds
[2023-11-15T11:14:44.262+0000][51135.420s][debug][safepoint     ] Safepoint synchronization initiated. (182 threads)
[2023-11-15T11:14:44.262+0000][51135.420s][info ][safepoint     ] Application time: 1.0001579 seconds
[2023-11-15T11:14:44.262+0000][51135.420s][info ][safepoint     ] Entering safepoint region: Cleanup
[2023-11-15T11:14:44.262+0000][51135.420s][info ][safepoint     ] Leaving safepoint region
[2023-11-15T11:14:44.262+0000][51135.420s][info ][safepoint     ] Total time for which application threads were stopped: 0.0003722 seconds, Stopping threads took: 0.0000513 seconds
[2023-11-15T11:14:45.262+0000][51136.420s][debug][safepoint     ] Safepoint synchronization initiated. (182 threads)
[2023-11-15T11:14:45.262+0000][51136.420s][info ][safepoint     ] Application time: 1.0001544 seconds
[2023-11-15T11:14:45.262+0000][51136.420s][info ][safepoint     ] Entering safepoint region: Cleanup
[2023-11-15T11:14:45.263+0000][51136.421s][info ][safepoint     ] Leaving safepoint region
[2023-11-15T11:14:45.263+0000][51136.421s][info ][safepoint     ] Total time for which application threads were stopped: 0.0002785 seconds, Stopping threads took: 0.0000521 seconds
[2023-11-15T11:15:27.266+0000][51178.424s][debug][safepoint     ] Safepoint synchronization initiated. (183 threads)
[2023-11-15T11:15:27.266+0000][51178.424s][info ][safepoint     ] Application time: 42.0035323 seconds
[2023-11-15T11:15:27.266+0000][51178.424s][debug][safepoint     ] Waiting for 1 thread(s) to block
[2023-11-15T11:15:27.266+0000][51178.424s][info ][safepoint     ] Entering safepoint region: Cleanup
[2023-11-15T11:15:27.267+0000][51178.425s][info ][safepoint     ] Leaving safepoint region
[2023-11-15T11:15:27.267+0000][51178.425s][info ][safepoint     ] Total time for which application threads were stopped: 0.0004547 seconds, Stopping threads took: 0.0001595 seconds
[2023-11-15T11:15:28.267+0000][51179.425s][debug][safepoint     ] Safepoint synchronization initiated. (185 threads)
[2023-11-15T11:15:28.267+0000][51179.425s][info ][safepoint     ] Application time: 1.0001440 seconds
[2023-11-15T11:15:28.267+0000][51179.425s][info ][safepoint     ] Entering safepoint region: Cleanup
[2023-11-15T11:15:28.267+0000][51179.425s][info ][safepoint     ] Leaving safepoint region
[2023-11-15T11:15:28.267+0000][51179.425s][info ][safepoint     ] Total time for which application threads were stopped: 0.0003733 seconds, Stopping threads took: 0.0000545 seconds
[2023-11-15T11:15:33.268+0000][51184.426s][debug][safepoint     ] Safepoint synchronization initiated. (185 threads)
[2023-11-15T11:15:33.268+0000][51184.426s][info ][safepoint     ] Application time: 5.0004334 seconds
[2023-11-15T11:15:33.268+0000][51184.426s][info ][safepoint     ] Entering safepoint region: Cleanup
[2023-11-15T11:15:33.268+0000][51184.426s][info ][safepoint     ] Leaving safepoint region
[2023-11-15T11:15:33.268+0000][51184.426s][info ][safepoint     ] Total time for which application threads were stopped: 0.0003712 seconds, Stopping threads took: 0.0000532 seconds
[2023-11-15T11:15:38.268+0000][51189.427s][debug][safepoint     ] Safepoint synchronization initiated. (185 threads)
[2023-11-15T11:15:38.269+0000][51189.427s][info ][safepoint     ] Application time: 5.0004933 seconds
[2023-11-15T11:15:38.269+0000][51189.427s][info ][safepoint     ] Entering safepoint region: Cleanup
[2023-11-15T11:15:38.269+0000][51189.427s][info ][safepoint     ] Leaving safepoint region
[2023-11-15T11:15:38.269+0000][51189.427s][info ][safepoint     ] Total time for which application threads were stopped: 0.0003711 seconds, Stopping threads took: 0.0000569 seconds
[2023-11-15T11:17:46.280+0000][51317.439s][debug][safepoint     ] Safepoint synchronization initiated. (181 threads)
[2023-11-15T11:17:46.281+0000][51317.439s][info ][safepoint     ] Application time: 128.0115606 seconds
[2023-11-15T11:17:46.281+0000][51317.439s][info ][safepoint     ] Entering safepoint region: Cleanup
[2023-11-15T11:17:46.281+0000][51317.439s][info ][safepoint     ] Leaving safepoint region
[2023-11-15T11:17:46.281+0000][51317.439s][info ][safepoint     ] Total time for which application threads were stopped: 0.0002879 seconds, Stopping threads took: 0.0000506 seconds
[2023-11-15T11:17:48.281+0000][51319.439s][debug][safepoint     ] Safepoint synchronization initiated. (182 threads)
[2023-11-15T11:17:48.281+0000][51319.439s][info ][safepoint     ] Application time: 2.0002580 seconds
[2023-11-15T11:17:48.281+0000][51319.439s][info ][safepoint     ] Entering safepoint region: Cleanup
[2023-11-15T11:17:48.281+0000][51319.439s][info ][safepoint     ] Leaving safepoint region
[2023-11-15T11:17:48.281+0000][51319.440s][info ][safepoint     ] Total time for which application threads were stopped: 0.0003703 seconds, Stopping threads took: 0.0000517 seconds
[2023-11-15T11:17:59.042+0000][51330.200s][debug][safepoint     ] Safepoint synchronization initiated. (181 threads)
[2023-11-15T11:17:59.042+0000][51330.200s][info ][safepoint     ] Application time: 10.7607503 seconds
[2023-11-15T11:17:59.042+0000][51330.200s][info ][safepoint     ] Entering safepoint region: G1CollectForAllocation
[2023-11-15T11:17:59.042+0000][51330.201s][info ][gc,start      ] GC(138) Pause Young (Normal) (G1 Evacuation Pause)
[2023-11-15T11:17:59.043+0000][51330.201s][info ][gc,task       ] GC(138) Using 4 workers of 4 for evacuation
[2023-11-15T11:17:59.050+0000][51330.208s][info ][gc,phases     ] GC(138)   Pre Evacuate Collection Set: 0.0ms
[2023-11-15T11:17:59.050+0000][51330.208s][info ][gc,phases     ] GC(138)   Evacuate Collection Set: 3.3ms
[2023-11-15T11:17:59.050+0000][51330.208s][info ][gc,phases     ] GC(138)   Post Evacuate Collection Set: 4.1ms
[2023-11-15T11:17:59.050+0000][51330.208s][info ][gc,phases     ] GC(138)   Other: 0.3ms
[2023-11-15T11:17:59.050+0000][51330.208s][info ][gc,heap       ] GC(138) Eden regions: 492->0(490)
[2023-11-15T11:17:59.050+0000][51330.208s][info ][gc,heap       ] GC(138) Survivor regions: 2->4(62)
[2023-11-15T11:17:59.050+0000][51330.208s][info ][gc,heap       ] GC(138) Old regions: 160->160
[2023-11-15T11:17:59.050+0000][51330.208s][info ][gc,heap       ] GC(138) Humongous regions: 0->0
[2023-11-15T11:17:59.050+0000][51330.208s][info ][gc,metaspace  ] GC(138) Metaspace: 168687K(174460K)->168687K(174460K) NonClass: 149589K(153088K)->149589K(153088K) Class: 19097K(21372K)->19097K(21372K)
[2023-11-15T11:17:59.050+0000][51330.208s][info ][gc            ] GC(138) Pause Young (Normal) (G1 Evacuation Pause) 651M->162M(824M) 7.788ms
[2023-11-15T11:17:59.050+0000][51330.208s][info ][gc,cpu        ] GC(138) User=0.03s Sys=0.00s Real=0.01s
[2023-11-15T11:17:59.050+0000][51330.208s][info ][safepoint     ] Leaving safepoint region
[2023-11-15T11:17:59.050+0000][51330.208s][info ][safepoint     ] Total time for which application threads were stopped: 0.0081331 seconds, Stopping threads took: 0.0000366 seconds
[2023-11-15T11:17:59.050+0000][51330.209s][info ][gc,stringdedup] Concurrent String Deduplication (51330.208s)
[2023-11-15T11:17:59.050+0000][51330.209s][info ][gc,stringdedup] Concurrent String Deduplication 2272.0B->48.0B(2224.0B) avg 55.6% (51330.208s, 51330.209s) 0.049ms
[2023-11-15T11:18:00.050+0000][51331.209s][debug][safepoint     ] Safepoint synchronization initiated. (181 threads)
[2023-11-15T11:18:00.051+0000][51331.209s][info ][safepoint     ] Application time: 1.0001648 seconds
[2023-11-15T11:18:00.051+0000][51331.209s][info ][safepoint     ] Entering safepoint region: Cleanup
[2023-11-15T11:18:00.051+0000][51331.209s][info ][safepoint     ] Leaving safepoint region
[2023-11-15T11:18:00.051+0000][51331.209s][info ][safepoint     ] Total time for which application threads were stopped: 0.0002980 seconds, Stopping threads took: 0.0000329 seconds
[2023-11-15T11:18:01.051+0000][51332.209s][debug][safepoint     ] Safepoint synchronization initiated. (181 threads)
[2023-11-15T11:18:01.051+0000][51332.209s][info ][safepoint     ] Application time: 1.0001267 seconds
[2023-11-15T11:18:01.051+0000][51332.209s][info ][safepoint     ] Entering safepoint region: Cleanup
[2023-11-15T11:18:01.051+0000][51332.209s][info ][safepoint     ] Leaving safepoint region
[2023-11-15T11:18:01.051+0000][51332.209s][info ][safepoint     ] Total time for which application threads were stopped: 0.0002913 seconds, Stopping threads took: 0.0000393 seconds
[2023-11-15T11:18:03.052+0000][51334.210s][debug][safepoint     ] Safepoint synchronization initiated. (182 threads)
[2023-11-15T11:18:03.052+0000][51334.210s][info ][safepoint     ] Application time: 2.0002421 seconds
[2023-11-15T11:18:03.052+0000][51334.210s][info ][safepoint     ] Entering safepoint region: Cleanup
[2023-11-15T11:18:03.052+0000][51334.210s][info ][safepoint     ] Leaving safepoint region
[2023-11-15T11:18:03.052+0000][51334.210s][info ][safepoint     ] Total time for which application threads were stopped: 0.0002689 seconds, Stopping threads took: 0.0000352 seconds
[2023-11-15T11:18:05.052+0000][51336.210s][debug][safepoint     ] Safepoint synchronization initiated. (182 threads)
[2023-11-15T11:18:05.052+0000][51336.210s][info ][safepoint     ] Application time: 2.0002604 seconds
[2023-11-15T11:18:05.052+0000][51336.210s][info ][safepoint     ] Entering safepoint region: Cleanup
[2023-11-15T11:18:05.052+0000][51336.210s][info ][safepoint     ] Leaving safepoint region
[2023-11-15T11:18:05.052+0000][51336.210s][info ][safepoint     ] Total time for which application threads were stopped: 0.0001843 seconds, Stopping threads took: 0.0000346 seconds
[2023-11-15T11:18:06.052+0000][51337.210s][debug][safepoint     ] Safepoint synchronization initiated. (184 threads)
[2023-11-15T11:18:06.052+0000][51337.211s][info ][safepoint     ] Application time: 1.0001430 seconds
[2023-11-15T11:18:06.052+0000][51337.211s][info ][safepoint     ] Entering safepoint region: Cleanup
[2023-11-15T11:18:06.053+0000][51337.211s][info ][safepoint     ] Leaving safepoint region
[2023-11-15T11:18:06.053+0000][51337.211s][info ][safepoint     ] Total time for which application threads were stopped: 0.0002596 seconds, Stopping threads took: 0.0000387 seconds
[2023-11-15T11:18:12.053+0000][51343.211s][debug][safepoint     ] Safepoint synchronization initiated. (184 threads)
[2023-11-15T11:18:12.053+0000][51343.211s][info ][safepoint     ] Application time: 6.0006072 seconds
[2023-11-15T11:18:12.053+0000][51343.211s][info ][safepoint     ] Entering safepoint region: Cleanup
[2023-11-15T11:18:12.054+0000][51343.212s][info ][safepoint     ] Leaving safepoint region
[2023-11-15T11:18:12.054+0000][51343.212s][info ][safepoint     ] Total time for which application threads were stopped: 0.0001904 seconds, Stopping threads took: 0.0000394 seconds
[2023-11-15T11:18:13.054+0000][51344.212s][debug][safepoint     ] Safepoint synchronization initiated. (184 threads)
[2023-11-15T11:18:13.054+0000][51344.212s][info ][safepoint     ] Application time: 1.0001569 seconds
[2023-11-15T11:18:13.054+0000][51344.212s][info ][safepoint     ] Entering safepoint region: Cleanup
[2023-11-15T11:18:13.054+0000][51344.212s][info ][safepoint     ] Leaving safepoint region
[2023-11-15T11:18:13.054+0000][51344.212s][info ][safepoint     ] Total time for which application threads were stopped: 0.0002583 seconds, Stopping threads took: 0.0000368 seconds
[2023-11-15T11:18:14.054+0000][51345.212s][debug][safepoint     ] Safepoint synchronization initiated. (185 threads)
[2023-11-15T11:18:14.054+0000][51345.212s][info ][safepoint     ] Application time: 1.0001920 seconds
[2023-11-15T11:18:14.054+0000][51345.212s][info ][safepoint     ] Entering safepoint region: Cleanup
[2023-11-15T11:18:14.054+0000][51345.212s][info ][safepoint     ] Leaving safepoint region
[2023-11-15T11:18:14.054+0000][51345.212s][info ][safepoint     ] Total time for which application threads were stopped: 0.0001988 seconds, Stopping threads took: 0.0000370 seconds
[2023-11-15T11:18:20.055+0000][51351.213s][debug][safepoint     ] Safepoint synchronization initiated. (189 threads)
[2023-11-15T11:18:20.055+0000][51351.213s][info ][safepoint     ] Application time: 6.0006020 seconds
[2023-11-15T11:18:20.055+0000][51351.213s][info ][safepoint     ] Entering safepoint region: Cleanup
[2023-11-15T11:18:20.055+0000][51351.213s][info ][safepoint     ] Leaving safepoint region
[2023-11-15T11:18:20.055+0000][51351.213s][info ][safepoint     ] Total time for which application threads were stopped: 0.0002989 seconds, Stopping threads took: 0.0000375 seconds
[2023-11-15T11:18:40.057+0000][51371.215s][debug][safepoint     ] Safepoint synchronization initiated. (188 threads)
[2023-11-15T11:18:40.057+0000][51371.215s][info ][safepoint     ] Application time: 20.0018111 seconds
[2023-11-15T11:18:40.057+0000][51371.215s][info ][safepoint     ] Entering safepoint region: Cleanup
[2023-11-15T11:18:40.057+0000][51371.215s][info ][safepoint     ] Leaving safepoint region
[2023-11-15T11:18:40.057+0000][51371.215s][info ][safepoint     ] Total time for which application threads were stopped: 0.0002545 seconds, Stopping threads took: 0.0000377 seconds
[2023-11-15T11:18:43.058+0000][51374.216s][debug][safepoint     ] Safepoint synchronization initiated. (188 threads)
[2023-11-15T11:18:43.058+0000][51374.216s][info ][safepoint     ] Application time: 3.0003340 seconds
[2023-11-15T11:18:43.058+0000][51374.216s][info ][safepoint     ] Entering safepoint region: Cleanup
[2023-11-15T11:18:43.058+0000][51374.216s][info ][safepoint     ] Leaving safepoint region
[2023-11-15T11:18:43.058+0000][51374.216s][info ][safepoint     ] Total time for which application threads were stopped: 0.0001798 seconds, Stopping threads took: 0.0000356 seconds
[2023-11-15T11:18:45.058+0000][51376.216s][debug][safepoint     ] Safepoint synchronization initiated. (188 threads)
[2023-11-15T11:18:45.058+0000][51376.216s][info ][safepoint     ] Application time: 2.0002225 seconds
[2023-11-15T11:18:45.058+0000][51376.216s][info ][safepoint     ] Entering safepoint region: Cleanup
[2023-11-15T11:18:45.059+0000][51376.217s][info ][safepoint     ] Leaving safepoint region
[2023-11-15T11:18:45.059+0000][51376.217s][info ][safepoint     ] Total time for which application threads were stopped: 0.0006903 seconds, Stopping threads took: 0.0005207 seconds
[2023-11-15T11:18:46.059+0000][51377.217s][debug][safepoint     ] Safepoint synchronization initiated. (188 threads)
[2023-11-15T11:18:46.059+0000][51377.217s][info ][safepoint     ] Application time: 1.0001318 seconds
[2023-11-15T11:18:46.059+0000][51377.217s][info ][safepoint     ] Entering safepoint region: Cleanup
[2023-11-15T11:18:46.059+0000][51377.217s][info ][safepoint     ] Leaving safepoint region
[2023-11-15T11:18:46.059+0000][51377.217s][info ][safepoint     ] Total time for which application threads were stopped: 0.0002091 seconds, Stopping threads took: 0.0000401 seconds
[2023-11-15T11:18:47.059+0000][51378.217s][debug][safepoint     ] Safepoint synchronization initiated. (188 threads)
[2023-11-15T11:18:47.059+0000][51378.217s][info ][safepoint     ] Application time: 1.0001580 seconds
[2023-11-15T11:18:47.059+0000][51378.218s][info ][safepoint     ] Entering safepoint region: Cleanup
[2023-11-15T11:18:47.060+0000][51378.218s][info ][safepoint     ] Leaving safepoint region
[2023-11-15T11:18:47.060+0000][51378.218s][info ][safepoint     ] Total time for which application threads were stopped: 0.0002201 seconds, Stopping threads took: 0.0000593 seconds
[2023-11-15T11:18:48.060+0000][51379.218s][debug][safepoint     ] Safepoint synchronization initiated. (188 threads)
[2023-11-15T11:18:48.060+0000][51379.218s][info ][safepoint     ] Application time: 1.0001677 seconds
[2023-11-15T11:18:48.060+0000][51379.218s][info ][safepoint     ] Entering safepoint region: Cleanup
[2023-11-15T11:18:48.060+0000][51379.218s][info ][safepoint     ] Leaving safepoint region
[2023-11-15T11:18:48.060+0000][51379.218s][info ][safepoint     ] Total time for which application threads were stopped: 0.0003470 seconds, Stopping threads took: 0.0000563 seconds
[2023-11-15T11:18:49.060+0000][51380.218s][debug][safepoint     ] Safepoint synchronization initiated. (188 threads)
[2023-11-15T11:18:49.060+0000][51380.218s][info ][safepoint     ] Application time: 1.0001776 seconds
[2023-11-15T11:18:49.060+0000][51380.219s][info ][safepoint     ] Entering safepoint region: Cleanup
[2023-11-15T11:18:49.061+0000][51380.219s][info ][safepoint     ] Leaving safepoint region
[2023-11-15T11:18:49.061+0000][51380.219s][info ][safepoint     ] Total time for which application threads were stopped: 0.0002408 seconds, Stopping threads took: 0.0000550 seconds
[2023-11-15T11:18:59.062+0000][51390.220s][debug][safepoint     ] Safepoint synchronization initiated. (189 threads)
[2023-11-15T11:18:59.062+0000][51390.220s][info ][safepoint     ] Application time: 10.0010089 seconds
[2023-11-15T11:18:59.062+0000][51390.220s][info ][safepoint     ] Entering safepoint region: Cleanup
[2023-11-15T11:18:59.062+0000][51390.220s][info ][safepoint     ] Leaving safepoint region
[2023-11-15T11:18:59.062+0000][51390.220s][info ][safepoint     ] Total time for which application threads were stopped: 0.0003804 seconds, Stopping threads took: 0.0000584 seconds
[2023-11-15T11:19:02.062+0000][51393.220s][debug][safepoint     ] Safepoint synchronization initiated. (189 threads)
[2023-11-15T11:19:02.062+0000][51393.221s][info ][safepoint     ] Application time: 3.0003773 seconds
[2023-11-15T11:19:02.063+0000][51393.221s][info ][safepoint     ] Entering safepoint region: Cleanup
[2023-11-15T11:19:02.063+0000][51393.221s][info ][safepoint     ] Leaving safepoint region
[2023-11-15T11:19:02.063+0000][51393.221s][info ][safepoint     ] Total time for which application threads were stopped: 0.0003910 seconds, Stopping threads took: 0.0000589 seconds
[2023-11-15T11:19:10.064+0000][51401.222s][debug][safepoint     ] Safepoint synchronization initiated. (189 threads)
[2023-11-15T11:19:10.064+0000][51401.222s][info ][safepoint     ] Application time: 8.0007374 seconds
[2023-11-15T11:19:10.064+0000][51401.222s][info ][safepoint     ] Entering safepoint region: Cleanup
[2023-11-15T11:19:10.064+0000][51401.222s][info ][safepoint     ] Leaving safepoint region
[2023-11-15T11:19:10.064+0000][51401.222s][info ][safepoint     ] Total time for which application threads were stopped: 0.0002538 seconds, Stopping threads took: 0.0000361 seconds
[2023-11-15T11:19:14.064+0000][51405.222s][debug][safepoint     ] Safepoint synchronization initiated. (189 threads)
[2023-11-15T11:19:14.064+0000][51405.222s][info ][safepoint     ] Application time: 4.0004300 seconds
[2023-11-15T11:19:14.064+0000][51405.222s][info ][safepoint     ] Entering safepoint region: Cleanup
[2023-11-15T11:19:14.065+0000][51405.223s][info ][safepoint     ] Leaving safepoint region
[2023-11-15T11:19:14.065+0000][51405.223s][info ][safepoint     ] Total time for which application threads were stopped: 0.0002975 seconds, Stopping threads took: 0.0000593 seconds
[2023-11-15T11:19:15.065+0000][51406.223s][debug][safepoint     ] Safepoint synchronization initiated. (189 threads)
[2023-11-15T11:19:15.065+0000][51406.223s][info ][safepoint     ] Application time: 1.0001704 seconds
[2023-11-15T11:19:15.065+0000][51406.223s][info ][safepoint     ] Entering safepoint region: Cleanup
[2023-11-15T11:19:15.065+0000][51406.223s][info ][safepoint     ] Leaving safepoint region
[2023-11-15T11:19:15.065+0000][51406.223s][info ][safepoint     ] Total time for which application threads were stopped: 0.0003331 seconds, Stopping threads took: 0.0000590 seconds
[2023-11-15T11:19:19.066+0000][51410.224s][debug][safepoint     ] Safepoint synchronization initiated. (189 threads)
[2023-11-15T11:19:19.066+0000][51410.224s][info ][safepoint     ] Application time: 4.0004662 seconds
[2023-11-15T11:19:19.066+0000][51410.224s][info ][safepoint     ] Entering safepoint region: Cleanup
[2023-11-15T11:19:19.066+0000][51410.224s][info ][safepoint     ] Leaving safepoint region
[2023-11-15T11:19:19.066+0000][51410.224s][info ][safepoint     ] Total time for which application threads were stopped: 0.0004006 seconds, Stopping threads took: 0.0000754 seconds
[2023-11-15T11:19:20.066+0000][51411.224s][debug][safepoint     ] Safepoint synchronization initiated. (189 threads)
[2023-11-15T11:19:20.066+0000][51411.224s][info ][safepoint     ] Application time: 1.0001794 seconds
[2023-11-15T11:19:20.066+0000][51411.224s][info ][safepoint     ] Entering safepoint region: Cleanup
[2023-11-15T11:19:20.067+0000][51411.225s][info ][safepoint     ] Leaving safepoint region
[2023-11-15T11:19:20.067+0000][51411.225s][info ][safepoint     ] Total time for which application threads were stopped: 0.0003775 seconds, Stopping threads took: 0.0000546 seconds
[2023-11-15T11:19:26.067+0000][51417.225s][debug][safepoint     ] Safepoint synchronization initiated. (189 threads)
[2023-11-15T11:19:26.067+0000][51417.225s][info ][safepoint     ] Application time: 6.0006184 seconds
[2023-11-15T11:19:26.067+0000][51417.225s][info ][safepoint     ] Entering safepoint region: Cleanup
[2023-11-15T11:19:26.068+0000][51417.226s][info ][safepoint     ] Leaving safepoint region
[2023-11-15T11:19:26.068+0000][51417.226s][info ][safepoint     ] Total time for which application threads were stopped: 0.0002761 seconds, Stopping threads took: 0.0000475 seconds
[2023-11-15T11:19:32.068+0000][51423.226s][debug][safepoint     ] Safepoint synchronization initiated. (189 threads)
[2023-11-15T11:19:32.068+0000][51423.226s][info ][safepoint     ] Application time: 6.0006220 seconds
[2023-11-15T11:19:32.068+0000][51423.226s][info ][safepoint     ] Entering safepoint region: Cleanup
[2023-11-15T11:19:32.069+0000][51423.227s][info ][safepoint     ] Leaving safepoint region
[2023-11-15T11:19:32.069+0000][51423.227s][info ][safepoint     ] Total time for which application threads were stopped: 0.0003890 seconds, Stopping threads took: 0.0000564 seconds
[2023-11-15T11:20:07.072+0000][51458.230s][debug][safepoint     ] Safepoint synchronization initiated. (189 threads)
[2023-11-15T11:20:07.072+0000][51458.230s][info ][safepoint     ] Application time: 35.0033333 seconds
[2023-11-15T11:20:07.072+0000][51458.230s][info ][safepoint     ] Entering safepoint region: Cleanup
[2023-11-15T11:20:07.072+0000][51458.231s][info ][safepoint     ] Leaving safepoint region
[2023-11-15T11:20:07.073+0000][51458.231s][info ][safepoint     ] Total time for which application threads were stopped: 0.0004287 seconds, Stopping threads took: 0.0000564 seconds
[2023-11-15T11:20:17.073+0000][51468.232s][debug][safepoint     ] Safepoint synchronization initiated. (189 threads)
[2023-11-15T11:20:17.074+0000][51468.232s][info ][safepoint     ] Application time: 10.0009814 seconds
[2023-11-15T11:20:17.074+0000][51468.232s][info ][safepoint     ] Entering safepoint region: Cleanup
[2023-11-15T11:20:17.074+0000][51468.232s][info ][safepoint     ] Leaving safepoint region
[2023-11-15T11:20:17.074+0000][51468.232s][info ][safepoint     ] Total time for which application threads were stopped: 0.0003767 seconds, Stopping threads took: 0.0000562 seconds
[2023-11-15T11:20:43.076+0000][51494.234s][debug][safepoint     ] Safepoint synchronization initiated. (187 threads)
[2023-11-15T11:20:43.076+0000][51494.234s][info ][safepoint     ] Application time: 26.0023183 seconds
[2023-11-15T11:20:43.076+0000][51494.234s][info ][safepoint     ] Entering safepoint region: Cleanup
[2023-11-15T11:20:43.077+0000][51494.235s][info ][safepoint     ] Leaving safepoint region
[2023-11-15T11:20:43.077+0000][51494.235s][info ][safepoint     ] Total time for which application threads were stopped: 0.0003262 seconds, Stopping threads took: 0.0000653 seconds
[2023-11-15T11:20:44.077+0000][51495.235s][debug][safepoint     ] Safepoint synchronization initiated. (189 threads)
[2023-11-15T11:20:44.077+0000][51495.235s][info ][safepoint     ] Application time: 1.0001523 seconds
[2023-11-15T11:20:44.077+0000][51495.235s][info ][safepoint     ] Entering safepoint region: Cleanup
[2023-11-15T11:20:44.077+0000][51495.235s][info ][safepoint     ] Leaving safepoint region
[2023-11-15T11:20:44.077+0000][51495.235s][info ][safepoint     ] Total time for which application threads were stopped: 0.0003753 seconds, Stopping threads took: 0.0000562 seconds
[2023-11-15T11:21:34.082+0000][51545.240s][debug][safepoint     ] Safepoint synchronization initiated. (185 threads)
[2023-11-15T11:21:34.082+0000][51545.240s][info ][safepoint     ] Application time: 50.0047905 seconds
[2023-11-15T11:21:34.082+0000][51545.240s][info ][safepoint     ] Entering safepoint region: Cleanup
[2023-11-15T11:21:34.082+0000][51545.240s][info ][safepoint     ] Leaving safepoint region
[2023-11-15T11:21:34.082+0000][51545.240s][info ][safepoint     ] Total time for which application threads were stopped: 0.0003759 seconds, Stopping threads took: 0.0000554 seconds
[2023-11-15T11:22:07.085+0000][51578.243s][debug][safepoint     ] Safepoint synchronization initiated. (186 threads)
[2023-11-15T11:22:07.085+0000][51578.244s][info ][safepoint     ] Application time: 33.0030877 seconds
[2023-11-15T11:22:07.086+0000][51578.244s][info ][safepoint     ] Entering safepoint region: Cleanup
[2023-11-15T11:22:07.086+0000][51578.244s][info ][safepoint     ] Leaving safepoint region
[2023-11-15T11:22:07.086+0000][51578.244s][info ][safepoint     ] Total time for which application threads were stopped: 0.0003686 seconds, Stopping threads took: 0.0000555 seconds
[2023-11-15T11:22:08.086+0000][51579.244s][debug][safepoint     ] Safepoint synchronization initiated. (186 threads)
[2023-11-15T11:22:08.086+0000][51579.244s][info ][safepoint     ] Application time: 1.0001705 seconds
[2023-11-15T11:22:08.086+0000][51579.244s][info ][safepoint     ] Entering safepoint region: Cleanup
[2023-11-15T11:22:08.086+0000][51579.244s][info ][safepoint     ] Leaving safepoint region
[2023-11-15T11:22:08.086+0000][51579.245s][info ][safepoint     ] Total time for which application threads were stopped: 0.0003634 seconds, Stopping threads took: 0.0000544 seconds
[2023-11-15T11:22:09.087+0000][51580.245s][debug][safepoint     ] Safepoint synchronization initiated. (186 threads)
[2023-11-15T11:22:09.087+0000][51580.245s][info ][safepoint     ] Application time: 1.0001051 seconds
[2023-11-15T11:22:09.087+0000][51580.245s][info ][safepoint     ] Entering safepoint region: Cleanup
[2023-11-15T11:22:09.087+0000][51580.245s][info ][safepoint     ] Leaving safepoint region
[2023-11-15T11:22:09.087+0000][51580.245s][info ][safepoint     ] Total time for which application threads were stopped: 0.0002464 seconds, Stopping threads took: 0.0000367 seconds
[2023-11-15T11:22:10.087+0000][51581.245s][debug][safepoint     ] Safepoint synchronization initiated. (186 threads)
[2023-11-15T11:22:10.087+0000][51581.245s][info ][safepoint     ] Application time: 1.0001652 seconds
[2023-11-15T11:22:10.087+0000][51581.245s][info ][safepoint     ] Entering safepoint region: Cleanup
[2023-11-15T11:22:10.087+0000][51581.245s][info ][safepoint     ] Leaving safepoint region
[2023-11-15T11:22:10.087+0000][51581.245s][info ][safepoint     ] Total time for which application threads were stopped: 0.0002775 seconds, Stopping threads took: 0.0000544 seconds
[2023-11-15T11:22:11.087+0000][51582.245s][debug][safepoint     ] Safepoint synchronization initiated. (186 threads)
[2023-11-15T11:22:11.087+0000][51582.246s][info ][safepoint     ] Application time: 1.0001400 seconds
[2023-11-15T11:22:11.088+0000][51582.246s][info ][safepoint     ] Entering safepoint region: Cleanup
[2023-11-15T11:22:11.088+0000][51582.246s][info ][safepoint     ] Leaving safepoint region
[2023-11-15T11:22:11.088+0000][51582.246s][info ][safepoint     ] Total time for which application threads were stopped: 0.0002436 seconds, Stopping threads took: 0.0000672 seconds
[2023-11-15T11:22:12.088+0000][51583.246s][debug][safepoint     ] Safepoint synchronization initiated. (186 threads)
[2023-11-15T11:22:12.088+0000][51583.246s][info ][safepoint     ] Application time: 1.0001471 seconds
[2023-11-15T11:22:12.088+0000][51583.246s][info ][safepoint     ] Entering safepoint region: Cleanup
[2023-11-15T11:22:12.088+0000][51583.246s][info ][safepoint     ] Leaving safepoint region
[2023-11-15T11:22:12.088+0000][51583.246s][info ][safepoint     ] Total time for which application threads were stopped: 0.0002658 seconds, Stopping threads took: 0.0000546 seconds
[2023-11-15T11:22:13.088+0000][51584.246s][debug][safepoint     ] Safepoint synchronization initiated. (186 threads)
[2023-11-15T11:22:13.088+0000][51584.246s][info ][safepoint     ] Application time: 1.0001373 seconds
[2023-11-15T11:22:13.088+0000][51584.246s][info ][safepoint     ] Entering safepoint region: Cleanup
[2023-11-15T11:22:13.089+0000][51584.247s][info ][safepoint     ] Leaving safepoint region
[2023-11-15T11:22:13.089+0000][51584.247s][info ][safepoint     ] Total time for which application threads were stopped: 0.0002685 seconds, Stopping threads took: 0.0000564 seconds
[2023-11-15T11:22:14.089+0000][51585.247s][debug][safepoint     ] Safepoint synchronization initiated. (186 threads)
[2023-11-15T11:22:14.089+0000][51585.247s][info ][safepoint     ] Application time: 1.0001596 seconds
[2023-11-15T11:22:14.089+0000][51585.247s][info ][safepoint     ] Entering safepoint region: Cleanup
[2023-11-15T11:22:14.089+0000][51585.247s][info ][safepoint     ] Leaving safepoint region
[2023-11-15T11:22:14.089+0000][51585.247s][info ][safepoint     ] Total time for which application threads were stopped: 0.0002792 seconds, Stopping threads took: 0.0000550 seconds
[2023-11-15T11:22:15.089+0000][51586.247s][debug][safepoint     ] Safepoint synchronization initiated. (186 threads)
[2023-11-15T11:22:15.089+0000][51586.247s][info ][safepoint     ] Application time: 1.0001392 seconds
[2023-11-15T11:22:15.089+0000][51586.247s][info ][safepoint     ] Entering safepoint region: Cleanup
[2023-11-15T11:22:15.090+0000][51586.248s][info ][safepoint     ] Leaving safepoint region
[2023-11-15T11:22:15.090+0000][51586.248s][info ][safepoint     ] Total time for which application threads were stopped: 0.0002717 seconds, Stopping threads took: 0.0000550 seconds
[2023-11-15T11:22:16.090+0000][51587.248s][debug][safepoint     ] Safepoint synchronization initiated. (186 threads)
[2023-11-15T11:22:16.090+0000][51587.248s][info ][safepoint     ] Application time: 1.0001669 seconds
[2023-11-15T11:22:16.090+0000][51587.248s][info ][safepoint     ] Entering safepoint region: Cleanup
[2023-11-15T11:22:16.090+0000][51587.248s][info ][safepoint     ] Leaving safepoint region
[2023-11-15T11:22:16.090+0000][51587.248s][info ][safepoint     ] Total time for which application threads were stopped: 0.0003104 seconds, Stopping threads took: 0.0000538 seconds
[2023-11-15T11:22:17.090+0000][51588.248s][debug][safepoint     ] Safepoint synchronization initiated. (186 threads)
[2023-11-15T11:22:17.090+0000][51588.248s][info ][safepoint     ] Application time: 1.0001666 seconds
[2023-11-15T11:22:17.090+0000][51588.248s][info ][safepoint     ] Entering safepoint region: Cleanup
[2023-11-15T11:22:17.091+0000][51588.249s][info ][safepoint     ] Leaving safepoint region
[2023-11-15T11:22:17.091+0000][51588.249s][info ][safepoint     ] Total time for which application threads were stopped: 0.0002845 seconds, Stopping threads took: 0.0000567 seconds
[2023-11-15T11:22:18.091+0000][51589.249s][debug][safepoint     ] Safepoint synchronization initiated. (184 threads)
[2023-11-15T11:22:18.091+0000][51589.249s][info ][safepoint     ] Application time: 1.0001739 seconds
[2023-11-15T11:22:18.091+0000][51589.249s][info ][safepoint     ] Entering safepoint region: Cleanup
[2023-11-15T11:22:18.091+0000][51589.249s][info ][safepoint     ] Leaving safepoint region
[2023-11-15T11:22:18.091+0000][51589.249s][info ][safepoint     ] Total time for which application threads were stopped: 0.0004002 seconds, Stopping threads took: 0.0000573 seconds
[2023-11-15T11:22:19.091+0000][51590.249s][debug][safepoint     ] Safepoint synchronization initiated. (186 threads)
[2023-11-15T11:22:19.091+0000][51590.249s][info ][safepoint     ] Application time: 1.0001657 seconds
[2023-11-15T11:22:19.091+0000][51590.249s][info ][safepoint     ] Entering safepoint region: Cleanup
[2023-11-15T11:22:19.092+0000][51590.250s][info ][safepoint     ] Leaving safepoint region
[2023-11-15T11:22:19.092+0000][51590.250s][info ][safepoint     ] Total time for which application threads were stopped: 0.0005156 seconds, Stopping threads took: 0.0002165 seconds
[2023-11-15T11:22:20.092+0000][51591.250s][debug][safepoint     ] Safepoint synchronization initiated. (186 threads)
[2023-11-15T11:22:20.092+0000][51591.250s][info ][safepoint     ] Application time: 1.0001616 seconds
[2023-11-15T11:22:20.092+0000][51591.250s][info ][safepoint     ] Entering safepoint region: Cleanup
[2023-11-15T11:22:20.092+0000][51591.250s][info ][safepoint     ] Leaving safepoint region
[2023-11-15T11:22:20.092+0000][51591.251s][info ][safepoint     ] Total time for which application threads were stopped: 0.0003733 seconds, Stopping threads took: 0.0000585 seconds
[2023-11-15T11:22:21.093+0000][51592.251s][debug][safepoint     ] Safepoint synchronization initiated. (189 threads)
[2023-11-15T11:22:21.093+0000][51592.251s][info ][safepoint     ] Application time: 1.0002020 seconds
[2023-11-15T11:22:21.093+0000][51592.251s][debug][safepoint     ] ... found polling page return exception at pc = 0x00007fe1802c2994, stub =0x00007fe17883a800
[2023-11-15T11:22:21.093+0000][51592.251s][debug][safepoint     ] Waiting for 2 thread(s) to block
[2023-11-15T11:22:21.093+0000][51592.251s][info ][safepoint     ] Entering safepoint region: Cleanup
[2023-11-15T11:22:21.093+0000][51592.251s][info ][safepoint     ] Leaving safepoint region
[2023-11-15T11:22:21.093+0000][51592.251s][info ][safepoint     ] Total time for which application threads were stopped: 0.0006460 seconds, Stopping threads took: 0.0002434 seconds
[2023-11-15T11:22:21.097+0000][51592.255s][debug][safepoint     ] Safepoint synchronization initiated. (189 threads)
[2023-11-15T11:22:21.097+0000][51592.255s][info ][safepoint     ] Application time: 0.0037338 seconds
[2023-11-15T11:22:21.097+0000][51592.255s][debug][safepoint     ] Waiting for 1 thread(s) to block
[2023-11-15T11:22:21.097+0000][51592.255s][info ][safepoint     ] Entering safepoint region: Deoptimize
[2023-11-15T11:22:21.100+0000][51592.258s][info ][safepoint     ] Leaving safepoint region
[2023-11-15T11:22:21.100+0000][51592.258s][info ][safepoint     ] Total time for which application threads were stopped: 0.0025886 seconds, Stopping threads took: 0.0001352 seconds
[2023-11-15T11:22:22.100+0000][51593.258s][debug][safepoint     ] Safepoint synchronization initiated. (190 threads)
[2023-11-15T11:22:22.100+0000][51593.258s][info ][safepoint     ] Application time: 1.0002580 seconds
[2023-11-15T11:22:22.100+0000][51593.258s][info ][safepoint     ] Entering safepoint region: Cleanup
[2023-11-15T11:22:22.100+0000][51593.258s][info ][safepoint     ] Leaving safepoint region
[2023-11-15T11:22:22.100+0000][51593.259s][info ][safepoint     ] Total time for which application threads were stopped: 0.0004435 seconds, Stopping threads took: 0.0000540 seconds
[2023-11-15T11:22:23.101+0000][51594.259s][debug][safepoint     ] Safepoint synchronization initiated. (193 threads)
[2023-11-15T11:22:23.101+0000][51594.259s][info ][safepoint     ] Application time: 1.0001575 seconds
[2023-11-15T11:22:23.101+0000][51594.259s][info ][safepoint     ] Entering safepoint region: Cleanup
[2023-11-15T11:22:23.101+0000][51594.259s][info ][safepoint     ] Leaving safepoint region
[2023-11-15T11:22:23.101+0000][51594.259s][info ][safepoint     ] Total time for which application threads were stopped: 0.0004040 seconds, Stopping threads took: 0.0000536 seconds
[2023-11-15T11:22:24.101+0000][51595.259s][debug][safepoint     ] Safepoint synchronization initiated. (193 threads)
[2023-11-15T11:22:24.101+0000][51595.259s][info ][safepoint     ] Application time: 1.0001545 seconds
[2023-11-15T11:22:24.101+0000][51595.259s][info ][safepoint     ] Entering safepoint region: Cleanup
[2023-11-15T11:22:24.102+0000][51595.260s][info ][safepoint     ] Leaving safepoint region
[2023-11-15T11:22:24.102+0000][51595.260s][info ][safepoint     ] Total time for which application threads were stopped: 0.0006394 seconds, Stopping threads took: 0.0003436 seconds
[2023-11-15T11:22:25.102+0000][51596.260s][debug][safepoint     ] Safepoint synchronization initiated. (193 threads)
[2023-11-15T11:22:25.102+0000][51596.260s][info ][safepoint     ] Application time: 1.0001826 seconds
[2023-11-15T11:22:25.102+0000][51596.260s][info ][safepoint     ] Entering safepoint region: Cleanup
[2023-11-15T11:22:25.102+0000][51596.260s][info ][safepoint     ] Leaving safepoint region
[2023-11-15T11:22:25.102+0000][51596.261s][info ][safepoint     ] Total time for which application threads were stopped: 0.0003644 seconds, Stopping threads took: 0.0000546 seconds
[2023-11-15T11:22:26.103+0000][51597.261s][debug][safepoint     ] Safepoint synchronization initiated. (193 threads)
[2023-11-15T11:22:26.103+0000][51597.261s][info ][safepoint     ] Application time: 1.0001503 seconds
[2023-11-15T11:22:26.103+0000][51597.261s][info ][safepoint     ] Entering safepoint region: Cleanup
[2023-11-15T11:22:26.103+0000][51597.261s][info ][safepoint     ] Leaving safepoint region
[2023-11-15T11:22:26.103+0000][51597.261s][info ][safepoint     ] Total time for which application threads were stopped: 0.0002795 seconds, Stopping threads took: 0.0000540 seconds
[2023-11-15T11:22:26.103+0000][51597.261s][debug][safepoint     ] ... found polling page return exception at pc = 0x00007fe180ff1766, stub =0x00007fe17883a800
[2023-11-15T11:22:27.103+0000][51598.261s][debug][safepoint     ] Safepoint synchronization initiated. (191 threads)
[2023-11-15T11:22:27.103+0000][51598.261s][info ][safepoint     ] Application time: 1.0001739 seconds
[2023-11-15T11:22:27.103+0000][51598.261s][info ][safepoint     ] Entering safepoint region: Cleanup
[2023-11-15T11:22:27.103+0000][51598.261s][info ][safepoint     ] Leaving safepoint region
[2023-11-15T11:22:27.103+0000][51598.261s][info ][safepoint     ] Total time for which application threads were stopped: 0.0002738 seconds, Stopping threads took: 0.0000541 seconds
[2023-11-15T11:22:28.104+0000][51599.262s][debug][safepoint     ] Safepoint synchronization initiated. (191 threads)
[2023-11-15T11:22:28.104+0000][51599.262s][info ][safepoint     ] Application time: 1.0001539 seconds
[2023-11-15T11:22:28.104+0000][51599.262s][info ][safepoint     ] Entering safepoint region: Cleanup
[2023-11-15T11:22:28.104+0000][51599.262s][info ][safepoint     ] Leaving safepoint region
[2023-11-15T11:22:28.104+0000][51599.262s][info ][safepoint     ] Total time for which application threads were stopped: 0.0002614 seconds, Stopping threads took: 0.0000550 seconds
[2023-11-15T11:22:29.104+0000][51600.262s][debug][safepoint     ] Safepoint synchronization initiated. (191 threads)
[2023-11-15T11:22:29.104+0000][51600.262s][info ][safepoint     ] Application time: 1.0001554 seconds
[2023-11-15T11:22:29.104+0000][51600.262s][info ][safepoint     ] Entering safepoint region: Cleanup
[2023-11-15T11:22:29.105+0000][51600.263s][info ][safepoint     ] Leaving safepoint region
[2023-11-15T11:22:29.105+0000][51600.263s][info ][safepoint     ] Total time for which application threads were stopped: 0.0005881 seconds, Stopping threads took: 0.0003159 seconds
[2023-11-15T11:22:30.105+0000][51601.263s][debug][safepoint     ] Safepoint synchronization initiated. (191 threads)
[2023-11-15T11:22:30.105+0000][51601.263s][info ][safepoint     ] Application time: 1.0001711 seconds
[2023-11-15T11:22:30.105+0000][51601.263s][info ][safepoint     ] Entering safepoint region: Cleanup
[2023-11-15T11:22:30.105+0000][51601.263s][info ][safepoint     ] Leaving safepoint region
[2023-11-15T11:22:30.105+0000][51601.263s][info ][safepoint     ] Total time for which application threads were stopped: 0.0003893 seconds, Stopping threads took: 0.0000559 seconds
[2023-11-15T11:22:31.105+0000][51602.263s][debug][safepoint     ] Safepoint synchronization initiated. (190 threads)
[2023-11-15T11:22:31.105+0000][51602.263s][info ][safepoint     ] Application time: 1.0001668 seconds
[2023-11-15T11:22:31.105+0000][51602.264s][info ][safepoint     ] Entering safepoint region: Cleanup
[2023-11-15T11:22:31.106+0000][51602.264s][info ][safepoint     ] Leaving safepoint region
[2023-11-15T11:22:31.106+0000][51602.264s][info ][safepoint     ] Total time for which application threads were stopped: 0.0003467 seconds, Stopping threads took: 0.0000538 seconds
[2023-11-15T11:22:32.106+0000][51603.264s][debug][safepoint     ] Safepoint synchronization initiated. (190 threads)
[2023-11-15T11:22:32.106+0000][51603.264s][info ][safepoint     ] Application time: 1.0001672 seconds
[2023-11-15T11:22:32.106+0000][51603.264s][info ][safepoint     ] Entering safepoint region: Cleanup
[2023-11-15T11:22:32.106+0000][51603.264s][info ][safepoint     ] Leaving safepoint region
[2023-11-15T11:22:32.106+0000][51603.264s][info ][safepoint     ] Total time for which application threads were stopped: 0.0003606 seconds, Stopping threads took: 0.0000533 seconds
[2023-11-15T11:22:33.106+0000][51604.265s][debug][safepoint     ] Safepoint synchronization initiated. (190 threads)
[2023-11-15T11:22:33.107+0000][51604.265s][info ][safepoint     ] Application time: 1.0001522 seconds
[2023-11-15T11:22:33.107+0000][51604.265s][info ][safepoint     ] Entering safepoint region: Cleanup
[2023-11-15T11:22:33.107+0000][51604.265s][info ][safepoint     ] Leaving safepoint region
[2023-11-15T11:22:33.107+0000][51604.265s][info ][safepoint     ] Total time for which application threads were stopped: 0.0003555 seconds, Stopping threads took: 0.0000508 seconds
[2023-11-15T11:22:34.107+0000][51605.265s][debug][safepoint     ] Safepoint synchronization initiated. (192 threads)
[2023-11-15T11:22:34.107+0000][51605.265s][info ][safepoint     ] Application time: 1.0001295 seconds
[2023-11-15T11:22:34.107+0000][51605.265s][info ][safepoint     ] Entering safepoint region: Cleanup
[2023-11-15T11:22:34.107+0000][51605.265s][info ][safepoint     ] Leaving safepoint region
[2023-11-15T11:22:34.107+0000][51605.265s][info ][safepoint     ] Total time for which application threads were stopped: 0.0003456 seconds, Stopping threads took: 0.0001645 seconds
[2023-11-15T11:22:35.108+0000][51606.266s][debug][safepoint     ] Safepoint synchronization initiated. (192 threads)
[2023-11-15T11:22:35.108+0000][51606.266s][info ][safepoint     ] Application time: 1.0001659 seconds
[2023-11-15T11:22:35.108+0000][51606.266s][info ][safepoint     ] Entering safepoint region: Cleanup
[2023-11-15T11:22:35.108+0000][51606.266s][info ][safepoint     ] Leaving safepoint region
[2023-11-15T11:22:35.108+0000][51606.266s][info ][safepoint     ] Total time for which application threads were stopped: 0.0003866 seconds, Stopping threads took: 0.0000532 seconds
[2023-11-15T11:22:36.108+0000][51607.266s][debug][safepoint     ] Safepoint synchronization initiated. (192 threads)
[2023-11-15T11:22:36.108+0000][51607.266s][info ][safepoint     ] Application time: 1.0001492 seconds
[2023-11-15T11:22:36.108+0000][51607.266s][info ][safepoint     ] Entering safepoint region: Cleanup
[2023-11-15T11:22:36.108+0000][51607.267s][info ][safepoint     ] Leaving safepoint region
[2023-11-15T11:22:36.109+0000][51607.267s][info ][safepoint     ] Total time for which application threads were stopped: 0.0003609 seconds, Stopping threads took: 0.0000525 seconds
[2023-11-15T11:22:37.109+0000][51608.267s][debug][safepoint     ] Safepoint synchronization initiated. (192 threads)
[2023-11-15T11:22:37.109+0000][51608.267s][info ][safepoint     ] Application time: 1.0001676 seconds
[2023-11-15T11:22:37.109+0000][51608.267s][info ][safepoint     ] Entering safepoint region: Cleanup
[2023-11-15T11:22:37.109+0000][51608.267s][info ][safepoint     ] Leaving safepoint region
[2023-11-15T11:22:37.109+0000][51608.267s][info ][safepoint     ] Total time for which application threads were stopped: 0.0003861 seconds, Stopping threads took: 0.0000539 seconds
[2023-11-15T11:22:38.109+0000][51609.267s][debug][safepoint     ] Safepoint synchronization initiated. (192 threads)
[2023-11-15T11:22:38.109+0000][51609.267s][info ][safepoint     ] Application time: 1.0001475 seconds
[2023-11-15T11:22:38.109+0000][51609.267s][info ][safepoint     ] Entering safepoint region: Cleanup
[2023-11-15T11:22:38.110+0000][51609.268s][info ][safepoint     ] Leaving safepoint region
[2023-11-15T11:22:38.110+0000][51609.268s][info ][safepoint     ] Total time for which application threads were stopped: 0.0003584 seconds, Stopping threads took: 0.0000543 seconds
[2023-11-15T11:22:39.110+0000][51610.268s][debug][safepoint     ] Safepoint synchronization initiated. (190 threads)
[2023-11-15T11:22:39.110+0000][51610.268s][info ][safepoint     ] Application time: 1.0001536 seconds
[2023-11-15T11:22:39.110+0000][51610.268s][info ][safepoint     ] Entering safepoint region: Cleanup
[2023-11-15T11:22:39.110+0000][51610.268s][info ][safepoint     ] Leaving safepoint region
[2023-11-15T11:22:39.110+0000][51610.268s][info ][safepoint     ] Total time for which application threads were stopped: 0.0004104 seconds, Stopping threads took: 0.0001843 seconds
[2023-11-15T11:22:39.110+0000][51610.268s][debug][safepoint     ] ... found polling page return exception at pc = 0x00007fe180ff1766, stub =0x00007fe17883a800
[2023-11-15T11:22:40.110+0000][51611.268s][debug][safepoint     ] Safepoint synchronization initiated. (190 threads)
[2023-11-15T11:22:40.110+0000][51611.269s][info ][safepoint     ] Application time: 1.0001700 seconds
[2023-11-15T11:22:40.110+0000][51611.269s][info ][safepoint     ] Entering safepoint region: Cleanup
[2023-11-15T11:22:40.111+0000][51611.269s][info ][safepoint     ] Leaving safepoint region
[2023-11-15T11:22:40.111+0000][51611.269s][info ][safepoint     ] Total time for which application threads were stopped: 0.0003779 seconds, Stopping threads took: 0.0000555 seconds
[2023-11-15T11:22:41.111+0000][51612.269s][debug][safepoint     ] Safepoint synchronization initiated. (190 threads)
[2023-11-15T11:22:41.111+0000][51612.269s][info ][safepoint     ] Application time: 1.0001680 seconds
[2023-11-15T11:22:41.111+0000][51612.269s][info ][safepoint     ] Entering safepoint region: Cleanup
[2023-11-15T11:22:41.111+0000][51612.269s][info ][safepoint     ] Leaving safepoint region
[2023-11-15T11:22:41.111+0000][51612.269s][info ][safepoint     ] Total time for which application threads were stopped: 0.0003511 seconds, Stopping threads took: 0.0000551 seconds
[2023-11-15T11:22:42.112+0000][51613.270s][debug][safepoint     ] Safepoint synchronization initiated. (192 threads)
[2023-11-15T11:22:42.112+0000][51613.270s][info ][safepoint     ] Application time: 1.0001559 seconds
[2023-11-15T11:22:42.112+0000][51613.270s][info ][safepoint     ] Entering safepoint region: Cleanup
[2023-11-15T11:22:42.112+0000][51613.270s][info ][safepoint     ] Leaving safepoint region
[2023-11-15T11:22:42.112+0000][51613.270s][info ][safepoint     ] Total time for which application threads were stopped: 0.0003175 seconds, Stopping threads took: 0.0000579 seconds
[2023-11-15T11:22:43.112+0000][51614.270s][debug][safepoint     ] Safepoint synchronization initiated. (192 threads)
[2023-11-15T11:22:43.112+0000][51614.270s][info ][safepoint     ] Application time: 1.0001698 seconds
[2023-11-15T11:22:43.112+0000][51614.270s][info ][safepoint     ] Entering safepoint region: Cleanup
[2023-11-15T11:22:43.112+0000][51614.271s][info ][safepoint     ] Leaving safepoint region
[2023-11-15T11:22:43.112+0000][51614.271s][info ][safepoint     ] Total time for which application threads were stopped: 0.0003829 seconds, Stopping threads took: 0.0000582 seconds
[2023-11-15T11:22:44.113+0000][51615.271s][debug][safepoint     ] Safepoint synchronization initiated. (192 threads)
[2023-11-15T11:22:44.113+0000][51615.271s][info ][safepoint     ] Application time: 1.0001625 seconds
[2023-11-15T11:22:44.113+0000][51615.271s][info ][safepoint     ] Entering safepoint region: Cleanup
[2023-11-15T11:22:44.113+0000][51615.271s][info ][safepoint     ] Leaving safepoint region
[2023-11-15T11:22:44.113+0000][51615.271s][info ][safepoint     ] Total time for which application threads were stopped: 0.0003059 seconds, Stopping threads took: 0.0000617 seconds
[2023-11-15T11:22:45.113+0000][51616.271s][debug][safepoint     ] Safepoint synchronization initiated. (192 threads)
[2023-11-15T11:22:45.113+0000][51616.271s][info ][safepoint     ] Application time: 1.0001639 seconds
[2023-11-15T11:22:45.113+0000][51616.271s][info ][safepoint     ] Entering safepoint region: Cleanup
[2023-11-15T11:22:45.114+0000][51616.272s][info ][safepoint     ] Leaving safepoint region
[2023-11-15T11:22:45.114+0000][51616.272s][info ][safepoint     ] Total time for which application threads were stopped: 0.0003560 seconds, Stopping threads took: 0.0000570 seconds
[2023-11-15T11:22:46.114+0000][51617.272s][debug][safepoint     ] Safepoint synchronization initiated. (192 threads)
[2023-11-15T11:22:46.114+0000][51617.272s][info ][safepoint     ] Application time: 1.0001587 seconds
[2023-11-15T11:22:46.114+0000][51617.272s][info ][safepoint     ] Entering safepoint region: Cleanup
[2023-11-15T11:22:46.114+0000][51617.272s][info ][safepoint     ] Leaving safepoint region
[2023-11-15T11:22:46.114+0000][51617.272s][info ][safepoint     ] Total time for which application threads were stopped: 0.0003380 seconds, Stopping threads took: 0.0000559 seconds
[2023-11-15T11:22:47.114+0000][51618.272s][debug][safepoint     ] Safepoint synchronization initiated. (190 threads)
[2023-11-15T11:22:47.114+0000][51618.272s][info ][safepoint     ] Application time: 1.0001483 seconds
[2023-11-15T11:22:47.114+0000][51618.272s][info ][safepoint     ] Entering safepoint region: Cleanup
[2023-11-15T11:22:47.115+0000][51618.273s][info ][safepoint     ] Leaving safepoint region
[2023-11-15T11:22:47.115+0000][51618.273s][info ][safepoint     ] Total time for which application threads were stopped: 0.0003666 seconds, Stopping threads took: 0.0000551 seconds
[2023-11-15T11:22:48.115+0000][51619.273s][debug][safepoint     ] Safepoint synchronization initiated. (190 threads)
[2023-11-15T11:22:48.115+0000][51619.273s][info ][safepoint     ] Application time: 1.0001657 seconds
[2023-11-15T11:22:48.115+0000][51619.273s][info ][safepoint     ] Entering safepoint region: Cleanup
[2023-11-15T11:22:48.115+0000][51619.273s][info ][safepoint     ] Leaving safepoint region
[2023-11-15T11:22:48.115+0000][51619.273s][info ][safepoint     ] Total time for which application threads were stopped: 0.0003745 seconds, Stopping threads took: 0.0000560 seconds
[2023-11-15T11:22:49.115+0000][51620.273s][debug][safepoint     ] Safepoint synchronization initiated. (190 threads)
[2023-11-15T11:22:49.115+0000][51620.273s][info ][safepoint     ] Application time: 1.0001650 seconds
[2023-11-15T11:22:49.115+0000][51620.274s][info ][safepoint     ] Entering safepoint region: Cleanup
[2023-11-15T11:22:49.116+0000][51620.274s][info ][safepoint     ] Leaving safepoint region
[2023-11-15T11:22:49.116+0000][51620.274s][info ][safepoint     ] Total time for which application threads were stopped: 0.0003992 seconds, Stopping threads took: 0.0000843 seconds
[2023-11-15T11:22:50.116+0000][51621.274s][debug][safepoint     ] Safepoint synchronization initiated. (190 threads)
[2023-11-15T11:22:50.116+0000][51621.274s][info ][safepoint     ] Application time: 1.0001477 seconds
[2023-11-15T11:22:50.116+0000][51621.274s][info ][safepoint     ] Entering safepoint region: Cleanup
[2023-11-15T11:22:50.116+0000][51621.274s][info ][safepoint     ] Leaving safepoint region
[2023-11-15T11:22:50.116+0000][51621.274s][info ][safepoint     ] Total time for which application threads were stopped: 0.0002827 seconds, Stopping threads took: 0.0000557 seconds
[2023-11-15T11:22:51.116+0000][51622.274s][debug][safepoint     ] Safepoint synchronization initiated. (190 threads)
[2023-11-15T11:22:51.116+0000][51622.275s][info ][safepoint     ] Application time: 1.0001625 seconds
[2023-11-15T11:22:51.117+0000][51622.275s][info ][safepoint     ] Entering safepoint region: Cleanup
[2023-11-15T11:22:51.117+0000][51622.275s][info ][safepoint     ] Leaving safepoint region
[2023-11-15T11:22:51.117+0000][51622.275s][info ][safepoint     ] Total time for which application threads were stopped: 0.0003325 seconds, Stopping threads took: 0.0000562 seconds
[2023-11-15T11:22:52.117+0000][51623.275s][debug][safepoint     ] Safepoint synchronization initiated. (192 threads)
[2023-11-15T11:22:52.117+0000][51623.275s][info ][safepoint     ] Application time: 1.0001655 seconds
[2023-11-15T11:22:52.117+0000][51623.275s][info ][safepoint     ] Entering safepoint region: Cleanup
[2023-11-15T11:22:52.117+0000][51623.275s][info ][safepoint     ] Leaving safepoint region
[2023-11-15T11:22:52.117+0000][51623.275s][info ][safepoint     ] Total time for which application threads were stopped: 0.0003130 seconds, Stopping threads took: 0.0000574 seconds
[2023-11-15T11:22:53.117+0000][51624.276s][debug][safepoint     ] Safepoint synchronization initiated. (192 threads)
[2023-11-15T11:22:53.118+0000][51624.276s][info ][safepoint     ] Application time: 1.0001772 seconds
[2023-11-15T11:22:53.118+0000][51624.276s][info ][safepoint     ] Entering safepoint region: Cleanup
[2023-11-15T11:22:53.118+0000][51624.276s][info ][safepoint     ] Leaving safepoint region
[2023-11-15T11:22:53.118+0000][51624.276s][info ][safepoint     ] Total time for which application threads were stopped: 0.0003150 seconds, Stopping threads took: 0.0000565 seconds
[2023-11-15T11:22:54.118+0000][51625.276s][debug][safepoint     ] Safepoint synchronization initiated. (192 threads)
[2023-11-15T11:22:54.118+0000][51625.276s][info ][safepoint     ] Application time: 1.0001654 seconds
[2023-11-15T11:22:54.118+0000][51625.276s][info ][safepoint     ] Entering safepoint region: Cleanup
[2023-11-15T11:22:54.118+0000][51625.276s][info ][safepoint     ] Leaving safepoint region
[2023-11-15T11:22:54.118+0000][51625.277s][info ][safepoint     ] Total time for which application threads were stopped: 0.0003731 seconds, Stopping threads took: 0.0000579 seconds
[2023-11-15T11:22:55.119+0000][51626.277s][debug][safepoint     ] Safepoint synchronization initiated. (192 threads)
[2023-11-15T11:22:55.119+0000][51626.277s][info ][safepoint     ] Application time: 1.0001675 seconds
[2023-11-15T11:22:55.119+0000][51626.277s][info ][safepoint     ] Entering safepoint region: Cleanup
[2023-11-15T11:22:55.119+0000][51626.277s][info ][safepoint     ] Leaving safepoint region
[2023-11-15T11:22:55.119+0000][51626.277s][info ][safepoint     ] Total time for which application threads were stopped: 0.0003637 seconds, Stopping threads took: 0.0000557 seconds
[2023-11-15T11:22:56.119+0000][51627.277s][debug][safepoint     ] Safepoint synchronization initiated. (192 threads)
[2023-11-15T11:22:56.119+0000][51627.277s][info ][safepoint     ] Application time: 1.0001593 seconds
[2023-11-15T11:22:56.119+0000][51627.277s][info ][safepoint     ] Entering safepoint region: Cleanup
[2023-11-15T11:22:56.120+0000][51627.278s][info ][safepoint     ] Leaving safepoint region
[2023-11-15T11:22:56.120+0000][51627.278s][info ][safepoint     ] Total time for which application threads were stopped: 0.0006625 seconds, Stopping threads took: 0.0004211 seconds
[2023-11-15T11:22:56.278+0000][51627.436s][debug][safepoint     ] Safepoint synchronization initiated. (192 threads)
[2023-11-15T11:22:56.278+0000][51627.436s][info ][safepoint     ] Application time: 0.1579911 seconds
[2023-11-15T11:22:56.278+0000][51627.436s][debug][safepoint     ] ... found polling page return exception at pc = 0x00007fe180339b80, stub =0x00007fe17883a800
[2023-11-15T11:22:56.278+0000][51627.436s][debug][safepoint     ] ... found polling page return exception at pc = 0x00007fe180719529, stub =0x00007fe17883a800
[2023-11-15T11:22:56.278+0000][51627.436s][debug][safepoint     ] ... found polling page return exception at pc = 0x00007fe180f268c0, stub =0x00007fe17883a800
[2023-11-15T11:22:56.278+0000][51627.436s][debug][safepoint     ] Waiting for 3 thread(s) to block
[2023-11-15T11:22:56.278+0000][51627.436s][info ][safepoint     ] Entering safepoint region: G1CollectForAllocation
[2023-11-15T11:22:56.279+0000][51627.437s][info ][gc,start      ] GC(139) Pause Young (Normal) (G1 Evacuation Pause)
[2023-11-15T11:22:56.279+0000][51627.437s][info ][gc,task       ] GC(139) Using 4 workers of 4 for evacuation
[2023-11-15T11:22:56.293+0000][51627.451s][info ][gc,phases     ] GC(139)   Pre Evacuate Collection Set: 0.0ms
[2023-11-15T11:22:56.293+0000][51627.451s][info ][gc,phases     ] GC(139)   Evacuate Collection Set: 6.5ms
[2023-11-15T11:22:56.293+0000][51627.451s][info ][gc,phases     ] GC(139)   Post Evacuate Collection Set: 7.1ms
[2023-11-15T11:22:56.293+0000][51627.451s][info ][gc,phases     ] GC(139)   Other: 0.4ms
[2023-11-15T11:22:56.293+0000][51627.451s][info ][gc,heap       ] GC(139) Eden regions: 490->0(489)
[2023-11-15T11:22:56.293+0000][51627.451s][info ][gc,heap       ] GC(139) Survivor regions: 4->5(62)
[2023-11-15T11:22:56.293+0000][51627.451s][info ][gc,heap       ] GC(139) Old regions: 160->160
[2023-11-15T11:22:56.293+0000][51627.451s][info ][gc,heap       ] GC(139) Humongous regions: 31->0
[2023-11-15T11:22:56.293+0000][51627.451s][info ][gc,metaspace  ] GC(139) Metaspace: 170343K(176508K)->170343K(176508K) NonClass: 151076K(154880K)->151076K(154880K) Class: 19267K(21628K)->19267K(21628K)
[2023-11-15T11:22:56.293+0000][51627.451s][info ][gc            ] GC(139) Pause Young (Normal) (G1 Evacuation Pause) 683M->162M(824M) 14.309ms
[2023-11-15T11:22:56.293+0000][51627.451s][info ][gc,cpu        ] GC(139) User=0.05s Sys=0.00s Real=0.02s
[2023-11-15T11:22:56.293+0000][51627.451s][info ][safepoint     ] Leaving safepoint region
[2023-11-15T11:22:56.293+0000][51627.451s][info ][safepoint     ] Total time for which application threads were stopped: 0.0150896 seconds, Stopping threads took: 0.0003651 seconds
[2023-11-15T11:22:56.293+0000][51627.451s][info ][gc,stringdedup] Concurrent String Deduplication (51627.451s)
[2023-11-15T11:22:56.293+0000][51627.451s][info ][gc,stringdedup] Concurrent String Deduplication 408.0B->224.0B(184.0B) avg 55.6% (51627.451s, 51627.451s) 0.056ms
[2023-11-15T11:22:57.293+0000][51628.451s][debug][safepoint     ] Safepoint synchronization initiated. (193 threads)
[2023-11-15T11:22:57.293+0000][51628.451s][info ][safepoint     ] Application time: 1.0001582 seconds
[2023-11-15T11:22:57.293+0000][51628.451s][info ][safepoint     ] Entering safepoint region: Cleanup
[2023-11-15T11:22:57.293+0000][51628.451s][info ][safepoint     ] Leaving safepoint region
[2023-11-15T11:22:57.293+0000][51628.452s][info ][safepoint     ] Total time for which application threads were stopped: 0.0002794 seconds, Stopping threads took: 0.0000529 seconds
[2023-11-15T11:22:58.294+0000][51629.452s][debug][safepoint     ] Safepoint synchronization initiated. (191 threads)
[2023-11-15T11:22:58.294+0000][51629.452s][info ][safepoint     ] Application time: 1.0001397 seconds
[2023-11-15T11:22:58.294+0000][51629.452s][info ][safepoint     ] Entering safepoint region: Cleanup
[2023-11-15T11:22:58.294+0000][51629.452s][info ][safepoint     ] Leaving safepoint region
[2023-11-15T11:22:58.294+0000][51629.452s][info ][safepoint     ] Total time for which application threads were stopped: 0.0003560 seconds, Stopping threads took: 0.0000497 seconds
[2023-11-15T11:22:59.294+0000][51630.452s][debug][safepoint     ] Safepoint synchronization initiated. (191 threads)
[2023-11-15T11:22:59.294+0000][51630.452s][info ][safepoint     ] Application time: 1.0001541 seconds
[2023-11-15T11:22:59.294+0000][51630.452s][info ][safepoint     ] Entering safepoint region: Cleanup
[2023-11-15T11:22:59.294+0000][51630.453s][info ][safepoint     ] Leaving safepoint region
[2023-11-15T11:22:59.295+0000][51630.453s][info ][safepoint     ] Total time for which application threads were stopped: 0.0003651 seconds, Stopping threads took: 0.0000570 seconds
[2023-11-15T11:23:00.295+0000][51631.453s][debug][safepoint     ] Safepoint synchronization initiated. (191 threads)
[2023-11-15T11:23:00.295+0000][51631.453s][info ][safepoint     ] Application time: 1.0001528 seconds
[2023-11-15T11:23:00.295+0000][51631.453s][info ][safepoint     ] Entering safepoint region: Cleanup
[2023-11-15T11:23:00.295+0000][51631.453s][info ][safepoint     ] Leaving safepoint region
[2023-11-15T11:23:00.295+0000][51631.453s][info ][safepoint     ] Total time for which application threads were stopped: 0.0003584 seconds, Stopping threads took: 0.0000535 seconds
[2023-11-15T11:23:01.295+0000][51632.453s][debug][safepoint     ] Safepoint synchronization initiated. (191 threads)
[2023-11-15T11:23:01.295+0000][51632.453s][info ][safepoint     ] Application time: 1.0001691 seconds
[2023-11-15T11:23:01.295+0000][51632.453s][info ][safepoint     ] Entering safepoint region: Cleanup
[2023-11-15T11:23:01.296+0000][51632.454s][info ][safepoint     ] Leaving safepoint region
[2023-11-15T11:23:01.296+0000][51632.454s][info ][safepoint     ] Total time for which application threads were stopped: 0.0006110 seconds, Stopping threads took: 0.0002995 seconds
[2023-11-15T11:23:02.296+0000][51633.454s][debug][safepoint     ] Safepoint synchronization initiated. (191 threads)
[2023-11-15T11:23:02.296+0000][51633.454s][info ][safepoint     ] Application time: 1.0001453 seconds
[2023-11-15T11:23:02.296+0000][51633.454s][info ][safepoint     ] Entering safepoint region: Cleanup
[2023-11-15T11:23:02.296+0000][51633.455s][info ][safepoint     ] Leaving safepoint region
[2023-11-15T11:23:02.296+0000][51633.455s][info ][safepoint     ] Total time for which application threads were stopped: 0.0003679 seconds, Stopping threads took: 0.0000582 seconds
[2023-11-15T11:23:03.297+0000][51634.455s][debug][safepoint     ] Safepoint synchronization initiated. (191 threads)
[2023-11-15T11:23:03.297+0000][51634.455s][info ][safepoint     ] Application time: 1.0001687 seconds
[2023-11-15T11:23:03.297+0000][51634.455s][info ][safepoint     ] Entering safepoint region: Cleanup
[2023-11-15T11:23:03.297+0000][51634.455s][info ][safepoint     ] Leaving safepoint region
[2023-11-15T11:23:03.297+0000][51634.455s][info ][safepoint     ] Total time for which application threads were stopped: 0.0003419 seconds, Stopping threads took: 0.0000583 seconds
[2023-11-15T11:23:04.297+0000][51635.455s][debug][safepoint     ] Safepoint synchronization initiated. (191 threads)
[2023-11-15T11:23:04.297+0000][51635.455s][info ][safepoint     ] Application time: 1.0001321 seconds
[2023-11-15T11:23:04.297+0000][51635.455s][info ][safepoint     ] Entering safepoint region: Cleanup
[2023-11-15T11:23:04.298+0000][51635.456s][info ][safepoint     ] Leaving safepoint region
[2023-11-15T11:23:04.298+0000][51635.456s][info ][safepoint     ] Total time for which application threads were stopped: 0.0003679 seconds, Stopping threads took: 0.0000555 seconds
[2023-11-15T11:23:05.298+0000][51636.456s][debug][safepoint     ] Safepoint synchronization initiated. (191 threads)
[2023-11-15T11:23:05.298+0000][51636.456s][info ][safepoint     ] Application time: 1.0001554 seconds
[2023-11-15T11:23:05.298+0000][51636.456s][info ][safepoint     ] Entering safepoint region: Cleanup
[2023-11-15T11:23:05.298+0000][51636.456s][info ][safepoint     ] Leaving safepoint region
[2023-11-15T11:23:05.298+0000][51636.456s][info ][safepoint     ] Total time for which application threads were stopped: 0.0003799 seconds, Stopping threads took: 0.0000588 seconds
[2023-11-15T11:23:06.298+0000][51637.456s][debug][safepoint     ] Safepoint synchronization initiated. (191 threads)
[2023-11-15T11:23:06.298+0000][51637.456s][info ][safepoint     ] Application time: 1.0001534 seconds
[2023-11-15T11:23:06.298+0000][51637.456s][debug][safepoint     ] ... found polling page return exception at pc = 0x00007fe17991e2f1, stub =0x00007fe17883a800
[2023-11-15T11:23:06.298+0000][51637.456s][debug][safepoint     ] Waiting for 1 thread(s) to block
[2023-11-15T11:23:06.299+0000][51637.457s][info ][safepoint     ] Entering safepoint region: Cleanup
[2023-11-15T11:23:06.299+0000][51637.457s][info ][safepoint     ] Leaving safepoint region
[2023-11-15T11:23:06.299+0000][51637.457s][info ][safepoint     ] Total time for which application threads were stopped: 0.0005569 seconds, Stopping threads took: 0.0002496 seconds
[2023-11-15T11:23:07.299+0000][51638.457s][debug][safepoint     ] Safepoint synchronization initiated. (191 threads)
[2023-11-15T11:23:07.299+0000][51638.457s][info ][safepoint     ] Application time: 1.0001578 seconds
[2023-11-15T11:23:07.299+0000][51638.457s][info ][safepoint     ] Entering safepoint region: Cleanup
[2023-11-15T11:23:07.299+0000][51638.457s][info ][safepoint     ] Leaving safepoint region
[2023-11-15T11:23:07.299+0000][51638.457s][info ][safepoint     ] Total time for which application threads were stopped: 0.0003337 seconds, Stopping threads took: 0.0000563 seconds
[2023-11-15T11:23:08.300+0000][51639.458s][debug][safepoint     ] Safepoint synchronization initiated. (191 threads)
[2023-11-15T11:23:08.300+0000][51639.458s][info ][safepoint     ] Application time: 1.0001602 seconds
[2023-11-15T11:23:08.300+0000][51639.458s][info ][safepoint     ] Entering safepoint region: Cleanup
[2023-11-15T11:23:08.300+0000][51639.458s][info ][safepoint     ] Leaving safepoint region
[2023-11-15T11:23:08.300+0000][51639.458s][info ][safepoint     ] Total time for which application threads were stopped: 0.0003690 seconds, Stopping threads took: 0.0000526 seconds
[2023-11-15T11:23:09.300+0000][51640.458s][debug][safepoint     ] Safepoint synchronization initiated. (191 threads)
[2023-11-15T11:23:09.300+0000][51640.458s][info ][safepoint     ] Application time: 1.0001470 seconds
[2023-11-15T11:23:09.300+0000][51640.458s][info ][safepoint     ] Entering safepoint region: Cleanup
[2023-11-15T11:23:09.300+0000][51640.458s][info ][safepoint     ] Leaving safepoint region
[2023-11-15T11:23:09.300+0000][51640.458s][info ][safepoint     ] Total time for which application threads were stopped: 0.0002737 seconds, Stopping threads took: 0.0000591 seconds
[2023-11-15T11:23:10.301+0000][51641.459s][debug][safepoint     ] Safepoint synchronization initiated. (191 threads)
[2023-11-15T11:23:10.301+0000][51641.459s][info ][safepoint     ] Application time: 1.0001601 seconds
[2023-11-15T11:23:10.301+0000][51641.459s][info ][safepoint     ] Entering safepoint region: Cleanup
[2023-11-15T11:23:10.301+0000][51641.459s][info ][safepoint     ] Leaving safepoint region
[2023-11-15T11:23:10.301+0000][51641.459s][info ][safepoint     ] Total time for which application threads were stopped: 0.0002771 seconds, Stopping threads took: 0.0000551 seconds
[2023-11-15T11:23:11.301+0000][51642.459s][debug][safepoint     ] Safepoint synchronization initiated. (191 threads)
[2023-11-15T11:23:11.301+0000][51642.459s][info ][safepoint     ] Application time: 1.0001536 seconds
[2023-11-15T11:23:11.301+0000][51642.459s][info ][safepoint     ] Entering safepoint region: Cleanup
[2023-11-15T11:23:11.301+0000][51642.459s][info ][safepoint     ] Leaving safepoint region
[2023-11-15T11:23:11.301+0000][51642.460s][info ][safepoint     ] Total time for which application threads were stopped: 0.0003662 seconds, Stopping threads took: 0.0000547 seconds
[2023-11-15T11:23:12.302+0000][51643.460s][debug][safepoint     ] Safepoint synchronization initiated. (191 threads)
[2023-11-15T11:23:12.302+0000][51643.460s][info ][safepoint     ] Application time: 1.0001682 seconds
[2023-11-15T11:23:12.302+0000][51643.460s][info ][safepoint     ] Entering safepoint region: Cleanup
[2023-11-15T11:23:12.302+0000][51643.460s][info ][safepoint     ] Leaving safepoint region
[2023-11-15T11:23:12.302+0000][51643.460s][info ][safepoint     ] Total time for which application threads were stopped: 0.0003742 seconds, Stopping threads took: 0.0000566 seconds
[2023-11-15T11:23:13.302+0000][51644.460s][debug][safepoint     ] Safepoint synchronization initiated. (191 threads)
[2023-11-15T11:23:13.302+0000][51644.460s][info ][safepoint     ] Application time: 1.0001660 seconds
[2023-11-15T11:23:13.302+0000][51644.460s][info ][safepoint     ] Entering safepoint region: Cleanup
[2023-11-15T11:23:13.303+0000][51644.461s][info ][safepoint     ] Leaving safepoint region
[2023-11-15T11:23:13.303+0000][51644.461s][info ][safepoint     ] Total time for which application threads were stopped: 0.0003945 seconds, Stopping threads took: 0.0000776 seconds
[2023-11-15T11:23:14.303+0000][51645.461s][debug][safepoint     ] Safepoint synchronization initiated. (191 threads)
[2023-11-15T11:23:14.303+0000][51645.461s][info ][safepoint     ] Application time: 1.0001539 seconds
[2023-11-15T11:23:14.303+0000][51645.461s][info ][safepoint     ] Entering safepoint region: Cleanup
[2023-11-15T11:23:14.303+0000][51645.461s][info ][safepoint     ] Leaving safepoint region
[2023-11-15T11:23:14.303+0000][51645.461s][info ][safepoint     ] Total time for which application threads were stopped: 0.0004295 seconds, Stopping threads took: 0.0002080 seconds
[2023-11-15T11:23:15.303+0000][51646.461s][debug][safepoint     ] Safepoint synchronization initiated. (191 threads)
[2023-11-15T11:23:15.303+0000][51646.461s][info ][safepoint     ] Application time: 1.0001520 seconds
[2023-11-15T11:23:15.303+0000][51646.462s][info ][safepoint     ] Entering safepoint region: Cleanup
[2023-11-15T11:23:15.304+0000][51646.462s][info ][safepoint     ] Leaving safepoint region
[2023-11-15T11:23:15.304+0000][51646.462s][info ][safepoint     ] Total time for which application threads were stopped: 0.0003259 seconds, Stopping threads took: 0.0000824 seconds
[2023-11-15T11:23:16.304+0000][51647.462s][debug][safepoint     ] Safepoint synchronization initiated. (194 threads)
[2023-11-15T11:23:16.304+0000][51647.462s][info ][safepoint     ] Application time: 1.0001516 seconds
[2023-11-15T11:23:16.304+0000][51647.462s][info ][safepoint     ] Entering safepoint region: Cleanup
[2023-11-15T11:23:16.304+0000][51647.462s][info ][safepoint     ] Leaving safepoint region
[2023-11-15T11:23:16.304+0000][51647.462s][info ][safepoint     ] Total time for which application threads were stopped: 0.0003693 seconds, Stopping threads took: 0.0000535 seconds
[2023-11-15T11:23:17.304+0000][51648.462s][debug][safepoint     ] Safepoint synchronization initiated. (195 threads)
[2023-11-15T11:23:17.304+0000][51648.463s][info ][safepoint     ] Application time: 1.0001684 seconds
[2023-11-15T11:23:17.305+0000][51648.463s][info ][safepoint     ] Entering safepoint region: Cleanup
[2023-11-15T11:23:17.305+0000][51648.463s][info ][safepoint     ] Leaving safepoint region
[2023-11-15T11:23:17.305+0000][51648.463s][info ][safepoint     ] Total time for which application threads were stopped: 0.0003705 seconds, Stopping threads took: 0.0000562 seconds
[2023-11-15T11:23:18.305+0000][51649.463s][debug][safepoint     ] Safepoint synchronization initiated. (195 threads)
[2023-11-15T11:23:18.305+0000][51649.463s][info ][safepoint     ] Application time: 1.0001588 seconds
[2023-11-15T11:23:18.305+0000][51649.463s][info ][safepoint     ] Entering safepoint region: Cleanup
[2023-11-15T11:23:18.305+0000][51649.463s][info ][safepoint     ] Leaving safepoint region
[2023-11-15T11:23:18.305+0000][51649.464s][info ][safepoint     ] Total time for which application threads were stopped: 0.0003763 seconds, Stopping threads took: 0.0000561 seconds
[2023-11-15T11:23:19.306+0000][51650.464s][debug][safepoint     ] Safepoint synchronization initiated. (195 threads)
[2023-11-15T11:23:19.306+0000][51650.464s][info ][safepoint     ] Application time: 1.0001660 seconds
[2023-11-15T11:23:19.306+0000][51650.464s][info ][safepoint     ] Entering safepoint region: Cleanup
[2023-11-15T11:23:19.306+0000][51650.464s][info ][safepoint     ] Leaving safepoint region
[2023-11-15T11:23:19.306+0000][51650.464s][info ][safepoint     ] Total time for which application threads were stopped: 0.0005174 seconds, Stopping threads took: 0.0002928 seconds
[2023-11-15T11:23:20.306+0000][51651.464s][debug][safepoint     ] Safepoint synchronization initiated. (195 threads)
[2023-11-15T11:23:20.306+0000][51651.464s][info ][safepoint     ] Application time: 1.0001580 seconds
[2023-11-15T11:23:20.306+0000][51651.464s][info ][safepoint     ] Entering safepoint region: Cleanup
[2023-11-15T11:23:20.307+0000][51651.465s][info ][safepoint     ] Leaving safepoint region
[2023-11-15T11:23:20.307+0000][51651.465s][info ][safepoint     ] Total time for which application threads were stopped: 0.0002845 seconds, Stopping threads took: 0.0000586 seconds
[2023-11-15T11:23:21.307+0000][51652.465s][debug][safepoint     ] Safepoint synchronization initiated. (195 threads)
[2023-11-15T11:23:21.307+0000][51652.465s][info ][safepoint     ] Application time: 1.0001774 seconds
[2023-11-15T11:23:21.307+0000][51652.465s][info ][safepoint     ] Entering safepoint region: Cleanup
[2023-11-15T11:23:21.307+0000][51652.465s][info ][safepoint     ] Leaving safepoint region
[2023-11-15T11:23:21.307+0000][51652.465s][info ][safepoint     ] Total time for which application threads were stopped: 0.0003682 seconds, Stopping threads took: 0.0000555 seconds
[2023-11-15T11:23:22.307+0000][51653.465s][debug][safepoint     ] Safepoint synchronization initiated. (193 threads)
[2023-11-15T11:23:22.307+0000][51653.465s][info ][safepoint     ] Application time: 1.0001661 seconds
[2023-11-15T11:23:22.308+0000][51653.466s][info ][safepoint     ] Entering safepoint region: Cleanup
[2023-11-15T11:23:22.308+0000][51653.466s][info ][safepoint     ] Leaving safepoint region
[2023-11-15T11:23:22.308+0000][51653.466s][info ][safepoint     ] Total time for which application threads were stopped: 0.0003935 seconds, Stopping threads took: 0.0000818 seconds
[2023-11-15T11:23:23.308+0000][51654.466s][debug][safepoint     ] Safepoint synchronization initiated. (191 threads)
[2023-11-15T11:23:23.308+0000][51654.466s][info ][safepoint     ] Application time: 1.0001360 seconds
[2023-11-15T11:23:23.308+0000][51654.466s][info ][safepoint     ] Entering safepoint region: Cleanup
[2023-11-15T11:23:23.308+0000][51654.466s][info ][safepoint     ] Leaving safepoint region
[2023-11-15T11:23:23.308+0000][51654.466s][info ][safepoint     ] Total time for which application threads were stopped: 0.0003312 seconds, Stopping threads took: 0.0000558 seconds
[2023-11-15T11:23:24.308+0000][51655.467s][debug][safepoint     ] Safepoint synchronization initiated. (191 threads)
[2023-11-15T11:23:24.309+0000][51655.467s][info ][safepoint     ] Application time: 1.0001840 seconds
[2023-11-15T11:23:24.309+0000][51655.467s][info ][safepoint     ] Entering safepoint region: Cleanup
[2023-11-15T11:23:24.309+0000][51655.467s][info ][safepoint     ] Leaving safepoint region
[2023-11-15T11:23:24.309+0000][51655.467s][info ][safepoint     ] Total time for which application threads were stopped: 0.0007447 seconds, Stopping threads took: 0.0003838 seconds
[2023-11-15T11:23:25.309+0000][51656.468s][debug][safepoint     ] Safepoint synchronization initiated. (191 threads)
[2023-11-15T11:23:25.309+0000][51656.468s][info ][safepoint     ] Application time: 1.0001710 seconds
[2023-11-15T11:23:25.310+0000][51656.468s][info ][safepoint     ] Entering safepoint region: Cleanup
[2023-11-15T11:23:25.310+0000][51656.468s][info ][safepoint     ] Leaving safepoint region
[2023-11-15T11:23:25.310+0000][51656.468s][info ][safepoint     ] Total time for which application threads were stopped: 0.0003589 seconds, Stopping threads took: 0.0000532 seconds
[2023-11-15T11:23:26.310+0000][51657.468s][debug][safepoint     ] Safepoint synchronization initiated. (191 threads)
[2023-11-15T11:23:26.310+0000][51657.468s][info ][safepoint     ] Application time: 1.0001705 seconds
[2023-11-15T11:23:26.310+0000][51657.468s][info ][safepoint     ] Entering safepoint region: Cleanup
[2023-11-15T11:23:26.310+0000][51657.468s][info ][safepoint     ] Leaving safepoint region
[2023-11-15T11:23:26.310+0000][51657.469s][info ][safepoint     ] Total time for which application threads were stopped: 0.0003603 seconds, Stopping threads took: 0.0000536 seconds
[2023-11-15T11:23:27.311+0000][51658.469s][debug][safepoint     ] Safepoint synchronization initiated. (191 threads)
[2023-11-15T11:23:27.311+0000][51658.469s][info ][safepoint     ] Application time: 1.0001731 seconds
[2023-11-15T11:23:27.311+0000][51658.469s][info ][safepoint     ] Entering safepoint region: Cleanup
[2023-11-15T11:23:27.311+0000][51658.469s][info ][safepoint     ] Leaving safepoint region
[2023-11-15T11:23:27.311+0000][51658.469s][info ][safepoint     ] Total time for which application threads were stopped: 0.0003637 seconds, Stopping threads took: 0.0000564 seconds
[2023-11-15T11:23:28.311+0000][51659.469s][debug][safepoint     ] Safepoint synchronization initiated. (191 threads)
[2023-11-15T11:23:28.311+0000][51659.469s][info ][safepoint     ] Application time: 1.0001850 seconds
[2023-11-15T11:23:28.311+0000][51659.469s][info ][safepoint     ] Entering safepoint region: Cleanup
[2023-11-15T11:23:28.312+0000][51659.470s][info ][safepoint     ] Leaving safepoint region
[2023-11-15T11:23:28.312+0000][51659.470s][info ][safepoint     ] Total time for which application threads were stopped: 0.0003691 seconds, Stopping threads took: 0.0000556 seconds
[2023-11-15T11:23:29.312+0000][51660.470s][debug][safepoint     ] Safepoint synchronization initiated. (191 threads)
[2023-11-15T11:23:29.312+0000][51660.470s][info ][safepoint     ] Application time: 1.0001685 seconds
[2023-11-15T11:23:29.312+0000][51660.470s][info ][safepoint     ] Entering safepoint region: Cleanup
[2023-11-15T11:23:29.312+0000][51660.470s][info ][safepoint     ] Leaving safepoint region
[2023-11-15T11:23:29.312+0000][51660.470s][info ][safepoint     ] Total time for which application threads were stopped: 0.0005375 seconds, Stopping threads took: 0.0003107 seconds
[2023-11-15T11:23:30.312+0000][51661.471s][debug][safepoint     ] Safepoint synchronization initiated. (191 threads)
[2023-11-15T11:23:30.313+0000][51661.471s][info ][safepoint     ] Application time: 1.0001592 seconds
[2023-11-15T11:23:30.313+0000][51661.471s][info ][safepoint     ] Entering safepoint region: Cleanup
[2023-11-15T11:23:30.313+0000][51661.471s][info ][safepoint     ] Leaving safepoint region
[2023-11-15T11:23:30.313+0000][51661.471s][info ][safepoint     ] Total time for which application threads were stopped: 0.0002686 seconds, Stopping threads took: 0.0000549 seconds
[2023-11-15T11:23:31.313+0000][51662.471s][debug][safepoint     ] Safepoint synchronization initiated. (191 threads)
[2023-11-15T11:23:31.313+0000][51662.471s][info ][safepoint     ] Application time: 1.0001646 seconds
[2023-11-15T11:23:31.313+0000][51662.471s][info ][safepoint     ] Entering safepoint region: Cleanup
[2023-11-15T11:23:31.313+0000][51662.471s][info ][safepoint     ] Leaving safepoint region
[2023-11-15T11:23:31.313+0000][51662.471s][info ][safepoint     ] Total time for which application threads were stopped: 0.0002695 seconds, Stopping threads took: 0.0000542 seconds
[2023-11-15T11:23:32.313+0000][51663.471s][debug][safepoint     ] Safepoint synchronization initiated. (191 threads)
[2023-11-15T11:23:32.313+0000][51663.472s][info ][safepoint     ] Application time: 1.0001652 seconds
[2023-11-15T11:23:32.314+0000][51663.472s][info ][safepoint     ] Entering safepoint region: Cleanup
[2023-11-15T11:23:32.314+0000][51663.472s][info ][safepoint     ] Leaving safepoint region
[2023-11-15T11:23:32.314+0000][51663.472s][info ][safepoint     ] Total time for which application threads were stopped: 0.0002797 seconds, Stopping threads took: 0.0000550 seconds
[2023-11-15T11:23:33.314+0000][51664.472s][debug][safepoint     ] Safepoint synchronization initiated. (192 threads)
[2023-11-15T11:23:33.314+0000][51664.472s][info ][safepoint     ] Application time: 1.0001694 seconds
[2023-11-15T11:23:33.314+0000][51664.472s][info ][safepoint     ] Entering safepoint region: Cleanup
[2023-11-15T11:23:33.314+0000][51664.472s][info ][safepoint     ] Leaving safepoint region
[2023-11-15T11:23:33.314+0000][51664.472s][info ][safepoint     ] Total time for which application threads were stopped: 0.0003173 seconds, Stopping threads took: 0.0000553 seconds
[2023-11-15T11:23:34.314+0000][51665.472s][debug][safepoint     ] Safepoint synchronization initiated. (192 threads)
[2023-11-15T11:23:34.315+0000][51665.473s][info ][safepoint     ] Application time: 1.0002073 seconds
[2023-11-15T11:23:34.315+0000][51665.473s][info ][safepoint     ] Entering safepoint region: Cleanup
[2023-11-15T11:23:34.315+0000][51665.473s][info ][safepoint     ] Leaving safepoint region
[2023-11-15T11:23:34.315+0000][51665.473s][info ][safepoint     ] Total time for which application threads were stopped: 0.0004266 seconds, Stopping threads took: 0.0000568 seconds
[2023-11-15T11:23:35.315+0000][51666.473s][debug][safepoint     ] Safepoint synchronization initiated. (193 threads)
[2023-11-15T11:23:35.315+0000][51666.473s][info ][safepoint     ] Application time: 1.0001505 seconds
[2023-11-15T11:23:35.315+0000][51666.473s][info ][safepoint     ] Entering safepoint region: Cleanup
[2023-11-15T11:23:35.315+0000][51666.474s][info ][safepoint     ] Leaving safepoint region
[2023-11-15T11:23:35.316+0000][51666.474s][info ][safepoint     ] Total time for which application threads were stopped: 0.0003730 seconds, Stopping threads took: 0.0000553 seconds
[2023-11-15T11:23:36.316+0000][51667.474s][debug][safepoint     ] Safepoint synchronization initiated. (193 threads)
[2023-11-15T11:23:36.316+0000][51667.474s][info ][safepoint     ] Application time: 1.0001398 seconds
[2023-11-15T11:23:36.316+0000][51667.474s][info ][safepoint     ] Entering safepoint region: Cleanup
[2023-11-15T11:23:36.316+0000][51667.474s][info ][safepoint     ] Leaving safepoint region
[2023-11-15T11:23:36.316+0000][51667.474s][info ][safepoint     ] Total time for which application threads were stopped: 0.0003676 seconds, Stopping threads took: 0.0000538 seconds
[2023-11-15T11:23:37.316+0000][51668.474s][debug][safepoint     ] Safepoint synchronization initiated. (193 threads)
[2023-11-15T11:23:37.316+0000][51668.474s][info ][safepoint     ] Application time: 1.0001512 seconds
[2023-11-15T11:23:37.316+0000][51668.474s][info ][safepoint     ] Entering safepoint region: Cleanup
[2023-11-15T11:23:37.317+0000][51668.475s][info ][safepoint     ] Leaving safepoint region
[2023-11-15T11:23:37.317+0000][51668.475s][info ][safepoint     ] Total time for which application threads were stopped: 0.0003730 seconds, Stopping threads took: 0.0000559 seconds
[2023-11-15T11:23:38.317+0000][51669.475s][debug][safepoint     ] Safepoint synchronization initiated. (193 threads)
[2023-11-15T11:23:38.317+0000][51669.475s][info ][safepoint     ] Application time: 1.0001624 seconds
[2023-11-15T11:23:38.317+0000][51669.475s][info ][safepoint     ] Entering safepoint region: Cleanup
[2023-11-15T11:23:38.317+0000][51669.475s][info ][safepoint     ] Leaving safepoint region
[2023-11-15T11:23:38.317+0000][51669.475s][info ][safepoint     ] Total time for which application threads were stopped: 0.0003689 seconds, Stopping threads took: 0.0000545 seconds
[2023-11-15T11:23:39.317+0000][51670.475s][debug][safepoint     ] Safepoint synchronization initiated. (193 threads)
[2023-11-15T11:23:39.317+0000][51670.475s][info ][safepoint     ] Application time: 1.0001626 seconds
[2023-11-15T11:23:39.317+0000][51670.475s][info ][safepoint     ] Entering safepoint region: Cleanup
[2023-11-15T11:23:39.318+0000][51670.476s][info ][safepoint     ] Leaving safepoint region
[2023-11-15T11:23:39.318+0000][51670.476s][info ][safepoint     ] Total time for which application threads were stopped: 0.0005599 seconds, Stopping threads took: 0.0002465 seconds
[2023-11-15T11:23:40.318+0000][51671.476s][debug][safepoint     ] Safepoint synchronization initiated. (193 threads)
[2023-11-15T11:23:40.318+0000][51671.476s][info ][safepoint     ] Application time: 1.0001610 seconds
[2023-11-15T11:23:40.318+0000][51671.476s][info ][safepoint     ] Entering safepoint region: Cleanup
[2023-11-15T11:23:40.318+0000][51671.477s][info ][safepoint     ] Leaving safepoint region
[2023-11-15T11:23:40.319+0000][51671.477s][info ][safepoint     ] Total time for which application threads were stopped: 0.0003752 seconds, Stopping threads took: 0.0000553 seconds
[2023-11-15T11:23:41.319+0000][51672.477s][debug][safepoint     ] Safepoint synchronization initiated. (198 threads)
[2023-11-15T11:23:41.319+0000][51672.477s][info ][safepoint     ] Application time: 1.0001786 seconds
[2023-11-15T11:23:41.319+0000][51672.477s][info ][safepoint     ] Entering safepoint region: Cleanup
[2023-11-15T11:23:41.319+0000][51672.477s][info ][safepoint     ] Leaving safepoint region
[2023-11-15T11:23:41.319+0000][51672.477s][info ][safepoint     ] Total time for which application threads were stopped: 0.0003720 seconds, Stopping threads took: 0.0000562 seconds
[2023-11-15T11:23:42.319+0000][51673.477s][debug][safepoint     ] Safepoint synchronization initiated. (198 threads)
[2023-11-15T11:23:42.319+0000][51673.477s][info ][safepoint     ] Application time: 1.0001667 seconds
[2023-11-15T11:23:42.319+0000][51673.477s][info ][safepoint     ] Entering safepoint region: Cleanup
[2023-11-15T11:23:42.320+0000][51673.478s][info ][safepoint     ] Leaving safepoint region
[2023-11-15T11:23:42.320+0000][51673.478s][info ][safepoint     ] Total time for which application threads were stopped: 0.0003554 seconds, Stopping threads took: 0.0000558 seconds
[2023-11-15T11:23:43.320+0000][51674.478s][debug][safepoint     ] Safepoint synchronization initiated. (198 threads)
[2023-11-15T11:23:43.320+0000][51674.478s][info ][safepoint     ] Application time: 1.0001447 seconds
[2023-11-15T11:23:43.320+0000][51674.478s][info ][safepoint     ] Entering safepoint region: Cleanup
[2023-11-15T11:23:43.320+0000][51674.478s][info ][safepoint     ] Leaving safepoint region
[2023-11-15T11:23:43.320+0000][51674.478s][info ][safepoint     ] Total time for which application threads were stopped: 0.0003117 seconds, Stopping threads took: 0.0000569 seconds
[2023-11-15T11:23:44.320+0000][51675.478s][debug][safepoint     ] Safepoint synchronization initiated. (198 threads)
[2023-11-15T11:23:44.320+0000][51675.478s][info ][safepoint     ] Application time: 1.0001546 seconds
[2023-11-15T11:23:44.320+0000][51675.478s][info ][safepoint     ] Entering safepoint region: Cleanup
[2023-11-15T11:23:44.321+0000][51675.479s][info ][safepoint     ] Leaving safepoint region
[2023-11-15T11:23:44.321+0000][51675.479s][info ][safepoint     ] Total time for which application threads were stopped: 0.0004573 seconds, Stopping threads took: 0.0002175 seconds
[2023-11-15T11:23:45.321+0000][51676.479s][debug][safepoint     ] Safepoint synchronization initiated. (198 threads)
[2023-11-15T11:23:45.321+0000][51676.479s][info ][safepoint     ] Application time: 1.0001646 seconds
[2023-11-15T11:23:45.321+0000][51676.479s][info ][safepoint     ] Entering safepoint region: Cleanup
[2023-11-15T11:23:45.321+0000][51676.479s][info ][safepoint     ] Leaving safepoint region
[2023-11-15T11:23:45.321+0000][51676.479s][info ][safepoint     ] Total time for which application threads were stopped: 0.0002852 seconds, Stopping threads took: 0.0000546 seconds
[2023-11-15T11:23:46.321+0000][51677.479s][debug][safepoint     ] Safepoint synchronization initiated. (198 threads)
[2023-11-15T11:23:46.321+0000][51677.480s][info ][safepoint     ] Application time: 1.0001451 seconds
[2023-11-15T11:23:46.321+0000][51677.480s][info ][safepoint     ] Entering safepoint region: Cleanup
[2023-11-15T11:23:46.322+0000][51677.480s][info ][safepoint     ] Leaving safepoint region
[2023-11-15T11:23:46.322+0000][51677.480s][info ][safepoint     ] Total time for which application threads were stopped: 0.0003770 seconds, Stopping threads took: 0.0000542 seconds
[2023-11-15T11:23:47.322+0000][51678.480s][debug][safepoint     ] Safepoint synchronization initiated. (199 threads)
[2023-11-15T11:23:47.322+0000][51678.480s][info ][safepoint     ] Application time: 1.0001592 seconds
[2023-11-15T11:23:47.322+0000][51678.480s][info ][safepoint     ] Entering safepoint region: Cleanup
[2023-11-15T11:23:47.322+0000][51678.480s][info ][safepoint     ] Leaving safepoint region
[2023-11-15T11:23:47.322+0000][51678.480s][info ][safepoint     ] Total time for which application threads were stopped: 0.0003788 seconds, Stopping threads took: 0.0000566 seconds
[2023-11-15T11:23:48.323+0000][51679.481s][debug][safepoint     ] Safepoint synchronization initiated. (199 threads)
[2023-11-15T11:23:48.323+0000][51679.481s][info ][safepoint     ] Application time: 1.0001556 seconds
[2023-11-15T11:23:48.323+0000][51679.481s][info ][safepoint     ] Entering safepoint region: Cleanup
[2023-11-15T11:23:48.323+0000][51679.481s][info ][safepoint     ] Leaving safepoint region
[2023-11-15T11:23:48.323+0000][51679.481s][info ][safepoint     ] Total time for which application threads were stopped: 0.0003751 seconds, Stopping threads took: 0.0000560 seconds
[2023-11-15T11:23:49.323+0000][51680.481s][debug][safepoint     ] Safepoint synchronization initiated. (199 threads)
[2023-11-15T11:23:49.323+0000][51680.481s][info ][safepoint     ] Application time: 1.0001385 seconds
[2023-11-15T11:23:49.323+0000][51680.481s][info ][safepoint     ] Entering safepoint region: Cleanup
[2023-11-15T11:23:49.324+0000][51680.482s][info ][safepoint     ] Leaving safepoint region
[2023-11-15T11:23:49.324+0000][51680.482s][info ][safepoint     ] Total time for which application threads were stopped: 0.0005775 seconds, Stopping threads took: 0.0003297 seconds
[2023-11-15T11:23:50.324+0000][51681.482s][debug][safepoint     ] Safepoint synchronization initiated. (199 threads)
[2023-11-15T11:23:50.324+0000][51681.482s][info ][safepoint     ] Application time: 1.0001718 seconds
[2023-11-15T11:23:50.324+0000][51681.482s][info ][safepoint     ] Entering safepoint region: Cleanup
[2023-11-15T11:23:50.324+0000][51681.482s][info ][safepoint     ] Leaving safepoint region
[2023-11-15T11:23:50.324+0000][51681.482s][info ][safepoint     ] Total time for which application threads were stopped: 0.0002742 seconds, Stopping threads took: 0.0000546 seconds
[2023-11-15T11:23:51.324+0000][51682.482s][debug][safepoint     ] Safepoint synchronization initiated. (199 threads)
[2023-11-15T11:23:51.324+0000][51682.482s][info ][safepoint     ] Application time: 1.0001529 seconds
[2023-11-15T11:23:51.324+0000][51682.483s][info ][safepoint     ] Entering safepoint region: Cleanup
[2023-11-15T11:23:51.325+0000][51682.483s][info ][safepoint     ] Leaving safepoint region
[2023-11-15T11:23:51.325+0000][51682.483s][info ][safepoint     ] Total time for which application threads were stopped: 0.0003177 seconds, Stopping threads took: 0.0000572 seconds
[2023-11-15T11:23:52.325+0000][51683.483s][debug][safepoint     ] Safepoint synchronization initiated. (199 threads)
[2023-11-15T11:23:52.325+0000][51683.483s][info ][safepoint     ] Application time: 1.0001669 seconds
[2023-11-15T11:23:52.325+0000][51683.483s][info ][safepoint     ] Entering safepoint region: Cleanup
[2023-11-15T11:23:52.325+0000][51683.483s][info ][safepoint     ] Leaving safepoint region
[2023-11-15T11:23:52.325+0000][51683.483s][info ][safepoint     ] Total time for which application threads were stopped: 0.0002886 seconds, Stopping threads took: 0.0000569 seconds
[2023-11-15T11:23:53.325+0000][51684.483s][debug][safepoint     ] Safepoint synchronization initiated. (199 threads)
[2023-11-15T11:23:53.325+0000][51684.483s][info ][safepoint     ] Application time: 1.0001634 seconds
[2023-11-15T11:23:53.325+0000][51684.484s][info ][safepoint     ] Entering safepoint region: Cleanup
[2023-11-15T11:23:53.326+0000][51684.484s][info ][safepoint     ] Leaving safepoint region
[2023-11-15T11:23:53.326+0000][51684.484s][info ][safepoint     ] Total time for which application threads were stopped: 0.0003613 seconds, Stopping threads took: 0.0000563 seconds
[2023-11-15T11:23:54.326+0000][51685.484s][debug][safepoint     ] Safepoint synchronization initiated. (199 threads)
[2023-11-15T11:23:54.326+0000][51685.484s][info ][safepoint     ] Application time: 1.0001566 seconds
[2023-11-15T11:23:54.326+0000][51685.484s][info ][safepoint     ] Entering safepoint region: Cleanup
[2023-11-15T11:23:54.326+0000][51685.484s][info ][safepoint     ] Leaving safepoint region
[2023-11-15T11:23:54.326+0000][51685.484s][info ][safepoint     ] Total time for which application threads were stopped: 0.0003715 seconds, Stopping threads took: 0.0000563 seconds
[2023-11-15T11:23:55.326+0000][51686.485s][debug][safepoint     ] Safepoint synchronization initiated. (199 threads)
[2023-11-15T11:23:55.327+0000][51686.485s][info ][safepoint     ] Application time: 1.0001330 seconds
[2023-11-15T11:23:55.327+0000][51686.485s][info ][safepoint     ] Entering safepoint region: Cleanup
[2023-11-15T11:23:55.327+0000][51686.485s][info ][safepoint     ] Leaving safepoint region
[2023-11-15T11:23:55.327+0000][51686.485s][info ][safepoint     ] Total time for which application threads were stopped: 0.0003672 seconds, Stopping threads took: 0.0000568 seconds
[2023-11-15T11:23:56.327+0000][51687.485s][debug][safepoint     ] Safepoint synchronization initiated. (199 threads)
[2023-11-15T11:23:56.327+0000][51687.485s][info ][safepoint     ] Application time: 1.0001442 seconds
[2023-11-15T11:23:56.327+0000][51687.485s][info ][safepoint     ] Entering safepoint region: Cleanup
[2023-11-15T11:23:56.328+0000][51687.486s][info ][safepoint     ] Leaving safepoint region
[2023-11-15T11:23:56.328+0000][51687.486s][info ][safepoint     ] Total time for which application threads were stopped: 0.0005824 seconds, Stopping threads took: 0.0000527 seconds
[2023-11-15T11:23:57.328+0000][51688.486s][debug][safepoint     ] Safepoint synchronization initiated. (199 threads)
[2023-11-15T11:23:57.328+0000][51688.486s][info ][safepoint     ] Application time: 1.0001429 seconds
[2023-11-15T11:23:57.328+0000][51688.486s][info ][safepoint     ] Entering safepoint region: Cleanup
[2023-11-15T11:23:57.328+0000][51688.486s][info ][safepoint     ] Leaving safepoint region
[2023-11-15T11:23:57.328+0000][51688.486s][info ][safepoint     ] Total time for which application threads were stopped: 0.0003775 seconds, Stopping threads took: 0.0000563 seconds
[2023-11-15T11:23:58.328+0000][51689.486s][debug][safepoint     ] Safepoint synchronization initiated. (199 threads)
[2023-11-15T11:23:58.328+0000][51689.486s][info ][safepoint     ] Application time: 1.0001489 seconds
[2023-11-15T11:23:58.328+0000][51689.487s][info ][safepoint     ] Entering safepoint region: Cleanup
[2023-11-15T11:23:58.329+0000][51689.487s][info ][safepoint     ] Leaving safepoint region
[2023-11-15T11:23:58.329+0000][51689.487s][info ][safepoint     ] Total time for which application threads were stopped: 0.0003413 seconds, Stopping threads took: 0.0000516 seconds
[2023-11-15T11:23:59.329+0000][51690.487s][debug][safepoint     ] Safepoint synchronization initiated. (202 threads)
[2023-11-15T11:23:59.329+0000][51690.487s][info ][safepoint     ] Application time: 1.0001299 seconds
[2023-11-15T11:23:59.329+0000][51690.487s][info ][safepoint     ] Entering safepoint region: Cleanup
[2023-11-15T11:23:59.329+0000][51690.487s][info ][safepoint     ] Leaving safepoint region
[2023-11-15T11:23:59.329+0000][51690.487s][info ][safepoint     ] Total time for which application threads were stopped: 0.0002987 seconds, Stopping threads took: 0.0000417 seconds
[2023-11-15T11:24:00.329+0000][51691.487s][debug][safepoint     ] Safepoint synchronization initiated. (202 threads)
[2023-11-15T11:24:00.329+0000][51691.487s][info ][safepoint     ] Application time: 1.0001753 seconds
[2023-11-15T11:24:00.329+0000][51691.487s][info ][safepoint     ] Entering safepoint region: Cleanup
[2023-11-15T11:24:00.330+0000][51691.488s][info ][safepoint     ] Leaving safepoint region
[2023-11-15T11:24:00.330+0000][51691.488s][info ][safepoint     ] Total time for which application threads were stopped: 0.0003972 seconds, Stopping threads took: 0.0000561 seconds
[2023-11-15T11:24:01.330+0000][51692.488s][debug][safepoint     ] Safepoint synchronization initiated. (202 threads)
[2023-11-15T11:24:01.330+0000][51692.488s][info ][safepoint     ] Application time: 1.0001683 seconds
[2023-11-15T11:24:01.330+0000][51692.488s][info ][safepoint     ] Entering safepoint region: Cleanup
[2023-11-15T11:24:01.331+0000][51692.489s][info ][safepoint     ] Leaving safepoint region
[2023-11-15T11:24:01.331+0000][51692.489s][info ][safepoint     ] Total time for which application threads were stopped: 0.0005692 seconds, Stopping threads took: 0.0002676 seconds
[2023-11-15T11:24:02.331+0000][51693.489s][debug][safepoint     ] Safepoint synchronization initiated. (202 threads)
[2023-11-15T11:24:02.331+0000][51693.489s][info ][safepoint     ] Application time: 1.0001409 seconds
[2023-11-15T11:24:02.331+0000][51693.489s][info ][safepoint     ] Entering safepoint region: Cleanup
[2023-11-15T11:24:02.331+0000][51693.489s][info ][safepoint     ] Leaving safepoint region
[2023-11-15T11:24:02.331+0000][51693.489s][info ][safepoint     ] Total time for which application threads were stopped: 0.0003649 seconds, Stopping threads took: 0.0000571 seconds
[2023-11-15T11:24:03.331+0000][51694.489s][debug][safepoint     ] Safepoint synchronization initiated. (202 threads)
[2023-11-15T11:24:03.331+0000][51694.489s][info ][safepoint     ] Application time: 1.0001595 seconds
[2023-11-15T11:24:03.331+0000][51694.489s][info ][safepoint     ] Entering safepoint region: Cleanup
[2023-11-15T11:24:03.332+0000][51694.490s][info ][safepoint     ] Leaving safepoint region
[2023-11-15T11:24:03.332+0000][51694.490s][info ][safepoint     ] Total time for which application threads were stopped: 0.0003408 seconds, Stopping threads took: 0.0000584 seconds
[2023-11-15T11:24:04.332+0000][51695.490s][debug][safepoint     ] Safepoint synchronization initiated. (202 threads)
[2023-11-15T11:24:04.332+0000][51695.490s][info ][safepoint     ] Application time: 1.0001743 seconds
[2023-11-15T11:24:04.332+0000][51695.490s][info ][safepoint     ] Entering safepoint region: Cleanup
[2023-11-15T11:24:04.332+0000][51695.490s][info ][safepoint     ] Leaving safepoint region
[2023-11-15T11:24:04.332+0000][51695.490s][info ][safepoint     ] Total time for which application threads were stopped: 0.0002895 seconds, Stopping threads took: 0.0000575 seconds
[2023-11-15T11:24:05.332+0000][51696.490s][debug][safepoint     ] Safepoint synchronization initiated. (202 threads)
[2023-11-15T11:24:05.332+0000][51696.490s][info ][safepoint     ] Application time: 1.0001620 seconds
[2023-11-15T11:24:05.332+0000][51696.490s][info ][safepoint     ] Entering safepoint region: Cleanup
[2023-11-15T11:24:05.333+0000][51696.491s][info ][safepoint     ] Leaving safepoint region
[2023-11-15T11:24:05.333+0000][51696.491s][info ][safepoint     ] Total time for which application threads were stopped: 0.0003923 seconds, Stopping threads took: 0.0000568 seconds
[2023-11-15T11:24:06.333+0000][51697.491s][debug][safepoint     ] Safepoint synchronization initiated. (202 threads)
[2023-11-15T11:24:06.333+0000][51697.491s][info ][safepoint     ] Application time: 1.0001608 seconds
[2023-11-15T11:24:06.333+0000][51697.491s][info ][safepoint     ] Entering safepoint region: Cleanup
[2023-11-15T11:24:06.333+0000][51697.491s][info ][safepoint     ] Leaving safepoint region
[2023-11-15T11:24:06.333+0000][51697.491s][info ][safepoint     ] Total time for which application threads were stopped: 0.0003071 seconds, Stopping threads took: 0.0000549 seconds
[2023-11-15T11:24:07.333+0000][51698.491s][debug][safepoint     ] Safepoint synchronization initiated. (202 threads)
[2023-11-15T11:24:07.333+0000][51698.491s][info ][safepoint     ] Application time: 1.0001597 seconds
[2023-11-15T11:24:07.333+0000][51698.492s][info ][safepoint     ] Entering safepoint region: Cleanup
[2023-11-15T11:24:07.334+0000][51698.492s][info ][safepoint     ] Leaving safepoint region
[2023-11-15T11:24:07.334+0000][51698.492s][info ][safepoint     ] Total time for which application threads were stopped: 0.0003384 seconds, Stopping threads took: 0.0000547 seconds
[2023-11-15T11:24:08.334+0000][51699.492s][debug][safepoint     ] Safepoint synchronization initiated. (202 threads)
[2023-11-15T11:24:08.334+0000][51699.492s][info ][safepoint     ] Application time: 1.0001481 seconds
[2023-11-15T11:24:08.334+0000][51699.492s][info ][safepoint     ] Entering safepoint region: Cleanup
[2023-11-15T11:24:08.334+0000][51699.492s][info ][safepoint     ] Leaving safepoint region
[2023-11-15T11:24:08.334+0000][51699.492s][info ][safepoint     ] Total time for which application threads were stopped: 0.0002905 seconds, Stopping threads took: 0.0000578 seconds
[2023-11-15T11:24:09.334+0000][51700.492s][debug][safepoint     ] Safepoint synchronization initiated. (202 threads)
[2023-11-15T11:24:09.334+0000][51700.493s][info ][safepoint     ] Application time: 1.0001432 seconds
[2023-11-15T11:24:09.334+0000][51700.493s][info ][safepoint     ] Entering safepoint region: Cleanup
[2023-11-15T11:24:09.335+0000][51700.493s][info ][safepoint     ] Leaving safepoint region
[2023-11-15T11:24:09.335+0000][51700.493s][info ][safepoint     ] Total time for which application threads were stopped: 0.0003755 seconds, Stopping threads took: 0.0000560 seconds
[2023-11-15T11:24:10.335+0000][51701.493s][debug][safepoint     ] Safepoint synchronization initiated. (202 threads)
[2023-11-15T11:24:10.335+0000][51701.493s][info ][safepoint     ] Application time: 1.0001484 seconds
[2023-11-15T11:24:10.335+0000][51701.493s][info ][safepoint     ] Entering safepoint region: Cleanup
[2023-11-15T11:24:10.335+0000][51701.493s][info ][safepoint     ] Leaving safepoint region
[2023-11-15T11:24:10.335+0000][51701.493s][info ][safepoint     ] Total time for which application threads were stopped: 0.0003036 seconds, Stopping threads took: 0.0000765 seconds
[2023-11-15T11:24:10.335+0000][51701.493s][debug][safepoint     ] ... found polling page return exception at pc = 0x00007fe180ff1766, stub =0x00007fe17883a800
[2023-11-15T11:24:11.335+0000][51702.493s][debug][safepoint     ] Safepoint synchronization initiated. (202 threads)
[2023-11-15T11:24:11.336+0000][51702.494s][info ][safepoint     ] Application time: 1.0001699 seconds
[2023-11-15T11:24:11.336+0000][51702.494s][info ][safepoint     ] Entering safepoint region: Cleanup
[2023-11-15T11:24:11.336+0000][51702.494s][info ][safepoint     ] Leaving safepoint region
[2023-11-15T11:24:11.336+0000][51702.494s][info ][safepoint     ] Total time for which application threads were stopped: 0.0002854 seconds, Stopping threads took: 0.0000575 seconds
[2023-11-15T11:24:12.336+0000][51703.494s][debug][safepoint     ] Safepoint synchronization initiated. (202 threads)
[2023-11-15T11:24:12.336+0000][51703.494s][info ][safepoint     ] Application time: 1.0001562 seconds
[2023-11-15T11:24:12.336+0000][51703.494s][info ][safepoint     ] Entering safepoint region: Cleanup
[2023-11-15T11:24:12.336+0000][51703.494s][info ][safepoint     ] Leaving safepoint region
[2023-11-15T11:24:12.336+0000][51703.494s][info ][safepoint     ] Total time for which application threads were stopped: 0.0003803 seconds, Stopping threads took: 0.0000584 seconds
[2023-11-15T11:24:13.337+0000][51704.495s][debug][safepoint     ] Safepoint synchronization initiated. (202 threads)
[2023-11-15T11:24:13.337+0000][51704.495s][info ][safepoint     ] Application time: 1.0001685 seconds
[2023-11-15T11:24:13.337+0000][51704.495s][info ][safepoint     ] Entering safepoint region: Cleanup
[2023-11-15T11:24:13.337+0000][51704.495s][info ][safepoint     ] Leaving safepoint region
[2023-11-15T11:24:13.337+0000][51704.495s][info ][safepoint     ] Total time for which application threads were stopped: 0.0003769 seconds, Stopping threads took: 0.0000585 seconds
[2023-11-15T11:24:14.337+0000][51705.495s][debug][safepoint     ] Safepoint synchronization initiated. (202 threads)
[2023-11-15T11:24:14.337+0000][51705.495s][info ][safepoint     ] Application time: 1.0001687 seconds
[2023-11-15T11:24:14.337+0000][51705.495s][info ][safepoint     ] Entering safepoint region: Cleanup
[2023-11-15T11:24:14.338+0000][51705.496s][info ][safepoint     ] Leaving safepoint region
[2023-11-15T11:24:14.338+0000][51705.496s][info ][safepoint     ] Total time for which application threads were stopped: 0.0003793 seconds, Stopping threads took: 0.0000576 seconds
[2023-11-15T11:24:15.338+0000][51706.496s][debug][safepoint     ] Safepoint synchronization initiated. (202 threads)
[2023-11-15T11:24:15.338+0000][51706.496s][info ][safepoint     ] Application time: 1.0001490 seconds
[2023-11-15T11:24:15.338+0000][51706.496s][info ][safepoint     ] Entering safepoint region: Cleanup
[2023-11-15T11:24:15.338+0000][51706.496s][info ][safepoint     ] Leaving safepoint region
[2023-11-15T11:24:15.338+0000][51706.496s][info ][safepoint     ] Total time for which application threads were stopped: 0.0005401 seconds, Stopping threads took: 0.0002358 seconds
[2023-11-15T11:24:16.338+0000][51707.496s][debug][safepoint     ] Safepoint synchronization initiated. (202 threads)
[2023-11-15T11:24:16.338+0000][51707.496s][info ][safepoint     ] Application time: 1.0001505 seconds
[2023-11-15T11:24:16.338+0000][51707.497s][info ][safepoint     ] Entering safepoint region: Cleanup
[2023-11-15T11:24:16.339+0000][51707.497s][info ][safepoint     ] Leaving safepoint region
[2023-11-15T11:24:16.339+0000][51707.497s][debug][safepoint     ] ... found polling page return exception at pc = 0x00007fe180ff1766, stub =0x00007fe17883a800
[2023-11-15T11:24:16.339+0000][51707.497s][debug][safepoint     ] ... found polling page return exception at pc = 0x00007fe180ff1766, stub =0x00007fe17883a800
[2023-11-15T11:24:16.339+0000][51707.497s][info ][safepoint     ] Total time for which application threads were stopped: 0.0003829 seconds, Stopping threads took: 0.0000559 seconds
[2023-11-15T11:24:16.339+0000][51707.497s][debug][safepoint     ] ... found polling page return exception at pc = 0x00007fe180ff1766, stub =0x00007fe17883a800
[2023-11-15T11:24:17.339+0000][51708.497s][debug][safepoint     ] Safepoint synchronization initiated. (202 threads)
[2023-11-15T11:24:17.339+0000][51708.497s][info ][safepoint     ] Application time: 1.0001638 seconds
[2023-11-15T11:24:17.339+0000][51708.497s][info ][safepoint     ] Entering safepoint region: Cleanup
[2023-11-15T11:24:17.339+0000][51708.497s][info ][safepoint     ] Leaving safepoint region
[2023-11-15T11:24:17.339+0000][51708.498s][info ][safepoint     ] Total time for which application threads were stopped: 0.0003139 seconds, Stopping threads took: 0.0000588 seconds
[2023-11-15T11:24:18.340+0000][51709.498s][debug][safepoint     ] Safepoint synchronization initiated. (203 threads)
[2023-11-15T11:24:18.340+0000][51709.498s][info ][safepoint     ] Application time: 1.0001313 seconds
[2023-11-15T11:24:18.340+0000][51709.498s][info ][safepoint     ] Entering safepoint region: Cleanup
[2023-11-15T11:24:18.340+0000][51709.498s][info ][safepoint     ] Leaving safepoint region
[2023-11-15T11:24:18.340+0000][51709.498s][info ][safepoint     ] Total time for which application threads were stopped: 0.0003092 seconds, Stopping threads took: 0.0000414 seconds
[2023-11-15T11:24:19.340+0000][51710.498s][debug][safepoint     ] Safepoint synchronization initiated. (203 threads)
[2023-11-15T11:24:19.340+0000][51710.498s][info ][safepoint     ] Application time: 1.0001462 seconds
[2023-11-15T11:24:19.340+0000][51710.498s][info ][safepoint     ] Entering safepoint region: Cleanup
[2023-11-15T11:24:19.340+0000][51710.498s][info ][safepoint     ] Leaving safepoint region
[2023-11-15T11:24:19.340+0000][51710.499s][info ][safepoint     ] Total time for which application threads were stopped: 0.0003382 seconds, Stopping threads took: 0.0000547 seconds
[2023-11-15T11:24:20.341+0000][51711.499s][debug][safepoint     ] Safepoint synchronization initiated. (202 threads)
[2023-11-15T11:24:20.341+0000][51711.499s][info ][safepoint     ] Application time: 1.0001736 seconds
[2023-11-15T11:24:20.341+0000][51711.499s][info ][safepoint     ] Entering safepoint region: Cleanup
[2023-11-15T11:24:20.341+0000][51711.499s][info ][safepoint     ] Leaving safepoint region
[2023-11-15T11:24:20.341+0000][51711.499s][info ][safepoint     ] Total time for which application threads were stopped: 0.0005023 seconds, Stopping threads took: 0.0002612 seconds
[2023-11-15T11:24:21.341+0000][51712.499s][debug][safepoint     ] Safepoint synchronization initiated. (202 threads)
[2023-11-15T11:24:21.341+0000][51712.499s][info ][safepoint     ] Application time: 1.0001546 seconds
[2023-11-15T11:24:21.341+0000][51712.499s][info ][safepoint     ] Entering safepoint region: Cleanup
[2023-11-15T11:24:21.342+0000][51712.500s][info ][safepoint     ] Leaving safepoint region
[2023-11-15T11:24:21.342+0000][51712.500s][info ][safepoint     ] Total time for which application threads were stopped: 0.0003718 seconds, Stopping threads took: 0.0000804 seconds
[2023-11-15T11:24:22.342+0000][51713.500s][debug][safepoint     ] Safepoint synchronization initiated. (202 threads)
[2023-11-15T11:24:22.342+0000][51713.500s][info ][safepoint     ] Application time: 1.0001314 seconds
[2023-11-15T11:24:22.342+0000][51713.500s][info ][safepoint     ] Entering safepoint region: Cleanup
[2023-11-15T11:24:22.342+0000][51713.500s][info ][safepoint     ] Leaving safepoint region
[2023-11-15T11:24:22.342+0000][51713.500s][info ][safepoint     ] Total time for which application threads were stopped: 0.0002770 seconds, Stopping threads took: 0.0000545 seconds
[2023-11-15T11:24:23.342+0000][51714.500s][debug][safepoint     ] Safepoint synchronization initiated. (202 threads)
[2023-11-15T11:24:23.342+0000][51714.500s][info ][safepoint     ] Application time: 1.0001316 seconds
[2023-11-15T11:24:23.342+0000][51714.500s][info ][safepoint     ] Entering safepoint region: Cleanup
[2023-11-15T11:24:23.343+0000][51714.501s][info ][safepoint     ] Leaving safepoint region
[2023-11-15T11:24:23.343+0000][51714.501s][info ][safepoint     ] Total time for which application threads were stopped: 0.0002342 seconds, Stopping threads took: 0.0000467 seconds
[2023-11-15T11:24:24.343+0000][51715.501s][debug][safepoint     ] Safepoint synchronization initiated. (202 threads)
[2023-11-15T11:24:24.343+0000][51715.501s][info ][safepoint     ] Application time: 1.0001804 seconds
[2023-11-15T11:24:24.343+0000][51715.501s][info ][safepoint     ] Entering safepoint region: Cleanup
[2023-11-15T11:24:24.343+0000][51715.501s][info ][safepoint     ] Leaving safepoint region
[2023-11-15T11:24:24.343+0000][51715.501s][info ][safepoint     ] Total time for which application threads were stopped: 0.0003941 seconds, Stopping threads took: 0.0000560 seconds
[2023-11-15T11:24:25.343+0000][51716.501s][debug][safepoint     ] Safepoint synchronization initiated. (202 threads)
[2023-11-15T11:24:25.343+0000][51716.501s][info ][safepoint     ] Application time: 1.0001566 seconds
[2023-11-15T11:24:25.343+0000][51716.501s][info ][safepoint     ] Entering safepoint region: Cleanup
[2023-11-15T11:24:25.344+0000][51716.502s][info ][safepoint     ] Leaving safepoint region
[2023-11-15T11:24:25.344+0000][51716.502s][info ][safepoint     ] Total time for which application threads were stopped: 0.0007328 seconds, Stopping threads took: 0.0004154 seconds
[2023-11-15T11:24:26.344+0000][51717.502s][debug][safepoint     ] Safepoint synchronization initiated. (202 threads)
[2023-11-15T11:24:26.344+0000][51717.502s][info ][safepoint     ] Application time: 1.0001518 seconds
[2023-11-15T11:24:26.344+0000][51717.502s][info ][safepoint     ] Entering safepoint region: Cleanup
[2023-11-15T11:24:26.345+0000][51717.503s][info ][safepoint     ] Leaving safepoint region
[2023-11-15T11:24:26.345+0000][51717.503s][info ][safepoint     ] Total time for which application threads were stopped: 0.0003739 seconds, Stopping threads took: 0.0000539 seconds
[2023-11-15T11:24:27.345+0000][51718.503s][debug][safepoint     ] Safepoint synchronization initiated. (202 threads)
[2023-11-15T11:24:27.345+0000][51718.503s][info ][safepoint     ] Application time: 1.0001229 seconds
[2023-11-15T11:24:27.345+0000][51718.503s][info ][safepoint     ] Entering safepoint region: Cleanup
[2023-11-15T11:24:27.345+0000][51718.503s][info ][safepoint     ] Leaving safepoint region
[2023-11-15T11:24:27.345+0000][51718.503s][info ][safepoint     ] Total time for which application threads were stopped: 0.0002100 seconds, Stopping threads took: 0.0000440 seconds
[2023-11-15T11:24:28.345+0000][51719.503s][debug][safepoint     ] Safepoint synchronization initiated. (202 threads)
[2023-11-15T11:24:28.345+0000][51719.503s][info ][safepoint     ] Application time: 1.0001478 seconds
[2023-11-15T11:24:28.345+0000][51719.503s][info ][safepoint     ] Entering safepoint region: Cleanup
[2023-11-15T11:24:28.346+0000][51719.504s][info ][safepoint     ] Leaving safepoint region
[2023-11-15T11:24:28.346+0000][51719.504s][info ][safepoint     ] Total time for which application threads were stopped: 0.0004034 seconds, Stopping threads took: 0.0000800 seconds
[2023-11-15T11:24:29.346+0000][51720.504s][debug][safepoint     ] Safepoint synchronization initiated. (202 threads)
[2023-11-15T11:24:29.346+0000][51720.504s][info ][safepoint     ] Application time: 1.0001518 seconds
[2023-11-15T11:24:29.346+0000][51720.504s][info ][safepoint     ] Entering safepoint region: Cleanup
[2023-11-15T11:24:29.346+0000][51720.504s][info ][safepoint     ] Leaving safepoint region
[2023-11-15T11:24:29.346+0000][51720.504s][info ][safepoint     ] Total time for which application threads were stopped: 0.0003682 seconds, Stopping threads took: 0.0000539 seconds
[2023-11-15T11:24:30.346+0000][51721.504s][debug][safepoint     ] Safepoint synchronization initiated. (202 threads)
[2023-11-15T11:24:30.346+0000][51721.504s][info ][safepoint     ] Application time: 1.0001583 seconds
[2023-11-15T11:24:30.346+0000][51721.504s][info ][safepoint     ] Entering safepoint region: Cleanup
[2023-11-15T11:24:30.347+0000][51721.505s][info ][safepoint     ] Leaving safepoint region
[2023-11-15T11:24:30.347+0000][51721.505s][info ][safepoint     ] Total time for which application threads were stopped: 0.0004947 seconds, Stopping threads took: 0.0002396 seconds
[2023-11-15T11:24:31.347+0000][51722.505s][debug][safepoint     ] Safepoint synchronization initiated. (202 threads)
[2023-11-15T11:24:31.347+0000][51722.505s][info ][safepoint     ] Application time: 1.0001514 seconds
[2023-11-15T11:24:31.347+0000][51722.505s][info ][safepoint     ] Entering safepoint region: Cleanup
[2023-11-15T11:24:31.347+0000][51722.505s][info ][safepoint     ] Leaving safepoint region
[2023-11-15T11:24:31.347+0000][51722.505s][info ][safepoint     ] Total time for which application threads were stopped: 0.0002712 seconds, Stopping threads took: 0.0000578 seconds
[2023-11-15T11:24:32.347+0000][51723.505s][debug][safepoint     ] Safepoint synchronization initiated. (202 threads)
[2023-11-15T11:24:32.347+0000][51723.506s][info ][safepoint     ] Application time: 1.0001449 seconds
[2023-11-15T11:24:32.348+0000][51723.506s][info ][safepoint     ] Entering safepoint region: Cleanup
[2023-11-15T11:24:32.348+0000][51723.506s][info ][safepoint     ] Leaving safepoint region
[2023-11-15T11:24:32.348+0000][51723.506s][info ][safepoint     ] Total time for which application threads were stopped: 0.0002966 seconds, Stopping threads took: 0.0000583 seconds
[2023-11-15T11:24:33.348+0000][51724.506s][debug][safepoint     ] Safepoint synchronization initiated. (202 threads)
[2023-11-15T11:24:33.348+0000][51724.506s][info ][safepoint     ] Application time: 1.0001678 seconds
[2023-11-15T11:24:33.348+0000][51724.506s][info ][safepoint     ] Entering safepoint region: Cleanup
[2023-11-15T11:24:33.348+0000][51724.506s][info ][safepoint     ] Leaving safepoint region
[2023-11-15T11:24:33.348+0000][51724.506s][info ][safepoint     ] Total time for which application threads were stopped: 0.0003788 seconds, Stopping threads took: 0.0000573 seconds
[2023-11-15T11:24:34.348+0000][51725.507s][debug][safepoint     ] Safepoint synchronization initiated. (202 threads)
[2023-11-15T11:24:34.349+0000][51725.507s][info ][safepoint     ] Application time: 1.0001507 seconds
[2023-11-15T11:24:34.349+0000][51725.507s][info ][safepoint     ] Entering safepoint region: Cleanup
[2023-11-15T11:24:34.349+0000][51725.507s][info ][safepoint     ] Leaving safepoint region
[2023-11-15T11:24:34.349+0000][51725.507s][info ][safepoint     ] Total time for which application threads were stopped: 0.0003395 seconds, Stopping threads took: 0.0000567 seconds
[2023-11-15T11:24:35.349+0000][51726.507s][debug][safepoint     ] Safepoint synchronization initiated. (202 threads)
[2023-11-15T11:24:35.349+0000][51726.507s][info ][safepoint     ] Application time: 1.0001459 seconds
[2023-11-15T11:24:35.350+0000][51726.508s][info ][safepoint     ] Entering safepoint region: Cleanup
[2023-11-15T11:24:35.350+0000][51726.508s][info ][safepoint     ] Leaving safepoint region
[2023-11-15T11:24:35.350+0000][51726.508s][info ][safepoint     ] Total time for which application threads were stopped: 0.0003917 seconds, Stopping threads took: 0.0000961 seconds
[2023-11-15T11:24:36.350+0000][51727.508s][debug][safepoint     ] Safepoint synchronization initiated. (202 threads)
[2023-11-15T11:24:36.350+0000][51727.508s][info ][safepoint     ] Application time: 1.0001482 seconds
[2023-11-15T11:24:36.350+0000][51727.508s][info ][safepoint     ] Entering safepoint region: Cleanup
[2023-11-15T11:24:36.350+0000][51727.509s][info ][safepoint     ] Leaving safepoint region
[2023-11-15T11:24:36.350+0000][51727.509s][info ][safepoint     ] Total time for which application threads were stopped: 0.0003266 seconds, Stopping threads took: 0.0000569 seconds
[2023-11-15T11:24:37.351+0000][51728.509s][debug][safepoint     ] Safepoint synchronization initiated. (202 threads)
[2023-11-15T11:24:37.351+0000][51728.509s][info ][safepoint     ] Application time: 1.0001783 seconds
[2023-11-15T11:24:37.351+0000][51728.509s][info ][safepoint     ] Entering safepoint region: Cleanup
[2023-11-15T11:24:37.351+0000][51728.509s][info ][safepoint     ] Leaving safepoint region
[2023-11-15T11:24:37.351+0000][51728.509s][info ][safepoint     ] Total time for which application threads were stopped: 0.0004293 seconds, Stopping threads took: 0.0000623 seconds
[2023-11-15T11:24:38.351+0000][51729.509s][debug][safepoint     ] Safepoint synchronization initiated. (202 threads)
[2023-11-15T11:24:38.351+0000][51729.509s][info ][safepoint     ] Application time: 1.0001546 seconds
[2023-11-15T11:24:38.351+0000][51729.509s][info ][safepoint     ] Entering safepoint region: Cleanup
[2023-11-15T11:24:38.352+0000][51729.510s][info ][safepoint     ] Leaving safepoint region
[2023-11-15T11:24:38.352+0000][51729.510s][info ][safepoint     ] Total time for which application threads were stopped: 0.0003520 seconds, Stopping threads took: 0.0000576 seconds
[2023-11-15T11:24:39.352+0000][51730.510s][debug][safepoint     ] Safepoint synchronization initiated. (202 threads)
[2023-11-15T11:24:39.352+0000][51730.510s][info ][safepoint     ] Application time: 1.0001311 seconds
[2023-11-15T11:24:39.352+0000][51730.510s][info ][safepoint     ] Entering safepoint region: Cleanup
[2023-11-15T11:24:39.352+0000][51730.510s][info ][safepoint     ] Leaving safepoint region
[2023-11-15T11:24:39.352+0000][51730.510s][info ][safepoint     ] Total time for which application threads were stopped: 0.0002633 seconds, Stopping threads took: 0.0000437 seconds
[2023-11-15T11:24:40.352+0000][51731.510s][debug][safepoint     ] Safepoint synchronization initiated. (202 threads)
[2023-11-15T11:24:40.352+0000][51731.510s][info ][safepoint     ] Application time: 1.0001676 seconds
[2023-11-15T11:24:40.352+0000][51731.510s][info ][safepoint     ] Entering safepoint region: Cleanup
[2023-11-15T11:24:40.353+0000][51731.511s][info ][safepoint     ] Leaving safepoint region
[2023-11-15T11:24:40.353+0000][51731.511s][info ][safepoint     ] Total time for which application threads were stopped: 0.0007931 seconds, Stopping threads took: 0.0005489 seconds
[2023-11-15T11:24:41.353+0000][51732.511s][debug][safepoint     ] Safepoint synchronization initiated. (202 threads)
[2023-11-15T11:24:41.353+0000][51732.511s][info ][safepoint     ] Application time: 1.0001395 seconds
[2023-11-15T11:24:41.353+0000][51732.511s][info ][safepoint     ] Entering safepoint region: Cleanup
[2023-11-15T11:24:41.354+0000][51732.512s][info ][safepoint     ] Leaving safepoint region
[2023-11-15T11:24:41.354+0000][51732.512s][info ][safepoint     ] Total time for which application threads were stopped: 0.0004476 seconds, Stopping threads took: 0.0001181 seconds
[2023-11-15T11:24:42.354+0000][51733.512s][debug][safepoint     ] Safepoint synchronization initiated. (202 threads)
[2023-11-15T11:24:42.354+0000][51733.512s][info ][safepoint     ] Application time: 1.0001628 seconds
[2023-11-15T11:24:42.354+0000][51733.512s][info ][safepoint     ] Entering safepoint region: Cleanup
[2023-11-15T11:24:42.354+0000][51733.512s][info ][safepoint     ] Leaving safepoint region
[2023-11-15T11:24:42.354+0000][51733.512s][info ][safepoint     ] Total time for which application threads were stopped: 0.0003805 seconds, Stopping threads took: 0.0000583 seconds
[2023-11-15T11:24:43.354+0000][51734.513s][debug][safepoint     ] Safepoint synchronization initiated. (202 threads)
[2023-11-15T11:24:43.354+0000][51734.513s][info ][safepoint     ] Application time: 1.0001540 seconds
[2023-11-15T11:24:43.355+0000][51734.513s][info ][safepoint     ] Entering safepoint region: Cleanup
[2023-11-15T11:24:43.355+0000][51734.513s][info ][safepoint     ] Leaving safepoint region
[2023-11-15T11:24:43.355+0000][51734.513s][info ][safepoint     ] Total time for which application threads were stopped: 0.0003675 seconds, Stopping threads took: 0.0000564 seconds
[2023-11-15T11:24:44.355+0000][51735.513s][debug][safepoint     ] Safepoint synchronization initiated. (202 threads)
[2023-11-15T11:24:44.355+0000][51735.513s][info ][safepoint     ] Application time: 1.0001542 seconds
[2023-11-15T11:24:44.355+0000][51735.513s][info ][safepoint     ] Entering safepoint region: Cleanup
[2023-11-15T11:24:44.355+0000][51735.513s][info ][safepoint     ] Leaving safepoint region
[2023-11-15T11:24:44.355+0000][51735.513s][info ][safepoint     ] Total time for which application threads were stopped: 0.0003653 seconds, Stopping threads took: 0.0000558 seconds
[2023-11-15T11:24:45.356+0000][51736.514s][debug][safepoint     ] Safepoint synchronization initiated. (202 threads)
[2023-11-15T11:24:45.356+0000][51736.514s][info ][safepoint     ] Application time: 1.0001415 seconds
[2023-11-15T11:24:45.356+0000][51736.514s][info ][safepoint     ] Entering safepoint region: Cleanup
[2023-11-15T11:24:45.356+0000][51736.514s][info ][safepoint     ] Leaving safepoint region
[2023-11-15T11:24:45.356+0000][51736.514s][info ][safepoint     ] Total time for which application threads were stopped: 0.0006529 seconds, Stopping threads took: 0.0003439 seconds
[2023-11-15T11:24:46.356+0000][51737.514s][debug][safepoint     ] Safepoint synchronization initiated. (202 threads)
[2023-11-15T11:24:46.356+0000][51737.514s][info ][safepoint     ] Application time: 1.0001465 seconds
[2023-11-15T11:24:46.356+0000][51737.515s][info ][safepoint     ] Entering safepoint region: Cleanup
[2023-11-15T11:24:46.357+0000][51737.515s][info ][safepoint     ] Leaving safepoint region
[2023-11-15T11:24:46.357+0000][51737.515s][info ][safepoint     ] Total time for which application threads were stopped: 0.0003708 seconds, Stopping threads took: 0.0000552 seconds
[2023-11-15T11:24:47.357+0000][51738.515s][debug][safepoint     ] Safepoint synchronization initiated. (202 threads)
[2023-11-15T11:24:47.357+0000][51738.515s][info ][safepoint     ] Application time: 1.0001514 seconds
[2023-11-15T11:24:47.357+0000][51738.515s][info ][safepoint     ] Entering safepoint region: Cleanup
[2023-11-15T11:24:47.357+0000][51738.515s][info ][safepoint     ] Leaving safepoint region
[2023-11-15T11:24:47.357+0000][51738.515s][info ][safepoint     ] Total time for which application threads were stopped: 0.0003744 seconds, Stopping threads took: 0.0000577 seconds
[2023-11-15T11:24:48.357+0000][51739.516s][debug][safepoint     ] Safepoint synchronization initiated. (202 threads)
[2023-11-15T11:24:48.358+0000][51739.516s][info ][safepoint     ] Application time: 1.0001529 seconds
[2023-11-15T11:24:48.358+0000][51739.516s][info ][safepoint     ] Entering safepoint region: Cleanup
[2023-11-15T11:24:48.358+0000][51739.516s][info ][safepoint     ] Leaving safepoint region
[2023-11-15T11:24:48.358+0000][51739.516s][info ][safepoint     ] Total time for which application threads were stopped: 0.0003979 seconds, Stopping threads took: 0.0000558 seconds
[2023-11-15T11:24:49.358+0000][51740.516s][debug][safepoint     ] Safepoint synchronization initiated. (202 threads)
[2023-11-15T11:24:49.358+0000][51740.516s][info ][safepoint     ] Application time: 1.0001806 seconds
[2023-11-15T11:24:49.358+0000][51740.516s][info ][safepoint     ] Entering safepoint region: Cleanup
[2023-11-15T11:24:49.359+0000][51740.517s][info ][safepoint     ] Leaving safepoint region
[2023-11-15T11:24:49.359+0000][51740.517s][info ][safepoint     ] Total time for which application threads were stopped: 0.0003811 seconds, Stopping threads took: 0.0000581 seconds
[2023-11-15T11:24:50.359+0000][51741.517s][debug][safepoint     ] Safepoint synchronization initiated. (202 threads)
[2023-11-15T11:24:50.359+0000][51741.517s][info ][safepoint     ] Application time: 1.0001556 seconds
[2023-11-15T11:24:50.359+0000][51741.517s][info ][safepoint     ] Entering safepoint region: Cleanup
[2023-11-15T11:24:50.359+0000][51741.517s][info ][safepoint     ] Leaving safepoint region
[2023-11-15T11:24:50.359+0000][51741.517s][info ][safepoint     ] Total time for which application threads were stopped: 0.0004600 seconds, Stopping threads took: 0.0002245 seconds
[2023-11-15T11:24:51.359+0000][51742.517s][debug][safepoint     ] Safepoint synchronization initiated. (202 threads)
[2023-11-15T11:24:51.359+0000][51742.517s][info ][safepoint     ] Application time: 1.0001553 seconds
[2023-11-15T11:24:51.359+0000][51742.518s][info ][safepoint     ] Entering safepoint region: Cleanup
[2023-11-15T11:24:51.360+0000][51742.518s][info ][safepoint     ] Leaving safepoint region
[2023-11-15T11:24:51.360+0000][51742.518s][info ][safepoint     ] Total time for which application threads were stopped: 0.0003322 seconds, Stopping threads took: 0.0000836 seconds
[2023-11-15T11:24:52.360+0000][51743.518s][debug][safepoint     ] Safepoint synchronization initiated. (202 threads)
[2023-11-15T11:24:52.360+0000][51743.518s][info ][safepoint     ] Application time: 1.0001491 seconds
[2023-11-15T11:24:52.360+0000][51743.518s][info ][safepoint     ] Entering safepoint region: Cleanup
[2023-11-15T11:24:52.360+0000][51743.518s][info ][safepoint     ] Leaving safepoint region
[2023-11-15T11:24:52.360+0000][51743.518s][info ][safepoint     ] Total time for which application threads were stopped: 0.0003778 seconds, Stopping threads took: 0.0000574 seconds
[2023-11-15T11:24:53.360+0000][51744.518s][debug][safepoint     ] Safepoint synchronization initiated. (202 threads)
[2023-11-15T11:24:53.360+0000][51744.519s][info ][safepoint     ] Application time: 1.0001672 seconds
[2023-11-15T11:24:53.361+0000][51744.519s][info ][safepoint     ] Entering safepoint region: Cleanup
[2023-11-15T11:24:53.361+0000][51744.519s][info ][safepoint     ] Leaving safepoint region
[2023-11-15T11:24:53.361+0000][51744.519s][info ][safepoint     ] Total time for which application threads were stopped: 0.0003717 seconds, Stopping threads took: 0.0000572 seconds
[2023-11-15T11:24:54.361+0000][51745.519s][debug][safepoint     ] Safepoint synchronization initiated. (202 threads)
[2023-11-15T11:24:54.361+0000][51745.519s][info ][safepoint     ] Application time: 1.0001547 seconds
[2023-11-15T11:24:54.361+0000][51745.519s][info ][safepoint     ] Entering safepoint region: Cleanup
[2023-11-15T11:24:54.361+0000][51745.519s][info ][safepoint     ] Leaving safepoint region
[2023-11-15T11:24:54.361+0000][51745.519s][info ][safepoint     ] Total time for which application threads were stopped: 0.0003782 seconds, Stopping threads took: 0.0000571 seconds
[2023-11-15T11:24:55.362+0000][51746.520s][debug][safepoint     ] Safepoint synchronization initiated. (202 threads)
[2023-11-15T11:24:55.362+0000][51746.520s][info ][safepoint     ] Application time: 1.0001356 seconds
[2023-11-15T11:24:55.362+0000][51746.520s][info ][safepoint     ] Entering safepoint region: Cleanup
[2023-11-15T11:24:55.362+0000][51746.520s][info ][safepoint     ] Leaving safepoint region
[2023-11-15T11:24:55.362+0000][51746.520s][info ][safepoint     ] Total time for which application threads were stopped: 0.0003631 seconds, Stopping threads took: 0.0000558 seconds
[2023-11-15T11:24:56.362+0000][51747.520s][debug][safepoint     ] Safepoint synchronization initiated. (202 threads)
[2023-11-15T11:24:56.362+0000][51747.520s][info ][safepoint     ] Application time: 1.0001763 seconds
[2023-11-15T11:24:56.362+0000][51747.520s][info ][safepoint     ] Entering safepoint region: Cleanup
[2023-11-15T11:24:56.362+0000][51747.521s][info ][safepoint     ] Leaving safepoint region
[2023-11-15T11:24:56.362+0000][51747.521s][info ][safepoint     ] Total time for which application threads were stopped: 0.0003144 seconds, Stopping threads took: 0.0000549 seconds
[2023-11-15T11:24:57.363+0000][51748.521s][debug][safepoint     ] Safepoint synchronization initiated. (202 threads)
[2023-11-15T11:24:57.363+0000][51748.521s][info ][safepoint     ] Application time: 1.0001639 seconds
[2023-11-15T11:24:57.363+0000][51748.521s][info ][safepoint     ] Entering safepoint region: Cleanup
[2023-11-15T11:24:57.363+0000][51748.521s][info ][safepoint     ] Leaving safepoint region
[2023-11-15T11:24:57.363+0000][51748.521s][info ][safepoint     ] Total time for which application threads were stopped: 0.0003889 seconds, Stopping threads took: 0.0000567 seconds
[2023-11-15T11:24:58.363+0000][51749.521s][debug][safepoint     ] Safepoint synchronization initiated. (202 threads)
[2023-11-15T11:24:58.363+0000][51749.521s][info ][safepoint     ] Application time: 1.0001518 seconds
[2023-11-15T11:24:58.363+0000][51749.521s][info ][safepoint     ] Entering safepoint region: Cleanup
[2023-11-15T11:24:58.364+0000][51749.522s][info ][safepoint     ] Leaving safepoint region
[2023-11-15T11:24:58.364+0000][51749.522s][debug][safepoint     ] ... found polling page return exception at pc = 0x00007fe180ff1766, stub =0x00007fe17883a800
[2023-11-15T11:24:58.364+0000][51749.522s][info ][safepoint     ] Total time for which application threads were stopped: 0.0003599 seconds, Stopping threads took: 0.0000563 seconds
[2023-11-15T11:24:59.364+0000][51750.522s][debug][safepoint     ] Safepoint synchronization initiated. (201 threads)
[2023-11-15T11:24:59.364+0000][51750.522s][info ][safepoint     ] Application time: 1.0001462 seconds
[2023-11-15T11:24:59.364+0000][51750.522s][info ][safepoint     ] Entering safepoint region: Cleanup
[2023-11-15T11:24:59.364+0000][51750.522s][info ][safepoint     ] Leaving safepoint region
[2023-11-15T11:24:59.364+0000][51750.522s][info ][safepoint     ] Total time for which application threads were stopped: 0.0003714 seconds, Stopping threads took: 0.0000529 seconds
[2023-11-15T11:25:00.364+0000][51751.522s][debug][safepoint     ] Safepoint synchronization initiated. (201 threads)
[2023-11-15T11:25:00.364+0000][51751.522s][info ][safepoint     ] Application time: 1.0001614 seconds
[2023-11-15T11:25:00.364+0000][51751.523s][info ][safepoint     ] Entering safepoint region: Cleanup
[2023-11-15T11:25:00.365+0000][51751.523s][info ][safepoint     ] Leaving safepoint region
[2023-11-15T11:25:00.365+0000][51751.523s][info ][safepoint     ] Total time for which application threads were stopped: 0.0002892 seconds, Stopping threads took: 0.0000554 seconds
[2023-11-15T11:25:01.365+0000][51752.523s][debug][safepoint     ] Safepoint synchronization initiated. (201 threads)
[2023-11-15T11:25:01.365+0000][51752.523s][info ][safepoint     ] Application time: 1.0001727 seconds
[2023-11-15T11:25:01.365+0000][51752.523s][info ][safepoint     ] Entering safepoint region: Cleanup
[2023-11-15T11:25:01.366+0000][51752.524s][info ][safepoint     ] Leaving safepoint region
[2023-11-15T11:25:01.366+0000][51752.524s][info ][safepoint     ] Total time for which application threads were stopped: 0.0007033 seconds, Stopping threads took: 0.0003774 seconds
[2023-11-15T11:25:02.366+0000][51753.524s][debug][safepoint     ] Safepoint synchronization initiated. (201 threads)
[2023-11-15T11:25:02.366+0000][51753.524s][info ][safepoint     ] Application time: 1.0001781 seconds
[2023-11-15T11:25:02.366+0000][51753.524s][info ][safepoint     ] Entering safepoint region: Cleanup
[2023-11-15T11:25:02.366+0000][51753.524s][info ][safepoint     ] Leaving safepoint region
[2023-11-15T11:25:02.366+0000][51753.524s][info ][safepoint     ] Total time for which application threads were stopped: 0.0003534 seconds, Stopping threads took: 0.0000553 seconds
[2023-11-15T11:25:03.366+0000][51754.524s][debug][safepoint     ] Safepoint synchronization initiated. (201 threads)
[2023-11-15T11:25:03.366+0000][51754.524s][info ][safepoint     ] Application time: 1.0001654 seconds
[2023-11-15T11:25:03.366+0000][51754.525s][info ][safepoint     ] Entering safepoint region: Cleanup
[2023-11-15T11:25:03.367+0000][51754.525s][info ][safepoint     ] Leaving safepoint region
[2023-11-15T11:25:03.367+0000][51754.525s][info ][safepoint     ] Total time for which application threads were stopped: 0.0003642 seconds, Stopping threads took: 0.0000556 seconds
[2023-11-15T11:25:04.367+0000][51755.525s][debug][safepoint     ] Safepoint synchronization initiated. (201 threads)
[2023-11-15T11:25:04.367+0000][51755.525s][info ][safepoint     ] Application time: 1.0001680 seconds
[2023-11-15T11:25:04.367+0000][51755.525s][info ][safepoint     ] Entering safepoint region: Cleanup
[2023-11-15T11:25:04.367+0000][51755.525s][info ][safepoint     ] Leaving safepoint region
[2023-11-15T11:25:04.367+0000][51755.525s][info ][safepoint     ] Total time for which application threads were stopped: 0.0003336 seconds, Stopping threads took: 0.0000542 seconds
[2023-11-15T11:25:05.367+0000][51756.526s][debug][safepoint     ] Safepoint synchronization initiated. (201 threads)
[2023-11-15T11:25:05.368+0000][51756.526s][info ][safepoint     ] Application time: 1.0001825 seconds
[2023-11-15T11:25:05.368+0000][51756.526s][info ][safepoint     ] Entering safepoint region: Cleanup
[2023-11-15T11:25:05.368+0000][51756.526s][info ][safepoint     ] Leaving safepoint region
[2023-11-15T11:25:05.368+0000][51756.526s][info ][safepoint     ] Total time for which application threads were stopped: 0.0003649 seconds, Stopping threads took: 0.0000550 seconds
[2023-11-15T11:25:06.368+0000][51757.526s][debug][safepoint     ] Safepoint synchronization initiated. (201 threads)
[2023-11-15T11:25:06.368+0000][51757.526s][info ][safepoint     ] Application time: 1.0001532 seconds
[2023-11-15T11:25:06.368+0000][51757.526s][info ][safepoint     ] Entering safepoint region: Cleanup
[2023-11-15T11:25:06.368+0000][51757.526s][info ][safepoint     ] Leaving safepoint region
[2023-11-15T11:25:06.368+0000][51757.527s][info ][safepoint     ] Total time for which application threads were stopped: 0.0003678 seconds, Stopping threads took: 0.0000545 seconds
[2023-11-15T11:25:07.369+0000][51758.527s][debug][safepoint     ] Safepoint synchronization initiated. (201 threads)
[2023-11-15T11:25:07.369+0000][51758.527s][info ][safepoint     ] Application time: 1.0001515 seconds
[2023-11-15T11:25:07.369+0000][51758.527s][info ][safepoint     ] Entering safepoint region: Cleanup
[2023-11-15T11:25:07.369+0000][51758.527s][info ][safepoint     ] Leaving safepoint region
[2023-11-15T11:25:07.369+0000][51758.527s][info ][safepoint     ] Total time for which application threads were stopped: 0.0003291 seconds, Stopping threads took: 0.0000631 seconds
[2023-11-15T11:25:08.369+0000][51759.527s][debug][safepoint     ] Safepoint synchronization initiated. (203 threads)
[2023-11-15T11:25:08.369+0000][51759.527s][info ][safepoint     ] Application time: 1.0001561 seconds
[2023-11-15T11:25:08.369+0000][51759.527s][info ][safepoint     ] Entering safepoint region: Cleanup
[2023-11-15T11:25:08.370+0000][51759.528s][info ][safepoint     ] Leaving safepoint region
[2023-11-15T11:25:08.370+0000][51759.528s][info ][safepoint     ] Total time for which application threads were stopped: 0.0004249 seconds, Stopping threads took: 0.0000575 seconds
[2023-11-15T11:25:09.370+0000][51760.528s][debug][safepoint     ] Safepoint synchronization initiated. (203 threads)
[2023-11-15T11:25:09.370+0000][51760.528s][info ][safepoint     ] Application time: 1.0001395 seconds
[2023-11-15T11:25:09.370+0000][51760.528s][info ][safepoint     ] Entering safepoint region: Cleanup
[2023-11-15T11:25:09.370+0000][51760.528s][info ][safepoint     ] Leaving safepoint region
[2023-11-15T11:25:09.370+0000][51760.528s][info ][safepoint     ] Total time for which application threads were stopped: 0.0003488 seconds, Stopping threads took: 0.0000575 seconds
[2023-11-15T11:25:10.370+0000][51761.528s][debug][safepoint     ] Safepoint synchronization initiated. (203 threads)
[2023-11-15T11:25:10.370+0000][51761.528s][info ][safepoint     ] Application time: 1.0001677 seconds
[2023-11-15T11:25:10.370+0000][51761.528s][info ][safepoint     ] Entering safepoint region: Cleanup
[2023-11-15T11:25:10.371+0000][51761.529s][info ][safepoint     ] Leaving safepoint region
[2023-11-15T11:25:10.371+0000][51761.529s][info ][safepoint     ] Total time for which application threads were stopped: 0.0003827 seconds, Stopping threads took: 0.0000571 seconds
[2023-11-15T11:25:11.371+0000][51762.529s][debug][safepoint     ] Safepoint synchronization initiated. (203 threads)
[2023-11-15T11:25:11.371+0000][51762.529s][info ][safepoint     ] Application time: 1.0001652 seconds
[2023-11-15T11:25:11.371+0000][51762.529s][info ][safepoint     ] Entering safepoint region: Cleanup
[2023-11-15T11:25:11.371+0000][51762.529s][info ][safepoint     ] Leaving safepoint region
[2023-11-15T11:25:11.371+0000][51762.529s][info ][safepoint     ] Total time for which application threads were stopped: 0.0003755 seconds, Stopping threads took: 0.0000566 seconds
[2023-11-15T11:25:12.371+0000][51763.529s][debug][safepoint     ] Safepoint synchronization initiated. (203 threads)
[2023-11-15T11:25:12.371+0000][51763.530s][info ][safepoint     ] Application time: 1.0001852 seconds
[2023-11-15T11:25:12.372+0000][51763.530s][info ][safepoint     ] Entering safepoint region: Cleanup
[2023-11-15T11:25:12.372+0000][51763.530s][info ][safepoint     ] Leaving safepoint region
[2023-11-15T11:25:12.372+0000][51763.530s][info ][safepoint     ] Total time for which application threads were stopped: 0.0003417 seconds, Stopping threads took: 0.0000588 seconds
[2023-11-15T11:25:13.372+0000][51764.530s][debug][safepoint     ] Safepoint synchronization initiated. (203 threads)
[2023-11-15T11:25:13.372+0000][51764.530s][info ][safepoint     ] Application time: 1.0001481 seconds
[2023-11-15T11:25:13.372+0000][51764.530s][info ][safepoint     ] Entering safepoint region: Cleanup
[2023-11-15T11:25:13.372+0000][51764.530s][info ][safepoint     ] Leaving safepoint region
[2023-11-15T11:25:13.372+0000][51764.530s][info ][safepoint     ] Total time for which application threads were stopped: 0.0002727 seconds, Stopping threads took: 0.0000631 seconds
[2023-11-15T11:25:14.372+0000][51765.530s][debug][safepoint     ] Safepoint synchronization initiated. (203 threads)
[2023-11-15T11:25:14.372+0000][51765.531s][info ][safepoint     ] Application time: 1.0001439 seconds
[2023-11-15T11:25:14.373+0000][51765.531s][info ][safepoint     ] Entering safepoint region: Cleanup
[2023-11-15T11:25:14.373+0000][51765.531s][info ][safepoint     ] Leaving safepoint region
[2023-11-15T11:25:14.373+0000][51765.531s][info ][safepoint     ] Total time for which application threads were stopped: 0.0003182 seconds, Stopping threads took: 0.0000577 seconds
[2023-11-15T11:25:15.373+0000][51766.531s][debug][safepoint     ] Safepoint synchronization initiated. (203 threads)
[2023-11-15T11:25:15.373+0000][51766.531s][info ][safepoint     ] Application time: 1.0001689 seconds
[2023-11-15T11:25:15.373+0000][51766.531s][info ][safepoint     ] Entering safepoint region: Cleanup
[2023-11-15T11:25:15.373+0000][51766.531s][info ][safepoint     ] Leaving safepoint region
[2023-11-15T11:25:15.373+0000][51766.531s][info ][safepoint     ] Total time for which application threads were stopped: 0.0003834 seconds, Stopping threads took: 0.0000598 seconds
[2023-11-15T11:25:16.373+0000][51767.532s][debug][safepoint     ] Safepoint synchronization initiated. (203 threads)
[2023-11-15T11:25:16.374+0000][51767.532s][info ][safepoint     ] Application time: 1.0001354 seconds
[2023-11-15T11:25:16.374+0000][51767.532s][info ][safepoint     ] Entering safepoint region: Cleanup
[2023-11-15T11:25:16.374+0000][51767.532s][info ][safepoint     ] Leaving safepoint region
[2023-11-15T11:25:16.374+0000][51767.532s][info ][safepoint     ] Total time for which application threads were stopped: 0.0003136 seconds, Stopping threads took: 0.0001175 seconds
[2023-11-15T11:25:17.374+0000][51768.532s][debug][safepoint     ] Safepoint synchronization initiated. (203 threads)
[2023-11-15T11:25:17.374+0000][51768.532s][info ][safepoint     ] Application time: 1.0001720 seconds
[2023-11-15T11:25:17.374+0000][51768.532s][info ][safepoint     ] Entering safepoint region: Cleanup
[2023-11-15T11:25:17.374+0000][51768.532s][info ][safepoint     ] Leaving safepoint region
[2023-11-15T11:25:17.374+0000][51768.532s][info ][safepoint     ] Total time for which application threads were stopped: 0.0003733 seconds, Stopping threads took: 0.0000582 seconds
[2023-11-15T11:25:18.375+0000][51769.533s][debug][safepoint     ] Safepoint synchronization initiated. (203 threads)
[2023-11-15T11:25:18.375+0000][51769.533s][info ][safepoint     ] Application time: 1.0001703 seconds
[2023-11-15T11:25:18.375+0000][51769.533s][info ][safepoint     ] Entering safepoint region: Cleanup
[2023-11-15T11:25:18.375+0000][51769.533s][info ][safepoint     ] Leaving safepoint region
[2023-11-15T11:25:18.375+0000][51769.533s][info ][safepoint     ] Total time for which application threads were stopped: 0.0003755 seconds, Stopping threads took: 0.0000583 seconds
[2023-11-15T11:25:19.375+0000][51770.533s][debug][safepoint     ] Safepoint synchronization initiated. (203 threads)
[2023-11-15T11:25:19.375+0000][51770.533s][info ][safepoint     ] Application time: 1.0001531 seconds
[2023-11-15T11:25:19.375+0000][51770.533s][info ][safepoint     ] Entering safepoint region: Cleanup
[2023-11-15T11:25:19.376+0000][51770.534s][info ][safepoint     ] Leaving safepoint region
[2023-11-15T11:25:19.376+0000][51770.534s][info ][safepoint     ] Total time for which application threads were stopped: 0.0003518 seconds, Stopping threads took: 0.0000579 seconds
[2023-11-15T11:25:20.376+0000][51771.534s][debug][safepoint     ] Safepoint synchronization initiated. (203 threads)
[2023-11-15T11:25:20.376+0000][51771.534s][info ][safepoint     ] Application time: 1.0001515 seconds
[2023-11-15T11:25:20.376+0000][51771.534s][info ][safepoint     ] Entering safepoint region: Cleanup
[2023-11-15T11:25:20.376+0000][51771.534s][info ][safepoint     ] Leaving safepoint region
[2023-11-15T11:25:20.376+0000][51771.534s][info ][safepoint     ] Total time for which application threads were stopped: 0.0003729 seconds, Stopping threads took: 0.0000579 seconds
[2023-11-15T11:25:21.376+0000][51772.534s][debug][safepoint     ] Safepoint synchronization initiated. (203 threads)
[2023-11-15T11:25:21.376+0000][51772.534s][info ][safepoint     ] Application time: 1.0001671 seconds
[2023-11-15T11:25:21.376+0000][51772.534s][info ][safepoint     ] Entering safepoint region: Cleanup
[2023-11-15T11:25:21.377+0000][51772.535s][info ][safepoint     ] Leaving safepoint region
[2023-11-15T11:25:21.377+0000][51772.535s][info ][safepoint     ] Total time for which application threads were stopped: 0.0005186 seconds, Stopping threads took: 0.0002787 seconds
[2023-11-15T11:25:22.377+0000][51773.535s][debug][safepoint     ] Safepoint synchronization initiated. (203 threads)
[2023-11-15T11:25:22.377+0000][51773.535s][info ][safepoint     ] Application time: 1.0001896 seconds
[2023-11-15T11:25:22.377+0000][51773.535s][info ][safepoint     ] Entering safepoint region: Cleanup
[2023-11-15T11:25:22.377+0000][51773.535s][info ][safepoint     ] Leaving safepoint region
[2023-11-15T11:25:22.377+0000][51773.536s][info ][safepoint     ] Total time for which application threads were stopped: 0.0003825 seconds, Stopping threads took: 0.0000609 seconds
[2023-11-15T11:25:23.378+0000][51774.536s][debug][safepoint     ] Safepoint synchronization initiated. (203 threads)
[2023-11-15T11:25:23.378+0000][51774.536s][info ][safepoint     ] Application time: 1.0001184 seconds
[2023-11-15T11:25:23.378+0000][51774.536s][info ][safepoint     ] Entering safepoint region: Cleanup
[2023-11-15T11:25:23.378+0000][51774.536s][info ][safepoint     ] Leaving safepoint region
[2023-11-15T11:25:23.378+0000][51774.536s][info ][safepoint     ] Total time for which application threads were stopped: 0.0002793 seconds, Stopping threads took: 0.0000606 seconds
[2023-11-15T11:25:24.378+0000][51775.536s][debug][safepoint     ] Safepoint synchronization initiated. (203 threads)
[2023-11-15T11:25:24.378+0000][51775.536s][info ][safepoint     ] Application time: 1.0001770 seconds
[2023-11-15T11:25:24.378+0000][51775.536s][info ][safepoint     ] Entering safepoint region: Cleanup
[2023-11-15T11:25:24.378+0000][51775.537s][info ][safepoint     ] Leaving safepoint region
[2023-11-15T11:25:24.378+0000][51775.537s][info ][safepoint     ] Total time for which application threads were stopped: 0.0003832 seconds, Stopping threads took: 0.0000591 seconds
[2023-11-15T11:25:25.379+0000][51776.537s][debug][safepoint     ] Safepoint synchronization initiated. (203 threads)
[2023-11-15T11:25:25.379+0000][51776.537s][info ][safepoint     ] Application time: 1.0001454 seconds
[2023-11-15T11:25:25.379+0000][51776.537s][info ][safepoint     ] Entering safepoint region: Cleanup
[2023-11-15T11:25:25.379+0000][51776.537s][info ][safepoint     ] Leaving safepoint region
[2023-11-15T11:25:25.379+0000][51776.537s][info ][safepoint     ] Total time for which application threads were stopped: 0.0003805 seconds, Stopping threads took: 0.0000605 seconds
[2023-11-15T11:25:26.379+0000][51777.537s][debug][safepoint     ] Safepoint synchronization initiated. (203 threads)
[2023-11-15T11:25:26.379+0000][51777.537s][info ][safepoint     ] Application time: 1.0001758 seconds
[2023-11-15T11:25:26.379+0000][51777.537s][info ][safepoint     ] Entering safepoint region: Cleanup
[2023-11-15T11:25:26.380+0000][51777.538s][info ][safepoint     ] Leaving safepoint region
[2023-11-15T11:25:26.380+0000][51777.538s][info ][safepoint     ] Total time for which application threads were stopped: 0.0005864 seconds, Stopping threads took: 0.0003143 seconds
[2023-11-15T11:25:27.380+0000][51778.538s][debug][safepoint     ] Safepoint synchronization initiated. (203 threads)
[2023-11-15T11:25:27.380+0000][51778.538s][info ][safepoint     ] Application time: 1.0001855 seconds
[2023-11-15T11:25:27.380+0000][51778.538s][info ][safepoint     ] Entering safepoint region: Cleanup
[2023-11-15T11:25:27.380+0000][51778.538s][info ][safepoint     ] Leaving safepoint region
[2023-11-15T11:25:27.380+0000][51778.539s][info ][safepoint     ] Total time for which application threads were stopped: 0.0003880 seconds, Stopping threads took: 0.0000602 seconds
[2023-11-15T11:25:28.381+0000][51779.539s][debug][safepoint     ] Safepoint synchronization initiated. (203 threads)
[2023-11-15T11:25:28.381+0000][51779.539s][info ][safepoint     ] Application time: 1.0001615 seconds
[2023-11-15T11:25:28.381+0000][51779.539s][info ][safepoint     ] Entering safepoint region: Cleanup
[2023-11-15T11:25:28.381+0000][51779.539s][info ][safepoint     ] Leaving safepoint region
[2023-11-15T11:25:28.381+0000][51779.539s][info ][safepoint     ] Total time for which application threads were stopped: 0.0003821 seconds, Stopping threads took: 0.0000607 seconds
[2023-11-15T11:25:29.381+0000][51780.539s][debug][safepoint     ] Safepoint synchronization initiated. (203 threads)
[2023-11-15T11:25:29.381+0000][51780.539s][info ][safepoint     ] Application time: 1.0001654 seconds
[2023-11-15T11:25:29.381+0000][51780.539s][info ][safepoint     ] Entering safepoint region: Cleanup
[2023-11-15T11:25:29.382+0000][51780.540s][info ][safepoint     ] Leaving safepoint region
[2023-11-15T11:25:29.382+0000][51780.540s][info ][safepoint     ] Total time for which application threads were stopped: 0.0003807 seconds, Stopping threads took: 0.0000601 seconds
[2023-11-15T11:25:30.382+0000][51781.540s][debug][safepoint     ] Safepoint synchronization initiated. (203 threads)
[2023-11-15T11:25:30.382+0000][51781.540s][info ][safepoint     ] Application time: 1.0001759 seconds
[2023-11-15T11:25:30.382+0000][51781.540s][info ][safepoint     ] Entering safepoint region: Cleanup
[2023-11-15T11:25:30.382+0000][51781.540s][info ][safepoint     ] Leaving safepoint region
[2023-11-15T11:25:30.382+0000][51781.540s][info ][safepoint     ] Total time for which application threads were stopped: 0.0004107 seconds, Stopping threads took: 0.0000876 seconds
[2023-11-15T11:25:31.382+0000][51782.540s][debug][safepoint     ] Safepoint synchronization initiated. (203 threads)
[2023-11-15T11:25:31.382+0000][51782.541s][info ][safepoint     ] Application time: 1.0001837 seconds
[2023-11-15T11:25:31.383+0000][51782.541s][info ][safepoint     ] Entering safepoint region: Cleanup
[2023-11-15T11:25:31.383+0000][51782.541s][info ][safepoint     ] Leaving safepoint region
[2023-11-15T11:25:31.383+0000][51782.541s][info ][safepoint     ] Total time for which application threads were stopped: 0.0006197 seconds, Stopping threads took: 0.0002993 seconds
[2023-11-15T11:25:32.383+0000][51783.541s][debug][safepoint     ] Safepoint synchronization initiated. (203 threads)
[2023-11-15T11:25:32.383+0000][51783.541s][info ][safepoint     ] Application time: 1.0001441 seconds
[2023-11-15T11:25:32.383+0000][51783.541s][info ][safepoint     ] Entering safepoint region: Cleanup
[2023-11-15T11:25:32.384+0000][51783.542s][info ][safepoint     ] Leaving safepoint region
[2023-11-15T11:25:32.384+0000][51783.542s][info ][safepoint     ] Total time for which application threads were stopped: 0.0003132 seconds, Stopping threads took: 0.0000607 seconds
[2023-11-15T11:25:33.384+0000][51784.542s][debug][safepoint     ] Safepoint synchronization initiated. (203 threads)
[2023-11-15T11:25:33.384+0000][51784.542s][info ][safepoint     ] Application time: 1.0001639 seconds
[2023-11-15T11:25:33.384+0000][51784.542s][info ][safepoint     ] Entering safepoint region: Cleanup
[2023-11-15T11:25:33.384+0000][51784.542s][info ][safepoint     ] Leaving safepoint region
[2023-11-15T11:25:33.384+0000][51784.542s][info ][safepoint     ] Total time for which application threads were stopped: 0.0003184 seconds, Stopping threads took: 0.0000609 seconds
[2023-11-15T11:25:34.384+0000][51785.542s][debug][safepoint     ] Safepoint synchronization initiated. (203 threads)
[2023-11-15T11:25:34.384+0000][51785.542s][info ][safepoint     ] Application time: 1.0001680 seconds
[2023-11-15T11:25:34.384+0000][51785.542s][info ][safepoint     ] Entering safepoint region: Cleanup
[2023-11-15T11:25:34.385+0000][51785.543s][info ][safepoint     ] Leaving safepoint region
[2023-11-15T11:25:34.385+0000][51785.543s][info ][safepoint     ] Total time for which application threads were stopped: 0.0003197 seconds, Stopping threads took: 0.0000602 seconds
[2023-11-15T11:25:35.385+0000][51786.543s][debug][safepoint     ] Safepoint synchronization initiated. (203 threads)
[2023-11-15T11:25:35.385+0000][51786.543s][info ][safepoint     ] Application time: 1.0001567 seconds
[2023-11-15T11:25:35.385+0000][51786.543s][info ][safepoint     ] Entering safepoint region: Cleanup
[2023-11-15T11:25:35.385+0000][51786.543s][info ][safepoint     ] Leaving safepoint region
[2023-11-15T11:25:35.385+0000][51786.543s][info ][safepoint     ] Total time for which application threads were stopped: 0.0003803 seconds, Stopping threads took: 0.0000578 seconds
[2023-11-15T11:25:36.385+0000][51787.543s][debug][safepoint     ] Safepoint synchronization initiated. (203 threads)
[2023-11-15T11:25:36.386+0000][51787.544s][info ][safepoint     ] Application time: 1.0004738 seconds
[2023-11-15T11:25:36.386+0000][51787.544s][info ][safepoint     ] Entering safepoint region: Cleanup
[2023-11-15T11:25:36.386+0000][51787.544s][info ][safepoint     ] Leaving safepoint region
[2023-11-15T11:25:36.386+0000][51787.544s][info ][safepoint     ] Total time for which application threads were stopped: 0.0003579 seconds, Stopping threads took: 0.0000576 seconds
[2023-11-15T11:25:37.386+0000][51788.544s][debug][safepoint     ] Safepoint synchronization initiated. (203 threads)
[2023-11-15T11:25:37.386+0000][51788.544s][info ][safepoint     ] Application time: 1.0001547 seconds
[2023-11-15T11:25:37.386+0000][51788.544s][info ][safepoint     ] Entering safepoint region: Cleanup
[2023-11-15T11:25:37.387+0000][51788.545s][info ][safepoint     ] Leaving safepoint region
[2023-11-15T11:25:37.387+0000][51788.545s][info ][safepoint     ] Total time for which application threads were stopped: 0.0003791 seconds, Stopping threads took: 0.0000586 seconds
[2023-11-15T11:25:38.387+0000][51789.545s][debug][safepoint     ] Safepoint synchronization initiated. (203 threads)
[2023-11-15T11:25:38.387+0000][51789.545s][info ][safepoint     ] Application time: 1.0001607 seconds
[2023-11-15T11:25:38.387+0000][51789.545s][info ][safepoint     ] Entering safepoint region: Cleanup
[2023-11-15T11:25:38.387+0000][51789.545s][info ][safepoint     ] Leaving safepoint region
[2023-11-15T11:25:38.387+0000][51789.545s][info ][safepoint     ] Total time for which application threads were stopped: 0.0003753 seconds, Stopping threads took: 0.0000574 seconds
[2023-11-15T11:25:39.387+0000][51790.545s][debug][safepoint     ] Safepoint synchronization initiated. (203 threads)
[2023-11-15T11:25:39.387+0000][51790.545s][info ][safepoint     ] Application time: 1.0001562 seconds
[2023-11-15T11:25:39.387+0000][51790.546s][info ][safepoint     ] Entering safepoint region: Cleanup
[2023-11-15T11:25:39.388+0000][51790.546s][info ][safepoint     ] Leaving safepoint region
[2023-11-15T11:25:39.388+0000][51790.546s][info ][safepoint     ] Total time for which application threads were stopped: 0.0003980 seconds, Stopping threads took: 0.0000820 seconds
[2023-11-15T11:25:40.388+0000][51791.546s][debug][safepoint     ] Safepoint synchronization initiated. (203 threads)
[2023-11-15T11:25:40.388+0000][51791.546s][info ][safepoint     ] Application time: 1.0001705 seconds
[2023-11-15T11:25:40.388+0000][51791.546s][info ][safepoint     ] Entering safepoint region: Cleanup
[2023-11-15T11:25:40.388+0000][51791.546s][info ][safepoint     ] Leaving safepoint region
[2023-11-15T11:25:40.388+0000][51791.546s][info ][safepoint     ] Total time for which application threads were stopped: 0.0002901 seconds, Stopping threads took: 0.0000582 seconds
[2023-11-15T11:25:41.388+0000][51792.547s][debug][safepoint     ] Safepoint synchronization initiated. (203 threads)
[2023-11-15T11:25:41.389+0000][51792.547s][info ][safepoint     ] Application time: 1.0001598 seconds
[2023-11-15T11:25:41.389+0000][51792.547s][info ][safepoint     ] Entering safepoint region: Cleanup
[2023-11-15T11:25:41.389+0000][51792.547s][info ][safepoint     ] Leaving safepoint region
[2023-11-15T11:25:41.389+0000][51792.547s][info ][safepoint     ] Total time for which application threads were stopped: 0.0005083 seconds, Stopping threads took: 0.0002210 seconds
[2023-11-15T11:25:42.389+0000][51793.547s][debug][safepoint     ] Safepoint synchronization initiated. (203 threads)
[2023-11-15T11:25:42.389+0000][51793.547s][info ][safepoint     ] Application time: 1.0001516 seconds
[2023-11-15T11:25:42.389+0000][51793.547s][info ][safepoint     ] Entering safepoint region: Cleanup
[2023-11-15T11:25:42.390+0000][51793.548s][info ][safepoint     ] Leaving safepoint region
[2023-11-15T11:25:42.390+0000][51793.548s][info ][safepoint     ] Total time for which application threads were stopped: 0.0003729 seconds, Stopping threads took: 0.0000566 seconds
[2023-11-15T11:25:43.390+0000][51794.548s][debug][safepoint     ] Safepoint synchronization initiated. (203 threads)
[2023-11-15T11:25:43.390+0000][51794.548s][info ][safepoint     ] Application time: 1.0001810 seconds
[2023-11-15T11:25:43.390+0000][51794.548s][info ][safepoint     ] Entering safepoint region: Cleanup
[2023-11-15T11:25:43.390+0000][51794.548s][info ][safepoint     ] Leaving safepoint region
[2023-11-15T11:25:43.390+0000][51794.548s][info ][safepoint     ] Total time for which application threads were stopped: 0.0003423 seconds, Stopping threads took: 0.0000575 seconds
[2023-11-15T11:25:44.390+0000][51795.548s][debug][safepoint     ] Safepoint synchronization initiated. (203 threads)
[2023-11-15T11:25:44.390+0000][51795.548s][info ][safepoint     ] Application time: 1.0001687 seconds
[2023-11-15T11:25:44.390+0000][51795.548s][info ][safepoint     ] Entering safepoint region: Cleanup
[2023-11-15T11:25:44.391+0000][51795.549s][info ][safepoint     ] Leaving safepoint region
[2023-11-15T11:25:44.391+0000][51795.549s][info ][safepoint     ] Total time for which application threads were stopped: 0.0003671 seconds, Stopping threads took: 0.0000571 seconds
[2023-11-15T11:25:45.391+0000][51796.549s][debug][safepoint     ] Safepoint synchronization initiated. (203 threads)
[2023-11-15T11:25:45.391+0000][51796.549s][info ][safepoint     ] Application time: 1.0001696 seconds
[2023-11-15T11:25:45.391+0000][51796.549s][info ][safepoint     ] Entering safepoint region: Cleanup
[2023-11-15T11:25:45.391+0000][51796.549s][info ][safepoint     ] Leaving safepoint region
[2023-11-15T11:25:45.391+0000][51796.549s][info ][safepoint     ] Total time for which application threads were stopped: 0.0003723 seconds, Stopping threads took: 0.0000566 seconds
[2023-11-15T11:25:46.391+0000][51797.550s][debug][safepoint     ] Safepoint synchronization initiated. (203 threads)
[2023-11-15T11:25:46.392+0000][51797.550s][info ][safepoint     ] Application time: 1.0001734 seconds
[2023-11-15T11:25:46.392+0000][51797.550s][info ][safepoint     ] Entering safepoint region: Cleanup
[2023-11-15T11:25:46.392+0000][51797.550s][info ][safepoint     ] Leaving safepoint region
[2023-11-15T11:25:46.392+0000][51797.550s][info ][safepoint     ] Total time for which application threads were stopped: 0.0005442 seconds, Stopping threads took: 0.0003064 seconds
[2023-11-15T11:25:47.392+0000][51798.550s][debug][safepoint     ] Safepoint synchronization initiated. (203 threads)
[2023-11-15T11:25:47.392+0000][51798.550s][info ][safepoint     ] Application time: 1.0001585 seconds
[2023-11-15T11:25:47.392+0000][51798.550s][info ][safepoint     ] Entering safepoint region: Cleanup
[2023-11-15T11:25:47.393+0000][51798.551s][info ][safepoint     ] Leaving safepoint region
[2023-11-15T11:25:47.393+0000][51798.551s][info ][safepoint     ] Total time for which application threads were stopped: 0.0002929 seconds, Stopping threads took: 0.0000594 seconds
[2023-11-15T11:25:48.393+0000][51799.551s][debug][safepoint     ] Safepoint synchronization initiated. (203 threads)
[2023-11-15T11:25:48.393+0000][51799.551s][info ][safepoint     ] Application time: 1.0001566 seconds
[2023-11-15T11:25:48.393+0000][51799.551s][info ][safepoint     ] Entering safepoint region: Cleanup
[2023-11-15T11:25:48.393+0000][51799.551s][info ][safepoint     ] Leaving safepoint region
[2023-11-15T11:25:48.393+0000][51799.551s][info ][safepoint     ] Total time for which application threads were stopped: 0.0002961 seconds, Stopping threads took: 0.0000599 seconds
[2023-11-15T11:25:49.393+0000][51800.551s][debug][safepoint     ] Safepoint synchronization initiated. (203 threads)
[2023-11-15T11:25:49.393+0000][51800.551s][info ][safepoint     ] Application time: 1.0001427 seconds
[2023-11-15T11:25:49.393+0000][51800.551s][info ][safepoint     ] Entering safepoint region: Cleanup
[2023-11-15T11:25:49.394+0000][51800.552s][info ][safepoint     ] Leaving safepoint region
[2023-11-15T11:25:49.394+0000][51800.552s][info ][safepoint     ] Total time for which application threads were stopped: 0.0003255 seconds, Stopping threads took: 0.0000601 seconds
[2023-11-15T11:25:50.394+0000][51801.552s][debug][safepoint     ] Safepoint synchronization initiated. (202 threads)
[2023-11-15T11:25:50.394+0000][51801.552s][info ][safepoint     ] Application time: 1.0001623 seconds
[2023-11-15T11:25:50.394+0000][51801.552s][info ][safepoint     ] Entering safepoint region: Cleanup
[2023-11-15T11:25:50.394+0000][51801.552s][info ][safepoint     ] Leaving safepoint region
[2023-11-15T11:25:50.394+0000][51801.552s][info ][safepoint     ] Total time for which application threads were stopped: 0.0003209 seconds, Stopping threads took: 0.0000612 seconds
[2023-11-15T11:25:51.394+0000][51802.552s][debug][safepoint     ] Safepoint synchronization initiated. (202 threads)
[2023-11-15T11:25:51.394+0000][51802.552s][info ][safepoint     ] Application time: 1.0001858 seconds
[2023-11-15T11:25:51.394+0000][51802.552s][info ][safepoint     ] Entering safepoint region: Cleanup
[2023-11-15T11:25:51.395+0000][51802.553s][info ][safepoint     ] Leaving safepoint region
[2023-11-15T11:25:51.395+0000][51802.553s][info ][safepoint     ] Total time for which application threads were stopped: 0.0002896 seconds, Stopping threads took: 0.0000583 seconds
[2023-11-15T11:25:52.395+0000][51803.553s][debug][safepoint     ] Safepoint synchronization initiated. (202 threads)
[2023-11-15T11:25:52.395+0000][51803.553s][info ][safepoint     ] Application time: 1.0001527 seconds
[2023-11-15T11:25:52.395+0000][51803.553s][info ][safepoint     ] Entering safepoint region: Cleanup
[2023-11-15T11:25:52.395+0000][51803.553s][info ][safepoint     ] Leaving safepoint region
[2023-11-15T11:25:52.395+0000][51803.553s][info ][safepoint     ] Total time for which application threads were stopped: 0.0003773 seconds, Stopping threads took: 0.0000569 seconds
[2023-11-15T11:25:53.395+0000][51804.553s][debug][safepoint     ] Safepoint synchronization initiated. (202 threads)
[2023-11-15T11:25:53.395+0000][51804.553s][info ][safepoint     ] Application time: 1.0001691 seconds
[2023-11-15T11:25:53.395+0000][51804.553s][info ][safepoint     ] Entering safepoint region: Cleanup
[2023-11-15T11:25:53.396+0000][51804.554s][info ][safepoint     ] Leaving safepoint region
[2023-11-15T11:25:53.396+0000][51804.554s][info ][safepoint     ] Total time for which application threads were stopped: 0.0003765 seconds, Stopping threads took: 0.0000569 seconds
[2023-11-15T11:25:54.396+0000][51805.554s][debug][safepoint     ] Safepoint synchronization initiated. (202 threads)
[2023-11-15T11:25:54.396+0000][51805.554s][info ][safepoint     ] Application time: 1.0001509 seconds
[2023-11-15T11:25:54.396+0000][51805.554s][info ][safepoint     ] Entering safepoint region: Cleanup
[2023-11-15T11:25:54.396+0000][51805.554s][info ][safepoint     ] Leaving safepoint region
[2023-11-15T11:25:54.396+0000][51805.554s][info ][safepoint     ] Total time for which application threads were stopped: 0.0003252 seconds, Stopping threads took: 0.0000578 seconds
[2023-11-15T11:25:55.396+0000][51806.554s][debug][safepoint     ] Safepoint synchronization initiated. (202 threads)
[2023-11-15T11:25:55.396+0000][51806.555s][info ][safepoint     ] Application time: 1.0001644 seconds
[2023-11-15T11:25:55.396+0000][51806.555s][info ][safepoint     ] Entering safepoint region: Cleanup
[2023-11-15T11:25:55.397+0000][51806.555s][info ][safepoint     ] Leaving safepoint region
[2023-11-15T11:25:55.397+0000][51806.555s][info ][safepoint     ] Total time for which application threads were stopped: 0.0003740 seconds, Stopping threads took: 0.0000579 seconds
[2023-11-15T11:25:56.397+0000][51807.555s][debug][safepoint     ] Safepoint synchronization initiated. (202 threads)
[2023-11-15T11:25:56.397+0000][51807.555s][info ][safepoint     ] Application time: 1.0001630 seconds
[2023-11-15T11:25:56.397+0000][51807.555s][info ][safepoint     ] Entering safepoint region: Cleanup
[2023-11-15T11:25:56.397+0000][51807.555s][info ][safepoint     ] Leaving safepoint region
[2023-11-15T11:25:56.397+0000][51807.555s][info ][safepoint     ] Total time for which application threads were stopped: 0.0003743 seconds, Stopping threads took: 0.0000548 seconds
[2023-11-15T11:25:57.398+0000][51808.556s][debug][safepoint     ] Safepoint synchronization initiated. (202 threads)
[2023-11-15T11:25:57.398+0000][51808.556s][info ][safepoint     ] Application time: 1.0001648 seconds
[2023-11-15T11:25:57.398+0000][51808.556s][info ][safepoint     ] Entering safepoint region: Cleanup
[2023-11-15T11:25:57.398+0000][51808.556s][info ][safepoint     ] Leaving safepoint region
[2023-11-15T11:25:57.398+0000][51808.556s][info ][safepoint     ] Total time for which application threads were stopped: 0.0003743 seconds, Stopping threads took: 0.0000577 seconds
[2023-11-15T11:25:58.398+0000][51809.556s][debug][safepoint     ] Safepoint synchronization initiated. (202 threads)
[2023-11-15T11:25:58.398+0000][51809.556s][info ][safepoint     ] Application time: 1.0001811 seconds
[2023-11-15T11:25:58.398+0000][51809.556s][info ][safepoint     ] Entering safepoint region: Cleanup
[2023-11-15T11:25:58.399+0000][51809.557s][info ][safepoint     ] Leaving safepoint region
[2023-11-15T11:25:58.399+0000][51809.557s][info ][safepoint     ] Total time for which application threads were stopped: 0.0003772 seconds, Stopping threads took: 0.0000585 seconds
[2023-11-15T11:25:59.399+0000][51810.557s][debug][safepoint     ] Safepoint synchronization initiated. (202 threads)
[2023-11-15T11:25:59.399+0000][51810.557s][info ][safepoint     ] Application time: 1.0001587 seconds
[2023-11-15T11:25:59.399+0000][51810.557s][info ][safepoint     ] Entering safepoint region: Cleanup
[2023-11-15T11:25:59.399+0000][51810.557s][info ][safepoint     ] Leaving safepoint region
[2023-11-15T11:25:59.399+0000][51810.557s][info ][safepoint     ] Total time for which application threads were stopped: 0.0003735 seconds, Stopping threads took: 0.0000563 seconds
[2023-11-15T11:26:00.399+0000][51811.557s][debug][safepoint     ] Safepoint synchronization initiated. (202 threads)
[2023-11-15T11:26:00.399+0000][51811.557s][info ][safepoint     ] Application time: 1.0001718 seconds
[2023-11-15T11:26:00.399+0000][51811.557s][info ][safepoint     ] Entering safepoint region: Cleanup
[2023-11-15T11:26:00.400+0000][51811.558s][info ][safepoint     ] Leaving safepoint region
[2023-11-15T11:26:00.400+0000][51811.558s][info ][safepoint     ] Total time for which application threads were stopped: 0.0003198 seconds, Stopping threads took: 0.0000572 seconds
[2023-11-15T11:26:01.400+0000][51812.558s][debug][safepoint     ] Safepoint synchronization initiated. (202 threads)
[2023-11-15T11:26:01.400+0000][51812.558s][info ][safepoint     ] Application time: 1.0001458 seconds
[2023-11-15T11:26:01.400+0000][51812.558s][info ][safepoint     ] Entering safepoint region: Cleanup
[2023-11-15T11:26:01.400+0000][51812.558s][info ][safepoint     ] Leaving safepoint region
[2023-11-15T11:26:01.400+0000][51812.558s][info ][safepoint     ] Total time for which application threads were stopped: 0.0005264 seconds, Stopping threads took: 0.0002321 seconds
[2023-11-15T11:26:02.400+0000][51813.559s][debug][safepoint     ] Safepoint synchronization initiated. (202 threads)
[2023-11-15T11:26:02.401+0000][51813.559s][info ][safepoint     ] Application time: 1.0001524 seconds
[2023-11-15T11:26:02.401+0000][51813.559s][info ][safepoint     ] Entering safepoint region: Cleanup
[2023-11-15T11:26:02.401+0000][51813.559s][info ][safepoint     ] Leaving safepoint region
[2023-11-15T11:26:02.401+0000][51813.559s][info ][safepoint     ] Total time for which application threads were stopped: 0.0003719 seconds, Stopping threads took: 0.0000565 seconds
[2023-11-15T11:26:03.401+0000][51814.559s][debug][safepoint     ] Safepoint synchronization initiated. (202 threads)
[2023-11-15T11:26:03.401+0000][51814.559s][info ][safepoint     ] Application time: 1.0001635 seconds
[2023-11-15T11:26:03.401+0000][51814.559s][info ][safepoint     ] Entering safepoint region: Cleanup
[2023-11-15T11:26:03.401+0000][51814.560s][info ][safepoint     ] Leaving safepoint region
[2023-11-15T11:26:03.401+0000][51814.560s][info ][safepoint     ] Total time for which application threads were stopped: 0.0003619 seconds, Stopping threads took: 0.0000570 seconds
[2023-11-15T11:26:04.402+0000][51815.560s][debug][safepoint     ] Safepoint synchronization initiated. (202 threads)
[2023-11-15T11:26:04.402+0000][51815.560s][info ][safepoint     ] Application time: 1.0001584 seconds
[2023-11-15T11:26:04.402+0000][51815.560s][info ][safepoint     ] Entering safepoint region: Cleanup
[2023-11-15T11:26:04.402+0000][51815.560s][info ][safepoint     ] Leaving safepoint region
[2023-11-15T11:26:04.402+0000][51815.560s][info ][safepoint     ] Total time for which application threads were stopped: 0.0002968 seconds, Stopping threads took: 0.0000608 seconds
[2023-11-15T11:26:05.402+0000][51816.560s][debug][safepoint     ] Safepoint synchronization initiated. (202 threads)
[2023-11-15T11:26:05.402+0000][51816.560s][info ][safepoint     ] Application time: 1.0001876 seconds
[2023-11-15T11:26:05.402+0000][51816.560s][debug][safepoint     ] ... found polling page return exception at pc = 0x00007fe180930dc4, stub =0x00007fe17883a800
[2023-11-15T11:26:05.402+0000][51816.560s][debug][safepoint     ] Waiting for 1 thread(s) to block
[2023-11-15T11:26:05.402+0000][51816.560s][info ][safepoint     ] Entering safepoint region: Cleanup
[2023-11-15T11:26:05.403+0000][51816.561s][info ][safepoint     ] Leaving safepoint region
[2023-11-15T11:26:05.403+0000][51816.561s][info ][safepoint     ] Total time for which application threads were stopped: 0.0005052 seconds, Stopping threads took: 0.0001874 seconds
[2023-11-15T11:26:06.403+0000][51817.561s][debug][safepoint     ] Safepoint synchronization initiated. (202 threads)
[2023-11-15T11:26:06.403+0000][51817.561s][info ][safepoint     ] Application time: 1.0001592 seconds
[2023-11-15T11:26:06.403+0000][51817.561s][info ][safepoint     ] Entering safepoint region: Cleanup
[2023-11-15T11:26:06.403+0000][51817.561s][info ][safepoint     ] Leaving safepoint region
[2023-11-15T11:26:06.403+0000][51817.562s][info ][safepoint     ] Total time for which application threads were stopped: 0.0005552 seconds, Stopping threads took: 0.0002988 seconds
[2023-11-15T11:26:07.404+0000][51818.562s][debug][safepoint     ] Safepoint synchronization initiated. (202 threads)
[2023-11-15T11:26:07.404+0000][51818.562s][info ][safepoint     ] Application time: 1.0001493 seconds
[2023-11-15T11:26:07.404+0000][51818.562s][info ][safepoint     ] Entering safepoint region: Cleanup
[2023-11-15T11:26:07.404+0000][51818.562s][info ][safepoint     ] Leaving safepoint region
[2023-11-15T11:26:07.404+0000][51818.562s][info ][safepoint     ] Total time for which application threads were stopped: 0.0003850 seconds, Stopping threads took: 0.0000605 seconds
[2023-11-15T11:26:08.404+0000][51819.562s][debug][safepoint     ] Safepoint synchronization initiated. (199 threads)
[2023-11-15T11:26:08.404+0000][51819.562s][info ][safepoint     ] Application time: 1.0001645 seconds
[2023-11-15T11:26:08.404+0000][51819.562s][info ][safepoint     ] Entering safepoint region: Cleanup
[2023-11-15T11:26:08.405+0000][51819.563s][info ][safepoint     ] Leaving safepoint region
[2023-11-15T11:26:08.405+0000][51819.563s][info ][safepoint     ] Total time for which application threads were stopped: 0.0003893 seconds, Stopping threads took: 0.0000617 seconds
[2023-11-15T11:26:09.405+0000][51820.563s][debug][safepoint     ] Safepoint synchronization initiated. (199 threads)
[2023-11-15T11:26:09.405+0000][51820.563s][info ][safepoint     ] Application time: 1.0001649 seconds
[2023-11-15T11:26:09.405+0000][51820.563s][info ][safepoint     ] Entering safepoint region: Cleanup
[2023-11-15T11:26:09.405+0000][51820.563s][info ][safepoint     ] Leaving safepoint region
[2023-11-15T11:26:09.405+0000][51820.563s][info ][safepoint     ] Total time for which application threads were stopped: 0.0003879 seconds, Stopping threads took: 0.0000625 seconds
[2023-11-15T11:26:10.405+0000][51821.563s][debug][safepoint     ] Safepoint synchronization initiated. (199 threads)
[2023-11-15T11:26:10.405+0000][51821.563s][info ][safepoint     ] Application time: 1.0001634 seconds
[2023-11-15T11:26:10.405+0000][51821.564s][info ][safepoint     ] Entering safepoint region: Cleanup
[2023-11-15T11:26:10.406+0000][51821.564s][info ][safepoint     ] Leaving safepoint region
[2023-11-15T11:26:10.406+0000][51821.564s][info ][safepoint     ] Total time for which application threads were stopped: 0.0003820 seconds, Stopping threads took: 0.0000588 seconds
[2023-11-15T11:26:11.406+0000][51822.564s][debug][safepoint     ] Safepoint synchronization initiated. (199 threads)
[2023-11-15T11:26:11.406+0000][51822.564s][info ][safepoint     ] Application time: 1.0001648 seconds
[2023-11-15T11:26:11.406+0000][51822.564s][info ][safepoint     ] Entering safepoint region: Cleanup
[2023-11-15T11:26:11.406+0000][51822.564s][info ][safepoint     ] Leaving safepoint region
[2023-11-15T11:26:11.406+0000][51822.564s][info ][safepoint     ] Total time for which application threads were stopped: 0.0003830 seconds, Stopping threads took: 0.0001003 seconds
[2023-11-15T11:26:12.407+0000][51823.565s][debug][safepoint     ] Safepoint synchronization initiated. (199 threads)
[2023-11-15T11:26:12.407+0000][51823.565s][info ][safepoint     ] Application time: 1.0001638 seconds
[2023-11-15T11:26:12.407+0000][51823.565s][info ][safepoint     ] Entering safepoint region: Cleanup
[2023-11-15T11:26:12.407+0000][51823.565s][info ][safepoint     ] Leaving safepoint region
[2023-11-15T11:26:12.407+0000][51823.565s][info ][safepoint     ] Total time for which application threads were stopped: 0.0003092 seconds, Stopping threads took: 0.0000644 seconds
[2023-11-15T11:26:13.407+0000][51824.565s][debug][safepoint     ] Safepoint synchronization initiated. (199 threads)
[2023-11-15T11:26:13.407+0000][51824.565s][info ][safepoint     ] Application time: 1.0001526 seconds
[2023-11-15T11:26:13.407+0000][51824.565s][info ][safepoint     ] Entering safepoint region: Cleanup
[2023-11-15T11:26:13.407+0000][51824.565s][info ][safepoint     ] Leaving safepoint region
[2023-11-15T11:26:13.407+0000][51824.565s][info ][safepoint     ] Total time for which application threads were stopped: 0.0003441 seconds, Stopping threads took: 0.0000559 seconds
[2023-11-15T11:26:14.408+0000][51825.566s][debug][safepoint     ] Safepoint synchronization initiated. (199 threads)
[2023-11-15T11:26:14.408+0000][51825.566s][info ][safepoint     ] Application time: 1.0001358 seconds
[2023-11-15T11:26:14.408+0000][51825.566s][info ][safepoint     ] Entering safepoint region: Cleanup
[2023-11-15T11:26:14.408+0000][51825.566s][info ][safepoint     ] Leaving safepoint region
[2023-11-15T11:26:14.408+0000][51825.566s][info ][safepoint     ] Total time for which application threads were stopped: 0.0003768 seconds, Stopping threads took: 0.0000567 seconds
[2023-11-15T11:26:15.408+0000][51826.566s][debug][safepoint     ] Safepoint synchronization initiated. (199 threads)
[2023-11-15T11:26:15.408+0000][51826.566s][info ][safepoint     ] Application time: 1.0001584 seconds
[2023-11-15T11:26:15.408+0000][51826.566s][debug][safepoint     ] ... found polling page return exception at pc = 0x00007fe1805c6c1b, stub =0x00007fe17883a800
[2023-11-15T11:26:15.408+0000][51826.566s][debug][safepoint     ] Waiting for 1 thread(s) to block
[2023-11-15T11:26:15.408+0000][51826.566s][info ][safepoint     ] Entering safepoint region: Cleanup
[2023-11-15T11:26:15.409+0000][51826.567s][info ][safepoint     ] Leaving safepoint region
[2023-11-15T11:26:15.409+0000][51826.567s][info ][safepoint     ] Total time for which application threads were stopped: 0.0004869 seconds, Stopping threads took: 0.0001794 seconds
[2023-11-15T11:26:16.409+0000][51827.567s][debug][safepoint     ] Safepoint synchronization initiated. (199 threads)
[2023-11-15T11:26:16.409+0000][51827.567s][info ][safepoint     ] Application time: 1.0001728 seconds
[2023-11-15T11:26:16.409+0000][51827.567s][info ][safepoint     ] Entering safepoint region: Cleanup
[2023-11-15T11:26:16.409+0000][51827.567s][info ][safepoint     ] Leaving safepoint region
[2023-11-15T11:26:16.409+0000][51827.567s][info ][safepoint     ] Total time for which application threads were stopped: 0.0003684 seconds, Stopping threads took: 0.0000554 seconds
[2023-11-15T11:26:17.409+0000][51828.567s][debug][safepoint     ] Safepoint synchronization initiated. (199 threads)
[2023-11-15T11:26:17.409+0000][51828.568s][info ][safepoint     ] Application time: 1.0001733 seconds
[2023-11-15T11:26:17.410+0000][51828.568s][info ][safepoint     ] Entering safepoint region: Cleanup
[2023-11-15T11:26:17.410+0000][51828.568s][info ][safepoint     ] Leaving safepoint region
[2023-11-15T11:26:17.410+0000][51828.568s][info ][safepoint     ] Total time for which application threads were stopped: 0.0003290 seconds, Stopping threads took: 0.0000584 seconds
[2023-11-15T11:26:18.410+0000][51829.568s][debug][safepoint     ] Safepoint synchronization initiated. (199 threads)
[2023-11-15T11:26:18.410+0000][51829.568s][info ][safepoint     ] Application time: 1.0001970 seconds
[2023-11-15T11:26:18.410+0000][51829.568s][info ][safepoint     ] Entering safepoint region: Cleanup
[2023-11-15T11:26:18.410+0000][51829.568s][info ][safepoint     ] Leaving safepoint region
[2023-11-15T11:26:18.410+0000][51829.568s][info ][safepoint     ] Total time for which application threads were stopped: 0.0002816 seconds, Stopping threads took: 0.0000589 seconds
[2023-11-15T11:26:19.410+0000][51830.569s][debug][safepoint     ] Safepoint synchronization initiated. (199 threads)
[2023-11-15T11:26:19.411+0000][51830.569s][info ][safepoint     ] Application time: 1.0001604 seconds
[2023-11-15T11:26:19.411+0000][51830.569s][info ][safepoint     ] Entering safepoint region: Cleanup
[2023-11-15T11:26:19.411+0000][51830.569s][info ][safepoint     ] Leaving safepoint region
[2023-11-15T11:26:19.411+0000][51830.569s][info ][safepoint     ] Total time for which application threads were stopped: 0.0002882 seconds, Stopping threads took: 0.0000581 seconds
[2023-11-15T11:26:20.411+0000][51831.569s][debug][safepoint     ] Safepoint synchronization initiated. (199 threads)
[2023-11-15T11:26:20.411+0000][51831.569s][info ][safepoint     ] Application time: 1.0001650 seconds
[2023-11-15T11:26:20.411+0000][51831.569s][info ][safepoint     ] Entering safepoint region: Cleanup
[2023-11-15T11:26:20.411+0000][51831.569s][info ][safepoint     ] Leaving safepoint region
[2023-11-15T11:26:20.411+0000][51831.569s][info ][safepoint     ] Total time for which application threads were stopped: 0.0003835 seconds, Stopping threads took: 0.0000570 seconds
[2023-11-15T11:26:21.411+0000][51832.570s][debug][safepoint     ] Safepoint synchronization initiated. (198 threads)
[2023-11-15T11:26:21.412+0000][51832.570s][info ][safepoint     ] Application time: 1.0000958 seconds
[2023-11-15T11:26:21.412+0000][51832.570s][info ][safepoint     ] Entering safepoint region: Cleanup
[2023-11-15T11:26:21.412+0000][51832.570s][info ][safepoint     ] Leaving safepoint region
[2023-11-15T11:26:21.412+0000][51832.570s][info ][safepoint     ] Total time for which application threads were stopped: 0.0002254 seconds, Stopping threads took: 0.0000435 seconds
[2023-11-15T11:26:22.412+0000][51833.570s][debug][safepoint     ] Safepoint synchronization initiated. (199 threads)
[2023-11-15T11:26:22.412+0000][51833.570s][info ][safepoint     ] Application time: 1.0001364 seconds
[2023-11-15T11:26:22.412+0000][51833.570s][info ][safepoint     ] Entering safepoint region: Cleanup
[2023-11-15T11:26:22.413+0000][51833.571s][info ][safepoint     ] Leaving safepoint region
[2023-11-15T11:26:22.413+0000][51833.571s][info ][safepoint     ] Total time for which application threads were stopped: 0.0006221 seconds, Stopping threads took: 0.0002422 seconds
[2023-11-15T11:26:23.413+0000][51834.571s][debug][safepoint     ] Safepoint synchronization initiated. (200 threads)
[2023-11-15T11:26:23.413+0000][51834.571s][info ][safepoint     ] Application time: 1.0001438 seconds
[2023-11-15T11:26:23.413+0000][51834.571s][info ][safepoint     ] Entering safepoint region: Cleanup
[2023-11-15T11:26:23.413+0000][51834.571s][info ][safepoint     ] Leaving safepoint region
[2023-11-15T11:26:23.413+0000][51834.571s][info ][safepoint     ] Total time for which application threads were stopped: 0.0003441 seconds, Stopping threads took: 0.0000560 seconds
[2023-11-15T11:26:24.413+0000][51835.571s][debug][safepoint     ] Safepoint synchronization initiated. (200 threads)
[2023-11-15T11:26:24.413+0000][51835.571s][info ][safepoint     ] Application time: 1.0001499 seconds
[2023-11-15T11:26:24.413+0000][51835.571s][info ][safepoint     ] Entering safepoint region: Cleanup
[2023-11-15T11:26:24.414+0000][51835.572s][info ][safepoint     ] Leaving safepoint region
[2023-11-15T11:26:24.414+0000][51835.572s][info ][safepoint     ] Total time for which application threads were stopped: 0.0003662 seconds, Stopping threads took: 0.0000564 seconds
[2023-11-15T11:26:25.414+0000][51836.572s][debug][safepoint     ] Safepoint synchronization initiated. (200 threads)
[2023-11-15T11:26:25.414+0000][51836.572s][info ][safepoint     ] Application time: 1.0001641 seconds
[2023-11-15T11:26:25.414+0000][51836.572s][info ][safepoint     ] Entering safepoint region: Cleanup
[2023-11-15T11:26:25.414+0000][51836.572s][info ][safepoint     ] Leaving safepoint region
[2023-11-15T11:26:25.414+0000][51836.572s][info ][safepoint     ] Total time for which application threads were stopped: 0.0003672 seconds, Stopping threads took: 0.0000556 seconds
[2023-11-15T11:26:26.414+0000][51837.572s][debug][safepoint     ] Safepoint synchronization initiated. (200 threads)
[2023-11-15T11:26:26.414+0000][51837.572s][info ][safepoint     ] Application time: 1.0001497 seconds
[2023-11-15T11:26:26.414+0000][51837.573s][info ][safepoint     ] Entering safepoint region: Cleanup
[2023-11-15T11:26:26.415+0000][51837.573s][info ][safepoint     ] Leaving safepoint region
[2023-11-15T11:26:26.415+0000][51837.573s][info ][safepoint     ] Total time for which application threads were stopped: 0.0003590 seconds, Stopping threads took: 0.0000543 seconds
[2023-11-15T11:26:27.415+0000][51838.573s][debug][safepoint     ] Safepoint synchronization initiated. (200 threads)
[2023-11-15T11:26:27.415+0000][51838.573s][info ][safepoint     ] Application time: 1.0001695 seconds
[2023-11-15T11:26:27.415+0000][51838.573s][info ][safepoint     ] Entering safepoint region: Cleanup
[2023-11-15T11:26:27.416+0000][51838.574s][info ][safepoint     ] Leaving safepoint region
[2023-11-15T11:26:27.416+0000][51838.574s][info ][safepoint     ] Total time for which application threads were stopped: 0.0007186 seconds, Stopping threads took: 0.0005047 seconds
[2023-11-15T11:26:28.416+0000][51839.574s][debug][safepoint     ] Safepoint synchronization initiated. (200 threads)
[2023-11-15T11:26:28.416+0000][51839.574s][info ][safepoint     ] Application time: 1.0001494 seconds
[2023-11-15T11:26:28.416+0000][51839.574s][info ][safepoint     ] Entering safepoint region: Cleanup
[2023-11-15T11:26:28.416+0000][51839.574s][info ][safepoint     ] Leaving safepoint region
[2023-11-15T11:26:28.416+0000][51839.574s][info ][safepoint     ] Total time for which application threads were stopped: 0.0003658 seconds, Stopping threads took: 0.0000552 seconds
[2023-11-15T11:26:29.416+0000][51840.574s][debug][safepoint     ] Safepoint synchronization initiated. (200 threads)
[2023-11-15T11:26:29.416+0000][51840.574s][info ][safepoint     ] Application time: 1.0001524 seconds
[2023-11-15T11:26:29.416+0000][51840.575s][info ][safepoint     ] Entering safepoint region: Cleanup
[2023-11-15T11:26:29.417+0000][51840.575s][info ][safepoint     ] Leaving safepoint region
[2023-11-15T11:26:29.417+0000][51840.575s][info ][safepoint     ] Total time for which application threads were stopped: 0.0003589 seconds, Stopping threads took: 0.0000543 seconds
[2023-11-15T11:26:30.417+0000][51841.575s][debug][safepoint     ] Safepoint synchronization initiated. (200 threads)
[2023-11-15T11:26:30.417+0000][51841.575s][info ][safepoint     ] Application time: 1.0001511 seconds
[2023-11-15T11:26:30.417+0000][51841.575s][info ][safepoint     ] Entering safepoint region: Cleanup
[2023-11-15T11:26:30.417+0000][51841.575s][info ][safepoint     ] Leaving safepoint region
[2023-11-15T11:26:30.417+0000][51841.575s][info ][safepoint     ] Total time for which application threads were stopped: 0.0003615 seconds, Stopping threads took: 0.0000560 seconds
[2023-11-15T11:26:31.417+0000][51842.576s][debug][safepoint     ] Safepoint synchronization initiated. (200 threads)
[2023-11-15T11:26:31.418+0000][51842.576s][info ][safepoint     ] Application time: 1.0001561 seconds
[2023-11-15T11:26:31.418+0000][51842.576s][info ][safepoint     ] Entering safepoint region: Cleanup
[2023-11-15T11:26:31.418+0000][51842.576s][info ][safepoint     ] Leaving safepoint region
[2023-11-15T11:26:31.418+0000][51842.576s][info ][safepoint     ] Total time for which application threads were stopped: 0.0003767 seconds, Stopping threads took: 0.0000632 seconds
[2023-11-15T11:26:32.418+0000][51843.576s][debug][safepoint     ] Safepoint synchronization initiated. (200 threads)
[2023-11-15T11:26:32.418+0000][51843.576s][info ][safepoint     ] Application time: 1.0001588 seconds
[2023-11-15T11:26:32.418+0000][51843.576s][info ][safepoint     ] Entering safepoint region: Cleanup
[2023-11-15T11:26:32.419+0000][51843.577s][info ][safepoint     ] Leaving safepoint region
[2023-11-15T11:26:32.419+0000][51843.577s][info ][safepoint     ] Total time for which application threads were stopped: 0.0004895 seconds, Stopping threads took: 0.0001459 seconds
[2023-11-15T11:26:33.419+0000][51844.577s][debug][safepoint     ] Safepoint synchronization initiated. (200 threads)
[2023-11-15T11:26:33.419+0000][51844.577s][info ][safepoint     ] Application time: 1.0001541 seconds
[2023-11-15T11:26:33.419+0000][51844.577s][info ][safepoint     ] Entering safepoint region: Cleanup
[2023-11-15T11:26:33.419+0000][51844.577s][info ][safepoint     ] Leaving safepoint region
[2023-11-15T11:26:33.419+0000][51844.577s][info ][safepoint     ] Total time for which application threads were stopped: 0.0003653 seconds, Stopping threads took: 0.0000529 seconds
[2023-11-15T11:26:34.419+0000][51845.577s][debug][safepoint     ] Safepoint synchronization initiated. (200 threads)
[2023-11-15T11:26:34.419+0000][51845.577s][info ][safepoint     ] Application time: 1.0001584 seconds
[2023-11-15T11:26:34.419+0000][51845.577s][info ][safepoint     ] Entering safepoint region: Cleanup
[2023-11-15T11:26:34.420+0000][51845.578s][info ][safepoint     ] Leaving safepoint region
[2023-11-15T11:26:34.420+0000][51845.578s][info ][safepoint     ] Total time for which application threads were stopped: 0.0002799 seconds, Stopping threads took: 0.0000564 seconds
[2023-11-15T11:26:35.420+0000][51846.578s][debug][safepoint     ] Safepoint synchronization initiated. (200 threads)
[2023-11-15T11:26:35.420+0000][51846.578s][info ][safepoint     ] Application time: 1.0001661 seconds
[2023-11-15T11:26:35.420+0000][51846.578s][info ][safepoint     ] Entering safepoint region: Cleanup
[2023-11-15T11:26:35.420+0000][51846.578s][info ][safepoint     ] Leaving safepoint region
[2023-11-15T11:26:35.420+0000][51846.578s][info ][safepoint     ] Total time for which application threads were stopped: 0.0003708 seconds, Stopping threads took: 0.0000551 seconds
[2023-11-15T11:26:36.420+0000][51847.578s][debug][safepoint     ] Safepoint synchronization initiated. (200 threads)
[2023-11-15T11:26:36.420+0000][51847.578s][info ][safepoint     ] Application time: 1.0001535 seconds
[2023-11-15T11:26:36.420+0000][51847.579s][info ][safepoint     ] Entering safepoint region: Cleanup
[2023-11-15T11:26:36.421+0000][51847.579s][info ][safepoint     ] Leaving safepoint region
[2023-11-15T11:26:36.421+0000][51847.579s][info ][safepoint     ] Total time for which application threads were stopped: 0.0003309 seconds, Stopping threads took: 0.0000570 seconds
[2023-11-15T11:26:37.421+0000][51848.579s][debug][safepoint     ] Safepoint synchronization initiated. (200 threads)
[2023-11-15T11:26:37.421+0000][51848.579s][info ][safepoint     ] Application time: 1.0001514 seconds
[2023-11-15T11:26:37.421+0000][51848.579s][info ][safepoint     ] Entering safepoint region: Cleanup
[2023-11-15T11:26:37.421+0000][51848.580s][info ][safepoint     ] Leaving safepoint region
[2023-11-15T11:26:37.421+0000][51848.580s][info ][safepoint     ] Total time for which application threads were stopped: 0.0005680 seconds, Stopping threads took: 0.0002613 seconds
[2023-11-15T11:26:38.422+0000][51849.580s][debug][safepoint     ] Safepoint synchronization initiated. (200 threads)
[2023-11-15T11:26:38.422+0000][51849.580s][info ][safepoint     ] Application time: 1.0001377 seconds
[2023-11-15T11:26:38.422+0000][51849.580s][info ][safepoint     ] Entering safepoint region: Cleanup
[2023-11-15T11:26:38.422+0000][51849.580s][info ][safepoint     ] Leaving safepoint region
[2023-11-15T11:26:38.422+0000][51849.580s][info ][safepoint     ] Total time for which application threads were stopped: 0.0003668 seconds, Stopping threads took: 0.0000572 seconds
[2023-11-15T11:26:39.422+0000][51850.580s][debug][safepoint     ] Safepoint synchronization initiated. (200 threads)
[2023-11-15T11:26:39.422+0000][51850.580s][info ][safepoint     ] Application time: 1.0001588 seconds
[2023-11-15T11:26:39.422+0000][51850.580s][info ][safepoint     ] Entering safepoint region: Cleanup
[2023-11-15T11:26:39.423+0000][51850.581s][info ][safepoint     ] Leaving safepoint region
[2023-11-15T11:26:39.423+0000][51850.581s][info ][safepoint     ] Total time for which application threads were stopped: 0.0003813 seconds, Stopping threads took: 0.0000571 seconds
[2023-11-15T11:26:40.423+0000][51851.581s][debug][safepoint     ] Safepoint synchronization initiated. (200 threads)
[2023-11-15T11:26:40.423+0000][51851.581s][info ][safepoint     ] Application time: 1.0001663 seconds
[2023-11-15T11:26:40.423+0000][51851.581s][info ][safepoint     ] Entering safepoint region: Cleanup
[2023-11-15T11:26:40.423+0000][51851.581s][info ][safepoint     ] Leaving safepoint region
[2023-11-15T11:26:40.423+0000][51851.581s][info ][safepoint     ] Total time for which application threads were stopped: 0.0003620 seconds, Stopping threads took: 0.0000571 seconds
[2023-11-15T11:26:41.423+0000][51852.581s][debug][safepoint     ] Safepoint synchronization initiated. (200 threads)
[2023-11-15T11:26:41.423+0000][51852.581s][info ][safepoint     ] Application time: 1.0001505 seconds
[2023-11-15T11:26:41.423+0000][51852.581s][info ][safepoint     ] Entering safepoint region: Cleanup
[2023-11-15T11:26:41.424+0000][51852.582s][info ][safepoint     ] Leaving safepoint region
[2023-11-15T11:26:41.424+0000][51852.582s][info ][safepoint     ] Total time for which application threads were stopped: 0.0002885 seconds, Stopping threads took: 0.0000579 seconds
[2023-11-15T11:26:42.424+0000][51853.582s][debug][safepoint     ] Safepoint synchronization initiated. (200 threads)
[2023-11-15T11:26:42.424+0000][51853.582s][info ][safepoint     ] Application time: 1.0001508 seconds
[2023-11-15T11:26:42.424+0000][51853.582s][info ][safepoint     ] Entering safepoint region: Cleanup
[2023-11-15T11:26:42.424+0000][51853.582s][info ][safepoint     ] Leaving safepoint region
[2023-11-15T11:26:42.424+0000][51853.582s][info ][safepoint     ] Total time for which application threads were stopped: 0.0004852 seconds, Stopping threads took: 0.0002055 seconds
[2023-11-15T11:26:43.424+0000][51854.583s][debug][safepoint     ] Safepoint synchronization initiated. (200 threads)
[2023-11-15T11:26:43.424+0000][51854.583s][info ][safepoint     ] Application time: 1.0001456 seconds
[2023-11-15T11:26:43.425+0000][51854.583s][info ][safepoint     ] Entering safepoint region: Cleanup
[2023-11-15T11:26:43.425+0000][51854.583s][info ][safepoint     ] Leaving safepoint region
[2023-11-15T11:26:43.425+0000][51854.583s][info ][safepoint     ] Total time for which application threads were stopped: 0.0003716 seconds, Stopping threads took: 0.0000574 seconds
[2023-11-15T11:26:44.425+0000][51855.583s][debug][safepoint     ] Safepoint synchronization initiated. (200 threads)
[2023-11-15T11:26:44.425+0000][51855.583s][info ][safepoint     ] Application time: 1.0001445 seconds
[2023-11-15T11:26:44.425+0000][51855.583s][info ][safepoint     ] Entering safepoint region: Cleanup
[2023-11-15T11:26:44.425+0000][51855.583s][info ][safepoint     ] Leaving safepoint region
[2023-11-15T11:26:44.425+0000][51855.584s][info ][safepoint     ] Total time for which application threads were stopped: 0.0003691 seconds, Stopping threads took: 0.0000572 seconds
[2023-11-15T11:26:45.426+0000][51856.584s][debug][safepoint     ] Safepoint synchronization initiated. (200 threads)
[2023-11-15T11:26:45.426+0000][51856.584s][info ][safepoint     ] Application time: 1.0001552 seconds
[2023-11-15T11:26:45.426+0000][51856.584s][info ][safepoint     ] Entering safepoint region: Cleanup
[2023-11-15T11:26:45.426+0000][51856.584s][info ][safepoint     ] Leaving safepoint region
[2023-11-15T11:26:45.426+0000][51856.584s][info ][safepoint     ] Total time for which application threads were stopped: 0.0003852 seconds, Stopping threads took: 0.0000548 seconds
[2023-11-15T11:26:46.426+0000][51857.584s][debug][safepoint     ] Safepoint synchronization initiated. (200 threads)
[2023-11-15T11:26:46.426+0000][51857.584s][info ][safepoint     ] Application time: 1.0001542 seconds
[2023-11-15T11:26:46.426+0000][51857.584s][info ][safepoint     ] Entering safepoint region: Cleanup
[2023-11-15T11:26:46.427+0000][51857.585s][info ][safepoint     ] Leaving safepoint region
[2023-11-15T11:26:46.427+0000][51857.585s][info ][safepoint     ] Total time for which application threads were stopped: 0.0003602 seconds, Stopping threads took: 0.0000538 seconds
[2023-11-15T11:26:47.427+0000][51858.585s][debug][safepoint     ] Safepoint synchronization initiated. (200 threads)
[2023-11-15T11:26:47.427+0000][51858.585s][info ][safepoint     ] Application time: 1.0001552 seconds
[2023-11-15T11:26:47.427+0000][51858.585s][info ][safepoint     ] Entering safepoint region: Cleanup
[2023-11-15T11:26:47.427+0000][51858.585s][info ][safepoint     ] Leaving safepoint region
[2023-11-15T11:26:47.427+0000][51858.585s][info ][safepoint     ] Total time for which application threads were stopped: 0.0005196 seconds, Stopping threads took: 0.0001725 seconds
[2023-11-15T11:26:48.427+0000][51859.585s][debug][safepoint     ] Safepoint synchronization initiated. (200 threads)
[2023-11-15T11:26:48.427+0000][51859.586s][info ][safepoint     ] Application time: 1.0001477 seconds
[2023-11-15T11:26:48.428+0000][51859.586s][info ][safepoint     ] Entering safepoint region: Cleanup
[2023-11-15T11:26:48.428+0000][51859.586s][info ][safepoint     ] Leaving safepoint region
[2023-11-15T11:26:48.428+0000][51859.586s][info ][safepoint     ] Total time for which application threads were stopped: 0.0003724 seconds, Stopping threads took: 0.0000575 seconds
[2023-11-15T11:26:49.428+0000][51860.586s][debug][safepoint     ] Safepoint synchronization initiated. (200 threads)
[2023-11-15T11:26:49.428+0000][51860.586s][info ][safepoint     ] Application time: 1.0001498 seconds
[2023-11-15T11:26:49.428+0000][51860.586s][info ][safepoint     ] Entering safepoint region: Cleanup
[2023-11-15T11:26:49.428+0000][51860.586s][info ][safepoint     ] Leaving safepoint region
[2023-11-15T11:26:49.428+0000][51860.586s][info ][safepoint     ] Total time for which application threads were stopped: 0.0002789 seconds, Stopping threads took: 0.0000556 seconds
[2023-11-15T11:26:50.428+0000][51861.586s][debug][safepoint     ] Safepoint synchronization initiated. (199 threads)
[2023-11-15T11:26:50.428+0000][51861.587s][info ][safepoint     ] Application time: 1.0001490 seconds
[2023-11-15T11:26:50.429+0000][51861.587s][info ][safepoint     ] Entering safepoint region: Cleanup
[2023-11-15T11:26:50.429+0000][51861.587s][info ][safepoint     ] Leaving safepoint region
[2023-11-15T11:26:50.429+0000][51861.587s][info ][safepoint     ] Total time for which application threads were stopped: 0.0003676 seconds, Stopping threads took: 0.0000559 seconds
[2023-11-15T11:26:51.429+0000][51862.587s][debug][safepoint     ] Safepoint synchronization initiated. (199 threads)
[2023-11-15T11:26:51.429+0000][51862.587s][info ][safepoint     ] Application time: 1.0001545 seconds
[2023-11-15T11:26:51.429+0000][51862.587s][info ][safepoint     ] Entering safepoint region: Cleanup
[2023-11-15T11:26:51.429+0000][51862.587s][info ][safepoint     ] Leaving safepoint region
[2023-11-15T11:26:51.429+0000][51862.587s][info ][safepoint     ] Total time for which application threads were stopped: 0.0002351 seconds, Stopping threads took: 0.0000566 seconds
[2023-11-15T11:26:52.429+0000][51863.587s][debug][safepoint     ] Safepoint synchronization initiated. (199 threads)
[2023-11-15T11:26:52.429+0000][51863.588s][info ][safepoint     ] Application time: 1.0001530 seconds
[2023-11-15T11:26:52.430+0000][51863.588s][info ][safepoint     ] Entering safepoint region: Cleanup
[2023-11-15T11:26:52.430+0000][51863.588s][info ][safepoint     ] Leaving safepoint region
[2023-11-15T11:26:52.430+0000][51863.588s][info ][safepoint     ] Total time for which application threads were stopped: 0.0003912 seconds, Stopping threads took: 0.0000551 seconds
[2023-11-15T11:26:53.430+0000][51864.588s][debug][safepoint     ] Safepoint synchronization initiated. (199 threads)
[2023-11-15T11:26:53.430+0000][51864.588s][info ][safepoint     ] Application time: 1.0001699 seconds
[2023-11-15T11:26:53.430+0000][51864.588s][info ][safepoint     ] Entering safepoint region: Cleanup
[2023-11-15T11:26:53.430+0000][51864.588s][info ][safepoint     ] Leaving safepoint region
[2023-11-15T11:26:53.430+0000][51864.588s][info ][safepoint     ] Total time for which application threads were stopped: 0.0002758 seconds, Stopping threads took: 0.0000562 seconds
[2023-11-15T11:26:54.430+0000][51865.589s][debug][safepoint     ] Safepoint synchronization initiated. (199 threads)
[2023-11-15T11:26:54.431+0000][51865.589s][info ][safepoint     ] Application time: 1.0001696 seconds
[2023-11-15T11:26:54.431+0000][51865.589s][info ][safepoint     ] Entering safepoint region: Cleanup
[2023-11-15T11:26:54.431+0000][51865.589s][info ][safepoint     ] Leaving safepoint region
[2023-11-15T11:26:54.431+0000][51865.589s][info ][safepoint     ] Total time for which application threads were stopped: 0.0003038 seconds, Stopping threads took: 0.0000560 seconds
[2023-11-15T11:26:55.431+0000][51866.589s][debug][safepoint     ] Safepoint synchronization initiated. (199 threads)
[2023-11-15T11:26:55.431+0000][51866.589s][info ][safepoint     ] Application time: 1.0001583 seconds
[2023-11-15T11:26:55.431+0000][51866.589s][info ][safepoint     ] Entering safepoint region: Cleanup
[2023-11-15T11:26:55.431+0000][51866.589s][info ][safepoint     ] Leaving safepoint region
[2023-11-15T11:26:55.431+0000][51866.589s][info ][safepoint     ] Total time for which application threads were stopped: 0.0003804 seconds, Stopping threads took: 0.0000563 seconds
[2023-11-15T11:26:56.432+0000][51867.590s][debug][safepoint     ] Safepoint synchronization initiated. (200 threads)
[2023-11-15T11:26:56.432+0000][51867.590s][info ][safepoint     ] Application time: 1.0001604 seconds
[2023-11-15T11:26:56.432+0000][51867.590s][info ][safepoint     ] Entering safepoint region: Cleanup
[2023-11-15T11:26:56.432+0000][51867.590s][info ][safepoint     ] Leaving safepoint region
[2023-11-15T11:26:56.432+0000][51867.590s][info ][safepoint     ] Total time for which application threads were stopped: 0.0006136 seconds, Stopping threads took: 0.0003585 seconds
[2023-11-15T11:26:57.432+0000][51868.590s][debug][safepoint     ] Safepoint synchronization initiated. (200 threads)
[2023-11-15T11:26:57.432+0000][51868.590s][info ][safepoint     ] Application time: 1.0001605 seconds
[2023-11-15T11:26:57.432+0000][51868.591s][info ][safepoint     ] Entering safepoint region: Cleanup
[2023-11-15T11:26:57.434+0000][51868.592s][info ][safepoint     ] Leaving safepoint region
[2023-11-15T11:26:57.434+0000][51868.592s][info ][safepoint     ] Total time for which application threads were stopped: 0.0016835 seconds, Stopping threads took: 0.0000577 seconds
[2023-11-15T11:26:58.434+0000][51869.592s][debug][safepoint     ] Safepoint synchronization initiated. (200 threads)
[2023-11-15T11:26:58.434+0000][51869.592s][info ][safepoint     ] Application time: 1.0001524 seconds
[2023-11-15T11:26:58.434+0000][51869.592s][info ][safepoint     ] Entering safepoint region: Cleanup
[2023-11-15T11:26:58.435+0000][51869.593s][info ][safepoint     ] Leaving safepoint region
[2023-11-15T11:26:58.435+0000][51869.593s][info ][safepoint     ] Total time for which application threads were stopped: 0.0003850 seconds, Stopping threads took: 0.0000579 seconds
[2023-11-15T11:26:58.435+0000][51869.593s][debug][safepoint     ] ... found polling page return exception at pc = 0x00007fe180ff1766, stub =0x00007fe17883a800
[2023-11-15T11:26:58.435+0000][51869.593s][debug][safepoint     ] ... found polling page return exception at pc = 0x00007fe180ff1766, stub =0x00007fe17883a800
[2023-11-15T11:26:59.435+0000][51870.593s][debug][safepoint     ] Safepoint synchronization initiated. (200 threads)
[2023-11-15T11:26:59.435+0000][51870.593s][info ][safepoint     ] Application time: 1.0001508 seconds
[2023-11-15T11:26:59.435+0000][51870.593s][info ][safepoint     ] Entering safepoint region: Cleanup
[2023-11-15T11:26:59.435+0000][51870.593s][info ][safepoint     ] Leaving safepoint region
[2023-11-15T11:26:59.435+0000][51870.593s][info ][safepoint     ] Total time for which application threads were stopped: 0.0003248 seconds, Stopping threads took: 0.0000592 seconds
[2023-11-15T11:27:00.435+0000][51871.593s][debug][safepoint     ] Safepoint synchronization initiated. (200 threads)
[2023-11-15T11:27:00.435+0000][51871.593s][info ][safepoint     ] Application time: 1.0001506 seconds
[2023-11-15T11:27:00.435+0000][51871.593s][info ][safepoint     ] Entering safepoint region: Cleanup
[2023-11-15T11:27:00.436+0000][51871.594s][info ][safepoint     ] Leaving safepoint region
[2023-11-15T11:27:00.436+0000][51871.594s][info ][safepoint     ] Total time for which application threads were stopped: 0.0003359 seconds, Stopping threads took: 0.0000574 seconds
[2023-11-15T11:27:01.436+0000][51872.594s][debug][safepoint     ] Safepoint synchronization initiated. (200 threads)
[2023-11-15T11:27:01.436+0000][51872.594s][info ][safepoint     ] Application time: 1.0001539 seconds
[2023-11-15T11:27:01.436+0000][51872.594s][info ][safepoint     ] Entering safepoint region: Cleanup
[2023-11-15T11:27:01.436+0000][51872.594s][info ][safepoint     ] Leaving safepoint region
[2023-11-15T11:27:01.436+0000][51872.595s][info ][safepoint     ] Total time for which application threads were stopped: 0.0005403 seconds, Stopping threads took: 0.0002836 seconds
[2023-11-15T11:27:02.437+0000][51873.595s][debug][safepoint     ] Safepoint synchronization initiated. (200 threads)
[2023-11-15T11:27:02.437+0000][51873.595s][info ][safepoint     ] Application time: 1.0001521 seconds
[2023-11-15T11:27:02.437+0000][51873.595s][info ][safepoint     ] Entering safepoint region: Cleanup
[2023-11-15T11:27:02.437+0000][51873.595s][info ][safepoint     ] Leaving safepoint region
[2023-11-15T11:27:02.437+0000][51873.595s][info ][safepoint     ] Total time for which application threads were stopped: 0.0003096 seconds, Stopping threads took: 0.0000584 seconds
[2023-11-15T11:27:03.437+0000][51874.595s][debug][safepoint     ] Safepoint synchronization initiated. (200 threads)
[2023-11-15T11:27:03.437+0000][51874.595s][info ][safepoint     ] Application time: 1.0001346 seconds
[2023-11-15T11:27:03.437+0000][51874.595s][info ][safepoint     ] Entering safepoint region: Cleanup
[2023-11-15T11:27:03.437+0000][51874.595s][info ][safepoint     ] Leaving safepoint region
[2023-11-15T11:27:03.437+0000][51874.595s][info ][safepoint     ] Total time for which application threads were stopped: 0.0003165 seconds, Stopping threads took: 0.0000572 seconds
[2023-11-15T11:27:04.438+0000][51875.596s][debug][safepoint     ] Safepoint synchronization initiated. (200 threads)
[2023-11-15T11:27:04.438+0000][51875.596s][info ][safepoint     ] Application time: 1.0001531 seconds
[2023-11-15T11:27:04.438+0000][51875.596s][info ][safepoint     ] Entering safepoint region: Cleanup
[2023-11-15T11:27:04.438+0000][51875.596s][info ][safepoint     ] Leaving safepoint region
[2023-11-15T11:27:04.438+0000][51875.596s][info ][safepoint     ] Total time for which application threads were stopped: 0.0003140 seconds, Stopping threads took: 0.0000575 seconds
[2023-11-15T11:27:05.438+0000][51876.596s][debug][safepoint     ] Safepoint synchronization initiated. (200 threads)
[2023-11-15T11:27:05.438+0000][51876.596s][info ][safepoint     ] Application time: 1.0001516 seconds
[2023-11-15T11:27:05.438+0000][51876.596s][info ][safepoint     ] Entering safepoint region: Cleanup
[2023-11-15T11:27:05.438+0000][51876.596s][info ][safepoint     ] Leaving safepoint region
[2023-11-15T11:27:05.438+0000][51876.597s][info ][safepoint     ] Total time for which application threads were stopped: 0.0003397 seconds, Stopping threads took: 0.0000755 seconds
[2023-11-15T11:27:06.439+0000][51877.597s][debug][safepoint     ] Safepoint synchronization initiated. (200 threads)
[2023-11-15T11:27:06.439+0000][51877.597s][info ][safepoint     ] Application time: 1.0001545 seconds
[2023-11-15T11:27:06.439+0000][51877.597s][info ][safepoint     ] Entering safepoint region: Cleanup
[2023-11-15T11:27:06.439+0000][51877.597s][info ][safepoint     ] Leaving safepoint region
[2023-11-15T11:27:06.439+0000][51877.597s][info ][safepoint     ] Total time for which application threads were stopped: 0.0005678 seconds, Stopping threads took: 0.0003075 seconds
[2023-11-15T11:27:07.439+0000][51878.597s][debug][safepoint     ] Safepoint synchronization initiated. (200 threads)
[2023-11-15T11:27:07.439+0000][51878.597s][info ][safepoint     ] Application time: 1.0001555 seconds
[2023-11-15T11:27:07.439+0000][51878.598s][info ][safepoint     ] Entering safepoint region: Cleanup
[2023-11-15T11:27:07.440+0000][51878.598s][info ][safepoint     ] Leaving safepoint region
[2023-11-15T11:27:07.440+0000][51878.598s][info ][safepoint     ] Total time for which application threads were stopped: 0.0004618 seconds, Stopping threads took: 0.0000782 seconds
[2023-11-15T11:27:08.440+0000][51879.598s][debug][safepoint     ] Safepoint synchronization initiated. (200 threads)
[2023-11-15T11:27:08.440+0000][51879.598s][info ][safepoint     ] Application time: 1.0001580 seconds
[2023-11-15T11:27:08.440+0000][51879.598s][info ][safepoint     ] Entering safepoint region: Cleanup
[2023-11-15T11:27:08.440+0000][51879.599s][info ][safepoint     ] Leaving safepoint region
[2023-11-15T11:27:08.441+0000][51879.599s][info ][safepoint     ] Total time for which application threads were stopped: 0.0004385 seconds, Stopping threads took: 0.0000602 seconds
[2023-11-15T11:27:09.441+0000][51880.599s][debug][safepoint     ] Safepoint synchronization initiated. (200 threads)
[2023-11-15T11:27:09.441+0000][51880.599s][info ][safepoint     ] Application time: 1.0001457 seconds
[2023-11-15T11:27:09.441+0000][51880.599s][info ][safepoint     ] Entering safepoint region: Cleanup
[2023-11-15T11:27:09.441+0000][51880.599s][info ][safepoint     ] Leaving safepoint region
[2023-11-15T11:27:09.441+0000][51880.599s][info ][safepoint     ] Total time for which application threads were stopped: 0.0004576 seconds, Stopping threads took: 0.0000594 seconds
[2023-11-15T11:27:10.441+0000][51881.599s][debug][safepoint     ] Safepoint synchronization initiated. (200 threads)
[2023-11-15T11:27:10.441+0000][51881.599s][info ][safepoint     ] Application time: 1.0001442 seconds
[2023-11-15T11:27:10.441+0000][51881.599s][info ][safepoint     ] Entering safepoint region: Cleanup
[2023-11-15T11:27:10.442+0000][51881.600s][info ][safepoint     ] Leaving safepoint region
[2023-11-15T11:27:10.442+0000][51881.600s][info ][safepoint     ] Total time for which application threads were stopped: 0.0003701 seconds, Stopping threads took: 0.0000565 seconds
[2023-11-15T11:27:11.442+0000][51882.600s][debug][safepoint     ] Safepoint synchronization initiated. (200 threads)
[2023-11-15T11:27:11.442+0000][51882.600s][info ][safepoint     ] Application time: 1.0001523 seconds
[2023-11-15T11:27:11.442+0000][51882.600s][info ][safepoint     ] Entering safepoint region: Cleanup
[2023-11-15T11:27:11.442+0000][51882.600s][info ][safepoint     ] Leaving safepoint region
[2023-11-15T11:27:11.442+0000][51882.600s][info ][safepoint     ] Total time for which application threads were stopped: 0.0002843 seconds, Stopping threads took: 0.0000579 seconds
[2023-11-15T11:27:12.442+0000][51883.600s][debug][safepoint     ] Safepoint synchronization initiated. (200 threads)
[2023-11-15T11:27:12.442+0000][51883.600s][info ][safepoint     ] Application time: 1.0001512 seconds
[2023-11-15T11:27:12.442+0000][51883.600s][info ][safepoint     ] Entering safepoint region: Cleanup
[2023-11-15T11:27:12.443+0000][51883.601s][info ][safepoint     ] Leaving safepoint region
[2023-11-15T11:27:12.443+0000][51883.601s][info ][safepoint     ] Total time for which application threads were stopped: 0.0003600 seconds, Stopping threads took: 0.0000569 seconds
[2023-11-15T11:27:13.443+0000][51884.601s][debug][safepoint     ] Safepoint synchronization initiated. (200 threads)
[2023-11-15T11:27:13.443+0000][51884.601s][info ][safepoint     ] Application time: 1.0001475 seconds
[2023-11-15T11:27:13.443+0000][51884.601s][info ][safepoint     ] Entering safepoint region: Cleanup
[2023-11-15T11:27:13.443+0000][51884.601s][info ][safepoint     ] Leaving safepoint region
[2023-11-15T11:27:13.443+0000][51884.601s][info ][safepoint     ] Total time for which application threads were stopped: 0.0003914 seconds, Stopping threads took: 0.0000656 seconds
[2023-11-15T11:27:14.443+0000][51885.601s][debug][safepoint     ] Safepoint synchronization initiated. (200 threads)
[2023-11-15T11:27:14.443+0000][51885.602s][info ][safepoint     ] Application time: 1.0001726 seconds
[2023-11-15T11:27:14.444+0000][51885.602s][info ][safepoint     ] Entering safepoint region: Cleanup
[2023-11-15T11:27:14.444+0000][51885.602s][info ][safepoint     ] Leaving safepoint region
[2023-11-15T11:27:14.444+0000][51885.602s][info ][safepoint     ] Total time for which application threads were stopped: 0.0003797 seconds, Stopping threads took: 0.0000581 seconds
[2023-11-15T11:27:15.444+0000][51886.602s][debug][safepoint     ] Safepoint synchronization initiated. (200 threads)
[2023-11-15T11:27:15.444+0000][51886.602s][info ][safepoint     ] Application time: 1.0001499 seconds
[2023-11-15T11:27:15.444+0000][51886.602s][info ][safepoint     ] Entering safepoint region: Cleanup
[2023-11-15T11:27:15.444+0000][51886.602s][info ][safepoint     ] Leaving safepoint region
[2023-11-15T11:27:15.444+0000][51886.603s][info ][safepoint     ] Total time for which application threads were stopped: 0.0003731 seconds, Stopping threads took: 0.0000563 seconds
[2023-11-15T11:27:16.445+0000][51887.603s][debug][safepoint     ] Safepoint synchronization initiated. (200 threads)
[2023-11-15T11:27:16.445+0000][51887.603s][info ][safepoint     ] Application time: 1.0001591 seconds
[2023-11-15T11:27:16.445+0000][51887.603s][info ][safepoint     ] Entering safepoint region: Cleanup
[2023-11-15T11:27:16.445+0000][51887.603s][info ][safepoint     ] Leaving safepoint region
[2023-11-15T11:27:16.445+0000][51887.603s][info ][safepoint     ] Total time for which application threads were stopped: 0.0003726 seconds, Stopping threads took: 0.0000550 seconds
[2023-11-15T11:27:17.445+0000][51888.603s][debug][safepoint     ] Safepoint synchronization initiated. (200 threads)
[2023-11-15T11:27:17.445+0000][51888.603s][info ][safepoint     ] Application time: 1.0001524 seconds
[2023-11-15T11:27:17.445+0000][51888.603s][info ][safepoint     ] Entering safepoint region: Cleanup
[2023-11-15T11:27:17.446+0000][51888.604s][info ][safepoint     ] Leaving safepoint region
[2023-11-15T11:27:17.446+0000][51888.604s][info ][safepoint     ] Total time for which application threads were stopped: 0.0003766 seconds, Stopping threads took: 0.0000624 seconds
[2023-11-15T11:27:18.446+0000][51889.604s][debug][safepoint     ] Safepoint synchronization initiated. (200 threads)
[2023-11-15T11:27:18.446+0000][51889.604s][info ][safepoint     ] Application time: 1.0001612 seconds
[2023-11-15T11:27:18.446+0000][51889.604s][info ][safepoint     ] Entering safepoint region: Cleanup
[2023-11-15T11:27:18.446+0000][51889.604s][info ][safepoint     ] Leaving safepoint region
[2023-11-15T11:27:18.446+0000][51889.604s][debug][safepoint     ] ... found polling page return exception at pc = 0x00007fe180ff1766, stub =0x00007fe17883a800
[2023-11-15T11:27:18.446+0000][51889.604s][info ][safepoint     ] Total time for which application threads were stopped: 0.0005023 seconds, Stopping threads took: 0.0002328 seconds
[2023-11-15T11:27:19.446+0000][51890.605s][debug][safepoint     ] Safepoint synchronization initiated. (200 threads)
[2023-11-15T11:27:19.447+0000][51890.605s][info ][safepoint     ] Application time: 1.0001584 seconds
[2023-11-15T11:27:19.447+0000][51890.605s][info ][safepoint     ] Entering safepoint region: Cleanup
[2023-11-15T11:27:19.447+0000][51890.605s][info ][safepoint     ] Leaving safepoint region
[2023-11-15T11:27:19.447+0000][51890.605s][info ][safepoint     ] Total time for which application threads were stopped: 0.0003048 seconds, Stopping threads took: 0.0000845 seconds
[2023-11-15T11:27:20.447+0000][51891.605s][debug][safepoint     ] Safepoint synchronization initiated. (200 threads)
[2023-11-15T11:27:20.447+0000][51891.605s][info ][safepoint     ] Application time: 1.0001746 seconds
[2023-11-15T11:27:20.447+0000][51891.605s][debug][safepoint     ] ... found polling page return exception at pc = 0x00007fe1812f5123, stub =0x00007fe17883a800
[2023-11-15T11:27:20.447+0000][51891.605s][debug][safepoint     ] Waiting for 1 thread(s) to block
[2023-11-15T11:27:20.447+0000][51891.605s][info ][safepoint     ] Entering safepoint region: Cleanup
[2023-11-15T11:27:20.447+0000][51891.605s][info ][safepoint     ] Leaving safepoint region
[2023-11-15T11:27:20.447+0000][51891.606s][info ][safepoint     ] Total time for which application threads were stopped: 0.0004145 seconds, Stopping threads took: 0.0001785 seconds
[2023-11-15T11:27:21.448+0000][51892.606s][debug][safepoint     ] Safepoint synchronization initiated. (200 threads)
[2023-11-15T11:27:21.448+0000][51892.606s][info ][safepoint     ] Application time: 1.0001530 seconds
[2023-11-15T11:27:21.448+0000][51892.606s][info ][safepoint     ] Entering safepoint region: Cleanup
[2023-11-15T11:27:21.448+0000][51892.606s][info ][safepoint     ] Leaving safepoint region
[2023-11-15T11:27:21.448+0000][51892.606s][info ][safepoint     ] Total time for which application threads were stopped: 0.0003837 seconds, Stopping threads took: 0.0000597 seconds
[2023-11-15T11:27:22.448+0000][51893.606s][debug][safepoint     ] Safepoint synchronization initiated. (200 threads)
[2023-11-15T11:27:22.448+0000][51893.606s][info ][safepoint     ] Application time: 1.0001642 seconds
[2023-11-15T11:27:22.448+0000][51893.606s][info ][safepoint     ] Entering safepoint region: Cleanup
[2023-11-15T11:27:22.449+0000][51893.607s][info ][safepoint     ] Leaving safepoint region
[2023-11-15T11:27:22.449+0000][51893.607s][info ][safepoint     ] Total time for which application threads were stopped: 0.0003855 seconds, Stopping threads took: 0.0000603 seconds
[2023-11-15T11:27:23.449+0000][51894.607s][debug][safepoint     ] Safepoint synchronization initiated. (199 threads)
[2023-11-15T11:27:23.449+0000][51894.607s][info ][safepoint     ] Application time: 1.0001651 seconds
[2023-11-15T11:27:23.449+0000][51894.607s][info ][safepoint     ] Entering safepoint region: Cleanup
[2023-11-15T11:27:23.449+0000][51894.607s][info ][safepoint     ] Leaving safepoint region
[2023-11-15T11:27:23.449+0000][51894.607s][info ][safepoint     ] Total time for which application threads were stopped: 0.0005293 seconds, Stopping threads took: 0.0003176 seconds
[2023-11-15T11:27:24.449+0000][51895.608s][debug][safepoint     ] Safepoint synchronization initiated. (199 threads)
[2023-11-15T11:27:24.450+0000][51895.608s][info ][safepoint     ] Application time: 1.0001640 seconds
[2023-11-15T11:27:24.450+0000][51895.608s][info ][safepoint     ] Entering safepoint region: Cleanup
[2023-11-15T11:27:24.450+0000][51895.608s][info ][safepoint     ] Leaving safepoint region
[2023-11-15T11:27:24.450+0000][51895.608s][info ][safepoint     ] Total time for which application threads were stopped: 0.0003822 seconds, Stopping threads took: 0.0000602 seconds
[2023-11-15T11:27:25.450+0000][51896.608s][debug][safepoint     ] Safepoint synchronization initiated. (199 threads)
[2023-11-15T11:27:25.450+0000][51896.608s][info ][safepoint     ] Application time: 1.0001721 seconds
[2023-11-15T11:27:25.450+0000][51896.608s][info ][safepoint     ] Entering safepoint region: Cleanup
[2023-11-15T11:27:25.450+0000][51896.609s][info ][safepoint     ] Leaving safepoint region
[2023-11-15T11:27:25.450+0000][51896.609s][info ][safepoint     ] Total time for which application threads were stopped: 0.0003404 seconds, Stopping threads took: 0.0000596 seconds
[2023-11-15T11:27:26.451+0000][51897.609s][debug][safepoint     ] Safepoint synchronization initiated. (199 threads)
[2023-11-15T11:27:26.451+0000][51897.609s][info ][safepoint     ] Application time: 1.0001686 seconds
[2023-11-15T11:27:26.451+0000][51897.609s][info ][safepoint     ] Entering safepoint region: Cleanup
[2023-11-15T11:27:26.451+0000][51897.609s][info ][safepoint     ] Leaving safepoint region
[2023-11-15T11:27:26.451+0000][51897.609s][info ][safepoint     ] Total time for which application threads were stopped: 0.0002795 seconds, Stopping threads took: 0.0000590 seconds
[2023-11-15T11:27:27.451+0000][51898.609s][debug][safepoint     ] Safepoint synchronization initiated. (199 threads)
[2023-11-15T11:27:27.451+0000][51898.609s][info ][safepoint     ] Application time: 1.0001552 seconds
[2023-11-15T11:27:27.451+0000][51898.609s][info ][safepoint     ] Entering safepoint region: Cleanup
[2023-11-15T11:27:27.451+0000][51898.610s][info ][safepoint     ] Leaving safepoint region
[2023-11-15T11:27:27.452+0000][51898.610s][info ][safepoint     ] Total time for which application threads were stopped: 0.0003046 seconds, Stopping threads took: 0.0000592 seconds
[2023-11-15T11:27:28.452+0000][51899.610s][debug][safepoint     ] Safepoint synchronization initiated. (199 threads)
[2023-11-15T11:27:28.452+0000][51899.610s][info ][safepoint     ] Application time: 1.0001482 seconds
[2023-11-15T11:27:28.452+0000][51899.610s][info ][safepoint     ] Entering safepoint region: Cleanup
[2023-11-15T11:27:28.452+0000][51899.610s][info ][safepoint     ] Leaving safepoint region
[2023-11-15T11:27:28.452+0000][51899.610s][info ][safepoint     ] Total time for which application threads were stopped: 0.0004822 seconds, Stopping threads took: 0.0002557 seconds
[2023-11-15T11:27:29.452+0000][51900.610s][debug][safepoint     ] Safepoint synchronization initiated. (199 threads)
[2023-11-15T11:27:29.452+0000][51900.610s][info ][safepoint     ] Application time: 1.0001645 seconds
[2023-11-15T11:27:29.452+0000][51900.610s][info ][safepoint     ] Entering safepoint region: Cleanup
[2023-11-15T11:27:29.453+0000][51900.611s][info ][safepoint     ] Leaving safepoint region
[2023-11-15T11:27:29.453+0000][51900.611s][info ][safepoint     ] Total time for which application threads were stopped: 0.0002839 seconds, Stopping threads took: 0.0000599 seconds
[2023-11-15T11:27:30.453+0000][51901.611s][debug][safepoint     ] Safepoint synchronization initiated. (199 threads)
[2023-11-15T11:27:30.453+0000][51901.611s][info ][safepoint     ] Application time: 1.0001672 seconds
[2023-11-15T11:27:30.453+0000][51901.611s][info ][safepoint     ] Entering safepoint region: Cleanup
[2023-11-15T11:27:30.453+0000][51901.611s][info ][safepoint     ] Leaving safepoint region
[2023-11-15T11:27:30.453+0000][51901.611s][info ][safepoint     ] Total time for which application threads were stopped: 0.0002952 seconds, Stopping threads took: 0.0000605 seconds
[2023-11-15T11:27:30.619+0000][51901.777s][debug][safepoint     ] Safepoint synchronization initiated. (199 threads)
[2023-11-15T11:27:30.619+0000][51901.777s][info ][safepoint     ] Application time: 0.1655996 seconds
[2023-11-15T11:27:30.619+0000][51901.777s][info ][safepoint     ] Entering safepoint region: G1CollectForAllocation
[2023-11-15T11:27:30.619+0000][51901.777s][info ][gc,start      ] GC(140) Pause Young (Normal) (G1 Evacuation Pause)
[2023-11-15T11:27:30.619+0000][51901.777s][info ][gc,task       ] GC(140) Using 4 workers of 4 for evacuation
[2023-11-15T11:27:30.632+0000][51901.790s][info ][gc,phases     ] GC(140)   Pre Evacuate Collection Set: 0.0ms
[2023-11-15T11:27:30.632+0000][51901.791s][info ][gc,phases     ] GC(140)   Evacuate Collection Set: 7.7ms
[2023-11-15T11:27:30.632+0000][51901.791s][info ][gc,phases     ] GC(140)   Post Evacuate Collection Set: 5.2ms
[2023-11-15T11:27:30.633+0000][51901.791s][info ][gc,phases     ] GC(140)   Other: 0.4ms
[2023-11-15T11:27:30.633+0000][51901.791s][info ][gc,heap       ] GC(140) Eden regions: 489->0(488)
[2023-11-15T11:27:30.633+0000][51901.791s][info ][gc,heap       ] GC(140) Survivor regions: 5->6(62)
[2023-11-15T11:27:30.633+0000][51901.791s][info ][gc,heap       ] GC(140) Old regions: 160->160
[2023-11-15T11:27:30.633+0000][51901.791s][info ][gc,heap       ] GC(140) Humongous regions: 32->0
[2023-11-15T11:27:30.633+0000][51901.791s][info ][gc,metaspace  ] GC(140) Metaspace: 171313K(177404K)->171313K(177404K) NonClass: 151934K(155648K)->151934K(155648K) Class: 19379K(21756K)->19379K(21756K)
[2023-11-15T11:27:30.633+0000][51901.791s][info ][gc            ] GC(140) Pause Young (Normal) (G1 Evacuation Pause) 683M->163M(824M) 13.603ms
[2023-11-15T11:27:30.633+0000][51901.791s][info ][gc,cpu        ] GC(140) User=0.05s Sys=0.00s Real=0.02s
[2023-11-15T11:27:30.633+0000][51901.791s][info ][safepoint     ] Leaving safepoint region
[2023-11-15T11:27:30.633+0000][51901.791s][info ][safepoint     ] Total time for which application threads were stopped: 0.0140098 seconds, Stopping threads took: 0.0000745 seconds
[2023-11-15T11:27:30.633+0000][51901.791s][info ][gc,stringdedup] Concurrent String Deduplication (51901.791s)
[2023-11-15T11:27:30.633+0000][51901.791s][info ][gc,stringdedup] Concurrent String Deduplication 5344.0B->4168.0B(1176.0B) avg 55.6% (51901.791s, 51901.791s) 0.106ms
[2023-11-15T11:27:31.633+0000][51902.791s][debug][safepoint     ] Safepoint synchronization initiated. (199 threads)
[2023-11-15T11:27:31.633+0000][51902.791s][info ][safepoint     ] Application time: 1.0001840 seconds
[2023-11-15T11:27:31.633+0000][51902.791s][info ][safepoint     ] Entering safepoint region: Cleanup
[2023-11-15T11:27:31.633+0000][51902.791s][info ][safepoint     ] Leaving safepoint region
[2023-11-15T11:27:31.633+0000][51902.791s][info ][safepoint     ] Total time for which application threads were stopped: 0.0002692 seconds, Stopping threads took: 0.0000554 seconds
[2023-11-15T11:27:32.633+0000][51903.791s][debug][safepoint     ] Safepoint synchronization initiated. (199 threads)
[2023-11-15T11:27:32.633+0000][51903.792s][info ][safepoint     ] Application time: 1.0001705 seconds
[2023-11-15T11:27:32.634+0000][51903.792s][info ][safepoint     ] Entering safepoint region: Cleanup
[2023-11-15T11:27:32.634+0000][51903.792s][info ][safepoint     ] Leaving safepoint region
[2023-11-15T11:27:32.634+0000][51903.792s][info ][safepoint     ] Total time for which application threads were stopped: 0.0003705 seconds, Stopping threads took: 0.0000562 seconds
[2023-11-15T11:27:33.634+0000][51904.792s][debug][safepoint     ] Safepoint synchronization initiated. (199 threads)
[2023-11-15T11:27:33.634+0000][51904.792s][info ][safepoint     ] Application time: 1.0001615 seconds
[2023-11-15T11:27:33.634+0000][51904.792s][info ][safepoint     ] Entering safepoint region: Cleanup
[2023-11-15T11:27:33.635+0000][51904.793s][info ][safepoint     ] Leaving safepoint region
[2023-11-15T11:27:33.635+0000][51904.793s][info ][safepoint     ] Total time for which application threads were stopped: 0.0005252 seconds, Stopping threads took: 0.0002013 seconds
[2023-11-15T11:27:34.635+0000][51905.793s][debug][safepoint     ] Safepoint synchronization initiated. (199 threads)
[2023-11-15T11:27:34.635+0000][51905.793s][info ][safepoint     ] Application time: 1.0001518 seconds
[2023-11-15T11:27:34.635+0000][51905.793s][info ][safepoint     ] Entering safepoint region: Cleanup
[2023-11-15T11:27:34.635+0000][51905.793s][info ][safepoint     ] Leaving safepoint region
[2023-11-15T11:27:34.635+0000][51905.793s][info ][safepoint     ] Total time for which application threads were stopped: 0.0003669 seconds, Stopping threads took: 0.0000570 seconds
[2023-11-15T11:27:35.635+0000][51906.793s][debug][safepoint     ] Safepoint synchronization initiated. (199 threads)
[2023-11-15T11:27:35.635+0000][51906.793s][info ][safepoint     ] Application time: 1.0001595 seconds
[2023-11-15T11:27:35.635+0000][51906.793s][info ][safepoint     ] Entering safepoint region: Cleanup
[2023-11-15T11:27:35.636+0000][51906.794s][info ][safepoint     ] Leaving safepoint region
[2023-11-15T11:27:35.636+0000][51906.794s][info ][safepoint     ] Total time for which application threads were stopped: 0.0003440 seconds, Stopping threads took: 0.0000584 seconds
[2023-11-15T11:27:36.636+0000][51907.794s][debug][safepoint     ] Safepoint synchronization initiated. (199 threads)
[2023-11-15T11:27:36.636+0000][51907.794s][info ][safepoint     ] Application time: 1.0001538 seconds
[2023-11-15T11:27:36.636+0000][51907.794s][info ][safepoint     ] Entering safepoint region: Cleanup
[2023-11-15T11:27:36.636+0000][51907.794s][info ][safepoint     ] Leaving safepoint region
[2023-11-15T11:27:36.636+0000][51907.794s][info ][safepoint     ] Total time for which application threads were stopped: 0.0003054 seconds, Stopping threads took: 0.0000569 seconds
[2023-11-15T11:27:37.636+0000][51908.794s][debug][safepoint     ] Safepoint synchronization initiated. (199 threads)
[2023-11-15T11:27:37.636+0000][51908.794s][info ][safepoint     ] Application time: 1.0001565 seconds
[2023-11-15T11:27:37.636+0000][51908.794s][info ][safepoint     ] Entering safepoint region: Cleanup
[2023-11-15T11:27:37.637+0000][51908.795s][info ][safepoint     ] Leaving safepoint region
[2023-11-15T11:27:37.637+0000][51908.795s][info ][safepoint     ] Total time for which application threads were stopped: 0.0003674 seconds, Stopping threads took: 0.0000556 seconds
[2023-11-15T11:27:38.637+0000][51909.795s][debug][safepoint     ] Safepoint synchronization initiated. (199 threads)
[2023-11-15T11:27:38.637+0000][51909.795s][info ][safepoint     ] Application time: 1.0001582 seconds
[2023-11-15T11:27:38.637+0000][51909.795s][info ][safepoint     ] Entering safepoint region: Cleanup
[2023-11-15T11:27:38.638+0000][51909.796s][info ][safepoint     ] Leaving safepoint region
[2023-11-15T11:27:38.638+0000][51909.796s][info ][safepoint     ] Total time for which application threads were stopped: 0.0006209 seconds, Stopping threads took: 0.0002992 seconds
[2023-11-15T11:27:39.638+0000][51910.796s][debug][safepoint     ] Safepoint synchronization initiated. (199 threads)
[2023-11-15T11:27:39.638+0000][51910.796s][info ][safepoint     ] Application time: 1.0001696 seconds
[2023-11-15T11:27:39.638+0000][51910.796s][info ][safepoint     ] Entering safepoint region: Cleanup
[2023-11-15T11:27:39.638+0000][51910.796s][info ][safepoint     ] Leaving safepoint region
[2023-11-15T11:27:39.638+0000][51910.796s][info ][safepoint     ] Total time for which application threads were stopped: 0.0003692 seconds, Stopping threads took: 0.0000549 seconds
[2023-11-15T11:27:40.638+0000][51911.796s][debug][safepoint     ] Safepoint synchronization initiated. (199 threads)
[2023-11-15T11:27:40.638+0000][51911.796s][info ][safepoint     ] Application time: 1.0001634 seconds
[2023-11-15T11:27:40.638+0000][51911.796s][info ][safepoint     ] Entering safepoint region: Cleanup
[2023-11-15T11:27:40.639+0000][51911.797s][info ][safepoint     ] Leaving safepoint region
[2023-11-15T11:27:40.639+0000][51911.797s][info ][safepoint     ] Total time for which application threads were stopped: 0.0002853 seconds, Stopping threads took: 0.0000576 seconds
[2023-11-15T11:27:41.639+0000][51912.797s][debug][safepoint     ] Safepoint synchronization initiated. (199 threads)
[2023-11-15T11:27:41.639+0000][51912.797s][info ][safepoint     ] Application time: 1.0001541 seconds
[2023-11-15T11:27:41.639+0000][51912.797s][info ][safepoint     ] Entering safepoint region: Cleanup
[2023-11-15T11:27:41.639+0000][51912.797s][info ][safepoint     ] Leaving safepoint region
[2023-11-15T11:27:41.639+0000][51912.797s][info ][safepoint     ] Total time for which application threads were stopped: 0.0003817 seconds, Stopping threads took: 0.0000582 seconds
[2023-11-15T11:27:42.639+0000][51913.797s][debug][safepoint     ] Safepoint synchronization initiated. (199 threads)
[2023-11-15T11:27:42.639+0000][51913.797s][info ][safepoint     ] Application time: 1.0001652 seconds
[2023-11-15T11:27:42.639+0000][51913.797s][info ][safepoint     ] Entering safepoint region: Cleanup
[2023-11-15T11:27:42.640+0000][51913.798s][info ][safepoint     ] Leaving safepoint region
[2023-11-15T11:27:42.640+0000][51913.798s][info ][safepoint     ] Total time for which application threads were stopped: 0.0003881 seconds, Stopping threads took: 0.0000561 seconds
[2023-11-15T11:27:43.640+0000][51914.798s][debug][safepoint     ] Safepoint synchronization initiated. (199 threads)
[2023-11-15T11:27:43.640+0000][51914.798s][info ][safepoint     ] Application time: 1.0001369 seconds
[2023-11-15T11:27:43.640+0000][51914.798s][info ][safepoint     ] Entering safepoint region: Cleanup
[2023-11-15T11:27:43.640+0000][51914.798s][info ][safepoint     ] Leaving safepoint region
[2023-11-15T11:27:43.640+0000][51914.798s][info ][safepoint     ] Total time for which application threads were stopped: 0.0004866 seconds, Stopping threads took: 0.0002499 seconds
[2023-11-15T11:27:44.641+0000][51915.799s][debug][safepoint     ] Safepoint synchronization initiated. (199 threads)
[2023-11-15T11:27:44.641+0000][51915.799s][info ][safepoint     ] Application time: 1.0001612 seconds
[2023-11-15T11:27:44.641+0000][51915.799s][info ][safepoint     ] Entering safepoint region: Cleanup
[2023-11-15T11:27:44.641+0000][51915.799s][info ][safepoint     ] Leaving safepoint region
[2023-11-15T11:27:44.641+0000][51915.799s][info ][safepoint     ] Total time for which application threads were stopped: 0.0003830 seconds, Stopping threads took: 0.0000582 seconds
[2023-11-15T11:27:45.641+0000][51916.799s][debug][safepoint     ] Safepoint synchronization initiated. (199 threads)
[2023-11-15T11:27:45.641+0000][51916.799s][info ][safepoint     ] Application time: 1.0001590 seconds
[2023-11-15T11:27:45.641+0000][51916.799s][info ][safepoint     ] Entering safepoint region: Cleanup
[2023-11-15T11:27:45.642+0000][51916.800s][info ][safepoint     ] Leaving safepoint region
[2023-11-15T11:27:45.642+0000][51916.800s][info ][safepoint     ] Total time for which application threads were stopped: 0.0003714 seconds, Stopping threads took: 0.0000570 seconds
[2023-11-15T11:27:46.642+0000][51917.800s][debug][safepoint     ] Safepoint synchronization initiated. (199 threads)
[2023-11-15T11:27:46.642+0000][51917.800s][info ][safepoint     ] Application time: 1.0001417 seconds
[2023-11-15T11:27:46.642+0000][51917.800s][info ][safepoint     ] Entering safepoint region: Cleanup
[2023-11-15T11:27:46.642+0000][51917.800s][info ][safepoint     ] Leaving safepoint region
[2023-11-15T11:27:46.642+0000][51917.800s][info ][safepoint     ] Total time for which application threads were stopped: 0.0003730 seconds, Stopping threads took: 0.0000572 seconds
[2023-11-15T11:27:47.642+0000][51918.800s][debug][safepoint     ] Safepoint synchronization initiated. (199 threads)
[2023-11-15T11:27:47.642+0000][51918.800s][info ][safepoint     ] Application time: 1.0001604 seconds
[2023-11-15T11:27:47.642+0000][51918.800s][info ][safepoint     ] Entering safepoint region: Cleanup
[2023-11-15T11:27:47.643+0000][51918.801s][info ][safepoint     ] Leaving safepoint region
[2023-11-15T11:27:47.643+0000][51918.801s][info ][safepoint     ] Total time for which application threads were stopped: 0.0003730 seconds, Stopping threads took: 0.0000580 seconds
[2023-11-15T11:27:48.643+0000][51919.801s][debug][safepoint     ] Safepoint synchronization initiated. (199 threads)
[2023-11-15T11:27:48.643+0000][51919.801s][info ][safepoint     ] Application time: 1.0001696 seconds
[2023-11-15T11:27:48.643+0000][51919.801s][info ][safepoint     ] Entering safepoint region: Cleanup
[2023-11-15T11:27:48.643+0000][51919.801s][info ][safepoint     ] Leaving safepoint region
[2023-11-15T11:27:48.643+0000][51919.801s][info ][safepoint     ] Total time for which application threads were stopped: 0.0003718 seconds, Stopping threads took: 0.0000557 seconds
[2023-11-15T11:27:49.643+0000][51920.801s][debug][safepoint     ] Safepoint synchronization initiated. (199 threads)
[2023-11-15T11:27:49.643+0000][51920.802s][info ][safepoint     ] Application time: 1.0001483 seconds
[2023-11-15T11:27:49.644+0000][51920.802s][info ][safepoint     ] Entering safepoint region: Cleanup
[2023-11-15T11:27:49.644+0000][51920.802s][info ][safepoint     ] Leaving safepoint region
[2023-11-15T11:27:49.644+0000][51920.802s][info ][safepoint     ] Total time for which application threads were stopped: 0.0004059 seconds, Stopping threads took: 0.0000640 seconds
[2023-11-15T11:27:50.644+0000][51921.802s][debug][safepoint     ] Safepoint synchronization initiated. (199 threads)
[2023-11-15T11:27:50.644+0000][51921.802s][info ][safepoint     ] Application time: 1.0001666 seconds
[2023-11-15T11:27:50.644+0000][51921.802s][info ][safepoint     ] Entering safepoint region: Cleanup
[2023-11-15T11:27:50.644+0000][51921.803s][info ][safepoint     ] Leaving safepoint region
[2023-11-15T11:27:50.644+0000][51921.803s][info ][safepoint     ] Total time for which application threads were stopped: 0.0003770 seconds, Stopping threads took: 0.0000571 seconds
[2023-11-15T11:27:51.645+0000][51922.803s][debug][safepoint     ] Safepoint synchronization initiated. (199 threads)
[2023-11-15T11:27:51.645+0000][51922.803s][info ][safepoint     ] Application time: 1.0001725 seconds
[2023-11-15T11:27:51.645+0000][51922.803s][info ][safepoint     ] Entering safepoint region: Cleanup
[2023-11-15T11:27:51.645+0000][51922.803s][info ][safepoint     ] Leaving safepoint region
[2023-11-15T11:27:51.645+0000][51922.803s][info ][safepoint     ] Total time for which application threads were stopped: 0.0003028 seconds, Stopping threads took: 0.0000571 seconds
[2023-11-15T11:27:52.645+0000][51923.803s][debug][safepoint     ] Safepoint synchronization initiated. (199 threads)
[2023-11-15T11:27:52.645+0000][51923.803s][info ][safepoint     ] Application time: 1.0001772 seconds
[2023-11-15T11:27:52.645+0000][51923.803s][info ][safepoint     ] Entering safepoint region: Cleanup
[2023-11-15T11:27:52.645+0000][51923.804s][info ][safepoint     ] Leaving safepoint region
[2023-11-15T11:27:52.646+0000][51923.804s][info ][safepoint     ] Total time for which application threads were stopped: 0.0003322 seconds, Stopping threads took: 0.0000595 seconds
[2023-11-15T11:27:53.646+0000][51924.804s][debug][safepoint     ] Safepoint synchronization initiated. (199 threads)
[2023-11-15T11:27:53.646+0000][51924.804s][info ][safepoint     ] Application time: 1.0001912 seconds
[2023-11-15T11:27:53.646+0000][51924.804s][info ][safepoint     ] Entering safepoint region: Cleanup
[2023-11-15T11:27:53.646+0000][51924.804s][info ][safepoint     ] Leaving safepoint region
[2023-11-15T11:27:53.646+0000][51924.804s][info ][safepoint     ] Total time for which application threads were stopped: 0.0003798 seconds, Stopping threads took: 0.0000580 seconds
[2023-11-15T11:27:54.646+0000][51925.804s][debug][safepoint     ] Safepoint synchronization initiated. (199 threads)
[2023-11-15T11:27:54.646+0000][51925.804s][info ][safepoint     ] Application time: 1.0001719 seconds
[2023-11-15T11:27:54.646+0000][51925.804s][info ][safepoint     ] Entering safepoint region: Cleanup
[2023-11-15T11:27:54.647+0000][51925.805s][info ][safepoint     ] Leaving safepoint region
[2023-11-15T11:27:54.647+0000][51925.805s][info ][safepoint     ] Total time for which application threads were stopped: 0.0003741 seconds, Stopping threads took: 0.0000555 seconds
[2023-11-15T11:27:55.647+0000][51926.805s][debug][safepoint     ] Safepoint synchronization initiated. (199 threads)
[2023-11-15T11:27:55.647+0000][51926.805s][info ][safepoint     ] Application time: 1.0001716 seconds
[2023-11-15T11:27:55.647+0000][51926.805s][info ][safepoint     ] Entering safepoint region: Cleanup
[2023-11-15T11:27:55.647+0000][51926.805s][info ][safepoint     ] Leaving safepoint region
[2023-11-15T11:27:55.647+0000][51926.805s][info ][safepoint     ] Total time for which application threads were stopped: 0.0003737 seconds, Stopping threads took: 0.0000572 seconds
[2023-11-15T11:27:56.647+0000][51927.805s][debug][safepoint     ] Safepoint synchronization initiated. (197 threads)
[2023-11-15T11:27:56.647+0000][51927.806s][info ][safepoint     ] Application time: 1.0001778 seconds
[2023-11-15T11:27:56.648+0000][51927.806s][info ][safepoint     ] Entering safepoint region: Cleanup
[2023-11-15T11:27:56.648+0000][51927.806s][info ][safepoint     ] Leaving safepoint region
[2023-11-15T11:27:56.648+0000][51927.806s][info ][safepoint     ] Total time for which application threads were stopped: 0.0003857 seconds, Stopping threads took: 0.0000748 seconds
[2023-11-15T11:27:57.648+0000][51928.806s][debug][safepoint     ] Safepoint synchronization initiated. (197 threads)
[2023-11-15T11:27:57.648+0000][51928.806s][info ][safepoint     ] Application time: 1.0001581 seconds
[2023-11-15T11:27:57.648+0000][51928.806s][info ][safepoint     ] Entering safepoint region: Cleanup
[2023-11-15T11:27:57.648+0000][51928.806s][info ][safepoint     ] Leaving safepoint region
[2023-11-15T11:27:57.648+0000][51928.806s][info ][safepoint     ] Total time for which application threads were stopped: 0.0003255 seconds, Stopping threads took: 0.0000551 seconds
[2023-11-15T11:27:58.649+0000][51929.807s][debug][safepoint     ] Safepoint synchronization initiated. (197 threads)
[2023-11-15T11:27:58.649+0000][51929.807s][info ][safepoint     ] Application time: 1.0001703 seconds
[2023-11-15T11:27:58.649+0000][51929.807s][info ][safepoint     ] Entering safepoint region: Cleanup
[2023-11-15T11:27:58.649+0000][51929.807s][info ][safepoint     ] Leaving safepoint region
[2023-11-15T11:27:58.649+0000][51929.807s][info ][safepoint     ] Total time for which application threads were stopped: 0.0003753 seconds, Stopping threads took: 0.0000558 seconds
[2023-11-15T11:27:59.649+0000][51930.807s][debug][safepoint     ] Safepoint synchronization initiated. (197 threads)
[2023-11-15T11:27:59.649+0000][51930.807s][info ][safepoint     ] Application time: 1.0001712 seconds
[2023-11-15T11:27:59.649+0000][51930.807s][info ][safepoint     ] Entering safepoint region: Cleanup
[2023-11-15T11:27:59.650+0000][51930.808s][info ][safepoint     ] Leaving safepoint region
[2023-11-15T11:27:59.650+0000][51930.808s][info ][safepoint     ] Total time for which application threads were stopped: 0.0003726 seconds, Stopping threads took: 0.0000553 seconds
[2023-11-15T11:28:00.650+0000][51931.808s][debug][safepoint     ] Safepoint synchronization initiated. (197 threads)
[2023-11-15T11:28:00.650+0000][51931.808s][info ][safepoint     ] Application time: 1.0001709 seconds
[2023-11-15T11:28:00.650+0000][51931.808s][info ][safepoint     ] Entering safepoint region: Cleanup
[2023-11-15T11:28:00.650+0000][51931.808s][info ][safepoint     ] Leaving safepoint region
[2023-11-15T11:28:00.650+0000][51931.808s][info ][safepoint     ] Total time for which application threads were stopped: 0.0003715 seconds, Stopping threads took: 0.0000561 seconds
[2023-11-15T11:28:01.650+0000][51932.808s][debug][safepoint     ] Safepoint synchronization initiated. (197 threads)
[2023-11-15T11:28:01.650+0000][51932.808s][info ][safepoint     ] Application time: 1.0001559 seconds
[2023-11-15T11:28:01.650+0000][51932.808s][info ][safepoint     ] Entering safepoint region: Cleanup
[2023-11-15T11:28:01.651+0000][51932.809s][info ][safepoint     ] Leaving safepoint region
[2023-11-15T11:28:01.651+0000][51932.809s][info ][safepoint     ] Total time for which application threads were stopped: 0.0006301 seconds, Stopping threads took: 0.0003138 seconds
[2023-11-15T11:28:02.651+0000][51933.809s][debug][safepoint     ] Safepoint synchronization initiated. (197 threads)
[2023-11-15T11:28:02.651+0000][51933.809s][info ][safepoint     ] Application time: 1.0001555 seconds
[2023-11-15T11:28:02.651+0000][51933.809s][info ][safepoint     ] Entering safepoint region: Cleanup
[2023-11-15T11:28:02.651+0000][51933.810s][info ][safepoint     ] Leaving safepoint region
[2023-11-15T11:28:02.652+0000][51933.810s][info ][safepoint     ] Total time for which application threads were stopped: 0.0003718 seconds, Stopping threads took: 0.0000558 seconds
[2023-11-15T11:28:03.652+0000][51934.810s][debug][safepoint     ] Safepoint synchronization initiated. (197 threads)
[2023-11-15T11:28:03.652+0000][51934.810s][info ][safepoint     ] Application time: 1.0001356 seconds
[2023-11-15T11:28:03.652+0000][51934.810s][info ][safepoint     ] Entering safepoint region: Cleanup
[2023-11-15T11:28:03.652+0000][51934.810s][info ][safepoint     ] Leaving safepoint region
[2023-11-15T11:28:03.652+0000][51934.810s][info ][safepoint     ] Total time for which application threads were stopped: 0.0003903 seconds, Stopping threads took: 0.0000782 seconds
[2023-11-15T11:28:04.652+0000][51935.810s][debug][safepoint     ] Safepoint synchronization initiated. (197 threads)
[2023-11-15T11:28:04.652+0000][51935.810s][info ][safepoint     ] Application time: 1.0001546 seconds
[2023-11-15T11:28:04.652+0000][51935.810s][info ][safepoint     ] Entering safepoint region: Cleanup
[2023-11-15T11:28:04.653+0000][51935.811s][info ][safepoint     ] Leaving safepoint region
[2023-11-15T11:28:04.653+0000][51935.811s][info ][safepoint     ] Total time for which application threads were stopped: 0.0003696 seconds, Stopping threads took: 0.0000558 seconds
[2023-11-15T11:28:05.653+0000][51936.811s][debug][safepoint     ] Safepoint synchronization initiated. (197 threads)
[2023-11-15T11:28:05.653+0000][51936.811s][info ][safepoint     ] Application time: 1.0001741 seconds
[2023-11-15T11:28:05.653+0000][51936.811s][info ][safepoint     ] Entering safepoint region: Cleanup
[2023-11-15T11:28:05.653+0000][51936.811s][info ][safepoint     ] Leaving safepoint region
[2023-11-15T11:28:05.653+0000][51936.811s][info ][safepoint     ] Total time for which application threads were stopped: 0.0003729 seconds, Stopping threads took: 0.0000565 seconds
[2023-11-15T11:28:06.653+0000][51937.811s][debug][safepoint     ] Safepoint synchronization initiated. (196 threads)
[2023-11-15T11:28:06.653+0000][51937.811s][info ][safepoint     ] Application time: 1.0001662 seconds
[2023-11-15T11:28:06.653+0000][51937.812s][info ][safepoint     ] Entering safepoint region: Cleanup
[2023-11-15T11:28:06.654+0000][51937.812s][info ][safepoint     ] Leaving safepoint region
[2023-11-15T11:28:06.654+0000][51937.812s][info ][safepoint     ] Total time for which application threads were stopped: 0.0005365 seconds, Stopping threads took: 0.0003118 seconds
[2023-11-15T11:28:07.654+0000][51938.812s][debug][safepoint     ] Safepoint synchronization initiated. (196 threads)
[2023-11-15T11:28:07.654+0000][51938.812s][info ][safepoint     ] Application time: 1.0001644 seconds
[2023-11-15T11:28:07.654+0000][51938.812s][info ][safepoint     ] Entering safepoint region: Cleanup
[2023-11-15T11:28:07.654+0000][51938.812s][info ][safepoint     ] Leaving safepoint region
[2023-11-15T11:28:07.654+0000][51938.812s][info ][safepoint     ] Total time for which application threads were stopped: 0.0002444 seconds, Stopping threads took: 0.0000536 seconds
[2023-11-15T11:28:08.655+0000][51939.813s][debug][safepoint     ] Safepoint synchronization initiated. (196 threads)
[2023-11-15T11:28:08.655+0000][51939.813s][info ][safepoint     ] Application time: 1.0001513 seconds
[2023-11-15T11:28:08.655+0000][51939.813s][info ][safepoint     ] Entering safepoint region: Cleanup
[2023-11-15T11:28:08.655+0000][51939.813s][info ][safepoint     ] Leaving safepoint region
[2023-11-15T11:28:08.655+0000][51939.813s][info ][safepoint     ] Total time for which application threads were stopped: 0.0002955 seconds, Stopping threads took: 0.0000559 seconds
[2023-11-15T11:28:09.655+0000][51940.813s][debug][safepoint     ] Safepoint synchronization initiated. (196 threads)
[2023-11-15T11:28:09.655+0000][51940.813s][info ][safepoint     ] Application time: 1.0001891 seconds
[2023-11-15T11:28:09.655+0000][51940.813s][info ][safepoint     ] Entering safepoint region: Cleanup
[2023-11-15T11:28:09.655+0000][51940.813s][info ][safepoint     ] Leaving safepoint region
[2023-11-15T11:28:09.655+0000][51940.813s][info ][safepoint     ] Total time for which application threads were stopped: 0.0002204 seconds, Stopping threads took: 0.0000353 seconds
[2023-11-15T11:28:10.655+0000][51941.814s][debug][safepoint     ] Safepoint synchronization initiated. (196 threads)
[2023-11-15T11:28:10.656+0000][51941.814s][info ][safepoint     ] Application time: 1.0001766 seconds
[2023-11-15T11:28:10.656+0000][51941.814s][info ][safepoint     ] Entering safepoint region: Cleanup
[2023-11-15T11:28:10.656+0000][51941.814s][info ][safepoint     ] Leaving safepoint region
[2023-11-15T11:28:10.656+0000][51941.814s][info ][safepoint     ] Total time for which application threads were stopped: 0.0003318 seconds, Stopping threads took: 0.0000578 seconds
[2023-11-15T11:28:11.656+0000][51942.814s][debug][safepoint     ] Safepoint synchronization initiated. (196 threads)
[2023-11-15T11:28:11.656+0000][51942.814s][info ][safepoint     ] Application time: 1.0001535 seconds
[2023-11-15T11:28:11.656+0000][51942.814s][info ][safepoint     ] Entering safepoint region: Cleanup
[2023-11-15T11:28:11.656+0000][51942.814s][info ][safepoint     ] Leaving safepoint region
[2023-11-15T11:28:11.656+0000][51942.814s][info ][safepoint     ] Total time for which application threads were stopped: 0.0003275 seconds, Stopping threads took: 0.0000561 seconds
[2023-11-15T11:28:12.657+0000][51943.815s][debug][safepoint     ] Safepoint synchronization initiated. (196 threads)
[2023-11-15T11:28:12.657+0000][51943.815s][info ][safepoint     ] Application time: 1.0001596 seconds
[2023-11-15T11:28:12.657+0000][51943.815s][info ][safepoint     ] Entering safepoint region: Cleanup
[2023-11-15T11:28:12.657+0000][51943.815s][info ][safepoint     ] Leaving safepoint region
[2023-11-15T11:28:12.657+0000][51943.815s][info ][safepoint     ] Total time for which application threads were stopped: 0.0003722 seconds, Stopping threads took: 0.0000544 seconds
[2023-11-15T11:28:13.657+0000][51944.815s][debug][safepoint     ] Safepoint synchronization initiated. (196 threads)
[2023-11-15T11:28:13.657+0000][51944.815s][info ][safepoint     ] Application time: 1.0001702 seconds
[2023-11-15T11:28:13.657+0000][51944.815s][info ][safepoint     ] Entering safepoint region: Cleanup
[2023-11-15T11:28:13.658+0000][51944.816s][info ][safepoint     ] Leaving safepoint region
[2023-11-15T11:28:13.658+0000][51944.816s][info ][safepoint     ] Total time for which application threads were stopped: 0.0003734 seconds, Stopping threads took: 0.0000561 seconds
[2023-11-15T11:28:14.658+0000][51945.816s][debug][safepoint     ] Safepoint synchronization initiated. (196 threads)
[2023-11-15T11:28:14.658+0000][51945.816s][info ][safepoint     ] Application time: 1.0001730 seconds
[2023-11-15T11:28:14.658+0000][51945.816s][info ][safepoint     ] Entering safepoint region: Cleanup
[2023-11-15T11:28:14.658+0000][51945.816s][info ][safepoint     ] Leaving safepoint region
[2023-11-15T11:28:14.658+0000][51945.816s][info ][safepoint     ] Total time for which application threads were stopped: 0.0004235 seconds, Stopping threads took: 0.0000644 seconds
[2023-11-15T11:28:15.658+0000][51946.816s][debug][safepoint     ] Safepoint synchronization initiated. (196 threads)
[2023-11-15T11:28:15.658+0000][51946.816s][info ][safepoint     ] Application time: 1.0001698 seconds
[2023-11-15T11:28:15.658+0000][51946.817s][info ][safepoint     ] Entering safepoint region: Cleanup
[2023-11-15T11:28:15.659+0000][51946.817s][info ][safepoint     ] Leaving safepoint region
[2023-11-15T11:28:15.659+0000][51946.817s][info ][safepoint     ] Total time for which application threads were stopped: 0.0003705 seconds, Stopping threads took: 0.0000550 seconds
[2023-11-15T11:28:16.659+0000][51947.817s][debug][safepoint     ] Safepoint synchronization initiated. (196 threads)
[2023-11-15T11:28:16.659+0000][51947.817s][info ][safepoint     ] Application time: 1.0001838 seconds
[2023-11-15T11:28:16.659+0000][51947.817s][info ][safepoint     ] Entering safepoint region: Cleanup
[2023-11-15T11:28:16.659+0000][51947.817s][info ][safepoint     ] Leaving safepoint region
[2023-11-15T11:28:16.659+0000][51947.817s][info ][safepoint     ] Total time for which application threads were stopped: 0.0003251 seconds, Stopping threads took: 0.0000532 seconds
[2023-11-15T11:28:17.659+0000][51948.817s][debug][safepoint     ] Safepoint synchronization initiated. (196 threads)
[2023-11-15T11:28:17.660+0000][51948.818s][info ][safepoint     ] Application time: 1.0001741 seconds
[2023-11-15T11:28:17.660+0000][51948.818s][info ][safepoint     ] Entering safepoint region: Cleanup
[2023-11-15T11:28:17.660+0000][51948.818s][info ][safepoint     ] Leaving safepoint region
[2023-11-15T11:28:17.660+0000][51948.818s][info ][safepoint     ] Total time for which application threads were stopped: 0.0003771 seconds, Stopping threads took: 0.0000587 seconds
[2023-11-15T11:28:18.660+0000][51949.818s][debug][safepoint     ] Safepoint synchronization initiated. (196 threads)
[2023-11-15T11:28:18.660+0000][51949.818s][info ][safepoint     ] Application time: 1.0001724 seconds
[2023-11-15T11:28:18.660+0000][51949.818s][info ][safepoint     ] Entering safepoint region: Cleanup
[2023-11-15T11:28:18.660+0000][51949.819s][info ][safepoint     ] Leaving safepoint region
[2023-11-15T11:28:18.661+0000][51949.819s][info ][safepoint     ] Total time for which application threads were stopped: 0.0003754 seconds, Stopping threads took: 0.0000549 seconds
[2023-11-15T11:28:19.661+0000][51950.819s][debug][safepoint     ] Safepoint synchronization initiated. (196 threads)
[2023-11-15T11:28:19.661+0000][51950.819s][info ][safepoint     ] Application time: 1.0001721 seconds
[2023-11-15T11:28:19.661+0000][51950.819s][info ][safepoint     ] Entering safepoint region: Cleanup
[2023-11-15T11:28:19.661+0000][51950.819s][info ][safepoint     ] Leaving safepoint region
[2023-11-15T11:28:19.661+0000][51950.819s][info ][safepoint     ] Total time for which application threads were stopped: 0.0004804 seconds, Stopping threads took: 0.0002138 seconds
[2023-11-15T11:28:20.661+0000][51951.819s][debug][safepoint     ] Safepoint synchronization initiated. (196 threads)
[2023-11-15T11:28:20.661+0000][51951.819s][info ][safepoint     ] Application time: 1.0001646 seconds
[2023-11-15T11:28:20.661+0000][51951.820s][info ][safepoint     ] Entering safepoint region: Cleanup
[2023-11-15T11:28:20.662+0000][51951.820s][info ][safepoint     ] Leaving safepoint region
[2023-11-15T11:28:20.662+0000][51951.820s][info ][safepoint     ] Total time for which application threads were stopped: 0.0002946 seconds, Stopping threads took: 0.0000594 seconds
[2023-11-15T11:28:21.662+0000][51952.820s][debug][safepoint     ] Safepoint synchronization initiated. (196 threads)
[2023-11-15T11:28:21.662+0000][51952.820s][info ][safepoint     ] Application time: 1.0001752 seconds
[2023-11-15T11:28:21.662+0000][51952.820s][info ][safepoint     ] Entering safepoint region: Cleanup
[2023-11-15T11:28:21.662+0000][51952.820s][info ][safepoint     ] Leaving safepoint region
[2023-11-15T11:28:21.662+0000][51952.820s][info ][safepoint     ] Total time for which application threads were stopped: 0.0003816 seconds, Stopping threads took: 0.0000564 seconds
[2023-11-15T11:28:22.662+0000][51953.820s][debug][safepoint     ] Safepoint synchronization initiated. (196 threads)
[2023-11-15T11:28:22.662+0000][51953.820s][info ][safepoint     ] Application time: 1.0001317 seconds
[2023-11-15T11:28:22.662+0000][51953.821s][info ][safepoint     ] Entering safepoint region: Cleanup
[2023-11-15T11:28:22.663+0000][51953.821s][info ][safepoint     ] Leaving safepoint region
[2023-11-15T11:28:22.663+0000][51953.821s][info ][safepoint     ] Total time for which application threads were stopped: 0.0002117 seconds, Stopping threads took: 0.0000416 seconds
[2023-11-15T11:28:23.663+0000][51954.821s][debug][safepoint     ] Safepoint synchronization initiated. (195 threads)
[2023-11-15T11:28:23.663+0000][51954.821s][info ][safepoint     ] Application time: 1.0001773 seconds
[2023-11-15T11:28:23.663+0000][51954.821s][info ][safepoint     ] Entering safepoint region: Cleanup
[2023-11-15T11:28:23.663+0000][51954.821s][info ][safepoint     ] Leaving safepoint region
[2023-11-15T11:28:23.663+0000][51954.821s][info ][safepoint     ] Total time for which application threads were stopped: 0.0003502 seconds, Stopping threads took: 0.0000565 seconds
[2023-11-15T11:28:23.663+0000][51954.821s][debug][safepoint     ] ... found polling page return exception at pc = 0x00007fe180ff1766, stub =0x00007fe17883a800
[2023-11-15T11:28:23.663+0000][51954.821s][debug][safepoint     ] ... found polling page return exception at pc = 0x00007fe180ff1766, stub =0x00007fe17883a800
[2023-11-15T11:28:24.663+0000][51955.821s][debug][safepoint     ] Safepoint synchronization initiated. (195 threads)
[2023-11-15T11:28:24.663+0000][51955.821s][info ][safepoint     ] Application time: 1.0001800 seconds
[2023-11-15T11:28:24.663+0000][51955.822s][info ][safepoint     ] Entering safepoint region: Cleanup
[2023-11-15T11:28:24.664+0000][51955.822s][info ][safepoint     ] Leaving safepoint region
[2023-11-15T11:28:24.664+0000][51955.822s][info ][safepoint     ] Total time for which application threads were stopped: 0.0006713 seconds, Stopping threads took: 0.0004176 seconds
[2023-11-15T11:28:25.664+0000][51956.822s][debug][safepoint     ] Safepoint synchronization initiated. (195 threads)
[2023-11-15T11:28:25.664+0000][51956.822s][info ][safepoint     ] Application time: 1.0001751 seconds
[2023-11-15T11:28:25.664+0000][51956.822s][info ][safepoint     ] Entering safepoint region: Cleanup
[2023-11-15T11:28:25.665+0000][51956.823s][info ][safepoint     ] Leaving safepoint region
[2023-11-15T11:28:25.665+0000][51956.823s][info ][safepoint     ] Total time for which application threads were stopped: 0.0003728 seconds, Stopping threads took: 0.0000550 seconds
[2023-11-15T11:28:26.665+0000][51957.823s][debug][safepoint     ] Safepoint synchronization initiated. (195 threads)
[2023-11-15T11:28:26.665+0000][51957.823s][info ][safepoint     ] Application time: 1.0001751 seconds
[2023-11-15T11:28:26.665+0000][51957.823s][info ][safepoint     ] Entering safepoint region: Cleanup
[2023-11-15T11:28:26.665+0000][51957.823s][info ][safepoint     ] Leaving safepoint region
[2023-11-15T11:28:26.665+0000][51957.823s][info ][safepoint     ] Total time for which application threads were stopped: 0.0003799 seconds, Stopping threads took: 0.0000555 seconds
[2023-11-15T11:28:27.665+0000][51958.823s][debug][safepoint     ] Safepoint synchronization initiated. (195 threads)
[2023-11-15T11:28:27.665+0000][51958.824s][info ][safepoint     ] Application time: 1.0001717 seconds
[2023-11-15T11:28:27.666+0000][51958.824s][info ][safepoint     ] Entering safepoint region: Cleanup
[2023-11-15T11:28:27.666+0000][51958.824s][info ][safepoint     ] Leaving safepoint region
[2023-11-15T11:28:27.666+0000][51958.824s][info ][safepoint     ] Total time for which application threads were stopped: 0.0003761 seconds, Stopping threads took: 0.0000548 seconds
[2023-11-15T11:28:28.666+0000][51959.824s][debug][safepoint     ] Safepoint synchronization initiated. (195 threads)
[2023-11-15T11:28:28.666+0000][51959.824s][info ][safepoint     ] Application time: 1.0001661 seconds
[2023-11-15T11:28:28.666+0000][51959.824s][info ][safepoint     ] Entering safepoint region: Cleanup
[2023-11-15T11:28:28.666+0000][51959.824s][info ][safepoint     ] Leaving safepoint region
[2023-11-15T11:28:28.666+0000][51959.824s][info ][safepoint     ] Total time for which application threads were stopped: 0.0003276 seconds, Stopping threads took: 0.0000557 seconds
[2023-11-15T11:28:29.667+0000][51960.825s][debug][safepoint     ] Safepoint synchronization initiated. (195 threads)
[2023-11-15T11:28:29.667+0000][51960.825s][info ][safepoint     ] Application time: 1.0001746 seconds
[2023-11-15T11:28:29.667+0000][51960.825s][info ][safepoint     ] Entering safepoint region: Cleanup
[2023-11-15T11:28:29.667+0000][51960.825s][info ][safepoint     ] Leaving safepoint region
[2023-11-15T11:28:29.667+0000][51960.825s][info ][safepoint     ] Total time for which application threads were stopped: 0.0004968 seconds, Stopping threads took: 0.0002766 seconds
[2023-11-15T11:28:30.667+0000][51961.825s][debug][safepoint     ] Safepoint synchronization initiated. (195 threads)
[2023-11-15T11:28:30.667+0000][51961.825s][info ][safepoint     ] Application time: 1.0001516 seconds
[2023-11-15T11:28:30.667+0000][51961.825s][info ][safepoint     ] Entering safepoint region: Cleanup
[2023-11-15T11:28:30.668+0000][51961.826s][info ][safepoint     ] Leaving safepoint region
[2023-11-15T11:28:30.668+0000][51961.826s][info ][safepoint     ] Total time for which application threads were stopped: 0.0003537 seconds, Stopping threads took: 0.0000533 seconds
[2023-11-15T11:28:31.668+0000][51962.826s][debug][safepoint     ] Safepoint synchronization initiated. (195 threads)
[2023-11-15T11:28:31.668+0000][51962.826s][info ][safepoint     ] Application time: 1.0001696 seconds
[2023-11-15T11:28:31.668+0000][51962.826s][info ][safepoint     ] Entering safepoint region: Cleanup
[2023-11-15T11:28:31.668+0000][51962.826s][info ][safepoint     ] Leaving safepoint region
[2023-11-15T11:28:31.668+0000][51962.826s][info ][safepoint     ] Total time for which application threads were stopped: 0.0002935 seconds, Stopping threads took: 0.0000553 seconds
[2023-11-15T11:28:32.668+0000][51963.826s][debug][safepoint     ] Safepoint synchronization initiated. (195 threads)
[2023-11-15T11:28:32.668+0000][51963.826s][info ][safepoint     ] Application time: 1.0001534 seconds
[2023-11-15T11:28:32.668+0000][51963.826s][info ][safepoint     ] Entering safepoint region: Cleanup
[2023-11-15T11:28:32.669+0000][51963.827s][info ][safepoint     ] Leaving safepoint region
[2023-11-15T11:28:32.669+0000][51963.827s][info ][safepoint     ] Total time for which application threads were stopped: 0.0003770 seconds, Stopping threads took: 0.0000543 seconds
[2023-11-15T11:28:33.669+0000][51964.827s][debug][safepoint     ] Safepoint synchronization initiated. (195 threads)
[2023-11-15T11:28:33.669+0000][51964.827s][info ][safepoint     ] Application time: 1.0001662 seconds
[2023-11-15T11:28:33.669+0000][51964.827s][info ][safepoint     ] Entering safepoint region: Cleanup
[2023-11-15T11:28:33.669+0000][51964.827s][info ][safepoint     ] Leaving safepoint region
[2023-11-15T11:28:33.669+0000][51964.827s][info ][safepoint     ] Total time for which application threads were stopped: 0.0003709 seconds, Stopping threads took: 0.0000550 seconds
[2023-11-15T11:28:34.669+0000][51965.827s][debug][safepoint     ] Safepoint synchronization initiated. (195 threads)
[2023-11-15T11:28:34.669+0000][51965.828s][info ][safepoint     ] Application time: 1.0001735 seconds
[2023-11-15T11:28:34.670+0000][51965.828s][info ][safepoint     ] Entering safepoint region: Cleanup
[2023-11-15T11:28:34.670+0000][51965.828s][info ][safepoint     ] Leaving safepoint region
[2023-11-15T11:28:34.670+0000][51965.828s][info ][safepoint     ] Total time for which application threads were stopped: 0.0004740 seconds, Stopping threads took: 0.0002389 seconds
[2023-11-15T11:28:35.670+0000][51966.828s][debug][safepoint     ] Safepoint synchronization initiated. (195 threads)
[2023-11-15T11:28:35.670+0000][51966.828s][info ][safepoint     ] Application time: 1.0001671 seconds
[2023-11-15T11:28:35.670+0000][51966.828s][info ][safepoint     ] Entering safepoint region: Cleanup
[2023-11-15T11:28:35.670+0000][51966.829s][info ][safepoint     ] Leaving safepoint region
[2023-11-15T11:28:35.671+0000][51966.829s][info ][safepoint     ] Total time for which application threads were stopped: 0.0003752 seconds, Stopping threads took: 0.0000560 seconds
[2023-11-15T11:28:36.671+0000][51967.829s][debug][safepoint     ] Safepoint synchronization initiated. (195 threads)
[2023-11-15T11:28:36.671+0000][51967.829s][info ][safepoint     ] Application time: 1.0001561 seconds
[2023-11-15T11:28:36.671+0000][51967.829s][info ][safepoint     ] Entering safepoint region: Cleanup
[2023-11-15T11:28:36.671+0000][51967.829s][info ][safepoint     ] Leaving safepoint region
[2023-11-15T11:28:36.671+0000][51967.829s][info ][safepoint     ] Total time for which application threads were stopped: 0.0003622 seconds, Stopping threads took: 0.0000542 seconds
[2023-11-15T11:28:37.671+0000][51968.829s][debug][safepoint     ] Safepoint synchronization initiated. (195 threads)
[2023-11-15T11:28:37.671+0000][51968.829s][info ][safepoint     ] Application time: 1.0001665 seconds
[2023-11-15T11:28:37.671+0000][51968.829s][info ][safepoint     ] Entering safepoint region: Cleanup
[2023-11-15T11:28:37.672+0000][51968.830s][info ][safepoint     ] Leaving safepoint region
[2023-11-15T11:28:37.672+0000][51968.830s][info ][safepoint     ] Total time for which application threads were stopped: 0.0003475 seconds, Stopping threads took: 0.0000794 seconds
[2023-11-15T11:28:38.672+0000][51969.830s][debug][safepoint     ] Safepoint synchronization initiated. (195 threads)
[2023-11-15T11:28:38.672+0000][51969.830s][info ][safepoint     ] Application time: 1.0001479 seconds
[2023-11-15T11:28:38.672+0000][51969.830s][info ][safepoint     ] Entering safepoint region: Cleanup
[2023-11-15T11:28:38.672+0000][51969.830s][info ][safepoint     ] Leaving safepoint region
[2023-11-15T11:28:38.672+0000][51969.830s][info ][safepoint     ] Total time for which application threads were stopped: 0.0003754 seconds, Stopping threads took: 0.0000562 seconds
[2023-11-15T11:28:39.672+0000][51970.830s][debug][safepoint     ] Safepoint synchronization initiated. (195 threads)
[2023-11-15T11:28:39.672+0000][51970.830s][info ][safepoint     ] Application time: 1.0001720 seconds
[2023-11-15T11:28:39.672+0000][51970.830s][info ][safepoint     ] Entering safepoint region: Cleanup
[2023-11-15T11:28:39.673+0000][51970.831s][info ][safepoint     ] Leaving safepoint region
[2023-11-15T11:28:39.673+0000][51970.831s][info ][safepoint     ] Total time for which application threads were stopped: 0.0004419 seconds, Stopping threads took: 0.0001646 seconds
[2023-11-15T11:28:40.673+0000][51971.831s][debug][safepoint     ] Safepoint synchronization initiated. (195 threads)
[2023-11-15T11:28:40.673+0000][51971.831s][info ][safepoint     ] Application time: 1.0001560 seconds
[2023-11-15T11:28:40.673+0000][51971.831s][info ][safepoint     ] Entering safepoint region: Cleanup
[2023-11-15T11:28:40.673+0000][51971.831s][info ][safepoint     ] Leaving safepoint region
[2023-11-15T11:28:40.673+0000][51971.831s][info ][safepoint     ] Total time for which application threads were stopped: 0.0003736 seconds, Stopping threads took: 0.0000552 seconds
[2023-11-15T11:28:41.674+0000][51972.832s][debug][safepoint     ] Safepoint synchronization initiated. (195 threads)
[2023-11-15T11:28:41.674+0000][51972.832s][info ][safepoint     ] Application time: 1.0001552 seconds
[2023-11-15T11:28:41.674+0000][51972.832s][info ][safepoint     ] Entering safepoint region: Cleanup
[2023-11-15T11:28:41.674+0000][51972.832s][info ][safepoint     ] Leaving safepoint region
[2023-11-15T11:28:41.674+0000][51972.832s][info ][safepoint     ] Total time for which application threads were stopped: 0.0003704 seconds, Stopping threads took: 0.0000553 seconds
[2023-11-15T11:28:42.674+0000][51973.832s][debug][safepoint     ] Safepoint synchronization initiated. (195 threads)
[2023-11-15T11:28:42.674+0000][51973.832s][info ][safepoint     ] Application time: 1.0001594 seconds
[2023-11-15T11:28:42.674+0000][51973.832s][info ][safepoint     ] Entering safepoint region: Cleanup
[2023-11-15T11:28:42.674+0000][51973.833s][info ][safepoint     ] Leaving safepoint region
[2023-11-15T11:28:42.675+0000][51973.833s][info ][safepoint     ] Total time for which application threads were stopped: 0.0003605 seconds, Stopping threads took: 0.0000535 seconds
[2023-11-15T11:28:43.675+0000][51974.833s][debug][safepoint     ] Safepoint synchronization initiated. (195 threads)
[2023-11-15T11:28:43.675+0000][51974.833s][info ][safepoint     ] Application time: 1.0001418 seconds
[2023-11-15T11:28:43.675+0000][51974.833s][info ][safepoint     ] Entering safepoint region: Cleanup
[2023-11-15T11:28:43.675+0000][51974.833s][info ][safepoint     ] Leaving safepoint region
[2023-11-15T11:28:43.675+0000][51974.833s][info ][safepoint     ] Total time for which application threads were stopped: 0.0003718 seconds, Stopping threads took: 0.0000569 seconds
[2023-11-15T11:28:44.675+0000][51975.833s][debug][safepoint     ] Safepoint synchronization initiated. (195 threads)
[2023-11-15T11:28:44.675+0000][51975.833s][info ][safepoint     ] Application time: 1.0001688 seconds
[2023-11-15T11:28:44.675+0000][51975.833s][info ][safepoint     ] Entering safepoint region: Cleanup
[2023-11-15T11:28:44.676+0000][51975.834s][info ][safepoint     ] Leaving safepoint region
[2023-11-15T11:28:44.676+0000][51975.834s][info ][safepoint     ] Total time for which application threads were stopped: 0.0006598 seconds, Stopping threads took: 0.0003109 seconds
[2023-11-15T11:28:45.676+0000][51976.834s][debug][safepoint     ] Safepoint synchronization initiated. (195 threads)
[2023-11-15T11:28:45.676+0000][51976.834s][info ][safepoint     ] Application time: 1.0001375 seconds
[2023-11-15T11:28:45.676+0000][51976.834s][info ][safepoint     ] Entering safepoint region: Cleanup
[2023-11-15T11:28:45.676+0000][51976.835s][info ][safepoint     ] Leaving safepoint region
[2023-11-15T11:28:45.676+0000][51976.835s][info ][safepoint     ] Total time for which application threads were stopped: 0.0003677 seconds, Stopping threads took: 0.0000545 seconds
[2023-11-15T11:28:46.677+0000][51977.835s][debug][safepoint     ] Safepoint synchronization initiated. (195 threads)
[2023-11-15T11:28:46.677+0000][51977.835s][info ][safepoint     ] Application time: 1.0001629 seconds
[2023-11-15T11:28:46.677+0000][51977.835s][info ][safepoint     ] Entering safepoint region: Cleanup
[2023-11-15T11:28:46.677+0000][51977.835s][info ][safepoint     ] Leaving safepoint region
[2023-11-15T11:28:46.677+0000][51977.835s][info ][safepoint     ] Total time for which application threads were stopped: 0.0003753 seconds, Stopping threads took: 0.0000561 seconds
[2023-11-15T11:28:47.677+0000][51978.835s][debug][safepoint     ] Safepoint synchronization initiated. (195 threads)
[2023-11-15T11:28:47.677+0000][51978.835s][info ][safepoint     ] Application time: 1.0001597 seconds
[2023-11-15T11:28:47.677+0000][51978.835s][info ][safepoint     ] Entering safepoint region: Cleanup
[2023-11-15T11:28:47.678+0000][51978.836s][info ][safepoint     ] Leaving safepoint region
[2023-11-15T11:28:47.678+0000][51978.836s][info ][safepoint     ] Total time for which application threads were stopped: 0.0003152 seconds, Stopping threads took: 0.0000570 seconds
[2023-11-15T11:28:48.678+0000][51979.836s][debug][safepoint     ] Safepoint synchronization initiated. (195 threads)
[2023-11-15T11:28:48.678+0000][51979.836s][info ][safepoint     ] Application time: 1.0001597 seconds
[2023-11-15T11:28:48.678+0000][51979.836s][info ][safepoint     ] Entering safepoint region: Cleanup
[2023-11-15T11:28:48.678+0000][51979.836s][info ][safepoint     ] Leaving safepoint region
[2023-11-15T11:28:48.678+0000][51979.836s][info ][safepoint     ] Total time for which application threads were stopped: 0.0003797 seconds, Stopping threads took: 0.0000579 seconds
[2023-11-15T11:28:49.678+0000][51980.836s][debug][safepoint     ] Safepoint synchronization initiated. (195 threads)
[2023-11-15T11:28:49.678+0000][51980.836s][info ][safepoint     ] Application time: 1.0001932 seconds
[2023-11-15T11:28:49.678+0000][51980.836s][info ][safepoint     ] Entering safepoint region: Cleanup
[2023-11-15T11:28:49.679+0000][51980.837s][info ][safepoint     ] Leaving safepoint region
[2023-11-15T11:28:49.679+0000][51980.837s][info ][safepoint     ] Total time for which application threads were stopped: 0.0005780 seconds, Stopping threads took: 0.0002857 seconds
[2023-11-15T11:28:50.679+0000][51981.837s][debug][safepoint     ] Safepoint synchronization initiated. (195 threads)
[2023-11-15T11:28:50.679+0000][51981.837s][info ][safepoint     ] Application time: 1.0001832 seconds
[2023-11-15T11:28:50.679+0000][51981.837s][info ][safepoint     ] Entering safepoint region: Cleanup
[2023-11-15T11:28:50.679+0000][51981.838s][info ][safepoint     ] Leaving safepoint region
[2023-11-15T11:28:50.680+0000][51981.838s][info ][safepoint     ] Total time for which application threads were stopped: 0.0003509 seconds, Stopping threads took: 0.0000589 seconds
[2023-11-15T11:28:51.680+0000][51982.838s][debug][safepoint     ] Safepoint synchronization initiated. (195 threads)
[2023-11-15T11:28:51.680+0000][51982.838s][info ][safepoint     ] Application time: 1.0001537 seconds
[2023-11-15T11:28:51.680+0000][51982.838s][info ][safepoint     ] Entering safepoint region: Cleanup
[2023-11-15T11:28:51.680+0000][51982.838s][info ][safepoint     ] Leaving safepoint region
[2023-11-15T11:28:51.680+0000][51982.838s][info ][safepoint     ] Total time for which application threads were stopped: 0.0003734 seconds, Stopping threads took: 0.0000590 seconds
[2023-11-15T11:28:52.680+0000][51983.838s][debug][safepoint     ] Safepoint synchronization initiated. (195 threads)
[2023-11-15T11:28:52.680+0000][51983.838s][info ][safepoint     ] Application time: 1.0001567 seconds
[2023-11-15T11:28:52.680+0000][51983.838s][info ][safepoint     ] Entering safepoint region: Cleanup
[2023-11-15T11:28:52.681+0000][51983.839s][info ][safepoint     ] Leaving safepoint region
[2023-11-15T11:28:52.681+0000][51983.839s][info ][safepoint     ] Total time for which application threads were stopped: 0.0003778 seconds, Stopping threads took: 0.0000587 seconds
[2023-11-15T11:28:53.681+0000][51984.839s][debug][safepoint     ] Safepoint synchronization initiated. (195 threads)
[2023-11-15T11:28:53.681+0000][51984.839s][info ][safepoint     ] Application time: 1.0001637 seconds
[2023-11-15T11:28:53.681+0000][51984.839s][info ][safepoint     ] Entering safepoint region: Cleanup
[2023-11-15T11:28:53.681+0000][51984.839s][info ][safepoint     ] Leaving safepoint region
[2023-11-15T11:28:53.681+0000][51984.839s][info ][safepoint     ] Total time for which application threads were stopped: 0.0003774 seconds, Stopping threads took: 0.0000590 seconds
[2023-11-15T11:28:54.681+0000][51985.839s][debug][safepoint     ] Safepoint synchronization initiated. (195 threads)
[2023-11-15T11:28:54.681+0000][51985.840s][info ][safepoint     ] Application time: 1.0001718 seconds
[2023-11-15T11:28:54.682+0000][51985.840s][info ][safepoint     ] Entering safepoint region: Cleanup
[2023-11-15T11:28:54.682+0000][51985.840s][info ][safepoint     ] Leaving safepoint region
[2023-11-15T11:28:54.682+0000][51985.840s][info ][safepoint     ] Total time for which application threads were stopped: 0.0003769 seconds, Stopping threads took: 0.0000581 seconds
[2023-11-15T11:28:55.682+0000][51986.840s][debug][safepoint     ] Safepoint synchronization initiated. (195 threads)
[2023-11-15T11:28:55.682+0000][51986.840s][info ][safepoint     ] Application time: 1.0001566 seconds
[2023-11-15T11:28:55.682+0000][51986.840s][info ][safepoint     ] Entering safepoint region: Cleanup
[2023-11-15T11:28:55.682+0000][51986.840s][info ][safepoint     ] Leaving safepoint region
[2023-11-15T11:28:55.682+0000][51986.840s][info ][safepoint     ] Total time for which application threads were stopped: 0.0003742 seconds, Stopping threads took: 0.0000583 seconds
[2023-11-15T11:28:56.683+0000][51987.841s][debug][safepoint     ] Safepoint synchronization initiated. (194 threads)
[2023-11-15T11:28:56.683+0000][51987.841s][info ][safepoint     ] Application time: 1.0001752 seconds
[2023-11-15T11:28:56.683+0000][51987.841s][info ][safepoint     ] Entering safepoint region: Cleanup
[2023-11-15T11:28:56.683+0000][51987.841s][info ][safepoint     ] Leaving safepoint region
[2023-11-15T11:28:56.683+0000][51987.841s][info ][safepoint     ] Total time for which application threads were stopped: 0.0006700 seconds, Stopping threads took: 0.0003636 seconds
[2023-11-15T11:28:57.683+0000][51988.842s][debug][safepoint     ] Safepoint synchronization initiated. (194 threads)
[2023-11-15T11:28:57.684+0000][51988.842s][info ][safepoint     ] Application time: 1.0002350 seconds
[2023-11-15T11:28:57.684+0000][51988.842s][info ][safepoint     ] Entering safepoint region: Cleanup
[2023-11-15T11:28:57.684+0000][51988.842s][info ][safepoint     ] Leaving safepoint region
[2023-11-15T11:28:57.684+0000][51988.842s][info ][safepoint     ] Total time for which application threads were stopped: 0.0003709 seconds, Stopping threads took: 0.0000569 seconds
[2023-11-15T11:28:58.684+0000][51989.842s][debug][safepoint     ] Safepoint synchronization initiated. (194 threads)
[2023-11-15T11:28:58.684+0000][51989.842s][info ][safepoint     ] Application time: 1.0001599 seconds
[2023-11-15T11:28:58.684+0000][51989.842s][info ][safepoint     ] Entering safepoint region: Cleanup
[2023-11-15T11:28:58.684+0000][51989.843s][info ][safepoint     ] Leaving safepoint region
[2023-11-15T11:28:58.684+0000][51989.843s][info ][safepoint     ] Total time for which application threads were stopped: 0.0002889 seconds, Stopping threads took: 0.0000591 seconds
[2023-11-15T11:28:59.685+0000][51990.843s][debug][safepoint     ] Safepoint synchronization initiated. (194 threads)
[2023-11-15T11:28:59.685+0000][51990.843s][info ][safepoint     ] Application time: 1.0001747 seconds
[2023-11-15T11:28:59.685+0000][51990.843s][info ][safepoint     ] Entering safepoint region: Cleanup
[2023-11-15T11:28:59.685+0000][51990.843s][info ][safepoint     ] Leaving safepoint region
[2023-11-15T11:28:59.685+0000][51990.843s][info ][safepoint     ] Total time for which application threads were stopped: 0.0003809 seconds, Stopping threads took: 0.0000588 seconds
[2023-11-15T11:29:00.685+0000][51991.843s][debug][safepoint     ] Safepoint synchronization initiated. (194 threads)
[2023-11-15T11:29:00.685+0000][51991.843s][info ][safepoint     ] Application time: 1.0001765 seconds
[2023-11-15T11:29:00.685+0000][51991.843s][info ][safepoint     ] Entering safepoint region: Cleanup
[2023-11-15T11:29:00.686+0000][51991.844s][info ][safepoint     ] Leaving safepoint region
[2023-11-15T11:29:00.686+0000][51991.844s][info ][safepoint     ] Total time for which application threads were stopped: 0.0003718 seconds, Stopping threads took: 0.0000564 seconds
[2023-11-15T11:29:01.686+0000][51992.844s][debug][safepoint     ] Safepoint synchronization initiated. (194 threads)
[2023-11-15T11:29:01.686+0000][51992.844s][info ][safepoint     ] Application time: 1.0001810 seconds
[2023-11-15T11:29:01.686+0000][51992.844s][info ][safepoint     ] Entering safepoint region: Cleanup
[2023-11-15T11:29:01.686+0000][51992.844s][info ][safepoint     ] Leaving safepoint region
[2023-11-15T11:29:01.686+0000][51992.844s][info ][safepoint     ] Total time for which application threads were stopped: 0.0005127 seconds, Stopping threads took: 0.0001956 seconds
[2023-11-15T11:29:02.687+0000][51993.845s][debug][safepoint     ] Safepoint synchronization initiated. (194 threads)
[2023-11-15T11:29:02.687+0000][51993.845s][info ][safepoint     ] Application time: 1.0001888 seconds
[2023-11-15T11:29:02.687+0000][51993.845s][info ][safepoint     ] Entering safepoint region: Cleanup
[2023-11-15T11:29:02.687+0000][51993.845s][info ][safepoint     ] Leaving safepoint region
[2023-11-15T11:29:02.687+0000][51993.845s][info ][safepoint     ] Total time for which application threads were stopped: 0.0003740 seconds, Stopping threads took: 0.0000577 seconds
[2023-11-15T11:29:03.687+0000][51994.845s][debug][safepoint     ] Safepoint synchronization initiated. (194 threads)
[2023-11-15T11:29:03.687+0000][51994.845s][info ][safepoint     ] Application time: 1.0001426 seconds
[2023-11-15T11:29:03.687+0000][51994.845s][info ][safepoint     ] Entering safepoint region: Cleanup
[2023-11-15T11:29:03.687+0000][51994.846s][info ][safepoint     ] Leaving safepoint region
[2023-11-15T11:29:03.688+0000][51994.846s][info ][safepoint     ] Total time for which application threads were stopped: 0.0003893 seconds, Stopping threads took: 0.0000573 seconds
[2023-11-15T11:29:04.688+0000][51995.846s][debug][safepoint     ] Safepoint synchronization initiated. (194 threads)
[2023-11-15T11:29:04.688+0000][51995.846s][info ][safepoint     ] Application time: 1.0001836 seconds
[2023-11-15T11:29:04.688+0000][51995.846s][info ][safepoint     ] Entering safepoint region: Cleanup
[2023-11-15T11:29:04.688+0000][51995.846s][info ][safepoint     ] Leaving safepoint region
[2023-11-15T11:29:04.688+0000][51995.846s][info ][safepoint     ] Total time for which application threads were stopped: 0.0002907 seconds, Stopping threads took: 0.0000586 seconds
[2023-11-15T11:29:05.688+0000][51996.846s][debug][safepoint     ] Safepoint synchronization initiated. (194 threads)
[2023-11-15T11:29:05.688+0000][51996.846s][info ][safepoint     ] Application time: 1.0001848 seconds
[2023-11-15T11:29:05.688+0000][51996.846s][info ][safepoint     ] Entering safepoint region: Cleanup
[2023-11-15T11:29:05.689+0000][51996.847s][info ][safepoint     ] Leaving safepoint region
[2023-11-15T11:29:05.689+0000][51996.847s][info ][safepoint     ] Total time for which application threads were stopped: 0.0002887 seconds, Stopping threads took: 0.0000568 seconds
[2023-11-15T11:29:06.689+0000][51997.847s][debug][safepoint     ] Safepoint synchronization initiated. (193 threads)
[2023-11-15T11:29:06.689+0000][51997.847s][info ][safepoint     ] Application time: 1.0001753 seconds
[2023-11-15T11:29:06.689+0000][51997.847s][info ][safepoint     ] Entering safepoint region: Cleanup
[2023-11-15T11:29:06.689+0000][51997.847s][info ][safepoint     ] Leaving safepoint region
[2023-11-15T11:29:06.689+0000][51997.847s][info ][safepoint     ] Total time for which application threads were stopped: 0.0005217 seconds, Stopping threads took: 0.0002682 seconds
[2023-11-15T11:29:07.689+0000][51998.847s][debug][safepoint     ] Safepoint synchronization initiated. (193 threads)
[2023-11-15T11:29:07.689+0000][51998.848s][info ][safepoint     ] Application time: 1.0001770 seconds
[2023-11-15T11:29:07.690+0000][51998.848s][info ][safepoint     ] Entering safepoint region: Cleanup
[2023-11-15T11:29:07.690+0000][51998.848s][info ][safepoint     ] Leaving safepoint region
[2023-11-15T11:29:07.690+0000][51998.848s][info ][safepoint     ] Total time for which application threads were stopped: 0.0002910 seconds, Stopping threads took: 0.0000577 seconds
[2023-11-15T11:29:08.690+0000][51999.848s][debug][safepoint     ] Safepoint synchronization initiated. (193 threads)
[2023-11-15T11:29:08.690+0000][51999.848s][info ][safepoint     ] Application time: 1.0001803 seconds
[2023-11-15T11:29:08.690+0000][51999.848s][info ][safepoint     ] Entering safepoint region: Cleanup
[2023-11-15T11:29:08.690+0000][51999.848s][info ][safepoint     ] Leaving safepoint region
[2023-11-15T11:29:08.690+0000][51999.848s][info ][safepoint     ] Total time for which application threads were stopped: 0.0003796 seconds, Stopping threads took: 0.0000580 seconds
[2023-11-15T11:29:09.691+0000][52000.849s][debug][safepoint     ] Safepoint synchronization initiated. (193 threads)
[2023-11-15T11:29:09.691+0000][52000.849s][info ][safepoint     ] Application time: 1.0001717 seconds
[2023-11-15T11:29:09.691+0000][52000.849s][info ][safepoint     ] Entering safepoint region: Cleanup
[2023-11-15T11:29:09.691+0000][52000.849s][info ][safepoint     ] Leaving safepoint region
[2023-11-15T11:29:09.691+0000][52000.849s][info ][safepoint     ] Total time for which application threads were stopped: 0.0003717 seconds, Stopping threads took: 0.0000560 seconds
[2023-11-15T11:29:10.691+0000][52001.849s][debug][safepoint     ] Safepoint synchronization initiated. (193 threads)
[2023-11-15T11:29:10.691+0000][52001.849s][info ][safepoint     ] Application time: 1.0001644 seconds
[2023-11-15T11:29:10.691+0000][52001.849s][info ][safepoint     ] Entering safepoint region: Cleanup
[2023-11-15T11:29:10.692+0000][52001.850s][info ][safepoint     ] Leaving safepoint region
[2023-11-15T11:29:10.692+0000][52001.850s][info ][safepoint     ] Total time for which application threads were stopped: 0.0003473 seconds, Stopping threads took: 0.0000572 seconds
[2023-11-15T11:29:11.692+0000][52002.850s][debug][safepoint     ] Safepoint synchronization initiated. (193 threads)
[2023-11-15T11:29:11.692+0000][52002.850s][info ][safepoint     ] Application time: 1.0001939 seconds
[2023-11-15T11:29:11.692+0000][52002.850s][info ][safepoint     ] Entering safepoint region: Cleanup
[2023-11-15T11:29:11.692+0000][52002.850s][info ][safepoint     ] Leaving safepoint region
[2023-11-15T11:29:11.692+0000][52002.850s][info ][safepoint     ] Total time for which application threads were stopped: 0.0003740 seconds, Stopping threads took: 0.0000569 seconds
[2023-11-15T11:29:12.692+0000][52003.850s][debug][safepoint     ] Safepoint synchronization initiated. (193 threads)
[2023-11-15T11:29:12.692+0000][52003.850s][info ][safepoint     ] Application time: 1.0002012 seconds
[2023-11-15T11:29:12.692+0000][52003.850s][info ][safepoint     ] Entering safepoint region: Cleanup
[2023-11-15T11:29:12.693+0000][52003.851s][info ][safepoint     ] Leaving safepoint region
[2023-11-15T11:29:12.693+0000][52003.851s][info ][safepoint     ] Total time for which application threads were stopped: 0.0003712 seconds, Stopping threads took: 0.0000560 seconds
[2023-11-15T11:29:13.693+0000][52004.851s][debug][safepoint     ] Safepoint synchronization initiated. (193 threads)
[2023-11-15T11:29:13.693+0000][52004.851s][info ][safepoint     ] Application time: 1.0001755 seconds
[2023-11-15T11:29:13.693+0000][52004.851s][info ][safepoint     ] Entering safepoint region: Cleanup
[2023-11-15T11:29:13.693+0000][52004.851s][info ][safepoint     ] Leaving safepoint region
[2023-11-15T11:29:13.693+0000][52004.851s][info ][safepoint     ] Total time for which application threads were stopped: 0.0003757 seconds, Stopping threads took: 0.0000578 seconds
[2023-11-15T11:29:14.693+0000][52005.852s][debug][safepoint     ] Safepoint synchronization initiated. (193 threads)
[2023-11-15T11:29:14.694+0000][52005.852s][info ][safepoint     ] Application time: 1.0001732 seconds
[2023-11-15T11:29:14.694+0000][52005.852s][info ][safepoint     ] Entering safepoint region: Cleanup
[2023-11-15T11:29:14.694+0000][52005.852s][info ][safepoint     ] Leaving safepoint region
[2023-11-15T11:29:14.694+0000][52005.852s][info ][safepoint     ] Total time for which application threads were stopped: 0.0003718 seconds, Stopping threads took: 0.0000574 seconds
[2023-11-15T11:29:15.694+0000][52006.852s][debug][safepoint     ] Safepoint synchronization initiated. (193 threads)
[2023-11-15T11:29:15.694+0000][52006.852s][info ][safepoint     ] Application time: 1.0001613 seconds
[2023-11-15T11:29:15.694+0000][52006.852s][info ][safepoint     ] Entering safepoint region: Cleanup
[2023-11-15T11:29:15.695+0000][52006.853s][info ][safepoint     ] Leaving safepoint region
[2023-11-15T11:29:15.695+0000][52006.853s][info ][safepoint     ] Total time for which application threads were stopped: 0.0005063 seconds, Stopping threads took: 0.0002460 seconds
[2023-11-15T11:29:16.695+0000][52007.853s][debug][safepoint     ] Safepoint synchronization initiated. (193 threads)
[2023-11-15T11:29:16.695+0000][52007.853s][info ][safepoint     ] Application time: 1.0001783 seconds
[2023-11-15T11:29:16.695+0000][52007.853s][info ][safepoint     ] Entering safepoint region: Cleanup
[2023-11-15T11:29:16.695+0000][52007.853s][info ][safepoint     ] Leaving safepoint region
[2023-11-15T11:29:16.695+0000][52007.853s][info ][safepoint     ] Total time for which application threads were stopped: 0.0003782 seconds, Stopping threads took: 0.0000566 seconds
[2023-11-15T11:29:17.695+0000][52008.853s][debug][safepoint     ] Safepoint synchronization initiated. (193 threads)
[2023-11-15T11:29:17.695+0000][52008.853s][info ][safepoint     ] Application time: 1.0001739 seconds
[2023-11-15T11:29:17.695+0000][52008.854s][info ][safepoint     ] Entering safepoint region: Cleanup
[2023-11-15T11:29:17.696+0000][52008.854s][info ][safepoint     ] Leaving safepoint region
[2023-11-15T11:29:17.696+0000][52008.854s][info ][safepoint     ] Total time for which application threads were stopped: 0.0004035 seconds, Stopping threads took: 0.0000850 seconds
[2023-11-15T11:29:18.696+0000][52009.854s][debug][safepoint     ] Safepoint synchronization initiated. (193 threads)
[2023-11-15T11:29:18.696+0000][52009.854s][info ][safepoint     ] Application time: 1.0001578 seconds
[2023-11-15T11:29:18.696+0000][52009.854s][info ][safepoint     ] Entering safepoint region: Cleanup
[2023-11-15T11:29:18.696+0000][52009.854s][info ][safepoint     ] Leaving safepoint region
[2023-11-15T11:29:18.696+0000][52009.854s][info ][safepoint     ] Total time for which application threads were stopped: 0.0003715 seconds, Stopping threads took: 0.0000572 seconds
[2023-11-15T11:29:19.697+0000][52010.855s][debug][safepoint     ] Safepoint synchronization initiated. (193 threads)
[2023-11-15T11:29:19.697+0000][52010.855s][info ][safepoint     ] Application time: 1.0001579 seconds
[2023-11-15T11:29:19.697+0000][52010.855s][info ][safepoint     ] Entering safepoint region: Cleanup
[2023-11-15T11:29:19.697+0000][52010.855s][info ][safepoint     ] Leaving safepoint region
[2023-11-15T11:29:19.697+0000][52010.855s][info ][safepoint     ] Total time for which application threads were stopped: 0.0003794 seconds, Stopping threads took: 0.0000578 seconds
[2023-11-15T11:29:20.697+0000][52011.855s][debug][safepoint     ] Safepoint synchronization initiated. (193 threads)
[2023-11-15T11:29:20.697+0000][52011.855s][info ][safepoint     ] Application time: 1.0001626 seconds
[2023-11-15T11:29:20.697+0000][52011.855s][info ][safepoint     ] Entering safepoint region: Cleanup
[2023-11-15T11:29:20.698+0000][52011.856s][info ][safepoint     ] Leaving safepoint region
[2023-11-15T11:29:20.698+0000][52011.856s][info ][safepoint     ] Total time for which application threads were stopped: 0.0005985 seconds, Stopping threads took: 0.0002796 seconds
[2023-11-15T11:29:21.698+0000][52012.856s][debug][safepoint     ] Safepoint synchronization initiated. (193 threads)
[2023-11-15T11:29:21.698+0000][52012.856s][info ][safepoint     ] Application time: 1.0001714 seconds
[2023-11-15T11:29:21.698+0000][52012.856s][info ][safepoint     ] Entering safepoint region: Cleanup
[2023-11-15T11:29:21.698+0000][52012.856s][info ][safepoint     ] Leaving safepoint region
[2023-11-15T11:29:21.698+0000][52012.856s][info ][safepoint     ] Total time for which application threads were stopped: 0.0003709 seconds, Stopping threads took: 0.0000566 seconds
[2023-11-15T11:29:22.698+0000][52013.857s][debug][safepoint     ] Safepoint synchronization initiated. (193 threads)
[2023-11-15T11:29:22.699+0000][52013.857s][info ][safepoint     ] Application time: 1.0001382 seconds
[2023-11-15T11:29:22.699+0000][52013.857s][info ][safepoint     ] Entering safepoint region: Cleanup
[2023-11-15T11:29:22.699+0000][52013.857s][info ][safepoint     ] Leaving safepoint region
[2023-11-15T11:29:22.699+0000][52013.857s][info ][safepoint     ] Total time for which application threads were stopped: 0.0003256 seconds, Stopping threads took: 0.0000549 seconds
[2023-11-15T11:29:23.699+0000][52014.857s][debug][safepoint     ] Safepoint synchronization initiated. (192 threads)
[2023-11-15T11:29:23.699+0000][52014.857s][info ][safepoint     ] Application time: 1.0001683 seconds
[2023-11-15T11:29:23.699+0000][52014.857s][info ][safepoint     ] Entering safepoint region: Cleanup
[2023-11-15T11:29:23.699+0000][52014.857s][info ][safepoint     ] Leaving safepoint region
[2023-11-15T11:29:23.699+0000][52014.858s][info ][safepoint     ] Total time for which application threads were stopped: 0.0003891 seconds, Stopping threads took: 0.0000576 seconds
[2023-11-15T11:29:24.700+0000][52015.858s][debug][safepoint     ] Safepoint synchronization initiated. (192 threads)
[2023-11-15T11:29:24.700+0000][52015.858s][info ][safepoint     ] Application time: 1.0001588 seconds
[2023-11-15T11:29:24.700+0000][52015.858s][info ][safepoint     ] Entering safepoint region: Cleanup
[2023-11-15T11:29:24.700+0000][52015.858s][info ][safepoint     ] Leaving safepoint region
[2023-11-15T11:29:24.700+0000][52015.858s][info ][safepoint     ] Total time for which application threads were stopped: 0.0002982 seconds, Stopping threads took: 0.0000545 seconds
[2023-11-15T11:29:25.700+0000][52016.858s][debug][safepoint     ] Safepoint synchronization initiated. (192 threads)
[2023-11-15T11:29:25.700+0000][52016.858s][info ][safepoint     ] Application time: 1.0001628 seconds
[2023-11-15T11:29:25.700+0000][52016.858s][info ][safepoint     ] Entering safepoint region: Cleanup
[2023-11-15T11:29:25.701+0000][52016.859s][info ][safepoint     ] Leaving safepoint region
[2023-11-15T11:29:25.701+0000][52016.859s][info ][safepoint     ] Total time for which application threads were stopped: 0.0006547 seconds, Stopping threads took: 0.0003424 seconds
[2023-11-15T11:29:26.701+0000][52017.859s][debug][safepoint     ] Safepoint synchronization initiated. (192 threads)
[2023-11-15T11:29:26.701+0000][52017.859s][info ][safepoint     ] Application time: 1.0001614 seconds
[2023-11-15T11:29:26.701+0000][52017.859s][info ][safepoint     ] Entering safepoint region: Cleanup
[2023-11-15T11:29:26.701+0000][52017.859s][info ][safepoint     ] Leaving safepoint region
[2023-11-15T11:29:26.701+0000][52017.859s][info ][safepoint     ] Total time for which application threads were stopped: 0.0003454 seconds, Stopping threads took: 0.0000556 seconds
[2023-11-15T11:29:27.701+0000][52018.860s][debug][safepoint     ] Safepoint synchronization initiated. (192 threads)
[2023-11-15T11:29:27.702+0000][52018.860s][info ][safepoint     ] Application time: 1.0001554 seconds
[2023-11-15T11:29:27.702+0000][52018.860s][info ][safepoint     ] Entering safepoint region: Cleanup
[2023-11-15T11:29:27.702+0000][52018.860s][info ][safepoint     ] Leaving safepoint region
[2023-11-15T11:29:27.702+0000][52018.860s][info ][safepoint     ] Total time for which application threads were stopped: 0.0002807 seconds, Stopping threads took: 0.0000543 seconds
[2023-11-15T11:29:28.702+0000][52019.860s][debug][safepoint     ] Safepoint synchronization initiated. (192 threads)
[2023-11-15T11:29:28.702+0000][52019.860s][info ][safepoint     ] Application time: 1.0001701 seconds
[2023-11-15T11:29:28.702+0000][52019.860s][info ][safepoint     ] Entering safepoint region: Cleanup
[2023-11-15T11:29:28.702+0000][52019.860s][info ][safepoint     ] Leaving safepoint region
[2023-11-15T11:29:28.702+0000][52019.861s][info ][safepoint     ] Total time for which application threads were stopped: 0.0003765 seconds, Stopping threads took: 0.0000553 seconds
[2023-11-15T11:29:29.703+0000][52020.861s][debug][safepoint     ] Safepoint synchronization initiated. (192 threads)
[2023-11-15T11:29:29.703+0000][52020.861s][info ][safepoint     ] Application time: 1.0001340 seconds
[2023-11-15T11:29:29.703+0000][52020.861s][info ][safepoint     ] Entering safepoint region: Cleanup
[2023-11-15T11:29:29.703+0000][52020.861s][info ][safepoint     ] Leaving safepoint region
[2023-11-15T11:29:29.703+0000][52020.861s][info ][safepoint     ] Total time for which application threads were stopped: 0.0003667 seconds, Stopping threads took: 0.0000552 seconds
[2023-11-15T11:29:30.703+0000][52021.861s][debug][safepoint     ] Safepoint synchronization initiated. (192 threads)
[2023-11-15T11:29:30.703+0000][52021.861s][info ][safepoint     ] Application time: 1.0001831 seconds
[2023-11-15T11:29:30.703+0000][52021.861s][info ][safepoint     ] Entering safepoint region: Cleanup
[2023-11-15T11:29:30.703+0000][52021.862s][info ][safepoint     ] Leaving safepoint region
[2023-11-15T11:29:30.704+0000][52021.862s][info ][safepoint     ] Total time for which application threads were stopped: 0.0003512 seconds, Stopping threads took: 0.0000559 seconds
[2023-11-15T11:29:30.704+0000][52021.862s][debug][safepoint     ] ... found polling page return exception at pc = 0x00007fe180ff1766, stub =0x00007fe17883a800
[2023-11-15T11:29:30.704+0000][52021.862s][debug][safepoint     ] ... found polling page return exception at pc = 0x00007fe180ff1766, stub =0x00007fe17883a800
[2023-11-15T11:29:30.704+0000][52021.862s][debug][safepoint     ] ... found polling page return exception at pc = 0x00007fe180ff1766, stub =0x00007fe17883a800
[2023-11-15T11:29:31.704+0000][52022.862s][debug][safepoint     ] Safepoint synchronization initiated. (192 threads)
[2023-11-15T11:29:31.704+0000][52022.862s][info ][safepoint     ] Application time: 1.0001709 seconds
[2023-11-15T11:29:31.704+0000][52022.862s][info ][safepoint     ] Entering safepoint region: Cleanup
[2023-11-15T11:29:31.704+0000][52022.862s][info ][safepoint     ] Leaving safepoint region
[2023-11-15T11:29:31.704+0000][52022.862s][info ][safepoint     ] Total time for which application threads were stopped: 0.0002782 seconds, Stopping threads took: 0.0000579 seconds
[2023-11-15T11:29:32.704+0000][52023.862s][debug][safepoint     ] Safepoint synchronization initiated. (192 threads)
[2023-11-15T11:29:32.704+0000][52023.862s][info ][safepoint     ] Application time: 1.0001901 seconds
[2023-11-15T11:29:32.704+0000][52023.862s][info ][safepoint     ] Entering safepoint region: Cleanup
[2023-11-15T11:29:32.705+0000][52023.863s][info ][safepoint     ] Leaving safepoint region
[2023-11-15T11:29:32.705+0000][52023.863s][info ][safepoint     ] Total time for which application threads were stopped: 0.0002755 seconds, Stopping threads took: 0.0000550 seconds
[2023-11-15T11:29:33.705+0000][52024.863s][debug][safepoint     ] Safepoint synchronization initiated. (192 threads)
[2023-11-15T11:29:33.705+0000][52024.863s][info ][safepoint     ] Application time: 1.0001572 seconds
[2023-11-15T11:29:33.705+0000][52024.863s][info ][safepoint     ] Entering safepoint region: Cleanup
[2023-11-15T11:29:33.705+0000][52024.863s][info ][safepoint     ] Leaving safepoint region
[2023-11-15T11:29:33.705+0000][52024.863s][info ][safepoint     ] Total time for which application threads were stopped: 0.0003712 seconds, Stopping threads took: 0.0000557 seconds
[2023-11-15T11:29:34.705+0000][52025.863s][debug][safepoint     ] Safepoint synchronization initiated. (192 threads)
[2023-11-15T11:29:34.705+0000][52025.863s][info ][safepoint     ] Application time: 1.0001613 seconds
[2023-11-15T11:29:34.705+0000][52025.863s][info ][safepoint     ] Entering safepoint region: Cleanup
[2023-11-15T11:29:34.706+0000][52025.864s][info ][safepoint     ] Leaving safepoint region
[2023-11-15T11:29:34.706+0000][52025.864s][info ][safepoint     ] Total time for which application threads were stopped: 0.0002790 seconds, Stopping threads took: 0.0000588 seconds
[2023-11-15T11:29:35.706+0000][52026.864s][debug][safepoint     ] Safepoint synchronization initiated. (192 threads)
[2023-11-15T11:29:35.706+0000][52026.864s][info ][safepoint     ] Application time: 1.0001816 seconds
[2023-11-15T11:29:35.706+0000][52026.864s][info ][safepoint     ] Entering safepoint region: Cleanup
[2023-11-15T11:29:35.706+0000][52026.865s][info ][safepoint     ] Leaving safepoint region
[2023-11-15T11:29:35.707+0000][52026.865s][info ][safepoint     ] Total time for which application threads were stopped: 0.0007025 seconds, Stopping threads took: 0.0003213 seconds
[2023-11-15T11:29:36.707+0000][52027.865s][debug][safepoint     ] Safepoint synchronization initiated. (192 threads)
[2023-11-15T11:29:36.707+0000][52027.865s][info ][safepoint     ] Application time: 1.0001644 seconds
[2023-11-15T11:29:36.707+0000][52027.865s][info ][safepoint     ] Entering safepoint region: Cleanup
[2023-11-15T11:29:36.707+0000][52027.865s][info ][safepoint     ] Leaving safepoint region
[2023-11-15T11:29:36.707+0000][52027.865s][info ][safepoint     ] Total time for which application threads were stopped: 0.0003743 seconds, Stopping threads took: 0.0000563 seconds
[2023-11-15T11:29:37.707+0000][52028.865s][debug][safepoint     ] Safepoint synchronization initiated. (192 threads)
[2023-11-15T11:29:37.707+0000][52028.865s][info ][safepoint     ] Application time: 1.0001688 seconds
[2023-11-15T11:29:37.707+0000][52028.865s][info ][safepoint     ] Entering safepoint region: Cleanup
[2023-11-15T11:29:37.708+0000][52028.866s][info ][safepoint     ] Leaving safepoint region
[2023-11-15T11:29:37.708+0000][52028.866s][info ][safepoint     ] Total time for which application threads were stopped: 0.0003045 seconds, Stopping threads took: 0.0000553 seconds
[2023-11-15T11:29:38.708+0000][52029.866s][debug][safepoint     ] Safepoint synchronization initiated. (192 threads)
[2023-11-15T11:29:38.708+0000][52029.866s][info ][safepoint     ] Application time: 1.0001610 seconds
[2023-11-15T11:29:38.708+0000][52029.866s][info ][safepoint     ] Entering safepoint region: Cleanup
[2023-11-15T11:29:38.708+0000][52029.866s][info ][safepoint     ] Leaving safepoint region
[2023-11-15T11:29:38.708+0000][52029.866s][info ][safepoint     ] Total time for which application threads were stopped: 0.0002836 seconds, Stopping threads took: 0.0000566 seconds
[2023-11-15T11:29:39.708+0000][52030.866s][debug][safepoint     ] Safepoint synchronization initiated. (192 threads)
[2023-11-15T11:29:39.708+0000][52030.866s][info ][safepoint     ] Application time: 1.0001697 seconds
[2023-11-15T11:29:39.708+0000][52030.866s][info ][safepoint     ] Entering safepoint region: Cleanup
[2023-11-15T11:29:39.709+0000][52030.867s][info ][safepoint     ] Leaving safepoint region
[2023-11-15T11:29:39.709+0000][52030.867s][info ][safepoint     ] Total time for which application threads were stopped: 0.0002865 seconds, Stopping threads took: 0.0000552 seconds
[2023-11-15T11:29:40.709+0000][52031.867s][debug][safepoint     ] Safepoint synchronization initiated. (192 threads)
[2023-11-15T11:29:40.709+0000][52031.867s][info ][safepoint     ] Application time: 1.0001706 seconds
[2023-11-15T11:29:40.709+0000][52031.867s][info ][safepoint     ] Entering safepoint region: Cleanup
[2023-11-15T11:29:40.709+0000][52031.867s][info ][safepoint     ] Leaving safepoint region
[2023-11-15T11:29:40.709+0000][52031.867s][info ][safepoint     ] Total time for which application threads were stopped: 0.0005673 seconds, Stopping threads took: 0.0003373 seconds
[2023-11-15T11:29:41.709+0000][52032.868s][debug][safepoint     ] Safepoint synchronization initiated. (192 threads)
[2023-11-15T11:29:41.710+0000][52032.868s][info ][safepoint     ] Application time: 1.0001516 seconds
[2023-11-15T11:29:41.710+0000][52032.868s][info ][safepoint     ] Entering safepoint region: Cleanup
[2023-11-15T11:29:41.710+0000][52032.868s][info ][safepoint     ] Leaving safepoint region
[2023-11-15T11:29:41.710+0000][52032.868s][info ][safepoint     ] Total time for which application threads were stopped: 0.0003685 seconds, Stopping threads took: 0.0000547 seconds
[2023-11-15T11:29:42.710+0000][52033.868s][debug][safepoint     ] Safepoint synchronization initiated. (192 threads)
[2023-11-15T11:29:42.710+0000][52033.868s][info ][safepoint     ] Application time: 1.0001679 seconds
[2023-11-15T11:29:42.710+0000][52033.868s][info ][safepoint     ] Entering safepoint region: Cleanup
[2023-11-15T11:29:42.710+0000][52033.869s][info ][safepoint     ] Leaving safepoint region
[2023-11-15T11:29:42.710+0000][52033.869s][info ][safepoint     ] Total time for which application threads were stopped: 0.0003702 seconds, Stopping threads took: 0.0000539 seconds
[2023-11-15T11:29:43.711+0000][52034.869s][debug][safepoint     ] Safepoint synchronization initiated. (192 threads)
[2023-11-15T11:29:43.711+0000][52034.869s][info ][safepoint     ] Application time: 1.0001603 seconds
[2023-11-15T11:29:43.711+0000][52034.869s][info ][safepoint     ] Entering safepoint region: Cleanup
[2023-11-15T11:29:43.711+0000][52034.869s][info ][safepoint     ] Leaving safepoint region
[2023-11-15T11:29:43.711+0000][52034.869s][info ][safepoint     ] Total time for which application threads were stopped: 0.0003294 seconds, Stopping threads took: 0.0000549 seconds
[2023-11-15T11:29:44.711+0000][52035.869s][debug][safepoint     ] Safepoint synchronization initiated. (192 threads)
[2023-11-15T11:29:44.711+0000][52035.869s][info ][safepoint     ] Application time: 1.0001664 seconds
[2023-11-15T11:29:44.711+0000][52035.869s][info ][safepoint     ] Entering safepoint region: Cleanup
[2023-11-15T11:29:44.712+0000][52035.870s][info ][safepoint     ] Leaving safepoint region
[2023-11-15T11:29:44.712+0000][52035.870s][info ][safepoint     ] Total time for which application threads were stopped: 0.0003388 seconds, Stopping threads took: 0.0000553 seconds
[2023-11-15T11:29:45.712+0000][52036.870s][debug][safepoint     ] Safepoint synchronization initiated. (192 threads)
[2023-11-15T11:29:45.712+0000][52036.870s][info ][safepoint     ] Application time: 1.0001701 seconds
[2023-11-15T11:29:45.712+0000][52036.870s][info ][safepoint     ] Entering safepoint region: Cleanup
[2023-11-15T11:29:45.712+0000][52036.870s][info ][safepoint     ] Leaving safepoint region
[2023-11-15T11:29:45.712+0000][52036.870s][info ][safepoint     ] Total time for which application threads were stopped: 0.0002983 seconds, Stopping threads took: 0.0000569 seconds
[2023-11-15T11:29:46.712+0000][52037.870s][debug][safepoint     ] Safepoint synchronization initiated. (192 threads)
[2023-11-15T11:29:46.712+0000][52037.870s][info ][safepoint     ] Application time: 1.0001366 seconds
[2023-11-15T11:29:46.712+0000][52037.870s][info ][safepoint     ] Entering safepoint region: Cleanup
[2023-11-15T11:29:46.713+0000][52037.871s][info ][safepoint     ] Leaving safepoint region
[2023-11-15T11:29:46.713+0000][52037.871s][info ][safepoint     ] Total time for which application threads were stopped: 0.0003725 seconds, Stopping threads took: 0.0000562 seconds
[2023-11-15T11:29:47.713+0000][52038.871s][debug][safepoint     ] Safepoint synchronization initiated. (192 threads)
[2023-11-15T11:29:47.713+0000][52038.871s][info ][safepoint     ] Application time: 1.0001649 seconds
[2023-11-15T11:29:47.713+0000][52038.871s][info ][safepoint     ] Entering safepoint region: Cleanup
[2023-11-15T11:29:47.713+0000][52038.871s][info ][safepoint     ] Leaving safepoint region
[2023-11-15T11:29:47.713+0000][52038.871s][info ][safepoint     ] Total time for which application threads were stopped: 0.0003701 seconds, Stopping threads took: 0.0000557 seconds
[2023-11-15T11:29:48.713+0000][52039.871s][debug][safepoint     ] Safepoint synchronization initiated. (192 threads)
[2023-11-15T11:29:48.713+0000][52039.871s][info ][safepoint     ] Application time: 1.0001774 seconds
[2023-11-15T11:29:48.713+0000][52039.872s][info ][safepoint     ] Entering safepoint region: Cleanup
[2023-11-15T11:29:48.714+0000][52039.872s][info ][safepoint     ] Leaving safepoint region
[2023-11-15T11:29:48.714+0000][52039.872s][info ][safepoint     ] Total time for which application threads were stopped: 0.0003647 seconds, Stopping threads took: 0.0000539 seconds
[2023-11-15T11:29:49.714+0000][52040.872s][debug][safepoint     ] Safepoint synchronization initiated. (192 threads)
[2023-11-15T11:29:49.714+0000][52040.872s][info ][safepoint     ] Application time: 1.0001664 seconds
[2023-11-15T11:29:49.714+0000][52040.872s][info ][safepoint     ] Entering safepoint region: Cleanup
[2023-11-15T11:29:49.714+0000][52040.872s][info ][safepoint     ] Leaving safepoint region
[2023-11-15T11:29:49.714+0000][52040.872s][info ][safepoint     ] Total time for which application threads were stopped: 0.0003411 seconds, Stopping threads took: 0.0000550 seconds
[2023-11-15T11:29:50.714+0000][52041.872s][debug][safepoint     ] Safepoint synchronization initiated. (192 threads)
[2023-11-15T11:29:50.714+0000][52041.873s][info ][safepoint     ] Application time: 1.0001600 seconds
[2023-11-15T11:29:50.715+0000][52041.873s][info ][safepoint     ] Entering safepoint region: Cleanup
[2023-11-15T11:29:50.715+0000][52041.873s][info ][safepoint     ] Leaving safepoint region
[2023-11-15T11:29:50.715+0000][52041.873s][info ][safepoint     ] Total time for which application threads were stopped: 0.0005215 seconds, Stopping threads took: 0.0002150 seconds
[2023-11-15T11:29:51.715+0000][52042.873s][debug][safepoint     ] Safepoint synchronization initiated. (192 threads)
[2023-11-15T11:29:51.715+0000][52042.873s][info ][safepoint     ] Application time: 1.0001628 seconds
[2023-11-15T11:29:51.715+0000][52042.873s][info ][safepoint     ] Entering safepoint region: Cleanup
[2023-11-15T11:29:51.716+0000][52042.874s][info ][safepoint     ] Leaving safepoint region
[2023-11-15T11:29:51.716+0000][52042.874s][info ][safepoint     ] Total time for which application threads were stopped: 0.0003059 seconds, Stopping threads took: 0.0000543 seconds
[2023-11-15T11:29:52.716+0000][52043.874s][debug][safepoint     ] Safepoint synchronization initiated. (192 threads)
[2023-11-15T11:29:52.716+0000][52043.874s][info ][safepoint     ] Application time: 1.0001464 seconds
[2023-11-15T11:29:52.716+0000][52043.874s][info ][safepoint     ] Entering safepoint region: Cleanup
[2023-11-15T11:29:52.716+0000][52043.874s][info ][safepoint     ] Leaving safepoint region
[2023-11-15T11:29:52.716+0000][52043.874s][info ][safepoint     ] Total time for which application threads were stopped: 0.0003714 seconds, Stopping threads took: 0.0000554 seconds
[2023-11-15T11:29:53.716+0000][52044.874s][debug][safepoint     ] Safepoint synchronization initiated. (192 threads)
[2023-11-15T11:29:53.716+0000][52044.874s][info ][safepoint     ] Application time: 1.0001554 seconds
[2023-11-15T11:29:53.716+0000][52044.874s][info ][safepoint     ] Entering safepoint region: Cleanup
[2023-11-15T11:29:53.717+0000][52044.875s][info ][safepoint     ] Leaving safepoint region
[2023-11-15T11:29:53.717+0000][52044.875s][info ][safepoint     ] Total time for which application threads were stopped: 0.0003672 seconds, Stopping threads took: 0.0000552 seconds
[2023-11-15T11:29:54.717+0000][52045.875s][debug][safepoint     ] Safepoint synchronization initiated. (192 threads)
[2023-11-15T11:29:54.717+0000][52045.875s][info ][safepoint     ] Application time: 1.0001576 seconds
[2023-11-15T11:29:54.717+0000][52045.875s][info ][safepoint     ] Entering safepoint region: Cleanup
[2023-11-15T11:29:54.717+0000][52045.875s][info ][safepoint     ] Leaving safepoint region
[2023-11-15T11:29:54.717+0000][52045.875s][info ][safepoint     ] Total time for which application threads were stopped: 0.0003661 seconds, Stopping threads took: 0.0000542 seconds
[2023-11-15T11:29:55.717+0000][52046.875s][debug][safepoint     ] Safepoint synchronization initiated. (192 threads)
[2023-11-15T11:29:55.717+0000][52046.875s][info ][safepoint     ] Application time: 1.0001670 seconds
[2023-11-15T11:29:55.717+0000][52046.876s][info ][safepoint     ] Entering safepoint region: Cleanup
[2023-11-15T11:29:55.718+0000][52046.876s][info ][safepoint     ] Leaving safepoint region
[2023-11-15T11:29:55.718+0000][52046.876s][info ][safepoint     ] Total time for which application threads were stopped: 0.0003762 seconds, Stopping threads took: 0.0000566 seconds
[2023-11-15T11:29:56.718+0000][52047.876s][debug][safepoint     ] Safepoint synchronization initiated. (191 threads)
[2023-11-15T11:29:56.718+0000][52047.876s][info ][safepoint     ] Application time: 1.0001608 seconds
[2023-11-15T11:29:56.718+0000][52047.876s][info ][safepoint     ] Entering safepoint region: Cleanup
[2023-11-15T11:29:56.719+0000][52047.877s][info ][safepoint     ] Leaving safepoint region
[2023-11-15T11:29:56.719+0000][52047.877s][info ][safepoint     ] Total time for which application threads were stopped: 0.0007641 seconds, Stopping threads took: 0.0004590 seconds
[2023-11-15T11:29:57.719+0000][52048.877s][debug][safepoint     ] Safepoint synchronization initiated. (191 threads)
[2023-11-15T11:29:57.719+0000][52048.877s][info ][safepoint     ] Application time: 1.0001797 seconds
[2023-11-15T11:29:57.719+0000][52048.877s][info ][safepoint     ] Entering safepoint region: Cleanup
[2023-11-15T11:29:57.719+0000][52048.877s][info ][safepoint     ] Leaving safepoint region
[2023-11-15T11:29:57.719+0000][52048.877s][info ][safepoint     ] Total time for which application threads were stopped: 0.0003674 seconds, Stopping threads took: 0.0000542 seconds
[2023-11-15T11:29:58.719+0000][52049.878s][debug][safepoint     ] Safepoint synchronization initiated. (191 threads)
[2023-11-15T11:29:58.720+0000][52049.878s][info ][safepoint     ] Application time: 1.0001826 seconds
[2023-11-15T11:29:58.720+0000][52049.878s][info ][safepoint     ] Entering safepoint region: Cleanup
[2023-11-15T11:29:58.720+0000][52049.878s][info ][safepoint     ] Leaving safepoint region
[2023-11-15T11:29:58.720+0000][52049.878s][info ][safepoint     ] Total time for which application threads were stopped: 0.0003723 seconds, Stopping threads took: 0.0000561 seconds
[2023-11-15T11:29:59.720+0000][52050.878s][debug][safepoint     ] Safepoint synchronization initiated. (191 threads)
[2023-11-15T11:29:59.720+0000][52050.878s][info ][safepoint     ] Application time: 1.0001700 seconds
[2023-11-15T11:29:59.720+0000][52050.878s][info ][safepoint     ] Entering safepoint region: Cleanup
[2023-11-15T11:29:59.720+0000][52050.879s][info ][safepoint     ] Leaving safepoint region
[2023-11-15T11:29:59.721+0000][52050.879s][info ][safepoint     ] Total time for which application threads were stopped: 0.0003693 seconds, Stopping threads took: 0.0000543 seconds
[2023-11-15T11:30:00.721+0000][52051.879s][debug][safepoint     ] Safepoint synchronization initiated. (191 threads)
[2023-11-15T11:30:00.721+0000][52051.879s][info ][safepoint     ] Application time: 1.0001705 seconds
[2023-11-15T11:30:00.721+0000][52051.879s][info ][safepoint     ] Entering safepoint region: Cleanup
[2023-11-15T11:30:00.721+0000][52051.879s][info ][safepoint     ] Leaving safepoint region
[2023-11-15T11:30:00.721+0000][52051.879s][info ][safepoint     ] Total time for which application threads were stopped: 0.0003667 seconds, Stopping threads took: 0.0000535 seconds
[2023-11-15T11:30:01.721+0000][52052.879s][debug][safepoint     ] Safepoint synchronization initiated. (191 threads)
[2023-11-15T11:30:01.721+0000][52052.879s][info ][safepoint     ] Application time: 1.0001389 seconds
[2023-11-15T11:30:01.721+0000][52052.879s][info ][safepoint     ] Entering safepoint region: Cleanup
[2023-11-15T11:30:01.722+0000][52052.880s][info ][safepoint     ] Leaving safepoint region
[2023-11-15T11:30:01.722+0000][52052.880s][info ][safepoint     ] Total time for which application threads were stopped: 0.0002526 seconds, Stopping threads took: 0.0000569 seconds
[2023-11-15T11:30:02.722+0000][52053.880s][debug][safepoint     ] Safepoint synchronization initiated. (191 threads)
[2023-11-15T11:30:02.722+0000][52053.880s][info ][safepoint     ] Application time: 1.0001603 seconds
[2023-11-15T11:30:02.722+0000][52053.880s][info ][safepoint     ] Entering safepoint region: Cleanup
[2023-11-15T11:30:02.722+0000][52053.880s][info ][safepoint     ] Leaving safepoint region
[2023-11-15T11:30:02.722+0000][52053.880s][info ][safepoint     ] Total time for which application threads were stopped: 0.0002758 seconds, Stopping threads took: 0.0000544 seconds
[2023-11-15T11:30:03.722+0000][52054.880s][debug][safepoint     ] Safepoint synchronization initiated. (191 threads)
[2023-11-15T11:30:03.722+0000][52054.880s][info ][safepoint     ] Application time: 1.0001879 seconds
[2023-11-15T11:30:03.722+0000][52054.880s][info ][safepoint     ] Entering safepoint region: Cleanup
[2023-11-15T11:30:03.722+0000][52054.881s][info ][safepoint     ] Leaving safepoint region
[2023-11-15T11:30:03.722+0000][52054.881s][info ][safepoint     ] Total time for which application threads were stopped: 0.0002523 seconds, Stopping threads took: 0.0000552 seconds
[2023-11-15T11:30:04.723+0000][52055.881s][debug][safepoint     ] Safepoint synchronization initiated. (191 threads)
[2023-11-15T11:30:04.723+0000][52055.881s][info ][safepoint     ] Application time: 1.0001768 seconds
[2023-11-15T11:30:04.723+0000][52055.881s][info ][safepoint     ] Entering safepoint region: Cleanup
[2023-11-15T11:30:04.723+0000][52055.881s][info ][safepoint     ] Leaving safepoint region
[2023-11-15T11:30:04.723+0000][52055.881s][info ][safepoint     ] Total time for which application threads were stopped: 0.0003631 seconds, Stopping threads took: 0.0000551 seconds
[2023-11-15T11:30:05.723+0000][52056.881s][debug][safepoint     ] Safepoint synchronization initiated. (191 threads)
[2023-11-15T11:30:05.723+0000][52056.881s][info ][safepoint     ] Application time: 1.0001564 seconds
[2023-11-15T11:30:05.723+0000][52056.881s][info ][safepoint     ] Entering safepoint region: Cleanup
[2023-11-15T11:30:05.724+0000][52056.882s][info ][safepoint     ] Leaving safepoint region
[2023-11-15T11:30:05.724+0000][52056.882s][info ][safepoint     ] Total time for which application threads were stopped: 0.0003565 seconds, Stopping threads took: 0.0000538 seconds
[2023-11-15T11:30:06.724+0000][52057.882s][debug][safepoint     ] Safepoint synchronization initiated. (190 threads)
[2023-11-15T11:30:06.724+0000][52057.882s][info ][safepoint     ] Application time: 1.0001540 seconds
[2023-11-15T11:30:06.724+0000][52057.882s][info ][safepoint     ] Entering safepoint region: Cleanup
[2023-11-15T11:30:06.724+0000][52057.882s][info ][safepoint     ] Leaving safepoint region
[2023-11-15T11:30:06.724+0000][52057.882s][info ][safepoint     ] Total time for which application threads were stopped: 0.0003905 seconds, Stopping threads took: 0.0000539 seconds
[2023-11-15T11:30:07.724+0000][52058.882s][debug][safepoint     ] Safepoint synchronization initiated. (190 threads)
[2023-11-15T11:30:07.724+0000][52058.882s][info ][safepoint     ] Application time: 1.0001615 seconds
[2023-11-15T11:30:07.724+0000][52058.882s][info ][safepoint     ] Entering safepoint region: Cleanup
[2023-11-15T11:30:07.725+0000][52058.883s][info ][safepoint     ] Leaving safepoint region
[2023-11-15T11:30:07.725+0000][52058.883s][info ][safepoint     ] Total time for which application threads were stopped: 0.0006653 seconds, Stopping threads took: 0.0002989 seconds
[2023-11-15T11:30:08.725+0000][52059.883s][debug][safepoint     ] Safepoint synchronization initiated. (190 threads)
[2023-11-15T11:30:08.725+0000][52059.883s][info ][safepoint     ] Application time: 1.0001432 seconds
[2023-11-15T11:30:08.725+0000][52059.883s][info ][safepoint     ] Entering safepoint region: Cleanup
[2023-11-15T11:30:08.726+0000][52059.884s][info ][safepoint     ] Leaving safepoint region
[2023-11-15T11:30:08.726+0000][52059.884s][info ][safepoint     ] Total time for which application threads were stopped: 0.0003593 seconds, Stopping threads took: 0.0000548 seconds
[2023-11-15T11:30:09.726+0000][52060.884s][debug][safepoint     ] Safepoint synchronization initiated. (190 threads)
[2023-11-15T11:30:09.726+0000][52060.884s][info ][safepoint     ] Application time: 1.0001404 seconds
[2023-11-15T11:30:09.726+0000][52060.884s][info ][safepoint     ] Entering safepoint region: Cleanup
[2023-11-15T11:30:09.726+0000][52060.884s][info ][safepoint     ] Leaving safepoint region
[2023-11-15T11:30:09.726+0000][52060.884s][info ][safepoint     ] Total time for which application threads were stopped: 0.0003531 seconds, Stopping threads took: 0.0000542 seconds
[2023-11-15T11:30:10.726+0000][52061.884s][debug][safepoint     ] Safepoint synchronization initiated. (190 threads)
[2023-11-15T11:30:10.726+0000][52061.884s][info ][safepoint     ] Application time: 1.0001642 seconds
[2023-11-15T11:30:10.726+0000][52061.884s][info ][safepoint     ] Entering safepoint region: Cleanup
[2023-11-15T11:30:10.727+0000][52061.885s][info ][safepoint     ] Leaving safepoint region
[2023-11-15T11:30:10.727+0000][52061.885s][info ][safepoint     ] Total time for which application threads were stopped: 0.0003022 seconds, Stopping threads took: 0.0000530 seconds
[2023-11-15T11:30:11.727+0000][52062.885s][debug][safepoint     ] Safepoint synchronization initiated. (190 threads)
[2023-11-15T11:30:11.727+0000][52062.885s][info ][safepoint     ] Application time: 1.0001622 seconds
[2023-11-15T11:30:11.727+0000][52062.885s][info ][safepoint     ] Entering safepoint region: Cleanup
[2023-11-15T11:30:11.727+0000][52062.885s][info ][safepoint     ] Leaving safepoint region
[2023-11-15T11:30:11.727+0000][52062.885s][info ][safepoint     ] Total time for which application threads were stopped: 0.0003644 seconds, Stopping threads took: 0.0000541 seconds
[2023-11-15T11:30:12.727+0000][52063.885s][debug][safepoint     ] Safepoint synchronization initiated. (190 threads)
[2023-11-15T11:30:12.727+0000][52063.885s][info ][safepoint     ] Application time: 1.0001710 seconds
[2023-11-15T11:30:12.727+0000][52063.885s][info ][safepoint     ] Entering safepoint region: Cleanup
[2023-11-15T11:30:12.728+0000][52063.886s][info ][safepoint     ] Leaving safepoint region
[2023-11-15T11:30:12.728+0000][52063.886s][info ][safepoint     ] Total time for which application threads were stopped: 0.0002956 seconds, Stopping threads took: 0.0000771 seconds
[2023-11-15T11:30:13.728+0000][52064.886s][debug][safepoint     ] Safepoint synchronization initiated. (190 threads)
[2023-11-15T11:30:13.728+0000][52064.886s][info ][safepoint     ] Application time: 1.0001655 seconds
[2023-11-15T11:30:13.728+0000][52064.886s][info ][safepoint     ] Entering safepoint region: Cleanup
[2023-11-15T11:30:13.728+0000][52064.886s][info ][safepoint     ] Leaving safepoint region
[2023-11-15T11:30:13.728+0000][52064.886s][info ][safepoint     ] Total time for which application threads were stopped: 0.0003997 seconds, Stopping threads took: 0.0000573 seconds
[2023-11-15T11:30:14.728+0000][52065.886s][debug][safepoint     ] Safepoint synchronization initiated. (190 threads)
[2023-11-15T11:30:14.728+0000][52065.887s][info ][safepoint     ] Application time: 1.0001591 seconds
[2023-11-15T11:30:14.729+0000][52065.887s][info ][safepoint     ] Entering safepoint region: Cleanup
[2023-11-15T11:30:14.729+0000][52065.887s][info ][safepoint     ] Leaving safepoint region
[2023-11-15T11:30:14.729+0000][52065.887s][info ][safepoint     ] Total time for which application threads were stopped: 0.0003716 seconds, Stopping threads took: 0.0000579 seconds
[2023-11-15T11:30:15.729+0000][52066.887s][debug][safepoint     ] Safepoint synchronization initiated. (190 threads)
[2023-11-15T11:30:15.729+0000][52066.887s][info ][safepoint     ] Application time: 1.0001719 seconds
[2023-11-15T11:30:15.729+0000][52066.887s][info ][safepoint     ] Entering safepoint region: Cleanup
[2023-11-15T11:30:15.729+0000][52066.887s][info ][safepoint     ] Leaving safepoint region
[2023-11-15T11:30:15.729+0000][52066.888s][info ][safepoint     ] Total time for which application threads were stopped: 0.0003671 seconds, Stopping threads took: 0.0000561 seconds
[2023-11-15T11:30:16.730+0000][52067.888s][debug][safepoint     ] Safepoint synchronization initiated. (190 threads)
[2023-11-15T11:30:16.730+0000][52067.888s][info ][safepoint     ] Application time: 1.0001724 seconds
[2023-11-15T11:30:16.730+0000][52067.888s][info ][safepoint     ] Entering safepoint region: Cleanup
[2023-11-15T11:30:16.730+0000][52067.888s][info ][safepoint     ] Leaving safepoint region
[2023-11-15T11:30:16.730+0000][52067.888s][info ][safepoint     ] Total time for which application threads were stopped: 0.0004686 seconds, Stopping threads took: 0.0001877 seconds
[2023-11-15T11:30:17.730+0000][52068.888s][debug][safepoint     ] Safepoint synchronization initiated. (190 threads)
[2023-11-15T11:30:17.730+0000][52068.888s][info ][safepoint     ] Application time: 1.0001698 seconds
[2023-11-15T11:30:17.730+0000][52068.888s][info ][safepoint     ] Entering safepoint region: Cleanup
[2023-11-15T11:30:17.731+0000][52068.889s][info ][safepoint     ] Leaving safepoint region
[2023-11-15T11:30:17.731+0000][52068.889s][info ][safepoint     ] Total time for which application threads were stopped: 0.0003661 seconds, Stopping threads took: 0.0000556 seconds
[2023-11-15T11:30:18.731+0000][52069.889s][debug][safepoint     ] Safepoint synchronization initiated. (190 threads)
[2023-11-15T11:30:18.731+0000][52069.889s][info ][safepoint     ] Application time: 1.0001469 seconds
[2023-11-15T11:30:18.731+0000][52069.889s][info ][safepoint     ] Entering safepoint region: Cleanup
[2023-11-15T11:30:18.731+0000][52069.889s][info ][safepoint     ] Leaving safepoint region
[2023-11-15T11:30:18.731+0000][52069.889s][info ][safepoint     ] Total time for which application threads were stopped: 0.0003681 seconds, Stopping threads took: 0.0000540 seconds
[2023-11-15T11:30:19.731+0000][52070.889s][debug][safepoint     ] Safepoint synchronization initiated. (190 threads)
[2023-11-15T11:30:19.731+0000][52070.889s][info ][safepoint     ] Application time: 1.0001635 seconds
[2023-11-15T11:30:19.732+0000][52070.890s][info ][safepoint     ] Entering safepoint region: Cleanup
[2023-11-15T11:30:19.732+0000][52070.890s][info ][safepoint     ] Leaving safepoint region
[2023-11-15T11:30:19.732+0000][52070.890s][info ][safepoint     ] Total time for which application threads were stopped: 0.0003897 seconds, Stopping threads took: 0.0000818 seconds
[2023-11-15T11:30:20.732+0000][52071.890s][debug][safepoint     ] Safepoint synchronization initiated. (190 threads)
[2023-11-15T11:30:20.732+0000][52071.890s][info ][safepoint     ] Application time: 1.0001541 seconds
[2023-11-15T11:30:20.732+0000][52071.890s][info ][safepoint     ] Entering safepoint region: Cleanup
[2023-11-15T11:30:20.732+0000][52071.890s][info ][safepoint     ] Leaving safepoint region
[2023-11-15T11:30:20.732+0000][52071.890s][info ][safepoint     ] Total time for which application threads were stopped: 0.0003895 seconds, Stopping threads took: 0.0000771 seconds
[2023-11-15T11:30:21.733+0000][52072.891s][debug][safepoint     ] Safepoint synchronization initiated. (190 threads)
[2023-11-15T11:30:21.733+0000][52072.891s][info ][safepoint     ] Application time: 1.0001561 seconds
[2023-11-15T11:30:21.733+0000][52072.891s][info ][safepoint     ] Entering safepoint region: Cleanup
[2023-11-15T11:30:21.733+0000][52072.891s][info ][safepoint     ] Leaving safepoint region
[2023-11-15T11:30:21.733+0000][52072.891s][info ][safepoint     ] Total time for which application threads were stopped: 0.0006299 seconds, Stopping threads took: 0.0003247 seconds
[2023-11-15T11:30:22.733+0000][52073.891s][debug][safepoint     ] Safepoint synchronization initiated. (190 threads)
[2023-11-15T11:30:22.733+0000][52073.891s][info ][safepoint     ] Application time: 1.0001585 seconds
[2023-11-15T11:30:22.733+0000][52073.892s][info ][safepoint     ] Entering safepoint region: Cleanup
[2023-11-15T11:30:22.734+0000][52073.892s][info ][safepoint     ] Leaving safepoint region
[2023-11-15T11:30:22.734+0000][52073.892s][info ][safepoint     ] Total time for which application threads were stopped: 0.0003656 seconds, Stopping threads took: 0.0000545 seconds
[2023-11-15T11:30:23.734+0000][52074.892s][debug][safepoint     ] Safepoint synchronization initiated. (189 threads)
[2023-11-15T11:30:23.734+0000][52074.892s][info ][safepoint     ] Application time: 1.0001476 seconds
[2023-11-15T11:30:23.734+0000][52074.892s][info ][safepoint     ] Entering safepoint region: Cleanup
[2023-11-15T11:30:23.734+0000][52074.892s][info ][safepoint     ] Leaving safepoint region
[2023-11-15T11:30:23.734+0000][52074.892s][info ][safepoint     ] Total time for which application threads were stopped: 0.0003140 seconds, Stopping threads took: 0.0000553 seconds
[2023-11-15T11:30:24.734+0000][52075.892s][debug][safepoint     ] Safepoint synchronization initiated. (189 threads)
[2023-11-15T11:30:24.734+0000][52075.893s][info ][safepoint     ] Application time: 1.0001716 seconds
[2023-11-15T11:30:24.735+0000][52075.893s][info ][safepoint     ] Entering safepoint region: Cleanup
[2023-11-15T11:30:24.735+0000][52075.893s][info ][safepoint     ] Leaving safepoint region
[2023-11-15T11:30:24.735+0000][52075.893s][info ][safepoint     ] Total time for which application threads were stopped: 0.0003682 seconds, Stopping threads took: 0.0000543 seconds
[2023-11-15T11:30:25.735+0000][52076.893s][debug][safepoint     ] Safepoint synchronization initiated. (189 threads)
[2023-11-15T11:30:25.735+0000][52076.893s][info ][safepoint     ] Application time: 1.0001664 seconds
[2023-11-15T11:30:25.735+0000][52076.893s][info ][safepoint     ] Entering safepoint region: Cleanup
[2023-11-15T11:30:25.735+0000][52076.893s][info ][safepoint     ] Leaving safepoint region
[2023-11-15T11:30:25.735+0000][52076.893s][info ][safepoint     ] Total time for which application threads were stopped: 0.0003679 seconds, Stopping threads took: 0.0000546 seconds
[2023-11-15T11:30:26.736+0000][52077.894s][debug][safepoint     ] Safepoint synchronization initiated. (189 threads)
[2023-11-15T11:30:26.736+0000][52077.894s][info ][safepoint     ] Application time: 1.0001492 seconds
[2023-11-15T11:30:26.736+0000][52077.894s][info ][safepoint     ] Entering safepoint region: Cleanup
[2023-11-15T11:30:26.736+0000][52077.894s][info ][safepoint     ] Leaving safepoint region
[2023-11-15T11:30:26.736+0000][52077.894s][info ][safepoint     ] Total time for which application threads were stopped: 0.0005858 seconds, Stopping threads took: 0.0003539 seconds
[2023-11-15T11:30:27.736+0000][52078.894s][debug][safepoint     ] Safepoint synchronization initiated. (189 threads)
[2023-11-15T11:30:27.736+0000][52078.894s][info ][safepoint     ] Application time: 1.0001516 seconds
[2023-11-15T11:30:27.736+0000][52078.895s][info ][safepoint     ] Entering safepoint region: Cleanup
[2023-11-15T11:30:27.737+0000][52078.895s][info ][safepoint     ] Leaving safepoint region
[2023-11-15T11:30:27.737+0000][52078.895s][info ][safepoint     ] Total time for which application threads were stopped: 0.0003901 seconds, Stopping threads took: 0.0000770 seconds
[2023-11-15T11:30:28.737+0000][52079.895s][debug][safepoint     ] Safepoint synchronization initiated. (189 threads)
[2023-11-15T11:30:28.737+0000][52079.895s][info ][safepoint     ] Application time: 1.0001515 seconds
[2023-11-15T11:30:28.737+0000][52079.895s][info ][safepoint     ] Entering safepoint region: Cleanup
[2023-11-15T11:30:28.737+0000][52079.895s][info ][safepoint     ] Leaving safepoint region
[2023-11-15T11:30:28.737+0000][52079.895s][info ][safepoint     ] Total time for which application threads were stopped: 0.0003636 seconds, Stopping threads took: 0.0000543 seconds
[2023-11-15T11:30:29.737+0000][52080.896s][debug][safepoint     ] Safepoint synchronization initiated. (189 threads)
[2023-11-15T11:30:29.738+0000][52080.896s][info ][safepoint     ] Application time: 1.0001728 seconds
[2023-11-15T11:30:29.738+0000][52080.896s][info ][safepoint     ] Entering safepoint region: Cleanup
[2023-11-15T11:30:29.738+0000][52080.896s][info ][safepoint     ] Leaving safepoint region
[2023-11-15T11:30:29.738+0000][52080.896s][info ][safepoint     ] Total time for which application threads were stopped: 0.0003641 seconds, Stopping threads took: 0.0000551 seconds
[2023-11-15T11:30:30.738+0000][52081.896s][debug][safepoint     ] Safepoint synchronization initiated. (189 threads)
[2023-11-15T11:30:30.738+0000][52081.896s][info ][safepoint     ] Application time: 1.0001356 seconds
[2023-11-15T11:30:30.738+0000][52081.896s][info ][safepoint     ] Entering safepoint region: Cleanup
[2023-11-15T11:30:30.738+0000][52081.896s][info ][safepoint     ] Leaving safepoint region
[2023-11-15T11:30:30.738+0000][52081.897s][info ][safepoint     ] Total time for which application threads were stopped: 0.0003624 seconds, Stopping threads took: 0.0000540 seconds
[2023-11-15T11:30:31.739+0000][52082.897s][debug][safepoint     ] Safepoint synchronization initiated. (189 threads)
[2023-11-15T11:30:31.739+0000][52082.897s][info ][safepoint     ] Application time: 1.0001606 seconds
[2023-11-15T11:30:31.739+0000][52082.897s][info ][safepoint     ] Entering safepoint region: Cleanup
[2023-11-15T11:30:31.739+0000][52082.897s][info ][safepoint     ] Leaving safepoint region
[2023-11-15T11:30:31.739+0000][52082.897s][info ][safepoint     ] Total time for which application threads were stopped: 0.0005855 seconds, Stopping threads took: 0.0002122 seconds
[2023-11-15T11:30:32.739+0000][52083.897s][debug][safepoint     ] Safepoint synchronization initiated. (189 threads)
[2023-11-15T11:30:32.739+0000][52083.897s][info ][safepoint     ] Application time: 1.0001509 seconds
[2023-11-15T11:30:32.739+0000][52083.898s][info ][safepoint     ] Entering safepoint region: Cleanup
[2023-11-15T11:30:32.740+0000][52083.898s][info ][safepoint     ] Leaving safepoint region
[2023-11-15T11:30:32.740+0000][52083.898s][info ][safepoint     ] Total time for which application threads were stopped: 0.0003950 seconds, Stopping threads took: 0.0000804 seconds
[2023-11-15T11:30:33.740+0000][52084.898s][debug][safepoint     ] Safepoint synchronization initiated. (189 threads)
[2023-11-15T11:30:33.740+0000][52084.898s][info ][safepoint     ] Application time: 1.0001421 seconds
[2023-11-15T11:30:33.740+0000][52084.898s][info ][safepoint     ] Entering safepoint region: Cleanup
[2023-11-15T11:30:33.740+0000][52084.898s][info ][safepoint     ] Leaving safepoint region
[2023-11-15T11:30:33.740+0000][52084.898s][info ][safepoint     ] Total time for which application threads were stopped: 0.0003620 seconds, Stopping threads took: 0.0000544 seconds
[2023-11-15T11:30:34.740+0000][52085.899s][debug][safepoint     ] Safepoint synchronization initiated. (189 threads)
[2023-11-15T11:30:34.741+0000][52085.899s][info ][safepoint     ] Application time: 1.0001370 seconds
[2023-11-15T11:30:34.741+0000][52085.899s][info ][safepoint     ] Entering safepoint region: Cleanup
[2023-11-15T11:30:34.741+0000][52085.899s][info ][safepoint     ] Leaving safepoint region
[2023-11-15T11:30:34.741+0000][52085.899s][info ][safepoint     ] Total time for which application threads were stopped: 0.0003752 seconds, Stopping threads took: 0.0000563 seconds
[2023-11-15T11:30:35.741+0000][52086.899s][debug][safepoint     ] Safepoint synchronization initiated. (189 threads)
[2023-11-15T11:30:35.741+0000][52086.899s][info ][safepoint     ] Application time: 1.0001515 seconds
[2023-11-15T11:30:35.741+0000][52086.899s][info ][safepoint     ] Entering safepoint region: Cleanup
[2023-11-15T11:30:35.741+0000][52086.899s][info ][safepoint     ] Leaving safepoint region
[2023-11-15T11:30:35.741+0000][52086.899s][info ][safepoint     ] Total time for which application threads were stopped: 0.0003176 seconds, Stopping threads took: 0.0000544 seconds
[2023-11-15T11:30:36.742+0000][52087.900s][debug][safepoint     ] Safepoint synchronization initiated. (189 threads)
[2023-11-15T11:30:36.742+0000][52087.900s][info ][safepoint     ] Application time: 1.0001521 seconds
[2023-11-15T11:30:36.742+0000][52087.900s][info ][safepoint     ] Entering safepoint region: Cleanup
[2023-11-15T11:30:36.742+0000][52087.900s][info ][safepoint     ] Leaving safepoint region
[2023-11-15T11:30:36.742+0000][52087.900s][info ][safepoint     ] Total time for which application threads were stopped: 0.0006403 seconds, Stopping threads took: 0.0002729 seconds
[2023-11-15T11:30:37.742+0000][52088.900s][debug][safepoint     ] Safepoint synchronization initiated. (189 threads)
[2023-11-15T11:30:37.742+0000][52088.901s][info ][safepoint     ] Application time: 1.0001708 seconds
[2023-11-15T11:30:37.743+0000][52088.901s][info ][safepoint     ] Entering safepoint region: Cleanup
[2023-11-15T11:30:37.743+0000][52088.901s][info ][safepoint     ] Leaving safepoint region
[2023-11-15T11:30:37.743+0000][52088.901s][info ][safepoint     ] Total time for which application threads were stopped: 0.0003357 seconds, Stopping threads took: 0.0000546 seconds
[2023-11-15T11:30:38.743+0000][52089.901s][debug][safepoint     ] Safepoint synchronization initiated. (189 threads)
[2023-11-15T11:30:38.743+0000][52089.901s][info ][safepoint     ] Application time: 1.0001627 seconds
[2023-11-15T11:30:38.743+0000][52089.901s][info ][safepoint     ] Entering safepoint region: Cleanup
[2023-11-15T11:30:38.743+0000][52089.901s][info ][safepoint     ] Leaving safepoint region
[2023-11-15T11:30:38.743+0000][52089.901s][info ][safepoint     ] Total time for which application threads were stopped: 0.0003689 seconds, Stopping threads took: 0.0000563 seconds
[2023-11-15T11:30:39.743+0000][52090.902s][debug][safepoint     ] Safepoint synchronization initiated. (189 threads)
[2023-11-15T11:30:39.744+0000][52090.902s][info ][safepoint     ] Application time: 1.0001697 seconds
[2023-11-15T11:30:39.744+0000][52090.902s][info ][safepoint     ] Entering safepoint region: Cleanup
[2023-11-15T11:30:39.744+0000][52090.902s][info ][safepoint     ] Leaving safepoint region
[2023-11-15T11:30:39.744+0000][52090.902s][info ][safepoint     ] Total time for which application threads were stopped: 0.0003657 seconds, Stopping threads took: 0.0000533 seconds
[2023-11-15T11:30:40.744+0000][52091.902s][debug][safepoint     ] Safepoint synchronization initiated. (189 threads)
[2023-11-15T11:30:40.744+0000][52091.902s][info ][safepoint     ] Application time: 1.0001568 seconds
[2023-11-15T11:30:40.744+0000][52091.902s][info ][safepoint     ] Entering safepoint region: Cleanup
[2023-11-15T11:30:40.744+0000][52091.903s][info ][safepoint     ] Leaving safepoint region
[2023-11-15T11:30:40.745+0000][52091.903s][info ][safepoint     ] Total time for which application threads were stopped: 0.0003699 seconds, Stopping threads took: 0.0000553 seconds
[2023-11-15T11:30:41.745+0000][52092.903s][debug][safepoint     ] Safepoint synchronization initiated. (189 threads)
[2023-11-15T11:30:41.745+0000][52092.903s][info ][safepoint     ] Application time: 1.0001667 seconds
[2023-11-15T11:30:41.745+0000][52092.903s][info ][safepoint     ] Entering safepoint region: Cleanup
[2023-11-15T11:30:41.745+0000][52092.903s][info ][safepoint     ] Leaving safepoint region
[2023-11-15T11:30:41.745+0000][52092.903s][info ][safepoint     ] Total time for which application threads were stopped: 0.0004257 seconds, Stopping threads took: 0.0000572 seconds
[2023-11-15T11:30:42.745+0000][52093.903s][debug][safepoint     ] Safepoint synchronization initiated. (189 threads)
[2023-11-15T11:30:42.745+0000][52093.903s][info ][safepoint     ] Application time: 1.0001660 seconds
[2023-11-15T11:30:42.745+0000][52093.903s][info ][safepoint     ] Entering safepoint region: Cleanup
[2023-11-15T11:30:42.746+0000][52093.904s][info ][safepoint     ] Leaving safepoint region
[2023-11-15T11:30:42.746+0000][52093.904s][info ][safepoint     ] Total time for which application threads were stopped: 0.0003655 seconds, Stopping threads took: 0.0000531 seconds
[2023-11-15T11:30:43.746+0000][52094.904s][debug][safepoint     ] Safepoint synchronization initiated. (189 threads)
[2023-11-15T11:30:43.746+0000][52094.904s][info ][safepoint     ] Application time: 1.0001683 seconds
[2023-11-15T11:30:43.746+0000][52094.904s][info ][safepoint     ] Entering safepoint region: Cleanup
[2023-11-15T11:30:43.746+0000][52094.904s][info ][safepoint     ] Leaving safepoint region
[2023-11-15T11:30:43.746+0000][52094.904s][info ][safepoint     ] Total time for which application threads were stopped: 0.0003639 seconds, Stopping threads took: 0.0000547 seconds
[2023-11-15T11:30:44.746+0000][52095.904s][debug][safepoint     ] Safepoint synchronization initiated. (189 threads)
[2023-11-15T11:30:44.746+0000][52095.905s][info ][safepoint     ] Application time: 1.0001739 seconds
[2023-11-15T11:30:44.747+0000][52095.905s][info ][safepoint     ] Entering safepoint region: Cleanup
[2023-11-15T11:30:44.747+0000][52095.905s][info ][safepoint     ] Leaving safepoint region
[2023-11-15T11:30:44.747+0000][52095.905s][info ][safepoint     ] Total time for which application threads were stopped: 0.0003624 seconds, Stopping threads took: 0.0000547 seconds
[2023-11-15T11:30:45.747+0000][52096.905s][debug][safepoint     ] Safepoint synchronization initiated. (189 threads)
[2023-11-15T11:30:45.747+0000][52096.905s][info ][safepoint     ] Application time: 1.0001579 seconds
[2023-11-15T11:30:45.747+0000][52096.905s][info ][safepoint     ] Entering safepoint region: Cleanup
[2023-11-15T11:30:45.747+0000][52096.905s][info ][safepoint     ] Leaving safepoint region
[2023-11-15T11:30:45.747+0000][52096.905s][info ][safepoint     ] Total time for which application threads were stopped: 0.0002796 seconds, Stopping threads took: 0.0000545 seconds
[2023-11-15T11:30:46.747+0000][52097.906s][debug][safepoint     ] Safepoint synchronization initiated. (189 threads)
[2023-11-15T11:30:46.748+0000][52097.906s][info ][safepoint     ] Application time: 1.0001900 seconds
[2023-11-15T11:30:46.748+0000][52097.906s][info ][safepoint     ] Entering safepoint region: Cleanup
[2023-11-15T11:30:46.748+0000][52097.906s][info ][safepoint     ] Leaving safepoint region
[2023-11-15T11:30:46.748+0000][52097.906s][info ][safepoint     ] Total time for which application threads were stopped: 0.0006064 seconds, Stopping threads took: 0.0003020 seconds
[2023-11-15T11:30:47.748+0000][52098.906s][debug][safepoint     ] Safepoint synchronization initiated. (189 threads)
[2023-11-15T11:30:47.748+0000][52098.906s][info ][safepoint     ] Application time: 1.0001603 seconds
[2023-11-15T11:30:47.748+0000][52098.906s][info ][safepoint     ] Entering safepoint region: Cleanup
[2023-11-15T11:30:47.749+0000][52098.907s][info ][safepoint     ] Leaving safepoint region
[2023-11-15T11:30:47.749+0000][52098.907s][info ][safepoint     ] Total time for which application threads were stopped: 0.0003689 seconds, Stopping threads took: 0.0000549 seconds
[2023-11-15T11:30:48.749+0000][52099.907s][debug][safepoint     ] Safepoint synchronization initiated. (189 threads)
[2023-11-15T11:30:48.749+0000][52099.907s][info ][safepoint     ] Application time: 1.0001751 seconds
[2023-11-15T11:30:48.749+0000][52099.907s][info ][safepoint     ] Entering safepoint region: Cleanup
[2023-11-15T11:30:48.749+0000][52099.907s][info ][safepoint     ] Leaving safepoint region
[2023-11-15T11:30:48.749+0000][52099.907s][info ][safepoint     ] Total time for which application threads were stopped: 0.0003626 seconds, Stopping threads took: 0.0000541 seconds
[2023-11-15T11:30:49.749+0000][52100.907s][debug][safepoint     ] Safepoint synchronization initiated. (189 threads)
[2023-11-15T11:30:49.749+0000][52100.908s][info ][safepoint     ] Application time: 1.0001533 seconds
[2023-11-15T11:30:49.750+0000][52100.908s][info ][safepoint     ] Entering safepoint region: Cleanup
[2023-11-15T11:30:49.750+0000][52100.908s][info ][safepoint     ] Leaving safepoint region
[2023-11-15T11:30:49.750+0000][52100.908s][info ][safepoint     ] Total time for which application threads were stopped: 0.0003642 seconds, Stopping threads took: 0.0000547 seconds
[2023-11-15T11:30:50.750+0000][52101.908s][debug][safepoint     ] Safepoint synchronization initiated. (189 threads)
[2023-11-15T11:30:50.750+0000][52101.908s][info ][safepoint     ] Application time: 1.0001361 seconds
[2023-11-15T11:30:50.750+0000][52101.908s][info ][safepoint     ] Entering safepoint region: Cleanup
[2023-11-15T11:30:50.750+0000][52101.908s][info ][safepoint     ] Leaving safepoint region
[2023-11-15T11:30:50.750+0000][52101.908s][info ][safepoint     ] Total time for which application threads were stopped: 0.0003198 seconds, Stopping threads took: 0.0000545 seconds
[2023-11-15T11:30:51.750+0000][52102.909s][debug][safepoint     ] Safepoint synchronization initiated. (189 threads)
[2023-11-15T11:30:51.751+0000][52102.909s][info ][safepoint     ] Application time: 1.0001509 seconds
[2023-11-15T11:30:51.751+0000][52102.909s][info ][safepoint     ] Entering safepoint region: Cleanup
[2023-11-15T11:30:51.751+0000][52102.909s][info ][safepoint     ] Leaving safepoint region
[2023-11-15T11:30:51.751+0000][52102.909s][info ][safepoint     ] Total time for which application threads were stopped: 0.0003113 seconds, Stopping threads took: 0.0000545 seconds
[2023-11-15T11:30:52.751+0000][52103.909s][debug][safepoint     ] Safepoint synchronization initiated. (189 threads)
[2023-11-15T11:30:52.751+0000][52103.909s][info ][safepoint     ] Application time: 1.0001482 seconds
[2023-11-15T11:30:52.751+0000][52103.909s][info ][safepoint     ] Entering safepoint region: Cleanup
[2023-11-15T11:30:52.751+0000][52103.909s][info ][safepoint     ] Leaving safepoint region
[2023-11-15T11:30:52.751+0000][52103.909s][info ][safepoint     ] Total time for which application threads were stopped: 0.0003739 seconds, Stopping threads took: 0.0000562 seconds
[2023-11-15T11:30:53.752+0000][52104.910s][debug][safepoint     ] Safepoint synchronization initiated. (189 threads)
[2023-11-15T11:30:53.752+0000][52104.910s][info ][safepoint     ] Application time: 1.0001628 seconds
[2023-11-15T11:30:53.752+0000][52104.910s][info ][safepoint     ] Entering safepoint region: Cleanup
[2023-11-15T11:30:53.752+0000][52104.910s][info ][safepoint     ] Leaving safepoint region
[2023-11-15T11:30:53.752+0000][52104.910s][info ][safepoint     ] Total time for which application threads were stopped: 0.0003724 seconds, Stopping threads took: 0.0000581 seconds
[2023-11-15T11:30:54.752+0000][52105.910s][debug][safepoint     ] Safepoint synchronization initiated. (189 threads)
[2023-11-15T11:30:54.752+0000][52105.910s][info ][safepoint     ] Application time: 1.0001678 seconds
[2023-11-15T11:30:54.752+0000][52105.910s][info ][safepoint     ] Entering safepoint region: Cleanup
[2023-11-15T11:30:54.753+0000][52105.911s][info ][safepoint     ] Leaving safepoint region
[2023-11-15T11:30:54.753+0000][52105.911s][info ][safepoint     ] Total time for which application threads were stopped: 0.0003684 seconds, Stopping threads took: 0.0000562 seconds
[2023-11-15T11:30:55.753+0000][52106.911s][debug][safepoint     ] Safepoint synchronization initiated. (189 threads)
[2023-11-15T11:30:55.753+0000][52106.911s][info ][safepoint     ] Application time: 1.0002005 seconds
[2023-11-15T11:30:55.753+0000][52106.911s][info ][safepoint     ] Entering safepoint region: Cleanup
[2023-11-15T11:30:55.753+0000][52106.911s][info ][safepoint     ] Leaving safepoint region
[2023-11-15T11:30:55.753+0000][52106.911s][info ][safepoint     ] Total time for which application threads were stopped: 0.0003732 seconds, Stopping threads took: 0.0000577 seconds
[2023-11-15T11:30:56.753+0000][52107.911s][debug][safepoint     ] Safepoint synchronization initiated. (188 threads)
[2023-11-15T11:30:56.753+0000][52107.911s][info ][safepoint     ] Application time: 1.0001658 seconds
[2023-11-15T11:30:56.753+0000][52107.911s][info ][safepoint     ] Entering safepoint region: Cleanup
[2023-11-15T11:30:56.754+0000][52107.912s][info ][safepoint     ] Leaving safepoint region
[2023-11-15T11:30:56.754+0000][52107.912s][info ][safepoint     ] Total time for which application threads were stopped: 0.0002896 seconds, Stopping threads took: 0.0000599 seconds
[2023-11-15T11:30:57.754+0000][52108.912s][debug][safepoint     ] Safepoint synchronization initiated. (188 threads)
[2023-11-15T11:30:57.754+0000][52108.912s][info ][safepoint     ] Application time: 1.0001682 seconds
[2023-11-15T11:30:57.754+0000][52108.912s][info ][safepoint     ] Entering safepoint region: Cleanup
[2023-11-15T11:30:57.754+0000][52108.912s][info ][safepoint     ] Leaving safepoint region
[2023-11-15T11:30:57.754+0000][52108.912s][info ][safepoint     ] Total time for which application threads were stopped: 0.0002273 seconds, Stopping threads took: 0.0000439 seconds
[2023-11-15T11:30:58.754+0000][52109.912s][debug][safepoint     ] Safepoint synchronization initiated. (188 threads)
[2023-11-15T11:30:58.754+0000][52109.912s][info ][safepoint     ] Application time: 1.0001663 seconds
[2023-11-15T11:30:58.754+0000][52109.912s][info ][safepoint     ] Entering safepoint region: Cleanup
[2023-11-15T11:30:58.755+0000][52109.913s][info ][safepoint     ] Leaving safepoint region
[2023-11-15T11:30:58.755+0000][52109.913s][info ][safepoint     ] Total time for which application threads were stopped: 0.0003873 seconds, Stopping threads took: 0.0000547 seconds
[2023-11-15T11:30:59.755+0000][52110.913s][debug][safepoint     ] Safepoint synchronization initiated. (188 threads)
[2023-11-15T11:30:59.755+0000][52110.913s][info ][safepoint     ] Application time: 1.0001694 seconds
[2023-11-15T11:30:59.755+0000][52110.913s][info ][safepoint     ] Entering safepoint region: Cleanup
[2023-11-15T11:30:59.755+0000][52110.913s][info ][safepoint     ] Leaving safepoint region
[2023-11-15T11:30:59.755+0000][52110.913s][info ][safepoint     ] Total time for which application threads were stopped: 0.0003634 seconds, Stopping threads took: 0.0000542 seconds
[2023-11-15T11:31:00.755+0000][52111.913s][debug][safepoint     ] Safepoint synchronization initiated. (188 threads)
[2023-11-15T11:31:00.755+0000][52111.913s][info ][safepoint     ] Application time: 1.0001516 seconds
[2023-11-15T11:31:00.755+0000][52111.914s][info ][safepoint     ] Entering safepoint region: Cleanup
[2023-11-15T11:31:00.756+0000][52111.914s][info ][safepoint     ] Leaving safepoint region
[2023-11-15T11:31:00.756+0000][52111.914s][info ][safepoint     ] Total time for which application threads were stopped: 0.0003316 seconds, Stopping threads took: 0.0000758 seconds
[2023-11-15T11:31:01.756+0000][52112.914s][debug][safepoint     ] Safepoint synchronization initiated. (188 threads)
[2023-11-15T11:31:01.756+0000][52112.914s][info ][safepoint     ] Application time: 1.0001542 seconds
[2023-11-15T11:31:01.756+0000][52112.914s][info ][safepoint     ] Entering safepoint region: Cleanup
[2023-11-15T11:31:01.756+0000][52112.915s][info ][safepoint     ] Leaving safepoint region
[2023-11-15T11:31:01.757+0000][52112.915s][info ][safepoint     ] Total time for which application threads were stopped: 0.0005692 seconds, Stopping threads took: 0.0002515 seconds
[2023-11-15T11:31:02.757+0000][52113.915s][debug][safepoint     ] Safepoint synchronization initiated. (188 threads)
[2023-11-15T11:31:02.757+0000][52113.915s][info ][safepoint     ] Application time: 1.0001656 seconds
[2023-11-15T11:31:02.757+0000][52113.915s][info ][safepoint     ] Entering safepoint region: Cleanup
[2023-11-15T11:31:02.757+0000][52113.915s][info ][safepoint     ] Leaving safepoint region
[2023-11-15T11:31:02.757+0000][52113.915s][info ][safepoint     ] Total time for which application threads were stopped: 0.0003655 seconds, Stopping threads took: 0.0000541 seconds
[2023-11-15T11:31:03.757+0000][52114.915s][debug][safepoint     ] Safepoint synchronization initiated. (188 threads)
[2023-11-15T11:31:03.757+0000][52114.915s][info ][safepoint     ] Application time: 1.0001366 seconds
[2023-11-15T11:31:03.757+0000][52114.915s][info ][safepoint     ] Entering safepoint region: Cleanup
[2023-11-15T11:31:03.758+0000][52114.916s][info ][safepoint     ] Leaving safepoint region
[2023-11-15T11:31:03.758+0000][52114.916s][info ][safepoint     ] Total time for which application threads were stopped: 0.0003608 seconds, Stopping threads took: 0.0000533 seconds
[2023-11-15T11:31:04.758+0000][52115.916s][debug][safepoint     ] Safepoint synchronization initiated. (188 threads)
[2023-11-15T11:31:04.758+0000][52115.916s][info ][safepoint     ] Application time: 1.0001714 seconds
[2023-11-15T11:31:04.758+0000][52115.916s][info ][safepoint     ] Entering safepoint region: Cleanup
[2023-11-15T11:31:04.758+0000][52115.916s][info ][safepoint     ] Leaving safepoint region
[2023-11-15T11:31:04.758+0000][52115.916s][info ][safepoint     ] Total time for which application threads were stopped: 0.0003647 seconds, Stopping threads took: 0.0000542 seconds
[2023-11-15T11:31:05.758+0000][52116.916s][debug][safepoint     ] Safepoint synchronization initiated. (188 threads)
[2023-11-15T11:31:05.758+0000][52116.916s][info ][safepoint     ] Application time: 1.0001629 seconds
[2023-11-15T11:31:05.758+0000][52116.917s][info ][safepoint     ] Entering safepoint region: Cleanup
[2023-11-15T11:31:05.759+0000][52116.917s][info ][safepoint     ] Leaving safepoint region
[2023-11-15T11:31:05.759+0000][52116.917s][info ][safepoint     ] Total time for which application threads were stopped: 0.0003646 seconds, Stopping threads took: 0.0000541 seconds
[2023-11-15T11:35:16.781+0000][52367.939s][debug][safepoint     ] Safepoint synchronization initiated. (185 threads)
[2023-11-15T11:35:16.781+0000][52367.939s][info ][safepoint     ] Application time: 251.0219490 seconds
[2023-11-15T11:35:16.781+0000][52367.939s][info ][safepoint     ] Entering safepoint region: Cleanup
[2023-11-15T11:35:16.781+0000][52367.939s][info ][safepoint     ] Leaving safepoint region
[2023-11-15T11:35:16.781+0000][52367.939s][info ][safepoint     ] Total time for which application threads were stopped: 0.0003642 seconds, Stopping threads took: 0.0000522 seconds
[2023-11-15T11:36:11.847+0000][52423.005s][debug][safepoint     ] Safepoint synchronization initiated. (184 threads)
[2023-11-15T11:36:11.847+0000][52423.005s][info ][safepoint     ] Application time: 55.0660355 seconds
[2023-11-15T11:36:11.847+0000][52423.005s][info ][safepoint     ] Entering safepoint region: G1CollectForAllocation
[2023-11-15T11:36:11.848+0000][52423.006s][info ][gc,start      ] GC(141) Pause Young (Normal) (G1 Evacuation Pause)
[2023-11-15T11:36:11.848+0000][52423.006s][info ][gc,task       ] GC(141) Using 4 workers of 4 for evacuation
[2023-11-15T11:36:11.860+0000][52423.018s][info ][gc,phases     ] GC(141)   Pre Evacuate Collection Set: 0.0ms
[2023-11-15T11:36:11.860+0000][52423.018s][info ][gc,phases     ] GC(141)   Evacuate Collection Set: 7.0ms
[2023-11-15T11:36:11.860+0000][52423.018s][info ][gc,phases     ] GC(141)   Post Evacuate Collection Set: 4.9ms
[2023-11-15T11:36:11.860+0000][52423.018s][info ][gc,phases     ] GC(141)   Other: 0.4ms
[2023-11-15T11:36:11.860+0000][52423.018s][info ][gc,heap       ] GC(141) Eden regions: 488->0(489)
[2023-11-15T11:36:11.860+0000][52423.018s][info ][gc,heap       ] GC(141) Survivor regions: 6->5(62)
[2023-11-15T11:36:11.860+0000][52423.018s][info ][gc,heap       ] GC(141) Old regions: 160->160
[2023-11-15T11:36:11.860+0000][52423.018s][info ][gc,heap       ] GC(141) Humongous regions: 0->0
[2023-11-15T11:36:11.860+0000][52423.018s][info ][gc,metaspace  ] GC(141) Metaspace: 171339K(177660K)->171339K(177660K) NonClass: 151960K(155904K)->151960K(155904K) Class: 19379K(21756K)->19379K(21756K)
[2023-11-15T11:36:11.860+0000][52423.018s][info ][gc            ] GC(141) Pause Young (Normal) (G1 Evacuation Pause) 651M->163M(824M) 12.564ms
[2023-11-15T11:36:11.860+0000][52423.018s][info ][gc,cpu        ] GC(141) User=0.03s Sys=0.02s Real=0.01s
[2023-11-15T11:36:11.860+0000][52423.018s][info ][safepoint     ] Leaving safepoint region
[2023-11-15T11:36:11.860+0000][52423.018s][info ][safepoint     ] Total time for which application threads were stopped: 0.0129992 seconds, Stopping threads took: 0.0000534 seconds
[2023-11-15T11:36:11.860+0000][52423.018s][info ][gc,stringdedup] Concurrent String Deduplication (52423.018s)
[2023-11-15T11:36:11.861+0000][52423.019s][info ][gc,stringdedup] Concurrent String Deduplication 126.6K->39536.0B(90152.0B) avg 55.7% (52423.018s, 52423.019s) 1.133ms
[2023-11-15T11:37:09.865+0000][52481.023s][debug][safepoint     ] Safepoint synchronization initiated. (182 threads)
[2023-11-15T11:37:09.865+0000][52481.024s][info ][safepoint     ] Application time: 58.0052338 seconds
[2023-11-15T11:37:09.866+0000][52481.024s][info ][safepoint     ] Entering safepoint region: Cleanup
[2023-11-15T11:37:09.866+0000][52481.024s][info ][safepoint     ] Leaving safepoint region
[2023-11-15T11:37:09.866+0000][52481.024s][info ][safepoint     ] Total time for which application threads were stopped: 0.0003517 seconds, Stopping threads took: 0.0000483 seconds
[2023-11-15T11:38:06.871+0000][52538.029s][debug][safepoint     ] Safepoint synchronization initiated. (181 threads)
[2023-11-15T11:38:06.871+0000][52538.029s][info ][safepoint     ] Application time: 57.0053128 seconds
[2023-11-15T11:38:06.871+0000][52538.029s][info ][safepoint     ] Entering safepoint region: Cleanup
[2023-11-15T11:38:06.872+0000][52538.030s][info ][safepoint     ] Leaving safepoint region
[2023-11-15T11:38:06.872+0000][52538.030s][info ][safepoint     ] Total time for which application threads were stopped: 0.0003459 seconds, Stopping threads took: 0.0000507 seconds
[2023-11-15T11:38:07.872+0000][52539.030s][debug][safepoint     ] Safepoint synchronization initiated. (181 threads)
[2023-11-15T11:38:07.872+0000][52539.030s][info ][safepoint     ] Application time: 1.0001452 seconds
[2023-11-15T11:38:07.872+0000][52539.030s][info ][safepoint     ] Entering safepoint region: Cleanup
[2023-11-15T11:38:07.872+0000][52539.030s][info ][safepoint     ] Leaving safepoint region
[2023-11-15T11:38:07.872+0000][52539.030s][info ][safepoint     ] Total time for which application threads were stopped: 0.0003485 seconds, Stopping threads took: 0.0000512 seconds
[2023-11-15T11:38:08.872+0000][52540.030s][debug][safepoint     ] Safepoint synchronization initiated. (181 threads)
[2023-11-15T11:38:08.872+0000][52540.030s][info ][safepoint     ] Application time: 1.0001540 seconds
[2023-11-15T11:38:08.872+0000][52540.030s][info ][safepoint     ] Entering safepoint region: Cleanup
[2023-11-15T11:38:08.873+0000][52540.031s][info ][safepoint     ] Leaving safepoint region
[2023-11-15T11:38:08.873+0000][52540.031s][info ][safepoint     ] Total time for which application threads were stopped: 0.0003474 seconds, Stopping threads took: 0.0000510 seconds
[2023-11-15T11:38:09.873+0000][52541.031s][debug][safepoint     ] Safepoint synchronization initiated. (181 threads)
[2023-11-15T11:38:09.873+0000][52541.031s][info ][safepoint     ] Application time: 1.0001592 seconds
[2023-11-15T11:38:09.873+0000][52541.031s][info ][safepoint     ] Entering safepoint region: Cleanup
[2023-11-15T11:38:09.873+0000][52541.031s][info ][safepoint     ] Leaving safepoint region
[2023-11-15T11:38:09.873+0000][52541.031s][info ][safepoint     ] Total time for which application threads were stopped: 0.0003457 seconds, Stopping threads took: 0.0000498 seconds
[2023-11-15T11:38:10.873+0000][52542.031s][debug][safepoint     ] Safepoint synchronization initiated. (181 threads)
[2023-11-15T11:38:10.873+0000][52542.031s][info ][safepoint     ] Application time: 1.0001544 seconds
[2023-11-15T11:38:10.873+0000][52542.031s][info ][safepoint     ] Entering safepoint region: Cleanup
[2023-11-15T11:38:10.874+0000][52542.032s][info ][safepoint     ] Leaving safepoint region
[2023-11-15T11:38:10.874+0000][52542.032s][info ][safepoint     ] Total time for which application threads were stopped: 0.0003566 seconds, Stopping threads took: 0.0000533 seconds
[2023-11-15T11:38:11.874+0000][52543.032s][debug][safepoint     ] Safepoint synchronization initiated. (181 threads)
[2023-11-15T11:38:11.874+0000][52543.032s][info ][safepoint     ] Application time: 1.0001740 seconds
[2023-11-15T11:38:11.874+0000][52543.032s][info ][safepoint     ] Entering safepoint region: Cleanup
[2023-11-15T11:38:11.874+0000][52543.033s][info ][safepoint     ] Leaving safepoint region
[2023-11-15T11:38:11.875+0000][52543.033s][info ][safepoint     ] Total time for which application threads were stopped: 0.0006128 seconds, Stopping threads took: 0.0002575 seconds
[2023-11-15T11:38:12.875+0000][52544.033s][debug][safepoint     ] Safepoint synchronization initiated. (181 threads)
[2023-11-15T11:38:12.875+0000][52544.033s][info ][safepoint     ] Application time: 1.0001496 seconds
[2023-11-15T11:38:12.875+0000][52544.033s][info ][safepoint     ] Entering safepoint region: Cleanup
[2023-11-15T11:38:12.875+0000][52544.033s][info ][safepoint     ] Leaving safepoint region
[2023-11-15T11:38:12.875+0000][52544.033s][info ][safepoint     ] Total time for which application threads were stopped: 0.0003516 seconds, Stopping threads took: 0.0000513 seconds
[2023-11-15T11:38:13.875+0000][52545.033s][debug][safepoint     ] Safepoint synchronization initiated. (181 threads)
[2023-11-15T11:38:13.875+0000][52545.033s][info ][safepoint     ] Application time: 1.0001707 seconds
[2023-11-15T11:38:13.875+0000][52545.033s][info ][safepoint     ] Entering safepoint region: Cleanup
[2023-11-15T11:38:13.876+0000][52545.034s][info ][safepoint     ] Leaving safepoint region
[2023-11-15T11:38:13.876+0000][52545.034s][info ][safepoint     ] Total time for which application threads were stopped: 0.0003152 seconds, Stopping threads took: 0.0000517 seconds
[2023-11-15T11:38:14.876+0000][52546.034s][debug][safepoint     ] Safepoint synchronization initiated. (181 threads)
[2023-11-15T11:38:14.876+0000][52546.034s][info ][safepoint     ] Application time: 1.0001562 seconds
[2023-11-15T11:38:14.876+0000][52546.034s][info ][safepoint     ] Entering safepoint region: Cleanup
[2023-11-15T11:38:14.876+0000][52546.034s][info ][safepoint     ] Leaving safepoint region
[2023-11-15T11:38:14.876+0000][52546.034s][info ][safepoint     ] Total time for which application threads were stopped: 0.0002555 seconds, Stopping threads took: 0.0000524 seconds
[2023-11-15T11:38:15.876+0000][52547.034s][debug][safepoint     ] Safepoint synchronization initiated. (181 threads)
[2023-11-15T11:38:15.876+0000][52547.034s][info ][safepoint     ] Application time: 1.0001524 seconds
[2023-11-15T11:38:15.876+0000][52547.034s][info ][safepoint     ] Entering safepoint region: Cleanup
[2023-11-15T11:38:15.876+0000][52547.035s][info ][safepoint     ] Leaving safepoint region
[2023-11-15T11:38:15.876+0000][52547.035s][info ][safepoint     ] Total time for which application threads were stopped: 0.0002632 seconds, Stopping threads took: 0.0000506 seconds
[2023-11-15T11:38:16.877+0000][52548.035s][debug][safepoint     ] Safepoint synchronization initiated. (181 threads)
[2023-11-15T11:38:16.877+0000][52548.035s][info ][safepoint     ] Application time: 1.0001397 seconds
[2023-11-15T11:38:16.877+0000][52548.035s][info ][safepoint     ] Entering safepoint region: Cleanup
[2023-11-15T11:38:16.877+0000][52548.035s][info ][safepoint     ] Leaving safepoint region
[2023-11-15T11:38:16.877+0000][52548.035s][info ][safepoint     ] Total time for which application threads were stopped: 0.0004321 seconds, Stopping threads took: 0.0001839 seconds
[2023-11-15T11:38:17.877+0000][52549.035s][debug][safepoint     ] Safepoint synchronization initiated. (181 threads)
[2023-11-15T11:38:17.877+0000][52549.035s][info ][safepoint     ] Application time: 1.0001691 seconds
[2023-11-15T11:38:17.877+0000][52549.035s][debug][safepoint     ] ... found polling page loop exception at pc = 0x00007fe1812e1ff4, stub =0x00007fe17883ab00
[2023-11-15T11:38:17.877+0000][52549.035s][debug][safepoint     ] Waiting for 1 thread(s) to block
[2023-11-15T11:38:17.877+0000][52549.036s][info ][safepoint     ] Entering safepoint region: Cleanup
[2023-11-15T11:38:17.878+0000][52549.036s][info ][safepoint     ] Leaving safepoint region
[2023-11-15T11:38:17.878+0000][52549.036s][info ][safepoint     ] Total time for which application threads were stopped: 0.0004474 seconds, Stopping threads took: 0.0001603 seconds
[2023-11-15T11:38:17.878+0000][52549.036s][debug][safepoint     ] ... found polling page return exception at pc = 0x00007fe180ff1766, stub =0x00007fe17883a800
[2023-11-15T11:38:17.878+0000][52549.036s][debug][safepoint     ] ... found polling page return exception at pc = 0x00007fe180ff1766, stub =0x00007fe17883a800
[2023-11-15T11:38:17.878+0000][52549.036s][debug][safepoint     ] ... found polling page return exception at pc = 0x00007fe180ff1766, stub =0x00007fe17883a800
[2023-11-15T11:38:18.878+0000][52550.036s][debug][safepoint     ] Safepoint synchronization initiated. (181 threads)
[2023-11-15T11:38:18.878+0000][52550.036s][info ][safepoint     ] Application time: 1.0001616 seconds
[2023-11-15T11:38:18.878+0000][52550.036s][info ][safepoint     ] Entering safepoint region: Cleanup
[2023-11-15T11:38:18.878+0000][52550.036s][info ][safepoint     ] Leaving safepoint region
[2023-11-15T11:38:18.878+0000][52550.036s][info ][safepoint     ] Total time for which application threads were stopped: 0.0002618 seconds, Stopping threads took: 0.0000505 seconds
[2023-11-15T11:38:19.878+0000][52551.036s][debug][safepoint     ] Safepoint synchronization initiated. (181 threads)
[2023-11-15T11:38:19.878+0000][52551.036s][info ][safepoint     ] Application time: 1.0001768 seconds
[2023-11-15T11:38:19.878+0000][52551.037s][info ][safepoint     ] Entering safepoint region: Cleanup
[2023-11-15T11:38:19.879+0000][52551.037s][info ][safepoint     ] Leaving safepoint region
[2023-11-15T11:38:19.879+0000][52551.037s][info ][safepoint     ] Total time for which application threads were stopped: 0.0003497 seconds, Stopping threads took: 0.0000511 seconds
[2023-11-15T11:38:20.879+0000][52552.037s][debug][safepoint     ] Safepoint synchronization initiated. (181 threads)
[2023-11-15T11:38:20.879+0000][52552.037s][info ][safepoint     ] Application time: 1.0001674 seconds
[2023-11-15T11:38:20.879+0000][52552.037s][info ][safepoint     ] Entering safepoint region: Cleanup
[2023-11-15T11:38:20.879+0000][52552.037s][info ][safepoint     ] Leaving safepoint region
[2023-11-15T11:38:20.879+0000][52552.037s][info ][safepoint     ] Total time for which application threads were stopped: 0.0003474 seconds, Stopping threads took: 0.0000511 seconds
[2023-11-15T11:38:21.879+0000][52553.038s][debug][safepoint     ] Safepoint synchronization initiated. (181 threads)
[2023-11-15T11:38:21.880+0000][52553.038s][info ][safepoint     ] Application time: 1.0001840 seconds
[2023-11-15T11:38:21.880+0000][52553.038s][info ][safepoint     ] Entering safepoint region: Cleanup
[2023-11-15T11:38:21.880+0000][52553.038s][info ][safepoint     ] Leaving safepoint region
[2023-11-15T11:38:21.880+0000][52553.038s][info ][safepoint     ] Total time for which application threads were stopped: 0.0003506 seconds, Stopping threads took: 0.0000504 seconds
[2023-11-15T11:38:22.880+0000][52554.038s][debug][safepoint     ] Safepoint synchronization initiated. (181 threads)
[2023-11-15T11:38:22.880+0000][52554.038s][info ][safepoint     ] Application time: 1.0001235 seconds
[2023-11-15T11:38:22.880+0000][52554.038s][info ][safepoint     ] Entering safepoint region: Cleanup
[2023-11-15T11:38:22.880+0000][52554.038s][info ][safepoint     ] Leaving safepoint region
[2023-11-15T11:38:22.880+0000][52554.038s][info ][safepoint     ] Total time for which application threads were stopped: 0.0002188 seconds, Stopping threads took: 0.0000580 seconds
[2023-11-15T11:38:23.880+0000][52555.038s][debug][safepoint     ] Safepoint synchronization initiated. (180 threads)
[2023-11-15T11:38:23.880+0000][52555.038s][info ][safepoint     ] Application time: 1.0001404 seconds
[2023-11-15T11:38:23.880+0000][52555.039s][info ][safepoint     ] Entering safepoint region: Cleanup
[2023-11-15T11:38:23.881+0000][52555.039s][info ][safepoint     ] Leaving safepoint region
[2023-11-15T11:38:23.881+0000][52555.039s][info ][safepoint     ] Total time for which application threads were stopped: 0.0003511 seconds, Stopping threads took: 0.0000514 seconds
[2023-11-15T11:38:24.881+0000][52556.039s][debug][safepoint     ] Safepoint synchronization initiated. (180 threads)
[2023-11-15T11:38:24.881+0000][52556.039s][info ][safepoint     ] Application time: 1.0001533 seconds
[2023-11-15T11:38:24.881+0000][52556.039s][info ][safepoint     ] Entering safepoint region: Cleanup
[2023-11-15T11:38:24.882+0000][52556.040s][info ][safepoint     ] Leaving safepoint region
[2023-11-15T11:38:24.882+0000][52556.040s][info ][safepoint     ] Total time for which application threads were stopped: 0.0007187 seconds, Stopping threads took: 0.0003565 seconds
[2023-11-15T11:38:25.882+0000][52557.040s][debug][safepoint     ] Safepoint synchronization initiated. (180 threads)
[2023-11-15T11:38:25.882+0000][52557.040s][info ][safepoint     ] Application time: 1.0001670 seconds
[2023-11-15T11:38:25.882+0000][52557.040s][info ][safepoint     ] Entering safepoint region: Cleanup
[2023-11-15T11:38:25.882+0000][52557.040s][info ][safepoint     ] Leaving safepoint region
[2023-11-15T11:38:25.882+0000][52557.040s][info ][safepoint     ] Total time for which application threads were stopped: 0.0003611 seconds, Stopping threads took: 0.0000522 seconds
[2023-11-15T11:38:26.882+0000][52558.040s][debug][safepoint     ] Safepoint synchronization initiated. (180 threads)
[2023-11-15T11:38:26.882+0000][52558.041s][info ][safepoint     ] Application time: 1.0001713 seconds
[2023-11-15T11:38:26.882+0000][52558.041s][info ][safepoint     ] Entering safepoint region: Cleanup
[2023-11-15T11:38:26.883+0000][52558.041s][info ][safepoint     ] Leaving safepoint region
[2023-11-15T11:38:26.883+0000][52558.041s][info ][safepoint     ] Total time for which application threads were stopped: 0.0003619 seconds, Stopping threads took: 0.0000522 seconds
[2023-11-15T11:38:27.883+0000][52559.041s][debug][safepoint     ] Safepoint synchronization initiated. (180 threads)
[2023-11-15T11:38:27.883+0000][52559.041s][info ][safepoint     ] Application time: 1.0001611 seconds
[2023-11-15T11:38:27.883+0000][52559.041s][info ][safepoint     ] Entering safepoint region: Cleanup
[2023-11-15T11:38:27.883+0000][52559.041s][info ][safepoint     ] Leaving safepoint region
[2023-11-15T11:38:27.883+0000][52559.041s][info ][safepoint     ] Total time for which application threads were stopped: 0.0003572 seconds, Stopping threads took: 0.0000506 seconds
[2023-11-15T11:38:28.884+0000][52560.042s][debug][safepoint     ] Safepoint synchronization initiated. (180 threads)
[2023-11-15T11:38:28.884+0000][52560.042s][info ][safepoint     ] Application time: 1.0001839 seconds
[2023-11-15T11:38:28.884+0000][52560.042s][info ][safepoint     ] Entering safepoint region: Cleanup
[2023-11-15T11:38:28.884+0000][52560.042s][info ][safepoint     ] Leaving safepoint region
[2023-11-15T11:38:28.884+0000][52560.042s][info ][safepoint     ] Total time for which application threads were stopped: 0.0003567 seconds, Stopping threads took: 0.0000515 seconds
[2023-11-15T11:38:29.884+0000][52561.042s][debug][safepoint     ] Safepoint synchronization initiated. (180 threads)
[2023-11-15T11:38:29.884+0000][52561.042s][info ][safepoint     ] Application time: 1.0001480 seconds
[2023-11-15T11:38:29.884+0000][52561.042s][info ][safepoint     ] Entering safepoint region: Cleanup
[2023-11-15T11:38:29.884+0000][52561.043s][info ][safepoint     ] Leaving safepoint region
[2023-11-15T11:38:29.884+0000][52561.043s][info ][safepoint     ] Total time for which application threads were stopped: 0.0003185 seconds, Stopping threads took: 0.0000540 seconds
[2023-11-15T11:38:30.885+0000][52562.043s][debug][safepoint     ] Safepoint synchronization initiated. (180 threads)
[2023-11-15T11:38:30.885+0000][52562.043s][info ][safepoint     ] Application time: 1.0001351 seconds
[2023-11-15T11:38:30.885+0000][52562.043s][info ][safepoint     ] Entering safepoint region: Cleanup
[2023-11-15T11:38:30.885+0000][52562.043s][info ][safepoint     ] Leaving safepoint region
[2023-11-15T11:38:30.885+0000][52562.043s][info ][safepoint     ] Total time for which application threads were stopped: 0.0002499 seconds, Stopping threads took: 0.0000501 seconds
[2023-11-15T11:38:31.885+0000][52563.043s][debug][safepoint     ] Safepoint synchronization initiated. (180 threads)
[2023-11-15T11:38:31.885+0000][52563.043s][info ][safepoint     ] Application time: 1.0001496 seconds
[2023-11-15T11:38:31.885+0000][52563.043s][info ][safepoint     ] Entering safepoint region: Cleanup
[2023-11-15T11:38:31.885+0000][52563.043s][info ][safepoint     ] Leaving safepoint region
[2023-11-15T11:38:31.885+0000][52563.043s][info ][safepoint     ] Total time for which application threads were stopped: 0.0002913 seconds, Stopping threads took: 0.0000500 seconds
[2023-11-15T11:38:32.885+0000][52564.044s][debug][safepoint     ] Safepoint synchronization initiated. (180 threads)
[2023-11-15T11:38:32.886+0000][52564.044s][info ][safepoint     ] Application time: 1.0001697 seconds
[2023-11-15T11:38:32.886+0000][52564.044s][info ][safepoint     ] Entering safepoint region: Cleanup
[2023-11-15T11:38:32.886+0000][52564.044s][info ][safepoint     ] Leaving safepoint region
[2023-11-15T11:38:32.886+0000][52564.044s][info ][safepoint     ] Total time for which application threads were stopped: 0.0003513 seconds, Stopping threads took: 0.0000510 seconds
[2023-11-15T11:38:33.886+0000][52565.044s][debug][safepoint     ] Safepoint synchronization initiated. (180 threads)
[2023-11-15T11:38:33.886+0000][52565.044s][info ][safepoint     ] Application time: 1.0001537 seconds
[2023-11-15T11:38:33.886+0000][52565.044s][info ][safepoint     ] Entering safepoint region: Cleanup
[2023-11-15T11:38:33.886+0000][52565.044s][info ][safepoint     ] Leaving safepoint region
[2023-11-15T11:38:33.886+0000][52565.045s][info ][safepoint     ] Total time for which application threads were stopped: 0.0003494 seconds, Stopping threads took: 0.0000501 seconds
[2023-11-15T11:38:34.887+0000][52566.045s][debug][safepoint     ] Safepoint synchronization initiated. (180 threads)
[2023-11-15T11:38:34.887+0000][52566.045s][info ][safepoint     ] Application time: 1.0001722 seconds
[2023-11-15T11:38:34.887+0000][52566.045s][info ][safepoint     ] Entering safepoint region: Cleanup
[2023-11-15T11:38:34.887+0000][52566.045s][info ][safepoint     ] Leaving safepoint region
[2023-11-15T11:38:34.887+0000][52566.045s][info ][safepoint     ] Total time for which application threads were stopped: 0.0004810 seconds, Stopping threads took: 0.0001709 seconds
[2023-11-15T11:38:35.887+0000][52567.045s][debug][safepoint     ] Safepoint synchronization initiated. (180 threads)
[2023-11-15T11:38:35.887+0000][52567.045s][info ][safepoint     ] Application time: 1.0001681 seconds
[2023-11-15T11:38:35.887+0000][52567.045s][info ][safepoint     ] Entering safepoint region: Cleanup
[2023-11-15T11:38:35.888+0000][52567.046s][info ][safepoint     ] Leaving safepoint region
[2023-11-15T11:38:35.888+0000][52567.046s][info ][safepoint     ] Total time for which application threads were stopped: 0.0003169 seconds, Stopping threads took: 0.0000513 seconds
[2023-11-15T11:38:36.888+0000][52568.046s][debug][safepoint     ] Safepoint synchronization initiated. (180 threads)
[2023-11-15T11:38:36.888+0000][52568.046s][info ][safepoint     ] Application time: 1.0001464 seconds
[2023-11-15T11:38:36.888+0000][52568.046s][info ][safepoint     ] Entering safepoint region: Cleanup
[2023-11-15T11:38:36.888+0000][52568.046s][info ][safepoint     ] Leaving safepoint region
[2023-11-15T11:38:36.888+0000][52568.046s][info ][safepoint     ] Total time for which application threads were stopped: 0.0002621 seconds, Stopping threads took: 0.0000520 seconds
[2023-11-15T11:38:37.888+0000][52569.046s][debug][safepoint     ] Safepoint synchronization initiated. (180 threads)
[2023-11-15T11:38:37.888+0000][52569.046s][info ][safepoint     ] Application time: 1.0001493 seconds
[2023-11-15T11:38:37.888+0000][52569.046s][info ][safepoint     ] Entering safepoint region: Cleanup
[2023-11-15T11:38:37.889+0000][52569.047s][info ][safepoint     ] Leaving safepoint region
[2023-11-15T11:38:37.889+0000][52569.047s][info ][safepoint     ] Total time for which application threads were stopped: 0.0003507 seconds, Stopping threads took: 0.0000507 seconds
[2023-11-15T11:38:38.889+0000][52570.047s][debug][safepoint     ] Safepoint synchronization initiated. (180 threads)
[2023-11-15T11:38:38.889+0000][52570.047s][info ][safepoint     ] Application time: 1.0001669 seconds
[2023-11-15T11:38:38.889+0000][52570.047s][info ][safepoint     ] Entering safepoint region: Cleanup
[2023-11-15T11:38:38.889+0000][52570.047s][info ][safepoint     ] Leaving safepoint region
[2023-11-15T11:38:38.889+0000][52570.047s][info ][safepoint     ] Total time for which application threads were stopped: 0.0003495 seconds, Stopping threads took: 0.0000516 seconds
[2023-11-15T11:38:39.889+0000][52571.047s][debug][safepoint     ] Safepoint synchronization initiated. (180 threads)
[2023-11-15T11:38:39.889+0000][52571.047s][info ][safepoint     ] Application time: 1.0001567 seconds
[2023-11-15T11:38:39.889+0000][52571.048s][info ][safepoint     ] Entering safepoint region: Cleanup
[2023-11-15T11:38:39.890+0000][52571.048s][info ][safepoint     ] Leaving safepoint region
[2023-11-15T11:38:39.890+0000][52571.048s][info ][safepoint     ] Total time for which application threads were stopped: 0.0005498 seconds, Stopping threads took: 0.0002844 seconds
[2023-11-15T11:38:40.890+0000][52572.048s][debug][safepoint     ] Safepoint synchronization initiated. (180 threads)
[2023-11-15T11:38:40.890+0000][52572.048s][info ][safepoint     ] Application time: 1.0001560 seconds
[2023-11-15T11:38:40.890+0000][52572.048s][info ][safepoint     ] Entering safepoint region: Cleanup
[2023-11-15T11:38:40.890+0000][52572.049s][info ][safepoint     ] Leaving safepoint region
[2023-11-15T11:38:40.891+0000][52572.049s][info ][safepoint     ] Total time for which application threads were stopped: 0.0003513 seconds, Stopping threads took: 0.0000509 seconds
[2023-11-15T11:38:41.891+0000][52573.049s][debug][safepoint     ] Safepoint synchronization initiated. (180 threads)
[2023-11-15T11:38:41.891+0000][52573.049s][info ][safepoint     ] Application time: 1.0001543 seconds
[2023-11-15T11:38:41.891+0000][52573.049s][info ][safepoint     ] Entering safepoint region: Cleanup
[2023-11-15T11:38:41.891+0000][52573.049s][info ][safepoint     ] Leaving safepoint region
[2023-11-15T11:38:41.891+0000][52573.049s][info ][safepoint     ] Total time for which application threads were stopped: 0.0003487 seconds, Stopping threads took: 0.0000508 seconds
[2023-11-15T11:38:42.891+0000][52574.049s][debug][safepoint     ] Safepoint synchronization initiated. (180 threads)
[2023-11-15T11:38:42.891+0000][52574.049s][info ][safepoint     ] Application time: 1.0001559 seconds
[2023-11-15T11:38:42.891+0000][52574.049s][info ][safepoint     ] Entering safepoint region: Cleanup
[2023-11-15T11:38:42.892+0000][52574.050s][info ][safepoint     ] Leaving safepoint region
[2023-11-15T11:38:42.892+0000][52574.050s][info ][safepoint     ] Total time for which application threads were stopped: 0.0003447 seconds, Stopping threads took: 0.0000505 seconds
[2023-11-15T11:38:43.892+0000][52575.050s][debug][safepoint     ] Safepoint synchronization initiated. (180 threads)
[2023-11-15T11:38:43.892+0000][52575.050s][info ][safepoint     ] Application time: 1.0001989 seconds
[2023-11-15T11:38:43.892+0000][52575.050s][info ][safepoint     ] Entering safepoint region: Cleanup
[2023-11-15T11:38:43.892+0000][52575.050s][info ][safepoint     ] Leaving safepoint region
[2023-11-15T11:38:43.892+0000][52575.050s][info ][safepoint     ] Total time for which application threads were stopped: 0.0002606 seconds, Stopping threads took: 0.0000524 seconds
[2023-11-15T11:38:44.892+0000][52576.050s][debug][safepoint     ] Safepoint synchronization initiated. (180 threads)
[2023-11-15T11:38:44.892+0000][52576.050s][info ][safepoint     ] Application time: 1.0001585 seconds
[2023-11-15T11:38:44.892+0000][52576.050s][info ][safepoint     ] Entering safepoint region: Cleanup
[2023-11-15T11:38:44.893+0000][52576.051s][info ][safepoint     ] Leaving safepoint region
[2023-11-15T11:38:44.893+0000][52576.051s][info ][safepoint     ] Total time for which application threads were stopped: 0.0004731 seconds, Stopping threads took: 0.0001848 seconds
[2023-11-15T11:38:45.893+0000][52577.051s][debug][safepoint     ] Safepoint synchronization initiated. (180 threads)
[2023-11-15T11:38:45.893+0000][52577.051s][info ][safepoint     ] Application time: 1.0001662 seconds
[2023-11-15T11:38:45.893+0000][52577.051s][info ][safepoint     ] Entering safepoint region: Cleanup
[2023-11-15T11:38:45.893+0000][52577.051s][info ][safepoint     ] Leaving safepoint region
[2023-11-15T11:38:45.893+0000][52577.051s][info ][safepoint     ] Total time for which application threads were stopped: 0.0003479 seconds, Stopping threads took: 0.0000504 seconds
[2023-11-15T11:38:46.893+0000][52578.051s][debug][safepoint     ] Safepoint synchronization initiated. (180 threads)
[2023-11-15T11:38:46.893+0000][52578.052s][info ][safepoint     ] Application time: 1.0001747 seconds
[2023-11-15T11:38:46.894+0000][52578.052s][debug][safepoint     ] ... found polling page loop exception at pc = 0x00007fe18065fb02, stub =0x00007fe17883ab00
[2023-11-15T11:38:46.894+0000][52578.052s][debug][safepoint     ] Waiting for 1 thread(s) to block
[2023-11-15T11:38:46.894+0000][52578.052s][info ][safepoint     ] Entering safepoint region: Cleanup
[2023-11-15T11:38:46.894+0000][52578.052s][info ][safepoint     ] Leaving safepoint region
[2023-11-15T11:38:46.894+0000][52578.052s][info ][safepoint     ] Total time for which application threads were stopped: 0.0004601 seconds, Stopping threads took: 0.0001567 seconds
[2023-11-15T11:38:47.894+0000][52579.052s][debug][safepoint     ] Safepoint synchronization initiated. (180 threads)
[2023-11-15T11:38:47.894+0000][52579.052s][info ][safepoint     ] Application time: 1.0001575 seconds
[2023-11-15T11:38:47.894+0000][52579.052s][info ][safepoint     ] Entering safepoint region: Cleanup
[2023-11-15T11:38:47.894+0000][52579.053s][info ][safepoint     ] Leaving safepoint region
[2023-11-15T11:38:47.895+0000][52579.053s][info ][safepoint     ] Total time for which application threads were stopped: 0.0003572 seconds, Stopping threads took: 0.0000521 seconds
[2023-11-15T11:38:48.895+0000][52580.053s][debug][safepoint     ] Safepoint synchronization initiated. (180 threads)
[2023-11-15T11:38:48.895+0000][52580.053s][info ][safepoint     ] Application time: 1.0001595 seconds
[2023-11-15T11:38:48.895+0000][52580.053s][info ][safepoint     ] Entering safepoint region: Cleanup
[2023-11-15T11:38:48.895+0000][52580.053s][info ][safepoint     ] Leaving safepoint region
[2023-11-15T11:38:48.895+0000][52580.053s][info ][safepoint     ] Total time for which application threads were stopped: 0.0003245 seconds, Stopping threads took: 0.0000519 seconds
[2023-11-15T11:38:49.895+0000][52581.053s][debug][safepoint     ] Safepoint synchronization initiated. (180 threads)
[2023-11-15T11:38:49.895+0000][52581.053s][info ][safepoint     ] Application time: 1.0001774 seconds
[2023-11-15T11:38:49.895+0000][52581.053s][info ][safepoint     ] Entering safepoint region: Cleanup
[2023-11-15T11:38:49.896+0000][52581.054s][info ][safepoint     ] Leaving safepoint region
[2023-11-15T11:38:49.896+0000][52581.054s][info ][safepoint     ] Total time for which application threads were stopped: 0.0005872 seconds, Stopping threads took: 0.0001589 seconds
[2023-11-15T11:38:50.896+0000][52582.054s][debug][safepoint     ] Safepoint synchronization initiated. (180 threads)
[2023-11-15T11:38:50.896+0000][52582.054s][info ][safepoint     ] Application time: 1.0001522 seconds
[2023-11-15T11:38:50.896+0000][52582.054s][info ][safepoint     ] Entering safepoint region: Cleanup
[2023-11-15T11:38:50.896+0000][52582.054s][info ][safepoint     ] Leaving safepoint region
[2023-11-15T11:38:50.896+0000][52582.054s][info ][safepoint     ] Total time for which application threads were stopped: 0.0003517 seconds, Stopping threads took: 0.0000508 seconds
[2023-11-15T11:38:51.896+0000][52583.055s][debug][safepoint     ] Safepoint synchronization initiated. (180 threads)
[2023-11-15T11:38:51.897+0000][52583.055s][info ][safepoint     ] Application time: 1.0001524 seconds
[2023-11-15T11:38:51.897+0000][52583.055s][info ][safepoint     ] Entering safepoint region: Cleanup
[2023-11-15T11:38:51.897+0000][52583.055s][info ][safepoint     ] Leaving safepoint region
[2023-11-15T11:38:51.897+0000][52583.055s][info ][safepoint     ] Total time for which application threads were stopped: 0.0003503 seconds, Stopping threads took: 0.0000495 seconds
[2023-11-15T11:38:52.897+0000][52584.055s][debug][safepoint     ] Safepoint synchronization initiated. (180 threads)
[2023-11-15T11:38:52.897+0000][52584.055s][info ][safepoint     ] Application time: 1.0001707 seconds
[2023-11-15T11:38:52.897+0000][52584.055s][info ][safepoint     ] Entering safepoint region: Cleanup
[2023-11-15T11:38:52.897+0000][52584.055s][info ][safepoint     ] Leaving safepoint region
[2023-11-15T11:38:52.897+0000][52584.056s][info ][safepoint     ] Total time for which application threads were stopped: 0.0003486 seconds, Stopping threads took: 0.0000514 seconds
[2023-11-15T11:38:53.898+0000][52585.056s][debug][safepoint     ] Safepoint synchronization initiated. (180 threads)
[2023-11-15T11:38:53.898+0000][52585.056s][info ][safepoint     ] Application time: 1.0001510 seconds
[2023-11-15T11:38:53.898+0000][52585.056s][info ][safepoint     ] Entering safepoint region: Cleanup
[2023-11-15T11:38:53.898+0000][52585.056s][info ][safepoint     ] Leaving safepoint region
[2023-11-15T11:38:53.898+0000][52585.056s][info ][safepoint     ] Total time for which application threads were stopped: 0.0003482 seconds, Stopping threads took: 0.0000512 seconds
[2023-11-15T11:38:54.898+0000][52586.056s][debug][safepoint     ] Safepoint synchronization initiated. (180 threads)
[2023-11-15T11:38:54.898+0000][52586.056s][info ][safepoint     ] Application time: 1.0001638 seconds
[2023-11-15T11:38:54.898+0000][52586.056s][info ][safepoint     ] Entering safepoint region: Cleanup
[2023-11-15T11:38:54.899+0000][52586.057s][info ][safepoint     ] Leaving safepoint region
[2023-11-15T11:38:54.899+0000][52586.057s][info ][safepoint     ] Total time for which application threads were stopped: 0.0003478 seconds, Stopping threads took: 0.0000495 seconds
[2023-11-15T11:38:55.899+0000][52587.057s][debug][safepoint     ] Safepoint synchronization initiated. (180 threads)
[2023-11-15T11:38:55.899+0000][52587.057s][info ][safepoint     ] Application time: 1.0001525 seconds
[2023-11-15T11:38:55.899+0000][52587.057s][info ][safepoint     ] Entering safepoint region: Cleanup
[2023-11-15T11:38:55.899+0000][52587.057s][info ][safepoint     ] Leaving safepoint region
[2023-11-15T11:38:55.899+0000][52587.057s][info ][safepoint     ] Total time for which application threads were stopped: 0.0003418 seconds, Stopping threads took: 0.0000498 seconds
[2023-11-15T11:38:56.899+0000][52588.057s][debug][safepoint     ] Safepoint synchronization initiated. (180 threads)
[2023-11-15T11:38:56.899+0000][52588.057s][info ][safepoint     ] Application time: 1.0001533 seconds
[2023-11-15T11:38:56.899+0000][52588.057s][info ][safepoint     ] Entering safepoint region: Cleanup
[2023-11-15T11:38:56.900+0000][52588.058s][info ][safepoint     ] Leaving safepoint region
[2023-11-15T11:38:56.900+0000][52588.058s][info ][safepoint     ] Total time for which application threads were stopped: 0.0003392 seconds, Stopping threads took: 0.0000506 seconds
[2023-11-15T11:38:57.900+0000][52589.058s][debug][safepoint     ] Safepoint synchronization initiated. (180 threads)
[2023-11-15T11:38:57.900+0000][52589.058s][info ][safepoint     ] Application time: 1.0001483 seconds
[2023-11-15T11:38:57.900+0000][52589.058s][info ][safepoint     ] Entering safepoint region: Cleanup
[2023-11-15T11:38:57.900+0000][52589.058s][info ][safepoint     ] Leaving safepoint region
[2023-11-15T11:38:57.900+0000][52589.058s][info ][safepoint     ] Total time for which application threads were stopped: 0.0002946 seconds, Stopping threads took: 0.0000588 seconds
[2023-11-15T11:38:58.900+0000][52590.058s][debug][safepoint     ] Safepoint synchronization initiated. (180 threads)
[2023-11-15T11:38:58.900+0000][52590.058s][info ][safepoint     ] Application time: 1.0001425 seconds
[2023-11-15T11:38:58.900+0000][52590.058s][info ][safepoint     ] Entering safepoint region: Cleanup
[2023-11-15T11:38:58.901+0000][52590.059s][info ][safepoint     ] Leaving safepoint region
[2023-11-15T11:38:58.901+0000][52590.059s][info ][safepoint     ] Total time for which application threads were stopped: 0.0003437 seconds, Stopping threads took: 0.0000522 seconds
[2023-11-15T11:38:59.901+0000][52591.059s][debug][safepoint     ] Safepoint synchronization initiated. (180 threads)
[2023-11-15T11:38:59.901+0000][52591.059s][info ][safepoint     ] Application time: 1.0001606 seconds
[2023-11-15T11:38:59.901+0000][52591.059s][info ][safepoint     ] Entering safepoint region: Cleanup
[2023-11-15T11:38:59.901+0000][52591.059s][info ][safepoint     ] Leaving safepoint region
[2023-11-15T11:38:59.901+0000][52591.059s][info ][safepoint     ] Total time for which application threads were stopped: 0.0002673 seconds, Stopping threads took: 0.0000513 seconds
[2023-11-15T11:39:00.901+0000][52592.059s][debug][safepoint     ] Safepoint synchronization initiated. (180 threads)
[2023-11-15T11:39:00.901+0000][52592.059s][info ][safepoint     ] Application time: 1.0001542 seconds
[2023-11-15T11:39:00.901+0000][52592.059s][info ][safepoint     ] Entering safepoint region: Cleanup
[2023-11-15T11:39:00.901+0000][52592.060s][info ][safepoint     ] Leaving safepoint region
[2023-11-15T11:39:00.901+0000][52592.060s][info ][safepoint     ] Total time for which application threads were stopped: 0.0002476 seconds, Stopping threads took: 0.0000497 seconds
[2023-11-15T11:39:01.902+0000][52593.060s][debug][safepoint     ] Safepoint synchronization initiated. (180 threads)
[2023-11-15T11:39:01.902+0000][52593.060s][info ][safepoint     ] Application time: 1.0001481 seconds
[2023-11-15T11:39:01.902+0000][52593.060s][info ][safepoint     ] Entering safepoint region: Cleanup
[2023-11-15T11:39:01.902+0000][52593.060s][info ][safepoint     ] Leaving safepoint region
[2023-11-15T11:39:01.902+0000][52593.060s][info ][safepoint     ] Total time for which application threads were stopped: 0.0002609 seconds, Stopping threads took: 0.0000496 seconds
[2023-11-15T11:39:02.902+0000][52594.060s][debug][safepoint     ] Safepoint synchronization initiated. (180 threads)
[2023-11-15T11:39:02.902+0000][52594.060s][info ][safepoint     ] Application time: 1.0001835 seconds
[2023-11-15T11:39:02.902+0000][52594.060s][info ][safepoint     ] Entering safepoint region: Cleanup
[2023-11-15T11:39:02.903+0000][52594.061s][info ][safepoint     ] Leaving safepoint region
[2023-11-15T11:39:02.903+0000][52594.061s][info ][safepoint     ] Total time for which application threads were stopped: 0.0005064 seconds, Stopping threads took: 0.0002846 seconds
[2023-11-15T11:39:02.903+0000][52594.061s][debug][safepoint     ] ... found polling page return exception at pc = 0x00007fe180ff1766, stub =0x00007fe17883a800
[2023-11-15T11:39:03.903+0000][52595.061s][debug][safepoint     ] Safepoint synchronization initiated. (180 threads)
[2023-11-15T11:39:03.903+0000][52595.061s][info ][safepoint     ] Application time: 1.0001639 seconds
[2023-11-15T11:39:03.903+0000][52595.061s][info ][safepoint     ] Entering safepoint region: Cleanup
[2023-11-15T11:39:03.903+0000][52595.061s][info ][safepoint     ] Leaving safepoint region
[2023-11-15T11:39:03.903+0000][52595.061s][info ][safepoint     ] Total time for which application threads were stopped: 0.0003479 seconds, Stopping threads took: 0.0000516 seconds
[2023-11-15T11:39:04.903+0000][52596.061s][debug][safepoint     ] Safepoint synchronization initiated. (180 threads)
[2023-11-15T11:39:04.903+0000][52596.061s][info ][safepoint     ] Application time: 1.0001534 seconds
[2023-11-15T11:39:04.903+0000][52596.062s][info ][safepoint     ] Entering safepoint region: Cleanup
[2023-11-15T11:39:04.904+0000][52596.062s][info ][safepoint     ] Leaving safepoint region
[2023-11-15T11:39:04.904+0000][52596.062s][info ][safepoint     ] Total time for which application threads were stopped: 0.0004330 seconds, Stopping threads took: 0.0000766 seconds
[2023-11-15T11:39:05.904+0000][52597.062s][debug][safepoint     ] Safepoint synchronization initiated. (180 threads)
[2023-11-15T11:39:05.904+0000][52597.062s][info ][safepoint     ] Application time: 1.0001394 seconds
[2023-11-15T11:39:05.904+0000][52597.062s][info ][safepoint     ] Entering safepoint region: Cleanup
[2023-11-15T11:39:05.904+0000][52597.062s][info ][safepoint     ] Leaving safepoint region
[2023-11-15T11:39:05.904+0000][52597.062s][info ][safepoint     ] Total time for which application threads were stopped: 0.0003348 seconds, Stopping threads took: 0.0000496 seconds
[2023-11-15T11:39:06.904+0000][52598.063s][debug][safepoint     ] Safepoint synchronization initiated. (179 threads)
[2023-11-15T11:39:06.905+0000][52598.063s][info ][safepoint     ] Application time: 1.0001581 seconds
[2023-11-15T11:39:06.905+0000][52598.063s][info ][safepoint     ] Entering safepoint region: Cleanup
[2023-11-15T11:39:06.905+0000][52598.063s][info ][safepoint     ] Leaving safepoint region
[2023-11-15T11:39:06.905+0000][52598.063s][info ][safepoint     ] Total time for which application threads were stopped: 0.0003188 seconds, Stopping threads took: 0.0000527 seconds
[2023-11-15T11:39:07.905+0000][52599.063s][debug][safepoint     ] Safepoint synchronization initiated. (179 threads)
[2023-11-15T11:39:07.905+0000][52599.063s][info ][safepoint     ] Application time: 1.0001562 seconds
[2023-11-15T11:39:07.905+0000][52599.063s][info ][safepoint     ] Entering safepoint region: Cleanup
[2023-11-15T11:39:07.906+0000][52599.064s][info ][safepoint     ] Leaving safepoint region
[2023-11-15T11:39:07.906+0000][52599.064s][info ][safepoint     ] Total time for which application threads were stopped: 0.0006401 seconds, Stopping threads took: 0.0003043 seconds
[2023-11-15T11:39:08.906+0000][52600.064s][debug][safepoint     ] Safepoint synchronization initiated. (179 threads)
[2023-11-15T11:39:08.906+0000][52600.064s][info ][safepoint     ] Application time: 1.0001604 seconds
[2023-11-15T11:39:08.906+0000][52600.064s][info ][safepoint     ] Entering safepoint region: Cleanup
[2023-11-15T11:39:08.906+0000][52600.064s][info ][safepoint     ] Leaving safepoint region
[2023-11-15T11:39:08.906+0000][52600.064s][info ][safepoint     ] Total time for which application threads were stopped: 0.0003589 seconds, Stopping threads took: 0.0000536 seconds
[2023-11-15T11:39:09.906+0000][52601.064s][debug][safepoint     ] Safepoint synchronization initiated. (179 threads)
[2023-11-15T11:39:09.906+0000][52601.065s][info ][safepoint     ] Application time: 1.0001867 seconds
[2023-11-15T11:39:09.907+0000][52601.065s][info ][safepoint     ] Entering safepoint region: Cleanup
[2023-11-15T11:39:09.907+0000][52601.065s][info ][safepoint     ] Leaving safepoint region
[2023-11-15T11:39:09.907+0000][52601.065s][info ][safepoint     ] Total time for which application threads were stopped: 0.0003418 seconds, Stopping threads took: 0.0000550 seconds
[2023-11-15T11:39:10.907+0000][52602.065s][debug][safepoint     ] Safepoint synchronization initiated. (179 threads)
[2023-11-15T11:39:10.907+0000][52602.065s][info ][safepoint     ] Application time: 1.0002072 seconds
[2023-11-15T11:39:10.907+0000][52602.065s][info ][safepoint     ] Entering safepoint region: Cleanup
[2023-11-15T11:39:10.907+0000][52602.065s][info ][safepoint     ] Leaving safepoint region
[2023-11-15T11:39:10.907+0000][52602.065s][info ][safepoint     ] Total time for which application threads were stopped: 0.0003199 seconds, Stopping threads took: 0.0000531 seconds
[2023-11-15T11:39:11.908+0000][52603.066s][debug][safepoint     ] Safepoint synchronization initiated. (179 threads)
[2023-11-15T11:39:11.908+0000][52603.066s][info ][safepoint     ] Application time: 1.0001667 seconds
[2023-11-15T11:39:11.908+0000][52603.066s][info ][safepoint     ] Entering safepoint region: Cleanup
[2023-11-15T11:39:11.908+0000][52603.066s][info ][safepoint     ] Leaving safepoint region
[2023-11-15T11:39:11.908+0000][52603.066s][info ][safepoint     ] Total time for which application threads were stopped: 0.0003504 seconds, Stopping threads took: 0.0000526 seconds
[2023-11-15T11:39:12.908+0000][52604.066s][debug][safepoint     ] Safepoint synchronization initiated. (179 threads)
[2023-11-15T11:39:12.908+0000][52604.066s][info ][safepoint     ] Application time: 1.0001656 seconds
[2023-11-15T11:39:12.908+0000][52604.066s][info ][safepoint     ] Entering safepoint region: Cleanup
[2023-11-15T11:39:12.909+0000][52604.067s][info ][safepoint     ] Leaving safepoint region
[2023-11-15T11:39:12.909+0000][52604.067s][info ][safepoint     ] Total time for which application threads were stopped: 0.0005660 seconds, Stopping threads took: 0.0002518 seconds
[2023-11-15T11:39:13.909+0000][52605.067s][debug][safepoint     ] Safepoint synchronization initiated. (179 threads)
[2023-11-15T11:39:13.909+0000][52605.067s][info ][safepoint     ] Application time: 1.0001672 seconds
[2023-11-15T11:39:13.909+0000][52605.067s][info ][safepoint     ] Entering safepoint region: Cleanup
[2023-11-15T11:39:13.909+0000][52605.067s][info ][safepoint     ] Leaving safepoint region
[2023-11-15T11:39:13.909+0000][52605.067s][info ][safepoint     ] Total time for which application threads were stopped: 0.0003579 seconds, Stopping threads took: 0.0000534 seconds
[2023-11-15T11:39:14.909+0000][52606.067s][debug][safepoint     ] Safepoint synchronization initiated. (179 threads)
[2023-11-15T11:39:14.909+0000][52606.068s][info ][safepoint     ] Application time: 1.0001752 seconds
[2023-11-15T11:39:14.910+0000][52606.068s][info ][safepoint     ] Entering safepoint region: Cleanup
[2023-11-15T11:39:14.910+0000][52606.068s][info ][safepoint     ] Leaving safepoint region
[2023-11-15T11:39:14.910+0000][52606.068s][info ][safepoint     ] Total time for which application threads were stopped: 0.0003572 seconds, Stopping threads took: 0.0000534 seconds
[2023-11-15T11:39:15.910+0000][52607.068s][debug][safepoint     ] Safepoint synchronization initiated. (179 threads)
[2023-11-15T11:39:15.910+0000][52607.068s][info ][safepoint     ] Application time: 1.0001735 seconds
[2023-11-15T11:39:15.910+0000][52607.068s][info ][safepoint     ] Entering safepoint region: Cleanup
[2023-11-15T11:39:15.910+0000][52607.068s][info ][safepoint     ] Leaving safepoint region
[2023-11-15T11:39:15.910+0000][52607.068s][info ][safepoint     ] Total time for which application threads were stopped: 0.0003582 seconds, Stopping threads took: 0.0000535 seconds
[2023-11-15T11:39:16.911+0000][52608.069s][debug][safepoint     ] Safepoint synchronization initiated. (179 threads)
[2023-11-15T11:39:16.911+0000][52608.069s][info ][safepoint     ] Application time: 1.0001503 seconds
[2023-11-15T11:39:16.911+0000][52608.069s][info ][safepoint     ] Entering safepoint region: Cleanup
[2023-11-15T11:39:16.911+0000][52608.069s][info ][safepoint     ] Leaving safepoint region
[2023-11-15T11:39:16.911+0000][52608.069s][info ][safepoint     ] Total time for which application threads were stopped: 0.0003526 seconds, Stopping threads took: 0.0000533 seconds
[2023-11-15T11:39:17.911+0000][52609.069s][debug][safepoint     ] Safepoint synchronization initiated. (179 threads)
[2023-11-15T11:39:17.911+0000][52609.069s][info ][safepoint     ] Application time: 1.0001870 seconds
[2023-11-15T11:39:17.911+0000][52609.069s][info ][safepoint     ] Entering safepoint region: Cleanup
[2023-11-15T11:39:17.912+0000][52609.070s][info ][safepoint     ] Leaving safepoint region
[2023-11-15T11:39:17.912+0000][52609.070s][info ][safepoint     ] Total time for which application threads were stopped: 0.0003663 seconds, Stopping threads took: 0.0000560 seconds
[2023-11-15T11:39:18.912+0000][52610.070s][debug][safepoint     ] Safepoint synchronization initiated. (179 threads)
[2023-11-15T11:39:18.912+0000][52610.070s][info ][safepoint     ] Application time: 1.0001637 seconds
[2023-11-15T11:39:18.912+0000][52610.070s][info ][safepoint     ] Entering safepoint region: Cleanup
[2023-11-15T11:39:18.912+0000][52610.070s][info ][safepoint     ] Leaving safepoint region
[2023-11-15T11:39:18.912+0000][52610.070s][info ][safepoint     ] Total time for which application threads were stopped: 0.0002911 seconds, Stopping threads took: 0.0000541 seconds
[2023-11-15T11:39:19.912+0000][52611.070s][debug][safepoint     ] Safepoint synchronization initiated. (179 threads)
[2023-11-15T11:39:19.912+0000][52611.070s][info ][safepoint     ] Application time: 1.0001686 seconds
[2023-11-15T11:39:19.912+0000][52611.070s][info ][safepoint     ] Entering safepoint region: Cleanup
[2023-11-15T11:39:19.913+0000][52611.071s][info ][safepoint     ] Leaving safepoint region
[2023-11-15T11:39:19.913+0000][52611.071s][info ][safepoint     ] Total time for which application threads were stopped: 0.0002709 seconds, Stopping threads took: 0.0000535 seconds
[2023-11-15T11:39:20.913+0000][52612.071s][debug][safepoint     ] Safepoint synchronization initiated. (179 threads)
[2023-11-15T11:39:20.913+0000][52612.071s][info ][safepoint     ] Application time: 1.0001567 seconds
[2023-11-15T11:39:20.913+0000][52612.071s][info ][safepoint     ] Entering safepoint region: Cleanup
[2023-11-15T11:39:20.913+0000][52612.071s][info ][safepoint     ] Leaving safepoint region
[2023-11-15T11:39:20.913+0000][52612.071s][info ][safepoint     ] Total time for which application threads were stopped: 0.0003582 seconds, Stopping threads took: 0.0000535 seconds
[2023-11-15T11:39:21.913+0000][52613.071s][debug][safepoint     ] Safepoint synchronization initiated. (179 threads)
[2023-11-15T11:39:21.913+0000][52613.071s][info ][safepoint     ] Application time: 1.0001654 seconds
[2023-11-15T11:39:21.913+0000][52613.071s][info ][safepoint     ] Entering safepoint region: Cleanup
[2023-11-15T11:39:21.914+0000][52613.072s][info ][safepoint     ] Leaving safepoint region
[2023-11-15T11:39:21.914+0000][52613.072s][info ][safepoint     ] Total time for which application threads were stopped: 0.0003561 seconds, Stopping threads took: 0.0000534 seconds
[2023-11-15T11:39:22.914+0000][52614.072s][debug][safepoint     ] Safepoint synchronization initiated. (179 threads)
[2023-11-15T11:39:22.914+0000][52614.072s][info ][safepoint     ] Application time: 1.0001677 seconds
[2023-11-15T11:39:22.914+0000][52614.072s][info ][safepoint     ] Entering safepoint region: Cleanup
[2023-11-15T11:39:22.914+0000][52614.072s][info ][safepoint     ] Leaving safepoint region
[2023-11-15T11:39:22.914+0000][52614.072s][info ][safepoint     ] Total time for which application threads were stopped: 0.0003237 seconds, Stopping threads took: 0.0000559 seconds
[2023-11-15T11:39:23.914+0000][52615.072s][debug][safepoint     ] Safepoint synchronization initiated. (178 threads)
[2023-11-15T11:39:23.914+0000][52615.072s][info ][safepoint     ] Application time: 1.0001833 seconds
[2023-11-15T11:39:23.914+0000][52615.072s][info ][safepoint     ] Entering safepoint region: Cleanup
[2023-11-15T11:39:23.915+0000][52615.073s][info ][safepoint     ] Leaving safepoint region
[2023-11-15T11:39:23.915+0000][52615.073s][info ][safepoint     ] Total time for which application threads were stopped: 0.0002746 seconds, Stopping threads took: 0.0000550 seconds
[2023-11-15T11:39:24.915+0000][52616.073s][debug][safepoint     ] Safepoint synchronization initiated. (178 threads)
[2023-11-15T11:39:24.915+0000][52616.073s][info ][safepoint     ] Application time: 1.0001635 seconds
[2023-11-15T11:39:24.915+0000][52616.073s][info ][safepoint     ] Entering safepoint region: Cleanup
[2023-11-15T11:39:24.915+0000][52616.073s][info ][safepoint     ] Leaving safepoint region
[2023-11-15T11:39:24.915+0000][52616.073s][info ][safepoint     ] Total time for which application threads were stopped: 0.0003663 seconds, Stopping threads took: 0.0000544 seconds
[2023-11-15T11:39:25.915+0000][52617.073s][debug][safepoint     ] Safepoint synchronization initiated. (178 threads)
[2023-11-15T11:39:25.915+0000][52617.074s][info ][safepoint     ] Application time: 1.0001794 seconds
[2023-11-15T11:39:25.916+0000][52617.074s][info ][safepoint     ] Entering safepoint region: Cleanup
[2023-11-15T11:39:25.916+0000][52617.074s][info ][safepoint     ] Leaving safepoint region
[2023-11-15T11:39:25.916+0000][52617.074s][info ][safepoint     ] Total time for which application threads were stopped: 0.0003730 seconds, Stopping threads took: 0.0000569 seconds
[2023-11-15T11:39:26.916+0000][52618.074s][debug][safepoint     ] Safepoint synchronization initiated. (178 threads)
[2023-11-15T11:39:26.916+0000][52618.074s][info ][safepoint     ] Application time: 1.0001616 seconds
[2023-11-15T11:39:26.916+0000][52618.074s][info ][safepoint     ] Entering safepoint region: Cleanup
[2023-11-15T11:39:26.916+0000][52618.074s][info ][safepoint     ] Leaving safepoint region
[2023-11-15T11:39:26.916+0000][52618.074s][info ][safepoint     ] Total time for which application threads were stopped: 0.0003588 seconds, Stopping threads took: 0.0000527 seconds
[2023-11-15T11:39:27.917+0000][52619.075s][debug][safepoint     ] Safepoint synchronization initiated. (178 threads)
[2023-11-15T11:39:27.917+0000][52619.075s][info ][safepoint     ] Application time: 1.0001735 seconds
[2023-11-15T11:39:27.917+0000][52619.075s][info ][safepoint     ] Entering safepoint region: Cleanup
[2023-11-15T11:39:27.917+0000][52619.075s][info ][safepoint     ] Leaving safepoint region
[2023-11-15T11:39:27.917+0000][52619.075s][info ][safepoint     ] Total time for which application threads were stopped: 0.0002664 seconds, Stopping threads took: 0.0000522 seconds
[2023-11-15T11:39:28.917+0000][52620.075s][debug][safepoint     ] Safepoint synchronization initiated. (178 threads)
[2023-11-15T11:39:28.917+0000][52620.075s][info ][safepoint     ] Application time: 1.0001720 seconds
[2023-11-15T11:39:28.917+0000][52620.075s][info ][safepoint     ] Entering safepoint region: Cleanup
[2023-11-15T11:39:28.917+0000][52620.075s][info ][safepoint     ] Leaving safepoint region
[2023-11-15T11:39:28.917+0000][52620.075s][info ][safepoint     ] Total time for which application threads were stopped: 0.0003123 seconds, Stopping threads took: 0.0000532 seconds
[2023-11-15T11:39:29.918+0000][52621.076s][debug][safepoint     ] Safepoint synchronization initiated. (178 threads)
[2023-11-15T11:39:29.918+0000][52621.076s][info ][safepoint     ] Application time: 1.0001506 seconds
[2023-11-15T11:39:29.918+0000][52621.076s][info ][safepoint     ] Entering safepoint region: Cleanup
[2023-11-15T11:39:29.918+0000][52621.076s][info ][safepoint     ] Leaving safepoint region
[2023-11-15T11:39:29.918+0000][52621.076s][info ][safepoint     ] Total time for which application threads were stopped: 0.0003548 seconds, Stopping threads took: 0.0000537 seconds
[2023-11-15T11:39:30.918+0000][52622.076s][debug][safepoint     ] Safepoint synchronization initiated. (178 threads)
[2023-11-15T11:39:30.918+0000][52622.076s][info ][safepoint     ] Application time: 1.0001679 seconds
[2023-11-15T11:39:30.918+0000][52622.076s][info ][safepoint     ] Entering safepoint region: Cleanup
[2023-11-15T11:39:30.919+0000][52622.077s][info ][safepoint     ] Leaving safepoint region
[2023-11-15T11:39:30.919+0000][52622.077s][info ][safepoint     ] Total time for which application threads were stopped: 0.0004703 seconds, Stopping threads took: 0.0001783 seconds
[2023-11-15T11:39:31.919+0000][52623.077s][debug][safepoint     ] Safepoint synchronization initiated. (178 threads)
[2023-11-15T11:39:31.919+0000][52623.077s][info ][safepoint     ] Application time: 1.0001645 seconds
[2023-11-15T11:39:31.919+0000][52623.077s][info ][safepoint     ] Entering safepoint region: Cleanup
[2023-11-15T11:39:31.919+0000][52623.077s][info ][safepoint     ] Leaving safepoint region
[2023-11-15T11:39:31.919+0000][52623.077s][info ][safepoint     ] Total time for which application threads were stopped: 0.0002690 seconds, Stopping threads took: 0.0000522 seconds
[2023-11-15T11:39:32.919+0000][52624.077s][debug][safepoint     ] Safepoint synchronization initiated. (178 threads)
[2023-11-15T11:39:32.919+0000][52624.077s][info ][safepoint     ] Application time: 1.0001733 seconds
[2023-11-15T11:39:32.919+0000][52624.077s][info ][safepoint     ] Entering safepoint region: Cleanup
[2023-11-15T11:39:32.920+0000][52624.078s][info ][safepoint     ] Leaving safepoint region
[2023-11-15T11:39:32.920+0000][52624.078s][info ][safepoint     ] Total time for which application threads were stopped: 0.0003348 seconds, Stopping threads took: 0.0000526 seconds
[2023-11-15T11:39:33.920+0000][52625.078s][debug][safepoint     ] Safepoint synchronization initiated. (178 threads)
[2023-11-15T11:39:33.920+0000][52625.078s][info ][safepoint     ] Application time: 1.0001620 seconds
[2023-11-15T11:39:33.920+0000][52625.078s][info ][safepoint     ] Entering safepoint region: Cleanup
[2023-11-15T11:39:33.920+0000][52625.078s][info ][safepoint     ] Leaving safepoint region
[2023-11-15T11:39:33.920+0000][52625.078s][info ][safepoint     ] Total time for which application threads were stopped: 0.0002652 seconds, Stopping threads took: 0.0000525 seconds
[2023-11-15T11:39:34.920+0000][52626.078s][debug][safepoint     ] Safepoint synchronization initiated. (178 threads)
[2023-11-15T11:39:34.920+0000][52626.078s][info ][safepoint     ] Application time: 1.0001517 seconds
[2023-11-15T11:39:34.920+0000][52626.078s][info ][safepoint     ] Entering safepoint region: Cleanup
[2023-11-15T11:39:34.921+0000][52626.079s][info ][safepoint     ] Leaving safepoint region
[2023-11-15T11:39:34.921+0000][52626.079s][info ][safepoint     ] Total time for which application threads were stopped: 0.0002698 seconds, Stopping threads took: 0.0000526 seconds
[2023-11-15T11:39:35.921+0000][52627.079s][debug][safepoint     ] Safepoint synchronization initiated. (178 threads)
[2023-11-15T11:39:35.921+0000][52627.079s][info ][safepoint     ] Application time: 1.0001608 seconds
[2023-11-15T11:39:35.921+0000][52627.079s][info ][safepoint     ] Entering safepoint region: Cleanup
[2023-11-15T11:39:35.921+0000][52627.079s][info ][safepoint     ] Leaving safepoint region
[2023-11-15T11:39:35.921+0000][52627.079s][info ][safepoint     ] Total time for which application threads were stopped: 0.0004981 seconds, Stopping threads took: 0.0002785 seconds
[2023-11-15T11:39:36.921+0000][52628.079s][debug][safepoint     ] Safepoint synchronization initiated. (178 threads)
[2023-11-15T11:39:36.921+0000][52628.080s][info ][safepoint     ] Application time: 1.0001694 seconds
[2023-11-15T11:39:36.922+0000][52628.080s][info ][safepoint     ] Entering safepoint region: Cleanup
[2023-11-15T11:39:36.922+0000][52628.080s][info ][safepoint     ] Leaving safepoint region
[2023-11-15T11:39:36.922+0000][52628.080s][info ][safepoint     ] Total time for which application threads were stopped: 0.0002747 seconds, Stopping threads took: 0.0000532 seconds
[2023-11-15T11:39:37.922+0000][52629.080s][debug][safepoint     ] Safepoint synchronization initiated. (178 threads)
[2023-11-15T11:39:37.922+0000][52629.080s][info ][safepoint     ] Application time: 1.0001638 seconds
[2023-11-15T11:39:37.922+0000][52629.080s][info ][safepoint     ] Entering safepoint region: Cleanup
[2023-11-15T11:39:37.922+0000][52629.080s][info ][safepoint     ] Leaving safepoint region
[2023-11-15T11:39:37.922+0000][52629.080s][info ][safepoint     ] Total time for which application threads were stopped: 0.0002774 seconds, Stopping threads took: 0.0000546 seconds
[2023-11-15T11:39:38.922+0000][52630.080s][debug][safepoint     ] Safepoint synchronization initiated. (178 threads)
[2023-11-15T11:39:38.922+0000][52630.081s][info ][safepoint     ] Application time: 1.0001759 seconds
[2023-11-15T11:39:38.923+0000][52630.081s][info ][safepoint     ] Entering safepoint region: Cleanup
[2023-11-15T11:39:38.923+0000][52630.081s][info ][safepoint     ] Leaving safepoint region
[2023-11-15T11:39:38.923+0000][52630.081s][info ][safepoint     ] Total time for which application threads were stopped: 0.0002755 seconds, Stopping threads took: 0.0000616 seconds
[2023-11-15T11:39:39.923+0000][52631.081s][debug][safepoint     ] Safepoint synchronization initiated. (178 threads)
[2023-11-15T11:39:39.923+0000][52631.081s][info ][safepoint     ] Application time: 1.0001675 seconds
[2023-11-15T11:39:39.923+0000][52631.081s][info ][safepoint     ] Entering safepoint region: Cleanup
[2023-11-15T11:39:39.923+0000][52631.081s][info ][safepoint     ] Leaving safepoint region
[2023-11-15T11:39:39.923+0000][52631.081s][info ][safepoint     ] Total time for which application threads were stopped: 0.0002663 seconds, Stopping threads took: 0.0000515 seconds
[2023-11-15T11:39:40.923+0000][52632.081s][debug][safepoint     ] Safepoint synchronization initiated. (178 threads)
[2023-11-15T11:39:40.923+0000][52632.081s][info ][safepoint     ] Application time: 1.0001795 seconds
[2023-11-15T11:39:40.923+0000][52632.082s][info ][safepoint     ] Entering safepoint region: Cleanup
[2023-11-15T11:39:40.924+0000][52632.082s][info ][safepoint     ] Leaving safepoint region
[2023-11-15T11:39:40.924+0000][52632.082s][info ][safepoint     ] Total time for which application threads were stopped: 0.0005788 seconds, Stopping threads took: 0.0003001 seconds
[2023-11-15T11:39:41.924+0000][52633.082s][debug][safepoint     ] Safepoint synchronization initiated. (178 threads)
[2023-11-15T11:39:41.924+0000][52633.082s][info ][safepoint     ] Application time: 1.0001718 seconds
[2023-11-15T11:39:41.924+0000][52633.082s][info ][safepoint     ] Entering safepoint region: Cleanup
[2023-11-15T11:39:41.925+0000][52633.083s][info ][safepoint     ] Leaving safepoint region
[2023-11-15T11:39:41.925+0000][52633.083s][info ][safepoint     ] Total time for which application threads were stopped: 0.0003451 seconds, Stopping threads took: 0.0000503 seconds
[2023-11-15T11:39:42.925+0000][52634.083s][debug][safepoint     ] Safepoint synchronization initiated. (178 threads)
[2023-11-15T11:39:42.925+0000][52634.083s][info ][safepoint     ] Application time: 1.0001661 seconds
[2023-11-15T11:39:42.925+0000][52634.083s][info ][safepoint     ] Entering safepoint region: Cleanup
[2023-11-15T11:39:42.925+0000][52634.083s][info ][safepoint     ] Leaving safepoint region
[2023-11-15T11:39:42.925+0000][52634.083s][info ][safepoint     ] Total time for which application threads were stopped: 0.0003475 seconds, Stopping threads took: 0.0000501 seconds
[2023-11-15T11:39:43.925+0000][52635.083s][debug][safepoint     ] Safepoint synchronization initiated. (178 threads)
[2023-11-15T11:39:43.925+0000][52635.083s][info ][safepoint     ] Application time: 1.0001513 seconds
[2023-11-15T11:39:43.925+0000][52635.083s][info ][safepoint     ] Entering safepoint region: Cleanup
[2023-11-15T11:39:43.926+0000][52635.084s][info ][safepoint     ] Leaving safepoint region
[2023-11-15T11:39:43.926+0000][52635.084s][info ][safepoint     ] Total time for which application threads were stopped: 0.0003450 seconds, Stopping threads took: 0.0000510 seconds
[2023-11-15T11:39:44.926+0000][52636.084s][debug][safepoint     ] Safepoint synchronization initiated. (178 threads)
[2023-11-15T11:39:44.926+0000][52636.084s][info ][safepoint     ] Application time: 1.0001531 seconds
[2023-11-15T11:39:44.926+0000][52636.084s][info ][safepoint     ] Entering safepoint region: Cleanup
[2023-11-15T11:39:44.926+0000][52636.084s][info ][safepoint     ] Leaving safepoint region
[2023-11-15T11:39:44.926+0000][52636.084s][info ][safepoint     ] Total time for which application threads were stopped: 0.0003470 seconds, Stopping threads took: 0.0000515 seconds
[2023-11-15T11:39:45.926+0000][52637.084s][debug][safepoint     ] Safepoint synchronization initiated. (178 threads)
[2023-11-15T11:39:45.926+0000][52637.084s][info ][safepoint     ] Application time: 1.0001593 seconds
[2023-11-15T11:39:45.926+0000][52637.085s][info ][safepoint     ] Entering safepoint region: Cleanup
[2023-11-15T11:39:45.927+0000][52637.085s][info ][safepoint     ] Leaving safepoint region
[2023-11-15T11:39:45.927+0000][52637.085s][info ][safepoint     ] Total time for which application threads were stopped: 0.0003790 seconds, Stopping threads took: 0.0001772 seconds
[2023-11-15T11:39:46.927+0000][52638.085s][debug][safepoint     ] Safepoint synchronization initiated. (178 threads)
[2023-11-15T11:39:46.927+0000][52638.085s][info ][safepoint     ] Application time: 1.0001549 seconds
[2023-11-15T11:39:46.927+0000][52638.085s][info ][safepoint     ] Entering safepoint region: Cleanup
[2023-11-15T11:39:46.927+0000][52638.085s][info ][safepoint     ] Leaving safepoint region
[2023-11-15T11:39:46.927+0000][52638.085s][info ][safepoint     ] Total time for which application threads were stopped: 0.0002630 seconds, Stopping threads took: 0.0000499 seconds
[2023-11-15T11:39:47.927+0000][52639.085s][debug][safepoint     ] Safepoint synchronization initiated. (178 threads)
[2023-11-15T11:39:47.927+0000][52639.085s][info ][safepoint     ] Application time: 1.0001615 seconds
[2023-11-15T11:39:47.927+0000][52639.086s][info ][safepoint     ] Entering safepoint region: Cleanup
[2023-11-15T11:39:47.928+0000][52639.086s][info ][safepoint     ] Leaving safepoint region
[2023-11-15T11:39:47.928+0000][52639.086s][info ][safepoint     ] Total time for which application threads were stopped: 0.0003758 seconds, Stopping threads took: 0.0000735 seconds
[2023-11-15T11:39:48.928+0000][52640.086s][debug][safepoint     ] Safepoint synchronization initiated. (178 threads)
[2023-11-15T11:39:48.928+0000][52640.086s][info ][safepoint     ] Application time: 1.0001578 seconds
[2023-11-15T11:39:48.928+0000][52640.086s][info ][safepoint     ] Entering safepoint region: Cleanup
[2023-11-15T11:39:48.928+0000][52640.086s][info ][safepoint     ] Leaving safepoint region
[2023-11-15T11:39:48.928+0000][52640.086s][info ][safepoint     ] Total time for which application threads were stopped: 0.0003557 seconds, Stopping threads took: 0.0000518 seconds
[2023-11-15T11:39:49.928+0000][52641.087s][debug][safepoint     ] Safepoint synchronization initiated. (178 threads)
[2023-11-15T11:39:49.929+0000][52641.087s][info ][safepoint     ] Application time: 1.0001366 seconds
[2023-11-15T11:39:49.929+0000][52641.087s][info ][safepoint     ] Entering safepoint region: Cleanup
[2023-11-15T11:39:49.929+0000][52641.087s][info ][safepoint     ] Leaving safepoint region
[2023-11-15T11:39:49.929+0000][52641.087s][info ][safepoint     ] Total time for which application threads were stopped: 0.0003477 seconds, Stopping threads took: 0.0000516 seconds
[2023-11-15T11:39:50.929+0000][52642.087s][debug][safepoint     ] Safepoint synchronization initiated. (178 threads)
[2023-11-15T11:39:50.929+0000][52642.087s][info ][safepoint     ] Application time: 1.0001549 seconds
[2023-11-15T11:39:50.929+0000][52642.087s][info ][safepoint     ] Entering safepoint region: Cleanup
[2023-11-15T11:39:50.930+0000][52642.088s][info ][safepoint     ] Leaving safepoint region
[2023-11-15T11:39:50.930+0000][52642.088s][info ][safepoint     ] Total time for which application threads were stopped: 0.0004757 seconds, Stopping threads took: 0.0002675 seconds
[2023-11-15T11:39:51.930+0000][52643.088s][debug][safepoint     ] Safepoint synchronization initiated. (178 threads)
[2023-11-15T11:39:51.930+0000][52643.088s][info ][safepoint     ] Application time: 1.0001624 seconds
[2023-11-15T11:39:51.930+0000][52643.088s][info ][safepoint     ] Entering safepoint region: Cleanup
[2023-11-15T11:39:51.930+0000][52643.088s][info ][safepoint     ] Leaving safepoint region
[2023-11-15T11:39:51.930+0000][52643.088s][info ][safepoint     ] Total time for which application threads were stopped: 0.0003735 seconds, Stopping threads took: 0.0000501 seconds
[2023-11-15T11:39:52.930+0000][52644.088s][debug][safepoint     ] Safepoint synchronization initiated. (178 threads)
[2023-11-15T11:39:52.930+0000][52644.088s][info ][safepoint     ] Application time: 1.0001502 seconds
[2023-11-15T11:39:52.930+0000][52644.088s][info ][safepoint     ] Entering safepoint region: Cleanup
[2023-11-15T11:39:52.931+0000][52644.089s][info ][safepoint     ] Leaving safepoint region
[2023-11-15T11:39:52.931+0000][52644.089s][info ][safepoint     ] Total time for which application threads were stopped: 0.0003613 seconds, Stopping threads took: 0.0000537 seconds
[2023-11-15T11:39:53.931+0000][52645.089s][debug][safepoint     ] Safepoint synchronization initiated. (178 threads)
[2023-11-15T11:39:53.931+0000][52645.089s][info ][safepoint     ] Application time: 1.0001543 seconds
[2023-11-15T11:39:53.931+0000][52645.089s][info ][safepoint     ] Entering safepoint region: Cleanup
[2023-11-15T11:39:53.931+0000][52645.089s][info ][safepoint     ] Leaving safepoint region
[2023-11-15T11:39:53.931+0000][52645.089s][info ][safepoint     ] Total time for which application threads were stopped: 0.0003504 seconds, Stopping threads took: 0.0000516 seconds
[2023-11-15T11:39:54.931+0000][52646.089s][debug][safepoint     ] Safepoint synchronization initiated. (178 threads)
[2023-11-15T11:39:54.931+0000][52646.089s][info ][safepoint     ] Application time: 1.0001479 seconds
[2023-11-15T11:39:54.931+0000][52646.089s][info ][safepoint     ] Entering safepoint region: Cleanup
[2023-11-15T11:39:54.932+0000][52646.090s][info ][safepoint     ] Leaving safepoint region
[2023-11-15T11:39:54.932+0000][52646.090s][info ][safepoint     ] Total time for which application threads were stopped: 0.0003395 seconds, Stopping threads took: 0.0000517 seconds
[2023-11-15T11:39:55.932+0000][52647.090s][debug][safepoint     ] Safepoint synchronization initiated. (178 threads)
[2023-11-15T11:39:55.932+0000][52647.090s][info ][safepoint     ] Application time: 1.0001619 seconds
[2023-11-15T11:39:55.932+0000][52647.090s][info ][safepoint     ] Entering safepoint region: Cleanup
[2023-11-15T11:39:55.932+0000][52647.090s][info ][safepoint     ] Leaving safepoint region
[2023-11-15T11:39:55.932+0000][52647.090s][info ][safepoint     ] Total time for which application threads were stopped: 0.0003670 seconds, Stopping threads took: 0.0000515 seconds
[2023-11-15T11:39:56.932+0000][52648.090s][debug][safepoint     ] Safepoint synchronization initiated. (178 threads)
[2023-11-15T11:39:56.932+0000][52648.091s][info ][safepoint     ] Application time: 1.0001634 seconds
[2023-11-15T11:39:56.933+0000][52648.091s][info ][safepoint     ] Entering safepoint region: Cleanup
[2023-11-15T11:39:56.933+0000][52648.091s][info ][safepoint     ] Leaving safepoint region
[2023-11-15T11:39:56.933+0000][52648.091s][info ][safepoint     ] Total time for which application threads were stopped: 0.0003491 seconds, Stopping threads took: 0.0000494 seconds
[2023-11-15T11:39:57.933+0000][52649.091s][debug][safepoint     ] Safepoint synchronization initiated. (178 threads)
[2023-11-15T11:39:57.933+0000][52649.091s][info ][safepoint     ] Application time: 1.0001686 seconds
[2023-11-15T11:39:57.933+0000][52649.091s][info ][safepoint     ] Entering safepoint region: Cleanup
[2023-11-15T11:39:57.933+0000][52649.091s][info ][safepoint     ] Leaving safepoint region
[2023-11-15T11:39:57.933+0000][52649.091s][info ][safepoint     ] Total time for which application threads were stopped: 0.0003582 seconds, Stopping threads took: 0.0000523 seconds
[2023-11-15T11:39:58.934+0000][52650.092s][debug][safepoint     ] Safepoint synchronization initiated. (178 threads)
[2023-11-15T11:39:58.934+0000][52650.092s][info ][safepoint     ] Application time: 1.0001718 seconds
[2023-11-15T11:39:58.934+0000][52650.092s][info ][safepoint     ] Entering safepoint region: Cleanup
[2023-11-15T11:39:58.934+0000][52650.092s][info ][safepoint     ] Leaving safepoint region
[2023-11-15T11:39:58.934+0000][52650.092s][info ][safepoint     ] Total time for which application threads were stopped: 0.0003773 seconds, Stopping threads took: 0.0000518 seconds
[2023-11-15T11:39:59.934+0000][52651.092s][debug][safepoint     ] Safepoint synchronization initiated. (178 threads)
[2023-11-15T11:39:59.934+0000][52651.092s][info ][safepoint     ] Application time: 1.0001664 seconds
[2023-11-15T11:39:59.934+0000][52651.092s][info ][safepoint     ] Entering safepoint region: Cleanup
[2023-11-15T11:39:59.935+0000][52651.093s][info ][safepoint     ] Leaving safepoint region
[2023-11-15T11:39:59.935+0000][52651.093s][info ][safepoint     ] Total time for which application threads were stopped: 0.0003475 seconds, Stopping threads took: 0.0000507 seconds
[2023-11-15T11:40:00.935+0000][52652.093s][debug][safepoint     ] Safepoint synchronization initiated. (178 threads)
[2023-11-15T11:40:00.935+0000][52652.093s][info ][safepoint     ] Application time: 1.0001578 seconds
[2023-11-15T11:40:00.935+0000][52652.093s][info ][safepoint     ] Entering safepoint region: Cleanup
[2023-11-15T11:40:00.935+0000][52652.093s][info ][safepoint     ] Leaving safepoint region
[2023-11-15T11:40:00.935+0000][52652.093s][info ][safepoint     ] Total time for which application threads were stopped: 0.0003476 seconds, Stopping threads took: 0.0000504 seconds
[2023-11-15T11:40:01.935+0000][52653.093s][debug][safepoint     ] Safepoint synchronization initiated. (178 threads)
[2023-11-15T11:40:01.935+0000][52653.093s][info ][safepoint     ] Application time: 1.0001399 seconds
[2023-11-15T11:40:01.935+0000][52653.093s][info ][safepoint     ] Entering safepoint region: Cleanup
[2023-11-15T11:40:01.935+0000][52653.093s][info ][safepoint     ] Leaving safepoint region
[2023-11-15T11:40:01.935+0000][52653.094s][info ][safepoint     ] Total time for which application threads were stopped: 0.0001911 seconds, Stopping threads took: 0.0000356 seconds
[2023-11-15T11:40:02.936+0000][52654.094s][debug][safepoint     ] Safepoint synchronization initiated. (178 threads)
[2023-11-15T11:40:02.936+0000][52654.094s][info ][safepoint     ] Application time: 1.0001430 seconds
[2023-11-15T11:40:02.936+0000][52654.094s][info ][safepoint     ] Entering safepoint region: Cleanup
[2023-11-15T11:40:02.936+0000][52654.094s][info ][safepoint     ] Leaving safepoint region
[2023-11-15T11:40:02.936+0000][52654.094s][info ][safepoint     ] Total time for which application threads were stopped: 0.0002564 seconds, Stopping threads took: 0.0000595 seconds
[2023-11-15T11:40:03.936+0000][52655.094s][debug][safepoint     ] Safepoint synchronization initiated. (178 threads)
[2023-11-15T11:40:03.936+0000][52655.094s][info ][safepoint     ] Application time: 1.0001675 seconds
[2023-11-15T11:40:03.936+0000][52655.094s][info ][safepoint     ] Entering safepoint region: Cleanup
[2023-11-15T11:40:03.936+0000][52655.094s][info ][safepoint     ] Leaving safepoint region
[2023-11-15T11:40:03.936+0000][52655.095s][info ][safepoint     ] Total time for which application threads were stopped: 0.0003523 seconds, Stopping threads took: 0.0000494 seconds
[2023-11-15T11:40:04.937+0000][52656.095s][debug][safepoint     ] Safepoint synchronization initiated. (178 threads)
[2023-11-15T11:40:04.937+0000][52656.095s][info ][safepoint     ] Application time: 1.0001724 seconds
[2023-11-15T11:40:04.937+0000][52656.095s][info ][safepoint     ] Entering safepoint region: Cleanup
[2023-11-15T11:40:04.937+0000][52656.095s][info ][safepoint     ] Leaving safepoint region
[2023-11-15T11:40:04.937+0000][52656.095s][info ][safepoint     ] Total time for which application threads were stopped: 0.0003494 seconds, Stopping threads took: 0.0000519 seconds
[2023-11-15T11:40:05.937+0000][52657.095s][debug][safepoint     ] Safepoint synchronization initiated. (178 threads)
[2023-11-15T11:40:05.937+0000][52657.095s][info ][safepoint     ] Application time: 1.0001603 seconds
[2023-11-15T11:40:05.937+0000][52657.095s][info ][safepoint     ] Entering safepoint region: Cleanup
[2023-11-15T11:40:05.938+0000][52657.096s][info ][safepoint     ] Leaving safepoint region
[2023-11-15T11:40:05.938+0000][52657.096s][info ][safepoint     ] Total time for which application threads were stopped: 0.0003700 seconds, Stopping threads took: 0.0000736 seconds
[2023-11-15T11:40:06.938+0000][52658.096s][debug][safepoint     ] Safepoint synchronization initiated. (181 threads)
[2023-11-15T11:40:06.938+0000][52658.096s][info ][safepoint     ] Application time: 1.0001714 seconds
[2023-11-15T11:40:06.938+0000][52658.096s][info ][safepoint     ] Entering safepoint region: Cleanup
[2023-11-15T11:40:06.938+0000][52658.096s][info ][safepoint     ] Leaving safepoint region
[2023-11-15T11:40:06.938+0000][52658.096s][info ][safepoint     ] Total time for which application threads were stopped: 0.0003401 seconds, Stopping threads took: 0.0000502 seconds
[2023-11-15T11:40:07.938+0000][52659.096s][debug][safepoint     ] Safepoint synchronization initiated. (181 threads)
[2023-11-15T11:40:07.938+0000][52659.096s][info ][safepoint     ] Application time: 1.0001639 seconds
[2023-11-15T11:40:07.938+0000][52659.096s][info ][safepoint     ] Entering safepoint region: Cleanup
[2023-11-15T11:40:07.939+0000][52659.097s][info ][safepoint     ] Leaving safepoint region
[2023-11-15T11:40:07.939+0000][52659.097s][info ][safepoint     ] Total time for which application threads were stopped: 0.0003549 seconds, Stopping threads took: 0.0000520 seconds
[2023-11-15T11:40:08.939+0000][52660.097s][debug][safepoint     ] Safepoint synchronization initiated. (181 threads)
[2023-11-15T11:40:08.939+0000][52660.097s][info ][safepoint     ] Application time: 1.0001671 seconds
[2023-11-15T11:40:08.939+0000][52660.097s][info ][safepoint     ] Entering safepoint region: Cleanup
[2023-11-15T11:40:08.939+0000][52660.097s][info ][safepoint     ] Leaving safepoint region
[2023-11-15T11:40:08.939+0000][52660.097s][info ][safepoint     ] Total time for which application threads were stopped: 0.0003532 seconds, Stopping threads took: 0.0000514 seconds
[2023-11-15T11:40:09.939+0000][52661.097s][debug][safepoint     ] Safepoint synchronization initiated. (181 threads)
[2023-11-15T11:40:09.939+0000][52661.097s][info ][safepoint     ] Application time: 1.0001491 seconds
[2023-11-15T11:40:09.939+0000][52661.098s][info ][safepoint     ] Entering safepoint region: Cleanup
[2023-11-15T11:40:09.940+0000][52661.098s][info ][safepoint     ] Leaving safepoint region
[2023-11-15T11:40:09.940+0000][52661.098s][info ][safepoint     ] Total time for which application threads were stopped: 0.0003670 seconds, Stopping threads took: 0.0000722 seconds
[2023-11-15T11:40:10.940+0000][52662.098s][debug][safepoint     ] Safepoint synchronization initiated. (181 threads)
[2023-11-15T11:40:10.940+0000][52662.098s][info ][safepoint     ] Application time: 1.0001588 seconds
[2023-11-15T11:40:10.940+0000][52662.098s][info ][safepoint     ] Entering safepoint region: Cleanup
[2023-11-15T11:40:10.940+0000][52662.098s][info ][safepoint     ] Leaving safepoint region
[2023-11-15T11:40:10.940+0000][52662.098s][info ][safepoint     ] Total time for which application threads were stopped: 0.0003502 seconds, Stopping threads took: 0.0000506 seconds
[2023-11-15T11:40:11.940+0000][52663.099s][debug][safepoint     ] Safepoint synchronization initiated. (181 threads)
[2023-11-15T11:40:11.941+0000][52663.099s][info ][safepoint     ] Application time: 1.0001605 seconds
[2023-11-15T11:40:11.941+0000][52663.099s][info ][safepoint     ] Entering safepoint region: Cleanup
[2023-11-15T11:40:11.941+0000][52663.099s][info ][safepoint     ] Leaving safepoint region
[2023-11-15T11:40:11.941+0000][52663.099s][info ][safepoint     ] Total time for which application threads were stopped: 0.0005620 seconds, Stopping threads took: 0.0002687 seconds
[2023-11-15T11:40:12.941+0000][52664.099s][debug][safepoint     ] Safepoint synchronization initiated. (181 threads)
[2023-11-15T11:40:12.941+0000][52664.099s][info ][safepoint     ] Application time: 1.0001797 seconds
[2023-11-15T11:40:12.941+0000][52664.099s][info ][safepoint     ] Entering safepoint region: Cleanup
[2023-11-15T11:40:12.942+0000][52664.100s][info ][safepoint     ] Leaving safepoint region
[2023-11-15T11:40:12.942+0000][52664.100s][info ][safepoint     ] Total time for which application threads were stopped: 0.0003441 seconds, Stopping threads took: 0.0000720 seconds
[2023-11-15T11:40:13.942+0000][52665.100s][debug][safepoint     ] Safepoint synchronization initiated. (181 threads)
[2023-11-15T11:40:13.942+0000][52665.100s][info ][safepoint     ] Application time: 1.0001569 seconds
[2023-11-15T11:40:13.942+0000][52665.100s][info ][safepoint     ] Entering safepoint region: Cleanup
[2023-11-15T11:40:13.942+0000][52665.100s][info ][safepoint     ] Leaving safepoint region
[2023-11-15T11:40:13.942+0000][52665.100s][info ][safepoint     ] Total time for which application threads were stopped: 0.0002546 seconds, Stopping threads took: 0.0000512 seconds
[2023-11-15T11:40:14.942+0000][52666.100s][debug][safepoint     ] Safepoint synchronization initiated. (181 threads)
[2023-11-15T11:40:14.942+0000][52666.100s][info ][safepoint     ] Application time: 1.0001520 seconds
[2023-11-15T11:40:14.942+0000][52666.100s][info ][safepoint     ] Entering safepoint region: Cleanup
[2023-11-15T11:40:14.943+0000][52666.101s][info ][safepoint     ] Leaving safepoint region
[2023-11-15T11:40:14.943+0000][52666.101s][info ][safepoint     ] Total time for which application threads were stopped: 0.0002895 seconds, Stopping threads took: 0.0000516 seconds
[2023-11-15T11:40:15.943+0000][52667.101s][debug][safepoint     ] Safepoint synchronization initiated. (181 threads)
[2023-11-15T11:40:15.943+0000][52667.101s][info ][safepoint     ] Application time: 1.0001483 seconds
[2023-11-15T11:40:15.943+0000][52667.101s][info ][safepoint     ] Entering safepoint region: Cleanup
[2023-11-15T11:40:15.943+0000][52667.101s][info ][safepoint     ] Leaving safepoint region
[2023-11-15T11:40:15.943+0000][52667.101s][info ][safepoint     ] Total time for which application threads were stopped: 0.0003460 seconds, Stopping threads took: 0.0000504 seconds
[2023-11-15T11:40:16.943+0000][52668.101s][debug][safepoint     ] Safepoint synchronization initiated. (181 threads)
[2023-11-15T11:40:16.943+0000][52668.101s][info ][safepoint     ] Application time: 1.0001651 seconds
[2023-11-15T11:40:16.943+0000][52668.101s][info ][safepoint     ] Entering safepoint region: Cleanup
[2023-11-15T11:40:16.944+0000][52668.102s][info ][safepoint     ] Leaving safepoint region
[2023-11-15T11:40:16.944+0000][52668.102s][info ][safepoint     ] Total time for which application threads were stopped: 0.0004505 seconds, Stopping threads took: 0.0002062 seconds
[2023-11-15T11:40:17.944+0000][52669.102s][debug][safepoint     ] Safepoint synchronization initiated. (181 threads)
[2023-11-15T11:40:17.944+0000][52669.102s][info ][safepoint     ] Application time: 1.0001554 seconds
[2023-11-15T11:40:17.944+0000][52669.102s][info ][safepoint     ] Entering safepoint region: Cleanup
[2023-11-15T11:40:17.944+0000][52669.102s][info ][safepoint     ] Leaving safepoint region
[2023-11-15T11:40:17.944+0000][52669.102s][info ][safepoint     ] Total time for which application threads were stopped: 0.0003042 seconds, Stopping threads took: 0.0000518 seconds
[2023-11-15T11:40:18.944+0000][52670.102s][debug][safepoint     ] Safepoint synchronization initiated. (181 threads)
[2023-11-15T11:40:18.944+0000][52670.102s][info ][safepoint     ] Application time: 1.0001706 seconds
[2023-11-15T11:40:18.944+0000][52670.103s][info ][safepoint     ] Entering safepoint region: Cleanup
[2023-11-15T11:40:18.945+0000][52670.103s][info ][safepoint     ] Leaving safepoint region
[2023-11-15T11:40:18.945+0000][52670.103s][info ][safepoint     ] Total time for which application threads were stopped: 0.0003500 seconds, Stopping threads took: 0.0000515 seconds
[2023-11-15T11:40:19.945+0000][52671.103s][debug][safepoint     ] Safepoint synchronization initiated. (181 threads)
[2023-11-15T11:40:19.945+0000][52671.103s][info ][safepoint     ] Application time: 1.0001708 seconds
[2023-11-15T11:40:19.945+0000][52671.103s][info ][safepoint     ] Entering safepoint region: Cleanup
[2023-11-15T11:40:19.945+0000][52671.103s][info ][safepoint     ] Leaving safepoint region
[2023-11-15T11:40:19.945+0000][52671.103s][info ][safepoint     ] Total time for which application threads were stopped: 0.0003481 seconds, Stopping threads took: 0.0000528 seconds
[2023-11-15T11:40:20.945+0000][52672.104s][debug][safepoint     ] Safepoint synchronization initiated. (181 threads)
[2023-11-15T11:40:20.946+0000][52672.104s][info ][safepoint     ] Application time: 1.0001681 seconds
[2023-11-15T11:40:20.946+0000][52672.104s][info ][safepoint     ] Entering safepoint region: Cleanup
[2023-11-15T11:40:20.946+0000][52672.104s][info ][safepoint     ] Leaving safepoint region
[2023-11-15T11:40:20.946+0000][52672.104s][info ][safepoint     ] Total time for which application threads were stopped: 0.0003466 seconds, Stopping threads took: 0.0000513 seconds
[2023-11-15T11:40:21.946+0000][52673.104s][debug][safepoint     ] Safepoint synchronization initiated. (181 threads)
[2023-11-15T11:40:21.946+0000][52673.104s][info ][safepoint     ] Application time: 1.0001639 seconds
[2023-11-15T11:40:21.946+0000][52673.104s][info ][safepoint     ] Entering safepoint region: Cleanup
[2023-11-15T11:40:21.946+0000][52673.104s][info ][safepoint     ] Leaving safepoint region
[2023-11-15T11:40:21.946+0000][52673.105s][info ][safepoint     ] Total time for which application threads were stopped: 0.0003485 seconds, Stopping threads took: 0.0000502 seconds
[2023-11-15T11:40:22.947+0000][52674.105s][debug][safepoint     ] Safepoint synchronization initiated. (181 threads)
[2023-11-15T11:40:22.947+0000][52674.105s][info ][safepoint     ] Application time: 1.0001470 seconds
[2023-11-15T11:40:22.947+0000][52674.105s][info ][safepoint     ] Entering safepoint region: Cleanup
[2023-11-15T11:40:22.947+0000][52674.105s][info ][safepoint     ] Leaving safepoint region
[2023-11-15T11:40:22.947+0000][52674.105s][info ][safepoint     ] Total time for which application threads were stopped: 0.0003471 seconds, Stopping threads took: 0.0000512 seconds
[2023-11-15T11:40:23.947+0000][52675.105s][debug][safepoint     ] Safepoint synchronization initiated. (180 threads)
[2023-11-15T11:40:23.947+0000][52675.105s][info ][safepoint     ] Application time: 1.0001479 seconds
[2023-11-15T11:40:23.947+0000][52675.105s][info ][safepoint     ] Entering safepoint region: Cleanup
[2023-11-15T11:40:23.947+0000][52675.106s][info ][safepoint     ] Leaving safepoint region
[2023-11-15T11:40:23.948+0000][52675.106s][info ][safepoint     ] Total time for which application threads were stopped: 0.0003363 seconds, Stopping threads took: 0.0000518 seconds
[2023-11-15T11:40:24.948+0000][52676.106s][debug][safepoint     ] Safepoint synchronization initiated. (180 threads)
[2023-11-15T11:40:24.948+0000][52676.106s][info ][safepoint     ] Application time: 1.0001573 seconds
[2023-11-15T11:40:24.948+0000][52676.106s][info ][safepoint     ] Entering safepoint region: Cleanup
[2023-11-15T11:40:24.948+0000][52676.106s][info ][safepoint     ] Leaving safepoint region
[2023-11-15T11:40:24.948+0000][52676.106s][info ][safepoint     ] Total time for which application threads were stopped: 0.0003249 seconds, Stopping threads took: 0.0000516 seconds
[2023-11-15T11:40:25.948+0000][52677.106s][debug][safepoint     ] Safepoint synchronization initiated. (180 threads)
[2023-11-15T11:40:25.948+0000][52677.106s][info ][safepoint     ] Application time: 1.0001608 seconds
[2023-11-15T11:40:25.948+0000][52677.106s][info ][safepoint     ] Entering safepoint region: Cleanup
[2023-11-15T11:40:25.949+0000][52677.107s][info ][safepoint     ] Leaving safepoint region
[2023-11-15T11:40:25.949+0000][52677.107s][info ][safepoint     ] Total time for which application threads were stopped: 0.0003484 seconds, Stopping threads took: 0.0000511 seconds
[2023-11-15T11:40:26.949+0000][52678.107s][debug][safepoint     ] Safepoint synchronization initiated. (180 threads)
[2023-11-15T11:40:26.949+0000][52678.107s][info ][safepoint     ] Application time: 1.0001683 seconds
[2023-11-15T11:40:26.949+0000][52678.107s][info ][safepoint     ] Entering safepoint region: Cleanup
[2023-11-15T11:40:26.949+0000][52678.107s][info ][safepoint     ] Leaving safepoint region
[2023-11-15T11:40:26.949+0000][52678.107s][info ][safepoint     ] Total time for which application threads were stopped: 0.0002727 seconds, Stopping threads took: 0.0000538 seconds
[2023-11-15T11:40:27.949+0000][52679.107s][debug][safepoint     ] Safepoint synchronization initiated. (180 threads)
[2023-11-15T11:40:27.949+0000][52679.107s][info ][safepoint     ] Application time: 1.0001654 seconds
[2023-11-15T11:40:27.949+0000][52679.107s][info ][safepoint     ] Entering safepoint region: Cleanup
[2023-11-15T11:40:27.950+0000][52679.108s][info ][safepoint     ] Leaving safepoint region
[2023-11-15T11:40:27.950+0000][52679.108s][info ][safepoint     ] Total time for which application threads were stopped: 0.0003520 seconds, Stopping threads took: 0.0000509 seconds
[2023-11-15T11:40:28.950+0000][52680.108s][debug][safepoint     ] Safepoint synchronization initiated. (180 threads)
[2023-11-15T11:40:28.950+0000][52680.108s][info ][safepoint     ] Application time: 1.0001525 seconds
[2023-11-15T11:40:28.950+0000][52680.108s][info ][safepoint     ] Entering safepoint region: Cleanup
[2023-11-15T11:40:28.950+0000][52680.108s][info ][safepoint     ] Leaving safepoint region
[2023-11-15T11:40:28.950+0000][52680.108s][info ][safepoint     ] Total time for which application threads were stopped: 0.0003479 seconds, Stopping threads took: 0.0000517 seconds
[2023-11-15T11:40:29.950+0000][52681.108s][debug][safepoint     ] Safepoint synchronization initiated. (180 threads)
[2023-11-15T11:40:29.950+0000][52681.108s][info ][safepoint     ] Application time: 1.0001692 seconds
[2023-11-15T11:40:29.950+0000][52681.108s][info ][safepoint     ] Entering safepoint region: Cleanup
[2023-11-15T11:40:29.951+0000][52681.109s][info ][safepoint     ] Leaving safepoint region
[2023-11-15T11:40:29.951+0000][52681.109s][info ][safepoint     ] Total time for which application threads were stopped: 0.0003446 seconds, Stopping threads took: 0.0000522 seconds
[2023-11-15T11:40:30.951+0000][52682.109s][debug][safepoint     ] Safepoint synchronization initiated. (180 threads)
[2023-11-15T11:40:30.951+0000][52682.109s][info ][safepoint     ] Application time: 1.0001550 seconds
[2023-11-15T11:40:30.951+0000][52682.109s][info ][safepoint     ] Entering safepoint region: Cleanup
[2023-11-15T11:40:30.951+0000][52682.109s][info ][safepoint     ] Leaving safepoint region
[2023-11-15T11:40:30.951+0000][52682.109s][info ][safepoint     ] Total time for which application threads were stopped: 0.0002950 seconds, Stopping threads took: 0.0000506 seconds
[2023-11-15T11:40:31.951+0000][52683.109s][debug][safepoint     ] Safepoint synchronization initiated. (180 threads)
[2023-11-15T11:40:31.951+0000][52683.109s][info ][safepoint     ] Application time: 1.0001559 seconds
[2023-11-15T11:40:31.951+0000][52683.109s][info ][safepoint     ] Entering safepoint region: Cleanup
[2023-11-15T11:40:31.952+0000][52683.110s][info ][safepoint     ] Leaving safepoint region
[2023-11-15T11:40:31.952+0000][52683.110s][info ][safepoint     ] Total time for which application threads were stopped: 0.0005934 seconds, Stopping threads took: 0.0002976 seconds
[2023-11-15T11:40:32.952+0000][52684.110s][debug][safepoint     ] Safepoint synchronization initiated. (180 threads)
[2023-11-15T11:40:32.952+0000][52684.110s][info ][safepoint     ] Application time: 1.0001532 seconds
[2023-11-15T11:40:32.952+0000][52684.110s][info ][safepoint     ] Entering safepoint region: Cleanup
[2023-11-15T11:40:32.952+0000][52684.110s][info ][safepoint     ] Leaving safepoint region
[2023-11-15T11:40:32.952+0000][52684.110s][info ][safepoint     ] Total time for which application threads were stopped: 0.0002637 seconds, Stopping threads took: 0.0000507 seconds
[2023-11-15T11:40:33.953+0000][52685.111s][debug][safepoint     ] Safepoint synchronization initiated. (180 threads)
[2023-11-15T11:40:33.953+0000][52685.111s][info ][safepoint     ] Application time: 1.0001913 seconds
[2023-11-15T11:40:33.953+0000][52685.111s][info ][safepoint     ] Entering safepoint region: Cleanup
[2023-11-15T11:40:33.953+0000][52685.111s][info ][safepoint     ] Leaving safepoint region
[2023-11-15T11:40:33.953+0000][52685.111s][info ][safepoint     ] Total time for which application threads were stopped: 0.0003527 seconds, Stopping threads took: 0.0000504 seconds
[2023-11-15T11:40:34.953+0000][52686.111s][debug][safepoint     ] Safepoint synchronization initiated. (180 threads)
[2023-11-15T11:40:34.953+0000][52686.111s][info ][safepoint     ] Application time: 1.0001669 seconds
[2023-11-15T11:40:34.953+0000][52686.111s][info ][safepoint     ] Entering safepoint region: Cleanup
[2023-11-15T11:40:34.954+0000][52686.112s][info ][safepoint     ] Leaving safepoint region
[2023-11-15T11:40:34.954+0000][52686.112s][info ][safepoint     ] Total time for which application threads were stopped: 0.0003541 seconds, Stopping threads took: 0.0000512 seconds
[2023-11-15T11:40:35.954+0000][52687.112s][debug][safepoint     ] Safepoint synchronization initiated. (180 threads)
[2023-11-15T11:40:35.954+0000][52687.112s][info ][safepoint     ] Application time: 1.0001655 seconds
[2023-11-15T11:40:35.954+0000][52687.112s][info ][safepoint     ] Entering safepoint region: Cleanup
[2023-11-15T11:40:35.954+0000][52687.112s][info ][safepoint     ] Leaving safepoint region
[2023-11-15T11:40:35.954+0000][52687.112s][info ][safepoint     ] Total time for which application threads were stopped: 0.0003500 seconds, Stopping threads took: 0.0000504 seconds
[2023-11-15T11:40:36.954+0000][52688.112s][debug][safepoint     ] Safepoint synchronization initiated. (180 threads)
[2023-11-15T11:40:36.954+0000][52688.112s][info ][safepoint     ] Application time: 1.0001716 seconds
[2023-11-15T11:40:36.954+0000][52688.112s][info ][safepoint     ] Entering safepoint region: Cleanup
[2023-11-15T11:40:36.955+0000][52688.113s][info ][safepoint     ] Leaving safepoint region
[2023-11-15T11:40:36.955+0000][52688.113s][info ][safepoint     ] Total time for which application threads were stopped: 0.0005192 seconds, Stopping threads took: 0.0001653 seconds
[2023-11-15T11:40:37.955+0000][52689.113s][debug][safepoint     ] Safepoint synchronization initiated. (180 threads)
[2023-11-15T11:40:37.955+0000][52689.113s][info ][safepoint     ] Application time: 1.0001633 seconds
[2023-11-15T11:40:37.955+0000][52689.113s][info ][safepoint     ] Entering safepoint region: Cleanup
[2023-11-15T11:40:37.955+0000][52689.113s][info ][safepoint     ] Leaving safepoint region
[2023-11-15T11:40:37.955+0000][52689.113s][info ][safepoint     ] Total time for which application threads were stopped: 0.0003520 seconds, Stopping threads took: 0.0000512 seconds
[2023-11-15T11:40:38.956+0000][52690.114s][debug][safepoint     ] Safepoint synchronization initiated. (180 threads)
[2023-11-15T11:40:38.956+0000][52690.114s][info ][safepoint     ] Application time: 1.0001504 seconds
[2023-11-15T11:40:38.956+0000][52690.114s][info ][safepoint     ] Entering safepoint region: Cleanup
[2023-11-15T11:40:38.956+0000][52690.114s][info ][safepoint     ] Leaving safepoint region
[2023-11-15T11:40:38.956+0000][52690.114s][info ][safepoint     ] Total time for which application threads were stopped: 0.0003542 seconds, Stopping threads took: 0.0000520 seconds
[2023-11-15T11:40:39.956+0000][52691.114s][debug][safepoint     ] Safepoint synchronization initiated. (180 threads)
[2023-11-15T11:40:39.956+0000][52691.114s][info ][safepoint     ] Application time: 1.0001551 seconds
[2023-11-15T11:40:39.956+0000][52691.114s][info ][safepoint     ] Entering safepoint region: Cleanup
[2023-11-15T11:40:39.956+0000][52691.114s][info ][safepoint     ] Leaving safepoint region
[2023-11-15T11:40:39.956+0000][52691.115s][info ][safepoint     ] Total time for which application threads were stopped: 0.0003095 seconds, Stopping threads took: 0.0000508 seconds
[2023-11-15T11:40:40.957+0000][52692.115s][debug][safepoint     ] Safepoint synchronization initiated. (180 threads)
[2023-11-15T11:40:40.957+0000][52692.115s][info ][safepoint     ] Application time: 1.0001733 seconds
[2023-11-15T11:40:40.957+0000][52692.115s][info ][safepoint     ] Entering safepoint region: Cleanup
[2023-11-15T11:40:40.957+0000][52692.115s][info ][safepoint     ] Leaving safepoint region
[2023-11-15T11:40:40.957+0000][52692.115s][info ][safepoint     ] Total time for which application threads were stopped: 0.0003515 seconds, Stopping threads took: 0.0000510 seconds
[2023-11-15T11:40:41.957+0000][52693.115s][debug][safepoint     ] Safepoint synchronization initiated. (180 threads)
[2023-11-15T11:40:41.957+0000][52693.115s][info ][safepoint     ] Application time: 1.0001729 seconds
[2023-11-15T11:40:41.957+0000][52693.115s][info ][safepoint     ] Entering safepoint region: Cleanup
[2023-11-15T11:40:41.958+0000][52693.116s][info ][safepoint     ] Leaving safepoint region
[2023-11-15T11:40:41.958+0000][52693.116s][info ][safepoint     ] Total time for which application threads were stopped: 0.0006267 seconds, Stopping threads took: 0.0003360 seconds
[2023-11-15T11:40:42.958+0000][52694.116s][debug][safepoint     ] Safepoint synchronization initiated. (180 threads)
[2023-11-15T11:40:42.958+0000][52694.116s][info ][safepoint     ] Application time: 1.0001916 seconds
[2023-11-15T11:40:42.958+0000][52694.116s][info ][safepoint     ] Entering safepoint region: Cleanup
[2023-11-15T11:40:42.958+0000][52694.117s][info ][safepoint     ] Leaving safepoint region
[2023-11-15T11:40:42.958+0000][52694.117s][info ][safepoint     ] Total time for which application threads were stopped: 0.0004278 seconds, Stopping threads took: 0.0001587 seconds
[2023-11-15T11:40:43.959+0000][52695.117s][debug][safepoint     ] Safepoint synchronization initiated. (180 threads)
[2023-11-15T11:40:43.959+0000][52695.117s][info ][safepoint     ] Application time: 1.0001808 seconds
[2023-11-15T11:40:43.959+0000][52695.117s][info ][safepoint     ] Entering safepoint region: Cleanup
[2023-11-15T11:40:43.959+0000][52695.117s][info ][safepoint     ] Leaving safepoint region
[2023-11-15T11:40:43.959+0000][52695.117s][info ][safepoint     ] Total time for which application threads were stopped: 0.0003593 seconds, Stopping threads took: 0.0000531 seconds
[2023-11-15T11:40:44.959+0000][52696.117s][debug][safepoint     ] Safepoint synchronization initiated. (180 threads)
[2023-11-15T11:40:44.959+0000][52696.117s][info ][safepoint     ] Application time: 1.0001791 seconds
[2023-11-15T11:40:44.959+0000][52696.117s][info ][safepoint     ] Entering safepoint region: Cleanup
[2023-11-15T11:40:44.960+0000][52696.118s][info ][safepoint     ] Leaving safepoint region
[2023-11-15T11:40:44.960+0000][52696.118s][info ][safepoint     ] Total time for which application threads were stopped: 0.0003146 seconds, Stopping threads took: 0.0000515 seconds
[2023-11-15T11:40:45.960+0000][52697.118s][debug][safepoint     ] Safepoint synchronization initiated. (180 threads)
[2023-11-15T11:40:45.960+0000][52697.118s][info ][safepoint     ] Application time: 1.0001749 seconds
[2023-11-15T11:40:45.960+0000][52697.118s][info ][safepoint     ] Entering safepoint region: Cleanup
[2023-11-15T11:40:45.960+0000][52697.118s][info ][safepoint     ] Leaving safepoint region
[2023-11-15T11:40:45.960+0000][52697.118s][info ][safepoint     ] Total time for which application threads were stopped: 0.0002729 seconds, Stopping threads took: 0.0000520 seconds
[2023-11-15T11:40:46.960+0000][52698.118s][debug][safepoint     ] Safepoint synchronization initiated. (180 threads)
[2023-11-15T11:40:46.960+0000][52698.118s][info ][safepoint     ] Application time: 1.0001682 seconds
[2023-11-15T11:40:46.960+0000][52698.118s][info ][safepoint     ] Entering safepoint region: Cleanup
[2023-11-15T11:40:46.961+0000][52698.119s][info ][safepoint     ] Leaving safepoint region
[2023-11-15T11:40:46.961+0000][52698.119s][info ][safepoint     ] Total time for which application threads were stopped: 0.0002756 seconds, Stopping threads took: 0.0000522 seconds
[2023-11-15T11:40:47.961+0000][52699.119s][debug][safepoint     ] Safepoint synchronization initiated. (180 threads)
[2023-11-15T11:40:47.961+0000][52699.119s][info ][safepoint     ] Application time: 1.0001561 seconds
[2023-11-15T11:40:47.961+0000][52699.119s][info ][safepoint     ] Entering safepoint region: Cleanup
[2023-11-15T11:40:47.961+0000][52699.119s][info ][safepoint     ] Leaving safepoint region
[2023-11-15T11:40:47.961+0000][52699.119s][info ][safepoint     ] Total time for which application threads were stopped: 0.0003647 seconds, Stopping threads took: 0.0000530 seconds
[2023-11-15T11:40:48.961+0000][52700.119s][debug][safepoint     ] Safepoint synchronization initiated. (180 threads)
[2023-11-15T11:40:48.961+0000][52700.119s][info ][safepoint     ] Application time: 1.0001528 seconds
[2023-11-15T11:40:48.961+0000][52700.119s][info ][safepoint     ] Entering safepoint region: Cleanup
[2023-11-15T11:40:48.962+0000][52700.120s][info ][safepoint     ] Leaving safepoint region
[2023-11-15T11:40:48.962+0000][52700.120s][info ][safepoint     ] Total time for which application threads were stopped: 0.0003416 seconds, Stopping threads took: 0.0000530 seconds
[2023-11-15T11:40:49.962+0000][52701.120s][debug][safepoint     ] Safepoint synchronization initiated. (180 threads)
[2023-11-15T11:40:49.962+0000][52701.120s][info ][safepoint     ] Application time: 1.0001672 seconds
[2023-11-15T11:40:49.962+0000][52701.120s][info ][safepoint     ] Entering safepoint region: Cleanup
[2023-11-15T11:40:49.962+0000][52701.120s][info ][safepoint     ] Leaving safepoint region
[2023-11-15T11:40:49.962+0000][52701.120s][info ][safepoint     ] Total time for which application threads were stopped: 0.0003878 seconds, Stopping threads took: 0.0001727 seconds
[2023-11-15T11:40:50.962+0000][52702.120s][debug][safepoint     ] Safepoint synchronization initiated. (180 threads)
[2023-11-15T11:40:50.962+0000][52702.121s][info ][safepoint     ] Application time: 1.0001738 seconds
[2023-11-15T11:40:50.962+0000][52702.121s][info ][safepoint     ] Entering safepoint region: Cleanup
[2023-11-15T11:40:50.963+0000][52702.121s][info ][safepoint     ] Leaving safepoint region
[2023-11-15T11:40:50.963+0000][52702.121s][info ][safepoint     ] Total time for which application threads were stopped: 0.0003545 seconds, Stopping threads took: 0.0000536 seconds
[2023-11-15T11:40:51.963+0000][52703.121s][debug][safepoint     ] Safepoint synchronization initiated. (180 threads)
[2023-11-15T11:40:51.963+0000][52703.121s][info ][safepoint     ] Application time: 1.0001776 seconds
[2023-11-15T11:40:51.963+0000][52703.121s][info ][safepoint     ] Entering safepoint region: Cleanup
[2023-11-15T11:40:51.963+0000][52703.121s][info ][safepoint     ] Leaving safepoint region
[2023-11-15T11:40:51.963+0000][52703.121s][info ][safepoint     ] Total time for which application threads were stopped: 0.0003126 seconds, Stopping threads took: 0.0000412 seconds
[2023-11-15T11:40:52.963+0000][52704.122s][debug][safepoint     ] Safepoint synchronization initiated. (180 threads)
[2023-11-15T11:40:52.964+0000][52704.122s][info ][safepoint     ] Application time: 1.0002109 seconds
[2023-11-15T11:40:52.964+0000][52704.122s][info ][safepoint     ] Entering safepoint region: Cleanup
[2023-11-15T11:40:52.964+0000][52704.122s][info ][safepoint     ] Leaving safepoint region
[2023-11-15T11:40:52.964+0000][52704.122s][info ][safepoint     ] Total time for which application threads were stopped: 0.0003630 seconds, Stopping threads took: 0.0000545 seconds
[2023-11-15T11:40:53.964+0000][52705.122s][debug][safepoint     ] Safepoint synchronization initiated. (180 threads)
[2023-11-15T11:40:53.964+0000][52705.122s][info ][safepoint     ] Application time: 1.0001619 seconds
[2023-11-15T11:40:53.964+0000][52705.122s][info ][safepoint     ] Entering safepoint region: Cleanup
[2023-11-15T11:40:53.964+0000][52705.123s][info ][safepoint     ] Leaving safepoint region
[2023-11-15T11:40:53.964+0000][52705.123s][info ][safepoint     ] Total time for which application threads were stopped: 0.0003537 seconds, Stopping threads took: 0.0000537 seconds
[2023-11-15T11:40:54.965+0000][52706.123s][debug][safepoint     ] Safepoint synchronization initiated. (180 threads)
[2023-11-15T11:40:54.965+0000][52706.123s][info ][safepoint     ] Application time: 1.0001580 seconds
[2023-11-15T11:40:54.965+0000][52706.123s][info ][safepoint     ] Entering safepoint region: Cleanup
[2023-11-15T11:40:54.965+0000][52706.123s][info ][safepoint     ] Leaving safepoint region
[2023-11-15T11:40:54.965+0000][52706.123s][info ][safepoint     ] Total time for which application threads were stopped: 0.0003524 seconds, Stopping threads took: 0.0000530 seconds
[2023-11-15T11:40:55.965+0000][52707.123s][debug][safepoint     ] Safepoint synchronization initiated. (180 threads)
[2023-11-15T11:40:55.965+0000][52707.123s][info ][safepoint     ] Application time: 1.0001642 seconds
[2023-11-15T11:40:55.965+0000][52707.123s][info ][safepoint     ] Entering safepoint region: Cleanup
[2023-11-15T11:40:55.966+0000][52707.124s][info ][safepoint     ] Leaving safepoint region
[2023-11-15T11:40:55.966+0000][52707.124s][info ][safepoint     ] Total time for which application threads were stopped: 0.0003507 seconds, Stopping threads took: 0.0000523 seconds
[2023-11-15T11:40:56.966+0000][52708.124s][debug][safepoint     ] Safepoint synchronization initiated. (180 threads)
[2023-11-15T11:40:56.966+0000][52708.124s][info ][safepoint     ] Application time: 1.0001589 seconds
[2023-11-15T11:40:56.966+0000][52708.124s][info ][safepoint     ] Entering safepoint region: Cleanup
[2023-11-15T11:40:56.966+0000][52708.124s][info ][safepoint     ] Leaving safepoint region
[2023-11-15T11:40:56.966+0000][52708.124s][info ][safepoint     ] Total time for which application threads were stopped: 0.0003477 seconds, Stopping threads took: 0.0000530 seconds
[2023-11-15T11:40:57.966+0000][52709.124s][debug][safepoint     ] Safepoint synchronization initiated. (180 threads)
[2023-11-15T11:40:57.966+0000][52709.124s][info ][safepoint     ] Application time: 1.0001834 seconds
[2023-11-15T11:40:57.966+0000][52709.124s][info ][safepoint     ] Entering safepoint region: Cleanup
[2023-11-15T11:40:57.967+0000][52709.125s][info ][safepoint     ] Leaving safepoint region
[2023-11-15T11:40:57.967+0000][52709.125s][info ][safepoint     ] Total time for which application threads were stopped: 0.0006575 seconds, Stopping threads took: 0.0004345 seconds
[2023-11-15T11:40:58.967+0000][52710.125s][debug][safepoint     ] Safepoint synchronization initiated. (180 threads)
[2023-11-15T11:40:58.967+0000][52710.125s][info ][safepoint     ] Application time: 1.0001836 seconds
[2023-11-15T11:40:58.967+0000][52710.125s][info ][safepoint     ] Entering safepoint region: Cleanup
[2023-11-15T11:40:58.968+0000][52710.126s][info ][safepoint     ] Leaving safepoint region
[2023-11-15T11:40:58.968+0000][52710.126s][info ][safepoint     ] Total time for which application threads were stopped: 0.0003289 seconds, Stopping threads took: 0.0000537 seconds
[2023-11-15T11:40:59.968+0000][52711.126s][debug][safepoint     ] Safepoint synchronization initiated. (180 threads)
[2023-11-15T11:40:59.968+0000][52711.126s][info ][safepoint     ] Application time: 1.0001480 seconds
[2023-11-15T11:40:59.968+0000][52711.126s][info ][safepoint     ] Entering safepoint region: Cleanup
[2023-11-15T11:40:59.968+0000][52711.126s][info ][safepoint     ] Leaving safepoint region
[2023-11-15T11:40:59.968+0000][52711.126s][info ][safepoint     ] Total time for which application threads were stopped: 0.0003663 seconds, Stopping threads took: 0.0000511 seconds
[2023-11-15T11:41:00.968+0000][52712.126s][debug][safepoint     ] Safepoint synchronization initiated. (180 threads)
[2023-11-15T11:41:00.968+0000][52712.126s][info ][safepoint     ] Application time: 1.0001587 seconds
[2023-11-15T11:41:00.968+0000][52712.126s][info ][safepoint     ] Entering safepoint region: Cleanup
[2023-11-15T11:41:00.969+0000][52712.127s][info ][safepoint     ] Leaving safepoint region
[2023-11-15T11:41:00.969+0000][52712.127s][info ][safepoint     ] Total time for which application threads were stopped: 0.0003498 seconds, Stopping threads took: 0.0000520 seconds
[2023-11-15T11:41:01.969+0000][52713.127s][debug][safepoint     ] Safepoint synchronization initiated. (180 threads)
[2023-11-15T11:41:01.969+0000][52713.127s][info ][safepoint     ] Application time: 1.0001584 seconds
[2023-11-15T11:41:01.969+0000][52713.127s][info ][safepoint     ] Entering safepoint region: Cleanup
[2023-11-15T11:41:01.969+0000][52713.127s][info ][safepoint     ] Leaving safepoint region
[2023-11-15T11:41:01.969+0000][52713.127s][info ][safepoint     ] Total time for which application threads were stopped: 0.0003476 seconds, Stopping threads took: 0.0000519 seconds
[2023-11-15T11:41:02.969+0000][52714.127s][debug][safepoint     ] Safepoint synchronization initiated. (180 threads)
[2023-11-15T11:41:02.969+0000][52714.128s][info ][safepoint     ] Application time: 1.0001603 seconds
[2023-11-15T11:41:02.970+0000][52714.128s][info ][safepoint     ] Entering safepoint region: Cleanup
[2023-11-15T11:41:02.970+0000][52714.128s][info ][safepoint     ] Leaving safepoint region
[2023-11-15T11:41:02.970+0000][52714.128s][info ][safepoint     ] Total time for which application threads were stopped: 0.0004023 seconds, Stopping threads took: 0.0000566 seconds
[2023-11-15T11:41:03.970+0000][52715.128s][debug][safepoint     ] Safepoint synchronization initiated. (180 threads)
[2023-11-15T11:41:03.970+0000][52715.128s][info ][safepoint     ] Application time: 1.0001608 seconds
[2023-11-15T11:41:03.970+0000][52715.128s][info ][safepoint     ] Entering safepoint region: Cleanup
[2023-11-15T11:41:03.970+0000][52715.128s][info ][safepoint     ] Leaving safepoint region
[2023-11-15T11:41:03.970+0000][52715.128s][info ][safepoint     ] Total time for which application threads were stopped: 0.0003472 seconds, Stopping threads took: 0.0000523 seconds
[2023-11-15T11:41:04.971+0000][52716.129s][debug][safepoint     ] Safepoint synchronization initiated. (180 threads)
[2023-11-15T11:41:04.971+0000][52716.129s][info ][safepoint     ] Application time: 1.0001724 seconds
[2023-11-15T11:41:04.971+0000][52716.129s][info ][safepoint     ] Entering safepoint region: Cleanup
[2023-11-15T11:41:04.971+0000][52716.129s][info ][safepoint     ] Leaving safepoint region
[2023-11-15T11:41:04.971+0000][52716.129s][info ][safepoint     ] Total time for which application threads were stopped: 0.0003566 seconds, Stopping threads took: 0.0000535 seconds
[2023-11-15T11:41:05.971+0000][52717.129s][debug][safepoint     ] Safepoint synchronization initiated. (180 threads)
[2023-11-15T11:41:05.971+0000][52717.129s][info ][safepoint     ] Application time: 1.0001628 seconds
[2023-11-15T11:41:05.971+0000][52717.129s][info ][safepoint     ] Entering safepoint region: Cleanup
[2023-11-15T11:41:05.971+0000][52717.130s][info ][safepoint     ] Leaving safepoint region
[2023-11-15T11:41:05.972+0000][52717.130s][info ][safepoint     ] Total time for which application threads were stopped: 0.0003234 seconds, Stopping threads took: 0.0000507 seconds
[2023-11-15T11:41:06.972+0000][52718.130s][debug][safepoint     ] Safepoint synchronization initiated. (180 threads)
[2023-11-15T11:41:06.972+0000][52718.130s][info ][safepoint     ] Application time: 1.0001754 seconds
[2023-11-15T11:41:06.972+0000][52718.130s][info ][safepoint     ] Entering safepoint region: Cleanup
[2023-11-15T11:41:06.972+0000][52718.130s][info ][safepoint     ] Leaving safepoint region
[2023-11-15T11:41:06.972+0000][52718.130s][info ][safepoint     ] Total time for which application threads were stopped: 0.0003497 seconds, Stopping threads took: 0.0000521 seconds
[2023-11-15T11:41:07.972+0000][52719.130s][debug][safepoint     ] Safepoint synchronization initiated. (180 threads)
[2023-11-15T11:41:07.972+0000][52719.130s][info ][safepoint     ] Application time: 1.0001912 seconds
[2023-11-15T11:41:07.972+0000][52719.130s][info ][safepoint     ] Entering safepoint region: Cleanup
[2023-11-15T11:41:07.973+0000][52719.131s][info ][safepoint     ] Leaving safepoint region
[2023-11-15T11:41:07.973+0000][52719.131s][info ][safepoint     ] Total time for which application threads were stopped: 0.0004238 seconds, Stopping threads took: 0.0001876 seconds
[2023-11-15T11:41:08.973+0000][52720.131s][debug][safepoint     ] Safepoint synchronization initiated. (180 threads)
[2023-11-15T11:41:08.973+0000][52720.131s][info ][safepoint     ] Application time: 1.0001521 seconds
[2023-11-15T11:41:08.973+0000][52720.131s][info ][safepoint     ] Entering safepoint region: Cleanup
[2023-11-15T11:41:08.973+0000][52720.131s][info ][safepoint     ] Leaving safepoint region
[2023-11-15T11:41:08.973+0000][52720.131s][info ][safepoint     ] Total time for which application threads were stopped: 0.0002827 seconds, Stopping threads took: 0.0000520 seconds
[2023-11-15T11:41:09.973+0000][52721.131s][debug][safepoint     ] Safepoint synchronization initiated. (180 threads)
[2023-11-15T11:41:09.973+0000][52721.131s][info ][safepoint     ] Application time: 1.0001648 seconds
[2023-11-15T11:41:09.973+0000][52721.132s][info ][safepoint     ] Entering safepoint region: Cleanup
[2023-11-15T11:41:09.974+0000][52721.132s][info ][safepoint     ] Leaving safepoint region
[2023-11-15T11:41:09.974+0000][52721.132s][info ][safepoint     ] Total time for which application threads were stopped: 0.0002564 seconds, Stopping threads took: 0.0000497 seconds
[2023-11-15T11:41:10.974+0000][52722.132s][debug][safepoint     ] Safepoint synchronization initiated. (180 threads)
[2023-11-15T11:41:10.974+0000][52722.132s][info ][safepoint     ] Application time: 1.0001429 seconds
[2023-11-15T11:41:10.974+0000][52722.132s][info ][safepoint     ] Entering safepoint region: Cleanup
[2023-11-15T11:41:10.974+0000][52722.132s][info ][safepoint     ] Leaving safepoint region
[2023-11-15T11:41:10.974+0000][52722.132s][info ][safepoint     ] Total time for which application threads were stopped: 0.0002932 seconds, Stopping threads took: 0.0000508 seconds
[2023-11-15T11:41:11.974+0000][52723.132s][debug][safepoint     ] Safepoint synchronization initiated. (180 threads)
[2023-11-15T11:41:11.974+0000][52723.132s][info ][safepoint     ] Application time: 1.0001771 seconds
[2023-11-15T11:41:11.974+0000][52723.132s][info ][safepoint     ] Entering safepoint region: Cleanup
[2023-11-15T11:41:11.975+0000][52723.133s][info ][safepoint     ] Leaving safepoint region
[2023-11-15T11:41:11.975+0000][52723.133s][info ][safepoint     ] Total time for which application threads were stopped: 0.0003582 seconds, Stopping threads took: 0.0000531 seconds
[2023-11-15T11:41:12.975+0000][52724.133s][debug][safepoint     ] Safepoint synchronization initiated. (180 threads)
[2023-11-15T11:41:12.975+0000][52724.133s][info ][safepoint     ] Application time: 1.0001526 seconds
[2023-11-15T11:41:12.975+0000][52724.133s][info ][safepoint     ] Entering safepoint region: Cleanup
[2023-11-15T11:41:12.975+0000][52724.133s][info ][safepoint     ] Leaving safepoint region
[2023-11-15T11:41:12.975+0000][52724.133s][info ][safepoint     ] Total time for which application threads were stopped: 0.0005259 seconds, Stopping threads took: 0.0002552 seconds
[2023-11-15T11:41:13.976+0000][52725.134s][debug][safepoint     ] Safepoint synchronization initiated. (180 threads)
[2023-11-15T11:41:13.976+0000][52725.134s][info ][safepoint     ] Application time: 1.0001537 seconds
[2023-11-15T11:41:13.976+0000][52725.134s][info ][safepoint     ] Entering safepoint region: Cleanup
[2023-11-15T11:41:13.976+0000][52725.134s][info ][safepoint     ] Leaving safepoint region
[2023-11-15T11:41:13.976+0000][52725.134s][info ][safepoint     ] Total time for which application threads were stopped: 0.0003533 seconds, Stopping threads took: 0.0000534 seconds
[2023-11-15T11:41:14.976+0000][52726.134s][debug][safepoint     ] Safepoint synchronization initiated. (180 threads)
[2023-11-15T11:41:14.976+0000][52726.134s][info ][safepoint     ] Application time: 1.0001587 seconds
[2023-11-15T11:41:14.976+0000][52726.134s][info ][safepoint     ] Entering safepoint region: Cleanup
[2023-11-15T11:41:14.976+0000][52726.135s][info ][safepoint     ] Leaving safepoint region
[2023-11-15T11:41:14.977+0000][52726.135s][info ][safepoint     ] Total time for which application threads were stopped: 0.0003337 seconds, Stopping threads took: 0.0000533 seconds
[2023-11-15T11:41:15.977+0000][52727.135s][debug][safepoint     ] Safepoint synchronization initiated. (180 threads)
[2023-11-15T11:41:15.977+0000][52727.135s][info ][safepoint     ] Application time: 1.0001578 seconds
[2023-11-15T11:41:15.977+0000][52727.135s][info ][safepoint     ] Entering safepoint region: Cleanup
[2023-11-15T11:41:15.977+0000][52727.135s][info ][safepoint     ] Leaving safepoint region
[2023-11-15T11:41:15.977+0000][52727.135s][info ][safepoint     ] Total time for which application threads were stopped: 0.0003565 seconds, Stopping threads took: 0.0000521 seconds
[2023-11-15T11:41:16.977+0000][52728.135s][debug][safepoint     ] Safepoint synchronization initiated. (180 threads)
[2023-11-15T11:41:16.977+0000][52728.135s][info ][safepoint     ] Application time: 1.0001604 seconds
[2023-11-15T11:41:16.977+0000][52728.135s][info ][safepoint     ] Entering safepoint region: Cleanup
[2023-11-15T11:41:16.978+0000][52728.136s][info ][safepoint     ] Leaving safepoint region
[2023-11-15T11:41:16.978+0000][52728.136s][info ][safepoint     ] Total time for which application threads were stopped: 0.0003502 seconds, Stopping threads took: 0.0000527 seconds
[2023-11-15T11:41:17.978+0000][52729.136s][debug][safepoint     ] Safepoint synchronization initiated. (180 threads)
[2023-11-15T11:41:17.978+0000][52729.136s][info ][safepoint     ] Application time: 1.0001998 seconds
[2023-11-15T11:41:17.978+0000][52729.136s][info ][safepoint     ] Entering safepoint region: Cleanup
[2023-11-15T11:41:17.978+0000][52729.137s][info ][safepoint     ] Leaving safepoint region
[2023-11-15T11:41:17.978+0000][52729.137s][info ][safepoint     ] Total time for which application threads were stopped: 0.0006194 seconds, Stopping threads took: 0.0002578 seconds
[2023-11-15T11:41:18.979+0000][52730.137s][debug][safepoint     ] Safepoint synchronization initiated. (180 threads)
[2023-11-15T11:41:18.979+0000][52730.137s][info ][safepoint     ] Application time: 1.0001454 seconds
[2023-11-15T11:41:18.979+0000][52730.137s][info ][safepoint     ] Entering safepoint region: Cleanup
[2023-11-15T11:41:18.979+0000][52730.137s][info ][safepoint     ] Leaving safepoint region
[2023-11-15T11:41:18.979+0000][52730.137s][info ][safepoint     ] Total time for which application threads were stopped: 0.0003072 seconds, Stopping threads took: 0.0000535 seconds
[2023-11-15T11:41:19.979+0000][52731.137s][debug][safepoint     ] Safepoint synchronization initiated. (180 threads)
[2023-11-15T11:41:19.979+0000][52731.137s][info ][safepoint     ] Application time: 1.0001614 seconds
[2023-11-15T11:41:19.979+0000][52731.137s][info ][safepoint     ] Entering safepoint region: Cleanup
[2023-11-15T11:41:19.979+0000][52731.138s][info ][safepoint     ] Leaving safepoint region
[2023-11-15T11:41:19.980+0000][52731.138s][info ][safepoint     ] Total time for which application threads were stopped: 0.0003617 seconds, Stopping threads took: 0.0000539 seconds
[2023-11-15T11:41:20.980+0000][52732.138s][debug][safepoint     ] Safepoint synchronization initiated. (180 threads)
[2023-11-15T11:41:20.980+0000][52732.138s][info ][safepoint     ] Application time: 1.0001546 seconds
[2023-11-15T11:41:20.980+0000][52732.138s][info ][safepoint     ] Entering safepoint region: Cleanup
[2023-11-15T11:41:20.980+0000][52732.138s][info ][safepoint     ] Leaving safepoint region
[2023-11-15T11:41:20.980+0000][52732.138s][info ][safepoint     ] Total time for which application threads were stopped: 0.0003522 seconds, Stopping threads took: 0.0000510 seconds
[2023-11-15T11:41:21.980+0000][52733.138s][debug][safepoint     ] Safepoint synchronization initiated. (180 threads)
[2023-11-15T11:41:21.980+0000][52733.138s][info ][safepoint     ] Application time: 1.0001529 seconds
[2023-11-15T11:41:21.980+0000][52733.138s][info ][safepoint     ] Entering safepoint region: Cleanup
[2023-11-15T11:41:21.981+0000][52733.139s][info ][safepoint     ] Leaving safepoint region
[2023-11-15T11:41:21.981+0000][52733.139s][info ][safepoint     ] Total time for which application threads were stopped: 0.0003764 seconds, Stopping threads took: 0.0000500 seconds
[2023-11-15T11:41:22.981+0000][52734.139s][debug][safepoint     ] Safepoint synchronization initiated. (180 threads)
[2023-11-15T11:41:22.981+0000][52734.139s][info ][safepoint     ] Application time: 1.0001359 seconds
[2023-11-15T11:41:22.981+0000][52734.139s][info ][safepoint     ] Entering safepoint region: Cleanup
[2023-11-15T11:41:22.981+0000][52734.139s][info ][safepoint     ] Leaving safepoint region
[2023-11-15T11:41:22.981+0000][52734.139s][info ][safepoint     ] Total time for which application threads were stopped: 0.0002673 seconds, Stopping threads took: 0.0000519 seconds
[2023-11-15T11:41:23.981+0000][52735.139s][debug][safepoint     ] Safepoint synchronization initiated. (179 threads)
[2023-11-15T11:41:23.981+0000][52735.139s][info ][safepoint     ] Application time: 1.0001638 seconds
[2023-11-15T11:41:23.981+0000][52735.139s][info ][safepoint     ] Entering safepoint region: Cleanup
[2023-11-15T11:41:23.982+0000][52735.140s][info ][safepoint     ] Leaving safepoint region
[2023-11-15T11:41:23.982+0000][52735.140s][info ][safepoint     ] Total time for which application threads were stopped: 0.0002674 seconds, Stopping threads took: 0.0000503 seconds
[2023-11-15T11:41:24.982+0000][52736.140s][debug][safepoint     ] Safepoint synchronization initiated. (179 threads)
[2023-11-15T11:41:24.982+0000][52736.140s][info ][safepoint     ] Application time: 1.0001695 seconds
[2023-11-15T11:41:24.982+0000][52736.140s][info ][safepoint     ] Entering safepoint region: Cleanup
[2023-11-15T11:41:24.982+0000][52736.140s][info ][safepoint     ] Leaving safepoint region
[2023-11-15T11:41:24.982+0000][52736.140s][info ][safepoint     ] Total time for which application threads were stopped: 0.0003562 seconds, Stopping threads took: 0.0000507 seconds
[2023-11-15T11:41:25.982+0000][52737.140s][debug][safepoint     ] Safepoint synchronization initiated. (179 threads)
[2023-11-15T11:41:25.982+0000][52737.140s][info ][safepoint     ] Application time: 1.0001688 seconds
[2023-11-15T11:41:25.982+0000][52737.140s][info ][safepoint     ] Entering safepoint region: Cleanup
[2023-11-15T11:41:25.983+0000][52737.141s][info ][safepoint     ] Leaving safepoint region
[2023-11-15T11:41:25.983+0000][52737.141s][info ][safepoint     ] Total time for which application threads were stopped: 0.0003489 seconds, Stopping threads took: 0.0000503 seconds
[2023-11-15T11:41:26.983+0000][52738.141s][debug][safepoint     ] Safepoint synchronization initiated. (179 threads)
[2023-11-15T11:41:26.983+0000][52738.141s][info ][safepoint     ] Application time: 1.0001728 seconds
[2023-11-15T11:41:26.983+0000][52738.141s][info ][safepoint     ] Entering safepoint region: Cleanup
[2023-11-15T11:41:26.983+0000][52738.141s][info ][safepoint     ] Leaving safepoint region
[2023-11-15T11:41:26.983+0000][52738.141s][info ][safepoint     ] Total time for which application threads were stopped: 0.0003444 seconds, Stopping threads took: 0.0000485 seconds
[2023-11-15T11:41:27.983+0000][52739.141s][debug][safepoint     ] Safepoint synchronization initiated. (179 threads)
[2023-11-15T11:41:27.983+0000][52739.141s][info ][safepoint     ] Application time: 1.0001684 seconds
[2023-11-15T11:41:27.983+0000][52739.142s][info ][safepoint     ] Entering safepoint region: Cleanup
[2023-11-15T11:41:27.984+0000][52739.142s][info ][safepoint     ] Leaving safepoint region
[2023-11-15T11:41:27.984+0000][52739.142s][info ][safepoint     ] Total time for which application threads were stopped: 0.0005554 seconds, Stopping threads took: 0.0003385 seconds
[2023-11-15T11:41:28.984+0000][52740.142s][debug][safepoint     ] Safepoint synchronization initiated. (179 threads)
[2023-11-15T11:41:28.984+0000][52740.142s][info ][safepoint     ] Application time: 1.0001592 seconds
[2023-11-15T11:41:28.984+0000][52740.142s][info ][safepoint     ] Entering safepoint region: Cleanup
[2023-11-15T11:41:28.984+0000][52740.143s][info ][safepoint     ] Leaving safepoint region
[2023-11-15T11:41:28.985+0000][52740.143s][info ][safepoint     ] Total time for which application threads were stopped: 0.0003740 seconds, Stopping threads took: 0.0000731 seconds
[2023-11-15T11:41:29.985+0000][52741.143s][debug][safepoint     ] Safepoint synchronization initiated. (179 threads)
[2023-11-15T11:41:29.985+0000][52741.143s][info ][safepoint     ] Application time: 1.0001541 seconds
[2023-11-15T11:41:29.985+0000][52741.143s][info ][safepoint     ] Entering safepoint region: Cleanup
[2023-11-15T11:41:29.985+0000][52741.143s][info ][safepoint     ] Leaving safepoint region
[2023-11-15T11:41:29.985+0000][52741.143s][info ][safepoint     ] Total time for which application threads were stopped: 0.0003452 seconds, Stopping threads took: 0.0000510 seconds
[2023-11-15T11:41:30.985+0000][52742.143s][debug][safepoint     ] Safepoint synchronization initiated. (179 threads)
[2023-11-15T11:41:30.985+0000][52742.143s][info ][safepoint     ] Application time: 1.0001689 seconds
[2023-11-15T11:41:30.985+0000][52742.143s][info ][safepoint     ] Entering safepoint region: Cleanup
[2023-11-15T11:41:30.986+0000][52742.144s][info ][safepoint     ] Leaving safepoint region
[2023-11-15T11:41:30.986+0000][52742.144s][info ][safepoint     ] Total time for which application threads were stopped: 0.0003486 seconds, Stopping threads took: 0.0000503 seconds
[2023-11-15T11:41:31.986+0000][52743.144s][debug][safepoint     ] Safepoint synchronization initiated. (179 threads)
[2023-11-15T11:41:31.986+0000][52743.144s][info ][safepoint     ] Application time: 1.0001515 seconds
[2023-11-15T11:41:31.986+0000][52743.144s][info ][safepoint     ] Entering safepoint region: Cleanup
[2023-11-15T11:41:31.986+0000][52743.144s][info ][safepoint     ] Leaving safepoint region
[2023-11-15T11:41:31.986+0000][52743.144s][info ][safepoint     ] Total time for which application threads were stopped: 0.0003476 seconds, Stopping threads took: 0.0000499 seconds
[2023-11-15T11:41:32.986+0000][52744.144s][debug][safepoint     ] Safepoint synchronization initiated. (179 threads)
[2023-11-15T11:41:32.986+0000][52744.144s][info ][safepoint     ] Application time: 1.0001773 seconds
[2023-11-15T11:41:32.986+0000][52744.144s][info ][safepoint     ] Entering safepoint region: Cleanup
[2023-11-15T11:41:32.987+0000][52744.145s][info ][safepoint     ] Leaving safepoint region
[2023-11-15T11:41:32.987+0000][52744.145s][info ][safepoint     ] Total time for which application threads were stopped: 0.0003376 seconds, Stopping threads took: 0.0000515 seconds
[2023-11-15T11:41:33.987+0000][52745.145s][debug][safepoint     ] Safepoint synchronization initiated. (179 threads)
[2023-11-15T11:41:33.987+0000][52745.145s][info ][safepoint     ] Application time: 1.0001514 seconds
[2023-11-15T11:41:33.987+0000][52745.145s][info ][safepoint     ] Entering safepoint region: Cleanup
[2023-11-15T11:41:33.987+0000][52745.145s][info ][safepoint     ] Leaving safepoint region
[2023-11-15T11:41:33.987+0000][52745.145s][info ][safepoint     ] Total time for which application threads were stopped: 0.0003454 seconds, Stopping threads took: 0.0000501 seconds
[2023-11-15T11:41:34.987+0000][52746.145s][debug][safepoint     ] Safepoint synchronization initiated. (179 threads)
[2023-11-15T11:41:34.987+0000][52746.145s][info ][safepoint     ] Application time: 1.0001550 seconds
[2023-11-15T11:41:34.987+0000][52746.146s][info ][safepoint     ] Entering safepoint region: Cleanup
[2023-11-15T11:41:34.988+0000][52746.146s][info ][safepoint     ] Leaving safepoint region
[2023-11-15T11:41:34.988+0000][52746.146s][info ][safepoint     ] Total time for which application threads were stopped: 0.0002797 seconds, Stopping threads took: 0.0000667 seconds
[2023-11-15T11:41:35.988+0000][52747.146s][debug][safepoint     ] Safepoint synchronization initiated. (179 threads)
[2023-11-15T11:41:35.988+0000][52747.146s][info ][safepoint     ] Application time: 1.0001530 seconds
[2023-11-15T11:41:35.988+0000][52747.146s][info ][safepoint     ] Entering safepoint region: Cleanup
[2023-11-15T11:41:35.988+0000][52747.146s][info ][safepoint     ] Leaving safepoint region
[2023-11-15T11:41:35.988+0000][52747.146s][info ][safepoint     ] Total time for which application threads were stopped: 0.0003692 seconds, Stopping threads took: 0.0000736 seconds
[2023-11-15T11:41:36.988+0000][52748.146s][debug][safepoint     ] Safepoint synchronization initiated. (179 threads)
[2023-11-15T11:41:36.988+0000][52748.146s][info ][safepoint     ] Application time: 1.0001530 seconds
[2023-11-15T11:41:36.988+0000][52748.147s][info ][safepoint     ] Entering safepoint region: Cleanup
[2023-11-15T11:41:36.989+0000][52748.147s][info ][safepoint     ] Leaving safepoint region
[2023-11-15T11:41:36.989+0000][52748.147s][info ][safepoint     ] Total time for which application threads were stopped: 0.0003423 seconds, Stopping threads took: 0.0000500 seconds
[2023-11-15T11:41:37.989+0000][52749.147s][debug][safepoint     ] Safepoint synchronization initiated. (179 threads)
[2023-11-15T11:41:37.989+0000][52749.147s][info ][safepoint     ] Application time: 1.0001706 seconds
[2023-11-15T11:41:37.989+0000][52749.147s][info ][safepoint     ] Entering safepoint region: Cleanup
[2023-11-15T11:41:37.989+0000][52749.148s][info ][safepoint     ] Leaving safepoint region
[2023-11-15T11:41:37.990+0000][52749.148s][info ][safepoint     ] Total time for which application threads were stopped: 0.0005054 seconds, Stopping threads took: 0.0001515 seconds
[2023-11-15T11:41:38.990+0000][52750.148s][debug][safepoint     ] Safepoint synchronization initiated. (179 threads)
[2023-11-15T11:41:38.990+0000][52750.148s][info ][safepoint     ] Application time: 1.0001709 seconds
[2023-11-15T11:41:38.990+0000][52750.148s][info ][safepoint     ] Entering safepoint region: Cleanup
[2023-11-15T11:41:38.990+0000][52750.148s][info ][safepoint     ] Leaving safepoint region
[2023-11-15T11:41:38.990+0000][52750.148s][info ][safepoint     ] Total time for which application threads were stopped: 0.0003500 seconds, Stopping threads took: 0.0000518 seconds
[2023-11-15T11:41:39.990+0000][52751.148s][debug][safepoint     ] Safepoint synchronization initiated. (179 threads)
[2023-11-15T11:41:39.990+0000][52751.148s][info ][safepoint     ] Application time: 1.0001549 seconds
[2023-11-15T11:41:39.990+0000][52751.148s][info ][safepoint     ] Entering safepoint region: Cleanup
[2023-11-15T11:41:39.991+0000][52751.149s][info ][safepoint     ] Leaving safepoint region
[2023-11-15T11:41:39.991+0000][52751.149s][info ][safepoint     ] Total time for which application threads were stopped: 0.0003417 seconds, Stopping threads took: 0.0000495 seconds
[2023-11-15T11:41:40.991+0000][52752.149s][debug][safepoint     ] Safepoint synchronization initiated. (179 threads)
[2023-11-15T11:41:40.991+0000][52752.149s][info ][safepoint     ] Application time: 1.0001513 seconds
[2023-11-15T11:41:40.991+0000][52752.149s][info ][safepoint     ] Entering safepoint region: Cleanup
[2023-11-15T11:41:40.991+0000][52752.149s][info ][safepoint     ] Leaving safepoint region
[2023-11-15T11:41:40.991+0000][52752.149s][info ][safepoint     ] Total time for which application threads were stopped: 0.0003440 seconds, Stopping threads took: 0.0000505 seconds
[2023-11-15T11:41:41.991+0000][52753.149s][debug][safepoint     ] Safepoint synchronization initiated. (179 threads)
[2023-11-15T11:41:41.991+0000][52753.149s][info ][safepoint     ] Application time: 1.0001521 seconds
[2023-11-15T11:41:41.991+0000][52753.149s][info ][safepoint     ] Entering safepoint region: Cleanup
[2023-11-15T11:41:41.992+0000][52753.150s][info ][safepoint     ] Leaving safepoint region
[2023-11-15T11:41:41.992+0000][52753.150s][info ][safepoint     ] Total time for which application threads were stopped: 0.0003347 seconds, Stopping threads took: 0.0000505 seconds
[2023-11-15T11:41:42.992+0000][52754.150s][debug][safepoint     ] Safepoint synchronization initiated. (179 threads)
[2023-11-15T11:41:42.992+0000][52754.150s][info ][safepoint     ] Application time: 1.0001621 seconds
[2023-11-15T11:41:42.992+0000][52754.150s][info ][safepoint     ] Entering safepoint region: Cleanup
[2023-11-15T11:41:42.992+0000][52754.150s][info ][safepoint     ] Leaving safepoint region
[2023-11-15T11:41:42.992+0000][52754.150s][info ][safepoint     ] Total time for which application threads were stopped: 0.0003386 seconds, Stopping threads took: 0.0000582 seconds
[2023-11-15T11:41:42.992+0000][52754.150s][debug][safepoint     ] ... found polling page return exception at pc = 0x00007fe180ff1766, stub =0x00007fe17883a800
[2023-11-15T11:41:42.992+0000][52754.150s][debug][safepoint     ] ... found polling page return exception at pc = 0x00007fe180ff1766, stub =0x00007fe17883a800
[2023-11-15T11:41:42.992+0000][52754.150s][debug][safepoint     ] ... found polling page return exception at pc = 0x00007fe180ff1766, stub =0x00007fe17883a800
[2023-11-15T11:41:43.992+0000][52755.151s][debug][safepoint     ] Safepoint synchronization initiated. (179 threads)
[2023-11-15T11:41:43.993+0000][52755.151s][info ][safepoint     ] Application time: 1.0001652 seconds
[2023-11-15T11:41:43.993+0000][52755.151s][info ][safepoint     ] Entering safepoint region: Cleanup
[2023-11-15T11:41:43.993+0000][52755.151s][info ][safepoint     ] Leaving safepoint region
[2023-11-15T11:41:43.993+0000][52755.151s][info ][safepoint     ] Total time for which application threads were stopped: 0.0003498 seconds, Stopping threads took: 0.0000518 seconds
[2023-11-15T11:41:44.993+0000][52756.151s][debug][safepoint     ] Safepoint synchronization initiated. (179 threads)
[2023-11-15T11:41:44.993+0000][52756.151s][info ][safepoint     ] Application time: 1.0001735 seconds
[2023-11-15T11:41:44.993+0000][52756.151s][info ][safepoint     ] Entering safepoint region: Cleanup
[2023-11-15T11:41:44.993+0000][52756.151s][info ][safepoint     ] Leaving safepoint region
[2023-11-15T11:41:44.993+0000][52756.152s][info ][safepoint     ] Total time for which application threads were stopped: 0.0003536 seconds, Stopping threads took: 0.0000512 seconds
[2023-11-15T11:41:45.994+0000][52757.152s][debug][safepoint     ] Safepoint synchronization initiated. (179 threads)
[2023-11-15T11:41:45.994+0000][52757.152s][info ][safepoint     ] Application time: 1.0001561 seconds
[2023-11-15T11:41:45.994+0000][52757.152s][info ][safepoint     ] Entering safepoint region: Cleanup
[2023-11-15T11:41:45.994+0000][52757.152s][info ][safepoint     ] Leaving safepoint region
[2023-11-15T11:41:45.994+0000][52757.152s][info ][safepoint     ] Total time for which application threads were stopped: 0.0002951 seconds, Stopping threads took: 0.0000509 seconds
[2023-11-15T11:41:46.994+0000][52758.152s][debug][safepoint     ] Safepoint synchronization initiated. (179 threads)
[2023-11-15T11:41:46.994+0000][52758.152s][info ][safepoint     ] Application time: 1.0001562 seconds
[2023-11-15T11:41:46.994+0000][52758.152s][info ][safepoint     ] Entering safepoint region: Cleanup
[2023-11-15T11:41:46.994+0000][52758.153s][info ][safepoint     ] Leaving safepoint region
[2023-11-15T11:41:46.994+0000][52758.153s][info ][safepoint     ] Total time for which application threads were stopped: 0.0003496 seconds, Stopping threads took: 0.0000501 seconds
[2023-11-15T11:41:47.995+0000][52759.153s][debug][safepoint     ] Safepoint synchronization initiated. (179 threads)
[2023-11-15T11:41:47.995+0000][52759.153s][info ][safepoint     ] Application time: 1.0001491 seconds
[2023-11-15T11:41:47.995+0000][52759.153s][info ][safepoint     ] Entering safepoint region: Cleanup
[2023-11-15T11:41:47.995+0000][52759.153s][info ][safepoint     ] Leaving safepoint region
[2023-11-15T11:41:47.995+0000][52759.153s][info ][safepoint     ] Total time for which application threads were stopped: 0.0003486 seconds, Stopping threads took: 0.0000511 seconds
[2023-11-15T11:41:48.995+0000][52760.153s][debug][safepoint     ] Safepoint synchronization initiated. (179 threads)
[2023-11-15T11:41:48.995+0000][52760.153s][info ][safepoint     ] Application time: 1.0001410 seconds
[2023-11-15T11:41:48.995+0000][52760.153s][info ][safepoint     ] Entering safepoint region: Cleanup
[2023-11-15T11:41:48.996+0000][52760.154s][info ][safepoint     ] Leaving safepoint region
[2023-11-15T11:41:48.996+0000][52760.154s][info ][safepoint     ] Total time for which application threads were stopped: 0.0003405 seconds, Stopping threads took: 0.0000702 seconds
[2023-11-15T11:41:49.996+0000][52761.154s][debug][safepoint     ] Safepoint synchronization initiated. (179 threads)
[2023-11-15T11:41:49.996+0000][52761.154s][info ][safepoint     ] Application time: 1.0001502 seconds
[2023-11-15T11:41:49.996+0000][52761.154s][info ][safepoint     ] Entering safepoint region: Cleanup
[2023-11-15T11:41:49.996+0000][52761.154s][info ][safepoint     ] Leaving safepoint region
[2023-11-15T11:41:49.996+0000][52761.154s][info ][safepoint     ] Total time for which application threads were stopped: 0.0003477 seconds, Stopping threads took: 0.0000510 seconds
[2023-11-15T11:41:50.996+0000][52762.154s][debug][safepoint     ] Safepoint synchronization initiated. (179 threads)
[2023-11-15T11:41:50.996+0000][52762.154s][info ][safepoint     ] Application time: 1.0001537 seconds
[2023-11-15T11:41:50.996+0000][52762.154s][info ][safepoint     ] Entering safepoint region: Cleanup
[2023-11-15T11:41:50.996+0000][52762.155s][info ][safepoint     ] Leaving safepoint region
[2023-11-15T11:41:50.997+0000][52762.155s][info ][safepoint     ] Total time for which application threads were stopped: 0.0002639 seconds, Stopping threads took: 0.0000507 seconds
[2023-11-15T11:41:51.997+0000][52763.155s][debug][safepoint     ] Safepoint synchronization initiated. (179 threads)
[2023-11-15T11:41:51.997+0000][52763.155s][info ][safepoint     ] Application time: 1.0001547 seconds
[2023-11-15T11:41:51.997+0000][52763.155s][info ][safepoint     ] Entering safepoint region: Cleanup
[2023-11-15T11:41:51.997+0000][52763.155s][info ][safepoint     ] Leaving safepoint region
[2023-11-15T11:41:51.997+0000][52763.155s][info ][safepoint     ] Total time for which application threads were stopped: 0.0005285 seconds, Stopping threads took: 0.0002619 seconds
[2023-11-15T11:41:52.997+0000][52764.155s][debug][safepoint     ] Safepoint synchronization initiated. (179 threads)
[2023-11-15T11:41:52.997+0000][52764.155s][info ][safepoint     ] Application time: 1.0001583 seconds
[2023-11-15T11:41:52.997+0000][52764.156s][info ][safepoint     ] Entering safepoint region: Cleanup
[2023-11-15T11:41:52.998+0000][52764.156s][info ][safepoint     ] Leaving safepoint region
[2023-11-15T11:41:52.998+0000][52764.156s][info ][safepoint     ] Total time for which application threads were stopped: 0.0002654 seconds, Stopping threads took: 0.0000516 seconds
[2023-11-15T11:41:53.998+0000][52765.156s][debug][safepoint     ] Safepoint synchronization initiated. (179 threads)
[2023-11-15T11:41:53.998+0000][52765.156s][info ][safepoint     ] Application time: 1.0001551 seconds
[2023-11-15T11:41:53.998+0000][52765.156s][info ][safepoint     ] Entering safepoint region: Cleanup
[2023-11-15T11:41:53.998+0000][52765.156s][info ][safepoint     ] Leaving safepoint region
[2023-11-15T11:41:53.998+0000][52765.156s][info ][safepoint     ] Total time for which application threads were stopped: 0.0003482 seconds, Stopping threads took: 0.0000510 seconds
[2023-11-15T11:41:54.998+0000][52766.156s][debug][safepoint     ] Safepoint synchronization initiated. (179 threads)
[2023-11-15T11:41:54.998+0000][52766.156s][info ][safepoint     ] Application time: 1.0001680 seconds
[2023-11-15T11:41:54.998+0000][52766.157s][info ][safepoint     ] Entering safepoint region: Cleanup
[2023-11-15T11:41:54.999+0000][52766.157s][info ][safepoint     ] Leaving safepoint region
[2023-11-15T11:41:54.999+0000][52766.157s][info ][safepoint     ] Total time for which application threads were stopped: 0.0003441 seconds, Stopping threads took: 0.0000509 seconds
[2023-11-15T11:41:55.999+0000][52767.157s][debug][safepoint     ] Safepoint synchronization initiated. (179 threads)
[2023-11-15T11:41:55.999+0000][52767.157s][info ][safepoint     ] Application time: 1.0001539 seconds
[2023-11-15T11:41:55.999+0000][52767.157s][info ][safepoint     ] Entering safepoint region: Cleanup
[2023-11-15T11:41:55.999+0000][52767.157s][info ][safepoint     ] Leaving safepoint region
[2023-11-15T11:41:55.999+0000][52767.157s][info ][safepoint     ] Total time for which application threads were stopped: 0.0003458 seconds, Stopping threads took: 0.0000523 seconds
[2023-11-15T11:41:56.999+0000][52768.158s][debug][safepoint     ] Safepoint synchronization initiated. (179 threads)
[2023-11-15T11:41:57.000+0000][52768.158s][info ][safepoint     ] Application time: 1.0001621 seconds
[2023-11-15T11:41:57.000+0000][52768.158s][info ][safepoint     ] Entering safepoint region: Cleanup
[2023-11-15T11:41:57.000+0000][52768.158s][info ][safepoint     ] Leaving safepoint region
[2023-11-15T11:41:57.000+0000][52768.158s][info ][safepoint     ] Total time for which application threads were stopped: 0.0002875 seconds, Stopping threads took: 0.0000519 seconds
[2023-11-15T11:41:58.000+0000][52769.158s][debug][safepoint     ] Safepoint synchronization initiated. (179 threads)
[2023-11-15T11:41:58.000+0000][52769.158s][info ][safepoint     ] Application time: 1.0001454 seconds
[2023-11-15T11:41:58.000+0000][52769.158s][info ][safepoint     ] Entering safepoint region: Cleanup
[2023-11-15T11:41:58.000+0000][52769.158s][info ][safepoint     ] Leaving safepoint region
[2023-11-15T11:41:58.000+0000][52769.158s][info ][safepoint     ] Total time for which application threads were stopped: 0.0003402 seconds, Stopping threads took: 0.0000533 seconds
[2023-11-15T11:41:59.000+0000][52770.159s][debug][safepoint     ] Safepoint synchronization initiated. (179 threads)
[2023-11-15T11:41:59.001+0000][52770.159s][info ][safepoint     ] Application time: 1.0001633 seconds
[2023-11-15T11:41:59.001+0000][52770.159s][info ][safepoint     ] Entering safepoint region: Cleanup
[2023-11-15T11:41:59.001+0000][52770.159s][info ][safepoint     ] Leaving safepoint region
[2023-11-15T11:41:59.001+0000][52770.159s][info ][safepoint     ] Total time for which application threads were stopped: 0.0003050 seconds, Stopping threads took: 0.0000568 seconds
[2023-11-15T11:42:00.001+0000][52771.159s][debug][safepoint     ] Safepoint synchronization initiated. (179 threads)
[2023-11-15T11:42:00.001+0000][52771.159s][info ][safepoint     ] Application time: 1.0002065 seconds
[2023-11-15T11:42:00.001+0000][52771.159s][info ][safepoint     ] Entering safepoint region: Cleanup
[2023-11-15T11:42:00.001+0000][52771.159s][info ][safepoint     ] Leaving safepoint region
[2023-11-15T11:42:00.001+0000][52771.160s][info ][safepoint     ] Total time for which application threads were stopped: 0.0003750 seconds, Stopping threads took: 0.0000526 seconds
[2023-11-15T11:42:01.002+0000][52772.160s][debug][safepoint     ] Safepoint synchronization initiated. (179 threads)
[2023-11-15T11:42:01.002+0000][52772.160s][info ][safepoint     ] Application time: 1.0001568 seconds
[2023-11-15T11:42:01.002+0000][52772.160s][info ][safepoint     ] Entering safepoint region: Cleanup
[2023-11-15T11:42:01.002+0000][52772.160s][info ][safepoint     ] Leaving safepoint region
[2023-11-15T11:42:01.002+0000][52772.160s][info ][safepoint     ] Total time for which application threads were stopped: 0.0003675 seconds, Stopping threads took: 0.0000548 seconds
[2023-11-15T11:42:02.002+0000][52773.160s][debug][safepoint     ] Safepoint synchronization initiated. (179 threads)
[2023-11-15T11:42:02.002+0000][52773.160s][info ][safepoint     ] Application time: 1.0001523 seconds
[2023-11-15T11:42:02.005+0000][52773.163s][info ][safepoint     ] Entering safepoint region: Cleanup
[2023-11-15T11:42:02.005+0000][52773.164s][info ][safepoint     ] Leaving safepoint region
[2023-11-15T11:42:02.005+0000][52773.164s][info ][safepoint     ] Total time for which application threads were stopped: 0.0032975 seconds, Stopping threads took: 0.0031151 seconds
[2023-11-15T11:42:03.006+0000][52774.164s][debug][safepoint     ] Safepoint synchronization initiated. (179 threads)
[2023-11-15T11:42:03.006+0000][52774.164s][info ][safepoint     ] Application time: 1.0002346 seconds
[2023-11-15T11:42:03.006+0000][52774.164s][info ][safepoint     ] Entering safepoint region: Cleanup
[2023-11-15T11:42:03.006+0000][52774.164s][info ][safepoint     ] Leaving safepoint region
[2023-11-15T11:42:03.006+0000][52774.164s][info ][safepoint     ] Total time for which application threads were stopped: 0.0002415 seconds, Stopping threads took: 0.0000426 seconds
[2023-11-15T11:42:04.006+0000][52775.164s][debug][safepoint     ] Safepoint synchronization initiated. (179 threads)
[2023-11-15T11:42:04.006+0000][52775.164s][info ][safepoint     ] Application time: 1.0001145 seconds
[2023-11-15T11:42:04.006+0000][52775.164s][info ][safepoint     ] Entering safepoint region: Cleanup
[2023-11-15T11:42:04.006+0000][52775.164s][info ][safepoint     ] Leaving safepoint region
[2023-11-15T11:42:04.006+0000][52775.164s][info ][safepoint     ] Total time for which application threads were stopped: 0.0002007 seconds, Stopping threads took: 0.0000394 seconds
[2023-11-15T11:42:05.006+0000][52776.164s][debug][safepoint     ] Safepoint synchronization initiated. (179 threads)
[2023-11-15T11:42:05.006+0000][52776.165s][info ][safepoint     ] Application time: 1.0001357 seconds
[2023-11-15T11:42:05.007+0000][52776.165s][info ][safepoint     ] Entering safepoint region: Cleanup
[2023-11-15T11:42:05.007+0000][52776.165s][info ][safepoint     ] Leaving safepoint region
[2023-11-15T11:42:05.007+0000][52776.165s][info ][safepoint     ] Total time for which application threads were stopped: 0.0001823 seconds, Stopping threads took: 0.0000397 seconds
[2023-11-15T11:42:06.007+0000][52777.165s][debug][safepoint     ] Safepoint synchronization initiated. (179 threads)
[2023-11-15T11:42:06.007+0000][52777.165s][info ][safepoint     ] Application time: 1.0001306 seconds
[2023-11-15T11:42:06.007+0000][52777.165s][info ][safepoint     ] Entering safepoint region: Cleanup
[2023-11-15T11:42:06.007+0000][52777.165s][info ][safepoint     ] Leaving safepoint region
[2023-11-15T11:42:06.007+0000][52777.165s][info ][safepoint     ] Total time for which application threads were stopped: 0.0002416 seconds, Stopping threads took: 0.0000391 seconds
[2023-11-15T11:42:07.007+0000][52778.165s][debug][safepoint     ] Safepoint synchronization initiated. (178 threads)
[2023-11-15T11:42:07.007+0000][52778.165s][info ][safepoint     ] Application time: 1.0001243 seconds
[2023-11-15T11:42:07.007+0000][52778.165s][info ][safepoint     ] Entering safepoint region: Cleanup
[2023-11-15T11:42:07.011+0000][52778.169s][info ][safepoint     ] Leaving safepoint region
[2023-11-15T11:42:07.011+0000][52778.169s][info ][safepoint     ] Total time for which application threads were stopped: 0.0040128 seconds, Stopping threads took: 0.0000435 seconds
[2023-11-15T11:42:08.011+0000][52779.169s][debug][safepoint     ] Safepoint synchronization initiated. (178 threads)
[2023-11-15T11:42:08.011+0000][52779.169s][info ][safepoint     ] Application time: 1.0001172 seconds
[2023-11-15T11:42:08.011+0000][52779.169s][info ][safepoint     ] Entering safepoint region: Cleanup
[2023-11-15T11:42:08.012+0000][52779.170s][info ][safepoint     ] Leaving safepoint region
[2023-11-15T11:42:08.012+0000][52779.170s][info ][safepoint     ] Total time for which application threads were stopped: 0.0004304 seconds, Stopping threads took: 0.0002323 seconds
[2023-11-15T11:42:09.012+0000][52780.170s][debug][safepoint     ] Safepoint synchronization initiated. (178 threads)
[2023-11-15T11:42:09.012+0000][52780.170s][info ][safepoint     ] Application time: 1.0001423 seconds
[2023-11-15T11:42:09.012+0000][52780.170s][info ][safepoint     ] Entering safepoint region: Cleanup
[2023-11-15T11:42:09.012+0000][52780.170s][info ][safepoint     ] Leaving safepoint region
[2023-11-15T11:42:09.012+0000][52780.170s][info ][safepoint     ] Total time for which application threads were stopped: 0.0002113 seconds, Stopping threads took: 0.0000350 seconds
[2023-11-15T11:42:10.012+0000][52781.170s][debug][safepoint     ] Safepoint synchronization initiated. (178 threads)
[2023-11-15T11:42:10.012+0000][52781.170s][info ][safepoint     ] Application time: 1.0001485 seconds
[2023-11-15T11:42:10.012+0000][52781.170s][info ][safepoint     ] Entering safepoint region: Cleanup
[2023-11-15T11:42:10.013+0000][52781.171s][info ][safepoint     ] Leaving safepoint region
[2023-11-15T11:42:10.013+0000][52781.171s][info ][safepoint     ] Total time for which application threads were stopped: 0.0001819 seconds, Stopping threads took: 0.0000401 seconds
[2023-11-15T11:42:11.013+0000][52782.171s][debug][safepoint     ] Safepoint synchronization initiated. (178 threads)
[2023-11-15T11:42:11.013+0000][52782.171s][info ][safepoint     ] Application time: 1.0001368 seconds
[2023-11-15T11:42:11.013+0000][52782.171s][info ][safepoint     ] Entering safepoint region: Cleanup
[2023-11-15T11:42:11.013+0000][52782.171s][info ][safepoint     ] Leaving safepoint region
[2023-11-15T11:42:11.013+0000][52782.171s][info ][safepoint     ] Total time for which application threads were stopped: 0.0001829 seconds, Stopping threads took: 0.0000402 seconds
[2023-11-15T11:42:12.013+0000][52783.171s][debug][safepoint     ] Safepoint synchronization initiated. (178 threads)
[2023-11-15T11:42:12.013+0000][52783.171s][info ][safepoint     ] Application time: 1.0001359 seconds
[2023-11-15T11:42:12.013+0000][52783.171s][info ][safepoint     ] Entering safepoint region: Cleanup
[2023-11-15T11:42:12.013+0000][52783.171s][info ][safepoint     ] Leaving safepoint region
[2023-11-15T11:42:12.013+0000][52783.171s][info ][safepoint     ] Total time for which application threads were stopped: 0.0001977 seconds, Stopping threads took: 0.0000398 seconds
[2023-11-15T11:42:13.013+0000][52784.171s][debug][safepoint     ] Safepoint synchronization initiated. (178 threads)
[2023-11-15T11:42:13.013+0000][52784.171s][info ][safepoint     ] Application time: 1.0001074 seconds
[2023-11-15T11:42:13.013+0000][52784.171s][info ][safepoint     ] Entering safepoint region: Cleanup
[2023-11-15T11:42:13.014+0000][52784.172s][info ][safepoint     ] Leaving safepoint region
[2023-11-15T11:42:13.014+0000][52784.172s][info ][safepoint     ] Total time for which application threads were stopped: 0.0002379 seconds, Stopping threads took: 0.0000405 seconds
[2023-11-15T11:42:14.014+0000][52785.172s][debug][safepoint     ] Safepoint synchronization initiated. (178 threads)
[2023-11-15T11:42:14.014+0000][52785.172s][info ][safepoint     ] Application time: 1.0001373 seconds
[2023-11-15T11:42:14.014+0000][52785.172s][info ][safepoint     ] Entering safepoint region: Cleanup
[2023-11-15T11:42:14.014+0000][52785.172s][info ][safepoint     ] Leaving safepoint region
[2023-11-15T11:42:14.014+0000][52785.172s][info ][safepoint     ] Total time for which application threads were stopped: 0.0001929 seconds, Stopping threads took: 0.0000363 seconds
[2023-11-15T11:42:15.014+0000][52786.172s][debug][safepoint     ] Safepoint synchronization initiated. (178 threads)
[2023-11-15T11:42:15.014+0000][52786.172s][info ][safepoint     ] Application time: 1.0001151 seconds
[2023-11-15T11:42:15.014+0000][52786.172s][info ][safepoint     ] Entering safepoint region: Cleanup
[2023-11-15T11:42:15.014+0000][52786.172s][info ][safepoint     ] Leaving safepoint region
[2023-11-15T11:42:15.014+0000][52786.172s][info ][safepoint     ] Total time for which application threads were stopped: 0.0002877 seconds, Stopping threads took: 0.0000526 seconds
[2023-11-15T11:42:16.014+0000][52787.173s][debug][safepoint     ] Safepoint synchronization initiated. (178 threads)
[2023-11-15T11:42:16.015+0000][52787.173s][info ][safepoint     ] Application time: 1.0001376 seconds
[2023-11-15T11:42:16.015+0000][52787.173s][info ][safepoint     ] Entering safepoint region: Cleanup
[2023-11-15T11:42:16.015+0000][52787.173s][info ][safepoint     ] Leaving safepoint region
[2023-11-15T11:42:16.015+0000][52787.173s][info ][safepoint     ] Total time for which application threads were stopped: 0.0001859 seconds, Stopping threads took: 0.0000394 seconds
[2023-11-15T11:42:17.015+0000][52788.173s][debug][safepoint     ] Safepoint synchronization initiated. (178 threads)
[2023-11-15T11:42:17.015+0000][52788.173s][info ][safepoint     ] Application time: 1.0001497 seconds
[2023-11-15T11:42:17.015+0000][52788.173s][info ][safepoint     ] Entering safepoint region: Cleanup
[2023-11-15T11:42:17.015+0000][52788.173s][info ][safepoint     ] Leaving safepoint region
[2023-11-15T11:42:17.015+0000][52788.173s][info ][safepoint     ] Total time for which application threads were stopped: 0.0001817 seconds, Stopping threads took: 0.0000401 seconds
[2023-11-15T11:42:18.015+0000][52789.173s][debug][safepoint     ] Safepoint synchronization initiated. (178 threads)
[2023-11-15T11:42:18.015+0000][52789.173s][info ][safepoint     ] Application time: 1.0001575 seconds
[2023-11-15T11:42:18.015+0000][52789.173s][info ][safepoint     ] Entering safepoint region: Cleanup
[2023-11-15T11:42:18.016+0000][52789.174s][info ][safepoint     ] Leaving safepoint region
[2023-11-15T11:42:18.016+0000][52789.174s][info ][safepoint     ] Total time for which application threads were stopped: 0.0003272 seconds, Stopping threads took: 0.0001664 seconds
[2023-11-15T11:42:19.016+0000][52790.174s][debug][safepoint     ] Safepoint synchronization initiated. (178 threads)
[2023-11-15T11:42:19.016+0000][52790.174s][info ][safepoint     ] Application time: 1.0001376 seconds
[2023-11-15T11:42:19.016+0000][52790.174s][info ][safepoint     ] Entering safepoint region: Cleanup
[2023-11-15T11:42:19.016+0000][52790.174s][info ][safepoint     ] Leaving safepoint region
[2023-11-15T11:42:19.016+0000][52790.174s][info ][safepoint     ] Total time for which application threads were stopped: 0.0002399 seconds, Stopping threads took: 0.0000373 seconds
[2023-11-15T11:42:20.016+0000][52791.174s][debug][safepoint     ] Safepoint synchronization initiated. (178 threads)
[2023-11-15T11:42:20.016+0000][52791.174s][info ][safepoint     ] Application time: 1.0001376 seconds
[2023-11-15T11:42:20.016+0000][52791.174s][info ][safepoint     ] Entering safepoint region: Cleanup
[2023-11-15T11:42:20.016+0000][52791.174s][info ][safepoint     ] Leaving safepoint region
[2023-11-15T11:42:20.016+0000][52791.174s][info ][safepoint     ] Total time for which application threads were stopped: 0.0002599 seconds, Stopping threads took: 0.0000365 seconds
[2023-11-15T11:42:21.016+0000][52792.175s][debug][safepoint     ] Safepoint synchronization initiated. (178 threads)
[2023-11-15T11:42:21.017+0000][52792.175s][info ][safepoint     ] Application time: 1.0001475 seconds
[2023-11-15T11:42:21.017+0000][52792.175s][info ][safepoint     ] Entering safepoint region: Cleanup
[2023-11-15T11:42:21.017+0000][52792.175s][info ][safepoint     ] Leaving safepoint region
[2023-11-15T11:42:21.017+0000][52792.175s][info ][safepoint     ] Total time for which application threads were stopped: 0.0001960 seconds, Stopping threads took: 0.0000420 seconds
[2023-11-15T11:42:22.017+0000][52793.175s][debug][safepoint     ] Safepoint synchronization initiated. (178 threads)
[2023-11-15T11:42:22.017+0000][52793.175s][info ][safepoint     ] Application time: 1.0001105 seconds
[2023-11-15T11:42:22.017+0000][52793.175s][info ][safepoint     ] Entering safepoint region: Cleanup
[2023-11-15T11:42:22.017+0000][52793.175s][info ][safepoint     ] Leaving safepoint region
[2023-11-15T11:42:22.017+0000][52793.175s][info ][safepoint     ] Total time for which application threads were stopped: 0.0002080 seconds, Stopping threads took: 0.0000363 seconds
[2023-11-15T11:42:23.017+0000][52794.175s][debug][safepoint     ] Safepoint synchronization initiated. (178 threads)
[2023-11-15T11:42:23.017+0000][52794.175s][info ][safepoint     ] Application time: 1.0001256 seconds
[2023-11-15T11:42:23.017+0000][52794.175s][info ][safepoint     ] Entering safepoint region: Cleanup
[2023-11-15T11:42:23.017+0000][52794.176s][info ][safepoint     ] Leaving safepoint region
[2023-11-15T11:42:23.017+0000][52794.176s][info ][safepoint     ] Total time for which application threads were stopped: 0.0002566 seconds, Stopping threads took: 0.0000402 seconds
[2023-11-15T11:42:24.018+0000][52795.176s][debug][safepoint     ] Safepoint synchronization initiated. (178 threads)
[2023-11-15T11:42:24.018+0000][52795.176s][info ][safepoint     ] Application time: 1.0001343 seconds
[2023-11-15T11:42:24.018+0000][52795.176s][info ][safepoint     ] Entering safepoint region: Cleanup
[2023-11-15T11:42:24.018+0000][52795.176s][info ][safepoint     ] Leaving safepoint region
[2023-11-15T11:42:24.018+0000][52795.176s][info ][safepoint     ] Total time for which application threads were stopped: 0.0001702 seconds, Stopping threads took: 0.0000398 seconds
[2023-11-15T11:42:25.018+0000][52796.176s][debug][safepoint     ] Safepoint synchronization initiated. (178 threads)
[2023-11-15T11:42:25.018+0000][52796.176s][info ][safepoint     ] Application time: 1.0002118 seconds
[2023-11-15T11:42:25.018+0000][52796.176s][info ][safepoint     ] Entering safepoint region: Cleanup
[2023-11-15T11:42:25.018+0000][52796.176s][info ][safepoint     ] Leaving safepoint region
[2023-11-15T11:42:25.018+0000][52796.176s][info ][safepoint     ] Total time for which application threads were stopped: 0.0001793 seconds, Stopping threads took: 0.0000398 seconds
[2023-11-15T11:42:26.018+0000][52797.176s][debug][safepoint     ] Safepoint synchronization initiated. (178 threads)
[2023-11-15T11:42:26.018+0000][52797.176s][info ][safepoint     ] Application time: 1.0001130 seconds
[2023-11-15T11:42:26.018+0000][52797.176s][info ][safepoint     ] Entering safepoint region: Cleanup
[2023-11-15T11:42:26.019+0000][52797.177s][info ][safepoint     ] Leaving safepoint region
[2023-11-15T11:42:26.019+0000][52797.177s][info ][safepoint     ] Total time for which application threads were stopped: 0.0002136 seconds, Stopping threads took: 0.0000383 seconds
[2023-11-15T11:42:27.019+0000][52798.177s][debug][safepoint     ] Safepoint synchronization initiated. (178 threads)
[2023-11-15T11:42:27.019+0000][52798.177s][info ][safepoint     ] Application time: 1.0001248 seconds
[2023-11-15T11:42:27.019+0000][52798.177s][info ][safepoint     ] Entering safepoint region: Cleanup
[2023-11-15T11:42:27.019+0000][52798.177s][info ][safepoint     ] Leaving safepoint region
[2023-11-15T11:42:27.019+0000][52798.177s][info ][safepoint     ] Total time for which application threads were stopped: 0.0001912 seconds, Stopping threads took: 0.0000433 seconds
[2023-11-15T11:42:28.019+0000][52799.177s][debug][safepoint     ] Safepoint synchronization initiated. (178 threads)
[2023-11-15T11:42:28.019+0000][52799.177s][info ][safepoint     ] Application time: 1.0001116 seconds
[2023-11-15T11:42:28.019+0000][52799.177s][info ][safepoint     ] Entering safepoint region: Cleanup
[2023-11-15T11:42:28.019+0000][52799.177s][info ][safepoint     ] Leaving safepoint region
[2023-11-15T11:42:28.019+0000][52799.177s][info ][safepoint     ] Total time for which application threads were stopped: 0.0001662 seconds, Stopping threads took: 0.0000369 seconds
[2023-11-15T11:42:29.019+0000][52800.177s][debug][safepoint     ] Safepoint synchronization initiated. (178 threads)
[2023-11-15T11:42:29.019+0000][52800.177s][info ][safepoint     ] Application time: 1.0001190 seconds
[2023-11-15T11:42:29.019+0000][52800.177s][info ][safepoint     ] Entering safepoint region: Cleanup
[2023-11-15T11:42:29.020+0000][52800.178s][info ][safepoint     ] Leaving safepoint region
[2023-11-15T11:42:29.020+0000][52800.178s][info ][safepoint     ] Total time for which application threads were stopped: 0.0001862 seconds, Stopping threads took: 0.0000409 seconds
[2023-11-15T11:42:30.020+0000][52801.178s][debug][safepoint     ] Safepoint synchronization initiated. (178 threads)
[2023-11-15T11:42:30.020+0000][52801.178s][info ][safepoint     ] Application time: 1.0001133 seconds
[2023-11-15T11:42:30.020+0000][52801.178s][info ][safepoint     ] Entering safepoint region: Cleanup
[2023-11-15T11:42:30.020+0000][52801.178s][info ][safepoint     ] Leaving safepoint region
[2023-11-15T11:42:30.020+0000][52801.178s][info ][safepoint     ] Total time for which application threads were stopped: 0.0002582 seconds, Stopping threads took: 0.0000407 seconds
[2023-11-15T11:42:31.020+0000][52802.178s][debug][safepoint     ] Safepoint synchronization initiated. (178 threads)
[2023-11-15T11:42:31.020+0000][52802.178s][info ][safepoint     ] Application time: 1.0001249 seconds
[2023-11-15T11:42:31.020+0000][52802.178s][info ][safepoint     ] Entering safepoint region: Cleanup
[2023-11-15T11:42:31.020+0000][52802.178s][info ][safepoint     ] Leaving safepoint region
[2023-11-15T11:42:31.020+0000][52802.178s][info ][safepoint     ] Total time for which application threads were stopped: 0.0002259 seconds, Stopping threads took: 0.0000459 seconds
[2023-11-15T11:42:32.020+0000][52803.178s][debug][safepoint     ] Safepoint synchronization initiated. (178 threads)
[2023-11-15T11:42:32.020+0000][52803.179s][info ][safepoint     ] Application time: 1.0001215 seconds
[2023-11-15T11:42:32.020+0000][52803.179s][info ][safepoint     ] Entering safepoint region: Cleanup
[2023-11-15T11:42:32.021+0000][52803.179s][info ][safepoint     ] Leaving safepoint region
[2023-11-15T11:42:32.021+0000][52803.179s][info ][safepoint     ] Total time for which application threads were stopped: 0.0001880 seconds, Stopping threads took: 0.0000382 seconds
[2023-11-15T11:42:33.021+0000][52804.179s][debug][safepoint     ] Safepoint synchronization initiated. (178 threads)
[2023-11-15T11:42:33.021+0000][52804.179s][info ][safepoint     ] Application time: 1.0001270 seconds
[2023-11-15T11:42:33.021+0000][52804.179s][info ][safepoint     ] Entering safepoint region: Cleanup
[2023-11-15T11:42:33.021+0000][52804.179s][info ][safepoint     ] Leaving safepoint region
[2023-11-15T11:42:33.021+0000][52804.179s][info ][safepoint     ] Total time for which application threads were stopped: 0.0001746 seconds, Stopping threads took: 0.0000377 seconds
[2023-11-15T11:42:34.021+0000][52805.179s][debug][safepoint     ] Safepoint synchronization initiated. (178 threads)
[2023-11-15T11:42:34.021+0000][52805.179s][info ][safepoint     ] Application time: 1.0001349 seconds
[2023-11-15T11:42:34.021+0000][52805.179s][info ][safepoint     ] Entering safepoint region: Cleanup
[2023-11-15T11:42:34.021+0000][52805.179s][info ][safepoint     ] Leaving safepoint region
[2023-11-15T11:42:34.021+0000][52805.179s][info ][safepoint     ] Total time for which application threads were stopped: 0.0002530 seconds, Stopping threads took: 0.0000376 seconds
[2023-11-15T11:42:35.021+0000][52806.180s][debug][safepoint     ] Safepoint synchronization initiated. (178 threads)
[2023-11-15T11:42:35.022+0000][52806.180s][info ][safepoint     ] Application time: 1.0001398 seconds
[2023-11-15T11:42:35.022+0000][52806.180s][info ][safepoint     ] Entering safepoint region: Cleanup
[2023-11-15T11:42:35.022+0000][52806.180s][info ][safepoint     ] Leaving safepoint region
[2023-11-15T11:42:35.022+0000][52806.180s][info ][safepoint     ] Total time for which application threads were stopped: 0.0002165 seconds, Stopping threads took: 0.0000376 seconds
[2023-11-15T11:42:36.022+0000][52807.180s][debug][safepoint     ] Safepoint synchronization initiated. (178 threads)
[2023-11-15T11:42:36.022+0000][52807.180s][info ][safepoint     ] Application time: 1.0000698 seconds
[2023-11-15T11:42:36.022+0000][52807.180s][info ][safepoint     ] Entering safepoint region: Cleanup
[2023-11-15T11:42:36.022+0000][52807.180s][info ][safepoint     ] Leaving safepoint region
[2023-11-15T11:42:36.022+0000][52807.180s][info ][safepoint     ] Total time for which application threads were stopped: 0.0001996 seconds, Stopping threads took: 0.0000387 seconds
[2023-11-15T11:42:37.022+0000][52808.180s][debug][safepoint     ] Safepoint synchronization initiated. (178 threads)
[2023-11-15T11:42:37.022+0000][52808.180s][info ][safepoint     ] Application time: 1.0001191 seconds
[2023-11-15T11:42:37.022+0000][52808.180s][info ][safepoint     ] Entering safepoint region: Cleanup
[2023-11-15T11:42:37.022+0000][52808.180s][info ][safepoint     ] Leaving safepoint region
[2023-11-15T11:42:37.022+0000][52808.180s][info ][safepoint     ] Total time for which application threads were stopped: 0.0001804 seconds, Stopping threads took: 0.0000413 seconds
[2023-11-15T11:42:38.022+0000][52809.181s][debug][safepoint     ] Safepoint synchronization initiated. (178 threads)
[2023-11-15T11:42:38.022+0000][52809.181s][info ][safepoint     ] Application time: 1.0001147 seconds
[2023-11-15T11:42:38.023+0000][52809.181s][info ][safepoint     ] Entering safepoint region: Cleanup
[2023-11-15T11:42:38.023+0000][52809.181s][info ][safepoint     ] Leaving safepoint region
[2023-11-15T11:42:38.023+0000][52809.181s][info ][safepoint     ] Total time for which application threads were stopped: 0.0001828 seconds, Stopping threads took: 0.0000394 seconds
[2023-11-15T11:42:39.023+0000][52810.181s][debug][safepoint     ] Safepoint synchronization initiated. (178 threads)
[2023-11-15T11:42:39.023+0000][52810.181s][info ][safepoint     ] Application time: 1.0002576 seconds
[2023-11-15T11:42:39.023+0000][52810.181s][info ][safepoint     ] Entering safepoint region: Cleanup
[2023-11-15T11:42:39.023+0000][52810.181s][info ][safepoint     ] Leaving safepoint region
[2023-11-15T11:42:39.023+0000][52810.181s][info ][safepoint     ] Total time for which application threads were stopped: 0.0002091 seconds, Stopping threads took: 0.0000412 seconds
[2023-11-15T11:42:40.023+0000][52811.181s][debug][safepoint     ] Safepoint synchronization initiated. (178 threads)
[2023-11-15T11:42:40.023+0000][52811.181s][info ][safepoint     ] Application time: 1.0001109 seconds
[2023-11-15T11:42:40.023+0000][52811.181s][info ][safepoint     ] Entering safepoint region: Cleanup
[2023-11-15T11:42:40.024+0000][52811.182s][info ][safepoint     ] Leaving safepoint region
[2023-11-15T11:42:40.024+0000][52811.182s][info ][safepoint     ] Total time for which application threads were stopped: 0.0002885 seconds, Stopping threads took: 0.0000372 seconds
[2023-11-15T11:42:41.024+0000][52812.182s][debug][safepoint     ] Safepoint synchronization initiated. (178 threads)
[2023-11-15T11:42:41.024+0000][52812.182s][info ][safepoint     ] Application time: 1.0001368 seconds
[2023-11-15T11:42:41.024+0000][52812.182s][info ][safepoint     ] Entering safepoint region: Cleanup
[2023-11-15T11:42:41.024+0000][52812.182s][info ][safepoint     ] Leaving safepoint region
[2023-11-15T11:42:41.024+0000][52812.182s][info ][safepoint     ] Total time for which application threads were stopped: 0.0002460 seconds, Stopping threads took: 0.0000425 seconds
[2023-11-15T11:42:42.024+0000][52813.182s][debug][safepoint     ] Safepoint synchronization initiated. (178 threads)
[2023-11-15T11:42:42.024+0000][52813.182s][info ][safepoint     ] Application time: 1.0001157 seconds
[2023-11-15T11:42:42.024+0000][52813.182s][info ][safepoint     ] Entering safepoint region: Cleanup
[2023-11-15T11:42:42.024+0000][52813.182s][info ][safepoint     ] Leaving safepoint region
[2023-11-15T11:42:42.024+0000][52813.182s][info ][safepoint     ] Total time for which application threads were stopped: 0.0002588 seconds, Stopping threads took: 0.0000386 seconds
[2023-11-15T11:42:43.024+0000][52814.183s][debug][safepoint     ] Safepoint synchronization initiated. (178 threads)
[2023-11-15T11:42:43.025+0000][52814.183s][info ][safepoint     ] Application time: 1.0001474 seconds
[2023-11-15T11:42:43.025+0000][52814.183s][info ][safepoint     ] Entering safepoint region: Cleanup
[2023-11-15T11:42:43.025+0000][52814.183s][info ][safepoint     ] Leaving safepoint region
[2023-11-15T11:42:43.025+0000][52814.183s][info ][safepoint     ] Total time for which application threads were stopped: 0.0001684 seconds, Stopping threads took: 0.0000384 seconds
[2023-11-15T11:42:44.025+0000][52815.183s][debug][safepoint     ] Safepoint synchronization initiated. (178 threads)
[2023-11-15T11:42:44.025+0000][52815.183s][info ][safepoint     ] Application time: 1.0001187 seconds
[2023-11-15T11:42:44.025+0000][52815.183s][info ][safepoint     ] Entering safepoint region: Cleanup
[2023-11-15T11:42:44.025+0000][52815.183s][info ][safepoint     ] Leaving safepoint region
[2023-11-15T11:42:44.025+0000][52815.183s][info ][safepoint     ] Total time for which application threads were stopped: 0.0003112 seconds, Stopping threads took: 0.0001441 seconds
[2023-11-15T11:42:45.025+0000][52816.183s][debug][safepoint     ] Safepoint synchronization initiated. (178 threads)
[2023-11-15T11:42:45.025+0000][52816.183s][info ][safepoint     ] Application time: 1.0001226 seconds
[2023-11-15T11:42:45.025+0000][52816.183s][info ][safepoint     ] Entering safepoint region: Cleanup
[2023-11-15T11:42:45.025+0000][52816.184s][info ][safepoint     ] Leaving safepoint region
[2023-11-15T11:42:45.026+0000][52816.184s][info ][safepoint     ] Total time for which application threads were stopped: 0.0001787 seconds, Stopping threads took: 0.0000369 seconds
[2023-11-15T11:42:46.026+0000][52817.184s][debug][safepoint     ] Safepoint synchronization initiated. (178 threads)
[2023-11-15T11:42:46.026+0000][52817.184s][info ][safepoint     ] Application time: 1.0001311 seconds
[2023-11-15T11:42:46.026+0000][52817.184s][info ][safepoint     ] Entering safepoint region: Cleanup
[2023-11-15T11:42:46.026+0000][52817.184s][info ][safepoint     ] Leaving safepoint region
[2023-11-15T11:42:46.026+0000][52817.184s][info ][safepoint     ] Total time for which application threads were stopped: 0.0002122 seconds, Stopping threads took: 0.0000395 seconds
[2023-11-15T11:42:47.026+0000][52818.184s][debug][safepoint     ] Safepoint synchronization initiated. (178 threads)
[2023-11-15T11:42:47.026+0000][52818.184s][info ][safepoint     ] Application time: 1.0001172 seconds
[2023-11-15T11:42:47.026+0000][52818.184s][info ][safepoint     ] Entering safepoint region: Cleanup
[2023-11-15T11:42:47.026+0000][52818.184s][info ][safepoint     ] Leaving safepoint region
[2023-11-15T11:42:47.026+0000][52818.184s][info ][safepoint     ] Total time for which application threads were stopped: 0.0002611 seconds, Stopping threads took: 0.0000352 seconds
[2023-11-15T11:42:48.026+0000][52819.184s][debug][safepoint     ] Safepoint synchronization initiated. (178 threads)
[2023-11-15T11:42:48.026+0000][52819.184s][info ][safepoint     ] Application time: 1.0001406 seconds
[2023-11-15T11:42:48.026+0000][52819.185s][info ][safepoint     ] Entering safepoint region: Cleanup
[2023-11-15T11:42:48.027+0000][52819.185s][info ][safepoint     ] Leaving safepoint region
[2023-11-15T11:42:48.027+0000][52819.185s][info ][safepoint     ] Total time for which application threads were stopped: 0.0002209 seconds, Stopping threads took: 0.0000656 seconds
[2023-11-15T11:42:49.027+0000][52820.185s][debug][safepoint     ] Safepoint synchronization initiated. (178 threads)
[2023-11-15T11:42:49.027+0000][52820.185s][info ][safepoint     ] Application time: 1.0001275 seconds
[2023-11-15T11:42:49.027+0000][52820.185s][info ][safepoint     ] Entering safepoint region: Cleanup
[2023-11-15T11:42:49.027+0000][52820.185s][info ][safepoint     ] Leaving safepoint region
[2023-11-15T11:42:49.027+0000][52820.185s][info ][safepoint     ] Total time for which application threads were stopped: 0.0001793 seconds, Stopping threads took: 0.0000375 seconds
[2023-11-15T11:42:50.027+0000][52821.185s][debug][safepoint     ] Safepoint synchronization initiated. (178 threads)
[2023-11-15T11:42:50.027+0000][52821.185s][info ][safepoint     ] Application time: 1.0001381 seconds
[2023-11-15T11:42:50.027+0000][52821.185s][info ][safepoint     ] Entering safepoint region: Cleanup
[2023-11-15T11:42:50.027+0000][52821.185s][info ][safepoint     ] Leaving safepoint region
[2023-11-15T11:42:50.027+0000][52821.185s][info ][safepoint     ] Total time for which application threads were stopped: 0.0001882 seconds, Stopping threads took: 0.0000360 seconds
[2023-11-15T11:42:51.027+0000][52822.185s][debug][safepoint     ] Safepoint synchronization initiated. (178 threads)
[2023-11-15T11:42:51.027+0000][52822.186s][info ][safepoint     ] Application time: 1.0001774 seconds
[2023-11-15T11:42:51.028+0000][52822.186s][info ][safepoint     ] Entering safepoint region: Cleanup
[2023-11-15T11:42:51.028+0000][52822.186s][info ][safepoint     ] Leaving safepoint region
[2023-11-15T11:42:51.028+0000][52822.186s][info ][safepoint     ] Total time for which application threads were stopped: 0.0001787 seconds, Stopping threads took: 0.0000440 seconds
[2023-11-15T11:42:52.028+0000][52823.186s][debug][safepoint     ] Safepoint synchronization initiated. (178 threads)
[2023-11-15T11:42:52.028+0000][52823.186s][info ][safepoint     ] Application time: 1.0001362 seconds
[2023-11-15T11:42:52.028+0000][52823.186s][info ][safepoint     ] Entering safepoint region: Cleanup
[2023-11-15T11:42:52.028+0000][52823.186s][info ][safepoint     ] Leaving safepoint region
[2023-11-15T11:42:52.028+0000][52823.186s][info ][safepoint     ] Total time for which application threads were stopped: 0.0002425 seconds, Stopping threads took: 0.0000372 seconds
[2023-11-15T11:42:53.028+0000][52824.186s][debug][safepoint     ] Safepoint synchronization initiated. (178 threads)
[2023-11-15T11:42:53.028+0000][52824.186s][info ][safepoint     ] Application time: 1.0001633 seconds
[2023-11-15T11:42:53.028+0000][52824.186s][info ][safepoint     ] Entering safepoint region: Cleanup
[2023-11-15T11:42:53.029+0000][52824.187s][info ][safepoint     ] Leaving safepoint region
[2023-11-15T11:42:53.029+0000][52824.187s][info ][safepoint     ] Total time for which application threads were stopped: 0.0002685 seconds, Stopping threads took: 0.0000429 seconds
[2023-11-15T11:42:54.029+0000][52825.187s][debug][safepoint     ] Safepoint synchronization initiated. (178 threads)
[2023-11-15T11:42:54.029+0000][52825.187s][info ][safepoint     ] Application time: 1.0001554 seconds
[2023-11-15T11:42:54.029+0000][52825.187s][info ][safepoint     ] Entering safepoint region: Cleanup
[2023-11-15T11:42:54.029+0000][52825.187s][info ][safepoint     ] Leaving safepoint region
[2023-11-15T11:42:54.029+0000][52825.187s][info ][safepoint     ] Total time for which application threads were stopped: 0.0001835 seconds, Stopping threads took: 0.0000360 seconds
[2023-11-15T11:42:55.029+0000][52826.187s][debug][safepoint     ] Safepoint synchronization initiated. (178 threads)
[2023-11-15T11:42:55.029+0000][52826.187s][info ][safepoint     ] Application time: 1.0001433 seconds
[2023-11-15T11:42:55.029+0000][52826.187s][info ][safepoint     ] Entering safepoint region: Cleanup
[2023-11-15T11:42:55.029+0000][52826.187s][info ][safepoint     ] Leaving safepoint region
[2023-11-15T11:42:55.029+0000][52826.187s][info ][safepoint     ] Total time for which application threads were stopped: 0.0002465 seconds, Stopping threads took: 0.0000433 seconds
[2023-11-15T11:42:56.029+0000][52827.188s][debug][safepoint     ] Safepoint synchronization initiated. (178 threads)
[2023-11-15T11:42:56.029+0000][52827.188s][info ][safepoint     ] Application time: 1.0001493 seconds
[2023-11-15T11:42:56.030+0000][52827.188s][info ][safepoint     ] Entering safepoint region: Cleanup
[2023-11-15T11:42:56.030+0000][52827.188s][info ][safepoint     ] Leaving safepoint region
[2023-11-15T11:42:56.030+0000][52827.188s][info ][safepoint     ] Total time for which application threads were stopped: 0.0002472 seconds, Stopping threads took: 0.0000356 seconds
[2023-11-15T11:42:57.030+0000][52828.188s][debug][safepoint     ] Safepoint synchronization initiated. (178 threads)
[2023-11-15T11:42:57.030+0000][52828.188s][info ][safepoint     ] Application time: 1.0001341 seconds
[2023-11-15T11:42:57.030+0000][52828.188s][info ][safepoint     ] Entering safepoint region: Cleanup
[2023-11-15T11:42:57.030+0000][52828.188s][info ][safepoint     ] Leaving safepoint region
[2023-11-15T11:42:57.030+0000][52828.188s][info ][safepoint     ] Total time for which application threads were stopped: 0.0001764 seconds, Stopping threads took: 0.0000391 seconds
[2023-11-15T11:42:58.030+0000][52829.188s][debug][safepoint     ] Safepoint synchronization initiated. (178 threads)
[2023-11-15T11:42:58.030+0000][52829.188s][info ][safepoint     ] Application time: 1.0001447 seconds
[2023-11-15T11:42:58.030+0000][52829.188s][info ][safepoint     ] Entering safepoint region: Cleanup
[2023-11-15T11:42:58.030+0000][52829.189s][info ][safepoint     ] Leaving safepoint region
[2023-11-15T11:42:58.031+0000][52829.189s][info ][safepoint     ] Total time for which application threads were stopped: 0.0002570 seconds, Stopping threads took: 0.0000385 seconds
[2023-11-15T11:42:59.031+0000][52830.189s][debug][safepoint     ] Safepoint synchronization initiated. (178 threads)
[2023-11-15T11:42:59.031+0000][52830.189s][info ][safepoint     ] Application time: 1.0001473 seconds
[2023-11-15T11:42:59.031+0000][52830.189s][info ][safepoint     ] Entering safepoint region: Cleanup
[2023-11-15T11:42:59.031+0000][52830.189s][info ][safepoint     ] Leaving safepoint region
[2023-11-15T11:42:59.031+0000][52830.189s][info ][safepoint     ] Total time for which application threads were stopped: 0.0001863 seconds, Stopping threads took: 0.0000414 seconds
[2023-11-15T11:43:00.031+0000][52831.189s][debug][safepoint     ] Safepoint synchronization initiated. (178 threads)
[2023-11-15T11:43:00.031+0000][52831.189s][info ][safepoint     ] Application time: 1.0001612 seconds
[2023-11-15T11:43:00.031+0000][52831.189s][info ][safepoint     ] Entering safepoint region: Cleanup
[2023-11-15T11:43:00.031+0000][52831.189s][info ][safepoint     ] Leaving safepoint region
[2023-11-15T11:43:00.031+0000][52831.189s][info ][safepoint     ] Total time for which application threads were stopped: 0.0001719 seconds, Stopping threads took: 0.0000346 seconds
[2023-11-15T11:43:01.031+0000][52832.189s][debug][safepoint     ] Safepoint synchronization initiated. (178 threads)
[2023-11-15T11:43:01.031+0000][52832.189s][info ][safepoint     ] Application time: 1.0001205 seconds
[2023-11-15T11:43:01.031+0000][52832.189s][info ][safepoint     ] Entering safepoint region: Cleanup
[2023-11-15T11:43:01.032+0000][52832.190s][info ][safepoint     ] Leaving safepoint region
[2023-11-15T11:43:01.032+0000][52832.190s][info ][safepoint     ] Total time for which application threads were stopped: 0.0002327 seconds, Stopping threads took: 0.0000426 seconds
[2023-11-15T11:43:02.032+0000][52833.190s][debug][safepoint     ] Safepoint synchronization initiated. (178 threads)
[2023-11-15T11:43:02.032+0000][52833.190s][info ][safepoint     ] Application time: 1.0001233 seconds
[2023-11-15T11:43:02.032+0000][52833.190s][info ][safepoint     ] Entering safepoint region: Cleanup
[2023-11-15T11:43:02.032+0000][52833.190s][info ][safepoint     ] Leaving safepoint region
[2023-11-15T11:43:02.032+0000][52833.190s][info ][safepoint     ] Total time for which application threads were stopped: 0.0002025 seconds, Stopping threads took: 0.0000370 seconds
[2023-11-15T11:43:03.032+0000][52834.190s][debug][safepoint     ] Safepoint synchronization initiated. (178 threads)
[2023-11-15T11:43:03.032+0000][52834.190s][info ][safepoint     ] Application time: 1.0001411 seconds
[2023-11-15T11:43:03.032+0000][52834.190s][info ][safepoint     ] Entering safepoint region: Cleanup
[2023-11-15T11:43:03.032+0000][52834.191s][info ][safepoint     ] Leaving safepoint region
[2023-11-15T11:43:03.033+0000][52834.191s][info ][safepoint     ] Total time for which application threads were stopped: 0.0004088 seconds, Stopping threads took: 0.0002417 seconds
[2023-11-15T11:43:04.033+0000][52835.191s][debug][safepoint     ] Safepoint synchronization initiated. (178 threads)
[2023-11-15T11:43:04.033+0000][52835.191s][info ][safepoint     ] Application time: 1.0001501 seconds
[2023-11-15T11:43:04.033+0000][52835.191s][info ][safepoint     ] Entering safepoint region: Cleanup
[2023-11-15T11:43:04.033+0000][52835.191s][info ][safepoint     ] Leaving safepoint region
[2023-11-15T11:43:04.033+0000][52835.191s][info ][safepoint     ] Total time for which application threads were stopped: 0.0001813 seconds, Stopping threads took: 0.0000382 seconds
[2023-11-15T11:43:05.033+0000][52836.191s][debug][safepoint     ] Safepoint synchronization initiated. (178 threads)
[2023-11-15T11:43:05.033+0000][52836.191s][info ][safepoint     ] Application time: 1.0001460 seconds
[2023-11-15T11:43:05.033+0000][52836.191s][info ][safepoint     ] Entering safepoint region: Cleanup
[2023-11-15T11:43:05.033+0000][52836.191s][info ][safepoint     ] Leaving safepoint region
[2023-11-15T11:43:05.033+0000][52836.191s][info ][safepoint     ] Total time for which application threads were stopped: 0.0002134 seconds, Stopping threads took: 0.0000429 seconds
[2023-11-15T11:43:06.033+0000][52837.191s][debug][safepoint     ] Safepoint synchronization initiated. (178 threads)
[2023-11-15T11:43:06.033+0000][52837.191s][info ][safepoint     ] Application time: 1.0001495 seconds
[2023-11-15T11:43:06.033+0000][52837.191s][info ][safepoint     ] Entering safepoint region: Cleanup
[2023-11-15T11:43:06.034+0000][52837.192s][info ][safepoint     ] Leaving safepoint region
[2023-11-15T11:43:06.034+0000][52837.192s][info ][safepoint     ] Total time for which application threads were stopped: 0.0001718 seconds, Stopping threads took: 0.0000342 seconds
[2023-11-15T11:43:07.034+0000][52838.192s][debug][safepoint     ] Safepoint synchronization initiated. (177 threads)
[2023-11-15T11:43:07.034+0000][52838.192s][info ][safepoint     ] Application time: 1.0001620 seconds
[2023-11-15T11:43:07.034+0000][52838.192s][info ][safepoint     ] Entering safepoint region: Cleanup
[2023-11-15T11:43:07.034+0000][52838.192s][info ][safepoint     ] Leaving safepoint region
[2023-11-15T11:43:07.034+0000][52838.192s][info ][safepoint     ] Total time for which application threads were stopped: 0.0002105 seconds, Stopping threads took: 0.0000442 seconds
[2023-11-15T11:43:08.034+0000][52839.192s][debug][safepoint     ] Safepoint synchronization initiated. (177 threads)
[2023-11-15T11:43:08.034+0000][52839.192s][info ][safepoint     ] Application time: 1.0001610 seconds
[2023-11-15T11:43:08.034+0000][52839.192s][info ][safepoint     ] Entering safepoint region: Cleanup
[2023-11-15T11:43:08.035+0000][52839.193s][info ][safepoint     ] Leaving safepoint region
[2023-11-15T11:43:08.035+0000][52839.193s][info ][safepoint     ] Total time for which application threads were stopped: 0.0003646 seconds, Stopping threads took: 0.0001785 seconds
[2023-11-15T11:43:09.035+0000][52840.193s][debug][safepoint     ] Safepoint synchronization initiated. (177 threads)
[2023-11-15T11:43:09.035+0000][52840.193s][info ][safepoint     ] Application time: 1.0001608 seconds
[2023-11-15T11:43:09.035+0000][52840.193s][info ][safepoint     ] Entering safepoint region: Cleanup
[2023-11-15T11:43:09.035+0000][52840.193s][info ][safepoint     ] Leaving safepoint region
[2023-11-15T11:43:09.035+0000][52840.193s][info ][safepoint     ] Total time for which application threads were stopped: 0.0002187 seconds, Stopping threads took: 0.0000357 seconds
[2023-11-15T11:43:10.035+0000][52841.193s][debug][safepoint     ] Safepoint synchronization initiated. (177 threads)
[2023-11-15T11:43:10.035+0000][52841.193s][info ][safepoint     ] Application time: 1.0001495 seconds
[2023-11-15T11:43:10.035+0000][52841.193s][info ][safepoint     ] Entering safepoint region: Cleanup
[2023-11-15T11:43:10.035+0000][52841.193s][info ][safepoint     ] Leaving safepoint region
[2023-11-15T11:43:10.035+0000][52841.193s][info ][safepoint     ] Total time for which application threads were stopped: 0.0001981 seconds, Stopping threads took: 0.0000437 seconds
[2023-11-15T11:43:11.035+0000][52842.193s][debug][safepoint     ] Safepoint synchronization initiated. (177 threads)
[2023-11-15T11:43:11.035+0000][52842.194s][info ][safepoint     ] Application time: 1.0001784 seconds
[2023-11-15T11:43:11.036+0000][52842.194s][info ][safepoint     ] Entering safepoint region: Cleanup
[2023-11-15T11:43:11.036+0000][52842.194s][info ][safepoint     ] Leaving safepoint region
[2023-11-15T11:43:11.036+0000][52842.194s][info ][safepoint     ] Total time for which application threads were stopped: 0.0002369 seconds, Stopping threads took: 0.0000340 seconds
[2023-11-15T11:43:12.036+0000][52843.194s][debug][safepoint     ] Safepoint synchronization initiated. (177 threads)
[2023-11-15T11:43:12.036+0000][52843.194s][info ][safepoint     ] Application time: 1.0001636 seconds
[2023-11-15T11:43:12.036+0000][52843.194s][info ][safepoint     ] Entering safepoint region: Cleanup
[2023-11-15T11:43:12.036+0000][52843.194s][info ][safepoint     ] Leaving safepoint region
[2023-11-15T11:43:12.036+0000][52843.194s][info ][safepoint     ] Total time for which application threads were stopped: 0.0002547 seconds, Stopping threads took: 0.0000479 seconds
[2023-11-15T11:43:13.036+0000][52844.194s][debug][safepoint     ] Safepoint synchronization initiated. (177 threads)
[2023-11-15T11:43:13.036+0000][52844.194s][info ][safepoint     ] Application time: 1.0001610 seconds
[2023-11-15T11:43:13.036+0000][52844.194s][info ][safepoint     ] Entering safepoint region: Cleanup
[2023-11-15T11:43:13.037+0000][52844.195s][info ][safepoint     ] Leaving safepoint region
[2023-11-15T11:43:13.037+0000][52844.195s][info ][safepoint     ] Total time for which application threads were stopped: 0.0003734 seconds, Stopping threads took: 0.0002371 seconds
[2023-11-15T11:43:14.037+0000][52845.195s][debug][safepoint     ] Safepoint synchronization initiated. (177 threads)
[2023-11-15T11:43:14.037+0000][52845.195s][info ][safepoint     ] Application time: 1.0001296 seconds
[2023-11-15T11:43:14.037+0000][52845.195s][info ][safepoint     ] Entering safepoint region: Cleanup
[2023-11-15T11:43:14.037+0000][52845.195s][info ][safepoint     ] Leaving safepoint region
[2023-11-15T11:43:14.037+0000][52845.195s][info ][safepoint     ] Total time for which application threads were stopped: 0.0001705 seconds, Stopping threads took: 0.0000350 seconds
[2023-11-15T11:43:15.037+0000][52846.195s][debug][safepoint     ] Safepoint synchronization initiated. (177 threads)
[2023-11-15T11:43:15.037+0000][52846.195s][info ][safepoint     ] Application time: 1.0001350 seconds
[2023-11-15T11:43:15.037+0000][52846.195s][info ][safepoint     ] Entering safepoint region: Cleanup
[2023-11-15T11:43:15.037+0000][52846.195s][info ][safepoint     ] Leaving safepoint region
[2023-11-15T11:43:15.037+0000][52846.195s][info ][safepoint     ] Total time for which application threads were stopped: 0.0001731 seconds, Stopping threads took: 0.0000346 seconds
[2023-11-15T11:43:16.038+0000][52847.196s][debug][safepoint     ] Safepoint synchronization initiated. (177 threads)
[2023-11-15T11:43:16.038+0000][52847.196s][info ][safepoint     ] Application time: 1.0001717 seconds
[2023-11-15T11:43:16.038+0000][52847.196s][info ][safepoint     ] Entering safepoint region: Cleanup
[2023-11-15T11:43:16.038+0000][52847.196s][info ][safepoint     ] Leaving safepoint region
[2023-11-15T11:43:16.038+0000][52847.196s][info ][safepoint     ] Total time for which application threads were stopped: 0.0002542 seconds, Stopping threads took: 0.0000354 seconds
[2023-11-15T11:43:17.038+0000][52848.196s][debug][safepoint     ] Safepoint synchronization initiated. (177 threads)
[2023-11-15T11:43:17.038+0000][52848.196s][info ][safepoint     ] Application time: 1.0001533 seconds
[2023-11-15T11:43:17.038+0000][52848.196s][info ][safepoint     ] Entering safepoint region: Cleanup
[2023-11-15T11:43:17.038+0000][52848.196s][info ][safepoint     ] Leaving safepoint region
[2023-11-15T11:43:17.038+0000][52848.196s][info ][safepoint     ] Total time for which application threads were stopped: 0.0001651 seconds, Stopping threads took: 0.0000343 seconds
[2023-11-15T11:43:18.038+0000][52849.196s][debug][safepoint     ] Safepoint synchronization initiated. (177 threads)
[2023-11-15T11:43:18.038+0000][52849.196s][info ][safepoint     ] Application time: 1.0001668 seconds
[2023-11-15T11:43:18.038+0000][52849.196s][info ][safepoint     ] Entering safepoint region: Cleanup
[2023-11-15T11:43:18.039+0000][52849.197s][info ][safepoint     ] Leaving safepoint region
[2023-11-15T11:43:18.039+0000][52849.197s][info ][safepoint     ] Total time for which application threads were stopped: 0.0003398 seconds, Stopping threads took: 0.0001643 seconds
[2023-11-15T11:43:19.039+0000][52850.197s][debug][safepoint     ] Safepoint synchronization initiated. (177 threads)
[2023-11-15T11:43:19.039+0000][52850.197s][info ][safepoint     ] Application time: 1.0001572 seconds
[2023-11-15T11:43:19.039+0000][52850.197s][info ][safepoint     ] Entering safepoint region: Cleanup
[2023-11-15T11:43:19.039+0000][52850.197s][info ][safepoint     ] Leaving safepoint region
[2023-11-15T11:43:19.039+0000][52850.197s][info ][safepoint     ] Total time for which application threads were stopped: 0.0001825 seconds, Stopping threads took: 0.0000477 seconds
[2023-11-15T11:43:20.039+0000][52851.197s][debug][safepoint     ] Safepoint synchronization initiated. (177 threads)
[2023-11-15T11:43:20.039+0000][52851.197s][info ][safepoint     ] Application time: 1.0001604 seconds
[2023-11-15T11:43:20.039+0000][52851.197s][info ][safepoint     ] Entering safepoint region: Cleanup
[2023-11-15T11:43:20.039+0000][52851.197s][info ][safepoint     ] Leaving safepoint region
[2023-11-15T11:43:20.039+0000][52851.198s][info ][safepoint     ] Total time for which application threads were stopped: 0.0002176 seconds, Stopping threads took: 0.0000409 seconds
[2023-11-15T11:43:21.040+0000][52852.198s][debug][safepoint     ] Safepoint synchronization initiated. (177 threads)
[2023-11-15T11:43:21.040+0000][52852.198s][info ][safepoint     ] Application time: 1.0001355 seconds
[2023-11-15T11:43:21.040+0000][52852.198s][info ][safepoint     ] Entering safepoint region: Cleanup
[2023-11-15T11:43:21.040+0000][52852.198s][info ][safepoint     ] Leaving safepoint region
[2023-11-15T11:43:21.040+0000][52852.198s][info ][safepoint     ] Total time for which application threads were stopped: 0.0002601 seconds, Stopping threads took: 0.0000415 seconds
[2023-11-15T11:43:22.040+0000][52853.198s][debug][safepoint     ] Safepoint synchronization initiated. (177 threads)
[2023-11-15T11:43:22.040+0000][52853.198s][info ][safepoint     ] Application time: 1.0001495 seconds
[2023-11-15T11:43:22.040+0000][52853.198s][info ][safepoint     ] Entering safepoint region: Cleanup
[2023-11-15T11:43:22.040+0000][52853.198s][info ][safepoint     ] Leaving safepoint region
[2023-11-15T11:43:22.040+0000][52853.198s][info ][safepoint     ] Total time for which application threads were stopped: 0.0002348 seconds, Stopping threads took: 0.0000339 seconds
[2023-11-15T11:43:23.040+0000][52854.198s][debug][safepoint     ] Safepoint synchronization initiated. (177 threads)
[2023-11-15T11:43:23.040+0000][52854.199s][info ][safepoint     ] Application time: 1.0001617 seconds
[2023-11-15T11:43:23.040+0000][52854.199s][info ][safepoint     ] Entering safepoint region: Cleanup
[2023-11-15T11:43:23.041+0000][52854.199s][info ][safepoint     ] Leaving safepoint region
[2023-11-15T11:43:23.041+0000][52854.199s][info ][safepoint     ] Total time for which application threads were stopped: 0.0004353 seconds, Stopping threads took: 0.0002603 seconds
[2023-11-15T11:43:24.041+0000][52855.199s][debug][safepoint     ] Safepoint synchronization initiated. (177 threads)
[2023-11-15T11:43:24.041+0000][52855.199s][info ][safepoint     ] Application time: 1.0001517 seconds
[2023-11-15T11:43:24.041+0000][52855.199s][info ][safepoint     ] Entering safepoint region: Cleanup
[2023-11-15T11:43:24.041+0000][52855.199s][info ][safepoint     ] Leaving safepoint region
[2023-11-15T11:43:24.041+0000][52855.199s][info ][safepoint     ] Total time for which application threads were stopped: 0.0001878 seconds, Stopping threads took: 0.0000403 seconds
[2023-11-15T11:43:25.041+0000][52856.199s][debug][safepoint     ] Safepoint synchronization initiated. (177 threads)
[2023-11-15T11:43:25.041+0000][52856.199s][info ][safepoint     ] Application time: 1.0001557 seconds
[2023-11-15T11:43:25.041+0000][52856.200s][info ][safepoint     ] Entering safepoint region: Cleanup
[2023-11-15T11:43:25.042+0000][52856.200s][info ][safepoint     ] Leaving safepoint region
[2023-11-15T11:43:25.042+0000][52856.200s][info ][safepoint     ] Total time for which application threads were stopped: 0.0001790 seconds, Stopping threads took: 0.0000331 seconds
[2023-11-15T11:43:26.042+0000][52857.200s][debug][safepoint     ] Safepoint synchronization initiated. (177 threads)
[2023-11-15T11:43:26.042+0000][52857.200s][info ][safepoint     ] Application time: 1.0001627 seconds
[2023-11-15T11:43:26.042+0000][52857.200s][info ][safepoint     ] Entering safepoint region: Cleanup
[2023-11-15T11:43:26.042+0000][52857.200s][info ][safepoint     ] Leaving safepoint region
[2023-11-15T11:43:26.042+0000][52857.200s][info ][safepoint     ] Total time for which application threads were stopped: 0.0002619 seconds, Stopping threads took: 0.0000421 seconds
[2023-11-15T11:43:27.042+0000][52858.200s][debug][safepoint     ] Safepoint synchronization initiated. (177 threads)
[2023-11-15T11:43:27.042+0000][52858.200s][info ][safepoint     ] Application time: 1.0001317 seconds
[2023-11-15T11:43:27.042+0000][52858.200s][info ][safepoint     ] Entering safepoint region: Cleanup
[2023-11-15T11:43:27.042+0000][52858.201s][info ][safepoint     ] Leaving safepoint region
[2023-11-15T11:43:27.043+0000][52858.201s][info ][safepoint     ] Total time for which application threads were stopped: 0.0002799 seconds, Stopping threads took: 0.0000405 seconds
[2023-11-15T11:43:28.043+0000][52859.201s][debug][safepoint     ] Safepoint synchronization initiated. (177 threads)
[2023-11-15T11:43:28.043+0000][52859.201s][info ][safepoint     ] Application time: 1.0001669 seconds
[2023-11-15T11:43:28.043+0000][52859.201s][info ][safepoint     ] Entering safepoint region: Cleanup
[2023-11-15T11:43:28.043+0000][52859.201s][info ][safepoint     ] Leaving safepoint region
[2023-11-15T11:43:28.043+0000][52859.201s][info ][safepoint     ] Total time for which application threads were stopped: 0.0002501 seconds, Stopping threads took: 0.0000342 seconds
[2023-11-15T11:43:29.043+0000][52860.201s][debug][safepoint     ] Safepoint synchronization initiated. (177 threads)
[2023-11-15T11:43:29.043+0000][52860.201s][info ][safepoint     ] Application time: 1.0001615 seconds
[2023-11-15T11:43:29.043+0000][52860.201s][info ][safepoint     ] Entering safepoint region: Cleanup
[2023-11-15T11:43:29.043+0000][52860.201s][info ][safepoint     ] Leaving safepoint region
[2023-11-15T11:43:29.043+0000][52860.201s][info ][safepoint     ] Total time for which application threads were stopped: 0.0002886 seconds, Stopping threads took: 0.0000409 seconds
[2023-11-15T11:43:30.043+0000][52861.202s][debug][safepoint     ] Safepoint synchronization initiated. (177 threads)
[2023-11-15T11:43:30.044+0000][52861.202s][info ][safepoint     ] Application time: 1.0001147 seconds
[2023-11-15T11:43:30.044+0000][52861.202s][info ][safepoint     ] Entering safepoint region: Cleanup
[2023-11-15T11:43:30.044+0000][52861.202s][info ][safepoint     ] Leaving safepoint region
[2023-11-15T11:43:30.044+0000][52861.202s][info ][safepoint     ] Total time for which application threads were stopped: 0.0002427 seconds, Stopping threads took: 0.0000355 seconds
[2023-11-15T11:43:31.044+0000][52862.202s][debug][safepoint     ] Safepoint synchronization initiated. (177 threads)
[2023-11-15T11:43:31.044+0000][52862.202s][info ][safepoint     ] Application time: 1.0001452 seconds
[2023-11-15T11:43:31.044+0000][52862.202s][info ][safepoint     ] Entering safepoint region: Cleanup
[2023-11-15T11:43:31.044+0000][52862.202s][info ][safepoint     ] Leaving safepoint region
[2023-11-15T11:43:31.044+0000][52862.202s][info ][safepoint     ] Total time for which application threads were stopped: 0.0002366 seconds, Stopping threads took: 0.0000401 seconds
[2023-11-15T11:43:32.044+0000][52863.202s][debug][safepoint     ] Safepoint synchronization initiated. (177 threads)
[2023-11-15T11:43:32.044+0000][52863.202s][info ][safepoint     ] Application time: 1.0001604 seconds
[2023-11-15T11:43:32.044+0000][52863.202s][info ][safepoint     ] Entering safepoint region: Cleanup
[2023-11-15T11:43:32.045+0000][52863.203s][info ][safepoint     ] Leaving safepoint region
[2023-11-15T11:43:32.045+0000][52863.203s][info ][safepoint     ] Total time for which application threads were stopped: 0.0001878 seconds, Stopping threads took: 0.0000398 seconds
[2023-11-15T11:43:33.045+0000][52864.203s][debug][safepoint     ] Safepoint synchronization initiated. (177 threads)
[2023-11-15T11:43:33.045+0000][52864.203s][info ][safepoint     ] Application time: 1.0001447 seconds
[2023-11-15T11:43:33.045+0000][52864.203s][info ][safepoint     ] Entering safepoint region: Cleanup
[2023-11-15T11:43:33.045+0000][52864.203s][info ][safepoint     ] Leaving safepoint region
[2023-11-15T11:43:33.045+0000][52864.203s][info ][safepoint     ] Total time for which application threads were stopped: 0.0001808 seconds, Stopping threads took: 0.0000358 seconds
[2023-11-15T11:43:34.045+0000][52865.203s][debug][safepoint     ] Safepoint synchronization initiated. (177 threads)
[2023-11-15T11:43:34.045+0000][52865.203s][info ][safepoint     ] Application time: 1.0001528 seconds
[2023-11-15T11:43:34.045+0000][52865.203s][info ][safepoint     ] Entering safepoint region: Cleanup
[2023-11-15T11:43:34.045+0000][52865.203s][info ][safepoint     ] Leaving safepoint region
[2023-11-15T11:43:34.045+0000][52865.203s][info ][safepoint     ] Total time for which application threads were stopped: 0.0002507 seconds, Stopping threads took: 0.0000340 seconds
[2023-11-15T11:43:35.046+0000][52866.204s][debug][safepoint     ] Safepoint synchronization initiated. (177 threads)
[2023-11-15T11:43:35.046+0000][52866.204s][info ][safepoint     ] Application time: 1.0001901 seconds
[2023-11-15T11:43:35.046+0000][52866.204s][info ][safepoint     ] Entering safepoint region: Cleanup
[2023-11-15T11:43:35.046+0000][52866.204s][info ][safepoint     ] Leaving safepoint region
[2023-11-15T11:43:35.046+0000][52866.204s][info ][safepoint     ] Total time for which application threads were stopped: 0.0002622 seconds, Stopping threads took: 0.0000447 seconds
[2023-11-15T11:43:36.046+0000][52867.204s][debug][safepoint     ] Safepoint synchronization initiated. (177 threads)
[2023-11-15T11:43:36.046+0000][52867.204s][info ][safepoint     ] Application time: 1.0001653 seconds
[2023-11-15T11:43:36.046+0000][52867.204s][info ][safepoint     ] Entering safepoint region: Cleanup
[2023-11-15T11:43:36.046+0000][52867.204s][info ][safepoint     ] Leaving safepoint region
[2023-11-15T11:43:36.046+0000][52867.204s][info ][safepoint     ] Total time for which application threads were stopped: 0.0001672 seconds, Stopping threads took: 0.0000345 seconds
[2023-11-15T11:43:37.046+0000][52868.204s][debug][safepoint     ] Safepoint synchronization initiated. (177 threads)
[2023-11-15T11:43:37.046+0000][52868.204s][info ][safepoint     ] Application time: 1.0001443 seconds
[2023-11-15T11:43:37.046+0000][52868.204s][info ][safepoint     ] Entering safepoint region: Cleanup
[2023-11-15T11:43:37.047+0000][52868.205s][info ][safepoint     ] Leaving safepoint region
[2023-11-15T11:43:37.047+0000][52868.205s][info ][safepoint     ] Total time for which application threads were stopped: 0.0001751 seconds, Stopping threads took: 0.0000356 seconds
[2023-11-15T11:43:38.047+0000][52869.205s][debug][safepoint     ] Safepoint synchronization initiated. (177 threads)
[2023-11-15T11:43:38.047+0000][52869.205s][info ][safepoint     ] Application time: 1.0001684 seconds
[2023-11-15T11:43:38.047+0000][52869.205s][info ][safepoint     ] Entering safepoint region: Cleanup
[2023-11-15T11:43:38.047+0000][52869.205s][info ][safepoint     ] Leaving safepoint region
[2023-11-15T11:43:38.047+0000][52869.205s][info ][safepoint     ] Total time for which application threads were stopped: 0.0001946 seconds, Stopping threads took: 0.0000346 seconds
[2023-11-15T11:43:39.047+0000][52870.205s][debug][safepoint     ] Safepoint synchronization initiated. (177 threads)
[2023-11-15T11:43:39.047+0000][52870.205s][info ][safepoint     ] Application time: 1.0001969 seconds
[2023-11-15T11:43:39.047+0000][52870.205s][info ][safepoint     ] Entering safepoint region: Cleanup
[2023-11-15T11:43:39.047+0000][52870.205s][info ][safepoint     ] Leaving safepoint region
[2023-11-15T11:43:39.047+0000][52870.205s][info ][safepoint     ] Total time for which application threads were stopped: 0.0001761 seconds, Stopping threads took: 0.0000355 seconds
[2023-11-15T11:43:40.047+0000][52871.206s][debug][safepoint     ] Safepoint synchronization initiated. (177 threads)
[2023-11-15T11:43:40.048+0000][52871.206s][info ][safepoint     ] Application time: 1.0001906 seconds
[2023-11-15T11:43:40.048+0000][52871.206s][info ][safepoint     ] Entering safepoint region: Cleanup
[2023-11-15T11:43:40.048+0000][52871.206s][info ][safepoint     ] Leaving safepoint region
[2023-11-15T11:43:40.048+0000][52871.206s][info ][safepoint     ] Total time for which application threads were stopped: 0.0001883 seconds, Stopping threads took: 0.0000360 seconds
[2023-11-15T11:43:41.048+0000][52872.206s][debug][safepoint     ] Safepoint synchronization initiated. (177 threads)
[2023-11-15T11:43:41.048+0000][52872.206s][info ][safepoint     ] Application time: 1.0001419 seconds
[2023-11-15T11:43:41.048+0000][52872.206s][info ][safepoint     ] Entering safepoint region: Cleanup
[2023-11-15T11:43:41.048+0000][52872.206s][info ][safepoint     ] Leaving safepoint region
[2023-11-15T11:43:41.048+0000][52872.206s][info ][safepoint     ] Total time for which application threads were stopped: 0.0001685 seconds, Stopping threads took: 0.0000337 seconds
[2023-11-15T11:43:42.048+0000][52873.206s][debug][safepoint     ] Safepoint synchronization initiated. (177 threads)
[2023-11-15T11:43:42.048+0000][52873.206s][info ][safepoint     ] Application time: 1.0001641 seconds
[2023-11-15T11:43:42.048+0000][52873.206s][info ][safepoint     ] Entering safepoint region: Cleanup
[2023-11-15T11:43:42.049+0000][52873.207s][info ][safepoint     ] Leaving safepoint region
[2023-11-15T11:43:42.049+0000][52873.207s][info ][safepoint     ] Total time for which application threads were stopped: 0.0003077 seconds, Stopping threads took: 0.0000516 seconds
[2023-11-15T11:43:43.049+0000][52874.207s][debug][safepoint     ] Safepoint synchronization initiated. (177 threads)
[2023-11-15T11:43:43.049+0000][52874.207s][info ][safepoint     ] Application time: 1.0001548 seconds
[2023-11-15T11:43:43.049+0000][52874.207s][info ][safepoint     ] Entering safepoint region: Cleanup
[2023-11-15T11:43:43.049+0000][52874.207s][info ][safepoint     ] Leaving safepoint region
[2023-11-15T11:43:43.049+0000][52874.207s][info ][safepoint     ] Total time for which application threads were stopped: 0.0002327 seconds, Stopping threads took: 0.0000340 seconds
[2023-11-15T11:43:44.049+0000][52875.207s][debug][safepoint     ] Safepoint synchronization initiated. (177 threads)
[2023-11-15T11:43:44.049+0000][52875.207s][info ][safepoint     ] Application time: 1.0001708 seconds
[2023-11-15T11:43:44.049+0000][52875.207s][info ][safepoint     ] Entering safepoint region: Cleanup
[2023-11-15T11:43:44.049+0000][52875.208s][info ][safepoint     ] Leaving safepoint region
[2023-11-15T11:43:44.049+0000][52875.208s][info ][safepoint     ] Total time for which application threads were stopped: 0.0002770 seconds, Stopping threads took: 0.0000511 seconds
[2023-11-15T11:43:45.050+0000][52876.208s][debug][safepoint     ] Safepoint synchronization initiated. (177 threads)
[2023-11-15T11:43:45.050+0000][52876.208s][info ][safepoint     ] Application time: 1.0001500 seconds
[2023-11-15T11:43:45.050+0000][52876.208s][info ][safepoint     ] Entering safepoint region: Cleanup
[2023-11-15T11:43:45.050+0000][52876.208s][info ][safepoint     ] Leaving safepoint region
[2023-11-15T11:43:45.050+0000][52876.208s][info ][safepoint     ] Total time for which application threads were stopped: 0.0003336 seconds, Stopping threads took: 0.0001953 seconds
[2023-11-15T11:43:46.050+0000][52877.208s][debug][safepoint     ] Safepoint synchronization initiated. (177 threads)
[2023-11-15T11:43:46.050+0000][52877.208s][info ][safepoint     ] Application time: 1.0001561 seconds
[2023-11-15T11:43:46.050+0000][52877.208s][info ][safepoint     ] Entering safepoint region: Cleanup
[2023-11-15T11:43:46.050+0000][52877.208s][info ][safepoint     ] Leaving safepoint region
[2023-11-15T11:43:46.050+0000][52877.208s][info ][safepoint     ] Total time for which application threads were stopped: 0.0002185 seconds, Stopping threads took: 0.0000331 seconds
[2023-11-15T11:43:47.051+0000][52878.209s][debug][safepoint     ] Safepoint synchronization initiated. (177 threads)
[2023-11-15T11:43:47.051+0000][52878.209s][info ][safepoint     ] Application time: 1.0001963 seconds
[2023-11-15T11:43:47.051+0000][52878.209s][info ][safepoint     ] Entering safepoint region: Cleanup
[2023-11-15T11:43:47.051+0000][52878.209s][info ][safepoint     ] Leaving safepoint region
[2023-11-15T11:43:47.051+0000][52878.209s][info ][safepoint     ] Total time for which application threads were stopped: 0.0003033 seconds, Stopping threads took: 0.0000518 seconds
[2023-11-15T11:43:48.051+0000][52879.209s][debug][safepoint     ] Safepoint synchronization initiated. (177 threads)
[2023-11-15T11:43:48.051+0000][52879.209s][info ][safepoint     ] Application time: 1.0001669 seconds
[2023-11-15T11:43:48.051+0000][52879.209s][info ][safepoint     ] Entering safepoint region: Cleanup
[2023-11-15T11:43:48.051+0000][52879.209s][info ][safepoint     ] Leaving safepoint region
[2023-11-15T11:43:48.051+0000][52879.209s][info ][safepoint     ] Total time for which application threads were stopped: 0.0001811 seconds, Stopping threads took: 0.0000410 seconds
[2023-11-15T11:43:49.051+0000][52880.209s][debug][safepoint     ] Safepoint synchronization initiated. (177 threads)
[2023-11-15T11:43:49.051+0000][52880.210s][info ][safepoint     ] Application time: 1.0001726 seconds
[2023-11-15T11:43:49.052+0000][52880.210s][info ][safepoint     ] Entering safepoint region: Cleanup
[2023-11-15T11:43:49.052+0000][52880.210s][info ][safepoint     ] Leaving safepoint region
[2023-11-15T11:43:49.052+0000][52880.210s][info ][safepoint     ] Total time for which application threads were stopped: 0.0001851 seconds, Stopping threads took: 0.0000409 seconds
[2023-11-15T11:43:50.052+0000][52881.210s][debug][safepoint     ] Safepoint synchronization initiated. (177 threads)
[2023-11-15T11:43:50.052+0000][52881.210s][info ][safepoint     ] Application time: 1.0001582 seconds
[2023-11-15T11:43:50.052+0000][52881.210s][info ][safepoint     ] Entering safepoint region: Cleanup
[2023-11-15T11:43:50.052+0000][52881.210s][info ][safepoint     ] Leaving safepoint region
[2023-11-15T11:43:50.052+0000][52881.210s][info ][safepoint     ] Total time for which application threads were stopped: 0.0002857 seconds, Stopping threads took: 0.0001504 seconds
[2023-11-15T11:43:51.052+0000][52882.210s][debug][safepoint     ] Safepoint synchronization initiated. (177 threads)
[2023-11-15T11:43:51.052+0000][52882.210s][info ][safepoint     ] Application time: 1.0001529 seconds
[2023-11-15T11:43:51.052+0000][52882.210s][info ][safepoint     ] Entering safepoint region: Cleanup
[2023-11-15T11:43:51.053+0000][52882.211s][info ][safepoint     ] Leaving safepoint region
[2023-11-15T11:43:51.053+0000][52882.211s][info ][safepoint     ] Total time for which application threads were stopped: 0.0002501 seconds, Stopping threads took: 0.0000362 seconds
[2023-11-15T11:43:52.053+0000][52883.211s][debug][safepoint     ] Safepoint synchronization initiated. (177 threads)
[2023-11-15T11:43:52.053+0000][52883.211s][info ][safepoint     ] Application time: 1.0001648 seconds
[2023-11-15T11:43:52.053+0000][52883.211s][info ][safepoint     ] Entering safepoint region: Cleanup
[2023-11-15T11:43:52.053+0000][52883.211s][info ][safepoint     ] Leaving safepoint region
[2023-11-15T11:43:52.053+0000][52883.211s][info ][safepoint     ] Total time for which application threads were stopped: 0.0002484 seconds, Stopping threads took: 0.0000424 seconds
[2023-11-15T11:43:53.053+0000][52884.211s][debug][safepoint     ] Safepoint synchronization initiated. (177 threads)
[2023-11-15T11:43:53.053+0000][52884.211s][info ][safepoint     ] Application time: 1.0001536 seconds
[2023-11-15T11:43:53.053+0000][52884.211s][info ][safepoint     ] Entering safepoint region: Cleanup
[2023-11-15T11:43:53.053+0000][52884.211s][info ][safepoint     ] Leaving safepoint region
[2023-11-15T11:43:53.053+0000][52884.211s][info ][safepoint     ] Total time for which application threads were stopped: 0.0002122 seconds, Stopping threads took: 0.0000401 seconds
[2023-11-15T11:43:54.054+0000][52885.212s][debug][safepoint     ] Safepoint synchronization initiated. (177 threads)
[2023-11-15T11:43:54.054+0000][52885.212s][info ][safepoint     ] Application time: 1.0001474 seconds
[2023-11-15T11:43:54.054+0000][52885.212s][info ][safepoint     ] Entering safepoint region: Cleanup
[2023-11-15T11:43:54.054+0000][52885.212s][info ][safepoint     ] Leaving safepoint region
[2023-11-15T11:43:54.054+0000][52885.212s][info ][safepoint     ] Total time for which application threads were stopped: 0.0002586 seconds, Stopping threads took: 0.0000396 seconds
[2023-11-15T11:43:55.054+0000][52886.212s][debug][safepoint     ] Safepoint synchronization initiated. (177 threads)
[2023-11-15T11:43:55.054+0000][52886.212s][info ][safepoint     ] Application time: 1.0001545 seconds
[2023-11-15T11:43:55.054+0000][52886.212s][info ][safepoint     ] Entering safepoint region: Cleanup
[2023-11-15T11:43:55.054+0000][52886.212s][info ][safepoint     ] Leaving safepoint region
[2023-11-15T11:43:55.054+0000][52886.212s][info ][safepoint     ] Total time for which application threads were stopped: 0.0003263 seconds, Stopping threads took: 0.0000508 seconds
[2023-11-15T11:43:56.054+0000][52887.213s][debug][safepoint     ] Safepoint synchronization initiated. (177 threads)
[2023-11-15T11:43:56.055+0000][52887.213s][info ][safepoint     ] Application time: 1.0001528 seconds
[2023-11-15T11:43:56.055+0000][52887.213s][info ][safepoint     ] Entering safepoint region: Cleanup
[2023-11-15T11:43:56.055+0000][52887.213s][info ][safepoint     ] Leaving safepoint region
[2023-11-15T11:43:56.055+0000][52887.213s][info ][safepoint     ] Total time for which application threads were stopped: 0.0001694 seconds, Stopping threads took: 0.0000333 seconds
[2023-11-15T11:43:57.055+0000][52888.213s][debug][safepoint     ] Safepoint synchronization initiated. (177 threads)
[2023-11-15T11:43:57.055+0000][52888.213s][info ][safepoint     ] Application time: 1.0001755 seconds
[2023-11-15T11:43:57.055+0000][52888.213s][info ][safepoint     ] Entering safepoint region: Cleanup
[2023-11-15T11:43:57.055+0000][52888.213s][info ][safepoint     ] Leaving safepoint region
[2023-11-15T11:43:57.055+0000][52888.213s][info ][safepoint     ] Total time for which application threads were stopped: 0.0002567 seconds, Stopping threads took: 0.0000396 seconds
[2023-11-15T11:43:58.055+0000][52889.213s][debug][safepoint     ] Safepoint synchronization initiated. (177 threads)
[2023-11-15T11:43:58.055+0000][52889.213s][info ][safepoint     ] Application time: 1.0001668 seconds
[2023-11-15T11:43:58.055+0000][52889.213s][info ][safepoint     ] Entering safepoint region: Cleanup
[2023-11-15T11:43:58.056+0000][52889.214s][info ][safepoint     ] Leaving safepoint region
[2023-11-15T11:43:58.056+0000][52889.214s][info ][safepoint     ] Total time for which application threads were stopped: 0.0003072 seconds, Stopping threads took: 0.0000404 seconds
[2023-11-15T11:43:59.056+0000][52890.214s][debug][safepoint     ] Safepoint synchronization initiated. (177 threads)
[2023-11-15T11:43:59.056+0000][52890.214s][info ][safepoint     ] Application time: 1.0001378 seconds
[2023-11-15T11:43:59.056+0000][52890.214s][info ][safepoint     ] Entering safepoint region: Cleanup
[2023-11-15T11:43:59.056+0000][52890.214s][info ][safepoint     ] Leaving safepoint region
[2023-11-15T11:43:59.056+0000][52890.214s][info ][safepoint     ] Total time for which application threads were stopped: 0.0002709 seconds, Stopping threads took: 0.0000519 seconds
[2023-11-15T11:44:00.056+0000][52891.214s][debug][safepoint     ] Safepoint synchronization initiated. (177 threads)
[2023-11-15T11:44:00.056+0000][52891.214s][info ][safepoint     ] Application time: 1.0001430 seconds
[2023-11-15T11:44:00.056+0000][52891.214s][info ][safepoint     ] Entering safepoint region: Cleanup
[2023-11-15T11:44:00.057+0000][52891.215s][info ][safepoint     ] Leaving safepoint region
[2023-11-15T11:44:00.057+0000][52891.215s][info ][safepoint     ] Total time for which application threads were stopped: 0.0003198 seconds, Stopping threads took: 0.0000362 seconds
[2023-11-15T11:44:01.057+0000][52892.215s][debug][safepoint     ] Safepoint synchronization initiated. (177 threads)
[2023-11-15T11:44:01.057+0000][52892.215s][info ][safepoint     ] Application time: 1.0001366 seconds
[2023-11-15T11:44:01.057+0000][52892.215s][info ][safepoint     ] Entering safepoint region: Cleanup
[2023-11-15T11:44:01.057+0000][52892.215s][info ][safepoint     ] Leaving safepoint region
[2023-11-15T11:44:01.057+0000][52892.215s][info ][safepoint     ] Total time for which application threads were stopped: 0.0003301 seconds, Stopping threads took: 0.0000411 seconds
[2023-11-15T11:44:02.057+0000][52893.215s][debug][safepoint     ] Safepoint synchronization initiated. (177 threads)
[2023-11-15T11:44:02.057+0000][52893.215s][info ][safepoint     ] Application time: 1.0001775 seconds
[2023-11-15T11:44:02.057+0000][52893.215s][info ][safepoint     ] Entering safepoint region: Cleanup
[2023-11-15T11:44:02.057+0000][52893.216s][info ][safepoint     ] Leaving safepoint region
[2023-11-15T11:44:02.058+0000][52893.216s][info ][safepoint     ] Total time for which application threads were stopped: 0.0002321 seconds, Stopping threads took: 0.0000335 seconds
[2023-11-15T11:44:03.058+0000][52894.216s][debug][safepoint     ] Safepoint synchronization initiated. (177 threads)
[2023-11-15T11:44:03.058+0000][52894.216s][info ][safepoint     ] Application time: 1.0001512 seconds
[2023-11-15T11:44:03.058+0000][52894.216s][info ][safepoint     ] Entering safepoint region: Cleanup
[2023-11-15T11:44:03.058+0000][52894.216s][info ][safepoint     ] Leaving safepoint region
[2023-11-15T11:44:03.058+0000][52894.216s][info ][safepoint     ] Total time for which application threads were stopped: 0.0005164 seconds, Stopping threads took: 0.0002622 seconds
[2023-11-15T11:44:04.058+0000][52895.216s][debug][safepoint     ] Safepoint synchronization initiated. (177 threads)
[2023-11-15T11:44:04.058+0000][52895.216s][info ][safepoint     ] Application time: 1.0001517 seconds
[2023-11-15T11:44:04.058+0000][52895.216s][info ][safepoint     ] Entering safepoint region: Cleanup
[2023-11-15T11:44:04.059+0000][52895.217s][info ][safepoint     ] Leaving safepoint region
[2023-11-15T11:44:04.059+0000][52895.217s][info ][safepoint     ] Total time for which application threads were stopped: 0.0001627 seconds, Stopping threads took: 0.0000333 seconds
[2023-11-15T11:44:05.059+0000][52896.217s][debug][safepoint     ] Safepoint synchronization initiated. (177 threads)
[2023-11-15T11:44:05.059+0000][52896.217s][info ][safepoint     ] Application time: 1.0001634 seconds
[2023-11-15T11:44:05.059+0000][52896.217s][info ][safepoint     ] Entering safepoint region: Cleanup
[2023-11-15T11:44:05.059+0000][52896.217s][info ][safepoint     ] Leaving safepoint region
[2023-11-15T11:44:05.059+0000][52896.217s][info ][safepoint     ] Total time for which application threads were stopped: 0.0003133 seconds, Stopping threads took: 0.0000514 seconds
[2023-11-15T11:44:06.059+0000][52897.217s][debug][safepoint     ] Safepoint synchronization initiated. (177 threads)
[2023-11-15T11:44:06.059+0000][52897.217s][info ][safepoint     ] Application time: 1.0001821 seconds
[2023-11-15T11:44:06.059+0000][52897.217s][info ][safepoint     ] Entering safepoint region: Cleanup
[2023-11-15T11:44:06.060+0000][52897.218s][info ][safepoint     ] Leaving safepoint region
[2023-11-15T11:44:06.060+0000][52897.218s][info ][safepoint     ] Total time for which application threads were stopped: 0.0003011 seconds, Stopping threads took: 0.0000507 seconds
[2023-11-15T11:44:07.060+0000][52898.218s][debug][safepoint     ] Safepoint synchronization initiated. (177 threads)
[2023-11-15T11:44:07.060+0000][52898.218s][info ][safepoint     ] Application time: 1.0001351 seconds
[2023-11-15T11:44:07.060+0000][52898.218s][info ][safepoint     ] Entering safepoint region: Cleanup
[2023-11-15T11:44:07.060+0000][52898.218s][info ][safepoint     ] Leaving safepoint region
[2023-11-15T11:44:07.060+0000][52898.218s][info ][safepoint     ] Total time for which application threads were stopped: 0.0002879 seconds, Stopping threads took: 0.0000523 seconds
[2023-11-15T11:44:08.060+0000][52899.218s][debug][safepoint     ] Safepoint synchronization initiated. (177 threads)
[2023-11-15T11:44:08.060+0000][52899.218s][info ][safepoint     ] Application time: 1.0001795 seconds
[2023-11-15T11:44:08.060+0000][52899.218s][info ][safepoint     ] Entering safepoint region: Cleanup
[2023-11-15T11:44:08.061+0000][52899.219s][info ][safepoint     ] Leaving safepoint region
[2023-11-15T11:44:08.061+0000][52899.219s][info ][safepoint     ] Total time for which application threads were stopped: 0.0004375 seconds, Stopping threads took: 0.0002255 seconds
[2023-11-15T11:44:09.061+0000][52900.219s][debug][safepoint     ] Safepoint synchronization initiated. (177 threads)
[2023-11-15T11:44:09.061+0000][52900.219s][info ][safepoint     ] Application time: 1.0001492 seconds
[2023-11-15T11:44:09.061+0000][52900.219s][info ][safepoint     ] Entering safepoint region: Cleanup
[2023-11-15T11:44:09.061+0000][52900.219s][info ][safepoint     ] Leaving safepoint region
[2023-11-15T11:44:09.061+0000][52900.219s][info ][safepoint     ] Total time for which application threads were stopped: 0.0001625 seconds, Stopping threads took: 0.0000333 seconds
[2023-11-15T11:44:10.061+0000][52901.219s][debug][safepoint     ] Safepoint synchronization initiated. (177 threads)
[2023-11-15T11:44:10.061+0000][52901.219s][info ][safepoint     ] Application time: 1.0001551 seconds
[2023-11-15T11:44:10.061+0000][52901.219s][info ][safepoint     ] Entering safepoint region: Cleanup
[2023-11-15T11:44:10.061+0000][52901.220s][info ][safepoint     ] Leaving safepoint region
[2023-11-15T11:44:10.061+0000][52901.220s][info ][safepoint     ] Total time for which application threads were stopped: 0.0002480 seconds, Stopping threads took: 0.0000521 seconds
[2023-11-15T11:44:11.062+0000][52902.220s][debug][safepoint     ] Safepoint synchronization initiated. (177 threads)
[2023-11-15T11:44:11.062+0000][52902.220s][info ][safepoint     ] Application time: 1.0001688 seconds
[2023-11-15T11:44:11.062+0000][52902.220s][info ][safepoint     ] Entering safepoint region: Cleanup
[2023-11-15T11:44:11.062+0000][52902.220s][info ][safepoint     ] Leaving safepoint region
[2023-11-15T11:44:11.062+0000][52902.220s][info ][safepoint     ] Total time for which application threads were stopped: 0.0002546 seconds, Stopping threads took: 0.0000551 seconds
[2023-11-15T11:44:11.062+0000][52902.220s][debug][safepoint     ] ... found polling page return exception at pc = 0x00007fe180ff1766, stub =0x00007fe17883a800
[2023-11-15T11:44:11.062+0000][52902.220s][debug][safepoint     ] ... found polling page return exception at pc = 0x00007fe180ff1766, stub =0x00007fe17883a800
[2023-11-15T11:44:12.062+0000][52903.220s][debug][safepoint     ] Safepoint synchronization initiated. (177 threads)
[2023-11-15T11:44:12.062+0000][52903.220s][info ][safepoint     ] Application time: 1.0001502 seconds
[2023-11-15T11:44:12.062+0000][52903.220s][info ][safepoint     ] Entering safepoint region: Cleanup
[2023-11-15T11:44:12.062+0000][52903.220s][info ][safepoint     ] Leaving safepoint region
[2023-11-15T11:44:12.062+0000][52903.220s][info ][safepoint     ] Total time for which application threads were stopped: 0.0002849 seconds, Stopping threads took: 0.0000543 seconds
[2023-11-15T11:44:13.063+0000][52904.221s][debug][safepoint     ] Safepoint synchronization initiated. (177 threads)
[2023-11-15T11:44:13.063+0000][52904.221s][info ][safepoint     ] Application time: 1.0001817 seconds
[2023-11-15T11:44:13.063+0000][52904.221s][info ][safepoint     ] Entering safepoint region: Cleanup
[2023-11-15T11:44:13.063+0000][52904.221s][info ][safepoint     ] Leaving safepoint region
[2023-11-15T11:44:13.063+0000][52904.221s][info ][safepoint     ] Total time for which application threads were stopped: 0.0003992 seconds, Stopping threads took: 0.0002527 seconds
[2023-11-15T11:44:14.063+0000][52905.221s][debug][safepoint     ] Safepoint synchronization initiated. (177 threads)
[2023-11-15T11:44:14.063+0000][52905.221s][info ][safepoint     ] Application time: 1.0001592 seconds
[2023-11-15T11:44:14.063+0000][52905.221s][info ][safepoint     ] Entering safepoint region: Cleanup
[2023-11-15T11:44:14.064+0000][52905.222s][info ][safepoint     ] Leaving safepoint region
[2023-11-15T11:44:14.064+0000][52905.222s][info ][safepoint     ] Total time for which application threads were stopped: 0.0003314 seconds, Stopping threads took: 0.0000537 seconds
[2023-11-15T11:44:15.064+0000][52906.222s][debug][safepoint     ] Safepoint synchronization initiated. (177 threads)
[2023-11-15T11:44:15.064+0000][52906.222s][info ][safepoint     ] Application time: 1.0001452 seconds
[2023-11-15T11:44:15.064+0000][52906.222s][info ][safepoint     ] Entering safepoint region: Cleanup
[2023-11-15T11:44:15.064+0000][52906.222s][info ][safepoint     ] Leaving safepoint region
[2023-11-15T11:44:15.064+0000][52906.222s][info ][safepoint     ] Total time for which application threads were stopped: 0.0001904 seconds, Stopping threads took: 0.0000403 seconds
[2023-11-15T11:44:16.064+0000][52907.222s][debug][safepoint     ] Safepoint synchronization initiated. (177 threads)
[2023-11-15T11:44:16.064+0000][52907.222s][info ][safepoint     ] Application time: 1.0001451 seconds
[2023-11-15T11:44:16.064+0000][52907.222s][info ][safepoint     ] Entering safepoint region: Cleanup
[2023-11-15T11:44:16.064+0000][52907.222s][info ][safepoint     ] Leaving safepoint region
[2023-11-15T11:44:16.064+0000][52907.222s][info ][safepoint     ] Total time for which application threads were stopped: 0.0003287 seconds, Stopping threads took: 0.0000395 seconds
[2023-11-15T11:44:17.065+0000][52908.223s][debug][safepoint     ] Safepoint synchronization initiated. (177 threads)
[2023-11-15T11:44:17.065+0000][52908.223s][info ][safepoint     ] Application time: 1.0001662 seconds
[2023-11-15T11:44:17.065+0000][52908.223s][info ][safepoint     ] Entering safepoint region: Cleanup
[2023-11-15T11:44:17.065+0000][52908.223s][info ][safepoint     ] Leaving safepoint region
[2023-11-15T11:44:17.065+0000][52908.223s][info ][safepoint     ] Total time for which application threads were stopped: 0.0003594 seconds, Stopping threads took: 0.0000523 seconds
[2023-11-15T11:44:18.065+0000][52909.223s][debug][safepoint     ] Safepoint synchronization initiated. (177 threads)
[2023-11-15T11:44:18.065+0000][52909.223s][info ][safepoint     ] Application time: 1.0001716 seconds
[2023-11-15T11:44:18.065+0000][52909.223s][info ][safepoint     ] Entering safepoint region: Cleanup
[2023-11-15T11:44:18.066+0000][52909.224s][info ][safepoint     ] Leaving safepoint region
[2023-11-15T11:44:18.066+0000][52909.224s][info ][safepoint     ] Total time for which application threads were stopped: 0.0004361 seconds, Stopping threads took: 0.0001692 seconds
[2023-11-15T11:44:19.066+0000][52910.224s][debug][safepoint     ] Safepoint synchronization initiated. (177 threads)
[2023-11-15T11:44:19.066+0000][52910.224s][info ][safepoint     ] Application time: 1.0001686 seconds
[2023-11-15T11:44:19.066+0000][52910.224s][info ][safepoint     ] Entering safepoint region: Cleanup
[2023-11-15T11:44:19.066+0000][52910.224s][info ][safepoint     ] Leaving safepoint region
[2023-11-15T11:44:19.066+0000][52910.224s][info ][safepoint     ] Total time for which application threads were stopped: 0.0003485 seconds, Stopping threads took: 0.0000518 seconds
[2023-11-15T11:44:20.066+0000][52911.224s][debug][safepoint     ] Safepoint synchronization initiated. (177 threads)
[2023-11-15T11:44:20.066+0000][52911.224s][info ][safepoint     ] Application time: 1.0001643 seconds
[2023-11-15T11:44:20.066+0000][52911.224s][info ][safepoint     ] Entering safepoint region: Cleanup
[2023-11-15T11:44:20.067+0000][52911.225s][info ][safepoint     ] Leaving safepoint region
[2023-11-15T11:44:20.067+0000][52911.225s][info ][safepoint     ] Total time for which application threads were stopped: 0.0002578 seconds, Stopping threads took: 0.0000407 seconds
[2023-11-15T11:44:21.067+0000][52912.225s][debug][safepoint     ] Safepoint synchronization initiated. (177 threads)
[2023-11-15T11:44:21.067+0000][52912.225s][info ][safepoint     ] Application time: 1.0001792 seconds
[2023-11-15T11:44:21.067+0000][52912.225s][info ][safepoint     ] Entering safepoint region: Cleanup
[2023-11-15T11:44:21.067+0000][52912.225s][info ][safepoint     ] Leaving safepoint region
[2023-11-15T11:44:21.067+0000][52912.225s][info ][safepoint     ] Total time for which application threads were stopped: 0.0001677 seconds, Stopping threads took: 0.0000331 seconds
[2023-11-15T11:44:22.067+0000][52913.225s][debug][safepoint     ] Safepoint synchronization initiated. (177 threads)
[2023-11-15T11:44:22.067+0000][52913.225s][info ][safepoint     ] Application time: 1.0001487 seconds
[2023-11-15T11:44:22.067+0000][52913.225s][info ][safepoint     ] Entering safepoint region: Cleanup
[2023-11-15T11:44:22.067+0000][52913.225s][info ][safepoint     ] Leaving safepoint region
[2023-11-15T11:44:22.067+0000][52913.225s][info ][safepoint     ] Total time for which application threads were stopped: 0.0002590 seconds, Stopping threads took: 0.0000518 seconds
[2023-11-15T11:44:23.068+0000][52914.226s][debug][safepoint     ] Safepoint synchronization initiated. (177 threads)
[2023-11-15T11:44:23.068+0000][52914.226s][info ][safepoint     ] Application time: 1.0001650 seconds
[2023-11-15T11:44:23.068+0000][52914.226s][info ][safepoint     ] Entering safepoint region: Cleanup
[2023-11-15T11:44:23.068+0000][52914.226s][info ][safepoint     ] Leaving safepoint region
[2023-11-15T11:44:23.068+0000][52914.226s][info ][safepoint     ] Total time for which application threads were stopped: 0.0005432 seconds, Stopping threads took: 0.0003318 seconds
[2023-11-15T11:44:24.068+0000][52915.226s][debug][safepoint     ] Safepoint synchronization initiated. (177 threads)
[2023-11-15T11:44:24.068+0000][52915.226s][info ][safepoint     ] Application time: 1.0001560 seconds
[2023-11-15T11:44:24.068+0000][52915.226s][info ][safepoint     ] Entering safepoint region: Cleanup
[2023-11-15T11:44:24.069+0000][52915.227s][info ][safepoint     ] Leaving safepoint region
[2023-11-15T11:44:24.069+0000][52915.227s][info ][safepoint     ] Total time for which application threads were stopped: 0.0002591 seconds, Stopping threads took: 0.0000515 seconds
[2023-11-15T11:44:25.069+0000][52916.227s][debug][safepoint     ] Safepoint synchronization initiated. (177 threads)
[2023-11-15T11:44:25.069+0000][52916.227s][info ][safepoint     ] Application time: 1.0001527 seconds
[2023-11-15T11:44:25.069+0000][52916.227s][info ][safepoint     ] Entering safepoint region: Cleanup
[2023-11-15T11:44:25.069+0000][52916.227s][info ][safepoint     ] Leaving safepoint region
[2023-11-15T11:44:25.069+0000][52916.227s][info ][safepoint     ] Total time for which application threads were stopped: 0.0002282 seconds, Stopping threads took: 0.0000381 seconds
[2023-11-15T11:44:26.069+0000][52917.227s][debug][safepoint     ] Safepoint synchronization initiated. (177 threads)
[2023-11-15T11:44:26.069+0000][52917.227s][info ][safepoint     ] Application time: 1.0001891 seconds
[2023-11-15T11:44:26.069+0000][52917.227s][info ][safepoint     ] Entering safepoint region: Cleanup
[2023-11-15T11:44:26.070+0000][52917.228s][info ][safepoint     ] Leaving safepoint region
[2023-11-15T11:44:26.070+0000][52917.228s][info ][safepoint     ] Total time for which application threads were stopped: 0.0003498 seconds, Stopping threads took: 0.0000503 seconds
[2023-11-15T11:44:27.070+0000][52918.228s][debug][safepoint     ] Safepoint synchronization initiated. (177 threads)
[2023-11-15T11:44:27.070+0000][52918.228s][info ][safepoint     ] Application time: 1.0001667 seconds
[2023-11-15T11:44:27.070+0000][52918.228s][info ][safepoint     ] Entering safepoint region: Cleanup
[2023-11-15T11:44:27.070+0000][52918.228s][info ][safepoint     ] Leaving safepoint region
[2023-11-15T11:44:27.070+0000][52918.228s][info ][safepoint     ] Total time for which application threads were stopped: 0.0002651 seconds, Stopping threads took: 0.0000515 seconds
[2023-11-15T11:44:28.070+0000][52919.228s][debug][safepoint     ] Safepoint synchronization initiated. (177 threads)
[2023-11-15T11:44:28.070+0000][52919.228s][info ][safepoint     ] Application time: 1.0001790 seconds
[2023-11-15T11:44:28.070+0000][52919.228s][info ][safepoint     ] Entering safepoint region: Cleanup
[2023-11-15T11:44:28.070+0000][52919.229s][info ][safepoint     ] Leaving safepoint region
[2023-11-15T11:44:28.071+0000][52919.229s][info ][safepoint     ] Total time for which application threads were stopped: 0.0002698 seconds, Stopping threads took: 0.0000523 seconds
[2023-11-15T11:44:29.071+0000][52920.229s][debug][safepoint     ] Safepoint synchronization initiated. (177 threads)
[2023-11-15T11:44:29.071+0000][52920.229s][info ][safepoint     ] Application time: 1.0001701 seconds
[2023-11-15T11:44:29.071+0000][52920.229s][info ][safepoint     ] Entering safepoint region: Cleanup
[2023-11-15T11:44:29.071+0000][52920.229s][info ][safepoint     ] Leaving safepoint region
[2023-11-15T11:44:29.071+0000][52920.229s][info ][safepoint     ] Total time for which application threads were stopped: 0.0002671 seconds, Stopping threads took: 0.0000516 seconds
[2023-11-15T11:44:30.071+0000][52921.229s][debug][safepoint     ] Safepoint synchronization initiated. (177 threads)
[2023-11-15T11:44:30.071+0000][52921.229s][info ][safepoint     ] Application time: 1.0001520 seconds
[2023-11-15T11:44:30.071+0000][52921.229s][info ][safepoint     ] Entering safepoint region: Cleanup
[2023-11-15T11:44:30.072+0000][52921.230s][info ][safepoint     ] Leaving safepoint region
[2023-11-15T11:44:30.072+0000][52921.230s][info ][safepoint     ] Total time for which application threads were stopped: 0.0004096 seconds, Stopping threads took: 0.0001867 seconds
[2023-11-15T11:44:31.072+0000][52922.230s][debug][safepoint     ] Safepoint synchronization initiated. (177 threads)
[2023-11-15T11:44:31.072+0000][52922.230s][info ][safepoint     ] Application time: 1.0001418 seconds
[2023-11-15T11:44:31.072+0000][52922.230s][info ][safepoint     ] Entering safepoint region: Cleanup
[2023-11-15T11:44:31.072+0000][52922.230s][info ][safepoint     ] Leaving safepoint region
[2023-11-15T11:44:31.072+0000][52922.230s][info ][safepoint     ] Total time for which application threads were stopped: 0.0002245 seconds, Stopping threads took: 0.0000513 seconds
[2023-11-15T11:44:32.072+0000][52923.230s][debug][safepoint     ] Safepoint synchronization initiated. (177 threads)
[2023-11-15T11:44:32.072+0000][52923.230s][info ][safepoint     ] Application time: 1.0001528 seconds
[2023-11-15T11:44:32.072+0000][52923.230s][info ][safepoint     ] Entering safepoint region: Cleanup
[2023-11-15T11:44:32.072+0000][52923.231s][info ][safepoint     ] Leaving safepoint region
[2023-11-15T11:44:32.073+0000][52923.231s][info ][safepoint     ] Total time for which application threads were stopped: 0.0003524 seconds, Stopping threads took: 0.0000513 seconds
[2023-11-15T11:44:33.073+0000][52924.231s][debug][safepoint     ] Safepoint synchronization initiated. (177 threads)
[2023-11-15T11:44:33.073+0000][52924.231s][info ][safepoint     ] Application time: 1.0001714 seconds
[2023-11-15T11:44:33.073+0000][52924.231s][info ][safepoint     ] Entering safepoint region: Cleanup
[2023-11-15T11:44:33.073+0000][52924.231s][info ][safepoint     ] Leaving safepoint region
[2023-11-15T11:44:33.073+0000][52924.231s][info ][safepoint     ] Total time for which application threads were stopped: 0.0003501 seconds, Stopping threads took: 0.0000517 seconds
[2023-11-15T11:44:34.073+0000][52925.231s][debug][safepoint     ] Safepoint synchronization initiated. (177 threads)
[2023-11-15T11:44:34.073+0000][52925.231s][info ][safepoint     ] Application time: 1.0001693 seconds
[2023-11-15T11:44:34.073+0000][52925.231s][info ][safepoint     ] Entering safepoint region: Cleanup
[2023-11-15T11:44:34.074+0000][52925.232s][info ][safepoint     ] Leaving safepoint region
[2023-11-15T11:44:34.074+0000][52925.232s][info ][safepoint     ] Total time for which application threads were stopped: 0.0003231 seconds, Stopping threads took: 0.0000523 seconds
[2023-11-15T11:44:35.074+0000][52926.232s][debug][safepoint     ] Safepoint synchronization initiated. (177 threads)
[2023-11-15T11:44:35.074+0000][52926.232s][info ][safepoint     ] Application time: 1.0001408 seconds
[2023-11-15T11:44:35.074+0000][52926.232s][info ][safepoint     ] Entering safepoint region: Cleanup
[2023-11-15T11:44:35.074+0000][52926.232s][info ][safepoint     ] Leaving safepoint region
[2023-11-15T11:44:35.074+0000][52926.232s][info ][safepoint     ] Total time for which application threads were stopped: 0.0003122 seconds, Stopping threads took: 0.0001713 seconds
[2023-11-15T11:44:36.074+0000][52927.232s][debug][safepoint     ] Safepoint synchronization initiated. (177 threads)
[2023-11-15T11:44:36.074+0000][52927.232s][info ][safepoint     ] Application time: 1.0001697 seconds
[2023-11-15T11:44:36.074+0000][52927.232s][info ][safepoint     ] Entering safepoint region: Cleanup
[2023-11-15T11:44:36.075+0000][52927.233s][info ][safepoint     ] Leaving safepoint region
[2023-11-15T11:44:36.075+0000][52927.233s][info ][safepoint     ] Total time for which application threads were stopped: 0.0003468 seconds, Stopping threads took: 0.0000506 seconds
[2023-11-15T11:44:37.075+0000][52928.233s][debug][safepoint     ] Safepoint synchronization initiated. (177 threads)
[2023-11-15T11:44:37.075+0000][52928.233s][info ][safepoint     ] Application time: 1.0001656 seconds
[2023-11-15T11:44:37.075+0000][52928.233s][info ][safepoint     ] Entering safepoint region: Cleanup
[2023-11-15T11:44:37.075+0000][52928.233s][info ][safepoint     ] Leaving safepoint region
[2023-11-15T11:44:37.075+0000][52928.233s][info ][safepoint     ] Total time for which application threads were stopped: 0.0002751 seconds, Stopping threads took: 0.0000536 seconds
[2023-11-15T11:44:38.075+0000][52929.233s][debug][safepoint     ] Safepoint synchronization initiated. (177 threads)
[2023-11-15T11:44:38.075+0000][52929.233s][info ][safepoint     ] Application time: 1.0001684 seconds
[2023-11-15T11:44:38.075+0000][52929.233s][info ][safepoint     ] Entering safepoint region: Cleanup
[2023-11-15T11:44:38.076+0000][52929.234s][info ][safepoint     ] Leaving safepoint region
[2023-11-15T11:44:38.076+0000][52929.234s][info ][safepoint     ] Total time for which application threads were stopped: 0.0002889 seconds, Stopping threads took: 0.0000519 seconds
[2023-11-15T11:44:39.076+0000][52930.234s][debug][safepoint     ] Safepoint synchronization initiated. (177 threads)
[2023-11-15T11:44:39.076+0000][52930.234s][info ][safepoint     ] Application time: 1.0001704 seconds
[2023-11-15T11:44:39.076+0000][52930.234s][info ][safepoint     ] Entering safepoint region: Cleanup
[2023-11-15T11:44:39.076+0000][52930.234s][info ][safepoint     ] Leaving safepoint region
[2023-11-15T11:44:39.076+0000][52930.234s][info ][safepoint     ] Total time for which application threads were stopped: 0.0002683 seconds, Stopping threads took: 0.0000512 seconds
[2023-11-15T11:44:40.076+0000][52931.234s][debug][safepoint     ] Safepoint synchronization initiated. (177 threads)
[2023-11-15T11:44:40.076+0000][52931.234s][info ][safepoint     ] Application time: 1.0001559 seconds
[2023-11-15T11:44:40.076+0000][52931.234s][info ][safepoint     ] Entering safepoint region: Cleanup
[2023-11-15T11:44:40.077+0000][52931.235s][info ][safepoint     ] Leaving safepoint region
[2023-11-15T11:44:40.077+0000][52931.235s][info ][safepoint     ] Total time for which application threads were stopped: 0.0004141 seconds, Stopping threads took: 0.0002001 seconds
[2023-11-15T11:44:41.077+0000][52932.235s][debug][safepoint     ] Safepoint synchronization initiated. (177 threads)
[2023-11-15T11:44:41.077+0000][52932.235s][info ][safepoint     ] Application time: 1.0001688 seconds
[2023-11-15T11:44:41.077+0000][52932.235s][info ][safepoint     ] Entering safepoint region: Cleanup
[2023-11-15T11:44:41.077+0000][52932.235s][info ][safepoint     ] Leaving safepoint region
[2023-11-15T11:44:41.077+0000][52932.235s][info ][safepoint     ] Total time for which application threads were stopped: 0.0002682 seconds, Stopping threads took: 0.0000515 seconds
[2023-11-15T11:44:42.077+0000][52933.235s][debug][safepoint     ] Safepoint synchronization initiated. (177 threads)
[2023-11-15T11:44:42.077+0000][52933.235s][info ][safepoint     ] Application time: 1.0001639 seconds
[2023-11-15T11:44:42.077+0000][52933.235s][info ][safepoint     ] Entering safepoint region: Cleanup
[2023-11-15T11:44:42.078+0000][52933.236s][info ][safepoint     ] Leaving safepoint region
[2023-11-15T11:44:42.078+0000][52933.236s][info ][safepoint     ] Total time for which application threads were stopped: 0.0003511 seconds, Stopping threads took: 0.0000519 seconds
[2023-11-15T11:44:43.078+0000][52934.236s][debug][safepoint     ] Safepoint synchronization initiated. (177 threads)
[2023-11-15T11:44:43.078+0000][52934.236s][info ][safepoint     ] Application time: 1.0001647 seconds
[2023-11-15T11:44:43.078+0000][52934.236s][info ][safepoint     ] Entering safepoint region: Cleanup
[2023-11-15T11:44:43.078+0000][52934.236s][info ][safepoint     ] Leaving safepoint region
[2023-11-15T11:44:43.078+0000][52934.236s][info ][safepoint     ] Total time for which application threads were stopped: 0.0002559 seconds, Stopping threads took: 0.0000519 seconds
[2023-11-15T11:44:44.078+0000][52935.236s][debug][safepoint     ] Safepoint synchronization initiated. (177 threads)
[2023-11-15T11:44:44.078+0000][52935.236s][info ][safepoint     ] Application time: 1.0001521 seconds
[2023-11-15T11:44:44.078+0000][52935.236s][info ][safepoint     ] Entering safepoint region: Cleanup
[2023-11-15T11:44:44.079+0000][52935.237s][info ][safepoint     ] Leaving safepoint region
[2023-11-15T11:44:44.079+0000][52935.237s][info ][safepoint     ] Total time for which application threads were stopped: 0.0002559 seconds, Stopping threads took: 0.0000512 seconds
[2023-11-15T11:44:45.079+0000][52936.237s][debug][safepoint     ] Safepoint synchronization initiated. (177 threads)
[2023-11-15T11:44:45.079+0000][52936.237s][info ][safepoint     ] Application time: 1.0001376 seconds
[2023-11-15T11:44:45.079+0000][52936.237s][info ][safepoint     ] Entering safepoint region: Cleanup
[2023-11-15T11:44:45.079+0000][52936.237s][info ][safepoint     ] Leaving safepoint region
[2023-11-15T11:44:45.079+0000][52936.237s][info ][safepoint     ] Total time for which application threads were stopped: 0.0005384 seconds, Stopping threads took: 0.0002779 seconds
[2023-11-15T11:44:46.079+0000][52937.238s][debug][safepoint     ] Safepoint synchronization initiated. (177 threads)
[2023-11-15T11:44:46.080+0000][52937.238s][info ][safepoint     ] Application time: 1.0001912 seconds
[2023-11-15T11:44:46.080+0000][52937.238s][info ][safepoint     ] Entering safepoint region: Cleanup
[2023-11-15T11:44:46.080+0000][52937.238s][info ][safepoint     ] Leaving safepoint region
[2023-11-15T11:44:46.080+0000][52937.238s][info ][safepoint     ] Total time for which application threads were stopped: 0.0003470 seconds, Stopping threads took: 0.0000510 seconds
[2023-11-15T11:44:47.080+0000][52938.238s][debug][safepoint     ] Safepoint synchronization initiated. (177 threads)
[2023-11-15T11:44:47.080+0000][52938.238s][info ][safepoint     ] Application time: 1.0001766 seconds
[2023-11-15T11:44:47.080+0000][52938.238s][info ][safepoint     ] Entering safepoint region: Cleanup
[2023-11-15T11:44:47.080+0000][52938.238s][info ][safepoint     ] Leaving safepoint region
[2023-11-15T11:44:47.080+0000][52938.239s][info ][safepoint     ] Total time for which application threads were stopped: 0.0003457 seconds, Stopping threads took: 0.0000507 seconds
[2023-11-15T11:44:48.081+0000][52939.239s][debug][safepoint     ] Safepoint synchronization initiated. (177 threads)
[2023-11-15T11:44:48.081+0000][52939.239s][info ][safepoint     ] Application time: 1.0001695 seconds
[2023-11-15T11:44:48.081+0000][52939.239s][info ][safepoint     ] Entering safepoint region: Cleanup
[2023-11-15T11:44:48.081+0000][52939.239s][info ][safepoint     ] Leaving safepoint region
[2023-11-15T11:44:48.081+0000][52939.239s][info ][safepoint     ] Total time for which application threads were stopped: 0.0003469 seconds, Stopping threads took: 0.0000511 seconds
[2023-11-15T11:44:49.081+0000][52940.239s][debug][safepoint     ] Safepoint synchronization initiated. (177 threads)
[2023-11-15T11:44:49.081+0000][52940.239s][info ][safepoint     ] Application time: 1.0001666 seconds
[2023-11-15T11:44:49.081+0000][52940.239s][info ][safepoint     ] Entering safepoint region: Cleanup
[2023-11-15T11:44:49.082+0000][52940.240s][info ][safepoint     ] Leaving safepoint region
[2023-11-15T11:44:49.082+0000][52940.240s][info ][safepoint     ] Total time for which application threads were stopped: 0.0003475 seconds, Stopping threads took: 0.0000513 seconds
[2023-11-15T11:44:50.082+0000][52941.240s][debug][safepoint     ] Safepoint synchronization initiated. (177 threads)
[2023-11-15T11:44:50.082+0000][52941.240s][info ][safepoint     ] Application time: 1.0001545 seconds
[2023-11-15T11:44:50.082+0000][52941.240s][info ][safepoint     ] Entering safepoint region: Cleanup
[2023-11-15T11:44:50.082+0000][52941.240s][info ][safepoint     ] Leaving safepoint region
[2023-11-15T11:44:50.082+0000][52941.240s][info ][safepoint     ] Total time for which application threads were stopped: 0.0003840 seconds, Stopping threads took: 0.0001766 seconds
[2023-11-15T11:44:51.082+0000][52942.240s][debug][safepoint     ] Safepoint synchronization initiated. (177 threads)
[2023-11-15T11:44:51.082+0000][52942.240s][info ][safepoint     ] Application time: 1.0001728 seconds
[2023-11-15T11:44:51.082+0000][52942.240s][info ][safepoint     ] Entering safepoint region: Cleanup
[2023-11-15T11:44:51.083+0000][52942.241s][info ][safepoint     ] Leaving safepoint region
[2023-11-15T11:44:51.083+0000][52942.241s][info ][safepoint     ] Total time for which application threads were stopped: 0.0002690 seconds, Stopping threads took: 0.0000515 seconds
[2023-11-15T11:44:52.083+0000][52943.241s][debug][safepoint     ] Safepoint synchronization initiated. (177 threads)
[2023-11-15T11:44:52.083+0000][52943.241s][info ][safepoint     ] Application time: 1.0001716 seconds
[2023-11-15T11:44:52.083+0000][52943.241s][info ][safepoint     ] Entering safepoint region: Cleanup
[2023-11-15T11:44:52.083+0000][52943.241s][info ][safepoint     ] Leaving safepoint region
[2023-11-15T11:44:52.083+0000][52943.241s][info ][safepoint     ] Total time for which application threads were stopped: 0.0003554 seconds, Stopping threads took: 0.0000522 seconds
[2023-11-15T11:44:53.083+0000][52944.241s][debug][safepoint     ] Safepoint synchronization initiated. (177 threads)
[2023-11-15T11:44:53.083+0000][52944.241s][info ][safepoint     ] Application time: 1.0001753 seconds
[2023-11-15T11:44:53.083+0000][52944.242s][info ][safepoint     ] Entering safepoint region: Cleanup
[2023-11-15T11:44:53.084+0000][52944.242s][info ][safepoint     ] Leaving safepoint region
[2023-11-15T11:44:53.084+0000][52944.242s][info ][safepoint     ] Total time for which application threads were stopped: 0.0002973 seconds, Stopping threads took: 0.0000770 seconds
[2023-11-15T11:44:54.084+0000][52945.242s][debug][safepoint     ] Safepoint synchronization initiated. (177 threads)
[2023-11-15T11:44:54.084+0000][52945.242s][info ][safepoint     ] Application time: 1.0001586 seconds
[2023-11-15T11:44:54.084+0000][52945.242s][info ][safepoint     ] Entering safepoint region: Cleanup
[2023-11-15T11:44:54.084+0000][52945.242s][info ][safepoint     ] Leaving safepoint region
[2023-11-15T11:44:54.084+0000][52945.242s][info ][safepoint     ] Total time for which application threads were stopped: 0.0002763 seconds, Stopping threads took: 0.0000536 seconds
[2023-11-15T11:44:54.498+0000][52945.656s][debug][safepoint     ] Safepoint synchronization initiated. (177 threads)
[2023-11-15T11:44:54.498+0000][52945.656s][info ][safepoint     ] Application time: 0.4140904 seconds
[2023-11-15T11:44:54.498+0000][52945.656s][info ][safepoint     ] Entering safepoint region: G1CollectForAllocation
[2023-11-15T11:44:54.499+0000][52945.657s][info ][gc,start      ] GC(142) Pause Young (Normal) (G1 Evacuation Pause)
[2023-11-15T11:44:54.499+0000][52945.657s][info ][gc,task       ] GC(142) Using 4 workers of 4 for evacuation
[2023-11-15T11:44:54.520+0000][52945.678s][info ][gc,phases     ] GC(142)   Pre Evacuate Collection Set: 0.0ms
[2023-11-15T11:44:54.520+0000][52945.678s][info ][gc,phases     ] GC(142)   Evacuate Collection Set: 14.3ms
[2023-11-15T11:44:54.520+0000][52945.678s][info ][gc,phases     ] GC(142)   Post Evacuate Collection Set: 6.2ms
[2023-11-15T11:44:54.520+0000][52945.678s][info ][gc,phases     ] GC(142)   Other: 0.4ms
[2023-11-15T11:44:54.520+0000][52945.678s][info ][gc,heap       ] GC(142) Eden regions: 489->0(489)
[2023-11-15T11:44:54.520+0000][52945.678s][info ][gc,heap       ] GC(142) Survivor regions: 5->5(62)
[2023-11-15T11:44:54.520+0000][52945.678s][info ][gc,heap       ] GC(142) Old regions: 160->160
[2023-11-15T11:44:54.520+0000][52945.678s][info ][gc,heap       ] GC(142) Humongous regions: 0->0
[2023-11-15T11:44:54.520+0000][52945.678s][info ][gc,metaspace  ] GC(142) Metaspace: 171357K(177660K)->171357K(177660K) NonClass: 151978K(155904K)->151978K(155904K) Class: 19379K(21756K)->19379K(21756K)
[2023-11-15T11:44:54.520+0000][52945.678s][info ][gc            ] GC(142) Pause Young (Normal) (G1 Evacuation Pause) 652M->163M(824M) 21.183ms
[2023-11-15T11:44:54.520+0000][52945.678s][info ][gc,cpu        ] GC(142) User=0.06s Sys=0.00s Real=0.03s
[2023-11-15T11:44:54.520+0000][52945.678s][info ][safepoint     ] Leaving safepoint region
[2023-11-15T11:44:54.520+0000][52945.678s][info ][safepoint     ] Total time for which application threads were stopped: 0.0215942 seconds, Stopping threads took: 0.0000529 seconds
[2023-11-15T11:44:54.520+0000][52945.678s][info ][gc,stringdedup] Concurrent String Deduplication (52945.678s)
[2023-11-15T11:44:54.521+0000][52945.679s][info ][gc,stringdedup] Concurrent String Deduplication 158.6K->72072.0B(90360.0B) avg 55.7% (52945.678s, 52945.679s) 1.134ms
[2023-11-15T11:44:55.520+0000][52946.678s][debug][safepoint     ] Safepoint synchronization initiated. (177 threads)
[2023-11-15T11:44:55.520+0000][52946.678s][info ][safepoint     ] Application time: 1.0001819 seconds
[2023-11-15T11:44:55.520+0000][52946.678s][info ][safepoint     ] Entering safepoint region: Cleanup
[2023-11-15T11:44:55.520+0000][52946.679s][info ][safepoint     ] Leaving safepoint region
[2023-11-15T11:44:55.521+0000][52946.679s][info ][safepoint     ] Total time for which application threads were stopped: 0.0004103 seconds, Stopping threads took: 0.0000568 seconds
[2023-11-15T11:44:56.521+0000][52947.679s][debug][safepoint     ] Safepoint synchronization initiated. (177 threads)
[2023-11-15T11:44:56.521+0000][52947.679s][info ][safepoint     ] Application time: 1.0001596 seconds
[2023-11-15T11:44:56.521+0000][52947.679s][info ][safepoint     ] Entering safepoint region: Cleanup
[2023-11-15T11:44:56.521+0000][52947.679s][info ][safepoint     ] Leaving safepoint region
[2023-11-15T11:44:56.521+0000][52947.679s][info ][safepoint     ] Total time for which application threads were stopped: 0.0004254 seconds, Stopping threads took: 0.0000587 seconds
[2023-11-15T11:44:57.521+0000][52948.679s][debug][safepoint     ] Safepoint synchronization initiated. (177 threads)
[2023-11-15T11:44:57.521+0000][52948.679s][info ][safepoint     ] Application time: 1.0001635 seconds
[2023-11-15T11:44:57.521+0000][52948.679s][info ][safepoint     ] Entering safepoint region: Cleanup
[2023-11-15T11:44:57.522+0000][52948.680s][info ][safepoint     ] Leaving safepoint region
[2023-11-15T11:44:57.522+0000][52948.680s][info ][safepoint     ] Total time for which application threads were stopped: 0.0003950 seconds, Stopping threads took: 0.0000585 seconds
[2023-11-15T11:44:58.522+0000][52949.680s][debug][safepoint     ] Safepoint synchronization initiated. (177 threads)
[2023-11-15T11:44:58.522+0000][52949.680s][info ][safepoint     ] Application time: 1.0001647 seconds
[2023-11-15T11:44:58.522+0000][52949.680s][info ][safepoint     ] Entering safepoint region: Cleanup
[2023-11-15T11:44:58.522+0000][52949.680s][info ][safepoint     ] Leaving safepoint region
[2023-11-15T11:44:58.522+0000][52949.680s][info ][safepoint     ] Total time for which application threads were stopped: 0.0003936 seconds, Stopping threads took: 0.0000567 seconds
[2023-11-15T11:44:59.522+0000][52950.680s][debug][safepoint     ] Safepoint synchronization initiated. (177 threads)
[2023-11-15T11:44:59.522+0000][52950.681s][info ][safepoint     ] Application time: 1.0001564 seconds
[2023-11-15T11:44:59.523+0000][52950.681s][info ][safepoint     ] Entering safepoint region: Cleanup
[2023-11-15T11:44:59.523+0000][52950.681s][info ][safepoint     ] Leaving safepoint region
[2023-11-15T11:44:59.523+0000][52950.681s][info ][safepoint     ] Total time for which application threads were stopped: 0.0002951 seconds, Stopping threads took: 0.0000558 seconds
[2023-11-15T11:45:00.523+0000][52951.681s][debug][safepoint     ] Safepoint synchronization initiated. (177 threads)
[2023-11-15T11:45:00.523+0000][52951.681s][info ][safepoint     ] Application time: 1.0001594 seconds
[2023-11-15T11:45:00.523+0000][52951.681s][info ][safepoint     ] Entering safepoint region: Cleanup
[2023-11-15T11:45:00.523+0000][52951.681s][info ][safepoint     ] Leaving safepoint region
[2023-11-15T11:45:00.523+0000][52951.681s][info ][safepoint     ] Total time for which application threads were stopped: 0.0003256 seconds, Stopping threads took: 0.0000559 seconds
[2023-11-15T11:45:01.523+0000][52952.682s][debug][safepoint     ] Safepoint synchronization initiated. (177 threads)
[2023-11-15T11:45:01.524+0000][52952.682s][info ][safepoint     ] Application time: 1.0001815 seconds
[2023-11-15T11:45:01.524+0000][52952.682s][info ][safepoint     ] Entering safepoint region: Cleanup
[2023-11-15T11:45:01.524+0000][52952.682s][info ][safepoint     ] Leaving safepoint region
[2023-11-15T11:45:01.524+0000][52952.682s][info ][safepoint     ] Total time for which application threads were stopped: 0.0003418 seconds, Stopping threads took: 0.0000578 seconds
[2023-11-15T11:45:02.524+0000][52953.682s][debug][safepoint     ] Safepoint synchronization initiated. (177 threads)
[2023-11-15T11:45:02.524+0000][52953.682s][info ][safepoint     ] Application time: 1.0001915 seconds
[2023-11-15T11:45:02.524+0000][52953.682s][info ][safepoint     ] Entering safepoint region: Cleanup
[2023-11-15T11:45:02.525+0000][52953.683s][info ][safepoint     ] Leaving safepoint region
[2023-11-15T11:45:02.525+0000][52953.683s][info ][safepoint     ] Total time for which application threads were stopped: 0.0005798 seconds, Stopping threads took: 0.0000586 seconds
[2023-11-15T11:45:03.525+0000][52954.683s][debug][safepoint     ] Safepoint synchronization initiated. (177 threads)
[2023-11-15T11:45:03.525+0000][52954.683s][info ][safepoint     ] Application time: 1.0001564 seconds
[2023-11-15T11:45:03.525+0000][52954.683s][info ][safepoint     ] Entering safepoint region: Cleanup
[2023-11-15T11:45:03.525+0000][52954.683s][info ][safepoint     ] Leaving safepoint region
[2023-11-15T11:45:03.525+0000][52954.683s][info ][safepoint     ] Total time for which application threads were stopped: 0.0002919 seconds, Stopping threads took: 0.0000550 seconds
[2023-11-15T11:45:04.525+0000][52955.683s][debug][safepoint     ] Safepoint synchronization initiated. (177 threads)
[2023-11-15T11:45:04.525+0000][52955.683s][info ][safepoint     ] Application time: 1.0001600 seconds
[2023-11-15T11:45:04.525+0000][52955.683s][info ][safepoint     ] Entering safepoint region: Cleanup
[2023-11-15T11:45:04.526+0000][52955.684s][info ][safepoint     ] Leaving safepoint region
[2023-11-15T11:45:04.526+0000][52955.684s][info ][safepoint     ] Total time for which application threads were stopped: 0.0002940 seconds, Stopping threads took: 0.0000580 seconds
[2023-11-15T11:45:05.526+0000][52956.684s][debug][safepoint     ] Safepoint synchronization initiated. (177 threads)
[2023-11-15T11:45:05.526+0000][52956.684s][info ][safepoint     ] Application time: 1.0001460 seconds
[2023-11-15T11:45:05.526+0000][52956.684s][info ][safepoint     ] Entering safepoint region: Cleanup
[2023-11-15T11:45:05.526+0000][52956.684s][info ][safepoint     ] Leaving safepoint region
[2023-11-15T11:45:05.526+0000][52956.684s][info ][safepoint     ] Total time for which application threads were stopped: 0.0003007 seconds, Stopping threads took: 0.0000813 seconds
[2023-11-15T11:45:16.527+0000][52967.685s][debug][safepoint     ] Safepoint synchronization initiated. (177 threads)
[2023-11-15T11:45:16.527+0000][52967.685s][info ][safepoint     ] Application time: 11.0009887 seconds
[2023-11-15T11:45:16.527+0000][52967.685s][info ][safepoint     ] Entering safepoint region: Cleanup
[2023-11-15T11:45:16.527+0000][52967.686s][info ][safepoint     ] Leaving safepoint region
[2023-11-15T11:45:16.527+0000][52967.686s][info ][safepoint     ] Total time for which application threads were stopped: 0.0003394 seconds, Stopping threads took: 0.0000590 seconds
[2023-11-15T11:46:37.535+0000][53048.693s][debug][safepoint     ] Safepoint synchronization initiated. (176 threads)
[2023-11-15T11:46:37.535+0000][53048.693s][info ][safepoint     ] Application time: 81.0071007 seconds
[2023-11-15T11:46:37.535+0000][53048.693s][info ][safepoint     ] Entering safepoint region: Cleanup
[2023-11-15T11:46:37.535+0000][53048.693s][info ][safepoint     ] Leaving safepoint region
[2023-11-15T11:46:37.535+0000][53048.693s][info ][safepoint     ] Total time for which application threads were stopped: 0.0003504 seconds, Stopping threads took: 0.0000551 seconds
[2023-11-15T11:53:35.400+0000][53466.558s][debug][safepoint     ] Safepoint synchronization initiated. (177 threads)
[2023-11-15T11:53:35.400+0000][53466.558s][info ][safepoint     ] Application time: 417.8648688 seconds
[2023-11-15T11:53:35.400+0000][53466.558s][info ][safepoint     ] Entering safepoint region: G1CollectForAllocation
[2023-11-15T11:53:35.400+0000][53466.558s][info ][gc,start      ] GC(143) Pause Young (Normal) (G1 Evacuation Pause)
[2023-11-15T11:53:35.400+0000][53466.558s][info ][gc,task       ] GC(143) Using 4 workers of 4 for evacuation
[2023-11-15T11:53:35.414+0000][53466.572s][info ][gc,phases     ] GC(143)   Pre Evacuate Collection Set: 0.0ms
[2023-11-15T11:53:35.414+0000][53466.572s][info ][gc,phases     ] GC(143)   Evacuate Collection Set: 6.7ms
[2023-11-15T11:53:35.414+0000][53466.572s][info ][gc,phases     ] GC(143)   Post Evacuate Collection Set: 6.5ms
[2023-11-15T11:53:35.414+0000][53466.572s][info ][gc,phases     ] GC(143)   Other: 0.4ms
[2023-11-15T11:53:35.414+0000][53466.572s][info ][gc,heap       ] GC(143) Eden regions: 489->0(488)
[2023-11-15T11:53:35.414+0000][53466.572s][info ][gc,heap       ] GC(143) Survivor regions: 5->6(62)
[2023-11-15T11:53:35.414+0000][53466.572s][info ][gc,heap       ] GC(143) Old regions: 160->160
[2023-11-15T11:53:35.414+0000][53466.572s][info ][gc,heap       ] GC(143) Humongous regions: 0->0
[2023-11-15T11:53:35.414+0000][53466.572s][info ][gc,metaspace  ] GC(143) Metaspace: 171357K(177660K)->171357K(177660K) NonClass: 151978K(155904K)->151978K(155904K) Class: 19379K(21756K)->19379K(21756K)
[2023-11-15T11:53:35.414+0000][53466.572s][info ][gc            ] GC(143) Pause Young (Normal) (G1 Evacuation Pause) 652M->163M(824M) 13.748ms
[2023-11-15T11:53:35.414+0000][53466.572s][info ][gc,cpu        ] GC(143) User=0.05s Sys=0.01s Real=0.01s
[2023-11-15T11:53:35.414+0000][53466.572s][info ][safepoint     ] Leaving safepoint region
[2023-11-15T11:53:35.414+0000][53466.572s][info ][safepoint     ] Total time for which application threads were stopped: 0.0141669 seconds, Stopping threads took: 0.0000541 seconds
[2023-11-15T11:53:35.414+0000][53466.572s][info ][gc,stringdedup] Concurrent String Deduplication (53466.572s)
[2023-11-15T11:53:35.414+0000][53466.572s][info ][gc,stringdedup] Concurrent String Deduplication 136.0B->136.0B(0.0B) avg 55.7% (53466.572s, 53466.572s) 0.056ms
[2023-11-15T11:54:06.417+0000][53497.575s][debug][safepoint     ] Safepoint synchronization initiated. (177 threads)
[2023-11-15T11:54:06.417+0000][53497.575s][info ][safepoint     ] Application time: 31.0029505 seconds
[2023-11-15T11:54:06.417+0000][53497.575s][info ][safepoint     ] Entering safepoint region: Cleanup
[2023-11-15T11:54:06.417+0000][53497.575s][info ][safepoint     ] Leaving safepoint region
[2023-11-15T11:54:06.417+0000][53497.575s][info ][safepoint     ] Total time for which application threads were stopped: 0.0003741 seconds, Stopping threads took: 0.0000766 seconds
[2023-11-15T11:54:07.418+0000][53498.576s][debug][safepoint     ] Safepoint synchronization initiated. (177 threads)
[2023-11-15T11:54:07.418+0000][53498.576s][info ][safepoint     ] Application time: 1.0001753 seconds
[2023-11-15T11:54:07.418+0000][53498.576s][info ][safepoint     ] Entering safepoint region: Cleanup
[2023-11-15T11:54:07.418+0000][53498.576s][info ][safepoint     ] Leaving safepoint region
[2023-11-15T11:54:07.418+0000][53498.576s][info ][safepoint     ] Total time for which application threads were stopped: 0.0003536 seconds, Stopping threads took: 0.0000539 seconds
[2023-11-15T11:54:08.418+0000][53499.576s][debug][safepoint     ] Safepoint synchronization initiated. (177 threads)
[2023-11-15T11:54:08.418+0000][53499.576s][info ][safepoint     ] Application time: 1.0001589 seconds
[2023-11-15T11:54:08.418+0000][53499.576s][info ][safepoint     ] Entering safepoint region: Cleanup
[2023-11-15T11:54:08.418+0000][53499.577s][info ][safepoint     ] Leaving safepoint region
[2023-11-15T11:54:08.419+0000][53499.577s][info ][safepoint     ] Total time for which application threads were stopped: 0.0003565 seconds, Stopping threads took: 0.0000533 seconds
[2023-11-15T11:54:09.419+0000][53500.577s][debug][safepoint     ] Safepoint synchronization initiated. (177 threads)
[2023-11-15T11:54:09.419+0000][53500.577s][info ][safepoint     ] Application time: 1.0001314 seconds
[2023-11-15T11:54:09.419+0000][53500.577s][info ][safepoint     ] Entering safepoint region: Cleanup
[2023-11-15T11:54:09.419+0000][53500.577s][info ][safepoint     ] Leaving safepoint region
[2023-11-15T11:54:09.419+0000][53500.577s][info ][safepoint     ] Total time for which application threads were stopped: 0.0003333 seconds, Stopping threads took: 0.0000524 seconds
[2023-11-15T11:54:10.419+0000][53501.577s][debug][safepoint     ] Safepoint synchronization initiated. (177 threads)
[2023-11-15T11:54:10.419+0000][53501.577s][info ][safepoint     ] Application time: 1.0001669 seconds
[2023-11-15T11:54:10.419+0000][53501.577s][info ][safepoint     ] Entering safepoint region: Cleanup
[2023-11-15T11:54:10.420+0000][53501.578s][info ][safepoint     ] Leaving safepoint region
[2023-11-15T11:54:10.420+0000][53501.578s][info ][safepoint     ] Total time for which application threads were stopped: 0.0003116 seconds, Stopping threads took: 0.0000529 seconds
[2023-11-15T11:54:11.420+0000][53502.578s][debug][safepoint     ] Safepoint synchronization initiated. (177 threads)
[2023-11-15T11:54:11.420+0000][53502.578s][info ][safepoint     ] Application time: 1.0001546 seconds
[2023-11-15T11:54:11.420+0000][53502.578s][info ][safepoint     ] Entering safepoint region: Cleanup
[2023-11-15T11:54:11.420+0000][53502.578s][info ][safepoint     ] Leaving safepoint region
[2023-11-15T11:54:11.420+0000][53502.578s][info ][safepoint     ] Total time for which application threads were stopped: 0.0003630 seconds, Stopping threads took: 0.0000545 seconds
[2023-11-15T11:54:12.420+0000][53503.578s][debug][safepoint     ] Safepoint synchronization initiated. (177 threads)
[2023-11-15T11:54:12.420+0000][53503.578s][info ][safepoint     ] Application time: 1.0001666 seconds
[2023-11-15T11:54:12.420+0000][53503.578s][info ][safepoint     ] Entering safepoint region: Cleanup
[2023-11-15T11:54:12.421+0000][53503.579s][info ][safepoint     ] Leaving safepoint region
[2023-11-15T11:54:12.421+0000][53503.579s][info ][safepoint     ] Total time for which application threads were stopped: 0.0005431 seconds, Stopping threads took: 0.0002441 seconds
[2023-11-15T11:54:13.421+0000][53504.579s][debug][safepoint     ] Safepoint synchronization initiated. (177 threads)
[2023-11-15T11:54:13.421+0000][53504.579s][info ][safepoint     ] Application time: 1.0001768 seconds
[2023-11-15T11:54:13.421+0000][53504.579s][info ][safepoint     ] Entering safepoint region: Cleanup
[2023-11-15T11:54:13.421+0000][53504.579s][info ][safepoint     ] Leaving safepoint region
[2023-11-15T11:54:13.421+0000][53504.580s][info ][safepoint     ] Total time for which application threads were stopped: 0.0003559 seconds, Stopping threads took: 0.0000543 seconds
[2023-11-15T11:54:14.422+0000][53505.580s][debug][safepoint     ] Safepoint synchronization initiated. (177 threads)
[2023-11-15T11:54:14.422+0000][53505.580s][info ][safepoint     ] Application time: 1.0001842 seconds
[2023-11-15T11:54:14.422+0000][53505.580s][info ][safepoint     ] Entering safepoint region: Cleanup
[2023-11-15T11:54:14.422+0000][53505.580s][info ][safepoint     ] Leaving safepoint region
[2023-11-15T11:54:14.422+0000][53505.580s][info ][safepoint     ] Total time for which application threads were stopped: 0.0003587 seconds, Stopping threads took: 0.0000537 seconds
[2023-11-15T11:54:15.422+0000][53506.580s][debug][safepoint     ] Safepoint synchronization initiated. (177 threads)
[2023-11-15T11:54:15.422+0000][53506.580s][info ][safepoint     ] Application time: 1.0001702 seconds
[2023-11-15T11:54:15.422+0000][53506.580s][info ][safepoint     ] Entering safepoint region: Cleanup
[2023-11-15T11:54:15.423+0000][53506.581s][info ][safepoint     ] Leaving safepoint region
[2023-11-15T11:54:15.423+0000][53506.581s][info ][safepoint     ] Total time for which application threads were stopped: 0.0003542 seconds, Stopping threads took: 0.0000525 seconds
[2023-11-15T11:54:16.423+0000][53507.581s][debug][safepoint     ] Safepoint synchronization initiated. (177 threads)
[2023-11-15T11:54:16.423+0000][53507.581s][info ][safepoint     ] Application time: 1.0001487 seconds
[2023-11-15T11:54:16.423+0000][53507.581s][info ][safepoint     ] Entering safepoint region: Cleanup
[2023-11-15T11:54:16.423+0000][53507.581s][info ][safepoint     ] Leaving safepoint region
[2023-11-15T11:54:16.423+0000][53507.581s][info ][safepoint     ] Total time for which application threads were stopped: 0.0003210 seconds, Stopping threads took: 0.0000525 seconds
[2023-11-15T11:54:17.423+0000][53508.581s][debug][safepoint     ] Safepoint synchronization initiated. (177 threads)
[2023-11-15T11:54:17.423+0000][53508.581s][info ][safepoint     ] Application time: 1.0001777 seconds
[2023-11-15T11:54:17.423+0000][53508.581s][info ][safepoint     ] Entering safepoint region: Cleanup
[2023-11-15T11:54:17.424+0000][53508.582s][info ][safepoint     ] Leaving safepoint region
[2023-11-15T11:54:17.424+0000][53508.582s][info ][safepoint     ] Total time for which application threads were stopped: 0.0004910 seconds, Stopping threads took: 0.0002764 seconds
[2023-11-15T11:54:18.424+0000][53509.582s][debug][safepoint     ] Safepoint synchronization initiated. (177 threads)
[2023-11-15T11:54:18.424+0000][53509.582s][info ][safepoint     ] Application time: 1.0001543 seconds
[2023-11-15T11:54:18.424+0000][53509.582s][info ][safepoint     ] Entering safepoint region: Cleanup
[2023-11-15T11:54:18.424+0000][53509.582s][info ][safepoint     ] Leaving safepoint region
[2023-11-15T11:54:18.424+0000][53509.582s][info ][safepoint     ] Total time for which application threads were stopped: 0.0002618 seconds, Stopping threads took: 0.0000526 seconds
[2023-11-15T11:54:19.424+0000][53510.582s][debug][safepoint     ] Safepoint synchronization initiated. (177 threads)
[2023-11-15T11:54:19.424+0000][53510.583s][info ][safepoint     ] Application time: 1.0001614 seconds
[2023-11-15T11:54:19.424+0000][53510.583s][info ][safepoint     ] Entering safepoint region: Cleanup
[2023-11-15T11:54:19.425+0000][53510.583s][info ][safepoint     ] Leaving safepoint region
[2023-11-15T11:54:19.425+0000][53510.583s][info ][safepoint     ] Total time for which application threads were stopped: 0.0004374 seconds, Stopping threads took: 0.0000528 seconds
[2023-11-15T11:54:20.425+0000][53511.583s][debug][safepoint     ] Safepoint synchronization initiated. (177 threads)
[2023-11-15T11:54:20.425+0000][53511.583s][info ][safepoint     ] Application time: 1.0001786 seconds
[2023-11-15T11:54:20.425+0000][53511.583s][info ][safepoint     ] Entering safepoint region: Cleanup
[2023-11-15T11:54:20.425+0000][53511.584s][info ][safepoint     ] Leaving safepoint region
[2023-11-15T11:54:20.426+0000][53511.584s][info ][safepoint     ] Total time for which application threads were stopped: 0.0003585 seconds, Stopping threads took: 0.0000545 seconds
[2023-11-15T11:54:21.426+0000][53512.584s][debug][safepoint     ] Safepoint synchronization initiated. (177 threads)
[2023-11-15T11:54:21.426+0000][53512.584s][info ][safepoint     ] Application time: 1.0001756 seconds
[2023-11-15T11:54:21.426+0000][53512.584s][info ][safepoint     ] Entering safepoint region: Cleanup
[2023-11-15T11:54:21.426+0000][53512.584s][info ][safepoint     ] Leaving safepoint region
[2023-11-15T11:54:21.426+0000][53512.584s][info ][safepoint     ] Total time for which application threads were stopped: 0.0003512 seconds, Stopping threads took: 0.0000542 seconds
[2023-11-15T11:54:22.426+0000][53513.584s][debug][safepoint     ] Safepoint synchronization initiated. (177 threads)
[2023-11-15T11:54:22.426+0000][53513.584s][info ][safepoint     ] Application time: 1.0001430 seconds
[2023-11-15T11:54:22.426+0000][53513.584s][info ][safepoint     ] Entering safepoint region: Cleanup
[2023-11-15T11:54:22.427+0000][53513.585s][info ][safepoint     ] Leaving safepoint region
[2023-11-15T11:54:22.427+0000][53513.585s][info ][safepoint     ] Total time for which application threads were stopped: 0.0003155 seconds, Stopping threads took: 0.0001199 seconds
[2023-11-15T11:54:23.427+0000][53514.585s][debug][safepoint     ] Safepoint synchronization initiated. (177 threads)
[2023-11-15T11:54:23.427+0000][53514.585s][info ][safepoint     ] Application time: 1.0001549 seconds
[2023-11-15T11:54:23.427+0000][53514.585s][info ][safepoint     ] Entering safepoint region: Cleanup
[2023-11-15T11:54:23.427+0000][53514.585s][info ][safepoint     ] Leaving safepoint region
[2023-11-15T11:54:23.427+0000][53514.585s][info ][safepoint     ] Total time for which application threads were stopped: 0.0003471 seconds, Stopping threads took: 0.0000504 seconds
[2023-11-15T11:54:24.427+0000][53515.585s][debug][safepoint     ] Safepoint synchronization initiated. (177 threads)
[2023-11-15T11:54:24.427+0000][53515.585s][info ][safepoint     ] Application time: 1.0001539 seconds
[2023-11-15T11:54:24.427+0000][53515.585s][info ][safepoint     ] Entering safepoint region: Cleanup
[2023-11-15T11:54:24.428+0000][53515.586s][info ][safepoint     ] Leaving safepoint region
[2023-11-15T11:54:24.428+0000][53515.586s][info ][safepoint     ] Total time for which application threads were stopped: 0.0003090 seconds, Stopping threads took: 0.0000512 seconds
[2023-11-15T11:54:25.428+0000][53516.586s][debug][safepoint     ] Safepoint synchronization initiated. (177 threads)
[2023-11-15T11:54:25.428+0000][53516.586s][info ][safepoint     ] Application time: 1.0001643 seconds
[2023-11-15T11:54:25.428+0000][53516.586s][info ][safepoint     ] Entering safepoint region: Cleanup
[2023-11-15T11:54:25.428+0000][53516.586s][info ][safepoint     ] Leaving safepoint region
[2023-11-15T11:54:25.428+0000][53516.586s][info ][safepoint     ] Total time for which application threads were stopped: 0.0002524 seconds, Stopping threads took: 0.0000509 seconds
[2023-11-15T11:54:26.428+0000][53517.586s][debug][safepoint     ] Safepoint synchronization initiated. (177 threads)
[2023-11-15T11:54:26.428+0000][53517.586s][info ][safepoint     ] Application time: 1.0001561 seconds
[2023-11-15T11:54:26.428+0000][53517.586s][info ][safepoint     ] Entering safepoint region: Cleanup
[2023-11-15T11:54:26.428+0000][53517.587s][info ][safepoint     ] Leaving safepoint region
[2023-11-15T11:54:26.429+0000][53517.587s][info ][safepoint     ] Total time for which application threads were stopped: 0.0002951 seconds, Stopping threads took: 0.0000504 seconds
[2023-11-15T11:54:27.429+0000][53518.587s][debug][safepoint     ] Safepoint synchronization initiated. (177 threads)
[2023-11-15T11:54:27.429+0000][53518.587s][info ][safepoint     ] Application time: 1.0001726 seconds
[2023-11-15T11:54:27.429+0000][53518.587s][info ][safepoint     ] Entering safepoint region: Cleanup
[2023-11-15T11:54:27.429+0000][53518.587s][info ][safepoint     ] Leaving safepoint region
[2023-11-15T11:54:27.429+0000][53518.587s][info ][safepoint     ] Total time for which application threads were stopped: 0.0002716 seconds, Stopping threads took: 0.0000545 seconds
[2023-11-15T11:54:28.429+0000][53519.587s][debug][safepoint     ] Safepoint synchronization initiated. (177 threads)
[2023-11-15T11:54:28.429+0000][53519.587s][info ][safepoint     ] Application time: 1.0001654 seconds
[2023-11-15T11:54:28.429+0000][53519.587s][info ][safepoint     ] Entering safepoint region: Cleanup
[2023-11-15T11:54:28.430+0000][53519.588s][info ][safepoint     ] Leaving safepoint region
[2023-11-15T11:54:28.430+0000][53519.588s][info ][safepoint     ] Total time for which application threads were stopped: 0.0003542 seconds, Stopping threads took: 0.0000519 seconds
[2023-11-15T11:54:29.430+0000][53520.588s][debug][safepoint     ] Safepoint synchronization initiated. (177 threads)
[2023-11-15T11:54:29.430+0000][53520.588s][info ][safepoint     ] Application time: 1.0001162 seconds
[2023-11-15T11:54:29.430+0000][53520.588s][info ][safepoint     ] Entering safepoint region: Cleanup
[2023-11-15T11:54:29.430+0000][53520.588s][info ][safepoint     ] Leaving safepoint region
[2023-11-15T11:54:29.430+0000][53520.588s][info ][safepoint     ] Total time for which application threads were stopped: 0.0002488 seconds, Stopping threads took: 0.0000506 seconds
[2023-11-15T11:54:30.430+0000][53521.588s][debug][safepoint     ] Safepoint synchronization initiated. (177 threads)
[2023-11-15T11:54:30.430+0000][53521.588s][info ][safepoint     ] Application time: 1.0001879 seconds
[2023-11-15T11:54:30.430+0000][53521.588s][info ][safepoint     ] Entering safepoint region: Cleanup
[2023-11-15T11:54:30.431+0000][53521.589s][info ][safepoint     ] Leaving safepoint region
[2023-11-15T11:54:30.431+0000][53521.589s][info ][safepoint     ] Total time for which application threads were stopped: 0.0003533 seconds, Stopping threads took: 0.0000500 seconds
[2023-11-15T11:54:31.431+0000][53522.589s][debug][safepoint     ] Safepoint synchronization initiated. (177 threads)
[2023-11-15T11:54:31.431+0000][53522.589s][info ][safepoint     ] Application time: 1.0001560 seconds
[2023-11-15T11:54:31.431+0000][53522.589s][info ][safepoint     ] Entering safepoint region: Cleanup
[2023-11-15T11:54:31.431+0000][53522.589s][info ][safepoint     ] Leaving safepoint region
[2023-11-15T11:54:31.431+0000][53522.589s][info ][safepoint     ] Total time for which application threads were stopped: 0.0003524 seconds, Stopping threads took: 0.0000512 seconds
[2023-11-15T11:54:32.431+0000][53523.589s][debug][safepoint     ] Safepoint synchronization initiated. (177 threads)
[2023-11-15T11:54:32.431+0000][53523.589s][info ][safepoint     ] Application time: 1.0001779 seconds
[2023-11-15T11:54:32.431+0000][53523.589s][info ][safepoint     ] Entering safepoint region: Cleanup
[2023-11-15T11:54:32.432+0000][53523.590s][info ][safepoint     ] Leaving safepoint region
[2023-11-15T11:54:32.432+0000][53523.590s][info ][safepoint     ] Total time for which application threads were stopped: 0.0004640 seconds, Stopping threads took: 0.0001700 seconds
[2023-11-15T11:54:33.432+0000][53524.590s][debug][safepoint     ] Safepoint synchronization initiated. (177 threads)
[2023-11-15T11:54:33.432+0000][53524.590s][info ][safepoint     ] Application time: 1.0001685 seconds
[2023-11-15T11:54:33.432+0000][53524.590s][info ][safepoint     ] Entering safepoint region: Cleanup
[2023-11-15T11:54:33.432+0000][53524.590s][info ][safepoint     ] Leaving safepoint region
[2023-11-15T11:54:33.432+0000][53524.590s][info ][safepoint     ] Total time for which application threads were stopped: 0.0003545 seconds, Stopping threads took: 0.0000518 seconds
[2023-11-15T11:54:34.432+0000][53525.591s][debug][safepoint     ] Safepoint synchronization initiated. (177 threads)
[2023-11-15T11:54:34.433+0000][53525.591s][info ][safepoint     ] Application time: 1.0001796 seconds
[2023-11-15T11:54:34.433+0000][53525.591s][info ][safepoint     ] Entering safepoint region: Cleanup
[2023-11-15T11:54:34.433+0000][53525.591s][info ][safepoint     ] Leaving safepoint region
[2023-11-15T11:54:34.433+0000][53525.591s][info ][safepoint     ] Total time for which application threads were stopped: 0.0004184 seconds, Stopping threads took: 0.0000598 seconds
[2023-11-15T11:54:35.433+0000][53526.591s][debug][safepoint     ] Safepoint synchronization initiated. (177 threads)
[2023-11-15T11:54:35.433+0000][53526.591s][info ][safepoint     ] Application time: 1.0001553 seconds
[2023-11-15T11:54:35.433+0000][53526.591s][info ][safepoint     ] Entering safepoint region: Cleanup
[2023-11-15T11:54:35.434+0000][53526.592s][info ][safepoint     ] Leaving safepoint region
[2023-11-15T11:54:35.434+0000][53526.592s][info ][safepoint     ] Total time for which application threads were stopped: 0.0004068 seconds, Stopping threads took: 0.0000519 seconds
[2023-11-15T11:54:36.434+0000][53527.592s][debug][safepoint     ] Safepoint synchronization initiated. (177 threads)
[2023-11-15T11:54:36.434+0000][53527.592s][info ][safepoint     ] Application time: 1.0001585 seconds
[2023-11-15T11:54:36.434+0000][53527.592s][info ][safepoint     ] Entering safepoint region: Cleanup
[2023-11-15T11:54:36.434+0000][53527.592s][info ][safepoint     ] Leaving safepoint region
[2023-11-15T11:54:36.434+0000][53527.592s][info ][safepoint     ] Total time for which application threads were stopped: 0.0002795 seconds, Stopping threads took: 0.0000510 seconds
[2023-11-15T11:54:37.434+0000][53528.592s][debug][safepoint     ] Safepoint synchronization initiated. (177 threads)
[2023-11-15T11:54:37.434+0000][53528.592s][info ][safepoint     ] Application time: 1.0001814 seconds
[2023-11-15T11:54:37.434+0000][53528.592s][info ][safepoint     ] Entering safepoint region: Cleanup
[2023-11-15T11:54:37.435+0000][53528.593s][info ][safepoint     ] Leaving safepoint region
[2023-11-15T11:54:37.435+0000][53528.593s][info ][safepoint     ] Total time for which application threads were stopped: 0.0003577 seconds, Stopping threads took: 0.0000525 seconds
[2023-11-15T11:54:38.435+0000][53529.593s][debug][safepoint     ] Safepoint synchronization initiated. (177 threads)
[2023-11-15T11:54:38.435+0000][53529.593s][info ][safepoint     ] Application time: 1.0001555 seconds
[2023-11-15T11:54:38.435+0000][53529.593s][info ][safepoint     ] Entering safepoint region: Cleanup
[2023-11-15T11:54:38.435+0000][53529.593s][info ][safepoint     ] Leaving safepoint region
[2023-11-15T11:54:38.435+0000][53529.593s][info ][safepoint     ] Total time for which application threads were stopped: 0.0002821 seconds, Stopping threads took: 0.0000524 seconds
[2023-11-15T11:54:39.435+0000][53530.593s][debug][safepoint     ] Safepoint synchronization initiated. (177 threads)
[2023-11-15T11:54:39.435+0000][53530.593s][info ][safepoint     ] Application time: 1.0001598 seconds
[2023-11-15T11:54:39.435+0000][53530.593s][info ][safepoint     ] Entering safepoint region: Cleanup
[2023-11-15T11:54:39.436+0000][53530.594s][info ][safepoint     ] Leaving safepoint region
[2023-11-15T11:54:39.436+0000][53530.594s][info ][safepoint     ] Total time for which application threads were stopped: 0.0003286 seconds, Stopping threads took: 0.0000537 seconds
[2023-11-15T11:54:40.436+0000][53531.594s][debug][safepoint     ] Safepoint synchronization initiated. (177 threads)
[2023-11-15T11:54:40.436+0000][53531.594s][info ][safepoint     ] Application time: 1.0001566 seconds
[2023-11-15T11:54:40.436+0000][53531.594s][info ][safepoint     ] Entering safepoint region: Cleanup
[2023-11-15T11:54:40.436+0000][53531.594s][info ][safepoint     ] Leaving safepoint region
[2023-11-15T11:54:40.436+0000][53531.594s][info ][safepoint     ] Total time for which application threads were stopped: 0.0004635 seconds, Stopping threads took: 0.0002080 seconds
[2023-11-15T11:54:41.436+0000][53532.594s][debug][safepoint     ] Safepoint synchronization initiated. (177 threads)
[2023-11-15T11:54:41.436+0000][53532.595s][info ][safepoint     ] Application time: 1.0001858 seconds
[2023-11-15T11:54:41.437+0000][53532.595s][info ][safepoint     ] Entering safepoint region: Cleanup
[2023-11-15T11:54:41.437+0000][53532.595s][info ][safepoint     ] Leaving safepoint region
[2023-11-15T11:54:41.437+0000][53532.595s][info ][safepoint     ] Total time for which application threads were stopped: 0.0002860 seconds, Stopping threads took: 0.0000539 seconds
[2023-11-15T11:54:42.437+0000][53533.595s][debug][safepoint     ] Safepoint synchronization initiated. (177 threads)
[2023-11-15T11:54:42.437+0000][53533.595s][info ][safepoint     ] Application time: 1.0001529 seconds
[2023-11-15T11:54:42.437+0000][53533.595s][info ][safepoint     ] Entering safepoint region: Cleanup
[2023-11-15T11:54:42.437+0000][53533.595s][info ][safepoint     ] Leaving safepoint region
[2023-11-15T11:54:42.437+0000][53533.595s][info ][safepoint     ] Total time for which application threads were stopped: 0.0002818 seconds, Stopping threads took: 0.0000527 seconds
[2023-11-15T11:54:43.437+0000][53534.595s][debug][safepoint     ] Safepoint synchronization initiated. (177 threads)
[2023-11-15T11:54:43.437+0000][53534.595s][info ][safepoint     ] Application time: 1.0001553 seconds
[2023-11-15T11:54:43.437+0000][53534.596s][info ][safepoint     ] Entering safepoint region: Cleanup
[2023-11-15T11:54:43.438+0000][53534.596s][info ][safepoint     ] Leaving safepoint region
[2023-11-15T11:54:43.438+0000][53534.596s][info ][safepoint     ] Total time for which application threads were stopped: 0.0002876 seconds, Stopping threads took: 0.0000535 seconds
[2023-11-15T11:54:44.438+0000][53535.596s][debug][safepoint     ] Safepoint synchronization initiated. (177 threads)
[2023-11-15T11:54:44.438+0000][53535.596s][info ][safepoint     ] Application time: 1.0001520 seconds
[2023-11-15T11:54:44.438+0000][53535.596s][info ][safepoint     ] Entering safepoint region: Cleanup
[2023-11-15T11:54:44.438+0000][53535.596s][info ][safepoint     ] Leaving safepoint region
[2023-11-15T11:54:44.438+0000][53535.596s][info ][safepoint     ] Total time for which application threads were stopped: 0.0002912 seconds, Stopping threads took: 0.0000542 seconds
[2023-11-15T11:54:45.438+0000][53536.596s][debug][safepoint     ] Safepoint synchronization initiated. (177 threads)
[2023-11-15T11:54:45.438+0000][53536.596s][info ][safepoint     ] Application time: 1.0001508 seconds
[2023-11-15T11:54:45.438+0000][53536.596s][info ][safepoint     ] Entering safepoint region: Cleanup
[2023-11-15T11:54:45.439+0000][53536.597s][info ][safepoint     ] Leaving safepoint region
[2023-11-15T11:54:45.439+0000][53536.597s][info ][safepoint     ] Total time for which application threads were stopped: 0.0004805 seconds, Stopping threads took: 0.0002546 seconds
[2023-11-15T11:54:46.439+0000][53537.597s][debug][safepoint     ] Safepoint synchronization initiated. (177 threads)
[2023-11-15T11:54:46.439+0000][53537.597s][info ][safepoint     ] Application time: 1.0001564 seconds
[2023-11-15T11:54:46.439+0000][53537.597s][info ][safepoint     ] Entering safepoint region: Cleanup
[2023-11-15T11:54:46.439+0000][53537.597s][info ][safepoint     ] Leaving safepoint region
[2023-11-15T11:54:46.439+0000][53537.597s][info ][safepoint     ] Total time for which application threads were stopped: 0.0002948 seconds, Stopping threads took: 0.0000525 seconds
[2023-11-15T11:54:47.439+0000][53538.597s][debug][safepoint     ] Safepoint synchronization initiated. (177 threads)
[2023-11-15T11:54:47.440+0000][53538.598s][info ][safepoint     ] Application time: 1.0001754 seconds
[2023-11-15T11:54:47.440+0000][53538.598s][info ][safepoint     ] Entering safepoint region: Cleanup
[2023-11-15T11:54:47.440+0000][53538.598s][info ][safepoint     ] Leaving safepoint region
[2023-11-15T11:54:47.440+0000][53538.598s][info ][safepoint     ] Total time for which application threads were stopped: 0.0004168 seconds, Stopping threads took: 0.0000537 seconds
[2023-11-15T11:54:48.440+0000][53539.598s][debug][safepoint     ] Safepoint synchronization initiated. (177 threads)
[2023-11-15T11:54:48.440+0000][53539.598s][info ][safepoint     ] Application time: 1.0001551 seconds
[2023-11-15T11:54:48.440+0000][53539.598s][info ][safepoint     ] Entering safepoint region: Cleanup
[2023-11-15T11:54:48.441+0000][53539.599s][info ][safepoint     ] Leaving safepoint region
[2023-11-15T11:54:48.441+0000][53539.599s][info ][safepoint     ] Total time for which application threads were stopped: 0.0004218 seconds, Stopping threads took: 0.0000569 seconds
[2023-11-15T11:54:49.441+0000][53540.599s][debug][safepoint     ] Safepoint synchronization initiated. (177 threads)
[2023-11-15T11:54:49.441+0000][53540.599s][info ][safepoint     ] Application time: 1.0001523 seconds
[2023-11-15T11:54:49.441+0000][53540.599s][info ][safepoint     ] Entering safepoint region: Cleanup
[2023-11-15T11:54:49.441+0000][53540.599s][info ][safepoint     ] Leaving safepoint region
[2023-11-15T11:54:49.441+0000][53540.599s][info ][safepoint     ] Total time for which application threads were stopped: 0.0003647 seconds, Stopping threads took: 0.0000843 seconds
[2023-11-15T11:54:50.441+0000][53541.599s][debug][safepoint     ] Safepoint synchronization initiated. (177 threads)
[2023-11-15T11:54:50.441+0000][53541.599s][info ][safepoint     ] Application time: 1.0001591 seconds
[2023-11-15T11:54:50.441+0000][53541.599s][info ][safepoint     ] Entering safepoint region: Cleanup
[2023-11-15T11:54:50.442+0000][53541.600s][info ][safepoint     ] Leaving safepoint region
[2023-11-15T11:54:50.442+0000][53541.600s][info ][safepoint     ] Total time for which application threads were stopped: 0.0004164 seconds, Stopping threads took: 0.0002053 seconds
[2023-11-15T11:54:51.442+0000][53542.600s][debug][safepoint     ] Safepoint synchronization initiated. (177 threads)
[2023-11-15T11:54:51.442+0000][53542.600s][info ][safepoint     ] Application time: 1.0001582 seconds
[2023-11-15T11:54:51.442+0000][53542.600s][info ][safepoint     ] Entering safepoint region: Cleanup
[2023-11-15T11:54:51.442+0000][53542.600s][info ][safepoint     ] Leaving safepoint region
[2023-11-15T11:54:51.442+0000][53542.600s][info ][safepoint     ] Total time for which application threads were stopped: 0.0002626 seconds, Stopping threads took: 0.0000534 seconds
[2023-11-15T11:54:52.442+0000][53543.600s][debug][safepoint     ] Safepoint synchronization initiated. (177 threads)
[2023-11-15T11:54:52.442+0000][53543.600s][info ][safepoint     ] Application time: 1.0001654 seconds
[2023-11-15T11:54:52.442+0000][53543.600s][info ][safepoint     ] Entering safepoint region: Cleanup
[2023-11-15T11:54:52.443+0000][53543.601s][info ][safepoint     ] Leaving safepoint region
[2023-11-15T11:54:52.443+0000][53543.601s][info ][safepoint     ] Total time for which application threads were stopped: 0.0003842 seconds, Stopping threads took: 0.0000555 seconds
[2023-11-15T11:54:53.443+0000][53544.601s][debug][safepoint     ] Safepoint synchronization initiated. (177 threads)
[2023-11-15T11:54:53.443+0000][53544.601s][info ][safepoint     ] Application time: 1.0001417 seconds
[2023-11-15T11:54:53.443+0000][53544.601s][info ][safepoint     ] Entering safepoint region: Cleanup
[2023-11-15T11:54:53.443+0000][53544.601s][info ][safepoint     ] Leaving safepoint region
[2023-11-15T11:54:53.443+0000][53544.601s][info ][safepoint     ] Total time for which application threads were stopped: 0.0002466 seconds, Stopping threads took: 0.0000554 seconds
[2023-11-15T11:54:54.443+0000][53545.601s][debug][safepoint     ] Safepoint synchronization initiated. (177 threads)
[2023-11-15T11:54:54.443+0000][53545.601s][info ][safepoint     ] Application time: 1.0001561 seconds
[2023-11-15T11:54:54.443+0000][53545.601s][info ][safepoint     ] Entering safepoint region: Cleanup
[2023-11-15T11:54:54.444+0000][53545.602s][info ][safepoint     ] Leaving safepoint region
[2023-11-15T11:54:54.444+0000][53545.602s][info ][safepoint     ] Total time for which application threads were stopped: 0.0002814 seconds, Stopping threads took: 0.0000521 seconds
[2023-11-15T11:54:55.444+0000][53546.602s][debug][safepoint     ] Safepoint synchronization initiated. (177 threads)
[2023-11-15T11:54:55.444+0000][53546.602s][info ][safepoint     ] Application time: 1.0001458 seconds
[2023-11-15T11:54:55.444+0000][53546.602s][info ][safepoint     ] Entering safepoint region: Cleanup
[2023-11-15T11:54:55.444+0000][53546.602s][info ][safepoint     ] Leaving safepoint region
[2023-11-15T11:54:55.444+0000][53546.602s][info ][safepoint     ] Total time for which application threads were stopped: 0.0003286 seconds, Stopping threads took: 0.0000533 seconds
[2023-11-15T11:54:56.444+0000][53547.602s][debug][safepoint     ] Safepoint synchronization initiated. (177 threads)
[2023-11-15T11:54:56.444+0000][53547.602s][info ][safepoint     ] Application time: 1.0001753 seconds
[2023-11-15T11:54:56.444+0000][53547.602s][info ][safepoint     ] Entering safepoint region: Cleanup
[2023-11-15T11:54:56.445+0000][53547.603s][info ][safepoint     ] Leaving safepoint region
[2023-11-15T11:54:56.445+0000][53547.603s][info ][safepoint     ] Total time for which application threads were stopped: 0.0003595 seconds, Stopping threads took: 0.0000519 seconds
[2023-11-15T11:54:57.445+0000][53548.603s][debug][safepoint     ] Safepoint synchronization initiated. (177 threads)
[2023-11-15T11:54:57.445+0000][53548.603s][info ][safepoint     ] Application time: 1.0001543 seconds
[2023-11-15T11:54:57.445+0000][53548.603s][info ][safepoint     ] Entering safepoint region: Cleanup
[2023-11-15T11:54:57.445+0000][53548.603s][info ][safepoint     ] Leaving safepoint region
[2023-11-15T11:54:57.445+0000][53548.603s][info ][safepoint     ] Total time for which application threads were stopped: 0.0003601 seconds, Stopping threads took: 0.0000530 seconds
[2023-11-15T11:54:58.445+0000][53549.604s][debug][safepoint     ] Safepoint synchronization initiated. (177 threads)
[2023-11-15T11:54:58.445+0000][53549.604s][info ][safepoint     ] Application time: 1.0001742 seconds
[2023-11-15T11:54:58.446+0000][53549.604s][info ][safepoint     ] Entering safepoint region: Cleanup
[2023-11-15T11:54:58.446+0000][53549.604s][info ][safepoint     ] Leaving safepoint region
[2023-11-15T11:54:58.446+0000][53549.604s][info ][safepoint     ] Total time for which application threads were stopped: 0.0006792 seconds, Stopping threads took: 0.0003665 seconds
[2023-11-15T11:54:59.446+0000][53550.604s][debug][safepoint     ] Safepoint synchronization initiated. (177 threads)
[2023-11-15T11:54:59.446+0000][53550.604s][info ][safepoint     ] Application time: 1.0001611 seconds
[2023-11-15T11:54:59.446+0000][53550.604s][info ][safepoint     ] Entering safepoint region: Cleanup
[2023-11-15T11:54:59.447+0000][53550.605s][info ][safepoint     ] Leaving safepoint region
[2023-11-15T11:54:59.447+0000][53550.605s][info ][safepoint     ] Total time for which application threads were stopped: 0.0003534 seconds, Stopping threads took: 0.0000527 seconds
[2023-11-15T11:55:00.447+0000][53551.605s][debug][safepoint     ] Safepoint synchronization initiated. (177 threads)
[2023-11-15T11:55:00.447+0000][53551.605s][info ][safepoint     ] Application time: 1.0001754 seconds
[2023-11-15T11:55:00.447+0000][53551.605s][info ][safepoint     ] Entering safepoint region: Cleanup
[2023-11-15T11:55:00.447+0000][53551.605s][info ][safepoint     ] Leaving safepoint region
[2023-11-15T11:55:00.447+0000][53551.605s][info ][safepoint     ] Total time for which application threads were stopped: 0.0004121 seconds, Stopping threads took: 0.0000523 seconds
[2023-11-15T11:55:01.448+0000][53552.606s][debug][safepoint     ] Safepoint synchronization initiated. (177 threads)
[2023-11-15T11:55:01.448+0000][53552.606s][info ][safepoint     ] Application time: 1.0001816 seconds
[2023-11-15T11:55:01.448+0000][53552.606s][info ][safepoint     ] Entering safepoint region: Cleanup
[2023-11-15T11:55:01.448+0000][53552.606s][info ][safepoint     ] Leaving safepoint region
[2023-11-15T11:55:01.448+0000][53552.606s][info ][safepoint     ] Total time for which application threads were stopped: 0.0002768 seconds, Stopping threads took: 0.0000529 seconds
[2023-11-15T11:55:02.448+0000][53553.606s][debug][safepoint     ] Safepoint synchronization initiated. (177 threads)
[2023-11-15T11:55:02.448+0000][53553.606s][info ][safepoint     ] Application time: 1.0001455 seconds
[2023-11-15T11:55:02.448+0000][53553.606s][info ][safepoint     ] Entering safepoint region: Cleanup
[2023-11-15T11:55:02.448+0000][53553.606s][info ][safepoint     ] Leaving safepoint region
[2023-11-15T11:55:02.448+0000][53553.606s][info ][safepoint     ] Total time for which application threads were stopped: 0.0002330 seconds, Stopping threads took: 0.0000427 seconds
[2023-11-15T11:55:03.448+0000][53554.606s][debug][safepoint     ] Safepoint synchronization initiated. (177 threads)
[2023-11-15T11:55:03.448+0000][53554.607s][info ][safepoint     ] Application time: 1.0001645 seconds
[2023-11-15T11:55:03.449+0000][53554.607s][info ][safepoint     ] Entering safepoint region: Cleanup
[2023-11-15T11:55:03.449+0000][53554.607s][info ][safepoint     ] Leaving safepoint region
[2023-11-15T11:55:03.449+0000][53554.607s][info ][safepoint     ] Total time for which application threads were stopped: 0.0005682 seconds, Stopping threads took: 0.0003513 seconds
[2023-11-15T11:55:04.449+0000][53555.607s][debug][safepoint     ] Safepoint synchronization initiated. (177 threads)
[2023-11-15T11:55:04.449+0000][53555.607s][info ][safepoint     ] Application time: 1.0001536 seconds
[2023-11-15T11:55:04.449+0000][53555.607s][info ][safepoint     ] Entering safepoint region: Cleanup
[2023-11-15T11:55:04.450+0000][53555.608s][info ][safepoint     ] Leaving safepoint region
[2023-11-15T11:55:04.450+0000][53555.608s][info ][safepoint     ] Total time for which application threads were stopped: 0.0003610 seconds, Stopping threads took: 0.0000526 seconds
[2023-11-15T11:55:05.450+0000][53556.608s][debug][safepoint     ] Safepoint synchronization initiated. (177 threads)
[2023-11-15T11:55:05.450+0000][53556.608s][info ][safepoint     ] Application time: 1.0001690 seconds
[2023-11-15T11:55:05.450+0000][53556.608s][info ][safepoint     ] Entering safepoint region: Cleanup
[2023-11-15T11:55:05.450+0000][53556.608s][info ][safepoint     ] Leaving safepoint region
[2023-11-15T11:55:05.450+0000][53556.608s][info ][safepoint     ] Total time for which application threads were stopped: 0.0003561 seconds, Stopping threads took: 0.0000522 seconds
[2023-11-15T11:55:06.450+0000][53557.608s][debug][safepoint     ] Safepoint synchronization initiated. (176 threads)
[2023-11-15T11:55:06.450+0000][53557.608s][info ][safepoint     ] Application time: 1.0001642 seconds
[2023-11-15T11:55:06.450+0000][53557.608s][info ][safepoint     ] Entering safepoint region: Cleanup
[2023-11-15T11:55:06.451+0000][53557.609s][info ][safepoint     ] Leaving safepoint region
[2023-11-15T11:55:06.451+0000][53557.609s][info ][safepoint     ] Total time for which application threads were stopped: 0.0002583 seconds, Stopping threads took: 0.0000508 seconds
[2023-11-15T12:00:29.480+0000][53880.638s][debug][safepoint     ] Safepoint synchronization initiated. (177 threads)
[2023-11-15T12:00:29.480+0000][53880.638s][info ][safepoint     ] Application time: 323.0291814 seconds
[2023-11-15T12:00:29.480+0000][53880.638s][info ][safepoint     ] Entering safepoint region: Cleanup
[2023-11-15T12:00:29.480+0000][53880.638s][info ][safepoint     ] Leaving safepoint region
[2023-11-15T12:00:29.480+0000][53880.638s][info ][safepoint     ] Total time for which application threads were stopped: 0.0003710 seconds, Stopping threads took: 0.0000535 seconds
[2023-11-15T12:00:33.481+0000][53884.639s][debug][safepoint     ] Safepoint synchronization initiated. (177 threads)
[2023-11-15T12:00:33.481+0000][53884.639s][info ][safepoint     ] Application time: 4.0004267 seconds
[2023-11-15T12:00:33.481+0000][53884.639s][info ][safepoint     ] Entering safepoint region: Cleanup
[2023-11-15T12:00:33.481+0000][53884.639s][info ][safepoint     ] Leaving safepoint region
[2023-11-15T12:00:33.481+0000][53884.639s][info ][safepoint     ] Total time for which application threads were stopped: 0.0003549 seconds, Stopping threads took: 0.0000533 seconds
[2023-11-15T12:00:54.483+0000][53905.641s][debug][safepoint     ] Safepoint synchronization initiated. (177 threads)
[2023-11-15T12:00:54.483+0000][53905.641s][info ][safepoint     ] Application time: 21.0019730 seconds
[2023-11-15T12:00:54.483+0000][53905.641s][info ][safepoint     ] Entering safepoint region: Cleanup
[2023-11-15T12:00:54.483+0000][53905.641s][info ][safepoint     ] Leaving safepoint region
[2023-11-15T12:00:54.483+0000][53905.641s][info ][safepoint     ] Total time for which application threads were stopped: 0.0003247 seconds, Stopping threads took: 0.0000534 seconds
[2023-11-15T12:02:06.897+0000][53978.055s][debug][safepoint     ] Safepoint synchronization initiated. (178 threads)
[2023-11-15T12:02:06.897+0000][53978.055s][info ][safepoint     ] Application time: 72.4137879 seconds
[2023-11-15T12:02:06.897+0000][53978.055s][info ][safepoint     ] Entering safepoint region: G1CollectForAllocation
[2023-11-15T12:02:06.898+0000][53978.056s][info ][gc,start      ] GC(144) Pause Young (Normal) (G1 Evacuation Pause)
[2023-11-15T12:02:06.898+0000][53978.056s][info ][gc,task       ] GC(144) Using 4 workers of 4 for evacuation
[2023-11-15T12:02:06.910+0000][53978.068s][info ][gc,phases     ] GC(144)   Pre Evacuate Collection Set: 0.0ms
[2023-11-15T12:02:06.910+0000][53978.068s][info ][gc,phases     ] GC(144)   Evacuate Collection Set: 6.8ms
[2023-11-15T12:02:06.910+0000][53978.068s][info ][gc,phases     ] GC(144)   Post Evacuate Collection Set: 5.3ms
[2023-11-15T12:02:06.910+0000][53978.068s][info ][gc,phases     ] GC(144)   Other: 0.4ms
[2023-11-15T12:02:06.910+0000][53978.068s][info ][gc,heap       ] GC(144) Eden regions: 488->0(489)
[2023-11-15T12:02:06.910+0000][53978.068s][info ][gc,heap       ] GC(144) Survivor regions: 6->5(62)
[2023-11-15T12:02:06.910+0000][53978.068s][info ][gc,heap       ] GC(144) Old regions: 160->160
[2023-11-15T12:02:06.910+0000][53978.068s][info ][gc,heap       ] GC(144) Humongous regions: 0->0
[2023-11-15T12:02:06.910+0000][53978.068s][info ][gc,metaspace  ] GC(144) Metaspace: 171443K(177660K)->171443K(177660K) NonClass: 152060K(155904K)->152060K(155904K) Class: 19383K(21756K)->19383K(21756K)
[2023-11-15T12:02:06.910+0000][53978.068s][info ][gc            ] GC(144) Pause Young (Normal) (G1 Evacuation Pause) 651M->163M(824M) 12.695ms
[2023-11-15T12:02:06.910+0000][53978.068s][info ][gc,cpu        ] GC(144) User=0.05s Sys=0.00s Real=0.02s
[2023-11-15T12:02:06.910+0000][53978.068s][info ][safepoint     ] Leaving safepoint region
[2023-11-15T12:02:06.910+0000][53978.068s][info ][safepoint     ] Total time for which application threads were stopped: 0.0131423 seconds, Stopping threads took: 0.0000498 seconds
[2023-11-15T12:02:06.910+0000][53978.068s][info ][gc,stringdedup] Concurrent String Deduplication (53978.068s)
[2023-11-15T12:02:06.910+0000][53978.069s][info ][gc,stringdedup] Concurrent String Deduplication 272.0B->0.0B(272.0B) avg 55.7% (53978.068s, 53978.069s) 0.061ms
[2023-11-15T12:03:06.916+0000][54038.074s][debug][safepoint     ] Safepoint synchronization initiated. (178 threads)
[2023-11-15T12:03:06.916+0000][54038.074s][info ][safepoint     ] Application time: 60.0055297 seconds
[2023-11-15T12:03:06.916+0000][54038.074s][info ][safepoint     ] Entering safepoint region: Cleanup
[2023-11-15T12:03:06.916+0000][54038.074s][info ][safepoint     ] Leaving safepoint region
[2023-11-15T12:03:06.916+0000][54038.074s][info ][safepoint     ] Total time for which application threads were stopped: 0.0003598 seconds, Stopping threads took: 0.0000497 seconds
[2023-11-15T12:03:07.916+0000][54039.074s][debug][safepoint     ] Safepoint synchronization initiated. (178 threads)
[2023-11-15T12:03:07.916+0000][54039.075s][info ][safepoint     ] Application time: 1.0001602 seconds
[2023-11-15T12:03:07.917+0000][54039.075s][info ][safepoint     ] Entering safepoint region: Cleanup
[2023-11-15T12:03:07.917+0000][54039.075s][info ][safepoint     ] Leaving safepoint region
[2023-11-15T12:03:07.917+0000][54039.075s][info ][safepoint     ] Total time for which application threads were stopped: 0.0003529 seconds, Stopping threads took: 0.0000525 seconds
[2023-11-15T12:03:08.917+0000][54040.075s][debug][safepoint     ] Safepoint synchronization initiated. (178 threads)
[2023-11-15T12:03:08.917+0000][54040.075s][info ][safepoint     ] Application time: 1.0001714 seconds
[2023-11-15T12:03:08.917+0000][54040.075s][info ][safepoint     ] Entering safepoint region: Cleanup
[2023-11-15T12:03:08.917+0000][54040.075s][info ][safepoint     ] Leaving safepoint region
[2023-11-15T12:03:08.917+0000][54040.075s][info ][safepoint     ] Total time for which application threads were stopped: 0.0003529 seconds, Stopping threads took: 0.0000511 seconds
[2023-11-15T12:03:09.918+0000][54041.076s][debug][safepoint     ] Safepoint synchronization initiated. (178 threads)
[2023-11-15T12:03:09.918+0000][54041.076s][info ][safepoint     ] Application time: 1.0001735 seconds
[2023-11-15T12:03:09.918+0000][54041.076s][info ][safepoint     ] Entering safepoint region: Cleanup
[2023-11-15T12:03:09.918+0000][54041.076s][info ][safepoint     ] Leaving safepoint region
[2023-11-15T12:03:09.918+0000][54041.076s][info ][safepoint     ] Total time for which application threads were stopped: 0.0003569 seconds, Stopping threads took: 0.0000514 seconds
[2023-11-15T12:03:10.918+0000][54042.076s][debug][safepoint     ] Safepoint synchronization initiated. (178 threads)
[2023-11-15T12:03:10.918+0000][54042.076s][info ][safepoint     ] Application time: 1.0001709 seconds
[2023-11-15T12:03:10.918+0000][54042.076s][info ][safepoint     ] Entering safepoint region: Cleanup
[2023-11-15T12:03:10.919+0000][54042.077s][info ][safepoint     ] Leaving safepoint region
[2023-11-15T12:03:10.919+0000][54042.077s][info ][safepoint     ] Total time for which application threads were stopped: 0.0005192 seconds, Stopping threads took: 0.0002076 seconds
[2023-11-15T12:03:11.919+0000][54043.077s][debug][safepoint     ] Safepoint synchronization initiated. (178 threads)
[2023-11-15T12:03:11.919+0000][54043.077s][info ][safepoint     ] Application time: 1.0001647 seconds
[2023-11-15T12:03:11.919+0000][54043.077s][info ][safepoint     ] Entering safepoint region: Cleanup
[2023-11-15T12:03:11.919+0000][54043.077s][info ][safepoint     ] Leaving safepoint region
[2023-11-15T12:03:11.919+0000][54043.077s][info ][safepoint     ] Total time for which application threads were stopped: 0.0003564 seconds, Stopping threads took: 0.0000509 seconds
[2023-11-15T12:03:12.919+0000][54044.077s][debug][safepoint     ] Safepoint synchronization initiated. (178 threads)
[2023-11-15T12:03:12.919+0000][54044.077s][info ][safepoint     ] Application time: 1.0001572 seconds
[2023-11-15T12:03:12.919+0000][54044.078s][info ][safepoint     ] Entering safepoint region: Cleanup
[2023-11-15T12:03:12.920+0000][54044.078s][info ][safepoint     ] Leaving safepoint region
[2023-11-15T12:03:12.920+0000][54044.078s][info ][safepoint     ] Total time for which application threads were stopped: 0.0003245 seconds, Stopping threads took: 0.0000768 seconds
[2023-11-15T12:03:13.920+0000][54045.078s][debug][safepoint     ] Safepoint synchronization initiated. (178 threads)
[2023-11-15T12:03:13.920+0000][54045.078s][info ][safepoint     ] Application time: 1.0001665 seconds
[2023-11-15T12:03:13.920+0000][54045.078s][info ][safepoint     ] Entering safepoint region: Cleanup
[2023-11-15T12:03:13.920+0000][54045.078s][info ][safepoint     ] Leaving safepoint region
[2023-11-15T12:03:13.920+0000][54045.078s][info ][safepoint     ] Total time for which application threads were stopped: 0.0002794 seconds, Stopping threads took: 0.0000552 seconds
[2023-11-15T12:03:14.920+0000][54046.078s][debug][safepoint     ] Safepoint synchronization initiated. (178 threads)
[2023-11-15T12:03:14.920+0000][54046.078s][info ][safepoint     ] Application time: 1.0001592 seconds
[2023-11-15T12:03:14.920+0000][54046.079s][info ][safepoint     ] Entering safepoint region: Cleanup
[2023-11-15T12:03:14.921+0000][54046.079s][info ][safepoint     ] Leaving safepoint region
[2023-11-15T12:03:14.921+0000][54046.079s][info ][safepoint     ] Total time for which application threads were stopped: 0.0003966 seconds, Stopping threads took: 0.0000818 seconds
[2023-11-15T12:03:15.921+0000][54047.079s][debug][safepoint     ] Safepoint synchronization initiated. (178 threads)
[2023-11-15T12:03:15.921+0000][54047.079s][info ][safepoint     ] Application time: 1.0001787 seconds
[2023-11-15T12:03:15.921+0000][54047.079s][info ][safepoint     ] Entering safepoint region: Cleanup
[2023-11-15T12:03:15.922+0000][54047.080s][info ][safepoint     ] Leaving safepoint region
[2023-11-15T12:03:15.922+0000][54047.080s][info ][safepoint     ] Total time for which application threads were stopped: 0.0005298 seconds, Stopping threads took: 0.0002892 seconds
[2023-11-15T12:03:16.922+0000][54048.080s][debug][safepoint     ] Safepoint synchronization initiated. (178 threads)
[2023-11-15T12:03:16.922+0000][54048.080s][info ][safepoint     ] Application time: 1.0001690 seconds
[2023-11-15T12:03:16.922+0000][54048.080s][info ][safepoint     ] Entering safepoint region: Cleanup
[2023-11-15T12:03:16.922+0000][54048.080s][info ][safepoint     ] Leaving safepoint region
[2023-11-15T12:03:16.922+0000][54048.080s][info ][safepoint     ] Total time for which application threads were stopped: 0.0002696 seconds, Stopping threads took: 0.0000512 seconds
[2023-11-15T12:03:17.922+0000][54049.080s][debug][safepoint     ] Safepoint synchronization initiated. (178 threads)
[2023-11-15T12:03:17.922+0000][54049.080s][info ][safepoint     ] Application time: 1.0001657 seconds
[2023-11-15T12:03:17.922+0000][54049.080s][info ][safepoint     ] Entering safepoint region: Cleanup
[2023-11-15T12:03:17.922+0000][54049.081s][info ][safepoint     ] Leaving safepoint region
[2023-11-15T12:03:17.923+0000][54049.081s][info ][safepoint     ] Total time for which application threads were stopped: 0.0002731 seconds, Stopping threads took: 0.0000522 seconds
[2023-11-15T12:03:18.923+0000][54050.081s][debug][safepoint     ] Safepoint synchronization initiated. (178 threads)
[2023-11-15T12:03:18.923+0000][54050.081s][info ][safepoint     ] Application time: 1.0001366 seconds
[2023-11-15T12:03:18.923+0000][54050.081s][info ][safepoint     ] Entering safepoint region: Cleanup
[2023-11-15T12:03:18.923+0000][54050.081s][info ][safepoint     ] Leaving safepoint region
[2023-11-15T12:03:18.923+0000][54050.081s][info ][safepoint     ] Total time for which application threads were stopped: 0.0003588 seconds, Stopping threads took: 0.0000520 seconds
[2023-11-15T12:03:19.923+0000][54051.081s][debug][safepoint     ] Safepoint synchronization initiated. (178 threads)
[2023-11-15T12:03:19.923+0000][54051.081s][info ][safepoint     ] Application time: 1.0001680 seconds
[2023-11-15T12:03:19.923+0000][54051.081s][info ][safepoint     ] Entering safepoint region: Cleanup
[2023-11-15T12:03:19.924+0000][54051.082s][info ][safepoint     ] Leaving safepoint region
[2023-11-15T12:03:19.924+0000][54051.082s][info ][safepoint     ] Total time for which application threads were stopped: 0.0003180 seconds, Stopping threads took: 0.0000514 seconds
[2023-11-15T12:03:20.924+0000][54052.082s][debug][safepoint     ] Safepoint synchronization initiated. (178 threads)
[2023-11-15T12:03:20.924+0000][54052.082s][info ][safepoint     ] Application time: 1.0001418 seconds
[2023-11-15T12:03:20.924+0000][54052.082s][info ][safepoint     ] Entering safepoint region: Cleanup
[2023-11-15T12:03:20.924+0000][54052.082s][info ][safepoint     ] Leaving safepoint region
[2023-11-15T12:03:20.924+0000][54052.082s][info ][safepoint     ] Total time for which application threads were stopped: 0.0004893 seconds, Stopping threads took: 0.0002054 seconds
[2023-11-15T12:03:21.924+0000][54053.082s][debug][safepoint     ] Safepoint synchronization initiated. (178 threads)
[2023-11-15T12:03:21.924+0000][54053.082s][info ][safepoint     ] Application time: 1.0001501 seconds
[2023-11-15T12:03:21.924+0000][54053.083s][info ][safepoint     ] Entering safepoint region: Cleanup
[2023-11-15T12:03:21.925+0000][54053.083s][info ][safepoint     ] Leaving safepoint region
[2023-11-15T12:03:21.925+0000][54053.083s][info ][safepoint     ] Total time for which application threads were stopped: 0.0003759 seconds, Stopping threads took: 0.0000735 seconds
[2023-11-15T12:03:22.925+0000][54054.083s][debug][safepoint     ] Safepoint synchronization initiated. (178 threads)
[2023-11-15T12:03:22.925+0000][54054.083s][info ][safepoint     ] Application time: 1.0001513 seconds
[2023-11-15T12:03:22.925+0000][54054.083s][info ][safepoint     ] Entering safepoint region: Cleanup
[2023-11-15T12:03:22.925+0000][54054.083s][info ][safepoint     ] Leaving safepoint region
[2023-11-15T12:03:22.925+0000][54054.083s][info ][safepoint     ] Total time for which application threads were stopped: 0.0003365 seconds, Stopping threads took: 0.0000333 seconds
[2023-11-15T12:03:23.925+0000][54055.083s][debug][safepoint     ] Safepoint synchronization initiated. (178 threads)
[2023-11-15T12:03:23.925+0000][54055.084s][info ][safepoint     ] Application time: 1.0001658 seconds
[2023-11-15T12:03:23.926+0000][54055.084s][info ][safepoint     ] Entering safepoint region: Cleanup
[2023-11-15T12:03:23.926+0000][54055.084s][info ][safepoint     ] Leaving safepoint region
[2023-11-15T12:03:23.926+0000][54055.084s][info ][safepoint     ] Total time for which application threads were stopped: 0.0003261 seconds, Stopping threads took: 0.0000529 seconds
[2023-11-15T12:03:24.926+0000][54056.084s][debug][safepoint     ] Safepoint synchronization initiated. (178 threads)
[2023-11-15T12:03:24.926+0000][54056.084s][info ][safepoint     ] Application time: 1.0001599 seconds
[2023-11-15T12:03:24.926+0000][54056.084s][info ][safepoint     ] Entering safepoint region: Cleanup
[2023-11-15T12:03:24.926+0000][54056.084s][info ][safepoint     ] Leaving safepoint region
[2023-11-15T12:03:24.926+0000][54056.084s][info ][safepoint     ] Total time for which application threads were stopped: 0.0003528 seconds, Stopping threads took: 0.0000514 seconds
[2023-11-15T12:03:25.926+0000][54057.085s][debug][safepoint     ] Safepoint synchronization initiated. (178 threads)
[2023-11-15T12:03:25.927+0000][54057.085s][info ][safepoint     ] Application time: 1.0001556 seconds
[2023-11-15T12:03:25.927+0000][54057.085s][info ][safepoint     ] Entering safepoint region: Cleanup
[2023-11-15T12:03:25.927+0000][54057.085s][info ][safepoint     ] Leaving safepoint region
[2023-11-15T12:03:25.927+0000][54057.085s][info ][safepoint     ] Total time for which application threads were stopped: 0.0007296 seconds, Stopping threads took: 0.0004170 seconds
[2023-11-15T12:03:26.927+0000][54058.085s][debug][safepoint     ] Safepoint synchronization initiated. (178 threads)
[2023-11-15T12:03:26.927+0000][54058.086s][info ][safepoint     ] Application time: 1.0001773 seconds
[2023-11-15T12:03:26.928+0000][54058.086s][info ][safepoint     ] Entering safepoint region: Cleanup
[2023-11-15T12:03:26.928+0000][54058.086s][info ][safepoint     ] Leaving safepoint region
[2023-11-15T12:03:26.928+0000][54058.086s][info ][safepoint     ] Total time for which application threads were stopped: 0.0003542 seconds, Stopping threads took: 0.0000516 seconds
[2023-11-15T12:03:27.928+0000][54059.086s][debug][safepoint     ] Safepoint synchronization initiated. (178 threads)
[2023-11-15T12:03:27.928+0000][54059.086s][info ][safepoint     ] Application time: 1.0001536 seconds
[2023-11-15T12:03:27.928+0000][54059.086s][info ][safepoint     ] Entering safepoint region: Cleanup
[2023-11-15T12:03:27.928+0000][54059.086s][info ][safepoint     ] Leaving safepoint region
[2023-11-15T12:03:27.928+0000][54059.086s][info ][safepoint     ] Total time for which application threads were stopped: 0.0003526 seconds, Stopping threads took: 0.0000507 seconds
[2023-11-15T12:03:28.929+0000][54060.087s][debug][safepoint     ] Safepoint synchronization initiated. (178 threads)
[2023-11-15T12:03:28.929+0000][54060.087s][info ][safepoint     ] Application time: 1.0001708 seconds
[2023-11-15T12:03:28.929+0000][54060.087s][info ][safepoint     ] Entering safepoint region: Cleanup
[2023-11-15T12:03:28.929+0000][54060.087s][info ][safepoint     ] Leaving safepoint region
[2023-11-15T12:03:28.929+0000][54060.087s][info ][safepoint     ] Total time for which application threads were stopped: 0.0003791 seconds, Stopping threads took: 0.0000727 seconds
[2023-11-15T12:03:29.929+0000][54061.087s][debug][safepoint     ] Safepoint synchronization initiated. (177 threads)
[2023-11-15T12:03:29.929+0000][54061.087s][info ][safepoint     ] Application time: 1.0001535 seconds
[2023-11-15T12:03:29.929+0000][54061.087s][info ][safepoint     ] Entering safepoint region: Cleanup
[2023-11-15T12:03:29.929+0000][54061.088s][info ][safepoint     ] Leaving safepoint region
[2023-11-15T12:03:29.930+0000][54061.088s][info ][safepoint     ] Total time for which application threads were stopped: 0.0003493 seconds, Stopping threads took: 0.0000487 seconds
[2023-11-15T12:03:30.930+0000][54062.088s][debug][safepoint     ] Safepoint synchronization initiated. (177 threads)
[2023-11-15T12:03:30.930+0000][54062.088s][info ][safepoint     ] Application time: 1.0001544 seconds
[2023-11-15T12:03:30.930+0000][54062.088s][info ][safepoint     ] Entering safepoint region: Cleanup
[2023-11-15T12:03:30.930+0000][54062.088s][info ][safepoint     ] Leaving safepoint region
[2023-11-15T12:03:30.930+0000][54062.088s][info ][safepoint     ] Total time for which application threads were stopped: 0.0006638 seconds, Stopping threads took: 0.0002977 seconds
[2023-11-15T12:03:31.931+0000][54063.089s][debug][safepoint     ] Safepoint synchronization initiated. (177 threads)
[2023-11-15T12:03:31.931+0000][54063.089s][info ][safepoint     ] Application time: 1.0001668 seconds
[2023-11-15T12:03:31.931+0000][54063.089s][info ][safepoint     ] Entering safepoint region: Cleanup
[2023-11-15T12:03:31.931+0000][54063.089s][info ][safepoint     ] Leaving safepoint region
[2023-11-15T12:03:31.931+0000][54063.089s][info ][safepoint     ] Total time for which application threads were stopped: 0.0003559 seconds, Stopping threads took: 0.0000537 seconds
[2023-11-15T12:03:32.931+0000][54064.089s][debug][safepoint     ] Safepoint synchronization initiated. (177 threads)
[2023-11-15T12:03:32.931+0000][54064.089s][info ][safepoint     ] Application time: 1.0001573 seconds
[2023-11-15T12:03:32.931+0000][54064.089s][info ][safepoint     ] Entering safepoint region: Cleanup
[2023-11-15T12:03:32.931+0000][54064.089s][info ][safepoint     ] Leaving safepoint region
[2023-11-15T12:03:32.931+0000][54064.090s][info ][safepoint     ] Total time for which application threads were stopped: 0.0003321 seconds, Stopping threads took: 0.0000516 seconds
[2023-11-15T12:03:33.932+0000][54065.090s][debug][safepoint     ] Safepoint synchronization initiated. (177 threads)
[2023-11-15T12:03:33.932+0000][54065.090s][info ][safepoint     ] Application time: 1.0001370 seconds
[2023-11-15T12:03:33.932+0000][54065.090s][info ][safepoint     ] Entering safepoint region: Cleanup
[2023-11-15T12:03:33.932+0000][54065.090s][info ][safepoint     ] Leaving safepoint region
[2023-11-15T12:03:33.932+0000][54065.090s][info ][safepoint     ] Total time for which application threads were stopped: 0.0003535 seconds, Stopping threads took: 0.0000518 seconds
[2023-11-15T12:03:34.932+0000][54066.090s][debug][safepoint     ] Safepoint synchronization initiated. (177 threads)
[2023-11-15T12:03:34.932+0000][54066.090s][info ][safepoint     ] Application time: 1.0001681 seconds
[2023-11-15T12:03:34.932+0000][54066.090s][info ][safepoint     ] Entering safepoint region: Cleanup
[2023-11-15T12:03:34.933+0000][54066.091s][info ][safepoint     ] Leaving safepoint region
[2023-11-15T12:03:34.933+0000][54066.091s][info ][safepoint     ] Total time for which application threads were stopped: 0.0003593 seconds, Stopping threads took: 0.0000520 seconds
[2023-11-15T12:03:35.933+0000][54067.091s][debug][safepoint     ] Safepoint synchronization initiated. (177 threads)
[2023-11-15T12:03:35.933+0000][54067.091s][info ][safepoint     ] Application time: 1.0001717 seconds
[2023-11-15T12:03:35.933+0000][54067.091s][info ][safepoint     ] Entering safepoint region: Cleanup
[2023-11-15T12:03:35.933+0000][54067.091s][info ][safepoint     ] Leaving safepoint region
[2023-11-15T12:03:35.933+0000][54067.091s][info ][safepoint     ] Total time for which application threads were stopped: 0.0003206 seconds, Stopping threads took: 0.0000551 seconds
[2023-11-15T12:03:36.933+0000][54068.091s][debug][safepoint     ] Safepoint synchronization initiated. (177 threads)
[2023-11-15T12:03:36.933+0000][54068.091s][info ][safepoint     ] Application time: 1.0001650 seconds
[2023-11-15T12:03:36.933+0000][54068.091s][info ][safepoint     ] Entering safepoint region: Cleanup
[2023-11-15T12:03:36.934+0000][54068.092s][info ][safepoint     ] Leaving safepoint region
[2023-11-15T12:03:36.934+0000][54068.092s][info ][safepoint     ] Total time for which application threads were stopped: 0.0003593 seconds, Stopping threads took: 0.0000514 seconds
[2023-11-15T12:03:37.934+0000][54069.092s][debug][safepoint     ] Safepoint synchronization initiated. (177 threads)
[2023-11-15T12:03:37.934+0000][54069.092s][info ][safepoint     ] Application time: 1.0001674 seconds
[2023-11-15T12:03:37.934+0000][54069.092s][info ][safepoint     ] Entering safepoint region: Cleanup
[2023-11-15T12:03:37.934+0000][54069.092s][info ][safepoint     ] Leaving safepoint region
[2023-11-15T12:03:37.934+0000][54069.092s][info ][safepoint     ] Total time for which application threads were stopped: 0.0003576 seconds, Stopping threads took: 0.0000522 seconds
[2023-11-15T12:03:38.934+0000][54070.092s][debug][safepoint     ] Safepoint synchronization initiated. (177 threads)
[2023-11-15T12:03:38.934+0000][54070.092s][info ][safepoint     ] Application time: 1.0001527 seconds
[2023-11-15T12:03:38.934+0000][54070.093s][info ][safepoint     ] Entering safepoint region: Cleanup
[2023-11-15T12:03:38.935+0000][54070.093s][info ][safepoint     ] Leaving safepoint region
[2023-11-15T12:03:38.935+0000][54070.093s][info ][safepoint     ] Total time for which application threads were stopped: 0.0003552 seconds, Stopping threads took: 0.0000514 seconds
[2023-11-15T12:03:39.935+0000][54071.093s][debug][safepoint     ] Safepoint synchronization initiated. (177 threads)
[2023-11-15T12:03:39.935+0000][54071.093s][info ][safepoint     ] Application time: 1.0001531 seconds
[2023-11-15T12:03:39.935+0000][54071.093s][info ][safepoint     ] Entering safepoint region: Cleanup
[2023-11-15T12:03:39.935+0000][54071.093s][info ][safepoint     ] Leaving safepoint region
[2023-11-15T12:03:39.935+0000][54071.093s][info ][safepoint     ] Total time for which application threads were stopped: 0.0003491 seconds, Stopping threads took: 0.0000512 seconds
[2023-11-15T12:03:40.935+0000][54072.094s][debug][safepoint     ] Safepoint synchronization initiated. (177 threads)
[2023-11-15T12:03:40.936+0000][54072.094s][info ][safepoint     ] Application time: 1.0001907 seconds
[2023-11-15T12:03:40.936+0000][54072.094s][info ][safepoint     ] Entering safepoint region: Cleanup
[2023-11-15T12:03:40.936+0000][54072.094s][info ][safepoint     ] Leaving safepoint region
[2023-11-15T12:03:40.936+0000][54072.094s][info ][safepoint     ] Total time for which application threads were stopped: 0.0006513 seconds, Stopping threads took: 0.0002880 seconds
[2023-11-15T12:03:41.936+0000][54073.094s][debug][safepoint     ] Safepoint synchronization initiated. (177 threads)
[2023-11-15T12:03:41.936+0000][54073.094s][info ][safepoint     ] Application time: 1.0001510 seconds
[2023-11-15T12:03:41.936+0000][54073.094s][info ][safepoint     ] Entering safepoint region: Cleanup
[2023-11-15T12:03:41.937+0000][54073.095s][info ][safepoint     ] Leaving safepoint region
[2023-11-15T12:03:41.937+0000][54073.095s][info ][safepoint     ] Total time for which application threads were stopped: 0.0003567 seconds, Stopping threads took: 0.0000509 seconds
[2023-11-15T12:03:42.937+0000][54074.095s][debug][safepoint     ] Safepoint synchronization initiated. (177 threads)
[2023-11-15T12:03:42.937+0000][54074.095s][info ][safepoint     ] Application time: 1.0001702 seconds
[2023-11-15T12:03:42.937+0000][54074.095s][info ][safepoint     ] Entering safepoint region: Cleanup
[2023-11-15T12:03:42.937+0000][54074.095s][info ][safepoint     ] Leaving safepoint region
[2023-11-15T12:03:42.937+0000][54074.095s][info ][safepoint     ] Total time for which application threads were stopped: 0.0003594 seconds, Stopping threads took: 0.0000533 seconds
[2023-11-15T12:03:43.937+0000][54075.096s][debug][safepoint     ] Safepoint synchronization initiated. (177 threads)
[2023-11-15T12:03:43.938+0000][54075.096s][info ][safepoint     ] Application time: 1.0001415 seconds
[2023-11-15T12:03:43.938+0000][54075.096s][info ][safepoint     ] Entering safepoint region: Cleanup
[2023-11-15T12:03:43.938+0000][54075.096s][info ][safepoint     ] Leaving safepoint region
[2023-11-15T12:03:43.938+0000][54075.096s][info ][safepoint     ] Total time for which application threads were stopped: 0.0003427 seconds, Stopping threads took: 0.0000531 seconds
[2023-11-15T12:03:44.938+0000][54076.096s][debug][safepoint     ] Safepoint synchronization initiated. (177 threads)
[2023-11-15T12:03:44.938+0000][54076.096s][info ][safepoint     ] Application time: 1.0001663 seconds
[2023-11-15T12:03:44.938+0000][54076.096s][info ][safepoint     ] Entering safepoint region: Cleanup
[2023-11-15T12:03:44.938+0000][54076.096s][info ][safepoint     ] Leaving safepoint region
[2023-11-15T12:03:44.938+0000][54076.096s][info ][safepoint     ] Total time for which application threads were stopped: 0.0003536 seconds, Stopping threads took: 0.0000522 seconds
[2023-11-15T12:03:45.939+0000][54077.097s][debug][safepoint     ] Safepoint synchronization initiated. (177 threads)
[2023-11-15T12:03:45.939+0000][54077.097s][info ][safepoint     ] Application time: 1.0001681 seconds
[2023-11-15T12:03:45.939+0000][54077.097s][info ][safepoint     ] Entering safepoint region: Cleanup
[2023-11-15T12:03:45.939+0000][54077.097s][info ][safepoint     ] Leaving safepoint region
[2023-11-15T12:03:45.939+0000][54077.097s][info ][safepoint     ] Total time for which application threads were stopped: 0.0003286 seconds, Stopping threads took: 0.0000589 seconds
[2023-11-15T12:03:46.939+0000][54078.097s][debug][safepoint     ] Safepoint synchronization initiated. (177 threads)
[2023-11-15T12:03:46.939+0000][54078.097s][info ][safepoint     ] Application time: 1.0001379 seconds
[2023-11-15T12:03:46.939+0000][54078.097s][info ][safepoint     ] Entering safepoint region: Cleanup
[2023-11-15T12:03:46.939+0000][54078.097s][info ][safepoint     ] Leaving safepoint region
[2023-11-15T12:03:46.939+0000][54078.097s][info ][safepoint     ] Total time for which application threads were stopped: 0.0002673 seconds, Stopping threads took: 0.0000518 seconds
[2023-11-15T12:03:47.940+0000][54079.098s][debug][safepoint     ] Safepoint synchronization initiated. (177 threads)
[2023-11-15T12:03:47.940+0000][54079.098s][info ][safepoint     ] Application time: 1.0001711 seconds
[2023-11-15T12:03:47.940+0000][54079.098s][info ][safepoint     ] Entering safepoint region: Cleanup
[2023-11-15T12:03:47.940+0000][54079.098s][info ][safepoint     ] Leaving safepoint region
[2023-11-15T12:03:47.940+0000][54079.098s][info ][safepoint     ] Total time for which application threads were stopped: 0.0003640 seconds, Stopping threads took: 0.0000535 seconds
[2023-11-15T12:03:48.940+0000][54080.098s][debug][safepoint     ] Safepoint synchronization initiated. (177 threads)
[2023-11-15T12:03:48.940+0000][54080.098s][info ][safepoint     ] Application time: 1.0001696 seconds
[2023-11-15T12:03:48.940+0000][54080.098s][info ][safepoint     ] Entering safepoint region: Cleanup
[2023-11-15T12:03:48.940+0000][54080.099s][info ][safepoint     ] Leaving safepoint region
[2023-11-15T12:03:48.941+0000][54080.099s][info ][safepoint     ] Total time for which application threads were stopped: 0.0003551 seconds, Stopping threads took: 0.0000520 seconds
[2023-11-15T12:03:49.941+0000][54081.099s][debug][safepoint     ] Safepoint synchronization initiated. (177 threads)
[2023-11-15T12:03:49.941+0000][54081.099s][info ][safepoint     ] Application time: 1.0001971 seconds
[2023-11-15T12:03:49.941+0000][54081.099s][info ][safepoint     ] Entering safepoint region: Cleanup
[2023-11-15T12:03:49.941+0000][54081.099s][info ][safepoint     ] Leaving safepoint region
[2023-11-15T12:03:49.941+0000][54081.099s][info ][safepoint     ] Total time for which application threads were stopped: 0.0004198 seconds, Stopping threads took: 0.0000556 seconds
[2023-11-15T12:03:50.941+0000][54082.099s][debug][safepoint     ] Safepoint synchronization initiated. (177 threads)
[2023-11-15T12:03:50.941+0000][54082.099s][info ][safepoint     ] Application time: 1.0001769 seconds
[2023-11-15T12:03:50.941+0000][54082.099s][info ][safepoint     ] Entering safepoint region: Cleanup
[2023-11-15T12:03:50.942+0000][54082.100s][info ][safepoint     ] Leaving safepoint region
[2023-11-15T12:03:50.942+0000][54082.100s][info ][safepoint     ] Total time for which application threads were stopped: 0.0003673 seconds, Stopping threads took: 0.0000507 seconds
[2023-11-15T12:03:51.942+0000][54083.100s][debug][safepoint     ] Safepoint synchronization initiated. (177 threads)
[2023-11-15T12:03:51.942+0000][54083.100s][info ][safepoint     ] Application time: 1.0001544 seconds
[2023-11-15T12:03:51.942+0000][54083.100s][info ][safepoint     ] Entering safepoint region: Cleanup
[2023-11-15T12:03:51.942+0000][54083.100s][info ][safepoint     ] Leaving safepoint region
[2023-11-15T12:03:51.942+0000][54083.100s][info ][safepoint     ] Total time for which application threads were stopped: 0.0003583 seconds, Stopping threads took: 0.0000515 seconds
[2023-11-15T12:03:52.942+0000][54084.101s][debug][safepoint     ] Safepoint synchronization initiated. (177 threads)
[2023-11-15T12:03:52.942+0000][54084.101s][info ][safepoint     ] Application time: 1.0001528 seconds
[2023-11-15T12:03:52.943+0000][54084.101s][info ][safepoint     ] Entering safepoint region: Cleanup
[2023-11-15T12:03:52.943+0000][54084.101s][info ][safepoint     ] Leaving safepoint region
[2023-11-15T12:03:52.943+0000][54084.101s][info ][safepoint     ] Total time for which application threads were stopped: 0.0002732 seconds, Stopping threads took: 0.0000526 seconds
[2023-11-15T12:03:53.943+0000][54085.101s][debug][safepoint     ] Safepoint synchronization initiated. (177 threads)
[2023-11-15T12:03:53.943+0000][54085.101s][info ][safepoint     ] Application time: 1.0001590 seconds
[2023-11-15T12:03:53.943+0000][54085.101s][info ][safepoint     ] Entering safepoint region: Cleanup
[2023-11-15T12:03:53.943+0000][54085.101s][info ][safepoint     ] Leaving safepoint region
[2023-11-15T12:03:53.943+0000][54085.101s][info ][safepoint     ] Total time for which application threads were stopped: 0.0003608 seconds, Stopping threads took: 0.0000527 seconds
[2023-11-15T12:03:54.943+0000][54086.102s][debug][safepoint     ] Safepoint synchronization initiated. (177 threads)
[2023-11-15T12:03:54.944+0000][54086.102s][info ][safepoint     ] Application time: 1.0001886 seconds
[2023-11-15T12:03:54.944+0000][54086.102s][info ][safepoint     ] Entering safepoint region: Cleanup
[2023-11-15T12:03:54.944+0000][54086.102s][info ][safepoint     ] Leaving safepoint region
[2023-11-15T12:03:54.944+0000][54086.102s][info ][safepoint     ] Total time for which application threads were stopped: 0.0003552 seconds, Stopping threads took: 0.0000522 seconds
[2023-11-15T12:03:55.944+0000][54087.102s][debug][safepoint     ] Safepoint synchronization initiated. (177 threads)
[2023-11-15T12:03:55.944+0000][54087.102s][info ][safepoint     ] Application time: 1.0001614 seconds
[2023-11-15T12:03:55.944+0000][54087.102s][info ][safepoint     ] Entering safepoint region: Cleanup
[2023-11-15T12:03:55.944+0000][54087.102s][info ][safepoint     ] Leaving safepoint region
[2023-11-15T12:03:55.944+0000][54087.103s][info ][safepoint     ] Total time for which application threads were stopped: 0.0003544 seconds, Stopping threads took: 0.0000515 seconds
[2023-11-15T12:03:56.945+0000][54088.103s][debug][safepoint     ] Safepoint synchronization initiated. (177 threads)
[2023-11-15T12:03:56.945+0000][54088.103s][info ][safepoint     ] Application time: 1.0001867 seconds
[2023-11-15T12:03:56.945+0000][54088.103s][info ][safepoint     ] Entering safepoint region: Cleanup
[2023-11-15T12:03:56.945+0000][54088.103s][info ][safepoint     ] Leaving safepoint region
[2023-11-15T12:03:56.945+0000][54088.103s][info ][safepoint     ] Total time for which application threads were stopped: 0.0003575 seconds, Stopping threads took: 0.0000514 seconds
[2023-11-15T12:03:57.945+0000][54089.103s][debug][safepoint     ] Safepoint synchronization initiated. (177 threads)
[2023-11-15T12:03:57.945+0000][54089.103s][info ][safepoint     ] Application time: 1.0001664 seconds
[2023-11-15T12:03:57.945+0000][54089.103s][info ][safepoint     ] Entering safepoint region: Cleanup
[2023-11-15T12:03:57.946+0000][54089.104s][info ][safepoint     ] Leaving safepoint region
[2023-11-15T12:03:57.946+0000][54089.104s][info ][safepoint     ] Total time for which application threads were stopped: 0.0003561 seconds, Stopping threads took: 0.0000519 seconds
[2023-11-15T12:03:58.946+0000][54090.104s][debug][safepoint     ] Safepoint synchronization initiated. (177 threads)
[2023-11-15T12:03:58.946+0000][54090.104s][info ][safepoint     ] Application time: 1.0001670 seconds
[2023-11-15T12:03:58.946+0000][54090.104s][info ][safepoint     ] Entering safepoint region: Cleanup
[2023-11-15T12:03:58.946+0000][54090.104s][info ][safepoint     ] Leaving safepoint region
[2023-11-15T12:03:58.946+0000][54090.104s][info ][safepoint     ] Total time for which application threads were stopped: 0.0003528 seconds, Stopping threads took: 0.0000524 seconds
[2023-11-15T12:03:59.946+0000][54091.104s][debug][safepoint     ] Safepoint synchronization initiated. (177 threads)
[2023-11-15T12:03:59.946+0000][54091.104s][info ][safepoint     ] Application time: 1.0001705 seconds
[2023-11-15T12:03:59.946+0000][54091.104s][info ][safepoint     ] Entering safepoint region: Cleanup
[2023-11-15T12:03:59.947+0000][54091.105s][info ][safepoint     ] Leaving safepoint region
[2023-11-15T12:03:59.947+0000][54091.105s][info ][safepoint     ] Total time for which application threads were stopped: 0.0003548 seconds, Stopping threads took: 0.0000520 seconds
[2023-11-15T12:04:00.947+0000][54092.105s][debug][safepoint     ] Safepoint synchronization initiated. (177 threads)
[2023-11-15T12:04:00.947+0000][54092.105s][info ][safepoint     ] Application time: 1.0001703 seconds
[2023-11-15T12:04:00.947+0000][54092.105s][info ][safepoint     ] Entering safepoint region: Cleanup
[2023-11-15T12:04:00.947+0000][54092.105s][info ][safepoint     ] Leaving safepoint region
[2023-11-15T12:04:00.947+0000][54092.105s][info ][safepoint     ] Total time for which application threads were stopped: 0.0002633 seconds, Stopping threads took: 0.0000512 seconds
[2023-11-15T12:04:01.947+0000][54093.105s][debug][safepoint     ] Safepoint synchronization initiated. (177 threads)
[2023-11-15T12:04:01.947+0000][54093.105s][info ][safepoint     ] Application time: 1.0001534 seconds
[2023-11-15T12:04:01.947+0000][54093.105s][info ][safepoint     ] Entering safepoint region: Cleanup
[2023-11-15T12:04:01.948+0000][54093.106s][info ][safepoint     ] Leaving safepoint region
[2023-11-15T12:04:01.948+0000][54093.106s][info ][safepoint     ] Total time for which application threads were stopped: 0.0003540 seconds, Stopping threads took: 0.0000509 seconds
[2023-11-15T12:04:02.948+0000][54094.106s][debug][safepoint     ] Safepoint synchronization initiated. (177 threads)
[2023-11-15T12:04:02.948+0000][54094.106s][info ][safepoint     ] Application time: 1.0001510 seconds
[2023-11-15T12:04:02.948+0000][54094.106s][info ][safepoint     ] Entering safepoint region: Cleanup
[2023-11-15T12:04:02.948+0000][54094.106s][info ][safepoint     ] Leaving safepoint region
[2023-11-15T12:04:02.948+0000][54094.106s][info ][safepoint     ] Total time for which application threads were stopped: 0.0003567 seconds, Stopping threads took: 0.0000516 seconds
[2023-11-15T12:04:03.948+0000][54095.106s][debug][safepoint     ] Safepoint synchronization initiated. (177 threads)
[2023-11-15T12:04:03.948+0000][54095.107s][info ][safepoint     ] Application time: 1.0001307 seconds
[2023-11-15T12:04:03.948+0000][54095.107s][info ][safepoint     ] Entering safepoint region: Cleanup
[2023-11-15T12:04:03.949+0000][54095.107s][info ][safepoint     ] Leaving safepoint region
[2023-11-15T12:04:03.949+0000][54095.107s][info ][safepoint     ] Total time for which application threads were stopped: 0.0002590 seconds, Stopping threads took: 0.0000509 seconds
[2023-11-15T12:04:04.949+0000][54096.107s][debug][safepoint     ] Safepoint synchronization initiated. (177 threads)
[2023-11-15T12:04:04.949+0000][54096.107s][info ][safepoint     ] Application time: 1.0001723 seconds
[2023-11-15T12:04:04.949+0000][54096.107s][info ][safepoint     ] Entering safepoint region: Cleanup
[2023-11-15T12:04:04.949+0000][54096.108s][info ][safepoint     ] Leaving safepoint region
[2023-11-15T12:04:04.950+0000][54096.108s][info ][safepoint     ] Total time for which application threads were stopped: 0.0005968 seconds, Stopping threads took: 0.0003320 seconds
[2023-11-15T12:04:05.950+0000][54097.108s][debug][safepoint     ] Safepoint synchronization initiated. (177 threads)
[2023-11-15T12:04:05.950+0000][54097.108s][info ][safepoint     ] Application time: 1.0001520 seconds
[2023-11-15T12:04:05.950+0000][54097.108s][info ][safepoint     ] Entering safepoint region: Cleanup
[2023-11-15T12:04:05.950+0000][54097.108s][info ][safepoint     ] Leaving safepoint region
[2023-11-15T12:04:05.950+0000][54097.108s][info ][safepoint     ] Total time for which application threads were stopped: 0.0003601 seconds, Stopping threads took: 0.0000499 seconds
[2023-11-15T12:04:06.950+0000][54098.108s][debug][safepoint     ] Safepoint synchronization initiated. (176 threads)
[2023-11-15T12:04:06.950+0000][54098.108s][info ][safepoint     ] Application time: 1.0001773 seconds
[2023-11-15T12:04:06.950+0000][54098.108s][info ][safepoint     ] Entering safepoint region: Cleanup
[2023-11-15T12:04:06.951+0000][54098.109s][info ][safepoint     ] Leaving safepoint region
[2023-11-15T12:04:06.951+0000][54098.109s][info ][safepoint     ] Total time for which application threads were stopped: 0.0003515 seconds, Stopping threads took: 0.0000603 seconds
[2023-11-15T12:04:07.951+0000][54099.109s][debug][safepoint     ] Safepoint synchronization initiated. (176 threads)
[2023-11-15T12:04:07.951+0000][54099.109s][info ][safepoint     ] Application time: 1.0001641 seconds
[2023-11-15T12:04:07.951+0000][54099.109s][info ][safepoint     ] Entering safepoint region: Cleanup
[2023-11-15T12:04:07.951+0000][54099.109s][info ][safepoint     ] Leaving safepoint region
[2023-11-15T12:04:07.951+0000][54099.109s][info ][safepoint     ] Total time for which application threads were stopped: 0.0003538 seconds, Stopping threads took: 0.0000519 seconds
[2023-11-15T12:04:08.951+0000][54100.109s][debug][safepoint     ] Safepoint synchronization initiated. (176 threads)
[2023-11-15T12:04:08.951+0000][54100.109s][info ][safepoint     ] Application time: 1.0001527 seconds
[2023-11-15T12:04:08.951+0000][54100.109s][info ][safepoint     ] Entering safepoint region: Cleanup
[2023-11-15T12:04:08.952+0000][54100.110s][info ][safepoint     ] Leaving safepoint region
[2023-11-15T12:04:08.952+0000][54100.110s][info ][safepoint     ] Total time for which application threads were stopped: 0.0003618 seconds, Stopping threads took: 0.0000521 seconds
[2023-11-15T12:04:09.952+0000][54101.110s][debug][safepoint     ] Safepoint synchronization initiated. (176 threads)
[2023-11-15T12:04:09.952+0000][54101.110s][info ][safepoint     ] Application time: 1.0001561 seconds
[2023-11-15T12:04:09.952+0000][54101.110s][info ][safepoint     ] Entering safepoint region: Cleanup
[2023-11-15T12:04:09.952+0000][54101.110s][info ][safepoint     ] Leaving safepoint region
[2023-11-15T12:04:09.952+0000][54101.111s][info ][safepoint     ] Total time for which application threads were stopped: 0.0005286 seconds, Stopping threads took: 0.0003062 seconds
[2023-11-15T12:04:10.953+0000][54102.111s][debug][safepoint     ] Safepoint synchronization initiated. (176 threads)
[2023-11-15T12:04:10.953+0000][54102.111s][info ][safepoint     ] Application time: 1.0001520 seconds
[2023-11-15T12:04:10.953+0000][54102.111s][info ][safepoint     ] Entering safepoint region: Cleanup
[2023-11-15T12:04:10.953+0000][54102.111s][info ][safepoint     ] Leaving safepoint region
[2023-11-15T12:04:10.953+0000][54102.111s][info ][safepoint     ] Total time for which application threads were stopped: 0.0003608 seconds, Stopping threads took: 0.0000512 seconds
[2023-11-15T12:04:11.953+0000][54103.111s][debug][safepoint     ] Safepoint synchronization initiated. (176 threads)
[2023-11-15T12:04:11.953+0000][54103.111s][info ][safepoint     ] Application time: 1.0001528 seconds
[2023-11-15T12:04:11.953+0000][54103.111s][info ][safepoint     ] Entering safepoint region: Cleanup
[2023-11-15T12:04:11.953+0000][54103.112s][info ][safepoint     ] Leaving safepoint region
[2023-11-15T12:04:11.953+0000][54103.112s][info ][safepoint     ] Total time for which application threads were stopped: 0.0002706 seconds, Stopping threads took: 0.0000516 seconds
[2023-11-15T12:04:12.954+0000][54104.112s][debug][safepoint     ] Safepoint synchronization initiated. (176 threads)
[2023-11-15T12:04:12.954+0000][54104.112s][info ][safepoint     ] Application time: 1.0001687 seconds
[2023-11-15T12:04:12.954+0000][54104.112s][info ][safepoint     ] Entering safepoint region: Cleanup
[2023-11-15T12:04:12.954+0000][54104.112s][info ][safepoint     ] Leaving safepoint region
[2023-11-15T12:04:12.954+0000][54104.112s][info ][safepoint     ] Total time for which application threads were stopped: 0.0003339 seconds, Stopping threads took: 0.0000610 seconds
[2023-11-15T12:04:13.954+0000][54105.112s][debug][safepoint     ] Safepoint synchronization initiated. (176 threads)
[2023-11-15T12:04:13.954+0000][54105.112s][info ][safepoint     ] Application time: 1.0001749 seconds
[2023-11-15T12:04:13.954+0000][54105.112s][info ][safepoint     ] Entering safepoint region: Cleanup
[2023-11-15T12:04:13.955+0000][54105.113s][info ][safepoint     ] Leaving safepoint region
[2023-11-15T12:04:13.955+0000][54105.113s][info ][safepoint     ] Total time for which application threads were stopped: 0.0003564 seconds, Stopping threads took: 0.0000524 seconds
[2023-11-15T12:04:14.955+0000][54106.113s][debug][safepoint     ] Safepoint synchronization initiated. (176 threads)
[2023-11-15T12:04:14.955+0000][54106.113s][info ][safepoint     ] Application time: 1.0001649 seconds
[2023-11-15T12:04:14.955+0000][54106.113s][info ][safepoint     ] Entering safepoint region: Cleanup
[2023-11-15T12:04:14.955+0000][54106.113s][info ][safepoint     ] Leaving safepoint region
[2023-11-15T12:04:14.955+0000][54106.113s][info ][safepoint     ] Total time for which application threads were stopped: 0.0004390 seconds, Stopping threads took: 0.0001680 seconds
[2023-11-15T12:04:15.955+0000][54107.113s][debug][safepoint     ] Safepoint synchronization initiated. (176 threads)
[2023-11-15T12:04:15.955+0000][54107.113s][info ][safepoint     ] Application time: 1.0001557 seconds
[2023-11-15T12:04:15.955+0000][54107.114s][info ][safepoint     ] Entering safepoint region: Cleanup
[2023-11-15T12:04:15.956+0000][54107.114s][info ][safepoint     ] Leaving safepoint region
[2023-11-15T12:04:15.956+0000][54107.114s][info ][safepoint     ] Total time for which application threads were stopped: 0.0003711 seconds, Stopping threads took: 0.0000779 seconds
[2023-11-15T12:04:16.956+0000][54108.114s][debug][safepoint     ] Safepoint synchronization initiated. (176 threads)
[2023-11-15T12:04:16.956+0000][54108.114s][info ][safepoint     ] Application time: 1.0001743 seconds
[2023-11-15T12:04:16.956+0000][54108.114s][info ][safepoint     ] Entering safepoint region: Cleanup
[2023-11-15T12:04:16.956+0000][54108.114s][info ][safepoint     ] Leaving safepoint region
[2023-11-15T12:04:16.956+0000][54108.114s][info ][safepoint     ] Total time for which application threads were stopped: 0.0003589 seconds, Stopping threads took: 0.0000513 seconds
[2023-11-15T12:04:17.956+0000][54109.115s][debug][safepoint     ] Safepoint synchronization initiated. (176 threads)
[2023-11-15T12:04:17.957+0000][54109.115s][info ][safepoint     ] Application time: 1.0001558 seconds
[2023-11-15T12:04:17.957+0000][54109.115s][info ][safepoint     ] Entering safepoint region: Cleanup
[2023-11-15T12:04:17.957+0000][54109.115s][info ][safepoint     ] Leaving safepoint region
[2023-11-15T12:04:17.957+0000][54109.115s][info ][safepoint     ] Total time for which application threads were stopped: 0.0003557 seconds, Stopping threads took: 0.0000515 seconds
[2023-11-15T12:04:18.957+0000][54110.115s][debug][safepoint     ] Safepoint synchronization initiated. (176 threads)
[2023-11-15T12:04:18.957+0000][54110.115s][info ][safepoint     ] Application time: 1.0001616 seconds
[2023-11-15T12:04:18.957+0000][54110.115s][info ][safepoint     ] Entering safepoint region: Cleanup
[2023-11-15T12:04:18.957+0000][54110.116s][info ][safepoint     ] Leaving safepoint region
[2023-11-15T12:04:18.957+0000][54110.116s][info ][safepoint     ] Total time for which application threads were stopped: 0.0003528 seconds, Stopping threads took: 0.0000514 seconds
[2023-11-15T12:04:19.958+0000][54111.116s][debug][safepoint     ] Safepoint synchronization initiated. (176 threads)
[2023-11-15T12:04:19.958+0000][54111.116s][info ][safepoint     ] Application time: 1.0001747 seconds
[2023-11-15T12:04:19.958+0000][54111.116s][info ][safepoint     ] Entering safepoint region: Cleanup
[2023-11-15T12:04:19.958+0000][54111.116s][info ][safepoint     ] Leaving safepoint region
[2023-11-15T12:04:19.958+0000][54111.116s][info ][safepoint     ] Total time for which application threads were stopped: 0.0004446 seconds, Stopping threads took: 0.0001499 seconds
[2023-11-15T12:04:20.958+0000][54112.116s][debug][safepoint     ] Safepoint synchronization initiated. (176 threads)
[2023-11-15T12:04:20.958+0000][54112.116s][info ][safepoint     ] Application time: 1.0001668 seconds
[2023-11-15T12:04:20.958+0000][54112.116s][info ][safepoint     ] Entering safepoint region: Cleanup
[2023-11-15T12:04:20.959+0000][54112.117s][info ][safepoint     ] Leaving safepoint region
[2023-11-15T12:04:20.959+0000][54112.117s][info ][safepoint     ] Total time for which application threads were stopped: 0.0003581 seconds, Stopping threads took: 0.0000524 seconds
[2023-11-15T12:04:21.959+0000][54113.117s][debug][safepoint     ] Safepoint synchronization initiated. (176 threads)
[2023-11-15T12:04:21.959+0000][54113.117s][info ][safepoint     ] Application time: 1.0001710 seconds
[2023-11-15T12:04:21.959+0000][54113.117s][info ][safepoint     ] Entering safepoint region: Cleanup
[2023-11-15T12:04:21.959+0000][54113.117s][info ][safepoint     ] Leaving safepoint region
[2023-11-15T12:04:21.959+0000][54113.117s][info ][safepoint     ] Total time for which application threads were stopped: 0.0003547 seconds, Stopping threads took: 0.0000503 seconds
[2023-11-15T12:04:22.959+0000][54114.117s][debug][safepoint     ] Safepoint synchronization initiated. (176 threads)
[2023-11-15T12:04:22.959+0000][54114.118s][info ][safepoint     ] Application time: 1.0001615 seconds
[2023-11-15T12:04:22.960+0000][54114.118s][info ][safepoint     ] Entering safepoint region: Cleanup
[2023-11-15T12:04:22.960+0000][54114.118s][info ][safepoint     ] Leaving safepoint region
[2023-11-15T12:04:22.960+0000][54114.118s][info ][safepoint     ] Total time for which application threads were stopped: 0.0003596 seconds, Stopping threads took: 0.0000533 seconds
[2023-11-15T12:04:23.960+0000][54115.118s][debug][safepoint     ] Safepoint synchronization initiated. (176 threads)
[2023-11-15T12:04:23.960+0000][54115.118s][info ][safepoint     ] Application time: 1.0001501 seconds
[2023-11-15T12:04:23.960+0000][54115.118s][info ][safepoint     ] Entering safepoint region: Cleanup
[2023-11-15T12:04:23.960+0000][54115.118s][info ][safepoint     ] Leaving safepoint region
[2023-11-15T12:04:23.960+0000][54115.118s][info ][safepoint     ] Total time for which application threads were stopped: 0.0003576 seconds, Stopping threads took: 0.0000525 seconds
[2023-11-15T12:04:24.961+0000][54116.119s][debug][safepoint     ] Safepoint synchronization initiated. (176 threads)
[2023-11-15T12:04:24.961+0000][54116.119s][info ][safepoint     ] Application time: 1.0001642 seconds
[2023-11-15T12:04:24.961+0000][54116.119s][info ][safepoint     ] Entering safepoint region: Cleanup
[2023-11-15T12:04:24.961+0000][54116.119s][info ][safepoint     ] Leaving safepoint region
[2023-11-15T12:04:24.961+0000][54116.119s][info ][safepoint     ] Total time for which application threads were stopped: 0.0005950 seconds, Stopping threads took: 0.0003733 seconds
[2023-11-15T12:04:25.961+0000][54117.119s][debug][safepoint     ] Safepoint synchronization initiated. (176 threads)
[2023-11-15T12:04:25.961+0000][54117.119s][info ][safepoint     ] Application time: 1.0001513 seconds
[2023-11-15T12:04:25.961+0000][54117.119s][info ][safepoint     ] Entering safepoint region: Cleanup
[2023-11-15T12:04:25.962+0000][54117.120s][info ][safepoint     ] Leaving safepoint region
[2023-11-15T12:04:25.962+0000][54117.120s][info ][safepoint     ] Total time for which application threads were stopped: 0.0003586 seconds, Stopping threads took: 0.0000514 seconds
[2023-11-15T12:04:26.962+0000][54118.120s][debug][safepoint     ] Safepoint synchronization initiated. (175 threads)
[2023-11-15T12:04:26.962+0000][54118.120s][info ][safepoint     ] Application time: 1.0001682 seconds
[2023-11-15T12:04:26.962+0000][54118.120s][info ][safepoint     ] Entering safepoint region: Cleanup
[2023-11-15T12:04:26.962+0000][54118.120s][info ][safepoint     ] Leaving safepoint region
[2023-11-15T12:04:26.962+0000][54118.120s][info ][safepoint     ] Total time for which application threads were stopped: 0.0003495 seconds, Stopping threads took: 0.0000507 seconds
[2023-11-15T12:04:27.962+0000][54119.120s][debug][safepoint     ] Safepoint synchronization initiated. (175 threads)
[2023-11-15T12:04:27.962+0000][54119.121s][info ][safepoint     ] Application time: 1.0001629 seconds
[2023-11-15T12:04:27.963+0000][54119.121s][info ][safepoint     ] Entering safepoint region: Cleanup
[2023-11-15T12:04:27.963+0000][54119.121s][info ][safepoint     ] Leaving safepoint region
[2023-11-15T12:04:27.963+0000][54119.121s][info ][safepoint     ] Total time for which application threads were stopped: 0.0003521 seconds, Stopping threads took: 0.0000507 seconds
[2023-11-15T12:04:28.963+0000][54120.121s][debug][safepoint     ] Safepoint synchronization initiated. (175 threads)
[2023-11-15T12:04:28.963+0000][54120.121s][info ][safepoint     ] Application time: 1.0001676 seconds
[2023-11-15T12:04:28.963+0000][54120.121s][info ][safepoint     ] Entering safepoint region: Cleanup
[2023-11-15T12:04:28.963+0000][54120.121s][info ][safepoint     ] Leaving safepoint region
[2023-11-15T12:04:28.963+0000][54120.121s][info ][safepoint     ] Total time for which application threads were stopped: 0.0003241 seconds, Stopping threads took: 0.0000518 seconds
[2023-11-15T12:04:29.964+0000][54121.122s][debug][safepoint     ] Safepoint synchronization initiated. (175 threads)
[2023-11-15T12:04:29.964+0000][54121.122s][info ][safepoint     ] Application time: 1.0001871 seconds
[2023-11-15T12:04:29.964+0000][54121.122s][info ][safepoint     ] Entering safepoint region: Cleanup
[2023-11-15T12:04:29.964+0000][54121.122s][info ][safepoint     ] Leaving safepoint region
[2023-11-15T12:04:29.964+0000][54121.122s][info ][safepoint     ] Total time for which application threads were stopped: 0.0004099 seconds, Stopping threads took: 0.0001740 seconds
[2023-11-15T12:04:30.964+0000][54122.122s][debug][safepoint     ] Safepoint synchronization initiated. (175 threads)
[2023-11-15T12:04:30.964+0000][54122.122s][info ][safepoint     ] Application time: 1.0001737 seconds
[2023-11-15T12:04:30.964+0000][54122.122s][info ][safepoint     ] Entering safepoint region: Cleanup
[2023-11-15T12:04:30.965+0000][54122.123s][info ][safepoint     ] Leaving safepoint region
[2023-11-15T12:04:30.965+0000][54122.123s][info ][safepoint     ] Total time for which application threads were stopped: 0.0003793 seconds, Stopping threads took: 0.0000496 seconds
[2023-11-15T12:04:31.965+0000][54123.123s][debug][safepoint     ] Safepoint synchronization initiated. (175 threads)
[2023-11-15T12:04:31.965+0000][54123.123s][info ][safepoint     ] Application time: 1.0001672 seconds
[2023-11-15T12:04:31.965+0000][54123.123s][info ][safepoint     ] Entering safepoint region: Cleanup
[2023-11-15T12:04:31.965+0000][54123.123s][info ][safepoint     ] Leaving safepoint region
[2023-11-15T12:04:31.965+0000][54123.123s][info ][safepoint     ] Total time for which application threads were stopped: 0.0003171 seconds, Stopping threads took: 0.0000511 seconds
[2023-11-15T12:04:32.965+0000][54124.123s][debug][safepoint     ] Safepoint synchronization initiated. (175 threads)
[2023-11-15T12:04:32.965+0000][54124.123s][info ][safepoint     ] Application time: 1.0001631 seconds
[2023-11-15T12:04:32.965+0000][54124.123s][info ][safepoint     ] Entering safepoint region: Cleanup
[2023-11-15T12:04:32.966+0000][54124.124s][info ][safepoint     ] Leaving safepoint region
[2023-11-15T12:04:32.966+0000][54124.124s][info ][safepoint     ] Total time for which application threads were stopped: 0.0003523 seconds, Stopping threads took: 0.0000521 seconds
[2023-11-15T12:04:33.966+0000][54125.124s][debug][safepoint     ] Safepoint synchronization initiated. (175 threads)
[2023-11-15T12:04:33.966+0000][54125.124s][info ][safepoint     ] Application time: 1.0001791 seconds
[2023-11-15T12:04:33.966+0000][54125.124s][info ][safepoint     ] Entering safepoint region: Cleanup
[2023-11-15T12:04:33.966+0000][54125.124s][info ][safepoint     ] Leaving safepoint region
[2023-11-15T12:04:33.966+0000][54125.124s][info ][safepoint     ] Total time for which application threads were stopped: 0.0003559 seconds, Stopping threads took: 0.0000515 seconds
[2023-11-15T12:04:34.966+0000][54126.124s][debug][safepoint     ] Safepoint synchronization initiated. (175 threads)
[2023-11-15T12:04:34.966+0000][54126.124s][info ][safepoint     ] Application time: 1.0001612 seconds
[2023-11-15T12:04:34.966+0000][54126.125s][info ][safepoint     ] Entering safepoint region: Cleanup
[2023-11-15T12:04:34.967+0000][54126.125s][info ][safepoint     ] Leaving safepoint region
[2023-11-15T12:04:34.967+0000][54126.125s][info ][safepoint     ] Total time for which application threads were stopped: 0.0004713 seconds, Stopping threads took: 0.0002490 seconds
[2023-11-15T12:04:35.967+0000][54127.125s][debug][safepoint     ] Safepoint synchronization initiated. (175 threads)
[2023-11-15T12:04:35.967+0000][54127.125s][info ][safepoint     ] Application time: 1.0001725 seconds
[2023-11-15T12:04:35.967+0000][54127.125s][info ][safepoint     ] Entering safepoint region: Cleanup
[2023-11-15T12:04:35.967+0000][54127.125s][info ][safepoint     ] Leaving safepoint region
[2023-11-15T12:04:35.967+0000][54127.126s][info ][safepoint     ] Total time for which application threads were stopped: 0.0003246 seconds, Stopping threads took: 0.0000505 seconds
[2023-11-15T12:04:36.968+0000][54128.126s][debug][safepoint     ] Safepoint synchronization initiated. (175 threads)
[2023-11-15T12:04:36.968+0000][54128.126s][info ][safepoint     ] Application time: 1.0001713 seconds
[2023-11-15T12:04:36.968+0000][54128.126s][info ][safepoint     ] Entering safepoint region: Cleanup
[2023-11-15T12:04:36.968+0000][54128.126s][info ][safepoint     ] Leaving safepoint region
[2023-11-15T12:04:36.968+0000][54128.126s][info ][safepoint     ] Total time for which application threads were stopped: 0.0003545 seconds, Stopping threads took: 0.0000500 seconds
[2023-11-15T12:04:37.968+0000][54129.126s][debug][safepoint     ] Safepoint synchronization initiated. (175 threads)
[2023-11-15T12:04:37.968+0000][54129.126s][info ][safepoint     ] Application time: 1.0001566 seconds
[2023-11-15T12:04:37.968+0000][54129.126s][info ][safepoint     ] Entering safepoint region: Cleanup
[2023-11-15T12:04:37.969+0000][54129.127s][info ][safepoint     ] Leaving safepoint region
[2023-11-15T12:04:37.969+0000][54129.127s][info ][safepoint     ] Total time for which application threads were stopped: 0.0003768 seconds, Stopping threads took: 0.0000521 seconds
[2023-11-15T12:04:38.969+0000][54130.127s][debug][safepoint     ] Safepoint synchronization initiated. (175 threads)
[2023-11-15T12:04:38.969+0000][54130.127s][info ][safepoint     ] Application time: 1.0001529 seconds
[2023-11-15T12:04:38.969+0000][54130.127s][debug][safepoint     ] ... found polling page return exception at pc = 0x00007fe180ff12f3, stub =0x00007fe17883a800
[2023-11-15T12:04:38.969+0000][54130.127s][debug][safepoint     ] ... found polling page return exception at pc = 0x00007fe1803ec056, stub =0x00007fe17883a800
[2023-11-15T12:04:38.969+0000][54130.127s][debug][safepoint     ] ... found polling page return exception at pc = 0x00007fe180ada38c, stub =0x00007fe17883a800
[2023-11-15T12:04:38.969+0000][54130.127s][debug][safepoint     ] Waiting for 3 thread(s) to block
[2023-11-15T12:04:38.969+0000][54130.127s][info ][safepoint     ] Entering safepoint region: Cleanup
[2023-11-15T12:04:38.969+0000][54130.128s][info ][safepoint     ] Leaving safepoint region
[2023-11-15T12:04:38.970+0000][54130.128s][info ][safepoint     ] Total time for which application threads were stopped: 0.0007154 seconds, Stopping threads took: 0.0004113 seconds
[2023-11-15T12:04:39.970+0000][54131.128s][debug][safepoint     ] Safepoint synchronization initiated. (175 threads)
[2023-11-15T12:04:39.970+0000][54131.128s][info ][safepoint     ] Application time: 1.0001933 seconds
[2023-11-15T12:04:39.970+0000][54131.128s][info ][safepoint     ] Entering safepoint region: Cleanup
[2023-11-15T12:04:39.970+0000][54131.128s][info ][safepoint     ] Leaving safepoint region
[2023-11-15T12:04:39.970+0000][54131.128s][info ][safepoint     ] Total time for which application threads were stopped: 0.0003548 seconds, Stopping threads took: 0.0001479 seconds
[2023-11-15T12:04:40.970+0000][54132.128s][debug][safepoint     ] Safepoint synchronization initiated. (175 threads)
[2023-11-15T12:04:40.970+0000][54132.128s][info ][safepoint     ] Application time: 1.0001515 seconds
[2023-11-15T12:04:40.970+0000][54132.128s][info ][safepoint     ] Entering safepoint region: Cleanup
[2023-11-15T12:04:40.971+0000][54132.129s][info ][safepoint     ] Leaving safepoint region
[2023-11-15T12:04:40.971+0000][54132.129s][info ][safepoint     ] Total time for which application threads were stopped: 0.0002951 seconds, Stopping threads took: 0.0000509 seconds
[2023-11-15T12:04:41.971+0000][54133.129s][debug][safepoint     ] Safepoint synchronization initiated. (175 threads)
[2023-11-15T12:04:41.971+0000][54133.129s][info ][safepoint     ] Application time: 1.0001590 seconds
[2023-11-15T12:04:41.971+0000][54133.129s][info ][safepoint     ] Entering safepoint region: Cleanup
[2023-11-15T12:04:41.971+0000][54133.129s][info ][safepoint     ] Leaving safepoint region
[2023-11-15T12:04:41.971+0000][54133.129s][info ][safepoint     ] Total time for which application threads were stopped: 0.0002656 seconds, Stopping threads took: 0.0000507 seconds
[2023-11-15T12:04:42.971+0000][54134.129s][debug][safepoint     ] Safepoint synchronization initiated. (175 threads)
[2023-11-15T12:04:42.971+0000][54134.129s][info ][safepoint     ] Application time: 1.0001618 seconds
[2023-11-15T12:04:42.971+0000][54134.129s][info ][safepoint     ] Entering safepoint region: Cleanup
[2023-11-15T12:04:42.972+0000][54134.130s][info ][safepoint     ] Leaving safepoint region
[2023-11-15T12:04:42.972+0000][54134.130s][info ][safepoint     ] Total time for which application threads were stopped: 0.0003222 seconds, Stopping threads took: 0.0000505 seconds
[2023-11-15T12:04:43.972+0000][54135.130s][debug][safepoint     ] Safepoint synchronization initiated. (175 threads)
[2023-11-15T12:04:43.972+0000][54135.130s][info ][safepoint     ] Application time: 1.0001413 seconds
[2023-11-15T12:04:43.972+0000][54135.130s][info ][safepoint     ] Entering safepoint region: Cleanup
[2023-11-15T12:04:43.972+0000][54135.130s][info ][safepoint     ] Leaving safepoint region
[2023-11-15T12:04:43.972+0000][54135.130s][info ][safepoint     ] Total time for which application threads were stopped: 0.0003805 seconds, Stopping threads took: 0.0000763 seconds
[2023-11-15T12:04:44.972+0000][54136.130s][debug][safepoint     ] Safepoint synchronization initiated. (175 threads)
[2023-11-15T12:04:44.972+0000][54136.130s][info ][safepoint     ] Application time: 1.0001580 seconds
[2023-11-15T12:04:44.972+0000][54136.130s][info ][safepoint     ] Entering safepoint region: Cleanup
[2023-11-15T12:04:44.973+0000][54136.131s][info ][safepoint     ] Leaving safepoint region
[2023-11-15T12:04:44.973+0000][54136.131s][info ][safepoint     ] Total time for which application threads were stopped: 0.0004587 seconds, Stopping threads took: 0.0001982 seconds
[2023-11-15T12:04:45.973+0000][54137.131s][debug][safepoint     ] Safepoint synchronization initiated. (175 threads)
[2023-11-15T12:04:45.973+0000][54137.131s][info ][safepoint     ] Application time: 1.0001725 seconds
[2023-11-15T12:04:45.973+0000][54137.131s][info ][safepoint     ] Entering safepoint region: Cleanup
[2023-11-15T12:04:45.973+0000][54137.131s][info ][safepoint     ] Leaving safepoint region
[2023-11-15T12:04:45.973+0000][54137.131s][info ][safepoint     ] Total time for which application threads were stopped: 0.0003554 seconds, Stopping threads took: 0.0000507 seconds
[2023-11-15T12:04:46.973+0000][54138.132s][debug][safepoint     ] Safepoint synchronization initiated. (175 threads)
[2023-11-15T12:04:46.974+0000][54138.132s][info ][safepoint     ] Application time: 1.0001664 seconds
[2023-11-15T12:04:46.974+0000][54138.132s][info ][safepoint     ] Entering safepoint region: Cleanup
[2023-11-15T12:04:46.974+0000][54138.132s][info ][safepoint     ] Leaving safepoint region
[2023-11-15T12:04:46.974+0000][54138.132s][info ][safepoint     ] Total time for which application threads were stopped: 0.0003565 seconds, Stopping threads took: 0.0000508 seconds
[2023-11-15T12:04:47.974+0000][54139.132s][debug][safepoint     ] Safepoint synchronization initiated. (175 threads)
[2023-11-15T12:04:47.974+0000][54139.132s][info ][safepoint     ] Application time: 1.0001565 seconds
[2023-11-15T12:04:47.974+0000][54139.132s][info ][safepoint     ] Entering safepoint region: Cleanup
[2023-11-15T12:04:47.974+0000][54139.132s][info ][safepoint     ] Leaving safepoint region
[2023-11-15T12:04:47.974+0000][54139.132s][info ][safepoint     ] Total time for which application threads were stopped: 0.0003567 seconds, Stopping threads took: 0.0000533 seconds
[2023-11-15T12:04:48.975+0000][54140.133s][debug][safepoint     ] Safepoint synchronization initiated. (175 threads)
[2023-11-15T12:04:48.975+0000][54140.133s][info ][safepoint     ] Application time: 1.0001813 seconds
[2023-11-15T12:04:48.975+0000][54140.133s][info ][safepoint     ] Entering safepoint region: Cleanup
[2023-11-15T12:04:48.975+0000][54140.133s][info ][safepoint     ] Leaving safepoint region
[2023-11-15T12:04:48.975+0000][54140.133s][info ][safepoint     ] Total time for which application threads were stopped: 0.0003506 seconds, Stopping threads took: 0.0000514 seconds
[2023-11-15T12:04:49.975+0000][54141.133s][debug][safepoint     ] Safepoint synchronization initiated. (175 threads)
[2023-11-15T12:04:49.975+0000][54141.133s][info ][safepoint     ] Application time: 1.0001568 seconds
[2023-11-15T12:04:49.975+0000][54141.133s][info ][safepoint     ] Entering safepoint region: Cleanup
[2023-11-15T12:04:49.975+0000][54141.134s][info ][safepoint     ] Leaving safepoint region
[2023-11-15T12:04:49.976+0000][54141.134s][info ][safepoint     ] Total time for which application threads were stopped: 0.0003297 seconds, Stopping threads took: 0.0000512 seconds
[2023-11-15T12:04:50.976+0000][54142.134s][debug][safepoint     ] Safepoint synchronization initiated. (175 threads)
[2023-11-15T12:04:50.976+0000][54142.134s][info ][safepoint     ] Application time: 1.0001705 seconds
[2023-11-15T12:04:50.976+0000][54142.134s][info ][safepoint     ] Entering safepoint region: Cleanup
[2023-11-15T12:04:50.976+0000][54142.134s][info ][safepoint     ] Leaving safepoint region
[2023-11-15T12:04:50.976+0000][54142.134s][info ][safepoint     ] Total time for which application threads were stopped: 0.0003733 seconds, Stopping threads took: 0.0000738 seconds
[2023-11-15T12:04:51.976+0000][54143.134s][debug][safepoint     ] Safepoint synchronization initiated. (175 threads)
[2023-11-15T12:04:51.976+0000][54143.134s][info ][safepoint     ] Application time: 1.0001468 seconds
[2023-11-15T12:04:51.976+0000][54143.134s][info ][safepoint     ] Entering safepoint region: Cleanup
[2023-11-15T12:04:51.977+0000][54143.135s][info ][safepoint     ] Leaving safepoint region
[2023-11-15T12:04:51.977+0000][54143.135s][info ][safepoint     ] Total time for which application threads were stopped: 0.0003527 seconds, Stopping threads took: 0.0000506 seconds
[2023-11-15T12:04:52.977+0000][54144.135s][debug][safepoint     ] Safepoint synchronization initiated. (175 threads)
[2023-11-15T12:04:52.977+0000][54144.135s][info ][safepoint     ] Application time: 1.0001708 seconds
[2023-11-15T12:04:52.977+0000][54144.135s][info ][safepoint     ] Entering safepoint region: Cleanup
[2023-11-15T12:04:52.977+0000][54144.135s][info ][safepoint     ] Leaving safepoint region
[2023-11-15T12:04:52.977+0000][54144.135s][info ][safepoint     ] Total time for which application threads were stopped: 0.0003520 seconds, Stopping threads took: 0.0000515 seconds
[2023-11-15T12:04:53.977+0000][54145.135s][debug][safepoint     ] Safepoint synchronization initiated. (175 threads)
[2023-11-15T12:04:53.977+0000][54145.135s][info ][safepoint     ] Application time: 1.0001610 seconds
[2023-11-15T12:04:53.977+0000][54145.135s][info ][safepoint     ] Entering safepoint region: Cleanup
[2023-11-15T12:04:53.978+0000][54145.136s][info ][safepoint     ] Leaving safepoint region
[2023-11-15T12:04:53.978+0000][54145.136s][info ][safepoint     ] Total time for which application threads were stopped: 0.0003575 seconds, Stopping threads took: 0.0000516 seconds
[2023-11-15T12:04:54.978+0000][54146.136s][debug][safepoint     ] Safepoint synchronization initiated. (175 threads)
[2023-11-15T12:04:54.978+0000][54146.136s][info ][safepoint     ] Application time: 1.0001568 seconds
[2023-11-15T12:04:54.978+0000][54146.136s][info ][safepoint     ] Entering safepoint region: Cleanup
[2023-11-15T12:04:54.978+0000][54146.136s][info ][safepoint     ] Leaving safepoint region
[2023-11-15T12:04:54.978+0000][54146.136s][info ][safepoint     ] Total time for which application threads were stopped: 0.0003412 seconds, Stopping threads took: 0.0000512 seconds
[2023-11-15T12:04:55.978+0000][54147.136s][debug][safepoint     ] Safepoint synchronization initiated. (175 threads)
[2023-11-15T12:04:55.978+0000][54147.137s][info ][safepoint     ] Application time: 1.0001531 seconds
[2023-11-15T12:04:55.979+0000][54147.137s][info ][safepoint     ] Entering safepoint region: Cleanup
[2023-11-15T12:04:55.979+0000][54147.137s][info ][safepoint     ] Leaving safepoint region
[2023-11-15T12:04:55.979+0000][54147.137s][info ][safepoint     ] Total time for which application threads were stopped: 0.0003481 seconds, Stopping threads took: 0.0000499 seconds
[2023-11-15T12:04:56.979+0000][54148.137s][debug][safepoint     ] Safepoint synchronization initiated. (175 threads)
[2023-11-15T12:04:56.979+0000][54148.137s][info ][safepoint     ] Application time: 1.0001521 seconds
[2023-11-15T12:04:56.979+0000][54148.137s][info ][safepoint     ] Entering safepoint region: Cleanup
[2023-11-15T12:04:56.979+0000][54148.137s][info ][safepoint     ] Leaving safepoint region
[2023-11-15T12:04:56.979+0000][54148.137s][info ][safepoint     ] Total time for which application threads were stopped: 0.0003522 seconds, Stopping threads took: 0.0000508 seconds
[2023-11-15T12:04:57.979+0000][54149.138s][debug][safepoint     ] Safepoint synchronization initiated. (175 threads)
[2023-11-15T12:04:57.980+0000][54149.138s][info ][safepoint     ] Application time: 1.0001832 seconds
[2023-11-15T12:04:57.980+0000][54149.138s][info ][safepoint     ] Entering safepoint region: Cleanup
[2023-11-15T12:04:57.980+0000][54149.138s][info ][safepoint     ] Leaving safepoint region
[2023-11-15T12:04:57.980+0000][54149.138s][info ][safepoint     ] Total time for which application threads were stopped: 0.0003526 seconds, Stopping threads took: 0.0000517 seconds
[2023-11-15T12:04:58.980+0000][54150.138s][debug][safepoint     ] Safepoint synchronization initiated. (175 threads)
[2023-11-15T12:04:58.980+0000][54150.138s][info ][safepoint     ] Application time: 1.0001313 seconds
[2023-11-15T12:04:58.980+0000][54150.138s][info ][safepoint     ] Entering safepoint region: Cleanup
[2023-11-15T12:04:58.980+0000][54150.138s][info ][safepoint     ] Leaving safepoint region
[2023-11-15T12:04:58.980+0000][54150.139s][info ][safepoint     ] Total time for which application threads were stopped: 0.0003472 seconds, Stopping threads took: 0.0000510 seconds
[2023-11-15T12:04:59.981+0000][54151.139s][debug][safepoint     ] Safepoint synchronization initiated. (175 threads)
[2023-11-15T12:04:59.981+0000][54151.139s][info ][safepoint     ] Application time: 1.0001714 seconds
[2023-11-15T12:04:59.981+0000][54151.139s][info ][safepoint     ] Entering safepoint region: Cleanup
[2023-11-15T12:04:59.981+0000][54151.139s][info ][safepoint     ] Leaving safepoint region
[2023-11-15T12:04:59.981+0000][54151.139s][info ][safepoint     ] Total time for which application threads were stopped: 0.0002673 seconds, Stopping threads took: 0.0000510 seconds
[2023-11-15T12:05:00.981+0000][54152.139s][debug][safepoint     ] Safepoint synchronization initiated. (175 threads)
[2023-11-15T12:05:00.981+0000][54152.139s][info ][safepoint     ] Application time: 1.0001718 seconds
[2023-11-15T12:05:00.981+0000][54152.139s][info ][safepoint     ] Entering safepoint region: Cleanup
[2023-11-15T12:05:00.981+0000][54152.140s][info ][safepoint     ] Leaving safepoint region
[2023-11-15T12:05:00.982+0000][54152.140s][info ][safepoint     ] Total time for which application threads were stopped: 0.0003594 seconds, Stopping threads took: 0.0000506 seconds
[2023-11-15T12:05:01.982+0000][54153.140s][debug][safepoint     ] Safepoint synchronization initiated. (175 threads)
[2023-11-15T12:05:01.982+0000][54153.140s][info ][safepoint     ] Application time: 1.0001438 seconds
[2023-11-15T12:05:01.982+0000][54153.140s][info ][safepoint     ] Entering safepoint region: Cleanup
[2023-11-15T12:05:01.982+0000][54153.140s][info ][safepoint     ] Leaving safepoint region
[2023-11-15T12:05:01.982+0000][54153.140s][info ][safepoint     ] Total time for which application threads were stopped: 0.0001763 seconds, Stopping threads took: 0.0000363 seconds
[2023-11-15T12:05:02.982+0000][54154.140s][debug][safepoint     ] Safepoint synchronization initiated. (175 threads)
[2023-11-15T12:05:02.982+0000][54154.140s][info ][safepoint     ] Application time: 1.0001407 seconds
[2023-11-15T12:05:02.982+0000][54154.140s][info ][safepoint     ] Entering safepoint region: Cleanup
[2023-11-15T12:05:02.982+0000][54154.140s][info ][safepoint     ] Leaving safepoint region
[2023-11-15T12:05:02.982+0000][54154.140s][info ][safepoint     ] Total time for which application threads were stopped: 0.0003517 seconds, Stopping threads took: 0.0000507 seconds
[2023-11-15T12:05:03.982+0000][54155.141s][debug][safepoint     ] Safepoint synchronization initiated. (175 threads)
[2023-11-15T12:05:03.983+0000][54155.141s][info ][safepoint     ] Application time: 1.0001458 seconds
[2023-11-15T12:05:03.983+0000][54155.141s][info ][safepoint     ] Entering safepoint region: Cleanup
[2023-11-15T12:05:03.983+0000][54155.141s][info ][safepoint     ] Leaving safepoint region
[2023-11-15T12:05:03.983+0000][54155.141s][info ][safepoint     ] Total time for which application threads were stopped: 0.0003415 seconds, Stopping threads took: 0.0000486 seconds
[2023-11-15T12:05:04.983+0000][54156.141s][debug][safepoint     ] Safepoint synchronization initiated. (175 threads)
[2023-11-15T12:05:04.983+0000][54156.141s][info ][safepoint     ] Application time: 1.0001578 seconds
[2023-11-15T12:05:04.983+0000][54156.141s][info ][safepoint     ] Entering safepoint region: Cleanup
[2023-11-15T12:05:04.983+0000][54156.141s][info ][safepoint     ] Leaving safepoint region
[2023-11-15T12:05:04.983+0000][54156.141s][info ][safepoint     ] Total time for which application threads were stopped: 0.0002581 seconds, Stopping threads took: 0.0000534 seconds
[2023-11-15T12:05:05.983+0000][54157.142s][debug][safepoint     ] Safepoint synchronization initiated. (175 threads)
[2023-11-15T12:05:05.984+0000][54157.142s][info ][safepoint     ] Application time: 1.0001569 seconds
[2023-11-15T12:05:05.984+0000][54157.142s][info ][safepoint     ] Entering safepoint region: Cleanup
[2023-11-15T12:05:05.984+0000][54157.142s][info ][safepoint     ] Leaving safepoint region
[2023-11-15T12:05:05.984+0000][54157.142s][info ][safepoint     ] Total time for which application threads were stopped: 0.0003507 seconds, Stopping threads took: 0.0000513 seconds
[2023-11-15T12:05:06.984+0000][54158.142s][debug][safepoint     ] Safepoint synchronization initiated. (175 threads)
[2023-11-15T12:05:06.984+0000][54158.142s][info ][safepoint     ] Application time: 1.0001535 seconds
[2023-11-15T12:05:06.984+0000][54158.142s][info ][safepoint     ] Entering safepoint region: Cleanup
[2023-11-15T12:05:06.985+0000][54158.143s][info ][safepoint     ] Leaving safepoint region
[2023-11-15T12:05:06.985+0000][54158.143s][info ][safepoint     ] Total time for which application threads were stopped: 0.0007225 seconds, Stopping threads took: 0.0004289 seconds
[2023-11-15T12:05:07.985+0000][54159.143s][debug][safepoint     ] Safepoint synchronization initiated. (175 threads)
[2023-11-15T12:05:07.985+0000][54159.143s][info ][safepoint     ] Application time: 1.0001725 seconds
[2023-11-15T12:05:07.985+0000][54159.143s][info ][safepoint     ] Entering safepoint region: Cleanup
[2023-11-15T12:05:07.985+0000][54159.143s][info ][safepoint     ] Leaving safepoint region
[2023-11-15T12:05:07.985+0000][54159.143s][info ][safepoint     ] Total time for which application threads were stopped: 0.0002643 seconds, Stopping threads took: 0.0000499 seconds
[2023-11-15T12:05:08.985+0000][54160.143s][debug][safepoint     ] Safepoint synchronization initiated. (175 threads)
[2023-11-15T12:05:08.985+0000][54160.144s][info ][safepoint     ] Application time: 1.0001705 seconds
[2023-11-15T12:05:08.986+0000][54160.144s][info ][safepoint     ] Entering safepoint region: Cleanup
[2023-11-15T12:05:08.986+0000][54160.144s][info ][safepoint     ] Leaving safepoint region
[2023-11-15T12:05:08.986+0000][54160.144s][info ][safepoint     ] Total time for which application threads were stopped: 0.0003504 seconds, Stopping threads took: 0.0000523 seconds
[2023-11-15T12:05:09.986+0000][54161.144s][debug][safepoint     ] Safepoint synchronization initiated. (175 threads)
[2023-11-15T12:05:09.986+0000][54161.144s][info ][safepoint     ] Application time: 1.0001562 seconds
[2023-11-15T12:05:09.986+0000][54161.144s][info ][safepoint     ] Entering safepoint region: Cleanup
[2023-11-15T12:05:09.986+0000][54161.144s][info ][safepoint     ] Leaving safepoint region
[2023-11-15T12:05:09.986+0000][54161.144s][info ][safepoint     ] Total time for which application threads were stopped: 0.0002606 seconds, Stopping threads took: 0.0000514 seconds
[2023-11-15T12:05:10.986+0000][54162.145s][debug][safepoint     ] Safepoint synchronization initiated. (175 threads)
[2023-11-15T12:05:10.987+0000][54162.145s][info ][safepoint     ] Application time: 1.0001800 seconds
[2023-11-15T12:05:10.987+0000][54162.145s][info ][safepoint     ] Entering safepoint region: Cleanup
[2023-11-15T12:05:10.987+0000][54162.145s][info ][safepoint     ] Leaving safepoint region
[2023-11-15T12:05:10.987+0000][54162.145s][info ][safepoint     ] Total time for which application threads were stopped: 0.0003611 seconds, Stopping threads took: 0.0000530 seconds
[2023-11-15T12:05:11.987+0000][54163.145s][debug][safepoint     ] Safepoint synchronization initiated. (175 threads)
[2023-11-15T12:05:11.987+0000][54163.145s][info ][safepoint     ] Application time: 1.0002063 seconds
[2023-11-15T12:05:11.987+0000][54163.145s][info ][safepoint     ] Entering safepoint region: Cleanup
[2023-11-15T12:05:11.987+0000][54163.145s][info ][safepoint     ] Leaving safepoint region
[2023-11-15T12:05:11.987+0000][54163.146s][info ][safepoint     ] Total time for which application threads were stopped: 0.0003092 seconds, Stopping threads took: 0.0000543 seconds
[2023-11-15T12:05:12.988+0000][54164.146s][debug][safepoint     ] Safepoint synchronization initiated. (175 threads)
[2023-11-15T12:05:12.988+0000][54164.146s][info ][safepoint     ] Application time: 1.0001485 seconds
[2023-11-15T12:05:12.988+0000][54164.146s][info ][safepoint     ] Entering safepoint region: Cleanup
[2023-11-15T12:05:12.988+0000][54164.146s][info ][safepoint     ] Leaving safepoint region
[2023-11-15T12:05:12.988+0000][54164.146s][info ][safepoint     ] Total time for which application threads were stopped: 0.0003016 seconds, Stopping threads took: 0.0000530 seconds
[2023-11-15T12:05:13.988+0000][54165.146s][debug][safepoint     ] Safepoint synchronization initiated. (175 threads)
[2023-11-15T12:05:13.988+0000][54165.146s][info ][safepoint     ] Application time: 1.0001687 seconds
[2023-11-15T12:05:13.988+0000][54165.146s][info ][safepoint     ] Entering safepoint region: Cleanup
[2023-11-15T12:05:13.988+0000][54165.147s][info ][safepoint     ] Leaving safepoint region
[2023-11-15T12:05:13.989+0000][54165.147s][info ][safepoint     ] Total time for which application threads were stopped: 0.0003586 seconds, Stopping threads took: 0.0000514 seconds
[2023-11-15T12:05:14.989+0000][54166.147s][debug][safepoint     ] Safepoint synchronization initiated. (175 threads)
[2023-11-15T12:05:14.989+0000][54166.147s][info ][safepoint     ] Application time: 1.0001740 seconds
[2023-11-15T12:05:14.989+0000][54166.147s][info ][safepoint     ] Entering safepoint region: Cleanup
[2023-11-15T12:05:14.989+0000][54166.147s][info ][safepoint     ] Leaving safepoint region
[2023-11-15T12:05:14.989+0000][54166.147s][info ][safepoint     ] Total time for which application threads were stopped: 0.0003566 seconds, Stopping threads took: 0.0000522 seconds
[2023-11-15T12:05:15.989+0000][54167.147s][debug][safepoint     ] Safepoint synchronization initiated. (175 threads)
[2023-11-15T12:05:15.989+0000][54167.147s][info ][safepoint     ] Application time: 1.0001453 seconds
[2023-11-15T12:05:15.989+0000][54167.147s][info ][safepoint     ] Entering safepoint region: Cleanup
[2023-11-15T12:05:15.990+0000][54167.148s][info ][safepoint     ] Leaving safepoint region
[2023-11-15T12:05:15.990+0000][54167.148s][info ][safepoint     ] Total time for which application threads were stopped: 0.0003511 seconds, Stopping threads took: 0.0000506 seconds
[2023-11-15T12:05:16.990+0000][54168.148s][debug][safepoint     ] Safepoint synchronization initiated. (175 threads)
[2023-11-15T12:05:16.990+0000][54168.148s][info ][safepoint     ] Application time: 1.0001465 seconds
[2023-11-15T12:05:16.990+0000][54168.148s][info ][safepoint     ] Entering safepoint region: Cleanup
[2023-11-15T12:05:16.990+0000][54168.148s][info ][safepoint     ] Leaving safepoint region
[2023-11-15T12:05:16.990+0000][54168.148s][info ][safepoint     ] Total time for which application threads were stopped: 0.0004394 seconds, Stopping threads took: 0.0001930 seconds
[2023-11-15T12:05:17.990+0000][54169.148s][debug][safepoint     ] Safepoint synchronization initiated. (175 threads)
[2023-11-15T12:05:17.990+0000][54169.148s][info ][safepoint     ] Application time: 1.0001642 seconds
[2023-11-15T12:05:17.990+0000][54169.149s][info ][safepoint     ] Entering safepoint region: Cleanup
[2023-11-15T12:05:17.991+0000][54169.149s][info ][safepoint     ] Leaving safepoint region
[2023-11-15T12:05:17.991+0000][54169.149s][info ][safepoint     ] Total time for which application threads were stopped: 0.0002724 seconds, Stopping threads took: 0.0000534 seconds
[2023-11-15T12:05:18.991+0000][54170.149s][debug][safepoint     ] Safepoint synchronization initiated. (175 threads)
[2023-11-15T12:05:18.991+0000][54170.149s][info ][safepoint     ] Application time: 1.0001620 seconds
[2023-11-15T12:05:18.991+0000][54170.149s][info ][safepoint     ] Entering safepoint region: Cleanup
[2023-11-15T12:05:18.991+0000][54170.149s][info ][safepoint     ] Leaving safepoint region
[2023-11-15T12:05:18.991+0000][54170.149s][info ][safepoint     ] Total time for which application threads were stopped: 0.0003576 seconds, Stopping threads took: 0.0000537 seconds
[2023-11-15T12:05:19.991+0000][54171.149s][debug][safepoint     ] Safepoint synchronization initiated. (175 threads)
[2023-11-15T12:05:19.991+0000][54171.150s][info ][safepoint     ] Application time: 1.0001504 seconds
[2023-11-15T12:05:19.992+0000][54171.150s][info ][safepoint     ] Entering safepoint region: Cleanup
[2023-11-15T12:05:19.992+0000][54171.150s][info ][safepoint     ] Leaving safepoint region
[2023-11-15T12:05:19.992+0000][54171.150s][info ][safepoint     ] Total time for which application threads were stopped: 0.0003560 seconds, Stopping threads took: 0.0000536 seconds
[2023-11-15T12:05:20.992+0000][54172.150s][debug][safepoint     ] Safepoint synchronization initiated. (175 threads)
[2023-11-15T12:05:20.992+0000][54172.150s][info ][safepoint     ] Application time: 1.0001498 seconds
[2023-11-15T12:05:20.992+0000][54172.150s][info ][safepoint     ] Entering safepoint region: Cleanup
[2023-11-15T12:05:20.992+0000][54172.150s][info ][safepoint     ] Leaving safepoint region
[2023-11-15T12:05:20.992+0000][54172.150s][info ][safepoint     ] Total time for which application threads were stopped: 0.0003574 seconds, Stopping threads took: 0.0000530 seconds
[2023-11-15T12:05:21.993+0000][54173.151s][debug][safepoint     ] Safepoint synchronization initiated. (175 threads)
[2023-11-15T12:05:21.993+0000][54173.151s][info ][safepoint     ] Application time: 1.0001527 seconds
[2023-11-15T12:05:21.993+0000][54173.151s][info ][safepoint     ] Entering safepoint region: Cleanup
[2023-11-15T12:05:21.993+0000][54173.151s][info ][safepoint     ] Leaving safepoint region
[2023-11-15T12:05:21.993+0000][54173.151s][info ][safepoint     ] Total time for which application threads were stopped: 0.0004649 seconds, Stopping threads took: 0.0002610 seconds
[2023-11-15T12:05:22.993+0000][54174.151s][debug][safepoint     ] Safepoint synchronization initiated. (175 threads)
[2023-11-15T12:05:22.993+0000][54174.151s][info ][safepoint     ] Application time: 1.0001577 seconds
[2023-11-15T12:05:22.993+0000][54174.151s][info ][safepoint     ] Entering safepoint region: Cleanup
[2023-11-15T12:05:22.993+0000][54174.152s][info ][safepoint     ] Leaving safepoint region
[2023-11-15T12:05:22.993+0000][54174.152s][info ][safepoint     ] Total time for which application threads were stopped: 0.0002564 seconds, Stopping threads took: 0.0000549 seconds
[2023-11-15T12:05:23.994+0000][54175.152s][debug][safepoint     ] Safepoint synchronization initiated. (175 threads)
[2023-11-15T12:05:23.994+0000][54175.152s][info ][safepoint     ] Application time: 1.0001519 seconds
[2023-11-15T12:05:23.994+0000][54175.152s][info ][safepoint     ] Entering safepoint region: Cleanup
[2023-11-15T12:05:23.994+0000][54175.152s][info ][safepoint     ] Leaving safepoint region
[2023-11-15T12:05:23.994+0000][54175.152s][info ][safepoint     ] Total time for which application threads were stopped: 0.0002723 seconds, Stopping threads took: 0.0000534 seconds
[2023-11-15T12:05:24.994+0000][54176.152s][debug][safepoint     ] Safepoint synchronization initiated. (175 threads)
[2023-11-15T12:05:24.994+0000][54176.152s][info ][safepoint     ] Application time: 1.0001506 seconds
[2023-11-15T12:05:24.994+0000][54176.152s][info ][safepoint     ] Entering safepoint region: Cleanup
[2023-11-15T12:05:24.994+0000][54176.153s][info ][safepoint     ] Leaving safepoint region
[2023-11-15T12:05:24.994+0000][54176.153s][info ][safepoint     ] Total time for which application threads were stopped: 0.0003587 seconds, Stopping threads took: 0.0000531 seconds
[2023-11-15T12:05:25.995+0000][54177.153s][debug][safepoint     ] Safepoint synchronization initiated. (175 threads)
[2023-11-15T12:05:25.995+0000][54177.153s][info ][safepoint     ] Application time: 1.0001869 seconds
[2023-11-15T12:05:25.995+0000][54177.153s][info ][safepoint     ] Entering safepoint region: Cleanup
[2023-11-15T12:05:25.995+0000][54177.153s][info ][safepoint     ] Leaving safepoint region
[2023-11-15T12:05:25.995+0000][54177.153s][info ][safepoint     ] Total time for which application threads were stopped: 0.0003274 seconds, Stopping threads took: 0.0000532 seconds
[2023-11-15T12:05:26.995+0000][54178.153s][debug][safepoint     ] Safepoint synchronization initiated. (174 threads)
[2023-11-15T12:05:26.995+0000][54178.153s][info ][safepoint     ] Application time: 1.0001764 seconds
[2023-11-15T12:05:26.995+0000][54178.153s][info ][safepoint     ] Entering safepoint region: Cleanup
[2023-11-15T12:05:26.996+0000][54178.154s][info ][safepoint     ] Leaving safepoint region
[2023-11-15T12:05:26.996+0000][54178.154s][info ][safepoint     ] Total time for which application threads were stopped: 0.0005543 seconds, Stopping threads took: 0.0003323 seconds
[2023-11-15T12:05:27.996+0000][54179.154s][debug][safepoint     ] Safepoint synchronization initiated. (174 threads)
[2023-11-15T12:05:27.996+0000][54179.154s][info ][safepoint     ] Application time: 1.0001513 seconds
[2023-11-15T12:05:27.996+0000][54179.154s][info ][safepoint     ] Entering safepoint region: Cleanup
[2023-11-15T12:05:27.996+0000][54179.154s][info ][safepoint     ] Leaving safepoint region
[2023-11-15T12:05:27.996+0000][54179.154s][info ][safepoint     ] Total time for which application threads were stopped: 0.0003332 seconds, Stopping threads took: 0.0000532 seconds
[2023-11-15T12:05:28.996+0000][54180.155s][debug][safepoint     ] Safepoint synchronization initiated. (174 threads)
[2023-11-15T12:05:28.997+0000][54180.155s][info ][safepoint     ] Application time: 1.0001731 seconds
[2023-11-15T12:05:28.997+0000][54180.155s][info ][safepoint     ] Entering safepoint region: Cleanup
[2023-11-15T12:05:28.997+0000][54180.155s][info ][safepoint     ] Leaving safepoint region
[2023-11-15T12:05:28.997+0000][54180.155s][info ][safepoint     ] Total time for which application threads were stopped: 0.0003586 seconds, Stopping threads took: 0.0000536 seconds
[2023-11-15T12:05:29.997+0000][54181.155s][debug][safepoint     ] Safepoint synchronization initiated. (174 threads)
[2023-11-15T12:05:29.997+0000][54181.155s][info ][safepoint     ] Application time: 1.0001622 seconds
[2023-11-15T12:05:29.997+0000][54181.155s][info ][safepoint     ] Entering safepoint region: Cleanup
[2023-11-15T12:05:29.997+0000][54181.155s][info ][safepoint     ] Leaving safepoint region
[2023-11-15T12:05:29.997+0000][54181.156s][info ][safepoint     ] Total time for which application threads were stopped: 0.0003589 seconds, Stopping threads took: 0.0000542 seconds
[2023-11-15T12:05:30.998+0000][54182.156s][debug][safepoint     ] Safepoint synchronization initiated. (174 threads)
[2023-11-15T12:05:30.998+0000][54182.156s][info ][safepoint     ] Application time: 1.0001671 seconds
[2023-11-15T12:05:30.998+0000][54182.156s][info ][safepoint     ] Entering safepoint region: Cleanup
[2023-11-15T12:05:30.998+0000][54182.156s][info ][safepoint     ] Leaving safepoint region
[2023-11-15T12:05:30.998+0000][54182.156s][info ][safepoint     ] Total time for which application threads were stopped: 0.0002711 seconds, Stopping threads took: 0.0000536 seconds
[2023-11-15T12:05:31.998+0000][54183.156s][debug][safepoint     ] Safepoint synchronization initiated. (174 threads)
[2023-11-15T12:05:31.998+0000][54183.156s][info ][safepoint     ] Application time: 1.0001488 seconds
[2023-11-15T12:05:31.998+0000][54183.156s][info ][safepoint     ] Entering safepoint region: Cleanup
[2023-11-15T12:05:31.999+0000][54183.157s][info ][safepoint     ] Leaving safepoint region
[2023-11-15T12:05:31.999+0000][54183.157s][info ][safepoint     ] Total time for which application threads were stopped: 0.0005767 seconds, Stopping threads took: 0.0002165 seconds
[2023-11-15T12:05:32.999+0000][54184.157s][debug][safepoint     ] Safepoint synchronization initiated. (174 threads)
[2023-11-15T12:05:32.999+0000][54184.157s][info ][safepoint     ] Application time: 1.0001650 seconds
[2023-11-15T12:05:32.999+0000][54184.157s][info ][safepoint     ] Entering safepoint region: Cleanup
[2023-11-15T12:05:32.999+0000][54184.157s][info ][safepoint     ] Leaving safepoint region
[2023-11-15T12:05:32.999+0000][54184.157s][info ][safepoint     ] Total time for which application threads were stopped: 0.0002646 seconds, Stopping threads took: 0.0000538 seconds
[2023-11-15T12:05:33.999+0000][54185.157s][debug][safepoint     ] Safepoint synchronization initiated. (174 threads)
[2023-11-15T12:05:33.999+0000][54185.157s][info ][safepoint     ] Application time: 1.0001739 seconds
[2023-11-15T12:05:33.999+0000][54185.158s][info ][safepoint     ] Entering safepoint region: Cleanup
[2023-11-15T12:05:34.000+0000][54185.158s][info ][safepoint     ] Leaving safepoint region
[2023-11-15T12:05:34.000+0000][54185.158s][info ][safepoint     ] Total time for which application threads were stopped: 0.0003410 seconds, Stopping threads took: 0.0000763 seconds
[2023-11-15T12:05:35.000+0000][54186.158s][debug][safepoint     ] Safepoint synchronization initiated. (174 threads)
[2023-11-15T12:05:35.000+0000][54186.158s][info ][safepoint     ] Application time: 1.0001760 seconds
[2023-11-15T12:05:35.000+0000][54186.158s][info ][safepoint     ] Entering safepoint region: Cleanup
[2023-11-15T12:05:35.000+0000][54186.158s][info ][safepoint     ] Leaving safepoint region
[2023-11-15T12:05:35.000+0000][54186.158s][info ][safepoint     ] Total time for which application threads were stopped: 0.0003682 seconds, Stopping threads took: 0.0000552 seconds
[2023-11-15T12:05:36.000+0000][54187.159s][debug][safepoint     ] Safepoint synchronization initiated. (174 threads)
[2023-11-15T12:05:36.001+0000][54187.159s][info ][safepoint     ] Application time: 1.0001807 seconds
[2023-11-15T12:05:36.001+0000][54187.159s][info ][safepoint     ] Entering safepoint region: Cleanup
[2023-11-15T12:05:36.001+0000][54187.159s][info ][safepoint     ] Leaving safepoint region
[2023-11-15T12:05:36.001+0000][54187.159s][info ][safepoint     ] Total time for which application threads were stopped: 0.0002841 seconds, Stopping threads took: 0.0000531 seconds
[2023-11-15T12:05:37.001+0000][54188.159s][debug][safepoint     ] Safepoint synchronization initiated. (174 threads)
[2023-11-15T12:05:37.001+0000][54188.159s][info ][safepoint     ] Application time: 1.0001824 seconds
[2023-11-15T12:05:37.001+0000][54188.159s][info ][safepoint     ] Entering safepoint region: Cleanup
[2023-11-15T12:05:37.001+0000][54188.160s][info ][safepoint     ] Leaving safepoint region
[2023-11-15T12:05:37.001+0000][54188.160s][info ][safepoint     ] Total time for which application threads were stopped: 0.0004027 seconds, Stopping threads took: 0.0000565 seconds
[2023-11-15T12:05:38.002+0000][54189.160s][debug][safepoint     ] Safepoint synchronization initiated. (174 threads)
[2023-11-15T12:05:38.002+0000][54189.160s][info ][safepoint     ] Application time: 1.0001408 seconds
[2023-11-15T12:05:38.002+0000][54189.160s][info ][safepoint     ] Entering safepoint region: Cleanup
[2023-11-15T12:05:38.002+0000][54189.160s][info ][safepoint     ] Leaving safepoint region
[2023-11-15T12:05:38.002+0000][54189.160s][debug][safepoint     ] ... found polling page return exception at pc = 0x00007fe180ff1766, stub =0x00007fe17883a800
[2023-11-15T12:05:38.002+0000][54189.160s][info ][safepoint     ] Total time for which application threads were stopped: 0.0003515 seconds, Stopping threads took: 0.0000563 seconds
[2023-11-15T12:05:39.002+0000][54190.160s][debug][safepoint     ] Safepoint synchronization initiated. (174 threads)
[2023-11-15T12:05:39.002+0000][54190.160s][info ][safepoint     ] Application time: 1.0001515 seconds
[2023-11-15T12:05:39.002+0000][54190.160s][info ][safepoint     ] Entering safepoint region: Cleanup
[2023-11-15T12:05:39.002+0000][54190.160s][info ][safepoint     ] Leaving safepoint region
[2023-11-15T12:05:39.002+0000][54190.160s][info ][safepoint     ] Total time for which application threads were stopped: 0.0002288 seconds, Stopping threads took: 0.0000438 seconds
[2023-11-15T12:05:40.003+0000][54191.161s][debug][safepoint     ] Safepoint synchronization initiated. (174 threads)
[2023-11-15T12:05:40.003+0000][54191.161s][info ][safepoint     ] Application time: 1.0001771 seconds
[2023-11-15T12:05:40.003+0000][54191.161s][info ][safepoint     ] Entering safepoint region: Cleanup
[2023-11-15T12:05:40.003+0000][54191.161s][info ][safepoint     ] Leaving safepoint region
[2023-11-15T12:05:40.003+0000][54191.161s][info ][safepoint     ] Total time for which application threads were stopped: 0.0002891 seconds, Stopping threads took: 0.0000534 seconds
[2023-11-15T12:05:41.003+0000][54192.161s][debug][safepoint     ] Safepoint synchronization initiated. (174 threads)
[2023-11-15T12:05:41.003+0000][54192.161s][info ][safepoint     ] Application time: 1.0001407 seconds
[2023-11-15T12:05:41.003+0000][54192.161s][info ][safepoint     ] Entering safepoint region: Cleanup
[2023-11-15T12:05:41.003+0000][54192.161s][info ][safepoint     ] Leaving safepoint region
[2023-11-15T12:05:41.003+0000][54192.161s][info ][safepoint     ] Total time for which application threads were stopped: 0.0002931 seconds, Stopping threads took: 0.0000540 seconds
[2023-11-15T12:05:42.004+0000][54193.162s][debug][safepoint     ] Safepoint synchronization initiated. (174 threads)
[2023-11-15T12:05:42.004+0000][54193.162s][info ][safepoint     ] Application time: 1.0002858 seconds
[2023-11-15T12:05:42.004+0000][54193.162s][info ][safepoint     ] Entering safepoint region: Cleanup
[2023-11-15T12:05:42.004+0000][54193.162s][info ][safepoint     ] Leaving safepoint region
[2023-11-15T12:05:42.004+0000][54193.162s][info ][safepoint     ] Total time for which application threads were stopped: 0.0002532 seconds, Stopping threads took: 0.0000431 seconds
[2023-11-15T12:05:43.004+0000][54194.162s][debug][safepoint     ] Safepoint synchronization initiated. (174 threads)
[2023-11-15T12:05:43.004+0000][54194.162s][info ][safepoint     ] Application time: 1.0001597 seconds
[2023-11-15T12:05:43.004+0000][54194.162s][info ][safepoint     ] Entering safepoint region: Cleanup
[2023-11-15T12:05:43.004+0000][54194.162s][info ][safepoint     ] Leaving safepoint region
[2023-11-15T12:05:43.004+0000][54194.162s][info ][safepoint     ] Total time for which application threads were stopped: 0.0001885 seconds, Stopping threads took: 0.0000365 seconds
[2023-11-15T12:05:44.004+0000][54195.162s][debug][safepoint     ] Safepoint synchronization initiated. (174 threads)
[2023-11-15T12:05:44.004+0000][54195.163s][info ][safepoint     ] Application time: 1.0001247 seconds
[2023-11-15T12:05:44.005+0000][54195.163s][info ][safepoint     ] Entering safepoint region: Cleanup
[2023-11-15T12:05:44.005+0000][54195.163s][info ][safepoint     ] Leaving safepoint region
[2023-11-15T12:05:44.005+0000][54195.163s][info ][safepoint     ] Total time for which application threads were stopped: 0.0002445 seconds, Stopping threads took: 0.0000428 seconds
[2023-11-15T12:05:45.005+0000][54196.163s][debug][safepoint     ] Safepoint synchronization initiated. (174 threads)
[2023-11-15T12:05:45.005+0000][54196.163s][info ][safepoint     ] Application time: 1.0001226 seconds
[2023-11-15T12:05:45.005+0000][54196.163s][info ][safepoint     ] Entering safepoint region: Cleanup
[2023-11-15T12:05:45.005+0000][54196.163s][info ][safepoint     ] Leaving safepoint region
[2023-11-15T12:05:45.005+0000][54196.163s][info ][safepoint     ] Total time for which application threads were stopped: 0.0002452 seconds, Stopping threads took: 0.0000428 seconds
[2023-11-15T12:05:46.005+0000][54197.163s][debug][safepoint     ] Safepoint synchronization initiated. (174 threads)
[2023-11-15T12:05:46.005+0000][54197.163s][info ][safepoint     ] Application time: 1.0001295 seconds
[2023-11-15T12:05:46.005+0000][54197.163s][info ][safepoint     ] Entering safepoint region: Cleanup
[2023-11-15T12:05:46.005+0000][54197.164s][info ][safepoint     ] Leaving safepoint region
[2023-11-15T12:05:46.006+0000][54197.164s][info ][safepoint     ] Total time for which application threads were stopped: 0.0002609 seconds, Stopping threads took: 0.0000602 seconds
[2023-11-15T12:05:47.006+0000][54198.164s][debug][safepoint     ] Safepoint synchronization initiated. (174 threads)
[2023-11-15T12:05:47.006+0000][54198.164s][info ][safepoint     ] Application time: 1.0001357 seconds
[2023-11-15T12:05:47.006+0000][54198.164s][info ][safepoint     ] Entering safepoint region: Cleanup
[2023-11-15T12:05:47.006+0000][54198.164s][info ][safepoint     ] Leaving safepoint region
[2023-11-15T12:05:47.006+0000][54198.164s][info ][safepoint     ] Total time for which application threads were stopped: 0.0001917 seconds, Stopping threads took: 0.0000378 seconds
[2023-11-15T12:05:48.006+0000][54199.164s][debug][safepoint     ] Safepoint synchronization initiated. (174 threads)
[2023-11-15T12:05:48.006+0000][54199.164s][info ][safepoint     ] Application time: 1.0001188 seconds
[2023-11-15T12:05:48.006+0000][54199.164s][info ][safepoint     ] Entering safepoint region: Cleanup
[2023-11-15T12:05:48.006+0000][54199.164s][info ][safepoint     ] Leaving safepoint region
[2023-11-15T12:05:48.006+0000][54199.164s][info ][safepoint     ] Total time for which application threads were stopped: 0.0002027 seconds, Stopping threads took: 0.0000365 seconds
[2023-11-15T12:05:49.006+0000][54200.164s][debug][safepoint     ] Safepoint synchronization initiated. (174 threads)
[2023-11-15T12:05:49.006+0000][54200.164s][info ][safepoint     ] Application time: 1.0001293 seconds
[2023-11-15T12:05:49.006+0000][54200.164s][info ][safepoint     ] Entering safepoint region: Cleanup
[2023-11-15T12:05:49.007+0000][54200.165s][info ][safepoint     ] Leaving safepoint region
[2023-11-15T12:05:49.007+0000][54200.165s][info ][safepoint     ] Total time for which application threads were stopped: 0.0001661 seconds, Stopping threads took: 0.0000377 seconds
[2023-11-15T12:05:50.007+0000][54201.165s][debug][safepoint     ] Safepoint synchronization initiated. (174 threads)
[2023-11-15T12:05:50.007+0000][54201.165s][info ][safepoint     ] Application time: 1.0001122 seconds
[2023-11-15T12:05:50.007+0000][54201.165s][info ][safepoint     ] Entering safepoint region: Cleanup
[2023-11-15T12:05:50.007+0000][54201.165s][info ][safepoint     ] Leaving safepoint region
[2023-11-15T12:05:50.007+0000][54201.165s][info ][safepoint     ] Total time for which application threads were stopped: 0.0002272 seconds, Stopping threads took: 0.0000370 seconds
[2023-11-15T12:05:51.007+0000][54202.165s][debug][safepoint     ] Safepoint synchronization initiated. (174 threads)
[2023-11-15T12:05:51.007+0000][54202.165s][info ][safepoint     ] Application time: 1.0001125 seconds
[2023-11-15T12:05:51.007+0000][54202.165s][info ][safepoint     ] Entering safepoint region: Cleanup
[2023-11-15T12:05:51.007+0000][54202.165s][info ][safepoint     ] Leaving safepoint region
[2023-11-15T12:05:51.007+0000][54202.165s][info ][safepoint     ] Total time for which application threads were stopped: 0.0002184 seconds, Stopping threads took: 0.0000376 seconds
[2023-11-15T12:05:52.007+0000][54203.165s][debug][safepoint     ] Safepoint synchronization initiated. (174 threads)
[2023-11-15T12:05:52.007+0000][54203.165s][info ][safepoint     ] Application time: 1.0001344 seconds
[2023-11-15T12:05:52.007+0000][54203.165s][info ][safepoint     ] Entering safepoint region: Cleanup
[2023-11-15T12:05:52.008+0000][54203.166s][info ][safepoint     ] Leaving safepoint region
[2023-11-15T12:05:52.008+0000][54203.166s][info ][safepoint     ] Total time for which application threads were stopped: 0.0003632 seconds, Stopping threads took: 0.0000420 seconds
[2023-11-15T12:05:53.008+0000][54204.166s][debug][safepoint     ] Safepoint synchronization initiated. (174 threads)
[2023-11-15T12:05:53.008+0000][54204.166s][info ][safepoint     ] Application time: 1.0000740 seconds
[2023-11-15T12:05:53.008+0000][54204.166s][info ][safepoint     ] Entering safepoint region: Cleanup
[2023-11-15T12:05:53.008+0000][54204.166s][info ][safepoint     ] Leaving safepoint region
[2023-11-15T12:05:53.008+0000][54204.166s][info ][safepoint     ] Total time for which application threads were stopped: 0.0002432 seconds, Stopping threads took: 0.0000570 seconds
[2023-11-15T12:05:54.008+0000][54205.166s][debug][safepoint     ] Safepoint synchronization initiated. (174 threads)
[2023-11-15T12:05:54.008+0000][54205.166s][info ][safepoint     ] Application time: 1.0001372 seconds
[2023-11-15T12:05:54.008+0000][54205.166s][info ][safepoint     ] Entering safepoint region: Cleanup
[2023-11-15T12:05:54.008+0000][54205.166s][info ][safepoint     ] Leaving safepoint region
[2023-11-15T12:05:54.008+0000][54205.166s][info ][safepoint     ] Total time for which application threads were stopped: 0.0001821 seconds, Stopping threads took: 0.0000399 seconds
[2023-11-15T12:05:55.009+0000][54206.167s][debug][safepoint     ] Safepoint synchronization initiated. (174 threads)
[2023-11-15T12:05:55.009+0000][54206.167s][info ][safepoint     ] Application time: 1.0001413 seconds
[2023-11-15T12:05:55.009+0000][54206.167s][info ][safepoint     ] Entering safepoint region: Cleanup
[2023-11-15T12:05:55.009+0000][54206.167s][info ][safepoint     ] Leaving safepoint region
[2023-11-15T12:05:55.009+0000][54206.167s][info ][safepoint     ] Total time for which application threads were stopped: 0.0001741 seconds, Stopping threads took: 0.0000384 seconds
[2023-11-15T12:05:56.009+0000][54207.167s][debug][safepoint     ] Safepoint synchronization initiated. (174 threads)
[2023-11-15T12:05:56.009+0000][54207.167s][info ][safepoint     ] Application time: 1.0001308 seconds
[2023-11-15T12:05:56.009+0000][54207.167s][info ][safepoint     ] Entering safepoint region: Cleanup
[2023-11-15T12:05:56.009+0000][54207.167s][info ][safepoint     ] Leaving safepoint region
[2023-11-15T12:05:56.009+0000][54207.167s][info ][safepoint     ] Total time for which application threads were stopped: 0.0001731 seconds, Stopping threads took: 0.0000382 seconds
[2023-11-15T12:05:57.009+0000][54208.167s][debug][safepoint     ] Safepoint synchronization initiated. (174 threads)
[2023-11-15T12:05:57.009+0000][54208.167s][info ][safepoint     ] Application time: 1.0001186 seconds
[2023-11-15T12:05:57.009+0000][54208.167s][info ][safepoint     ] Entering safepoint region: Cleanup
[2023-11-15T12:05:57.009+0000][54208.168s][info ][safepoint     ] Leaving safepoint region
[2023-11-15T12:05:57.009+0000][54208.168s][info ][safepoint     ] Total time for which application threads were stopped: 0.0002664 seconds, Stopping threads took: 0.0000366 seconds
[2023-11-15T12:05:58.010+0000][54209.168s][debug][safepoint     ] Safepoint synchronization initiated. (174 threads)
[2023-11-15T12:05:58.010+0000][54209.168s][info ][safepoint     ] Application time: 1.0001602 seconds
[2023-11-15T12:05:58.010+0000][54209.168s][info ][safepoint     ] Entering safepoint region: Cleanup
[2023-11-15T12:05:58.010+0000][54209.168s][info ][safepoint     ] Leaving safepoint region
[2023-11-15T12:05:58.010+0000][54209.168s][info ][safepoint     ] Total time for which application threads were stopped: 0.0001763 seconds, Stopping threads took: 0.0000380 seconds
[2023-11-15T12:05:59.010+0000][54210.168s][debug][safepoint     ] Safepoint synchronization initiated. (174 threads)
[2023-11-15T12:05:59.010+0000][54210.168s][info ][safepoint     ] Application time: 1.0001135 seconds
[2023-11-15T12:05:59.010+0000][54210.168s][info ][safepoint     ] Entering safepoint region: Cleanup
[2023-11-15T12:05:59.010+0000][54210.168s][info ][safepoint     ] Leaving safepoint region
[2023-11-15T12:05:59.010+0000][54210.168s][info ][safepoint     ] Total time for which application threads were stopped: 0.0002607 seconds, Stopping threads took: 0.0000399 seconds
[2023-11-15T12:06:00.010+0000][54211.168s][debug][safepoint     ] Safepoint synchronization initiated. (174 threads)
[2023-11-15T12:06:00.010+0000][54211.168s][info ][safepoint     ] Application time: 1.0001104 seconds
[2023-11-15T12:06:00.010+0000][54211.168s][info ][safepoint     ] Entering safepoint region: Cleanup
[2023-11-15T12:06:00.011+0000][54211.169s][info ][safepoint     ] Leaving safepoint region
[2023-11-15T12:06:00.011+0000][54211.169s][info ][safepoint     ] Total time for which application threads were stopped: 0.0002563 seconds, Stopping threads took: 0.0000407 seconds
[2023-11-15T12:06:01.011+0000][54212.169s][debug][safepoint     ] Safepoint synchronization initiated. (174 threads)
[2023-11-15T12:06:01.011+0000][54212.169s][info ][safepoint     ] Application time: 1.0001281 seconds
[2023-11-15T12:06:01.011+0000][54212.169s][info ][safepoint     ] Entering safepoint region: Cleanup
[2023-11-15T12:06:01.011+0000][54212.169s][info ][safepoint     ] Leaving safepoint region
[2023-11-15T12:06:01.011+0000][54212.169s][info ][safepoint     ] Total time for which application threads were stopped: 0.0001907 seconds, Stopping threads took: 0.0000381 seconds
[2023-11-15T12:06:02.011+0000][54213.169s][debug][safepoint     ] Safepoint synchronization initiated. (174 threads)
[2023-11-15T12:06:02.011+0000][54213.169s][info ][safepoint     ] Application time: 1.0001115 seconds
[2023-11-15T12:06:02.011+0000][54213.169s][info ][safepoint     ] Entering safepoint region: Cleanup
[2023-11-15T12:06:02.011+0000][54213.169s][info ][safepoint     ] Leaving safepoint region
[2023-11-15T12:06:02.011+0000][54213.169s][info ][safepoint     ] Total time for which application threads were stopped: 0.0002001 seconds, Stopping threads took: 0.0000402 seconds
[2023-11-15T12:06:03.011+0000][54214.169s][debug][safepoint     ] Safepoint synchronization initiated. (174 threads)
[2023-11-15T12:06:03.011+0000][54214.170s][info ][safepoint     ] Application time: 1.0001525 seconds
[2023-11-15T12:06:03.012+0000][54214.170s][info ][safepoint     ] Entering safepoint region: Cleanup
[2023-11-15T12:06:03.012+0000][54214.170s][info ][safepoint     ] Leaving safepoint region
[2023-11-15T12:06:03.012+0000][54214.170s][info ][safepoint     ] Total time for which application threads were stopped: 0.0002291 seconds, Stopping threads took: 0.0000447 seconds
[2023-11-15T12:06:04.012+0000][54215.170s][debug][safepoint     ] Safepoint synchronization initiated. (174 threads)
[2023-11-15T12:06:04.012+0000][54215.170s][info ][safepoint     ] Application time: 1.0001138 seconds
[2023-11-15T12:06:04.012+0000][54215.170s][info ][safepoint     ] Entering safepoint region: Cleanup
[2023-11-15T12:06:04.012+0000][54215.170s][info ][safepoint     ] Leaving safepoint region
[2023-11-15T12:06:04.012+0000][54215.170s][info ][safepoint     ] Total time for which application threads were stopped: 0.0002864 seconds, Stopping threads took: 0.0000359 seconds
[2023-11-15T12:06:04.012+0000][54215.170s][debug][safepoint     ] ... found polling page return exception at pc = 0x00007fe180ff1766, stub =0x00007fe17883a800
[2023-11-15T12:06:05.012+0000][54216.170s][debug][safepoint     ] Safepoint synchronization initiated. (174 threads)
[2023-11-15T12:06:05.012+0000][54216.170s][info ][safepoint     ] Application time: 1.0001545 seconds
[2023-11-15T12:06:05.012+0000][54216.170s][info ][safepoint     ] Entering safepoint region: Cleanup
[2023-11-15T12:06:05.013+0000][54216.171s][info ][safepoint     ] Leaving safepoint region
[2023-11-15T12:06:05.013+0000][54216.171s][info ][safepoint     ] Total time for which application threads were stopped: 0.0002332 seconds, Stopping threads took: 0.0000507 seconds
[2023-11-15T12:06:06.013+0000][54217.171s][debug][safepoint     ] Safepoint synchronization initiated. (174 threads)
[2023-11-15T12:06:06.013+0000][54217.171s][info ][safepoint     ] Application time: 1.0001219 seconds
[2023-11-15T12:06:06.013+0000][54217.171s][info ][safepoint     ] Entering safepoint region: Cleanup
[2023-11-15T12:06:06.013+0000][54217.171s][info ][safepoint     ] Leaving safepoint region
[2023-11-15T12:06:06.013+0000][54217.171s][info ][safepoint     ] Total time for which application threads were stopped: 0.0001958 seconds, Stopping threads took: 0.0000374 seconds
[2023-11-15T12:06:07.013+0000][54218.171s][debug][safepoint     ] Safepoint synchronization initiated. (174 threads)
[2023-11-15T12:06:07.013+0000][54218.171s][info ][safepoint     ] Application time: 1.0001423 seconds
[2023-11-15T12:06:07.013+0000][54218.171s][info ][safepoint     ] Entering safepoint region: Cleanup
[2023-11-15T12:06:07.013+0000][54218.171s][info ][safepoint     ] Leaving safepoint region
[2023-11-15T12:06:07.013+0000][54218.171s][info ][safepoint     ] Total time for which application threads were stopped: 0.0002013 seconds, Stopping threads took: 0.0000402 seconds
[2023-11-15T12:06:08.013+0000][54219.171s][debug][safepoint     ] Safepoint synchronization initiated. (174 threads)
[2023-11-15T12:06:08.013+0000][54219.171s][info ][safepoint     ] Application time: 1.0001158 seconds
[2023-11-15T12:06:08.013+0000][54219.172s][info ][safepoint     ] Entering safepoint region: Cleanup
[2023-11-15T12:06:08.014+0000][54219.172s][info ][safepoint     ] Leaving safepoint region
[2023-11-15T12:06:08.014+0000][54219.172s][info ][safepoint     ] Total time for which application threads were stopped: 0.0001736 seconds, Stopping threads took: 0.0000398 seconds
[2023-11-15T12:06:09.014+0000][54220.172s][debug][safepoint     ] Safepoint synchronization initiated. (174 threads)
[2023-11-15T12:06:09.014+0000][54220.172s][info ][safepoint     ] Application time: 1.0001388 seconds
[2023-11-15T12:06:09.014+0000][54220.172s][info ][safepoint     ] Entering safepoint region: Cleanup
[2023-11-15T12:06:09.014+0000][54220.172s][info ][safepoint     ] Leaving safepoint region
[2023-11-15T12:06:09.014+0000][54220.172s][info ][safepoint     ] Total time for which application threads were stopped: 0.0001936 seconds, Stopping threads took: 0.0000362 seconds
[2023-11-15T12:06:10.014+0000][54221.172s][debug][safepoint     ] Safepoint synchronization initiated. (174 threads)
[2023-11-15T12:06:10.014+0000][54221.172s][info ][safepoint     ] Application time: 1.0001376 seconds
[2023-11-15T12:06:10.014+0000][54221.172s][info ][safepoint     ] Entering safepoint region: Cleanup
[2023-11-15T12:06:10.014+0000][54221.173s][info ][safepoint     ] Leaving safepoint region
[2023-11-15T12:06:10.015+0000][54221.173s][info ][safepoint     ] Total time for which application threads were stopped: 0.0002525 seconds, Stopping threads took: 0.0000415 seconds
[2023-11-15T12:06:11.015+0000][54222.173s][debug][safepoint     ] Safepoint synchronization initiated. (174 threads)
[2023-11-15T12:06:11.015+0000][54222.173s][info ][safepoint     ] Application time: 1.0001340 seconds
[2023-11-15T12:06:11.015+0000][54222.173s][info ][safepoint     ] Entering safepoint region: Cleanup
[2023-11-15T12:06:11.015+0000][54222.173s][info ][safepoint     ] Leaving safepoint region
[2023-11-15T12:06:11.015+0000][54222.173s][info ][safepoint     ] Total time for which application threads were stopped: 0.0001834 seconds, Stopping threads took: 0.0000408 seconds
[2023-11-15T12:06:12.015+0000][54223.173s][debug][safepoint     ] Safepoint synchronization initiated. (174 threads)
[2023-11-15T12:06:12.015+0000][54223.173s][info ][safepoint     ] Application time: 1.0001214 seconds
[2023-11-15T12:06:12.015+0000][54223.173s][info ][safepoint     ] Entering safepoint region: Cleanup
[2023-11-15T12:06:12.015+0000][54223.173s][info ][safepoint     ] Leaving safepoint region
[2023-11-15T12:06:12.015+0000][54223.173s][info ][safepoint     ] Total time for which application threads were stopped: 0.0002071 seconds, Stopping threads took: 0.0000396 seconds
[2023-11-15T12:06:13.015+0000][54224.173s][debug][safepoint     ] Safepoint synchronization initiated. (174 threads)
[2023-11-15T12:06:13.015+0000][54224.173s][info ][safepoint     ] Application time: 1.0001163 seconds
[2023-11-15T12:06:13.015+0000][54224.173s][info ][safepoint     ] Entering safepoint region: Cleanup
[2023-11-15T12:06:13.016+0000][54224.174s][info ][safepoint     ] Leaving safepoint region
[2023-11-15T12:06:13.016+0000][54224.174s][info ][safepoint     ] Total time for which application threads were stopped: 0.0002511 seconds, Stopping threads took: 0.0000411 seconds
[2023-11-15T12:06:14.016+0000][54225.174s][debug][safepoint     ] Safepoint synchronization initiated. (174 threads)
[2023-11-15T12:06:14.016+0000][54225.174s][info ][safepoint     ] Application time: 1.0001204 seconds
[2023-11-15T12:06:14.016+0000][54225.174s][info ][safepoint     ] Entering safepoint region: Cleanup
[2023-11-15T12:06:14.016+0000][54225.174s][info ][safepoint     ] Leaving safepoint region
[2023-11-15T12:06:14.016+0000][54225.174s][info ][safepoint     ] Total time for which application threads were stopped: 0.0002189 seconds, Stopping threads took: 0.0000386 seconds
[2023-11-15T12:06:15.016+0000][54226.174s][debug][safepoint     ] Safepoint synchronization initiated. (174 threads)
[2023-11-15T12:06:15.016+0000][54226.174s][info ][safepoint     ] Application time: 1.0001243 seconds
[2023-11-15T12:06:15.016+0000][54226.174s][info ][safepoint     ] Entering safepoint region: Cleanup
[2023-11-15T12:06:15.016+0000][54226.174s][info ][safepoint     ] Leaving safepoint region
[2023-11-15T12:06:15.016+0000][54226.174s][info ][safepoint     ] Total time for which application threads were stopped: 0.0001901 seconds, Stopping threads took: 0.0000375 seconds
[2023-11-15T12:06:16.016+0000][54227.174s][debug][safepoint     ] Safepoint synchronization initiated. (174 threads)
[2023-11-15T12:06:16.016+0000][54227.174s][info ][safepoint     ] Application time: 1.0001472 seconds
[2023-11-15T12:06:16.016+0000][54227.175s][info ][safepoint     ] Entering safepoint region: Cleanup
[2023-11-15T12:06:16.017+0000][54227.175s][info ][safepoint     ] Leaving safepoint region
[2023-11-15T12:06:16.017+0000][54227.175s][info ][safepoint     ] Total time for which application threads were stopped: 0.0001849 seconds, Stopping threads took: 0.0000371 seconds
[2023-11-15T12:06:17.017+0000][54228.175s][debug][safepoint     ] Safepoint synchronization initiated. (174 threads)
[2023-11-15T12:06:17.017+0000][54228.175s][info ][safepoint     ] Application time: 1.0001198 seconds
[2023-11-15T12:06:17.017+0000][54228.175s][info ][safepoint     ] Entering safepoint region: Cleanup
[2023-11-15T12:06:17.017+0000][54228.175s][info ][safepoint     ] Leaving safepoint region
[2023-11-15T12:06:17.017+0000][54228.175s][info ][safepoint     ] Total time for which application threads were stopped: 0.0001704 seconds, Stopping threads took: 0.0000376 seconds
[2023-11-15T12:06:18.017+0000][54229.175s][debug][safepoint     ] Safepoint synchronization initiated. (174 threads)
[2023-11-15T12:06:18.017+0000][54229.175s][info ][safepoint     ] Application time: 1.0001127 seconds
[2023-11-15T12:06:18.017+0000][54229.175s][info ][safepoint     ] Entering safepoint region: Cleanup
[2023-11-15T12:06:18.017+0000][54229.175s][info ][safepoint     ] Leaving safepoint region
[2023-11-15T12:06:18.017+0000][54229.175s][info ][safepoint     ] Total time for which application threads were stopped: 0.0001878 seconds, Stopping threads took: 0.0000392 seconds
[2023-11-15T12:06:19.017+0000][54230.175s][debug][safepoint     ] Safepoint synchronization initiated. (174 threads)
[2023-11-15T12:06:19.017+0000][54230.175s][info ][safepoint     ] Application time: 1.0001138 seconds
[2023-11-15T12:06:19.017+0000][54230.175s][info ][safepoint     ] Entering safepoint region: Cleanup
[2023-11-15T12:06:19.018+0000][54230.176s][info ][safepoint     ] Leaving safepoint region
[2023-11-15T12:06:19.018+0000][54230.176s][info ][safepoint     ] Total time for which application threads were stopped: 0.0001816 seconds, Stopping threads took: 0.0000394 seconds
[2023-11-15T12:06:20.018+0000][54231.176s][debug][safepoint     ] Safepoint synchronization initiated. (174 threads)
[2023-11-15T12:06:20.018+0000][54231.176s][info ][safepoint     ] Application time: 1.0001268 seconds
[2023-11-15T12:06:20.018+0000][54231.176s][info ][safepoint     ] Entering safepoint region: Cleanup
[2023-11-15T12:06:20.018+0000][54231.176s][info ][safepoint     ] Leaving safepoint region
[2023-11-15T12:06:20.018+0000][54231.176s][info ][safepoint     ] Total time for which application threads were stopped: 0.0002238 seconds, Stopping threads took: 0.0000399 seconds
[2023-11-15T12:06:21.018+0000][54232.176s][debug][safepoint     ] Safepoint synchronization initiated. (174 threads)
[2023-11-15T12:06:21.018+0000][54232.176s][info ][safepoint     ] Application time: 1.0001174 seconds
[2023-11-15T12:06:21.018+0000][54232.176s][info ][safepoint     ] Entering safepoint region: Cleanup
[2023-11-15T12:06:21.018+0000][54232.176s][info ][safepoint     ] Leaving safepoint region
[2023-11-15T12:06:21.018+0000][54232.176s][info ][safepoint     ] Total time for which application threads were stopped: 0.0001993 seconds, Stopping threads took: 0.0000469 seconds
[2023-11-15T12:06:22.018+0000][54233.176s][debug][safepoint     ] Safepoint synchronization initiated. (174 threads)
[2023-11-15T12:06:22.018+0000][54233.176s][info ][safepoint     ] Application time: 1.0001196 seconds
[2023-11-15T12:06:22.018+0000][54233.177s][info ][safepoint     ] Entering safepoint region: Cleanup
[2023-11-15T12:06:22.019+0000][54233.177s][info ][safepoint     ] Leaving safepoint region
[2023-11-15T12:06:22.019+0000][54233.177s][info ][safepoint     ] Total time for which application threads were stopped: 0.0001874 seconds, Stopping threads took: 0.0000409 seconds
[2023-11-15T12:06:23.019+0000][54234.177s][debug][safepoint     ] Safepoint synchronization initiated. (174 threads)
[2023-11-15T12:06:23.019+0000][54234.177s][info ][safepoint     ] Application time: 1.0001150 seconds
[2023-11-15T12:06:23.019+0000][54234.177s][info ][safepoint     ] Entering safepoint region: Cleanup
[2023-11-15T12:06:23.019+0000][54234.177s][info ][safepoint     ] Leaving safepoint region
[2023-11-15T12:06:23.019+0000][54234.177s][info ][safepoint     ] Total time for which application threads were stopped: 0.0002373 seconds, Stopping threads took: 0.0000390 seconds
[2023-11-15T12:06:24.019+0000][54235.177s][debug][safepoint     ] Safepoint synchronization initiated. (174 threads)
[2023-11-15T12:06:24.019+0000][54235.177s][info ][safepoint     ] Application time: 1.0001122 seconds
[2023-11-15T12:06:24.019+0000][54235.177s][info ][safepoint     ] Entering safepoint region: Cleanup
[2023-11-15T12:06:24.019+0000][54235.177s][info ][safepoint     ] Leaving safepoint region
[2023-11-15T12:06:24.019+0000][54235.177s][info ][safepoint     ] Total time for which application threads were stopped: 0.0001811 seconds, Stopping threads took: 0.0000390 seconds
[2023-11-15T12:06:25.019+0000][54236.177s][debug][safepoint     ] Safepoint synchronization initiated. (174 threads)
[2023-11-15T12:06:25.023+0000][54236.181s][info ][safepoint     ] Application time: 1.0034289 seconds
[2023-11-15T12:06:25.023+0000][54236.181s][info ][safepoint     ] Entering safepoint region: Cleanup
[2023-11-15T12:06:25.023+0000][54236.182s][info ][safepoint     ] Leaving safepoint region
[2023-11-15T12:06:25.024+0000][54236.182s][info ][safepoint     ] Total time for which application threads were stopped: 0.0007167 seconds, Stopping threads took: 0.0000423 seconds
[2023-11-15T12:06:26.024+0000][54237.182s][debug][safepoint     ] Safepoint synchronization initiated. (174 threads)
[2023-11-15T12:06:26.024+0000][54237.182s][info ][safepoint     ] Application time: 1.0001310 seconds
[2023-11-15T12:06:26.024+0000][54237.182s][info ][safepoint     ] Entering safepoint region: Cleanup
[2023-11-15T12:06:26.024+0000][54237.182s][info ][safepoint     ] Leaving safepoint region
[2023-11-15T12:06:26.024+0000][54237.182s][info ][safepoint     ] Total time for which application threads were stopped: 0.0001878 seconds, Stopping threads took: 0.0000390 seconds
[2023-11-15T12:06:27.024+0000][54238.182s][debug][safepoint     ] Safepoint synchronization initiated. (173 threads)
[2023-11-15T12:06:27.024+0000][54238.182s][info ][safepoint     ] Application time: 1.0001533 seconds
[2023-11-15T12:06:27.024+0000][54238.182s][info ][safepoint     ] Entering safepoint region: Cleanup
[2023-11-15T12:06:27.024+0000][54238.182s][info ][safepoint     ] Leaving safepoint region
[2023-11-15T12:06:27.024+0000][54238.182s][info ][safepoint     ] Total time for which application threads were stopped: 0.0002101 seconds, Stopping threads took: 0.0000373 seconds
[2023-11-15T12:06:28.024+0000][54239.182s][debug][safepoint     ] Safepoint synchronization initiated. (173 threads)
[2023-11-15T12:06:28.024+0000][54239.182s][info ][safepoint     ] Application time: 1.0001170 seconds
[2023-11-15T12:06:28.024+0000][54239.182s][info ][safepoint     ] Entering safepoint region: Cleanup
[2023-11-15T12:06:28.025+0000][54239.183s][info ][safepoint     ] Leaving safepoint region
[2023-11-15T12:06:28.025+0000][54239.183s][info ][safepoint     ] Total time for which application threads were stopped: 0.0001842 seconds, Stopping threads took: 0.0000365 seconds
[2023-11-15T12:06:29.025+0000][54240.183s][debug][safepoint     ] Safepoint synchronization initiated. (173 threads)
[2023-11-15T12:06:29.025+0000][54240.183s][info ][safepoint     ] Application time: 1.0001165 seconds
[2023-11-15T12:06:29.025+0000][54240.183s][info ][safepoint     ] Entering safepoint region: Cleanup
[2023-11-15T12:06:29.025+0000][54240.183s][info ][safepoint     ] Leaving safepoint region
[2023-11-15T12:06:29.025+0000][54240.183s][info ][safepoint     ] Total time for which application threads were stopped: 0.0001806 seconds, Stopping threads took: 0.0000363 seconds
[2023-11-15T12:06:30.025+0000][54241.183s][debug][safepoint     ] Safepoint synchronization initiated. (173 threads)
[2023-11-15T12:06:30.025+0000][54241.183s][info ][safepoint     ] Application time: 1.0001659 seconds
[2023-11-15T12:06:30.025+0000][54241.183s][info ][safepoint     ] Entering safepoint region: Cleanup
[2023-11-15T12:06:30.025+0000][54241.183s][info ][safepoint     ] Leaving safepoint region
[2023-11-15T12:06:30.025+0000][54241.183s][info ][safepoint     ] Total time for which application threads were stopped: 0.0002071 seconds, Stopping threads took: 0.0000473 seconds
[2023-11-15T12:06:31.025+0000][54242.183s][debug][safepoint     ] Safepoint synchronization initiated. (173 threads)
[2023-11-15T12:06:31.025+0000][54242.183s][info ][safepoint     ] Application time: 1.0001144 seconds
[2023-11-15T12:06:31.025+0000][54242.184s][info ][safepoint     ] Entering safepoint region: Cleanup
[2023-11-15T12:06:31.026+0000][54242.184s][info ][safepoint     ] Leaving safepoint region
[2023-11-15T12:06:31.026+0000][54242.184s][info ][safepoint     ] Total time for which application threads were stopped: 0.0002379 seconds, Stopping threads took: 0.0000397 seconds
[2023-11-15T12:06:32.026+0000][54243.184s][debug][safepoint     ] Safepoint synchronization initiated. (173 threads)
[2023-11-15T12:06:32.026+0000][54243.184s][info ][safepoint     ] Application time: 1.0001467 seconds
[2023-11-15T12:06:32.026+0000][54243.184s][info ][safepoint     ] Entering safepoint region: Cleanup
[2023-11-15T12:06:32.026+0000][54243.184s][info ][safepoint     ] Leaving safepoint region
[2023-11-15T12:06:32.026+0000][54243.184s][info ][safepoint     ] Total time for which application threads were stopped: 0.0002637 seconds, Stopping threads took: 0.0000376 seconds
[2023-11-15T12:06:33.026+0000][54244.184s][debug][safepoint     ] Safepoint synchronization initiated. (173 threads)
[2023-11-15T12:06:33.026+0000][54244.184s][info ][safepoint     ] Application time: 1.0001506 seconds
[2023-11-15T12:06:33.026+0000][54244.184s][info ][safepoint     ] Entering safepoint region: Cleanup
[2023-11-15T12:06:33.027+0000][54244.185s][info ][safepoint     ] Leaving safepoint region
[2023-11-15T12:06:33.027+0000][54244.185s][info ][safepoint     ] Total time for which application threads were stopped: 0.0002598 seconds, Stopping threads took: 0.0000366 seconds
[2023-11-15T12:06:34.027+0000][54245.185s][debug][safepoint     ] Safepoint synchronization initiated. (173 threads)
[2023-11-15T12:06:34.027+0000][54245.185s][info ][safepoint     ] Application time: 1.0001352 seconds
[2023-11-15T12:06:34.027+0000][54245.185s][info ][safepoint     ] Entering safepoint region: Cleanup
[2023-11-15T12:06:34.027+0000][54245.185s][info ][safepoint     ] Leaving safepoint region
[2023-11-15T12:06:34.027+0000][54245.185s][info ][safepoint     ] Total time for which application threads were stopped: 0.0002265 seconds, Stopping threads took: 0.0000364 seconds
[2023-11-15T12:06:35.027+0000][54246.185s][debug][safepoint     ] Safepoint synchronization initiated. (173 threads)
[2023-11-15T12:06:35.027+0000][54246.185s][info ][safepoint     ] Application time: 1.0001283 seconds
[2023-11-15T12:06:35.027+0000][54246.185s][info ][safepoint     ] Entering safepoint region: Cleanup
[2023-11-15T12:06:35.027+0000][54246.185s][info ][safepoint     ] Leaving safepoint region
[2023-11-15T12:06:35.027+0000][54246.185s][info ][safepoint     ] Total time for which application threads were stopped: 0.0002304 seconds, Stopping threads took: 0.0000412 seconds
[2023-11-15T12:06:36.027+0000][54247.185s][debug][safepoint     ] Safepoint synchronization initiated. (173 threads)
[2023-11-15T12:06:36.027+0000][54247.186s][info ][safepoint     ] Application time: 1.0001749 seconds
[2023-11-15T12:06:36.028+0000][54247.186s][info ][safepoint     ] Entering safepoint region: Cleanup
[2023-11-15T12:06:36.028+0000][54247.186s][info ][safepoint     ] Leaving safepoint region
[2023-11-15T12:06:36.028+0000][54247.186s][info ][safepoint     ] Total time for which application threads were stopped: 0.0002514 seconds, Stopping threads took: 0.0000446 seconds
[2023-11-15T12:06:37.028+0000][54248.186s][debug][safepoint     ] Safepoint synchronization initiated. (173 threads)
[2023-11-15T12:06:37.028+0000][54248.186s][info ][safepoint     ] Application time: 1.0001311 seconds
[2023-11-15T12:06:37.028+0000][54248.186s][info ][safepoint     ] Entering safepoint region: Cleanup
[2023-11-15T12:06:37.028+0000][54248.186s][info ][safepoint     ] Leaving safepoint region
[2023-11-15T12:06:37.028+0000][54248.186s][info ][safepoint     ] Total time for which application threads were stopped: 0.0002435 seconds, Stopping threads took: 0.0000390 seconds
[2023-11-15T12:06:38.028+0000][54249.186s][debug][safepoint     ] Safepoint synchronization initiated. (173 threads)
[2023-11-15T12:06:38.028+0000][54249.186s][info ][safepoint     ] Application time: 1.0001491 seconds
[2023-11-15T12:06:38.028+0000][54249.186s][info ][safepoint     ] Entering safepoint region: Cleanup
[2023-11-15T12:06:38.029+0000][54249.187s][info ][safepoint     ] Leaving safepoint region
[2023-11-15T12:06:38.029+0000][54249.187s][info ][safepoint     ] Total time for which application threads were stopped: 0.0002594 seconds, Stopping threads took: 0.0000387 seconds
[2023-11-15T12:06:39.029+0000][54250.187s][debug][safepoint     ] Safepoint synchronization initiated. (173 threads)
[2023-11-15T12:06:39.029+0000][54250.187s][info ][safepoint     ] Application time: 1.0001663 seconds
[2023-11-15T12:06:39.029+0000][54250.187s][info ][safepoint     ] Entering safepoint region: Cleanup
[2023-11-15T12:06:39.029+0000][54250.187s][info ][safepoint     ] Leaving safepoint region
[2023-11-15T12:06:39.029+0000][54250.187s][info ][safepoint     ] Total time for which application threads were stopped: 0.0002549 seconds, Stopping threads took: 0.0000350 seconds
[2023-11-15T12:06:40.029+0000][54251.187s][debug][safepoint     ] Safepoint synchronization initiated. (173 threads)
[2023-11-15T12:06:40.029+0000][54251.187s][info ][safepoint     ] Application time: 1.0001666 seconds
[2023-11-15T12:06:40.029+0000][54251.187s][info ][safepoint     ] Entering safepoint region: Cleanup
[2023-11-15T12:06:40.029+0000][54251.187s][info ][safepoint     ] Leaving safepoint region
[2023-11-15T12:06:40.029+0000][54251.187s][info ][safepoint     ] Total time for which application threads were stopped: 0.0002262 seconds, Stopping threads took: 0.0000386 seconds
[2023-11-15T12:06:41.030+0000][54252.188s][debug][safepoint     ] Safepoint synchronization initiated. (173 threads)
[2023-11-15T12:06:41.030+0000][54252.188s][info ][safepoint     ] Application time: 1.0001622 seconds
[2023-11-15T12:06:41.030+0000][54252.188s][info ][safepoint     ] Entering safepoint region: Cleanup
[2023-11-15T12:06:41.030+0000][54252.188s][info ][safepoint     ] Leaving safepoint region
[2023-11-15T12:06:41.030+0000][54252.188s][info ][safepoint     ] Total time for which application threads were stopped: 0.0002291 seconds, Stopping threads took: 0.0000435 seconds
[2023-11-15T12:06:42.030+0000][54253.188s][debug][safepoint     ] Safepoint synchronization initiated. (173 threads)
[2023-11-15T12:06:42.030+0000][54253.188s][info ][safepoint     ] Application time: 1.0001098 seconds
[2023-11-15T12:06:42.030+0000][54253.188s][info ][safepoint     ] Entering safepoint region: Cleanup
[2023-11-15T12:06:42.030+0000][54253.188s][info ][safepoint     ] Leaving safepoint region
[2023-11-15T12:06:42.030+0000][54253.188s][info ][safepoint     ] Total time for which application threads were stopped: 0.0002012 seconds, Stopping threads took: 0.0000372 seconds
[2023-11-15T12:06:43.030+0000][54254.188s][debug][safepoint     ] Safepoint synchronization initiated. (173 threads)
[2023-11-15T12:06:43.030+0000][54254.188s][info ][safepoint     ] Application time: 1.0001379 seconds
[2023-11-15T12:06:43.030+0000][54254.188s][info ][safepoint     ] Entering safepoint region: Cleanup
[2023-11-15T12:06:43.031+0000][54254.189s][info ][safepoint     ] Leaving safepoint region
[2023-11-15T12:06:43.031+0000][54254.189s][info ][safepoint     ] Total time for which application threads were stopped: 0.0002392 seconds, Stopping threads took: 0.0000363 seconds
[2023-11-15T12:06:44.031+0000][54255.189s][debug][safepoint     ] Safepoint synchronization initiated. (173 threads)
[2023-11-15T12:06:44.031+0000][54255.189s][info ][safepoint     ] Application time: 1.0001358 seconds
[2023-11-15T12:06:44.031+0000][54255.189s][info ][safepoint     ] Entering safepoint region: Cleanup
[2023-11-15T12:06:44.031+0000][54255.189s][info ][safepoint     ] Leaving safepoint region
[2023-11-15T12:06:44.031+0000][54255.189s][info ][safepoint     ] Total time for which application threads were stopped: 0.0002361 seconds, Stopping threads took: 0.0000443 seconds
[2023-11-15T12:06:45.031+0000][54256.189s][debug][safepoint     ] Safepoint synchronization initiated. (173 threads)
[2023-11-15T12:06:45.031+0000][54256.189s][info ][safepoint     ] Application time: 1.0001645 seconds
[2023-11-15T12:06:45.031+0000][54256.189s][info ][safepoint     ] Entering safepoint region: Cleanup
[2023-11-15T12:06:45.031+0000][54256.189s][info ][safepoint     ] Leaving safepoint region
[2023-11-15T12:06:45.031+0000][54256.190s][info ][safepoint     ] Total time for which application threads were stopped: 0.0003291 seconds, Stopping threads took: 0.0001401 seconds
[2023-11-15T12:06:46.032+0000][54257.190s][debug][safepoint     ] Safepoint synchronization initiated. (173 threads)
[2023-11-15T12:06:46.032+0000][54257.190s][info ][safepoint     ] Application time: 1.0001435 seconds
[2023-11-15T12:06:46.032+0000][54257.190s][info ][safepoint     ] Entering safepoint region: Cleanup
[2023-11-15T12:06:46.032+0000][54257.190s][info ][safepoint     ] Leaving safepoint region
[2023-11-15T12:06:46.032+0000][54257.190s][info ][safepoint     ] Total time for which application threads were stopped: 0.0002542 seconds, Stopping threads took: 0.0000358 seconds
[2023-11-15T12:06:47.032+0000][54258.190s][debug][safepoint     ] Safepoint synchronization initiated. (173 threads)
[2023-11-15T12:06:47.032+0000][54258.190s][info ][safepoint     ] Application time: 1.0001402 seconds
[2023-11-15T12:06:47.032+0000][54258.190s][info ][safepoint     ] Entering safepoint region: Cleanup
[2023-11-15T12:06:47.032+0000][54258.190s][info ][safepoint     ] Leaving safepoint region
[2023-11-15T12:06:47.032+0000][54258.190s][info ][safepoint     ] Total time for which application threads were stopped: 0.0002738 seconds, Stopping threads took: 0.0000435 seconds
[2023-11-15T12:06:48.032+0000][54259.190s][debug][safepoint     ] Safepoint synchronization initiated. (173 threads)
[2023-11-15T12:06:48.032+0000][54259.191s][info ][safepoint     ] Application time: 1.0001653 seconds
[2023-11-15T12:06:48.033+0000][54259.191s][info ][safepoint     ] Entering safepoint region: Cleanup
[2023-11-15T12:06:48.033+0000][54259.191s][info ][safepoint     ] Leaving safepoint region
[2023-11-15T12:06:48.033+0000][54259.191s][info ][safepoint     ] Total time for which application threads were stopped: 0.0002673 seconds, Stopping threads took: 0.0000496 seconds
[2023-11-15T12:06:49.033+0000][54260.191s][debug][safepoint     ] Safepoint synchronization initiated. (173 threads)
[2023-11-15T12:06:49.033+0000][54260.191s][info ][safepoint     ] Application time: 1.0001577 seconds
[2023-11-15T12:06:49.033+0000][54260.191s][info ][safepoint     ] Entering safepoint region: Cleanup
[2023-11-15T12:06:49.033+0000][54260.191s][info ][safepoint     ] Leaving safepoint region
[2023-11-15T12:06:49.033+0000][54260.191s][info ][safepoint     ] Total time for which application threads were stopped: 0.0002800 seconds, Stopping threads took: 0.0000424 seconds
[2023-11-15T12:06:50.033+0000][54261.191s][debug][safepoint     ] Safepoint synchronization initiated. (173 threads)
[2023-11-15T12:06:50.033+0000][54261.191s][info ][safepoint     ] Application time: 1.0001655 seconds
[2023-11-15T12:06:50.033+0000][54261.192s][info ][safepoint     ] Entering safepoint region: Cleanup
[2023-11-15T12:06:50.034+0000][54261.192s][info ][safepoint     ] Leaving safepoint region
[2023-11-15T12:06:50.034+0000][54261.192s][info ][safepoint     ] Total time for which application threads were stopped: 0.0002077 seconds, Stopping threads took: 0.0000451 seconds
[2023-11-15T12:06:51.034+0000][54262.192s][debug][safepoint     ] Safepoint synchronization initiated. (173 threads)
[2023-11-15T12:06:51.034+0000][54262.192s][info ][safepoint     ] Application time: 1.0001630 seconds
[2023-11-15T12:06:51.034+0000][54262.192s][info ][safepoint     ] Entering safepoint region: Cleanup
[2023-11-15T12:06:51.034+0000][54262.192s][info ][safepoint     ] Leaving safepoint region
[2023-11-15T12:06:51.034+0000][54262.192s][info ][safepoint     ] Total time for which application threads were stopped: 0.0002650 seconds, Stopping threads took: 0.0000374 seconds
[2023-11-15T12:06:52.034+0000][54263.192s][debug][safepoint     ] Safepoint synchronization initiated. (173 threads)
[2023-11-15T12:06:52.034+0000][54263.192s][info ][safepoint     ] Application time: 1.0001340 seconds
[2023-11-15T12:06:52.034+0000][54263.192s][info ][safepoint     ] Entering safepoint region: Cleanup
[2023-11-15T12:06:52.034+0000][54263.193s][info ][safepoint     ] Leaving safepoint region
[2023-11-15T12:06:52.035+0000][54263.193s][info ][safepoint     ] Total time for which application threads were stopped: 0.0002748 seconds, Stopping threads took: 0.0000444 seconds
[2023-11-15T12:06:53.035+0000][54264.193s][debug][safepoint     ] Safepoint synchronization initiated. (173 threads)
[2023-11-15T12:06:53.035+0000][54264.193s][info ][safepoint     ] Application time: 1.0001654 seconds
[2023-11-15T12:06:53.035+0000][54264.193s][info ][safepoint     ] Entering safepoint region: Cleanup
[2023-11-15T12:06:53.035+0000][54264.193s][info ][safepoint     ] Leaving safepoint region
[2023-11-15T12:06:53.035+0000][54264.193s][info ][safepoint     ] Total time for which application threads were stopped: 0.0005414 seconds, Stopping threads took: 0.0003150 seconds
[2023-11-15T12:06:54.035+0000][54265.193s][debug][safepoint     ] Safepoint synchronization initiated. (173 threads)
[2023-11-15T12:06:54.035+0000][54265.193s][info ][safepoint     ] Application time: 1.0001636 seconds
[2023-11-15T12:06:54.035+0000][54265.194s][info ][safepoint     ] Entering safepoint region: Cleanup
[2023-11-15T12:06:54.036+0000][54265.194s][info ][safepoint     ] Leaving safepoint region
[2023-11-15T12:06:54.036+0000][54265.194s][info ][safepoint     ] Total time for which application threads were stopped: 0.0002582 seconds, Stopping threads took: 0.0000596 seconds
[2023-11-15T12:06:55.036+0000][54266.194s][debug][safepoint     ] Safepoint synchronization initiated. (173 threads)
[2023-11-15T12:06:55.036+0000][54266.194s][info ][safepoint     ] Application time: 1.0001410 seconds
[2023-11-15T12:06:55.036+0000][54266.194s][info ][safepoint     ] Entering safepoint region: Cleanup
[2023-11-15T12:06:55.036+0000][54266.194s][info ][safepoint     ] Leaving safepoint region
[2023-11-15T12:06:55.036+0000][54266.194s][info ][safepoint     ] Total time for which application threads were stopped: 0.0002517 seconds, Stopping threads took: 0.0000529 seconds
[2023-11-15T12:06:56.036+0000][54267.194s][debug][safepoint     ] Safepoint synchronization initiated. (173 threads)
[2023-11-15T12:06:56.036+0000][54267.194s][info ][safepoint     ] Application time: 1.0001394 seconds
[2023-11-15T12:06:56.036+0000][54267.194s][info ][safepoint     ] Entering safepoint region: Cleanup
[2023-11-15T12:06:56.036+0000][54267.195s][info ][safepoint     ] Leaving safepoint region
[2023-11-15T12:06:56.036+0000][54267.195s][info ][safepoint     ] Total time for which application threads were stopped: 0.0002024 seconds, Stopping threads took: 0.0000362 seconds
[2023-11-15T12:06:57.037+0000][54268.195s][debug][safepoint     ] Safepoint synchronization initiated. (173 threads)
[2023-11-15T12:06:57.037+0000][54268.195s][info ][safepoint     ] Application time: 1.0001572 seconds
[2023-11-15T12:06:57.037+0000][54268.195s][info ][safepoint     ] Entering safepoint region: Cleanup
[2023-11-15T12:06:57.037+0000][54268.195s][info ][safepoint     ] Leaving safepoint region
[2023-11-15T12:06:57.037+0000][54268.195s][info ][safepoint     ] Total time for which application threads were stopped: 0.0002632 seconds, Stopping threads took: 0.0000366 seconds
[2023-11-15T12:06:58.037+0000][54269.195s][debug][safepoint     ] Safepoint synchronization initiated. (173 threads)
[2023-11-15T12:06:58.037+0000][54269.195s][info ][safepoint     ] Application time: 1.0001601 seconds
[2023-11-15T12:06:58.037+0000][54269.195s][info ][safepoint     ] Entering safepoint region: Cleanup
[2023-11-15T12:06:58.037+0000][54269.195s][info ][safepoint     ] Leaving safepoint region
[2023-11-15T12:06:58.037+0000][54269.195s][info ][safepoint     ] Total time for which application threads were stopped: 0.0002840 seconds, Stopping threads took: 0.0000432 seconds
[2023-11-15T12:06:59.037+0000][54270.196s][debug][safepoint     ] Safepoint synchronization initiated. (173 threads)
[2023-11-15T12:06:59.038+0000][54270.196s][info ][safepoint     ] Application time: 1.0001662 seconds
[2023-11-15T12:06:59.038+0000][54270.196s][info ][safepoint     ] Entering safepoint region: Cleanup
[2023-11-15T12:06:59.038+0000][54270.196s][info ][safepoint     ] Leaving safepoint region
[2023-11-15T12:06:59.038+0000][54270.196s][info ][safepoint     ] Total time for which application threads were stopped: 0.0002752 seconds, Stopping threads took: 0.0000423 seconds
[2023-11-15T12:07:00.038+0000][54271.196s][debug][safepoint     ] Safepoint synchronization initiated. (173 threads)
[2023-11-15T12:07:00.038+0000][54271.196s][info ][safepoint     ] Application time: 1.0001664 seconds
[2023-11-15T12:07:00.038+0000][54271.196s][info ][safepoint     ] Entering safepoint region: Cleanup
[2023-11-15T12:07:00.038+0000][54271.196s][info ][safepoint     ] Leaving safepoint region
[2023-11-15T12:07:00.038+0000][54271.196s][info ][safepoint     ] Total time for which application threads were stopped: 0.0002598 seconds, Stopping threads took: 0.0000350 seconds
[2023-11-15T12:07:01.038+0000][54272.196s][debug][safepoint     ] Safepoint synchronization initiated. (173 threads)
[2023-11-15T12:07:01.038+0000][54272.197s][info ][safepoint     ] Application time: 1.0001655 seconds
[2023-11-15T12:07:01.039+0000][54272.197s][info ][safepoint     ] Entering safepoint region: Cleanup
[2023-11-15T12:07:01.039+0000][54272.197s][info ][safepoint     ] Leaving safepoint region
[2023-11-15T12:07:01.039+0000][54272.197s][info ][safepoint     ] Total time for which application threads were stopped: 0.0002512 seconds, Stopping threads took: 0.0000353 seconds
[2023-11-15T12:07:02.039+0000][54273.197s][debug][safepoint     ] Safepoint synchronization initiated. (173 threads)
[2023-11-15T12:07:02.039+0000][54273.197s][info ][safepoint     ] Application time: 1.0001770 seconds
[2023-11-15T12:07:02.039+0000][54273.197s][info ][safepoint     ] Entering safepoint region: Cleanup
[2023-11-15T12:07:02.039+0000][54273.197s][info ][safepoint     ] Leaving safepoint region
[2023-11-15T12:07:02.039+0000][54273.197s][info ][safepoint     ] Total time for which application threads were stopped: 0.0002461 seconds, Stopping threads took: 0.0000370 seconds
[2023-11-15T12:07:03.039+0000][54274.197s][debug][safepoint     ] Safepoint synchronization initiated. (173 threads)
[2023-11-15T12:07:03.039+0000][54274.197s][info ][safepoint     ] Application time: 1.0001514 seconds
[2023-11-15T12:07:03.039+0000][54274.197s][info ][safepoint     ] Entering safepoint region: Cleanup
[2023-11-15T12:07:03.040+0000][54274.198s][info ][safepoint     ] Leaving safepoint region
[2023-11-15T12:07:03.040+0000][54274.198s][info ][safepoint     ] Total time for which application threads were stopped: 0.0002894 seconds, Stopping threads took: 0.0000429 seconds
[2023-11-15T12:07:04.040+0000][54275.198s][debug][safepoint     ] Safepoint synchronization initiated. (173 threads)
[2023-11-15T12:07:04.040+0000][54275.198s][info ][safepoint     ] Application time: 1.0001428 seconds
[2023-11-15T12:07:04.040+0000][54275.198s][info ][safepoint     ] Entering safepoint region: Cleanup
[2023-11-15T12:07:04.040+0000][54275.198s][info ][safepoint     ] Leaving safepoint region
[2023-11-15T12:07:04.040+0000][54275.198s][info ][safepoint     ] Total time for which application threads were stopped: 0.0002746 seconds, Stopping threads took: 0.0000428 seconds
[2023-11-15T12:07:05.040+0000][54276.198s][debug][safepoint     ] Safepoint synchronization initiated. (173 threads)
[2023-11-15T12:07:05.040+0000][54276.198s][info ][safepoint     ] Application time: 1.0001499 seconds
[2023-11-15T12:07:05.040+0000][54276.198s][info ][safepoint     ] Entering safepoint region: Cleanup
[2023-11-15T12:07:05.041+0000][54276.199s][info ][safepoint     ] Leaving safepoint region
[2023-11-15T12:07:05.041+0000][54276.199s][info ][safepoint     ] Total time for which application threads were stopped: 0.0003977 seconds, Stopping threads took: 0.0001675 seconds
[2023-11-15T12:07:06.041+0000][54277.199s][debug][safepoint     ] Safepoint synchronization initiated. (173 threads)
[2023-11-15T12:07:06.041+0000][54277.199s][info ][safepoint     ] Application time: 1.0001710 seconds
[2023-11-15T12:07:06.041+0000][54277.199s][info ][safepoint     ] Entering safepoint region: Cleanup
[2023-11-15T12:07:06.041+0000][54277.199s][info ][safepoint     ] Leaving safepoint region
[2023-11-15T12:07:06.041+0000][54277.199s][info ][safepoint     ] Total time for which application threads were stopped: 0.0001772 seconds, Stopping threads took: 0.0000356 seconds
[2023-11-15T12:07:07.041+0000][54278.199s][debug][safepoint     ] Safepoint synchronization initiated. (174 threads)
[2023-11-15T12:07:07.041+0000][54278.199s][info ][safepoint     ] Application time: 1.0001449 seconds
[2023-11-15T12:07:07.041+0000][54278.199s][info ][safepoint     ] Entering safepoint region: Cleanup
[2023-11-15T12:07:07.041+0000][54278.200s][info ][safepoint     ] Leaving safepoint region
[2023-11-15T12:07:07.041+0000][54278.200s][info ][safepoint     ] Total time for which application threads were stopped: 0.0002713 seconds, Stopping threads took: 0.0000419 seconds
[2023-11-15T12:07:08.042+0000][54279.200s][debug][safepoint     ] Safepoint synchronization initiated. (174 threads)
[2023-11-15T12:07:08.042+0000][54279.200s][info ][safepoint     ] Application time: 1.0001583 seconds
[2023-11-15T12:07:08.042+0000][54279.200s][info ][safepoint     ] Entering safepoint region: Cleanup
[2023-11-15T12:07:08.042+0000][54279.200s][info ][safepoint     ] Leaving safepoint region
[2023-11-15T12:07:08.042+0000][54279.200s][info ][safepoint     ] Total time for which application threads were stopped: 0.0001759 seconds, Stopping threads took: 0.0000359 seconds
[2023-11-15T12:07:09.042+0000][54280.200s][debug][safepoint     ] Safepoint synchronization initiated. (174 threads)
[2023-11-15T12:07:09.042+0000][54280.200s][info ][safepoint     ] Application time: 1.0001221 seconds
[2023-11-15T12:07:09.042+0000][54280.200s][info ][safepoint     ] Entering safepoint region: Cleanup
[2023-11-15T12:07:09.042+0000][54280.200s][info ][safepoint     ] Leaving safepoint region
[2023-11-15T12:07:09.042+0000][54280.200s][info ][safepoint     ] Total time for which application threads were stopped: 0.0001676 seconds, Stopping threads took: 0.0000360 seconds
[2023-11-15T12:07:10.042+0000][54281.200s][debug][safepoint     ] Safepoint synchronization initiated. (174 threads)
[2023-11-15T12:07:10.042+0000][54281.200s][info ][safepoint     ] Application time: 1.0001677 seconds
[2023-11-15T12:07:10.042+0000][54281.200s][info ][safepoint     ] Entering safepoint region: Cleanup
[2023-11-15T12:07:10.043+0000][54281.201s][info ][safepoint     ] Leaving safepoint region
[2023-11-15T12:07:10.043+0000][54281.201s][info ][safepoint     ] Total time for which application threads were stopped: 0.0004426 seconds, Stopping threads took: 0.0002811 seconds
[2023-11-15T12:07:11.043+0000][54282.201s][debug][safepoint     ] Safepoint synchronization initiated. (174 threads)
[2023-11-15T12:07:11.043+0000][54282.201s][info ][safepoint     ] Application time: 1.0001675 seconds
[2023-11-15T12:07:11.043+0000][54282.201s][info ][safepoint     ] Entering safepoint region: Cleanup
[2023-11-15T12:07:11.043+0000][54282.201s][info ][safepoint     ] Leaving safepoint region
[2023-11-15T12:07:11.043+0000][54282.201s][info ][safepoint     ] Total time for which application threads were stopped: 0.0002263 seconds, Stopping threads took: 0.0000439 seconds
[2023-11-15T12:07:12.043+0000][54283.201s][debug][safepoint     ] Safepoint synchronization initiated. (174 threads)
[2023-11-15T12:07:12.043+0000][54283.201s][info ][safepoint     ] Application time: 1.0001455 seconds
[2023-11-15T12:07:12.043+0000][54283.202s][info ][safepoint     ] Entering safepoint region: Cleanup
[2023-11-15T12:07:12.044+0000][54283.202s][info ][safepoint     ] Leaving safepoint region
[2023-11-15T12:07:12.044+0000][54283.202s][info ][safepoint     ] Total time for which application threads were stopped: 0.0002956 seconds, Stopping threads took: 0.0000626 seconds
[2023-11-15T12:07:13.044+0000][54284.202s][debug][safepoint     ] Safepoint synchronization initiated. (174 threads)
[2023-11-15T12:07:13.044+0000][54284.202s][info ][safepoint     ] Application time: 1.0001508 seconds
[2023-11-15T12:07:13.044+0000][54284.202s][info ][safepoint     ] Entering safepoint region: Cleanup
[2023-11-15T12:07:13.044+0000][54284.202s][info ][safepoint     ] Leaving safepoint region
[2023-11-15T12:07:13.044+0000][54284.202s][info ][safepoint     ] Total time for which application threads were stopped: 0.0001761 seconds, Stopping threads took: 0.0000350 seconds
[2023-11-15T12:07:14.044+0000][54285.202s][debug][safepoint     ] Safepoint synchronization initiated. (174 threads)
[2023-11-15T12:07:14.044+0000][54285.202s][info ][safepoint     ] Application time: 1.0001512 seconds
[2023-11-15T12:07:14.044+0000][54285.202s][info ][safepoint     ] Entering safepoint region: Cleanup
[2023-11-15T12:07:14.044+0000][54285.203s][info ][safepoint     ] Leaving safepoint region
[2023-11-15T12:07:14.044+0000][54285.203s][info ][safepoint     ] Total time for which application threads were stopped: 0.0002468 seconds, Stopping threads took: 0.0000352 seconds
[2023-11-15T12:07:15.045+0000][54286.203s][debug][safepoint     ] Safepoint synchronization initiated. (174 threads)
[2023-11-15T12:07:15.045+0000][54286.203s][info ][safepoint     ] Application time: 1.0001690 seconds
[2023-11-15T12:07:15.045+0000][54286.203s][info ][safepoint     ] Entering safepoint region: Cleanup
[2023-11-15T12:07:15.045+0000][54286.203s][info ][safepoint     ] Leaving safepoint region
[2023-11-15T12:07:15.045+0000][54286.203s][info ][safepoint     ] Total time for which application threads were stopped: 0.0002530 seconds, Stopping threads took: 0.0000497 seconds
[2023-11-15T12:07:16.045+0000][54287.203s][debug][safepoint     ] Safepoint synchronization initiated. (174 threads)
[2023-11-15T12:07:16.045+0000][54287.203s][info ][safepoint     ] Application time: 1.0001758 seconds
[2023-11-15T12:07:16.045+0000][54287.203s][info ][safepoint     ] Entering safepoint region: Cleanup
[2023-11-15T12:07:16.045+0000][54287.203s][info ][safepoint     ] Leaving safepoint region
[2023-11-15T12:07:16.045+0000][54287.203s][info ][safepoint     ] Total time for which application threads were stopped: 0.0002561 seconds, Stopping threads took: 0.0000360 seconds
[2023-11-15T12:07:17.045+0000][54288.204s][debug][safepoint     ] Safepoint synchronization initiated. (174 threads)
[2023-11-15T12:07:17.046+0000][54288.204s][info ][safepoint     ] Application time: 1.0001536 seconds
[2023-11-15T12:07:17.046+0000][54288.204s][info ][safepoint     ] Entering safepoint region: Cleanup
[2023-11-15T12:07:17.046+0000][54288.204s][info ][safepoint     ] Leaving safepoint region
[2023-11-15T12:07:17.046+0000][54288.204s][info ][safepoint     ] Total time for which application threads were stopped: 0.0001755 seconds, Stopping threads took: 0.0000364 seconds
[2023-11-15T12:07:18.046+0000][54289.204s][debug][safepoint     ] Safepoint synchronization initiated. (174 threads)
[2023-11-15T12:07:18.046+0000][54289.204s][info ][safepoint     ] Application time: 1.0001479 seconds
[2023-11-15T12:07:18.046+0000][54289.204s][info ][safepoint     ] Entering safepoint region: Cleanup
[2023-11-15T12:07:18.046+0000][54289.204s][info ][safepoint     ] Leaving safepoint region
[2023-11-15T12:07:18.046+0000][54289.204s][info ][safepoint     ] Total time for which application threads were stopped: 0.0002198 seconds, Stopping threads took: 0.0000422 seconds
[2023-11-15T12:07:19.046+0000][54290.204s][debug][safepoint     ] Safepoint synchronization initiated. (174 threads)
[2023-11-15T12:07:19.046+0000][54290.204s][info ][safepoint     ] Application time: 1.0001521 seconds
[2023-11-15T12:07:19.046+0000][54290.204s][info ][safepoint     ] Entering safepoint region: Cleanup
[2023-11-15T12:07:19.046+0000][54290.205s][info ][safepoint     ] Leaving safepoint region
[2023-11-15T12:07:19.046+0000][54290.205s][info ][safepoint     ] Total time for which application threads were stopped: 0.0001859 seconds, Stopping threads took: 0.0000440 seconds
[2023-11-15T12:07:20.047+0000][54291.205s][debug][safepoint     ] Safepoint synchronization initiated. (174 threads)
[2023-11-15T12:07:20.047+0000][54291.205s][info ][safepoint     ] Application time: 1.0001673 seconds
[2023-11-15T12:07:20.047+0000][54291.205s][info ][safepoint     ] Entering safepoint region: Cleanup
[2023-11-15T12:07:20.047+0000][54291.205s][info ][safepoint     ] Leaving safepoint region
[2023-11-15T12:07:20.047+0000][54291.205s][info ][safepoint     ] Total time for which application threads were stopped: 0.0003542 seconds, Stopping threads took: 0.0001609 seconds
[2023-11-15T12:07:21.047+0000][54292.205s][debug][safepoint     ] Safepoint synchronization initiated. (174 threads)
[2023-11-15T12:07:21.047+0000][54292.205s][info ][safepoint     ] Application time: 1.0001156 seconds
[2023-11-15T12:07:21.047+0000][54292.205s][info ][safepoint     ] Entering safepoint region: Cleanup
[2023-11-15T12:07:21.047+0000][54292.205s][info ][safepoint     ] Leaving safepoint region
[2023-11-15T12:07:21.047+0000][54292.205s][info ][safepoint     ] Total time for which application threads were stopped: 0.0001744 seconds, Stopping threads took: 0.0000360 seconds
[2023-11-15T12:07:22.047+0000][54293.205s][debug][safepoint     ] Safepoint synchronization initiated. (174 threads)
[2023-11-15T12:07:22.047+0000][54293.206s][info ][safepoint     ] Application time: 1.0001582 seconds
[2023-11-15T12:07:22.048+0000][54293.206s][info ][safepoint     ] Entering safepoint region: Cleanup
[2023-11-15T12:07:22.048+0000][54293.206s][info ][safepoint     ] Leaving safepoint region
[2023-11-15T12:07:22.048+0000][54293.206s][info ][safepoint     ] Total time for which application threads were stopped: 0.0001682 seconds, Stopping threads took: 0.0000363 seconds
[2023-11-15T12:07:23.048+0000][54294.206s][debug][safepoint     ] Safepoint synchronization initiated. (174 threads)
[2023-11-15T12:07:23.048+0000][54294.206s][info ][safepoint     ] Application time: 1.0001572 seconds
[2023-11-15T12:07:23.048+0000][54294.206s][info ][safepoint     ] Entering safepoint region: Cleanup
[2023-11-15T12:07:23.048+0000][54294.206s][info ][safepoint     ] Leaving safepoint region
[2023-11-15T12:07:23.048+0000][54294.206s][info ][safepoint     ] Total time for which application threads were stopped: 0.0002600 seconds, Stopping threads took: 0.0000364 seconds
[2023-11-15T12:07:24.048+0000][54295.206s][debug][safepoint     ] Safepoint synchronization initiated. (174 threads)
[2023-11-15T12:07:24.048+0000][54295.206s][info ][safepoint     ] Application time: 1.0001512 seconds
[2023-11-15T12:07:24.048+0000][54295.206s][info ][safepoint     ] Entering safepoint region: Cleanup
[2023-11-15T12:07:24.048+0000][54295.207s][info ][safepoint     ] Leaving safepoint region
[2023-11-15T12:07:24.049+0000][54295.207s][info ][safepoint     ] Total time for which application threads were stopped: 0.0002414 seconds, Stopping threads took: 0.0000352 seconds
[2023-11-15T12:07:25.049+0000][54296.207s][debug][safepoint     ] Safepoint synchronization initiated. (174 threads)
[2023-11-15T12:07:25.049+0000][54296.207s][info ][safepoint     ] Application time: 1.0002056 seconds
[2023-11-15T12:07:25.049+0000][54296.207s][info ][safepoint     ] Entering safepoint region: Cleanup
[2023-11-15T12:07:25.049+0000][54296.207s][info ][safepoint     ] Leaving safepoint region
[2023-11-15T12:07:25.049+0000][54296.207s][info ][safepoint     ] Total time for which application threads were stopped: 0.0003204 seconds, Stopping threads took: 0.0000624 seconds
[2023-11-15T12:07:26.049+0000][54297.208s][debug][safepoint     ] Safepoint synchronization initiated. (174 threads)
[2023-11-15T12:07:26.050+0000][54297.208s][info ][safepoint     ] Application time: 1.0001430 seconds
[2023-11-15T12:07:26.050+0000][54297.208s][info ][safepoint     ] Entering safepoint region: Cleanup
[2023-11-15T12:07:26.050+0000][54297.208s][info ][safepoint     ] Leaving safepoint region
[2023-11-15T12:07:26.050+0000][54297.208s][info ][safepoint     ] Total time for which application threads were stopped: 0.0001791 seconds, Stopping threads took: 0.0000351 seconds
[2023-11-15T12:07:27.050+0000][54298.208s][debug][safepoint     ] Safepoint synchronization initiated. (174 threads)
[2023-11-15T12:07:27.050+0000][54298.208s][info ][safepoint     ] Application time: 1.0001472 seconds
[2023-11-15T12:07:27.050+0000][54298.208s][info ][safepoint     ] Entering safepoint region: Cleanup
[2023-11-15T12:07:27.050+0000][54298.208s][info ][safepoint     ] Leaving safepoint region
[2023-11-15T12:07:27.050+0000][54298.208s][info ][safepoint     ] Total time for which application threads were stopped: 0.0002808 seconds, Stopping threads took: 0.0000431 seconds
[2023-11-15T12:07:28.050+0000][54299.208s][debug][safepoint     ] Safepoint synchronization initiated. (174 threads)
[2023-11-15T12:07:28.050+0000][54299.208s][info ][safepoint     ] Application time: 1.0001624 seconds
[2023-11-15T12:07:28.050+0000][54299.208s][info ][safepoint     ] Entering safepoint region: Cleanup
[2023-11-15T12:07:28.051+0000][54299.209s][info ][safepoint     ] Leaving safepoint region
[2023-11-15T12:07:28.051+0000][54299.209s][info ][safepoint     ] Total time for which application threads were stopped: 0.0002568 seconds, Stopping threads took: 0.0000351 seconds
[2023-11-15T12:07:29.051+0000][54300.209s][debug][safepoint     ] Safepoint synchronization initiated. (174 threads)
[2023-11-15T12:07:29.051+0000][54300.209s][info ][safepoint     ] Application time: 1.0001485 seconds
[2023-11-15T12:07:29.051+0000][54300.209s][info ][safepoint     ] Entering safepoint region: Cleanup
[2023-11-15T12:07:29.051+0000][54300.209s][info ][safepoint     ] Leaving safepoint region
[2023-11-15T12:07:29.051+0000][54300.209s][info ][safepoint     ] Total time for which application threads were stopped: 0.0001989 seconds, Stopping threads took: 0.0000437 seconds
[2023-11-15T12:07:30.051+0000][54301.209s][debug][safepoint     ] Safepoint synchronization initiated. (174 threads)
[2023-11-15T12:07:30.051+0000][54301.209s][info ][safepoint     ] Application time: 1.0001652 seconds
[2023-11-15T12:07:30.051+0000][54301.209s][info ][safepoint     ] Entering safepoint region: Cleanup
[2023-11-15T12:07:30.051+0000][54301.209s][info ][safepoint     ] Leaving safepoint region
[2023-11-15T12:07:30.051+0000][54301.210s][info ][safepoint     ] Total time for which application threads were stopped: 0.0002893 seconds, Stopping threads took: 0.0000445 seconds
[2023-11-15T12:07:31.052+0000][54302.210s][debug][safepoint     ] Safepoint synchronization initiated. (174 threads)
[2023-11-15T12:07:31.052+0000][54302.210s][info ][safepoint     ] Application time: 1.0001531 seconds
[2023-11-15T12:07:31.052+0000][54302.210s][info ][safepoint     ] Entering safepoint region: Cleanup
[2023-11-15T12:07:31.052+0000][54302.210s][info ][safepoint     ] Leaving safepoint region
[2023-11-15T12:07:31.052+0000][54302.210s][info ][safepoint     ] Total time for which application threads were stopped: 0.0001720 seconds, Stopping threads took: 0.0000361 seconds
[2023-11-15T12:07:32.052+0000][54303.210s][debug][safepoint     ] Safepoint synchronization initiated. (174 threads)
[2023-11-15T12:07:32.052+0000][54303.210s][info ][safepoint     ] Application time: 1.0001598 seconds
[2023-11-15T12:07:32.052+0000][54303.210s][info ][safepoint     ] Entering safepoint region: Cleanup
[2023-11-15T12:07:32.052+0000][54303.210s][info ][safepoint     ] Leaving safepoint region
[2023-11-15T12:07:32.052+0000][54303.210s][info ][safepoint     ] Total time for which application threads were stopped: 0.0002223 seconds, Stopping threads took: 0.0000365 seconds
[2023-11-15T12:07:33.052+0000][54304.210s][debug][safepoint     ] Safepoint synchronization initiated. (174 threads)
[2023-11-15T12:07:33.052+0000][54304.210s][info ][safepoint     ] Application time: 1.0001484 seconds
[2023-11-15T12:07:33.052+0000][54304.210s][info ][safepoint     ] Entering safepoint region: Cleanup
[2023-11-15T12:07:33.053+0000][54304.211s][info ][safepoint     ] Leaving safepoint region
[2023-11-15T12:07:33.053+0000][54304.211s][info ][safepoint     ] Total time for which application threads were stopped: 0.0003530 seconds, Stopping threads took: 0.0000353 seconds
[2023-11-15T12:07:34.053+0000][54305.211s][debug][safepoint     ] Safepoint synchronization initiated. (174 threads)
[2023-11-15T12:07:34.053+0000][54305.211s][info ][safepoint     ] Application time: 1.0001734 seconds
[2023-11-15T12:07:34.053+0000][54305.211s][info ][safepoint     ] Entering safepoint region: Cleanup
[2023-11-15T12:07:34.053+0000][54305.211s][info ][safepoint     ] Leaving safepoint region
[2023-11-15T12:07:34.053+0000][54305.211s][info ][safepoint     ] Total time for which application threads were stopped: 0.0001772 seconds, Stopping threads took: 0.0000350 seconds
[2023-11-15T12:07:35.053+0000][54306.211s][debug][safepoint     ] Safepoint synchronization initiated. (174 threads)
[2023-11-15T12:07:35.053+0000][54306.211s][info ][safepoint     ] Application time: 1.0000918 seconds
[2023-11-15T12:07:35.053+0000][54306.211s][info ][safepoint     ] Entering safepoint region: Cleanup
[2023-11-15T12:07:35.054+0000][54306.212s][info ][safepoint     ] Leaving safepoint region
[2023-11-15T12:07:35.054+0000][54306.212s][info ][safepoint     ] Total time for which application threads were stopped: 0.0004227 seconds, Stopping threads took: 0.0002674 seconds
[2023-11-15T12:07:35.054+0000][54306.212s][debug][safepoint     ] ... found polling page return exception at pc = 0x00007fe180ff1766, stub =0x00007fe17883a800
[2023-11-15T12:07:35.054+0000][54306.212s][debug][safepoint     ] ... found polling page return exception at pc = 0x00007fe180ff1766, stub =0x00007fe17883a800
[2023-11-15T12:07:35.054+0000][54306.212s][debug][safepoint     ] ... found polling page return exception at pc = 0x00007fe180ff1766, stub =0x00007fe17883a800
[2023-11-15T12:07:36.054+0000][54307.212s][debug][safepoint     ] Safepoint synchronization initiated. (174 threads)
[2023-11-15T12:07:36.054+0000][54307.212s][info ][safepoint     ] Application time: 1.0001930 seconds
[2023-11-15T12:07:36.054+0000][54307.212s][info ][safepoint     ] Entering safepoint region: Cleanup
[2023-11-15T12:07:36.054+0000][54307.212s][info ][safepoint     ] Leaving safepoint region
[2023-11-15T12:07:36.054+0000][54307.212s][info ][safepoint     ] Total time for which application threads were stopped: 0.0003620 seconds, Stopping threads took: 0.0000535 seconds
[2023-11-15T12:07:37.054+0000][54308.212s][debug][safepoint     ] Safepoint synchronization initiated. (174 threads)
[2023-11-15T12:07:37.054+0000][54308.212s][info ][safepoint     ] Application time: 1.0001750 seconds
[2023-11-15T12:07:37.054+0000][54308.213s][info ][safepoint     ] Entering safepoint region: Cleanup
[2023-11-15T12:07:37.055+0000][54308.213s][info ][safepoint     ] Leaving safepoint region
[2023-11-15T12:07:37.055+0000][54308.213s][info ][safepoint     ] Total time for which application threads were stopped: 0.0003075 seconds, Stopping threads took: 0.0000535 seconds
[2023-11-15T12:07:38.055+0000][54309.213s][debug][safepoint     ] Safepoint synchronization initiated. (174 threads)
[2023-11-15T12:07:38.055+0000][54309.213s][info ][safepoint     ] Application time: 1.0001589 seconds
[2023-11-15T12:07:38.055+0000][54309.213s][info ][safepoint     ] Entering safepoint region: Cleanup
[2023-11-15T12:07:38.055+0000][54309.213s][info ][safepoint     ] Leaving safepoint region
[2023-11-15T12:07:38.055+0000][54309.213s][info ][safepoint     ] Total time for which application threads were stopped: 0.0003548 seconds, Stopping threads took: 0.0000434 seconds
[2023-11-15T12:07:39.055+0000][54310.214s][debug][safepoint     ] Safepoint synchronization initiated. (174 threads)
[2023-11-15T12:07:39.056+0000][54310.214s][info ][safepoint     ] Application time: 1.0001912 seconds
[2023-11-15T12:07:39.056+0000][54310.214s][info ][safepoint     ] Entering safepoint region: Cleanup
[2023-11-15T12:07:39.056+0000][54310.214s][info ][safepoint     ] Leaving safepoint region
[2023-11-15T12:07:39.056+0000][54310.214s][info ][safepoint     ] Total time for which application threads were stopped: 0.0003834 seconds, Stopping threads took: 0.0000539 seconds
[2023-11-15T12:07:40.056+0000][54311.214s][debug][safepoint     ] Safepoint synchronization initiated. (174 threads)
[2023-11-15T12:07:40.056+0000][54311.214s][info ][safepoint     ] Application time: 1.0001466 seconds
[2023-11-15T12:07:40.056+0000][54311.214s][info ][safepoint     ] Entering safepoint region: Cleanup
[2023-11-15T12:07:40.056+0000][54311.215s][info ][safepoint     ] Leaving safepoint region
[2023-11-15T12:07:40.057+0000][54311.215s][info ][safepoint     ] Total time for which application threads were stopped: 0.0004433 seconds, Stopping threads took: 0.0001925 seconds
[2023-11-15T12:07:41.057+0000][54312.215s][debug][safepoint     ] Safepoint synchronization initiated. (174 threads)
[2023-11-15T12:07:41.057+0000][54312.215s][info ][safepoint     ] Application time: 1.0001686 seconds
[2023-11-15T12:07:41.057+0000][54312.215s][info ][safepoint     ] Entering safepoint region: Cleanup
[2023-11-15T12:07:41.057+0000][54312.215s][info ][safepoint     ] Leaving safepoint region
[2023-11-15T12:07:41.057+0000][54312.215s][info ][safepoint     ] Total time for which application threads were stopped: 0.0003621 seconds, Stopping threads took: 0.0000531 seconds
[2023-11-15T12:07:42.057+0000][54313.215s][debug][safepoint     ] Safepoint synchronization initiated. (174 threads)
[2023-11-15T12:07:42.057+0000][54313.215s][info ][safepoint     ] Application time: 1.0001649 seconds
[2023-11-15T12:07:42.057+0000][54313.215s][info ][safepoint     ] Entering safepoint region: Cleanup
[2023-11-15T12:07:42.058+0000][54313.216s][info ][safepoint     ] Leaving safepoint region
[2023-11-15T12:07:42.058+0000][54313.216s][info ][safepoint     ] Total time for which application threads were stopped: 0.0003611 seconds, Stopping threads took: 0.0000539 seconds
[2023-11-15T12:07:43.058+0000][54314.216s][debug][safepoint     ] Safepoint synchronization initiated. (174 threads)
[2023-11-15T12:07:43.058+0000][54314.216s][info ][safepoint     ] Application time: 1.0001780 seconds
[2023-11-15T12:07:43.058+0000][54314.216s][info ][safepoint     ] Entering safepoint region: Cleanup
[2023-11-15T12:07:43.058+0000][54314.216s][info ][safepoint     ] Leaving safepoint region
[2023-11-15T12:07:43.058+0000][54314.216s][info ][safepoint     ] Total time for which application threads were stopped: 0.0003359 seconds, Stopping threads took: 0.0000362 seconds
[2023-11-15T12:07:44.058+0000][54315.216s][debug][safepoint     ] Safepoint synchronization initiated. (174 threads)
[2023-11-15T12:07:44.058+0000][54315.216s][info ][safepoint     ] Application time: 1.0001671 seconds
[2023-11-15T12:07:44.058+0000][54315.216s][info ][safepoint     ] Entering safepoint region: Cleanup
[2023-11-15T12:07:44.059+0000][54315.217s][info ][safepoint     ] Leaving safepoint region
[2023-11-15T12:07:44.059+0000][54315.217s][info ][safepoint     ] Total time for which application threads were stopped: 0.0003209 seconds, Stopping threads took: 0.0000542 seconds
[2023-11-15T12:07:45.059+0000][54316.217s][debug][safepoint     ] Safepoint synchronization initiated. (174 threads)
[2023-11-15T12:07:45.059+0000][54316.217s][info ][safepoint     ] Application time: 1.0001740 seconds
[2023-11-15T12:07:45.059+0000][54316.217s][info ][safepoint     ] Entering safepoint region: Cleanup
[2023-11-15T12:07:45.059+0000][54316.217s][info ][safepoint     ] Leaving safepoint region
[2023-11-15T12:07:45.059+0000][54316.218s][info ][safepoint     ] Total time for which application threads were stopped: 0.0005194 seconds, Stopping threads took: 0.0002118 seconds
[2023-11-15T12:07:46.060+0000][54317.218s][debug][safepoint     ] Safepoint synchronization initiated. (174 threads)
[2023-11-15T12:07:46.060+0000][54317.218s][info ][safepoint     ] Application time: 1.0001395 seconds
[2023-11-15T12:07:46.060+0000][54317.218s][info ][safepoint     ] Entering safepoint region: Cleanup
[2023-11-15T12:07:46.060+0000][54317.218s][info ][safepoint     ] Leaving safepoint region
[2023-11-15T12:07:46.060+0000][54317.218s][info ][safepoint     ] Total time for which application threads were stopped: 0.0002710 seconds, Stopping threads took: 0.0000429 seconds
[2023-11-15T12:07:47.060+0000][54318.218s][debug][safepoint     ] Safepoint synchronization initiated. (174 threads)
[2023-11-15T12:07:47.060+0000][54318.218s][info ][safepoint     ] Application time: 1.0001325 seconds
[2023-11-15T12:07:47.060+0000][54318.218s][info ][safepoint     ] Entering safepoint region: Cleanup
[2023-11-15T12:07:47.060+0000][54318.218s][info ][safepoint     ] Leaving safepoint region
[2023-11-15T12:07:47.060+0000][54318.218s][info ][safepoint     ] Total time for which application threads were stopped: 0.0001851 seconds, Stopping threads took: 0.0000354 seconds
[2023-11-15T12:07:48.060+0000][54319.218s][debug][safepoint     ] Safepoint synchronization initiated. (174 threads)
[2023-11-15T12:07:48.060+0000][54319.218s][info ][safepoint     ] Application time: 1.0001272 seconds
[2023-11-15T12:07:48.060+0000][54319.218s][info ][safepoint     ] Entering safepoint region: Cleanup
[2023-11-15T12:07:48.061+0000][54319.219s][info ][safepoint     ] Leaving safepoint region
[2023-11-15T12:07:48.061+0000][54319.219s][info ][safepoint     ] Total time for which application threads were stopped: 0.0002617 seconds, Stopping threads took: 0.0000391 seconds
[2023-11-15T12:07:49.061+0000][54320.219s][debug][safepoint     ] Safepoint synchronization initiated. (174 threads)
[2023-11-15T12:07:49.061+0000][54320.219s][info ][safepoint     ] Application time: 1.0001554 seconds
[2023-11-15T12:07:49.061+0000][54320.219s][info ][safepoint     ] Entering safepoint region: Cleanup
[2023-11-15T12:07:49.061+0000][54320.219s][info ][safepoint     ] Leaving safepoint region
[2023-11-15T12:07:49.061+0000][54320.219s][info ][safepoint     ] Total time for which application threads were stopped: 0.0002598 seconds, Stopping threads took: 0.0000360 seconds
[2023-11-15T12:07:50.061+0000][54321.219s][debug][safepoint     ] Safepoint synchronization initiated. (174 threads)
[2023-11-15T12:07:50.061+0000][54321.219s][info ][safepoint     ] Application time: 1.0001658 seconds
[2023-11-15T12:07:50.061+0000][54321.219s][info ][safepoint     ] Entering safepoint region: Cleanup
[2023-11-15T12:07:50.061+0000][54321.220s][info ][safepoint     ] Leaving safepoint region
[2023-11-15T12:07:50.061+0000][54321.220s][info ][safepoint     ] Total time for which application threads were stopped: 0.0001848 seconds, Stopping threads took: 0.0000460 seconds
[2023-11-15T12:07:51.062+0000][54322.220s][debug][safepoint     ] Safepoint synchronization initiated. (174 threads)
[2023-11-15T12:07:51.062+0000][54322.220s][info ][safepoint     ] Application time: 1.0001653 seconds
[2023-11-15T12:07:51.062+0000][54322.220s][info ][safepoint     ] Entering safepoint region: Cleanup
[2023-11-15T12:07:51.062+0000][54322.220s][info ][safepoint     ] Leaving safepoint region
[2023-11-15T12:07:51.062+0000][54322.220s][info ][safepoint     ] Total time for which application threads were stopped: 0.0003861 seconds, Stopping threads took: 0.0000541 seconds
[2023-11-15T12:07:52.062+0000][54323.220s][debug][safepoint     ] Safepoint synchronization initiated. (174 threads)
[2023-11-15T12:07:52.062+0000][54323.220s][info ][safepoint     ] Application time: 1.0001751 seconds
[2023-11-15T12:07:52.062+0000][54323.220s][info ][safepoint     ] Entering safepoint region: Cleanup
[2023-11-15T12:07:52.063+0000][54323.221s][info ][safepoint     ] Leaving safepoint region
[2023-11-15T12:07:52.063+0000][54323.221s][info ][safepoint     ] Total time for which application threads were stopped: 0.0002578 seconds, Stopping threads took: 0.0000356 seconds
[2023-11-15T12:07:53.063+0000][54324.221s][debug][safepoint     ] Safepoint synchronization initiated. (174 threads)
[2023-11-15T12:07:53.063+0000][54324.221s][info ][safepoint     ] Application time: 1.0001696 seconds
[2023-11-15T12:07:53.063+0000][54324.221s][info ][safepoint     ] Entering safepoint region: Cleanup
[2023-11-15T12:07:53.063+0000][54324.221s][info ][safepoint     ] Leaving safepoint region
[2023-11-15T12:07:53.063+0000][54324.221s][info ][safepoint     ] Total time for which application threads were stopped: 0.0003213 seconds, Stopping threads took: 0.0000542 seconds
[2023-11-15T12:07:54.063+0000][54325.221s][debug][safepoint     ] Safepoint synchronization initiated. (174 threads)
[2023-11-15T12:07:54.063+0000][54325.221s][info ][safepoint     ] Application time: 1.0001555 seconds
[2023-11-15T12:07:54.063+0000][54325.221s][info ][safepoint     ] Entering safepoint region: Cleanup
[2023-11-15T12:07:54.064+0000][54325.222s][info ][safepoint     ] Leaving safepoint region
[2023-11-15T12:07:54.064+0000][54325.222s][info ][safepoint     ] Total time for which application threads were stopped: 0.0005766 seconds, Stopping threads took: 0.0003517 seconds
[2023-11-15T12:07:55.064+0000][54326.222s][debug][safepoint     ] Safepoint synchronization initiated. (174 threads)
[2023-11-15T12:07:55.064+0000][54326.222s][info ][safepoint     ] Application time: 1.0001465 seconds
[2023-11-15T12:07:55.064+0000][54326.222s][info ][safepoint     ] Entering safepoint region: Cleanup
[2023-11-15T12:07:55.064+0000][54326.222s][info ][safepoint     ] Leaving safepoint region
[2023-11-15T12:07:55.064+0000][54326.222s][info ][safepoint     ] Total time for which application threads were stopped: 0.0002189 seconds, Stopping threads took: 0.0000432 seconds
[2023-11-15T12:07:56.064+0000][54327.222s][debug][safepoint     ] Safepoint synchronization initiated. (174 threads)
[2023-11-15T12:07:56.064+0000][54327.222s][info ][safepoint     ] Application time: 1.0001685 seconds
[2023-11-15T12:07:56.064+0000][54327.223s][info ][safepoint     ] Entering safepoint region: Cleanup
[2023-11-15T12:07:56.065+0000][54327.223s][info ][safepoint     ] Leaving safepoint region
[2023-11-15T12:07:56.065+0000][54327.223s][info ][safepoint     ] Total time for which application threads were stopped: 0.0003675 seconds, Stopping threads took: 0.0000545 seconds
[2023-11-15T12:07:57.065+0000][54328.223s][debug][safepoint     ] Safepoint synchronization initiated. (174 threads)
[2023-11-15T12:07:57.065+0000][54328.223s][info ][safepoint     ] Application time: 1.0001319 seconds
[2023-11-15T12:07:57.065+0000][54328.223s][info ][safepoint     ] Entering safepoint region: Cleanup
[2023-11-15T12:07:57.065+0000][54328.223s][info ][safepoint     ] Leaving safepoint region
[2023-11-15T12:07:57.065+0000][54328.223s][info ][safepoint     ] Total time for which application threads were stopped: 0.0003460 seconds, Stopping threads took: 0.0000435 seconds
[2023-11-15T12:07:58.065+0000][54329.223s][debug][safepoint     ] Safepoint synchronization initiated. (174 threads)
[2023-11-15T12:07:58.065+0000][54329.224s][info ][safepoint     ] Application time: 1.0001684 seconds
[2023-11-15T12:07:58.066+0000][54329.224s][debug][safepoint     ] ... found polling page return exception at pc = 0x00007fe181011174, stub =0x00007fe17883a800
[2023-11-15T12:07:58.066+0000][54329.224s][debug][safepoint     ] Waiting for 1 thread(s) to block
[2023-11-15T12:07:58.066+0000][54329.224s][info ][safepoint     ] Entering safepoint region: Cleanup
[2023-11-15T12:07:58.066+0000][54329.224s][info ][safepoint     ] Leaving safepoint region
[2023-11-15T12:07:58.066+0000][54329.224s][info ][safepoint     ] Total time for which application threads were stopped: 0.0004528 seconds, Stopping threads took: 0.0002132 seconds
[2023-11-15T12:07:59.066+0000][54330.224s][debug][safepoint     ] Safepoint synchronization initiated. (174 threads)
[2023-11-15T12:07:59.066+0000][54330.224s][info ][safepoint     ] Application time: 1.0001880 seconds
[2023-11-15T12:07:59.066+0000][54330.224s][info ][safepoint     ] Entering safepoint region: Cleanup
[2023-11-15T12:07:59.066+0000][54330.225s][info ][safepoint     ] Leaving safepoint region
[2023-11-15T12:07:59.067+0000][54330.225s][info ][safepoint     ] Total time for which application threads were stopped: 0.0003594 seconds, Stopping threads took: 0.0000529 seconds
[2023-11-15T12:08:00.067+0000][54331.225s][debug][safepoint     ] Safepoint synchronization initiated. (174 threads)
[2023-11-15T12:08:00.067+0000][54331.225s][info ][safepoint     ] Application time: 1.0001538 seconds
[2023-11-15T12:08:00.067+0000][54331.225s][info ][safepoint     ] Entering safepoint region: Cleanup
[2023-11-15T12:08:00.067+0000][54331.225s][info ][safepoint     ] Leaving safepoint region
[2023-11-15T12:08:00.067+0000][54331.225s][info ][safepoint     ] Total time for which application threads were stopped: 0.0006018 seconds, Stopping threads took: 0.0004085 seconds
[2023-11-15T12:08:01.067+0000][54332.225s][debug][safepoint     ] Safepoint synchronization initiated. (174 threads)
[2023-11-15T12:08:01.067+0000][54332.226s][info ][safepoint     ] Application time: 1.0001561 seconds
[2023-11-15T12:08:01.068+0000][54332.226s][info ][safepoint     ] Entering safepoint region: Cleanup
[2023-11-15T12:08:01.068+0000][54332.226s][info ][safepoint     ] Leaving safepoint region
[2023-11-15T12:08:01.068+0000][54332.226s][info ][safepoint     ] Total time for which application threads were stopped: 0.0003515 seconds, Stopping threads took: 0.0000530 seconds
[2023-11-15T12:08:02.068+0000][54333.226s][debug][safepoint     ] Safepoint synchronization initiated. (174 threads)
[2023-11-15T12:08:02.068+0000][54333.226s][info ][safepoint     ] Application time: 1.0001721 seconds
[2023-11-15T12:08:02.068+0000][54333.226s][info ][safepoint     ] Entering safepoint region: Cleanup
[2023-11-15T12:08:02.068+0000][54333.226s][info ][safepoint     ] Leaving safepoint region
[2023-11-15T12:08:02.068+0000][54333.227s][info ][safepoint     ] Total time for which application threads were stopped: 0.0003792 seconds, Stopping threads took: 0.0000536 seconds
[2023-11-15T12:08:03.069+0000][54334.227s][debug][safepoint     ] Safepoint synchronization initiated. (174 threads)
[2023-11-15T12:08:03.069+0000][54334.227s][info ][safepoint     ] Application time: 1.0001714 seconds
[2023-11-15T12:08:03.069+0000][54334.227s][info ][safepoint     ] Entering safepoint region: Cleanup
[2023-11-15T12:08:03.069+0000][54334.227s][info ][safepoint     ] Leaving safepoint region
[2023-11-15T12:08:03.069+0000][54334.227s][info ][safepoint     ] Total time for which application threads were stopped: 0.0003036 seconds, Stopping threads took: 0.0000768 seconds
[2023-11-15T12:08:04.069+0000][54335.227s][debug][safepoint     ] Safepoint synchronization initiated. (174 threads)
[2023-11-15T12:08:04.069+0000][54335.227s][info ][safepoint     ] Application time: 1.0001588 seconds
[2023-11-15T12:08:04.069+0000][54335.227s][info ][safepoint     ] Entering safepoint region: Cleanup
[2023-11-15T12:08:04.069+0000][54335.227s][info ][safepoint     ] Leaving safepoint region
[2023-11-15T12:08:04.069+0000][54335.228s][info ][safepoint     ] Total time for which application threads were stopped: 0.0002764 seconds, Stopping threads took: 0.0000532 seconds
[2023-11-15T12:08:05.070+0000][54336.228s][debug][safepoint     ] Safepoint synchronization initiated. (174 threads)
[2023-11-15T12:08:05.070+0000][54336.228s][info ][safepoint     ] Application time: 1.0001714 seconds
[2023-11-15T12:08:05.070+0000][54336.228s][info ][safepoint     ] Entering safepoint region: Cleanup
[2023-11-15T12:08:05.070+0000][54336.228s][info ][safepoint     ] Leaving safepoint region
[2023-11-15T12:08:05.070+0000][54336.228s][info ][safepoint     ] Total time for which application threads were stopped: 0.0005384 seconds, Stopping threads took: 0.0002950 seconds
[2023-11-15T12:08:06.070+0000][54337.228s][debug][safepoint     ] Safepoint synchronization initiated. (174 threads)
[2023-11-15T12:08:06.070+0000][54337.228s][info ][safepoint     ] Application time: 1.0001643 seconds
[2023-11-15T12:08:06.070+0000][54337.228s][info ][safepoint     ] Entering safepoint region: Cleanup
[2023-11-15T12:08:06.071+0000][54337.229s][info ][safepoint     ] Leaving safepoint region
[2023-11-15T12:08:06.071+0000][54337.229s][info ][safepoint     ] Total time for which application threads were stopped: 0.0002433 seconds, Stopping threads took: 0.0000527 seconds
[2023-11-15T12:08:07.071+0000][54338.229s][debug][safepoint     ] Safepoint synchronization initiated. (173 threads)
[2023-11-15T12:08:07.071+0000][54338.229s][info ][safepoint     ] Application time: 1.0001692 seconds
[2023-11-15T12:08:07.071+0000][54338.229s][info ][safepoint     ] Entering safepoint region: Cleanup
[2023-11-15T12:08:07.071+0000][54338.229s][info ][safepoint     ] Leaving safepoint region
[2023-11-15T12:08:07.071+0000][54338.229s][info ][safepoint     ] Total time for which application threads were stopped: 0.0003609 seconds, Stopping threads took: 0.0000515 seconds
[2023-11-15T12:08:08.071+0000][54339.229s][debug][safepoint     ] Safepoint synchronization initiated. (173 threads)
[2023-11-15T12:08:08.071+0000][54339.229s][info ][safepoint     ] Application time: 1.0001877 seconds
[2023-11-15T12:08:08.071+0000][54339.230s][info ][safepoint     ] Entering safepoint region: Cleanup
[2023-11-15T12:08:08.072+0000][54339.230s][info ][safepoint     ] Leaving safepoint region
[2023-11-15T12:08:08.072+0000][54339.230s][info ][safepoint     ] Total time for which application threads were stopped: 0.0003809 seconds, Stopping threads took: 0.0000742 seconds
[2023-11-15T12:08:09.072+0000][54340.230s][debug][safepoint     ] Safepoint synchronization initiated. (173 threads)
[2023-11-15T12:08:09.072+0000][54340.230s][info ][safepoint     ] Application time: 1.0001808 seconds
[2023-11-15T12:08:09.072+0000][54340.230s][info ][safepoint     ] Entering safepoint region: Cleanup
[2023-11-15T12:08:09.072+0000][54340.230s][info ][safepoint     ] Leaving safepoint region
[2023-11-15T12:08:09.072+0000][54340.230s][info ][safepoint     ] Total time for which application threads were stopped: 0.0003578 seconds, Stopping threads took: 0.0000523 seconds
[2023-11-15T12:08:10.072+0000][54341.231s][debug][safepoint     ] Safepoint synchronization initiated. (173 threads)
[2023-11-15T12:08:10.073+0000][54341.231s][info ][safepoint     ] Application time: 1.0001741 seconds
[2023-11-15T12:08:10.073+0000][54341.231s][info ][safepoint     ] Entering safepoint region: Cleanup
[2023-11-15T12:08:10.073+0000][54341.231s][info ][safepoint     ] Leaving safepoint region
[2023-11-15T12:08:10.073+0000][54341.231s][info ][safepoint     ] Total time for which application threads were stopped: 0.0003966 seconds, Stopping threads took: 0.0000571 seconds
[2023-11-15T12:08:11.073+0000][54342.231s][debug][safepoint     ] Safepoint synchronization initiated. (173 threads)
[2023-11-15T12:08:11.073+0000][54342.231s][info ][safepoint     ] Application time: 1.0001634 seconds
[2023-11-15T12:08:11.073+0000][54342.231s][info ][safepoint     ] Entering safepoint region: Cleanup
[2023-11-15T12:08:11.073+0000][54342.232s][info ][safepoint     ] Leaving safepoint region
[2023-11-15T12:08:11.073+0000][54342.232s][info ][safepoint     ] Total time for which application threads were stopped: 0.0002932 seconds, Stopping threads took: 0.0000524 seconds
[2023-11-15T12:08:12.074+0000][54343.232s][debug][safepoint     ] Safepoint synchronization initiated. (173 threads)
[2023-11-15T12:08:12.074+0000][54343.232s][info ][safepoint     ] Application time: 1.0001725 seconds
[2023-11-15T12:08:12.074+0000][54343.232s][info ][safepoint     ] Entering safepoint region: Cleanup
[2023-11-15T12:08:12.074+0000][54343.232s][info ][safepoint     ] Leaving safepoint region
[2023-11-15T12:08:12.074+0000][54343.232s][info ][safepoint     ] Total time for which application threads were stopped: 0.0002755 seconds, Stopping threads took: 0.0000527 seconds
[2023-11-15T12:08:13.074+0000][54344.232s][debug][safepoint     ] Safepoint synchronization initiated. (173 threads)
[2023-11-15T12:08:13.074+0000][54344.232s][info ][safepoint     ] Application time: 1.0001658 seconds
[2023-11-15T12:08:13.074+0000][54344.232s][info ][safepoint     ] Entering safepoint region: Cleanup
[2023-11-15T12:08:13.074+0000][54344.232s][info ][safepoint     ] Leaving safepoint region
[2023-11-15T12:08:13.074+0000][54344.233s][info ][safepoint     ] Total time for which application threads were stopped: 0.0002774 seconds, Stopping threads took: 0.0000537 seconds
[2023-11-15T12:08:14.075+0000][54345.233s][debug][safepoint     ] Safepoint synchronization initiated. (173 threads)
[2023-11-15T12:08:14.075+0000][54345.233s][info ][safepoint     ] Application time: 1.0001660 seconds
[2023-11-15T12:08:14.075+0000][54345.233s][info ][safepoint     ] Entering safepoint region: Cleanup
[2023-11-15T12:08:14.075+0000][54345.233s][info ][safepoint     ] Leaving safepoint region
[2023-11-15T12:08:14.075+0000][54345.233s][info ][safepoint     ] Total time for which application threads were stopped: 0.0003620 seconds, Stopping threads took: 0.0000533 seconds
[2023-11-15T12:08:15.075+0000][54346.233s][debug][safepoint     ] Safepoint synchronization initiated. (173 threads)
[2023-11-15T12:08:15.075+0000][54346.233s][info ][safepoint     ] Application time: 1.0001685 seconds
[2023-11-15T12:08:15.075+0000][54346.233s][info ][safepoint     ] Entering safepoint region: Cleanup
[2023-11-15T12:08:15.076+0000][54346.234s][info ][safepoint     ] Leaving safepoint region
[2023-11-15T12:08:15.076+0000][54346.234s][info ][safepoint     ] Total time for which application threads were stopped: 0.0004629 seconds, Stopping threads took: 0.0001636 seconds
[2023-11-15T12:08:16.076+0000][54347.234s][debug][safepoint     ] Safepoint synchronization initiated. (173 threads)
[2023-11-15T12:08:16.076+0000][54347.234s][info ][safepoint     ] Application time: 1.0001480 seconds
[2023-11-15T12:08:16.076+0000][54347.234s][info ][safepoint     ] Entering safepoint region: Cleanup
[2023-11-15T12:08:16.076+0000][54347.234s][info ][safepoint     ] Leaving safepoint region
[2023-11-15T12:08:16.076+0000][54347.234s][info ][safepoint     ] Total time for which application threads were stopped: 0.0002636 seconds, Stopping threads took: 0.0000524 seconds
[2023-11-15T12:08:17.076+0000][54348.234s][debug][safepoint     ] Safepoint synchronization initiated. (173 threads)
[2023-11-15T12:08:17.076+0000][54348.234s][info ][safepoint     ] Application time: 1.0001891 seconds
[2023-11-15T12:08:17.076+0000][54348.234s][info ][safepoint     ] Entering safepoint region: Cleanup
[2023-11-15T12:08:17.077+0000][54348.235s][info ][safepoint     ] Leaving safepoint region
[2023-11-15T12:08:17.077+0000][54348.235s][info ][safepoint     ] Total time for which application threads were stopped: 0.0002709 seconds, Stopping threads took: 0.0000536 seconds
[2023-11-15T12:08:18.077+0000][54349.235s][debug][safepoint     ] Safepoint synchronization initiated. (173 threads)
[2023-11-15T12:08:18.077+0000][54349.235s][info ][safepoint     ] Application time: 1.0001710 seconds
[2023-11-15T12:08:18.077+0000][54349.235s][info ][safepoint     ] Entering safepoint region: Cleanup
[2023-11-15T12:08:18.077+0000][54349.235s][info ][safepoint     ] Leaving safepoint region
[2023-11-15T12:08:18.077+0000][54349.235s][info ][safepoint     ] Total time for which application threads were stopped: 0.0003612 seconds, Stopping threads took: 0.0000530 seconds
