[2023-11-15T20:03:52.242+0000][0.004s][info][gc,heap] Heap region size: 1M
[2023-11-15T20:03:52.247+0000][0.009s][info][gc     ] Using G1
[2023-11-15T20:03:52.247+0000][0.009s][info][gc,heap,coops] Heap address: 0x0000000708000000, size: 3968 MB, Compressed Oops mode: Zero based, Oop shift amount: 3
[2023-11-15T20:03:52.248+0000][0.009s][info][gc,cds       ] Mark closed archive regions in map: [0x00000007bfc00000, 0x00000007bfc6bff8]
[2023-11-15T20:03:52.248+0000][0.010s][info][gc,cds       ] Mark open archive regions in map: [0x00000007bf800000, 0x00000007bf847ff8]
[2023-11-15T20:03:52.353+0000][0.114s][debug][safepoint    ] Safepoint synchronization initiated. (9 threads)
[2023-11-15T20:03:52.353+0000][0.114s][info ][safepoint    ] Application time: 0.0451215 seconds
[2023-11-15T20:03:52.353+0000][0.114s][info ][safepoint    ] Entering safepoint region: Deoptimize
[2023-11-15T20:03:52.353+0000][0.115s][info ][safepoint    ] Leaving safepoint region
[2023-11-15T20:03:52.353+0000][0.115s][info ][safepoint    ] Total time for which application threads were stopped: 0.0001111 seconds, Stopping threads took: 0.0000121 seconds
[2023-11-15T20:03:52.819+0000][0.581s][debug][safepoint    ] Safepoint synchronization initiated. (10 threads)
[2023-11-15T20:03:52.819+0000][0.581s][info ][safepoint    ] Application time: 0.4661372 seconds
[2023-11-15T20:03:52.819+0000][0.581s][debug][safepoint    ] Waiting for 1 thread(s) to block
[2023-11-15T20:03:52.819+0000][0.581s][info ][safepoint    ] Entering safepoint region: G1CollectForAllocation
[2023-11-15T20:03:52.819+0000][0.581s][info ][gc,start     ] GC(0) Pause Young (Normal) (G1 Evacuation Pause)
[2023-11-15T20:03:52.820+0000][0.581s][info ][gc,task      ] GC(0) Using 4 workers of 4 for evacuation
[2023-11-15T20:03:52.827+0000][0.589s][info ][gc,phases    ] GC(0)   Pre Evacuate Collection Set: 0.0ms
[2023-11-15T20:03:52.827+0000][0.589s][info ][gc,phases    ] GC(0)   Evacuate Collection Set: 6.7ms
[2023-11-15T20:03:52.827+0000][0.589s][info ][gc,phases    ] GC(0)   Post Evacuate Collection Set: 0.7ms
[2023-11-15T20:03:52.827+0000][0.589s][info ][gc,phases    ] GC(0)   Other: 0.7ms
[2023-11-15T20:03:52.827+0000][0.589s][info ][gc,heap      ] GC(0) Eden regions: 38->0(143)
[2023-11-15T20:03:52.827+0000][0.589s][info ][gc,heap      ] GC(0) Survivor regions: 0->5(5)
[2023-11-15T20:03:52.827+0000][0.589s][info ][gc,heap      ] GC(0) Old regions: 2->5
[2023-11-15T20:03:52.827+0000][0.589s][info ][gc,heap      ] GC(0) Humongous regions: 2->0
[2023-11-15T20:03:52.827+0000][0.589s][info ][gc,metaspace ] GC(0) Metaspace: 1858K(5120K)->1858K(5120K) NonClass: 1704K(4608K)->1704K(4608K) Class: 153K(512K)->153K(512K)
[2023-11-15T20:03:52.827+0000][0.589s][info ][gc           ] GC(0) Pause Young (Normal) (G1 Evacuation Pause) 40M->7M(250M) 8.179ms
[2023-11-15T20:03:52.827+0000][0.589s][info ][gc,cpu       ] GC(0) User=0.02s Sys=0.01s Real=0.01s
[2023-11-15T20:03:52.827+0000][0.589s][info ][safepoint    ] Leaving safepoint region
[2023-11-15T20:03:52.828+0000][0.589s][info ][safepoint    ] Total time for which application threads were stopped: 0.0084588 seconds, Stopping threads took: 0.0000275 seconds
[2023-11-15T20:03:52.828+0000][0.589s][info ][gc,stringdedup] Concurrent String Deduplication (0.589s)
[2023-11-15T20:03:52.829+0000][0.591s][info ][gc,stringdedup] Concurrent String Deduplication 484.1K->475.2K(9096.0B) avg 1.2% (0.589s, 0.591s) 1.494ms
[2023-11-15T20:03:53.123+0000][0.884s][debug][safepoint     ] Safepoint synchronization initiated. (10 threads)
[2023-11-15T20:03:53.123+0000][0.884s][info ][safepoint     ] Application time: 0.2952300 seconds
[2023-11-15T20:03:53.123+0000][0.884s][debug][safepoint     ] Waiting for 1 thread(s) to block
[2023-11-15T20:03:53.123+0000][0.884s][info ][safepoint     ] Entering safepoint region: G1CollectForAllocation
[2023-11-15T20:03:53.123+0000][0.885s][info ][gc,start      ] GC(1) Pause Young (Normal) (G1 Evacuation Pause)
[2023-11-15T20:03:53.123+0000][0.885s][info ][gc,task       ] GC(1) Using 4 workers of 4 for evacuation
[2023-11-15T20:03:53.133+0000][0.895s][info ][gc,phases     ] GC(1)   Pre Evacuate Collection Set: 0.0ms
[2023-11-15T20:03:53.133+0000][0.895s][info ][gc,phases     ] GC(1)   Evacuate Collection Set: 9.5ms
[2023-11-15T20:03:53.133+0000][0.895s][info ][gc,phases     ] GC(1)   Post Evacuate Collection Set: 0.7ms
[2023-11-15T20:03:53.133+0000][0.895s][info ][gc,phases     ] GC(1)   Other: 0.1ms
[2023-11-15T20:03:53.133+0000][0.895s][info ][gc,heap       ] GC(1) Eden regions: 36->0(86)
[2023-11-15T20:03:53.133+0000][0.895s][info ][gc,heap       ] GC(1) Survivor regions: 5->2(6)
[2023-11-15T20:03:53.133+0000][0.895s][info ][gc,heap       ] GC(1) Old regions: 5->10
[2023-11-15T20:03:53.133+0000][0.895s][info ][gc,heap       ] GC(1) Humongous regions: 0->0
[2023-11-15T20:03:53.133+0000][0.895s][info ][gc,metaspace  ] GC(1) Metaspace: 2998K(5760K)->2998K(5760K) NonClass: 2726K(5120K)->2726K(5120K) Class: 272K(640K)->272K(640K)
[2023-11-15T20:03:53.133+0000][0.895s][info ][gc            ] GC(1) Pause Young (Normal) (G1 Evacuation Pause) 43M->9M(250M) 10.432ms
[2023-11-15T20:03:53.133+0000][0.895s][info ][gc,cpu        ] GC(1) User=0.03s Sys=0.00s Real=0.01s
[2023-11-15T20:03:53.133+0000][0.895s][info ][safepoint     ] Leaving safepoint region
[2023-11-15T20:03:53.133+0000][0.895s][info ][safepoint     ] Total time for which application threads were stopped: 0.0105968 seconds, Stopping threads took: 0.0000287 seconds
[2023-11-15T20:03:53.133+0000][0.895s][info ][gc,stringdedup] Concurrent String Deduplication (0.895s)
[2023-11-15T20:03:53.140+0000][0.901s][info ][gc,stringdedup] Concurrent String Deduplication 1388.2K->1300.1K(90176.0B) avg 4.5% (0.895s, 0.901s) 6.143ms
[2023-11-15T20:03:53.158+0000][0.919s][debug][safepoint     ] Safepoint synchronization initiated. (10 threads)
[2023-11-15T20:03:53.158+0000][0.919s][info ][safepoint     ] Application time: 0.0244366 seconds
[2023-11-15T20:03:53.158+0000][0.919s][info ][safepoint     ] Entering safepoint region: Deoptimize
[2023-11-15T20:03:53.158+0000][0.920s][info ][safepoint     ] Leaving safepoint region
[2023-11-15T20:03:53.158+0000][0.920s][info ][safepoint     ] Total time for which application threads were stopped: 0.0001545 seconds, Stopping threads took: 0.0000089 seconds
[2023-11-15T20:03:53.164+0000][0.926s][debug][safepoint     ] Safepoint synchronization initiated. (10 threads)
[2023-11-15T20:03:53.164+0000][0.926s][info ][safepoint     ] Application time: 0.0064666 seconds
[2023-11-15T20:03:53.164+0000][0.926s][info ][safepoint     ] Entering safepoint region: Deoptimize
[2023-11-15T20:03:53.165+0000][0.926s][info ][safepoint     ] Leaving safepoint region
[2023-11-15T20:03:53.165+0000][0.926s][info ][safepoint     ] Total time for which application threads were stopped: 0.0001551 seconds, Stopping threads took: 0.0000085 seconds
[2023-11-15T20:03:53.233+0000][0.995s][debug][safepoint     ] Safepoint synchronization initiated. (10 threads)
[2023-11-15T20:03:53.233+0000][0.995s][info ][safepoint     ] Application time: 0.0686307 seconds
[2023-11-15T20:03:53.233+0000][0.995s][info ][safepoint     ] Entering safepoint region: Deoptimize
[2023-11-15T20:03:53.233+0000][0.995s][info ][safepoint     ] Leaving safepoint region
[2023-11-15T20:03:53.233+0000][0.995s][info ][safepoint     ] Total time for which application threads were stopped: 0.0001530 seconds, Stopping threads took: 0.0000102 seconds
[2023-11-15T20:03:53.242+0000][1.004s][debug][safepoint     ] Safepoint synchronization initiated. (10 threads)
[2023-11-15T20:03:53.242+0000][1.004s][info ][safepoint     ] Application time: 0.0089331 seconds
[2023-11-15T20:03:53.242+0000][1.004s][info ][safepoint     ] Entering safepoint region: Deoptimize
[2023-11-15T20:03:53.242+0000][1.004s][info ][safepoint     ] Leaving safepoint region
[2023-11-15T20:03:53.242+0000][1.004s][info ][safepoint     ] Total time for which application threads were stopped: 0.0001575 seconds, Stopping threads took: 0.0000108 seconds
[2023-11-15T20:03:53.673+0000][1.434s][debug][safepoint     ] Safepoint synchronization initiated. (11 threads)
[2023-11-15T20:03:53.673+0000][1.434s][info ][safepoint     ] Application time: 0.4301338 seconds
[2023-11-15T20:03:53.673+0000][1.434s][info ][safepoint     ] Entering safepoint region: G1CollectForAllocation
[2023-11-15T20:03:53.673+0000][1.434s][info ][gc,start      ] GC(2) Pause Young (Normal) (G1 Evacuation Pause)
[2023-11-15T20:03:53.673+0000][1.434s][info ][gc,task       ] GC(2) Using 4 workers of 4 for evacuation
[2023-11-15T20:03:53.686+0000][1.448s][info ][gc,phases     ] GC(2)   Pre Evacuate Collection Set: 0.0ms
[2023-11-15T20:03:53.686+0000][1.448s][info ][gc,phases     ] GC(2)   Evacuate Collection Set: 11.8ms
[2023-11-15T20:03:53.686+0000][1.448s][info ][gc,phases     ] GC(2)   Post Evacuate Collection Set: 1.3ms
[2023-11-15T20:03:53.686+0000][1.448s][info ][gc,phases     ] GC(2)   Other: 0.1ms
[2023-11-15T20:03:53.686+0000][1.448s][info ][gc,heap       ] GC(2) Eden regions: 86->0(145)
[2023-11-15T20:03:53.686+0000][1.448s][info ][gc,heap       ] GC(2) Survivor regions: 2->3(11)
[2023-11-15T20:03:53.686+0000][1.448s][info ][gc,heap       ] GC(2) Old regions: 10->10
[2023-11-15T20:03:53.686+0000][1.448s][info ][gc,heap       ] GC(2) Humongous regions: 0->0
[2023-11-15T20:03:53.686+0000][1.448s][info ][gc,metaspace  ] GC(2) Metaspace: 5703K(7808K)->5703K(7808K) NonClass: 5064K(6912K)->5064K(6912K) Class: 638K(896K)->638K(896K)
[2023-11-15T20:03:53.686+0000][1.448s][info ][gc            ] GC(2) Pause Young (Normal) (G1 Evacuation Pause) 95M->9M(250M) 13.304ms
[2023-11-15T20:03:53.686+0000][1.448s][info ][gc,cpu        ] GC(2) User=0.02s Sys=0.01s Real=0.01s
[2023-11-15T20:03:53.686+0000][1.448s][info ][safepoint     ] Leaving safepoint region
[2023-11-15T20:03:53.686+0000][1.448s][info ][safepoint     ] Total time for which application threads were stopped: 0.0134880 seconds, Stopping threads took: 0.0000096 seconds
[2023-11-15T20:03:54.441+0000][2.203s][debug][safepoint     ] Safepoint synchronization initiated. (11 threads)
[2023-11-15T20:03:54.441+0000][2.203s][info ][safepoint     ] Application time: 0.7553371 seconds
[2023-11-15T20:03:54.442+0000][2.203s][info ][safepoint     ] Entering safepoint region: G1CollectForAllocation
[2023-11-15T20:03:54.442+0000][2.203s][info ][gc,start      ] GC(3) Pause Young (Normal) (G1 Evacuation Pause)
[2023-11-15T20:03:54.442+0000][2.203s][info ][gc,task       ] GC(3) Using 4 workers of 4 for evacuation
[2023-11-15T20:03:54.449+0000][2.210s][info ][gc,phases     ] GC(3)   Pre Evacuate Collection Set: 0.0ms
[2023-11-15T20:03:54.449+0000][2.210s][info ][gc,phases     ] GC(3)   Evacuate Collection Set: 5.5ms
[2023-11-15T20:03:54.449+0000][2.211s][info ][gc,phases     ] GC(3)   Post Evacuate Collection Set: 1.5ms
[2023-11-15T20:03:54.449+0000][2.211s][info ][gc,phases     ] GC(3)   Other: 0.2ms
[2023-11-15T20:03:54.449+0000][2.211s][info ][gc,heap       ] GC(3) Eden regions: 145->0(144)
[2023-11-15T20:03:54.449+0000][2.211s][info ][gc,heap       ] GC(3) Survivor regions: 3->4(19)
[2023-11-15T20:03:54.449+0000][2.211s][info ][gc,heap       ] GC(3) Old regions: 10->10
[2023-11-15T20:03:54.449+0000][2.211s][info ][gc,heap       ] GC(3) Humongous regions: 0->0
[2023-11-15T20:03:54.449+0000][2.211s][info ][gc,metaspace  ] GC(3) Metaspace: 10892K(12288K)->10892K(12288K) NonClass: 9544K(10752K)->9544K(10752K) Class: 1348K(1536K)->1348K(1536K)
[2023-11-15T20:03:54.449+0000][2.211s][info ][gc            ] GC(3) Pause Young (Normal) (G1 Evacuation Pause) 154M->11M(250M) 7.317ms
[2023-11-15T20:03:54.449+0000][2.211s][info ][gc,cpu        ] GC(3) User=0.02s Sys=0.00s Real=0.01s
[2023-11-15T20:03:54.449+0000][2.211s][info ][safepoint     ] Leaving safepoint region
[2023-11-15T20:03:54.449+0000][2.211s][info ][safepoint     ] Total time for which application threads were stopped: 0.0075274 seconds, Stopping threads took: 0.0000091 seconds
[2023-11-15T20:03:54.449+0000][2.211s][info ][gc,stringdedup] Concurrent String Deduplication (2.211s)
[2023-11-15T20:03:54.450+0000][2.212s][info ][gc,stringdedup] Concurrent String Deduplication 325.0K->238.3K(88752.0B) avg 7.4% (2.211s, 2.212s) 1.205ms
[2023-11-15T20:03:54.576+0000][2.337s][debug][safepoint     ] Safepoint synchronization initiated. (11 threads)
[2023-11-15T20:03:54.576+0000][2.337s][info ][safepoint     ] Application time: 0.1266855 seconds
[2023-11-15T20:03:54.576+0000][2.337s][info ][safepoint     ] Entering safepoint region: Deoptimize
[2023-11-15T20:03:54.576+0000][2.338s][info ][safepoint     ] Leaving safepoint region
[2023-11-15T20:03:54.576+0000][2.338s][info ][safepoint     ] Total time for which application threads were stopped: 0.0002760 seconds, Stopping threads took: 0.0000095 seconds
[2023-11-15T20:03:54.697+0000][2.459s][debug][safepoint     ] Safepoint synchronization initiated. (11 threads)
[2023-11-15T20:03:54.697+0000][2.459s][info ][safepoint     ] Application time: 0.1209038 seconds
[2023-11-15T20:03:54.697+0000][2.459s][debug][safepoint     ] Waiting for 1 thread(s) to block
[2023-11-15T20:03:54.697+0000][2.459s][info ][safepoint     ] Entering safepoint region: ICBufferFull
[2023-11-15T20:03:54.697+0000][2.459s][info ][safepoint     ] Leaving safepoint region
[2023-11-15T20:03:54.697+0000][2.459s][info ][safepoint     ] Total time for which application threads were stopped: 0.0002283 seconds, Stopping threads took: 0.0000519 seconds
[2023-11-15T20:03:54.960+0000][2.722s][debug][safepoint     ] Safepoint synchronization initiated. (12 threads)
[2023-11-15T20:03:54.960+0000][2.722s][info ][safepoint     ] Application time: 0.2629931 seconds
[2023-11-15T20:03:54.960+0000][2.722s][debug][safepoint     ] Waiting for 3 thread(s) to block
[2023-11-15T20:03:54.963+0000][2.725s][info ][safepoint     ] Entering safepoint region: G1CollectForAllocation
[2023-11-15T20:03:54.964+0000][2.725s][info ][gc,start      ] GC(4) Pause Young (Normal) (G1 Evacuation Pause)
[2023-11-15T20:03:54.964+0000][2.725s][info ][gc,task       ] GC(4) Using 4 workers of 4 for evacuation
[2023-11-15T20:03:54.972+0000][2.734s][info ][gc,phases     ] GC(4)   Pre Evacuate Collection Set: 0.0ms
[2023-11-15T20:03:54.972+0000][2.734s][info ][gc,phases     ] GC(4)   Evacuate Collection Set: 6.4ms
[2023-11-15T20:03:54.972+0000][2.734s][info ][gc,phases     ] GC(4)   Post Evacuate Collection Set: 1.7ms
[2023-11-15T20:03:54.972+0000][2.734s][info ][gc,phases     ] GC(4)   Other: 0.1ms
[2023-11-15T20:03:54.972+0000][2.734s][info ][gc,heap       ] GC(4) Eden regions: 144->0(178)
[2023-11-15T20:03:54.972+0000][2.734s][info ][gc,heap       ] GC(4) Survivor regions: 4->7(19)
[2023-11-15T20:03:54.972+0000][2.734s][info ][gc,heap       ] GC(4) Old regions: 10->10
[2023-11-15T20:03:54.972+0000][2.734s][info ][gc,heap       ] GC(4) Humongous regions: 0->0
[2023-11-15T20:03:54.972+0000][2.734s][info ][gc,metaspace  ] GC(4) Metaspace: 15669K(16640K)->15669K(16640K) NonClass: 13668K(14336K)->13668K(14336K) Class: 2000K(2304K)->2000K(2304K)
[2023-11-15T20:03:54.972+0000][2.734s][info ][gc            ] GC(4) Pause Young (Normal) (G1 Evacuation Pause) 155M->14M(309M) 8.353ms
[2023-11-15T20:03:54.972+0000][2.734s][info ][gc,cpu        ] GC(4) User=0.02s Sys=0.01s Real=0.01s
[2023-11-15T20:03:54.972+0000][2.734s][info ][safepoint     ] Leaving safepoint region
[2023-11-15T20:03:54.972+0000][2.734s][info ][safepoint     ] Total time for which application threads were stopped: 0.0118596 seconds, Stopping threads took: 0.0033328 seconds
[2023-11-15T20:03:54.972+0000][2.734s][info ][gc,stringdedup] Concurrent String Deduplication (2.734s)
[2023-11-15T20:03:54.973+0000][2.734s][info ][gc,stringdedup] Concurrent String Deduplication 104.7K->28512.0B(78744.0B) avg 10.1% (2.734s, 2.734s) 0.794ms
[2023-11-15T20:03:55.099+0000][2.861s][debug][safepoint     ] Safepoint synchronization initiated. (12 threads)
[2023-11-15T20:03:55.099+0000][2.861s][info ][safepoint     ] Application time: 0.1272059 seconds
[2023-11-15T20:03:55.099+0000][2.861s][debug][safepoint     ] ... found polling page loop exception at pc = 0x00007f693040515a, stub =0x00007f692883ab00
[2023-11-15T20:03:55.099+0000][2.861s][debug][safepoint     ] Waiting for 1 thread(s) to block
[2023-11-15T20:03:55.099+0000][2.861s][info ][safepoint     ] Entering safepoint region: Deoptimize
[2023-11-15T20:03:55.100+0000][2.861s][info ][safepoint     ] Leaving safepoint region
[2023-11-15T20:03:55.100+0000][2.861s][info ][safepoint     ] Total time for which application threads were stopped: 0.0004142 seconds, Stopping threads took: 0.0000764 seconds
[2023-11-15T20:03:55.206+0000][2.967s][debug][safepoint     ] Safepoint synchronization initiated. (12 threads)
[2023-11-15T20:03:55.206+0000][2.967s][info ][safepoint     ] Application time: 0.1058721 seconds
[2023-11-15T20:03:55.206+0000][2.967s][debug][safepoint     ] Waiting for 2 thread(s) to block
[2023-11-15T20:03:55.206+0000][2.967s][info ][safepoint     ] Entering safepoint region: Deoptimize
[2023-11-15T20:03:55.206+0000][2.968s][info ][safepoint     ] Leaving safepoint region
[2023-11-15T20:03:55.206+0000][2.968s][info ][safepoint     ] Total time for which application threads were stopped: 0.0003310 seconds, Stopping threads took: 0.0000390 seconds
[2023-11-15T20:03:55.379+0000][3.140s][debug][safepoint     ] Safepoint synchronization initiated. (12 threads)
[2023-11-15T20:03:55.379+0000][3.140s][info ][safepoint     ] Application time: 0.1728240 seconds
[2023-11-15T20:03:55.379+0000][3.140s][debug][safepoint     ] ... found polling page return exception at pc = 0x00007f69302c3cf2, stub =0x00007f692883a800
[2023-11-15T20:03:55.379+0000][3.141s][debug][safepoint     ] ... found polling page return exception at pc = 0x00007f692927ff80, stub =0x00007f692883a800
[2023-11-15T20:03:55.380+0000][3.141s][debug][safepoint     ] Waiting for 2 thread(s) to block
[2023-11-15T20:03:55.380+0000][3.141s][info ][safepoint     ] Entering safepoint region: CollectForMetadataAllocation
[2023-11-15T20:03:55.380+0000][3.141s][info ][gc,start      ] GC(5) Pause Young (Concurrent Start) (Metadata GC Threshold)
[2023-11-15T20:03:55.380+0000][3.141s][info ][gc,task       ] GC(5) Using 4 workers of 4 for evacuation
[2023-11-15T20:03:55.390+0000][3.151s][info ][gc,phases     ] GC(5)   Pre Evacuate Collection Set: 0.0ms
[2023-11-15T20:03:55.390+0000][3.151s][info ][gc,phases     ] GC(5)   Evacuate Collection Set: 8.6ms
[2023-11-15T20:03:55.390+0000][3.151s][info ][gc,phases     ] GC(5)   Post Evacuate Collection Set: 1.3ms
[2023-11-15T20:03:55.390+0000][3.151s][info ][gc,phases     ] GC(5)   Other: 0.2ms
[2023-11-15T20:03:55.390+0000][3.151s][info ][gc,heap       ] GC(5) Eden regions: 158->0(176)
[2023-11-15T20:03:55.390+0000][3.151s][info ][gc,heap       ] GC(5) Survivor regions: 7->9(24)
[2023-11-15T20:03:55.390+0000][3.151s][info ][gc,heap       ] GC(5) Old regions: 10->10
[2023-11-15T20:03:55.390+0000][3.151s][info ][gc,heap       ] GC(5) Humongous regions: 0->0
[2023-11-15T20:03:55.390+0000][3.151s][info ][gc,metaspace  ] GC(5) Metaspace: 20439K(21248K)->20439K(21248K) NonClass: 17870K(18432K)->17870K(18432K) Class: 2569K(2816K)->2569K(2816K)
[2023-11-15T20:03:55.390+0000][3.151s][info ][gc            ] GC(5) Pause Young (Concurrent Start) (Metadata GC Threshold) 172M->16M(309M) 10.239ms
[2023-11-15T20:03:55.390+0000][3.152s][info ][gc,cpu        ] GC(5) User=0.02s Sys=0.00s Real=0.01s
[2023-11-15T20:03:55.390+0000][3.152s][info ][gc            ] GC(6) Concurrent Cycle
[2023-11-15T20:03:55.390+0000][3.152s][info ][gc,marking    ] GC(6) Concurrent Clear Claimed Marks
[2023-11-15T20:03:55.390+0000][3.152s][info ][safepoint     ] Leaving safepoint region
[2023-11-15T20:03:55.390+0000][3.152s][info ][safepoint     ] Total time for which application threads were stopped: 0.0112335 seconds, Stopping threads took: 0.0008107 seconds
[2023-11-15T20:03:55.390+0000][3.152s][info ][gc,marking    ] GC(6) Concurrent Clear Claimed Marks 0.024ms
[2023-11-15T20:03:55.390+0000][3.152s][info ][gc,marking    ] GC(6) Concurrent Scan Root Regions
[2023-11-15T20:03:55.390+0000][3.152s][info ][gc,stringdedup] Concurrent String Deduplication (3.152s)
[2023-11-15T20:03:55.391+0000][3.153s][info ][gc,stringdedup] Concurrent String Deduplication 150.6K->52640.0B(101576.0B) avg 13.2% (3.152s, 3.153s) 1.108ms
[2023-11-15T20:03:55.396+0000][3.157s][info ][gc,marking    ] GC(6) Concurrent Scan Root Regions 5.587ms
[2023-11-15T20:03:55.396+0000][3.157s][info ][gc,marking    ] GC(6) Concurrent Mark (3.157s)
[2023-11-15T20:03:55.396+0000][3.157s][info ][gc,marking    ] GC(6) Concurrent Mark From Roots
[2023-11-15T20:03:55.396+0000][3.157s][info ][gc,task       ] GC(6) Using 1 workers of 1 for marking
[2023-11-15T20:03:55.412+0000][3.173s][info ][gc,marking    ] GC(6) Concurrent Mark From Roots 16.123ms
[2023-11-15T20:03:55.412+0000][3.173s][info ][gc,marking    ] GC(6) Concurrent Preclean
[2023-11-15T20:03:55.412+0000][3.173s][info ][gc,marking    ] GC(6) Concurrent Preclean 0.062ms
[2023-11-15T20:03:55.412+0000][3.173s][info ][gc,marking    ] GC(6) Concurrent Mark (3.157s, 3.173s) 16.246ms
[2023-11-15T20:03:55.412+0000][3.174s][debug][safepoint     ] Safepoint synchronization initiated. (12 threads)
[2023-11-15T20:03:55.412+0000][3.174s][info ][safepoint     ] Application time: 0.0219206 seconds
[2023-11-15T20:03:55.412+0000][3.174s][debug][safepoint     ] Waiting for 1 thread(s) to block
[2023-11-15T20:03:55.412+0000][3.174s][info ][safepoint     ] Entering safepoint region: CGC_Operation
[2023-11-15T20:03:55.412+0000][3.174s][info ][gc,start      ] GC(6) Pause Remark
[2023-11-15T20:03:55.416+0000][3.177s][info ][gc,stringtable] GC(6) Cleaned string and symbol table, strings: 7524 processed, 7 removed, symbols: 55504 processed, 113 removed
[2023-11-15T20:03:55.416+0000][3.177s][info ][gc            ] GC(6) Pause Remark 20M->20M(309M) 3.734ms
[2023-11-15T20:03:55.416+0000][3.178s][info ][gc,cpu        ] GC(6) User=0.01s Sys=0.00s Real=0.00s
[2023-11-15T20:03:55.416+0000][3.178s][info ][safepoint     ] Leaving safepoint region
[2023-11-15T20:03:55.416+0000][3.178s][info ][safepoint     ] Total time for which application threads were stopped: 0.0039920 seconds, Stopping threads took: 0.0001020 seconds
[2023-11-15T20:03:55.416+0000][3.178s][info ][gc,marking    ] GC(6) Concurrent Rebuild Remembered Sets
[2023-11-15T20:03:55.422+0000][3.184s][info ][gc,marking    ] GC(6) Concurrent Rebuild Remembered Sets 6.042ms
[2023-11-15T20:03:55.422+0000][3.184s][debug][safepoint     ] Safepoint synchronization initiated. (12 threads)
[2023-11-15T20:03:55.422+0000][3.184s][info ][safepoint     ] Application time: 0.0061339 seconds
[2023-11-15T20:03:55.422+0000][3.184s][debug][safepoint     ] ... found polling page return exception at pc = 0x00007f693035d675, stub =0x00007f692883a800
[2023-11-15T20:03:55.422+0000][3.184s][debug][safepoint     ] Waiting for 2 thread(s) to block
[2023-11-15T20:03:55.422+0000][3.184s][info ][safepoint     ] Entering safepoint region: CGC_Operation
[2023-11-15T20:03:55.422+0000][3.184s][info ][gc,start      ] GC(6) Pause Cleanup
[2023-11-15T20:03:55.422+0000][3.184s][info ][gc            ] GC(6) Pause Cleanup 22M->22M(309M) 0.138ms
[2023-11-15T20:03:55.422+0000][3.184s][info ][gc,cpu        ] GC(6) User=0.00s Sys=0.00s Real=0.00s
[2023-11-15T20:03:55.422+0000][3.184s][info ][safepoint     ] Leaving safepoint region
[2023-11-15T20:03:55.422+0000][3.184s][info ][safepoint     ] Total time for which application threads were stopped: 0.0003339 seconds, Stopping threads took: 0.0001075 seconds
[2023-11-15T20:03:55.422+0000][3.184s][info ][gc,marking    ] GC(6) Concurrent Cleanup for Next Mark
[2023-11-15T20:03:55.426+0000][3.188s][info ][gc,marking    ] GC(6) Concurrent Cleanup for Next Mark 3.769ms
[2023-11-15T20:03:55.426+0000][3.188s][info ][gc            ] GC(6) Concurrent Cycle 36.308ms
[2023-11-15T20:03:55.583+0000][3.345s][debug][safepoint     ] Safepoint synchronization initiated. (12 threads)
[2023-11-15T20:03:55.583+0000][3.345s][info ][safepoint     ] Application time: 0.1608028 seconds
[2023-11-15T20:03:55.583+0000][3.345s][info ][safepoint     ] Entering safepoint region: Deoptimize
[2023-11-15T20:03:55.583+0000][3.345s][info ][safepoint     ] Leaving safepoint region
[2023-11-15T20:03:55.584+0000][3.345s][info ][safepoint     ] Total time for which application threads were stopped: 0.0003101 seconds, Stopping threads took: 0.0000104 seconds
[2023-11-15T20:03:56.093+0000][3.855s][debug][safepoint     ] Safepoint synchronization initiated. (11 threads)
[2023-11-15T20:03:56.093+0000][3.855s][info ][safepoint     ] Application time: 0.5096725 seconds
[2023-11-15T20:03:56.093+0000][3.855s][info ][safepoint     ] Entering safepoint region: G1CollectForAllocation
[2023-11-15T20:03:56.093+0000][3.855s][info ][gc,start      ] GC(7) Pause Young (Normal) (G1 Evacuation Pause)
[2023-11-15T20:03:56.093+0000][3.855s][info ][gc,task       ] GC(7) Using 4 workers of 4 for evacuation
[2023-11-15T20:03:56.108+0000][3.870s][info ][gc,phases     ] GC(7)   Pre Evacuate Collection Set: 0.0ms
[2023-11-15T20:03:56.108+0000][3.870s][info ][gc,phases     ] GC(7)   Evacuate Collection Set: 13.1ms
[2023-11-15T20:03:56.108+0000][3.870s][info ][gc,phases     ] GC(7)   Post Evacuate Collection Set: 1.8ms
[2023-11-15T20:03:56.108+0000][3.870s][info ][gc,phases     ] GC(7)   Other: 0.2ms
[2023-11-15T20:03:56.108+0000][3.870s][info ][gc,heap       ] GC(7) Eden regions: 176->0(172)
[2023-11-15T20:03:56.108+0000][3.870s][info ][gc,heap       ] GC(7) Survivor regions: 9->13(24)
[2023-11-15T20:03:56.108+0000][3.870s][info ][gc,heap       ] GC(7) Old regions: 10->10
[2023-11-15T20:03:56.108+0000][3.870s][info ][gc,heap       ] GC(7) Humongous regions: 0->0
[2023-11-15T20:03:56.108+0000][3.870s][info ][gc,metaspace  ] GC(7) Metaspace: 23977K(25212K)->23977K(25212K) NonClass: 20941K(21760K)->20941K(21760K) Class: 3035K(3452K)->3035K(3452K)
[2023-11-15T20:03:56.109+0000][3.870s][info ][gc            ] GC(7) Pause Young (Normal) (G1 Evacuation Pause) 192M->20M(309M) 15.165ms
[2023-11-15T20:03:56.109+0000][3.870s][info ][gc,cpu        ] GC(7) User=0.05s Sys=0.00s Real=0.02s
[2023-11-15T20:03:56.109+0000][3.870s][info ][safepoint     ] Leaving safepoint region
[2023-11-15T20:03:56.109+0000][3.870s][info ][safepoint     ] Total time for which application threads were stopped: 0.0153640 seconds, Stopping threads took: 0.0000107 seconds
[2023-11-15T20:03:56.112+0000][3.873s][info ][gc,stringdedup] Concurrent String Deduplication (3.873s)
[2023-11-15T20:03:56.113+0000][3.875s][info ][gc,stringdedup] Concurrent String Deduplication 214.2K->119.3K(97208.0B) avg 15.5% (3.873s, 3.875s) 1.603ms
[2023-11-15T20:03:56.762+0000][4.524s][debug][safepoint     ] Safepoint synchronization initiated. (11 threads)
[2023-11-15T20:03:56.762+0000][4.524s][info ][safepoint     ] Application time: 0.6539005 seconds
[2023-11-15T20:03:56.762+0000][4.524s][info ][safepoint     ] Entering safepoint region: ICBufferFull
[2023-11-15T20:03:56.763+0000][4.524s][info ][safepoint     ] Leaving safepoint region
[2023-11-15T20:03:56.763+0000][4.524s][info ][safepoint     ] Total time for which application threads were stopped: 0.0001950 seconds, Stopping threads took: 0.0000101 seconds
[2023-11-15T20:03:56.787+0000][4.549s][debug][safepoint     ] Safepoint synchronization initiated. (11 threads)
[2023-11-15T20:03:56.787+0000][4.549s][info ][safepoint     ] Application time: 0.0242548 seconds
[2023-11-15T20:03:56.787+0000][4.549s][info ][safepoint     ] Entering safepoint region: G1CollectForAllocation
[2023-11-15T20:03:56.787+0000][4.549s][info ][gc,start      ] GC(8) Pause Young (Normal) (G1 Evacuation Pause)
[2023-11-15T20:03:56.787+0000][4.549s][info ][gc,task       ] GC(8) Using 4 workers of 4 for evacuation
[2023-11-15T20:03:56.809+0000][4.571s][info ][gc,phases     ] GC(8)   Pre Evacuate Collection Set: 0.0ms
[2023-11-15T20:03:56.809+0000][4.571s][info ][gc,phases     ] GC(8)   Evacuate Collection Set: 20.5ms
[2023-11-15T20:03:56.809+0000][4.571s][info ][gc,phases     ] GC(8)   Post Evacuate Collection Set: 1.3ms
[2023-11-15T20:03:56.809+0000][4.571s][info ][gc,phases     ] GC(8)   Other: 0.2ms
[2023-11-15T20:03:56.809+0000][4.571s][info ][gc,heap       ] GC(8) Eden regions: 172->0(169)
[2023-11-15T20:03:56.809+0000][4.571s][info ][gc,heap       ] GC(8) Survivor regions: 13->16(24)
[2023-11-15T20:03:56.809+0000][4.571s][info ][gc,heap       ] GC(8) Old regions: 10->10
[2023-11-15T20:03:56.809+0000][4.571s][info ][gc,heap       ] GC(8) Humongous regions: 0->0
[2023-11-15T20:03:56.809+0000][4.571s][info ][gc,metaspace  ] GC(8) Metaspace: 24599K(25724K)->24599K(25724K) NonClass: 21503K(22272K)->21503K(22272K) Class: 3095K(3452K)->3095K(3452K)
[2023-11-15T20:03:56.809+0000][4.571s][info ][gc            ] GC(8) Pause Young (Normal) (G1 Evacuation Pause) 192M->24M(309M) 22.101ms
[2023-11-15T20:03:56.809+0000][4.571s][info ][gc,cpu        ] GC(8) User=0.07s Sys=0.00s Real=0.03s
[2023-11-15T20:03:56.809+0000][4.571s][info ][safepoint     ] Leaving safepoint region
[2023-11-15T20:03:56.809+0000][4.571s][info ][safepoint     ] Total time for which application threads were stopped: 0.0222514 seconds, Stopping threads took: 0.0000104 seconds
[2023-11-15T20:03:56.809+0000][4.571s][info ][gc,stringdedup] Concurrent String Deduplication (4.571s)
[2023-11-15T20:03:56.812+0000][4.574s][info ][gc,stringdedup] Concurrent String Deduplication 841.1K->745.4K(97968.0B) avg 14.6% (4.571s, 4.574s) 2.891ms
[2023-11-15T20:03:57.183+0000][4.944s][debug][safepoint     ] Safepoint synchronization initiated. (12 threads)
[2023-11-15T20:03:57.183+0000][4.944s][info ][safepoint     ] Application time: 0.3733841 seconds
[2023-11-15T20:03:57.184+0000][4.945s][debug][safepoint     ] ... found polling page loop exception at pc = 0x00007f6930405783, stub =0x00007f692883ab00
[2023-11-15T20:03:57.184+0000][4.945s][debug][safepoint     ] Waiting for 1 thread(s) to block
[2023-11-15T20:03:57.184+0000][4.945s][info ][safepoint     ] Entering safepoint region: G1CollectForAllocation
[2023-11-15T20:03:57.184+0000][4.945s][info ][gc,start      ] GC(9) Pause Young (Normal) (G1 Evacuation Pause)
[2023-11-15T20:03:57.184+0000][4.945s][info ][gc,task       ] GC(9) Using 4 workers of 4 for evacuation
[2023-11-15T20:03:57.200+0000][4.962s][info ][gc,phases     ] GC(9)   Pre Evacuate Collection Set: 0.0ms
[2023-11-15T20:03:57.200+0000][4.962s][info ][gc,phases     ] GC(9)   Evacuate Collection Set: 14.5ms
[2023-11-15T20:03:57.200+0000][4.962s][info ][gc,phases     ] GC(9)   Post Evacuate Collection Set: 1.9ms
[2023-11-15T20:03:57.200+0000][4.962s][info ][gc,phases     ] GC(9)   Other: 0.1ms
[2023-11-15T20:03:57.200+0000][4.962s][info ][gc,heap       ] GC(9) Eden regions: 169->0(211)
[2023-11-15T20:03:57.200+0000][4.962s][info ][gc,heap       ] GC(9) Survivor regions: 16->14(24)
[2023-11-15T20:03:57.200+0000][4.962s][info ][gc,heap       ] GC(9) Old regions: 10->15
[2023-11-15T20:03:57.200+0000][4.962s][info ][gc,heap       ] GC(9) Humongous regions: 0->0
[2023-11-15T20:03:57.200+0000][4.962s][info ][gc,metaspace  ] GC(9) Metaspace: 25658K(26876K)->25658K(26876K) NonClass: 22483K(23296K)->22483K(23296K) Class: 3175K(3580K)->3175K(3580K)
[2023-11-15T20:03:57.200+0000][4.962s][info ][gc            ] GC(9) Pause Young (Normal) (G1 Evacuation Pause) 193M->27M(376M) 16.589ms
[2023-11-15T20:03:57.200+0000][4.962s][info ][gc,cpu        ] GC(9) User=0.07s Sys=0.00s Real=0.02s
[2023-11-15T20:03:57.200+0000][4.962s][info ][safepoint     ] Leaving safepoint region
[2023-11-15T20:03:57.200+0000][4.962s][info ][safepoint     ] Total time for which application threads were stopped: 0.0177382 seconds, Stopping threads took: 0.0009681 seconds
[2023-11-15T20:03:57.200+0000][4.962s][info ][gc,stringdedup] Concurrent String Deduplication (4.962s)
[2023-11-15T20:03:57.206+0000][4.968s][info ][gc,stringdedup] Concurrent String Deduplication 1374.0K->721.4K(652.6K) avg 23.3% (4.962s, 4.968s) 5.629ms
[2023-11-15T20:03:57.527+0000][5.289s][debug][safepoint     ] Safepoint synchronization initiated. (12 threads)
[2023-11-15T20:03:57.527+0000][5.289s][info ][safepoint     ] Application time: 0.3270717 seconds
[2023-11-15T20:03:57.528+0000][5.290s][debug][safepoint     ] ... found polling page return exception at pc = 0x00007f693035ffa3, stub =0x00007f692883a800
[2023-11-15T20:03:57.528+0000][5.290s][debug][safepoint     ] Waiting for 2 thread(s) to block
[2023-11-15T20:03:57.528+0000][5.290s][info ][safepoint     ] Entering safepoint region: G1CollectForAllocation
[2023-11-15T20:03:57.528+0000][5.290s][info ][gc,start      ] GC(10) Pause Young (Normal) (G1 Evacuation Pause)
[2023-11-15T20:03:57.528+0000][5.290s][info ][gc,task       ] GC(10) Using 4 workers of 4 for evacuation
[2023-11-15T20:03:57.539+0000][5.300s][info ][gc,phases     ] GC(10)   Pre Evacuate Collection Set: 0.0ms
[2023-11-15T20:03:57.539+0000][5.300s][info ][gc,phases     ] GC(10)   Evacuate Collection Set: 7.7ms
[2023-11-15T20:03:57.539+0000][5.300s][info ][gc,phases     ] GC(10)   Post Evacuate Collection Set: 2.6ms
[2023-11-15T20:03:57.539+0000][5.300s][info ][gc,phases     ] GC(10)   Other: 0.2ms
[2023-11-15T20:03:57.539+0000][5.300s][info ][gc,heap       ] GC(10) Eden regions: 211->0(211)
[2023-11-15T20:03:57.539+0000][5.300s][info ][gc,heap       ] GC(10) Survivor regions: 14->14(29)
[2023-11-15T20:03:57.539+0000][5.300s][info ][gc,heap       ] GC(10) Old regions: 15->15
[2023-11-15T20:03:57.539+0000][5.300s][info ][gc,heap       ] GC(10) Humongous regions: 0->0
[2023-11-15T20:03:57.539+0000][5.300s][info ][gc,metaspace  ] GC(10) Metaspace: 26243K(27388K)->26243K(27388K) NonClass: 23019K(23808K)->23019K(23808K) Class: 3224K(3580K)->3224K(3580K)
[2023-11-15T20:03:57.539+0000][5.300s][info ][gc            ] GC(10) Pause Young (Normal) (G1 Evacuation Pause) 238M->26M(376M) 10.643ms
[2023-11-15T20:03:57.539+0000][5.300s][info ][gc,cpu        ] GC(10) User=0.03s Sys=0.00s Real=0.00s
[2023-11-15T20:03:57.539+0000][5.300s][info ][safepoint     ] Leaving safepoint region
[2023-11-15T20:03:57.539+0000][5.300s][info ][safepoint     ] Total time for which application threads were stopped: 0.0111928 seconds, Stopping threads took: 0.0004184 seconds
[2023-11-15T20:03:57.539+0000][5.300s][info ][gc,stringdedup] Concurrent String Deduplication (5.300s)
[2023-11-15T20:03:57.543+0000][5.305s][info ][gc,stringdedup] Concurrent String Deduplication 1209.0K->379.2K(829.8K) avg 31.9% (5.300s, 5.305s) 4.509ms
[2023-11-15T20:03:58.171+0000][5.932s][debug][safepoint     ] Safepoint synchronization initiated. (11 threads)
[2023-11-15T20:03:58.171+0000][5.932s][info ][safepoint     ] Application time: 0.6321089 seconds
[2023-11-15T20:03:58.171+0000][5.932s][info ][safepoint     ] Entering safepoint region: G1CollectForAllocation
[2023-11-15T20:03:58.171+0000][5.933s][info ][gc,start      ] GC(11) Pause Young (Normal) (G1 Evacuation Pause)
[2023-11-15T20:03:58.171+0000][5.933s][info ][gc,task       ] GC(11) Using 4 workers of 4 for evacuation
[2023-11-15T20:03:58.181+0000][5.943s][info ][gc,phases     ] GC(11)   Pre Evacuate Collection Set: 0.0ms
[2023-11-15T20:03:58.181+0000][5.943s][info ][gc,phases     ] GC(11)   Evacuate Collection Set: 7.7ms
[2023-11-15T20:03:58.181+0000][5.943s][info ][gc,phases     ] GC(11)   Post Evacuate Collection Set: 2.4ms
[2023-11-15T20:03:58.181+0000][5.943s][info ][gc,phases     ] GC(11)   Other: 0.1ms
[2023-11-15T20:03:58.181+0000][5.943s][info ][gc,heap       ] GC(11) Eden regions: 211->0(211)
[2023-11-15T20:03:58.181+0000][5.943s][info ][gc,heap       ] GC(11) Survivor regions: 14->14(29)
[2023-11-15T20:03:58.181+0000][5.943s][info ][gc,heap       ] GC(11) Old regions: 15->15
[2023-11-15T20:03:58.181+0000][5.943s][info ][gc,heap       ] GC(11) Humongous regions: 0->0
[2023-11-15T20:03:58.181+0000][5.943s][info ][gc,metaspace  ] GC(11) Metaspace: 32187K(33404K)->32187K(33404K) NonClass: 28316K(29184K)->28316K(29184K) Class: 3870K(4220K)->3870K(4220K)
[2023-11-15T20:03:58.181+0000][5.943s][info ][gc            ] GC(11) Pause Young (Normal) (G1 Evacuation Pause) 237M->27M(376M) 10.397ms
[2023-11-15T20:03:58.181+0000][5.943s][info ][gc,cpu        ] GC(11) User=0.04s Sys=0.00s Real=0.01s
[2023-11-15T20:03:58.181+0000][5.943s][info ][safepoint     ] Leaving safepoint region
[2023-11-15T20:03:58.181+0000][5.943s][info ][safepoint     ] Total time for which application threads were stopped: 0.0105870 seconds, Stopping threads took: 0.0000107 seconds
[2023-11-15T20:03:58.181+0000][5.943s][info ][gc,stringdedup] Concurrent String Deduplication (5.943s)
[2023-11-15T20:03:58.185+0000][5.947s][info ][gc,stringdedup] Concurrent String Deduplication 1206.2K->261.8K(944.4K) avg 39.3% (5.943s, 5.947s) 3.678ms
[2023-11-15T20:03:58.407+0000][6.169s][debug][safepoint     ] Safepoint synchronization initiated. (11 threads)
[2023-11-15T20:03:58.407+0000][6.169s][info ][safepoint     ] Application time: 0.2256278 seconds
[2023-11-15T20:03:58.407+0000][6.169s][debug][safepoint     ] Waiting for 1 thread(s) to block
[2023-11-15T20:03:58.407+0000][6.169s][info ][safepoint     ] Entering safepoint region: Deoptimize
[2023-11-15T20:03:58.408+0000][6.169s][info ][safepoint     ] Leaving safepoint region
[2023-11-15T20:03:58.408+0000][6.169s][info ][safepoint     ] Total time for which application threads were stopped: 0.0004628 seconds, Stopping threads took: 0.0000284 seconds
[2023-11-15T20:03:58.715+0000][6.477s][debug][safepoint     ] Safepoint synchronization initiated. (11 threads)
[2023-11-15T20:03:58.715+0000][6.477s][info ][safepoint     ] Application time: 0.3074063 seconds
[2023-11-15T20:03:58.715+0000][6.477s][debug][safepoint     ] Waiting for 1 thread(s) to block
[2023-11-15T20:03:58.715+0000][6.477s][info ][safepoint     ] Entering safepoint region: G1CollectForAllocation
[2023-11-15T20:03:58.715+0000][6.477s][info ][gc,start      ] GC(12) Pause Young (Normal) (G1 Evacuation Pause)
[2023-11-15T20:03:58.715+0000][6.477s][info ][gc,task       ] GC(12) Using 4 workers of 4 for evacuation
[2023-11-15T20:03:58.726+0000][6.488s][info ][gc,phases     ] GC(12)   Pre Evacuate Collection Set: 0.0ms
[2023-11-15T20:03:58.726+0000][6.488s][info ][gc,phases     ] GC(12)   Evacuate Collection Set: 9.7ms
[2023-11-15T20:03:58.726+0000][6.488s][info ][gc,phases     ] GC(12)   Post Evacuate Collection Set: 1.3ms
[2023-11-15T20:03:58.726+0000][6.488s][info ][gc,phases     ] GC(12)   Other: 0.1ms
[2023-11-15T20:03:58.726+0000][6.488s][info ][gc,heap       ] GC(12) Eden regions: 211->0(210)
[2023-11-15T20:03:58.726+0000][6.488s][info ][gc,heap       ] GC(12) Survivor regions: 14->15(29)
[2023-11-15T20:03:58.726+0000][6.488s][info ][gc,heap       ] GC(12) Old regions: 15->15
[2023-11-15T20:03:58.726+0000][6.488s][info ][gc,heap       ] GC(12) Humongous regions: 0->0
[2023-11-15T20:03:58.726+0000][6.488s][info ][gc,metaspace  ] GC(12) Metaspace: 32835K(34044K)->32835K(34044K) NonClass: 28876K(29696K)->28876K(29696K) Class: 3959K(4348K)->3959K(4348K)
[2023-11-15T20:03:58.726+0000][6.488s][info ][gc            ] GC(12) Pause Young (Normal) (G1 Evacuation Pause) 238M->28M(376M) 11.222ms
[2023-11-15T20:03:58.726+0000][6.488s][info ][gc,cpu        ] GC(12) User=0.03s Sys=0.00s Real=0.01s
[2023-11-15T20:03:58.726+0000][6.488s][info ][safepoint     ] Leaving safepoint region
[2023-11-15T20:03:58.726+0000][6.488s][info ][safepoint     ] Total time for which application threads were stopped: 0.0113788 seconds, Stopping threads took: 0.0000273 seconds
[2023-11-15T20:03:58.726+0000][6.488s][info ][gc,stringdedup] Concurrent String Deduplication (6.488s)
[2023-11-15T20:03:58.727+0000][6.488s][info ][gc,stringdedup] Concurrent String Deduplication 56888.0B->10728.0B(46160.0B) avg 39.6% (6.488s, 6.488s) 0.186ms
[2023-11-15T20:03:58.779+0000][6.541s][debug][safepoint     ] Safepoint synchronization initiated. (11 threads)
[2023-11-15T20:03:58.779+0000][6.541s][info ][safepoint     ] Application time: 0.0526561 seconds
[2023-11-15T20:03:58.779+0000][6.541s][debug][safepoint     ] Waiting for 1 thread(s) to block
[2023-11-15T20:03:58.779+0000][6.541s][info ][safepoint     ] Entering safepoint region: Deoptimize
[2023-11-15T20:03:58.779+0000][6.541s][info ][safepoint     ] Leaving safepoint region
[2023-11-15T20:03:58.779+0000][6.541s][info ][safepoint     ] Total time for which application threads were stopped: 0.0004471 seconds, Stopping threads took: 0.0000283 seconds
[2023-11-15T20:03:59.047+0000][6.809s][debug][safepoint     ] Safepoint synchronization initiated. (11 threads)
[2023-11-15T20:03:59.047+0000][6.809s][info ][safepoint     ] Application time: 0.2679413 seconds
[2023-11-15T20:03:59.047+0000][6.809s][info ][safepoint     ] Entering safepoint region: Deoptimize
[2023-11-15T20:03:59.048+0000][6.810s][info ][safepoint     ] Leaving safepoint region
[2023-11-15T20:03:59.048+0000][6.810s][info ][safepoint     ] Total time for which application threads were stopped: 0.0004674 seconds, Stopping threads took: 0.0000099 seconds
[2023-11-15T20:03:59.055+0000][6.816s][debug][safepoint     ] Safepoint synchronization initiated. (11 threads)
[2023-11-15T20:03:59.055+0000][6.816s][info ][safepoint     ] Application time: 0.0067216 seconds
[2023-11-15T20:03:59.055+0000][6.816s][info ][safepoint     ] Entering safepoint region: Deoptimize
[2023-11-15T20:03:59.055+0000][6.817s][info ][safepoint     ] Leaving safepoint region
[2023-11-15T20:03:59.055+0000][6.817s][info ][safepoint     ] Total time for which application threads were stopped: 0.0004038 seconds, Stopping threads took: 0.0000099 seconds
[2023-11-15T20:03:59.073+0000][6.835s][debug][safepoint     ] Safepoint synchronization initiated. (11 threads)
[2023-11-15T20:03:59.073+0000][6.835s][info ][safepoint     ] Application time: 0.0178741 seconds
[2023-11-15T20:03:59.073+0000][6.835s][info ][safepoint     ] Entering safepoint region: Deoptimize
[2023-11-15T20:03:59.073+0000][6.835s][info ][safepoint     ] Leaving safepoint region
[2023-11-15T20:03:59.073+0000][6.835s][info ][safepoint     ] Total time for which application threads were stopped: 0.0004503 seconds, Stopping threads took: 0.0000101 seconds
[2023-11-15T20:03:59.094+0000][6.855s][debug][safepoint     ] Safepoint synchronization initiated. (11 threads)
[2023-11-15T20:03:59.094+0000][6.855s][info ][safepoint     ] Application time: 0.0203645 seconds
[2023-11-15T20:03:59.094+0000][6.855s][info ][safepoint     ] Entering safepoint region: Deoptimize
[2023-11-15T20:03:59.094+0000][6.856s][info ][safepoint     ] Leaving safepoint region
[2023-11-15T20:03:59.094+0000][6.856s][info ][safepoint     ] Total time for which application threads were stopped: 0.0004418 seconds, Stopping threads took: 0.0000088 seconds
[2023-11-15T20:03:59.118+0000][6.880s][debug][safepoint     ] Safepoint synchronization initiated. (11 threads)
[2023-11-15T20:03:59.118+0000][6.880s][info ][safepoint     ] Application time: 0.0237235 seconds
[2023-11-15T20:03:59.118+0000][6.880s][info ][safepoint     ] Entering safepoint region: CollectForMetadataAllocation
[2023-11-15T20:03:59.118+0000][6.880s][info ][gc,start      ] GC(13) Pause Young (Concurrent Start) (Metadata GC Threshold)
[2023-11-15T20:03:59.118+0000][6.880s][info ][gc,task       ] GC(13) Using 4 workers of 4 for evacuation
[2023-11-15T20:03:59.138+0000][6.900s][info ][gc,phases     ] GC(13)   Pre Evacuate Collection Set: 0.1ms
[2023-11-15T20:03:59.138+0000][6.900s][info ][gc,phases     ] GC(13)   Evacuate Collection Set: 16.6ms
[2023-11-15T20:03:59.138+0000][6.900s][info ][gc,phases     ] GC(13)   Post Evacuate Collection Set: 3.2ms
[2023-11-15T20:03:59.138+0000][6.900s][info ][gc,phases     ] GC(13)   Other: 0.2ms
[2023-11-15T20:03:59.138+0000][6.900s][info ][gc,heap       ] GC(13) Eden regions: 125->0(256)
[2023-11-15T20:03:59.138+0000][6.900s][info ][gc,heap       ] GC(13) Survivor regions: 15->15(29)
[2023-11-15T20:03:59.138+0000][6.900s][info ][gc,heap       ] GC(13) Old regions: 15->15
[2023-11-15T20:03:59.138+0000][6.900s][info ][gc,heap       ] GC(13) Humongous regions: 0->0
[2023-11-15T20:03:59.138+0000][6.900s][info ][gc,metaspace  ] GC(13) Metaspace: 35010K(36048K)->35010K(36048K) NonClass: 30788K(31444K)->30788K(31444K) Class: 4222K(4604K)->4222K(4604K)
[2023-11-15T20:03:59.138+0000][6.900s][info ][gc            ] GC(13) Pause Young (Concurrent Start) (Metadata GC Threshold) 153M->27M(452M) 20.180ms
[2023-11-15T20:03:59.138+0000][6.900s][info ][gc,cpu        ] GC(13) User=0.06s Sys=0.00s Real=0.02s
[2023-11-15T20:03:59.138+0000][6.900s][info ][safepoint     ] Leaving safepoint region
[2023-11-15T20:03:59.138+0000][6.900s][info ][safepoint     ] Total time for which application threads were stopped: 0.0203760 seconds, Stopping threads took: 0.0000091 seconds
[2023-11-15T20:03:59.138+0000][6.900s][info ][gc            ] GC(14) Concurrent Cycle
[2023-11-15T20:03:59.138+0000][6.900s][info ][gc,marking    ] GC(14) Concurrent Clear Claimed Marks
[2023-11-15T20:03:59.138+0000][6.900s][info ][gc,marking    ] GC(14) Concurrent Clear Claimed Marks 0.066ms
[2023-11-15T20:03:59.138+0000][6.900s][info ][gc,marking    ] GC(14) Concurrent Scan Root Regions
[2023-11-15T20:03:59.138+0000][6.900s][info ][gc,stringdedup] Concurrent String Deduplication (6.900s)
[2023-11-15T20:03:59.140+0000][6.901s][info ][gc,stringdedup] Concurrent String Deduplication 208.6K->58360.0B(151.6K) avg 40.5% (6.900s, 6.901s) 1.286ms
[2023-11-15T20:03:59.147+0000][6.909s][info ][gc,marking    ] GC(14) Concurrent Scan Root Regions 8.877ms
[2023-11-15T20:03:59.147+0000][6.909s][info ][gc,marking    ] GC(14) Concurrent Mark (6.909s)
[2023-11-15T20:03:59.147+0000][6.909s][info ][gc,marking    ] GC(14) Concurrent Mark From Roots
[2023-11-15T20:03:59.147+0000][6.909s][info ][gc,task       ] GC(14) Using 1 workers of 1 for marking
[2023-11-15T20:03:59.170+0000][6.931s][info ][gc,marking    ] GC(14) Concurrent Mark From Roots 22.154ms
[2023-11-15T20:03:59.170+0000][6.931s][info ][gc,marking    ] GC(14) Concurrent Preclean
[2023-11-15T20:03:59.170+0000][6.931s][info ][gc,marking    ] GC(14) Concurrent Preclean 0.074ms
[2023-11-15T20:03:59.170+0000][6.931s][info ][gc,marking    ] GC(14) Concurrent Mark (6.909s, 6.931s) 22.295ms
[2023-11-15T20:03:59.170+0000][6.931s][debug][safepoint     ] Safepoint synchronization initiated. (11 threads)
[2023-11-15T20:03:59.170+0000][6.931s][info ][safepoint     ] Application time: 0.0313542 seconds
[2023-11-15T20:03:59.170+0000][6.931s][info ][safepoint     ] Entering safepoint region: CGC_Operation
[2023-11-15T20:03:59.170+0000][6.931s][info ][gc,start      ] GC(14) Pause Remark
[2023-11-15T20:03:59.177+0000][6.938s][info ][gc,stringtable] GC(14) Cleaned string and symbol table, strings: 12275 processed, 27 removed, symbols: 122013 processed, 334 removed
[2023-11-15T20:03:59.177+0000][6.939s][info ][gc            ] GC(14) Pause Remark 36M->36M(452M) 7.243ms
[2023-11-15T20:03:59.177+0000][6.939s][info ][gc,cpu        ] GC(14) User=0.02s Sys=0.00s Real=0.00s
[2023-11-15T20:03:59.177+0000][6.939s][info ][safepoint     ] Leaving safepoint region
[2023-11-15T20:03:59.177+0000][6.939s][info ][safepoint     ] Total time for which application threads were stopped: 0.0073752 seconds, Stopping threads took: 0.0000106 seconds
[2023-11-15T20:03:59.177+0000][6.939s][info ][gc,marking    ] GC(14) Concurrent Rebuild Remembered Sets
[2023-11-15T20:03:59.189+0000][6.951s][info ][gc,marking    ] GC(14) Concurrent Rebuild Remembered Sets 12.037ms
[2023-11-15T20:03:59.189+0000][6.951s][debug][safepoint     ] Safepoint synchronization initiated. (11 threads)
[2023-11-15T20:03:59.189+0000][6.951s][info ][safepoint     ] Application time: 0.0121961 seconds
[2023-11-15T20:03:59.189+0000][6.951s][debug][safepoint     ] Waiting for 1 thread(s) to block
[2023-11-15T20:03:59.190+0000][6.951s][info ][safepoint     ] Entering safepoint region: CGC_Operation
[2023-11-15T20:03:59.190+0000][6.951s][info ][gc,start      ] GC(14) Pause Cleanup
[2023-11-15T20:03:59.190+0000][6.951s][info ][gc            ] GC(14) Pause Cleanup 39M->39M(452M) 0.163ms
[2023-11-15T20:03:59.190+0000][6.951s][info ][gc,cpu        ] GC(14) User=0.00s Sys=0.00s Real=0.00s
[2023-11-15T20:03:59.190+0000][6.952s][info ][safepoint     ] Leaving safepoint region
[2023-11-15T20:03:59.190+0000][6.952s][info ][safepoint     ] Total time for which application threads were stopped: 0.0005801 seconds, Stopping threads took: 0.0003316 seconds
[2023-11-15T20:03:59.190+0000][6.952s][info ][gc,marking    ] GC(14) Concurrent Cleanup for Next Mark
[2023-11-15T20:03:59.193+0000][6.955s][info ][gc,marking    ] GC(14) Concurrent Cleanup for Next Mark 3.035ms
[2023-11-15T20:03:59.193+0000][6.955s][info ][gc            ] GC(14) Concurrent Cycle 54.672ms
[2023-11-15T20:03:59.365+0000][7.127s][debug][safepoint     ] Safepoint synchronization initiated. (10 threads)
[2023-11-15T20:03:59.365+0000][7.127s][info ][safepoint     ] Application time: 0.1752122 seconds
[2023-11-15T20:03:59.365+0000][7.127s][info ][safepoint     ] Entering safepoint region: Deoptimize
[2023-11-15T20:03:59.366+0000][7.127s][info ][safepoint     ] Leaving safepoint region
[2023-11-15T20:03:59.366+0000][7.127s][info ][safepoint     ] Total time for which application threads were stopped: 0.0006504 seconds, Stopping threads took: 0.0000369 seconds
[2023-11-15T20:03:59.399+0000][7.160s][debug][safepoint     ] Safepoint synchronization initiated. (10 threads)
[2023-11-15T20:03:59.399+0000][7.160s][info ][safepoint     ] Application time: 0.0330226 seconds
[2023-11-15T20:03:59.399+0000][7.160s][info ][safepoint     ] Entering safepoint region: Deoptimize
[2023-11-15T20:03:59.399+0000][7.161s][info ][safepoint     ] Leaving safepoint region
[2023-11-15T20:03:59.399+0000][7.161s][info ][safepoint     ] Total time for which application threads were stopped: 0.0005514 seconds, Stopping threads took: 0.0000133 seconds
[2023-11-15T20:03:59.969+0000][7.730s][debug][safepoint     ] Safepoint synchronization initiated. (11 threads)
[2023-11-15T20:03:59.969+0000][7.730s][info ][safepoint     ] Application time: 0.5691776 seconds
[2023-11-15T20:03:59.969+0000][7.730s][debug][safepoint     ] Waiting for 1 thread(s) to block
[2023-11-15T20:03:59.969+0000][7.730s][info ][safepoint     ] Entering safepoint region: G1CollectForAllocation
[2023-11-15T20:03:59.969+0000][7.730s][info ][gc,start      ] GC(15) Pause Young (Normal) (G1 Evacuation Pause)
[2023-11-15T20:03:59.969+0000][7.730s][info ][gc,task       ] GC(15) Using 4 workers of 4 for evacuation
[2023-11-15T20:03:59.990+0000][7.752s][info ][gc,phases     ] GC(15)   Pre Evacuate Collection Set: 0.0ms
[2023-11-15T20:03:59.990+0000][7.752s][info ][gc,phases     ] GC(15)   Evacuate Collection Set: 19.5ms
[2023-11-15T20:03:59.990+0000][7.752s][info ][gc,phases     ] GC(15)   Post Evacuate Collection Set: 1.8ms
[2023-11-15T20:03:59.990+0000][7.752s][info ][gc,phases     ] GC(15)   Other: 0.2ms
[2023-11-15T20:03:59.990+0000][7.752s][info ][gc,heap       ] GC(15) Eden regions: 256->0(254)
[2023-11-15T20:03:59.990+0000][7.752s][info ][gc,heap       ] GC(15) Survivor regions: 15->17(34)
[2023-11-15T20:03:59.990+0000][7.752s][info ][gc,heap       ] GC(15) Old regions: 15->15
[2023-11-15T20:03:59.990+0000][7.752s][info ][gc,heap       ] GC(15) Humongous regions: 0->0
[2023-11-15T20:03:59.990+0000][7.752s][info ][gc,metaspace  ] GC(15) Metaspace: 38283K(39632K)->38283K(39632K) NonClass: 33590K(34516K)->33590K(34516K) Class: 4692K(5116K)->4692K(5116K)
[2023-11-15T20:03:59.990+0000][7.752s][info ][gc            ] GC(15) Pause Young (Normal) (G1 Evacuation Pause) 283M->30M(452M) 21.565ms
[2023-11-15T20:03:59.990+0000][7.752s][info ][gc,cpu        ] GC(15) User=0.06s Sys=0.00s Real=0.02s
[2023-11-15T20:03:59.990+0000][7.752s][info ][safepoint     ] Leaving safepoint region
[2023-11-15T20:03:59.990+0000][7.752s][info ][safepoint     ] Total time for which application threads were stopped: 0.0217774 seconds, Stopping threads took: 0.0000261 seconds
[2023-11-15T20:03:59.990+0000][7.752s][info ][gc,stringdedup] Concurrent String Deduplication (7.752s)
[2023-11-15T20:03:59.992+0000][7.754s][info ][gc,stringdedup] Concurrent String Deduplication 471.0K->243.7K(227.4K) avg 41.0% (7.752s, 7.754s) 1.674ms
[2023-11-15T20:04:00.992+0000][8.754s][debug][safepoint     ] Safepoint synchronization initiated. (11 threads)
[2023-11-15T20:04:00.992+0000][8.754s][info ][safepoint     ] Application time: 1.0018472 seconds
[2023-11-15T20:04:00.992+0000][8.754s][debug][safepoint     ] Waiting for 1 thread(s) to block
[2023-11-15T20:04:00.992+0000][8.754s][info ][safepoint     ] Entering safepoint region: Cleanup
[2023-11-15T20:04:00.992+0000][8.754s][info ][safepoint     ] Leaving safepoint region
[2023-11-15T20:04:00.992+0000][8.754s][info ][safepoint     ] Total time for which application threads were stopped: 0.0001955 seconds, Stopping threads took: 0.0000347 seconds
[2023-11-15T20:04:01.017+0000][8.778s][debug][safepoint     ] Safepoint synchronization initiated. (11 threads)
[2023-11-15T20:04:01.017+0000][8.779s][info ][safepoint     ] Application time: 0.0244821 seconds
[2023-11-15T20:04:01.017+0000][8.779s][info ][safepoint     ] Entering safepoint region: Deoptimize
[2023-11-15T20:04:01.017+0000][8.779s][info ][safepoint     ] Leaving safepoint region
[2023-11-15T20:04:01.017+0000][8.779s][info ][safepoint     ] Total time for which application threads were stopped: 0.0004757 seconds, Stopping threads took: 0.0000242 seconds
[2023-11-15T20:04:01.032+0000][8.794s][debug][safepoint     ] Safepoint synchronization initiated. (11 threads)
[2023-11-15T20:04:01.032+0000][8.794s][info ][safepoint     ] Application time: 0.0147316 seconds
[2023-11-15T20:04:01.032+0000][8.794s][info ][safepoint     ] Entering safepoint region: Deoptimize
[2023-11-15T20:04:01.033+0000][8.794s][info ][safepoint     ] Leaving safepoint region
[2023-11-15T20:04:01.033+0000][8.794s][info ][safepoint     ] Total time for which application threads were stopped: 0.0004553 seconds, Stopping threads took: 0.0000091 seconds
[2023-11-15T20:04:01.055+0000][8.817s][debug][safepoint     ] Safepoint synchronization initiated. (11 threads)
[2023-11-15T20:04:01.055+0000][8.817s][info ][safepoint     ] Application time: 0.0227699 seconds
[2023-11-15T20:04:01.055+0000][8.817s][debug][safepoint     ] Waiting for 1 thread(s) to block
[2023-11-15T20:04:01.055+0000][8.817s][info ][safepoint     ] Entering safepoint region: Deoptimize
[2023-11-15T20:04:01.056+0000][8.817s][info ][safepoint     ] Leaving safepoint region
[2023-11-15T20:04:01.056+0000][8.817s][info ][safepoint     ] Total time for which application threads were stopped: 0.0004851 seconds, Stopping threads took: 0.0000280 seconds
[2023-11-15T20:04:01.332+0000][9.093s][debug][safepoint     ] Safepoint synchronization initiated. (11 threads)
[2023-11-15T20:04:01.332+0000][9.093s][info ][safepoint     ] Application time: 0.2759070 seconds
[2023-11-15T20:04:01.332+0000][9.093s][debug][safepoint     ] Waiting for 1 thread(s) to block
[2023-11-15T20:04:01.332+0000][9.093s][info ][safepoint     ] Entering safepoint region: G1CollectForAllocation
[2023-11-15T20:04:01.332+0000][9.094s][info ][gc,start      ] GC(16) Pause Young (Normal) (G1 Evacuation Pause)
[2023-11-15T20:04:01.332+0000][9.094s][info ][gc,task       ] GC(16) Using 4 workers of 4 for evacuation
[2023-11-15T20:04:01.353+0000][9.114s][info ][gc,phases     ] GC(16)   Pre Evacuate Collection Set: 0.0ms
[2023-11-15T20:04:01.353+0000][9.115s][info ][gc,phases     ] GC(16)   Evacuate Collection Set: 17.1ms
[2023-11-15T20:04:01.353+0000][9.115s][info ][gc,phases     ] GC(16)   Post Evacuate Collection Set: 3.6ms
[2023-11-15T20:04:01.353+0000][9.115s][info ][gc,phases     ] GC(16)   Other: 0.2ms
[2023-11-15T20:04:01.353+0000][9.115s][info ][gc,heap       ] GC(16) Eden regions: 254->0(251)
[2023-11-15T20:04:01.353+0000][9.115s][info ][gc,heap       ] GC(16) Survivor regions: 17->20(34)
[2023-11-15T20:04:01.353+0000][9.115s][info ][gc,heap       ] GC(16) Old regions: 15->15
[2023-11-15T20:04:01.353+0000][9.115s][info ][gc,heap       ] GC(16) Humongous regions: 0->0
[2023-11-15T20:04:01.353+0000][9.115s][info ][gc,metaspace  ] GC(16) Metaspace: 43324K(44496K)->43324K(44496K) NonClass: 37952K(38612K)->37952K(38612K) Class: 5371K(5884K)->5371K(5884K)
[2023-11-15T20:04:01.353+0000][9.115s][info ][gc            ] GC(16) Pause Young (Normal) (G1 Evacuation Pause) 284M->32M(452M) 20.992ms
[2023-11-15T20:04:01.353+0000][9.115s][info ][gc,cpu        ] GC(16) User=0.07s Sys=0.00s Real=0.02s
[2023-11-15T20:04:01.353+0000][9.115s][info ][safepoint     ] Leaving safepoint region
[2023-11-15T20:04:01.353+0000][9.115s][info ][safepoint     ] Total time for which application threads were stopped: 0.0212189 seconds, Stopping threads took: 0.0000260 seconds
[2023-11-15T20:04:01.353+0000][9.115s][info ][gc,stringdedup] Concurrent String Deduplication (9.115s)
[2023-11-15T20:04:01.354+0000][9.115s][info ][gc,stringdedup] Concurrent String Deduplication 103.0K->37088.0B(68416.0B) avg 41.2% (9.115s, 9.115s) 0.596ms
[2023-11-15T20:04:01.355+0000][9.117s][debug][safepoint     ] Safepoint synchronization initiated. (11 threads)
[2023-11-15T20:04:01.355+0000][9.117s][info ][safepoint     ] Application time: 0.0021508 seconds
[2023-11-15T20:04:01.355+0000][9.117s][info ][safepoint     ] Entering safepoint region: Deoptimize
[2023-11-15T20:04:01.356+0000][9.117s][info ][safepoint     ] Leaving safepoint region
[2023-11-15T20:04:01.356+0000][9.117s][info ][safepoint     ] Total time for which application threads were stopped: 0.0004872 seconds, Stopping threads took: 0.0000106 seconds
[2023-11-15T20:04:01.357+0000][9.118s][debug][safepoint     ] Safepoint synchronization initiated. (11 threads)
[2023-11-15T20:04:01.357+0000][9.118s][info ][safepoint     ] Application time: 0.0008627 seconds
[2023-11-15T20:04:01.357+0000][9.118s][info ][safepoint     ] Entering safepoint region: Deoptimize
[2023-11-15T20:04:01.357+0000][9.119s][info ][safepoint     ] Leaving safepoint region
[2023-11-15T20:04:01.357+0000][9.119s][info ][safepoint     ] Total time for which application threads were stopped: 0.0003657 seconds, Stopping threads took: 0.0000095 seconds
[2023-11-15T20:04:01.429+0000][9.191s][debug][safepoint     ] Safepoint synchronization initiated. (11 threads)
[2023-11-15T20:04:01.430+0000][9.191s][info ][safepoint     ] Application time: 0.0726165 seconds
[2023-11-15T20:04:01.430+0000][9.191s][info ][safepoint     ] Entering safepoint region: Deoptimize
[2023-11-15T20:04:01.430+0000][9.192s][info ][safepoint     ] Leaving safepoint region
[2023-11-15T20:04:01.430+0000][9.192s][info ][safepoint     ] Total time for which application threads were stopped: 0.0006225 seconds, Stopping threads took: 0.0000091 seconds
[2023-11-15T20:04:01.735+0000][9.497s][debug][safepoint     ] Safepoint synchronization initiated. (11 threads)
[2023-11-15T20:04:01.735+0000][9.497s][info ][safepoint     ] Application time: 0.3051384 seconds
[2023-11-15T20:04:01.735+0000][9.497s][info ][safepoint     ] Entering safepoint region: Deoptimize
[2023-11-15T20:04:01.736+0000][9.498s][info ][safepoint     ] Leaving safepoint region
[2023-11-15T20:04:01.736+0000][9.498s][info ][safepoint     ] Total time for which application threads were stopped: 0.0008221 seconds, Stopping threads took: 0.0000087 seconds
[2023-11-15T20:04:01.737+0000][9.498s][debug][safepoint     ] Safepoint synchronization initiated. (11 threads)
[2023-11-15T20:04:01.737+0000][9.498s][info ][safepoint     ] Application time: 0.0005406 seconds
[2023-11-15T20:04:01.737+0000][9.498s][info ][safepoint     ] Entering safepoint region: Deoptimize
[2023-11-15T20:04:01.737+0000][9.499s][info ][safepoint     ] Leaving safepoint region
[2023-11-15T20:04:01.737+0000][9.499s][info ][safepoint     ] Total time for which application threads were stopped: 0.0005215 seconds, Stopping threads took: 0.0000072 seconds
[2023-11-15T20:04:01.902+0000][9.664s][debug][safepoint     ] Safepoint synchronization initiated. (11 threads)
[2023-11-15T20:04:01.902+0000][9.664s][info ][safepoint     ] Application time: 0.1646812 seconds
[2023-11-15T20:04:01.902+0000][9.664s][info ][safepoint     ] Entering safepoint region: Deoptimize
[2023-11-15T20:04:01.902+0000][9.664s][info ][safepoint     ] Leaving safepoint region
[2023-11-15T20:04:01.902+0000][9.664s][info ][safepoint     ] Total time for which application threads were stopped: 0.0005118 seconds, Stopping threads took: 0.0000090 seconds
[2023-11-15T20:04:02.051+0000][9.813s][debug][safepoint     ] Safepoint synchronization initiated. (11 threads)
[2023-11-15T20:04:02.051+0000][9.813s][info ][safepoint     ] Application time: 0.1489417 seconds
[2023-11-15T20:04:02.051+0000][9.813s][debug][safepoint     ] Waiting for 1 thread(s) to block
[2023-11-15T20:04:02.051+0000][9.813s][info ][safepoint     ] Entering safepoint region: Deoptimize
[2023-11-15T20:04:02.052+0000][9.814s][info ][safepoint     ] Leaving safepoint region
[2023-11-15T20:04:02.052+0000][9.814s][info ][safepoint     ] Total time for which application threads were stopped: 0.0006196 seconds, Stopping threads took: 0.0000261 seconds
[2023-11-15T20:04:02.351+0000][10.113s][debug][safepoint     ] Safepoint synchronization initiated. (11 threads)
[2023-11-15T20:04:02.351+0000][10.113s][info ][safepoint     ] Application time: 0.2993585 seconds
[2023-11-15T20:04:02.351+0000][10.113s][debug][safepoint     ] Waiting for 1 thread(s) to block
[2023-11-15T20:04:02.351+0000][10.113s][info ][safepoint     ] Entering safepoint region: Deoptimize
[2023-11-15T20:04:02.352+0000][10.114s][info ][safepoint     ] Leaving safepoint region
[2023-11-15T20:04:02.352+0000][10.114s][info ][safepoint     ] Total time for which application threads were stopped: 0.0006526 seconds, Stopping threads took: 0.0000273 seconds
[2023-11-15T20:04:03.352+0000][11.114s][debug][safepoint     ] Safepoint synchronization initiated. (13 threads)
[2023-11-15T20:04:03.352+0000][11.114s][info ][safepoint     ] Application time: 1.0001602 seconds
[2023-11-15T20:04:03.352+0000][11.114s][info ][safepoint     ] Entering safepoint region: Cleanup
[2023-11-15T20:04:03.352+0000][11.114s][info ][safepoint     ] Leaving safepoint region
[2023-11-15T20:04:03.352+0000][11.114s][info ][safepoint     ] Total time for which application threads were stopped: 0.0002005 seconds, Stopping threads took: 0.0000180 seconds
[2023-11-15T20:04:03.438+0000][11.200s][debug][safepoint     ] Safepoint synchronization initiated. (13 threads)
[2023-11-15T20:04:03.438+0000][11.200s][info ][safepoint     ] Application time: 0.0855959 seconds
[2023-11-15T20:04:03.438+0000][11.200s][info ][safepoint     ] Entering safepoint region: Deoptimize
[2023-11-15T20:04:03.439+0000][11.200s][info ][safepoint     ] Leaving safepoint region
[2023-11-15T20:04:03.439+0000][11.200s][info ][safepoint     ] Total time for which application threads were stopped: 0.0006385 seconds, Stopping threads took: 0.0000093 seconds
[2023-11-15T20:04:03.491+0000][11.252s][debug][safepoint     ] Safepoint synchronization initiated. (13 threads)
[2023-11-15T20:04:03.491+0000][11.252s][info ][safepoint     ] Application time: 0.0520904 seconds
[2023-11-15T20:04:03.491+0000][11.252s][info ][safepoint     ] Entering safepoint region: ICBufferFull
[2023-11-15T20:04:03.491+0000][11.253s][info ][safepoint     ] Leaving safepoint region
[2023-11-15T20:04:03.491+0000][11.253s][info ][safepoint     ] Total time for which application threads were stopped: 0.0002088 seconds, Stopping threads took: 0.0000099 seconds
[2023-11-15T20:04:03.525+0000][11.287s][debug][safepoint     ] Safepoint synchronization initiated. (13 threads)
[2023-11-15T20:04:03.525+0000][11.287s][info ][safepoint     ] Application time: 0.0340056 seconds
[2023-11-15T20:04:03.525+0000][11.287s][debug][safepoint     ] Waiting for 1 thread(s) to block
[2023-11-15T20:04:03.525+0000][11.287s][info ][safepoint     ] Entering safepoint region: Deoptimize
[2023-11-15T20:04:03.526+0000][11.287s][info ][safepoint     ] Leaving safepoint region
[2023-11-15T20:04:03.526+0000][11.287s][info ][safepoint     ] Total time for which application threads were stopped: 0.0005546 seconds, Stopping threads took: 0.0000290 seconds
[2023-11-15T20:04:03.642+0000][11.404s][debug][safepoint     ] Safepoint synchronization initiated. (13 threads)
[2023-11-15T20:04:03.642+0000][11.404s][info ][safepoint     ] Application time: 0.1168710 seconds
[2023-11-15T20:04:03.642+0000][11.404s][debug][safepoint     ] Waiting for 1 thread(s) to block
[2023-11-15T20:04:03.642+0000][11.404s][info ][safepoint     ] Entering safepoint region: G1CollectForAllocation
[2023-11-15T20:04:03.643+0000][11.404s][info ][gc,start      ] GC(17) Pause Young (Normal) (G1 Evacuation Pause)
[2023-11-15T20:04:03.643+0000][11.404s][info ][gc,task       ] GC(17) Using 4 workers of 4 for evacuation
[2023-11-15T20:04:03.667+0000][11.428s][info ][gc,phases     ] GC(17)   Pre Evacuate Collection Set: 0.0ms
[2023-11-15T20:04:03.667+0000][11.429s][info ][gc,phases     ] GC(17)   Evacuate Collection Set: 21.1ms
[2023-11-15T20:04:03.667+0000][11.429s][info ][gc,phases     ] GC(17)   Post Evacuate Collection Set: 2.9ms
[2023-11-15T20:04:03.667+0000][11.429s][info ][gc,phases     ] GC(17)   Other: 0.1ms
[2023-11-15T20:04:03.667+0000][11.429s][info ][gc,heap       ] GC(17) Eden regions: 251->0(250)
[2023-11-15T20:04:03.667+0000][11.429s][info ][gc,heap       ] GC(17) Survivor regions: 20->21(34)
[2023-11-15T20:04:03.667+0000][11.429s][info ][gc,heap       ] GC(17) Old regions: 15->17
[2023-11-15T20:04:03.667+0000][11.429s][info ][gc,heap       ] GC(17) Humongous regions: 0->0
[2023-11-15T20:04:03.667+0000][11.429s][info ][gc,metaspace  ] GC(17) Metaspace: 52161K(53584K)->52161K(53584K) NonClass: 45710K(46548K)->45710K(46548K) Class: 6451K(7036K)->6451K(7036K)
[2023-11-15T20:04:03.667+0000][11.429s][info ][gc            ] GC(17) Pause Young (Normal) (G1 Evacuation Pause) 283M->36M(452M) 24.397ms
[2023-11-15T20:04:03.667+0000][11.429s][info ][gc,cpu        ] GC(17) User=0.08s Sys=0.00s Real=0.02s
[2023-11-15T20:04:03.667+0000][11.429s][info ][safepoint     ] Leaving safepoint region
[2023-11-15T20:04:03.667+0000][11.429s][info ][safepoint     ] Total time for which application threads were stopped: 0.0245685 seconds, Stopping threads took: 0.0000274 seconds
[2023-11-15T20:04:03.667+0000][11.429s][info ][gc,stringdedup] Concurrent String Deduplication (11.429s)
[2023-11-15T20:04:03.668+0000][11.430s][info ][gc,stringdedup] Concurrent String Deduplication 305.9K->63864.0B(243.6K) avg 42.6% (11.429s, 11.430s) 1.226ms
[2023-11-15T20:04:03.903+0000][11.664s][debug][safepoint     ] Safepoint synchronization initiated. (13 threads)
[2023-11-15T20:04:03.903+0000][11.664s][info ][safepoint     ] Application time: 0.2355969 seconds
[2023-11-15T20:04:03.903+0000][11.664s][debug][safepoint     ] Waiting for 1 thread(s) to block
[2023-11-15T20:04:03.903+0000][11.664s][info ][safepoint     ] Entering safepoint region: ICBufferFull
[2023-11-15T20:04:03.903+0000][11.664s][info ][safepoint     ] Leaving safepoint region
[2023-11-15T20:04:03.903+0000][11.664s][info ][safepoint     ] Total time for which application threads were stopped: 0.0001683 seconds, Stopping threads took: 0.0000267 seconds
[2023-11-15T20:04:04.505+0000][12.267s][debug][safepoint     ] Safepoint synchronization initiated. (13 threads)
[2023-11-15T20:04:04.505+0000][12.267s][info ][safepoint     ] Application time: 0.6026460 seconds
[2023-11-15T20:04:04.505+0000][12.267s][debug][safepoint     ] Waiting for 1 thread(s) to block
[2023-11-15T20:04:04.506+0000][12.267s][info ][safepoint     ] Entering safepoint region: G1CollectForAllocation
[2023-11-15T20:04:04.506+0000][12.267s][info ][gc,start      ] GC(18) Pause Young (Normal) (G1 Evacuation Pause)
[2023-11-15T20:04:04.506+0000][12.267s][info ][gc,task       ] GC(18) Using 4 workers of 4 for evacuation
[2023-11-15T20:04:04.535+0000][12.296s][info ][gc,phases     ] GC(18)   Pre Evacuate Collection Set: 0.0ms
[2023-11-15T20:04:04.535+0000][12.296s][info ][gc,phases     ] GC(18)   Evacuate Collection Set: 26.1ms
[2023-11-15T20:04:04.535+0000][12.296s][info ][gc,phases     ] GC(18)   Post Evacuate Collection Set: 3.0ms
[2023-11-15T20:04:04.535+0000][12.297s][info ][gc,phases     ] GC(18)   Other: 0.2ms
[2023-11-15T20:04:04.535+0000][12.297s][info ][gc,heap       ] GC(18) Eden regions: 250->0(311)
[2023-11-15T20:04:04.535+0000][12.297s][info ][gc,heap       ] GC(18) Survivor regions: 21->19(34)
[2023-11-15T20:04:04.535+0000][12.297s][info ][gc,heap       ] GC(18) Old regions: 17->21
[2023-11-15T20:04:04.535+0000][12.297s][info ][gc,heap       ] GC(18) Humongous regions: 0->0
[2023-11-15T20:04:04.535+0000][12.297s][info ][gc,metaspace  ] GC(18) Metaspace: 56286K(57808K)->56286K(57808K) NonClass: 49256K(50132K)->49256K(50132K) Class: 7029K(7676K)->7029K(7676K)
[2023-11-15T20:04:04.535+0000][12.297s][info ][gc            ] GC(18) Pause Young (Normal) (G1 Evacuation Pause) 286M->37M(551M) 29.322ms
[2023-11-15T20:04:04.535+0000][12.297s][info ][gc,cpu        ] GC(18) User=0.10s Sys=0.00s Real=0.03s
[2023-11-15T20:04:04.535+0000][12.297s][info ][safepoint     ] Leaving safepoint region
[2023-11-15T20:04:04.535+0000][12.297s][info ][safepoint     ] Total time for which application threads were stopped: 0.0294849 seconds, Stopping threads took: 0.0000291 seconds
[2023-11-15T20:04:04.535+0000][12.297s][info ][gc,stringdedup] Concurrent String Deduplication (12.297s)
[2023-11-15T20:04:04.537+0000][12.298s][info ][gc,stringdedup] Concurrent String Deduplication 272.0K->110.0K(162.0K) avg 43.1% (12.297s, 12.298s) 1.710ms
[2023-11-15T20:04:04.886+0000][12.647s][debug][safepoint     ] Safepoint synchronization initiated. (14 threads)
[2023-11-15T20:04:04.886+0000][12.647s][info ][safepoint     ] Application time: 0.3505970 seconds
[2023-11-15T20:04:04.886+0000][12.647s][info ][safepoint     ] Entering safepoint region: CollectForMetadataAllocation
[2023-11-15T20:04:04.886+0000][12.647s][info ][gc,start      ] GC(19) Pause Young (Concurrent Start) (Metadata GC Threshold)
[2023-11-15T20:04:04.886+0000][12.647s][info ][gc,task       ] GC(19) Using 4 workers of 4 for evacuation
[2023-11-15T20:04:04.906+0000][12.668s][info ][gc,phases     ] GC(19)   Pre Evacuate Collection Set: 0.1ms
[2023-11-15T20:04:04.906+0000][12.668s][info ][gc,phases     ] GC(19)   Evacuate Collection Set: 18.3ms
[2023-11-15T20:04:04.906+0000][12.668s][info ][gc,phases     ] GC(19)   Post Evacuate Collection Set: 1.9ms
[2023-11-15T20:04:04.906+0000][12.668s][info ][gc,phases     ] GC(19)   Other: 0.2ms
[2023-11-15T20:04:04.906+0000][12.668s][info ][gc,heap       ] GC(19) Eden regions: 92->0(314)
[2023-11-15T20:04:04.906+0000][12.668s][info ][gc,heap       ] GC(19) Survivor regions: 19->16(42)
[2023-11-15T20:04:04.906+0000][12.668s][info ][gc,heap       ] GC(19) Old regions: 21->24
[2023-11-15T20:04:04.906+0000][12.668s][info ][gc,heap       ] GC(19) Humongous regions: 0->0
[2023-11-15T20:04:04.906+0000][12.668s][info ][gc,metaspace  ] GC(19) Metaspace: 59105K(60496K)->59105K(60496K) NonClass: 51606K(52436K)->51606K(52436K) Class: 7498K(8060K)->7498K(8060K)
[2023-11-15T20:04:04.906+0000][12.668s][info ][gc            ] GC(19) Pause Young (Concurrent Start) (Metadata GC Threshold) 129M->38M(551M) 20.584ms
[2023-11-15T20:04:04.906+0000][12.668s][info ][gc,cpu        ] GC(19) User=0.06s Sys=0.01s Real=0.02s
[2023-11-15T20:04:04.906+0000][12.668s][info ][safepoint     ] Leaving safepoint region
[2023-11-15T20:04:04.906+0000][12.668s][info ][safepoint     ] Total time for which application threads were stopped: 0.0208328 seconds, Stopping threads took: 0.0000116 seconds
[2023-11-15T20:04:04.906+0000][12.668s][info ][gc            ] GC(20) Concurrent Cycle
[2023-11-15T20:04:04.906+0000][12.668s][info ][gc,marking    ] GC(20) Concurrent Clear Claimed Marks
[2023-11-15T20:04:04.906+0000][12.668s][info ][gc,stringdedup] Concurrent String Deduplication (12.668s)
[2023-11-15T20:04:04.907+0000][12.668s][info ][gc,marking    ] GC(20) Concurrent Clear Claimed Marks 0.090ms
[2023-11-15T20:04:04.907+0000][12.668s][info ][gc,marking    ] GC(20) Concurrent Scan Root Regions
[2023-11-15T20:04:04.910+0000][12.671s][info ][gc,stringdedup] Concurrent String Deduplication 376.7K->177.7K(199.0K) avg 43.5% (12.668s, 12.671s) 3.039ms
[2023-11-15T20:04:04.920+0000][12.682s][info ][gc,marking    ] GC(20) Concurrent Scan Root Regions 13.732ms
[2023-11-15T20:04:04.920+0000][12.682s][info ][gc,marking    ] GC(20) Concurrent Mark (12.682s)
[2023-11-15T20:04:04.920+0000][12.682s][info ][gc,marking    ] GC(20) Concurrent Mark From Roots
[2023-11-15T20:04:04.920+0000][12.682s][info ][gc,task       ] GC(20) Using 1 workers of 1 for marking
[2023-11-15T20:04:04.930+0000][12.692s][debug][safepoint     ] Safepoint synchronization initiated. (14 threads)
[2023-11-15T20:04:04.930+0000][12.692s][info ][safepoint     ] Application time: 0.0237791 seconds
[2023-11-15T20:04:04.930+0000][12.692s][info ][safepoint     ] Entering safepoint region: CollectForMetadataAllocation
[2023-11-15T20:04:04.930+0000][12.692s][info ][safepoint     ] Leaving safepoint region
[2023-11-15T20:04:04.930+0000][12.692s][info ][safepoint     ] Total time for which application threads were stopped: 0.0001727 seconds, Stopping threads took: 0.0000137 seconds
[2023-11-15T20:04:04.958+0000][12.719s][info ][gc,marking    ] GC(20) Concurrent Mark From Roots 37.134ms
[2023-11-15T20:04:04.958+0000][12.719s][info ][gc,marking    ] GC(20) Concurrent Preclean
[2023-11-15T20:04:04.958+0000][12.719s][info ][gc,marking    ] GC(20) Concurrent Preclean 0.206ms
[2023-11-15T20:04:04.958+0000][12.719s][info ][gc,marking    ] GC(20) Concurrent Mark (12.682s, 12.719s) 37.451ms
[2023-11-15T20:04:04.958+0000][12.720s][debug][safepoint     ] Safepoint synchronization initiated. (14 threads)
[2023-11-15T20:04:04.958+0000][12.720s][info ][safepoint     ] Application time: 0.0275236 seconds
[2023-11-15T20:04:04.958+0000][12.720s][info ][safepoint     ] Entering safepoint region: CGC_Operation
[2023-11-15T20:04:04.958+0000][12.720s][info ][gc,start      ] GC(20) Pause Remark
[2023-11-15T20:04:04.965+0000][12.727s][info ][gc,stringtable] GC(20) Cleaned string and symbol table, strings: 23132 processed, 3 removed, symbols: 192645 processed, 176 removed
[2023-11-15T20:04:04.965+0000][12.727s][info ][gc            ] GC(20) Pause Remark 45M->45M(551M) 7.255ms
[2023-11-15T20:04:04.965+0000][12.727s][info ][gc,cpu        ] GC(20) User=0.03s Sys=0.00s Real=0.01s
[2023-11-15T20:04:04.965+0000][12.727s][info ][safepoint     ] Leaving safepoint region
[2023-11-15T20:04:04.965+0000][12.727s][info ][safepoint     ] Total time for which application threads were stopped: 0.0074157 seconds, Stopping threads took: 0.0000118 seconds
[2023-11-15T20:04:04.965+0000][12.727s][info ][gc,marking    ] GC(20) Concurrent Rebuild Remembered Sets
[2023-11-15T20:04:04.988+0000][12.749s][info ][gc,marking    ] GC(20) Concurrent Rebuild Remembered Sets 22.165ms
[2023-11-15T20:04:04.988+0000][12.749s][debug][safepoint     ] Safepoint synchronization initiated. (15 threads)
[2023-11-15T20:04:04.988+0000][12.749s][info ][safepoint     ] Application time: 0.0223469 seconds
[2023-11-15T20:04:04.988+0000][12.749s][debug][safepoint     ] ... found polling page return exception at pc = 0x00007f69306fa0ec, stub =0x00007f692883a800
[2023-11-15T20:04:04.988+0000][12.749s][debug][safepoint     ] Waiting for 1 thread(s) to block
[2023-11-15T20:04:04.988+0000][12.749s][info ][safepoint     ] Entering safepoint region: CGC_Operation
[2023-11-15T20:04:04.988+0000][12.750s][info ][gc,start      ] GC(20) Pause Cleanup
[2023-11-15T20:04:04.988+0000][12.750s][info ][gc            ] GC(20) Pause Cleanup 50M->50M(551M) 0.314ms
[2023-11-15T20:04:04.988+0000][12.750s][info ][gc,cpu        ] GC(20) User=0.00s Sys=0.00s Real=0.00s
[2023-11-15T20:04:04.988+0000][12.750s][info ][safepoint     ] Leaving safepoint region
[2023-11-15T20:04:04.988+0000][12.750s][info ][safepoint     ] Total time for which application threads were stopped: 0.0006398 seconds, Stopping threads took: 0.0000930 seconds
[2023-11-15T20:04:04.988+0000][12.750s][info ][gc,marking    ] GC(20) Concurrent Cleanup for Next Mark
[2023-11-15T20:04:04.990+0000][12.752s][info ][gc,marking    ] GC(20) Concurrent Cleanup for Next Mark 1.857ms
[2023-11-15T20:04:04.990+0000][12.752s][info ][gc            ] GC(20) Concurrent Cycle 83.917ms
[2023-11-15T20:04:05.467+0000][13.229s][debug][safepoint     ] Safepoint synchronization initiated. (16 threads)
[2023-11-15T20:04:05.467+0000][13.229s][info ][safepoint     ] Application time: 0.4787499 seconds
[2023-11-15T20:04:05.467+0000][13.229s][debug][safepoint     ] Waiting for 1 thread(s) to block
[2023-11-15T20:04:05.467+0000][13.229s][info ][safepoint     ] Entering safepoint region: ICBufferFull
[2023-11-15T20:04:05.468+0000][13.230s][info ][safepoint     ] Leaving safepoint region
[2023-11-15T20:04:05.468+0000][13.230s][info ][safepoint     ] Total time for which application threads were stopped: 0.0012877 seconds, Stopping threads took: 0.0000284 seconds
[2023-11-15T20:04:05.614+0000][13.376s][debug][safepoint     ] Safepoint synchronization initiated. (16 threads)
[2023-11-15T20:04:05.614+0000][13.376s][info ][safepoint     ] Application time: 0.1458931 seconds
[2023-11-15T20:04:05.614+0000][13.376s][debug][safepoint     ] Waiting for 1 thread(s) to block
[2023-11-15T20:04:05.614+0000][13.376s][info ][safepoint     ] Entering safepoint region: Deoptimize
[2023-11-15T20:04:05.615+0000][13.377s][info ][safepoint     ] Leaving safepoint region
[2023-11-15T20:04:05.615+0000][13.377s][info ][safepoint     ] Total time for which application threads were stopped: 0.0006551 seconds, Stopping threads took: 0.0000282 seconds
[2023-11-15T20:04:05.899+0000][13.660s][debug][safepoint     ] Safepoint synchronization initiated. (16 threads)
[2023-11-15T20:04:05.899+0000][13.660s][info ][safepoint     ] Application time: 0.2837824 seconds
[2023-11-15T20:04:05.899+0000][13.660s][debug][safepoint     ] Waiting for 1 thread(s) to block
[2023-11-15T20:04:05.899+0000][13.660s][info ][safepoint     ] Entering safepoint region: ICBufferFull
[2023-11-15T20:04:05.899+0000][13.661s][info ][safepoint     ] Leaving safepoint region
[2023-11-15T20:04:05.899+0000][13.661s][info ][safepoint     ] Total time for which application threads were stopped: 0.0001974 seconds, Stopping threads took: 0.0000282 seconds
[2023-11-15T20:04:06.251+0000][14.013s][debug][safepoint     ] Safepoint synchronization initiated. (15 threads)
[2023-11-15T20:04:06.251+0000][14.013s][info ][safepoint     ] Application time: 0.3521365 seconds
[2023-11-15T20:04:06.251+0000][14.013s][info ][safepoint     ] Entering safepoint region: G1CollectForAllocation
[2023-11-15T20:04:06.251+0000][14.013s][info ][gc,start      ] GC(21) Pause Young (Concurrent Start) (G1 Evacuation Pause)
[2023-11-15T20:04:06.251+0000][14.013s][info ][gc,task       ] GC(21) Using 4 workers of 4 for evacuation
[2023-11-15T20:04:06.280+0000][14.041s][info ][gc,phases     ] GC(21)   Pre Evacuate Collection Set: 0.1ms
[2023-11-15T20:04:06.280+0000][14.042s][info ][gc,phases     ] GC(21)   Evacuate Collection Set: 25.5ms
[2023-11-15T20:04:06.280+0000][14.042s][info ][gc,phases     ] GC(21)   Post Evacuate Collection Set: 2.7ms
[2023-11-15T20:04:06.280+0000][14.042s][info ][gc,phases     ] GC(21)   Other: 0.3ms
[2023-11-15T20:04:06.280+0000][14.042s][info ][gc,heap       ] GC(21) Eden regions: 314->0(310)
[2023-11-15T20:04:06.280+0000][14.042s][info ][gc,heap       ] GC(21) Survivor regions: 16->20(42)
[2023-11-15T20:04:06.280+0000][14.042s][info ][gc,heap       ] GC(21) Old regions: 24->25
[2023-11-15T20:04:06.280+0000][14.042s][info ][gc,heap       ] GC(21) Humongous regions: 0->0
[2023-11-15T20:04:06.280+0000][14.042s][info ][gc,metaspace  ] GC(21) Metaspace: 67434K(69288K)->67434K(69288K) NonClass: 58821K(60116K)->58821K(60116K) Class: 8612K(9172K)->8612K(9172K)
[2023-11-15T20:04:06.280+0000][14.042s][info ][gc            ] GC(21) Pause Young (Concurrent Start) (G1 Evacuation Pause) 352M->43M(551M) 28.742ms
[2023-11-15T20:04:06.280+0000][14.042s][info ][gc,cpu        ] GC(21) User=0.07s Sys=0.00s Real=0.03s
[2023-11-15T20:04:06.280+0000][14.042s][info ][safepoint     ] Leaving safepoint region
[2023-11-15T20:04:06.280+0000][14.042s][info ][safepoint     ] Total time for which application threads were stopped: 0.0289531 seconds, Stopping threads took: 0.0000117 seconds
[2023-11-15T20:04:06.280+0000][14.042s][info ][gc            ] GC(22) Concurrent Cycle
[2023-11-15T20:04:06.280+0000][14.042s][info ][gc,marking    ] GC(22) Concurrent Clear Claimed Marks
[2023-11-15T20:04:06.280+0000][14.042s][info ][gc,stringdedup] Concurrent String Deduplication (14.042s)
[2023-11-15T20:04:06.280+0000][14.042s][info ][gc,marking    ] GC(22) Concurrent Clear Claimed Marks 0.102ms
[2023-11-15T20:04:06.280+0000][14.042s][info ][gc,marking    ] GC(22) Concurrent Scan Root Regions
[2023-11-15T20:04:06.282+0000][14.043s][info ][gc,stringdedup] Concurrent String Deduplication 169.9K->46176.0B(124.9K) avg 44.0% (14.042s, 14.043s) 1.383ms
[2023-11-15T20:04:06.298+0000][14.060s][info ][gc,marking    ] GC(22) Concurrent Scan Root Regions 17.757ms
[2023-11-15T20:04:06.298+0000][14.060s][info ][gc,marking    ] GC(22) Concurrent Mark (14.060s)
[2023-11-15T20:04:06.298+0000][14.060s][info ][gc,marking    ] GC(22) Concurrent Mark From Roots
[2023-11-15T20:04:06.298+0000][14.060s][info ][gc,task       ] GC(22) Using 1 workers of 1 for marking
[2023-11-15T20:04:06.336+0000][14.098s][info ][gc,marking    ] GC(22) Concurrent Mark From Roots 38.103ms
[2023-11-15T20:04:06.336+0000][14.098s][info ][gc,marking    ] GC(22) Concurrent Preclean
[2023-11-15T20:04:06.336+0000][14.098s][info ][gc,marking    ] GC(22) Concurrent Preclean 0.123ms
[2023-11-15T20:04:06.336+0000][14.098s][info ][gc,marking    ] GC(22) Concurrent Mark (14.060s, 14.098s) 38.306ms
[2023-11-15T20:04:06.336+0000][14.098s][debug][safepoint     ] Safepoint synchronization initiated. (15 threads)
[2023-11-15T20:04:06.336+0000][14.098s][info ][safepoint     ] Application time: 0.0563668 seconds
[2023-11-15T20:04:06.336+0000][14.098s][debug][safepoint     ] ... found polling page return exception at pc = 0x00007f69302e936b, stub =0x00007f692883a800
[2023-11-15T20:04:06.337+0000][14.098s][debug][safepoint     ] Waiting for 1 thread(s) to block
[2023-11-15T20:04:06.337+0000][14.098s][info ][safepoint     ] Entering safepoint region: CGC_Operation
[2023-11-15T20:04:06.337+0000][14.098s][info ][gc,start      ] GC(22) Pause Remark
[2023-11-15T20:04:06.350+0000][14.112s][info ][gc,stringtable] GC(22) Cleaned string and symbol table, strings: 26492 processed, 0 removed, symbols: 212547 processed, 21 removed
[2023-11-15T20:04:06.351+0000][14.112s][info ][gc            ] GC(22) Pause Remark 63M->63M(551M) 13.822ms
[2023-11-15T20:04:06.351+0000][14.112s][info ][gc,cpu        ] GC(22) User=0.04s Sys=0.00s Real=0.02s
[2023-11-15T20:04:06.351+0000][14.112s][info ][safepoint     ] Leaving safepoint region
[2023-11-15T20:04:06.351+0000][14.112s][info ][safepoint     ] Total time for which application threads were stopped: 0.0140669 seconds, Stopping threads took: 0.0000746 seconds
[2023-11-15T20:04:06.351+0000][14.112s][info ][gc,marking    ] GC(22) Concurrent Rebuild Remembered Sets
[2023-11-15T20:04:06.375+0000][14.137s][info ][gc,marking    ] GC(22) Concurrent Rebuild Remembered Sets 24.485ms
[2023-11-15T20:04:06.375+0000][14.137s][debug][safepoint     ] Safepoint synchronization initiated. (15 threads)
[2023-11-15T20:04:06.375+0000][14.137s][info ][safepoint     ] Application time: 0.0246094 seconds
[2023-11-15T20:04:06.376+0000][14.137s][debug][safepoint     ] ... found polling page loop exception at pc = 0x00007f693040515a, stub =0x00007f692883ab00
[2023-11-15T20:04:06.376+0000][14.137s][debug][safepoint     ] Waiting for 1 thread(s) to block
[2023-11-15T20:04:06.376+0000][14.137s][info ][safepoint     ] Entering safepoint region: CGC_Operation
[2023-11-15T20:04:06.376+0000][14.138s][info ][gc,start      ] GC(22) Pause Cleanup
[2023-11-15T20:04:06.376+0000][14.138s][info ][gc            ] GC(22) Pause Cleanup 71M->71M(551M) 0.201ms
[2023-11-15T20:04:06.376+0000][14.138s][info ][gc,cpu        ] GC(22) User=0.00s Sys=0.00s Real=0.00s
[2023-11-15T20:04:06.376+0000][14.138s][info ][safepoint     ] Leaving safepoint region
[2023-11-15T20:04:06.376+0000][14.138s][info ][safepoint     ] Total time for which application threads were stopped: 0.0009719 seconds, Stopping threads took: 0.0006083 seconds
[2023-11-15T20:04:06.376+0000][14.138s][info ][gc,marking    ] GC(22) Concurrent Cleanup for Next Mark
[2023-11-15T20:04:06.377+0000][14.139s][info ][gc,marking    ] GC(22) Concurrent Cleanup for Next Mark 1.123ms
[2023-11-15T20:04:06.377+0000][14.139s][info ][gc            ] GC(22) Concurrent Cycle 97.262ms
[2023-11-15T20:04:06.637+0000][14.399s][debug][safepoint     ] Safepoint synchronization initiated. (16 threads)
[2023-11-15T20:04:06.637+0000][14.399s][info ][safepoint     ] Application time: 0.2613355 seconds
[2023-11-15T20:04:06.638+0000][14.399s][debug][safepoint     ] Waiting for 1 thread(s) to block
[2023-11-15T20:04:06.638+0000][14.399s][info ][safepoint     ] Entering safepoint region: ICBufferFull
[2023-11-15T20:04:06.638+0000][14.399s][info ][safepoint     ] Leaving safepoint region
[2023-11-15T20:04:06.638+0000][14.399s][info ][safepoint     ] Total time for which application threads were stopped: 0.0001792 seconds, Stopping threads took: 0.0000295 seconds
[2023-11-15T20:04:06.732+0000][14.494s][debug][safepoint     ] Safepoint synchronization initiated. (16 threads)
[2023-11-15T20:04:06.732+0000][14.494s][info ][safepoint     ] Application time: 0.0944811 seconds
[2023-11-15T20:04:06.732+0000][14.494s][debug][safepoint     ] Waiting for 1 thread(s) to block
[2023-11-15T20:04:06.732+0000][14.494s][info ][safepoint     ] Entering safepoint region: ICBufferFull
[2023-11-15T20:04:06.732+0000][14.494s][info ][safepoint     ] Leaving safepoint region
[2023-11-15T20:04:06.732+0000][14.494s][info ][safepoint     ] Total time for which application threads were stopped: 0.0001820 seconds, Stopping threads took: 0.0000299 seconds
[2023-11-15T20:04:06.775+0000][14.536s][debug][safepoint     ] Safepoint synchronization initiated. (16 threads)
[2023-11-15T20:04:06.775+0000][14.536s][info ][safepoint     ] Application time: 0.0423341 seconds
[2023-11-15T20:04:06.775+0000][14.536s][debug][safepoint     ] Waiting for 2 thread(s) to block
[2023-11-15T20:04:06.775+0000][14.536s][info ][safepoint     ] Entering safepoint region: ICBufferFull
[2023-11-15T20:04:06.775+0000][14.537s][info ][safepoint     ] Leaving safepoint region
[2023-11-15T20:04:06.775+0000][14.537s][info ][safepoint     ] Total time for which application threads were stopped: 0.0001937 seconds, Stopping threads took: 0.0000478 seconds
[2023-11-15T20:04:06.867+0000][14.628s][debug][safepoint     ] Safepoint synchronization initiated. (16 threads)
[2023-11-15T20:04:06.867+0000][14.628s][info ][safepoint     ] Application time: 0.0916226 seconds
[2023-11-15T20:04:06.867+0000][14.628s][debug][safepoint     ] Waiting for 1 thread(s) to block
[2023-11-15T20:04:06.867+0000][14.628s][info ][safepoint     ] Entering safepoint region: ICBufferFull
[2023-11-15T20:04:06.867+0000][14.628s][info ][safepoint     ] Leaving safepoint region
[2023-11-15T20:04:06.867+0000][14.628s][info ][safepoint     ] Total time for which application threads were stopped: 0.0001969 seconds, Stopping threads took: 0.0000312 seconds
[2023-11-15T20:04:07.032+0000][14.794s][debug][safepoint     ] Safepoint synchronization initiated. (16 threads)
[2023-11-15T20:04:07.032+0000][14.794s][info ][safepoint     ] Application time: 0.1657310 seconds
[2023-11-15T20:04:07.033+0000][14.794s][debug][safepoint     ] Waiting for 1 thread(s) to block
[2023-11-15T20:04:07.033+0000][14.794s][info ][safepoint     ] Entering safepoint region: ICBufferFull
[2023-11-15T20:04:07.033+0000][14.794s][info ][safepoint     ] Leaving safepoint region
[2023-11-15T20:04:07.033+0000][14.794s][info ][safepoint     ] Total time for which application threads were stopped: 0.0001567 seconds, Stopping threads took: 0.0000289 seconds
[2023-11-15T20:04:07.483+0000][15.244s][debug][safepoint     ] Safepoint synchronization initiated. (16 threads)
[2023-11-15T20:04:07.483+0000][15.244s][info ][safepoint     ] Application time: 0.4498841 seconds
[2023-11-15T20:04:07.483+0000][15.244s][info ][safepoint     ] Entering safepoint region: ICBufferFull
[2023-11-15T20:04:07.483+0000][15.244s][info ][safepoint     ] Leaving safepoint region
[2023-11-15T20:04:07.483+0000][15.244s][info ][safepoint     ] Total time for which application threads were stopped: 0.0001957 seconds, Stopping threads took: 0.0000101 seconds
[2023-11-15T20:04:07.542+0000][15.303s][debug][safepoint     ] Safepoint synchronization initiated. (16 threads)
[2023-11-15T20:04:07.542+0000][15.303s][info ][safepoint     ] Application time: 0.0588250 seconds
[2023-11-15T20:04:07.542+0000][15.303s][info ][safepoint     ] Entering safepoint region: Deoptimize
[2023-11-15T20:04:07.542+0000][15.304s][info ][safepoint     ] Leaving safepoint region
[2023-11-15T20:04:07.542+0000][15.304s][info ][safepoint     ] Total time for which application threads were stopped: 0.0007170 seconds, Stopping threads took: 0.0000104 seconds
[2023-11-15T20:04:07.543+0000][15.305s][debug][safepoint     ] Safepoint synchronization initiated. (16 threads)
[2023-11-15T20:04:07.543+0000][15.305s][info ][safepoint     ] Application time: 0.0007854 seconds
[2023-11-15T20:04:07.543+0000][15.305s][info ][safepoint     ] Entering safepoint region: Deoptimize
[2023-11-15T20:04:07.544+0000][15.305s][info ][safepoint     ] Leaving safepoint region
[2023-11-15T20:04:07.544+0000][15.305s][info ][safepoint     ] Total time for which application threads were stopped: 0.0007146 seconds, Stopping threads took: 0.0000165 seconds
[2023-11-15T20:04:07.561+0000][15.323s][debug][safepoint     ] Safepoint synchronization initiated. (16 threads)
[2023-11-15T20:04:07.561+0000][15.323s][info ][safepoint     ] Application time: 0.0174011 seconds
[2023-11-15T20:04:07.561+0000][15.323s][info ][safepoint     ] Entering safepoint region: G1CollectForAllocation
[2023-11-15T20:04:07.561+0000][15.323s][info ][gc,start      ] GC(23) Pause Young (Normal) (G1 Evacuation Pause)
[2023-11-15T20:04:07.561+0000][15.323s][info ][gc,task       ] GC(23) Using 4 workers of 4 for evacuation
[2023-11-15T20:04:07.592+0000][15.354s][info ][gc,phases     ] GC(23)   Pre Evacuate Collection Set: 0.0ms
[2023-11-15T20:04:07.592+0000][15.354s][info ][gc,phases     ] GC(23)   Evacuate Collection Set: 28.2ms
[2023-11-15T20:04:07.592+0000][15.354s][info ][gc,phases     ] GC(23)   Post Evacuate Collection Set: 2.5ms
[2023-11-15T20:04:07.592+0000][15.354s][info ][gc,phases     ] GC(23)   Other: 0.2ms
[2023-11-15T20:04:07.592+0000][15.354s][info ][gc,heap       ] GC(23) Eden regions: 310->0(308)
[2023-11-15T20:04:07.592+0000][15.354s][info ][gc,heap       ] GC(23) Survivor regions: 20->22(42)
[2023-11-15T20:04:07.592+0000][15.354s][info ][gc,heap       ] GC(23) Old regions: 25->25
[2023-11-15T20:04:07.592+0000][15.354s][info ][gc,heap       ] GC(23) Humongous regions: 0->0
[2023-11-15T20:04:07.592+0000][15.354s][info ][gc,metaspace  ] GC(23) Metaspace: 72053K(73896K)->72053K(73896K) NonClass: 62835K(63956K)->62835K(63956K) Class: 9218K(9940K)->9218K(9940K)
[2023-11-15T20:04:07.592+0000][15.354s][info ][gc            ] GC(23) Pause Young (Normal) (G1 Evacuation Pause) 353M->44M(551M) 30.966ms
[2023-11-15T20:04:07.592+0000][15.354s][info ][gc,cpu        ] GC(23) User=0.07s Sys=0.00s Real=0.03s
[2023-11-15T20:04:07.592+0000][15.354s][info ][safepoint     ] Leaving safepoint region
[2023-11-15T20:04:07.592+0000][15.354s][info ][safepoint     ] Total time for which application threads were stopped: 0.0311131 seconds, Stopping threads took: 0.0000101 seconds
[2023-11-15T20:04:07.592+0000][15.354s][info ][gc,stringdedup] Concurrent String Deduplication (15.354s)
[2023-11-15T20:04:07.593+0000][15.355s][info ][gc,stringdedup] Concurrent String Deduplication 56344.0B->16640.0B(39704.0B) avg 44.2% (15.354s, 15.355s) 0.404ms
[2023-11-15T20:04:07.836+0000][15.598s][debug][safepoint     ] Safepoint synchronization initiated. (16 threads)
[2023-11-15T20:04:07.836+0000][15.598s][info ][safepoint     ] Application time: 0.2439362 seconds
[2023-11-15T20:04:07.836+0000][15.598s][info ][safepoint     ] Entering safepoint region: Deoptimize
[2023-11-15T20:04:07.837+0000][15.599s][info ][safepoint     ] Leaving safepoint region
[2023-11-15T20:04:07.837+0000][15.599s][info ][safepoint     ] Total time for which application threads were stopped: 0.0007790 seconds, Stopping threads took: 0.0000099 seconds
[2023-11-15T20:04:08.019+0000][15.781s][debug][safepoint     ] Safepoint synchronization initiated. (16 threads)
[2023-11-15T20:04:08.020+0000][15.781s][info ][safepoint     ] Application time: 0.1824017 seconds
[2023-11-15T20:04:08.020+0000][15.781s][info ][safepoint     ] Entering safepoint region: Deoptimize
[2023-11-15T20:04:08.022+0000][15.784s][info ][safepoint     ] Leaving safepoint region
[2023-11-15T20:04:08.022+0000][15.784s][info ][safepoint     ] Total time for which application threads were stopped: 0.0029581 seconds, Stopping threads took: 0.0000098 seconds
[2023-11-15T20:04:08.123+0000][15.885s][debug][safepoint     ] Safepoint synchronization initiated. (16 threads)
[2023-11-15T20:04:08.123+0000][15.885s][info ][safepoint     ] Application time: 0.1007503 seconds
[2023-11-15T20:04:08.123+0000][15.885s][info ][safepoint     ] Entering safepoint region: Deoptimize
[2023-11-15T20:04:08.124+0000][15.886s][info ][safepoint     ] Leaving safepoint region
[2023-11-15T20:04:08.124+0000][15.886s][info ][safepoint     ] Total time for which application threads were stopped: 0.0007718 seconds, Stopping threads took: 0.0000109 seconds
[2023-11-15T20:04:08.331+0000][16.093s][debug][safepoint     ] Safepoint synchronization initiated. (16 threads)
[2023-11-15T20:04:08.331+0000][16.093s][info ][safepoint     ] Application time: 0.2073248 seconds
[2023-11-15T20:04:08.331+0000][16.093s][info ][safepoint     ] Entering safepoint region: ICBufferFull
[2023-11-15T20:04:08.332+0000][16.093s][info ][safepoint     ] Leaving safepoint region
[2023-11-15T20:04:08.332+0000][16.093s][info ][safepoint     ] Total time for which application threads were stopped: 0.0002388 seconds, Stopping threads took: 0.0000116 seconds
[2023-11-15T20:04:08.807+0000][16.568s][debug][safepoint     ] Safepoint synchronization initiated. (16 threads)
[2023-11-15T20:04:08.807+0000][16.568s][info ][safepoint     ] Application time: 0.4750900 seconds
[2023-11-15T20:04:08.807+0000][16.568s][info ][safepoint     ] Entering safepoint region: ICBufferFull
[2023-11-15T20:04:08.807+0000][16.569s][info ][safepoint     ] Leaving safepoint region
[2023-11-15T20:04:08.807+0000][16.569s][info ][safepoint     ] Total time for which application threads were stopped: 0.0001772 seconds, Stopping threads took: 0.0000110 seconds
[2023-11-15T20:04:09.300+0000][17.062s][debug][safepoint     ] Safepoint synchronization initiated. (16 threads)
[2023-11-15T20:04:09.300+0000][17.062s][info ][safepoint     ] Application time: 0.4933797 seconds
[2023-11-15T20:04:09.300+0000][17.062s][debug][safepoint     ] Waiting for 1 thread(s) to block
[2023-11-15T20:04:09.300+0000][17.062s][info ][safepoint     ] Entering safepoint region: G1CollectForAllocation
[2023-11-15T20:04:09.301+0000][17.062s][info ][gc,start      ] GC(24) Pause Young (Normal) (G1 Evacuation Pause)
[2023-11-15T20:04:09.301+0000][17.062s][info ][gc,task       ] GC(24) Using 4 workers of 4 for evacuation
[2023-11-15T20:04:09.329+0000][17.090s][info ][gc,phases     ] GC(24)   Pre Evacuate Collection Set: 0.0ms
[2023-11-15T20:04:09.329+0000][17.090s][info ][gc,phases     ] GC(24)   Evacuate Collection Set: 24.6ms
[2023-11-15T20:04:09.329+0000][17.090s][info ][gc,phases     ] GC(24)   Post Evacuate Collection Set: 3.4ms
[2023-11-15T20:04:09.329+0000][17.090s][info ][gc,phases     ] GC(24)   Other: 0.2ms
[2023-11-15T20:04:09.329+0000][17.090s][info ][gc,heap       ] GC(24) Eden regions: 308->0(370)
[2023-11-15T20:04:09.329+0000][17.090s][info ][gc,heap       ] GC(24) Survivor regions: 22->27(42)
[2023-11-15T20:04:09.329+0000][17.090s][info ][gc,heap       ] GC(24) Old regions: 25->26
[2023-11-15T20:04:09.329+0000][17.090s][info ][gc,heap       ] GC(24) Humongous regions: 0->0
[2023-11-15T20:04:09.329+0000][17.090s][info ][gc,metaspace  ] GC(24) Metaspace: 78649K(80808K)->78649K(80808K) NonClass: 68731K(70100K)->68731K(70100K) Class: 9917K(10708K)->9917K(10708K)
[2023-11-15T20:04:09.329+0000][17.091s][info ][gc            ] GC(24) Pause Young (Normal) (G1 Evacuation Pause) 352M->50M(662M) 28.355ms
[2023-11-15T20:04:09.329+0000][17.091s][info ][gc,cpu        ] GC(24) User=0.11s Sys=0.00s Real=0.03s
[2023-11-15T20:04:09.329+0000][17.091s][info ][safepoint     ] Leaving safepoint region
[2023-11-15T20:04:09.329+0000][17.091s][info ][safepoint     ] Total time for which application threads were stopped: 0.0285857 seconds, Stopping threads took: 0.0000292 seconds
[2023-11-15T20:04:09.329+0000][17.091s][info ][gc,stringdedup] Concurrent String Deduplication (17.091s)
[2023-11-15T20:04:09.332+0000][17.093s][info ][gc,stringdedup] Concurrent String Deduplication 347.7K->100.2K(247.5K) avg 45.1% (17.091s, 17.093s) 2.640ms
[2023-11-15T20:04:09.877+0000][17.639s][debug][safepoint     ] Safepoint synchronization initiated. (16 threads)
[2023-11-15T20:04:09.877+0000][17.639s][info ][safepoint     ] Application time: 0.5481179 seconds
[2023-11-15T20:04:09.877+0000][17.639s][info ][safepoint     ] Entering safepoint region: ICBufferFull
[2023-11-15T20:04:09.877+0000][17.639s][info ][safepoint     ] Leaving safepoint region
[2023-11-15T20:04:09.877+0000][17.639s][info ][safepoint     ] Total time for which application threads were stopped: 0.0001996 seconds, Stopping threads took: 0.0000113 seconds
[2023-11-15T20:04:10.133+0000][17.895s][debug][safepoint     ] Safepoint synchronization initiated. (16 threads)
[2023-11-15T20:04:10.133+0000][17.895s][info ][safepoint     ] Application time: 0.2562087 seconds
[2023-11-15T20:04:10.133+0000][17.895s][debug][safepoint     ] Waiting for 2 thread(s) to block
[2023-11-15T20:04:10.134+0000][17.895s][info ][safepoint     ] Entering safepoint region: ICBufferFull
[2023-11-15T20:04:10.134+0000][17.895s][info ][safepoint     ] Leaving safepoint region
[2023-11-15T20:04:10.134+0000][17.895s][info ][safepoint     ] Total time for which application threads were stopped: 0.0002207 seconds, Stopping threads took: 0.0000338 seconds
[2023-11-15T20:04:10.314+0000][18.076s][debug][safepoint     ] Safepoint synchronization initiated. (15 threads)
[2023-11-15T20:04:10.314+0000][18.076s][info ][safepoint     ] Application time: 0.1803163 seconds
[2023-11-15T20:04:10.314+0000][18.076s][debug][safepoint     ] Waiting for 1 thread(s) to block
[2023-11-15T20:04:10.314+0000][18.076s][info ][safepoint     ] Entering safepoint region: ICBufferFull
[2023-11-15T20:04:10.314+0000][18.076s][info ][safepoint     ] Leaving safepoint region
[2023-11-15T20:04:10.314+0000][18.076s][info ][safepoint     ] Total time for which application threads were stopped: 0.0001918 seconds, Stopping threads took: 0.0000294 seconds
[2023-11-15T20:04:10.363+0000][18.124s][debug][safepoint     ] Safepoint synchronization initiated. (15 threads)
[2023-11-15T20:04:10.363+0000][18.125s][info ][safepoint     ] Application time: 0.0486541 seconds
[2023-11-15T20:04:10.363+0000][18.125s][debug][safepoint     ] Waiting for 1 thread(s) to block
[2023-11-15T20:04:10.363+0000][18.125s][info ][safepoint     ] Entering safepoint region: Deoptimize
[2023-11-15T20:04:10.364+0000][18.125s][info ][safepoint     ] Leaving safepoint region
[2023-11-15T20:04:10.364+0000][18.125s][info ][safepoint     ] Total time for which application threads were stopped: 0.0009227 seconds, Stopping threads took: 0.0000287 seconds
[2023-11-15T20:04:11.013+0000][18.775s][debug][safepoint     ] Safepoint synchronization initiated. (15 threads)
[2023-11-15T20:04:11.013+0000][18.775s][info ][safepoint     ] Application time: 0.6493987 seconds
[2023-11-15T20:04:11.013+0000][18.775s][debug][safepoint     ] Waiting for 1 thread(s) to block
[2023-11-15T20:04:11.013+0000][18.775s][info ][safepoint     ] Entering safepoint region: Deoptimize
[2023-11-15T20:04:11.014+0000][18.776s][info ][safepoint     ] Leaving safepoint region
[2023-11-15T20:04:11.014+0000][18.776s][info ][safepoint     ] Total time for which application threads were stopped: 0.0009554 seconds, Stopping threads took: 0.0000413 seconds
[2023-11-15T20:04:11.148+0000][18.909s][debug][safepoint     ] Safepoint synchronization initiated. (19 threads)
[2023-11-15T20:04:11.148+0000][18.909s][info ][safepoint     ] Application time: 0.1335550 seconds
[2023-11-15T20:04:11.148+0000][18.909s][info ][safepoint     ] Entering safepoint region: ICBufferFull
[2023-11-15T20:04:11.148+0000][18.910s][info ][safepoint     ] Leaving safepoint region
[2023-11-15T20:04:11.148+0000][18.910s][info ][safepoint     ] Total time for which application threads were stopped: 0.0001529 seconds, Stopping threads took: 0.0000112 seconds
[2023-11-15T20:04:11.315+0000][19.076s][debug][safepoint     ] Safepoint synchronization initiated. (19 threads)
[2023-11-15T20:04:11.315+0000][19.076s][info ][safepoint     ] Application time: 0.1668978 seconds
[2023-11-15T20:04:11.315+0000][19.076s][info ][safepoint     ] Entering safepoint region: G1CollectForAllocation
[2023-11-15T20:04:11.315+0000][19.077s][info ][gc,start      ] GC(25) Pause Young (Normal) (G1 Evacuation Pause)
[2023-11-15T20:04:11.315+0000][19.077s][info ][gc,task       ] GC(25) Using 4 workers of 4 for evacuation
[2023-11-15T20:04:11.352+0000][19.113s][info ][gc,phases     ] GC(25)   Pre Evacuate Collection Set: 0.0ms
[2023-11-15T20:04:11.352+0000][19.113s][info ][gc,phases     ] GC(25)   Evacuate Collection Set: 32.0ms
[2023-11-15T20:04:11.352+0000][19.113s][info ][gc,phases     ] GC(25)   Post Evacuate Collection Set: 4.3ms
[2023-11-15T20:04:11.352+0000][19.113s][info ][gc,phases     ] GC(25)   Other: 0.2ms
[2023-11-15T20:04:11.352+0000][19.113s][info ][gc,heap       ] GC(25) Eden regions: 370->0(362)
[2023-11-15T20:04:11.352+0000][19.113s][info ][gc,heap       ] GC(25) Survivor regions: 27->35(50)
[2023-11-15T20:04:11.352+0000][19.113s][info ][gc,heap       ] GC(25) Old regions: 26->28
[2023-11-15T20:04:11.352+0000][19.113s][info ][gc,heap       ] GC(25) Humongous regions: 0->0
[2023-11-15T20:04:11.352+0000][19.113s][info ][gc,metaspace  ] GC(25) Metaspace: 82943K(85416K)->82943K(85416K) NonClass: 72613K(74196K)->72613K(74196K) Class: 10330K(11220K)->10330K(11220K)
[2023-11-15T20:04:11.352+0000][19.113s][info ][gc            ] GC(25) Pause Young (Normal) (G1 Evacuation Pause) 420M->60M(662M) 36.738ms
[2023-11-15T20:04:11.352+0000][19.113s][info ][gc,cpu        ] GC(25) User=0.14s Sys=0.00s Real=0.04s
[2023-11-15T20:04:11.352+0000][19.113s][info ][safepoint     ] Leaving safepoint region
[2023-11-15T20:04:11.352+0000][19.113s][info ][safepoint     ] Total time for which application threads were stopped: 0.0369593 seconds, Stopping threads took: 0.0000116 seconds
[2023-11-15T20:04:11.352+0000][19.114s][info ][gc,stringdedup] Concurrent String Deduplication (19.114s)
[2023-11-15T20:04:11.354+0000][19.115s][info ][gc,stringdedup] Concurrent String Deduplication 287.2K->177.4K(109.8K) avg 44.9% (19.114s, 19.115s) 1.623ms
[2023-11-15T20:04:12.225+0000][19.987s][debug][safepoint     ] Safepoint synchronization initiated. (19 threads)
[2023-11-15T20:04:12.225+0000][19.987s][info ][safepoint     ] Application time: 0.8734851 seconds
[2023-11-15T20:04:12.225+0000][19.987s][info ][safepoint     ] Entering safepoint region: ICBufferFull
[2023-11-15T20:04:12.225+0000][19.987s][info ][safepoint     ] Leaving safepoint region
[2023-11-15T20:04:12.226+0000][19.987s][info ][safepoint     ] Total time for which application threads were stopped: 0.0001971 seconds, Stopping threads took: 0.0000111 seconds
[2023-11-15T20:04:12.383+0000][20.145s][debug][safepoint     ] Safepoint synchronization initiated. (19 threads)
[2023-11-15T20:04:12.383+0000][20.145s][info ][safepoint     ] Application time: 0.1577695 seconds
[2023-11-15T20:04:12.383+0000][20.145s][debug][safepoint     ] Waiting for 1 thread(s) to block
[2023-11-15T20:04:12.383+0000][20.145s][info ][safepoint     ] Entering safepoint region: Deoptimize
[2023-11-15T20:04:12.384+0000][20.146s][info ][safepoint     ] Leaving safepoint region
[2023-11-15T20:04:12.384+0000][20.146s][info ][safepoint     ] Total time for which application threads were stopped: 0.0010175 seconds, Stopping threads took: 0.0000301 seconds
[2023-11-15T20:04:12.520+0000][20.282s][debug][safepoint     ] Safepoint synchronization initiated. (20 threads)
[2023-11-15T20:04:12.520+0000][20.282s][info ][safepoint     ] Application time: 0.1358022 seconds
[2023-11-15T20:04:12.520+0000][20.282s][info ][safepoint     ] Entering safepoint region: Deoptimize
[2023-11-15T20:04:12.521+0000][20.283s][info ][safepoint     ] Leaving safepoint region
[2023-11-15T20:04:12.521+0000][20.283s][info ][safepoint     ] Total time for which application threads were stopped: 0.0009808 seconds, Stopping threads took: 0.0000115 seconds
[2023-11-15T20:04:12.765+0000][20.527s][debug][safepoint     ] Safepoint synchronization initiated. (20 threads)
[2023-11-15T20:04:12.765+0000][20.527s][info ][safepoint     ] Application time: 0.2443266 seconds
[2023-11-15T20:04:12.765+0000][20.527s][debug][safepoint     ] Waiting for 1 thread(s) to block
[2023-11-15T20:04:12.765+0000][20.527s][info ][safepoint     ] Entering safepoint region: Deoptimize
[2023-11-15T20:04:12.767+0000][20.528s][info ][safepoint     ] Leaving safepoint region
[2023-11-15T20:04:12.767+0000][20.528s][info ][safepoint     ] Total time for which application threads were stopped: 0.0010870 seconds, Stopping threads took: 0.0000315 seconds
[2023-11-15T20:04:13.208+0000][20.970s][debug][safepoint     ] Safepoint synchronization initiated. (22 threads)
[2023-11-15T20:04:13.208+0000][20.970s][info ][safepoint     ] Application time: 0.4416887 seconds
[2023-11-15T20:04:13.208+0000][20.970s][info ][safepoint     ] Entering safepoint region: G1CollectForAllocation
[2023-11-15T20:04:13.208+0000][20.970s][info ][gc,start      ] GC(26) Pause Young (Normal) (G1 Evacuation Pause)
[2023-11-15T20:04:13.208+0000][20.970s][info ][gc,task       ] GC(26) Using 4 workers of 4 for evacuation
[2023-11-15T20:04:13.258+0000][21.020s][info ][gc,phases     ] GC(26)   Pre Evacuate Collection Set: 0.0ms
[2023-11-15T20:04:13.258+0000][21.020s][info ][gc,phases     ] GC(26)   Evacuate Collection Set: 46.2ms
[2023-11-15T20:04:13.258+0000][21.020s][info ][gc,phases     ] GC(26)   Post Evacuate Collection Set: 3.1ms
[2023-11-15T20:04:13.258+0000][21.020s][info ][gc,phases     ] GC(26)   Other: 0.2ms
[2023-11-15T20:04:13.258+0000][21.020s][info ][gc,heap       ] GC(26) Eden regions: 362->0(364)
[2023-11-15T20:04:13.258+0000][21.020s][info ][gc,heap       ] GC(26) Survivor regions: 35->33(50)
[2023-11-15T20:04:13.258+0000][21.020s][info ][gc,heap       ] GC(26) Old regions: 28->37
[2023-11-15T20:04:13.258+0000][21.020s][info ][gc,heap       ] GC(26) Humongous regions: 0->0
[2023-11-15T20:04:13.258+0000][21.020s][info ][gc,metaspace  ] GC(26) Metaspace: 89860K(92840K)->89860K(92840K) NonClass: 78682K(80596K)->78682K(80596K) Class: 11178K(12244K)->11178K(12244K)
[2023-11-15T20:04:13.258+0000][21.020s][info ][gc            ] GC(26) Pause Young (Normal) (G1 Evacuation Pause) 422M->67M(662M) 49.610ms
[2023-11-15T20:04:13.258+0000][21.020s][info ][gc,cpu        ] GC(26) User=0.18s Sys=0.00s Real=0.04s
[2023-11-15T20:04:13.258+0000][21.020s][info ][safepoint     ] Leaving safepoint region
[2023-11-15T20:04:13.258+0000][21.020s][info ][safepoint     ] Total time for which application threads were stopped: 0.0498541 seconds, Stopping threads took: 0.0000118 seconds
[2023-11-15T20:04:13.265+0000][21.026s][info ][gc,stringdedup] Concurrent String Deduplication (21.026s)
[2023-11-15T20:04:13.268+0000][21.030s][info ][gc,stringdedup] Concurrent String Deduplication 556.6K->153.2K(403.4K) avg 46.4% (21.026s, 21.030s) 3.134ms
[2023-11-15T20:04:13.447+0000][21.209s][debug][safepoint     ] Safepoint synchronization initiated. (22 threads)
[2023-11-15T20:04:13.447+0000][21.209s][info ][safepoint     ] Application time: 0.1890175 seconds
[2023-11-15T20:04:13.447+0000][21.209s][info ][safepoint     ] Entering safepoint region: Deoptimize
[2023-11-15T20:04:13.448+0000][21.210s][info ][safepoint     ] Leaving safepoint region
[2023-11-15T20:04:13.448+0000][21.210s][info ][safepoint     ] Total time for which application threads were stopped: 0.0010019 seconds, Stopping threads took: 0.0000124 seconds
[2023-11-15T20:04:13.514+0000][21.275s][debug][safepoint     ] Safepoint synchronization initiated. (22 threads)
[2023-11-15T20:04:13.514+0000][21.275s][info ][safepoint     ] Application time: 0.0654495 seconds
[2023-11-15T20:04:13.514+0000][21.275s][info ][safepoint     ] Entering safepoint region: Deoptimize
[2023-11-15T20:04:13.515+0000][21.276s][info ][safepoint     ] Leaving safepoint region
[2023-11-15T20:04:13.515+0000][21.276s][info ][safepoint     ] Total time for which application threads were stopped: 0.0010812 seconds, Stopping threads took: 0.0000165 seconds
[2023-11-15T20:04:13.579+0000][21.341s][debug][safepoint     ] Safepoint synchronization initiated. (22 threads)
[2023-11-15T20:04:13.579+0000][21.341s][info ][safepoint     ] Application time: 0.0646021 seconds
[2023-11-15T20:04:13.579+0000][21.341s][info ][safepoint     ] Entering safepoint region: Deoptimize
[2023-11-15T20:04:13.580+0000][21.342s][info ][safepoint     ] Leaving safepoint region
[2023-11-15T20:04:13.580+0000][21.342s][info ][safepoint     ] Total time for which application threads were stopped: 0.0009845 seconds, Stopping threads took: 0.0000115 seconds
[2023-11-15T20:04:13.588+0000][21.350s][debug][safepoint     ] Safepoint synchronization initiated. (22 threads)
[2023-11-15T20:04:13.588+0000][21.350s][info ][safepoint     ] Application time: 0.0077207 seconds
[2023-11-15T20:04:13.588+0000][21.350s][debug][safepoint     ] Waiting for 1 thread(s) to block
[2023-11-15T20:04:13.588+0000][21.350s][info ][safepoint     ] Entering safepoint region: Deoptimize
[2023-11-15T20:04:13.589+0000][21.351s][info ][safepoint     ] Leaving safepoint region
[2023-11-15T20:04:13.589+0000][21.351s][info ][safepoint     ] Total time for which application threads were stopped: 0.0009843 seconds, Stopping threads took: 0.0000288 seconds
[2023-11-15T20:04:13.629+0000][21.391s][debug][safepoint     ] Safepoint synchronization initiated. (22 threads)
[2023-11-15T20:04:13.630+0000][21.391s][info ][safepoint     ] Application time: 0.0404604 seconds
[2023-11-15T20:04:13.630+0000][21.391s][debug][safepoint     ] Waiting for 1 thread(s) to block
[2023-11-15T20:04:13.630+0000][21.391s][info ][safepoint     ] Entering safepoint region: Deoptimize
[2023-11-15T20:04:13.631+0000][21.392s][info ][safepoint     ] Leaving safepoint region
[2023-11-15T20:04:13.631+0000][21.392s][info ][safepoint     ] Total time for which application threads were stopped: 0.0009988 seconds, Stopping threads took: 0.0000305 seconds
[2023-11-15T20:04:14.423+0000][22.185s][debug][safepoint     ] Safepoint synchronization initiated. (33 threads)
[2023-11-15T20:04:14.423+0000][22.185s][info ][safepoint     ] Application time: 0.7927359 seconds
[2023-11-15T20:04:14.423+0000][22.185s][debug][safepoint     ] Waiting for 1 thread(s) to block
[2023-11-15T20:04:14.423+0000][22.185s][info ][safepoint     ] Entering safepoint region: Deoptimize
[2023-11-15T20:04:14.425+0000][22.186s][info ][safepoint     ] Leaving safepoint region
[2023-11-15T20:04:14.425+0000][22.186s][info ][safepoint     ] Total time for which application threads were stopped: 0.0014267 seconds, Stopping threads took: 0.0000289 seconds
[2023-11-15T20:04:14.806+0000][22.567s][debug][safepoint     ] Safepoint synchronization initiated. (38 threads)
[2023-11-15T20:04:14.806+0000][22.567s][info ][safepoint     ] Application time: 0.3810463 seconds
[2023-11-15T20:04:14.806+0000][22.567s][info ][safepoint     ] Entering safepoint region: Deoptimize
[2023-11-15T20:04:14.807+0000][22.568s][info ][safepoint     ] Leaving safepoint region
[2023-11-15T20:04:14.807+0000][22.568s][info ][safepoint     ] Total time for which application threads were stopped: 0.0009851 seconds, Stopping threads took: 0.0000141 seconds
[2023-11-15T20:04:14.868+0000][22.630s][debug][safepoint     ] Safepoint synchronization initiated. (38 threads)
[2023-11-15T20:04:14.869+0000][22.630s][info ][safepoint     ] Application time: 0.0617403 seconds
[2023-11-15T20:04:14.869+0000][22.630s][info ][safepoint     ] Entering safepoint region: G1CollectForAllocation
[2023-11-15T20:04:14.869+0000][22.630s][info ][gc,start      ] GC(27) Pause Young (Normal) (G1 Evacuation Pause)
[2023-11-15T20:04:14.869+0000][22.630s][info ][gc,task       ] GC(27) Using 4 workers of 4 for evacuation
[2023-11-15T20:04:14.912+0000][22.673s][info ][gc,phases     ] GC(27)   Pre Evacuate Collection Set: 0.0ms
[2023-11-15T20:04:14.912+0000][22.673s][info ][gc,phases     ] GC(27)   Evacuate Collection Set: 39.9ms
[2023-11-15T20:04:14.912+0000][22.673s][info ][gc,phases     ] GC(27)   Post Evacuate Collection Set: 2.9ms
[2023-11-15T20:04:14.912+0000][22.673s][info ][gc,phases     ] GC(27)   Other: 0.2ms
[2023-11-15T20:04:14.912+0000][22.673s][info ][gc,heap       ] GC(27) Eden regions: 364->0(366)
[2023-11-15T20:04:14.912+0000][22.673s][info ][gc,heap       ] GC(27) Survivor regions: 33->31(50)
[2023-11-15T20:04:14.912+0000][22.673s][info ][gc,heap       ] GC(27) Old regions: 37->45
[2023-11-15T20:04:14.912+0000][22.673s][info ][gc,heap       ] GC(27) Humongous regions: 0->0
[2023-11-15T20:04:14.912+0000][22.673s][info ][gc,metaspace  ] GC(27) Metaspace: 97097K(100008K)->97097K(100008K) NonClass: 85237K(86996K)->85237K(86996K) Class: 11860K(13012K)->11860K(13012K)
[2023-11-15T20:04:14.912+0000][22.673s][info ][gc            ] GC(27) Pause Young (Normal) (G1 Evacuation Pause) 431M->74M(662M) 43.062ms
[2023-11-15T20:04:14.912+0000][22.673s][info ][gc,cpu        ] GC(27) User=0.16s Sys=0.00s Real=0.04s
[2023-11-15T20:04:14.912+0000][22.673s][info ][safepoint     ] Leaving safepoint region
[2023-11-15T20:04:14.912+0000][22.673s][info ][safepoint     ] Total time for which application threads were stopped: 0.0433201 seconds, Stopping threads took: 0.0000128 seconds
[2023-11-15T20:04:14.913+0000][22.675s][info ][gc,stringdedup] Concurrent String Deduplication (22.675s)
[2023-11-15T20:04:14.923+0000][22.684s][info ][gc,stringdedup] Concurrent String Deduplication 909.8K->233.0K(676.8K) avg 48.5% (22.675s, 22.684s) 9.577ms
[2023-11-15T20:04:15.032+0000][22.793s][debug][safepoint     ] Safepoint synchronization initiated. (38 threads)
[2023-11-15T20:04:15.032+0000][22.793s][info ][safepoint     ] Application time: 0.1200106 seconds
[2023-11-15T20:04:15.032+0000][22.794s][info ][safepoint     ] Entering safepoint region: Deoptimize
[2023-11-15T20:04:15.033+0000][22.795s][info ][safepoint     ] Leaving safepoint region
[2023-11-15T20:04:15.033+0000][22.795s][info ][safepoint     ] Total time for which application threads were stopped: 0.0010284 seconds, Stopping threads took: 0.0000141 seconds
[2023-11-15T20:04:15.097+0000][22.858s][debug][safepoint     ] Safepoint synchronization initiated. (38 threads)
[2023-11-15T20:04:15.097+0000][22.859s][info ][safepoint     ] Application time: 0.0639698 seconds
[2023-11-15T20:04:15.097+0000][22.859s][info ][safepoint     ] Entering safepoint region: Deoptimize
[2023-11-15T20:04:15.098+0000][22.859s][info ][safepoint     ] Leaving safepoint region
[2023-11-15T20:04:15.098+0000][22.860s][info ][safepoint     ] Total time for which application threads were stopped: 0.0009804 seconds, Stopping threads took: 0.0000138 seconds
[2023-11-15T20:04:15.099+0000][22.861s][debug][safepoint     ] Safepoint synchronization initiated. (38 threads)
[2023-11-15T20:04:15.099+0000][22.861s][info ][safepoint     ] Application time: 0.0011193 seconds
[2023-11-15T20:04:15.099+0000][22.861s][info ][safepoint     ] Entering safepoint region: Deoptimize
[2023-11-15T20:04:15.100+0000][22.861s][info ][safepoint     ] Leaving safepoint region
[2023-11-15T20:04:15.100+0000][22.861s][info ][safepoint     ] Total time for which application threads were stopped: 0.0008018 seconds, Stopping threads took: 0.0000118 seconds
[2023-11-15T20:04:15.157+0000][22.918s][debug][safepoint     ] Safepoint synchronization initiated. (38 threads)
[2023-11-15T20:04:15.157+0000][22.918s][info ][safepoint     ] Application time: 0.0567446 seconds
[2023-11-15T20:04:15.157+0000][22.918s][info ][safepoint     ] Entering safepoint region: Deoptimize
[2023-11-15T20:04:15.158+0000][22.919s][info ][safepoint     ] Leaving safepoint region
[2023-11-15T20:04:15.158+0000][22.919s][info ][safepoint     ] Total time for which application threads were stopped: 0.0010445 seconds, Stopping threads took: 0.0000131 seconds
[2023-11-15T20:04:16.058+0000][23.819s][debug][safepoint     ] Safepoint synchronization initiated. (38 threads)
[2023-11-15T20:04:16.058+0000][23.820s][info ][safepoint     ] Application time: 0.9002420 seconds
[2023-11-15T20:04:16.058+0000][23.820s][info ][safepoint     ] Entering safepoint region: ICBufferFull
[2023-11-15T20:04:16.058+0000][23.820s][info ][safepoint     ] Leaving safepoint region
[2023-11-15T20:04:16.058+0000][23.820s][info ][safepoint     ] Total time for which application threads were stopped: 0.0002897 seconds, Stopping threads took: 0.0000142 seconds
[2023-11-15T20:04:16.538+0000][24.300s][debug][safepoint     ] Safepoint synchronization initiated. (38 threads)
[2023-11-15T20:04:16.538+0000][24.300s][info ][safepoint     ] Application time: 0.4798157 seconds
[2023-11-15T20:04:16.538+0000][24.300s][info ][safepoint     ] Entering safepoint region: Deoptimize
[2023-11-15T20:04:16.539+0000][24.301s][info ][safepoint     ] Leaving safepoint region
[2023-11-15T20:04:16.539+0000][24.301s][info ][safepoint     ] Total time for which application threads were stopped: 0.0010984 seconds, Stopping threads took: 0.0000139 seconds
[2023-11-15T20:04:16.584+0000][24.346s][debug][safepoint     ] Safepoint synchronization initiated. (38 threads)
[2023-11-15T20:04:16.584+0000][24.346s][info ][safepoint     ] Application time: 0.0450513 seconds
[2023-11-15T20:04:16.584+0000][24.346s][info ][safepoint     ] Entering safepoint region: G1CollectForAllocation
[2023-11-15T20:04:16.584+0000][24.346s][info ][gc,start      ] GC(28) Pause Young (Normal) (G1 Evacuation Pause)
[2023-11-15T20:04:16.584+0000][24.346s][info ][gc,task       ] GC(28) Using 4 workers of 4 for evacuation
[2023-11-15T20:04:16.630+0000][24.391s][info ][gc,phases     ] GC(28)   Pre Evacuate Collection Set: 0.0ms
[2023-11-15T20:04:16.630+0000][24.391s][info ][gc,phases     ] GC(28)   Evacuate Collection Set: 39.6ms
[2023-11-15T20:04:16.630+0000][24.391s][info ][gc,phases     ] GC(28)   Post Evacuate Collection Set: 5.4ms
[2023-11-15T20:04:16.630+0000][24.391s][info ][gc,phases     ] GC(28)   Other: 0.2ms
[2023-11-15T20:04:16.630+0000][24.391s][info ][gc,heap       ] GC(28) Eden regions: 366->0(364)
[2023-11-15T20:04:16.630+0000][24.391s][info ][gc,heap       ] GC(28) Survivor regions: 31->33(50)
[2023-11-15T20:04:16.630+0000][24.391s][info ][gc,heap       ] GC(28) Old regions: 45->52
[2023-11-15T20:04:16.630+0000][24.391s][info ][gc,heap       ] GC(28) Humongous regions: 1->0
[2023-11-15T20:04:16.630+0000][24.391s][info ][gc,metaspace  ] GC(28) Metaspace: 103362K(106152K)->103362K(106152K) NonClass: 90914K(92628K)->90914K(92628K) Class: 12448K(13524K)->12448K(13524K)
[2023-11-15T20:04:16.630+0000][24.391s][info ][gc            ] GC(28) Pause Young (Normal) (G1 Evacuation Pause) 441M->83M(662M) 45.355ms
[2023-11-15T20:04:16.630+0000][24.391s][info ][gc,cpu        ] GC(28) User=0.17s Sys=0.00s Real=0.05s
[2023-11-15T20:04:16.630+0000][24.391s][info ][safepoint     ] Leaving safepoint region
[2023-11-15T20:04:16.630+0000][24.391s][info ][safepoint     ] Total time for which application threads were stopped: 0.0455238 seconds, Stopping threads took: 0.0000132 seconds
[2023-11-15T20:04:16.636+0000][24.397s][info ][gc,stringdedup] Concurrent String Deduplication (24.397s)
[2023-11-15T20:04:16.640+0000][24.402s][info ][gc,stringdedup] Concurrent String Deduplication 575.0K->184.9K(390.1K) avg 49.4% (24.397s, 24.402s) 4.605ms
[2023-11-15T20:04:16.641+0000][24.402s][debug][safepoint     ] Safepoint synchronization initiated. (38 threads)
[2023-11-15T20:04:16.641+0000][24.402s][info ][safepoint     ] Application time: 0.0109923 seconds
[2023-11-15T20:04:16.641+0000][24.402s][debug][safepoint     ] Waiting for 1 thread(s) to block
[2023-11-15T20:04:16.641+0000][24.402s][info ][safepoint     ] Entering safepoint region: Deoptimize
[2023-11-15T20:04:16.642+0000][24.403s][info ][safepoint     ] Leaving safepoint region
[2023-11-15T20:04:16.642+0000][24.403s][info ][safepoint     ] Total time for which application threads were stopped: 0.0010256 seconds, Stopping threads took: 0.0000293 seconds
[2023-11-15T20:04:17.138+0000][24.899s][debug][safepoint     ] Safepoint synchronization initiated. (41 threads)
[2023-11-15T20:04:17.138+0000][24.899s][info ][safepoint     ] Application time: 0.4960490 seconds
[2023-11-15T20:04:17.138+0000][24.899s][info ][safepoint     ] Entering safepoint region: Deoptimize
[2023-11-15T20:04:17.139+0000][24.900s][info ][safepoint     ] Leaving safepoint region
[2023-11-15T20:04:17.139+0000][24.901s][info ][safepoint     ] Total time for which application threads were stopped: 0.0010495 seconds, Stopping threads took: 0.0000132 seconds
[2023-11-15T20:04:17.448+0000][25.210s][debug][safepoint     ] Safepoint synchronization initiated. (41 threads)
[2023-11-15T20:04:17.448+0000][25.210s][info ][safepoint     ] Application time: 0.3095925 seconds
[2023-11-15T20:04:17.448+0000][25.210s][info ][safepoint     ] Entering safepoint region: ICBufferFull
[2023-11-15T20:04:17.449+0000][25.210s][info ][safepoint     ] Leaving safepoint region
[2023-11-15T20:04:17.449+0000][25.210s][info ][safepoint     ] Total time for which application threads were stopped: 0.0002719 seconds, Stopping threads took: 0.0000167 seconds
[2023-11-15T20:04:17.675+0000][25.436s][debug][safepoint     ] Safepoint synchronization initiated. (41 threads)
[2023-11-15T20:04:17.675+0000][25.436s][info ][safepoint     ] Application time: 0.2257748 seconds
[2023-11-15T20:04:17.675+0000][25.436s][debug][safepoint     ] Waiting for 1 thread(s) to block
[2023-11-15T20:04:17.675+0000][25.436s][info ][safepoint     ] Entering safepoint region: ICBufferFull
[2023-11-15T20:04:17.675+0000][25.436s][info ][safepoint     ] Leaving safepoint region
[2023-11-15T20:04:17.675+0000][25.436s][info ][safepoint     ] Total time for which application threads were stopped: 0.0002565 seconds, Stopping threads took: 0.0000329 seconds
[2023-11-15T20:04:17.779+0000][25.540s][debug][safepoint     ] Safepoint synchronization initiated. (41 threads)
[2023-11-15T20:04:17.779+0000][25.540s][info ][safepoint     ] Application time: 0.1038398 seconds
[2023-11-15T20:04:17.779+0000][25.540s][info ][safepoint     ] Entering safepoint region: Deoptimize
[2023-11-15T20:04:17.780+0000][25.541s][info ][safepoint     ] Leaving safepoint region
[2023-11-15T20:04:17.780+0000][25.542s][info ][safepoint     ] Total time for which application threads were stopped: 0.0011723 seconds, Stopping threads took: 0.0000140 seconds
[2023-11-15T20:04:17.844+0000][25.606s][debug][safepoint     ] Safepoint synchronization initiated. (41 threads)
[2023-11-15T20:04:17.844+0000][25.606s][info ][safepoint     ] Application time: 0.0643381 seconds
[2023-11-15T20:04:17.844+0000][25.606s][debug][safepoint     ] Waiting for 1 thread(s) to block
[2023-11-15T20:04:17.844+0000][25.606s][info ][safepoint     ] Entering safepoint region: Deoptimize
[2023-11-15T20:04:17.845+0000][25.607s][info ][safepoint     ] Leaving safepoint region
[2023-11-15T20:04:17.845+0000][25.607s][info ][safepoint     ] Total time for which application threads were stopped: 0.0011500 seconds, Stopping threads took: 0.0000365 seconds
[2023-11-15T20:04:17.877+0000][25.639s][debug][safepoint     ] Safepoint synchronization initiated. (41 threads)
[2023-11-15T20:04:17.877+0000][25.639s][info ][safepoint     ] Application time: 0.0319372 seconds
[2023-11-15T20:04:17.877+0000][25.639s][debug][safepoint     ] Waiting for 1 thread(s) to block
[2023-11-15T20:04:17.877+0000][25.639s][info ][safepoint     ] Entering safepoint region: Deoptimize
[2023-11-15T20:04:17.878+0000][25.640s][info ][safepoint     ] Leaving safepoint region
[2023-11-15T20:04:17.878+0000][25.640s][info ][safepoint     ] Total time for which application threads were stopped: 0.0011098 seconds, Stopping threads took: 0.0000343 seconds
[2023-11-15T20:04:17.919+0000][25.680s][debug][safepoint     ] Safepoint synchronization initiated. (41 threads)
[2023-11-15T20:04:17.919+0000][25.680s][info ][safepoint     ] Application time: 0.0402237 seconds
[2023-11-15T20:04:17.919+0000][25.680s][debug][safepoint     ] Waiting for 1 thread(s) to block
[2023-11-15T20:04:17.919+0000][25.680s][info ][safepoint     ] Entering safepoint region: Deoptimize
[2023-11-15T20:04:17.920+0000][25.682s][info ][safepoint     ] Leaving safepoint region
[2023-11-15T20:04:17.920+0000][25.682s][info ][safepoint     ] Total time for which application threads were stopped: 0.0014646 seconds, Stopping threads took: 0.0000348 seconds
[2023-11-15T20:04:18.070+0000][25.832s][debug][safepoint     ] Safepoint synchronization initiated. (41 threads)
[2023-11-15T20:04:18.070+0000][25.832s][info ][safepoint     ] Application time: 0.1497493 seconds
[2023-11-15T20:04:18.070+0000][25.832s][debug][safepoint     ] Waiting for 1 thread(s) to block
[2023-11-15T20:04:18.070+0000][25.832s][info ][safepoint     ] Entering safepoint region: Deoptimize
[2023-11-15T20:04:18.071+0000][25.833s][info ][safepoint     ] Leaving safepoint region
[2023-11-15T20:04:18.071+0000][25.833s][info ][safepoint     ] Total time for which application threads were stopped: 0.0011618 seconds, Stopping threads took: 0.0000332 seconds
[2023-11-15T20:04:18.072+0000][25.834s][debug][safepoint     ] Safepoint synchronization initiated. (41 threads)
[2023-11-15T20:04:18.072+0000][25.834s][info ][safepoint     ] Application time: 0.0011624 seconds
[2023-11-15T20:04:18.072+0000][25.834s][debug][safepoint     ] Waiting for 1 thread(s) to block
[2023-11-15T20:04:18.072+0000][25.834s][info ][safepoint     ] Entering safepoint region: Deoptimize
[2023-11-15T20:04:18.073+0000][25.835s][info ][safepoint     ] Leaving safepoint region
[2023-11-15T20:04:18.073+0000][25.835s][info ][safepoint     ] Total time for which application threads were stopped: 0.0010845 seconds, Stopping threads took: 0.0000291 seconds
[2023-11-15T20:04:18.145+0000][25.907s][debug][safepoint     ] Safepoint synchronization initiated. (41 threads)
[2023-11-15T20:04:18.145+0000][25.907s][info ][safepoint     ] Application time: 0.0720585 seconds
[2023-11-15T20:04:18.145+0000][25.907s][debug][safepoint     ] Waiting for 1 thread(s) to block
[2023-11-15T20:04:18.145+0000][25.907s][info ][safepoint     ] Entering safepoint region: CollectForMetadataAllocation
[2023-11-15T20:04:18.146+0000][25.907s][info ][gc,start      ] GC(29) Pause Young (Concurrent Start) (Metadata GC Threshold)
[2023-11-15T20:04:18.146+0000][25.907s][info ][gc,task       ] GC(29) Using 4 workers of 4 for evacuation
[2023-11-15T20:04:18.206+0000][25.967s][info ][gc,phases     ] GC(29)   Pre Evacuate Collection Set: 0.2ms
[2023-11-15T20:04:18.206+0000][25.967s][info ][gc,phases     ] GC(29)   Evacuate Collection Set: 54.1ms
[2023-11-15T20:04:18.206+0000][25.967s][info ][gc,phases     ] GC(29)   Post Evacuate Collection Set: 5.5ms
[2023-11-15T20:04:18.206+0000][25.967s][info ][gc,phases     ] GC(29)   Other: 0.3ms
[2023-11-15T20:04:18.206+0000][25.967s][info ][gc,heap       ] GC(29) Eden regions: 198->0(449)
[2023-11-15T20:04:18.206+0000][25.967s][info ][gc,heap       ] GC(29) Survivor regions: 33->28(50)
[2023-11-15T20:04:18.206+0000][25.967s][info ][gc,heap       ] GC(29) Old regions: 52->61
[2023-11-15T20:04:18.206+0000][25.967s][info ][gc,heap       ] GC(29) Humongous regions: 0->0
[2023-11-15T20:04:18.206+0000][25.967s][info ][gc,metaspace  ] GC(29) Metaspace: 112271K(115696K)->112271K(115696K) NonClass: 98806K(101020K)->98806K(101020K) Class: 13465K(14676K)->13465K(14676K)
[2023-11-15T20:04:18.206+0000][25.967s][info ][gc            ] GC(29) Pause Young (Concurrent Start) (Metadata GC Threshold) 280M->87M(795M) 60.267ms
[2023-11-15T20:04:18.206+0000][25.968s][info ][gc,cpu        ] GC(29) User=0.20s Sys=0.00s Real=0.06s
[2023-11-15T20:04:18.206+0000][25.968s][info ][safepoint     ] Leaving safepoint region
[2023-11-15T20:04:18.206+0000][25.968s][info ][safepoint     ] Total time for which application threads were stopped: 0.0604941 seconds, Stopping threads took: 0.0000328 seconds
[2023-11-15T20:04:18.206+0000][25.968s][info ][gc            ] GC(30) Concurrent Cycle
[2023-11-15T20:04:18.206+0000][25.968s][info ][gc,marking    ] GC(30) Concurrent Clear Claimed Marks
[2023-11-15T20:04:18.206+0000][25.968s][info ][gc,marking    ] GC(30) Concurrent Clear Claimed Marks 0.229ms
[2023-11-15T20:04:18.206+0000][25.968s][info ][gc,marking    ] GC(30) Concurrent Scan Root Regions
[2023-11-15T20:04:18.212+0000][25.973s][info ][gc,stringdedup] Concurrent String Deduplication (25.973s)
[2023-11-15T20:04:18.218+0000][25.979s][info ][gc,stringdedup] Concurrent String Deduplication 711.6K->351.9K(359.7K) avg 49.5% (25.973s, 25.979s) 6.233ms
[2023-11-15T20:04:18.231+0000][25.992s][info ][gc,marking    ] GC(30) Concurrent Scan Root Regions 24.426ms
[2023-11-15T20:04:18.231+0000][25.992s][info ][gc,marking    ] GC(30) Concurrent Mark (25.992s)
[2023-11-15T20:04:18.231+0000][25.992s][info ][gc,marking    ] GC(30) Concurrent Mark From Roots
[2023-11-15T20:04:18.231+0000][25.992s][info ][gc,task       ] GC(30) Using 1 workers of 1 for marking
[2023-11-15T20:04:18.259+0000][26.020s][debug][safepoint     ] Safepoint synchronization initiated. (41 threads)
[2023-11-15T20:04:18.259+0000][26.020s][info ][safepoint     ] Application time: 0.0527030 seconds
[2023-11-15T20:04:18.259+0000][26.020s][info ][safepoint     ] Entering safepoint region: CollectForMetadataAllocation
[2023-11-15T20:04:18.259+0000][26.020s][info ][safepoint     ] Leaving safepoint region
[2023-11-15T20:04:18.259+0000][26.020s][info ][safepoint     ] Total time for which application threads were stopped: 0.0001583 seconds, Stopping threads took: 0.0000319 seconds
[2023-11-15T20:04:18.280+0000][26.041s][debug][safepoint     ] Safepoint synchronization initiated. (41 threads)
[2023-11-15T20:04:18.280+0000][26.041s][info ][safepoint     ] Application time: 0.0207832 seconds
[2023-11-15T20:04:18.280+0000][26.041s][info ][safepoint     ] Entering safepoint region: CollectForMetadataAllocation
[2023-11-15T20:04:18.280+0000][26.041s][info ][safepoint     ] Leaving safepoint region
[2023-11-15T20:04:18.280+0000][26.041s][info ][safepoint     ] Total time for which application threads were stopped: 0.0001116 seconds, Stopping threads took: 0.0000170 seconds
[2023-11-15T20:04:18.347+0000][26.108s][info ][gc,marking    ] GC(30) Concurrent Mark From Roots 116.083ms
[2023-11-15T20:04:18.347+0000][26.108s][info ][gc,marking    ] GC(30) Concurrent Preclean
[2023-11-15T20:04:18.347+0000][26.109s][info ][gc,marking    ] GC(30) Concurrent Preclean 0.152ms
[2023-11-15T20:04:18.347+0000][26.109s][info ][gc,marking    ] GC(30) Concurrent Mark (25.992s, 26.109s) 116.329ms
[2023-11-15T20:04:18.347+0000][26.109s][debug][safepoint     ] Safepoint synchronization initiated. (41 threads)
[2023-11-15T20:04:18.347+0000][26.109s][info ][safepoint     ] Application time: 0.0673274 seconds
[2023-11-15T20:04:18.349+0000][26.110s][debug][safepoint     ] ... found polling page return exception at pc = 0x00007f6930bace93, stub =0x00007f692883a800
[2023-11-15T20:04:18.350+0000][26.111s][debug][safepoint     ] Waiting for 1 thread(s) to block
[2023-11-15T20:04:18.350+0000][26.111s][info ][safepoint     ] Entering safepoint region: CGC_Operation
[2023-11-15T20:04:18.350+0000][26.111s][info ][gc,start      ] GC(30) Pause Remark
[2023-11-15T20:04:18.369+0000][26.131s][info ][gc,stringtable] GC(30) Cleaned string and symbol table, strings: 53599 processed, 68 removed, symbols: 313522 processed, 374 removed
[2023-11-15T20:04:18.369+0000][26.131s][info ][gc            ] GC(30) Pause Remark 97M->97M(795M) 19.424ms
[2023-11-15T20:04:18.369+0000][26.131s][info ][gc,cpu        ] GC(30) User=0.07s Sys=0.00s Real=0.02s
[2023-11-15T20:04:18.369+0000][26.131s][info ][safepoint     ] Leaving safepoint region
[2023-11-15T20:04:18.369+0000][26.131s][info ][safepoint     ] Total time for which application threads were stopped: 0.0222814 seconds, Stopping threads took: 0.0027001 seconds
[2023-11-15T20:04:18.369+0000][26.131s][info ][gc,marking    ] GC(30) Concurrent Rebuild Remembered Sets
[2023-11-15T20:04:18.451+0000][26.212s][info ][gc,marking    ] GC(30) Concurrent Rebuild Remembered Sets 81.134ms
[2023-11-15T20:04:18.451+0000][26.212s][debug][safepoint     ] Safepoint synchronization initiated. (41 threads)
[2023-11-15T20:04:18.451+0000][26.212s][info ][safepoint     ] Application time: 0.0812523 seconds
[2023-11-15T20:04:18.452+0000][26.213s][debug][safepoint     ] ... found polling page return exception at pc = 0x00007f693066a516, stub =0x00007f692883a800
[2023-11-15T20:04:18.452+0000][26.213s][debug][safepoint     ] Waiting for 1 thread(s) to block
[2023-11-15T20:04:18.452+0000][26.213s][info ][safepoint     ] Entering safepoint region: CGC_Operation
[2023-11-15T20:04:18.452+0000][26.213s][info ][gc,start      ] GC(30) Pause Cleanup
[2023-11-15T20:04:18.452+0000][26.214s][info ][gc            ] GC(30) Pause Cleanup 106M->106M(795M) 0.231ms
[2023-11-15T20:04:18.452+0000][26.214s][info ][gc,cpu        ] GC(30) User=0.00s Sys=0.00s Real=0.00s
[2023-11-15T20:04:18.452+0000][26.214s][info ][safepoint     ] Leaving safepoint region
[2023-11-15T20:04:18.452+0000][26.214s][info ][safepoint     ] Total time for which application threads were stopped: 0.0013527 seconds, Stopping threads took: 0.0009872 seconds
[2023-11-15T20:04:18.452+0000][26.214s][info ][gc,marking    ] GC(30) Concurrent Cleanup for Next Mark
[2023-11-15T20:04:18.458+0000][26.219s][info ][gc,marking    ] GC(30) Concurrent Cleanup for Next Mark 5.659ms
[2023-11-15T20:04:18.458+0000][26.219s][info ][gc            ] GC(30) Concurrent Cycle 251.742ms
[2023-11-15T20:04:19.452+0000][27.214s][debug][safepoint     ] Safepoint synchronization initiated. (42 threads)
[2023-11-15T20:04:19.452+0000][27.214s][info ][safepoint     ] Application time: 1.0001337 seconds
[2023-11-15T20:04:19.452+0000][27.214s][debug][safepoint     ] ... found polling page loop exception at pc = 0x00007f6930466cee, stub =0x00007f692883ab00
[2023-11-15T20:04:19.452+0000][27.214s][debug][safepoint     ] Waiting for 1 thread(s) to block
[2023-11-15T20:04:19.452+0000][27.214s][info ][safepoint     ] Entering safepoint region: Cleanup
[2023-11-15T20:04:19.452+0000][27.214s][info ][safepoint     ] Leaving safepoint region
[2023-11-15T20:04:19.452+0000][27.214s][info ][safepoint     ] Total time for which application threads were stopped: 0.0002151 seconds, Stopping threads took: 0.0000736 seconds
[2023-11-15T20:04:20.192+0000][27.953s][debug][safepoint     ] Safepoint synchronization initiated. (42 threads)
[2023-11-15T20:04:20.192+0000][27.953s][info ][safepoint     ] Application time: 0.7393431 seconds
[2023-11-15T20:04:20.192+0000][27.953s][info ][safepoint     ] Entering safepoint region: Deoptimize
[2023-11-15T20:04:20.193+0000][27.954s][info ][safepoint     ] Leaving safepoint region
[2023-11-15T20:04:20.193+0000][27.954s][info ][safepoint     ] Total time for which application threads were stopped: 0.0010477 seconds, Stopping threads took: 0.0000133 seconds
[2023-11-15T20:04:20.402+0000][28.163s][debug][safepoint     ] Safepoint synchronization initiated. (42 threads)
[2023-11-15T20:04:20.402+0000][28.163s][info ][safepoint     ] Application time: 0.2088698 seconds
[2023-11-15T20:04:20.402+0000][28.163s][info ][safepoint     ] Entering safepoint region: Deoptimize
[2023-11-15T20:04:20.403+0000][28.164s][info ][safepoint     ] Leaving safepoint region
[2023-11-15T20:04:20.403+0000][28.164s][info ][safepoint     ] Total time for which application threads were stopped: 0.0010483 seconds, Stopping threads took: 0.0000227 seconds
[2023-11-15T20:04:20.460+0000][28.221s][debug][safepoint     ] Safepoint synchronization initiated. (43 threads)
[2023-11-15T20:04:20.460+0000][28.221s][info ][safepoint     ] Application time: 0.0569650 seconds
[2023-11-15T20:04:20.460+0000][28.221s][info ][safepoint     ] Entering safepoint region: G1CollectForAllocation
[2023-11-15T20:04:20.460+0000][28.221s][info ][gc,start      ] GC(31) Pause Young (Concurrent Start) (G1 Evacuation Pause)
[2023-11-15T20:04:20.460+0000][28.221s][info ][gc,task       ] GC(31) Using 4 workers of 4 for evacuation
[2023-11-15T20:04:20.524+0000][28.285s][info ][gc,phases     ] GC(31)   Pre Evacuate Collection Set: 0.3ms
[2023-11-15T20:04:20.524+0000][28.285s][info ][gc,phases     ] GC(31)   Evacuate Collection Set: 58.4ms
[2023-11-15T20:04:20.524+0000][28.285s][info ][gc,phases     ] GC(31)   Post Evacuate Collection Set: 4.8ms
[2023-11-15T20:04:20.524+0000][28.285s][info ][gc,phases     ] GC(31)   Other: 0.4ms
[2023-11-15T20:04:20.524+0000][28.285s][info ][gc,heap       ] GC(31) Eden regions: 449->0(439)
[2023-11-15T20:04:20.524+0000][28.285s][info ][gc,heap       ] GC(31) Survivor regions: 28->38(60)
[2023-11-15T20:04:20.524+0000][28.285s][info ][gc,heap       ] GC(31) Old regions: 61->61
[2023-11-15T20:04:20.524+0000][28.285s][info ][gc,heap       ] GC(31) Humongous regions: 0->0
[2023-11-15T20:04:20.524+0000][28.285s][info ][gc,metaspace  ] GC(31) Metaspace: 123000K(126524K)->123000K(126524K) NonClass: 108527K(110696K)->108527K(110696K) Class: 14473K(15828K)->14473K(15828K)
[2023-11-15T20:04:20.524+0000][28.285s][info ][gc            ] GC(31) Pause Young (Concurrent Start) (G1 Evacuation Pause) 536M->97M(795M) 63.857ms
[2023-11-15T20:04:20.524+0000][28.285s][info ][gc,cpu        ] GC(31) User=0.19s Sys=0.00s Real=0.06s
[2023-11-15T20:04:20.524+0000][28.285s][info ][safepoint     ] Leaving safepoint region
[2023-11-15T20:04:20.524+0000][28.285s][info ][gc            ] GC(32) Concurrent Cycle
[2023-11-15T20:04:20.524+0000][28.285s][info ][safepoint     ] Total time for which application threads were stopped: 0.0640669 seconds, Stopping threads took: 0.0000176 seconds
[2023-11-15T20:04:20.524+0000][28.285s][info ][gc,marking    ] GC(32) Concurrent Clear Claimed Marks
[2023-11-15T20:04:20.524+0000][28.285s][info ][gc,stringdedup] Concurrent String Deduplication (28.285s)
[2023-11-15T20:04:20.524+0000][28.286s][info ][gc,marking    ] GC(32) Concurrent Clear Claimed Marks 0.236ms
[2023-11-15T20:04:20.524+0000][28.286s][info ][gc,marking    ] GC(32) Concurrent Scan Root Regions
[2023-11-15T20:04:20.537+0000][28.298s][info ][gc,stringdedup] Concurrent String Deduplication 997.1K->531.4K(465.7K) avg 49.3% (28.285s, 28.298s) 12.992ms
[2023-11-15T20:04:20.555+0000][28.316s][info ][gc,marking    ] GC(32) Concurrent Scan Root Regions 30.771ms
[2023-11-15T20:04:20.555+0000][28.316s][info ][gc,marking    ] GC(32) Concurrent Mark (28.316s)
[2023-11-15T20:04:20.555+0000][28.316s][info ][gc,marking    ] GC(32) Concurrent Mark From Roots
[2023-11-15T20:04:20.555+0000][28.316s][info ][gc,task       ] GC(32) Using 1 workers of 1 for marking
[2023-11-15T20:04:20.668+0000][28.430s][info ][gc,marking    ] GC(32) Concurrent Mark From Roots 113.218ms
[2023-11-15T20:04:20.668+0000][28.430s][info ][gc,marking    ] GC(32) Concurrent Preclean
[2023-11-15T20:04:20.668+0000][28.430s][info ][gc,marking    ] GC(32) Concurrent Preclean 0.119ms
[2023-11-15T20:04:20.668+0000][28.430s][info ][gc,marking    ] GC(32) Concurrent Mark (28.316s, 28.430s) 113.411ms
[2023-11-15T20:04:20.668+0000][28.430s][debug][safepoint     ] Safepoint synchronization initiated. (43 threads)
[2023-11-15T20:04:20.668+0000][28.430s][info ][safepoint     ] Application time: 0.1445122 seconds
[2023-11-15T20:04:20.668+0000][28.430s][info ][safepoint     ] Entering safepoint region: CGC_Operation
[2023-11-15T20:04:20.668+0000][28.430s][info ][gc,start      ] GC(32) Pause Remark
[2023-11-15T20:04:20.699+0000][28.461s][info ][gc,stringtable] GC(32) Cleaned string and symbol table, strings: 59668 processed, 14 removed, symbols: 332389 processed, 36 removed
[2023-11-15T20:04:20.699+0000][28.461s][info ][gc            ] GC(32) Pause Remark 128M->128M(795M) 30.971ms
[2023-11-15T20:04:20.699+0000][28.461s][info ][gc,cpu        ] GC(32) User=0.09s Sys=0.00s Real=0.02s
[2023-11-15T20:04:20.699+0000][28.461s][info ][safepoint     ] Leaving safepoint region
[2023-11-15T20:04:20.699+0000][28.461s][info ][safepoint     ] Total time for which application threads were stopped: 0.0311482 seconds, Stopping threads took: 0.0000247 seconds
[2023-11-15T20:04:20.699+0000][28.461s][info ][gc,marking    ] GC(32) Concurrent Rebuild Remembered Sets
[2023-11-15T20:04:20.774+0000][28.536s][info ][gc,marking    ] GC(32) Concurrent Rebuild Remembered Sets 74.448ms
[2023-11-15T20:04:20.774+0000][28.536s][debug][safepoint     ] Safepoint synchronization initiated. (43 threads)
[2023-11-15T20:04:20.774+0000][28.536s][info ][safepoint     ] Application time: 0.0745789 seconds
[2023-11-15T20:04:20.774+0000][28.536s][debug][safepoint     ] Waiting for 3 thread(s) to block
[2023-11-15T20:04:20.774+0000][28.536s][info ][safepoint     ] Entering safepoint region: CGC_Operation
[2023-11-15T20:04:20.774+0000][28.536s][info ][gc,start      ] GC(32) Pause Cleanup
[2023-11-15T20:04:20.774+0000][28.536s][info ][gc            ] GC(32) Pause Cleanup 137M->137M(795M) 0.195ms
[2023-11-15T20:04:20.774+0000][28.536s][info ][gc,cpu        ] GC(32) User=0.00s Sys=0.00s Real=0.00s
[2023-11-15T20:04:20.774+0000][28.536s][info ][safepoint     ] Leaving safepoint region
[2023-11-15T20:04:20.774+0000][28.536s][info ][safepoint     ] Total time for which application threads were stopped: 0.0004193 seconds, Stopping threads took: 0.0001194 seconds
[2023-11-15T20:04:20.774+0000][28.536s][info ][gc,marking    ] GC(32) Concurrent Cleanup for Next Mark
[2023-11-15T20:04:20.778+0000][28.539s][info ][gc,marking    ] GC(32) Concurrent Cleanup for Next Mark 3.336ms
[2023-11-15T20:04:20.778+0000][28.540s][info ][gc            ] GC(32) Concurrent Cycle 254.163ms
[2023-11-15T20:04:21.775+0000][29.536s][debug][safepoint     ] Safepoint synchronization initiated. (53 threads)
[2023-11-15T20:04:21.775+0000][29.536s][info ][safepoint     ] Application time: 1.0001248 seconds
[2023-11-15T20:04:21.775+0000][29.536s][debug][safepoint     ] ... found polling page return exception at pc = 0x00007f693041187c, stub =0x00007f692883a800
[2023-11-15T20:04:21.775+0000][29.536s][debug][safepoint     ] Waiting for 1 thread(s) to block
[2023-11-15T20:04:21.775+0000][29.536s][info ][safepoint     ] Entering safepoint region: Cleanup
[2023-11-15T20:04:21.775+0000][29.536s][info ][safepoint     ] Leaving safepoint region
[2023-11-15T20:04:21.775+0000][29.536s][info ][safepoint     ] Total time for which application threads were stopped: 0.0002171 seconds, Stopping threads took: 0.0000823 seconds
[2023-11-15T20:04:22.165+0000][29.927s][debug][safepoint     ] Safepoint synchronization initiated. (53 threads)
[2023-11-15T20:04:22.165+0000][29.927s][info ][safepoint     ] Application time: 0.3905348 seconds
[2023-11-15T20:04:22.165+0000][29.927s][info ][safepoint     ] Entering safepoint region: Deoptimize
[2023-11-15T20:04:22.166+0000][29.928s][info ][safepoint     ] Leaving safepoint region
[2023-11-15T20:04:22.166+0000][29.928s][info ][safepoint     ] Total time for which application threads were stopped: 0.0011529 seconds, Stopping threads took: 0.0000177 seconds
[2023-11-15T20:04:22.788+0000][30.549s][debug][safepoint     ] Safepoint synchronization initiated. (65 threads)
[2023-11-15T20:04:22.788+0000][30.549s][info ][safepoint     ] Application time: 0.6212768 seconds
[2023-11-15T20:04:22.788+0000][30.549s][info ][safepoint     ] Entering safepoint region: Deoptimize
[2023-11-15T20:04:22.789+0000][30.551s][info ][safepoint     ] Leaving safepoint region
[2023-11-15T20:04:22.789+0000][30.551s][info ][safepoint     ] Total time for which application threads were stopped: 0.0015431 seconds, Stopping threads took: 0.0000227 seconds
[2023-11-15T20:04:22.789+0000][30.551s][debug][safepoint     ] Safepoint synchronization initiated. (65 threads)
[2023-11-15T20:04:22.790+0000][30.551s][info ][safepoint     ] Application time: 0.0001619 seconds
[2023-11-15T20:04:22.790+0000][30.551s][debug][safepoint     ] Waiting for 1 thread(s) to block
[2023-11-15T20:04:22.790+0000][30.551s][info ][safepoint     ] Entering safepoint region: Deoptimize
[2023-11-15T20:04:22.791+0000][30.552s][info ][safepoint     ] Leaving safepoint region
[2023-11-15T20:04:22.791+0000][30.552s][info ][safepoint     ] Total time for which application threads were stopped: 0.0013398 seconds, Stopping threads took: 0.0000639 seconds
[2023-11-15T20:04:22.801+0000][30.562s][debug][safepoint     ] Safepoint synchronization initiated. (65 threads)
[2023-11-15T20:04:22.801+0000][30.562s][info ][safepoint     ] Application time: 0.0098788 seconds
[2023-11-15T20:04:22.801+0000][30.562s][info ][safepoint     ] Entering safepoint region: Deoptimize
[2023-11-15T20:04:22.802+0000][30.564s][info ][safepoint     ] Leaving safepoint region
[2023-11-15T20:04:22.802+0000][30.564s][info ][safepoint     ] Total time for which application threads were stopped: 0.0012071 seconds, Stopping threads took: 0.0000184 seconds
[2023-11-15T20:04:22.826+0000][30.588s][debug][safepoint     ] Safepoint synchronization initiated. (65 threads)
[2023-11-15T20:04:22.826+0000][30.588s][info ][safepoint     ] Application time: 0.0244348 seconds
[2023-11-15T20:04:22.826+0000][30.588s][debug][safepoint     ] Waiting for 1 thread(s) to block
[2023-11-15T20:04:22.826+0000][30.588s][info ][safepoint     ] Entering safepoint region: Deoptimize
[2023-11-15T20:04:22.828+0000][30.589s][info ][safepoint     ] Leaving safepoint region
[2023-11-15T20:04:22.828+0000][30.589s][info ][safepoint     ] Total time for which application threads were stopped: 0.0011787 seconds, Stopping threads took: 0.0000385 seconds
[2023-11-15T20:04:22.946+0000][30.707s][debug][safepoint     ] Safepoint synchronization initiated. (65 threads)
[2023-11-15T20:04:22.946+0000][30.707s][info ][safepoint     ] Application time: 0.1180902 seconds
[2023-11-15T20:04:22.946+0000][30.707s][info ][safepoint     ] Entering safepoint region: G1CollectForAllocation
[2023-11-15T20:04:22.946+0000][30.708s][info ][gc,start      ] GC(33) Pause Young (Normal) (G1 Evacuation Pause)
[2023-11-15T20:04:22.946+0000][30.708s][info ][gc,task       ] GC(33) Using 4 workers of 4 for evacuation
[2023-11-15T20:04:23.003+0000][30.765s][info ][gc,phases     ] GC(33)   Pre Evacuate Collection Set: 0.0ms
[2023-11-15T20:04:23.003+0000][30.765s][info ][gc,phases     ] GC(33)   Evacuate Collection Set: 50.7ms
[2023-11-15T20:04:23.003+0000][30.765s][info ][gc,phases     ] GC(33)   Post Evacuate Collection Set: 5.6ms
[2023-11-15T20:04:23.003+0000][30.765s][info ][gc,phases     ] GC(33)   Other: 0.8ms
[2023-11-15T20:04:23.003+0000][30.765s][info ][gc,heap       ] GC(33) Eden regions: 439->0(435)
[2023-11-15T20:04:23.003+0000][30.765s][info ][gc,heap       ] GC(33) Survivor regions: 38->42(60)
[2023-11-15T20:04:23.003+0000][30.765s][info ][gc,heap       ] GC(33) Old regions: 61->68
[2023-11-15T20:04:23.003+0000][30.765s][info ][gc,heap       ] GC(33) Humongous regions: 0->0
[2023-11-15T20:04:23.003+0000][30.765s][info ][gc,metaspace  ] GC(33) Metaspace: 135084K(138684K)->135084K(138684K) NonClass: 119448K(121704K)->119448K(121704K) Class: 15635K(16980K)->15635K(16980K)
[2023-11-15T20:04:23.003+0000][30.765s][info ][gc            ] GC(33) Pause Young (Normal) (G1 Evacuation Pause) 536M->108M(795M) 57.338ms
[2023-11-15T20:04:23.003+0000][30.765s][info ][gc,cpu        ] GC(33) User=0.21s Sys=0.01s Real=0.06s
[2023-11-15T20:04:23.003+0000][30.765s][info ][safepoint     ] Leaving safepoint region
[2023-11-15T20:04:23.003+0000][30.765s][info ][safepoint     ] Total time for which application threads were stopped: 0.0575510 seconds, Stopping threads took: 0.0000201 seconds
[2023-11-15T20:04:23.012+0000][30.773s][info ][gc,stringdedup] Concurrent String Deduplication (30.773s)
[2023-11-15T20:04:23.015+0000][30.777s][info ][gc,stringdedup] Concurrent String Deduplication 497.0K->182.0K(315.0K) avg 49.8% (30.773s, 30.777s) 3.299ms
[2023-11-15T20:04:23.106+0000][30.868s][debug][safepoint     ] Safepoint synchronization initiated. (65 threads)
[2023-11-15T20:04:23.106+0000][30.868s][info ][safepoint     ] Application time: 0.1028093 seconds
[2023-11-15T20:04:23.106+0000][30.868s][info ][safepoint     ] Entering safepoint region: Deoptimize
[2023-11-15T20:04:23.107+0000][30.869s][info ][safepoint     ] Leaving safepoint region
[2023-11-15T20:04:23.107+0000][30.869s][info ][safepoint     ] Total time for which application threads were stopped: 0.0011039 seconds, Stopping threads took: 0.0000191 seconds
[2023-11-15T20:04:23.949+0000][31.710s][debug][safepoint     ] Safepoint synchronization initiated. (65 threads)
[2023-11-15T20:04:23.949+0000][31.710s][info ][safepoint     ] Application time: 0.8415719 seconds
[2023-11-15T20:04:23.949+0000][31.710s][info ][safepoint     ] Entering safepoint region: Deoptimize
[2023-11-15T20:04:23.950+0000][31.712s][info ][safepoint     ] Leaving safepoint region
[2023-11-15T20:04:23.950+0000][31.712s][info ][safepoint     ] Total time for which application threads were stopped: 0.0013655 seconds, Stopping threads took: 0.0000191 seconds
[2023-11-15T20:04:24.243+0000][32.005s][debug][safepoint     ] Safepoint synchronization initiated. (65 threads)
[2023-11-15T20:04:24.243+0000][32.005s][info ][safepoint     ] Application time: 0.2930774 seconds
[2023-11-15T20:04:24.243+0000][32.005s][info ][safepoint     ] Entering safepoint region: Deoptimize
[2023-11-15T20:04:24.244+0000][32.006s][info ][safepoint     ] Leaving safepoint region
[2023-11-15T20:04:24.244+0000][32.006s][info ][safepoint     ] Total time for which application threads were stopped: 0.0011766 seconds, Stopping threads took: 0.0000182 seconds
[2023-11-15T20:04:24.294+0000][32.055s][debug][safepoint     ] Safepoint synchronization initiated. (65 threads)
[2023-11-15T20:04:24.294+0000][32.055s][info ][safepoint     ] Application time: 0.0491206 seconds
[2023-11-15T20:04:24.294+0000][32.055s][debug][safepoint     ] Waiting for 1 thread(s) to block
[2023-11-15T20:04:24.294+0000][32.055s][info ][safepoint     ] Entering safepoint region: Deoptimize
[2023-11-15T20:04:24.295+0000][32.056s][info ][safepoint     ] Leaving safepoint region
[2023-11-15T20:04:24.295+0000][32.056s][info ][safepoint     ] Total time for which application threads were stopped: 0.0011109 seconds, Stopping threads took: 0.0000364 seconds
[2023-11-15T20:04:24.738+0000][32.500s][debug][safepoint     ] Safepoint synchronization initiated. (71 threads)
[2023-11-15T20:04:24.738+0000][32.500s][info ][safepoint     ] Application time: 0.4434796 seconds
[2023-11-15T20:04:24.738+0000][32.500s][debug][safepoint     ] Waiting for 1 thread(s) to block
[2023-11-15T20:04:24.738+0000][32.500s][info ][safepoint     ] Entering safepoint region: G1CollectForAllocation
[2023-11-15T20:04:24.738+0000][32.500s][info ][gc,start      ] GC(34) Pause Young (Normal) (G1 Evacuation Pause)
[2023-11-15T20:04:24.738+0000][32.500s][info ][gc,task       ] GC(34) Using 4 workers of 4 for evacuation
[2023-11-15T20:04:24.784+0000][32.546s][info ][gc,phases     ] GC(34)   Pre Evacuate Collection Set: 0.0ms
[2023-11-15T20:04:24.784+0000][32.546s][info ][gc,phases     ] GC(34)   Evacuate Collection Set: 42.3ms
[2023-11-15T20:04:24.784+0000][32.546s][info ][gc,phases     ] GC(34)   Post Evacuate Collection Set: 3.3ms
[2023-11-15T20:04:24.784+0000][32.546s][info ][gc,phases     ] GC(34)   Other: 0.2ms
[2023-11-15T20:04:24.784+0000][32.546s][info ][gc,heap       ] GC(34) Eden regions: 435->0(444)
[2023-11-15T20:04:24.784+0000][32.546s][info ][gc,heap       ] GC(34) Survivor regions: 42->33(60)
[2023-11-15T20:04:24.784+0000][32.546s][info ][gc,heap       ] GC(34) Old regions: 68->83
[2023-11-15T20:04:24.784+0000][32.546s][info ][gc,heap       ] GC(34) Humongous regions: 0->0
[2023-11-15T20:04:24.784+0000][32.546s][info ][gc,metaspace  ] GC(34) Metaspace: 139733K(143676K)->139733K(143676K) NonClass: 123391K(125800K)->123391K(125800K) Class: 16341K(17876K)->16341K(17876K)
[2023-11-15T20:04:24.784+0000][32.546s][info ][gc            ] GC(34) Pause Young (Normal) (G1 Evacuation Pause) 543M->113M(795M) 45.963ms
[2023-11-15T20:04:24.784+0000][32.546s][info ][gc,cpu        ] GC(34) User=0.17s Sys=0.00s Real=0.05s
[2023-11-15T20:04:24.784+0000][32.546s][info ][safepoint     ] Leaving safepoint region
[2023-11-15T20:04:24.784+0000][32.546s][info ][safepoint     ] Total time for which application threads were stopped: 0.0461982 seconds, Stopping threads took: 0.0000397 seconds
[2023-11-15T20:04:24.784+0000][32.546s][info ][gc,stringdedup] Concurrent String Deduplication (32.546s)
[2023-11-15T20:04:24.791+0000][32.552s][info ][gc,stringdedup] Concurrent String Deduplication 673.9K->167.3K(506.5K) avg 50.9% (32.546s, 32.552s) 6.059ms
[2023-11-15T20:04:25.117+0000][32.878s][debug][safepoint     ] Safepoint synchronization initiated. (71 threads)
[2023-11-15T20:04:25.117+0000][32.878s][info ][safepoint     ] Application time: 0.3323204 seconds
[2023-11-15T20:04:25.117+0000][32.878s][debug][safepoint     ] Waiting for 1 thread(s) to block
[2023-11-15T20:04:25.117+0000][32.878s][info ][safepoint     ] Entering safepoint region: Deoptimize
[2023-11-15T20:04:25.118+0000][32.879s][info ][safepoint     ] Leaving safepoint region
[2023-11-15T20:04:25.118+0000][32.880s][info ][safepoint     ] Total time for which application threads were stopped: 0.0011652 seconds, Stopping threads took: 0.0000368 seconds
[2023-11-15T20:04:25.809+0000][33.570s][debug][safepoint     ] Safepoint synchronization initiated. (83 threads)
[2023-11-15T20:04:25.809+0000][33.571s][info ][safepoint     ] Application time: 0.6910076 seconds
[2023-11-15T20:04:25.809+0000][33.571s][debug][safepoint     ] Waiting for 1 thread(s) to block
[2023-11-15T20:04:25.809+0000][33.571s][info ][safepoint     ] Entering safepoint region: ICBufferFull
[2023-11-15T20:04:25.809+0000][33.571s][info ][safepoint     ] Leaving safepoint region
[2023-11-15T20:04:25.809+0000][33.571s][info ][safepoint     ] Total time for which application threads were stopped: 0.0003012 seconds, Stopping threads took: 0.0000700 seconds
[2023-11-15T20:04:26.184+0000][33.946s][debug][safepoint     ] Safepoint synchronization initiated. (83 threads)
[2023-11-15T20:04:26.184+0000][33.946s][info ][safepoint     ] Application time: 0.3747664 seconds
[2023-11-15T20:04:26.184+0000][33.946s][debug][safepoint     ] Waiting for 1 thread(s) to block
[2023-11-15T20:04:26.184+0000][33.946s][info ][safepoint     ] Entering safepoint region: ICBufferFull
[2023-11-15T20:04:26.184+0000][33.946s][info ][safepoint     ] Leaving safepoint region
[2023-11-15T20:04:26.184+0000][33.946s][info ][safepoint     ] Total time for which application threads were stopped: 0.0002506 seconds, Stopping threads took: 0.0000426 seconds
[2023-11-15T20:04:26.474+0000][34.235s][debug][safepoint     ] Safepoint synchronization initiated. (83 threads)
[2023-11-15T20:04:26.474+0000][34.236s][info ][safepoint     ] Application time: 0.2896515 seconds
[2023-11-15T20:04:26.474+0000][34.236s][debug][safepoint     ] Waiting for 2 thread(s) to block
[2023-11-15T20:04:26.474+0000][34.236s][info ][safepoint     ] Entering safepoint region: ICBufferFull
[2023-11-15T20:04:26.474+0000][34.236s][info ][safepoint     ] Leaving safepoint region
[2023-11-15T20:04:26.474+0000][34.236s][info ][safepoint     ] Total time for which application threads were stopped: 0.0002262 seconds, Stopping threads took: 0.0000472 seconds
[2023-11-15T20:04:26.867+0000][34.629s][debug][safepoint     ] Safepoint synchronization initiated. (83 threads)
[2023-11-15T20:04:26.867+0000][34.629s][info ][safepoint     ] Application time: 0.3930018 seconds
[2023-11-15T20:04:26.867+0000][34.629s][info ][safepoint     ] Entering safepoint region: ICBufferFull
[2023-11-15T20:04:26.867+0000][34.629s][info ][safepoint     ] Leaving safepoint region
[2023-11-15T20:04:26.867+0000][34.629s][info ][safepoint     ] Total time for which application threads were stopped: 0.0002264 seconds, Stopping threads took: 0.0000244 seconds
[2023-11-15T20:04:27.340+0000][35.102s][debug][safepoint     ] Safepoint synchronization initiated. (83 threads)
[2023-11-15T20:04:27.340+0000][35.102s][info ][safepoint     ] Application time: 0.4725273 seconds
[2023-11-15T20:04:27.340+0000][35.102s][info ][safepoint     ] Entering safepoint region: G1CollectForAllocation
[2023-11-15T20:04:27.340+0000][35.102s][info ][gc,start      ] GC(35) Pause Young (Normal) (G1 Evacuation Pause)
[2023-11-15T20:04:27.340+0000][35.102s][info ][gc,task       ] GC(35) Using 4 workers of 4 for evacuation
[2023-11-15T20:04:27.385+0000][35.146s][info ][gc,phases     ] GC(35)   Pre Evacuate Collection Set: 0.0ms
[2023-11-15T20:04:27.385+0000][35.146s][info ][gc,phases     ] GC(35)   Evacuate Collection Set: 40.3ms
[2023-11-15T20:04:27.385+0000][35.146s][info ][gc,phases     ] GC(35)   Post Evacuate Collection Set: 3.9ms
[2023-11-15T20:04:27.385+0000][35.146s][info ][gc,phases     ] GC(35)   Other: 0.2ms
[2023-11-15T20:04:27.385+0000][35.146s][info ][gc,heap       ] GC(35) Eden regions: 444->0(437)
[2023-11-15T20:04:27.385+0000][35.146s][info ][gc,heap       ] GC(35) Survivor regions: 33->40(60)
[2023-11-15T20:04:27.385+0000][35.146s][info ][gc,heap       ] GC(35) Old regions: 83->88
[2023-11-15T20:04:27.385+0000][35.146s][info ][gc,heap       ] GC(35) Humongous regions: 0->0
[2023-11-15T20:04:27.385+0000][35.146s][info ][gc,metaspace  ] GC(35) Metaspace: 143434K(147900K)->143434K(147900K) NonClass: 126654K(129384K)->126654K(129384K) Class: 16779K(18516K)->16779K(18516K)
[2023-11-15T20:04:27.385+0000][35.146s][info ][gc            ] GC(35) Pause Young (Normal) (G1 Evacuation Pause) 557M->126M(795M) 44.490ms
[2023-11-15T20:04:27.385+0000][35.146s][info ][gc,cpu        ] GC(35) User=0.18s Sys=0.00s Real=0.04s
[2023-11-15T20:04:27.385+0000][35.146s][info ][safepoint     ] Leaving safepoint region
[2023-11-15T20:04:27.385+0000][35.146s][info ][safepoint     ] Total time for which application threads were stopped: 0.0447512 seconds, Stopping threads took: 0.0000227 seconds
[2023-11-15T20:04:27.386+0000][35.147s][info ][gc,stringdedup] Concurrent String Deduplication (35.147s)
[2023-11-15T20:04:27.393+0000][35.155s][info ][gc,stringdedup] Concurrent String Deduplication 940.8K->355.9K(584.9K) avg 51.6% (35.147s, 35.155s) 7.535ms
[2023-11-15T20:04:28.385+0000][36.146s][debug][safepoint     ] Safepoint synchronization initiated. (83 threads)
[2023-11-15T20:04:28.385+0000][36.146s][info ][safepoint     ] Application time: 1.0001301 seconds
[2023-11-15T20:04:28.385+0000][36.147s][debug][safepoint     ] ... found polling page return exception at pc = 0x00007f693079bf1f, stub =0x00007f692883a800
[2023-11-15T20:04:28.385+0000][36.147s][debug][safepoint     ] Waiting for 1 thread(s) to block
[2023-11-15T20:04:28.385+0000][36.147s][info ][safepoint     ] Entering safepoint region: Cleanup
[2023-11-15T20:04:28.385+0000][36.147s][info ][safepoint     ] Leaving safepoint region
[2023-11-15T20:04:28.385+0000][36.147s][info ][safepoint     ] Total time for which application threads were stopped: 0.0002542 seconds, Stopping threads took: 0.0000796 seconds
[2023-11-15T20:04:28.925+0000][36.686s][debug][safepoint     ] Safepoint synchronization initiated. (83 threads)
[2023-11-15T20:04:28.925+0000][36.686s][info ][safepoint     ] Application time: 0.5394261 seconds
[2023-11-15T20:04:28.925+0000][36.687s][debug][safepoint     ] ... found polling page return exception at pc = 0x00007f6930ddd3c2, stub =0x00007f692883a800
[2023-11-15T20:04:28.925+0000][36.687s][debug][safepoint     ] Waiting for 1 thread(s) to block
[2023-11-15T20:04:28.925+0000][36.687s][info ][safepoint     ] Entering safepoint region: ICBufferFull
[2023-11-15T20:04:28.925+0000][36.687s][info ][safepoint     ] Leaving safepoint region
[2023-11-15T20:04:28.925+0000][36.687s][info ][safepoint     ] Total time for which application threads were stopped: 0.0009321 seconds, Stopping threads took: 0.0007183 seconds
[2023-11-15T20:04:29.007+0000][36.769s][debug][safepoint     ] Safepoint synchronization initiated. (83 threads)
[2023-11-15T20:04:29.007+0000][36.769s][info ][safepoint     ] Application time: 0.0819009 seconds
[2023-11-15T20:04:29.007+0000][36.769s][info ][safepoint     ] Entering safepoint region: G1CollectForAllocation
[2023-11-15T20:04:29.008+0000][36.769s][info ][gc,start      ] GC(36) Pause Young (Normal) (G1 Evacuation Pause)
[2023-11-15T20:04:29.008+0000][36.769s][info ][gc,task       ] GC(36) Using 4 workers of 4 for evacuation
[2023-11-15T20:04:29.055+0000][36.817s][info ][gc,phases     ] GC(36)   Pre Evacuate Collection Set: 0.0ms
[2023-11-15T20:04:29.055+0000][36.817s][info ][gc,phases     ] GC(36)   Evacuate Collection Set: 44.2ms
[2023-11-15T20:04:29.055+0000][36.817s][info ][gc,phases     ] GC(36)   Post Evacuate Collection Set: 2.8ms
[2023-11-15T20:04:29.055+0000][36.817s][info ][gc,phases     ] GC(36)   Other: 0.2ms
[2023-11-15T20:04:29.055+0000][36.817s][info ][gc,heap       ] GC(36) Eden regions: 437->0(441)
[2023-11-15T20:04:29.055+0000][36.817s][info ][gc,heap       ] GC(36) Survivor regions: 40->36(60)
[2023-11-15T20:04:29.055+0000][36.817s][info ][gc,heap       ] GC(36) Old regions: 88->99
[2023-11-15T20:04:29.055+0000][36.817s][info ][gc,heap       ] GC(36) Humongous regions: 0->0
[2023-11-15T20:04:29.055+0000][36.817s][info ][gc,metaspace  ] GC(36) Metaspace: 144129K(148668K)->144129K(148668K) NonClass: 127279K(130152K)->127279K(130152K) Class: 16849K(18516K)->16849K(18516K)
[2023-11-15T20:04:29.055+0000][36.817s][info ][gc            ] GC(36) Pause Young (Normal) (G1 Evacuation Pause) 563M->133M(795M) 47.342ms
[2023-11-15T20:04:29.055+0000][36.817s][info ][gc,cpu        ] GC(36) User=0.14s Sys=0.00s Real=0.04s
[2023-11-15T20:04:29.055+0000][36.817s][info ][safepoint     ] Leaving safepoint region
[2023-11-15T20:04:29.055+0000][36.817s][info ][safepoint     ] Total time for which application threads were stopped: 0.0476749 seconds, Stopping threads took: 0.0000231 seconds
[2023-11-15T20:04:29.055+0000][36.817s][info ][gc,stringdedup] Concurrent String Deduplication (36.817s)
[2023-11-15T20:04:29.058+0000][36.819s][info ][gc,stringdedup] Concurrent String Deduplication 445.1K->182.2K(262.9K) avg 51.8% (36.817s, 36.819s) 2.373ms
[2023-11-15T20:04:30.055+0000][37.817s][debug][safepoint     ] Safepoint synchronization initiated. (83 threads)
[2023-11-15T20:04:30.055+0000][37.817s][info ][safepoint     ] Application time: 1.0001373 seconds
[2023-11-15T20:04:30.055+0000][37.817s][debug][safepoint     ] Waiting for 1 thread(s) to block
[2023-11-15T20:04:30.055+0000][37.817s][info ][safepoint     ] Entering safepoint region: Cleanup
[2023-11-15T20:04:30.055+0000][37.817s][info ][safepoint     ] Leaving safepoint region
[2023-11-15T20:04:30.056+0000][37.817s][info ][safepoint     ] Total time for which application threads were stopped: 0.0002561 seconds, Stopping threads took: 0.0000538 seconds
[2023-11-15T20:04:30.320+0000][38.082s][debug][safepoint     ] Safepoint synchronization initiated. (83 threads)
[2023-11-15T20:04:30.320+0000][38.082s][info ][safepoint     ] Application time: 0.2643957 seconds
[2023-11-15T20:04:30.320+0000][38.082s][debug][safepoint     ] Waiting for 1 thread(s) to block
[2023-11-15T20:04:30.320+0000][38.082s][info ][safepoint     ] Entering safepoint region: G1CollectForAllocation
[2023-11-15T20:04:30.320+0000][38.082s][info ][gc,start      ] GC(37) Pause Young (Normal) (G1 Evacuation Pause)
[2023-11-15T20:04:30.320+0000][38.082s][info ][gc,task       ] GC(37) Using 4 workers of 4 for evacuation
[2023-11-15T20:04:30.354+0000][38.115s][info ][gc,phases     ] GC(37)   Pre Evacuate Collection Set: 0.0ms
[2023-11-15T20:04:30.354+0000][38.115s][info ][gc,phases     ] GC(37)   Evacuate Collection Set: 30.5ms
[2023-11-15T20:04:30.354+0000][38.115s][info ][gc,phases     ] GC(37)   Post Evacuate Collection Set: 2.8ms
[2023-11-15T20:04:30.354+0000][38.115s][info ][gc,phases     ] GC(37)   Other: 0.2ms
[2023-11-15T20:04:30.354+0000][38.115s][info ][gc,heap       ] GC(37) Eden regions: 441->0(447)
[2023-11-15T20:04:30.354+0000][38.115s][info ][gc,heap       ] GC(37) Survivor regions: 36->30(60)
[2023-11-15T20:04:30.354+0000][38.115s][info ][gc,heap       ] GC(37) Old regions: 99->111
[2023-11-15T20:04:30.354+0000][38.115s][info ][gc,heap       ] GC(37) Humongous regions: 0->0
[2023-11-15T20:04:30.354+0000][38.115s][info ][gc,metaspace  ] GC(37) Metaspace: 144477K(149052K)->144477K(149052K) NonClass: 127584K(130408K)->127584K(130408K) Class: 16892K(18644K)->16892K(18644K)
[2023-11-15T20:04:30.354+0000][38.115s][info ][gc            ] GC(37) Pause Young (Normal) (G1 Evacuation Pause) 574M->139M(795M) 33.692ms
[2023-11-15T20:04:30.354+0000][38.115s][info ][gc,cpu        ] GC(37) User=0.13s Sys=0.00s Real=0.03s
[2023-11-15T20:04:30.354+0000][38.115s][info ][safepoint     ] Leaving safepoint region
[2023-11-15T20:04:30.354+0000][38.115s][info ][safepoint     ] Total time for which application threads were stopped: 0.0339372 seconds, Stopping threads took: 0.0000375 seconds
[2023-11-15T20:04:30.354+0000][38.116s][info ][gc,stringdedup] Concurrent String Deduplication (38.116s)
[2023-11-15T20:04:30.359+0000][38.121s][info ][gc,stringdedup] Concurrent String Deduplication 1083.1K->319.5K(763.6K) avg 52.9% (38.116s, 38.121s) 5.413ms
[2023-11-15T20:04:30.525+0000][38.286s][debug][safepoint     ] Safepoint synchronization initiated. (83 threads)
[2023-11-15T20:04:30.525+0000][38.286s][info ][safepoint     ] Application time: 0.1708960 seconds
[2023-11-15T20:04:30.525+0000][38.286s][info ][safepoint     ] Entering safepoint region: Deoptimize
[2023-11-15T20:04:30.526+0000][38.288s][info ][safepoint     ] Leaving safepoint region
[2023-11-15T20:04:30.526+0000][38.288s][info ][safepoint     ] Total time for which application threads were stopped: 0.0012899 seconds, Stopping threads took: 0.0000212 seconds
[2023-11-15T20:04:31.494+0000][39.256s][debug][safepoint     ] Safepoint synchronization initiated. (83 threads)
[2023-11-15T20:04:31.494+0000][39.256s][info ][safepoint     ] Application time: 0.9679712 seconds
[2023-11-15T20:04:31.494+0000][39.256s][info ][safepoint     ] Entering safepoint region: G1CollectForAllocation
[2023-11-15T20:04:31.494+0000][39.256s][info ][gc,start      ] GC(38) Pause Young (Normal) (G1 Evacuation Pause)
[2023-11-15T20:04:31.494+0000][39.256s][info ][gc,task       ] GC(38) Using 4 workers of 4 for evacuation
[2023-11-15T20:04:31.539+0000][39.300s][info ][gc,phases     ] GC(38)   Pre Evacuate Collection Set: 0.0ms
[2023-11-15T20:04:31.539+0000][39.300s][info ][gc,phases     ] GC(38)   Evacuate Collection Set: 40.5ms
[2023-11-15T20:04:31.539+0000][39.300s][info ][gc,phases     ] GC(38)   Post Evacuate Collection Set: 3.6ms
[2023-11-15T20:04:31.539+0000][39.300s][info ][gc,phases     ] GC(38)   Other: 0.2ms
[2023-11-15T20:04:31.539+0000][39.300s][info ][gc,heap       ] GC(38) Eden regions: 447->0(444)
[2023-11-15T20:04:31.539+0000][39.300s][info ][gc,heap       ] GC(38) Survivor regions: 30->33(60)
[2023-11-15T20:04:31.539+0000][39.300s][info ][gc,heap       ] GC(38) Old regions: 111->111
[2023-11-15T20:04:31.539+0000][39.300s][info ][gc,heap       ] GC(38) Humongous regions: 0->0
[2023-11-15T20:04:31.539+0000][39.300s][info ][gc,metaspace  ] GC(38) Metaspace: 144622K(149052K)->144622K(149052K) NonClass: 127717K(130408K)->127717K(130408K) Class: 16905K(18644K)->16905K(18644K)
[2023-11-15T20:04:31.539+0000][39.300s][info ][gc            ] GC(38) Pause Young (Normal) (G1 Evacuation Pause) 586M->142M(795M) 44.500ms
[2023-11-15T20:04:31.539+0000][39.300s][info ][gc,cpu        ] GC(38) User=0.15s Sys=0.00s Real=0.04s
[2023-11-15T20:04:31.539+0000][39.300s][info ][safepoint     ] Leaving safepoint region
[2023-11-15T20:04:31.539+0000][39.300s][info ][safepoint     ] Total time for which application threads were stopped: 0.0448011 seconds, Stopping threads took: 0.0000365 seconds
[2023-11-15T20:04:31.539+0000][39.301s][info ][gc,stringdedup] Concurrent String Deduplication (39.301s)
[2023-11-15T20:04:31.548+0000][39.310s][info ][gc,stringdedup] Concurrent String Deduplication 737.8K->246.4K(491.4K) avg 53.5% (39.301s, 39.310s) 9.081ms
[2023-11-15T20:04:31.948+0000][39.709s][debug][safepoint     ] Safepoint synchronization initiated. (87 threads)
[2023-11-15T20:04:31.948+0000][39.709s][info ][safepoint     ] Application time: 0.4088414 seconds
[2023-11-15T20:04:31.948+0000][39.709s][info ][safepoint     ] Entering safepoint region: Deoptimize
[2023-11-15T20:04:31.949+0000][39.711s][info ][safepoint     ] Leaving safepoint region
[2023-11-15T20:04:31.949+0000][39.711s][info ][safepoint     ] Total time for which application threads were stopped: 0.0013252 seconds, Stopping threads took: 0.0000303 seconds
[2023-11-15T20:04:32.082+0000][39.844s][debug][safepoint     ] Safepoint synchronization initiated. (91 threads)
[2023-11-15T20:04:32.082+0000][39.844s][info ][safepoint     ] Application time: 0.1334404 seconds
[2023-11-15T20:04:32.083+0000][39.844s][debug][safepoint     ] ... found polling page return exception at pc = 0x00007f6930369fb0, stub =0x00007f692883a800
[2023-11-15T20:04:32.083+0000][39.844s][debug][safepoint     ] Waiting for 3 thread(s) to block
[2023-11-15T20:04:32.083+0000][39.844s][info ][safepoint     ] Entering safepoint region: Deoptimize
[2023-11-15T20:04:32.084+0000][39.846s][info ][safepoint     ] Leaving safepoint region
[2023-11-15T20:04:32.084+0000][39.846s][info ][safepoint     ] Total time for which application threads were stopped: 0.0016325 seconds, Stopping threads took: 0.0001658 seconds
[2023-11-15T20:04:32.331+0000][40.093s][debug][safepoint     ] Safepoint synchronization initiated. (114 threads)
[2023-11-15T20:04:32.331+0000][40.093s][info ][safepoint     ] Application time: 0.2472557 seconds
[2023-11-15T20:04:32.331+0000][40.093s][debug][safepoint     ] ... found polling page return exception at pc = 0x00007f69302c2714, stub =0x00007f692883a800
[2023-11-15T20:04:32.332+0000][40.094s][debug][safepoint     ] Waiting for 1 thread(s) to block
[2023-11-15T20:04:32.332+0000][40.094s][info ][safepoint     ] Entering safepoint region: ICBufferFull
[2023-11-15T20:04:32.333+0000][40.094s][info ][safepoint     ] Leaving safepoint region
[2023-11-15T20:04:32.333+0000][40.094s][info ][safepoint     ] Total time for which application threads were stopped: 0.0012867 seconds, Stopping threads took: 0.0009811 seconds
[2023-11-15T20:04:32.398+0000][40.160s][debug][safepoint     ] Safepoint synchronization initiated. (125 threads)
[2023-11-15T20:04:32.398+0000][40.160s][info ][safepoint     ] Application time: 0.0656270 seconds
[2023-11-15T20:04:32.399+0000][40.161s][debug][safepoint     ] ... found polling page return exception at pc = 0x00007f6930bc681b, stub =0x00007f692883a800
[2023-11-15T20:04:32.399+0000][40.161s][debug][safepoint     ] Waiting for 2 thread(s) to block
[2023-11-15T20:04:32.399+0000][40.161s][info ][safepoint     ] Entering safepoint region: Deoptimize
[2023-11-15T20:04:32.401+0000][40.162s][info ][safepoint     ] Leaving safepoint region
[2023-11-15T20:04:32.401+0000][40.162s][info ][safepoint     ] Total time for which application threads were stopped: 0.0022975 seconds, Stopping threads took: 0.0008481 seconds
[2023-11-15T20:04:32.533+0000][40.294s][debug][safepoint     ] Safepoint synchronization initiated. (139 threads)
[2023-11-15T20:04:32.533+0000][40.294s][info ][safepoint     ] Application time: 0.1320702 seconds
[2023-11-15T20:04:32.533+0000][40.294s][debug][safepoint     ] Waiting for 2 thread(s) to block
[2023-11-15T20:04:32.533+0000][40.294s][info ][safepoint     ] Entering safepoint region: Deoptimize
[2023-11-15T20:04:32.534+0000][40.296s][info ][safepoint     ] Leaving safepoint region
[2023-11-15T20:04:32.534+0000][40.296s][info ][safepoint     ] Total time for which application threads were stopped: 0.0014722 seconds, Stopping threads took: 0.0000507 seconds
[2023-11-15T20:04:33.534+0000][41.296s][debug][safepoint     ] Safepoint synchronization initiated. (173 threads)
[2023-11-15T20:04:33.534+0000][41.296s][info ][safepoint     ] Application time: 1.0001999 seconds
[2023-11-15T20:04:33.534+0000][41.296s][info ][safepoint     ] Entering safepoint region: Cleanup
[2023-11-15T20:04:33.535+0000][41.296s][info ][safepoint     ] Leaving safepoint region
[2023-11-15T20:04:33.535+0000][41.296s][info ][safepoint     ] Total time for which application threads were stopped: 0.0003649 seconds, Stopping threads took: 0.0000546 seconds
[2023-11-15T20:04:34.535+0000][42.297s][debug][safepoint     ] Safepoint synchronization initiated. (173 threads)
[2023-11-15T20:04:34.535+0000][42.297s][info ][safepoint     ] Application time: 1.0001665 seconds
[2023-11-15T20:04:34.535+0000][42.297s][info ][safepoint     ] Entering safepoint region: Cleanup
[2023-11-15T20:04:34.535+0000][42.297s][info ][safepoint     ] Leaving safepoint region
[2023-11-15T20:04:34.535+0000][42.297s][info ][safepoint     ] Total time for which application threads were stopped: 0.0003147 seconds, Stopping threads took: 0.0000422 seconds
[2023-11-15T20:04:35.535+0000][43.297s][debug][safepoint     ] Safepoint synchronization initiated. (174 threads)
[2023-11-15T20:04:35.535+0000][43.297s][info ][safepoint     ] Application time: 1.0001488 seconds
[2023-11-15T20:04:35.536+0000][43.297s][info ][safepoint     ] Entering safepoint region: Cleanup
[2023-11-15T20:04:35.536+0000][43.297s][info ][safepoint     ] Leaving safepoint region
[2023-11-15T20:04:35.536+0000][43.298s][info ][safepoint     ] Total time for which application threads were stopped: 0.0002956 seconds, Stopping threads took: 0.0000461 seconds
[2023-11-15T20:04:36.536+0000][44.298s][debug][safepoint     ] Safepoint synchronization initiated. (174 threads)
[2023-11-15T20:04:36.536+0000][44.298s][info ][safepoint     ] Application time: 1.0001493 seconds
[2023-11-15T20:04:36.536+0000][44.298s][info ][safepoint     ] Entering safepoint region: Cleanup
[2023-11-15T20:04:36.536+0000][44.298s][info ][safepoint     ] Leaving safepoint region
[2023-11-15T20:04:36.536+0000][44.298s][info ][safepoint     ] Total time for which application threads were stopped: 0.0003230 seconds, Stopping threads took: 0.0000520 seconds
[2023-11-15T20:04:37.536+0000][45.298s][debug][safepoint     ] Safepoint synchronization initiated. (174 threads)
[2023-11-15T20:04:37.537+0000][45.298s][info ][safepoint     ] Application time: 1.0001592 seconds
[2023-11-15T20:04:37.537+0000][45.298s][info ][safepoint     ] Entering safepoint region: Cleanup
[2023-11-15T20:04:37.537+0000][45.299s][info ][safepoint     ] Leaving safepoint region
[2023-11-15T20:04:37.537+0000][45.299s][info ][safepoint     ] Total time for which application threads were stopped: 0.0003548 seconds, Stopping threads took: 0.0000896 seconds
[2023-11-15T20:04:38.537+0000][46.299s][debug][safepoint     ] Safepoint synchronization initiated. (174 threads)
[2023-11-15T20:04:38.537+0000][46.299s][info ][safepoint     ] Application time: 1.0001653 seconds
[2023-11-15T20:04:38.537+0000][46.299s][info ][safepoint     ] Entering safepoint region: Cleanup
[2023-11-15T20:04:38.537+0000][46.299s][info ][safepoint     ] Leaving safepoint region
[2023-11-15T20:04:38.537+0000][46.299s][info ][safepoint     ] Total time for which application threads were stopped: 0.0002843 seconds, Stopping threads took: 0.0000498 seconds
[2023-11-15T20:04:39.538+0000][47.299s][debug][safepoint     ] Safepoint synchronization initiated. (174 threads)
[2023-11-15T20:04:39.538+0000][47.299s][info ][safepoint     ] Application time: 1.0001702 seconds
[2023-11-15T20:04:39.538+0000][47.299s][info ][safepoint     ] Entering safepoint region: Cleanup
[2023-11-15T20:04:39.538+0000][47.300s][info ][safepoint     ] Leaving safepoint region
[2023-11-15T20:04:39.538+0000][47.300s][info ][safepoint     ] Total time for which application threads were stopped: 0.0002878 seconds, Stopping threads took: 0.0000501 seconds
[2023-11-15T20:04:40.538+0000][48.300s][debug][safepoint     ] Safepoint synchronization initiated. (174 threads)
[2023-11-15T20:04:40.538+0000][48.300s][info ][safepoint     ] Application time: 1.0001594 seconds
[2023-11-15T20:04:40.538+0000][48.300s][info ][safepoint     ] Entering safepoint region: Cleanup
[2023-11-15T20:04:40.538+0000][48.300s][info ][safepoint     ] Leaving safepoint region
[2023-11-15T20:04:40.538+0000][48.300s][info ][safepoint     ] Total time for which application threads were stopped: 0.0002066 seconds, Stopping threads took: 0.0000498 seconds
[2023-11-15T20:04:41.538+0000][49.300s][debug][safepoint     ] Safepoint synchronization initiated. (174 threads)
[2023-11-15T20:04:41.538+0000][49.300s][info ][safepoint     ] Application time: 1.0001663 seconds
[2023-11-15T20:04:41.539+0000][49.300s][info ][safepoint     ] Entering safepoint region: Cleanup
[2023-11-15T20:04:41.539+0000][49.300s][info ][safepoint     ] Leaving safepoint region
[2023-11-15T20:04:41.539+0000][49.300s][info ][safepoint     ] Total time for which application threads were stopped: 0.0003083 seconds, Stopping threads took: 0.0000502 seconds
[2023-11-15T20:04:42.539+0000][50.301s][debug][safepoint     ] Safepoint synchronization initiated. (174 threads)
[2023-11-15T20:04:42.539+0000][50.301s][info ][safepoint     ] Application time: 1.0001993 seconds
[2023-11-15T20:04:42.539+0000][50.301s][info ][safepoint     ] Entering safepoint region: Cleanup
[2023-11-15T20:04:42.539+0000][50.301s][info ][safepoint     ] Leaving safepoint region
[2023-11-15T20:04:42.539+0000][50.301s][info ][safepoint     ] Total time for which application threads were stopped: 0.0002613 seconds, Stopping threads took: 0.0000554 seconds
[2023-11-15T20:04:43.539+0000][51.301s][debug][safepoint     ] Safepoint synchronization initiated. (174 threads)
[2023-11-15T20:04:43.540+0000][51.301s][info ][safepoint     ] Application time: 1.0001808 seconds
[2023-11-15T20:04:43.540+0000][51.301s][info ][safepoint     ] Entering safepoint region: Cleanup
[2023-11-15T20:04:43.540+0000][51.301s][info ][safepoint     ] Leaving safepoint region
[2023-11-15T20:04:43.540+0000][51.301s][info ][safepoint     ] Total time for which application threads were stopped: 0.0002235 seconds, Stopping threads took: 0.0000614 seconds
[2023-11-15T20:04:44.540+0000][52.302s][debug][safepoint     ] Safepoint synchronization initiated. (174 threads)
[2023-11-15T20:04:44.540+0000][52.302s][info ][safepoint     ] Application time: 1.0001645 seconds
[2023-11-15T20:04:44.540+0000][52.302s][info ][safepoint     ] Entering safepoint region: Cleanup
[2023-11-15T20:04:44.540+0000][52.302s][info ][safepoint     ] Leaving safepoint region
[2023-11-15T20:04:44.540+0000][52.302s][info ][safepoint     ] Total time for which application threads were stopped: 0.0002457 seconds, Stopping threads took: 0.0000555 seconds
[2023-11-15T20:04:45.540+0000][53.302s][debug][safepoint     ] Safepoint synchronization initiated. (175 threads)
[2023-11-15T20:04:45.540+0000][53.302s][info ][safepoint     ] Application time: 1.0001487 seconds
[2023-11-15T20:04:45.540+0000][53.302s][info ][safepoint     ] Entering safepoint region: Cleanup
[2023-11-15T20:04:45.541+0000][53.302s][info ][safepoint     ] Leaving safepoint region
[2023-11-15T20:04:45.541+0000][53.302s][info ][safepoint     ] Total time for which application threads were stopped: 0.0002150 seconds, Stopping threads took: 0.0000526 seconds
[2023-11-15T20:04:46.541+0000][54.302s][debug][safepoint     ] Safepoint synchronization initiated. (175 threads)
[2023-11-15T20:04:46.541+0000][54.302s][info ][safepoint     ] Application time: 1.0001565 seconds
[2023-11-15T20:04:46.541+0000][54.302s][info ][safepoint     ] Entering safepoint region: Cleanup
[2023-11-15T20:04:46.541+0000][54.303s][info ][safepoint     ] Leaving safepoint region
[2023-11-15T20:04:46.541+0000][54.303s][info ][safepoint     ] Total time for which application threads were stopped: 0.0002865 seconds, Stopping threads took: 0.0000501 seconds
[2023-11-15T20:04:47.541+0000][55.303s][debug][safepoint     ] Safepoint synchronization initiated. (175 threads)
[2023-11-15T20:04:47.541+0000][55.303s][info ][safepoint     ] Application time: 1.0001751 seconds
[2023-11-15T20:04:47.541+0000][55.303s][info ][safepoint     ] Entering safepoint region: Cleanup
[2023-11-15T20:04:47.542+0000][55.303s][info ][safepoint     ] Leaving safepoint region
[2023-11-15T20:04:47.542+0000][55.303s][info ][safepoint     ] Total time for which application threads were stopped: 0.0003072 seconds, Stopping threads took: 0.0000524 seconds
[2023-11-15T20:04:48.542+0000][56.303s][debug][safepoint     ] Safepoint synchronization initiated. (175 threads)
[2023-11-15T20:04:48.542+0000][56.303s][info ][safepoint     ] Application time: 1.0001490 seconds
[2023-11-15T20:04:48.542+0000][56.303s][info ][safepoint     ] Entering safepoint region: Cleanup
[2023-11-15T20:04:48.542+0000][56.304s][info ][safepoint     ] Leaving safepoint region
[2023-11-15T20:04:48.542+0000][56.304s][info ][safepoint     ] Total time for which application threads were stopped: 0.0002867 seconds, Stopping threads took: 0.0000500 seconds
[2023-11-15T20:04:49.542+0000][57.304s][debug][safepoint     ] Safepoint synchronization initiated. (175 threads)
[2023-11-15T20:04:49.542+0000][57.304s][info ][safepoint     ] Application time: 1.0001580 seconds
[2023-11-15T20:04:49.542+0000][57.304s][info ][safepoint     ] Entering safepoint region: Cleanup
[2023-11-15T20:04:49.543+0000][57.304s][info ][safepoint     ] Leaving safepoint region
[2023-11-15T20:04:49.543+0000][57.304s][info ][safepoint     ] Total time for which application threads were stopped: 0.0003735 seconds, Stopping threads took: 0.0000493 seconds
[2023-11-15T20:04:50.543+0000][58.304s][debug][safepoint     ] Safepoint synchronization initiated. (175 threads)
[2023-11-15T20:04:50.543+0000][58.304s][info ][safepoint     ] Application time: 1.0001546 seconds
[2023-11-15T20:04:50.543+0000][58.305s][info ][safepoint     ] Entering safepoint region: Cleanup
[2023-11-15T20:04:50.543+0000][58.305s][info ][safepoint     ] Leaving safepoint region
[2023-11-15T20:04:50.543+0000][58.305s][info ][safepoint     ] Total time for which application threads were stopped: 0.0003504 seconds, Stopping threads took: 0.0000503 seconds
[2023-11-15T20:04:51.543+0000][59.305s][debug][safepoint     ] Safepoint synchronization initiated. (175 threads)
[2023-11-15T20:04:51.543+0000][59.305s][info ][safepoint     ] Application time: 1.0001472 seconds
[2023-11-15T20:04:51.543+0000][59.305s][info ][safepoint     ] Entering safepoint region: Cleanup
[2023-11-15T20:04:51.544+0000][59.305s][info ][safepoint     ] Leaving safepoint region
[2023-11-15T20:04:51.544+0000][59.305s][info ][safepoint     ] Total time for which application threads were stopped: 0.0003794 seconds, Stopping threads took: 0.0000764 seconds
[2023-11-15T20:04:52.544+0000][60.306s][debug][safepoint     ] Safepoint synchronization initiated. (175 threads)
[2023-11-15T20:04:52.544+0000][60.306s][info ][safepoint     ] Application time: 1.0001562 seconds
[2023-11-15T20:04:52.544+0000][60.306s][info ][safepoint     ] Entering safepoint region: Cleanup
[2023-11-15T20:04:52.544+0000][60.306s][info ][safepoint     ] Leaving safepoint region
[2023-11-15T20:04:52.544+0000][60.306s][info ][safepoint     ] Total time for which application threads were stopped: 0.0003432 seconds, Stopping threads took: 0.0000530 seconds
[2023-11-15T20:04:53.544+0000][61.306s][debug][safepoint     ] Safepoint synchronization initiated. (175 threads)
[2023-11-15T20:04:53.544+0000][61.306s][info ][safepoint     ] Application time: 1.0001622 seconds
[2023-11-15T20:04:53.545+0000][61.306s][info ][safepoint     ] Entering safepoint region: Cleanup
[2023-11-15T20:04:53.545+0000][61.306s][info ][safepoint     ] Leaving safepoint region
[2023-11-15T20:04:53.545+0000][61.306s][info ][safepoint     ] Total time for which application threads were stopped: 0.0003310 seconds, Stopping threads took: 0.0000507 seconds
[2023-11-15T20:04:54.545+0000][62.307s][debug][safepoint     ] Safepoint synchronization initiated. (175 threads)
[2023-11-15T20:04:54.545+0000][62.307s][info ][safepoint     ] Application time: 1.0001544 seconds
[2023-11-15T20:04:54.545+0000][62.307s][info ][safepoint     ] Entering safepoint region: Cleanup
[2023-11-15T20:04:54.545+0000][62.307s][info ][safepoint     ] Leaving safepoint region
[2023-11-15T20:04:54.545+0000][62.307s][info ][safepoint     ] Total time for which application threads were stopped: 0.0003257 seconds, Stopping threads took: 0.0000456 seconds
[2023-11-15T20:04:55.545+0000][63.307s][debug][safepoint     ] Safepoint synchronization initiated. (176 threads)
[2023-11-15T20:04:55.546+0000][63.307s][info ][safepoint     ] Application time: 1.0001680 seconds
[2023-11-15T20:04:55.546+0000][63.307s][info ][safepoint     ] Entering safepoint region: Cleanup
[2023-11-15T20:04:55.546+0000][63.307s][info ][safepoint     ] Leaving safepoint region
[2023-11-15T20:04:55.546+0000][63.308s][info ][safepoint     ] Total time for which application threads were stopped: 0.0003280 seconds, Stopping threads took: 0.0000497 seconds
[2023-11-15T20:04:56.546+0000][64.308s][debug][safepoint     ] Safepoint synchronization initiated. (176 threads)
[2023-11-15T20:04:56.546+0000][64.308s][info ][safepoint     ] Application time: 1.0001538 seconds
[2023-11-15T20:04:56.546+0000][64.308s][info ][safepoint     ] Entering safepoint region: Cleanup
[2023-11-15T20:04:56.546+0000][64.308s][info ][safepoint     ] Leaving safepoint region
[2023-11-15T20:04:56.546+0000][64.308s][info ][safepoint     ] Total time for which application threads were stopped: 0.0003286 seconds, Stopping threads took: 0.0000510 seconds
[2023-11-15T20:04:57.547+0000][65.308s][debug][safepoint     ] Safepoint synchronization initiated. (176 threads)
[2023-11-15T20:04:57.547+0000][65.308s][info ][safepoint     ] Application time: 1.0001715 seconds
[2023-11-15T20:04:57.547+0000][65.308s][info ][safepoint     ] Entering safepoint region: Cleanup
[2023-11-15T20:04:57.547+0000][65.309s][info ][safepoint     ] Leaving safepoint region
[2023-11-15T20:04:57.547+0000][65.309s][info ][safepoint     ] Total time for which application threads were stopped: 0.0003298 seconds, Stopping threads took: 0.0000496 seconds
[2023-11-15T20:04:58.547+0000][66.309s][debug][safepoint     ] Safepoint synchronization initiated. (176 threads)
[2023-11-15T20:04:58.547+0000][66.309s][info ][safepoint     ] Application time: 1.0001576 seconds
[2023-11-15T20:04:58.547+0000][66.309s][info ][safepoint     ] Entering safepoint region: Cleanup
[2023-11-15T20:04:58.547+0000][66.309s][info ][safepoint     ] Leaving safepoint region
[2023-11-15T20:04:58.547+0000][66.309s][info ][safepoint     ] Total time for which application threads were stopped: 0.0003357 seconds, Stopping threads took: 0.0000734 seconds
[2023-11-15T20:04:59.548+0000][67.309s][debug][safepoint     ] Safepoint synchronization initiated. (176 threads)
[2023-11-15T20:04:59.548+0000][67.309s][info ][safepoint     ] Application time: 1.0001472 seconds
[2023-11-15T20:04:59.548+0000][67.309s][info ][safepoint     ] Entering safepoint region: Cleanup
[2023-11-15T20:04:59.548+0000][67.310s][info ][safepoint     ] Leaving safepoint region
[2023-11-15T20:04:59.548+0000][67.310s][info ][safepoint     ] Total time for which application threads were stopped: 0.0003066 seconds, Stopping threads took: 0.0000508 seconds
[2023-11-15T20:05:00.548+0000][68.310s][debug][safepoint     ] Safepoint synchronization initiated. (176 threads)
[2023-11-15T20:05:00.548+0000][68.310s][info ][safepoint     ] Application time: 1.0001567 seconds
[2023-11-15T20:05:00.548+0000][68.310s][info ][safepoint     ] Entering safepoint region: Cleanup
[2023-11-15T20:05:00.548+0000][68.310s][info ][safepoint     ] Leaving safepoint region
[2023-11-15T20:05:00.548+0000][68.310s][info ][safepoint     ] Total time for which application threads were stopped: 0.0003239 seconds, Stopping threads took: 0.0000490 seconds
[2023-11-15T20:05:01.549+0000][69.310s][debug][safepoint     ] Safepoint synchronization initiated. (176 threads)
[2023-11-15T20:05:01.549+0000][69.310s][info ][safepoint     ] Application time: 1.0001745 seconds
[2023-11-15T20:05:01.549+0000][69.310s][info ][safepoint     ] Entering safepoint region: Cleanup
[2023-11-15T20:05:01.549+0000][69.311s][info ][safepoint     ] Leaving safepoint region
[2023-11-15T20:05:01.549+0000][69.311s][info ][safepoint     ] Total time for which application threads were stopped: 0.0003050 seconds, Stopping threads took: 0.0000510 seconds
[2023-11-15T20:05:02.549+0000][70.311s][debug][safepoint     ] Safepoint synchronization initiated. (175 threads)
[2023-11-15T20:05:02.549+0000][70.311s][info ][safepoint     ] Application time: 1.0001401 seconds
[2023-11-15T20:05:02.549+0000][70.311s][info ][safepoint     ] Entering safepoint region: Cleanup
[2023-11-15T20:05:02.549+0000][70.311s][info ][safepoint     ] Leaving safepoint region
[2023-11-15T20:05:02.549+0000][70.311s][info ][safepoint     ] Total time for which application threads were stopped: 0.0003021 seconds, Stopping threads took: 0.0000510 seconds
[2023-11-15T20:05:03.550+0000][71.311s][debug][safepoint     ] Safepoint synchronization initiated. (175 threads)
[2023-11-15T20:05:03.550+0000][71.311s][info ][safepoint     ] Application time: 1.0001537 seconds
[2023-11-15T20:05:03.550+0000][71.311s][info ][safepoint     ] Entering safepoint region: Cleanup
[2023-11-15T20:05:03.550+0000][71.312s][info ][safepoint     ] Leaving safepoint region
[2023-11-15T20:05:03.550+0000][71.312s][info ][safepoint     ] Total time for which application threads were stopped: 0.0002712 seconds, Stopping threads took: 0.0000509 seconds
[2023-11-15T20:05:04.550+0000][72.312s][debug][safepoint     ] Safepoint synchronization initiated. (175 threads)
[2023-11-15T20:05:04.550+0000][72.312s][info ][safepoint     ] Application time: 1.0001289 seconds
[2023-11-15T20:05:04.550+0000][72.312s][info ][safepoint     ] Entering safepoint region: Cleanup
[2023-11-15T20:05:04.550+0000][72.312s][info ][safepoint     ] Leaving safepoint region
[2023-11-15T20:05:04.550+0000][72.312s][info ][safepoint     ] Total time for which application threads were stopped: 0.0002592 seconds, Stopping threads took: 0.0000523 seconds
[2023-11-15T20:05:05.550+0000][73.312s][debug][safepoint     ] Safepoint synchronization initiated. (176 threads)
[2023-11-15T20:05:05.551+0000][73.312s][info ][safepoint     ] Application time: 1.0001302 seconds
[2023-11-15T20:05:05.551+0000][73.312s][info ][safepoint     ] Entering safepoint region: Cleanup
[2023-11-15T20:05:05.551+0000][73.312s][info ][safepoint     ] Leaving safepoint region
[2023-11-15T20:05:05.551+0000][73.312s][info ][safepoint     ] Total time for which application threads were stopped: 0.0002101 seconds, Stopping threads took: 0.0000423 seconds
[2023-11-15T20:05:06.551+0000][74.312s][debug][safepoint     ] Safepoint synchronization initiated. (176 threads)
[2023-11-15T20:05:06.551+0000][74.313s][info ][safepoint     ] Application time: 1.0001464 seconds
[2023-11-15T20:05:06.551+0000][74.313s][info ][safepoint     ] Entering safepoint region: Cleanup
[2023-11-15T20:05:06.551+0000][74.313s][info ][safepoint     ] Leaving safepoint region
[2023-11-15T20:05:06.551+0000][74.313s][info ][safepoint     ] Total time for which application threads were stopped: 0.0003239 seconds, Stopping threads took: 0.0000503 seconds
[2023-11-15T20:05:07.551+0000][75.313s][debug][safepoint     ] Safepoint synchronization initiated. (176 threads)
[2023-11-15T20:05:07.551+0000][75.313s][info ][safepoint     ] Application time: 1.0001542 seconds
[2023-11-15T20:05:07.551+0000][75.313s][info ][safepoint     ] Entering safepoint region: Cleanup
[2023-11-15T20:05:07.552+0000][75.313s][info ][safepoint     ] Leaving safepoint region
[2023-11-15T20:05:07.552+0000][75.313s][info ][safepoint     ] Total time for which application threads were stopped: 0.0003240 seconds, Stopping threads took: 0.0000765 seconds
[2023-11-15T20:05:08.552+0000][76.313s][debug][safepoint     ] Safepoint synchronization initiated. (176 threads)
[2023-11-15T20:05:08.552+0000][76.314s][info ][safepoint     ] Application time: 1.0001452 seconds
[2023-11-15T20:05:08.552+0000][76.314s][info ][safepoint     ] Entering safepoint region: Cleanup
[2023-11-15T20:05:08.552+0000][76.314s][info ][safepoint     ] Leaving safepoint region
[2023-11-15T20:05:08.552+0000][76.314s][info ][safepoint     ] Total time for which application threads were stopped: 0.0003227 seconds, Stopping threads took: 0.0000521 seconds
[2023-11-15T20:05:09.552+0000][77.314s][debug][safepoint     ] Safepoint synchronization initiated. (176 threads)
[2023-11-15T20:05:09.552+0000][77.314s][info ][safepoint     ] Application time: 1.0001569 seconds
[2023-11-15T20:05:09.552+0000][77.314s][info ][safepoint     ] Entering safepoint region: Cleanup
[2023-11-15T20:05:09.553+0000][77.314s][info ][safepoint     ] Leaving safepoint region
[2023-11-15T20:05:09.553+0000][77.314s][info ][safepoint     ] Total time for which application threads were stopped: 0.0003257 seconds, Stopping threads took: 0.0000523 seconds
[2023-11-15T20:05:10.553+0000][78.315s][debug][safepoint     ] Safepoint synchronization initiated. (176 threads)
[2023-11-15T20:05:10.553+0000][78.315s][info ][safepoint     ] Application time: 1.0001391 seconds
[2023-11-15T20:05:10.553+0000][78.315s][info ][safepoint     ] Entering safepoint region: Cleanup
[2023-11-15T20:05:10.553+0000][78.315s][info ][safepoint     ] Leaving safepoint region
[2023-11-15T20:05:10.553+0000][78.315s][info ][safepoint     ] Total time for which application threads were stopped: 0.0003155 seconds, Stopping threads took: 0.0000536 seconds
[2023-11-15T20:05:11.553+0000][79.315s][debug][safepoint     ] Safepoint synchronization initiated. (176 threads)
[2023-11-15T20:05:11.553+0000][79.315s][info ][safepoint     ] Application time: 1.0001544 seconds
[2023-11-15T20:05:11.553+0000][79.315s][info ][safepoint     ] Entering safepoint region: Cleanup
[2023-11-15T20:05:11.554+0000][79.315s][info ][safepoint     ] Leaving safepoint region
[2023-11-15T20:05:11.554+0000][79.315s][info ][safepoint     ] Total time for which application threads were stopped: 0.0002459 seconds, Stopping threads took: 0.0000519 seconds
[2023-11-15T20:05:12.554+0000][80.315s][debug][safepoint     ] Safepoint synchronization initiated. (176 threads)
[2023-11-15T20:05:12.554+0000][80.315s][info ][safepoint     ] Application time: 1.0001487 seconds
[2023-11-15T20:05:12.554+0000][80.316s][info ][safepoint     ] Entering safepoint region: Cleanup
[2023-11-15T20:05:12.554+0000][80.316s][info ][safepoint     ] Leaving safepoint region
[2023-11-15T20:05:12.554+0000][80.316s][info ][safepoint     ] Total time for which application threads were stopped: 0.0003033 seconds, Stopping threads took: 0.0000527 seconds
[2023-11-15T20:05:13.554+0000][81.316s][debug][safepoint     ] Safepoint synchronization initiated. (176 threads)
[2023-11-15T20:05:13.554+0000][81.316s][info ][safepoint     ] Application time: 1.0001570 seconds
[2023-11-15T20:05:13.554+0000][81.316s][info ][safepoint     ] Entering safepoint region: Cleanup
[2023-11-15T20:05:13.555+0000][81.316s][info ][safepoint     ] Leaving safepoint region
[2023-11-15T20:05:13.555+0000][81.316s][info ][safepoint     ] Total time for which application threads were stopped: 0.0002483 seconds, Stopping threads took: 0.0000561 seconds
[2023-11-15T20:05:14.555+0000][82.316s][debug][safepoint     ] Safepoint synchronization initiated. (176 threads)
[2023-11-15T20:05:14.555+0000][82.316s][info ][safepoint     ] Application time: 1.0001569 seconds
[2023-11-15T20:05:14.555+0000][82.316s][info ][safepoint     ] Entering safepoint region: Cleanup
[2023-11-15T20:05:14.555+0000][82.317s][info ][safepoint     ] Leaving safepoint region
[2023-11-15T20:05:14.555+0000][82.317s][info ][safepoint     ] Total time for which application threads were stopped: 0.0002450 seconds, Stopping threads took: 0.0000523 seconds
[2023-11-15T20:05:15.555+0000][83.317s][debug][safepoint     ] Safepoint synchronization initiated. (176 threads)
[2023-11-15T20:05:15.555+0000][83.317s][info ][safepoint     ] Application time: 1.0001657 seconds
[2023-11-15T20:05:15.555+0000][83.317s][info ][safepoint     ] Entering safepoint region: Cleanup
[2023-11-15T20:05:15.555+0000][83.317s][info ][safepoint     ] Leaving safepoint region
[2023-11-15T20:05:15.556+0000][83.317s][info ][safepoint     ] Total time for which application threads were stopped: 0.0002650 seconds, Stopping threads took: 0.0000491 seconds
[2023-11-15T20:05:16.556+0000][84.317s][debug][safepoint     ] Safepoint synchronization initiated. (176 threads)
[2023-11-15T20:05:16.556+0000][84.317s][info ][safepoint     ] Application time: 1.0001521 seconds
[2023-11-15T20:05:16.556+0000][84.317s][info ][safepoint     ] Entering safepoint region: Cleanup
[2023-11-15T20:05:16.556+0000][84.318s][info ][safepoint     ] Leaving safepoint region
[2023-11-15T20:05:16.556+0000][84.318s][info ][safepoint     ] Total time for which application threads were stopped: 0.0002508 seconds, Stopping threads took: 0.0000504 seconds
[2023-11-15T20:05:17.556+0000][85.318s][debug][safepoint     ] Safepoint synchronization initiated. (176 threads)
[2023-11-15T20:05:17.556+0000][85.318s][info ][safepoint     ] Application time: 1.0001879 seconds
[2023-11-15T20:05:17.556+0000][85.318s][info ][safepoint     ] Entering safepoint region: Cleanup
[2023-11-15T20:05:17.557+0000][85.318s][info ][safepoint     ] Leaving safepoint region
[2023-11-15T20:05:17.557+0000][85.318s][info ][safepoint     ] Total time for which application threads were stopped: 0.0003967 seconds, Stopping threads took: 0.0002546 seconds
[2023-11-15T20:05:18.557+0000][86.318s][debug][safepoint     ] Safepoint synchronization initiated. (176 threads)
[2023-11-15T20:05:18.557+0000][86.318s][info ][safepoint     ] Application time: 1.0001422 seconds
[2023-11-15T20:05:18.557+0000][86.318s][info ][safepoint     ] Entering safepoint region: Cleanup
[2023-11-15T20:05:18.557+0000][86.319s][info ][safepoint     ] Leaving safepoint region
[2023-11-15T20:05:18.557+0000][86.319s][info ][safepoint     ] Total time for which application threads were stopped: 0.0002667 seconds, Stopping threads took: 0.0000514 seconds
[2023-11-15T20:05:19.557+0000][87.319s][debug][safepoint     ] Safepoint synchronization initiated. (176 threads)
[2023-11-15T20:05:19.557+0000][87.319s][info ][safepoint     ] Application time: 1.0001576 seconds
[2023-11-15T20:05:19.557+0000][87.319s][info ][safepoint     ] Entering safepoint region: Cleanup
[2023-11-15T20:05:19.557+0000][87.319s][info ][safepoint     ] Leaving safepoint region
[2023-11-15T20:05:19.557+0000][87.319s][info ][safepoint     ] Total time for which application threads were stopped: 0.0002674 seconds, Stopping threads took: 0.0000519 seconds
[2023-11-15T20:05:20.558+0000][88.319s][debug][safepoint     ] Safepoint synchronization initiated. (176 threads)
[2023-11-15T20:05:20.558+0000][88.319s][info ][safepoint     ] Application time: 1.0001750 seconds
[2023-11-15T20:05:20.558+0000][88.319s][info ][safepoint     ] Entering safepoint region: Cleanup
[2023-11-15T20:05:20.558+0000][88.320s][info ][safepoint     ] Leaving safepoint region
[2023-11-15T20:05:20.558+0000][88.320s][info ][safepoint     ] Total time for which application threads were stopped: 0.0003382 seconds, Stopping threads took: 0.0000505 seconds
[2023-11-15T20:05:21.558+0000][89.320s][debug][safepoint     ] Safepoint synchronization initiated. (176 threads)
[2023-11-15T20:05:21.558+0000][89.320s][info ][safepoint     ] Application time: 1.0001598 seconds
[2023-11-15T20:05:21.558+0000][89.320s][info ][safepoint     ] Entering safepoint region: Cleanup
[2023-11-15T20:05:21.558+0000][89.320s][info ][safepoint     ] Leaving safepoint region
[2023-11-15T20:05:21.558+0000][89.320s][info ][safepoint     ] Total time for which application threads were stopped: 0.0002541 seconds, Stopping threads took: 0.0000374 seconds
[2023-11-15T20:05:22.559+0000][90.320s][debug][safepoint     ] Safepoint synchronization initiated. (176 threads)
[2023-11-15T20:05:22.559+0000][90.320s][info ][safepoint     ] Application time: 1.0001721 seconds
[2023-11-15T20:05:22.559+0000][90.320s][info ][safepoint     ] Entering safepoint region: Cleanup
[2023-11-15T20:05:22.559+0000][90.321s][info ][safepoint     ] Leaving safepoint region
[2023-11-15T20:05:22.559+0000][90.321s][info ][safepoint     ] Total time for which application threads were stopped: 0.0003190 seconds, Stopping threads took: 0.0000518 seconds
[2023-11-15T20:05:23.559+0000][91.321s][debug][safepoint     ] Safepoint synchronization initiated. (176 threads)
[2023-11-15T20:05:23.559+0000][91.321s][info ][safepoint     ] Application time: 1.0001434 seconds
[2023-11-15T20:05:23.559+0000][91.321s][info ][safepoint     ] Entering safepoint region: Cleanup
[2023-11-15T20:05:23.559+0000][91.321s][info ][safepoint     ] Leaving safepoint region
[2023-11-15T20:05:23.560+0000][91.321s][info ][safepoint     ] Total time for which application threads were stopped: 0.0003693 seconds, Stopping threads took: 0.0000563 seconds
[2023-11-15T20:05:24.560+0000][92.321s][debug][safepoint     ] Safepoint synchronization initiated. (176 threads)
[2023-11-15T20:05:24.560+0000][92.321s][info ][safepoint     ] Application time: 1.0001433 seconds
[2023-11-15T20:05:24.560+0000][92.321s][debug][safepoint     ] ... found polling page return exception at pc = 0x00007f6930d4c580, stub =0x00007f692883a800
[2023-11-15T20:05:24.560+0000][92.321s][debug][safepoint     ] Waiting for 1 thread(s) to block
[2023-11-15T20:05:24.560+0000][92.321s][info ][safepoint     ] Entering safepoint region: Cleanup
[2023-11-15T20:05:24.560+0000][92.322s][info ][safepoint     ] Leaving safepoint region
[2023-11-15T20:05:24.560+0000][92.322s][info ][safepoint     ] Total time for which application threads were stopped: 0.0004486 seconds, Stopping threads took: 0.0001766 seconds
[2023-11-15T20:05:25.560+0000][93.322s][debug][safepoint     ] Safepoint synchronization initiated. (176 threads)
[2023-11-15T20:05:25.560+0000][93.322s][info ][safepoint     ] Application time: 1.0001966 seconds
[2023-11-15T20:05:25.560+0000][93.322s][info ][safepoint     ] Entering safepoint region: Cleanup
[2023-11-15T20:05:25.561+0000][93.322s][info ][safepoint     ] Leaving safepoint region
[2023-11-15T20:05:25.561+0000][93.322s][info ][safepoint     ] Total time for which application threads were stopped: 0.0003333 seconds, Stopping threads took: 0.0000506 seconds
[2023-11-15T20:05:26.561+0000][94.322s][debug][safepoint     ] Safepoint synchronization initiated. (176 threads)
[2023-11-15T20:05:26.561+0000][94.323s][info ][safepoint     ] Application time: 1.0001363 seconds
[2023-11-15T20:05:26.561+0000][94.323s][info ][safepoint     ] Entering safepoint region: Cleanup
[2023-11-15T20:05:26.561+0000][94.323s][info ][safepoint     ] Leaving safepoint region
[2023-11-15T20:05:26.561+0000][94.323s][info ][safepoint     ] Total time for which application threads were stopped: 0.0002549 seconds, Stopping threads took: 0.0000809 seconds
[2023-11-15T20:05:27.561+0000][95.323s][debug][safepoint     ] Safepoint synchronization initiated. (176 threads)
[2023-11-15T20:05:27.561+0000][95.323s][info ][safepoint     ] Application time: 1.0001544 seconds
[2023-11-15T20:05:27.561+0000][95.323s][info ][safepoint     ] Entering safepoint region: Cleanup
[2023-11-15T20:05:27.562+0000][95.323s][info ][safepoint     ] Leaving safepoint region
[2023-11-15T20:05:27.562+0000][95.323s][info ][safepoint     ] Total time for which application threads were stopped: 0.0002787 seconds, Stopping threads took: 0.0000505 seconds
[2023-11-15T20:05:28.562+0000][96.323s][debug][safepoint     ] Safepoint synchronization initiated. (176 threads)
[2023-11-15T20:05:28.562+0000][96.323s][info ][safepoint     ] Application time: 1.0001528 seconds
[2023-11-15T20:05:28.562+0000][96.323s][info ][safepoint     ] Entering safepoint region: Cleanup
[2023-11-15T20:05:28.562+0000][96.324s][info ][safepoint     ] Leaving safepoint region
[2023-11-15T20:05:28.562+0000][96.324s][info ][safepoint     ] Total time for which application threads were stopped: 0.0002376 seconds, Stopping threads took: 0.0000493 seconds
[2023-11-15T20:05:29.562+0000][97.324s][debug][safepoint     ] Safepoint synchronization initiated. (176 threads)
[2023-11-15T20:05:29.562+0000][97.324s][info ][safepoint     ] Application time: 1.0001576 seconds
[2023-11-15T20:05:29.562+0000][97.324s][info ][safepoint     ] Entering safepoint region: Cleanup
[2023-11-15T20:05:29.562+0000][97.324s][info ][safepoint     ] Leaving safepoint region
[2023-11-15T20:05:29.562+0000][97.324s][info ][safepoint     ] Total time for which application threads were stopped: 0.0002583 seconds, Stopping threads took: 0.0000507 seconds
[2023-11-15T20:05:30.563+0000][98.324s][debug][safepoint     ] Safepoint synchronization initiated. (176 threads)
[2023-11-15T20:05:30.563+0000][98.324s][info ][safepoint     ] Application time: 1.0001667 seconds
[2023-11-15T20:05:30.563+0000][98.324s][info ][safepoint     ] Entering safepoint region: Cleanup
[2023-11-15T20:05:30.563+0000][98.325s][info ][safepoint     ] Leaving safepoint region
[2023-11-15T20:05:30.563+0000][98.325s][info ][safepoint     ] Total time for which application threads were stopped: 0.0003324 seconds, Stopping threads took: 0.0000502 seconds
[2023-11-15T20:05:31.563+0000][99.325s][debug][safepoint     ] Safepoint synchronization initiated. (176 threads)
[2023-11-15T20:05:31.563+0000][99.325s][info ][safepoint     ] Application time: 1.0001580 seconds
[2023-11-15T20:05:31.563+0000][99.325s][info ][safepoint     ] Entering safepoint region: Cleanup
[2023-11-15T20:05:31.563+0000][99.325s][info ][safepoint     ] Leaving safepoint region
[2023-11-15T20:05:31.563+0000][99.325s][info ][safepoint     ] Total time for which application threads were stopped: 0.0002172 seconds, Stopping threads took: 0.0000508 seconds
[2023-11-15T20:05:32.564+0000][100.325s][debug][safepoint     ] Safepoint synchronization initiated. (174 threads)
[2023-11-15T20:05:32.564+0000][100.325s][info ][safepoint     ] Application time: 1.0001425 seconds
[2023-11-15T20:05:32.564+0000][100.325s][info ][safepoint     ] Entering safepoint region: Cleanup
[2023-11-15T20:05:32.564+0000][100.325s][info ][safepoint     ] Leaving safepoint region
[2023-11-15T20:05:32.564+0000][100.326s][info ][safepoint     ] Total time for which application threads were stopped: 0.0003161 seconds, Stopping threads took: 0.0000367 seconds
[2023-11-15T20:05:33.564+0000][101.326s][debug][safepoint     ] Safepoint synchronization initiated. (173 threads)
[2023-11-15T20:05:33.564+0000][101.326s][info ][safepoint     ] Application time: 1.0001763 seconds
[2023-11-15T20:05:33.564+0000][101.326s][info ][safepoint     ] Entering safepoint region: Cleanup
[2023-11-15T20:05:33.564+0000][101.326s][info ][safepoint     ] Leaving safepoint region
[2023-11-15T20:05:33.564+0000][101.326s][info ][safepoint     ] Total time for which application threads were stopped: 0.0003599 seconds, Stopping threads took: 0.0000718 seconds
[2023-11-15T20:05:34.565+0000][102.326s][debug][safepoint     ] Safepoint synchronization initiated. (173 threads)
[2023-11-15T20:05:34.565+0000][102.326s][info ][safepoint     ] Application time: 1.0001552 seconds
[2023-11-15T20:05:34.565+0000][102.326s][info ][safepoint     ] Entering safepoint region: Cleanup
[2023-11-15T20:05:34.565+0000][102.327s][info ][safepoint     ] Leaving safepoint region
[2023-11-15T20:05:34.565+0000][102.327s][info ][safepoint     ] Total time for which application threads were stopped: 0.0003299 seconds, Stopping threads took: 0.0000501 seconds
[2023-11-15T20:05:35.565+0000][103.327s][debug][safepoint     ] Safepoint synchronization initiated. (173 threads)
[2023-11-15T20:05:35.565+0000][103.327s][info ][safepoint     ] Application time: 1.0001589 seconds
[2023-11-15T20:05:35.565+0000][103.327s][info ][safepoint     ] Entering safepoint region: Cleanup
[2023-11-15T20:05:35.565+0000][103.327s][info ][safepoint     ] Leaving safepoint region
[2023-11-15T20:05:35.565+0000][103.327s][info ][safepoint     ] Total time for which application threads were stopped: 0.0002652 seconds, Stopping threads took: 0.0000492 seconds
[2023-11-15T20:05:36.566+0000][104.327s][debug][safepoint     ] Safepoint synchronization initiated. (173 threads)
[2023-11-15T20:05:36.566+0000][104.327s][info ][safepoint     ] Application time: 1.0001576 seconds
[2023-11-15T20:05:36.566+0000][104.327s][info ][safepoint     ] Entering safepoint region: Cleanup
[2023-11-15T20:05:36.566+0000][104.327s][info ][safepoint     ] Leaving safepoint region
[2023-11-15T20:05:36.566+0000][104.327s][info ][safepoint     ] Total time for which application threads were stopped: 0.0002004 seconds, Stopping threads took: 0.0000507 seconds
[2023-11-15T20:05:37.566+0000][105.328s][debug][safepoint     ] Safepoint synchronization initiated. (173 threads)
[2023-11-15T20:05:37.566+0000][105.328s][info ][safepoint     ] Application time: 1.0001677 seconds
[2023-11-15T20:05:37.566+0000][105.328s][info ][safepoint     ] Entering safepoint region: Cleanup
[2023-11-15T20:05:37.566+0000][105.328s][info ][safepoint     ] Leaving safepoint region
[2023-11-15T20:05:37.566+0000][105.328s][info ][safepoint     ] Total time for which application threads were stopped: 0.0003313 seconds, Stopping threads took: 0.0000506 seconds
[2023-11-15T20:05:38.566+0000][106.328s][debug][safepoint     ] Safepoint synchronization initiated. (173 threads)
[2023-11-15T20:05:38.567+0000][106.328s][info ][safepoint     ] Application time: 1.0001549 seconds
[2023-11-15T20:05:38.567+0000][106.328s][info ][safepoint     ] Entering safepoint region: Cleanup
[2023-11-15T20:05:38.567+0000][106.328s][info ][safepoint     ] Leaving safepoint region
[2023-11-15T20:05:38.567+0000][106.328s][info ][safepoint     ] Total time for which application threads were stopped: 0.0002542 seconds, Stopping threads took: 0.0000506 seconds
[2023-11-15T20:05:39.567+0000][107.329s][debug][safepoint     ] Safepoint synchronization initiated. (173 threads)
[2023-11-15T20:05:39.567+0000][107.329s][info ][safepoint     ] Application time: 1.0001677 seconds
[2023-11-15T20:05:39.567+0000][107.329s][info ][safepoint     ] Entering safepoint region: Cleanup
[2023-11-15T20:05:39.567+0000][107.329s][info ][safepoint     ] Leaving safepoint region
[2023-11-15T20:05:39.567+0000][107.329s][info ][safepoint     ] Total time for which application threads were stopped: 0.0002536 seconds, Stopping threads took: 0.0000496 seconds
[2023-11-15T20:05:40.567+0000][108.329s][debug][safepoint     ] Safepoint synchronization initiated. (173 threads)
[2023-11-15T20:05:40.567+0000][108.329s][info ][safepoint     ] Application time: 1.0001582 seconds
[2023-11-15T20:05:40.573+0000][108.334s][info ][safepoint     ] Entering safepoint region: Cleanup
[2023-11-15T20:05:40.573+0000][108.334s][info ][safepoint     ] Leaving safepoint region
[2023-11-15T20:05:40.573+0000][108.334s][info ][safepoint     ] Total time for which application threads were stopped: 0.0003747 seconds, Stopping threads took: 0.0000718 seconds
[2023-11-15T20:05:41.573+0000][109.335s][debug][safepoint     ] Safepoint synchronization initiated. (173 threads)
[2023-11-15T20:05:41.573+0000][109.335s][info ][safepoint     ] Application time: 1.0001681 seconds
[2023-11-15T20:05:41.573+0000][109.335s][info ][safepoint     ] Entering safepoint region: Cleanup
[2023-11-15T20:05:41.573+0000][109.335s][info ][safepoint     ] Leaving safepoint region
[2023-11-15T20:05:41.573+0000][109.335s][info ][safepoint     ] Total time for which application threads were stopped: 0.0003287 seconds, Stopping threads took: 0.0000495 seconds
[2023-11-15T20:05:42.573+0000][110.335s][debug][safepoint     ] Safepoint synchronization initiated. (173 threads)
[2023-11-15T20:05:42.574+0000][110.335s][info ][safepoint     ] Application time: 1.0001369 seconds
[2023-11-15T20:05:42.574+0000][110.335s][info ][safepoint     ] Entering safepoint region: Cleanup
[2023-11-15T20:05:42.574+0000][110.335s][info ][safepoint     ] Leaving safepoint region
[2023-11-15T20:05:42.574+0000][110.335s][info ][safepoint     ] Total time for which application threads were stopped: 0.0002526 seconds, Stopping threads took: 0.0000499 seconds
[2023-11-15T20:05:43.574+0000][111.336s][debug][safepoint     ] Safepoint synchronization initiated. (173 threads)
[2023-11-15T20:05:43.574+0000][111.336s][info ][safepoint     ] Application time: 1.0001568 seconds
[2023-11-15T20:05:43.574+0000][111.336s][info ][safepoint     ] Entering safepoint region: Cleanup
[2023-11-15T20:05:43.574+0000][111.336s][info ][safepoint     ] Leaving safepoint region
[2023-11-15T20:05:43.574+0000][111.336s][info ][safepoint     ] Total time for which application threads were stopped: 0.0003301 seconds, Stopping threads took: 0.0000497 seconds
[2023-11-15T20:05:44.574+0000][112.336s][debug][safepoint     ] Safepoint synchronization initiated. (173 threads)
[2023-11-15T20:05:44.575+0000][112.336s][info ][safepoint     ] Application time: 1.0001555 seconds
[2023-11-15T20:05:44.575+0000][112.336s][info ][safepoint     ] Entering safepoint region: Cleanup
[2023-11-15T20:05:44.575+0000][112.336s][info ][safepoint     ] Leaving safepoint region
[2023-11-15T20:05:44.575+0000][112.337s][info ][safepoint     ] Total time for which application threads were stopped: 0.0003366 seconds, Stopping threads took: 0.0000499 seconds
[2023-11-15T20:05:45.575+0000][113.337s][debug][safepoint     ] Safepoint synchronization initiated. (173 threads)
[2023-11-15T20:05:45.575+0000][113.337s][info ][safepoint     ] Application time: 1.0001700 seconds
[2023-11-15T20:05:45.575+0000][113.337s][info ][safepoint     ] Entering safepoint region: Cleanup
[2023-11-15T20:05:45.575+0000][113.337s][info ][safepoint     ] Leaving safepoint region
[2023-11-15T20:05:45.575+0000][113.337s][info ][safepoint     ] Total time for which application threads were stopped: 0.0002677 seconds, Stopping threads took: 0.0000573 seconds
[2023-11-15T20:05:46.575+0000][114.337s][debug][safepoint     ] Safepoint synchronization initiated. (173 threads)
[2023-11-15T20:05:46.576+0000][114.337s][info ][safepoint     ] Application time: 1.0001840 seconds
[2023-11-15T20:05:46.576+0000][114.337s][info ][safepoint     ] Entering safepoint region: Cleanup
[2023-11-15T20:05:46.576+0000][114.337s][info ][safepoint     ] Leaving safepoint region
[2023-11-15T20:05:46.576+0000][114.337s][info ][safepoint     ] Total time for which application threads were stopped: 0.0002504 seconds, Stopping threads took: 0.0000519 seconds
[2023-11-15T20:05:46.576+0000][114.337s][debug][safepoint     ] ... found polling page return exception at pc = 0x00007f693102dd76, stub =0x00007f692883a800
[2023-11-15T20:05:47.576+0000][115.338s][debug][safepoint     ] Safepoint synchronization initiated. (173 threads)
[2023-11-15T20:05:47.576+0000][115.338s][info ][safepoint     ] Application time: 1.0001665 seconds
[2023-11-15T20:05:47.576+0000][115.338s][info ][safepoint     ] Entering safepoint region: Cleanup
[2023-11-15T20:05:47.576+0000][115.338s][info ][safepoint     ] Leaving safepoint region
[2023-11-15T20:05:47.576+0000][115.338s][info ][safepoint     ] Total time for which application threads were stopped: 0.0002540 seconds, Stopping threads took: 0.0000521 seconds
[2023-11-15T20:05:48.576+0000][116.338s][debug][safepoint     ] Safepoint synchronization initiated. (173 threads)
[2023-11-15T20:05:48.576+0000][116.338s][info ][safepoint     ] Application time: 1.0001388 seconds
[2023-11-15T20:05:48.576+0000][116.338s][info ][safepoint     ] Entering safepoint region: Cleanup
[2023-11-15T20:05:48.577+0000][116.338s][info ][safepoint     ] Leaving safepoint region
[2023-11-15T20:05:48.577+0000][116.338s][info ][safepoint     ] Total time for which application threads were stopped: 0.0002799 seconds, Stopping threads took: 0.0000511 seconds
[2023-11-15T20:05:49.577+0000][117.338s][debug][safepoint     ] Safepoint synchronization initiated. (173 threads)
[2023-11-15T20:05:49.577+0000][117.339s][info ][safepoint     ] Application time: 1.0001710 seconds
[2023-11-15T20:05:49.577+0000][117.339s][info ][safepoint     ] Entering safepoint region: Cleanup
[2023-11-15T20:05:49.577+0000][117.339s][info ][safepoint     ] Leaving safepoint region
[2023-11-15T20:05:49.577+0000][117.339s][info ][safepoint     ] Total time for which application threads were stopped: 0.0002672 seconds, Stopping threads took: 0.0000501 seconds
[2023-11-15T20:05:50.577+0000][118.339s][debug][safepoint     ] Safepoint synchronization initiated. (173 threads)
[2023-11-15T20:05:50.577+0000][118.339s][info ][safepoint     ] Application time: 1.0001677 seconds
[2023-11-15T20:05:50.577+0000][118.339s][info ][safepoint     ] Entering safepoint region: Cleanup
[2023-11-15T20:05:50.584+0000][118.346s][info ][safepoint     ] Leaving safepoint region
[2023-11-15T20:05:50.584+0000][118.346s][info ][safepoint     ] Total time for which application threads were stopped: 0.0067496 seconds, Stopping threads took: 0.0065141 seconds
[2023-11-15T20:05:51.584+0000][119.346s][debug][safepoint     ] Safepoint synchronization initiated. (173 threads)
[2023-11-15T20:05:51.584+0000][119.346s][info ][safepoint     ] Application time: 1.0000846 seconds
[2023-11-15T20:05:51.584+0000][119.346s][info ][safepoint     ] Entering safepoint region: Cleanup
[2023-11-15T20:05:51.584+0000][119.346s][info ][safepoint     ] Leaving safepoint region
[2023-11-15T20:05:51.584+0000][119.346s][info ][safepoint     ] Total time for which application threads were stopped: 0.0002308 seconds, Stopping threads took: 0.0000462 seconds
[2023-11-15T20:05:52.585+0000][120.346s][debug][safepoint     ] Safepoint synchronization initiated. (173 threads)
[2023-11-15T20:05:52.585+0000][120.346s][info ][safepoint     ] Application time: 1.0001628 seconds
[2023-11-15T20:05:52.585+0000][120.346s][info ][safepoint     ] Entering safepoint region: Cleanup
[2023-11-15T20:05:52.585+0000][120.347s][info ][safepoint     ] Leaving safepoint region
[2023-11-15T20:05:52.585+0000][120.347s][info ][safepoint     ] Total time for which application threads were stopped: 0.0003450 seconds, Stopping threads took: 0.0000526 seconds
[2023-11-15T20:05:53.585+0000][121.347s][debug][safepoint     ] Safepoint synchronization initiated. (173 threads)
[2023-11-15T20:05:53.585+0000][121.347s][info ][safepoint     ] Application time: 1.0001769 seconds
[2023-11-15T20:05:53.585+0000][121.347s][debug][safepoint     ] ... found polling page loop exception at pc = 0x00007f693101765b, stub =0x00007f692883ab00
[2023-11-15T20:05:53.585+0000][121.347s][debug][safepoint     ] Waiting for 1 thread(s) to block
[2023-11-15T20:05:53.585+0000][121.347s][info ][safepoint     ] Entering safepoint region: Cleanup
[2023-11-15T20:05:53.586+0000][121.347s][info ][safepoint     ] Leaving safepoint region
[2023-11-15T20:05:53.586+0000][121.347s][info ][safepoint     ] Total time for which application threads were stopped: 0.0004321 seconds, Stopping threads took: 0.0001887 seconds
[2023-11-15T20:05:54.586+0000][122.347s][debug][safepoint     ] Safepoint synchronization initiated. (173 threads)
[2023-11-15T20:05:54.586+0000][122.348s][info ][safepoint     ] Application time: 1.0001637 seconds
[2023-11-15T20:05:54.586+0000][122.348s][info ][safepoint     ] Entering safepoint region: Cleanup
[2023-11-15T20:05:54.586+0000][122.348s][info ][safepoint     ] Leaving safepoint region
[2023-11-15T20:05:54.586+0000][122.348s][info ][safepoint     ] Total time for which application threads were stopped: 0.0002580 seconds, Stopping threads took: 0.0000535 seconds
[2023-11-15T20:05:55.586+0000][123.348s][debug][safepoint     ] Safepoint synchronization initiated. (173 threads)
[2023-11-15T20:05:55.586+0000][123.348s][info ][safepoint     ] Application time: 1.0001640 seconds
[2023-11-15T20:05:55.586+0000][123.348s][info ][safepoint     ] Entering safepoint region: Cleanup
[2023-11-15T20:05:55.587+0000][123.349s][info ][safepoint     ] Leaving safepoint region
[2023-11-15T20:05:55.587+0000][123.349s][info ][safepoint     ] Total time for which application threads were stopped: 0.0005988 seconds, Stopping threads took: 0.0003100 seconds
[2023-11-15T20:05:56.587+0000][124.349s][debug][safepoint     ] Safepoint synchronization initiated. (173 threads)
[2023-11-15T20:05:56.587+0000][124.349s][info ][safepoint     ] Application time: 1.0001775 seconds
[2023-11-15T20:05:56.587+0000][124.349s][info ][safepoint     ] Entering safepoint region: Cleanup
[2023-11-15T20:05:56.587+0000][124.349s][info ][safepoint     ] Leaving safepoint region
[2023-11-15T20:05:56.588+0000][124.349s][info ][safepoint     ] Total time for which application threads were stopped: 0.0003303 seconds, Stopping threads took: 0.0000530 seconds
[2023-11-15T20:05:57.588+0000][125.349s][debug][safepoint     ] Safepoint synchronization initiated. (173 threads)
[2023-11-15T20:05:57.588+0000][125.349s][info ][safepoint     ] Application time: 1.0001588 seconds
[2023-11-15T20:05:57.588+0000][125.349s][info ][safepoint     ] Entering safepoint region: Cleanup
[2023-11-15T20:05:57.588+0000][125.350s][info ][safepoint     ] Leaving safepoint region
[2023-11-15T20:05:57.588+0000][125.350s][info ][safepoint     ] Total time for which application threads were stopped: 0.0003644 seconds, Stopping threads took: 0.0000565 seconds
[2023-11-15T20:05:58.588+0000][126.350s][debug][safepoint     ] Safepoint synchronization initiated. (173 threads)
[2023-11-15T20:05:58.588+0000][126.350s][info ][safepoint     ] Application time: 1.0001710 seconds
[2023-11-15T20:05:58.588+0000][126.350s][info ][safepoint     ] Entering safepoint region: Cleanup
[2023-11-15T20:05:58.589+0000][126.350s][info ][safepoint     ] Leaving safepoint region
[2023-11-15T20:05:58.589+0000][126.350s][info ][safepoint     ] Total time for which application threads were stopped: 0.0003306 seconds, Stopping threads took: 0.0000547 seconds
[2023-11-15T20:05:59.589+0000][127.350s][debug][safepoint     ] Safepoint synchronization initiated. (173 threads)
[2023-11-15T20:05:59.589+0000][127.350s][info ][safepoint     ] Application time: 1.0001760 seconds
[2023-11-15T20:05:59.589+0000][127.350s][info ][safepoint     ] Entering safepoint region: Cleanup
[2023-11-15T20:05:59.589+0000][127.351s][info ][safepoint     ] Leaving safepoint region
[2023-11-15T20:05:59.589+0000][127.351s][info ][safepoint     ] Total time for which application threads were stopped: 0.0003281 seconds, Stopping threads took: 0.0000512 seconds
[2023-11-15T20:06:00.589+0000][128.351s][debug][safepoint     ] Safepoint synchronization initiated. (173 threads)
[2023-11-15T20:06:00.589+0000][128.351s][info ][safepoint     ] Application time: 1.0001752 seconds
[2023-11-15T20:06:00.589+0000][128.351s][info ][safepoint     ] Entering safepoint region: Cleanup
[2023-11-15T20:06:00.590+0000][128.351s][info ][safepoint     ] Leaving safepoint region
[2023-11-15T20:06:00.590+0000][128.351s][info ][safepoint     ] Total time for which application threads were stopped: 0.0002578 seconds, Stopping threads took: 0.0000587 seconds
[2023-11-15T20:06:01.590+0000][129.351s][debug][safepoint     ] Safepoint synchronization initiated. (173 threads)
[2023-11-15T20:06:01.590+0000][129.351s][info ][safepoint     ] Application time: 1.0001522 seconds
[2023-11-15T20:06:01.590+0000][129.351s][info ][safepoint     ] Entering safepoint region: Cleanup
[2023-11-15T20:06:01.590+0000][129.352s][info ][safepoint     ] Leaving safepoint region
[2023-11-15T20:06:01.590+0000][129.352s][info ][safepoint     ] Total time for which application threads were stopped: 0.0001937 seconds, Stopping threads took: 0.0000420 seconds
[2023-11-15T20:06:02.590+0000][130.352s][debug][safepoint     ] Safepoint synchronization initiated. (173 threads)
[2023-11-15T20:06:02.590+0000][130.352s][info ][safepoint     ] Application time: 1.0001583 seconds
[2023-11-15T20:06:02.590+0000][130.352s][info ][safepoint     ] Entering safepoint region: Cleanup
[2023-11-15T20:06:02.590+0000][130.352s][info ][safepoint     ] Leaving safepoint region
[2023-11-15T20:06:02.591+0000][130.352s][info ][safepoint     ] Total time for which application threads were stopped: 0.0003005 seconds, Stopping threads took: 0.0000514 seconds
[2023-11-15T20:06:03.591+0000][131.352s][debug][safepoint     ] Safepoint synchronization initiated. (173 threads)
[2023-11-15T20:06:03.591+0000][131.352s][info ][safepoint     ] Application time: 1.0001803 seconds
[2023-11-15T20:06:03.591+0000][131.352s][info ][safepoint     ] Entering safepoint region: Cleanup
[2023-11-15T20:06:03.591+0000][131.353s][info ][safepoint     ] Leaving safepoint region
[2023-11-15T20:06:03.591+0000][131.353s][info ][safepoint     ] Total time for which application threads were stopped: 0.0003366 seconds, Stopping threads took: 0.0000521 seconds
[2023-11-15T20:06:04.591+0000][132.353s][debug][safepoint     ] Safepoint synchronization initiated. (173 threads)
[2023-11-15T20:06:04.591+0000][132.353s][info ][safepoint     ] Application time: 1.0001647 seconds
[2023-11-15T20:06:04.591+0000][132.353s][info ][safepoint     ] Entering safepoint region: Cleanup
[2023-11-15T20:06:04.592+0000][132.353s][info ][safepoint     ] Leaving safepoint region
[2023-11-15T20:06:04.592+0000][132.353s][info ][safepoint     ] Total time for which application threads were stopped: 0.0003184 seconds, Stopping threads took: 0.0000521 seconds
[2023-11-15T20:06:05.592+0000][133.353s][debug][safepoint     ] Safepoint synchronization initiated. (173 threads)
[2023-11-15T20:06:05.592+0000][133.353s][info ][safepoint     ] Application time: 1.0001575 seconds
[2023-11-15T20:06:05.592+0000][133.353s][info ][safepoint     ] Entering safepoint region: Cleanup
[2023-11-15T20:06:05.592+0000][133.354s][info ][safepoint     ] Leaving safepoint region
[2023-11-15T20:06:05.592+0000][133.354s][info ][safepoint     ] Total time for which application threads were stopped: 0.0002077 seconds, Stopping threads took: 0.0000530 seconds
[2023-11-15T20:06:06.592+0000][134.354s][debug][safepoint     ] Safepoint synchronization initiated. (173 threads)
[2023-11-15T20:06:06.592+0000][134.354s][info ][safepoint     ] Application time: 1.0001588 seconds
[2023-11-15T20:06:06.592+0000][134.354s][info ][safepoint     ] Entering safepoint region: Cleanup
[2023-11-15T20:06:06.592+0000][134.354s][info ][safepoint     ] Leaving safepoint region
[2023-11-15T20:06:06.593+0000][134.354s][info ][safepoint     ] Total time for which application threads were stopped: 0.0003366 seconds, Stopping threads took: 0.0000525 seconds
[2023-11-15T20:06:07.593+0000][135.354s][debug][safepoint     ] Safepoint synchronization initiated. (173 threads)
[2023-11-15T20:06:07.593+0000][135.354s][info ][safepoint     ] Application time: 1.0001719 seconds
[2023-11-15T20:06:07.593+0000][135.354s][info ][safepoint     ] Entering safepoint region: Cleanup
[2023-11-15T20:06:07.593+0000][135.355s][info ][safepoint     ] Leaving safepoint region
[2023-11-15T20:06:07.593+0000][135.355s][info ][safepoint     ] Total time for which application threads were stopped: 0.0003347 seconds, Stopping threads took: 0.0000516 seconds
[2023-11-15T20:06:08.593+0000][136.355s][debug][safepoint     ] Safepoint synchronization initiated. (173 threads)
[2023-11-15T20:06:08.593+0000][136.355s][info ][safepoint     ] Application time: 1.0001808 seconds
[2023-11-15T20:06:08.593+0000][136.355s][info ][safepoint     ] Entering safepoint region: Cleanup
[2023-11-15T20:06:08.594+0000][136.355s][info ][safepoint     ] Leaving safepoint region
[2023-11-15T20:06:08.594+0000][136.355s][info ][safepoint     ] Total time for which application threads were stopped: 0.0002933 seconds, Stopping threads took: 0.0000515 seconds
[2023-11-15T20:06:09.594+0000][137.355s][debug][safepoint     ] Safepoint synchronization initiated. (173 threads)
[2023-11-15T20:06:09.594+0000][137.355s][info ][safepoint     ] Application time: 1.0001837 seconds
[2023-11-15T20:06:09.594+0000][137.356s][info ][safepoint     ] Entering safepoint region: Cleanup
[2023-11-15T20:06:09.594+0000][137.356s][info ][safepoint     ] Leaving safepoint region
[2023-11-15T20:06:09.594+0000][137.356s][info ][safepoint     ] Total time for which application threads were stopped: 0.0002436 seconds, Stopping threads took: 0.0000602 seconds
[2023-11-15T20:06:10.594+0000][138.356s][debug][safepoint     ] Safepoint synchronization initiated. (173 threads)
[2023-11-15T20:06:10.594+0000][138.356s][info ][safepoint     ] Application time: 1.0001655 seconds
[2023-11-15T20:06:10.594+0000][138.356s][info ][safepoint     ] Entering safepoint region: Cleanup
[2023-11-15T20:06:10.595+0000][138.356s][info ][safepoint     ] Leaving safepoint region
[2023-11-15T20:06:10.595+0000][138.356s][info ][safepoint     ] Total time for which application threads were stopped: 0.0002969 seconds, Stopping threads took: 0.0000545 seconds
[2023-11-15T20:06:11.595+0000][139.356s][debug][safepoint     ] Safepoint synchronization initiated. (173 threads)
[2023-11-15T20:06:11.595+0000][139.356s][info ][safepoint     ] Application time: 1.0001613 seconds
[2023-11-15T20:06:11.595+0000][139.356s][info ][safepoint     ] Entering safepoint region: Cleanup
[2023-11-15T20:06:11.595+0000][139.357s][info ][safepoint     ] Leaving safepoint region
[2023-11-15T20:06:11.595+0000][139.357s][info ][safepoint     ] Total time for which application threads were stopped: 0.0003360 seconds, Stopping threads took: 0.0000532 seconds
[2023-11-15T20:06:12.595+0000][140.357s][debug][safepoint     ] Safepoint synchronization initiated. (173 threads)
[2023-11-15T20:06:12.595+0000][140.357s][info ][safepoint     ] Application time: 1.0001564 seconds
[2023-11-15T20:06:12.595+0000][140.357s][info ][safepoint     ] Entering safepoint region: Cleanup
[2023-11-15T20:06:12.596+0000][140.357s][info ][safepoint     ] Leaving safepoint region
[2023-11-15T20:06:12.596+0000][140.357s][info ][safepoint     ] Total time for which application threads were stopped: 0.0003440 seconds, Stopping threads took: 0.0000533 seconds
[2023-11-15T20:06:13.596+0000][141.357s][debug][safepoint     ] Safepoint synchronization initiated. (173 threads)
[2023-11-15T20:06:13.596+0000][141.357s][info ][safepoint     ] Application time: 1.0001611 seconds
[2023-11-15T20:06:13.596+0000][141.358s][info ][safepoint     ] Entering safepoint region: Cleanup
[2023-11-15T20:06:13.596+0000][141.358s][info ][safepoint     ] Leaving safepoint region
[2023-11-15T20:06:13.596+0000][141.358s][info ][safepoint     ] Total time for which application threads were stopped: 0.0002643 seconds, Stopping threads took: 0.0000598 seconds
[2023-11-15T20:06:14.596+0000][142.358s][debug][safepoint     ] Safepoint synchronization initiated. (173 threads)
[2023-11-15T20:06:14.596+0000][142.358s][info ][safepoint     ] Application time: 1.0001697 seconds
[2023-11-15T20:06:14.596+0000][142.358s][info ][safepoint     ] Entering safepoint region: Cleanup
[2023-11-15T20:06:14.597+0000][142.358s][info ][safepoint     ] Leaving safepoint region
[2023-11-15T20:06:14.597+0000][142.358s][info ][safepoint     ] Total time for which application threads were stopped: 0.0003285 seconds, Stopping threads took: 0.0000504 seconds
[2023-11-15T20:06:15.597+0000][143.358s][debug][safepoint     ] Safepoint synchronization initiated. (173 threads)
[2023-11-15T20:06:15.597+0000][143.358s][info ][safepoint     ] Application time: 1.0001896 seconds
[2023-11-15T20:06:15.597+0000][143.359s][info ][safepoint     ] Entering safepoint region: Cleanup
[2023-11-15T20:06:15.597+0000][143.359s][info ][safepoint     ] Leaving safepoint region
[2023-11-15T20:06:15.597+0000][143.359s][info ][safepoint     ] Total time for which application threads were stopped: 0.0003230 seconds, Stopping threads took: 0.0000496 seconds
[2023-11-15T20:06:16.597+0000][144.359s][debug][safepoint     ] Safepoint synchronization initiated. (173 threads)
[2023-11-15T20:06:16.597+0000][144.359s][info ][safepoint     ] Application time: 1.0001590 seconds
[2023-11-15T20:06:16.597+0000][144.359s][info ][safepoint     ] Entering safepoint region: Cleanup
[2023-11-15T20:06:16.598+0000][144.359s][info ][safepoint     ] Leaving safepoint region
[2023-11-15T20:06:16.598+0000][144.359s][info ][safepoint     ] Total time for which application threads were stopped: 0.0002720 seconds, Stopping threads took: 0.0000487 seconds
[2023-11-15T20:06:16.598+0000][144.359s][debug][safepoint     ] ... found polling page return exception at pc = 0x00007f693102dd76, stub =0x00007f692883a800
[2023-11-15T20:06:17.598+0000][145.359s][debug][safepoint     ] Safepoint synchronization initiated. (173 threads)
[2023-11-15T20:06:17.598+0000][145.359s][info ][safepoint     ] Application time: 1.0001512 seconds
[2023-11-15T20:06:17.598+0000][145.359s][info ][safepoint     ] Entering safepoint region: Cleanup
[2023-11-15T20:06:17.598+0000][145.360s][info ][safepoint     ] Leaving safepoint region
[2023-11-15T20:06:17.598+0000][145.360s][info ][safepoint     ] Total time for which application threads were stopped: 0.0002606 seconds, Stopping threads took: 0.0000325 seconds
[2023-11-15T20:06:18.598+0000][146.360s][debug][safepoint     ] Safepoint synchronization initiated. (173 threads)
[2023-11-15T20:06:18.598+0000][146.360s][info ][safepoint     ] Application time: 1.0001621 seconds
[2023-11-15T20:06:18.598+0000][146.360s][info ][safepoint     ] Entering safepoint region: Cleanup
[2023-11-15T20:06:18.599+0000][146.360s][info ][safepoint     ] Leaving safepoint region
[2023-11-15T20:06:18.599+0000][146.360s][info ][safepoint     ] Total time for which application threads were stopped: 0.0002659 seconds, Stopping threads took: 0.0000598 seconds
[2023-11-15T20:06:19.599+0000][147.360s][debug][safepoint     ] Safepoint synchronization initiated. (173 threads)
[2023-11-15T20:06:19.599+0000][147.360s][info ][safepoint     ] Application time: 1.0001287 seconds
[2023-11-15T20:06:19.599+0000][147.360s][info ][safepoint     ] Entering safepoint region: Cleanup
[2023-11-15T20:06:19.599+0000][147.361s][info ][safepoint     ] Leaving safepoint region
[2023-11-15T20:06:19.599+0000][147.361s][info ][safepoint     ] Total time for which application threads were stopped: 0.0002055 seconds, Stopping threads took: 0.0000667 seconds
[2023-11-15T20:06:20.599+0000][148.361s][debug][safepoint     ] Safepoint synchronization initiated. (173 threads)
[2023-11-15T20:06:20.599+0000][148.361s][info ][safepoint     ] Application time: 1.0001812 seconds
[2023-11-15T20:06:20.599+0000][148.361s][info ][safepoint     ] Entering safepoint region: Cleanup
[2023-11-15T20:06:20.599+0000][148.361s][info ][safepoint     ] Leaving safepoint region
[2023-11-15T20:06:20.599+0000][148.361s][info ][safepoint     ] Total time for which application threads were stopped: 0.0002472 seconds, Stopping threads took: 0.0000507 seconds
[2023-11-15T20:06:21.599+0000][149.361s][debug][safepoint     ] Safepoint synchronization initiated. (173 threads)
[2023-11-15T20:06:21.600+0000][149.361s][info ][safepoint     ] Application time: 1.0001914 seconds
[2023-11-15T20:06:21.600+0000][149.361s][info ][safepoint     ] Entering safepoint region: Cleanup
[2023-11-15T20:06:21.600+0000][149.361s][info ][safepoint     ] Leaving safepoint region
[2023-11-15T20:06:21.600+0000][149.361s][info ][safepoint     ] Total time for which application threads were stopped: 0.0002390 seconds, Stopping threads took: 0.0000365 seconds
[2023-11-15T20:06:22.600+0000][150.362s][debug][safepoint     ] Safepoint synchronization initiated. (173 threads)
[2023-11-15T20:06:22.600+0000][150.362s][info ][safepoint     ] Application time: 1.0001742 seconds
[2023-11-15T20:06:22.600+0000][150.362s][info ][safepoint     ] Entering safepoint region: Cleanup
[2023-11-15T20:06:22.600+0000][150.362s][info ][safepoint     ] Leaving safepoint region
[2023-11-15T20:06:22.600+0000][150.362s][info ][safepoint     ] Total time for which application threads were stopped: 0.0001759 seconds, Stopping threads took: 0.0000418 seconds
[2023-11-15T20:06:23.600+0000][151.362s][debug][safepoint     ] Safepoint synchronization initiated. (173 threads)
[2023-11-15T20:06:23.600+0000][151.362s][info ][safepoint     ] Application time: 1.0001508 seconds
[2023-11-15T20:06:23.600+0000][151.362s][info ][safepoint     ] Entering safepoint region: Cleanup
[2023-11-15T20:06:23.601+0000][151.362s][info ][safepoint     ] Leaving safepoint region
[2023-11-15T20:06:23.601+0000][151.362s][info ][safepoint     ] Total time for which application threads were stopped: 0.0002779 seconds, Stopping threads took: 0.0000521 seconds
[2023-11-15T20:06:24.601+0000][152.362s][debug][safepoint     ] Safepoint synchronization initiated. (173 threads)
[2023-11-15T20:06:24.601+0000][152.362s][info ][safepoint     ] Application time: 1.0001497 seconds
[2023-11-15T20:06:24.601+0000][152.363s][debug][safepoint     ] Waiting for 1 thread(s) to block
[2023-11-15T20:06:24.601+0000][152.363s][info ][safepoint     ] Entering safepoint region: Cleanup
[2023-11-15T20:06:24.601+0000][152.363s][info ][safepoint     ] Leaving safepoint region
[2023-11-15T20:06:24.601+0000][152.363s][info ][safepoint     ] Total time for which application threads were stopped: 0.0003179 seconds, Stopping threads took: 0.0001286 seconds
[2023-11-15T20:06:25.601+0000][153.363s][debug][safepoint     ] Safepoint synchronization initiated. (173 threads)
[2023-11-15T20:06:25.601+0000][153.363s][info ][safepoint     ] Application time: 1.0001843 seconds
[2023-11-15T20:06:25.601+0000][153.363s][info ][safepoint     ] Entering safepoint region: Cleanup
[2023-11-15T20:06:25.602+0000][153.363s][info ][safepoint     ] Leaving safepoint region
[2023-11-15T20:06:25.602+0000][153.363s][info ][safepoint     ] Total time for which application threads were stopped: 0.0003269 seconds, Stopping threads took: 0.0000505 seconds
[2023-11-15T20:06:26.602+0000][154.363s][debug][safepoint     ] Safepoint synchronization initiated. (173 threads)
[2023-11-15T20:06:26.602+0000][154.364s][info ][safepoint     ] Application time: 1.0001536 seconds
[2023-11-15T20:06:26.602+0000][154.364s][info ][safepoint     ] Entering safepoint region: Cleanup
[2023-11-15T20:06:26.602+0000][154.364s][info ][safepoint     ] Leaving safepoint region
[2023-11-15T20:06:26.602+0000][154.364s][info ][safepoint     ] Total time for which application threads were stopped: 0.0003391 seconds, Stopping threads took: 0.0000573 seconds
[2023-11-15T20:06:27.602+0000][155.364s][debug][safepoint     ] Safepoint synchronization initiated. (173 threads)
[2023-11-15T20:06:27.602+0000][155.364s][info ][safepoint     ] Application time: 1.0001480 seconds
[2023-11-15T20:06:27.602+0000][155.364s][info ][safepoint     ] Entering safepoint region: Cleanup
[2023-11-15T20:06:27.603+0000][155.364s][info ][safepoint     ] Leaving safepoint region
[2023-11-15T20:06:27.603+0000][155.364s][info ][safepoint     ] Total time for which application threads were stopped: 0.0003270 seconds, Stopping threads took: 0.0000505 seconds
[2023-11-15T20:06:28.603+0000][156.364s][debug][safepoint     ] Safepoint synchronization initiated. (173 threads)
[2023-11-15T20:06:28.603+0000][156.365s][info ][safepoint     ] Application time: 1.0001392 seconds
[2023-11-15T20:06:28.603+0000][156.365s][info ][safepoint     ] Entering safepoint region: Cleanup
[2023-11-15T20:06:28.603+0000][156.365s][info ][safepoint     ] Leaving safepoint region
[2023-11-15T20:06:28.603+0000][156.365s][info ][safepoint     ] Total time for which application threads were stopped: 0.0002544 seconds, Stopping threads took: 0.0000370 seconds
[2023-11-15T20:06:29.603+0000][157.365s][debug][safepoint     ] Safepoint synchronization initiated. (173 threads)
[2023-11-15T20:06:29.603+0000][157.365s][info ][safepoint     ] Application time: 1.0001409 seconds
[2023-11-15T20:06:29.603+0000][157.365s][info ][safepoint     ] Entering safepoint region: Cleanup
[2023-11-15T20:06:29.604+0000][157.365s][info ][safepoint     ] Leaving safepoint region
[2023-11-15T20:06:29.604+0000][157.365s][info ][safepoint     ] Total time for which application threads were stopped: 0.0003476 seconds, Stopping threads took: 0.0000509 seconds
[2023-11-15T20:06:30.604+0000][158.365s][debug][safepoint     ] Safepoint synchronization initiated. (173 threads)
[2023-11-15T20:06:30.604+0000][158.366s][info ][safepoint     ] Application time: 1.0001425 seconds
[2023-11-15T20:06:30.604+0000][158.366s][info ][safepoint     ] Entering safepoint region: Cleanup
[2023-11-15T20:06:30.604+0000][158.366s][info ][safepoint     ] Leaving safepoint region
[2023-11-15T20:06:30.604+0000][158.366s][info ][safepoint     ] Total time for which application threads were stopped: 0.0001679 seconds, Stopping threads took: 0.0000354 seconds
[2023-11-15T20:06:31.604+0000][159.366s][debug][safepoint     ] Safepoint synchronization initiated. (173 threads)
[2023-11-15T20:06:31.604+0000][159.366s][info ][safepoint     ] Application time: 1.0001582 seconds
[2023-11-15T20:06:31.604+0000][159.366s][info ][safepoint     ] Entering safepoint region: Cleanup
[2023-11-15T20:06:31.604+0000][159.366s][info ][safepoint     ] Leaving safepoint region
[2023-11-15T20:06:31.605+0000][159.366s][info ][safepoint     ] Total time for which application threads were stopped: 0.0002454 seconds, Stopping threads took: 0.0000512 seconds
[2023-11-15T20:06:35.605+0000][163.366s][debug][safepoint     ] Safepoint synchronization initiated. (170 threads)
[2023-11-15T20:06:35.605+0000][163.367s][info ][safepoint     ] Application time: 4.0003915 seconds
[2023-11-15T20:06:35.605+0000][163.367s][info ][safepoint     ] Entering safepoint region: Cleanup
[2023-11-15T20:06:35.605+0000][163.367s][info ][safepoint     ] Leaving safepoint region
[2023-11-15T20:06:35.605+0000][163.367s][info ][safepoint     ] Total time for which application threads were stopped: 0.0002769 seconds, Stopping threads took: 0.0000493 seconds
[2023-11-15T20:06:36.605+0000][164.367s][debug][safepoint     ] Safepoint synchronization initiated. (170 threads)
[2023-11-15T20:06:36.605+0000][164.367s][info ][safepoint     ] Application time: 1.0002694 seconds
[2023-11-15T20:06:36.606+0000][164.367s][info ][safepoint     ] Entering safepoint region: Cleanup
[2023-11-15T20:06:36.606+0000][164.367s][info ][safepoint     ] Leaving safepoint region
[2023-11-15T20:06:36.606+0000][164.368s][info ][safepoint     ] Total time for which application threads were stopped: 0.0003527 seconds, Stopping threads took: 0.0000704 seconds
[2023-11-15T20:06:39.820+0000][167.581s][debug][safepoint     ] Safepoint synchronization initiated. (170 threads)
[2023-11-15T20:06:39.820+0000][167.581s][info ][safepoint     ] Application time: 3.2137613 seconds
[2023-11-15T20:06:39.820+0000][167.581s][info ][safepoint     ] Entering safepoint region: G1CollectForAllocation
[2023-11-15T20:06:39.820+0000][167.582s][info ][gc,start      ] GC(39) Pause Young (Normal) (G1 Evacuation Pause)
[2023-11-15T20:06:39.820+0000][167.582s][info ][gc,task       ] GC(39) Using 4 workers of 4 for evacuation
[2023-11-15T20:06:39.877+0000][167.638s][info ][gc,phases     ] GC(39)   Pre Evacuate Collection Set: 0.0ms
[2023-11-15T20:06:39.877+0000][167.638s][info ][gc,phases     ] GC(39)   Evacuate Collection Set: 51.7ms
[2023-11-15T20:06:39.877+0000][167.638s][info ][gc,phases     ] GC(39)   Post Evacuate Collection Set: 4.5ms
[2023-11-15T20:06:39.877+0000][167.638s][info ][gc,phases     ] GC(39)   Other: 0.4ms
[2023-11-15T20:06:39.877+0000][167.638s][info ][gc,heap       ] GC(39) Eden regions: 444->0(445)
[2023-11-15T20:06:39.877+0000][167.638s][info ][gc,heap       ] GC(39) Survivor regions: 33->32(60)
[2023-11-15T20:06:39.877+0000][167.638s][info ][gc,heap       ] GC(39) Old regions: 111->116
[2023-11-15T20:06:39.877+0000][167.638s][info ][gc,heap       ] GC(39) Humongous regions: 0->0
[2023-11-15T20:06:39.877+0000][167.638s][info ][gc,metaspace  ] GC(39) Metaspace: 152124K(157244K)->152124K(157244K) NonClass: 134373K(137576K)->134373K(137576K) Class: 17751K(19668K)->17751K(19668K)
[2023-11-15T20:06:39.877+0000][167.638s][info ][gc            ] GC(39) Pause Young (Normal) (G1 Evacuation Pause) 586M->146M(795M) 56.848ms
[2023-11-15T20:06:39.877+0000][167.639s][info ][gc,cpu        ] GC(39) User=0.22s Sys=0.00s Real=0.05s
[2023-11-15T20:06:39.877+0000][167.639s][info ][safepoint     ] Leaving safepoint region
[2023-11-15T20:06:39.877+0000][167.639s][info ][safepoint     ] Total time for which application threads were stopped: 0.0573012 seconds, Stopping threads took: 0.0000487 seconds
[2023-11-15T20:06:39.877+0000][167.639s][info ][gc,stringdedup] Concurrent String Deduplication (167.639s)
[2023-11-15T20:06:39.880+0000][167.642s][info ][gc,stringdedup] Concurrent String Deduplication 584.8K->191.1K(393.7K) avg 53.9% (167.639s, 167.642s) 3.022ms
[2023-11-15T20:06:40.877+0000][168.639s][debug][safepoint     ] Safepoint synchronization initiated. (170 threads)
[2023-11-15T20:06:40.877+0000][168.639s][info ][safepoint     ] Application time: 1.0001867 seconds
[2023-11-15T20:06:40.877+0000][168.639s][info ][safepoint     ] Entering safepoint region: Cleanup
[2023-11-15T20:06:40.877+0000][168.639s][info ][safepoint     ] Leaving safepoint region
[2023-11-15T20:06:40.878+0000][168.639s][info ][safepoint     ] Total time for which application threads were stopped: 0.0003297 seconds, Stopping threads took: 0.0000477 seconds
[2023-11-15T20:06:44.878+0000][172.640s][debug][safepoint     ] Safepoint synchronization initiated. (170 threads)
[2023-11-15T20:06:44.878+0000][172.640s][info ][safepoint     ] Application time: 4.0004556 seconds
[2023-11-15T20:06:44.878+0000][172.640s][info ][safepoint     ] Entering safepoint region: Cleanup
[2023-11-15T20:06:44.878+0000][172.640s][info ][safepoint     ] Leaving safepoint region
[2023-11-15T20:06:44.878+0000][172.640s][info ][safepoint     ] Total time for which application threads were stopped: 0.0003267 seconds, Stopping threads took: 0.0000486 seconds
[2023-11-15T20:06:47.879+0000][175.640s][debug][safepoint     ] Safepoint synchronization initiated. (170 threads)
[2023-11-15T20:06:47.879+0000][175.640s][info ][safepoint     ] Application time: 3.0003403 seconds
[2023-11-15T20:06:47.879+0000][175.640s][info ][safepoint     ] Entering safepoint region: Cleanup
[2023-11-15T20:06:47.879+0000][175.641s][info ][safepoint     ] Leaving safepoint region
[2023-11-15T20:06:47.879+0000][175.641s][info ][safepoint     ] Total time for which application threads were stopped: 0.0003376 seconds, Stopping threads took: 0.0000479 seconds
[2023-11-15T20:07:00.880+0000][188.642s][debug][safepoint     ] Safepoint synchronization initiated. (170 threads)
[2023-11-15T20:07:00.880+0000][188.642s][info ][safepoint     ] Application time: 13.0012029 seconds
[2023-11-15T20:07:00.880+0000][188.642s][info ][safepoint     ] Entering safepoint region: Cleanup
[2023-11-15T20:07:00.881+0000][188.642s][info ][safepoint     ] Leaving safepoint region
[2023-11-15T20:07:00.881+0000][188.642s][info ][safepoint     ] Total time for which application threads were stopped: 0.0002928 seconds, Stopping threads took: 0.0000530 seconds
[2023-11-15T20:07:09.881+0000][197.643s][debug][safepoint     ] Safepoint synchronization initiated. (170 threads)
[2023-11-15T20:07:09.881+0000][197.643s][info ][safepoint     ] Application time: 9.0008415 seconds
[2023-11-15T20:07:09.882+0000][197.643s][info ][safepoint     ] Entering safepoint region: Cleanup
[2023-11-15T20:07:09.882+0000][197.643s][info ][safepoint     ] Leaving safepoint region
[2023-11-15T20:07:09.882+0000][197.643s][info ][safepoint     ] Total time for which application threads were stopped: 0.0002385 seconds, Stopping threads took: 0.0000492 seconds
[2023-11-15T20:07:13.882+0000][201.644s][debug][safepoint     ] Safepoint synchronization initiated. (170 threads)
[2023-11-15T20:07:13.882+0000][201.644s][info ][safepoint     ] Application time: 4.0003557 seconds
[2023-11-15T20:07:13.882+0000][201.644s][info ][safepoint     ] Entering safepoint region: Cleanup
[2023-11-15T20:07:13.882+0000][201.644s][info ][safepoint     ] Leaving safepoint region
[2023-11-15T20:07:13.882+0000][201.644s][info ][safepoint     ] Total time for which application threads were stopped: 0.0003247 seconds, Stopping threads took: 0.0000473 seconds
[2023-11-15T20:07:34.884+0000][222.646s][debug][safepoint     ] Safepoint synchronization initiated. (168 threads)
[2023-11-15T20:07:34.884+0000][222.646s][info ][safepoint     ] Application time: 21.0017642 seconds
[2023-11-15T20:07:34.884+0000][222.646s][info ][safepoint     ] Entering safepoint region: Cleanup
[2023-11-15T20:07:34.884+0000][222.646s][info ][safepoint     ] Leaving safepoint region
[2023-11-15T20:07:34.884+0000][222.646s][info ][safepoint     ] Total time for which application threads were stopped: 0.0002434 seconds, Stopping threads took: 0.0000470 seconds
[2023-11-15T20:07:35.885+0000][223.646s][debug][safepoint     ] Safepoint synchronization initiated. (168 threads)
[2023-11-15T20:07:35.885+0000][223.646s][info ][safepoint     ] Application time: 1.0001466 seconds
[2023-11-15T20:07:35.885+0000][223.646s][info ][safepoint     ] Entering safepoint region: Cleanup
[2023-11-15T20:07:35.885+0000][223.647s][info ][safepoint     ] Leaving safepoint region
[2023-11-15T20:07:35.885+0000][223.647s][info ][safepoint     ] Total time for which application threads were stopped: 0.0002495 seconds, Stopping threads took: 0.0000534 seconds
[2023-11-15T20:07:36.885+0000][224.647s][debug][safepoint     ] Safepoint synchronization initiated. (168 threads)
[2023-11-15T20:07:36.885+0000][224.647s][info ][safepoint     ] Application time: 1.0001562 seconds
[2023-11-15T20:07:36.885+0000][224.647s][info ][safepoint     ] Entering safepoint region: Cleanup
[2023-11-15T20:07:36.885+0000][224.647s][info ][safepoint     ] Leaving safepoint region
[2023-11-15T20:07:36.885+0000][224.647s][info ][safepoint     ] Total time for which application threads were stopped: 0.0003028 seconds, Stopping threads took: 0.0000508 seconds
[2023-11-15T20:07:44.886+0000][232.648s][debug][safepoint     ] Safepoint synchronization initiated. (168 threads)
[2023-11-15T20:07:44.886+0000][232.648s][info ][safepoint     ] Application time: 8.0007077 seconds
[2023-11-15T20:07:44.886+0000][232.648s][info ][safepoint     ] Entering safepoint region: Cleanup
[2023-11-15T20:07:44.886+0000][232.648s][info ][safepoint     ] Leaving safepoint region
[2023-11-15T20:07:44.886+0000][232.648s][info ][safepoint     ] Total time for which application threads were stopped: 0.0003140 seconds, Stopping threads took: 0.0000499 seconds
[2023-11-15T20:08:13.889+0000][261.651s][debug][safepoint     ] Safepoint synchronization initiated. (168 threads)
[2023-11-15T20:08:13.889+0000][261.651s][info ][safepoint     ] Application time: 29.0025546 seconds
[2023-11-15T20:08:13.889+0000][261.651s][info ][safepoint     ] Entering safepoint region: Cleanup
[2023-11-15T20:08:13.889+0000][261.651s][info ][safepoint     ] Leaving safepoint region
[2023-11-15T20:08:13.889+0000][261.651s][info ][safepoint     ] Total time for which application threads were stopped: 0.0002423 seconds, Stopping threads took: 0.0000483 seconds
[2023-11-15T20:08:15.889+0000][263.651s][debug][safepoint     ] Safepoint synchronization initiated. (168 threads)
[2023-11-15T20:08:15.890+0000][263.651s][info ][safepoint     ] Application time: 2.0002373 seconds
[2023-11-15T20:08:15.890+0000][263.651s][info ][safepoint     ] Entering safepoint region: Cleanup
[2023-11-15T20:08:15.890+0000][263.652s][info ][safepoint     ] Leaving safepoint region
[2023-11-15T20:08:15.890+0000][263.652s][info ][safepoint     ] Total time for which application threads were stopped: 0.0003475 seconds, Stopping threads took: 0.0000510 seconds
[2023-11-15T20:08:16.890+0000][264.652s][debug][safepoint     ] Safepoint synchronization initiated. (168 threads)
[2023-11-15T20:08:16.890+0000][264.652s][info ][safepoint     ] Application time: 1.0001518 seconds
[2023-11-15T20:08:16.890+0000][264.652s][info ][safepoint     ] Entering safepoint region: Cleanup
[2023-11-15T20:08:16.890+0000][264.652s][info ][safepoint     ] Leaving safepoint region
[2023-11-15T20:08:16.890+0000][264.652s][info ][safepoint     ] Total time for which application threads were stopped: 0.0003185 seconds, Stopping threads took: 0.0000457 seconds
[2023-11-15T20:08:24.891+0000][272.653s][debug][safepoint     ] Safepoint synchronization initiated. (168 threads)
[2023-11-15T20:08:24.891+0000][272.653s][info ][safepoint     ] Application time: 8.0008005 seconds
[2023-11-15T20:08:24.891+0000][272.653s][info ][safepoint     ] Entering safepoint region: Cleanup
[2023-11-15T20:08:24.892+0000][272.653s][info ][safepoint     ] Leaving safepoint region
[2023-11-15T20:08:24.892+0000][272.653s][info ][safepoint     ] Total time for which application threads were stopped: 0.0002983 seconds, Stopping threads took: 0.0000482 seconds
[2023-11-15T20:08:32.892+0000][280.654s][debug][safepoint     ] Safepoint synchronization initiated. (167 threads)
[2023-11-15T20:08:32.892+0000][280.654s][info ][safepoint     ] Application time: 8.0007201 seconds
[2023-11-15T20:08:32.892+0000][280.654s][info ][safepoint     ] Entering safepoint region: Cleanup
[2023-11-15T20:08:32.893+0000][280.654s][info ][safepoint     ] Leaving safepoint region
[2023-11-15T20:08:32.893+0000][280.654s][info ][safepoint     ] Total time for which application threads were stopped: 0.0003623 seconds, Stopping threads took: 0.0000489 seconds
[2023-11-15T20:08:33.893+0000][281.654s][debug][safepoint     ] Safepoint synchronization initiated. (167 threads)
[2023-11-15T20:08:33.893+0000][281.655s][info ][safepoint     ] Application time: 1.0001489 seconds
[2023-11-15T20:08:33.893+0000][281.655s][info ][safepoint     ] Entering safepoint region: Cleanup
[2023-11-15T20:08:33.893+0000][281.655s][info ][safepoint     ] Leaving safepoint region
[2023-11-15T20:08:33.893+0000][281.655s][info ][safepoint     ] Total time for which application threads were stopped: 0.0002402 seconds, Stopping threads took: 0.0000489 seconds
[2023-11-15T20:08:35.893+0000][283.655s][debug][safepoint     ] Safepoint synchronization initiated. (167 threads)
[2023-11-15T20:08:35.893+0000][283.655s][info ][safepoint     ] Application time: 2.0002561 seconds
[2023-11-15T20:08:35.893+0000][283.655s][info ][safepoint     ] Entering safepoint region: Cleanup
[2023-11-15T20:08:35.894+0000][283.655s][info ][safepoint     ] Leaving safepoint region
[2023-11-15T20:08:35.894+0000][283.655s][info ][safepoint     ] Total time for which application threads were stopped: 0.0003339 seconds, Stopping threads took: 0.0000483 seconds
[2023-11-15T20:08:37.894+0000][285.656s][debug][safepoint     ] Safepoint synchronization initiated. (167 threads)
[2023-11-15T20:08:37.894+0000][285.656s][info ][safepoint     ] Application time: 2.0002179 seconds
[2023-11-15T20:08:37.894+0000][285.656s][info ][safepoint     ] Entering safepoint region: Cleanup
[2023-11-15T20:08:37.894+0000][285.656s][info ][safepoint     ] Leaving safepoint region
[2023-11-15T20:08:37.894+0000][285.656s][info ][safepoint     ] Total time for which application threads were stopped: 0.0002771 seconds, Stopping threads took: 0.0000505 seconds
[2023-11-15T20:08:38.894+0000][286.656s][debug][safepoint     ] Safepoint synchronization initiated. (167 threads)
[2023-11-15T20:08:38.894+0000][286.656s][info ][safepoint     ] Application time: 1.0001250 seconds
[2023-11-15T20:08:38.894+0000][286.656s][info ][safepoint     ] Entering safepoint region: Cleanup
[2023-11-15T20:08:38.895+0000][286.656s][info ][safepoint     ] Leaving safepoint region
[2023-11-15T20:08:38.895+0000][286.656s][info ][safepoint     ] Total time for which application threads were stopped: 0.0003154 seconds, Stopping threads took: 0.0000478 seconds
[2023-11-15T20:08:39.895+0000][287.657s][debug][safepoint     ] Safepoint synchronization initiated. (167 threads)
[2023-11-15T20:08:39.895+0000][287.657s][info ][safepoint     ] Application time: 1.0001578 seconds
[2023-11-15T20:08:39.895+0000][287.657s][info ][safepoint     ] Entering safepoint region: Cleanup
[2023-11-15T20:08:39.895+0000][287.657s][info ][safepoint     ] Leaving safepoint region
[2023-11-15T20:08:39.895+0000][287.657s][info ][safepoint     ] Total time for which application threads were stopped: 0.0002242 seconds, Stopping threads took: 0.0000511 seconds
[2023-11-15T20:08:40.895+0000][288.657s][debug][safepoint     ] Safepoint synchronization initiated. (167 threads)
[2023-11-15T20:08:40.895+0000][288.657s][info ][safepoint     ] Application time: 1.0001400 seconds
[2023-11-15T20:08:40.895+0000][288.657s][info ][safepoint     ] Entering safepoint region: Cleanup
[2023-11-15T20:08:40.896+0000][288.657s][info ][safepoint     ] Leaving safepoint region
[2023-11-15T20:08:40.896+0000][288.657s][info ][safepoint     ] Total time for which application threads were stopped: 0.0004589 seconds, Stopping threads took: 0.0002449 seconds
[2023-11-15T20:08:41.896+0000][289.658s][debug][safepoint     ] Safepoint synchronization initiated. (167 threads)
[2023-11-15T20:08:41.896+0000][289.658s][info ][safepoint     ] Application time: 1.0001370 seconds
[2023-11-15T20:08:41.896+0000][289.658s][info ][safepoint     ] Entering safepoint region: Cleanup
[2023-11-15T20:08:41.896+0000][289.658s][info ][safepoint     ] Leaving safepoint region
[2023-11-15T20:08:41.896+0000][289.658s][info ][safepoint     ] Total time for which application threads were stopped: 0.0002902 seconds, Stopping threads took: 0.0000523 seconds
[2023-11-15T20:08:42.896+0000][290.658s][debug][safepoint     ] Safepoint synchronization initiated. (167 threads)
[2023-11-15T20:08:42.896+0000][290.658s][info ][safepoint     ] Application time: 1.0001471 seconds
[2023-11-15T20:08:42.897+0000][290.658s][info ][safepoint     ] Entering safepoint region: Cleanup
[2023-11-15T20:08:42.897+0000][290.658s][info ][safepoint     ] Leaving safepoint region
[2023-11-15T20:08:42.897+0000][290.658s][info ][safepoint     ] Total time for which application threads were stopped: 0.0003257 seconds, Stopping threads took: 0.0000477 seconds
[2023-11-15T20:08:43.897+0000][291.659s][debug][safepoint     ] Safepoint synchronization initiated. (167 threads)
[2023-11-15T20:08:43.897+0000][291.659s][info ][safepoint     ] Application time: 1.0001306 seconds
[2023-11-15T20:08:43.897+0000][291.659s][info ][safepoint     ] Entering safepoint region: Cleanup
[2023-11-15T20:08:43.897+0000][291.659s][info ][safepoint     ] Leaving safepoint region
[2023-11-15T20:08:43.897+0000][291.659s][info ][safepoint     ] Total time for which application threads were stopped: 0.0002881 seconds, Stopping threads took: 0.0000490 seconds
[2023-11-15T20:08:44.897+0000][292.659s][debug][safepoint     ] Safepoint synchronization initiated. (167 threads)
[2023-11-15T20:08:44.897+0000][292.659s][info ][safepoint     ] Application time: 1.0001748 seconds
[2023-11-15T20:08:44.898+0000][292.659s][info ][safepoint     ] Entering safepoint region: Cleanup
[2023-11-15T20:08:44.898+0000][292.659s][info ][safepoint     ] Leaving safepoint region
[2023-11-15T20:08:44.898+0000][292.659s][info ][safepoint     ] Total time for which application threads were stopped: 0.0002438 seconds, Stopping threads took: 0.0000487 seconds
[2023-11-15T20:08:45.898+0000][293.659s][debug][safepoint     ] Safepoint synchronization initiated. (167 threads)
[2023-11-15T20:08:45.898+0000][293.659s][info ][safepoint     ] Application time: 1.0001273 seconds
[2023-11-15T20:08:45.898+0000][293.660s][info ][safepoint     ] Entering safepoint region: Cleanup
[2023-11-15T20:08:45.898+0000][293.660s][info ][safepoint     ] Leaving safepoint region
[2023-11-15T20:08:45.898+0000][293.660s][info ][safepoint     ] Total time for which application threads were stopped: 0.0003087 seconds, Stopping threads took: 0.0000520 seconds
[2023-11-15T20:08:46.898+0000][294.660s][debug][safepoint     ] Safepoint synchronization initiated. (167 threads)
[2023-11-15T20:08:46.898+0000][294.660s][info ][safepoint     ] Application time: 1.0001479 seconds
[2023-11-15T20:08:46.898+0000][294.660s][info ][safepoint     ] Entering safepoint region: Cleanup
[2023-11-15T20:08:46.899+0000][294.660s][info ][safepoint     ] Leaving safepoint region
[2023-11-15T20:08:46.899+0000][294.660s][info ][safepoint     ] Total time for which application threads were stopped: 0.0003231 seconds, Stopping threads took: 0.0000514 seconds
[2023-11-15T20:08:47.899+0000][295.660s][debug][safepoint     ] Safepoint synchronization initiated. (167 threads)
[2023-11-15T20:08:47.899+0000][295.661s][info ][safepoint     ] Application time: 1.0001310 seconds
[2023-11-15T20:08:47.899+0000][295.661s][info ][safepoint     ] Entering safepoint region: Cleanup
[2023-11-15T20:08:47.899+0000][295.661s][info ][safepoint     ] Leaving safepoint region
[2023-11-15T20:08:47.899+0000][295.661s][info ][safepoint     ] Total time for which application threads were stopped: 0.0002715 seconds, Stopping threads took: 0.0000487 seconds
[2023-11-15T20:08:48.899+0000][296.661s][debug][safepoint     ] Safepoint synchronization initiated. (167 threads)
[2023-11-15T20:08:48.899+0000][296.661s][info ][safepoint     ] Application time: 1.0001459 seconds
[2023-11-15T20:08:48.899+0000][296.661s][info ][safepoint     ] Entering safepoint region: Cleanup
[2023-11-15T20:08:48.900+0000][296.661s][info ][safepoint     ] Leaving safepoint region
[2023-11-15T20:08:48.900+0000][296.661s][info ][safepoint     ] Total time for which application threads were stopped: 0.0003034 seconds, Stopping threads took: 0.0000487 seconds
[2023-11-15T20:08:49.900+0000][297.661s][debug][safepoint     ] Safepoint synchronization initiated. (167 threads)
[2023-11-15T20:08:49.900+0000][297.661s][info ][safepoint     ] Application time: 1.0001582 seconds
[2023-11-15T20:08:49.900+0000][297.662s][info ][safepoint     ] Entering safepoint region: Cleanup
[2023-11-15T20:08:49.900+0000][297.662s][info ][safepoint     ] Leaving safepoint region
[2023-11-15T20:08:49.900+0000][297.662s][info ][safepoint     ] Total time for which application threads were stopped: 0.0002798 seconds, Stopping threads took: 0.0000492 seconds
[2023-11-15T20:08:50.900+0000][298.662s][debug][safepoint     ] Safepoint synchronization initiated. (167 threads)
[2023-11-15T20:08:50.900+0000][298.662s][info ][safepoint     ] Application time: 1.0001447 seconds
[2023-11-15T20:08:50.900+0000][298.662s][info ][safepoint     ] Entering safepoint region: Cleanup
[2023-11-15T20:08:50.901+0000][298.662s][info ][safepoint     ] Leaving safepoint region
[2023-11-15T20:08:50.901+0000][298.662s][info ][safepoint     ] Total time for which application threads were stopped: 0.0003237 seconds, Stopping threads took: 0.0000499 seconds
[2023-11-15T20:08:51.901+0000][299.662s][debug][safepoint     ] Safepoint synchronization initiated. (167 threads)
[2023-11-15T20:08:51.901+0000][299.662s][info ][safepoint     ] Application time: 1.0001458 seconds
[2023-11-15T20:08:51.901+0000][299.662s][info ][safepoint     ] Entering safepoint region: Cleanup
[2023-11-15T20:08:51.901+0000][299.663s][info ][safepoint     ] Leaving safepoint region
[2023-11-15T20:08:51.901+0000][299.663s][info ][safepoint     ] Total time for which application threads were stopped: 0.0003465 seconds, Stopping threads took: 0.0000539 seconds
[2023-11-15T20:08:52.901+0000][300.663s][debug][safepoint     ] Safepoint synchronization initiated. (167 threads)
[2023-11-15T20:08:52.901+0000][300.663s][info ][safepoint     ] Application time: 1.0001500 seconds
[2023-11-15T20:08:52.901+0000][300.663s][info ][safepoint     ] Entering safepoint region: Cleanup
[2023-11-15T20:08:52.902+0000][300.663s][info ][safepoint     ] Leaving safepoint region
[2023-11-15T20:08:52.902+0000][300.663s][info ][safepoint     ] Total time for which application threads were stopped: 0.0003210 seconds, Stopping threads took: 0.0000475 seconds
[2023-11-15T20:08:53.902+0000][301.663s][debug][safepoint     ] Safepoint synchronization initiated. (167 threads)
[2023-11-15T20:08:53.902+0000][301.663s][info ][safepoint     ] Application time: 1.0001549 seconds
[2023-11-15T20:08:53.902+0000][301.664s][info ][safepoint     ] Entering safepoint region: Cleanup
[2023-11-15T20:08:53.902+0000][301.664s][info ][safepoint     ] Leaving safepoint region
[2023-11-15T20:08:53.902+0000][301.664s][info ][safepoint     ] Total time for which application threads were stopped: 0.0003046 seconds, Stopping threads took: 0.0000491 seconds
[2023-11-15T20:08:54.902+0000][302.664s][debug][safepoint     ] Safepoint synchronization initiated. (167 threads)
[2023-11-15T20:08:54.902+0000][302.664s][info ][safepoint     ] Application time: 1.0001604 seconds
[2023-11-15T20:08:54.902+0000][302.664s][info ][safepoint     ] Entering safepoint region: Cleanup
[2023-11-15T20:08:54.903+0000][302.664s][info ][safepoint     ] Leaving safepoint region
[2023-11-15T20:08:54.903+0000][302.664s][info ][safepoint     ] Total time for which application threads were stopped: 0.0002707 seconds, Stopping threads took: 0.0000528 seconds
[2023-11-15T20:08:55.903+0000][303.664s][debug][safepoint     ] Safepoint synchronization initiated. (167 threads)
[2023-11-15T20:08:55.903+0000][303.664s][info ][safepoint     ] Application time: 1.0001697 seconds
[2023-11-15T20:08:55.903+0000][303.665s][info ][safepoint     ] Entering safepoint region: Cleanup
[2023-11-15T20:08:55.903+0000][303.665s][info ][safepoint     ] Leaving safepoint region
[2023-11-15T20:08:55.903+0000][303.665s][info ][safepoint     ] Total time for which application threads were stopped: 0.0003731 seconds, Stopping threads took: 0.0000507 seconds
[2023-11-15T20:08:56.903+0000][304.665s][debug][safepoint     ] Safepoint synchronization initiated. (167 threads)
[2023-11-15T20:08:56.903+0000][304.665s][info ][safepoint     ] Application time: 1.0001596 seconds
[2023-11-15T20:08:56.903+0000][304.665s][info ][safepoint     ] Entering safepoint region: Cleanup
[2023-11-15T20:08:56.904+0000][304.665s][info ][safepoint     ] Leaving safepoint region
[2023-11-15T20:08:56.904+0000][304.665s][info ][safepoint     ] Total time for which application threads were stopped: 0.0004340 seconds, Stopping threads took: 0.0000792 seconds
[2023-11-15T20:08:57.904+0000][305.666s][debug][safepoint     ] Safepoint synchronization initiated. (167 threads)
[2023-11-15T20:08:57.904+0000][305.666s][info ][safepoint     ] Application time: 1.0001546 seconds
[2023-11-15T20:08:57.904+0000][305.666s][info ][safepoint     ] Entering safepoint region: Cleanup
[2023-11-15T20:08:57.904+0000][305.666s][info ][safepoint     ] Leaving safepoint region
[2023-11-15T20:08:57.904+0000][305.666s][info ][safepoint     ] Total time for which application threads were stopped: 0.0003761 seconds, Stopping threads took: 0.0000496 seconds
[2023-11-15T20:08:58.905+0000][306.666s][debug][safepoint     ] Safepoint synchronization initiated. (167 threads)
[2023-11-15T20:08:58.905+0000][306.666s][info ][safepoint     ] Application time: 1.0001757 seconds
[2023-11-15T20:08:58.905+0000][306.666s][info ][safepoint     ] Entering safepoint region: Cleanup
[2023-11-15T20:08:58.905+0000][306.667s][info ][safepoint     ] Leaving safepoint region
[2023-11-15T20:08:58.905+0000][306.667s][info ][safepoint     ] Total time for which application threads were stopped: 0.0002779 seconds, Stopping threads took: 0.0000513 seconds
[2023-11-15T20:08:59.905+0000][307.667s][debug][safepoint     ] Safepoint synchronization initiated. (167 threads)
[2023-11-15T20:08:59.905+0000][307.667s][info ][safepoint     ] Application time: 1.0001433 seconds
[2023-11-15T20:08:59.905+0000][307.667s][info ][safepoint     ] Entering safepoint region: Cleanup
[2023-11-15T20:08:59.905+0000][307.667s][info ][safepoint     ] Leaving safepoint region
[2023-11-15T20:08:59.905+0000][307.667s][info ][safepoint     ] Total time for which application threads were stopped: 0.0003265 seconds, Stopping threads took: 0.0000533 seconds
[2023-11-15T20:09:00.906+0000][308.667s][debug][safepoint     ] Safepoint synchronization initiated. (167 threads)
[2023-11-15T20:09:00.906+0000][308.667s][info ][safepoint     ] Application time: 1.0001435 seconds
[2023-11-15T20:09:00.906+0000][308.667s][info ][safepoint     ] Entering safepoint region: Cleanup
[2023-11-15T20:09:00.906+0000][308.668s][info ][safepoint     ] Leaving safepoint region
[2023-11-15T20:09:00.906+0000][308.668s][debug][safepoint     ] ... found polling page return exception at pc = 0x00007f693102dd76, stub =0x00007f692883a800
[2023-11-15T20:09:00.906+0000][308.668s][debug][safepoint     ] ... found polling page return exception at pc = 0x00007f693102dd76, stub =0x00007f692883a800
[2023-11-15T20:09:00.906+0000][308.668s][info ][safepoint     ] Total time for which application threads were stopped: 0.0003035 seconds, Stopping threads took: 0.0000488 seconds
[2023-11-15T20:09:01.906+0000][309.668s][debug][safepoint     ] Safepoint synchronization initiated. (167 threads)
[2023-11-15T20:09:01.906+0000][309.668s][info ][safepoint     ] Application time: 1.0001478 seconds
[2023-11-15T20:09:01.906+0000][309.668s][info ][safepoint     ] Entering safepoint region: Cleanup
[2023-11-15T20:09:01.907+0000][309.668s][info ][safepoint     ] Leaving safepoint region
[2023-11-15T20:09:01.907+0000][309.668s][info ][safepoint     ] Total time for which application threads were stopped: 0.0002964 seconds, Stopping threads took: 0.0000483 seconds
[2023-11-15T20:09:02.907+0000][310.668s][debug][safepoint     ] Safepoint synchronization initiated. (167 threads)
[2023-11-15T20:09:02.907+0000][310.668s][info ][safepoint     ] Application time: 1.0001441 seconds
[2023-11-15T20:09:02.907+0000][310.668s][info ][safepoint     ] Entering safepoint region: Cleanup
[2023-11-15T20:09:02.907+0000][310.669s][info ][safepoint     ] Leaving safepoint region
[2023-11-15T20:09:02.907+0000][310.669s][info ][safepoint     ] Total time for which application threads were stopped: 0.0003318 seconds, Stopping threads took: 0.0000496 seconds
[2023-11-15T20:09:03.907+0000][311.669s][debug][safepoint     ] Safepoint synchronization initiated. (167 threads)
[2023-11-15T20:09:03.907+0000][311.669s][info ][safepoint     ] Application time: 1.0001691 seconds
[2023-11-15T20:09:03.907+0000][311.669s][info ][safepoint     ] Entering safepoint region: Cleanup
[2023-11-15T20:09:03.908+0000][311.669s][info ][safepoint     ] Leaving safepoint region
[2023-11-15T20:09:03.908+0000][311.669s][info ][safepoint     ] Total time for which application threads were stopped: 0.0002879 seconds, Stopping threads took: 0.0000474 seconds
[2023-11-15T20:09:04.908+0000][312.669s][debug][safepoint     ] Safepoint synchronization initiated. (167 threads)
[2023-11-15T20:09:04.908+0000][312.669s][info ][safepoint     ] Application time: 1.0001382 seconds
[2023-11-15T20:09:04.908+0000][312.669s][info ][safepoint     ] Entering safepoint region: Cleanup
[2023-11-15T20:09:04.908+0000][312.670s][info ][safepoint     ] Leaving safepoint region
[2023-11-15T20:09:04.908+0000][312.670s][info ][safepoint     ] Total time for which application threads were stopped: 0.0003292 seconds, Stopping threads took: 0.0000502 seconds
[2023-11-15T20:09:05.908+0000][313.670s][debug][safepoint     ] Safepoint synchronization initiated. (167 threads)
[2023-11-15T20:09:05.908+0000][313.670s][info ][safepoint     ] Application time: 1.0001456 seconds
[2023-11-15T20:09:05.908+0000][313.670s][info ][safepoint     ] Entering safepoint region: Cleanup
[2023-11-15T20:09:05.909+0000][313.670s][info ][safepoint     ] Leaving safepoint region
[2023-11-15T20:09:05.909+0000][313.670s][info ][safepoint     ] Total time for which application threads were stopped: 0.0002941 seconds, Stopping threads took: 0.0000481 seconds
[2023-11-15T20:09:06.909+0000][314.670s][debug][safepoint     ] Safepoint synchronization initiated. (167 threads)
[2023-11-15T20:09:06.909+0000][314.670s][info ][safepoint     ] Application time: 1.0001486 seconds
[2023-11-15T20:09:06.909+0000][314.670s][info ][safepoint     ] Entering safepoint region: Cleanup
[2023-11-15T20:09:06.909+0000][314.671s][info ][safepoint     ] Leaving safepoint region
[2023-11-15T20:09:06.909+0000][314.671s][info ][safepoint     ] Total time for which application threads were stopped: 0.0003954 seconds, Stopping threads took: 0.0000663 seconds
[2023-11-15T20:09:07.909+0000][315.671s][debug][safepoint     ] Safepoint synchronization initiated. (167 threads)
[2023-11-15T20:09:07.909+0000][315.671s][info ][safepoint     ] Application time: 1.0001372 seconds
[2023-11-15T20:09:07.909+0000][315.671s][info ][safepoint     ] Entering safepoint region: Cleanup
[2023-11-15T20:09:07.910+0000][315.671s][info ][safepoint     ] Leaving safepoint region
[2023-11-15T20:09:07.910+0000][315.671s][info ][safepoint     ] Total time for which application threads were stopped: 0.0002426 seconds, Stopping threads took: 0.0000499 seconds
[2023-11-15T20:09:08.910+0000][316.671s][debug][safepoint     ] Safepoint synchronization initiated. (167 threads)
[2023-11-15T20:09:08.910+0000][316.671s][info ][safepoint     ] Application time: 1.0001330 seconds
[2023-11-15T20:09:08.910+0000][316.671s][info ][safepoint     ] Entering safepoint region: Cleanup
[2023-11-15T20:09:08.910+0000][316.672s][info ][safepoint     ] Leaving safepoint region
[2023-11-15T20:09:08.910+0000][316.672s][info ][safepoint     ] Total time for which application threads were stopped: 0.0003297 seconds, Stopping threads took: 0.0000505 seconds
[2023-11-15T20:09:09.910+0000][317.672s][debug][safepoint     ] Safepoint synchronization initiated. (167 threads)
[2023-11-15T20:09:09.910+0000][317.672s][info ][safepoint     ] Application time: 1.0001507 seconds
[2023-11-15T20:09:09.910+0000][317.672s][info ][safepoint     ] Entering safepoint region: Cleanup
[2023-11-15T20:09:09.911+0000][317.672s][info ][safepoint     ] Leaving safepoint region
[2023-11-15T20:09:09.911+0000][317.672s][info ][safepoint     ] Total time for which application threads were stopped: 0.0003275 seconds, Stopping threads took: 0.0000484 seconds
[2023-11-15T20:09:10.911+0000][318.672s][debug][safepoint     ] Safepoint synchronization initiated. (167 threads)
[2023-11-15T20:09:10.911+0000][318.672s][info ][safepoint     ] Application time: 1.0001572 seconds
[2023-11-15T20:09:10.911+0000][318.672s][info ][safepoint     ] Entering safepoint region: Cleanup
[2023-11-15T20:09:10.911+0000][318.673s][info ][safepoint     ] Leaving safepoint region
[2023-11-15T20:09:10.911+0000][318.673s][info ][safepoint     ] Total time for which application threads were stopped: 0.0003329 seconds, Stopping threads took: 0.0000516 seconds
[2023-11-15T20:09:11.911+0000][319.673s][debug][safepoint     ] Safepoint synchronization initiated. (167 threads)
[2023-11-15T20:09:11.911+0000][319.673s][info ][safepoint     ] Application time: 1.0001540 seconds
[2023-11-15T20:09:11.911+0000][319.673s][info ][safepoint     ] Entering safepoint region: Cleanup
[2023-11-15T20:09:11.912+0000][319.673s][info ][safepoint     ] Leaving safepoint region
[2023-11-15T20:09:11.912+0000][319.673s][info ][safepoint     ] Total time for which application threads were stopped: 0.0003435 seconds, Stopping threads took: 0.0000465 seconds
[2023-11-15T20:09:12.912+0000][320.673s][debug][safepoint     ] Safepoint synchronization initiated. (167 threads)
[2023-11-15T20:09:12.912+0000][320.673s][info ][safepoint     ] Application time: 1.0001415 seconds
[2023-11-15T20:09:12.912+0000][320.673s][info ][safepoint     ] Entering safepoint region: Cleanup
[2023-11-15T20:09:12.912+0000][320.674s][info ][safepoint     ] Leaving safepoint region
[2023-11-15T20:09:12.912+0000][320.674s][info ][safepoint     ] Total time for which application threads were stopped: 0.0003268 seconds, Stopping threads took: 0.0000479 seconds
[2023-11-15T20:09:13.912+0000][321.674s][debug][safepoint     ] Safepoint synchronization initiated. (167 threads)
[2023-11-15T20:09:13.912+0000][321.674s][info ][safepoint     ] Application time: 1.0001424 seconds
[2023-11-15T20:09:13.912+0000][321.674s][info ][safepoint     ] Entering safepoint region: Cleanup
[2023-11-15T20:09:13.913+0000][321.674s][info ][safepoint     ] Leaving safepoint region
[2023-11-15T20:09:13.913+0000][321.674s][info ][safepoint     ] Total time for which application threads were stopped: 0.0003019 seconds, Stopping threads took: 0.0000728 seconds
[2023-11-15T20:09:14.913+0000][322.674s][debug][safepoint     ] Safepoint synchronization initiated. (167 threads)
[2023-11-15T20:09:14.913+0000][322.674s][info ][safepoint     ] Application time: 1.0001437 seconds
[2023-11-15T20:09:14.913+0000][322.674s][info ][safepoint     ] Entering safepoint region: Cleanup
[2023-11-15T20:09:14.913+0000][322.675s][info ][safepoint     ] Leaving safepoint region
[2023-11-15T20:09:14.913+0000][322.675s][info ][safepoint     ] Total time for which application threads were stopped: 0.0002923 seconds, Stopping threads took: 0.0000475 seconds
[2023-11-15T20:09:14.913+0000][322.675s][debug][safepoint     ] ... found polling page return exception at pc = 0x00007f693102dd76, stub =0x00007f692883a800
[2023-11-15T20:09:14.913+0000][322.675s][debug][safepoint     ] ... found polling page return exception at pc = 0x00007f693102dd76, stub =0x00007f692883a800
[2023-11-15T20:09:14.913+0000][322.675s][debug][safepoint     ] ... found polling page return exception at pc = 0x00007f693102dd76, stub =0x00007f692883a800
[2023-11-15T20:09:15.913+0000][323.675s][debug][safepoint     ] Safepoint synchronization initiated. (167 threads)
[2023-11-15T20:09:15.913+0000][323.675s][info ][safepoint     ] Application time: 1.0001693 seconds
[2023-11-15T20:09:15.913+0000][323.675s][info ][safepoint     ] Entering safepoint region: Cleanup
[2023-11-15T20:09:15.914+0000][323.675s][info ][safepoint     ] Leaving safepoint region
[2023-11-15T20:09:15.914+0000][323.675s][info ][safepoint     ] Total time for which application threads were stopped: 0.0002771 seconds, Stopping threads took: 0.0000502 seconds
[2023-11-15T20:09:15.914+0000][323.675s][debug][safepoint     ] ... found polling page return exception at pc = 0x00007f693102dd76, stub =0x00007f692883a800
[2023-11-15T20:09:16.914+0000][324.675s][debug][safepoint     ] Safepoint synchronization initiated. (167 threads)
[2023-11-15T20:09:16.914+0000][324.675s][info ][safepoint     ] Application time: 1.0001505 seconds
[2023-11-15T20:09:16.914+0000][324.675s][info ][safepoint     ] Entering safepoint region: Cleanup
[2023-11-15T20:09:16.914+0000][324.676s][info ][safepoint     ] Leaving safepoint region
[2023-11-15T20:09:16.914+0000][324.676s][info ][safepoint     ] Total time for which application threads were stopped: 0.0003286 seconds, Stopping threads took: 0.0000478 seconds
[2023-11-15T20:09:17.914+0000][325.676s][debug][safepoint     ] Safepoint synchronization initiated. (167 threads)
[2023-11-15T20:09:17.914+0000][325.676s][info ][safepoint     ] Application time: 1.0001680 seconds
[2023-11-15T20:09:17.914+0000][325.676s][info ][safepoint     ] Entering safepoint region: Cleanup
[2023-11-15T20:09:17.914+0000][325.676s][info ][safepoint     ] Leaving safepoint region
[2023-11-15T20:09:17.915+0000][325.676s][info ][safepoint     ] Total time for which application threads were stopped: 0.0002442 seconds, Stopping threads took: 0.0000491 seconds
[2023-11-15T20:09:18.915+0000][326.676s][debug][safepoint     ] Safepoint synchronization initiated. (167 threads)
[2023-11-15T20:09:18.915+0000][326.676s][info ][safepoint     ] Application time: 1.0001345 seconds
[2023-11-15T20:09:18.915+0000][326.676s][info ][safepoint     ] Entering safepoint region: Cleanup
[2023-11-15T20:09:18.915+0000][326.677s][info ][safepoint     ] Leaving safepoint region
[2023-11-15T20:09:18.915+0000][326.677s][info ][safepoint     ] Total time for which application threads were stopped: 0.0003256 seconds, Stopping threads took: 0.0000486 seconds
[2023-11-15T20:09:19.915+0000][327.677s][debug][safepoint     ] Safepoint synchronization initiated. (167 threads)
[2023-11-15T20:09:19.915+0000][327.677s][info ][safepoint     ] Application time: 1.0001588 seconds
[2023-11-15T20:09:19.915+0000][327.677s][info ][safepoint     ] Entering safepoint region: Cleanup
[2023-11-15T20:09:19.916+0000][327.677s][info ][safepoint     ] Leaving safepoint region
[2023-11-15T20:09:19.916+0000][327.677s][info ][safepoint     ] Total time for which application threads were stopped: 0.0003476 seconds, Stopping threads took: 0.0000707 seconds
[2023-11-15T20:09:20.916+0000][328.677s][debug][safepoint     ] Safepoint synchronization initiated. (167 threads)
[2023-11-15T20:09:20.916+0000][328.677s][info ][safepoint     ] Application time: 1.0001397 seconds
[2023-11-15T20:09:20.916+0000][328.677s][info ][safepoint     ] Entering safepoint region: Cleanup
[2023-11-15T20:09:20.916+0000][328.678s][info ][safepoint     ] Leaving safepoint region
[2023-11-15T20:09:20.916+0000][328.678s][info ][safepoint     ] Total time for which application threads were stopped: 0.0003331 seconds, Stopping threads took: 0.0000495 seconds
[2023-11-15T20:09:21.916+0000][329.678s][debug][safepoint     ] Safepoint synchronization initiated. (167 threads)
[2023-11-15T20:09:21.916+0000][329.678s][info ][safepoint     ] Application time: 1.0001446 seconds
[2023-11-15T20:09:21.916+0000][329.678s][info ][safepoint     ] Entering safepoint region: Cleanup
[2023-11-15T20:09:21.916+0000][329.678s][info ][safepoint     ] Leaving safepoint region
[2023-11-15T20:09:21.916+0000][329.678s][info ][safepoint     ] Total time for which application threads were stopped: 0.0002432 seconds, Stopping threads took: 0.0000492 seconds
[2023-11-15T20:09:22.917+0000][330.678s][debug][safepoint     ] Safepoint synchronization initiated. (167 threads)
[2023-11-15T20:09:22.917+0000][330.678s][info ][safepoint     ] Application time: 1.0001268 seconds
[2023-11-15T20:09:22.917+0000][330.678s][info ][safepoint     ] Entering safepoint region: Cleanup
[2023-11-15T20:09:22.917+0000][330.679s][info ][safepoint     ] Leaving safepoint region
[2023-11-15T20:09:22.917+0000][330.679s][info ][safepoint     ] Total time for which application threads were stopped: 0.0003299 seconds, Stopping threads took: 0.0000487 seconds
[2023-11-15T20:09:23.917+0000][331.679s][debug][safepoint     ] Safepoint synchronization initiated. (167 threads)
[2023-11-15T20:09:23.917+0000][331.679s][info ][safepoint     ] Application time: 1.0001635 seconds
[2023-11-15T20:09:23.917+0000][331.679s][info ][safepoint     ] Entering safepoint region: Cleanup
[2023-11-15T20:09:23.917+0000][331.679s][info ][safepoint     ] Leaving safepoint region
[2023-11-15T20:09:23.918+0000][331.679s][info ][safepoint     ] Total time for which application threads were stopped: 0.0003334 seconds, Stopping threads took: 0.0000555 seconds
[2023-11-15T20:09:24.918+0000][332.679s][debug][safepoint     ] Safepoint synchronization initiated. (167 threads)
[2023-11-15T20:09:24.918+0000][332.679s][info ][safepoint     ] Application time: 1.0001523 seconds
[2023-11-15T20:09:24.918+0000][332.679s][info ][safepoint     ] Entering safepoint region: Cleanup
[2023-11-15T20:09:24.918+0000][332.680s][info ][safepoint     ] Leaving safepoint region
[2023-11-15T20:09:24.918+0000][332.680s][info ][safepoint     ] Total time for which application threads were stopped: 0.0003307 seconds, Stopping threads took: 0.0000473 seconds
[2023-11-15T20:09:25.918+0000][333.680s][debug][safepoint     ] Safepoint synchronization initiated. (167 threads)
[2023-11-15T20:09:25.918+0000][333.680s][info ][safepoint     ] Application time: 1.0001617 seconds
[2023-11-15T20:09:25.918+0000][333.680s][info ][safepoint     ] Entering safepoint region: Cleanup
[2023-11-15T20:09:25.919+0000][333.680s][info ][safepoint     ] Leaving safepoint region
[2023-11-15T20:09:25.919+0000][333.680s][info ][safepoint     ] Total time for which application threads were stopped: 0.0003316 seconds, Stopping threads took: 0.0000503 seconds
[2023-11-15T20:09:26.919+0000][334.680s][debug][safepoint     ] Safepoint synchronization initiated. (167 threads)
[2023-11-15T20:09:26.919+0000][334.680s][info ][safepoint     ] Application time: 1.0001590 seconds
[2023-11-15T20:09:26.919+0000][334.680s][info ][safepoint     ] Entering safepoint region: Cleanup
[2023-11-15T20:09:26.919+0000][334.681s][info ][safepoint     ] Leaving safepoint region
[2023-11-15T20:09:26.919+0000][334.681s][info ][safepoint     ] Total time for which application threads were stopped: 0.0003459 seconds, Stopping threads took: 0.0000695 seconds
[2023-11-15T20:09:27.919+0000][335.681s][debug][safepoint     ] Safepoint synchronization initiated. (167 threads)
[2023-11-15T20:09:27.919+0000][335.681s][info ][safepoint     ] Application time: 1.0001385 seconds
[2023-11-15T20:09:27.919+0000][335.681s][info ][safepoint     ] Entering safepoint region: Cleanup
[2023-11-15T20:09:27.920+0000][335.681s][info ][safepoint     ] Leaving safepoint region
[2023-11-15T20:09:27.920+0000][335.681s][info ][safepoint     ] Total time for which application threads were stopped: 0.0003234 seconds, Stopping threads took: 0.0000481 seconds
[2023-11-15T20:09:28.920+0000][336.681s][debug][safepoint     ] Safepoint synchronization initiated. (167 threads)
[2023-11-15T20:09:28.920+0000][336.681s][info ][safepoint     ] Application time: 1.0001412 seconds
[2023-11-15T20:09:28.920+0000][336.681s][info ][safepoint     ] Entering safepoint region: Cleanup
[2023-11-15T20:09:28.920+0000][336.682s][info ][safepoint     ] Leaving safepoint region
[2023-11-15T20:09:28.920+0000][336.682s][info ][safepoint     ] Total time for which application threads were stopped: 0.0002034 seconds, Stopping threads took: 0.0000520 seconds
[2023-11-15T20:09:29.920+0000][337.682s][debug][safepoint     ] Safepoint synchronization initiated. (167 threads)
[2023-11-15T20:09:29.920+0000][337.682s][info ][safepoint     ] Application time: 1.0001677 seconds
[2023-11-15T20:09:29.920+0000][337.682s][info ][safepoint     ] Entering safepoint region: Cleanup
[2023-11-15T20:09:29.920+0000][337.682s][info ][safepoint     ] Leaving safepoint region
[2023-11-15T20:09:29.921+0000][337.682s][info ][safepoint     ] Total time for which application threads were stopped: 0.0003330 seconds, Stopping threads took: 0.0000497 seconds
[2023-11-15T20:09:30.921+0000][338.682s][debug][safepoint     ] Safepoint synchronization initiated. (167 threads)
[2023-11-15T20:09:30.921+0000][338.682s][info ][safepoint     ] Application time: 1.0001615 seconds
[2023-11-15T20:09:30.921+0000][338.682s][info ][safepoint     ] Entering safepoint region: Cleanup
[2023-11-15T20:09:30.921+0000][338.683s][info ][safepoint     ] Leaving safepoint region
[2023-11-15T20:09:30.921+0000][338.683s][info ][safepoint     ] Total time for which application threads were stopped: 0.0003388 seconds, Stopping threads took: 0.0000523 seconds
[2023-11-15T20:09:31.921+0000][339.683s][debug][safepoint     ] Safepoint synchronization initiated. (167 threads)
[2023-11-15T20:09:31.921+0000][339.683s][info ][safepoint     ] Application time: 1.0001502 seconds
[2023-11-15T20:09:31.921+0000][339.683s][info ][safepoint     ] Entering safepoint region: Cleanup
[2023-11-15T20:09:31.922+0000][339.683s][info ][safepoint     ] Leaving safepoint region
[2023-11-15T20:09:31.922+0000][339.683s][info ][safepoint     ] Total time for which application threads were stopped: 0.0003354 seconds, Stopping threads took: 0.0000493 seconds
[2023-11-15T20:09:32.922+0000][340.683s][debug][safepoint     ] Safepoint synchronization initiated. (166 threads)
[2023-11-15T20:09:32.922+0000][340.683s][info ][safepoint     ] Application time: 1.0001635 seconds
[2023-11-15T20:09:32.922+0000][340.683s][info ][safepoint     ] Entering safepoint region: Cleanup
[2023-11-15T20:09:32.922+0000][340.684s][info ][safepoint     ] Leaving safepoint region
[2023-11-15T20:09:32.922+0000][340.684s][info ][safepoint     ] Total time for which application threads were stopped: 0.0003668 seconds, Stopping threads took: 0.0000534 seconds
[2023-11-15T20:09:33.922+0000][341.684s][debug][safepoint     ] Safepoint synchronization initiated. (166 threads)
[2023-11-15T20:09:33.922+0000][341.684s][info ][safepoint     ] Application time: 1.0001686 seconds
[2023-11-15T20:09:33.922+0000][341.684s][info ][safepoint     ] Entering safepoint region: Cleanup
[2023-11-15T20:09:33.923+0000][341.684s][info ][safepoint     ] Leaving safepoint region
[2023-11-15T20:09:33.923+0000][341.684s][info ][safepoint     ] Total time for which application threads were stopped: 0.0003644 seconds, Stopping threads took: 0.0000760 seconds
[2023-11-15T20:09:34.923+0000][342.684s][debug][safepoint     ] Safepoint synchronization initiated. (166 threads)
[2023-11-15T20:09:34.923+0000][342.685s][info ][safepoint     ] Application time: 1.0001680 seconds
[2023-11-15T20:09:34.923+0000][342.685s][info ][safepoint     ] Entering safepoint region: Cleanup
[2023-11-15T20:09:34.923+0000][342.685s][info ][safepoint     ] Leaving safepoint region
[2023-11-15T20:09:34.923+0000][342.685s][info ][safepoint     ] Total time for which application threads were stopped: 0.0003577 seconds, Stopping threads took: 0.0000532 seconds
[2023-11-15T20:09:35.923+0000][343.685s][debug][safepoint     ] Safepoint synchronization initiated. (166 threads)
[2023-11-15T20:09:35.923+0000][343.685s][info ][safepoint     ] Application time: 1.0001798 seconds
[2023-11-15T20:09:35.924+0000][343.685s][info ][safepoint     ] Entering safepoint region: Cleanup
[2023-11-15T20:09:35.924+0000][343.685s][info ][safepoint     ] Leaving safepoint region
[2023-11-15T20:09:35.924+0000][343.685s][info ][safepoint     ] Total time for which application threads were stopped: 0.0003443 seconds, Stopping threads took: 0.0000510 seconds
[2023-11-15T20:09:36.924+0000][344.686s][debug][safepoint     ] Safepoint synchronization initiated. (166 threads)
[2023-11-15T20:09:36.924+0000][344.686s][info ][safepoint     ] Application time: 1.0001627 seconds
[2023-11-15T20:09:36.924+0000][344.686s][info ][safepoint     ] Entering safepoint region: Cleanup
[2023-11-15T20:09:36.924+0000][344.686s][info ][safepoint     ] Leaving safepoint region
[2023-11-15T20:09:36.924+0000][344.686s][info ][safepoint     ] Total time for which application threads were stopped: 0.0003512 seconds, Stopping threads took: 0.0000480 seconds
[2023-11-15T20:09:37.924+0000][345.686s][debug][safepoint     ] Safepoint synchronization initiated. (166 threads)
[2023-11-15T20:09:37.925+0000][345.686s][info ][safepoint     ] Application time: 1.0001580 seconds
[2023-11-15T20:09:37.925+0000][345.686s][info ][safepoint     ] Entering safepoint region: Cleanup
[2023-11-15T20:09:37.925+0000][345.686s][info ][safepoint     ] Leaving safepoint region
[2023-11-15T20:09:37.925+0000][345.687s][info ][safepoint     ] Total time for which application threads were stopped: 0.0002810 seconds, Stopping threads took: 0.0000601 seconds
[2023-11-15T20:09:38.925+0000][346.687s][debug][safepoint     ] Safepoint synchronization initiated. (166 threads)
[2023-11-15T20:09:38.925+0000][346.687s][info ][safepoint     ] Application time: 1.0001610 seconds
[2023-11-15T20:09:38.925+0000][346.687s][info ][safepoint     ] Entering safepoint region: Cleanup
[2023-11-15T20:09:38.925+0000][346.687s][info ][safepoint     ] Leaving safepoint region
[2023-11-15T20:09:38.925+0000][346.687s][info ][safepoint     ] Total time for which application threads were stopped: 0.0002815 seconds, Stopping threads took: 0.0000567 seconds
[2023-11-15T20:09:39.925+0000][347.687s][debug][safepoint     ] Safepoint synchronization initiated. (166 threads)
[2023-11-15T20:09:39.926+0000][347.687s][info ][safepoint     ] Application time: 1.0001695 seconds
[2023-11-15T20:09:39.926+0000][347.687s][info ][safepoint     ] Entering safepoint region: Cleanup
[2023-11-15T20:09:39.926+0000][347.687s][info ][safepoint     ] Leaving safepoint region
[2023-11-15T20:09:39.926+0000][347.688s][info ][safepoint     ] Total time for which application threads were stopped: 0.0003400 seconds, Stopping threads took: 0.0000533 seconds
[2023-11-15T20:09:40.926+0000][348.688s][debug][safepoint     ] Safepoint synchronization initiated. (166 threads)
[2023-11-15T20:09:40.926+0000][348.688s][info ][safepoint     ] Application time: 1.0001768 seconds
[2023-11-15T20:09:40.926+0000][348.688s][info ][safepoint     ] Entering safepoint region: Cleanup
[2023-11-15T20:09:40.926+0000][348.688s][info ][safepoint     ] Leaving safepoint region
[2023-11-15T20:09:40.926+0000][348.688s][info ][safepoint     ] Total time for which application threads were stopped: 0.0003662 seconds, Stopping threads took: 0.0000559 seconds
[2023-11-15T20:09:41.927+0000][349.688s][debug][safepoint     ] Safepoint synchronization initiated. (166 threads)
[2023-11-15T20:09:41.927+0000][349.688s][info ][safepoint     ] Application time: 1.0001674 seconds
[2023-11-15T20:09:41.927+0000][349.688s][info ][safepoint     ] Entering safepoint region: Cleanup
[2023-11-15T20:09:41.927+0000][349.689s][info ][safepoint     ] Leaving safepoint region
[2023-11-15T20:09:41.927+0000][349.689s][info ][safepoint     ] Total time for which application threads were stopped: 0.0003309 seconds, Stopping threads took: 0.0000475 seconds
[2023-11-15T20:09:42.927+0000][350.689s][debug][safepoint     ] Safepoint synchronization initiated. (166 threads)
[2023-11-15T20:09:42.927+0000][350.689s][info ][safepoint     ] Application time: 1.0001718 seconds
[2023-11-15T20:09:42.927+0000][350.689s][info ][safepoint     ] Entering safepoint region: Cleanup
[2023-11-15T20:09:42.928+0000][350.689s][info ][safepoint     ] Leaving safepoint region
[2023-11-15T20:09:42.928+0000][350.689s][info ][safepoint     ] Total time for which application threads were stopped: 0.0003212 seconds, Stopping threads took: 0.0000680 seconds
[2023-11-15T20:09:43.928+0000][351.689s][debug][safepoint     ] Safepoint synchronization initiated. (166 threads)
[2023-11-15T20:09:43.928+0000][351.689s][info ][safepoint     ] Application time: 1.0001478 seconds
[2023-11-15T20:09:43.928+0000][351.689s][info ][safepoint     ] Entering safepoint region: Cleanup
[2023-11-15T20:09:43.928+0000][351.690s][info ][safepoint     ] Leaving safepoint region
[2023-11-15T20:09:43.928+0000][351.690s][info ][safepoint     ] Total time for which application threads were stopped: 0.0003232 seconds, Stopping threads took: 0.0000469 seconds
[2023-11-15T20:09:44.928+0000][352.690s][debug][safepoint     ] Safepoint synchronization initiated. (166 threads)
[2023-11-15T20:09:44.928+0000][352.690s][info ][safepoint     ] Application time: 1.0001465 seconds
[2023-11-15T20:09:44.928+0000][352.690s][info ][safepoint     ] Entering safepoint region: Cleanup
[2023-11-15T20:09:44.929+0000][352.690s][info ][safepoint     ] Leaving safepoint region
[2023-11-15T20:09:44.929+0000][352.690s][info ][safepoint     ] Total time for which application threads were stopped: 0.0003421 seconds, Stopping threads took: 0.0000534 seconds
[2023-11-15T20:09:45.929+0000][353.690s][debug][safepoint     ] Safepoint synchronization initiated. (166 threads)
[2023-11-15T20:09:45.929+0000][353.690s][info ][safepoint     ] Application time: 1.0001620 seconds
[2023-11-15T20:09:45.929+0000][353.690s][info ][safepoint     ] Entering safepoint region: Cleanup
[2023-11-15T20:09:45.929+0000][353.691s][info ][safepoint     ] Leaving safepoint region
[2023-11-15T20:09:45.929+0000][353.691s][info ][safepoint     ] Total time for which application threads were stopped: 0.0005324 seconds, Stopping threads took: 0.0002631 seconds
[2023-11-15T20:09:46.929+0000][354.691s][debug][safepoint     ] Safepoint synchronization initiated. (166 threads)
[2023-11-15T20:09:46.930+0000][354.691s][info ][safepoint     ] Application time: 1.0001663 seconds
[2023-11-15T20:09:46.930+0000][354.691s][info ][safepoint     ] Entering safepoint region: Cleanup
[2023-11-15T20:09:46.930+0000][354.691s][info ][safepoint     ] Leaving safepoint region
[2023-11-15T20:09:46.930+0000][354.691s][info ][safepoint     ] Total time for which application threads were stopped: 0.0002861 seconds, Stopping threads took: 0.0000564 seconds
[2023-11-15T20:09:47.930+0000][355.692s][debug][safepoint     ] Safepoint synchronization initiated. (166 threads)
[2023-11-15T20:09:47.930+0000][355.692s][info ][safepoint     ] Application time: 1.0001634 seconds
[2023-11-15T20:09:47.930+0000][355.692s][info ][safepoint     ] Entering safepoint region: Cleanup
[2023-11-15T20:09:47.930+0000][355.692s][info ][safepoint     ] Leaving safepoint region
[2023-11-15T20:09:47.931+0000][355.692s][info ][safepoint     ] Total time for which application threads were stopped: 0.0005185 seconds, Stopping threads took: 0.0000606 seconds
[2023-11-15T20:09:48.931+0000][356.692s][debug][safepoint     ] Safepoint synchronization initiated. (166 threads)
[2023-11-15T20:09:48.931+0000][356.692s][info ][safepoint     ] Application time: 1.0001413 seconds
[2023-11-15T20:09:48.931+0000][356.692s][info ][safepoint     ] Entering safepoint region: Cleanup
[2023-11-15T20:09:48.931+0000][356.693s][info ][safepoint     ] Leaving safepoint region
[2023-11-15T20:09:48.931+0000][356.693s][info ][safepoint     ] Total time for which application threads were stopped: 0.0003268 seconds, Stopping threads took: 0.0000498 seconds
[2023-11-15T20:09:49.931+0000][357.693s][debug][safepoint     ] Safepoint synchronization initiated. (166 threads)
[2023-11-15T20:09:49.931+0000][357.693s][info ][safepoint     ] Application time: 1.0001615 seconds
[2023-11-15T20:09:49.931+0000][357.693s][info ][safepoint     ] Entering safepoint region: Cleanup
[2023-11-15T20:09:49.931+0000][357.693s][info ][safepoint     ] Leaving safepoint region
[2023-11-15T20:09:49.931+0000][357.693s][info ][safepoint     ] Total time for which application threads were stopped: 0.0002579 seconds, Stopping threads took: 0.0000493 seconds
[2023-11-15T20:09:50.932+0000][358.693s][debug][safepoint     ] Safepoint synchronization initiated. (166 threads)
[2023-11-15T20:09:50.932+0000][358.693s][info ][safepoint     ] Application time: 1.0001606 seconds
[2023-11-15T20:09:50.932+0000][358.693s][info ][safepoint     ] Entering safepoint region: Cleanup
[2023-11-15T20:09:50.932+0000][358.694s][info ][safepoint     ] Leaving safepoint region
[2023-11-15T20:09:50.932+0000][358.694s][info ][safepoint     ] Total time for which application threads were stopped: 0.0005727 seconds, Stopping threads took: 0.0003520 seconds
[2023-11-15T20:09:51.932+0000][359.694s][debug][safepoint     ] Safepoint synchronization initiated. (166 threads)
[2023-11-15T20:09:51.932+0000][359.694s][info ][safepoint     ] Application time: 1.0001628 seconds
[2023-11-15T20:09:51.932+0000][359.694s][info ][safepoint     ] Entering safepoint region: Cleanup
[2023-11-15T20:09:51.933+0000][359.694s][info ][safepoint     ] Leaving safepoint region
[2023-11-15T20:09:51.933+0000][359.694s][info ][safepoint     ] Total time for which application threads were stopped: 0.0003203 seconds, Stopping threads took: 0.0000460 seconds
[2023-11-15T20:09:52.933+0000][360.695s][debug][safepoint     ] Safepoint synchronization initiated. (166 threads)
[2023-11-15T20:09:52.933+0000][360.695s][info ][safepoint     ] Application time: 1.0001695 seconds
[2023-11-15T20:09:52.933+0000][360.695s][info ][safepoint     ] Entering safepoint region: Cleanup
[2023-11-15T20:09:52.933+0000][360.695s][info ][safepoint     ] Leaving safepoint region
[2023-11-15T20:09:52.933+0000][360.695s][info ][safepoint     ] Total time for which application threads were stopped: 0.0003275 seconds, Stopping threads took: 0.0000486 seconds
[2023-11-15T20:09:53.933+0000][361.695s][debug][safepoint     ] Safepoint synchronization initiated. (166 threads)
[2023-11-15T20:09:53.933+0000][361.695s][info ][safepoint     ] Application time: 1.0001620 seconds
[2023-11-15T20:09:53.934+0000][361.695s][info ][safepoint     ] Entering safepoint region: Cleanup
[2023-11-15T20:09:53.934+0000][361.695s][info ][safepoint     ] Leaving safepoint region
[2023-11-15T20:09:53.934+0000][361.695s][info ][safepoint     ] Total time for which application threads were stopped: 0.0002520 seconds, Stopping threads took: 0.0000499 seconds
[2023-11-15T20:09:54.934+0000][362.695s][debug][safepoint     ] Safepoint synchronization initiated. (166 threads)
[2023-11-15T20:09:54.934+0000][362.696s][info ][safepoint     ] Application time: 1.0001508 seconds
[2023-11-15T20:09:54.934+0000][362.696s][info ][safepoint     ] Entering safepoint region: Cleanup
[2023-11-15T20:09:54.934+0000][362.696s][info ][safepoint     ] Leaving safepoint region
[2023-11-15T20:09:54.934+0000][362.696s][info ][safepoint     ] Total time for which application threads were stopped: 0.0003490 seconds, Stopping threads took: 0.0000476 seconds
[2023-11-15T20:09:55.934+0000][363.696s][debug][safepoint     ] Safepoint synchronization initiated. (166 threads)
[2023-11-15T20:09:55.934+0000][363.696s][info ][safepoint     ] Application time: 1.0001624 seconds
[2023-11-15T20:09:55.934+0000][363.696s][info ][safepoint     ] Entering safepoint region: Cleanup
[2023-11-15T20:09:55.935+0000][363.697s][info ][safepoint     ] Leaving safepoint region
[2023-11-15T20:09:55.935+0000][363.697s][info ][safepoint     ] Total time for which application threads were stopped: 0.0005656 seconds, Stopping threads took: 0.0003515 seconds
[2023-11-15T20:09:56.935+0000][364.697s][debug][safepoint     ] Safepoint synchronization initiated. (166 threads)
[2023-11-15T20:09:56.935+0000][364.697s][info ][safepoint     ] Application time: 1.0001463 seconds
[2023-11-15T20:09:56.935+0000][364.697s][info ][safepoint     ] Entering safepoint region: Cleanup
[2023-11-15T20:09:56.935+0000][364.697s][info ][safepoint     ] Leaving safepoint region
[2023-11-15T20:09:56.935+0000][364.697s][info ][safepoint     ] Total time for which application threads were stopped: 0.0002348 seconds, Stopping threads took: 0.0000458 seconds
[2023-11-15T20:09:57.936+0000][365.697s][debug][safepoint     ] Safepoint synchronization initiated. (166 threads)
[2023-11-15T20:09:57.936+0000][365.697s][info ][safepoint     ] Application time: 1.0001472 seconds
[2023-11-15T20:09:57.936+0000][365.697s][info ][safepoint     ] Entering safepoint region: Cleanup
[2023-11-15T20:09:57.936+0000][365.698s][info ][safepoint     ] Leaving safepoint region
[2023-11-15T20:09:57.936+0000][365.698s][info ][safepoint     ] Total time for which application threads were stopped: 0.0002976 seconds, Stopping threads took: 0.0000551 seconds
[2023-11-15T20:09:58.936+0000][366.698s][debug][safepoint     ] Safepoint synchronization initiated. (166 threads)
[2023-11-15T20:09:58.936+0000][366.698s][info ][safepoint     ] Application time: 1.0001587 seconds
[2023-11-15T20:09:58.936+0000][366.698s][info ][safepoint     ] Entering safepoint region: Cleanup
[2023-11-15T20:09:58.936+0000][366.698s][info ][safepoint     ] Leaving safepoint region
[2023-11-15T20:09:58.936+0000][366.698s][info ][safepoint     ] Total time for which application threads were stopped: 0.0003192 seconds, Stopping threads took: 0.0000474 seconds
[2023-11-15T20:09:59.937+0000][367.698s][debug][safepoint     ] Safepoint synchronization initiated. (166 threads)
[2023-11-15T20:09:59.937+0000][367.698s][info ][safepoint     ] Application time: 1.0001437 seconds
[2023-11-15T20:09:59.937+0000][367.698s][info ][safepoint     ] Entering safepoint region: Cleanup
[2023-11-15T20:09:59.937+0000][367.699s][info ][safepoint     ] Leaving safepoint region
[2023-11-15T20:09:59.937+0000][367.699s][info ][safepoint     ] Total time for which application threads were stopped: 0.0003249 seconds, Stopping threads took: 0.0000484 seconds
[2023-11-15T20:10:00.937+0000][368.699s][debug][safepoint     ] Safepoint synchronization initiated. (166 threads)
[2023-11-15T20:10:00.937+0000][368.699s][info ][safepoint     ] Application time: 1.0001582 seconds
[2023-11-15T20:10:00.937+0000][368.699s][info ][safepoint     ] Entering safepoint region: Cleanup
[2023-11-15T20:10:00.938+0000][368.699s][info ][safepoint     ] Leaving safepoint region
[2023-11-15T20:10:00.938+0000][368.699s][info ][safepoint     ] Total time for which application threads were stopped: 0.0003876 seconds, Stopping threads took: 0.0000550 seconds
[2023-11-15T20:10:01.938+0000][369.699s][debug][safepoint     ] Safepoint synchronization initiated. (166 threads)
[2023-11-15T20:10:01.938+0000][369.699s][info ][safepoint     ] Application time: 1.0001503 seconds
[2023-11-15T20:10:01.938+0000][369.699s][info ][safepoint     ] Entering safepoint region: Cleanup
[2023-11-15T20:10:01.938+0000][369.700s][info ][safepoint     ] Leaving safepoint region
[2023-11-15T20:10:01.938+0000][369.700s][info ][safepoint     ] Total time for which application threads were stopped: 0.0002361 seconds, Stopping threads took: 0.0000323 seconds
[2023-11-15T20:10:02.938+0000][370.700s][debug][safepoint     ] Safepoint synchronization initiated. (166 threads)
[2023-11-15T20:10:02.938+0000][370.700s][info ][safepoint     ] Application time: 1.0001570 seconds
[2023-11-15T20:10:02.938+0000][370.700s][info ][safepoint     ] Entering safepoint region: Cleanup
[2023-11-15T20:10:02.938+0000][370.700s][info ][safepoint     ] Leaving safepoint region
[2023-11-15T20:10:02.938+0000][370.700s][info ][safepoint     ] Total time for which application threads were stopped: 0.0002536 seconds, Stopping threads took: 0.0000506 seconds
[2023-11-15T20:10:03.938+0000][371.700s][debug][safepoint     ] Safepoint synchronization initiated. (166 threads)
[2023-11-15T20:10:03.939+0000][371.700s][info ][safepoint     ] Application time: 1.0001475 seconds
[2023-11-15T20:10:03.939+0000][371.700s][info ][safepoint     ] Entering safepoint region: Cleanup
[2023-11-15T20:10:03.939+0000][371.701s][info ][safepoint     ] Leaving safepoint region
[2023-11-15T20:10:03.939+0000][371.701s][info ][safepoint     ] Total time for which application threads were stopped: 0.0002743 seconds, Stopping threads took: 0.0000556 seconds
[2023-11-15T20:10:04.939+0000][372.701s][debug][safepoint     ] Safepoint synchronization initiated. (166 threads)
[2023-11-15T20:10:04.939+0000][372.701s][info ][safepoint     ] Application time: 1.0001297 seconds
[2023-11-15T20:10:04.939+0000][372.701s][info ][safepoint     ] Entering safepoint region: Cleanup
[2023-11-15T20:10:04.939+0000][372.701s][info ][safepoint     ] Leaving safepoint region
[2023-11-15T20:10:04.939+0000][372.701s][info ][safepoint     ] Total time for which application threads were stopped: 0.0003180 seconds, Stopping threads took: 0.0000473 seconds
[2023-11-15T20:10:05.940+0000][373.701s][debug][safepoint     ] Safepoint synchronization initiated. (166 threads)
[2023-11-15T20:10:05.940+0000][373.701s][info ][safepoint     ] Application time: 1.0002233 seconds
[2023-11-15T20:10:05.940+0000][373.701s][info ][safepoint     ] Entering safepoint region: Cleanup
[2023-11-15T20:10:05.940+0000][373.702s][info ][safepoint     ] Leaving safepoint region
[2023-11-15T20:10:05.940+0000][373.702s][info ][safepoint     ] Total time for which application threads were stopped: 0.0003265 seconds, Stopping threads took: 0.0000566 seconds
[2023-11-15T20:10:06.940+0000][374.702s][debug][safepoint     ] Safepoint synchronization initiated. (166 threads)
[2023-11-15T20:10:06.940+0000][374.702s][info ][safepoint     ] Application time: 1.0001572 seconds
[2023-11-15T20:10:06.940+0000][374.702s][info ][safepoint     ] Entering safepoint region: Cleanup
[2023-11-15T20:10:06.940+0000][374.702s][info ][safepoint     ] Leaving safepoint region
[2023-11-15T20:10:06.940+0000][374.702s][info ][safepoint     ] Total time for which application threads were stopped: 0.0002532 seconds, Stopping threads took: 0.0000545 seconds
[2023-11-15T20:10:07.941+0000][375.702s][debug][safepoint     ] Safepoint synchronization initiated. (166 threads)
[2023-11-15T20:10:07.941+0000][375.702s][info ][safepoint     ] Application time: 1.0001580 seconds
[2023-11-15T20:10:07.941+0000][375.702s][info ][safepoint     ] Entering safepoint region: Cleanup
[2023-11-15T20:10:07.941+0000][375.703s][info ][safepoint     ] Leaving safepoint region
[2023-11-15T20:10:07.941+0000][375.703s][info ][safepoint     ] Total time for which application threads were stopped: 0.0003216 seconds, Stopping threads took: 0.0000479 seconds
[2023-11-15T20:10:08.941+0000][376.703s][debug][safepoint     ] Safepoint synchronization initiated. (166 threads)
[2023-11-15T20:10:08.941+0000][376.703s][info ][safepoint     ] Application time: 1.0001660 seconds
[2023-11-15T20:10:08.941+0000][376.703s][info ][safepoint     ] Entering safepoint region: Cleanup
[2023-11-15T20:10:08.941+0000][376.703s][info ][safepoint     ] Leaving safepoint region
[2023-11-15T20:10:08.941+0000][376.703s][info ][safepoint     ] Total time for which application threads were stopped: 0.0003163 seconds, Stopping threads took: 0.0000485 seconds
[2023-11-15T20:10:09.942+0000][377.703s][debug][safepoint     ] Safepoint synchronization initiated. (166 threads)
[2023-11-15T20:10:09.942+0000][377.703s][info ][safepoint     ] Application time: 1.0001492 seconds
[2023-11-15T20:10:09.942+0000][377.703s][info ][safepoint     ] Entering safepoint region: Cleanup
[2023-11-15T20:10:09.942+0000][377.704s][info ][safepoint     ] Leaving safepoint region
[2023-11-15T20:10:09.942+0000][377.704s][info ][safepoint     ] Total time for which application threads were stopped: 0.0003189 seconds, Stopping threads took: 0.0000489 seconds
[2023-11-15T20:10:10.942+0000][378.704s][debug][safepoint     ] Safepoint synchronization initiated. (166 threads)
[2023-11-15T20:10:10.942+0000][378.704s][info ][safepoint     ] Application time: 1.0001526 seconds
[2023-11-15T20:10:10.942+0000][378.704s][info ][safepoint     ] Entering safepoint region: Cleanup
[2023-11-15T20:10:10.942+0000][378.704s][info ][safepoint     ] Leaving safepoint region
[2023-11-15T20:10:10.942+0000][378.704s][info ][safepoint     ] Total time for which application threads were stopped: 0.0003116 seconds, Stopping threads took: 0.0000480 seconds
[2023-11-15T20:10:11.943+0000][379.704s][debug][safepoint     ] Safepoint synchronization initiated. (166 threads)
[2023-11-15T20:10:11.943+0000][379.704s][info ][safepoint     ] Application time: 1.0001884 seconds
[2023-11-15T20:10:11.943+0000][379.704s][info ][safepoint     ] Entering safepoint region: Cleanup
[2023-11-15T20:10:11.943+0000][379.705s][info ][safepoint     ] Leaving safepoint region
[2023-11-15T20:10:11.943+0000][379.705s][info ][safepoint     ] Total time for which application threads were stopped: 0.0002687 seconds, Stopping threads took: 0.0000580 seconds
[2023-11-15T20:10:12.943+0000][380.705s][debug][safepoint     ] Safepoint synchronization initiated. (166 threads)
[2023-11-15T20:10:12.943+0000][380.705s][info ][safepoint     ] Application time: 1.0001555 seconds
[2023-11-15T20:10:12.943+0000][380.705s][info ][safepoint     ] Entering safepoint region: Cleanup
[2023-11-15T20:10:12.943+0000][380.705s][info ][safepoint     ] Leaving safepoint region
[2023-11-15T20:10:12.943+0000][380.705s][info ][safepoint     ] Total time for which application threads were stopped: 0.0002214 seconds, Stopping threads took: 0.0000501 seconds
[2023-11-15T20:10:13.943+0000][381.705s][debug][safepoint     ] Safepoint synchronization initiated. (166 threads)
[2023-11-15T20:10:13.944+0000][381.705s][info ][safepoint     ] Application time: 1.0001496 seconds
[2023-11-15T20:10:13.944+0000][381.705s][info ][safepoint     ] Entering safepoint region: Cleanup
[2023-11-15T20:10:13.944+0000][381.705s][info ][safepoint     ] Leaving safepoint region
[2023-11-15T20:10:13.944+0000][381.705s][info ][safepoint     ] Total time for which application threads were stopped: 0.0002449 seconds, Stopping threads took: 0.0000541 seconds
[2023-11-15T20:10:14.944+0000][382.706s][debug][safepoint     ] Safepoint synchronization initiated. (166 threads)
[2023-11-15T20:10:14.944+0000][382.706s][info ][safepoint     ] Application time: 1.0001851 seconds
[2023-11-15T20:10:14.944+0000][382.706s][info ][safepoint     ] Entering safepoint region: Cleanup
[2023-11-15T20:10:14.944+0000][382.706s][info ][safepoint     ] Leaving safepoint region
[2023-11-15T20:10:14.944+0000][382.706s][info ][safepoint     ] Total time for which application threads were stopped: 0.0003291 seconds, Stopping threads took: 0.0000610 seconds
[2023-11-15T20:10:15.944+0000][383.706s][debug][safepoint     ] Safepoint synchronization initiated. (166 threads)
[2023-11-15T20:10:15.945+0000][383.706s][info ][safepoint     ] Application time: 1.0001639 seconds
[2023-11-15T20:10:15.945+0000][383.706s][info ][safepoint     ] Entering safepoint region: Cleanup
[2023-11-15T20:10:15.945+0000][383.706s][info ][safepoint     ] Leaving safepoint region
[2023-11-15T20:10:15.945+0000][383.707s][info ][safepoint     ] Total time for which application threads were stopped: 0.0003235 seconds, Stopping threads took: 0.0000478 seconds
[2023-11-15T20:10:16.945+0000][384.707s][debug][safepoint     ] Safepoint synchronization initiated. (166 threads)
[2023-11-15T20:10:16.945+0000][384.707s][info ][safepoint     ] Application time: 1.0001696 seconds
[2023-11-15T20:10:16.945+0000][384.707s][info ][safepoint     ] Entering safepoint region: Cleanup
[2023-11-15T20:10:16.945+0000][384.707s][info ][safepoint     ] Leaving safepoint region
[2023-11-15T20:10:16.945+0000][384.707s][info ][safepoint     ] Total time for which application threads were stopped: 0.0002449 seconds, Stopping threads took: 0.0000498 seconds
[2023-11-15T20:10:17.945+0000][385.707s][debug][safepoint     ] Safepoint synchronization initiated. (166 threads)
[2023-11-15T20:10:17.946+0000][385.707s][info ][safepoint     ] Application time: 1.0001483 seconds
[2023-11-15T20:10:17.946+0000][385.707s][info ][safepoint     ] Entering safepoint region: Cleanup
[2023-11-15T20:10:17.946+0000][385.707s][info ][safepoint     ] Leaving safepoint region
[2023-11-15T20:10:17.946+0000][385.707s][info ][safepoint     ] Total time for which application threads were stopped: 0.0002593 seconds, Stopping threads took: 0.0000489 seconds
[2023-11-15T20:10:18.946+0000][386.708s][debug][safepoint     ] Safepoint synchronization initiated. (166 threads)
[2023-11-15T20:10:18.946+0000][386.708s][info ][safepoint     ] Application time: 1.0001455 seconds
[2023-11-15T20:10:18.946+0000][386.708s][info ][safepoint     ] Entering safepoint region: Cleanup
[2023-11-15T20:10:18.946+0000][386.708s][info ][safepoint     ] Leaving safepoint region
[2023-11-15T20:10:18.946+0000][386.708s][info ][safepoint     ] Total time for which application threads were stopped: 0.0003241 seconds, Stopping threads took: 0.0000489 seconds
[2023-11-15T20:10:19.946+0000][387.708s][debug][safepoint     ] Safepoint synchronization initiated. (166 threads)
[2023-11-15T20:10:19.946+0000][387.708s][info ][safepoint     ] Application time: 1.0001590 seconds
[2023-11-15T20:10:19.947+0000][387.708s][info ][safepoint     ] Entering safepoint region: Cleanup
[2023-11-15T20:10:19.947+0000][387.708s][info ][safepoint     ] Leaving safepoint region
[2023-11-15T20:10:19.947+0000][387.708s][info ][safepoint     ] Total time for which application threads were stopped: 0.0003155 seconds, Stopping threads took: 0.0000477 seconds
[2023-11-15T20:10:20.947+0000][388.709s][debug][safepoint     ] Safepoint synchronization initiated. (166 threads)
[2023-11-15T20:10:20.947+0000][388.709s][info ][safepoint     ] Application time: 1.0001583 seconds
[2023-11-15T20:10:20.947+0000][388.709s][info ][safepoint     ] Entering safepoint region: Cleanup
[2023-11-15T20:10:20.947+0000][388.709s][info ][safepoint     ] Leaving safepoint region
[2023-11-15T20:10:20.947+0000][388.709s][info ][safepoint     ] Total time for which application threads were stopped: 0.0003211 seconds, Stopping threads took: 0.0000474 seconds
[2023-11-15T20:10:21.947+0000][389.709s][debug][safepoint     ] Safepoint synchronization initiated. (166 threads)
[2023-11-15T20:10:21.948+0000][389.709s][info ][safepoint     ] Application time: 1.0001656 seconds
[2023-11-15T20:10:21.948+0000][389.709s][info ][safepoint     ] Entering safepoint region: Cleanup
[2023-11-15T20:10:21.948+0000][389.709s][info ][safepoint     ] Leaving safepoint region
[2023-11-15T20:10:21.948+0000][389.709s][info ][safepoint     ] Total time for which application threads were stopped: 0.0003123 seconds, Stopping threads took: 0.0000497 seconds
[2023-11-15T20:10:22.948+0000][390.710s][debug][safepoint     ] Safepoint synchronization initiated. (166 threads)
[2023-11-15T20:10:22.948+0000][390.710s][info ][safepoint     ] Application time: 1.0001469 seconds
[2023-11-15T20:10:22.948+0000][390.710s][info ][safepoint     ] Entering safepoint region: Cleanup
[2023-11-15T20:10:22.948+0000][390.710s][info ][safepoint     ] Leaving safepoint region
[2023-11-15T20:10:22.948+0000][390.710s][info ][safepoint     ] Total time for which application threads were stopped: 0.0002339 seconds, Stopping threads took: 0.0000493 seconds
[2023-11-15T20:10:23.948+0000][391.710s][debug][safepoint     ] Safepoint synchronization initiated. (166 threads)
[2023-11-15T20:10:23.948+0000][391.710s][info ][safepoint     ] Application time: 1.0001637 seconds
[2023-11-15T20:10:23.949+0000][391.710s][info ][safepoint     ] Entering safepoint region: Cleanup
[2023-11-15T20:10:23.949+0000][391.710s][info ][safepoint     ] Leaving safepoint region
[2023-11-15T20:10:23.949+0000][391.710s][info ][safepoint     ] Total time for which application threads were stopped: 0.0002449 seconds, Stopping threads took: 0.0000520 seconds
[2023-11-15T20:10:24.949+0000][392.710s][debug][safepoint     ] Safepoint synchronization initiated. (166 threads)
[2023-11-15T20:10:24.949+0000][392.711s][info ][safepoint     ] Application time: 1.0001468 seconds
[2023-11-15T20:10:24.949+0000][392.711s][info ][safepoint     ] Entering safepoint region: Cleanup
[2023-11-15T20:10:24.949+0000][392.711s][info ][safepoint     ] Leaving safepoint region
[2023-11-15T20:10:24.949+0000][392.711s][info ][safepoint     ] Total time for which application threads were stopped: 0.0003268 seconds, Stopping threads took: 0.0000504 seconds
[2023-11-15T20:10:25.949+0000][393.711s][debug][safepoint     ] Safepoint synchronization initiated. (166 threads)
[2023-11-15T20:10:25.949+0000][393.711s][info ][safepoint     ] Application time: 1.0001650 seconds
[2023-11-15T20:10:25.949+0000][393.711s][info ][safepoint     ] Entering safepoint region: Cleanup
[2023-11-15T20:10:25.950+0000][393.711s][info ][safepoint     ] Leaving safepoint region
[2023-11-15T20:10:25.950+0000][393.711s][info ][safepoint     ] Total time for which application threads were stopped: 0.0002684 seconds, Stopping threads took: 0.0000515 seconds
[2023-11-15T20:10:26.950+0000][394.711s][debug][safepoint     ] Safepoint synchronization initiated. (166 threads)
[2023-11-15T20:10:26.950+0000][394.712s][info ][safepoint     ] Application time: 1.0001646 seconds
[2023-11-15T20:10:26.950+0000][394.712s][info ][safepoint     ] Entering safepoint region: Cleanup
[2023-11-15T20:10:26.950+0000][394.712s][info ][safepoint     ] Leaving safepoint region
[2023-11-15T20:10:26.950+0000][394.712s][info ][safepoint     ] Total time for which application threads were stopped: 0.0002552 seconds, Stopping threads took: 0.0000546 seconds
[2023-11-15T20:10:27.950+0000][395.712s][debug][safepoint     ] Safepoint synchronization initiated. (166 threads)
[2023-11-15T20:10:27.950+0000][395.712s][info ][safepoint     ] Application time: 1.0001775 seconds
[2023-11-15T20:10:27.950+0000][395.712s][info ][safepoint     ] Entering safepoint region: Cleanup
[2023-11-15T20:10:27.951+0000][395.712s][info ][safepoint     ] Leaving safepoint region
[2023-11-15T20:10:27.951+0000][395.712s][info ][safepoint     ] Total time for which application threads were stopped: 0.0003256 seconds, Stopping threads took: 0.0000500 seconds
[2023-11-15T20:10:28.951+0000][396.712s][debug][safepoint     ] Safepoint synchronization initiated. (166 threads)
[2023-11-15T20:10:28.951+0000][396.713s][info ][safepoint     ] Application time: 1.0001605 seconds
[2023-11-15T20:10:28.951+0000][396.713s][info ][safepoint     ] Entering safepoint region: Cleanup
[2023-11-15T20:10:28.951+0000][396.713s][info ][safepoint     ] Leaving safepoint region
[2023-11-15T20:10:28.951+0000][396.713s][info ][safepoint     ] Total time for which application threads were stopped: 0.0002415 seconds, Stopping threads took: 0.0000512 seconds
[2023-11-15T20:10:29.951+0000][397.713s][debug][safepoint     ] Safepoint synchronization initiated. (166 threads)
[2023-11-15T20:10:29.951+0000][397.713s][info ][safepoint     ] Application time: 1.0001541 seconds
[2023-11-15T20:10:29.951+0000][397.713s][info ][safepoint     ] Entering safepoint region: Cleanup
[2023-11-15T20:10:29.952+0000][397.713s][info ][safepoint     ] Leaving safepoint region
[2023-11-15T20:10:29.952+0000][397.713s][info ][safepoint     ] Total time for which application threads were stopped: 0.0002678 seconds, Stopping threads took: 0.0000500 seconds
[2023-11-15T20:10:30.952+0000][398.713s][debug][safepoint     ] Safepoint synchronization initiated. (166 threads)
[2023-11-15T20:10:30.952+0000][398.713s][info ][safepoint     ] Application time: 1.0001512 seconds
[2023-11-15T20:10:30.952+0000][398.713s][info ][safepoint     ] Entering safepoint region: Cleanup
[2023-11-15T20:10:30.952+0000][398.714s][info ][safepoint     ] Leaving safepoint region
[2023-11-15T20:10:30.952+0000][398.714s][info ][safepoint     ] Total time for which application threads were stopped: 0.0003372 seconds, Stopping threads took: 0.0000512 seconds
[2023-11-15T20:10:31.952+0000][399.714s][debug][safepoint     ] Safepoint synchronization initiated. (166 threads)
[2023-11-15T20:10:31.952+0000][399.714s][info ][safepoint     ] Application time: 1.0001484 seconds
[2023-11-15T20:10:31.952+0000][399.714s][info ][safepoint     ] Entering safepoint region: Cleanup
[2023-11-15T20:10:31.953+0000][399.714s][info ][safepoint     ] Leaving safepoint region
[2023-11-15T20:10:31.953+0000][399.714s][info ][safepoint     ] Total time for which application threads were stopped: 0.0003203 seconds, Stopping threads took: 0.0000482 seconds
[2023-11-15T20:10:35.953+0000][403.715s][debug][safepoint     ] Safepoint synchronization initiated. (165 threads)
[2023-11-15T20:10:35.953+0000][403.715s][info ][safepoint     ] Application time: 4.0004277 seconds
[2023-11-15T20:10:35.953+0000][403.715s][info ][safepoint     ] Entering safepoint region: Cleanup
[2023-11-15T20:10:35.953+0000][403.715s][info ][safepoint     ] Leaving safepoint region
[2023-11-15T20:10:35.953+0000][403.715s][info ][safepoint     ] Total time for which application threads were stopped: 0.0003431 seconds, Stopping threads took: 0.0000496 seconds
[2023-11-15T20:10:39.954+0000][407.716s][debug][safepoint     ] Safepoint synchronization initiated. (165 threads)
[2023-11-15T20:10:39.954+0000][407.716s][info ][safepoint     ] Application time: 4.0004342 seconds
[2023-11-15T20:10:39.954+0000][407.716s][info ][safepoint     ] Entering safepoint region: Cleanup
[2023-11-15T20:10:39.954+0000][407.716s][info ][safepoint     ] Leaving safepoint region
[2023-11-15T20:10:39.954+0000][407.716s][info ][safepoint     ] Total time for which application threads were stopped: 0.0002418 seconds, Stopping threads took: 0.0000474 seconds
[2023-11-15T20:11:15.957+0000][443.719s][debug][safepoint     ] Safepoint synchronization initiated. (165 threads)
[2023-11-15T20:11:15.957+0000][443.719s][info ][safepoint     ] Application time: 36.0030942 seconds
[2023-11-15T20:11:15.957+0000][443.719s][info ][safepoint     ] Entering safepoint region: Cleanup
[2023-11-15T20:11:15.958+0000][443.719s][info ][safepoint     ] Leaving safepoint region
[2023-11-15T20:11:15.958+0000][443.719s][info ][safepoint     ] Total time for which application threads were stopped: 0.0002460 seconds, Stopping threads took: 0.0000503 seconds
[2023-11-15T20:11:31.959+0000][459.721s][debug][safepoint     ] Safepoint synchronization initiated. (165 threads)
[2023-11-15T20:11:31.959+0000][459.721s][info ][safepoint     ] Application time: 16.0014710 seconds
[2023-11-15T20:11:31.959+0000][459.721s][info ][safepoint     ] Entering safepoint region: Cleanup
[2023-11-15T20:11:31.959+0000][459.721s][info ][safepoint     ] Leaving safepoint region
[2023-11-15T20:11:31.959+0000][459.721s][info ][safepoint     ] Total time for which application threads were stopped: 0.0003122 seconds, Stopping threads took: 0.0000457 seconds
[2023-11-15T20:11:35.960+0000][463.721s][debug][safepoint     ] Safepoint synchronization initiated. (164 threads)
[2023-11-15T20:11:35.960+0000][463.721s][info ][safepoint     ] Application time: 4.0004138 seconds
[2023-11-15T20:11:35.960+0000][463.721s][info ][safepoint     ] Entering safepoint region: Cleanup
[2023-11-15T20:11:35.960+0000][463.722s][info ][safepoint     ] Leaving safepoint region
[2023-11-15T20:11:35.960+0000][463.722s][info ][safepoint     ] Total time for which application threads were stopped: 0.0003403 seconds, Stopping threads took: 0.0000484 seconds
[2023-11-15T20:11:40.961+0000][468.722s][debug][safepoint     ] Safepoint synchronization initiated. (164 threads)
[2023-11-15T20:11:40.961+0000][468.722s][info ][safepoint     ] Application time: 5.0005403 seconds
[2023-11-15T20:11:40.961+0000][468.722s][info ][safepoint     ] Entering safepoint region: Cleanup
[2023-11-15T20:11:40.961+0000][468.723s][info ][safepoint     ] Leaving safepoint region
[2023-11-15T20:11:40.961+0000][468.723s][info ][safepoint     ] Total time for which application threads were stopped: 0.0002902 seconds, Stopping threads took: 0.0000497 seconds
[2023-11-15T20:11:41.961+0000][469.723s][debug][safepoint     ] Safepoint synchronization initiated. (164 threads)
[2023-11-15T20:11:41.961+0000][469.723s][info ][safepoint     ] Application time: 1.0001656 seconds
[2023-11-15T20:11:41.961+0000][469.723s][info ][safepoint     ] Entering safepoint region: Cleanup
[2023-11-15T20:11:41.962+0000][469.723s][info ][safepoint     ] Leaving safepoint region
[2023-11-15T20:11:41.962+0000][469.723s][info ][safepoint     ] Total time for which application threads were stopped: 0.0003244 seconds, Stopping threads took: 0.0000472 seconds
[2023-11-15T20:11:44.962+0000][472.724s][debug][safepoint     ] Safepoint synchronization initiated. (164 threads)
[2023-11-15T20:11:44.962+0000][472.724s][info ][safepoint     ] Application time: 3.0003472 seconds
[2023-11-15T20:11:44.962+0000][472.724s][info ][safepoint     ] Entering safepoint region: Cleanup
[2023-11-15T20:11:44.962+0000][472.724s][info ][safepoint     ] Leaving safepoint region
[2023-11-15T20:11:44.962+0000][472.724s][info ][safepoint     ] Total time for which application threads were stopped: 0.0003271 seconds, Stopping threads took: 0.0000523 seconds
[2023-11-15T20:12:15.965+0000][503.727s][debug][safepoint     ] Safepoint synchronization initiated. (164 threads)
[2023-11-15T20:12:15.965+0000][503.727s][info ][safepoint     ] Application time: 31.0028417 seconds
[2023-11-15T20:12:15.965+0000][503.727s][info ][safepoint     ] Entering safepoint region: Cleanup
[2023-11-15T20:12:15.965+0000][503.727s][info ][safepoint     ] Leaving safepoint region
[2023-11-15T20:12:15.965+0000][503.727s][info ][safepoint     ] Total time for which application threads were stopped: 0.0002834 seconds, Stopping threads took: 0.0000484 seconds
[2023-11-15T20:12:15.965+0000][503.727s][debug][safepoint     ] ... found polling page return exception at pc = 0x00007f693102dd76, stub =0x00007f692883a800
[2023-11-15T20:12:35.967+0000][523.729s][debug][safepoint     ] Safepoint synchronization initiated. (163 threads)
[2023-11-15T20:12:35.967+0000][523.729s][info ][safepoint     ] Application time: 20.0018226 seconds
[2023-11-15T20:12:35.967+0000][523.729s][info ][safepoint     ] Entering safepoint region: Cleanup
[2023-11-15T20:12:35.968+0000][523.729s][info ][safepoint     ] Leaving safepoint region
[2023-11-15T20:12:35.968+0000][523.729s][info ][safepoint     ] Total time for which application threads were stopped: 0.0002579 seconds, Stopping threads took: 0.0000708 seconds
[2023-11-15T20:12:41.968+0000][529.730s][debug][safepoint     ] Safepoint synchronization initiated. (163 threads)
[2023-11-15T20:12:41.968+0000][529.730s][info ][safepoint     ] Application time: 6.0005882 seconds
[2023-11-15T20:12:41.968+0000][529.730s][info ][safepoint     ] Entering safepoint region: Cleanup
[2023-11-15T20:12:41.968+0000][529.730s][info ][safepoint     ] Leaving safepoint region
[2023-11-15T20:12:41.969+0000][529.730s][info ][safepoint     ] Total time for which application threads were stopped: 0.0003189 seconds, Stopping threads took: 0.0000516 seconds
[2023-11-15T20:12:44.969+0000][532.730s][debug][safepoint     ] Safepoint synchronization initiated. (163 threads)
[2023-11-15T20:12:44.969+0000][532.731s][info ][safepoint     ] Application time: 3.0003499 seconds
[2023-11-15T20:12:44.969+0000][532.731s][info ][safepoint     ] Entering safepoint region: Cleanup
[2023-11-15T20:12:44.969+0000][532.731s][info ][safepoint     ] Leaving safepoint region
[2023-11-15T20:12:44.969+0000][532.731s][info ][safepoint     ] Total time for which application threads were stopped: 0.0003231 seconds, Stopping threads took: 0.0000479 seconds
[2023-11-15T20:13:15.972+0000][563.734s][debug][safepoint     ] Safepoint synchronization initiated. (163 threads)
[2023-11-15T20:13:15.972+0000][563.734s][info ][safepoint     ] Application time: 31.0028028 seconds
[2023-11-15T20:13:15.972+0000][563.734s][info ][safepoint     ] Entering safepoint region: Cleanup
[2023-11-15T20:13:15.972+0000][563.734s][info ][safepoint     ] Leaving safepoint region
[2023-11-15T20:13:15.972+0000][563.734s][info ][safepoint     ] Total time for which application threads were stopped: 0.0002364 seconds, Stopping threads took: 0.0000492 seconds
[2023-11-15T20:13:31.974+0000][579.735s][debug][safepoint     ] Safepoint synchronization initiated. (163 threads)
[2023-11-15T20:13:31.974+0000][579.735s][info ][safepoint     ] Application time: 16.0014932 seconds
[2023-11-15T20:13:31.974+0000][579.735s][info ][safepoint     ] Entering safepoint region: Cleanup
[2023-11-15T20:13:31.974+0000][579.736s][info ][safepoint     ] Leaving safepoint region
[2023-11-15T20:13:31.974+0000][579.736s][info ][safepoint     ] Total time for which application threads were stopped: 0.0002330 seconds, Stopping threads took: 0.0000455 seconds
[2023-11-15T20:13:35.974+0000][583.736s][debug][safepoint     ] Safepoint synchronization initiated. (162 threads)
[2023-11-15T20:13:35.974+0000][583.736s][info ][safepoint     ] Application time: 4.0004031 seconds
[2023-11-15T20:13:35.975+0000][583.736s][info ][safepoint     ] Entering safepoint region: Cleanup
[2023-11-15T20:13:35.975+0000][583.736s][info ][safepoint     ] Leaving safepoint region
[2023-11-15T20:13:35.975+0000][583.736s][info ][safepoint     ] Total time for which application threads were stopped: 0.0003286 seconds, Stopping threads took: 0.0000481 seconds
[2023-11-15T20:13:58.977+0000][606.738s][debug][safepoint     ] Safepoint synchronization initiated. (162 threads)
[2023-11-15T20:13:58.977+0000][606.739s][info ][safepoint     ] Application time: 23.0020327 seconds
[2023-11-15T20:13:58.977+0000][606.739s][info ][safepoint     ] Entering safepoint region: Cleanup
[2023-11-15T20:13:58.977+0000][606.739s][info ][safepoint     ] Leaving safepoint region
[2023-11-15T20:13:58.977+0000][606.739s][info ][safepoint     ] Total time for which application threads were stopped: 0.0002924 seconds, Stopping threads took: 0.0000453 seconds
[2023-11-15T20:14:14.979+0000][622.740s][debug][safepoint     ] Safepoint synchronization initiated. (162 threads)
[2023-11-15T20:14:14.979+0000][622.740s][info ][safepoint     ] Application time: 16.0014956 seconds
[2023-11-15T20:14:14.979+0000][622.740s][info ][safepoint     ] Entering safepoint region: Cleanup
[2023-11-15T20:14:14.979+0000][622.741s][info ][safepoint     ] Leaving safepoint region
[2023-11-15T20:14:14.979+0000][622.741s][info ][safepoint     ] Total time for which application threads were stopped: 0.0003389 seconds, Stopping threads took: 0.0000492 seconds
[2023-11-15T20:14:33.141+0000][640.903s][debug][safepoint     ] Safepoint synchronization initiated. (162 threads)
[2023-11-15T20:14:33.141+0000][640.903s][info ][safepoint     ] Application time: 18.1622298 seconds
[2023-11-15T20:14:33.141+0000][640.903s][info ][safepoint     ] Entering safepoint region: G1CollectForAllocation
[2023-11-15T20:14:33.142+0000][640.903s][info ][gc,start      ] GC(40) Pause Young (Normal) (G1 Evacuation Pause)
[2023-11-15T20:14:33.142+0000][640.903s][info ][gc,task       ] GC(40) Using 4 workers of 4 for evacuation
[2023-11-15T20:14:33.187+0000][640.949s][info ][gc,phases     ] GC(40)   Pre Evacuate Collection Set: 0.0ms
[2023-11-15T20:14:33.187+0000][640.949s][info ][gc,phases     ] GC(40)   Evacuate Collection Set: 40.7ms
[2023-11-15T20:14:33.187+0000][640.949s][info ][gc,phases     ] GC(40)   Post Evacuate Collection Set: 4.4ms
[2023-11-15T20:14:33.187+0000][640.949s][info ][gc,phases     ] GC(40)   Other: 0.4ms
[2023-11-15T20:14:33.187+0000][640.949s][info ][gc,heap       ] GC(40) Eden regions: 445->0(457)
[2023-11-15T20:14:33.187+0000][640.949s][info ][gc,heap       ] GC(40) Survivor regions: 32->20(60)
[2023-11-15T20:14:33.187+0000][640.949s][info ][gc,heap       ] GC(40) Old regions: 116->128
[2023-11-15T20:14:33.187+0000][640.949s][info ][gc,heap       ] GC(40) Humongous regions: 0->0
[2023-11-15T20:14:33.187+0000][640.949s][info ][gc,metaspace  ] GC(40) Metaspace: 152502K(157628K)->152502K(157628K) NonClass: 134745K(137832K)->134745K(137832K) Class: 17756K(19796K)->17756K(19796K)
[2023-11-15T20:14:33.187+0000][640.949s][info ][gc            ] GC(40) Pause Young (Normal) (G1 Evacuation Pause) 591M->145M(795M) 45.754ms
[2023-11-15T20:14:33.187+0000][640.949s][info ][gc,cpu        ] GC(40) User=0.18s Sys=0.00s Real=0.04s
[2023-11-15T20:14:33.187+0000][640.949s][info ][safepoint     ] Leaving safepoint region
[2023-11-15T20:14:33.187+0000][640.949s][info ][safepoint     ] Total time for which application threads were stopped: 0.0461269 seconds, Stopping threads took: 0.0000478 seconds
[2023-11-15T20:14:33.188+0000][640.949s][info ][gc,stringdedup] Concurrent String Deduplication (640.949s)
[2023-11-15T20:14:33.191+0000][640.952s][info ][gc,stringdedup] Concurrent String Deduplication 392.4K->143.3K(249.2K) avg 54.1% (640.949s, 640.952s) 3.160ms
[2023-11-15T20:14:34.188+0000][641.949s][debug][safepoint     ] Safepoint synchronization initiated. (162 threads)
[2023-11-15T20:14:34.188+0000][641.949s][info ][safepoint     ] Application time: 1.0001564 seconds
[2023-11-15T20:14:34.188+0000][641.949s][info ][safepoint     ] Entering safepoint region: Cleanup
[2023-11-15T20:14:34.188+0000][641.950s][info ][safepoint     ] Leaving safepoint region
[2023-11-15T20:14:34.188+0000][641.950s][info ][safepoint     ] Total time for which application threads were stopped: 0.0003252 seconds, Stopping threads took: 0.0000467 seconds
[2023-11-15T20:14:36.188+0000][643.950s][debug][safepoint     ] Safepoint synchronization initiated. (162 threads)
[2023-11-15T20:14:36.188+0000][643.950s][info ][safepoint     ] Application time: 2.0002484 seconds
[2023-11-15T20:14:36.188+0000][643.950s][info ][safepoint     ] Entering safepoint region: Cleanup
[2023-11-15T20:14:36.189+0000][643.950s][info ][safepoint     ] Leaving safepoint region
[2023-11-15T20:14:36.189+0000][643.950s][info ][safepoint     ] Total time for which application threads were stopped: 0.0003387 seconds, Stopping threads took: 0.0000473 seconds
[2023-11-15T20:14:43.189+0000][650.951s][debug][safepoint     ] Safepoint synchronization initiated. (162 threads)
[2023-11-15T20:14:43.189+0000][650.951s][info ][safepoint     ] Application time: 7.0006759 seconds
[2023-11-15T20:14:43.189+0000][650.951s][info ][safepoint     ] Entering safepoint region: Cleanup
[2023-11-15T20:14:43.190+0000][650.951s][info ][safepoint     ] Leaving safepoint region
[2023-11-15T20:14:43.190+0000][650.951s][info ][safepoint     ] Total time for which application threads were stopped: 0.0002391 seconds, Stopping threads took: 0.0000450 seconds
[2023-11-15T20:15:07.192+0000][674.953s][debug][safepoint     ] Safepoint synchronization initiated. (162 threads)
[2023-11-15T20:15:07.192+0000][674.953s][info ][safepoint     ] Application time: 24.0021291 seconds
[2023-11-15T20:15:07.192+0000][674.953s][info ][safepoint     ] Entering safepoint region: Cleanup
[2023-11-15T20:15:07.192+0000][674.954s][info ][safepoint     ] Leaving safepoint region
[2023-11-15T20:15:07.192+0000][674.954s][info ][safepoint     ] Total time for which application threads were stopped: 0.0003350 seconds, Stopping threads took: 0.0000486 seconds
[2023-11-15T20:15:26.194+0000][693.956s][debug][safepoint     ] Safepoint synchronization initiated. (162 threads)
[2023-11-15T20:15:26.194+0000][693.956s][info ][safepoint     ] Application time: 19.0019111 seconds
[2023-11-15T20:15:26.194+0000][693.956s][info ][safepoint     ] Entering safepoint region: Cleanup
[2023-11-15T20:15:26.194+0000][693.956s][info ][safepoint     ] Leaving safepoint region
[2023-11-15T20:15:26.194+0000][693.956s][info ][safepoint     ] Total time for which application threads were stopped: 0.0003298 seconds, Stopping threads took: 0.0000467 seconds
[2023-11-15T20:15:36.195+0000][703.957s][debug][safepoint     ] Safepoint synchronization initiated. (162 threads)
[2023-11-15T20:15:36.195+0000][703.957s][info ][safepoint     ] Application time: 10.0010103 seconds
[2023-11-15T20:15:36.195+0000][703.957s][info ][safepoint     ] Entering safepoint region: Cleanup
[2023-11-15T20:15:36.196+0000][703.957s][info ][safepoint     ] Leaving safepoint region
[2023-11-15T20:15:36.196+0000][703.957s][info ][safepoint     ] Total time for which application threads were stopped: 0.0003566 seconds, Stopping threads took: 0.0000709 seconds
[2023-11-15T20:15:45.197+0000][712.958s][debug][safepoint     ] Safepoint synchronization initiated. (162 threads)
[2023-11-15T20:15:45.197+0000][712.958s][info ][safepoint     ] Application time: 9.0009157 seconds
[2023-11-15T20:15:45.197+0000][712.958s][info ][safepoint     ] Entering safepoint region: Cleanup
[2023-11-15T20:15:45.197+0000][712.959s][info ][safepoint     ] Leaving safepoint region
[2023-11-15T20:15:45.197+0000][712.959s][info ][safepoint     ] Total time for which application threads were stopped: 0.0002454 seconds, Stopping threads took: 0.0000493 seconds
[2023-11-15T20:16:36.202+0000][763.963s][debug][safepoint     ] Safepoint synchronization initiated. (162 threads)
[2023-11-15T20:16:36.202+0000][763.964s][info ][safepoint     ] Application time: 51.0048904 seconds
[2023-11-15T20:16:36.202+0000][763.964s][info ][safepoint     ] Entering safepoint region: Cleanup
[2023-11-15T20:16:36.202+0000][763.964s][info ][safepoint     ] Leaving safepoint region
[2023-11-15T20:16:36.202+0000][763.964s][info ][safepoint     ] Total time for which application threads were stopped: 0.0003425 seconds, Stopping threads took: 0.0000496 seconds
[2023-11-15T20:16:45.203+0000][772.965s][debug][safepoint     ] Safepoint synchronization initiated. (162 threads)
[2023-11-15T20:16:45.203+0000][772.965s][info ][safepoint     ] Application time: 9.0009207 seconds
[2023-11-15T20:16:45.203+0000][772.965s][info ][safepoint     ] Entering safepoint region: Cleanup
[2023-11-15T20:16:45.203+0000][772.965s][info ][safepoint     ] Leaving safepoint region
[2023-11-15T20:16:45.204+0000][772.965s][info ][safepoint     ] Total time for which application threads were stopped: 0.0003064 seconds, Stopping threads took: 0.0000465 seconds
[2023-11-15T20:16:50.204+0000][777.966s][debug][safepoint     ] Safepoint synchronization initiated. (162 threads)
[2023-11-15T20:16:50.204+0000][777.966s][info ][safepoint     ] Application time: 5.0005243 seconds
[2023-11-15T20:16:50.204+0000][777.966s][info ][safepoint     ] Entering safepoint region: Cleanup
[2023-11-15T20:16:50.204+0000][777.966s][info ][safepoint     ] Leaving safepoint region
[2023-11-15T20:16:50.204+0000][777.966s][info ][safepoint     ] Total time for which application threads were stopped: 0.0002320 seconds, Stopping threads took: 0.0000467 seconds
[2023-11-15T20:17:01.205+0000][788.967s][debug][safepoint     ] Safepoint synchronization initiated. (162 threads)
[2023-11-15T20:17:01.205+0000][788.967s][info ][safepoint     ] Application time: 11.0010581 seconds
[2023-11-15T20:17:01.205+0000][788.967s][info ][safepoint     ] Entering safepoint region: Cleanup
[2023-11-15T20:17:01.206+0000][788.967s][info ][safepoint     ] Leaving safepoint region
[2023-11-15T20:17:01.206+0000][788.967s][info ][safepoint     ] Total time for which application threads were stopped: 0.0002300 seconds, Stopping threads took: 0.0000453 seconds
[2023-11-15T20:17:11.207+0000][798.968s][debug][safepoint     ] Safepoint synchronization initiated. (162 threads)
[2023-11-15T20:17:11.207+0000][798.968s][info ][safepoint     ] Application time: 10.0010348 seconds
[2023-11-15T20:17:11.207+0000][798.968s][info ][safepoint     ] Entering safepoint region: Cleanup
[2023-11-15T20:17:11.207+0000][798.969s][info ][safepoint     ] Leaving safepoint region
[2023-11-15T20:17:11.207+0000][798.969s][info ][safepoint     ] Total time for which application threads were stopped: 0.0003270 seconds, Stopping threads took: 0.0000485 seconds
[2023-11-15T20:17:33.209+0000][820.971s][debug][safepoint     ] Safepoint synchronization initiated. (162 threads)
[2023-11-15T20:17:33.209+0000][820.971s][info ][safepoint     ] Application time: 22.0021164 seconds
[2023-11-15T20:17:33.209+0000][820.971s][info ][safepoint     ] Entering safepoint region: Cleanup
[2023-11-15T20:17:33.209+0000][820.971s][info ][safepoint     ] Leaving safepoint region
[2023-11-15T20:17:33.210+0000][820.971s][info ][safepoint     ] Total time for which application threads were stopped: 0.0003265 seconds, Stopping threads took: 0.0000481 seconds
[2023-11-15T20:17:36.210+0000][823.971s][debug][safepoint     ] Safepoint synchronization initiated. (162 threads)
[2023-11-15T20:17:36.210+0000][823.972s][info ][safepoint     ] Application time: 3.0003863 seconds
[2023-11-15T20:17:36.210+0000][823.972s][info ][safepoint     ] Entering safepoint region: Cleanup
[2023-11-15T20:17:36.210+0000][823.972s][info ][safepoint     ] Leaving safepoint region
[2023-11-15T20:17:36.210+0000][823.972s][info ][safepoint     ] Total time for which application threads were stopped: 0.0003251 seconds, Stopping threads took: 0.0000478 seconds
[2023-11-15T20:17:37.210+0000][824.972s][debug][safepoint     ] Safepoint synchronization initiated. (162 threads)
[2023-11-15T20:17:37.210+0000][824.972s][info ][safepoint     ] Application time: 1.0001584 seconds
[2023-11-15T20:17:37.210+0000][824.972s][info ][safepoint     ] Entering safepoint region: Cleanup
[2023-11-15T20:17:37.211+0000][824.972s][info ][safepoint     ] Leaving safepoint region
[2023-11-15T20:17:37.211+0000][824.972s][info ][safepoint     ] Total time for which application threads were stopped: 0.0002881 seconds, Stopping threads took: 0.0000466 seconds
[2023-11-15T20:17:46.212+0000][833.973s][debug][safepoint     ] Safepoint synchronization initiated. (162 threads)
[2023-11-15T20:17:46.212+0000][833.973s][info ][safepoint     ] Application time: 9.0008827 seconds
[2023-11-15T20:17:46.212+0000][833.973s][debug][safepoint     ] ... found polling page return exception at pc = 0x00007f693106061b, stub =0x00007f692883a800
[2023-11-15T20:17:46.212+0000][833.973s][debug][safepoint     ] Waiting for 1 thread(s) to block
[2023-11-15T20:17:46.212+0000][833.973s][info ][safepoint     ] Entering safepoint region: Cleanup
[2023-11-15T20:17:46.212+0000][833.974s][info ][safepoint     ] Leaving safepoint region
[2023-11-15T20:17:46.212+0000][833.974s][info ][safepoint     ] Total time for which application threads were stopped: 0.0004891 seconds, Stopping threads took: 0.0002143 seconds
[2023-11-15T20:17:47.212+0000][834.974s][debug][safepoint     ] Safepoint synchronization initiated. (162 threads)
[2023-11-15T20:17:47.212+0000][834.974s][info ][safepoint     ] Application time: 1.0001508 seconds
[2023-11-15T20:17:47.212+0000][834.974s][info ][safepoint     ] Entering safepoint region: Cleanup
[2023-11-15T20:17:47.213+0000][834.974s][info ][safepoint     ] Leaving safepoint region
[2023-11-15T20:17:47.213+0000][834.974s][info ][safepoint     ] Total time for which application threads were stopped: 0.0003275 seconds, Stopping threads took: 0.0000478 seconds
[2023-11-15T20:18:16.215+0000][863.977s][debug][safepoint     ] Safepoint synchronization initiated. (162 threads)
[2023-11-15T20:18:16.216+0000][863.977s][info ][safepoint     ] Application time: 29.0028459 seconds
[2023-11-15T20:18:16.216+0000][863.977s][info ][safepoint     ] Entering safepoint region: Cleanup
[2023-11-15T20:18:16.216+0000][863.977s][info ][safepoint     ] Leaving safepoint region
[2023-11-15T20:18:16.216+0000][863.978s][info ][safepoint     ] Total time for which application threads were stopped: 0.0003279 seconds, Stopping threads took: 0.0000473 seconds
[2023-11-15T20:18:17.216+0000][864.978s][debug][safepoint     ] Safepoint synchronization initiated. (162 threads)
[2023-11-15T20:18:17.216+0000][864.978s][info ][safepoint     ] Application time: 1.0001431 seconds
[2023-11-15T20:18:17.216+0000][864.978s][info ][safepoint     ] Entering safepoint region: Cleanup
[2023-11-15T20:18:17.216+0000][864.978s][info ][safepoint     ] Leaving safepoint region
[2023-11-15T20:18:17.216+0000][864.978s][info ][safepoint     ] Total time for which application threads were stopped: 0.0003285 seconds, Stopping threads took: 0.0000499 seconds
[2023-11-15T20:18:36.218+0000][883.980s][debug][safepoint     ] Safepoint synchronization initiated. (162 threads)
[2023-11-15T20:18:36.218+0000][883.980s][info ][safepoint     ] Application time: 19.0018031 seconds
[2023-11-15T20:18:36.218+0000][883.980s][info ][safepoint     ] Entering safepoint region: Cleanup
[2023-11-15T20:18:36.219+0000][883.980s][info ][safepoint     ] Leaving safepoint region
[2023-11-15T20:18:36.219+0000][883.980s][info ][safepoint     ] Total time for which application threads were stopped: 0.0003296 seconds, Stopping threads took: 0.0000481 seconds
[2023-11-15T20:18:37.219+0000][884.980s][debug][safepoint     ] Safepoint synchronization initiated. (162 threads)
[2023-11-15T20:18:37.219+0000][884.980s][info ][safepoint     ] Application time: 1.0001378 seconds
[2023-11-15T20:18:37.219+0000][884.980s][info ][safepoint     ] Entering safepoint region: Cleanup
[2023-11-15T20:18:37.219+0000][884.981s][info ][safepoint     ] Leaving safepoint region
[2023-11-15T20:18:37.219+0000][884.981s][info ][safepoint     ] Total time for which application threads were stopped: 0.0003207 seconds, Stopping threads took: 0.0000476 seconds
[2023-11-15T20:18:47.220+0000][894.982s][debug][safepoint     ] Safepoint synchronization initiated. (162 threads)
[2023-11-15T20:18:47.220+0000][894.982s][info ][safepoint     ] Application time: 10.0009185 seconds
[2023-11-15T20:18:47.220+0000][894.982s][info ][safepoint     ] Entering safepoint region: Cleanup
[2023-11-15T20:18:47.220+0000][894.982s][info ][safepoint     ] Leaving safepoint region
[2023-11-15T20:18:47.220+0000][894.982s][info ][safepoint     ] Total time for which application threads were stopped: 0.0003189 seconds, Stopping threads took: 0.0000446 seconds
[2023-11-15T20:19:27.224+0000][934.986s][debug][safepoint     ] Safepoint synchronization initiated. (162 threads)
[2023-11-15T20:19:27.224+0000][934.986s][info ][safepoint     ] Application time: 40.0038196 seconds
[2023-11-15T20:19:27.224+0000][934.986s][info ][safepoint     ] Entering safepoint region: Cleanup
[2023-11-15T20:19:27.224+0000][934.986s][info ][safepoint     ] Leaving safepoint region
[2023-11-15T20:19:27.224+0000][934.986s][info ][safepoint     ] Total time for which application threads were stopped: 0.0002422 seconds, Stopping threads took: 0.0000470 seconds
[2023-11-15T20:19:45.226+0000][952.988s][debug][safepoint     ] Safepoint synchronization initiated. (162 threads)
[2023-11-15T20:19:45.226+0000][952.988s][info ][safepoint     ] Application time: 18.0017729 seconds
[2023-11-15T20:19:45.226+0000][952.988s][info ][safepoint     ] Entering safepoint region: Cleanup
[2023-11-15T20:19:45.227+0000][952.988s][info ][safepoint     ] Leaving safepoint region
[2023-11-15T20:19:45.227+0000][952.988s][info ][safepoint     ] Total time for which application threads were stopped: 0.0003360 seconds, Stopping threads took: 0.0000491 seconds
[2023-11-15T20:19:48.227+0000][955.989s][debug][safepoint     ] Safepoint synchronization initiated. (162 threads)
[2023-11-15T20:19:48.227+0000][955.989s][info ][safepoint     ] Application time: 3.0003462 seconds
[2023-11-15T20:19:48.227+0000][955.989s][info ][safepoint     ] Entering safepoint region: Cleanup
[2023-11-15T20:19:48.227+0000][955.989s][info ][safepoint     ] Leaving safepoint region
[2023-11-15T20:19:48.227+0000][955.989s][info ][safepoint     ] Total time for which application threads were stopped: 0.0003214 seconds, Stopping threads took: 0.0000459 seconds
[2023-11-15T20:20:16.230+0000][983.991s][debug][safepoint     ] Safepoint synchronization initiated. (162 threads)
[2023-11-15T20:20:16.230+0000][983.992s][info ][safepoint     ] Application time: 28.0026135 seconds
[2023-11-15T20:20:16.230+0000][983.992s][info ][safepoint     ] Entering safepoint region: Cleanup
[2023-11-15T20:20:16.230+0000][983.992s][info ][safepoint     ] Leaving safepoint region
[2023-11-15T20:20:16.230+0000][983.992s][info ][safepoint     ] Total time for which application threads were stopped: 0.0002454 seconds, Stopping threads took: 0.0000496 seconds
[2023-11-15T20:20:36.232+0000][1003.994s][debug][safepoint     ] Safepoint synchronization initiated. (162 threads)
[2023-11-15T20:20:36.232+0000][1003.994s][info ][safepoint     ] Application time: 20.0017242 seconds
[2023-11-15T20:20:36.232+0000][1003.994s][info ][safepoint     ] Entering safepoint region: Cleanup
[2023-11-15T20:20:36.232+0000][1003.994s][info ][safepoint     ] Leaving safepoint region
[2023-11-15T20:20:36.232+0000][1003.994s][info ][safepoint     ] Total time for which application threads were stopped: 0.0003232 seconds, Stopping threads took: 0.0000486 seconds
[2023-11-15T20:20:48.233+0000][1015.995s][debug][safepoint     ] Safepoint synchronization initiated. (162 threads)
[2023-11-15T20:20:48.234+0000][1015.995s][info ][safepoint     ] Application time: 12.0012019 seconds
[2023-11-15T20:20:48.234+0000][1015.995s][info ][safepoint     ] Entering safepoint region: Cleanup
[2023-11-15T20:20:48.234+0000][1015.995s][info ][safepoint     ] Leaving safepoint region
[2023-11-15T20:20:48.234+0000][1015.995s][info ][safepoint     ] Total time for which application threads were stopped: 0.0003133 seconds, Stopping threads took: 0.0000467 seconds
[2023-11-15T20:20:54.234+0000][1021.996s][debug][safepoint     ] Safepoint synchronization initiated. (162 threads)
[2023-11-15T20:20:54.234+0000][1021.996s][info ][safepoint     ] Application time: 6.0005941 seconds
[2023-11-15T20:20:54.235+0000][1021.996s][info ][safepoint     ] Entering safepoint region: Cleanup
[2023-11-15T20:20:54.235+0000][1021.996s][info ][safepoint     ] Leaving safepoint region
[2023-11-15T20:20:54.235+0000][1021.996s][info ][safepoint     ] Total time for which application threads were stopped: 0.0003195 seconds, Stopping threads took: 0.0000484 seconds
[2023-11-15T20:21:44.239+0000][1072.001s][debug][safepoint     ] Safepoint synchronization initiated. (162 threads)
[2023-11-15T20:21:44.239+0000][1072.001s][info ][safepoint     ] Application time: 50.0045178 seconds
[2023-11-15T20:21:44.239+0000][1072.001s][info ][safepoint     ] Entering safepoint region: Cleanup
[2023-11-15T20:21:44.240+0000][1072.001s][info ][safepoint     ] Leaving safepoint region
[2023-11-15T20:21:44.240+0000][1072.001s][info ][safepoint     ] Total time for which application threads were stopped: 0.0002646 seconds, Stopping threads took: 0.0000466 seconds
[2023-11-15T20:22:33.244+0000][1121.006s][debug][safepoint     ] Safepoint synchronization initiated. (162 threads)
[2023-11-15T20:22:33.244+0000][1121.006s][info ][safepoint     ] Application time: 49.0044414 seconds
[2023-11-15T20:22:33.244+0000][1121.006s][info ][safepoint     ] Entering safepoint region: Cleanup
[2023-11-15T20:22:33.244+0000][1121.006s][info ][safepoint     ] Leaving safepoint region
[2023-11-15T20:22:33.244+0000][1121.006s][info ][safepoint     ] Total time for which application threads were stopped: 0.0002497 seconds, Stopping threads took: 0.0000496 seconds
[2023-11-15T20:22:41.939+0000][1129.701s][debug][safepoint     ] Safepoint synchronization initiated. (162 threads)
[2023-11-15T20:22:41.939+0000][1129.701s][info ][safepoint     ] Application time: 8.6948929 seconds
[2023-11-15T20:22:41.939+0000][1129.701s][info ][safepoint     ] Entering safepoint region: G1CollectForAllocation
[2023-11-15T20:22:41.940+0000][1129.701s][info ][gc,start      ] GC(41) Pause Young (Normal) (G1 Evacuation Pause)
[2023-11-15T20:22:41.940+0000][1129.701s][info ][gc,task       ] GC(41) Using 4 workers of 4 for evacuation
[2023-11-15T20:22:41.970+0000][1129.732s][info ][gc,phases     ] GC(41)   Pre Evacuate Collection Set: 0.0ms
[2023-11-15T20:22:41.970+0000][1129.732s][info ][gc,phases     ] GC(41)   Evacuate Collection Set: 25.9ms
[2023-11-15T20:22:41.970+0000][1129.732s][info ][gc,phases     ] GC(41)   Post Evacuate Collection Set: 4.4ms
[2023-11-15T20:22:41.970+0000][1129.732s][info ][gc,phases     ] GC(41)   Other: 0.4ms
[2023-11-15T20:22:41.970+0000][1129.732s][info ][gc,heap       ] GC(41) Eden regions: 457->0(457)
[2023-11-15T20:22:41.970+0000][1129.732s][info ][gc,heap       ] GC(41) Survivor regions: 20->20(60)
[2023-11-15T20:22:41.970+0000][1129.732s][info ][gc,heap       ] GC(41) Old regions: 128->128
[2023-11-15T20:22:41.970+0000][1129.732s][info ][gc,heap       ] GC(41) Humongous regions: 0->0
[2023-11-15T20:22:41.970+0000][1129.732s][info ][gc,metaspace  ] GC(41) Metaspace: 152785K(157884K)->152785K(157884K) NonClass: 135026K(138088K)->135026K(138088K) Class: 17759K(19796K)->17759K(19796K)
[2023-11-15T20:22:41.970+0000][1129.732s][info ][gc            ] GC(41) Pause Young (Normal) (G1 Evacuation Pause) 602M->145M(795M) 30.928ms
[2023-11-15T20:22:41.971+0000][1129.732s][info ][gc,cpu        ] GC(41) User=0.12s Sys=0.00s Real=0.03s
[2023-11-15T20:22:41.971+0000][1129.732s][info ][safepoint     ] Leaving safepoint region
[2023-11-15T20:22:41.971+0000][1129.732s][info ][safepoint     ] Total time for which application threads were stopped: 0.0313149 seconds, Stopping threads took: 0.0000479 seconds
[2023-11-15T20:22:41.971+0000][1129.732s][info ][gc,stringdedup] Concurrent String Deduplication (1129.732s)
[2023-11-15T20:22:41.975+0000][1129.737s][info ][gc,stringdedup] Concurrent String Deduplication 468.3K->270.2K(198.1K) avg 53.8% (1129.732s, 1129.737s) 4.225ms
[2023-11-15T20:22:50.971+0000][1138.733s][debug][safepoint     ] Safepoint synchronization initiated. (162 threads)
[2023-11-15T20:22:50.972+0000][1138.733s][info ][safepoint     ] Application time: 9.0009612 seconds
[2023-11-15T20:22:50.972+0000][1138.733s][info ][safepoint     ] Entering safepoint region: Cleanup
[2023-11-15T20:22:50.972+0000][1138.734s][info ][safepoint     ] Leaving safepoint region
[2023-11-15T20:22:50.972+0000][1138.734s][info ][safepoint     ] Total time for which application threads were stopped: 0.0003301 seconds, Stopping threads took: 0.0000480 seconds
[2023-11-15T20:22:51.972+0000][1139.734s][debug][safepoint     ] Safepoint synchronization initiated. (162 threads)
[2023-11-15T20:22:51.972+0000][1139.734s][info ][safepoint     ] Application time: 1.0001601 seconds
[2023-11-15T20:22:51.972+0000][1139.734s][info ][safepoint     ] Entering safepoint region: Cleanup
[2023-11-15T20:22:51.972+0000][1139.734s][info ][safepoint     ] Leaving safepoint region
[2023-11-15T20:22:51.972+0000][1139.734s][info ][safepoint     ] Total time for which application threads were stopped: 0.0003330 seconds, Stopping threads took: 0.0000469 seconds
[2023-11-15T20:22:54.973+0000][1142.734s][debug][safepoint     ] Safepoint synchronization initiated. (162 threads)
[2023-11-15T20:22:54.973+0000][1142.734s][info ][safepoint     ] Application time: 3.0003242 seconds
[2023-11-15T20:22:54.973+0000][1142.734s][info ][safepoint     ] Entering safepoint region: Cleanup
[2023-11-15T20:22:54.973+0000][1142.735s][info ][safepoint     ] Leaving safepoint region
[2023-11-15T20:22:54.973+0000][1142.735s][info ][safepoint     ] Total time for which application threads were stopped: 0.0002957 seconds, Stopping threads took: 0.0000482 seconds
[2023-11-15T20:23:25.976+0000][1173.738s][debug][safepoint     ] Safepoint synchronization initiated. (162 threads)
[2023-11-15T20:23:25.976+0000][1173.738s][info ][safepoint     ] Application time: 31.0029879 seconds
[2023-11-15T20:23:25.976+0000][1173.738s][info ][safepoint     ] Entering safepoint region: Cleanup
[2023-11-15T20:23:25.976+0000][1173.738s][info ][safepoint     ] Leaving safepoint region
[2023-11-15T20:23:25.976+0000][1173.738s][info ][safepoint     ] Total time for which application threads were stopped: 0.0003250 seconds, Stopping threads took: 0.0000479 seconds
[2023-11-15T20:23:34.977+0000][1182.739s][debug][safepoint     ] Safepoint synchronization initiated. (162 threads)
[2023-11-15T20:23:34.977+0000][1182.739s][info ][safepoint     ] Application time: 9.0008983 seconds
[2023-11-15T20:23:34.977+0000][1182.739s][info ][safepoint     ] Entering safepoint region: Cleanup
[2023-11-15T20:23:34.978+0000][1182.739s][info ][safepoint     ] Leaving safepoint region
[2023-11-15T20:23:34.978+0000][1182.739s][info ][safepoint     ] Total time for which application threads were stopped: 0.0003220 seconds, Stopping threads took: 0.0000481 seconds
[2023-11-15T20:23:35.978+0000][1183.739s][debug][safepoint     ] Safepoint synchronization initiated. (162 threads)
[2023-11-15T20:23:35.978+0000][1183.740s][info ][safepoint     ] Application time: 1.0001723 seconds
[2023-11-15T20:23:35.978+0000][1183.740s][info ][safepoint     ] Entering safepoint region: Cleanup
[2023-11-15T20:23:35.978+0000][1183.740s][info ][safepoint     ] Leaving safepoint region
[2023-11-15T20:23:35.978+0000][1183.740s][info ][safepoint     ] Total time for which application threads were stopped: 0.0003263 seconds, Stopping threads took: 0.0000483 seconds
[2023-11-15T20:23:52.980+0000][1200.741s][debug][safepoint     ] Safepoint synchronization initiated. (162 threads)
[2023-11-15T20:23:52.980+0000][1200.742s][info ][safepoint     ] Application time: 17.0016054 seconds
[2023-11-15T20:23:52.980+0000][1200.742s][info ][safepoint     ] Entering safepoint region: Cleanup
[2023-11-15T20:23:52.980+0000][1200.742s][info ][safepoint     ] Leaving safepoint region
[2023-11-15T20:23:52.980+0000][1200.742s][info ][safepoint     ] Total time for which application threads were stopped: 0.0002383 seconds, Stopping threads took: 0.0000471 seconds
[2023-11-15T20:24:03.981+0000][1211.743s][debug][safepoint     ] Safepoint synchronization initiated. (162 threads)
[2023-11-15T20:24:03.981+0000][1211.743s][info ][safepoint     ] Application time: 11.0010268 seconds
[2023-11-15T20:24:03.981+0000][1211.743s][info ][safepoint     ] Entering safepoint region: Cleanup
[2023-11-15T20:24:03.981+0000][1211.743s][info ][safepoint     ] Leaving safepoint region
[2023-11-15T20:24:03.982+0000][1211.743s][info ][safepoint     ] Total time for which application threads were stopped: 0.0003241 seconds, Stopping threads took: 0.0000462 seconds
[2023-11-15T20:24:35.984+0000][1243.746s][debug][safepoint     ] Safepoint synchronization initiated. (162 threads)
[2023-11-15T20:24:35.985+0000][1243.746s][info ][safepoint     ] Application time: 32.0030105 seconds
[2023-11-15T20:24:35.985+0000][1243.746s][info ][safepoint     ] Entering safepoint region: Cleanup
[2023-11-15T20:24:35.985+0000][1243.747s][info ][safepoint     ] Leaving safepoint region
[2023-11-15T20:24:35.985+0000][1243.747s][info ][safepoint     ] Total time for which application threads were stopped: 0.0003346 seconds, Stopping threads took: 0.0000485 seconds
[2023-11-15T20:24:53.987+0000][1261.748s][debug][safepoint     ] Safepoint synchronization initiated. (162 threads)
[2023-11-15T20:24:53.987+0000][1261.748s][info ][safepoint     ] Application time: 18.0016758 seconds
[2023-11-15T20:24:53.987+0000][1261.748s][info ][safepoint     ] Entering safepoint region: Cleanup
[2023-11-15T20:24:53.987+0000][1261.749s][info ][safepoint     ] Leaving safepoint region
[2023-11-15T20:24:53.987+0000][1261.749s][info ][safepoint     ] Total time for which application threads were stopped: 0.0003358 seconds, Stopping threads took: 0.0000482 seconds
[2023-11-15T20:25:35.991+0000][1303.752s][debug][safepoint     ] Safepoint synchronization initiated. (162 threads)
[2023-11-15T20:25:35.991+0000][1303.753s][info ][safepoint     ] Application time: 42.0038866 seconds
[2023-11-15T20:25:35.991+0000][1303.753s][info ][safepoint     ] Entering safepoint region: Cleanup
[2023-11-15T20:25:35.991+0000][1303.753s][info ][safepoint     ] Leaving safepoint region
[2023-11-15T20:25:35.991+0000][1303.753s][info ][safepoint     ] Total time for which application threads were stopped: 0.0003039 seconds, Stopping threads took: 0.0000482 seconds
[2023-11-15T20:25:51.993+0000][1319.754s][debug][safepoint     ] Safepoint synchronization initiated. (162 threads)
[2023-11-15T20:25:51.993+0000][1319.754s][info ][safepoint     ] Application time: 16.0014699 seconds
[2023-11-15T20:25:51.993+0000][1319.754s][info ][safepoint     ] Entering safepoint region: Cleanup
[2023-11-15T20:25:51.993+0000][1319.755s][info ][safepoint     ] Leaving safepoint region
[2023-11-15T20:25:51.993+0000][1319.755s][info ][safepoint     ] Total time for which application threads were stopped: 0.0003458 seconds, Stopping threads took: 0.0000482 seconds
[2023-11-15T20:25:54.993+0000][1322.755s][debug][safepoint     ] Safepoint synchronization initiated. (162 threads)
[2023-11-15T20:25:54.993+0000][1322.755s][info ][safepoint     ] Application time: 3.0003777 seconds
[2023-11-15T20:25:54.994+0000][1322.755s][info ][safepoint     ] Entering safepoint region: Cleanup
[2023-11-15T20:25:54.994+0000][1322.755s][info ][safepoint     ] Leaving safepoint region
[2023-11-15T20:25:54.994+0000][1322.755s][info ][safepoint     ] Total time for which application threads were stopped: 0.0003311 seconds, Stopping threads took: 0.0000488 seconds
[2023-11-15T20:26:01.994+0000][1329.756s][debug][safepoint     ] Safepoint synchronization initiated. (162 threads)
[2023-11-15T20:26:01.995+0000][1329.756s][info ][safepoint     ] Application time: 7.0006958 seconds
[2023-11-15T20:26:01.995+0000][1329.756s][info ][safepoint     ] Entering safepoint region: Cleanup
[2023-11-15T20:26:01.995+0000][1329.756s][info ][safepoint     ] Leaving safepoint region
[2023-11-15T20:26:01.995+0000][1329.756s][info ][safepoint     ] Total time for which application threads were stopped: 0.0002708 seconds, Stopping threads took: 0.0000457 seconds
[2023-11-15T20:26:09.996+0000][1337.757s][debug][safepoint     ] Safepoint synchronization initiated. (162 threads)
[2023-11-15T20:26:09.996+0000][1337.757s][info ][safepoint     ] Application time: 8.0007532 seconds
[2023-11-15T20:26:09.996+0000][1337.757s][info ][safepoint     ] Entering safepoint region: Cleanup
[2023-11-15T20:26:09.996+0000][1337.757s][info ][safepoint     ] Leaving safepoint region
[2023-11-15T20:26:09.996+0000][1337.757s][info ][safepoint     ] Total time for which application threads were stopped: 0.0002594 seconds, Stopping threads took: 0.0000516 seconds
[2023-11-15T20:26:35.998+0000][1363.760s][debug][safepoint     ] Safepoint synchronization initiated. (162 threads)
[2023-11-15T20:26:35.998+0000][1363.760s][info ][safepoint     ] Application time: 26.0023435 seconds
[2023-11-15T20:26:35.998+0000][1363.760s][info ][safepoint     ] Entering safepoint region: Cleanup
[2023-11-15T20:26:35.998+0000][1363.760s][info ][safepoint     ] Leaving safepoint region
[2023-11-15T20:26:35.998+0000][1363.760s][info ][safepoint     ] Total time for which application threads were stopped: 0.0002351 seconds, Stopping threads took: 0.0000486 seconds
[2023-11-15T20:27:57.005+0000][1444.767s][debug][safepoint     ] Safepoint synchronization initiated. (162 threads)
[2023-11-15T20:27:57.006+0000][1444.767s][info ][safepoint     ] Application time: 81.0070677 seconds
[2023-11-15T20:27:57.006+0000][1444.767s][info ][safepoint     ] Entering safepoint region: Cleanup
[2023-11-15T20:27:57.006+0000][1444.767s][info ][safepoint     ] Leaving safepoint region
[2023-11-15T20:27:57.006+0000][1444.767s][info ][safepoint     ] Total time for which application threads were stopped: 0.0002183 seconds, Stopping threads took: 0.0000407 seconds
[2023-11-15T20:28:58.010+0000][1505.772s][debug][safepoint     ] Safepoint synchronization initiated. (162 threads)
[2023-11-15T20:28:58.010+0000][1505.772s][info ][safepoint     ] Application time: 61.0045656 seconds
[2023-11-15T20:28:58.010+0000][1505.772s][info ][safepoint     ] Entering safepoint region: Cleanup
[2023-11-15T20:28:58.011+0000][1505.772s][info ][safepoint     ] Leaving safepoint region
[2023-11-15T20:28:58.011+0000][1505.772s][info ][safepoint     ] Total time for which application threads were stopped: 0.0002005 seconds, Stopping threads took: 0.0000370 seconds
[2023-11-15T20:29:36.018+0000][1543.779s][debug][safepoint     ] Safepoint synchronization initiated. (162 threads)
[2023-11-15T20:29:36.018+0000][1543.779s][info ][safepoint     ] Application time: 38.0072745 seconds
[2023-11-15T20:29:36.018+0000][1543.780s][info ][safepoint     ] Entering safepoint region: Cleanup
[2023-11-15T20:29:36.018+0000][1543.780s][info ][safepoint     ] Leaving safepoint region
[2023-11-15T20:29:36.018+0000][1543.780s][info ][safepoint     ] Total time for which application threads were stopped: 0.0002101 seconds, Stopping threads took: 0.0000420 seconds
[2023-11-15T20:29:50.020+0000][1557.781s][debug][safepoint     ] Safepoint synchronization initiated. (162 threads)
[2023-11-15T20:29:50.020+0000][1557.781s][info ][safepoint     ] Application time: 14.0016911 seconds
[2023-11-15T20:29:50.020+0000][1557.781s][info ][safepoint     ] Entering safepoint region: Cleanup
[2023-11-15T20:29:50.020+0000][1557.782s][info ][safepoint     ] Leaving safepoint region
[2023-11-15T20:29:50.020+0000][1557.782s][info ][safepoint     ] Total time for which application threads were stopped: 0.0002697 seconds, Stopping threads took: 0.0000421 seconds
[2023-11-15T20:29:59.021+0000][1566.782s][debug][safepoint     ] Safepoint synchronization initiated. (162 threads)
[2023-11-15T20:29:59.021+0000][1566.782s][info ][safepoint     ] Application time: 9.0006493 seconds
[2023-11-15T20:29:59.021+0000][1566.782s][info ][safepoint     ] Entering safepoint region: Cleanup
[2023-11-15T20:29:59.021+0000][1566.783s][info ][safepoint     ] Leaving safepoint region
[2023-11-15T20:29:59.021+0000][1566.783s][info ][safepoint     ] Total time for which application threads were stopped: 0.0001818 seconds, Stopping threads took: 0.0000368 seconds
[2023-11-15T20:30:16.022+0000][1583.784s][debug][safepoint     ] Safepoint synchronization initiated. (162 threads)
[2023-11-15T20:30:16.022+0000][1583.784s][info ][safepoint     ] Application time: 17.0013139 seconds
[2023-11-15T20:30:16.022+0000][1583.784s][info ][safepoint     ] Entering safepoint region: Cleanup
[2023-11-15T20:30:16.022+0000][1583.784s][info ][safepoint     ] Leaving safepoint region
[2023-11-15T20:30:16.022+0000][1583.784s][info ][safepoint     ] Total time for which application threads were stopped: 0.0001995 seconds, Stopping threads took: 0.0000367 seconds
[2023-11-15T20:30:51.682+0000][1619.444s][debug][safepoint     ] Safepoint synchronization initiated. (162 threads)
[2023-11-15T20:30:51.682+0000][1619.444s][info ][safepoint     ] Application time: 35.6594575 seconds
[2023-11-15T20:30:51.682+0000][1619.444s][info ][safepoint     ] Entering safepoint region: G1CollectForAllocation
[2023-11-15T20:30:51.682+0000][1619.444s][info ][gc,start      ] GC(42) Pause Young (Normal) (G1 Evacuation Pause)
[2023-11-15T20:30:51.682+0000][1619.444s][info ][gc,task       ] GC(42) Using 4 workers of 4 for evacuation
[2023-11-15T20:30:51.704+0000][1619.465s][info ][gc,phases     ] GC(42)   Pre Evacuate Collection Set: 0.0ms
[2023-11-15T20:30:51.704+0000][1619.466s][info ][gc,phases     ] GC(42)   Evacuate Collection Set: 16.9ms
[2023-11-15T20:30:51.704+0000][1619.466s][info ][gc,phases     ] GC(42)   Post Evacuate Collection Set: 4.4ms
[2023-11-15T20:30:51.704+0000][1619.466s][info ][gc,phases     ] GC(42)   Other: 0.4ms
[2023-11-15T20:30:51.704+0000][1619.466s][info ][gc,heap       ] GC(42) Eden regions: 457->0(457)
[2023-11-15T20:30:51.704+0000][1619.466s][info ][gc,heap       ] GC(42) Survivor regions: 20->20(60)
[2023-11-15T20:30:51.704+0000][1619.466s][info ][gc,heap       ] GC(42) Old regions: 128->128
[2023-11-15T20:30:51.704+0000][1619.466s][info ][gc,heap       ] GC(42) Humongous regions: 0->0
[2023-11-15T20:30:51.704+0000][1619.466s][info ][gc,metaspace  ] GC(42) Metaspace: 152898K(158140K)->152898K(158140K) NonClass: 135137K(138344K)->135137K(138344K) Class: 17760K(19796K)->17760K(19796K)
[2023-11-15T20:30:51.704+0000][1619.466s][info ][gc            ] GC(42) Pause Young (Normal) (G1 Evacuation Pause) 602M->145M(795M) 21.821ms
[2023-11-15T20:30:51.704+0000][1619.466s][info ][gc,cpu        ] GC(42) User=0.08s Sys=0.00s Real=0.02s
[2023-11-15T20:30:51.704+0000][1619.466s][info ][safepoint     ] Leaving safepoint region
[2023-11-15T20:30:51.704+0000][1619.466s][info ][safepoint     ] Total time for which application threads were stopped: 0.0221219 seconds, Stopping threads took: 0.0000385 seconds
[2023-11-15T20:30:51.704+0000][1619.466s][info ][gc,stringdedup] Concurrent String Deduplication (1619.466s)
[2023-11-15T20:30:51.704+0000][1619.466s][info ][gc,stringdedup] Concurrent String Deduplication 752.0B->528.0B(224.0B) avg 53.8% (1619.466s, 1619.466s) 0.089ms
[2023-11-15T20:30:59.705+0000][1627.467s][debug][safepoint     ] Safepoint synchronization initiated. (162 threads)
[2023-11-15T20:30:59.705+0000][1627.467s][info ][safepoint     ] Application time: 8.0008663 seconds
[2023-11-15T20:30:59.705+0000][1627.467s][info ][safepoint     ] Entering safepoint region: Cleanup
[2023-11-15T20:30:59.705+0000][1627.467s][info ][safepoint     ] Leaving safepoint region
[2023-11-15T20:30:59.705+0000][1627.467s][info ][safepoint     ] Total time for which application threads were stopped: 0.0003304 seconds, Stopping threads took: 0.0000504 seconds
[2023-11-15T20:31:08.706+0000][1636.468s][debug][safepoint     ] Safepoint synchronization initiated. (162 threads)
[2023-11-15T20:31:08.706+0000][1636.468s][info ][safepoint     ] Application time: 9.0009589 seconds
[2023-11-15T20:31:08.706+0000][1636.468s][info ][safepoint     ] Entering safepoint region: Cleanup
[2023-11-15T20:31:08.707+0000][1636.468s][info ][safepoint     ] Leaving safepoint region
[2023-11-15T20:31:08.707+0000][1636.468s][info ][safepoint     ] Total time for which application threads were stopped: 0.0003252 seconds, Stopping threads took: 0.0000510 seconds
[2023-11-15T20:31:16.707+0000][1644.469s][debug][safepoint     ] Safepoint synchronization initiated. (162 threads)
[2023-11-15T20:31:16.707+0000][1644.469s][info ][safepoint     ] Application time: 8.0008206 seconds
[2023-11-15T20:31:16.708+0000][1644.469s][info ][safepoint     ] Entering safepoint region: Cleanup
[2023-11-15T20:31:16.708+0000][1644.469s][info ][safepoint     ] Leaving safepoint region
[2023-11-15T20:31:16.708+0000][1644.469s][info ][safepoint     ] Total time for which application threads were stopped: 0.0002690 seconds, Stopping threads took: 0.0000519 seconds
[2023-11-15T20:31:35.710+0000][1663.471s][debug][safepoint     ] Safepoint synchronization initiated. (162 threads)
[2023-11-15T20:31:35.710+0000][1663.471s][info ][safepoint     ] Application time: 19.0017750 seconds
[2023-11-15T20:31:35.710+0000][1663.471s][info ][safepoint     ] Entering safepoint region: Cleanup
[2023-11-15T20:31:35.710+0000][1663.472s][info ][safepoint     ] Leaving safepoint region
[2023-11-15T20:31:35.710+0000][1663.472s][info ][safepoint     ] Total time for which application threads were stopped: 0.0003381 seconds, Stopping threads took: 0.0000490 seconds
[2023-11-15T20:31:59.712+0000][1687.474s][debug][safepoint     ] Safepoint synchronization initiated. (162 threads)
[2023-11-15T20:31:59.712+0000][1687.474s][info ][safepoint     ] Application time: 24.0021695 seconds
[2023-11-15T20:31:59.712+0000][1687.474s][info ][safepoint     ] Entering safepoint region: Cleanup
[2023-11-15T20:31:59.712+0000][1687.474s][info ][safepoint     ] Leaving safepoint region
[2023-11-15T20:31:59.712+0000][1687.474s][info ][safepoint     ] Total time for which application threads were stopped: 0.0003262 seconds, Stopping threads took: 0.0000483 seconds
[2023-11-15T20:32:00.713+0000][1688.474s][debug][safepoint     ] Safepoint synchronization initiated. (162 threads)
[2023-11-15T20:32:00.713+0000][1688.474s][info ][safepoint     ] Application time: 1.0001664 seconds
[2023-11-15T20:32:00.713+0000][1688.474s][info ][safepoint     ] Entering safepoint region: Cleanup
[2023-11-15T20:32:00.713+0000][1688.475s][info ][safepoint     ] Leaving safepoint region
[2023-11-15T20:32:00.713+0000][1688.475s][info ][safepoint     ] Total time for which application threads were stopped: 0.0003317 seconds, Stopping threads took: 0.0000488 seconds
[2023-11-15T20:33:01.718+0000][1749.480s][debug][safepoint     ] Safepoint synchronization initiated. (162 threads)
[2023-11-15T20:33:01.719+0000][1749.480s][info ][safepoint     ] Application time: 61.0055124 seconds
[2023-11-15T20:33:01.719+0000][1749.480s][info ][safepoint     ] Entering safepoint region: Cleanup
[2023-11-15T20:33:01.719+0000][1749.481s][info ][safepoint     ] Leaving safepoint region
[2023-11-15T20:33:01.719+0000][1749.481s][info ][safepoint     ] Total time for which application threads were stopped: 0.0003331 seconds, Stopping threads took: 0.0000507 seconds
[2023-11-15T20:33:26.721+0000][1774.483s][debug][safepoint     ] Safepoint synchronization initiated. (164 threads)
[2023-11-15T20:33:26.721+0000][1774.483s][info ][safepoint     ] Application time: 25.0021678 seconds
[2023-11-15T20:33:26.721+0000][1774.483s][info ][safepoint     ] Entering safepoint region: Cleanup
[2023-11-15T20:33:26.721+0000][1774.483s][info ][safepoint     ] Leaving safepoint region
[2023-11-15T20:33:26.721+0000][1774.483s][info ][safepoint     ] Total time for which application threads were stopped: 0.0003462 seconds, Stopping threads took: 0.0000473 seconds
[2023-11-15T20:33:29.722+0000][1777.483s][debug][safepoint     ] Safepoint synchronization initiated. (164 threads)
[2023-11-15T20:33:29.722+0000][1777.483s][info ][safepoint     ] Application time: 3.0003390 seconds
[2023-11-15T20:33:29.722+0000][1777.484s][info ][safepoint     ] Entering safepoint region: Cleanup
[2023-11-15T20:33:29.722+0000][1777.484s][info ][safepoint     ] Leaving safepoint region
[2023-11-15T20:33:29.722+0000][1777.484s][info ][safepoint     ] Total time for which application threads were stopped: 0.0002989 seconds, Stopping threads took: 0.0000490 seconds
[2023-11-15T20:33:30.722+0000][1778.484s][debug][safepoint     ] Safepoint synchronization initiated. (164 threads)
[2023-11-15T20:33:30.722+0000][1778.484s][info ][safepoint     ] Application time: 1.0001583 seconds
[2023-11-15T20:33:30.722+0000][1778.484s][info ][safepoint     ] Entering safepoint region: Cleanup
[2023-11-15T20:33:30.723+0000][1778.484s][info ][safepoint     ] Leaving safepoint region
[2023-11-15T20:33:30.723+0000][1778.484s][info ][safepoint     ] Total time for which application threads were stopped: 0.0003291 seconds, Stopping threads took: 0.0000479 seconds
[2023-11-15T20:33:35.723+0000][1783.485s][debug][safepoint     ] Safepoint synchronization initiated. (164 threads)
[2023-11-15T20:33:35.723+0000][1783.485s][info ][safepoint     ] Application time: 5.0005175 seconds
[2023-11-15T20:33:35.723+0000][1783.485s][info ][safepoint     ] Entering safepoint region: Cleanup
[2023-11-15T20:33:35.724+0000][1783.485s][info ][safepoint     ] Leaving safepoint region
[2023-11-15T20:33:35.724+0000][1783.485s][info ][safepoint     ] Total time for which application threads were stopped: 0.0003655 seconds, Stopping threads took: 0.0000491 seconds
[2023-11-15T20:33:45.724+0000][1793.486s][debug][safepoint     ] Safepoint synchronization initiated. (164 threads)
[2023-11-15T20:33:45.725+0000][1793.486s][info ][safepoint     ] Application time: 10.0009327 seconds
[2023-11-15T20:33:45.725+0000][1793.486s][info ][safepoint     ] Entering safepoint region: Cleanup
[2023-11-15T20:33:45.725+0000][1793.486s][info ][safepoint     ] Leaving safepoint region
[2023-11-15T20:33:45.725+0000][1793.487s][info ][safepoint     ] Total time for which application threads were stopped: 0.0003353 seconds, Stopping threads took: 0.0000495 seconds
[2023-11-15T20:34:02.726+0000][1810.488s][debug][safepoint     ] Safepoint synchronization initiated. (163 threads)
[2023-11-15T20:34:02.727+0000][1810.488s][info ][safepoint     ] Application time: 17.0016423 seconds
[2023-11-15T20:34:02.727+0000][1810.488s][info ][safepoint     ] Entering safepoint region: Cleanup
[2023-11-15T20:34:02.727+0000][1810.489s][info ][safepoint     ] Leaving safepoint region
[2023-11-15T20:34:02.727+0000][1810.489s][info ][safepoint     ] Total time for which application threads were stopped: 0.0003428 seconds, Stopping threads took: 0.0000493 seconds
[2023-11-15T20:34:08.727+0000][1816.489s][debug][safepoint     ] Safepoint synchronization initiated. (162 threads)
[2023-11-15T20:34:08.728+0000][1816.489s][info ][safepoint     ] Application time: 6.0006220 seconds
[2023-11-15T20:34:08.728+0000][1816.489s][info ][safepoint     ] Entering safepoint region: Cleanup
[2023-11-15T20:34:08.728+0000][1816.489s][info ][safepoint     ] Leaving safepoint region
[2023-11-15T20:34:08.728+0000][1816.490s][info ][safepoint     ] Total time for which application threads were stopped: 0.0003297 seconds, Stopping threads took: 0.0000480 seconds
[2023-11-15T20:34:35.730+0000][1843.492s][debug][safepoint     ] Safepoint synchronization initiated. (162 threads)
[2023-11-15T20:34:35.730+0000][1843.492s][info ][safepoint     ] Application time: 27.0024954 seconds
[2023-11-15T20:34:35.730+0000][1843.492s][info ][safepoint     ] Entering safepoint region: Cleanup
[2023-11-15T20:34:35.731+0000][1843.492s][info ][safepoint     ] Leaving safepoint region
[2023-11-15T20:34:35.731+0000][1843.492s][info ][safepoint     ] Total time for which application threads were stopped: 0.0003040 seconds, Stopping threads took: 0.0000483 seconds
[2023-11-15T20:35:03.733+0000][1871.495s][debug][safepoint     ] Safepoint synchronization initiated. (162 threads)
[2023-11-15T20:35:03.733+0000][1871.495s][info ][safepoint     ] Application time: 28.0024997 seconds
[2023-11-15T20:35:03.733+0000][1871.495s][info ][safepoint     ] Entering safepoint region: Cleanup
[2023-11-15T20:35:03.734+0000][1871.495s][info ][safepoint     ] Leaving safepoint region
[2023-11-15T20:35:03.734+0000][1871.495s][info ][safepoint     ] Total time for which application threads were stopped: 0.0002821 seconds, Stopping threads took: 0.0000490 seconds
[2023-11-15T20:35:35.736+0000][1903.498s][debug][safepoint     ] Safepoint synchronization initiated. (162 threads)
[2023-11-15T20:35:35.736+0000][1903.498s][info ][safepoint     ] Application time: 32.0029008 seconds
[2023-11-15T20:35:35.737+0000][1903.498s][info ][safepoint     ] Entering safepoint region: Cleanup
[2023-11-15T20:35:35.737+0000][1903.498s][info ][safepoint     ] Leaving safepoint region
[2023-11-15T20:35:35.737+0000][1903.498s][info ][safepoint     ] Total time for which application threads were stopped: 0.0003371 seconds, Stopping threads took: 0.0000481 seconds
[2023-11-15T20:36:04.740+0000][1932.501s][debug][safepoint     ] Safepoint synchronization initiated. (162 threads)
[2023-11-15T20:36:04.740+0000][1932.501s][info ][safepoint     ] Application time: 29.0027366 seconds
[2023-11-15T20:36:04.740+0000][1932.501s][info ][safepoint     ] Entering safepoint region: Cleanup
[2023-11-15T20:36:04.740+0000][1932.502s][info ][safepoint     ] Leaving safepoint region
[2023-11-15T20:36:04.740+0000][1932.502s][info ][safepoint     ] Total time for which application threads were stopped: 0.0003213 seconds, Stopping threads took: 0.0000473 seconds
[2023-11-15T20:37:01.745+0000][1989.507s][debug][safepoint     ] Safepoint synchronization initiated. (162 threads)
[2023-11-15T20:37:01.745+0000][1989.507s][info ][safepoint     ] Application time: 57.0050999 seconds
[2023-11-15T20:37:01.745+0000][1989.507s][info ][safepoint     ] Entering safepoint region: Cleanup
[2023-11-15T20:37:01.745+0000][1989.507s][info ][safepoint     ] Leaving safepoint region
[2023-11-15T20:37:01.745+0000][1989.507s][info ][safepoint     ] Total time for which application threads were stopped: 0.0004219 seconds, Stopping threads took: 0.0001989 seconds
[2023-11-15T20:37:12.747+0000][2000.508s][debug][safepoint     ] Safepoint synchronization initiated. (162 threads)
[2023-11-15T20:37:12.747+0000][2000.508s][info ][safepoint     ] Application time: 11.0011640 seconds
[2023-11-15T20:37:12.747+0000][2000.508s][info ][safepoint     ] Entering safepoint region: Cleanup
[2023-11-15T20:37:12.747+0000][2000.509s][info ][safepoint     ] Leaving safepoint region
[2023-11-15T20:37:12.747+0000][2000.509s][info ][safepoint     ] Total time for which application threads were stopped: 0.0004223 seconds, Stopping threads took: 0.0002012 seconds
[2023-11-15T20:37:35.749+0000][2023.511s][debug][safepoint     ] Safepoint synchronization initiated. (162 threads)
[2023-11-15T20:37:35.749+0000][2023.511s][info ][safepoint     ] Application time: 23.0021466 seconds
[2023-11-15T20:37:35.749+0000][2023.511s][info ][safepoint     ] Entering safepoint region: Cleanup
[2023-11-15T20:37:35.750+0000][2023.511s][info ][safepoint     ] Leaving safepoint region
[2023-11-15T20:37:35.750+0000][2023.511s][info ][safepoint     ] Total time for which application threads were stopped: 0.0003331 seconds, Stopping threads took: 0.0000489 seconds
[2023-11-15T20:38:06.752+0000][2054.514s][debug][safepoint     ] Safepoint synchronization initiated. (162 threads)
[2023-11-15T20:38:06.752+0000][2054.514s][info ][safepoint     ] Application time: 31.0027654 seconds
[2023-11-15T20:38:06.752+0000][2054.514s][info ][safepoint     ] Entering safepoint region: Cleanup
[2023-11-15T20:38:06.753+0000][2054.514s][info ][safepoint     ] Leaving safepoint region
[2023-11-15T20:38:06.753+0000][2054.514s][info ][safepoint     ] Total time for which application threads were stopped: 0.0003351 seconds, Stopping threads took: 0.0000480 seconds
[2023-11-15T20:38:35.756+0000][2083.517s][debug][safepoint     ] Safepoint synchronization initiated. (162 threads)
[2023-11-15T20:38:35.756+0000][2083.517s][info ][safepoint     ] Application time: 29.0028020 seconds
[2023-11-15T20:38:35.756+0000][2083.517s][info ][safepoint     ] Entering safepoint region: Cleanup
[2023-11-15T20:38:35.756+0000][2083.518s][info ][safepoint     ] Leaving safepoint region
[2023-11-15T20:38:35.756+0000][2083.518s][info ][safepoint     ] Total time for which application threads were stopped: 0.0003368 seconds, Stopping threads took: 0.0000490 seconds
[2023-11-15T20:39:00.052+0000][2107.814s][debug][safepoint     ] Safepoint synchronization initiated. (162 threads)
[2023-11-15T20:39:00.052+0000][2107.814s][info ][safepoint     ] Application time: 24.2964753 seconds
[2023-11-15T20:39:00.052+0000][2107.814s][info ][safepoint     ] Entering safepoint region: G1CollectForAllocation
[2023-11-15T20:39:00.053+0000][2107.814s][info ][gc,start      ] GC(43) Pause Young (Normal) (G1 Evacuation Pause)
[2023-11-15T20:39:00.053+0000][2107.814s][info ][gc,task       ] GC(43) Using 4 workers of 4 for evacuation
[2023-11-15T20:39:00.071+0000][2107.832s][info ][gc,phases     ] GC(43)   Pre Evacuate Collection Set: 0.0ms
[2023-11-15T20:39:00.071+0000][2107.832s][info ][gc,phases     ] GC(43)   Evacuate Collection Set: 14.2ms
[2023-11-15T20:39:00.071+0000][2107.832s][info ][gc,phases     ] GC(43)   Post Evacuate Collection Set: 3.4ms
[2023-11-15T20:39:00.071+0000][2107.832s][info ][gc,phases     ] GC(43)   Other: 0.3ms
[2023-11-15T20:39:00.071+0000][2107.832s][info ][gc,heap       ] GC(43) Eden regions: 457->0(456)
[2023-11-15T20:39:00.071+0000][2107.832s][info ][gc,heap       ] GC(43) Survivor regions: 20->21(60)
[2023-11-15T20:39:00.071+0000][2107.832s][info ][gc,heap       ] GC(43) Old regions: 128->128
[2023-11-15T20:39:00.071+0000][2107.832s][info ][gc,heap       ] GC(43) Humongous regions: 0->0
[2023-11-15T20:39:00.071+0000][2107.832s][info ][gc,metaspace  ] GC(43) Metaspace: 153038K(158140K)->153038K(158140K) NonClass: 135277K(138344K)->135277K(138344K) Class: 17760K(19796K)->17760K(19796K)
[2023-11-15T20:39:00.071+0000][2107.832s][info ][gc            ] GC(43) Pause Young (Normal) (G1 Evacuation Pause) 602M->146M(795M) 18.066ms
[2023-11-15T20:39:00.071+0000][2107.832s][info ][gc,cpu        ] GC(43) User=0.06s Sys=0.00s Real=0.02s
[2023-11-15T20:39:00.071+0000][2107.832s][info ][safepoint     ] Leaving safepoint region
[2023-11-15T20:39:00.071+0000][2107.832s][info ][safepoint     ] Total time for which application threads were stopped: 0.0183688 seconds, Stopping threads took: 0.0000378 seconds
[2023-11-15T20:39:00.071+0000][2107.833s][info ][gc,stringdedup] Concurrent String Deduplication (2107.833s)
[2023-11-15T20:39:00.071+0000][2107.833s][info ][gc,stringdedup] Concurrent String Deduplication 360.0B->360.0B(0.0B) avg 53.8% (2107.833s, 2107.833s) 0.038ms
[2023-11-15T20:39:01.071+0000][2108.833s][debug][safepoint     ] Safepoint synchronization initiated. (162 threads)
[2023-11-15T20:39:01.071+0000][2108.833s][info ][safepoint     ] Application time: 1.0001764 seconds
[2023-11-15T20:39:01.071+0000][2108.833s][info ][safepoint     ] Entering safepoint region: Cleanup
[2023-11-15T20:39:01.071+0000][2108.833s][info ][safepoint     ] Leaving safepoint region
[2023-11-15T20:39:01.071+0000][2108.833s][info ][safepoint     ] Total time for which application threads were stopped: 0.0003015 seconds, Stopping threads took: 0.0000402 seconds
[2023-11-15T20:39:14.072+0000][2121.834s][debug][safepoint     ] Safepoint synchronization initiated. (162 threads)
[2023-11-15T20:39:14.073+0000][2121.834s][info ][safepoint     ] Application time: 13.0011773 seconds
[2023-11-15T20:39:14.073+0000][2121.834s][info ][safepoint     ] Entering safepoint region: Cleanup
[2023-11-15T20:39:14.073+0000][2121.834s][info ][safepoint     ] Leaving safepoint region
[2023-11-15T20:39:14.073+0000][2121.834s][info ][safepoint     ] Total time for which application threads were stopped: 0.0002493 seconds, Stopping threads took: 0.0000503 seconds
[2023-11-15T20:40:09.078+0000][2176.840s][debug][safepoint     ] Safepoint synchronization initiated. (162 threads)
[2023-11-15T20:40:09.078+0000][2176.840s][info ][safepoint     ] Application time: 55.0051506 seconds
[2023-11-15T20:40:09.078+0000][2176.840s][info ][safepoint     ] Entering safepoint region: Cleanup
[2023-11-15T20:40:09.078+0000][2176.840s][info ][safepoint     ] Leaving safepoint region
[2023-11-15T20:40:09.078+0000][2176.840s][info ][safepoint     ] Total time for which application threads were stopped: 0.0002495 seconds, Stopping threads took: 0.0000479 seconds
[2023-11-15T20:40:16.079+0000][2183.840s][debug][safepoint     ] Safepoint synchronization initiated. (162 threads)
[2023-11-15T20:40:16.079+0000][2183.841s][info ][safepoint     ] Application time: 7.0007045 seconds
[2023-11-15T20:40:16.079+0000][2183.841s][info ][safepoint     ] Entering safepoint region: Cleanup
[2023-11-15T20:40:16.079+0000][2183.841s][info ][safepoint     ] Leaving safepoint region
[2023-11-15T20:40:16.079+0000][2183.841s][info ][safepoint     ] Total time for which application threads were stopped: 0.0003341 seconds, Stopping threads took: 0.0000484 seconds
[2023-11-15T20:40:36.081+0000][2203.843s][debug][safepoint     ] Safepoint synchronization initiated. (162 threads)
[2023-11-15T20:40:36.081+0000][2203.843s][info ][safepoint     ] Application time: 20.0017068 seconds
[2023-11-15T20:40:36.081+0000][2203.843s][info ][safepoint     ] Entering safepoint region: Cleanup
[2023-11-15T20:40:36.081+0000][2203.843s][info ][safepoint     ] Leaving safepoint region
[2023-11-15T20:40:36.081+0000][2203.843s][info ][safepoint     ] Total time for which application threads were stopped: 0.0002355 seconds, Stopping threads took: 0.0000484 seconds
[2023-11-15T20:41:33.086+0000][2260.848s][debug][safepoint     ] Safepoint synchronization initiated. (162 threads)
[2023-11-15T20:41:33.086+0000][2260.848s][info ][safepoint     ] Application time: 57.0050026 seconds
[2023-11-15T20:41:33.086+0000][2260.848s][info ][safepoint     ] Entering safepoint region: Cleanup
[2023-11-15T20:41:33.087+0000][2260.848s][info ][safepoint     ] Leaving safepoint region
[2023-11-15T20:41:33.087+0000][2260.848s][info ][safepoint     ] Total time for which application threads were stopped: 0.0002466 seconds, Stopping threads took: 0.0000490 seconds
[2023-11-15T20:41:36.087+0000][2263.848s][debug][safepoint     ] Safepoint synchronization initiated. (162 threads)
[2023-11-15T20:41:36.087+0000][2263.848s][info ][safepoint     ] Application time: 3.0003120 seconds
[2023-11-15T20:41:36.087+0000][2263.849s][info ][safepoint     ] Entering safepoint region: Cleanup
[2023-11-15T20:41:36.087+0000][2263.849s][info ][safepoint     ] Leaving safepoint region
[2023-11-15T20:41:36.087+0000][2263.849s][debug][safepoint     ] ... found polling page return exception at pc = 0x00007f693102dd76, stub =0x00007f692883a800
[2023-11-15T20:41:36.087+0000][2263.849s][debug][safepoint     ] ... found polling page return exception at pc = 0x00007f693102dd76, stub =0x00007f692883a800
[2023-11-15T20:41:36.087+0000][2263.849s][info ][safepoint     ] Total time for which application threads were stopped: 0.0002818 seconds, Stopping threads took: 0.0000653 seconds
[2023-11-15T20:41:36.087+0000][2263.849s][debug][safepoint     ] ... found polling page return exception at pc = 0x00007f693102dd76, stub =0x00007f692883a800
[2023-11-15T20:41:44.088+0000][2271.850s][debug][safepoint     ] Safepoint synchronization initiated. (162 threads)
[2023-11-15T20:41:44.088+0000][2271.850s][info ][safepoint     ] Application time: 8.0007309 seconds
[2023-11-15T20:41:44.088+0000][2271.850s][info ][safepoint     ] Entering safepoint region: Cleanup
[2023-11-15T20:41:44.088+0000][2271.850s][info ][safepoint     ] Leaving safepoint region
[2023-11-15T20:41:44.088+0000][2271.850s][info ][safepoint     ] Total time for which application threads were stopped: 0.0002437 seconds, Stopping threads took: 0.0000490 seconds
[2023-11-15T20:42:11.091+0000][2298.852s][debug][safepoint     ] Safepoint synchronization initiated. (162 threads)
[2023-11-15T20:42:11.091+0000][2298.852s][info ][safepoint     ] Application time: 27.0023960 seconds
[2023-11-15T20:42:11.091+0000][2298.852s][info ][safepoint     ] Entering safepoint region: Cleanup
[2023-11-15T20:42:11.091+0000][2298.853s][info ][safepoint     ] Leaving safepoint region
[2023-11-15T20:42:11.091+0000][2298.853s][info ][safepoint     ] Total time for which application threads were stopped: 0.0002398 seconds, Stopping threads took: 0.0000486 seconds
[2023-11-15T20:42:36.093+0000][2323.855s][debug][safepoint     ] Safepoint synchronization initiated. (162 threads)
[2023-11-15T20:42:36.093+0000][2323.855s][info ][safepoint     ] Application time: 25.0022535 seconds
[2023-11-15T20:42:36.093+0000][2323.855s][info ][safepoint     ] Entering safepoint region: Cleanup
[2023-11-15T20:42:36.094+0000][2323.855s][info ][safepoint     ] Leaving safepoint region
[2023-11-15T20:42:36.094+0000][2323.855s][info ][safepoint     ] Total time for which application threads were stopped: 0.0003337 seconds, Stopping threads took: 0.0000499 seconds
[2023-11-15T20:42:47.095+0000][2334.856s][debug][safepoint     ] Safepoint synchronization initiated. (162 threads)
[2023-11-15T20:42:47.095+0000][2334.856s][info ][safepoint     ] Application time: 11.0010801 seconds
[2023-11-15T20:42:47.095+0000][2334.856s][info ][safepoint     ] Entering safepoint region: Cleanup
[2023-11-15T20:42:47.095+0000][2334.857s][info ][safepoint     ] Leaving safepoint region
[2023-11-15T20:42:47.095+0000][2334.857s][info ][safepoint     ] Total time for which application threads were stopped: 0.0003033 seconds, Stopping threads took: 0.0000510 seconds
[2023-11-15T20:43:12.097+0000][2359.859s][debug][safepoint     ] Safepoint synchronization initiated. (162 threads)
[2023-11-15T20:43:12.097+0000][2359.859s][info ][safepoint     ] Application time: 25.0022735 seconds
[2023-11-15T20:43:12.097+0000][2359.859s][info ][safepoint     ] Entering safepoint region: Cleanup
[2023-11-15T20:43:12.098+0000][2359.859s][info ][safepoint     ] Leaving safepoint region
[2023-11-15T20:43:12.098+0000][2359.859s][info ][safepoint     ] Total time for which application threads were stopped: 0.0003437 seconds, Stopping threads took: 0.0000512 seconds
[2023-11-15T20:43:33.059+0000][2380.821s][debug][safepoint     ] Safepoint synchronization initiated. (162 threads)
[2023-11-15T20:43:33.059+0000][2380.821s][info ][safepoint     ] Application time: 20.9615389 seconds
[2023-11-15T20:43:33.059+0000][2380.821s][info ][safepoint     ] Entering safepoint region: Deoptimize
[2023-11-15T20:43:33.061+0000][2380.823s][info ][safepoint     ] Leaving safepoint region
[2023-11-15T20:43:33.061+0000][2380.823s][info ][safepoint     ] Total time for which application threads were stopped: 0.0020102 seconds, Stopping threads took: 0.0000482 seconds
[2023-11-15T20:43:36.062+0000][2383.823s][debug][safepoint     ] Safepoint synchronization initiated. (162 threads)
[2023-11-15T20:43:36.062+0000][2383.823s][info ][safepoint     ] Application time: 3.0003518 seconds
[2023-11-15T20:43:36.062+0000][2383.823s][info ][safepoint     ] Entering safepoint region: Cleanup
[2023-11-15T20:43:36.062+0000][2383.824s][info ][safepoint     ] Leaving safepoint region
[2023-11-15T20:43:36.062+0000][2383.824s][info ][safepoint     ] Total time for which application threads were stopped: 0.0003397 seconds, Stopping threads took: 0.0000507 seconds
[2023-11-15T20:44:09.065+0000][2416.826s][debug][safepoint     ] Safepoint synchronization initiated. (162 threads)
[2023-11-15T20:44:09.065+0000][2416.827s][info ][safepoint     ] Application time: 33.0028694 seconds
[2023-11-15T20:44:09.065+0000][2416.827s][debug][safepoint     ] ... found polling page loop exception at pc = 0x00007f69310177a4, stub =0x00007f692883ab00
[2023-11-15T20:44:09.065+0000][2416.827s][debug][safepoint     ] Waiting for 1 thread(s) to block
[2023-11-15T20:44:09.065+0000][2416.827s][info ][safepoint     ] Entering safepoint region: Cleanup
[2023-11-15T20:44:09.065+0000][2416.827s][info ][safepoint     ] Leaving safepoint region
[2023-11-15T20:44:09.065+0000][2416.827s][info ][safepoint     ] Total time for which application threads were stopped: 0.0003429 seconds, Stopping threads took: 0.0001615 seconds
[2023-11-15T20:44:36.068+0000][2443.829s][debug][safepoint     ] Safepoint synchronization initiated. (162 threads)
[2023-11-15T20:44:36.068+0000][2443.829s][info ][safepoint     ] Application time: 27.0025296 seconds
[2023-11-15T20:44:36.068+0000][2443.829s][info ][safepoint     ] Entering safepoint region: Cleanup
[2023-11-15T20:44:36.068+0000][2443.830s][info ][safepoint     ] Leaving safepoint region
[2023-11-15T20:44:36.068+0000][2443.830s][info ][safepoint     ] Total time for which application threads were stopped: 0.0003358 seconds, Stopping threads took: 0.0000488 seconds
[2023-11-15T20:45:14.072+0000][2481.833s][debug][safepoint     ] Safepoint synchronization initiated. (162 threads)
[2023-11-15T20:45:14.072+0000][2481.833s][info ][safepoint     ] Application time: 38.0036852 seconds
[2023-11-15T20:45:14.072+0000][2481.834s][info ][safepoint     ] Entering safepoint region: Cleanup
[2023-11-15T20:45:14.072+0000][2481.834s][info ][safepoint     ] Leaving safepoint region
[2023-11-15T20:45:14.072+0000][2481.834s][info ][safepoint     ] Total time for which application threads were stopped: 0.0003271 seconds, Stopping threads took: 0.0000490 seconds
[2023-11-15T20:46:15.078+0000][2542.839s][debug][safepoint     ] Safepoint synchronization initiated. (162 threads)
[2023-11-15T20:46:15.078+0000][2542.840s][info ][safepoint     ] Application time: 61.0057343 seconds
[2023-11-15T20:46:15.078+0000][2542.840s][info ][safepoint     ] Entering safepoint region: Cleanup
[2023-11-15T20:46:15.078+0000][2542.840s][info ][safepoint     ] Leaving safepoint region
[2023-11-15T20:46:15.078+0000][2542.840s][info ][safepoint     ] Total time for which application threads were stopped: 0.0003179 seconds, Stopping threads took: 0.0000482 seconds
[2023-11-15T20:46:47.081+0000][2574.843s][debug][safepoint     ] Safepoint synchronization initiated. (162 threads)
[2023-11-15T20:46:47.081+0000][2574.843s][info ][safepoint     ] Application time: 32.0028709 seconds
[2023-11-15T20:46:47.081+0000][2574.843s][info ][safepoint     ] Entering safepoint region: Cleanup
[2023-11-15T20:46:47.081+0000][2574.843s][info ][safepoint     ] Leaving safepoint region
[2023-11-15T20:46:47.081+0000][2574.843s][info ][safepoint     ] Total time for which application threads were stopped: 0.0003341 seconds, Stopping threads took: 0.0000501 seconds
[2023-11-15T20:46:57.082+0000][2584.844s][debug][safepoint     ] Safepoint synchronization initiated. (162 threads)
[2023-11-15T20:46:57.083+0000][2584.844s][info ][safepoint     ] Application time: 10.0010180 seconds
[2023-11-15T20:46:57.083+0000][2584.844s][info ][safepoint     ] Entering safepoint region: Cleanup
[2023-11-15T20:46:57.083+0000][2584.844s][info ][safepoint     ] Leaving safepoint region
[2023-11-15T20:46:57.083+0000][2584.845s][info ][safepoint     ] Total time for which application threads were stopped: 0.0003281 seconds, Stopping threads took: 0.0000479 seconds
[2023-11-15T20:47:07.084+0000][2594.845s][debug][safepoint     ] Safepoint synchronization initiated. (162 threads)
[2023-11-15T20:47:07.084+0000][2594.845s][info ][safepoint     ] Application time: 10.0008736 seconds
[2023-11-15T20:47:07.084+0000][2594.845s][info ][safepoint     ] Entering safepoint region: Cleanup
[2023-11-15T20:47:07.084+0000][2594.846s][info ][safepoint     ] Leaving safepoint region
[2023-11-15T20:47:07.084+0000][2594.846s][info ][safepoint     ] Total time for which application threads were stopped: 0.0002398 seconds, Stopping threads took: 0.0000482 seconds
[2023-11-15T20:47:08.691+0000][2596.453s][debug][safepoint     ] Safepoint synchronization initiated. (162 threads)
[2023-11-15T20:47:08.691+0000][2596.453s][info ][safepoint     ] Application time: 1.6072134 seconds
[2023-11-15T20:47:08.691+0000][2596.453s][info ][safepoint     ] Entering safepoint region: G1CollectForAllocation
[2023-11-15T20:47:08.692+0000][2596.453s][info ][gc,start      ] GC(44) Pause Young (Normal) (G1 Evacuation Pause)
[2023-11-15T20:47:08.692+0000][2596.453s][info ][gc,task       ] GC(44) Using 4 workers of 4 for evacuation
[2023-11-15T20:47:08.722+0000][2596.484s][info ][gc,phases     ] GC(44)   Pre Evacuate Collection Set: 0.0ms
[2023-11-15T20:47:08.722+0000][2596.484s][info ][gc,phases     ] GC(44)   Evacuate Collection Set: 25.6ms
[2023-11-15T20:47:08.722+0000][2596.484s][info ][gc,phases     ] GC(44)   Post Evacuate Collection Set: 4.6ms
[2023-11-15T20:47:08.722+0000][2596.484s][info ][gc,phases     ] GC(44)   Other: 0.4ms
[2023-11-15T20:47:08.722+0000][2596.484s][info ][gc,heap       ] GC(44) Eden regions: 456->0(457)
[2023-11-15T20:47:08.722+0000][2596.484s][info ][gc,heap       ] GC(44) Survivor regions: 21->20(60)
[2023-11-15T20:47:08.722+0000][2596.484s][info ][gc,heap       ] GC(44) Old regions: 128->128
[2023-11-15T20:47:08.722+0000][2596.484s][info ][gc,heap       ] GC(44) Humongous regions: 0->0
[2023-11-15T20:47:08.722+0000][2596.484s][info ][gc,metaspace  ] GC(44) Metaspace: 153175K(158396K)->153175K(158396K) NonClass: 135411K(138600K)->135411K(138600K) Class: 17763K(19796K)->17763K(19796K)
[2023-11-15T20:47:08.722+0000][2596.484s][info ][gc            ] GC(44) Pause Young (Normal) (G1 Evacuation Pause) 602M->145M(795M) 30.799ms
[2023-11-15T20:47:08.722+0000][2596.484s][info ][gc,cpu        ] GC(44) User=0.11s Sys=0.01s Real=0.03s
[2023-11-15T20:47:08.722+0000][2596.484s][info ][safepoint     ] Leaving safepoint region
[2023-11-15T20:47:08.723+0000][2596.484s][info ][safepoint     ] Total time for which application threads were stopped: 0.0312081 seconds, Stopping threads took: 0.0000484 seconds
[2023-11-15T20:47:08.723+0000][2596.484s][info ][gc,stringdedup] Concurrent String Deduplication (2596.484s)
[2023-11-15T20:47:08.723+0000][2596.484s][info ][gc,stringdedup] Concurrent String Deduplication 144.0B->144.0B(0.0B) avg 53.8% (2596.484s, 2596.484s) 0.091ms
[2023-11-15T20:47:15.723+0000][2603.485s][debug][safepoint     ] Safepoint synchronization initiated. (162 threads)
[2023-11-15T20:47:15.723+0000][2603.485s][info ][safepoint     ] Application time: 7.0007282 seconds
[2023-11-15T20:47:15.723+0000][2603.485s][info ][safepoint     ] Entering safepoint region: Cleanup
[2023-11-15T20:47:15.724+0000][2603.485s][info ][safepoint     ] Leaving safepoint region
[2023-11-15T20:47:15.724+0000][2603.485s][info ][safepoint     ] Total time for which application threads were stopped: 0.0003269 seconds, Stopping threads took: 0.0000493 seconds
[2023-11-15T20:48:32.731+0000][2680.492s][debug][safepoint     ] Safepoint synchronization initiated. (162 threads)
[2023-11-15T20:48:32.731+0000][2680.492s][info ][safepoint     ] Application time: 77.0071705 seconds
[2023-11-15T20:48:32.731+0000][2680.492s][info ][safepoint     ] Entering safepoint region: Cleanup
[2023-11-15T20:48:32.731+0000][2680.493s][info ][safepoint     ] Leaving safepoint region
[2023-11-15T20:48:32.731+0000][2680.493s][info ][safepoint     ] Total time for which application threads were stopped: 0.0003282 seconds, Stopping threads took: 0.0000460 seconds
[2023-11-15T20:50:37.742+0000][2805.504s][debug][safepoint     ] Safepoint synchronization initiated. (162 threads)
[2023-11-15T20:50:37.742+0000][2805.504s][info ][safepoint     ] Application time: 125.0112392 seconds
[2023-11-15T20:50:37.742+0000][2805.504s][info ][safepoint     ] Entering safepoint region: Cleanup
[2023-11-15T20:50:37.743+0000][2805.504s][info ][safepoint     ] Leaving safepoint region
[2023-11-15T20:50:37.743+0000][2805.504s][info ][safepoint     ] Total time for which application threads were stopped: 0.0003280 seconds, Stopping threads took: 0.0000470 seconds
[2023-11-15T20:51:25.747+0000][2853.509s][debug][safepoint     ] Safepoint synchronization initiated. (162 threads)
[2023-11-15T20:51:25.747+0000][2853.509s][info ][safepoint     ] Application time: 48.0044683 seconds
[2023-11-15T20:51:25.747+0000][2853.509s][info ][safepoint     ] Entering safepoint region: Cleanup
[2023-11-15T20:51:25.748+0000][2853.509s][info ][safepoint     ] Leaving safepoint region
[2023-11-15T20:51:25.748+0000][2853.509s][info ][safepoint     ] Total time for which application threads were stopped: 0.0003060 seconds, Stopping threads took: 0.0000487 seconds
[2023-11-15T20:51:44.749+0000][2872.511s][debug][safepoint     ] Safepoint synchronization initiated. (162 threads)
[2023-11-15T20:51:44.749+0000][2872.511s][info ][safepoint     ] Application time: 19.0018641 seconds
[2023-11-15T20:51:44.749+0000][2872.511s][info ][safepoint     ] Entering safepoint region: Cleanup
[2023-11-15T20:51:44.750+0000][2872.511s][info ][safepoint     ] Leaving safepoint region
[2023-11-15T20:51:44.750+0000][2872.511s][info ][safepoint     ] Total time for which application threads were stopped: 0.0003340 seconds, Stopping threads took: 0.0000485 seconds
[2023-11-15T20:52:38.755+0000][2926.517s][debug][safepoint     ] Safepoint synchronization initiated. (162 threads)
[2023-11-15T20:52:38.755+0000][2926.517s][info ][safepoint     ] Application time: 54.0051242 seconds
[2023-11-15T20:52:38.755+0000][2926.517s][info ][safepoint     ] Entering safepoint region: Cleanup
[2023-11-15T20:52:38.755+0000][2926.517s][info ][safepoint     ] Leaving safepoint region
[2023-11-15T20:52:38.755+0000][2926.517s][info ][safepoint     ] Total time for which application threads were stopped: 0.0003329 seconds, Stopping threads took: 0.0000494 seconds
[2023-11-15T20:54:18.764+0000][3026.526s][debug][safepoint     ] Safepoint synchronization initiated. (162 threads)
[2023-11-15T20:54:18.764+0000][3026.526s][info ][safepoint     ] Application time: 100.0088837 seconds
[2023-11-15T20:54:18.764+0000][3026.526s][info ][safepoint     ] Entering safepoint region: Cleanup
[2023-11-15T20:54:18.765+0000][3026.526s][info ][safepoint     ] Leaving safepoint region
[2023-11-15T20:54:18.765+0000][3026.526s][info ][safepoint     ] Total time for which application threads were stopped: 0.0003379 seconds, Stopping threads took: 0.0000513 seconds
[2023-11-15T20:54:22.765+0000][3030.527s][debug][safepoint     ] Safepoint synchronization initiated. (162 threads)
[2023-11-15T20:54:22.765+0000][3030.527s][info ][safepoint     ] Application time: 4.0004179 seconds
[2023-11-15T20:54:22.765+0000][3030.527s][info ][safepoint     ] Entering safepoint region: Cleanup
[2023-11-15T20:54:22.765+0000][3030.527s][info ][safepoint     ] Leaving safepoint region
[2023-11-15T20:54:22.765+0000][3030.527s][info ][safepoint     ] Total time for which application threads were stopped: 0.0001980 seconds, Stopping threads took: 0.0000391 seconds
[2023-11-15T20:55:19.705+0000][3087.467s][debug][safepoint     ] Safepoint synchronization initiated. (162 threads)
[2023-11-15T20:55:19.705+0000][3087.467s][info ][safepoint     ] Application time: 56.9398063 seconds
[2023-11-15T20:55:19.705+0000][3087.467s][info ][safepoint     ] Entering safepoint region: G1CollectForAllocation
[2023-11-15T20:55:19.705+0000][3087.467s][info ][gc,start      ] GC(45) Pause Young (Normal) (G1 Evacuation Pause)
[2023-11-15T20:55:19.705+0000][3087.467s][info ][gc,task       ] GC(45) Using 4 workers of 4 for evacuation
[2023-11-15T20:55:19.736+0000][3087.497s][info ][gc,phases     ] GC(45)   Pre Evacuate Collection Set: 0.0ms
[2023-11-15T20:55:19.736+0000][3087.497s][info ][gc,phases     ] GC(45)   Evacuate Collection Set: 25.5ms
[2023-11-15T20:55:19.736+0000][3087.498s][info ][gc,phases     ] GC(45)   Post Evacuate Collection Set: 4.6ms
[2023-11-15T20:55:19.736+0000][3087.498s][info ][gc,phases     ] GC(45)   Other: 0.4ms
[2023-11-15T20:55:19.736+0000][3087.498s][info ][gc,heap       ] GC(45) Eden regions: 457->0(456)
[2023-11-15T20:55:19.736+0000][3087.498s][info ][gc,heap       ] GC(45) Survivor regions: 20->21(60)
[2023-11-15T20:55:19.736+0000][3087.498s][info ][gc,heap       ] GC(45) Old regions: 128->128
[2023-11-15T20:55:19.736+0000][3087.498s][info ][gc,heap       ] GC(45) Humongous regions: 0->0
[2023-11-15T20:55:19.736+0000][3087.498s][info ][gc,metaspace  ] GC(45) Metaspace: 153241K(158396K)->153241K(158396K) NonClass: 135477K(138600K)->135477K(138600K) Class: 17763K(19796K)->17763K(19796K)
[2023-11-15T20:55:19.736+0000][3087.498s][info ][gc            ] GC(45) Pause Young (Normal) (G1 Evacuation Pause) 602M->146M(795M) 30.714ms
[2023-11-15T20:55:19.736+0000][3087.498s][info ][gc,cpu        ] GC(45) User=0.11s Sys=0.01s Real=0.03s
[2023-11-15T20:55:19.736+0000][3087.498s][info ][safepoint     ] Leaving safepoint region
[2023-11-15T20:55:19.736+0000][3087.498s][info ][safepoint     ] Total time for which application threads were stopped: 0.0310826 seconds, Stopping threads took: 0.0000497 seconds
[2023-11-15T20:55:19.736+0000][3087.498s][info ][gc,stringdedup] Concurrent String Deduplication (3087.498s)
[2023-11-15T20:55:19.737+0000][3087.498s][info ][gc,stringdedup] Concurrent String Deduplication 35728.0B->360.0B(35368.0B) avg 53.9% (3087.498s, 3087.498s) 0.331ms
[2023-11-15T20:55:23.737+0000][3091.498s][debug][safepoint     ] Safepoint synchronization initiated. (162 threads)
[2023-11-15T20:55:23.737+0000][3091.498s][info ][safepoint     ] Application time: 4.0004480 seconds
[2023-11-15T20:55:23.737+0000][3091.498s][info ][safepoint     ] Entering safepoint region: Cleanup
[2023-11-15T20:55:23.737+0000][3091.499s][info ][safepoint     ] Leaving safepoint region
[2023-11-15T20:55:23.737+0000][3091.499s][info ][safepoint     ] Total time for which application threads were stopped: 0.0003355 seconds, Stopping threads took: 0.0000499 seconds
[2023-11-15T20:55:44.739+0000][3112.501s][debug][safepoint     ] Safepoint synchronization initiated. (162 threads)
[2023-11-15T20:55:44.739+0000][3112.501s][info ][safepoint     ] Application time: 21.0019826 seconds
[2023-11-15T20:55:44.739+0000][3112.501s][info ][safepoint     ] Entering safepoint region: Cleanup
[2023-11-15T20:55:44.739+0000][3112.501s][info ][safepoint     ] Leaving safepoint region
[2023-11-15T20:55:44.739+0000][3112.501s][info ][safepoint     ] Total time for which application threads were stopped: 0.0003399 seconds, Stopping threads took: 0.0000452 seconds
[2023-11-15T20:56:23.743+0000][3151.504s][debug][safepoint     ] Safepoint synchronization initiated. (162 threads)
[2023-11-15T20:56:23.743+0000][3151.504s][info ][safepoint     ] Application time: 39.0034842 seconds
[2023-11-15T20:56:23.743+0000][3151.504s][info ][safepoint     ] Entering safepoint region: Cleanup
[2023-11-15T20:56:23.743+0000][3151.505s][info ][safepoint     ] Leaving safepoint region
[2023-11-15T20:56:23.743+0000][3151.505s][info ][safepoint     ] Total time for which application threads were stopped: 0.0003318 seconds, Stopping threads took: 0.0000481 seconds
[2023-11-15T20:56:24.743+0000][3152.505s][debug][safepoint     ] Safepoint synchronization initiated. (162 threads)
[2023-11-15T20:56:24.743+0000][3152.505s][info ][safepoint     ] Application time: 1.0001848 seconds
[2023-11-15T20:56:24.743+0000][3152.505s][info ][safepoint     ] Entering safepoint region: Cleanup
[2023-11-15T20:56:24.744+0000][3152.505s][info ][safepoint     ] Leaving safepoint region
[2023-11-15T20:56:24.744+0000][3152.505s][info ][safepoint     ] Total time for which application threads were stopped: 0.0002640 seconds, Stopping threads took: 0.0000540 seconds
[2023-11-15T20:56:35.745+0000][3163.506s][debug][safepoint     ] Safepoint synchronization initiated. (162 threads)
[2023-11-15T20:56:35.745+0000][3163.506s][info ][safepoint     ] Application time: 11.0010314 seconds
[2023-11-15T20:56:35.745+0000][3163.506s][info ][safepoint     ] Entering safepoint region: Cleanup
[2023-11-15T20:56:35.745+0000][3163.507s][info ][safepoint     ] Leaving safepoint region
[2023-11-15T20:56:35.745+0000][3163.507s][info ][safepoint     ] Total time for which application threads were stopped: 0.0003180 seconds, Stopping threads took: 0.0000484 seconds
[2023-11-15T20:57:11.748+0000][3199.510s][debug][safepoint     ] Safepoint synchronization initiated. (162 threads)
[2023-11-15T20:57:11.748+0000][3199.510s][info ][safepoint     ] Application time: 36.0034366 seconds
[2023-11-15T20:57:11.749+0000][3199.510s][info ][safepoint     ] Entering safepoint region: Cleanup
[2023-11-15T20:57:11.749+0000][3199.510s][info ][safepoint     ] Leaving safepoint region
[2023-11-15T20:57:11.749+0000][3199.510s][info ][safepoint     ] Total time for which application threads were stopped: 0.0003467 seconds, Stopping threads took: 0.0000507 seconds
[2023-11-15T20:58:37.757+0000][3285.518s][debug][safepoint     ] Safepoint synchronization initiated. (162 threads)
[2023-11-15T20:58:37.757+0000][3285.519s][info ][safepoint     ] Application time: 86.0080186 seconds
[2023-11-15T20:58:37.757+0000][3285.519s][info ][safepoint     ] Entering safepoint region: Cleanup
[2023-11-15T20:58:37.757+0000][3285.519s][info ][safepoint     ] Leaving safepoint region
[2023-11-15T20:58:37.757+0000][3285.519s][info ][safepoint     ] Total time for which application threads were stopped: 0.0004083 seconds, Stopping threads took: 0.0000524 seconds
[2023-11-15T21:00:15.766+0000][3383.527s][debug][safepoint     ] Safepoint synchronization initiated. (162 threads)
[2023-11-15T21:00:15.766+0000][3383.527s][info ][safepoint     ] Application time: 98.0082505 seconds
[2023-11-15T21:00:15.766+0000][3383.527s][info ][safepoint     ] Entering safepoint region: Cleanup
[2023-11-15T21:00:15.766+0000][3383.528s][info ][safepoint     ] Leaving safepoint region
[2023-11-15T21:00:15.766+0000][3383.528s][info ][safepoint     ] Total time for which application threads were stopped: 0.0002891 seconds, Stopping threads took: 0.0000476 seconds
[2023-11-15T21:00:28.767+0000][3396.529s][debug][safepoint     ] Safepoint synchronization initiated. (162 threads)
[2023-11-15T21:00:28.767+0000][3396.529s][info ][safepoint     ] Application time: 13.0011742 seconds
[2023-11-15T21:00:28.767+0000][3396.529s][info ][safepoint     ] Entering safepoint region: Cleanup
[2023-11-15T21:00:28.767+0000][3396.529s][info ][safepoint     ] Leaving safepoint region
[2023-11-15T21:00:28.767+0000][3396.529s][info ][safepoint     ] Total time for which application threads were stopped: 0.0002917 seconds, Stopping threads took: 0.0000475 seconds
[2023-11-15T21:01:30.773+0000][3458.534s][debug][safepoint     ] Safepoint synchronization initiated. (162 threads)
[2023-11-15T21:01:30.773+0000][3458.534s][info ][safepoint     ] Application time: 62.0052848 seconds
[2023-11-15T21:01:30.773+0000][3458.534s][info ][safepoint     ] Entering safepoint region: Cleanup
[2023-11-15T21:01:30.773+0000][3458.535s][info ][safepoint     ] Leaving safepoint region
[2023-11-15T21:01:30.773+0000][3458.535s][info ][safepoint     ] Total time for which application threads were stopped: 0.0002420 seconds, Stopping threads took: 0.0000480 seconds
[2023-11-15T21:02:34.779+0000][3522.541s][debug][safepoint     ] Safepoint synchronization initiated. (162 threads)
[2023-11-15T21:02:34.779+0000][3522.541s][info ][safepoint     ] Application time: 64.0060595 seconds
[2023-11-15T21:02:34.779+0000][3522.541s][info ][safepoint     ] Entering safepoint region: Cleanup
[2023-11-15T21:02:34.779+0000][3522.541s][info ][safepoint     ] Leaving safepoint region
[2023-11-15T21:02:34.779+0000][3522.541s][info ][safepoint     ] Total time for which application threads were stopped: 0.0002328 seconds, Stopping threads took: 0.0000461 seconds
[2023-11-15T21:02:35.779+0000][3523.541s][debug][safepoint     ] Safepoint synchronization initiated. (162 threads)
[2023-11-15T21:02:35.780+0000][3523.541s][info ][safepoint     ] Application time: 1.0001918 seconds
[2023-11-15T21:02:35.780+0000][3523.541s][info ][safepoint     ] Entering safepoint region: Cleanup
[2023-11-15T21:02:35.780+0000][3523.541s][info ][safepoint     ] Leaving safepoint region
[2023-11-15T21:02:35.780+0000][3523.541s][info ][safepoint     ] Total time for which application threads were stopped: 0.0002451 seconds, Stopping threads took: 0.0000479 seconds
[2023-11-15T21:02:56.782+0000][3544.543s][debug][safepoint     ] Safepoint synchronization initiated. (162 threads)
[2023-11-15T21:02:56.782+0000][3544.543s][info ][safepoint     ] Application time: 21.0018056 seconds
[2023-11-15T21:02:56.782+0000][3544.543s][info ][safepoint     ] Entering safepoint region: Cleanup
[2023-11-15T21:02:56.782+0000][3544.544s][info ][safepoint     ] Leaving safepoint region
[2023-11-15T21:02:56.782+0000][3544.544s][info ][safepoint     ] Total time for which application threads were stopped: 0.0003286 seconds, Stopping threads took: 0.0000449 seconds
[2023-11-15T21:03:08.783+0000][3556.545s][debug][safepoint     ] Safepoint synchronization initiated. (163 threads)
[2023-11-15T21:03:08.783+0000][3556.545s][info ][safepoint     ] Application time: 12.0012135 seconds
[2023-11-15T21:03:08.783+0000][3556.545s][info ][safepoint     ] Entering safepoint region: Cleanup
[2023-11-15T21:03:08.784+0000][3556.545s][info ][safepoint     ] Leaving safepoint region
[2023-11-15T21:03:08.784+0000][3556.545s][info ][safepoint     ] Total time for which application threads were stopped: 0.0003447 seconds, Stopping threads took: 0.0000494 seconds
[2023-11-15T21:03:15.784+0000][3563.546s][debug][safepoint     ] Safepoint synchronization initiated. (163 threads)
[2023-11-15T21:03:15.784+0000][3563.546s][info ][safepoint     ] Application time: 7.0006481 seconds
[2023-11-15T21:03:15.784+0000][3563.546s][info ][safepoint     ] Entering safepoint region: Cleanup
[2023-11-15T21:03:15.785+0000][3563.546s][info ][safepoint     ] Leaving safepoint region
[2023-11-15T21:03:15.785+0000][3563.546s][info ][safepoint     ] Total time for which application threads were stopped: 0.0003321 seconds, Stopping threads took: 0.0000492 seconds
[2023-11-15T21:03:28.411+0000][3576.173s][debug][safepoint     ] Safepoint synchronization initiated. (163 threads)
[2023-11-15T21:03:28.411+0000][3576.173s][info ][safepoint     ] Application time: 12.6266293 seconds
[2023-11-15T21:03:28.411+0000][3576.173s][info ][safepoint     ] Entering safepoint region: G1CollectForAllocation
[2023-11-15T21:03:28.412+0000][3576.173s][info ][gc,start      ] GC(46) Pause Young (Normal) (G1 Evacuation Pause)
[2023-11-15T21:03:28.412+0000][3576.173s][info ][gc,task       ] GC(46) Using 4 workers of 4 for evacuation
[2023-11-15T21:03:28.444+0000][3576.206s][info ][gc,phases     ] GC(46)   Pre Evacuate Collection Set: 0.0ms
[2023-11-15T21:03:28.444+0000][3576.206s][info ][gc,phases     ] GC(46)   Evacuate Collection Set: 27.1ms
[2023-11-15T21:03:28.444+0000][3576.206s][info ][gc,phases     ] GC(46)   Post Evacuate Collection Set: 5.2ms
[2023-11-15T21:03:28.444+0000][3576.206s][info ][gc,phases     ] GC(46)   Other: 0.4ms
[2023-11-15T21:03:28.444+0000][3576.206s][info ][gc,heap       ] GC(46) Eden regions: 456->0(461)
[2023-11-15T21:03:28.444+0000][3576.206s][info ][gc,heap       ] GC(46) Survivor regions: 21->16(60)
[2023-11-15T21:03:28.444+0000][3576.206s][info ][gc,heap       ] GC(46) Old regions: 128->134
[2023-11-15T21:03:28.444+0000][3576.206s][info ][gc,heap       ] GC(46) Humongous regions: 0->0
[2023-11-15T21:03:28.444+0000][3576.206s][info ][gc,metaspace  ] GC(46) Metaspace: 153320K(158396K)->153320K(158396K) NonClass: 135557K(138600K)->135557K(138600K) Class: 17763K(19796K)->17763K(19796K)
[2023-11-15T21:03:28.444+0000][3576.206s][info ][gc            ] GC(46) Pause Young (Normal) (G1 Evacuation Pause) 602M->147M(795M) 32.906ms
[2023-11-15T21:03:28.445+0000][3576.206s][info ][gc,cpu        ] GC(46) User=0.12s Sys=0.00s Real=0.03s
[2023-11-15T21:03:28.445+0000][3576.206s][info ][safepoint     ] Leaving safepoint region
[2023-11-15T21:03:28.445+0000][3576.206s][info ][safepoint     ] Total time for which application threads were stopped: 0.0333741 seconds, Stopping threads took: 0.0000485 seconds
[2023-11-15T21:03:28.445+0000][3576.206s][info ][gc,stringdedup] Concurrent String Deduplication (3576.206s)
[2023-11-15T21:03:28.445+0000][3576.206s][info ][gc,stringdedup] Concurrent String Deduplication 776.0B->552.0B(224.0B) avg 53.9% (3576.206s, 3576.206s) 0.099ms
[2023-11-15T21:03:29.445+0000][3577.206s][debug][safepoint     ] Safepoint synchronization initiated. (163 threads)
[2023-11-15T21:03:29.445+0000][3577.206s][info ][safepoint     ] Application time: 1.0001865 seconds
[2023-11-15T21:03:29.445+0000][3577.207s][info ][safepoint     ] Entering safepoint region: Cleanup
[2023-11-15T21:03:29.445+0000][3577.207s][info ][safepoint     ] Leaving safepoint region
[2023-11-15T21:03:29.445+0000][3577.207s][info ][safepoint     ] Total time for which application threads were stopped: 0.0002822 seconds, Stopping threads took: 0.0000593 seconds
[2023-11-15T21:03:35.446+0000][3583.207s][debug][safepoint     ] Safepoint synchronization initiated. (163 threads)
[2023-11-15T21:03:35.446+0000][3583.207s][info ][safepoint     ] Application time: 6.0006405 seconds
[2023-11-15T21:03:35.446+0000][3583.207s][info ][safepoint     ] Entering safepoint region: Cleanup
[2023-11-15T21:03:35.446+0000][3583.208s][info ][safepoint     ] Leaving safepoint region
[2023-11-15T21:03:35.446+0000][3583.208s][info ][safepoint     ] Total time for which application threads were stopped: 0.0003359 seconds, Stopping threads took: 0.0000502 seconds
[2023-11-15T21:04:31.451+0000][3639.213s][debug][safepoint     ] Safepoint synchronization initiated. (162 threads)
[2023-11-15T21:04:31.451+0000][3639.213s][info ][safepoint     ] Application time: 56.0050266 seconds
[2023-11-15T21:04:31.451+0000][3639.213s][info ][safepoint     ] Entering safepoint region: Cleanup
[2023-11-15T21:04:31.451+0000][3639.213s][info ][safepoint     ] Leaving safepoint region
[2023-11-15T21:04:31.451+0000][3639.213s][info ][safepoint     ] Total time for which application threads were stopped: 0.0003066 seconds, Stopping threads took: 0.0000508 seconds
[2023-11-15T21:04:32.452+0000][3640.213s][debug][safepoint     ] Safepoint synchronization initiated. (162 threads)
[2023-11-15T21:04:32.452+0000][3640.213s][info ][safepoint     ] Application time: 1.0001380 seconds
[2023-11-15T21:04:32.452+0000][3640.213s][debug][safepoint     ] ... found polling page return exception at pc = 0x00007f69307efa71, stub =0x00007f692883a800
[2023-11-15T21:04:32.452+0000][3640.213s][debug][safepoint     ] Waiting for 2 thread(s) to block
[2023-11-15T21:04:32.452+0000][3640.213s][info ][safepoint     ] Entering safepoint region: Cleanup
[2023-11-15T21:04:32.452+0000][3640.214s][info ][safepoint     ] Leaving safepoint region
[2023-11-15T21:04:32.452+0000][3640.214s][info ][safepoint     ] Total time for which application threads were stopped: 0.0003530 seconds, Stopping threads took: 0.0001705 seconds
[2023-11-15T21:04:32.475+0000][3640.237s][debug][safepoint     ] Safepoint synchronization initiated. (162 threads)
[2023-11-15T21:04:32.475+0000][3640.237s][info ][safepoint     ] Application time: 0.0230508 seconds
[2023-11-15T21:04:32.475+0000][3640.237s][info ][safepoint     ] Entering safepoint region: ICBufferFull
[2023-11-15T21:04:32.475+0000][3640.237s][info ][safepoint     ] Leaving safepoint region
[2023-11-15T21:04:32.476+0000][3640.237s][info ][safepoint     ] Total time for which application threads were stopped: 0.0004119 seconds, Stopping threads took: 0.0000356 seconds
[2023-11-15T21:04:33.476+0000][3641.237s][debug][safepoint     ] Safepoint synchronization initiated. (162 threads)
[2023-11-15T21:04:33.476+0000][3641.237s][info ][safepoint     ] Application time: 1.0001634 seconds
[2023-11-15T21:04:33.476+0000][3641.237s][info ][safepoint     ] Entering safepoint region: Cleanup
[2023-11-15T21:04:33.476+0000][3641.238s][info ][safepoint     ] Leaving safepoint region
[2023-11-15T21:04:33.476+0000][3641.238s][info ][safepoint     ] Total time for which application threads were stopped: 0.0004526 seconds, Stopping threads took: 0.0000511 seconds
[2023-11-15T21:04:49.478+0000][3657.239s][debug][safepoint     ] Safepoint synchronization initiated. (162 threads)
[2023-11-15T21:04:49.478+0000][3657.239s][info ][safepoint     ] Application time: 16.0014797 seconds
[2023-11-15T21:04:49.478+0000][3657.239s][info ][safepoint     ] Entering safepoint region: Cleanup
[2023-11-15T21:04:49.478+0000][3657.240s][info ][safepoint     ] Leaving safepoint region
[2023-11-15T21:04:49.478+0000][3657.240s][info ][safepoint     ] Total time for which application threads were stopped: 0.0003379 seconds, Stopping threads took: 0.0000495 seconds
[2023-11-15T21:05:06.480+0000][3674.241s][debug][safepoint     ] Safepoint synchronization initiated. (162 threads)
[2023-11-15T21:05:06.480+0000][3674.241s][info ][safepoint     ] Application time: 17.0016938 seconds
[2023-11-15T21:05:06.480+0000][3674.241s][info ][safepoint     ] Entering safepoint region: Cleanup
[2023-11-15T21:05:06.480+0000][3674.242s][info ][safepoint     ] Leaving safepoint region
[2023-11-15T21:05:06.480+0000][3674.242s][info ][safepoint     ] Total time for which application threads were stopped: 0.0003037 seconds, Stopping threads took: 0.0000503 seconds
[2023-11-15T21:06:15.486+0000][3743.248s][debug][safepoint     ] Safepoint synchronization initiated. (162 threads)
[2023-11-15T21:06:15.486+0000][3743.248s][info ][safepoint     ] Application time: 69.0060561 seconds
[2023-11-15T21:06:15.486+0000][3743.248s][info ][safepoint     ] Entering safepoint region: Cleanup
[2023-11-15T21:06:15.486+0000][3743.248s][info ][safepoint     ] Leaving safepoint region
[2023-11-15T21:06:15.486+0000][3743.248s][info ][safepoint     ] Total time for which application threads were stopped: 0.0003329 seconds, Stopping threads took: 0.0000499 seconds
[2023-11-15T21:06:34.488+0000][3762.250s][debug][safepoint     ] Safepoint synchronization initiated. (162 threads)
[2023-11-15T21:06:34.488+0000][3762.250s][info ][safepoint     ] Application time: 19.0017831 seconds
[2023-11-15T21:06:34.488+0000][3762.250s][info ][safepoint     ] Entering safepoint region: Cleanup
[2023-11-15T21:06:34.489+0000][3762.250s][info ][safepoint     ] Leaving safepoint region
[2023-11-15T21:06:34.489+0000][3762.250s][info ][safepoint     ] Total time for which application threads were stopped: 0.0003394 seconds, Stopping threads took: 0.0000500 seconds
[2023-11-15T21:07:04.491+0000][3792.253s][debug][safepoint     ] Safepoint synchronization initiated. (162 threads)
[2023-11-15T21:07:04.492+0000][3792.253s][info ][safepoint     ] Application time: 30.0028724 seconds
[2023-11-15T21:07:04.492+0000][3792.253s][info ][safepoint     ] Entering safepoint region: Cleanup
[2023-11-15T21:07:04.492+0000][3792.253s][info ][safepoint     ] Leaving safepoint region
[2023-11-15T21:07:04.492+0000][3792.253s][info ][safepoint     ] Total time for which application threads were stopped: 0.0002491 seconds, Stopping threads took: 0.0000509 seconds
[2023-11-15T21:07:44.495+0000][3832.257s][debug][safepoint     ] Safepoint synchronization initiated. (162 threads)
[2023-11-15T21:07:44.495+0000][3832.257s][info ][safepoint     ] Application time: 40.0033774 seconds
[2023-11-15T21:07:44.495+0000][3832.257s][info ][safepoint     ] Entering safepoint region: Cleanup
[2023-11-15T21:07:44.496+0000][3832.257s][info ][safepoint     ] Leaving safepoint region
[2023-11-15T21:07:44.496+0000][3832.257s][info ][safepoint     ] Total time for which application threads were stopped: 0.0003213 seconds, Stopping threads took: 0.0000509 seconds
[2023-11-15T21:07:55.496+0000][3843.258s][debug][safepoint     ] Safepoint synchronization initiated. (162 threads)
[2023-11-15T21:07:55.497+0000][3843.258s][info ][safepoint     ] Application time: 11.0009677 seconds
[2023-11-15T21:07:55.497+0000][3843.258s][info ][safepoint     ] Entering safepoint region: Cleanup
[2023-11-15T21:07:55.497+0000][3843.258s][info ][safepoint     ] Leaving safepoint region
[2023-11-15T21:07:55.497+0000][3843.258s][info ][safepoint     ] Total time for which application threads were stopped: 0.0002808 seconds, Stopping threads took: 0.0000503 seconds
[2023-11-15T21:08:07.498+0000][3855.260s][debug][safepoint     ] Safepoint synchronization initiated. (162 threads)
[2023-11-15T21:08:07.498+0000][3855.260s][info ][safepoint     ] Application time: 12.0010886 seconds
[2023-11-15T21:08:07.498+0000][3855.260s][info ][safepoint     ] Entering safepoint region: Cleanup
[2023-11-15T21:08:07.498+0000][3855.260s][info ][safepoint     ] Leaving safepoint region
[2023-11-15T21:08:07.498+0000][3855.260s][info ][safepoint     ] Total time for which application threads were stopped: 0.0002775 seconds, Stopping threads took: 0.0000497 seconds
[2023-11-15T21:08:15.499+0000][3863.261s][debug][safepoint     ] Safepoint synchronization initiated. (162 threads)
[2023-11-15T21:08:15.499+0000][3863.261s][info ][safepoint     ] Application time: 8.0007317 seconds
[2023-11-15T21:08:15.499+0000][3863.261s][info ][safepoint     ] Entering safepoint region: Cleanup
[2023-11-15T21:08:15.499+0000][3863.261s][info ][safepoint     ] Leaving safepoint region
[2023-11-15T21:08:15.499+0000][3863.261s][info ][safepoint     ] Total time for which application threads were stopped: 0.0002877 seconds, Stopping threads took: 0.0000503 seconds
[2023-11-15T21:08:35.501+0000][3883.263s][debug][safepoint     ] Safepoint synchronization initiated. (162 threads)
[2023-11-15T21:08:35.501+0000][3883.263s][info ][safepoint     ] Application time: 20.0016713 seconds
[2023-11-15T21:08:35.501+0000][3883.263s][info ][safepoint     ] Entering safepoint region: Cleanup
[2023-11-15T21:08:35.501+0000][3883.263s][info ][safepoint     ] Leaving safepoint region
[2023-11-15T21:08:35.501+0000][3883.263s][info ][safepoint     ] Total time for which application threads were stopped: 0.0002768 seconds, Stopping threads took: 0.0000507 seconds
[2023-11-15T21:08:36.501+0000][3884.263s][debug][safepoint     ] Safepoint synchronization initiated. (162 threads)
[2023-11-15T21:08:36.501+0000][3884.263s][info ][safepoint     ] Application time: 1.0001571 seconds
[2023-11-15T21:08:36.501+0000][3884.263s][info ][safepoint     ] Entering safepoint region: Cleanup
[2023-11-15T21:08:36.502+0000][3884.263s][info ][safepoint     ] Leaving safepoint region
[2023-11-15T21:08:36.502+0000][3884.263s][info ][safepoint     ] Total time for which application threads were stopped: 0.0002759 seconds, Stopping threads took: 0.0000510 seconds
[2023-11-15T21:08:44.502+0000][3892.264s][debug][safepoint     ] Safepoint synchronization initiated. (162 threads)
[2023-11-15T21:08:44.502+0000][3892.264s][info ][safepoint     ] Application time: 8.0007338 seconds
[2023-11-15T21:08:44.503+0000][3892.264s][info ][safepoint     ] Entering safepoint region: Cleanup
[2023-11-15T21:08:44.503+0000][3892.264s][info ][safepoint     ] Leaving safepoint region
[2023-11-15T21:08:44.503+0000][3892.265s][info ][safepoint     ] Total time for which application threads were stopped: 0.0003787 seconds, Stopping threads took: 0.0000498 seconds
[2023-11-15T21:09:15.505+0000][3923.267s][debug][safepoint     ] Safepoint synchronization initiated. (162 threads)
[2023-11-15T21:09:15.505+0000][3923.267s][info ][safepoint     ] Application time: 31.0025722 seconds
[2023-11-15T21:09:15.506+0000][3923.267s][info ][safepoint     ] Entering safepoint region: Cleanup
[2023-11-15T21:09:15.506+0000][3923.267s][info ][safepoint     ] Leaving safepoint region
[2023-11-15T21:09:15.506+0000][3923.268s][info ][safepoint     ] Total time for which application threads were stopped: 0.0003893 seconds, Stopping threads took: 0.0000526 seconds
[2023-11-15T21:10:08.510+0000][3976.272s][debug][safepoint     ] Safepoint synchronization initiated. (162 threads)
[2023-11-15T21:10:08.510+0000][3976.272s][info ][safepoint     ] Application time: 53.0045772 seconds
[2023-11-15T21:10:08.511+0000][3976.272s][info ][safepoint     ] Entering safepoint region: Cleanup
[2023-11-15T21:10:08.511+0000][3976.272s][info ][safepoint     ] Leaving safepoint region
[2023-11-15T21:10:08.511+0000][3976.273s][info ][safepoint     ] Total time for which application threads were stopped: 0.0003900 seconds, Stopping threads took: 0.0000541 seconds
[2023-11-15T21:10:38.513+0000][4006.275s][debug][safepoint     ] Safepoint synchronization initiated. (162 threads)
[2023-11-15T21:10:38.513+0000][4006.275s][info ][safepoint     ] Application time: 30.0025296 seconds
[2023-11-15T21:10:38.513+0000][4006.275s][info ][safepoint     ] Entering safepoint region: Cleanup
[2023-11-15T21:10:38.514+0000][4006.275s][info ][safepoint     ] Leaving safepoint region
[2023-11-15T21:10:38.514+0000][4006.275s][info ][safepoint     ] Total time for which application threads were stopped: 0.0003906 seconds, Stopping threads took: 0.0000538 seconds
[2023-11-15T21:11:35.519+0000][4063.280s][debug][safepoint     ] Safepoint synchronization initiated. (162 threads)
[2023-11-15T21:11:35.519+0000][4063.280s][info ][safepoint     ] Application time: 57.0048513 seconds
[2023-11-15T21:11:35.519+0000][4063.280s][info ][safepoint     ] Entering safepoint region: Cleanup
[2023-11-15T21:11:35.519+0000][4063.281s][info ][safepoint     ] Leaving safepoint region
[2023-11-15T21:11:35.519+0000][4063.281s][info ][safepoint     ] Total time for which application threads were stopped: 0.0003937 seconds, Stopping threads took: 0.0000520 seconds
[2023-11-15T21:11:39.519+0000][4067.281s][debug][safepoint     ] Safepoint synchronization initiated. (162 threads)
[2023-11-15T21:11:39.520+0000][4067.281s][info ][safepoint     ] Application time: 4.0004303 seconds
[2023-11-15T21:11:39.520+0000][4067.281s][info ][safepoint     ] Entering safepoint region: Cleanup
[2023-11-15T21:11:39.520+0000][4067.281s][info ][safepoint     ] Leaving safepoint region
[2023-11-15T21:11:39.520+0000][4067.282s][info ][safepoint     ] Total time for which application threads were stopped: 0.0002830 seconds, Stopping threads took: 0.0000524 seconds
[2023-11-15T21:11:41.341+0000][4069.103s][debug][safepoint     ] Safepoint synchronization initiated. (162 threads)
[2023-11-15T21:11:41.341+0000][4069.103s][info ][safepoint     ] Application time: 1.8213851 seconds
[2023-11-15T21:11:41.341+0000][4069.103s][info ][safepoint     ] Entering safepoint region: G1CollectForAllocation
[2023-11-15T21:11:41.342+0000][4069.103s][info ][gc,start      ] GC(47) Pause Young (Normal) (G1 Evacuation Pause)
[2023-11-15T21:11:41.342+0000][4069.103s][info ][gc,task       ] GC(47) Using 4 workers of 4 for evacuation
[2023-11-15T21:11:41.367+0000][4069.129s][info ][gc,phases     ] GC(47)   Pre Evacuate Collection Set: 0.0ms
[2023-11-15T21:11:41.367+0000][4069.129s][info ][gc,phases     ] GC(47)   Evacuate Collection Set: 20.1ms
[2023-11-15T21:11:41.367+0000][4069.129s][info ][gc,phases     ] GC(47)   Post Evacuate Collection Set: 5.0ms
[2023-11-15T21:11:41.367+0000][4069.129s][info ][gc,phases     ] GC(47)   Other: 0.4ms
[2023-11-15T21:11:41.367+0000][4069.129s][info ][gc,heap       ] GC(47) Eden regions: 461->0(466)
[2023-11-15T21:11:41.367+0000][4069.129s][info ][gc,heap       ] GC(47) Survivor regions: 16->11(60)
[2023-11-15T21:11:41.367+0000][4069.129s][info ][gc,heap       ] GC(47) Old regions: 134->138
[2023-11-15T21:11:41.367+0000][4069.129s][info ][gc,heap       ] GC(47) Humongous regions: 0->0
[2023-11-15T21:11:41.367+0000][4069.129s][info ][gc,metaspace  ] GC(47) Metaspace: 153421K(158396K)->153421K(158396K) NonClass: 135654K(138600K)->135654K(138600K) Class: 17766K(19796K)->17766K(19796K)
[2023-11-15T21:11:41.367+0000][4069.129s][info ][gc            ] GC(47) Pause Young (Normal) (G1 Evacuation Pause) 608M->147M(795M) 25.689ms
[2023-11-15T21:11:41.367+0000][4069.129s][info ][gc,cpu        ] GC(47) User=0.09s Sys=0.00s Real=0.02s
[2023-11-15T21:11:41.367+0000][4069.129s][info ][safepoint     ] Leaving safepoint region
[2023-11-15T21:11:41.367+0000][4069.129s][info ][safepoint     ] Total time for which application threads were stopped: 0.0262058 seconds, Stopping threads took: 0.0000490 seconds
[2023-11-15T21:11:41.368+0000][4069.129s][info ][gc,stringdedup] Concurrent String Deduplication (4069.129s)
[2023-11-15T21:11:41.368+0000][4069.129s][info ][gc,stringdedup] Concurrent String Deduplication 0.0B->0.0B(0.0B) avg 53.9% (4069.129s, 4069.129s) 0.065ms
[2023-11-15T21:12:32.372+0000][4120.134s][debug][safepoint     ] Safepoint synchronization initiated. (162 threads)
[2023-11-15T21:12:32.372+0000][4120.134s][info ][safepoint     ] Application time: 51.0046563 seconds
[2023-11-15T21:12:32.372+0000][4120.134s][info ][safepoint     ] Entering safepoint region: Cleanup
[2023-11-15T21:12:32.372+0000][4120.134s][info ][safepoint     ] Leaving safepoint region
[2023-11-15T21:12:32.373+0000][4120.134s][info ][safepoint     ] Total time for which application threads were stopped: 0.0003400 seconds, Stopping threads took: 0.0000493 seconds
[2023-11-15T21:12:35.373+0000][4123.134s][debug][safepoint     ] Safepoint synchronization initiated. (162 threads)
[2023-11-15T21:12:35.373+0000][4123.135s][info ][safepoint     ] Application time: 3.0003594 seconds
[2023-11-15T21:12:35.373+0000][4123.135s][info ][safepoint     ] Entering safepoint region: Cleanup
[2023-11-15T21:12:35.373+0000][4123.135s][info ][safepoint     ] Leaving safepoint region
[2023-11-15T21:12:35.373+0000][4123.135s][info ][safepoint     ] Total time for which application threads were stopped: 0.0003332 seconds, Stopping threads took: 0.0000515 seconds
[2023-11-15T21:13:02.376+0000][4150.137s][debug][safepoint     ] Safepoint synchronization initiated. (162 threads)
[2023-11-15T21:13:02.376+0000][4150.138s][info ][safepoint     ] Application time: 27.0026306 seconds
[2023-11-15T21:13:02.376+0000][4150.138s][info ][safepoint     ] Entering safepoint region: Cleanup
[2023-11-15T21:13:02.376+0000][4150.138s][info ][safepoint     ] Leaving safepoint region
[2023-11-15T21:13:02.376+0000][4150.138s][info ][safepoint     ] Total time for which application threads were stopped: 0.0003435 seconds, Stopping threads took: 0.0000495 seconds
[2023-11-15T21:13:36.380+0000][4184.141s][debug][safepoint     ] Safepoint synchronization initiated. (162 threads)
[2023-11-15T21:13:36.380+0000][4184.141s][info ][safepoint     ] Application time: 34.0033009 seconds
[2023-11-15T21:13:36.380+0000][4184.141s][info ][safepoint     ] Entering safepoint region: Cleanup
[2023-11-15T21:13:36.380+0000][4184.141s][info ][safepoint     ] Leaving safepoint region
[2023-11-15T21:13:36.380+0000][4184.141s][info ][safepoint     ] Total time for which application threads were stopped: 0.0002436 seconds, Stopping threads took: 0.0000475 seconds
[2023-11-15T21:13:41.380+0000][4189.142s][debug][safepoint     ] Safepoint synchronization initiated. (162 threads)
[2023-11-15T21:13:41.380+0000][4189.142s][info ][safepoint     ] Application time: 5.0005056 seconds
[2023-11-15T21:13:41.380+0000][4189.142s][info ][safepoint     ] Entering safepoint region: Cleanup
[2023-11-15T21:13:41.381+0000][4189.142s][info ][safepoint     ] Leaving safepoint region
[2023-11-15T21:13:41.381+0000][4189.142s][info ][safepoint     ] Total time for which application threads were stopped: 0.0003372 seconds, Stopping threads took: 0.0000456 seconds
[2023-11-15T21:15:43.392+0000][4311.153s][debug][safepoint     ] Safepoint synchronization initiated. (162 threads)
[2023-11-15T21:15:43.392+0000][4311.153s][info ][safepoint     ] Application time: 122.0108971 seconds
[2023-11-15T21:15:43.392+0000][4311.153s][info ][safepoint     ] Entering safepoint region: Cleanup
[2023-11-15T21:15:43.392+0000][4311.154s][info ][safepoint     ] Leaving safepoint region
[2023-11-15T21:15:43.392+0000][4311.154s][info ][safepoint     ] Total time for which application threads were stopped: 0.0002517 seconds, Stopping threads took: 0.0000480 seconds
[2023-11-15T21:16:35.397+0000][4363.158s][debug][safepoint     ] Safepoint synchronization initiated. (162 threads)
[2023-11-15T21:16:35.397+0000][4363.158s][info ][safepoint     ] Application time: 52.0046863 seconds
[2023-11-15T21:16:35.397+0000][4363.158s][info ][safepoint     ] Entering safepoint region: Cleanup
[2023-11-15T21:16:35.397+0000][4363.159s][info ][safepoint     ] Leaving safepoint region
[2023-11-15T21:16:35.397+0000][4363.159s][info ][safepoint     ] Total time for which application threads were stopped: 0.0003237 seconds, Stopping threads took: 0.0000477 seconds
[2023-11-15T21:20:02.491+0000][4570.253s][debug][safepoint     ] Safepoint synchronization initiated. (162 threads)
[2023-11-15T21:20:02.491+0000][4570.253s][info ][safepoint     ] Application time: 207.0939897 seconds
[2023-11-15T21:20:02.491+0000][4570.253s][info ][safepoint     ] Entering safepoint region: G1CollectForAllocation
[2023-11-15T21:20:02.491+0000][4570.253s][info ][gc,start      ] GC(48) Pause Young (Normal) (G1 Evacuation Pause)
[2023-11-15T21:20:02.491+0000][4570.253s][info ][gc,task       ] GC(48) Using 4 workers of 4 for evacuation
[2023-11-15T21:20:02.503+0000][4570.265s][info ][gc,phases     ] GC(48)   Pre Evacuate Collection Set: 0.0ms
[2023-11-15T21:20:02.503+0000][4570.265s][info ][gc,phases     ] GC(48)   Evacuate Collection Set: 8.0ms
[2023-11-15T21:20:02.503+0000][4570.265s][info ][gc,phases     ] GC(48)   Post Evacuate Collection Set: 4.0ms
[2023-11-15T21:20:02.503+0000][4570.265s][info ][gc,phases     ] GC(48)   Other: 0.2ms
[2023-11-15T21:20:02.503+0000][4570.265s][info ][gc,heap       ] GC(48) Eden regions: 466->0(470)
[2023-11-15T21:20:02.504+0000][4570.265s][info ][gc,heap       ] GC(48) Survivor regions: 11->7(60)
[2023-11-15T21:20:02.504+0000][4570.265s][info ][gc,heap       ] GC(48) Old regions: 138->142
[2023-11-15T21:20:02.504+0000][4570.265s][info ][gc,heap       ] GC(48) Humongous regions: 0->0
[2023-11-15T21:20:02.504+0000][4570.265s][info ][gc,metaspace  ] GC(48) Metaspace: 153426K(158396K)->153426K(158396K) NonClass: 135659K(138600K)->135659K(138600K) Class: 17766K(19796K)->17766K(19796K)
[2023-11-15T21:20:02.504+0000][4570.265s][info ][gc            ] GC(48) Pause Young (Normal) (G1 Evacuation Pause) 613M->147M(795M) 12.345ms
[2023-11-15T21:20:02.504+0000][4570.265s][info ][gc,cpu        ] GC(48) User=0.04s Sys=0.00s Real=0.01s
[2023-11-15T21:20:02.504+0000][4570.265s][info ][safepoint     ] Leaving safepoint region
[2023-11-15T21:20:02.504+0000][4570.265s][info ][safepoint     ] Total time for which application threads were stopped: 0.0126350 seconds, Stopping threads took: 0.0000321 seconds
[2023-11-15T21:20:02.504+0000][4570.265s][info ][gc,stringdedup] Concurrent String Deduplication (4570.265s)
[2023-11-15T21:20:02.504+0000][4570.265s][info ][gc,stringdedup] Concurrent String Deduplication 15144.0B->40.0B(15104.0B) avg 53.9% (4570.265s, 4570.265s) 0.121ms
[2023-11-15T21:20:48.507+0000][4616.269s][debug][safepoint     ] Safepoint synchronization initiated. (162 threads)
[2023-11-15T21:20:48.508+0000][4616.269s][info ][safepoint     ] Application time: 46.0039311 seconds
[2023-11-15T21:20:48.508+0000][4616.269s][info ][safepoint     ] Entering safepoint region: Cleanup
[2023-11-15T21:20:48.508+0000][4616.269s][info ][safepoint     ] Leaving safepoint region
[2023-11-15T21:20:48.508+0000][4616.270s][info ][safepoint     ] Total time for which application threads were stopped: 0.0002850 seconds, Stopping threads took: 0.0000500 seconds
[2023-11-15T21:20:49.508+0000][4617.270s][debug][safepoint     ] Safepoint synchronization initiated. (162 threads)
[2023-11-15T21:20:49.508+0000][4617.270s][info ][safepoint     ] Application time: 1.0001577 seconds
[2023-11-15T21:20:49.508+0000][4617.270s][info ][safepoint     ] Entering safepoint region: Cleanup
[2023-11-15T21:20:49.508+0000][4617.270s][info ][safepoint     ] Leaving safepoint region
[2023-11-15T21:20:49.508+0000][4617.270s][info ][safepoint     ] Total time for which application threads were stopped: 0.0003067 seconds, Stopping threads took: 0.0000574 seconds
[2023-11-15T21:21:35.512+0000][4663.274s][debug][safepoint     ] Safepoint synchronization initiated. (162 threads)
[2023-11-15T21:21:35.512+0000][4663.274s][info ][safepoint     ] Application time: 46.0038877 seconds
[2023-11-15T21:21:35.512+0000][4663.274s][info ][safepoint     ] Entering safepoint region: Cleanup
[2023-11-15T21:21:35.512+0000][4663.274s][info ][safepoint     ] Leaving safepoint region
[2023-11-15T21:21:35.512+0000][4663.274s][info ][safepoint     ] Total time for which application threads were stopped: 0.0002061 seconds, Stopping threads took: 0.0000377 seconds
[2023-11-15T21:21:49.514+0000][4677.275s][debug][safepoint     ] Safepoint synchronization initiated. (162 threads)
[2023-11-15T21:21:49.514+0000][4677.275s][info ][safepoint     ] Application time: 14.0012327 seconds
[2023-11-15T21:21:49.514+0000][4677.275s][info ][safepoint     ] Entering safepoint region: Cleanup
[2023-11-15T21:21:49.514+0000][4677.276s][info ][safepoint     ] Leaving safepoint region
[2023-11-15T21:21:49.514+0000][4677.276s][info ][safepoint     ] Total time for which application threads were stopped: 0.0003862 seconds, Stopping threads took: 0.0000508 seconds
[2023-11-15T21:22:35.518+0000][4723.280s][debug][safepoint     ] Safepoint synchronization initiated. (162 threads)
[2023-11-15T21:22:35.518+0000][4723.280s][info ][safepoint     ] Application time: 46.0039138 seconds
[2023-11-15T21:22:35.518+0000][4723.280s][info ][safepoint     ] Entering safepoint region: Cleanup
[2023-11-15T21:22:35.518+0000][4723.280s][info ][safepoint     ] Leaving safepoint region
[2023-11-15T21:22:35.518+0000][4723.280s][info ][safepoint     ] Total time for which application threads were stopped: 0.0002651 seconds, Stopping threads took: 0.0000551 seconds
[2023-11-15T21:22:50.520+0000][4738.281s][debug][safepoint     ] Safepoint synchronization initiated. (162 threads)
[2023-11-15T21:22:50.520+0000][4738.281s][info ][safepoint     ] Application time: 15.0013520 seconds
[2023-11-15T21:22:50.520+0000][4738.281s][info ][safepoint     ] Entering safepoint region: Cleanup
[2023-11-15T21:22:50.520+0000][4738.282s][info ][safepoint     ] Leaving safepoint region
[2023-11-15T21:22:50.520+0000][4738.282s][info ][safepoint     ] Total time for which application threads were stopped: 0.0002738 seconds, Stopping threads took: 0.0000528 seconds
[2023-11-15T21:23:32.524+0000][4780.285s][debug][safepoint     ] Safepoint synchronization initiated. (162 threads)
[2023-11-15T21:23:32.524+0000][4780.285s][info ][safepoint     ] Application time: 42.0037073 seconds
[2023-11-15T21:23:32.524+0000][4780.285s][info ][safepoint     ] Entering safepoint region: Cleanup
[2023-11-15T21:23:32.524+0000][4780.286s][info ][safepoint     ] Leaving safepoint region
[2023-11-15T21:23:32.524+0000][4780.286s][info ][safepoint     ] Total time for which application threads were stopped: 0.0002924 seconds, Stopping threads took: 0.0000581 seconds
[2023-11-15T21:24:42.530+0000][4850.292s][debug][safepoint     ] Safepoint synchronization initiated. (162 threads)
[2023-11-15T21:24:42.530+0000][4850.292s][info ][safepoint     ] Application time: 70.0063618 seconds
[2023-11-15T21:24:42.530+0000][4850.292s][info ][safepoint     ] Entering safepoint region: Cleanup
[2023-11-15T21:24:42.531+0000][4850.292s][info ][safepoint     ] Leaving safepoint region
[2023-11-15T21:24:42.531+0000][4850.292s][info ][safepoint     ] Total time for which application threads were stopped: 0.0002511 seconds, Stopping threads took: 0.0000582 seconds
[2023-11-15T21:25:48.537+0000][4916.299s][debug][safepoint     ] Safepoint synchronization initiated. (162 threads)
[2023-11-15T21:25:48.537+0000][4916.299s][info ][safepoint     ] Application time: 66.0062527 seconds
[2023-11-15T21:25:48.537+0000][4916.299s][info ][safepoint     ] Entering safepoint region: Cleanup
[2023-11-15T21:25:48.537+0000][4916.299s][info ][safepoint     ] Leaving safepoint region
[2023-11-15T21:25:48.537+0000][4916.299s][info ][safepoint     ] Total time for which application threads were stopped: 0.0003367 seconds, Stopping threads took: 0.0000520 seconds
[2023-11-15T21:25:53.538+0000][4921.299s][debug][safepoint     ] Safepoint synchronization initiated. (162 threads)
[2023-11-15T21:25:53.538+0000][4921.300s][info ][safepoint     ] Application time: 5.0005919 seconds
[2023-11-15T21:25:53.538+0000][4921.300s][info ][safepoint     ] Entering safepoint region: Cleanup
[2023-11-15T21:25:53.538+0000][4921.300s][info ][safepoint     ] Leaving safepoint region
[2023-11-15T21:25:53.538+0000][4921.300s][info ][safepoint     ] Total time for which application threads were stopped: 0.0003120 seconds, Stopping threads took: 0.0000530 seconds
[2023-11-15T21:28:27.143+0000][5074.905s][debug][safepoint     ] Safepoint synchronization initiated. (162 threads)
[2023-11-15T21:28:27.143+0000][5074.905s][info ][safepoint     ] Application time: 153.6048036 seconds
[2023-11-15T21:28:27.143+0000][5074.905s][info ][safepoint     ] Entering safepoint region: G1CollectForAllocation
[2023-11-15T21:28:27.143+0000][5074.905s][info ][gc,start      ] GC(49) Pause Young (Normal) (G1 Evacuation Pause)
[2023-11-15T21:28:27.143+0000][5074.905s][info ][gc,task       ] GC(49) Using 4 workers of 4 for evacuation
[2023-11-15T21:28:27.159+0000][5074.920s][info ][gc,phases     ] GC(49)   Pre Evacuate Collection Set: 0.0ms
[2023-11-15T21:28:27.159+0000][5074.920s][info ][gc,phases     ] GC(49)   Evacuate Collection Set: 10.3ms
[2023-11-15T21:28:27.159+0000][5074.920s][info ][gc,phases     ] GC(49)   Post Evacuate Collection Set: 4.6ms
[2023-11-15T21:28:27.159+0000][5074.920s][info ][gc,phases     ] GC(49)   Other: 0.4ms
[2023-11-15T21:28:27.159+0000][5074.920s][info ][gc,heap       ] GC(49) Eden regions: 470->0(475)
[2023-11-15T21:28:27.159+0000][5074.920s][info ][gc,heap       ] GC(49) Survivor regions: 7->2(60)
[2023-11-15T21:28:27.159+0000][5074.920s][info ][gc,heap       ] GC(49) Old regions: 142->147
[2023-11-15T21:28:27.159+0000][5074.920s][info ][gc,heap       ] GC(49) Humongous regions: 0->0
[2023-11-15T21:28:27.159+0000][5074.920s][info ][gc,metaspace  ] GC(49) Metaspace: 153469K(158652K)->153469K(158652K) NonClass: 135702K(138856K)->135702K(138856K) Class: 17766K(19796K)->17766K(19796K)
[2023-11-15T21:28:27.159+0000][5074.921s][info ][gc            ] GC(49) Pause Young (Normal) (G1 Evacuation Pause) 617M->146M(795M) 15.511ms
[2023-11-15T21:28:27.159+0000][5074.921s][info ][gc,cpu        ] GC(49) User=0.06s Sys=0.00s Real=0.01s
[2023-11-15T21:28:27.159+0000][5074.921s][info ][safepoint     ] Leaving safepoint region
[2023-11-15T21:28:27.159+0000][5074.921s][info ][safepoint     ] Total time for which application threads were stopped: 0.0158826 seconds, Stopping threads took: 0.0000493 seconds
[2023-11-15T21:28:27.159+0000][5074.921s][info ][gc,stringdedup] Concurrent String Deduplication (5074.921s)
[2023-11-15T21:28:27.159+0000][5074.921s][info ][gc,stringdedup] Concurrent String Deduplication 22368.0B->1104.0B(21264.0B) avg 54.0% (5074.921s, 5074.921s) 0.250ms
[2023-11-15T21:28:52.161+0000][5099.923s][debug][safepoint     ] Safepoint synchronization initiated. (162 threads)
[2023-11-15T21:28:52.161+0000][5099.923s][info ][safepoint     ] Application time: 25.0024699 seconds
[2023-11-15T21:28:52.162+0000][5099.923s][info ][safepoint     ] Entering safepoint region: Cleanup
[2023-11-15T21:28:52.162+0000][5099.923s][info ][safepoint     ] Leaving safepoint region
[2023-11-15T21:28:52.162+0000][5099.923s][info ][safepoint     ] Total time for which application threads were stopped: 0.0003442 seconds, Stopping threads took: 0.0000498 seconds
[2023-11-15T21:29:34.166+0000][5141.927s][debug][safepoint     ] Safepoint synchronization initiated. (162 threads)
[2023-11-15T21:29:34.166+0000][5141.927s][info ][safepoint     ] Application time: 42.0038842 seconds
[2023-11-15T21:29:34.166+0000][5141.927s][info ][safepoint     ] Entering safepoint region: Cleanup
[2023-11-15T21:29:34.166+0000][5141.928s][info ][safepoint     ] Leaving safepoint region
[2023-11-15T21:29:34.166+0000][5141.928s][info ][safepoint     ] Total time for which application threads were stopped: 0.0003419 seconds, Stopping threads took: 0.0000490 seconds
[2023-11-15T21:29:58.168+0000][5165.930s][debug][safepoint     ] Safepoint synchronization initiated. (162 threads)
[2023-11-15T21:29:58.168+0000][5165.930s][info ][safepoint     ] Application time: 24.0023331 seconds
[2023-11-15T21:29:58.169+0000][5165.930s][info ][safepoint     ] Entering safepoint region: Cleanup
[2023-11-15T21:29:58.169+0000][5165.930s][info ][safepoint     ] Leaving safepoint region
[2023-11-15T21:29:58.169+0000][5165.930s][info ][safepoint     ] Total time for which application threads were stopped: 0.0003333 seconds, Stopping threads took: 0.0000478 seconds
[2023-11-15T21:30:15.170+0000][5182.932s][debug][safepoint     ] Safepoint synchronization initiated. (162 threads)
[2023-11-15T21:30:15.170+0000][5182.932s][info ][safepoint     ] Application time: 17.0016182 seconds
[2023-11-15T21:30:15.170+0000][5182.932s][info ][safepoint     ] Entering safepoint region: Cleanup
[2023-11-15T21:30:15.171+0000][5182.932s][info ][safepoint     ] Leaving safepoint region
[2023-11-15T21:30:15.171+0000][5182.932s][info ][safepoint     ] Total time for which application threads were stopped: 0.0003441 seconds, Stopping threads took: 0.0000491 seconds
[2023-11-15T21:30:33.172+0000][5200.934s][debug][safepoint     ] Safepoint synchronization initiated. (162 threads)
[2023-11-15T21:30:33.172+0000][5200.934s][info ][safepoint     ] Application time: 18.0016734 seconds
[2023-11-15T21:30:33.173+0000][5200.934s][info ][safepoint     ] Entering safepoint region: Cleanup
[2023-11-15T21:30:33.173+0000][5200.934s][info ][safepoint     ] Leaving safepoint region
[2023-11-15T21:30:33.173+0000][5200.934s][info ][safepoint     ] Total time for which application threads were stopped: 0.0003286 seconds, Stopping threads took: 0.0000477 seconds
[2023-11-15T21:30:36.173+0000][5203.935s][debug][safepoint     ] Safepoint synchronization initiated. (162 threads)
[2023-11-15T21:30:36.173+0000][5203.935s][info ][safepoint     ] Application time: 3.0003644 seconds
[2023-11-15T21:30:36.173+0000][5203.935s][info ][safepoint     ] Entering safepoint region: Cleanup
[2023-11-15T21:30:36.174+0000][5203.935s][info ][safepoint     ] Leaving safepoint region
[2023-11-15T21:30:36.174+0000][5203.935s][info ][safepoint     ] Total time for which application threads were stopped: 0.0003314 seconds, Stopping threads took: 0.0000480 seconds
[2023-11-15T21:30:43.174+0000][5210.936s][debug][safepoint     ] Safepoint synchronization initiated. (162 threads)
[2023-11-15T21:30:43.174+0000][5210.936s][info ][safepoint     ] Application time: 7.0007067 seconds
[2023-11-15T21:30:43.174+0000][5210.936s][info ][safepoint     ] Entering safepoint region: Cleanup
[2023-11-15T21:30:43.175+0000][5210.936s][info ][safepoint     ] Leaving safepoint region
[2023-11-15T21:30:43.175+0000][5210.936s][info ][safepoint     ] Total time for which application threads were stopped: 0.0003286 seconds, Stopping threads took: 0.0000484 seconds
[2023-11-15T21:30:59.176+0000][5226.938s][debug][safepoint     ] Safepoint synchronization initiated. (162 threads)
[2023-11-15T21:30:59.176+0000][5226.938s][info ][safepoint     ] Application time: 16.0014708 seconds
[2023-11-15T21:30:59.176+0000][5226.938s][info ][safepoint     ] Entering safepoint region: Cleanup
[2023-11-15T21:30:59.176+0000][5226.938s][info ][safepoint     ] Leaving safepoint region
[2023-11-15T21:30:59.176+0000][5226.938s][info ][safepoint     ] Total time for which application threads were stopped: 0.0002519 seconds, Stopping threads took: 0.0000488 seconds
[2023-11-15T21:32:00.182+0000][5287.944s][debug][safepoint     ] Safepoint synchronization initiated. (162 threads)
[2023-11-15T21:32:00.182+0000][5287.944s][info ][safepoint     ] Application time: 61.0055249 seconds
[2023-11-15T21:32:00.182+0000][5287.944s][info ][safepoint     ] Entering safepoint region: Cleanup
[2023-11-15T21:32:00.182+0000][5287.944s][info ][safepoint     ] Leaving safepoint region
[2023-11-15T21:32:00.182+0000][5287.944s][info ][safepoint     ] Total time for which application threads were stopped: 0.0002441 seconds, Stopping threads took: 0.0000488 seconds
[2023-11-15T21:32:38.185+0000][5325.947s][debug][safepoint     ] Safepoint synchronization initiated. (164 threads)
[2023-11-15T21:32:38.186+0000][5325.947s][info ][safepoint     ] Application time: 38.0033579 seconds
[2023-11-15T21:32:38.186+0000][5325.947s][info ][safepoint     ] Entering safepoint region: Cleanup
[2023-11-15T21:32:38.186+0000][5325.948s][info ][safepoint     ] Leaving safepoint region
[2023-11-15T21:32:38.186+0000][5325.948s][info ][safepoint     ] Total time for which application threads were stopped: 0.0003295 seconds, Stopping threads took: 0.0000481 seconds
[2023-11-15T21:32:56.188+0000][5343.949s][debug][safepoint     ] Safepoint synchronization initiated. (163 threads)
[2023-11-15T21:32:56.188+0000][5343.949s][info ][safepoint     ] Application time: 18.0016421 seconds
[2023-11-15T21:32:56.188+0000][5343.949s][info ][safepoint     ] Entering safepoint region: Cleanup
[2023-11-15T21:32:56.188+0000][5343.949s][info ][safepoint     ] Leaving safepoint region
[2023-11-15T21:32:56.188+0000][5343.949s][info ][safepoint     ] Total time for which application threads were stopped: 0.0002461 seconds, Stopping threads took: 0.0000484 seconds
[2023-11-15T21:33:04.189+0000][5351.950s][debug][safepoint     ] Safepoint synchronization initiated. (163 threads)
[2023-11-15T21:33:04.189+0000][5351.950s][info ][safepoint     ] Application time: 8.0008430 seconds
[2023-11-15T21:33:04.189+0000][5351.950s][info ][safepoint     ] Entering safepoint region: Cleanup
[2023-11-15T21:33:04.189+0000][5351.951s][info ][safepoint     ] Leaving safepoint region
[2023-11-15T21:33:04.189+0000][5351.951s][info ][safepoint     ] Total time for which application threads were stopped: 0.0003145 seconds, Stopping threads took: 0.0000459 seconds
[2023-11-15T21:33:11.190+0000][5358.951s][debug][safepoint     ] Safepoint synchronization initiated. (164 threads)
[2023-11-15T21:33:11.190+0000][5358.951s][info ][safepoint     ] Application time: 7.0007306 seconds
[2023-11-15T21:33:11.190+0000][5358.951s][info ][safepoint     ] Entering safepoint region: Cleanup
[2023-11-15T21:33:11.190+0000][5358.952s][info ][safepoint     ] Leaving safepoint region
[2023-11-15T21:33:11.190+0000][5358.952s][info ][safepoint     ] Total time for which application threads were stopped: 0.0002480 seconds, Stopping threads took: 0.0000467 seconds
[2023-11-15T21:33:44.193+0000][5391.955s][debug][safepoint     ] Safepoint synchronization initiated. (161 threads)
[2023-11-15T21:33:44.193+0000][5391.955s][info ][safepoint     ] Application time: 33.0029770 seconds
[2023-11-15T21:33:44.193+0000][5391.955s][info ][safepoint     ] Entering safepoint region: Cleanup
[2023-11-15T21:33:44.193+0000][5391.955s][info ][safepoint     ] Leaving safepoint region
[2023-11-15T21:33:44.193+0000][5391.955s][info ][safepoint     ] Total time for which application threads were stopped: 0.0003190 seconds, Stopping threads took: 0.0000473 seconds
[2023-11-15T21:35:03.201+0000][5470.962s][debug][safepoint     ] Safepoint synchronization initiated. (162 threads)
[2023-11-15T21:35:03.201+0000][5470.962s][info ][safepoint     ] Application time: 79.0072282 seconds
[2023-11-15T21:35:03.201+0000][5470.962s][info ][safepoint     ] Entering safepoint region: Cleanup
[2023-11-15T21:35:03.201+0000][5470.963s][info ][safepoint     ] Leaving safepoint region
[2023-11-15T21:35:03.201+0000][5470.963s][info ][safepoint     ] Total time for which application threads were stopped: 0.0003232 seconds, Stopping threads took: 0.0000459 seconds
[2023-11-15T21:35:30.204+0000][5497.965s][debug][safepoint     ] Safepoint synchronization initiated. (162 threads)
[2023-11-15T21:35:30.204+0000][5497.965s][info ][safepoint     ] Application time: 27.0025794 seconds
[2023-11-15T21:35:30.204+0000][5497.965s][info ][safepoint     ] Entering safepoint region: Cleanup
[2023-11-15T21:35:30.204+0000][5497.965s][info ][safepoint     ] Leaving safepoint region
[2023-11-15T21:35:30.204+0000][5497.965s][info ][safepoint     ] Total time for which application threads were stopped: 0.0002324 seconds, Stopping threads took: 0.0000460 seconds
[2023-11-15T21:35:36.204+0000][5503.966s][debug][safepoint     ] Safepoint synchronization initiated. (162 threads)
[2023-11-15T21:35:36.204+0000][5503.966s][info ][safepoint     ] Application time: 6.0005632 seconds
[2023-11-15T21:35:36.204+0000][5503.966s][info ][safepoint     ] Entering safepoint region: Cleanup
[2023-11-15T21:35:36.205+0000][5503.966s][info ][safepoint     ] Leaving safepoint region
[2023-11-15T21:35:36.205+0000][5503.966s][info ][safepoint     ] Total time for which application threads were stopped: 0.0002346 seconds, Stopping threads took: 0.0000484 seconds
[2023-11-15T21:36:03.207+0000][5530.969s][debug][safepoint     ] Safepoint synchronization initiated. (162 threads)
[2023-11-15T21:36:03.207+0000][5530.969s][info ][safepoint     ] Application time: 27.0025308 seconds
[2023-11-15T21:36:03.207+0000][5530.969s][info ][safepoint     ] Entering safepoint region: Cleanup
[2023-11-15T21:36:03.207+0000][5530.969s][info ][safepoint     ] Leaving safepoint region
[2023-11-15T21:36:03.208+0000][5530.969s][info ][safepoint     ] Total time for which application threads were stopped: 0.0002635 seconds, Stopping threads took: 0.0000486 seconds
[2023-11-15T21:36:55.667+0000][5583.429s][debug][safepoint     ] Safepoint synchronization initiated. (162 threads)
[2023-11-15T21:36:55.667+0000][5583.429s][info ][safepoint     ] Application time: 52.4597191 seconds
[2023-11-15T21:36:55.667+0000][5583.429s][info ][safepoint     ] Entering safepoint region: G1CollectForAllocation
[2023-11-15T21:36:55.668+0000][5583.429s][info ][gc,start      ] GC(50) Pause Young (Normal) (G1 Evacuation Pause)
[2023-11-15T21:36:55.668+0000][5583.429s][info ][gc,task       ] GC(50) Using 4 workers of 4 for evacuation
[2023-11-15T21:36:55.678+0000][5583.440s][info ][gc,phases     ] GC(50)   Pre Evacuate Collection Set: 0.0ms
[2023-11-15T21:36:55.678+0000][5583.440s][info ][gc,phases     ] GC(50)   Evacuate Collection Set: 4.2ms
[2023-11-15T21:36:55.678+0000][5583.440s][info ][gc,phases     ] GC(50)   Post Evacuate Collection Set: 5.9ms
[2023-11-15T21:36:55.678+0000][5583.440s][info ][gc,phases     ] GC(50)   Other: 0.4ms
[2023-11-15T21:36:55.678+0000][5583.440s][info ][gc,heap       ] GC(50) Eden regions: 475->0(475)
[2023-11-15T21:36:55.678+0000][5583.440s][info ][gc,heap       ] GC(50) Survivor regions: 2->2(60)
[2023-11-15T21:36:55.678+0000][5583.440s][info ][gc,heap       ] GC(50) Old regions: 147->147
[2023-11-15T21:36:55.678+0000][5583.440s][info ][gc,heap       ] GC(50) Humongous regions: 0->0
[2023-11-15T21:36:55.678+0000][5583.440s][info ][gc,metaspace  ] GC(50) Metaspace: 153513K(158652K)->153513K(158652K) NonClass: 135747K(138856K)->135747K(138856K) Class: 17766K(19796K)->17766K(19796K)
[2023-11-15T21:36:55.678+0000][5583.440s][info ][gc            ] GC(50) Pause Young (Normal) (G1 Evacuation Pause) 621M->147M(795M) 10.719ms
[2023-11-15T21:36:55.678+0000][5583.440s][info ][gc,cpu        ] GC(50) User=0.04s Sys=0.00s Real=0.00s
[2023-11-15T21:36:55.678+0000][5583.440s][info ][safepoint     ] Leaving safepoint region
[2023-11-15T21:36:55.678+0000][5583.440s][info ][safepoint     ] Total time for which application threads were stopped: 0.0110931 seconds, Stopping threads took: 0.0000501 seconds
[2023-11-15T21:36:55.678+0000][5583.440s][info ][gc,stringdedup] Concurrent String Deduplication (5583.440s)
[2023-11-15T21:36:55.678+0000][5583.440s][info ][gc,stringdedup] Concurrent String Deduplication 0.0B->0.0B(0.0B) avg 54.0% (5583.440s, 5583.440s) 0.052ms
[2023-11-15T21:37:35.682+0000][5623.444s][debug][safepoint     ] Safepoint synchronization initiated. (162 threads)
[2023-11-15T21:37:35.682+0000][5623.444s][info ][safepoint     ] Application time: 40.0036371 seconds
[2023-11-15T21:37:35.682+0000][5623.444s][info ][safepoint     ] Entering safepoint region: Cleanup
[2023-11-15T21:37:35.682+0000][5623.444s][info ][safepoint     ] Leaving safepoint region
[2023-11-15T21:37:35.682+0000][5623.444s][info ][safepoint     ] Total time for which application threads were stopped: 0.0003358 seconds, Stopping threads took: 0.0000500 seconds
[2023-11-15T21:39:06.691+0000][5714.452s][debug][safepoint     ] Safepoint synchronization initiated. (162 threads)
[2023-11-15T21:39:06.691+0000][5714.452s][info ][safepoint     ] Application time: 91.0082435 seconds
[2023-11-15T21:39:06.691+0000][5714.452s][info ][safepoint     ] Entering safepoint region: Cleanup
[2023-11-15T21:39:06.691+0000][5714.453s][info ][safepoint     ] Leaving safepoint region
[2023-11-15T21:39:06.691+0000][5714.453s][info ][safepoint     ] Total time for which application threads were stopped: 0.0003497 seconds, Stopping threads took: 0.0000516 seconds
[2023-11-15T21:40:06.696+0000][5774.458s][debug][safepoint     ] Safepoint synchronization initiated. (162 threads)
[2023-11-15T21:40:06.697+0000][5774.458s][info ][safepoint     ] Application time: 60.0055643 seconds
[2023-11-15T21:40:06.697+0000][5774.458s][info ][safepoint     ] Entering safepoint region: Cleanup
[2023-11-15T21:40:06.697+0000][5774.459s][info ][safepoint     ] Leaving safepoint region
[2023-11-15T21:40:06.697+0000][5774.459s][info ][safepoint     ] Total time for which application threads were stopped: 0.0003422 seconds, Stopping threads took: 0.0000503 seconds
[2023-11-15T21:40:07.697+0000][5775.459s][debug][safepoint     ] Safepoint synchronization initiated. (162 threads)
[2023-11-15T21:40:07.697+0000][5775.459s][info ][safepoint     ] Application time: 1.0001656 seconds
[2023-11-15T21:40:07.697+0000][5775.459s][info ][safepoint     ] Entering safepoint region: Cleanup
[2023-11-15T21:40:07.697+0000][5775.459s][info ][safepoint     ] Leaving safepoint region
[2023-11-15T21:40:07.698+0000][5775.459s][info ][safepoint     ] Total time for which application threads were stopped: 0.0003349 seconds, Stopping threads took: 0.0000499 seconds
[2023-11-15T21:40:35.700+0000][5803.462s][debug][safepoint     ] Safepoint synchronization initiated. (162 threads)
[2023-11-15T21:40:35.700+0000][5803.462s][info ][safepoint     ] Application time: 28.0026520 seconds
[2023-11-15T21:40:35.700+0000][5803.462s][info ][safepoint     ] Entering safepoint region: Cleanup
[2023-11-15T21:40:35.700+0000][5803.462s][info ][safepoint     ] Leaving safepoint region
[2023-11-15T21:40:35.701+0000][5803.462s][info ][safepoint     ] Total time for which application threads were stopped: 0.0003403 seconds, Stopping threads took: 0.0000511 seconds
[2023-11-15T21:41:01.703+0000][5829.465s][debug][safepoint     ] Safepoint synchronization initiated. (162 threads)
[2023-11-15T21:41:01.703+0000][5829.465s][info ][safepoint     ] Application time: 26.0024832 seconds
[2023-11-15T21:41:01.703+0000][5829.465s][info ][safepoint     ] Entering safepoint region: Cleanup
[2023-11-15T21:41:01.703+0000][5829.465s][info ][safepoint     ] Leaving safepoint region
[2023-11-15T21:41:01.703+0000][5829.465s][info ][safepoint     ] Total time for which application threads were stopped: 0.0003394 seconds, Stopping threads took: 0.0000466 seconds
[2023-11-15T21:41:07.704+0000][5835.466s][debug][safepoint     ] Safepoint synchronization initiated. (162 threads)
[2023-11-15T21:41:07.704+0000][5835.466s][info ][safepoint     ] Application time: 6.0006393 seconds
[2023-11-15T21:41:07.704+0000][5835.466s][info ][safepoint     ] Entering safepoint region: Cleanup
[2023-11-15T21:41:07.704+0000][5835.466s][info ][safepoint     ] Leaving safepoint region
[2023-11-15T21:41:07.704+0000][5835.466s][info ][safepoint     ] Total time for which application threads were stopped: 0.0003425 seconds, Stopping threads took: 0.0000506 seconds
[2023-11-15T21:41:35.707+0000][5863.469s][debug][safepoint     ] Safepoint synchronization initiated. (162 threads)
[2023-11-15T21:41:35.707+0000][5863.469s][info ][safepoint     ] Application time: 28.0025944 seconds
[2023-11-15T21:41:35.707+0000][5863.469s][info ][safepoint     ] Entering safepoint region: Cleanup
[2023-11-15T21:41:35.707+0000][5863.469s][info ][safepoint     ] Leaving safepoint region
[2023-11-15T21:41:35.707+0000][5863.469s][info ][safepoint     ] Total time for which application threads were stopped: 0.0002500 seconds, Stopping threads took: 0.0000506 seconds
[2023-11-15T21:41:49.709+0000][5877.470s][debug][safepoint     ] Safepoint synchronization initiated. (162 threads)
[2023-11-15T21:41:49.709+0000][5877.470s][info ][safepoint     ] Application time: 14.0012690 seconds
[2023-11-15T21:41:49.709+0000][5877.470s][info ][safepoint     ] Entering safepoint region: Cleanup
[2023-11-15T21:41:49.709+0000][5877.471s][info ][safepoint     ] Leaving safepoint region
[2023-11-15T21:41:49.709+0000][5877.471s][info ][safepoint     ] Total time for which application threads were stopped: 0.0002664 seconds, Stopping threads took: 0.0000505 seconds
[2023-11-15T21:43:33.718+0000][5981.480s][debug][safepoint     ] Safepoint synchronization initiated. (162 threads)
[2023-11-15T21:43:33.718+0000][5981.480s][info ][safepoint     ] Application time: 104.0094669 seconds
[2023-11-15T21:43:33.718+0000][5981.480s][info ][safepoint     ] Entering safepoint region: Cleanup
[2023-11-15T21:43:33.719+0000][5981.480s][info ][safepoint     ] Leaving safepoint region
[2023-11-15T21:43:33.719+0000][5981.480s][info ][safepoint     ] Total time for which application threads were stopped: 0.0003369 seconds, Stopping threads took: 0.0000493 seconds
[2023-11-15T21:43:35.719+0000][5983.481s][debug][safepoint     ] Safepoint synchronization initiated. (162 threads)
[2023-11-15T21:43:35.719+0000][5983.481s][info ][safepoint     ] Application time: 2.0002477 seconds
[2023-11-15T21:43:35.719+0000][5983.481s][info ][safepoint     ] Entering safepoint region: Cleanup
[2023-11-15T21:43:35.719+0000][5983.481s][info ][safepoint     ] Leaving safepoint region
[2023-11-15T21:43:35.719+0000][5983.481s][info ][safepoint     ] Total time for which application threads were stopped: 0.0003281 seconds, Stopping threads took: 0.0000487 seconds
[2023-11-15T21:43:37.720+0000][5985.481s][debug][safepoint     ] Safepoint synchronization initiated. (162 threads)
[2023-11-15T21:43:37.720+0000][5985.481s][info ][safepoint     ] Application time: 2.0002362 seconds
[2023-11-15T21:43:37.720+0000][5985.481s][info ][safepoint     ] Entering safepoint region: Cleanup
[2023-11-15T21:43:37.720+0000][5985.482s][info ][safepoint     ] Leaving safepoint region
[2023-11-15T21:43:37.720+0000][5985.482s][info ][safepoint     ] Total time for which application threads were stopped: 0.0003288 seconds, Stopping threads took: 0.0000483 seconds
[2023-11-15T21:43:41.720+0000][5989.482s][debug][safepoint     ] Safepoint synchronization initiated. (162 threads)
[2023-11-15T21:43:41.720+0000][5989.482s][info ][safepoint     ] Application time: 4.0004402 seconds
[2023-11-15T21:43:41.720+0000][5989.482s][info ][safepoint     ] Entering safepoint region: Cleanup
[2023-11-15T21:43:41.721+0000][5989.482s][info ][safepoint     ] Leaving safepoint region
[2023-11-15T21:43:41.721+0000][5989.482s][info ][safepoint     ] Total time for which application threads were stopped: 0.0003278 seconds, Stopping threads took: 0.0000478 seconds
[2023-11-15T21:43:42.721+0000][5990.483s][debug][safepoint     ] Safepoint synchronization initiated. (162 threads)
[2023-11-15T21:43:42.721+0000][5990.483s][info ][safepoint     ] Application time: 1.0001883 seconds
[2023-11-15T21:43:42.721+0000][5990.483s][info ][safepoint     ] Entering safepoint region: Cleanup
[2023-11-15T21:43:42.721+0000][5990.483s][info ][safepoint     ] Leaving safepoint region
[2023-11-15T21:43:42.721+0000][5990.483s][info ][safepoint     ] Total time for which application threads were stopped: 0.0003286 seconds, Stopping threads took: 0.0000490 seconds
[2023-11-15T21:45:25.819+0000][6093.580s][debug][safepoint     ] Safepoint synchronization initiated. (162 threads)
[2023-11-15T21:45:25.819+0000][6093.580s][info ][safepoint     ] Application time: 103.0973581 seconds
[2023-11-15T21:45:25.819+0000][6093.580s][info ][safepoint     ] Entering safepoint region: G1CollectForAllocation
[2023-11-15T21:45:25.819+0000][6093.581s][info ][gc,start      ] GC(51) Pause Young (Normal) (G1 Evacuation Pause)
[2023-11-15T21:45:25.819+0000][6093.581s][info ][gc,task       ] GC(51) Using 4 workers of 4 for evacuation
[2023-11-15T21:45:25.825+0000][6093.586s][info ][gc,phases     ] GC(51)   Pre Evacuate Collection Set: 0.0ms
[2023-11-15T21:45:25.825+0000][6093.586s][info ][gc,phases     ] GC(51)   Evacuate Collection Set: 2.4ms
[2023-11-15T21:45:25.825+0000][6093.586s][info ][gc,phases     ] GC(51)   Post Evacuate Collection Set: 3.1ms
[2023-11-15T21:45:25.825+0000][6093.586s][info ][gc,phases     ] GC(51)   Other: 0.2ms
[2023-11-15T21:45:25.825+0000][6093.586s][info ][gc,heap       ] GC(51) Eden regions: 475->0(475)
[2023-11-15T21:45:25.825+0000][6093.586s][info ][gc,heap       ] GC(51) Survivor regions: 2->2(60)
[2023-11-15T21:45:25.825+0000][6093.586s][info ][gc,heap       ] GC(51) Old regions: 147->148
[2023-11-15T21:45:25.825+0000][6093.586s][info ][gc,heap       ] GC(51) Humongous regions: 0->0
[2023-11-15T21:45:25.825+0000][6093.586s][info ][gc,metaspace  ] GC(51) Metaspace: 153567K(158652K)->153567K(158652K) NonClass: 135798K(138856K)->135798K(138856K) Class: 17769K(19796K)->17769K(19796K)
[2023-11-15T21:45:25.825+0000][6093.586s][info ][gc            ] GC(51) Pause Young (Normal) (G1 Evacuation Pause) 622M->147M(795M) 5.832ms
[2023-11-15T21:45:25.825+0000][6093.586s][info ][gc,cpu        ] GC(51) User=0.02s Sys=0.00s Real=0.01s
[2023-11-15T21:45:25.825+0000][6093.586s][info ][safepoint     ] Leaving safepoint region
[2023-11-15T21:45:25.825+0000][6093.586s][info ][safepoint     ] Total time for which application threads were stopped: 0.0061131 seconds, Stopping threads took: 0.0000363 seconds
[2023-11-15T21:45:25.825+0000][6093.587s][info ][gc,stringdedup] Concurrent String Deduplication (6093.587s)
[2023-11-15T21:45:25.825+0000][6093.587s][info ][gc,stringdedup] Concurrent String Deduplication 0.0B->0.0B(0.0B) avg 54.0% (6093.587s, 6093.587s) 0.066ms
[2023-11-15T21:45:26.825+0000][6094.587s][debug][safepoint     ] Safepoint synchronization initiated. (162 threads)
[2023-11-15T21:45:26.825+0000][6094.587s][info ][safepoint     ] Application time: 1.0001696 seconds
[2023-11-15T21:45:26.825+0000][6094.587s][info ][safepoint     ] Entering safepoint region: Cleanup
[2023-11-15T21:45:26.825+0000][6094.587s][info ][safepoint     ] Leaving safepoint region
[2023-11-15T21:45:26.825+0000][6094.587s][info ][safepoint     ] Total time for which application threads were stopped: 0.0002452 seconds, Stopping threads took: 0.0000308 seconds
[2023-11-15T21:45:35.826+0000][6103.588s][debug][safepoint     ] Safepoint synchronization initiated. (162 threads)
[2023-11-15T21:45:35.826+0000][6103.588s][info ][safepoint     ] Application time: 9.0009629 seconds
[2023-11-15T21:45:35.826+0000][6103.588s][info ][safepoint     ] Entering safepoint region: Cleanup
[2023-11-15T21:45:35.827+0000][6103.588s][info ][safepoint     ] Leaving safepoint region
[2023-11-15T21:45:35.827+0000][6103.588s][info ][safepoint     ] Total time for which application threads were stopped: 0.0003336 seconds, Stopping threads took: 0.0000494 seconds
[2023-11-15T21:46:24.831+0000][6152.593s][debug][safepoint     ] Safepoint synchronization initiated. (162 threads)
[2023-11-15T21:46:24.831+0000][6152.593s][info ][safepoint     ] Application time: 49.0043441 seconds
[2023-11-15T21:46:24.831+0000][6152.593s][info ][safepoint     ] Entering safepoint region: Cleanup
[2023-11-15T21:46:24.831+0000][6152.593s][info ][safepoint     ] Leaving safepoint region
[2023-11-15T21:46:24.831+0000][6152.593s][info ][safepoint     ] Total time for which application threads were stopped: 0.0002141 seconds, Stopping threads took: 0.0000503 seconds
[2023-11-15T21:46:32.832+0000][6160.593s][debug][safepoint     ] Safepoint synchronization initiated. (162 threads)
[2023-11-15T21:46:32.832+0000][6160.594s][info ][safepoint     ] Application time: 8.0007202 seconds
[2023-11-15T21:46:32.832+0000][6160.594s][info ][safepoint     ] Entering safepoint region: Cleanup
[2023-11-15T21:46:32.832+0000][6160.594s][info ][safepoint     ] Leaving safepoint region
[2023-11-15T21:46:32.832+0000][6160.594s][info ][safepoint     ] Total time for which application threads were stopped: 0.0002389 seconds, Stopping threads took: 0.0000522 seconds
[2023-11-15T21:46:35.832+0000][6163.594s][debug][safepoint     ] Safepoint synchronization initiated. (162 threads)
[2023-11-15T21:46:35.833+0000][6163.594s][info ][safepoint     ] Application time: 3.0003229 seconds
[2023-11-15T21:46:35.833+0000][6163.594s][info ][safepoint     ] Entering safepoint region: Cleanup
[2023-11-15T21:46:35.833+0000][6163.594s][info ][safepoint     ] Leaving safepoint region
[2023-11-15T21:46:35.833+0000][6163.594s][info ][safepoint     ] Total time for which application threads were stopped: 0.0001559 seconds, Stopping threads took: 0.0000321 seconds
[2023-11-15T21:47:14.836+0000][6202.598s][debug][safepoint     ] Safepoint synchronization initiated. (162 threads)
[2023-11-15T21:47:14.836+0000][6202.598s][info ][safepoint     ] Application time: 39.0035282 seconds
[2023-11-15T21:47:14.836+0000][6202.598s][info ][safepoint     ] Entering safepoint region: Cleanup
[2023-11-15T21:47:14.837+0000][6202.598s][info ][safepoint     ] Leaving safepoint region
[2023-11-15T21:47:14.837+0000][6202.598s][info ][safepoint     ] Total time for which application threads were stopped: 0.0004613 seconds, Stopping threads took: 0.0002388 seconds
[2023-11-15T21:47:15.837+0000][6203.598s][debug][safepoint     ] Safepoint synchronization initiated. (162 threads)
[2023-11-15T21:47:15.837+0000][6203.599s][info ][safepoint     ] Application time: 1.0001687 seconds
[2023-11-15T21:47:15.837+0000][6203.599s][info ][safepoint     ] Entering safepoint region: Cleanup
[2023-11-15T21:47:15.837+0000][6203.599s][info ][safepoint     ] Leaving safepoint region
[2023-11-15T21:47:15.837+0000][6203.599s][info ][safepoint     ] Total time for which application threads were stopped: 0.0003335 seconds, Stopping threads took: 0.0000486 seconds
[2023-11-15T21:47:35.839+0000][6223.601s][debug][safepoint     ] Safepoint synchronization initiated. (162 threads)
[2023-11-15T21:47:35.839+0000][6223.601s][info ][safepoint     ] Application time: 20.0019163 seconds
[2023-11-15T21:47:35.839+0000][6223.601s][info ][safepoint     ] Entering safepoint region: Cleanup
[2023-11-15T21:47:35.839+0000][6223.601s][info ][safepoint     ] Leaving safepoint region
[2023-11-15T21:47:35.840+0000][6223.601s][info ][safepoint     ] Total time for which application threads were stopped: 0.0003063 seconds, Stopping threads took: 0.0000491 seconds
[2023-11-15T21:48:35.845+0000][6283.606s][debug][safepoint     ] Safepoint synchronization initiated. (162 threads)
[2023-11-15T21:48:35.845+0000][6283.606s][info ][safepoint     ] Application time: 60.0052870 seconds
[2023-11-15T21:48:35.845+0000][6283.607s][info ][safepoint     ] Entering safepoint region: Cleanup
[2023-11-15T21:48:35.845+0000][6283.607s][info ][safepoint     ] Leaving safepoint region
[2023-11-15T21:48:35.845+0000][6283.607s][info ][safepoint     ] Total time for which application threads were stopped: 0.0003350 seconds, Stopping threads took: 0.0000486 seconds
[2023-11-15T21:49:16.849+0000][6324.610s][debug][safepoint     ] Safepoint synchronization initiated. (162 threads)
[2023-11-15T21:49:16.849+0000][6324.611s][info ][safepoint     ] Application time: 41.0037332 seconds
[2023-11-15T21:49:16.849+0000][6324.611s][info ][safepoint     ] Entering safepoint region: Cleanup
[2023-11-15T21:49:16.849+0000][6324.611s][info ][safepoint     ] Leaving safepoint region
[2023-11-15T21:49:16.849+0000][6324.611s][info ][safepoint     ] Total time for which application threads were stopped: 0.0003401 seconds, Stopping threads took: 0.0000497 seconds
[2023-11-15T21:50:28.856+0000][6396.618s][debug][safepoint     ] Safepoint synchronization initiated. (162 threads)
[2023-11-15T21:50:28.856+0000][6396.618s][info ][safepoint     ] Application time: 72.0067271 seconds
[2023-11-15T21:50:28.856+0000][6396.618s][info ][safepoint     ] Entering safepoint region: Cleanup
[2023-11-15T21:50:28.856+0000][6396.618s][info ][safepoint     ] Leaving safepoint region
[2023-11-15T21:50:28.856+0000][6396.618s][info ][safepoint     ] Total time for which application threads were stopped: 0.0003352 seconds, Stopping threads took: 0.0000497 seconds
[2023-11-15T21:53:55.946+0000][6603.708s][debug][safepoint     ] Safepoint synchronization initiated. (162 threads)
[2023-11-15T21:53:55.946+0000][6603.708s][info ][safepoint     ] Application time: 207.0897529 seconds
[2023-11-15T21:53:55.946+0000][6603.708s][info ][safepoint     ] Entering safepoint region: G1CollectForAllocation
[2023-11-15T21:53:55.947+0000][6603.708s][info ][gc,start      ] GC(52) Pause Young (Normal) (G1 Evacuation Pause)
[2023-11-15T21:53:55.947+0000][6603.708s][info ][gc,task       ] GC(52) Using 4 workers of 4 for evacuation
[2023-11-15T21:53:55.955+0000][6603.717s][info ][gc,phases     ] GC(52)   Pre Evacuate Collection Set: 0.0ms
[2023-11-15T21:53:55.955+0000][6603.717s][info ][gc,phases     ] GC(52)   Evacuate Collection Set: 3.5ms
[2023-11-15T21:53:55.955+0000][6603.717s][info ][gc,phases     ] GC(52)   Post Evacuate Collection Set: 4.5ms
[2023-11-15T21:53:55.955+0000][6603.717s][info ][gc,phases     ] GC(52)   Other: 0.4ms
[2023-11-15T21:53:55.955+0000][6603.717s][info ][gc,heap       ] GC(52) Eden regions: 475->0(475)
[2023-11-15T21:53:55.955+0000][6603.717s][info ][gc,heap       ] GC(52) Survivor regions: 2->2(60)
[2023-11-15T21:53:55.955+0000][6603.717s][info ][gc,heap       ] GC(52) Old regions: 148->148
[2023-11-15T21:53:55.955+0000][6603.717s][info ][gc,heap       ] GC(52) Humongous regions: 0->0
[2023-11-15T21:53:55.955+0000][6603.717s][info ][gc,metaspace  ] GC(52) Metaspace: 153591K(158652K)->153591K(158652K) NonClass: 135822K(138856K)->135822K(138856K) Class: 17769K(19796K)->17769K(19796K)
[2023-11-15T21:53:55.955+0000][6603.717s][info ][gc            ] GC(52) Pause Young (Normal) (G1 Evacuation Pause) 622M->147M(795M) 8.591ms
[2023-11-15T21:53:55.955+0000][6603.717s][info ][gc,cpu        ] GC(52) User=0.02s Sys=0.00s Real=0.01s
[2023-11-15T21:53:55.955+0000][6603.717s][info ][safepoint     ] Leaving safepoint region
[2023-11-15T21:53:55.955+0000][6603.717s][info ][safepoint     ] Total time for which application threads were stopped: 0.0090405 seconds, Stopping threads took: 0.0000469 seconds
[2023-11-15T21:53:55.955+0000][6603.717s][info ][gc,stringdedup] Concurrent String Deduplication (6603.717s)
[2023-11-15T21:53:55.956+0000][6603.717s][info ][gc,stringdedup] Concurrent String Deduplication 33408.0B->48.0B(33360.0B) avg 54.1% (6603.717s, 6603.717s) 0.354ms
[2023-11-15T21:53:56.955+0000][6604.717s][debug][safepoint     ] Safepoint synchronization initiated. (162 threads)
[2023-11-15T21:53:56.955+0000][6604.717s][info ][safepoint     ] Application time: 1.0001855 seconds
[2023-11-15T21:53:56.956+0000][6604.717s][info ][safepoint     ] Entering safepoint region: Cleanup
[2023-11-15T21:53:56.956+0000][6604.717s][info ][safepoint     ] Leaving safepoint region
[2023-11-15T21:53:56.956+0000][6604.717s][info ][safepoint     ] Total time for which application threads were stopped: 0.0003364 seconds, Stopping threads took: 0.0000500 seconds
[2023-11-15T21:54:44.960+0000][6652.722s][debug][safepoint     ] Safepoint synchronization initiated. (162 threads)
[2023-11-15T21:54:44.960+0000][6652.722s][info ][safepoint     ] Application time: 48.0043915 seconds
[2023-11-15T21:54:44.960+0000][6652.722s][info ][safepoint     ] Entering safepoint region: Cleanup
[2023-11-15T21:54:44.961+0000][6652.722s][info ][safepoint     ] Leaving safepoint region
[2023-11-15T21:54:44.961+0000][6652.722s][info ][safepoint     ] Total time for which application threads were stopped: 0.0003331 seconds, Stopping threads took: 0.0000475 seconds
[2023-11-15T22:01:52.999+0000][7080.761s][debug][safepoint     ] Safepoint synchronization initiated. (163 threads)
[2023-11-15T22:01:53.000+0000][7080.761s][info ][safepoint     ] Application time: 428.0388790 seconds
[2023-11-15T22:01:53.000+0000][7080.761s][info ][safepoint     ] Entering safepoint region: Cleanup
[2023-11-15T22:01:53.000+0000][7080.761s][info ][safepoint     ] Leaving safepoint region
[2023-11-15T22:01:53.000+0000][7080.761s][info ][safepoint     ] Total time for which application threads were stopped: 0.0003189 seconds, Stopping threads took: 0.0000588 seconds
[2023-11-15T22:02:25.388+0000][7113.149s][debug][safepoint     ] Safepoint synchronization initiated. (163 threads)
[2023-11-15T22:02:25.388+0000][7113.149s][info ][safepoint     ] Application time: 32.3878497 seconds
[2023-11-15T22:02:25.388+0000][7113.149s][info ][safepoint     ] Entering safepoint region: G1CollectForAllocation
[2023-11-15T22:02:25.388+0000][7113.150s][info ][gc,start      ] GC(53) Pause Young (Normal) (G1 Evacuation Pause)
[2023-11-15T22:02:25.388+0000][7113.150s][info ][gc,task       ] GC(53) Using 4 workers of 4 for evacuation
[2023-11-15T22:02:25.396+0000][7113.158s][info ][gc,phases     ] GC(53)   Pre Evacuate Collection Set: 0.0ms
[2023-11-15T22:02:25.396+0000][7113.158s][info ][gc,phases     ] GC(53)   Evacuate Collection Set: 3.0ms
[2023-11-15T22:02:25.396+0000][7113.158s][info ][gc,phases     ] GC(53)   Post Evacuate Collection Set: 4.9ms
[2023-11-15T22:02:25.396+0000][7113.158s][info ][gc,phases     ] GC(53)   Other: 0.3ms
[2023-11-15T22:02:25.396+0000][7113.158s][info ][gc,heap       ] GC(53) Eden regions: 475->0(475)
[2023-11-15T22:02:25.396+0000][7113.158s][info ][gc,heap       ] GC(53) Survivor regions: 2->2(60)
[2023-11-15T22:02:25.396+0000][7113.158s][info ][gc,heap       ] GC(53) Old regions: 148->148
[2023-11-15T22:02:25.396+0000][7113.158s][info ][gc,heap       ] GC(53) Humongous regions: 0->0
[2023-11-15T22:02:25.396+0000][7113.158s][info ][gc,metaspace  ] GC(53) Metaspace: 153593K(158652K)->153593K(158652K) NonClass: 135824K(138856K)->135824K(138856K) Class: 17769K(19796K)->17769K(19796K)
[2023-11-15T22:02:25.396+0000][7113.158s][info ][gc            ] GC(53) Pause Young (Normal) (G1 Evacuation Pause) 622M->147M(795M) 8.389ms
[2023-11-15T22:02:25.396+0000][7113.158s][info ][gc,cpu        ] GC(53) User=0.02s Sys=0.00s Real=0.00s
[2023-11-15T22:02:25.397+0000][7113.158s][info ][safepoint     ] Leaving safepoint region
[2023-11-15T22:02:25.397+0000][7113.158s][info ][safepoint     ] Total time for which application threads were stopped: 0.0087789 seconds, Stopping threads took: 0.0000479 seconds
[2023-11-15T22:02:25.397+0000][7113.158s][info ][gc,stringdedup] Concurrent String Deduplication (7113.158s)
[2023-11-15T22:02:25.397+0000][7113.158s][info ][gc,stringdedup] Concurrent String Deduplication 2480.0B->1000.0B(1480.0B) avg 54.1% (7113.158s, 7113.158s) 0.097ms
[2023-11-15T22:02:36.398+0000][7124.159s][debug][safepoint     ] Safepoint synchronization initiated. (163 threads)
[2023-11-15T22:02:36.398+0000][7124.159s][info ][safepoint     ] Application time: 11.0010847 seconds
[2023-11-15T22:02:36.398+0000][7124.159s][info ][safepoint     ] Entering safepoint region: Cleanup
[2023-11-15T22:02:36.398+0000][7124.159s][info ][safepoint     ] Leaving safepoint region
[2023-11-15T22:02:36.398+0000][7124.160s][info ][safepoint     ] Total time for which application threads were stopped: 0.0002205 seconds, Stopping threads took: 0.0000487 seconds
[2023-11-15T22:02:37.398+0000][7125.160s][debug][safepoint     ] Safepoint synchronization initiated. (163 threads)
[2023-11-15T22:02:37.398+0000][7125.160s][info ][safepoint     ] Application time: 1.0001412 seconds
[2023-11-15T22:02:37.398+0000][7125.160s][info ][safepoint     ] Entering safepoint region: Cleanup
[2023-11-15T22:02:37.398+0000][7125.160s][info ][safepoint     ] Leaving safepoint region
[2023-11-15T22:02:37.398+0000][7125.160s][info ][safepoint     ] Total time for which application threads were stopped: 0.0003307 seconds, Stopping threads took: 0.0000509 seconds
[2023-11-15T22:03:16.402+0000][7164.163s][debug][safepoint     ] Safepoint synchronization initiated. (163 threads)
[2023-11-15T22:03:16.402+0000][7164.164s][info ][safepoint     ] Application time: 39.0035262 seconds
[2023-11-15T22:03:16.402+0000][7164.164s][info ][safepoint     ] Entering safepoint region: Cleanup
[2023-11-15T22:03:16.402+0000][7164.164s][info ][safepoint     ] Leaving safepoint region
[2023-11-15T22:03:16.402+0000][7164.164s][info ][safepoint     ] Total time for which application threads were stopped: 0.0003378 seconds, Stopping threads took: 0.0000506 seconds
[2023-11-15T22:04:32.409+0000][7240.171s][debug][safepoint     ] Safepoint synchronization initiated. (162 threads)
[2023-11-15T22:04:32.409+0000][7240.171s][info ][safepoint     ] Application time: 76.0068521 seconds
[2023-11-15T22:04:32.409+0000][7240.171s][info ][safepoint     ] Entering safepoint region: Cleanup
[2023-11-15T22:04:32.409+0000][7240.171s][info ][safepoint     ] Leaving safepoint region
[2023-11-15T22:04:32.410+0000][7240.171s][info ][safepoint     ] Total time for which application threads were stopped: 0.0003012 seconds, Stopping threads took: 0.0000475 seconds
[2023-11-15T22:04:33.410+0000][7241.171s][debug][safepoint     ] Safepoint synchronization initiated. (162 threads)
[2023-11-15T22:04:33.410+0000][7241.171s][info ][safepoint     ] Application time: 1.0001827 seconds
[2023-11-15T22:04:33.410+0000][7241.171s][info ][safepoint     ] Entering safepoint region: Cleanup
[2023-11-15T22:04:33.410+0000][7241.172s][info ][safepoint     ] Leaving safepoint region
[2023-11-15T22:04:33.410+0000][7241.172s][info ][safepoint     ] Total time for which application threads were stopped: 0.0003378 seconds, Stopping threads took: 0.0000506 seconds
[2023-11-15T22:05:30.415+0000][7298.177s][debug][safepoint     ] Safepoint synchronization initiated. (162 threads)
[2023-11-15T22:05:30.416+0000][7298.177s][info ][safepoint     ] Application time: 57.0054363 seconds
[2023-11-15T22:05:30.416+0000][7298.177s][info ][safepoint     ] Entering safepoint region: Cleanup
[2023-11-15T22:05:30.416+0000][7298.177s][info ][safepoint     ] Leaving safepoint region
[2023-11-15T22:05:30.416+0000][7298.178s][info ][safepoint     ] Total time for which application threads were stopped: 0.0003312 seconds, Stopping threads took: 0.0000495 seconds
[2023-11-15T22:10:53.559+0000][7621.320s][debug][safepoint     ] Safepoint synchronization initiated. (162 threads)
[2023-11-15T22:10:53.559+0000][7621.320s][info ][safepoint     ] Application time: 323.1428004 seconds
[2023-11-15T22:10:53.559+0000][7621.320s][info ][safepoint     ] Entering safepoint region: G1CollectForAllocation
[2023-11-15T22:10:53.559+0000][7621.321s][info ][gc,start      ] GC(54) Pause Young (Normal) (G1 Evacuation Pause)
[2023-11-15T22:10:53.559+0000][7621.321s][info ][gc,task       ] GC(54) Using 4 workers of 4 for evacuation
[2023-11-15T22:10:53.567+0000][7621.329s][info ][gc,phases     ] GC(54)   Pre Evacuate Collection Set: 0.0ms
[2023-11-15T22:10:53.567+0000][7621.329s][info ][gc,phases     ] GC(54)   Evacuate Collection Set: 2.7ms
[2023-11-15T22:10:53.567+0000][7621.329s][info ][gc,phases     ] GC(54)   Post Evacuate Collection Set: 4.8ms
[2023-11-15T22:10:53.567+0000][7621.329s][info ][gc,phases     ] GC(54)   Other: 0.3ms
[2023-11-15T22:10:53.567+0000][7621.329s][info ][gc,heap       ] GC(54) Eden regions: 475->0(475)
[2023-11-15T22:10:53.567+0000][7621.329s][info ][gc,heap       ] GC(54) Survivor regions: 2->2(60)
[2023-11-15T22:10:53.567+0000][7621.329s][info ][gc,heap       ] GC(54) Old regions: 148->148
[2023-11-15T22:10:53.567+0000][7621.329s][info ][gc,heap       ] GC(54) Humongous regions: 0->0
[2023-11-15T22:10:53.567+0000][7621.329s][info ][gc,metaspace  ] GC(54) Metaspace: 153613K(158652K)->153613K(158652K) NonClass: 135844K(138856K)->135844K(138856K) Class: 17769K(19796K)->17769K(19796K)
[2023-11-15T22:10:53.567+0000][7621.329s][info ][gc            ] GC(54) Pause Young (Normal) (G1 Evacuation Pause) 622M->147M(795M) 8.127ms
[2023-11-15T22:10:53.567+0000][7621.329s][info ][gc,cpu        ] GC(54) User=0.02s Sys=0.00s Real=0.01s
[2023-11-15T22:10:53.567+0000][7621.329s][info ][safepoint     ] Leaving safepoint region
[2023-11-15T22:10:53.567+0000][7621.329s][info ][safepoint     ] Total time for which application threads were stopped: 0.0085080 seconds, Stopping threads took: 0.0000479 seconds
[2023-11-15T22:10:53.567+0000][7621.329s][info ][gc,stringdedup] Concurrent String Deduplication (7621.329s)
[2023-11-15T22:10:53.567+0000][7621.329s][info ][gc,stringdedup] Concurrent String Deduplication 0.0B->0.0B(0.0B) avg 54.1% (7621.329s, 7621.329s) 0.059ms
[2023-11-15T22:12:39.577+0000][7727.338s][debug][safepoint     ] Safepoint synchronization initiated. (162 threads)
[2023-11-15T22:12:39.577+0000][7727.339s][info ][safepoint     ] Application time: 106.0096625 seconds
[2023-11-15T22:12:39.577+0000][7727.339s][info ][safepoint     ] Entering safepoint region: Cleanup
[2023-11-15T22:12:39.577+0000][7727.339s][info ][safepoint     ] Leaving safepoint region
[2023-11-15T22:12:39.577+0000][7727.339s][info ][safepoint     ] Total time for which application threads were stopped: 0.0003406 seconds, Stopping threads took: 0.0000515 seconds
[2023-11-15T22:13:30.582+0000][7778.344s][debug][safepoint     ] Safepoint synchronization initiated. (162 threads)
[2023-11-15T22:13:30.582+0000][7778.344s][info ][safepoint     ] Application time: 51.0046720 seconds
[2023-11-15T22:13:30.582+0000][7778.344s][info ][safepoint     ] Entering safepoint region: Cleanup
[2023-11-15T22:13:30.582+0000][7778.344s][info ][safepoint     ] Leaving safepoint region
[2023-11-15T22:13:30.582+0000][7778.344s][info ][safepoint     ] Total time for which application threads were stopped: 0.0002459 seconds, Stopping threads took: 0.0000486 seconds
[2023-11-15T22:13:35.583+0000][7783.344s][debug][safepoint     ] Safepoint synchronization initiated. (162 threads)
[2023-11-15T22:13:35.583+0000][7783.344s][info ][safepoint     ] Application time: 5.0005695 seconds
[2023-11-15T22:13:35.583+0000][7783.344s][info ][safepoint     ] Entering safepoint region: Cleanup
[2023-11-15T22:13:35.583+0000][7783.345s][info ][safepoint     ] Leaving safepoint region
[2023-11-15T22:13:35.583+0000][7783.345s][info ][safepoint     ] Total time for which application threads were stopped: 0.0002433 seconds, Stopping threads took: 0.0000483 seconds
[2023-11-15T22:13:39.583+0000][7787.345s][debug][safepoint     ] Safepoint synchronization initiated. (162 threads)
[2023-11-15T22:13:39.584+0000][7787.345s][info ][safepoint     ] Application time: 4.0004819 seconds
[2023-11-15T22:13:39.584+0000][7787.345s][info ][safepoint     ] Entering safepoint region: Cleanup
[2023-11-15T22:13:39.584+0000][7787.345s][info ][safepoint     ] Leaving safepoint region
[2023-11-15T22:13:39.584+0000][7787.345s][info ][safepoint     ] Total time for which application threads were stopped: 0.0002404 seconds, Stopping threads took: 0.0000489 seconds
[2023-11-15T22:14:35.589+0000][7843.350s][debug][safepoint     ] Safepoint synchronization initiated. (162 threads)
[2023-11-15T22:14:35.589+0000][7843.350s][info ][safepoint     ] Application time: 56.0049624 seconds
[2023-11-15T22:14:35.589+0000][7843.350s][info ][safepoint     ] Entering safepoint region: Cleanup
[2023-11-15T22:14:35.589+0000][7843.351s][info ][safepoint     ] Leaving safepoint region
[2023-11-15T22:14:35.589+0000][7843.351s][info ][safepoint     ] Total time for which application threads were stopped: 0.0003397 seconds, Stopping threads took: 0.0000486 seconds
[2023-11-15T22:16:15.598+0000][7943.360s][debug][safepoint     ] Safepoint synchronization initiated. (162 threads)
[2023-11-15T22:16:15.598+0000][7943.360s][info ][safepoint     ] Application time: 100.0091628 seconds
[2023-11-15T22:16:15.598+0000][7943.360s][info ][safepoint     ] Entering safepoint region: Cleanup
[2023-11-15T22:16:15.599+0000][7943.360s][info ][safepoint     ] Leaving safepoint region
[2023-11-15T22:16:15.599+0000][7943.360s][info ][safepoint     ] Total time for which application threads were stopped: 0.0003319 seconds, Stopping threads took: 0.0000489 seconds
[2023-11-15T22:16:23.599+0000][7951.361s][debug][safepoint     ] Safepoint synchronization initiated. (162 threads)
[2023-11-15T22:16:23.600+0000][7951.361s][info ][safepoint     ] Application time: 8.0008277 seconds
[2023-11-15T22:16:23.600+0000][7951.361s][info ][safepoint     ] Entering safepoint region: Cleanup
[2023-11-15T22:16:23.600+0000][7951.361s][info ][safepoint     ] Leaving safepoint region
[2023-11-15T22:16:23.600+0000][7951.362s][info ][safepoint     ] Total time for which application threads were stopped: 0.0003365 seconds, Stopping threads took: 0.0000481 seconds
[2023-11-15T22:18:45.613+0000][8093.375s][debug][safepoint     ] Safepoint synchronization initiated. (162 threads)
[2023-11-15T22:18:45.613+0000][8093.375s][info ][safepoint     ] Application time: 142.0131661 seconds
[2023-11-15T22:18:45.613+0000][8093.375s][info ][safepoint     ] Entering safepoint region: Cleanup
[2023-11-15T22:18:45.613+0000][8093.375s][info ][safepoint     ] Leaving safepoint region
[2023-11-15T22:18:45.613+0000][8093.375s][info ][safepoint     ] Total time for which application threads were stopped: 0.0003385 seconds, Stopping threads took: 0.0000501 seconds
[2023-11-15T22:19:24.495+0000][8132.257s][debug][safepoint     ] Safepoint synchronization initiated. (162 threads)
[2023-11-15T22:19:24.495+0000][8132.257s][info ][safepoint     ] Application time: 38.8820321 seconds
[2023-11-15T22:19:24.496+0000][8132.257s][debug][safepoint     ] Waiting for 1 thread(s) to block
[2023-11-15T22:19:24.496+0000][8132.257s][info ][safepoint     ] Entering safepoint region: G1CollectForAllocation
[2023-11-15T22:19:24.496+0000][8132.258s][info ][gc,start      ] GC(55) Pause Young (Normal) (G1 Evacuation Pause)
[2023-11-15T22:19:24.496+0000][8132.258s][info ][gc,task       ] GC(55) Using 4 workers of 4 for evacuation
[2023-11-15T22:19:24.506+0000][8132.268s][info ][gc,phases     ] GC(55)   Pre Evacuate Collection Set: 0.0ms
[2023-11-15T22:19:24.506+0000][8132.268s][info ][gc,phases     ] GC(55)   Evacuate Collection Set: 3.5ms
[2023-11-15T22:19:24.506+0000][8132.268s][info ][gc,phases     ] GC(55)   Post Evacuate Collection Set: 6.2ms
[2023-11-15T22:19:24.506+0000][8132.268s][info ][gc,phases     ] GC(55)   Other: 0.4ms
[2023-11-15T22:19:24.506+0000][8132.268s][info ][gc,heap       ] GC(55) Eden regions: 475->0(475)
[2023-11-15T22:19:24.506+0000][8132.268s][info ][gc,heap       ] GC(55) Survivor regions: 2->2(60)
[2023-11-15T22:19:24.506+0000][8132.268s][info ][gc,heap       ] GC(55) Old regions: 148->148
[2023-11-15T22:19:24.506+0000][8132.268s][info ][gc,heap       ] GC(55) Humongous regions: 0->0
[2023-11-15T22:19:24.506+0000][8132.268s][info ][gc,metaspace  ] GC(55) Metaspace: 153669K(158908K)->153669K(158908K) NonClass: 135900K(139112K)->135900K(139112K) Class: 17769K(19796K)->17769K(19796K)
[2023-11-15T22:19:24.506+0000][8132.268s][info ][gc            ] GC(55) Pause Young (Normal) (G1 Evacuation Pause) 622M->147M(795M) 10.354ms
[2023-11-15T22:19:24.506+0000][8132.268s][info ][gc,cpu        ] GC(55) User=0.03s Sys=0.00s Real=0.01s
[2023-11-15T22:19:24.506+0000][8132.268s][info ][safepoint     ] Leaving safepoint region
[2023-11-15T22:19:24.506+0000][8132.268s][info ][safepoint     ] Total time for which application threads were stopped: 0.0109579 seconds, Stopping threads took: 0.0001487 seconds
[2023-11-15T22:19:24.507+0000][8132.268s][info ][gc,stringdedup] Concurrent String Deduplication (8132.268s)
[2023-11-15T22:19:24.507+0000][8132.268s][info ][gc,stringdedup] Concurrent String Deduplication 11328.0B->0.0B(11328.0B) avg 54.1% (8132.268s, 8132.268s) 0.164ms
[2023-11-15T22:20:47.515+0000][8215.276s][debug][safepoint     ] Safepoint synchronization initiated. (162 threads)
[2023-11-15T22:20:47.515+0000][8215.276s][info ][safepoint     ] Application time: 83.0081050 seconds
[2023-11-15T22:20:47.515+0000][8215.276s][info ][safepoint     ] Entering safepoint region: Cleanup
[2023-11-15T22:20:47.515+0000][8215.277s][info ][safepoint     ] Leaving safepoint region
[2023-11-15T22:20:47.515+0000][8215.277s][info ][safepoint     ] Total time for which application threads were stopped: 0.0004006 seconds, Stopping threads took: 0.0000538 seconds
[2023-11-15T22:22:49.525+0000][8337.287s][debug][safepoint     ] Safepoint synchronization initiated. (162 threads)
[2023-11-15T22:22:49.525+0000][8337.287s][info ][safepoint     ] Application time: 122.0103588 seconds
[2023-11-15T22:22:49.525+0000][8337.287s][info ][safepoint     ] Entering safepoint region: Cleanup
[2023-11-15T22:22:49.526+0000][8337.287s][info ][safepoint     ] Leaving safepoint region
[2023-11-15T22:22:49.526+0000][8337.287s][info ][safepoint     ] Total time for which application threads were stopped: 0.0003165 seconds, Stopping threads took: 0.0000552 seconds
[2023-11-15T22:25:02.538+0000][8470.299s][debug][safepoint     ] Safepoint synchronization initiated. (162 threads)
[2023-11-15T22:25:02.538+0000][8470.299s][info ][safepoint     ] Application time: 133.0118620 seconds
[2023-11-15T22:25:02.538+0000][8470.299s][info ][safepoint     ] Entering safepoint region: Cleanup
[2023-11-15T22:25:02.538+0000][8470.299s][info ][safepoint     ] Leaving safepoint region
[2023-11-15T22:25:02.538+0000][8470.299s][info ][safepoint     ] Total time for which application threads were stopped: 0.0002040 seconds, Stopping threads took: 0.0000451 seconds
[2023-11-15T22:26:28.545+0000][8556.307s][debug][safepoint     ] Safepoint synchronization initiated. (162 threads)
[2023-11-15T22:26:28.545+0000][8556.307s][info ][safepoint     ] Application time: 86.0075743 seconds
[2023-11-15T22:26:28.545+0000][8556.307s][info ][safepoint     ] Entering safepoint region: Cleanup
[2023-11-15T22:26:28.546+0000][8556.307s][info ][safepoint     ] Leaving safepoint region
[2023-11-15T22:26:28.546+0000][8556.307s][info ][safepoint     ] Total time for which application threads were stopped: 0.0003390 seconds, Stopping threads took: 0.0000514 seconds
[2023-11-15T22:26:35.546+0000][8563.308s][debug][safepoint     ] Safepoint synchronization initiated. (162 threads)
[2023-11-15T22:26:35.547+0000][8563.308s][info ][safepoint     ] Application time: 7.0007526 seconds
[2023-11-15T22:26:35.547+0000][8563.308s][info ][safepoint     ] Entering safepoint region: Cleanup
[2023-11-15T22:26:35.547+0000][8563.308s][info ][safepoint     ] Leaving safepoint region
[2023-11-15T22:26:35.547+0000][8563.309s][info ][safepoint     ] Total time for which application threads were stopped: 0.0003368 seconds, Stopping threads took: 0.0000502 seconds
[2023-11-15T22:26:53.548+0000][8581.310s][debug][safepoint     ] Safepoint synchronization initiated. (162 threads)
[2023-11-15T22:26:53.549+0000][8581.310s][info ][safepoint     ] Application time: 18.0016161 seconds
[2023-11-15T22:26:53.549+0000][8581.310s][info ][safepoint     ] Entering safepoint region: Cleanup
[2023-11-15T22:26:53.549+0000][8581.310s][info ][safepoint     ] Leaving safepoint region
[2023-11-15T22:26:53.549+0000][8581.310s][info ][safepoint     ] Total time for which application threads were stopped: 0.0002544 seconds, Stopping threads took: 0.0000513 seconds
[2023-11-15T22:27:03.550+0000][8591.311s][debug][safepoint     ] Safepoint synchronization initiated. (162 threads)
[2023-11-15T22:27:03.550+0000][8591.311s][info ][safepoint     ] Application time: 10.0010292 seconds
[2023-11-15T22:27:03.550+0000][8591.312s][info ][safepoint     ] Entering safepoint region: Cleanup
[2023-11-15T22:27:03.550+0000][8591.312s][info ][safepoint     ] Leaving safepoint region
[2023-11-15T22:27:03.550+0000][8591.312s][info ][safepoint     ] Total time for which application threads were stopped: 0.0003419 seconds, Stopping threads took: 0.0000513 seconds
[2023-11-15T22:27:54.925+0000][8642.687s][debug][safepoint     ] Safepoint synchronization initiated. (162 threads)
[2023-11-15T22:27:54.925+0000][8642.687s][info ][safepoint     ] Application time: 51.3750918 seconds
[2023-11-15T22:27:54.925+0000][8642.687s][info ][safepoint     ] Entering safepoint region: G1CollectForAllocation
[2023-11-15T22:27:54.926+0000][8642.687s][info ][gc,start      ] GC(56) Pause Young (Normal) (G1 Evacuation Pause)
[2023-11-15T22:27:54.926+0000][8642.687s][info ][gc,task       ] GC(56) Using 4 workers of 4 for evacuation
[2023-11-15T22:27:54.933+0000][8642.695s][info ][gc,phases     ] GC(56)   Pre Evacuate Collection Set: 0.0ms
[2023-11-15T22:27:54.933+0000][8642.695s][info ][gc,phases     ] GC(56)   Evacuate Collection Set: 2.7ms
[2023-11-15T22:27:54.933+0000][8642.695s][info ][gc,phases     ] GC(56)   Post Evacuate Collection Set: 4.4ms
[2023-11-15T22:27:54.933+0000][8642.695s][info ][gc,phases     ] GC(56)   Other: 0.3ms
[2023-11-15T22:27:54.933+0000][8642.695s][info ][gc,heap       ] GC(56) Eden regions: 475->0(476)
[2023-11-15T22:27:54.933+0000][8642.695s][info ][gc,heap       ] GC(56) Survivor regions: 2->1(60)
[2023-11-15T22:27:54.933+0000][8642.695s][info ][gc,heap       ] GC(56) Old regions: 148->148
[2023-11-15T22:27:54.933+0000][8642.695s][info ][gc,heap       ] GC(56) Humongous regions: 0->0
[2023-11-15T22:27:54.933+0000][8642.695s][info ][gc,metaspace  ] GC(56) Metaspace: 153685K(158908K)->153685K(158908K) NonClass: 135916K(139112K)->135916K(139112K) Class: 17769K(19796K)->17769K(19796K)
[2023-11-15T22:27:54.933+0000][8642.695s][info ][gc            ] GC(56) Pause Young (Normal) (G1 Evacuation Pause) 622M->147M(795M) 7.697ms
[2023-11-15T22:27:54.933+0000][8642.695s][info ][gc,cpu        ] GC(56) User=0.03s Sys=0.00s Real=0.01s
[2023-11-15T22:27:54.933+0000][8642.695s][info ][safepoint     ] Leaving safepoint region
[2023-11-15T22:27:54.933+0000][8642.695s][info ][safepoint     ] Total time for which application threads were stopped: 0.0080709 seconds, Stopping threads took: 0.0000510 seconds
[2023-11-15T22:27:54.933+0000][8642.695s][info ][gc,stringdedup] Concurrent String Deduplication (8642.695s)
[2023-11-15T22:27:54.934+0000][8642.695s][info ][gc,stringdedup] Concurrent String Deduplication 22544.0B->232.0B(22312.0B) avg 54.1% (8642.695s, 8642.695s) 0.246ms
[2023-11-15T22:28:35.937+0000][8683.699s][debug][safepoint     ] Safepoint synchronization initiated. (162 threads)
[2023-11-15T22:28:35.937+0000][8683.699s][info ][safepoint     ] Application time: 41.0036471 seconds
[2023-11-15T22:28:35.937+0000][8683.699s][info ][safepoint     ] Entering safepoint region: Cleanup
[2023-11-15T22:28:35.937+0000][8683.699s][info ][safepoint     ] Leaving safepoint region
[2023-11-15T22:28:35.937+0000][8683.699s][info ][safepoint     ] Total time for which application threads were stopped: 0.0003324 seconds, Stopping threads took: 0.0000479 seconds
[2023-11-15T22:29:35.943+0000][8743.704s][debug][safepoint     ] Safepoint synchronization initiated. (162 threads)
[2023-11-15T22:29:35.943+0000][8743.704s][info ][safepoint     ] Application time: 60.0053274 seconds
[2023-11-15T22:29:35.943+0000][8743.704s][info ][safepoint     ] Entering safepoint region: Cleanup
[2023-11-15T22:29:35.943+0000][8743.705s][info ][safepoint     ] Leaving safepoint region
[2023-11-15T22:29:35.943+0000][8743.705s][info ][safepoint     ] Total time for which application threads were stopped: 0.0002436 seconds, Stopping threads took: 0.0000480 seconds
[2023-11-15T22:29:39.943+0000][8747.705s][debug][safepoint     ] Safepoint synchronization initiated. (162 threads)
[2023-11-15T22:29:39.943+0000][8747.705s][info ][safepoint     ] Application time: 4.0004480 seconds
[2023-11-15T22:29:39.944+0000][8747.705s][info ][safepoint     ] Entering safepoint region: Cleanup
[2023-11-15T22:29:39.944+0000][8747.705s][info ][safepoint     ] Leaving safepoint region
[2023-11-15T22:29:39.944+0000][8747.705s][info ][safepoint     ] Total time for which application threads were stopped: 0.0002355 seconds, Stopping threads took: 0.0000488 seconds
[2023-11-15T22:30:47.950+0000][8815.712s][debug][safepoint     ] Safepoint synchronization initiated. (162 threads)
[2023-11-15T22:30:47.950+0000][8815.712s][info ][safepoint     ] Application time: 68.0062478 seconds
[2023-11-15T22:30:47.950+0000][8815.712s][info ][safepoint     ] Entering safepoint region: Cleanup
[2023-11-15T22:30:47.950+0000][8815.712s][info ][safepoint     ] Leaving safepoint region
[2023-11-15T22:30:47.950+0000][8815.712s][info ][safepoint     ] Total time for which application threads were stopped: 0.0002475 seconds, Stopping threads took: 0.0000502 seconds
[2023-11-15T22:30:57.951+0000][8825.713s][debug][safepoint     ] Safepoint synchronization initiated. (162 threads)
[2023-11-15T22:30:57.951+0000][8825.713s][info ][safepoint     ] Application time: 10.0010308 seconds
[2023-11-15T22:30:57.951+0000][8825.713s][info ][safepoint     ] Entering safepoint region: Cleanup
[2023-11-15T22:30:57.952+0000][8825.713s][info ][safepoint     ] Leaving safepoint region
[2023-11-15T22:30:57.952+0000][8825.713s][info ][safepoint     ] Total time for which application threads were stopped: 0.0003288 seconds, Stopping threads took: 0.0000494 seconds
[2023-11-15T22:31:10.953+0000][8838.715s][debug][safepoint     ] Safepoint synchronization initiated. (163 threads)
[2023-11-15T22:31:10.953+0000][8838.715s][info ][safepoint     ] Application time: 13.0012844 seconds
[2023-11-15T22:31:10.953+0000][8838.715s][info ][safepoint     ] Entering safepoint region: Cleanup
[2023-11-15T22:31:10.953+0000][8838.715s][info ][safepoint     ] Leaving safepoint region
[2023-11-15T22:31:10.953+0000][8838.715s][info ][safepoint     ] Total time for which application threads were stopped: 0.0002552 seconds, Stopping threads took: 0.0000485 seconds
[2023-11-15T22:33:30.966+0000][8978.727s][debug][safepoint     ] Safepoint synchronization initiated. (161 threads)
[2023-11-15T22:33:30.966+0000][8978.728s][info ][safepoint     ] Application time: 140.0126237 seconds
[2023-11-15T22:33:30.966+0000][8978.728s][info ][safepoint     ] Entering safepoint region: Cleanup
[2023-11-15T22:33:30.966+0000][8978.728s][info ][safepoint     ] Leaving safepoint region
[2023-11-15T22:33:30.966+0000][8978.728s][info ][safepoint     ] Total time for which application threads were stopped: 0.0003297 seconds, Stopping threads took: 0.0000475 seconds
[2023-11-15T22:33:35.967+0000][8983.728s][debug][safepoint     ] Safepoint synchronization initiated. (161 threads)
[2023-11-15T22:33:35.967+0000][8983.728s][info ][safepoint     ] Application time: 5.0005268 seconds
[2023-11-15T22:33:35.967+0000][8983.728s][info ][safepoint     ] Entering safepoint region: Cleanup
[2023-11-15T22:33:35.967+0000][8983.729s][info ][safepoint     ] Leaving safepoint region
[2023-11-15T22:33:35.967+0000][8983.729s][info ][safepoint     ] Total time for which application threads were stopped: 0.0003485 seconds, Stopping threads took: 0.0000550 seconds
[2023-11-15T22:33:56.969+0000][9004.731s][debug][safepoint     ] Safepoint synchronization initiated. (162 threads)
[2023-11-15T22:33:56.969+0000][9004.731s][info ][safepoint     ] Application time: 21.0020044 seconds
[2023-11-15T22:33:56.969+0000][9004.731s][info ][safepoint     ] Entering safepoint region: Cleanup
[2023-11-15T22:33:56.969+0000][9004.731s][info ][safepoint     ] Leaving safepoint region
[2023-11-15T22:33:56.970+0000][9004.731s][info ][safepoint     ] Total time for which application threads were stopped: 0.0003264 seconds, Stopping threads took: 0.0000447 seconds
[2023-11-15T22:35:01.976+0000][9069.737s][debug][safepoint     ] Safepoint synchronization initiated. (162 threads)
[2023-11-15T22:35:01.976+0000][9069.737s][info ][safepoint     ] Application time: 65.0060523 seconds
[2023-11-15T22:35:01.976+0000][9069.737s][info ][safepoint     ] Entering safepoint region: Cleanup
[2023-11-15T22:35:01.976+0000][9069.737s][info ][safepoint     ] Leaving safepoint region
[2023-11-15T22:35:01.976+0000][9069.737s][info ][safepoint     ] Total time for which application threads were stopped: 0.0002071 seconds, Stopping threads took: 0.0000381 seconds
[2023-11-15T22:35:06.976+0000][9074.738s][debug][safepoint     ] Safepoint synchronization initiated. (162 threads)
[2023-11-15T22:35:06.976+0000][9074.738s][info ][safepoint     ] Application time: 5.0004870 seconds
[2023-11-15T22:35:06.976+0000][9074.738s][info ][safepoint     ] Entering safepoint region: Cleanup
[2023-11-15T22:35:06.977+0000][9074.738s][info ][safepoint     ] Leaving safepoint region
[2023-11-15T22:35:06.977+0000][9074.738s][info ][safepoint     ] Total time for which application threads were stopped: 0.0003478 seconds, Stopping threads took: 0.0000506 seconds
[2023-11-15T22:35:12.977+0000][9080.739s][debug][safepoint     ] Safepoint synchronization initiated. (162 threads)
[2023-11-15T22:35:12.977+0000][9080.739s][info ][safepoint     ] Application time: 6.0006271 seconds
[2023-11-15T22:35:12.977+0000][9080.739s][info ][safepoint     ] Entering safepoint region: Cleanup
[2023-11-15T22:35:12.978+0000][9080.739s][info ][safepoint     ] Leaving safepoint region
[2023-11-15T22:35:12.978+0000][9080.739s][info ][safepoint     ] Total time for which application threads were stopped: 0.0003677 seconds, Stopping threads took: 0.0000486 seconds
[2023-11-15T22:36:24.296+0000][9152.057s][debug][safepoint     ] Safepoint synchronization initiated. (162 threads)
[2023-11-15T22:36:24.296+0000][9152.057s][info ][safepoint     ] Application time: 71.3179857 seconds
[2023-11-15T22:36:24.296+0000][9152.057s][info ][safepoint     ] Entering safepoint region: G1CollectForAllocation
[2023-11-15T22:36:24.296+0000][9152.058s][info ][gc,start      ] GC(57) Pause Young (Normal) (G1 Evacuation Pause)
[2023-11-15T22:36:24.296+0000][9152.058s][info ][gc,task       ] GC(57) Using 4 workers of 4 for evacuation
[2023-11-15T22:36:24.305+0000][9152.066s][info ][gc,phases     ] GC(57)   Pre Evacuate Collection Set: 0.0ms
[2023-11-15T22:36:24.305+0000][9152.067s][info ][gc,phases     ] GC(57)   Evacuate Collection Set: 3.4ms
[2023-11-15T22:36:24.305+0000][9152.067s][info ][gc,phases     ] GC(57)   Post Evacuate Collection Set: 5.0ms
[2023-11-15T22:36:24.305+0000][9152.067s][info ][gc,phases     ] GC(57)   Other: 0.4ms
[2023-11-15T22:36:24.305+0000][9152.067s][info ][gc,heap       ] GC(57) Eden regions: 476->0(475)
[2023-11-15T22:36:24.305+0000][9152.067s][info ][gc,heap       ] GC(57) Survivor regions: 1->2(60)
[2023-11-15T22:36:24.305+0000][9152.067s][info ][gc,heap       ] GC(57) Old regions: 148->148
[2023-11-15T22:36:24.305+0000][9152.067s][info ][gc,heap       ] GC(57) Humongous regions: 0->0
[2023-11-15T22:36:24.305+0000][9152.067s][info ][gc,metaspace  ] GC(57) Metaspace: 153695K(158908K)->153695K(158908K) NonClass: 135926K(139112K)->135926K(139112K) Class: 17769K(19796K)->17769K(19796K)
[2023-11-15T22:36:24.305+0000][9152.067s][info ][gc            ] GC(57) Pause Young (Normal) (G1 Evacuation Pause) 623M->147M(795M) 9.011ms
[2023-11-15T22:36:24.305+0000][9152.067s][info ][gc,cpu        ] GC(57) User=0.03s Sys=0.00s Real=0.01s
[2023-11-15T22:36:24.305+0000][9152.067s][info ][safepoint     ] Leaving safepoint region
[2023-11-15T22:36:24.305+0000][9152.067s][info ][safepoint     ] Total time for which application threads were stopped: 0.0094522 seconds, Stopping threads took: 0.0000480 seconds
[2023-11-15T22:36:24.305+0000][9152.067s][info ][gc,stringdedup] Concurrent String Deduplication (9152.067s)
[2023-11-15T22:36:24.305+0000][9152.067s][info ][gc,stringdedup] Concurrent String Deduplication 0.0B->0.0B(0.0B) avg 54.1% (9152.067s, 9152.067s) 0.060ms
[2023-11-15T22:37:59.313+0000][9247.075s][debug][safepoint     ] Safepoint synchronization initiated. (162 threads)
[2023-11-15T22:37:59.314+0000][9247.075s][info ][safepoint     ] Application time: 95.0083321 seconds
[2023-11-15T22:37:59.314+0000][9247.075s][info ][safepoint     ] Entering safepoint region: Cleanup
[2023-11-15T22:37:59.314+0000][9247.075s][info ][safepoint     ] Leaving safepoint region
[2023-11-15T22:37:59.314+0000][9247.076s][info ][safepoint     ] Total time for which application threads were stopped: 0.0003377 seconds, Stopping threads took: 0.0000480 seconds
[2023-11-15T22:38:05.314+0000][9253.076s][debug][safepoint     ] Safepoint synchronization initiated. (162 threads)
[2023-11-15T22:38:05.315+0000][9253.076s][info ][safepoint     ] Application time: 6.0006345 seconds
[2023-11-15T22:38:05.315+0000][9253.076s][info ][safepoint     ] Entering safepoint region: Cleanup
[2023-11-15T22:38:05.315+0000][9253.076s][info ][safepoint     ] Leaving safepoint region
[2023-11-15T22:38:05.315+0000][9253.077s][info ][safepoint     ] Total time for which application threads were stopped: 0.0003349 seconds, Stopping threads took: 0.0000485 seconds
[2023-11-15T22:38:14.316+0000][9262.077s][debug][safepoint     ] Safepoint synchronization initiated. (162 threads)
[2023-11-15T22:38:14.316+0000][9262.077s][info ][safepoint     ] Application time: 9.0008583 seconds
[2023-11-15T22:38:14.316+0000][9262.077s][info ][safepoint     ] Entering safepoint region: Cleanup
[2023-11-15T22:38:14.316+0000][9262.078s][info ][safepoint     ] Leaving safepoint region
[2023-11-15T22:38:14.316+0000][9262.078s][info ][safepoint     ] Total time for which application threads were stopped: 0.0003475 seconds, Stopping threads took: 0.0000474 seconds
[2023-11-15T22:38:16.316+0000][9264.078s][debug][safepoint     ] Safepoint synchronization initiated. (162 threads)
[2023-11-15T22:38:16.316+0000][9264.078s][info ][safepoint     ] Application time: 2.0002629 seconds
[2023-11-15T22:38:16.316+0000][9264.078s][info ][safepoint     ] Entering safepoint region: Cleanup
[2023-11-15T22:38:16.317+0000][9264.078s][info ][safepoint     ] Leaving safepoint region
[2023-11-15T22:38:16.317+0000][9264.078s][info ][safepoint     ] Total time for which application threads were stopped: 0.0003366 seconds, Stopping threads took: 0.0000469 seconds
[2023-11-15T22:38:36.319+0000][9284.080s][debug][safepoint     ] Safepoint synchronization initiated. (162 threads)
[2023-11-15T22:38:36.319+0000][9284.080s][info ][safepoint     ] Application time: 20.0018918 seconds
[2023-11-15T22:38:36.319+0000][9284.080s][info ][safepoint     ] Entering safepoint region: Cleanup
[2023-11-15T22:38:36.319+0000][9284.081s][info ][safepoint     ] Leaving safepoint region
[2023-11-15T22:38:36.319+0000][9284.081s][info ][safepoint     ] Total time for which application threads were stopped: 0.0003593 seconds, Stopping threads took: 0.0000566 seconds
[2023-11-15T22:39:06.322+0000][9314.083s][debug][safepoint     ] Safepoint synchronization initiated. (162 threads)
[2023-11-15T22:39:06.322+0000][9314.083s][info ][safepoint     ] Application time: 30.0027097 seconds
[2023-11-15T22:39:06.322+0000][9314.083s][info ][safepoint     ] Entering safepoint region: Cleanup
[2023-11-15T22:39:06.322+0000][9314.084s][info ][safepoint     ] Leaving safepoint region
[2023-11-15T22:39:06.322+0000][9314.084s][info ][safepoint     ] Total time for which application threads were stopped: 0.0003331 seconds, Stopping threads took: 0.0000492 seconds
[2023-11-15T22:39:44.325+0000][9352.087s][debug][safepoint     ] Safepoint synchronization initiated. (162 threads)
[2023-11-15T22:39:44.326+0000][9352.087s][info ][safepoint     ] Application time: 38.0033909 seconds
[2023-11-15T22:39:44.326+0000][9352.087s][info ][safepoint     ] Entering safepoint region: Cleanup
[2023-11-15T22:39:44.326+0000][9352.088s][info ][safepoint     ] Leaving safepoint region
[2023-11-15T22:39:44.326+0000][9352.088s][info ][safepoint     ] Total time for which application threads were stopped: 0.0003990 seconds, Stopping threads took: 0.0002071 seconds
[2023-11-15T22:43:45.347+0000][9593.109s][debug][safepoint     ] Safepoint synchronization initiated. (162 threads)
[2023-11-15T22:43:45.347+0000][9593.109s][info ][safepoint     ] Application time: 241.0212272 seconds
[2023-11-15T22:43:45.347+0000][9593.109s][info ][safepoint     ] Entering safepoint region: Cleanup
[2023-11-15T22:43:45.348+0000][9593.109s][info ][safepoint     ] Leaving safepoint region
[2023-11-15T22:43:45.348+0000][9593.109s][info ][safepoint     ] Total time for which application threads were stopped: 0.0003358 seconds, Stopping threads took: 0.0000484 seconds
[2023-11-15T22:44:55.455+0000][9663.217s][debug][safepoint     ] Safepoint synchronization initiated. (162 threads)
[2023-11-15T22:44:55.455+0000][9663.217s][info ][safepoint     ] Application time: 70.1077152 seconds
[2023-11-15T22:44:55.455+0000][9663.217s][info ][safepoint     ] Entering safepoint region: G1CollectForAllocation
[2023-11-15T22:44:55.456+0000][9663.217s][info ][gc,start      ] GC(58) Pause Young (Normal) (G1 Evacuation Pause)
[2023-11-15T22:44:55.456+0000][9663.217s][info ][gc,task       ] GC(58) Using 4 workers of 4 for evacuation
[2023-11-15T22:44:55.463+0000][9663.224s][info ][gc,phases     ] GC(58)   Pre Evacuate Collection Set: 0.0ms
[2023-11-15T22:44:55.463+0000][9663.224s][info ][gc,phases     ] GC(58)   Evacuate Collection Set: 2.2ms
[2023-11-15T22:44:55.463+0000][9663.224s][info ][gc,phases     ] GC(58)   Post Evacuate Collection Set: 4.4ms
[2023-11-15T22:44:55.463+0000][9663.224s][info ][gc,phases     ] GC(58)   Other: 0.3ms
[2023-11-15T22:44:55.463+0000][9663.224s][info ][gc,heap       ] GC(58) Eden regions: 475->0(475)
[2023-11-15T22:44:55.463+0000][9663.224s][info ][gc,heap       ] GC(58) Survivor regions: 2->2(60)
[2023-11-15T22:44:55.463+0000][9663.224s][info ][gc,heap       ] GC(58) Old regions: 148->148
[2023-11-15T22:44:55.463+0000][9663.224s][info ][gc,heap       ] GC(58) Humongous regions: 0->0
[2023-11-15T22:44:55.463+0000][9663.224s][info ][gc,metaspace  ] GC(58) Metaspace: 153704K(158908K)->153704K(158908K) NonClass: 135935K(139112K)->135935K(139112K) Class: 17769K(19796K)->17769K(19796K)
[2023-11-15T22:44:55.463+0000][9663.225s][info ][gc            ] GC(58) Pause Young (Normal) (G1 Evacuation Pause) 622M->147M(795M) 7.230ms
[2023-11-15T22:44:55.463+0000][9663.225s][info ][gc,cpu        ] GC(58) User=0.02s Sys=0.00s Real=0.01s
[2023-11-15T22:44:55.463+0000][9663.225s][info ][safepoint     ] Leaving safepoint region
[2023-11-15T22:44:55.463+0000][9663.225s][info ][safepoint     ] Total time for which application threads were stopped: 0.0076851 seconds, Stopping threads took: 0.0000475 seconds
[2023-11-15T22:48:04.480+0000][9852.241s][debug][safepoint     ] Safepoint synchronization initiated. (162 threads)
[2023-11-15T22:48:04.480+0000][9852.242s][info ][safepoint     ] Application time: 189.0169079 seconds
[2023-11-15T22:48:04.480+0000][9852.242s][info ][safepoint     ] Entering safepoint region: Cleanup
[2023-11-15T22:48:04.480+0000][9852.242s][info ][safepoint     ] Leaving safepoint region
[2023-11-15T22:48:04.480+0000][9852.242s][info ][safepoint     ] Total time for which application threads were stopped: 0.0003425 seconds, Stopping threads took: 0.0000524 seconds
[2023-11-15T22:49:15.487+0000][9923.248s][debug][safepoint     ] Safepoint synchronization initiated. (162 threads)
[2023-11-15T22:49:15.487+0000][9923.248s][info ][safepoint     ] Application time: 71.0063273 seconds
[2023-11-15T22:49:15.487+0000][9923.248s][info ][safepoint     ] Entering safepoint region: Cleanup
[2023-11-15T22:49:15.487+0000][9923.249s][info ][safepoint     ] Leaving safepoint region
[2023-11-15T22:49:15.487+0000][9923.249s][info ][safepoint     ] Total time for which application threads were stopped: 0.0002409 seconds, Stopping threads took: 0.0000465 seconds
[2023-11-15T22:49:32.488+0000][9940.250s][debug][safepoint     ] Safepoint synchronization initiated. (162 threads)
[2023-11-15T22:49:32.488+0000][9940.250s][info ][safepoint     ] Application time: 17.0015815 seconds
[2023-11-15T22:49:32.489+0000][9940.250s][info ][safepoint     ] Entering safepoint region: Cleanup
[2023-11-15T22:49:32.489+0000][9940.250s][info ][safepoint     ] Leaving safepoint region
[2023-11-15T22:49:32.489+0000][9940.250s][info ][safepoint     ] Total time for which application threads were stopped: 0.0002363 seconds, Stopping threads took: 0.0000462 seconds
[2023-11-15T22:50:16.493+0000][9984.254s][debug][safepoint     ] Safepoint synchronization initiated. (162 threads)
[2023-11-15T22:50:16.493+0000][9984.254s][info ][safepoint     ] Application time: 44.0039272 seconds
[2023-11-15T22:50:16.493+0000][9984.254s][info ][safepoint     ] Entering safepoint region: Cleanup
[2023-11-15T22:50:16.493+0000][9984.255s][info ][safepoint     ] Leaving safepoint region
[2023-11-15T22:50:16.493+0000][9984.255s][info ][safepoint     ] Total time for which application threads were stopped: 0.0002791 seconds, Stopping threads took: 0.0000523 seconds
[2023-11-15T22:50:44.495+0000][10012.257s][debug][safepoint     ] Safepoint synchronization initiated. (162 threads)
[2023-11-15T22:50:44.495+0000][10012.257s][info ][safepoint     ] Application time: 28.0023981 seconds
[2023-11-15T22:50:44.495+0000][10012.257s][info ][safepoint     ] Entering safepoint region: Cleanup
[2023-11-15T22:50:44.496+0000][10012.257s][info ][safepoint     ] Leaving safepoint region
[2023-11-15T22:50:44.496+0000][10012.257s][info ][safepoint     ] Total time for which application threads were stopped: 0.0002869 seconds, Stopping threads took: 0.0000701 seconds
[2023-11-15T22:53:25.047+0000][10172.809s][debug][safepoint     ] Safepoint synchronization initiated. (162 threads)
[2023-11-15T22:53:25.047+0000][10172.809s][info ][safepoint     ] Application time: 160.5515760 seconds
[2023-11-15T22:53:25.047+0000][10172.809s][info ][safepoint     ] Entering safepoint region: G1CollectForAllocation
[2023-11-15T22:53:25.048+0000][10172.809s][info ][gc,start      ] GC(59) Pause Young (Normal) (G1 Evacuation Pause)
[2023-11-15T22:53:25.048+0000][10172.809s][info ][gc,task       ] GC(59) Using 4 workers of 4 for evacuation
[2023-11-15T22:53:25.053+0000][10172.815s][info ][gc,phases     ] GC(59)   Pre Evacuate Collection Set: 0.0ms
[2023-11-15T22:53:25.053+0000][10172.815s][info ][gc,phases     ] GC(59)   Evacuate Collection Set: 1.5ms
[2023-11-15T22:53:25.053+0000][10172.815s][info ][gc,phases     ] GC(59)   Post Evacuate Collection Set: 3.9ms
[2023-11-15T22:53:25.053+0000][10172.815s][info ][gc,phases     ] GC(59)   Other: 0.3ms
[2023-11-15T22:53:25.053+0000][10172.815s][info ][gc,heap       ] GC(59) Eden regions: 475->0(476)
[2023-11-15T22:53:25.053+0000][10172.815s][info ][gc,heap       ] GC(59) Survivor regions: 2->1(60)
[2023-11-15T22:53:25.053+0000][10172.815s][info ][gc,heap       ] GC(59) Old regions: 148->148
[2023-11-15T22:53:25.053+0000][10172.815s][info ][gc,heap       ] GC(59) Humongous regions: 0->0
[2023-11-15T22:53:25.053+0000][10172.815s][info ][gc,metaspace  ] GC(59) Metaspace: 153721K(158908K)->153721K(158908K) NonClass: 135952K(139112K)->135952K(139112K) Class: 17769K(19796K)->17769K(19796K)
[2023-11-15T22:53:25.053+0000][10172.815s][info ][gc            ] GC(59) Pause Young (Normal) (G1 Evacuation Pause) 622M->147M(795M) 5.925ms
[2023-11-15T22:53:25.054+0000][10172.815s][info ][gc,cpu        ] GC(59) User=0.01s Sys=0.00s Real=0.00s
[2023-11-15T22:53:25.054+0000][10172.815s][info ][safepoint     ] Leaving safepoint region
[2023-11-15T22:53:25.054+0000][10172.815s][info ][safepoint     ] Total time for which application threads were stopped: 0.0062564 seconds, Stopping threads took: 0.0000320 seconds
[2023-11-15T22:53:25.054+0000][10172.815s][info ][gc,stringdedup] Concurrent String Deduplication (10172.815s)
[2023-11-15T22:53:25.054+0000][10172.816s][info ][gc,stringdedup] Concurrent String Deduplication 33912.0B->48.0B(33864.0B) avg 54.2% (10172.815s, 10172.816s) 0.273ms
[2023-11-15T22:53:26.054+0000][10173.815s][debug][safepoint     ] Safepoint synchronization initiated. (162 threads)
[2023-11-15T22:53:26.054+0000][10173.815s][info ][safepoint     ] Application time: 1.0001668 seconds
[2023-11-15T22:53:26.054+0000][10173.815s][info ][safepoint     ] Entering safepoint region: Cleanup
[2023-11-15T22:53:26.054+0000][10173.816s][info ][safepoint     ] Leaving safepoint region
[2023-11-15T22:53:26.054+0000][10173.816s][info ][safepoint     ] Total time for which application threads were stopped: 0.0002614 seconds, Stopping threads took: 0.0000406 seconds
[2023-11-15T22:53:50.056+0000][10197.818s][debug][safepoint     ] Safepoint synchronization initiated. (162 threads)
[2023-11-15T22:53:50.056+0000][10197.818s][info ][safepoint     ] Application time: 24.0021653 seconds
[2023-11-15T22:53:50.056+0000][10197.818s][info ][safepoint     ] Entering safepoint region: Cleanup
[2023-11-15T22:53:50.056+0000][10197.818s][info ][safepoint     ] Leaving safepoint region
[2023-11-15T22:53:50.057+0000][10197.818s][info ][safepoint     ] Total time for which application threads were stopped: 0.0003115 seconds, Stopping threads took: 0.0000489 seconds
[2023-11-15T22:55:33.066+0000][10300.828s][debug][safepoint     ] Safepoint synchronization initiated. (162 threads)
[2023-11-15T22:55:33.066+0000][10300.828s][info ][safepoint     ] Application time: 103.0094580 seconds
[2023-11-15T22:55:33.066+0000][10300.828s][info ][safepoint     ] Entering safepoint region: Cleanup
[2023-11-15T22:55:33.066+0000][10300.828s][info ][safepoint     ] Leaving safepoint region
[2023-11-15T22:55:33.066+0000][10300.828s][info ][safepoint     ] Total time for which application threads were stopped: 0.0002954 seconds, Stopping threads took: 0.0000488 seconds
[2023-11-15T22:55:44.067+0000][10311.829s][debug][safepoint     ] Safepoint synchronization initiated. (162 threads)
[2023-11-15T22:55:44.067+0000][10311.829s][info ][safepoint     ] Application time: 11.0011118 seconds
[2023-11-15T22:55:44.068+0000][10311.829s][info ][safepoint     ] Entering safepoint region: Cleanup
[2023-11-15T22:55:44.068+0000][10311.829s][info ][safepoint     ] Leaving safepoint region
[2023-11-15T22:55:44.068+0000][10311.829s][info ][safepoint     ] Total time for which application threads were stopped: 0.0003132 seconds, Stopping threads took: 0.0000477 seconds
[2023-11-15T22:58:09.081+0000][10456.843s][debug][safepoint     ] Safepoint synchronization initiated. (162 threads)
[2023-11-15T22:58:09.081+0000][10456.843s][info ][safepoint     ] Application time: 145.0131831 seconds
[2023-11-15T22:58:09.081+0000][10456.843s][info ][safepoint     ] Entering safepoint region: Cleanup
[2023-11-15T22:58:09.081+0000][10456.843s][info ][safepoint     ] Leaving safepoint region
[2023-11-15T22:58:09.081+0000][10456.843s][info ][safepoint     ] Total time for which application threads were stopped: 0.0003378 seconds, Stopping threads took: 0.0000503 seconds
[2023-11-15T22:58:57.086+0000][10504.847s][debug][safepoint     ] Safepoint synchronization initiated. (162 threads)
[2023-11-15T22:58:57.086+0000][10504.847s][info ][safepoint     ] Application time: 48.0042781 seconds
[2023-11-15T22:58:57.086+0000][10504.847s][info ][safepoint     ] Entering safepoint region: Cleanup
[2023-11-15T22:58:57.086+0000][10504.848s][info ][safepoint     ] Leaving safepoint region
[2023-11-15T22:58:57.086+0000][10504.848s][info ][safepoint     ] Total time for which application threads were stopped: 0.0003315 seconds, Stopping threads took: 0.0000487 seconds
[2023-11-15T22:59:36.089+0000][10543.851s][debug][safepoint     ] Safepoint synchronization initiated. (162 threads)
[2023-11-15T22:59:36.089+0000][10543.851s][info ][safepoint     ] Application time: 39.0033386 seconds
[2023-11-15T22:59:36.089+0000][10543.851s][info ][safepoint     ] Entering safepoint region: Cleanup
[2023-11-15T22:59:36.090+0000][10543.851s][info ][safepoint     ] Leaving safepoint region
[2023-11-15T22:59:36.090+0000][10543.851s][info ][safepoint     ] Total time for which application threads were stopped: 0.0002917 seconds, Stopping threads took: 0.0000700 seconds
[2023-11-15T23:00:36.095+0000][10603.857s][debug][safepoint     ] Safepoint synchronization initiated. (162 threads)
[2023-11-15T23:00:36.095+0000][10603.857s][info ][safepoint     ] Application time: 60.0052553 seconds
[2023-11-15T23:00:36.095+0000][10603.857s][info ][safepoint     ] Entering safepoint region: Cleanup
[2023-11-15T23:00:36.095+0000][10603.857s][info ][safepoint     ] Leaving safepoint region
[2023-11-15T23:00:36.095+0000][10603.857s][info ][safepoint     ] Total time for which application threads were stopped: 0.0002460 seconds, Stopping threads took: 0.0000510 seconds
[2023-11-15T23:01:02.098+0000][10629.859s][debug][safepoint     ] Safepoint synchronization initiated. (164 threads)
[2023-11-15T23:01:02.098+0000][10629.859s][info ][safepoint     ] Application time: 26.0024133 seconds
[2023-11-15T23:01:02.098+0000][10629.859s][info ][safepoint     ] Entering safepoint region: Cleanup
[2023-11-15T23:01:02.098+0000][10629.860s][info ][safepoint     ] Leaving safepoint region
[2023-11-15T23:01:02.098+0000][10629.860s][info ][safepoint     ] Total time for which application threads were stopped: 0.0002543 seconds, Stopping threads took: 0.0000498 seconds
[2023-11-15T23:01:28.100+0000][10655.862s][debug][safepoint     ] Safepoint synchronization initiated. (162 threads)
[2023-11-15T23:01:28.100+0000][10655.862s][info ][safepoint     ] Application time: 26.0024498 seconds
[2023-11-15T23:01:28.100+0000][10655.862s][info ][safepoint     ] Entering safepoint region: Cleanup
[2023-11-15T23:01:28.101+0000][10655.862s][info ][safepoint     ] Leaving safepoint region
[2023-11-15T23:01:28.101+0000][10655.862s][info ][safepoint     ] Total time for which application threads were stopped: 0.0002511 seconds, Stopping threads took: 0.0000504 seconds
[2023-11-15T23:01:36.101+0000][10663.863s][debug][safepoint     ] Safepoint synchronization initiated. (161 threads)
[2023-11-15T23:01:36.102+0000][10663.863s][info ][safepoint     ] Application time: 8.0008156 seconds
[2023-11-15T23:01:36.102+0000][10663.863s][info ][safepoint     ] Entering safepoint region: Cleanup
[2023-11-15T23:01:36.102+0000][10663.863s][info ][safepoint     ] Leaving safepoint region
[2023-11-15T23:01:36.102+0000][10663.863s][info ][safepoint     ] Total time for which application threads were stopped: 0.0002540 seconds, Stopping threads took: 0.0000499 seconds
[2023-11-15T23:01:52.103+0000][10679.865s][debug][safepoint     ] Safepoint synchronization initiated. (163 threads)
[2023-11-15T23:01:52.103+0000][10679.865s][info ][safepoint     ] Application time: 16.0015570 seconds
[2023-11-15T23:01:52.103+0000][10679.865s][info ][safepoint     ] Entering safepoint region: Cleanup
[2023-11-15T23:01:52.104+0000][10679.865s][info ][safepoint     ] Leaving safepoint region
[2023-11-15T23:01:52.104+0000][10679.865s][info ][safepoint     ] Total time for which application threads were stopped: 0.0002561 seconds, Stopping threads took: 0.0000531 seconds
[2023-11-15T23:01:54.263+0000][10682.025s][debug][safepoint     ] Safepoint synchronization initiated. (163 threads)
[2023-11-15T23:01:54.263+0000][10682.025s][info ][safepoint     ] Application time: 2.1594990 seconds
[2023-11-15T23:01:54.263+0000][10682.025s][info ][safepoint     ] Entering safepoint region: G1CollectForAllocation
[2023-11-15T23:01:54.264+0000][10682.025s][info ][gc,start      ] GC(60) Pause Young (Normal) (G1 Evacuation Pause)
[2023-11-15T23:01:54.264+0000][10682.025s][info ][gc,task       ] GC(60) Using 4 workers of 4 for evacuation
[2023-11-15T23:01:54.272+0000][10682.033s][info ][gc,phases     ] GC(60)   Pre Evacuate Collection Set: 0.0ms
[2023-11-15T23:01:54.272+0000][10682.033s][info ][gc,phases     ] GC(60)   Evacuate Collection Set: 2.8ms
[2023-11-15T23:01:54.272+0000][10682.033s][info ][gc,phases     ] GC(60)   Post Evacuate Collection Set: 5.1ms
[2023-11-15T23:01:54.272+0000][10682.033s][info ][gc,phases     ] GC(60)   Other: 0.4ms
[2023-11-15T23:01:54.272+0000][10682.034s][info ][gc,heap       ] GC(60) Eden regions: 476->0(475)
[2023-11-15T23:01:54.272+0000][10682.034s][info ][gc,heap       ] GC(60) Survivor regions: 1->2(60)
[2023-11-15T23:01:54.272+0000][10682.034s][info ][gc,heap       ] GC(60) Old regions: 148->148
[2023-11-15T23:01:54.272+0000][10682.034s][info ][gc,heap       ] GC(60) Humongous regions: 0->0
[2023-11-15T23:01:54.272+0000][10682.034s][info ][gc,metaspace  ] GC(60) Metaspace: 153761K(158908K)->153761K(158908K) NonClass: 135992K(139112K)->135992K(139112K) Class: 17769K(19796K)->17769K(19796K)
[2023-11-15T23:01:54.272+0000][10682.034s][info ][gc            ] GC(60) Pause Young (Normal) (G1 Evacuation Pause) 623M->147M(795M) 8.447ms
[2023-11-15T23:01:54.272+0000][10682.034s][info ][gc,cpu        ] GC(60) User=0.03s Sys=0.00s Real=0.01s
[2023-11-15T23:01:54.272+0000][10682.034s][info ][safepoint     ] Leaving safepoint region
[2023-11-15T23:01:54.272+0000][10682.034s][info ][safepoint     ] Total time for which application threads were stopped: 0.0088995 seconds, Stopping threads took: 0.0000497 seconds
[2023-11-15T23:01:54.272+0000][10682.034s][info ][gc,stringdedup] Concurrent String Deduplication (10682.034s)
[2023-11-15T23:01:54.272+0000][10682.034s][info ][gc,stringdedup] Concurrent String Deduplication 232.0B->112.0B(120.0B) avg 54.2% (10682.034s, 10682.034s) 0.058ms
[2023-11-15T23:02:01.273+0000][10689.034s][debug][safepoint     ] Safepoint synchronization initiated. (163 threads)
[2023-11-15T23:02:01.273+0000][10689.034s][info ][safepoint     ] Application time: 7.0006918 seconds
[2023-11-15T23:02:01.273+0000][10689.034s][info ][safepoint     ] Entering safepoint region: Cleanup
[2023-11-15T23:02:01.273+0000][10689.035s][info ][safepoint     ] Leaving safepoint region
[2023-11-15T23:02:01.273+0000][10689.035s][info ][safepoint     ] Total time for which application threads were stopped: 0.0003289 seconds, Stopping threads took: 0.0000480 seconds
[2023-11-15T23:02:28.276+0000][10716.037s][debug][safepoint     ] Safepoint synchronization initiated. (164 threads)
[2023-11-15T23:02:28.276+0000][10716.037s][info ][safepoint     ] Application time: 27.0025297 seconds
[2023-11-15T23:02:28.276+0000][10716.037s][info ][safepoint     ] Entering safepoint region: Cleanup
[2023-11-15T23:02:28.276+0000][10716.038s][info ][safepoint     ] Leaving safepoint region
[2023-11-15T23:02:28.276+0000][10716.038s][info ][safepoint     ] Total time for which application threads were stopped: 0.0003297 seconds, Stopping threads took: 0.0000454 seconds
[2023-11-15T23:02:34.277+0000][10722.038s][debug][safepoint     ] Safepoint synchronization initiated. (163 threads)
[2023-11-15T23:02:34.277+0000][10722.038s][info ][safepoint     ] Application time: 6.0006280 seconds
[2023-11-15T23:02:34.277+0000][10722.038s][info ][safepoint     ] Entering safepoint region: Cleanup
[2023-11-15T23:02:34.277+0000][10722.039s][info ][safepoint     ] Leaving safepoint region
[2023-11-15T23:02:34.277+0000][10722.039s][info ][safepoint     ] Total time for which application threads were stopped: 0.0003333 seconds, Stopping threads took: 0.0000471 seconds
[2023-11-15T23:03:16.281+0000][10764.043s][debug][safepoint     ] Safepoint synchronization initiated. (161 threads)
[2023-11-15T23:03:16.281+0000][10764.043s][info ][safepoint     ] Application time: 42.0039770 seconds
[2023-11-15T23:03:16.281+0000][10764.043s][info ][safepoint     ] Entering safepoint region: Cleanup
[2023-11-15T23:03:16.281+0000][10764.043s][info ][safepoint     ] Leaving safepoint region
[2023-11-15T23:03:16.281+0000][10764.043s][info ][safepoint     ] Total time for which application threads were stopped: 0.0003141 seconds, Stopping threads took: 0.0000557 seconds
[2023-11-15T23:03:36.283+0000][10784.045s][debug][safepoint     ] Safepoint synchronization initiated. (161 threads)
[2023-11-15T23:03:36.283+0000][10784.045s][info ][safepoint     ] Application time: 20.0018990 seconds
[2023-11-15T23:03:36.283+0000][10784.045s][info ][safepoint     ] Entering safepoint region: Cleanup
[2023-11-15T23:03:36.284+0000][10784.045s][info ][safepoint     ] Leaving safepoint region
[2023-11-15T23:03:36.284+0000][10784.045s][info ][safepoint     ] Total time for which application threads were stopped: 0.0003292 seconds, Stopping threads took: 0.0000473 seconds
[2023-11-15T23:04:33.288+0000][10841.050s][debug][safepoint     ] Safepoint synchronization initiated. (163 threads)
[2023-11-15T23:04:33.289+0000][10841.050s][info ][safepoint     ] Application time: 57.0048477 seconds
[2023-11-15T23:04:33.289+0000][10841.050s][info ][safepoint     ] Entering safepoint region: Cleanup
[2023-11-15T23:04:33.289+0000][10841.050s][info ][safepoint     ] Leaving safepoint region
[2023-11-15T23:04:33.289+0000][10841.051s][info ][safepoint     ] Total time for which application threads were stopped: 0.0003453 seconds, Stopping threads took: 0.0000492 seconds
[2023-11-15T23:05:16.293+0000][10884.054s][debug][safepoint     ] Safepoint synchronization initiated. (162 threads)
[2023-11-15T23:05:16.293+0000][10884.054s][info ][safepoint     ] Application time: 43.0037338 seconds
[2023-11-15T23:05:16.293+0000][10884.054s][info ][safepoint     ] Entering safepoint region: Cleanup
[2023-11-15T23:05:16.293+0000][10884.055s][info ][safepoint     ] Leaving safepoint region
[2023-11-15T23:05:16.293+0000][10884.055s][info ][safepoint     ] Total time for which application threads were stopped: 0.0003361 seconds, Stopping threads took: 0.0000480 seconds
[2023-11-15T23:08:14.309+0000][11062.071s][debug][safepoint     ] Safepoint synchronization initiated. (162 threads)
[2023-11-15T23:08:14.309+0000][11062.071s][info ][safepoint     ] Application time: 178.0159986 seconds
[2023-11-15T23:08:14.309+0000][11062.071s][info ][safepoint     ] Entering safepoint region: Cleanup
[2023-11-15T23:08:14.309+0000][11062.071s][info ][safepoint     ] Leaving safepoint region
[2023-11-15T23:08:14.309+0000][11062.071s][info ][safepoint     ] Total time for which application threads were stopped: 0.0003566 seconds, Stopping threads took: 0.0000476 seconds
[2023-11-15T23:10:24.319+0000][11192.081s][debug][safepoint     ] Safepoint synchronization initiated. (162 threads)
[2023-11-15T23:10:24.319+0000][11192.081s][info ][safepoint     ] Application time: 130.0099846 seconds
[2023-11-15T23:10:24.319+0000][11192.081s][debug][safepoint     ] Waiting for 1 thread(s) to block
[2023-11-15T23:10:24.319+0000][11192.081s][info ][safepoint     ] Entering safepoint region: G1CollectForAllocation
[2023-11-15T23:10:24.320+0000][11192.081s][info ][gc,start      ] GC(61) Pause Young (Normal) (G1 Evacuation Pause)
[2023-11-15T23:10:24.320+0000][11192.081s][info ][gc,task       ] GC(61) Using 4 workers of 4 for evacuation
[2023-11-15T23:10:24.327+0000][11192.089s][info ][gc,phases     ] GC(61)   Pre Evacuate Collection Set: 0.0ms
[2023-11-15T23:10:24.327+0000][11192.089s][info ][gc,phases     ] GC(61)   Evacuate Collection Set: 2.5ms
[2023-11-15T23:10:24.327+0000][11192.089s][info ][gc,phases     ] GC(61)   Post Evacuate Collection Set: 4.5ms
[2023-11-15T23:10:24.327+0000][11192.089s][info ][gc,phases     ] GC(61)   Other: 0.4ms
[2023-11-15T23:10:24.327+0000][11192.089s][info ][gc,heap       ] GC(61) Eden regions: 475->0(475)
[2023-11-15T23:10:24.327+0000][11192.089s][info ][gc,heap       ] GC(61) Survivor regions: 2->2(60)
[2023-11-15T23:10:24.327+0000][11192.089s][info ][gc,heap       ] GC(61) Old regions: 148->148
[2023-11-15T23:10:24.327+0000][11192.089s][info ][gc,heap       ] GC(61) Humongous regions: 0->0
[2023-11-15T23:10:24.327+0000][11192.089s][info ][gc,metaspace  ] GC(61) Metaspace: 153808K(158908K)->153808K(158908K) NonClass: 136039K(139112K)->136039K(139112K) Class: 17769K(19796K)->17769K(19796K)
[2023-11-15T23:10:24.327+0000][11192.089s][info ][gc            ] GC(61) Pause Young (Normal) (G1 Evacuation Pause) 622M->147M(795M) 7.589ms
[2023-11-15T23:10:24.327+0000][11192.089s][info ][gc,cpu        ] GC(61) User=0.01s Sys=0.01s Real=0.00s
[2023-11-15T23:10:24.327+0000][11192.089s][info ][safepoint     ] Leaving safepoint region
[2023-11-15T23:10:24.327+0000][11192.089s][info ][safepoint     ] Total time for which application threads were stopped: 0.0080951 seconds, Stopping threads took: 0.0001392 seconds
[2023-11-15T23:10:24.328+0000][11192.089s][info ][gc,stringdedup] Concurrent String Deduplication (11192.089s)
[2023-11-15T23:10:24.328+0000][11192.089s][info ][gc,stringdedup] Concurrent String Deduplication 0.0B->0.0B(0.0B) avg 54.2% (11192.089s, 11192.089s) 0.047ms
[2023-11-15T23:13:32.344+0000][11380.106s][debug][safepoint     ] Safepoint synchronization initiated. (162 threads)
[2023-11-15T23:13:32.344+0000][11380.106s][info ][safepoint     ] Application time: 188.0167257 seconds
[2023-11-15T23:13:32.344+0000][11380.106s][info ][safepoint     ] Entering safepoint region: Cleanup
[2023-11-15T23:13:32.345+0000][11380.106s][info ][safepoint     ] Leaving safepoint region
[2023-11-15T23:13:32.345+0000][11380.106s][info ][safepoint     ] Total time for which application threads were stopped: 0.0003281 seconds, Stopping threads took: 0.0000480 seconds
[2023-11-15T23:15:26.355+0000][11494.116s][debug][safepoint     ] Safepoint synchronization initiated. (162 threads)
[2023-11-15T23:15:26.355+0000][11494.116s][info ][safepoint     ] Application time: 114.0101192 seconds
[2023-11-15T23:15:26.355+0000][11494.116s][info ][safepoint     ] Entering safepoint region: Cleanup
[2023-11-15T23:15:26.355+0000][11494.117s][info ][safepoint     ] Leaving safepoint region
[2023-11-15T23:15:26.355+0000][11494.117s][info ][safepoint     ] Total time for which application threads were stopped: 0.0002460 seconds, Stopping threads took: 0.0000487 seconds
[2023-11-15T23:16:11.359+0000][11539.121s][debug][safepoint     ] Safepoint synchronization initiated. (162 threads)
[2023-11-15T23:16:11.359+0000][11539.121s][info ][safepoint     ] Application time: 45.0041183 seconds
[2023-11-15T23:16:11.359+0000][11539.121s][info ][safepoint     ] Entering safepoint region: Cleanup
[2023-11-15T23:16:11.359+0000][11539.121s][info ][safepoint     ] Leaving safepoint region
[2023-11-15T23:16:11.359+0000][11539.121s][info ][safepoint     ] Total time for which application threads were stopped: 0.0002566 seconds, Stopping threads took: 0.0000556 seconds
[2023-11-15T23:17:55.369+0000][11643.131s][debug][safepoint     ] Safepoint synchronization initiated. (162 threads)
[2023-11-15T23:17:55.369+0000][11643.131s][info ][safepoint     ] Application time: 104.0099547 seconds
[2023-11-15T23:17:55.369+0000][11643.131s][info ][safepoint     ] Entering safepoint region: Cleanup
[2023-11-15T23:17:55.370+0000][11643.131s][info ][safepoint     ] Leaving safepoint region
[2023-11-15T23:17:55.370+0000][11643.131s][info ][safepoint     ] Total time for which application threads were stopped: 0.0002513 seconds, Stopping threads took: 0.0000504 seconds
[2023-11-15T23:18:44.374+0000][11692.136s][debug][safepoint     ] Safepoint synchronization initiated. (162 threads)
[2023-11-15T23:18:44.374+0000][11692.136s][info ][safepoint     ] Application time: 49.0044918 seconds
[2023-11-15T23:18:44.374+0000][11692.136s][info ][safepoint     ] Entering safepoint region: Cleanup
[2023-11-15T23:18:44.374+0000][11692.136s][info ][safepoint     ] Leaving safepoint region
[2023-11-15T23:18:44.374+0000][11692.136s][info ][safepoint     ] Total time for which application threads were stopped: 0.0003053 seconds, Stopping threads took: 0.0000502 seconds
[2023-11-15T23:18:54.894+0000][11702.655s][debug][safepoint     ] Safepoint synchronization initiated. (162 threads)
[2023-11-15T23:18:54.894+0000][11702.655s][info ][safepoint     ] Application time: 10.5191612 seconds
[2023-11-15T23:18:54.894+0000][11702.655s][info ][safepoint     ] Entering safepoint region: G1CollectForAllocation
[2023-11-15T23:18:54.894+0000][11702.656s][info ][gc,start      ] GC(62) Pause Young (Normal) (G1 Evacuation Pause)
[2023-11-15T23:18:54.894+0000][11702.656s][info ][gc,task       ] GC(62) Using 4 workers of 4 for evacuation
[2023-11-15T23:18:54.901+0000][11702.663s][info ][gc,phases     ] GC(62)   Pre Evacuate Collection Set: 0.0ms
[2023-11-15T23:18:54.901+0000][11702.663s][info ][gc,phases     ] GC(62)   Evacuate Collection Set: 2.3ms
[2023-11-15T23:18:54.901+0000][11702.663s][info ][gc,phases     ] GC(62)   Post Evacuate Collection Set: 4.6ms
[2023-11-15T23:18:54.902+0000][11702.663s][info ][gc,phases     ] GC(62)   Other: 0.4ms
[2023-11-15T23:18:54.902+0000][11702.663s][info ][gc,heap       ] GC(62) Eden regions: 475->0(475)
[2023-11-15T23:18:54.902+0000][11702.663s][info ][gc,heap       ] GC(62) Survivor regions: 2->2(60)
[2023-11-15T23:18:54.902+0000][11702.663s][info ][gc,heap       ] GC(62) Old regions: 148->148
[2023-11-15T23:18:54.902+0000][11702.663s][info ][gc,heap       ] GC(62) Humongous regions: 0->0
[2023-11-15T23:18:54.902+0000][11702.663s][info ][gc,metaspace  ] GC(62) Metaspace: 153826K(158908K)->153826K(158908K) NonClass: 136057K(139112K)->136057K(139112K) Class: 17769K(19796K)->17769K(19796K)
[2023-11-15T23:18:54.902+0000][11702.663s][info ][gc            ] GC(62) Pause Young (Normal) (G1 Evacuation Pause) 622M->147M(795M) 7.592ms
[2023-11-15T23:18:54.902+0000][11702.663s][info ][gc,cpu        ] GC(62) User=0.02s Sys=0.00s Real=0.01s
[2023-11-15T23:18:54.902+0000][11702.663s][info ][safepoint     ] Leaving safepoint region
[2023-11-15T23:18:54.902+0000][11702.663s][info ][safepoint     ] Total time for which application threads were stopped: 0.0080501 seconds, Stopping threads took: 0.0000508 seconds
[2023-11-15T23:18:54.902+0000][11702.663s][info ][gc,stringdedup] Concurrent String Deduplication (11702.663s)
[2023-11-15T23:18:54.902+0000][11702.664s][info ][gc,stringdedup] Concurrent String Deduplication 15104.0B->0.0B(15104.0B) avg 54.2% (11702.663s, 11702.664s) 0.191ms
[2023-11-15T23:19:44.906+0000][11752.668s][debug][safepoint     ] Safepoint synchronization initiated. (162 threads)
[2023-11-15T23:19:44.906+0000][11752.668s][info ][safepoint     ] Application time: 50.0043597 seconds
[2023-11-15T23:19:44.906+0000][11752.668s][info ][safepoint     ] Entering safepoint region: Cleanup
[2023-11-15T23:19:44.906+0000][11752.668s][info ][safepoint     ] Leaving safepoint region
[2023-11-15T23:19:44.906+0000][11752.668s][info ][safepoint     ] Total time for which application threads were stopped: 0.0003388 seconds, Stopping threads took: 0.0000524 seconds
[2023-11-15T23:20:46.912+0000][11814.674s][debug][safepoint     ] Safepoint synchronization initiated. (162 threads)
[2023-11-15T23:20:46.912+0000][11814.674s][info ][safepoint     ] Application time: 62.0055622 seconds
[2023-11-15T23:20:46.912+0000][11814.674s][info ][safepoint     ] Entering safepoint region: Cleanup
[2023-11-15T23:20:46.912+0000][11814.674s][info ][safepoint     ] Leaving safepoint region
[2023-11-15T23:20:46.912+0000][11814.674s][info ][safepoint     ] Total time for which application threads were stopped: 0.0003028 seconds, Stopping threads took: 0.0000472 seconds
[2023-11-15T23:20:46.912+0000][11814.674s][debug][safepoint     ] ... found polling page return exception at pc = 0x00007f693102dd76, stub =0x00007f692883a800
[2023-11-15T23:20:46.912+0000][11814.674s][debug][safepoint     ] ... found polling page loop exception at pc = 0x00007f6930fafbdc, stub =0x00007f692883ab00
[2023-11-15T23:20:46.912+0000][11814.674s][debug][safepoint     ] ... found polling page return exception at pc = 0x00007f693102dd76, stub =0x00007f692883a800
[2023-11-15T23:21:15.915+0000][11843.677s][debug][safepoint     ] Safepoint synchronization initiated. (162 threads)
[2023-11-15T23:21:15.915+0000][11843.677s][info ][safepoint     ] Application time: 29.0028816 seconds
[2023-11-15T23:21:15.915+0000][11843.677s][info ][safepoint     ] Entering safepoint region: Cleanup
[2023-11-15T23:21:15.916+0000][11843.677s][info ][safepoint     ] Leaving safepoint region
[2023-11-15T23:21:15.916+0000][11843.677s][info ][safepoint     ] Total time for which application threads were stopped: 0.0002943 seconds, Stopping threads took: 0.0000489 seconds
[2023-11-15T23:21:46.918+0000][11874.680s][debug][safepoint     ] Safepoint synchronization initiated. (162 threads)
[2023-11-15T23:21:46.918+0000][11874.680s][info ][safepoint     ] Application time: 31.0028477 seconds
[2023-11-15T23:21:46.919+0000][11874.680s][info ][safepoint     ] Entering safepoint region: Cleanup
[2023-11-15T23:21:46.919+0000][11874.680s][info ][safepoint     ] Leaving safepoint region
[2023-11-15T23:21:46.919+0000][11874.680s][info ][safepoint     ] Total time for which application threads were stopped: 0.0002522 seconds, Stopping threads took: 0.0000469 seconds
[2023-11-15T23:21:47.919+0000][11875.680s][debug][safepoint     ] Safepoint synchronization initiated. (162 threads)
[2023-11-15T23:21:47.919+0000][11875.681s][info ][safepoint     ] Application time: 1.0001484 seconds
[2023-11-15T23:21:47.919+0000][11875.681s][info ][safepoint     ] Entering safepoint region: Cleanup
[2023-11-15T23:21:47.919+0000][11875.681s][info ][safepoint     ] Leaving safepoint region
[2023-11-15T23:21:47.919+0000][11875.681s][info ][safepoint     ] Total time for which application threads were stopped: 0.0002516 seconds, Stopping threads took: 0.0000489 seconds
[2023-11-15T23:22:37.924+0000][11925.685s][debug][safepoint     ] Safepoint synchronization initiated. (162 threads)
[2023-11-15T23:22:37.924+0000][11925.685s][info ][safepoint     ] Application time: 50.0044771 seconds
[2023-11-15T23:22:37.924+0000][11925.685s][info ][safepoint     ] Entering safepoint region: Cleanup
[2023-11-15T23:22:37.924+0000][11925.686s][info ][safepoint     ] Leaving safepoint region
[2023-11-15T23:22:37.924+0000][11925.686s][info ][safepoint     ] Total time for which application threads were stopped: 0.0002461 seconds, Stopping threads took: 0.0000472 seconds
[2023-11-15T23:24:49.936+0000][12057.697s][debug][safepoint     ] Safepoint synchronization initiated. (162 threads)
[2023-11-15T23:24:49.936+0000][12057.697s][info ][safepoint     ] Application time: 132.0118740 seconds
[2023-11-15T23:24:49.936+0000][12057.698s][info ][safepoint     ] Entering safepoint region: Cleanup
[2023-11-15T23:24:49.936+0000][12057.698s][info ][safepoint     ] Leaving safepoint region
[2023-11-15T23:24:49.936+0000][12057.698s][info ][safepoint     ] Total time for which application threads were stopped: 0.0003193 seconds, Stopping threads took: 0.0000687 seconds
[2023-11-15T23:27:25.542+0000][12213.303s][debug][safepoint     ] Safepoint synchronization initiated. (162 threads)
[2023-11-15T23:27:25.542+0000][12213.303s][info ][safepoint     ] Application time: 155.6054788 seconds
[2023-11-15T23:27:25.542+0000][12213.303s][debug][safepoint     ] ... found polling page return exception at pc = 0x00007f6930d4c580, stub =0x00007f692883a800
[2023-11-15T23:27:25.542+0000][12213.303s][debug][safepoint     ] Waiting for 3 thread(s) to block
[2023-11-15T23:27:25.542+0000][12213.303s][info ][safepoint     ] Entering safepoint region: G1CollectForAllocation
[2023-11-15T23:27:25.542+0000][12213.304s][info ][gc,start      ] GC(63) Pause Young (Normal) (G1 Evacuation Pause)
[2023-11-15T23:27:25.542+0000][12213.304s][info ][gc,task       ] GC(63) Using 4 workers of 4 for evacuation
[2023-11-15T23:27:25.549+0000][12213.310s][info ][gc,phases     ] GC(63)   Pre Evacuate Collection Set: 0.0ms
[2023-11-15T23:27:25.549+0000][12213.311s][info ][gc,phases     ] GC(63)   Evacuate Collection Set: 2.1ms
[2023-11-15T23:27:25.549+0000][12213.311s][info ][gc,phases     ] GC(63)   Post Evacuate Collection Set: 4.2ms
[2023-11-15T23:27:25.549+0000][12213.311s][info ][gc,phases     ] GC(63)   Other: 0.4ms
[2023-11-15T23:27:25.549+0000][12213.311s][info ][gc,heap       ] GC(63) Eden regions: 475->0(476)
[2023-11-15T23:27:25.549+0000][12213.311s][info ][gc,heap       ] GC(63) Survivor regions: 2->1(60)
[2023-11-15T23:27:25.549+0000][12213.311s][info ][gc,heap       ] GC(63) Old regions: 148->148
[2023-11-15T23:27:25.549+0000][12213.311s][info ][gc,heap       ] GC(63) Humongous regions: 0->0
[2023-11-15T23:27:25.549+0000][12213.311s][info ][gc,metaspace  ] GC(63) Metaspace: 153873K(158908K)->153873K(158908K) NonClass: 136104K(139112K)->136104K(139112K) Class: 17769K(19796K)->17769K(19796K)
[2023-11-15T23:27:25.549+0000][12213.311s][info ][gc            ] GC(63) Pause Young (Normal) (G1 Evacuation Pause) 622M->147M(795M) 6.953ms
[2023-11-15T23:27:25.549+0000][12213.311s][info ][gc,cpu        ] GC(63) User=0.02s Sys=0.00s Real=0.01s
[2023-11-15T23:27:25.549+0000][12213.311s][info ][safepoint     ] Leaving safepoint region
[2023-11-15T23:27:25.549+0000][12213.311s][info ][safepoint     ] Total time for which application threads were stopped: 0.0074830 seconds, Stopping threads took: 0.0002058 seconds
[2023-11-15T23:27:25.549+0000][12213.311s][info ][gc,stringdedup] Concurrent String Deduplication (12213.311s)
[2023-11-15T23:27:25.549+0000][12213.311s][info ][gc,stringdedup] Concurrent String Deduplication 18768.0B->232.0B(18536.0B) avg 54.3% (12213.311s, 12213.311s) 0.216ms
[2023-11-15T23:27:26.550+0000][12214.311s][debug][safepoint     ] Safepoint synchronization initiated. (162 threads)
[2023-11-15T23:27:26.550+0000][12214.311s][info ][safepoint     ] Application time: 1.0004357 seconds
[2023-11-15T23:27:26.550+0000][12214.311s][info ][safepoint     ] Entering safepoint region: Cleanup
[2023-11-15T23:27:26.550+0000][12214.312s][info ][safepoint     ] Leaving safepoint region
[2023-11-15T23:27:26.550+0000][12214.312s][info ][safepoint     ] Total time for which application threads were stopped: 0.0003369 seconds, Stopping threads took: 0.0000496 seconds
[2023-11-15T23:27:35.551+0000][12223.312s][debug][safepoint     ] Safepoint synchronization initiated. (162 threads)
[2023-11-15T23:27:35.551+0000][12223.313s][info ][safepoint     ] Application time: 9.0009311 seconds
[2023-11-15T23:27:35.551+0000][12223.313s][info ][safepoint     ] Entering safepoint region: Cleanup
[2023-11-15T23:27:35.551+0000][12223.313s][info ][safepoint     ] Leaving safepoint region
[2023-11-15T23:27:35.551+0000][12223.313s][info ][safepoint     ] Total time for which application threads were stopped: 0.0003350 seconds, Stopping threads took: 0.0000498 seconds
[2023-11-15T23:28:23.556+0000][12271.317s][debug][safepoint     ] Safepoint synchronization initiated. (162 threads)
[2023-11-15T23:28:23.556+0000][12271.317s][info ][safepoint     ] Application time: 48.0042963 seconds
[2023-11-15T23:28:23.556+0000][12271.317s][info ][safepoint     ] Entering safepoint region: Cleanup
[2023-11-15T23:28:23.556+0000][12271.318s][info ][safepoint     ] Leaving safepoint region
[2023-11-15T23:28:23.556+0000][12271.318s][info ][safepoint     ] Total time for which application threads were stopped: 0.0002616 seconds, Stopping threads took: 0.0000519 seconds
[2023-11-15T23:28:55.559+0000][12303.320s][debug][safepoint     ] Safepoint synchronization initiated. (162 threads)
[2023-11-15T23:28:55.559+0000][12303.320s][info ][safepoint     ] Application time: 32.0027162 seconds
[2023-11-15T23:28:55.559+0000][12303.320s][info ][safepoint     ] Entering safepoint region: Cleanup
[2023-11-15T23:28:55.559+0000][12303.321s][info ][safepoint     ] Leaving safepoint region
[2023-11-15T23:28:55.559+0000][12303.321s][info ][safepoint     ] Total time for which application threads were stopped: 0.0002701 seconds, Stopping threads took: 0.0000516 seconds
[2023-11-15T23:29:35.562+0000][12343.324s][debug][safepoint     ] Safepoint synchronization initiated. (162 threads)
[2023-11-15T23:29:35.563+0000][12343.324s][info ][safepoint     ] Application time: 40.0036033 seconds
[2023-11-15T23:29:35.563+0000][12343.324s][info ][safepoint     ] Entering safepoint region: Cleanup
[2023-11-15T23:29:35.563+0000][12343.324s][info ][safepoint     ] Leaving safepoint region
[2023-11-15T23:29:35.563+0000][12343.324s][info ][safepoint     ] Total time for which application threads were stopped: 0.0002448 seconds, Stopping threads took: 0.0000500 seconds
[2023-11-15T23:29:50.564+0000][12358.326s][debug][safepoint     ] Safepoint synchronization initiated. (162 threads)
[2023-11-15T23:29:50.564+0000][12358.326s][info ][safepoint     ] Application time: 15.0013879 seconds
[2023-11-15T23:29:50.564+0000][12358.326s][info ][safepoint     ] Entering safepoint region: Cleanup
[2023-11-15T23:29:50.565+0000][12358.326s][info ][safepoint     ] Leaving safepoint region
[2023-11-15T23:29:50.565+0000][12358.326s][info ][safepoint     ] Total time for which application threads were stopped: 0.0003430 seconds, Stopping threads took: 0.0000505 seconds
[2023-11-15T23:29:55.565+0000][12363.327s][debug][safepoint     ] Safepoint synchronization initiated. (162 threads)
[2023-11-15T23:29:55.565+0000][12363.327s][info ][safepoint     ] Application time: 5.0004944 seconds
[2023-11-15T23:29:55.565+0000][12363.327s][info ][safepoint     ] Entering safepoint region: Cleanup
[2023-11-15T23:29:55.565+0000][12363.327s][info ][safepoint     ] Leaving safepoint region
[2023-11-15T23:29:55.566+0000][12363.327s][info ][safepoint     ] Total time for which application threads were stopped: 0.0004230 seconds, Stopping threads took: 0.0002099 seconds
[2023-11-15T23:30:32.569+0000][12400.331s][debug][safepoint     ] Safepoint synchronization initiated. (164 threads)
[2023-11-15T23:30:32.569+0000][12400.331s][info ][safepoint     ] Application time: 37.0034331 seconds
[2023-11-15T23:30:32.569+0000][12400.331s][info ][safepoint     ] Entering safepoint region: Cleanup
[2023-11-15T23:30:32.569+0000][12400.331s][info ][safepoint     ] Leaving safepoint region
[2023-11-15T23:30:32.569+0000][12400.331s][info ][safepoint     ] Total time for which application threads were stopped: 0.0003469 seconds, Stopping threads took: 0.0000514 seconds
[2023-11-15T23:30:59.572+0000][12427.333s][debug][safepoint     ] Safepoint synchronization initiated. (163 threads)
[2023-11-15T23:30:59.572+0000][12427.334s][info ][safepoint     ] Application time: 27.0025229 seconds
[2023-11-15T23:30:59.572+0000][12427.334s][info ][safepoint     ] Entering safepoint region: Cleanup
[2023-11-15T23:30:59.572+0000][12427.334s][info ][safepoint     ] Leaving safepoint region
[2023-11-15T23:30:59.572+0000][12427.334s][info ][safepoint     ] Total time for which application threads were stopped: 0.0002704 seconds, Stopping threads took: 0.0000585 seconds
[2023-11-15T23:31:11.573+0000][12439.335s][debug][safepoint     ] Safepoint synchronization initiated. (163 threads)
[2023-11-15T23:31:11.573+0000][12439.335s][info ][safepoint     ] Application time: 12.0011902 seconds
[2023-11-15T23:31:11.573+0000][12439.335s][info ][safepoint     ] Entering safepoint region: Cleanup
[2023-11-15T23:31:11.574+0000][12439.335s][info ][safepoint     ] Leaving safepoint region
[2023-11-15T23:31:11.574+0000][12439.335s][info ][safepoint     ] Total time for which application threads were stopped: 0.0002504 seconds, Stopping threads took: 0.0000515 seconds
[2023-11-15T23:31:35.576+0000][12463.338s][debug][safepoint     ] Safepoint synchronization initiated. (163 threads)
[2023-11-15T23:31:35.576+0000][12463.338s][info ][safepoint     ] Application time: 24.0022662 seconds
[2023-11-15T23:31:35.576+0000][12463.338s][info ][safepoint     ] Entering safepoint region: Cleanup
[2023-11-15T23:31:35.576+0000][12463.338s][info ][safepoint     ] Leaving safepoint region
[2023-11-15T23:31:35.576+0000][12463.338s][info ][safepoint     ] Total time for which application threads were stopped: 0.0002732 seconds, Stopping threads took: 0.0000500 seconds
[2023-11-15T23:31:57.578+0000][12485.340s][debug][safepoint     ] Safepoint synchronization initiated. (161 threads)
[2023-11-15T23:31:57.578+0000][12485.340s][info ][safepoint     ] Application time: 22.0021617 seconds
[2023-11-15T23:31:57.578+0000][12485.340s][info ][safepoint     ] Entering safepoint region: Cleanup
[2023-11-15T23:31:57.579+0000][12485.340s][info ][safepoint     ] Leaving safepoint region
[2023-11-15T23:31:57.579+0000][12485.340s][info ][safepoint     ] Total time for which application threads were stopped: 0.0002463 seconds, Stopping threads took: 0.0000465 seconds
[2023-11-15T23:32:35.582+0000][12523.344s][debug][safepoint     ] Safepoint synchronization initiated. (162 threads)
[2023-11-15T23:32:35.582+0000][12523.344s][info ][safepoint     ] Application time: 38.0032994 seconds
[2023-11-15T23:32:35.582+0000][12523.344s][info ][safepoint     ] Entering safepoint region: Cleanup
[2023-11-15T23:32:35.582+0000][12523.344s][info ][safepoint     ] Leaving safepoint region
[2023-11-15T23:32:35.582+0000][12523.344s][info ][safepoint     ] Total time for which application threads were stopped: 0.0002371 seconds, Stopping threads took: 0.0000467 seconds
[2023-11-15T23:32:59.584+0000][12547.346s][debug][safepoint     ] Safepoint synchronization initiated. (162 threads)
[2023-11-15T23:32:59.584+0000][12547.346s][info ][safepoint     ] Application time: 24.0021811 seconds
[2023-11-15T23:32:59.584+0000][12547.346s][info ][safepoint     ] Entering safepoint region: Cleanup
[2023-11-15T23:32:59.585+0000][12547.346s][info ][safepoint     ] Leaving safepoint region
[2023-11-15T23:32:59.585+0000][12547.346s][info ][safepoint     ] Total time for which application threads were stopped: 0.0002897 seconds, Stopping threads took: 0.0000496 seconds
[2023-11-15T23:34:09.591+0000][12617.353s][debug][safepoint     ] Safepoint synchronization initiated. (162 threads)
[2023-11-15T23:34:09.591+0000][12617.353s][info ][safepoint     ] Application time: 70.0066483 seconds
[2023-11-15T23:34:09.591+0000][12617.353s][info ][safepoint     ] Entering safepoint region: Cleanup
[2023-11-15T23:34:09.592+0000][12617.353s][info ][safepoint     ] Leaving safepoint region
[2023-11-15T23:34:09.592+0000][12617.353s][info ][safepoint     ] Total time for which application threads were stopped: 0.0002666 seconds, Stopping threads took: 0.0000716 seconds
[2023-11-15T23:34:33.594+0000][12641.355s][debug][safepoint     ] Safepoint synchronization initiated. (162 threads)
[2023-11-15T23:34:33.594+0000][12641.355s][info ][safepoint     ] Application time: 24.0020445 seconds
[2023-11-15T23:34:33.594+0000][12641.355s][info ][safepoint     ] Entering safepoint region: Cleanup
[2023-11-15T23:34:33.594+0000][12641.356s][info ][safepoint     ] Leaving safepoint region
[2023-11-15T23:34:33.594+0000][12641.356s][info ][safepoint     ] Total time for which application threads were stopped: 0.0002477 seconds, Stopping threads took: 0.0000492 seconds
[2023-11-15T23:35:00.596+0000][12668.358s][debug][safepoint     ] Safepoint synchronization initiated. (162 threads)
[2023-11-15T23:35:00.597+0000][12668.358s][info ][safepoint     ] Application time: 27.0025262 seconds
[2023-11-15T23:35:00.597+0000][12668.358s][info ][safepoint     ] Entering safepoint region: Cleanup
[2023-11-15T23:35:00.597+0000][12668.358s][info ][safepoint     ] Leaving safepoint region
[2023-11-15T23:35:00.597+0000][12668.359s][info ][safepoint     ] Total time for which application threads were stopped: 0.0002476 seconds, Stopping threads took: 0.0000499 seconds
[2023-11-15T23:35:35.600+0000][12703.362s][debug][safepoint     ] Safepoint synchronization initiated. (162 threads)
[2023-11-15T23:35:35.600+0000][12703.362s][info ][safepoint     ] Application time: 35.0033536 seconds
[2023-11-15T23:35:35.600+0000][12703.362s][info ][safepoint     ] Entering safepoint region: Cleanup
[2023-11-15T23:35:35.601+0000][12703.362s][info ][safepoint     ] Leaving safepoint region
[2023-11-15T23:35:35.601+0000][12703.362s][info ][safepoint     ] Total time for which application threads were stopped: 0.0003394 seconds, Stopping threads took: 0.0000508 seconds
[2023-11-15T23:35:50.602+0000][12718.364s][debug][safepoint     ] Safepoint synchronization initiated. (162 threads)
[2023-11-15T23:35:50.602+0000][12718.364s][info ][safepoint     ] Application time: 15.0014322 seconds
[2023-11-15T23:35:50.602+0000][12718.364s][info ][safepoint     ] Entering safepoint region: Cleanup
[2023-11-15T23:35:50.602+0000][12718.364s][info ][safepoint     ] Leaving safepoint region
[2023-11-15T23:35:50.602+0000][12718.364s][info ][safepoint     ] Total time for which application threads were stopped: 0.0003450 seconds, Stopping threads took: 0.0000506 seconds
[2023-11-15T23:35:54.859+0000][12722.621s][debug][safepoint     ] Safepoint synchronization initiated. (162 threads)
[2023-11-15T23:35:54.860+0000][12722.621s][info ][safepoint     ] Application time: 4.2570842 seconds
[2023-11-15T23:35:54.860+0000][12722.621s][info ][safepoint     ] Entering safepoint region: G1CollectForAllocation
[2023-11-15T23:35:54.860+0000][12722.622s][info ][gc,start      ] GC(64) Pause Young (Normal) (G1 Evacuation Pause)
[2023-11-15T23:35:54.860+0000][12722.622s][info ][gc,task       ] GC(64) Using 4 workers of 4 for evacuation
[2023-11-15T23:35:54.868+0000][12722.630s][info ][gc,phases     ] GC(64)   Pre Evacuate Collection Set: 0.0ms
[2023-11-15T23:35:54.868+0000][12722.630s][info ][gc,phases     ] GC(64)   Evacuate Collection Set: 2.2ms
[2023-11-15T23:35:54.868+0000][12722.630s][info ][gc,phases     ] GC(64)   Post Evacuate Collection Set: 5.7ms
[2023-11-15T23:35:54.869+0000][12722.630s][info ][gc,phases     ] GC(64)   Other: 0.4ms
[2023-11-15T23:35:54.869+0000][12722.630s][info ][gc,heap       ] GC(64) Eden regions: 476->0(475)
[2023-11-15T23:35:54.869+0000][12722.630s][info ][gc,heap       ] GC(64) Survivor regions: 1->2(60)
[2023-11-15T23:35:54.869+0000][12722.630s][info ][gc,heap       ] GC(64) Old regions: 148->148
[2023-11-15T23:35:54.869+0000][12722.630s][info ][gc,heap       ] GC(64) Humongous regions: 0->0
[2023-11-15T23:35:54.869+0000][12722.630s][info ][gc,metaspace  ] GC(64) Metaspace: 153893K(158908K)->153893K(158908K) NonClass: 136124K(139112K)->136124K(139112K) Class: 17769K(19796K)->17769K(19796K)
[2023-11-15T23:35:54.869+0000][12722.630s][info ][gc            ] GC(64) Pause Young (Normal) (G1 Evacuation Pause) 623M->147M(795M) 8.565ms
[2023-11-15T23:35:54.869+0000][12722.630s][info ][gc,cpu        ] GC(64) User=0.03s Sys=0.00s Real=0.01s
[2023-11-15T23:35:54.869+0000][12722.630s][info ][safepoint     ] Leaving safepoint region
[2023-11-15T23:35:54.869+0000][12722.630s][info ][safepoint     ] Total time for which application threads were stopped: 0.0092001 seconds, Stopping threads took: 0.0002398 seconds
[2023-11-15T23:35:54.869+0000][12722.630s][info ][gc,stringdedup] Concurrent String Deduplication (12722.630s)
[2023-11-15T23:35:54.869+0000][12722.631s][info ][gc,stringdedup] Concurrent String Deduplication 0.0B->0.0B(0.0B) avg 54.3% (12722.630s, 12722.631s) 0.085ms
[2023-11-15T23:35:57.869+0000][12725.631s][debug][safepoint     ] Safepoint synchronization initiated. (162 threads)
[2023-11-15T23:35:57.869+0000][12725.631s][info ][safepoint     ] Application time: 3.0003821 seconds
[2023-11-15T23:35:57.869+0000][12725.631s][info ][safepoint     ] Entering safepoint region: Cleanup
[2023-11-15T23:35:57.869+0000][12725.631s][info ][safepoint     ] Leaving safepoint region
[2023-11-15T23:35:57.869+0000][12725.631s][info ][safepoint     ] Total time for which application threads were stopped: 0.0003337 seconds, Stopping threads took: 0.0000493 seconds
[2023-11-15T23:36:32.873+0000][12760.634s][debug][safepoint     ] Safepoint synchronization initiated. (162 threads)
[2023-11-15T23:36:32.873+0000][12760.634s][info ][safepoint     ] Application time: 35.0032265 seconds
[2023-11-15T23:36:32.873+0000][12760.634s][info ][safepoint     ] Entering safepoint region: Cleanup
[2023-11-15T23:36:32.873+0000][12760.635s][info ][safepoint     ] Leaving safepoint region
[2023-11-15T23:36:32.873+0000][12760.635s][info ][safepoint     ] Total time for which application threads were stopped: 0.0002807 seconds, Stopping threads took: 0.0000509 seconds
[2023-11-15T23:36:35.873+0000][12763.635s][debug][safepoint     ] Safepoint synchronization initiated. (162 threads)
[2023-11-15T23:36:35.873+0000][12763.635s][info ][safepoint     ] Application time: 3.0003591 seconds
[2023-11-15T23:36:35.873+0000][12763.635s][info ][safepoint     ] Entering safepoint region: Cleanup
[2023-11-15T23:36:35.874+0000][12763.635s][info ][safepoint     ] Leaving safepoint region
[2023-11-15T23:36:35.874+0000][12763.635s][info ][safepoint     ] Total time for which application threads were stopped: 0.0002457 seconds, Stopping threads took: 0.0000491 seconds
[2023-11-15T23:37:02.876+0000][12790.638s][debug][safepoint     ] Safepoint synchronization initiated. (162 threads)
[2023-11-15T23:37:02.876+0000][12790.638s][info ][safepoint     ] Application time: 27.0024975 seconds
[2023-11-15T23:37:02.876+0000][12790.638s][info ][safepoint     ] Entering safepoint region: Cleanup
[2023-11-15T23:37:02.876+0000][12790.638s][info ][safepoint     ] Leaving safepoint region
[2023-11-15T23:37:02.877+0000][12790.638s][info ][safepoint     ] Total time for which application threads were stopped: 0.0003250 seconds, Stopping threads took: 0.0000476 seconds
[2023-11-15T23:37:35.880+0000][12823.641s][debug][safepoint     ] Safepoint synchronization initiated. (162 threads)
[2023-11-15T23:37:35.880+0000][12823.641s][info ][safepoint     ] Application time: 33.0031045 seconds
[2023-11-15T23:37:35.880+0000][12823.641s][info ][safepoint     ] Entering safepoint region: Cleanup
[2023-11-15T23:37:35.880+0000][12823.642s][info ][safepoint     ] Leaving safepoint region
[2023-11-15T23:37:35.880+0000][12823.642s][info ][safepoint     ] Total time for which application threads were stopped: 0.0003263 seconds, Stopping threads took: 0.0000474 seconds
[2023-11-15T23:37:47.881+0000][12835.643s][debug][safepoint     ] Safepoint synchronization initiated. (162 threads)
[2023-11-15T23:37:47.881+0000][12835.643s][info ][safepoint     ] Application time: 12.0011391 seconds
[2023-11-15T23:37:47.881+0000][12835.643s][info ][safepoint     ] Entering safepoint region: Cleanup
[2023-11-15T23:37:47.881+0000][12835.643s][info ][safepoint     ] Leaving safepoint region
[2023-11-15T23:37:47.881+0000][12835.643s][info ][safepoint     ] Total time for which application threads were stopped: 0.0003289 seconds, Stopping threads took: 0.0000489 seconds
[2023-11-15T23:38:03.883+0000][12851.645s][debug][safepoint     ] Safepoint synchronization initiated. (162 threads)
[2023-11-15T23:38:03.883+0000][12851.645s][info ][safepoint     ] Application time: 16.0014605 seconds
[2023-11-15T23:38:03.883+0000][12851.645s][info ][safepoint     ] Entering safepoint region: Cleanup
[2023-11-15T23:38:03.883+0000][12851.645s][info ][safepoint     ] Leaving safepoint region
[2023-11-15T23:38:03.883+0000][12851.645s][info ][safepoint     ] Total time for which application threads were stopped: 0.0003510 seconds, Stopping threads took: 0.0000467 seconds
[2023-11-15T23:39:54.893+0000][12962.655s][debug][safepoint     ] Safepoint synchronization initiated. (162 threads)
[2023-11-15T23:39:54.894+0000][12962.655s][info ][safepoint     ] Application time: 111.0101589 seconds
[2023-11-15T23:39:54.894+0000][12962.655s][info ][safepoint     ] Entering safepoint region: Cleanup
[2023-11-15T23:39:54.894+0000][12962.655s][info ][safepoint     ] Leaving safepoint region
[2023-11-15T23:39:54.894+0000][12962.656s][info ][safepoint     ] Total time for which application threads were stopped: 0.0003290 seconds, Stopping threads took: 0.0000473 seconds
[2023-11-15T23:41:01.900+0000][13029.662s][debug][safepoint     ] Safepoint synchronization initiated. (162 threads)
[2023-11-15T23:41:01.900+0000][13029.662s][info ][safepoint     ] Application time: 67.0062092 seconds
[2023-11-15T23:41:01.900+0000][13029.662s][info ][safepoint     ] Entering safepoint region: Cleanup
[2023-11-15T23:41:01.900+0000][13029.662s][info ][safepoint     ] Leaving safepoint region
[2023-11-15T23:41:01.900+0000][13029.662s][info ][safepoint     ] Total time for which application threads were stopped: 0.0003350 seconds, Stopping threads took: 0.0000464 seconds
[2023-11-15T23:41:35.904+0000][13063.665s][debug][safepoint     ] Safepoint synchronization initiated. (162 threads)
[2023-11-15T23:41:35.904+0000][13063.665s][info ][safepoint     ] Application time: 34.0030952 seconds
[2023-11-15T23:41:35.904+0000][13063.665s][info ][safepoint     ] Entering safepoint region: Cleanup
[2023-11-15T23:41:35.904+0000][13063.666s][info ][safepoint     ] Leaving safepoint region
[2023-11-15T23:41:35.904+0000][13063.666s][info ][safepoint     ] Total time for which application threads were stopped: 0.0003789 seconds, Stopping threads took: 0.0000490 seconds
[2023-11-15T23:42:35.909+0000][13123.671s][debug][safepoint     ] Safepoint synchronization initiated. (162 threads)
[2023-11-15T23:42:35.909+0000][13123.671s][info ][safepoint     ] Application time: 60.0051455 seconds
[2023-11-15T23:42:35.909+0000][13123.671s][info ][safepoint     ] Entering safepoint region: Cleanup
[2023-11-15T23:42:35.909+0000][13123.671s][info ][safepoint     ] Leaving safepoint region
[2023-11-15T23:42:35.909+0000][13123.671s][info ][safepoint     ] Total time for which application threads were stopped: 0.0002527 seconds, Stopping threads took: 0.0000488 seconds
[2023-11-15T23:42:47.911+0000][13135.672s][debug][safepoint     ] Safepoint synchronization initiated. (162 threads)
[2023-11-15T23:42:47.911+0000][13135.672s][info ][safepoint     ] Application time: 12.0012304 seconds
[2023-11-15T23:42:47.911+0000][13135.672s][info ][safepoint     ] Entering safepoint region: Cleanup
[2023-11-15T23:42:47.911+0000][13135.673s][info ][safepoint     ] Leaving safepoint region
[2023-11-15T23:42:47.911+0000][13135.673s][info ][safepoint     ] Total time for which application threads were stopped: 0.0003341 seconds, Stopping threads took: 0.0000486 seconds
[2023-11-15T23:43:42.916+0000][13190.678s][debug][safepoint     ] Safepoint synchronization initiated. (162 threads)
[2023-11-15T23:43:42.916+0000][13190.678s][info ][safepoint     ] Application time: 55.0051250 seconds
[2023-11-15T23:43:42.916+0000][13190.678s][info ][safepoint     ] Entering safepoint region: Cleanup
[2023-11-15T23:43:42.916+0000][13190.678s][info ][safepoint     ] Leaving safepoint region
[2023-11-15T23:43:42.916+0000][13190.678s][info ][safepoint     ] Total time for which application threads were stopped: 0.0003314 seconds, Stopping threads took: 0.0000479 seconds
[2023-11-15T23:44:25.140+0000][13232.902s][debug][safepoint     ] Safepoint synchronization initiated. (162 threads)
[2023-11-15T23:44:25.140+0000][13232.902s][info ][safepoint     ] Application time: 42.2234797 seconds
[2023-11-15T23:44:25.140+0000][13232.902s][info ][safepoint     ] Entering safepoint region: G1CollectForAllocation
[2023-11-15T23:44:25.140+0000][13232.902s][info ][gc,start      ] GC(65) Pause Young (Normal) (G1 Evacuation Pause)
[2023-11-15T23:44:25.140+0000][13232.902s][info ][gc,task       ] GC(65) Using 4 workers of 4 for evacuation
[2023-11-15T23:44:25.148+0000][13232.909s][info ][gc,phases     ] GC(65)   Pre Evacuate Collection Set: 0.0ms
[2023-11-15T23:44:25.148+0000][13232.909s][info ][gc,phases     ] GC(65)   Evacuate Collection Set: 2.1ms
[2023-11-15T23:44:25.148+0000][13232.909s][info ][gc,phases     ] GC(65)   Post Evacuate Collection Set: 5.0ms
[2023-11-15T23:44:25.148+0000][13232.910s][info ][gc,phases     ] GC(65)   Other: 0.4ms
[2023-11-15T23:44:25.148+0000][13232.910s][info ][gc,heap       ] GC(65) Eden regions: 475->0(475)
[2023-11-15T23:44:25.148+0000][13232.910s][info ][gc,heap       ] GC(65) Survivor regions: 2->2(60)
[2023-11-15T23:44:25.148+0000][13232.910s][info ][gc,heap       ] GC(65) Old regions: 148->148
[2023-11-15T23:44:25.148+0000][13232.910s][info ][gc,heap       ] GC(65) Humongous regions: 0->0
[2023-11-15T23:44:25.148+0000][13232.910s][info ][gc,metaspace  ] GC(65) Metaspace: 153902K(158908K)->153902K(158908K) NonClass: 136133K(139112K)->136133K(139112K) Class: 17769K(19796K)->17769K(19796K)
[2023-11-15T23:44:25.148+0000][13232.910s][info ][gc            ] GC(65) Pause Young (Normal) (G1 Evacuation Pause) 622M->147M(795M) 7.697ms
[2023-11-15T23:44:25.148+0000][13232.910s][info ][gc,cpu        ] GC(65) User=0.03s Sys=0.00s Real=0.01s
[2023-11-15T23:44:25.148+0000][13232.910s][info ][safepoint     ] Leaving safepoint region
[2023-11-15T23:44:25.148+0000][13232.910s][info ][safepoint     ] Total time for which application threads were stopped: 0.0080992 seconds, Stopping threads took: 0.0000697 seconds
[2023-11-15T23:44:25.148+0000][13232.910s][info ][gc,stringdedup] Concurrent String Deduplication (13232.910s)
[2023-11-15T23:44:25.148+0000][13232.910s][info ][gc,stringdedup] Concurrent String Deduplication 0.0B->0.0B(0.0B) avg 54.3% (13232.910s, 13232.910s) 0.071ms
[2023-11-15T23:44:26.148+0000][13233.910s][debug][safepoint     ] Safepoint synchronization initiated. (162 threads)
[2023-11-15T23:44:26.148+0000][13233.910s][info ][safepoint     ] Application time: 1.0001743 seconds
[2023-11-15T23:44:26.148+0000][13233.910s][info ][safepoint     ] Entering safepoint region: Cleanup
[2023-11-15T23:44:26.149+0000][13233.910s][info ][safepoint     ] Leaving safepoint region
[2023-11-15T23:44:26.149+0000][13233.910s][info ][safepoint     ] Total time for which application threads were stopped: 0.0003335 seconds, Stopping threads took: 0.0000483 seconds
[2023-11-15T23:47:14.164+0000][13401.926s][debug][safepoint     ] Safepoint synchronization initiated. (162 threads)
[2023-11-15T23:47:14.164+0000][13401.926s][info ][safepoint     ] Application time: 168.0155822 seconds
[2023-11-15T23:47:14.164+0000][13401.926s][info ][safepoint     ] Entering safepoint region: Cleanup
[2023-11-15T23:47:14.164+0000][13401.926s][info ][safepoint     ] Leaving safepoint region
[2023-11-15T23:47:14.165+0000][13401.926s][info ][safepoint     ] Total time for which application threads were stopped: 0.0002475 seconds, Stopping threads took: 0.0000476 seconds
[2023-11-15T23:48:27.171+0000][13474.933s][debug][safepoint     ] Safepoint synchronization initiated. (162 threads)
[2023-11-15T23:48:27.171+0000][13474.933s][info ][safepoint     ] Application time: 73.0069601 seconds
[2023-11-15T23:48:27.172+0000][13474.933s][info ][safepoint     ] Entering safepoint region: Cleanup
[2023-11-15T23:48:27.172+0000][13474.933s][info ][safepoint     ] Leaving safepoint region
[2023-11-15T23:48:27.172+0000][13474.933s][info ][safepoint     ] Total time for which application threads were stopped: 0.0003405 seconds, Stopping threads took: 0.0000483 seconds
[2023-11-15T23:50:36.184+0000][13603.945s][debug][safepoint     ] Safepoint synchronization initiated. (162 threads)
[2023-11-15T23:50:36.184+0000][13603.945s][info ][safepoint     ] Application time: 129.0117208 seconds
[2023-11-15T23:50:36.184+0000][13603.945s][info ][safepoint     ] Entering safepoint region: Cleanup
[2023-11-15T23:50:36.184+0000][13603.946s][info ][safepoint     ] Leaving safepoint region
[2023-11-15T23:50:36.184+0000][13603.946s][info ][safepoint     ] Total time for which application threads were stopped: 0.0002787 seconds, Stopping threads took: 0.0000733 seconds
[2023-11-15T23:52:15.193+0000][13702.954s][debug][safepoint     ] Safepoint synchronization initiated. (162 threads)
[2023-11-15T23:52:15.193+0000][13702.954s][info ][safepoint     ] Application time: 99.0087401 seconds
[2023-11-15T23:52:15.193+0000][13702.954s][info ][safepoint     ] Entering safepoint region: Cleanup
[2023-11-15T23:52:15.193+0000][13702.955s][info ][safepoint     ] Leaving safepoint region
[2023-11-15T23:52:15.193+0000][13702.955s][info ][safepoint     ] Total time for which application threads were stopped: 0.0003380 seconds, Stopping threads took: 0.0000499 seconds
[2023-11-15T23:52:55.018+0000][13742.780s][debug][safepoint     ] Safepoint synchronization initiated. (162 threads)
[2023-11-15T23:52:55.018+0000][13742.780s][info ][safepoint     ] Application time: 39.8250126 seconds
[2023-11-15T23:52:55.018+0000][13742.780s][info ][safepoint     ] Entering safepoint region: G1CollectForAllocation
[2023-11-15T23:52:55.018+0000][13742.780s][info ][gc,start      ] GC(66) Pause Young (Normal) (G1 Evacuation Pause)
[2023-11-15T23:52:55.018+0000][13742.780s][info ][gc,task       ] GC(66) Using 4 workers of 4 for evacuation
[2023-11-15T23:52:55.023+0000][13742.785s][info ][gc,phases     ] GC(66)   Pre Evacuate Collection Set: 0.0ms
[2023-11-15T23:52:55.023+0000][13742.785s][info ][gc,phases     ] GC(66)   Evacuate Collection Set: 1.7ms
[2023-11-15T23:52:55.024+0000][13742.785s][info ][gc,phases     ] GC(66)   Post Evacuate Collection Set: 3.3ms
[2023-11-15T23:52:55.024+0000][13742.785s][info ][gc,phases     ] GC(66)   Other: 0.2ms
[2023-11-15T23:52:55.024+0000][13742.785s][info ][gc,heap       ] GC(66) Eden regions: 475->0(476)
[2023-11-15T23:52:55.024+0000][13742.785s][info ][gc,heap       ] GC(66) Survivor regions: 2->1(60)
[2023-11-15T23:52:55.024+0000][13742.785s][info ][gc,heap       ] GC(66) Old regions: 148->148
[2023-11-15T23:52:55.024+0000][13742.785s][info ][gc,heap       ] GC(66) Humongous regions: 0->0
[2023-11-15T23:52:55.024+0000][13742.785s][info ][gc,metaspace  ] GC(66) Metaspace: 153905K(158908K)->153905K(158908K) NonClass: 136136K(139112K)->136136K(139112K) Class: 17769K(19796K)->17769K(19796K)
[2023-11-15T23:52:55.024+0000][13742.785s][info ][gc            ] GC(66) Pause Young (Normal) (G1 Evacuation Pause) 622M->147M(795M) 5.341ms
[2023-11-15T23:52:55.024+0000][13742.785s][info ][gc,cpu        ] GC(66) User=0.01s Sys=0.00s Real=0.01s
[2023-11-15T23:52:55.024+0000][13742.785s][info ][safepoint     ] Leaving safepoint region
[2023-11-15T23:52:55.024+0000][13742.785s][info ][safepoint     ] Total time for which application threads were stopped: 0.0056203 seconds, Stopping threads took: 0.0000356 seconds
[2023-11-15T23:52:55.024+0000][13742.785s][info ][gc,stringdedup] Concurrent String Deduplication (13742.785s)
[2023-11-15T23:52:55.024+0000][13742.786s][info ][gc,stringdedup] Concurrent String Deduplication 33384.0B->48.0B(33336.0B) avg 54.4% (13742.785s, 13742.786s) 0.200ms
[2023-11-15T23:53:33.027+0000][13780.788s][debug][safepoint     ] Safepoint synchronization initiated. (162 threads)
[2023-11-15T23:53:33.027+0000][13780.788s][info ][safepoint     ] Application time: 38.0029306 seconds
[2023-11-15T23:53:33.027+0000][13780.788s][info ][safepoint     ] Entering safepoint region: Cleanup
[2023-11-15T23:53:33.027+0000][13780.789s][info ][safepoint     ] Leaving safepoint region
[2023-11-15T23:53:33.027+0000][13780.789s][info ][safepoint     ] Total time for which application threads were stopped: 0.0002803 seconds, Stopping threads took: 0.0000360 seconds
[2023-11-15T23:53:36.027+0000][13783.789s][debug][safepoint     ] Safepoint synchronization initiated. (162 threads)
[2023-11-15T23:53:36.027+0000][13783.789s][info ][safepoint     ] Application time: 3.0002511 seconds
[2023-11-15T23:53:36.027+0000][13783.789s][info ][safepoint     ] Entering safepoint region: Cleanup
[2023-11-15T23:53:36.027+0000][13783.789s][info ][safepoint     ] Leaving safepoint region
[2023-11-15T23:53:36.027+0000][13783.789s][info ][safepoint     ] Total time for which application threads were stopped: 0.0001938 seconds, Stopping threads took: 0.0000388 seconds
[2023-11-15T23:54:19.031+0000][13826.793s][debug][safepoint     ] Safepoint synchronization initiated. (162 threads)
[2023-11-15T23:54:19.031+0000][13826.793s][info ][safepoint     ] Application time: 43.0035750 seconds
[2023-11-15T23:54:19.031+0000][13826.793s][info ][safepoint     ] Entering safepoint region: Cleanup
[2023-11-15T23:54:19.031+0000][13826.793s][info ][safepoint     ] Leaving safepoint region
[2023-11-15T23:54:19.031+0000][13826.793s][info ][safepoint     ] Total time for which application threads were stopped: 0.0002104 seconds, Stopping threads took: 0.0000411 seconds
[2023-11-15T23:55:36.038+0000][13903.799s][debug][safepoint     ] Safepoint synchronization initiated. (162 threads)
[2023-11-15T23:55:36.038+0000][13903.799s][info ][safepoint     ] Application time: 77.0064123 seconds
[2023-11-15T23:55:36.038+0000][13903.799s][info ][safepoint     ] Entering safepoint region: Cleanup
[2023-11-15T23:55:36.038+0000][13903.799s][info ][safepoint     ] Leaving safepoint region
[2023-11-15T23:55:36.038+0000][13903.799s][info ][safepoint     ] Total time for which application threads were stopped: 0.0001649 seconds, Stopping threads took: 0.0000373 seconds
[2023-11-15T23:55:45.039+0000][13912.800s][debug][safepoint     ] Safepoint synchronization initiated. (162 threads)
[2023-11-15T23:55:45.039+0000][13912.800s][info ][safepoint     ] Application time: 9.0009627 seconds
[2023-11-15T23:55:45.039+0000][13912.800s][info ][safepoint     ] Entering safepoint region: Cleanup
[2023-11-15T23:55:45.039+0000][13912.801s][info ][safepoint     ] Leaving safepoint region
[2023-11-15T23:55:45.039+0000][13912.801s][info ][safepoint     ] Total time for which application threads were stopped: 0.0002452 seconds, Stopping threads took: 0.0000377 seconds
[2023-11-15T23:56:36.044+0000][13963.805s][debug][safepoint     ] Safepoint synchronization initiated. (162 threads)
[2023-11-15T23:56:36.044+0000][13963.805s][info ][safepoint     ] Application time: 51.0045745 seconds
[2023-11-15T23:56:36.044+0000][13963.805s][info ][safepoint     ] Entering safepoint region: Cleanup
[2023-11-15T23:56:36.044+0000][13963.805s][info ][safepoint     ] Leaving safepoint region
[2023-11-15T23:56:36.044+0000][13963.805s][info ][safepoint     ] Total time for which application threads were stopped: 0.0001617 seconds, Stopping threads took: 0.0000314 seconds
[2023-11-15T23:57:12.047+0000][13999.809s][debug][safepoint     ] Safepoint synchronization initiated. (162 threads)
[2023-11-15T23:57:12.047+0000][13999.809s][info ][safepoint     ] Application time: 36.0034240 seconds
[2023-11-15T23:57:12.047+0000][13999.809s][info ][safepoint     ] Entering safepoint region: Cleanup
[2023-11-15T23:57:12.047+0000][13999.809s][info ][safepoint     ] Leaving safepoint region
[2023-11-15T23:57:12.047+0000][13999.809s][info ][safepoint     ] Total time for which application threads were stopped: 0.0001785 seconds, Stopping threads took: 0.0000324 seconds
[2023-11-15T23:57:15.048+0000][14002.809s][debug][safepoint     ] Safepoint synchronization initiated. (162 threads)
[2023-11-15T23:57:15.048+0000][14002.809s][info ][safepoint     ] Application time: 3.0003449 seconds
[2023-11-15T23:57:15.048+0000][14002.809s][debug][safepoint     ] ... found polling page return exception at pc = 0x00007f69304c1ae8, stub =0x00007f692883a800
[2023-11-15T23:57:15.048+0000][14002.809s][debug][safepoint     ] Waiting for 1 thread(s) to block
[2023-11-15T23:57:15.048+0000][14002.810s][info ][safepoint     ] Entering safepoint region: Cleanup
[2023-11-15T23:57:15.048+0000][14002.810s][info ][safepoint     ] Leaving safepoint region
[2023-11-15T23:57:15.048+0000][14002.810s][info ][safepoint     ] Total time for which application threads were stopped: 0.0002790 seconds, Stopping threads took: 0.0001362 seconds
[2023-11-15T23:57:16.048+0000][14003.810s][debug][safepoint     ] Safepoint synchronization initiated. (162 threads)
[2023-11-15T23:57:16.048+0000][14003.810s][info ][safepoint     ] Application time: 1.0001550 seconds
[2023-11-15T23:57:16.048+0000][14003.810s][info ][safepoint     ] Entering safepoint region: Cleanup
[2023-11-15T23:57:16.049+0000][14003.810s][info ][safepoint     ] Leaving safepoint region
[2023-11-15T23:57:16.049+0000][14003.810s][info ][safepoint     ] Total time for which application threads were stopped: 0.0003326 seconds, Stopping threads took: 0.0000317 seconds
[2023-11-15T23:58:24.055+0000][14071.817s][debug][safepoint     ] Safepoint synchronization initiated. (162 threads)
[2023-11-15T23:58:24.055+0000][14071.817s][info ][safepoint     ] Application time: 68.0065250 seconds
[2023-11-15T23:58:24.055+0000][14071.817s][info ][safepoint     ] Entering safepoint region: Cleanup
[2023-11-15T23:58:24.055+0000][14071.817s][info ][safepoint     ] Leaving safepoint region
[2023-11-15T23:58:24.055+0000][14071.817s][info ][safepoint     ] Total time for which application threads were stopped: 0.0002932 seconds, Stopping threads took: 0.0000382 seconds
[2023-11-15T23:58:38.057+0000][14085.818s][debug][safepoint     ] Safepoint synchronization initiated. (162 threads)
[2023-11-15T23:58:38.057+0000][14085.818s][info ][safepoint     ] Application time: 14.0012383 seconds
[2023-11-15T23:58:38.057+0000][14085.818s][info ][safepoint     ] Entering safepoint region: Cleanup
[2023-11-15T23:58:38.057+0000][14085.819s][info ][safepoint     ] Leaving safepoint region
[2023-11-15T23:58:38.057+0000][14085.819s][info ][safepoint     ] Total time for which application threads were stopped: 0.0003327 seconds, Stopping threads took: 0.0000494 seconds
[2023-11-15T23:58:47.058+0000][14094.820s][debug][safepoint     ] Safepoint synchronization initiated. (162 threads)
[2023-11-15T23:58:47.058+0000][14094.820s][info ][safepoint     ] Application time: 9.0010175 seconds
[2023-11-15T23:58:47.058+0000][14094.820s][info ][safepoint     ] Entering safepoint region: Cleanup
[2023-11-15T23:58:47.058+0000][14094.820s][info ][safepoint     ] Leaving safepoint region
[2023-11-15T23:58:47.058+0000][14094.820s][info ][safepoint     ] Total time for which application threads were stopped: 0.0001620 seconds, Stopping threads took: 0.0000328 seconds
[2023-11-15T23:59:53.064+0000][14160.826s][debug][safepoint     ] Safepoint synchronization initiated. (163 threads)
[2023-11-15T23:59:53.064+0000][14160.826s][info ][safepoint     ] Application time: 66.0060964 seconds
[2023-11-15T23:59:53.064+0000][14160.826s][info ][safepoint     ] Entering safepoint region: Cleanup
[2023-11-15T23:59:53.065+0000][14160.826s][info ][safepoint     ] Leaving safepoint region
[2023-11-15T23:59:53.065+0000][14160.826s][info ][safepoint     ] Total time for which application threads were stopped: 0.0003370 seconds, Stopping threads took: 0.0000487 seconds
[2023-11-16T00:00:24.068+0000][14191.829s][debug][safepoint     ] Safepoint synchronization initiated. (163 threads)
[2023-11-16T00:00:24.068+0000][14191.829s][info ][safepoint     ] Application time: 31.0028672 seconds
[2023-11-16T00:00:24.068+0000][14191.829s][info ][safepoint     ] Entering safepoint region: Cleanup
[2023-11-16T00:00:24.068+0000][14191.830s][info ][safepoint     ] Leaving safepoint region
[2023-11-16T00:00:24.068+0000][14191.830s][info ][safepoint     ] Total time for which application threads were stopped: 0.0003426 seconds, Stopping threads took: 0.0000483 seconds
[2023-11-16T00:00:36.069+0000][14203.831s][debug][safepoint     ] Safepoint synchronization initiated. (163 threads)
[2023-11-16T00:00:36.069+0000][14203.831s][info ][safepoint     ] Application time: 12.0011555 seconds
[2023-11-16T00:00:36.069+0000][14203.831s][info ][safepoint     ] Entering safepoint region: Cleanup
[2023-11-16T00:00:36.069+0000][14203.831s][info ][safepoint     ] Leaving safepoint region
[2023-11-16T00:00:36.069+0000][14203.831s][info ][safepoint     ] Total time for which application threads were stopped: 0.0002808 seconds, Stopping threads took: 0.0000493 seconds
[2023-11-16T00:01:21.981+0000][14249.743s][debug][safepoint     ] Safepoint synchronization initiated. (163 threads)
[2023-11-16T00:01:21.981+0000][14249.743s][info ][safepoint     ] Application time: 45.9118754 seconds
[2023-11-16T00:01:21.981+0000][14249.743s][info ][safepoint     ] Entering safepoint region: G1CollectForAllocation
[2023-11-16T00:01:21.982+0000][14249.743s][info ][gc,start      ] GC(67) Pause Young (Normal) (G1 Evacuation Pause)
[2023-11-16T00:01:21.982+0000][14249.743s][info ][gc,task       ] GC(67) Using 4 workers of 4 for evacuation
[2023-11-16T00:01:21.990+0000][14249.752s][info ][gc,phases     ] GC(67)   Pre Evacuate Collection Set: 0.0ms
[2023-11-16T00:01:21.990+0000][14249.752s][info ][gc,phases     ] GC(67)   Evacuate Collection Set: 2.5ms
[2023-11-16T00:01:21.990+0000][14249.752s][info ][gc,phases     ] GC(67)   Post Evacuate Collection Set: 5.3ms
[2023-11-16T00:01:21.990+0000][14249.752s][info ][gc,phases     ] GC(67)   Other: 0.4ms
[2023-11-16T00:01:21.990+0000][14249.752s][info ][gc,heap       ] GC(67) Eden regions: 476->0(475)
[2023-11-16T00:01:21.990+0000][14249.752s][info ][gc,heap       ] GC(67) Survivor regions: 1->2(60)
[2023-11-16T00:01:21.990+0000][14249.752s][info ][gc,heap       ] GC(67) Old regions: 148->148
[2023-11-16T00:01:21.990+0000][14249.752s][info ][gc,heap       ] GC(67) Humongous regions: 0->0
[2023-11-16T00:01:21.990+0000][14249.752s][info ][gc,metaspace  ] GC(67) Metaspace: 153936K(159164K)->153936K(159164K) NonClass: 136166K(139368K)->136166K(139368K) Class: 17770K(19796K)->17770K(19796K)
[2023-11-16T00:01:21.990+0000][14249.752s][info ][gc            ] GC(67) Pause Young (Normal) (G1 Evacuation Pause) 623M->147M(795M) 8.489ms
[2023-11-16T00:01:21.990+0000][14249.752s][info ][gc,cpu        ] GC(67) User=0.02s Sys=0.00s Real=0.01s
[2023-11-16T00:01:21.990+0000][14249.752s][info ][safepoint     ] Leaving safepoint region
[2023-11-16T00:01:21.990+0000][14249.752s][info ][safepoint     ] Total time for which application threads were stopped: 0.0089406 seconds, Stopping threads took: 0.0000479 seconds
[2023-11-16T00:01:21.990+0000][14249.752s][info ][gc,stringdedup] Concurrent String Deduplication (14249.752s)
[2023-11-16T00:01:21.990+0000][14249.752s][info ][gc,stringdedup] Concurrent String Deduplication 488.0B->368.0B(120.0B) avg 54.4% (14249.752s, 14249.752s) 0.074ms
[2023-11-16T00:01:30.991+0000][14258.753s][debug][safepoint     ] Safepoint synchronization initiated. (164 threads)
[2023-11-16T00:01:30.991+0000][14258.753s][info ][safepoint     ] Application time: 9.0009488 seconds
[2023-11-16T00:01:30.991+0000][14258.753s][info ][safepoint     ] Entering safepoint region: Cleanup
[2023-11-16T00:01:30.992+0000][14258.753s][info ][safepoint     ] Leaving safepoint region
[2023-11-16T00:01:30.992+0000][14258.753s][info ][safepoint     ] Total time for which application threads were stopped: 0.0003055 seconds, Stopping threads took: 0.0000479 seconds
[2023-11-16T00:01:31.992+0000][14259.753s][debug][safepoint     ] Safepoint synchronization initiated. (162 threads)
[2023-11-16T00:01:31.992+0000][14259.753s][info ][safepoint     ] Application time: 1.0002230 seconds
[2023-11-16T00:01:31.992+0000][14259.753s][info ][safepoint     ] Entering safepoint region: Cleanup
[2023-11-16T00:01:31.992+0000][14259.754s][info ][safepoint     ] Leaving safepoint region
[2023-11-16T00:01:31.992+0000][14259.754s][info ][safepoint     ] Total time for which application threads were stopped: 0.0002787 seconds, Stopping threads took: 0.0000464 seconds
[2023-11-16T00:01:32.992+0000][14260.754s][debug][safepoint     ] Safepoint synchronization initiated. (162 threads)
[2023-11-16T00:01:32.992+0000][14260.754s][info ][safepoint     ] Application time: 1.0001551 seconds
[2023-11-16T00:01:32.992+0000][14260.754s][info ][safepoint     ] Entering safepoint region: Cleanup
[2023-11-16T00:01:32.993+0000][14260.754s][info ][safepoint     ] Leaving safepoint region
[2023-11-16T00:01:32.993+0000][14260.754s][info ][safepoint     ] Total time for which application threads were stopped: 0.0003529 seconds, Stopping threads took: 0.0000472 seconds
[2023-11-16T00:01:33.993+0000][14261.754s][debug][safepoint     ] Safepoint synchronization initiated. (162 threads)
[2023-11-16T00:01:33.993+0000][14261.754s][info ][safepoint     ] Application time: 1.0001583 seconds
[2023-11-16T00:01:33.993+0000][14261.755s][info ][safepoint     ] Entering safepoint region: Cleanup
[2023-11-16T00:01:33.993+0000][14261.755s][info ][safepoint     ] Leaving safepoint region
[2023-11-16T00:01:33.993+0000][14261.755s][info ][safepoint     ] Total time for which application threads were stopped: 0.0003246 seconds, Stopping threads took: 0.0000477 seconds
[2023-11-16T00:01:34.993+0000][14262.755s][debug][safepoint     ] Safepoint synchronization initiated. (164 threads)
[2023-11-16T00:01:34.993+0000][14262.755s][info ][safepoint     ] Application time: 1.0001680 seconds
[2023-11-16T00:01:34.993+0000][14262.755s][info ][safepoint     ] Entering safepoint region: Cleanup
[2023-11-16T00:01:34.994+0000][14262.755s][info ][safepoint     ] Leaving safepoint region
[2023-11-16T00:01:34.994+0000][14262.755s][info ][safepoint     ] Total time for which application threads were stopped: 0.0003246 seconds, Stopping threads took: 0.0000478 seconds
[2023-11-16T00:01:35.994+0000][14263.755s][debug][safepoint     ] Safepoint synchronization initiated. (163 threads)
[2023-11-16T00:01:35.994+0000][14263.756s][info ][safepoint     ] Application time: 1.0001655 seconds
[2023-11-16T00:01:35.994+0000][14263.756s][info ][safepoint     ] Entering safepoint region: Cleanup
[2023-11-16T00:01:35.994+0000][14263.756s][info ][safepoint     ] Leaving safepoint region
[2023-11-16T00:01:35.994+0000][14263.756s][info ][safepoint     ] Total time for which application threads were stopped: 0.0003129 seconds, Stopping threads took: 0.0000477 seconds
[2023-11-16T00:02:27.999+0000][14315.761s][debug][safepoint     ] Safepoint synchronization initiated. (161 threads)
[2023-11-16T00:02:27.999+0000][14315.761s][info ][safepoint     ] Application time: 52.0047311 seconds
[2023-11-16T00:02:27.999+0000][14315.761s][info ][safepoint     ] Entering safepoint region: Cleanup
[2023-11-16T00:02:27.999+0000][14315.761s][info ][safepoint     ] Leaving safepoint region
[2023-11-16T00:02:27.999+0000][14315.761s][info ][safepoint     ] Total time for which application threads were stopped: 0.0002340 seconds, Stopping threads took: 0.0000489 seconds
[2023-11-16T00:02:36.000+0000][14323.762s][debug][safepoint     ] Safepoint synchronization initiated. (161 threads)
[2023-11-16T00:02:36.000+0000][14323.762s][info ][safepoint     ] Application time: 8.0007781 seconds
[2023-11-16T00:02:36.000+0000][14323.762s][info ][safepoint     ] Entering safepoint region: Cleanup
[2023-11-16T00:02:36.000+0000][14323.762s][info ][safepoint     ] Leaving safepoint region
[2023-11-16T00:02:36.000+0000][14323.762s][info ][safepoint     ] Total time for which application threads were stopped: 0.0003294 seconds, Stopping threads took: 0.0000483 seconds
[2023-11-16T00:02:47.001+0000][14334.763s][debug][safepoint     ] Safepoint synchronization initiated. (161 threads)
[2023-11-16T00:02:47.001+0000][14334.763s][info ][safepoint     ] Application time: 11.0009096 seconds
[2023-11-16T00:02:47.001+0000][14334.763s][info ][safepoint     ] Entering safepoint region: Cleanup
[2023-11-16T00:02:47.002+0000][14334.763s][info ][safepoint     ] Leaving safepoint region
[2023-11-16T00:02:47.002+0000][14334.763s][info ][safepoint     ] Total time for which application threads were stopped: 0.0002740 seconds, Stopping threads took: 0.0000580 seconds
[2023-11-16T00:02:57.002+0000][14344.764s][debug][safepoint     ] Safepoint synchronization initiated. (162 threads)
[2023-11-16T00:02:57.002+0000][14344.764s][info ][safepoint     ] Application time: 10.0007959 seconds
[2023-11-16T00:02:57.002+0000][14344.764s][info ][safepoint     ] Entering safepoint region: Cleanup
[2023-11-16T00:02:57.003+0000][14344.764s][info ][safepoint     ] Leaving safepoint region
[2023-11-16T00:02:57.003+0000][14344.764s][info ][safepoint     ] Total time for which application threads were stopped: 0.0003600 seconds, Stopping threads took: 0.0000722 seconds
[2023-11-16T00:02:58.003+0000][14345.765s][debug][safepoint     ] Safepoint synchronization initiated. (162 threads)
[2023-11-16T00:02:58.003+0000][14345.765s][info ][safepoint     ] Application time: 1.0001388 seconds
[2023-11-16T00:02:58.003+0000][14345.765s][info ][safepoint     ] Entering safepoint region: Cleanup
[2023-11-16T00:02:58.003+0000][14345.765s][info ][safepoint     ] Leaving safepoint region
[2023-11-16T00:02:58.003+0000][14345.765s][info ][safepoint     ] Total time for which application threads were stopped: 0.0002022 seconds, Stopping threads took: 0.0000362 seconds
[2023-11-16T00:02:59.003+0000][14346.765s][debug][safepoint     ] Safepoint synchronization initiated. (162 threads)
[2023-11-16T00:02:59.003+0000][14346.765s][info ][safepoint     ] Application time: 1.0001249 seconds
[2023-11-16T00:02:59.003+0000][14346.765s][info ][safepoint     ] Entering safepoint region: Cleanup
[2023-11-16T00:02:59.004+0000][14346.765s][info ][safepoint     ] Leaving safepoint region
[2023-11-16T00:02:59.004+0000][14346.765s][info ][safepoint     ] Total time for which application threads were stopped: 0.0002571 seconds, Stopping threads took: 0.0000395 seconds
[2023-11-16T00:03:00.004+0000][14347.765s][debug][safepoint     ] Safepoint synchronization initiated. (162 threads)
[2023-11-16T00:03:00.004+0000][14347.765s][info ][safepoint     ] Application time: 1.0001219 seconds
[2023-11-16T00:03:00.004+0000][14347.765s][info ][safepoint     ] Entering safepoint region: Cleanup
[2023-11-16T00:03:00.004+0000][14347.765s][info ][safepoint     ] Leaving safepoint region
[2023-11-16T00:03:00.004+0000][14347.765s][info ][safepoint     ] Total time for which application threads were stopped: 0.0001776 seconds, Stopping threads took: 0.0000413 seconds
[2023-11-16T00:03:01.004+0000][14348.766s][debug][safepoint     ] Safepoint synchronization initiated. (162 threads)
[2023-11-16T00:03:01.004+0000][14348.766s][info ][safepoint     ] Application time: 1.0001336 seconds
[2023-11-16T00:03:01.004+0000][14348.766s][info ][safepoint     ] Entering safepoint region: Cleanup
[2023-11-16T00:03:01.004+0000][14348.766s][info ][safepoint     ] Leaving safepoint region
[2023-11-16T00:03:01.004+0000][14348.766s][info ][safepoint     ] Total time for which application threads were stopped: 0.0002295 seconds, Stopping threads took: 0.0000418 seconds
[2023-11-16T00:03:02.004+0000][14349.766s][debug][safepoint     ] Safepoint synchronization initiated. (162 threads)
[2023-11-16T00:03:02.004+0000][14349.766s][info ][safepoint     ] Application time: 1.0001225 seconds
[2023-11-16T00:03:02.004+0000][14349.766s][info ][safepoint     ] Entering safepoint region: Cleanup
[2023-11-16T00:03:02.005+0000][14349.766s][info ][safepoint     ] Leaving safepoint region
[2023-11-16T00:03:02.005+0000][14349.766s][info ][safepoint     ] Total time for which application threads were stopped: 0.0002129 seconds, Stopping threads took: 0.0000407 seconds
[2023-11-16T00:03:03.005+0000][14350.766s][debug][safepoint     ] Safepoint synchronization initiated. (162 threads)
[2023-11-16T00:03:03.005+0000][14350.767s][info ][safepoint     ] Application time: 1.0004802 seconds
[2023-11-16T00:03:03.005+0000][14350.767s][info ][safepoint     ] Entering safepoint region: Cleanup
[2023-11-16T00:03:03.005+0000][14350.767s][info ][safepoint     ] Leaving safepoint region
[2023-11-16T00:03:03.005+0000][14350.767s][info ][safepoint     ] Total time for which application threads were stopped: 0.0001775 seconds, Stopping threads took: 0.0000402 seconds
[2023-11-16T00:03:04.005+0000][14351.767s][debug][safepoint     ] Safepoint synchronization initiated. (162 threads)
[2023-11-16T00:03:04.005+0000][14351.767s][info ][safepoint     ] Application time: 1.0001071 seconds
[2023-11-16T00:03:04.005+0000][14351.767s][info ][safepoint     ] Entering safepoint region: Cleanup
[2023-11-16T00:03:04.006+0000][14351.767s][info ][safepoint     ] Leaving safepoint region
[2023-11-16T00:03:04.006+0000][14351.767s][info ][safepoint     ] Total time for which application threads were stopped: 0.0002306 seconds, Stopping threads took: 0.0000516 seconds
[2023-11-16T00:03:05.006+0000][14352.767s][debug][safepoint     ] Safepoint synchronization initiated. (162 threads)
[2023-11-16T00:03:05.006+0000][14352.767s][info ][safepoint     ] Application time: 1.0001188 seconds
[2023-11-16T00:03:05.006+0000][14352.767s][info ][safepoint     ] Entering safepoint region: Cleanup
[2023-11-16T00:03:05.006+0000][14352.768s][info ][safepoint     ] Leaving safepoint region
[2023-11-16T00:03:05.006+0000][14352.768s][info ][safepoint     ] Total time for which application threads were stopped: 0.0003261 seconds, Stopping threads took: 0.0000414 seconds
[2023-11-16T00:03:06.006+0000][14353.768s][debug][safepoint     ] Safepoint synchronization initiated. (162 threads)
[2023-11-16T00:03:06.006+0000][14353.768s][info ][safepoint     ] Application time: 1.0001114 seconds
[2023-11-16T00:03:06.006+0000][14353.768s][info ][safepoint     ] Entering safepoint region: Cleanup
[2023-11-16T00:03:06.006+0000][14353.768s][info ][safepoint     ] Leaving safepoint region
[2023-11-16T00:03:06.006+0000][14353.768s][info ][safepoint     ] Total time for which application threads were stopped: 0.0002260 seconds, Stopping threads took: 0.0000356 seconds
[2023-11-16T00:03:06.006+0000][14353.768s][debug][safepoint     ] ... found polling page return exception at pc = 0x00007f693102dd76, stub =0x00007f692883a800
[2023-11-16T00:03:07.007+0000][14354.768s][debug][safepoint     ] Safepoint synchronization initiated. (162 threads)
[2023-11-16T00:03:07.007+0000][14354.768s][info ][safepoint     ] Application time: 1.0001161 seconds
[2023-11-16T00:03:07.007+0000][14354.768s][info ][safepoint     ] Entering safepoint region: Cleanup
[2023-11-16T00:03:07.007+0000][14354.768s][info ][safepoint     ] Leaving safepoint region
[2023-11-16T00:03:07.007+0000][14354.768s][info ][safepoint     ] Total time for which application threads were stopped: 0.0002147 seconds, Stopping threads took: 0.0000377 seconds
[2023-11-16T00:03:08.007+0000][14355.769s][debug][safepoint     ] Safepoint synchronization initiated. (162 threads)
[2023-11-16T00:03:08.007+0000][14355.769s][info ][safepoint     ] Application time: 1.0001290 seconds
[2023-11-16T00:03:08.007+0000][14355.769s][info ][safepoint     ] Entering safepoint region: Cleanup
[2023-11-16T00:03:08.007+0000][14355.769s][info ][safepoint     ] Leaving safepoint region
[2023-11-16T00:03:08.007+0000][14355.769s][info ][safepoint     ] Total time for which application threads were stopped: 0.0003220 seconds, Stopping threads took: 0.0001773 seconds
[2023-11-16T00:03:09.007+0000][14356.769s][debug][safepoint     ] Safepoint synchronization initiated. (162 threads)
[2023-11-16T00:03:09.007+0000][14356.769s][info ][safepoint     ] Application time: 1.0001309 seconds
[2023-11-16T00:03:09.007+0000][14356.769s][info ][safepoint     ] Entering safepoint region: Cleanup
[2023-11-16T00:03:09.008+0000][14356.769s][info ][safepoint     ] Leaving safepoint region
[2023-11-16T00:03:09.008+0000][14356.769s][info ][safepoint     ] Total time for which application threads were stopped: 0.0002298 seconds, Stopping threads took: 0.0000505 seconds
[2023-11-16T00:03:10.008+0000][14357.769s][debug][safepoint     ] Safepoint synchronization initiated. (162 threads)
[2023-11-16T00:03:10.008+0000][14357.769s][info ][safepoint     ] Application time: 1.0001246 seconds
[2023-11-16T00:03:10.008+0000][14357.769s][info ][safepoint     ] Entering safepoint region: Cleanup
[2023-11-16T00:03:10.008+0000][14357.770s][info ][safepoint     ] Leaving safepoint region
[2023-11-16T00:03:10.008+0000][14357.770s][info ][safepoint     ] Total time for which application threads were stopped: 0.0001936 seconds, Stopping threads took: 0.0000437 seconds
[2023-11-16T00:03:11.008+0000][14358.770s][debug][safepoint     ] Safepoint synchronization initiated. (162 threads)
[2023-11-16T00:03:11.008+0000][14358.770s][info ][safepoint     ] Application time: 1.0001297 seconds
[2023-11-16T00:03:11.008+0000][14358.770s][info ][safepoint     ] Entering safepoint region: Cleanup
[2023-11-16T00:03:11.008+0000][14358.770s][info ][safepoint     ] Leaving safepoint region
[2023-11-16T00:03:11.008+0000][14358.770s][info ][safepoint     ] Total time for which application threads were stopped: 0.0001728 seconds, Stopping threads took: 0.0000384 seconds
[2023-11-16T00:03:12.009+0000][14359.770s][debug][safepoint     ] Safepoint synchronization initiated. (162 threads)
[2023-11-16T00:03:12.009+0000][14359.770s][info ][safepoint     ] Application time: 1.0004990 seconds
[2023-11-16T00:03:12.009+0000][14359.771s][info ][safepoint     ] Entering safepoint region: Cleanup
[2023-11-16T00:03:12.009+0000][14359.771s][info ][safepoint     ] Leaving safepoint region
[2023-11-16T00:03:12.009+0000][14359.771s][info ][safepoint     ] Total time for which application threads were stopped: 0.0002176 seconds, Stopping threads took: 0.0000382 seconds
[2023-11-16T00:03:13.009+0000][14360.771s][debug][safepoint     ] Safepoint synchronization initiated. (162 threads)
[2023-11-16T00:03:13.009+0000][14360.771s][info ][safepoint     ] Application time: 1.0001193 seconds
[2023-11-16T00:03:13.009+0000][14360.771s][info ][safepoint     ] Entering safepoint region: Cleanup
[2023-11-16T00:03:13.009+0000][14360.771s][info ][safepoint     ] Leaving safepoint region
[2023-11-16T00:03:13.010+0000][14360.771s][info ][safepoint     ] Total time for which application threads were stopped: 0.0003131 seconds, Stopping threads took: 0.0001121 seconds
[2023-11-16T00:03:14.010+0000][14361.771s][debug][safepoint     ] Safepoint synchronization initiated. (162 threads)
[2023-11-16T00:03:14.010+0000][14361.771s][info ][safepoint     ] Application time: 1.0001113 seconds
[2023-11-16T00:03:14.010+0000][14361.771s][info ][safepoint     ] Entering safepoint region: Cleanup
[2023-11-16T00:03:14.010+0000][14361.771s][info ][safepoint     ] Leaving safepoint region
[2023-11-16T00:03:14.010+0000][14361.771s][info ][safepoint     ] Total time for which application threads were stopped: 0.0002025 seconds, Stopping threads took: 0.0000376 seconds
[2023-11-16T00:03:15.010+0000][14362.772s][debug][safepoint     ] Safepoint synchronization initiated. (162 threads)
[2023-11-16T00:03:15.010+0000][14362.772s][info ][safepoint     ] Application time: 1.0001347 seconds
[2023-11-16T00:03:15.010+0000][14362.772s][info ][safepoint     ] Entering safepoint region: Cleanup
[2023-11-16T00:03:15.010+0000][14362.772s][info ][safepoint     ] Leaving safepoint region
[2023-11-16T00:03:15.010+0000][14362.772s][info ][safepoint     ] Total time for which application threads were stopped: 0.0001756 seconds, Stopping threads took: 0.0000370 seconds
[2023-11-16T00:03:16.010+0000][14363.772s][debug][safepoint     ] Safepoint synchronization initiated. (162 threads)
[2023-11-16T00:03:16.010+0000][14363.772s][info ][safepoint     ] Application time: 1.0001205 seconds
[2023-11-16T00:03:16.010+0000][14363.772s][info ][safepoint     ] Entering safepoint region: Cleanup
[2023-11-16T00:03:16.010+0000][14363.772s][info ][safepoint     ] Leaving safepoint region
[2023-11-16T00:03:16.010+0000][14363.772s][info ][safepoint     ] Total time for which application threads were stopped: 0.0001842 seconds, Stopping threads took: 0.0000382 seconds
[2023-11-16T00:03:17.011+0000][14364.772s][debug][safepoint     ] Safepoint synchronization initiated. (162 threads)
[2023-11-16T00:03:17.011+0000][14364.772s][info ][safepoint     ] Application time: 1.0001222 seconds
[2023-11-16T00:03:17.011+0000][14364.772s][info ][safepoint     ] Entering safepoint region: Cleanup
[2023-11-16T00:03:17.011+0000][14364.772s][info ][safepoint     ] Leaving safepoint region
[2023-11-16T00:03:17.011+0000][14364.772s][info ][safepoint     ] Total time for which application threads were stopped: 0.0001940 seconds, Stopping threads took: 0.0000380 seconds
[2023-11-16T00:03:18.011+0000][14365.773s][debug][safepoint     ] Safepoint synchronization initiated. (162 threads)
[2023-11-16T00:03:18.011+0000][14365.773s][info ][safepoint     ] Application time: 1.0001518 seconds
[2023-11-16T00:03:18.011+0000][14365.773s][info ][safepoint     ] Entering safepoint region: Cleanup
[2023-11-16T00:03:18.011+0000][14365.773s][info ][safepoint     ] Leaving safepoint region
[2023-11-16T00:03:18.011+0000][14365.773s][info ][safepoint     ] Total time for which application threads were stopped: 0.0002131 seconds, Stopping threads took: 0.0000397 seconds
[2023-11-16T00:03:19.011+0000][14366.773s][debug][safepoint     ] Safepoint synchronization initiated. (162 threads)
[2023-11-16T00:03:19.011+0000][14366.773s][info ][safepoint     ] Application time: 1.0001153 seconds
[2023-11-16T00:03:19.011+0000][14366.773s][info ][safepoint     ] Entering safepoint region: Cleanup
[2023-11-16T00:03:19.012+0000][14366.773s][info ][safepoint     ] Leaving safepoint region
[2023-11-16T00:03:19.012+0000][14366.773s][info ][safepoint     ] Total time for which application threads were stopped: 0.0001842 seconds, Stopping threads took: 0.0000352 seconds
[2023-11-16T00:03:20.012+0000][14367.773s][debug][safepoint     ] Safepoint synchronization initiated. (162 threads)
[2023-11-16T00:03:20.012+0000][14367.773s][info ][safepoint     ] Application time: 1.0001167 seconds
[2023-11-16T00:03:20.012+0000][14367.773s][info ][safepoint     ] Entering safepoint region: Cleanup
[2023-11-16T00:03:20.012+0000][14367.773s][info ][safepoint     ] Leaving safepoint region
[2023-11-16T00:03:20.012+0000][14367.773s][info ][safepoint     ] Total time for which application threads were stopped: 0.0001863 seconds, Stopping threads took: 0.0000372 seconds
[2023-11-16T00:03:21.012+0000][14368.774s][debug][safepoint     ] Safepoint synchronization initiated. (162 threads)
[2023-11-16T00:03:21.012+0000][14368.774s][info ][safepoint     ] Application time: 1.0001428 seconds
[2023-11-16T00:03:21.012+0000][14368.774s][info ][safepoint     ] Entering safepoint region: Cleanup
[2023-11-16T00:03:21.012+0000][14368.774s][info ][safepoint     ] Leaving safepoint region
[2023-11-16T00:03:21.012+0000][14368.774s][info ][safepoint     ] Total time for which application threads were stopped: 0.0001585 seconds, Stopping threads took: 0.0000377 seconds
[2023-11-16T00:03:22.012+0000][14369.774s][debug][safepoint     ] Safepoint synchronization initiated. (162 threads)
[2023-11-16T00:03:22.012+0000][14369.774s][info ][safepoint     ] Application time: 1.0001222 seconds
[2023-11-16T00:03:22.012+0000][14369.774s][info ][safepoint     ] Entering safepoint region: Cleanup
[2023-11-16T00:03:22.012+0000][14369.774s][info ][safepoint     ] Leaving safepoint region
[2023-11-16T00:03:22.012+0000][14369.774s][info ][safepoint     ] Total time for which application threads were stopped: 0.0001752 seconds, Stopping threads took: 0.0000378 seconds
[2023-11-16T00:03:23.013+0000][14370.774s][debug][safepoint     ] Safepoint synchronization initiated. (162 threads)
[2023-11-16T00:03:23.013+0000][14370.774s][info ][safepoint     ] Application time: 1.0001339 seconds
[2023-11-16T00:03:23.013+0000][14370.774s][info ][safepoint     ] Entering safepoint region: Cleanup
[2023-11-16T00:03:23.013+0000][14370.775s][info ][safepoint     ] Leaving safepoint region
[2023-11-16T00:03:23.013+0000][14370.775s][info ][safepoint     ] Total time for which application threads were stopped: 0.0003392 seconds, Stopping threads took: 0.0001329 seconds
[2023-11-16T00:03:24.013+0000][14371.775s][debug][safepoint     ] Safepoint synchronization initiated. (162 threads)
[2023-11-16T00:03:24.013+0000][14371.775s][info ][safepoint     ] Application time: 1.0001178 seconds
[2023-11-16T00:03:24.013+0000][14371.775s][info ][safepoint     ] Entering safepoint region: Cleanup
[2023-11-16T00:03:24.013+0000][14371.775s][info ][safepoint     ] Leaving safepoint region
[2023-11-16T00:03:24.013+0000][14371.775s][info ][safepoint     ] Total time for which application threads were stopped: 0.0001726 seconds, Stopping threads took: 0.0000355 seconds
[2023-11-16T00:03:25.013+0000][14372.775s][debug][safepoint     ] Safepoint synchronization initiated. (162 threads)
[2023-11-16T00:03:25.013+0000][14372.775s][info ][safepoint     ] Application time: 1.0001288 seconds
[2023-11-16T00:03:25.013+0000][14372.775s][info ][safepoint     ] Entering safepoint region: Cleanup
[2023-11-16T00:03:25.014+0000][14372.775s][info ][safepoint     ] Leaving safepoint region
[2023-11-16T00:03:25.014+0000][14372.775s][info ][safepoint     ] Total time for which application threads were stopped: 0.0002913 seconds, Stopping threads took: 0.0000333 seconds
[2023-11-16T00:03:26.014+0000][14373.775s][debug][safepoint     ] Safepoint synchronization initiated. (162 threads)
[2023-11-16T00:03:26.014+0000][14373.776s][info ][safepoint     ] Application time: 1.0001317 seconds
[2023-11-16T00:03:26.014+0000][14373.776s][debug][safepoint     ] ... found polling page return exception at pc = 0x00007f69307f015f, stub =0x00007f692883a800
[2023-11-16T00:03:26.014+0000][14373.776s][debug][safepoint     ] ... found polling page return exception at pc = 0x00007f69310367e9, stub =0x00007f692883a800
[2023-11-16T00:03:26.014+0000][14373.776s][debug][safepoint     ] Waiting for 2 thread(s) to block
[2023-11-16T00:03:26.014+0000][14373.776s][info ][safepoint     ] Entering safepoint region: Cleanup
[2023-11-16T00:03:26.014+0000][14373.776s][info ][safepoint     ] Leaving safepoint region
[2023-11-16T00:03:26.014+0000][14373.776s][info ][safepoint     ] Total time for which application threads were stopped: 0.0002814 seconds, Stopping threads took: 0.0001334 seconds
[2023-11-16T00:03:27.014+0000][14374.776s][debug][safepoint     ] Safepoint synchronization initiated. (162 threads)
[2023-11-16T00:03:27.014+0000][14374.776s][info ][safepoint     ] Application time: 1.0001326 seconds
[2023-11-16T00:03:27.014+0000][14374.776s][info ][safepoint     ] Entering safepoint region: Cleanup
[2023-11-16T00:03:27.014+0000][14374.776s][info ][safepoint     ] Leaving safepoint region
[2023-11-16T00:03:27.014+0000][14374.776s][info ][safepoint     ] Total time for which application threads were stopped: 0.0001615 seconds, Stopping threads took: 0.0000374 seconds
[2023-11-16T00:03:28.015+0000][14375.776s][debug][safepoint     ] Safepoint synchronization initiated. (162 threads)
[2023-11-16T00:03:28.015+0000][14375.776s][info ][safepoint     ] Application time: 1.0001074 seconds
[2023-11-16T00:03:28.015+0000][14375.776s][info ][safepoint     ] Entering safepoint region: Cleanup
[2023-11-16T00:03:28.015+0000][14375.776s][info ][safepoint     ] Leaving safepoint region
[2023-11-16T00:03:28.015+0000][14375.777s][info ][safepoint     ] Total time for which application threads were stopped: 0.0002751 seconds, Stopping threads took: 0.0000383 seconds
[2023-11-16T00:03:29.015+0000][14376.777s][debug][safepoint     ] Safepoint synchronization initiated. (162 threads)
[2023-11-16T00:03:29.015+0000][14376.777s][info ][safepoint     ] Application time: 1.0001193 seconds
[2023-11-16T00:03:29.015+0000][14376.777s][info ][safepoint     ] Entering safepoint region: Cleanup
[2023-11-16T00:03:29.015+0000][14376.777s][info ][safepoint     ] Leaving safepoint region
[2023-11-16T00:03:29.015+0000][14376.777s][info ][safepoint     ] Total time for which application threads were stopped: 0.0001871 seconds, Stopping threads took: 0.0000359 seconds
[2023-11-16T00:03:30.015+0000][14377.777s][debug][safepoint     ] Safepoint synchronization initiated. (162 threads)
[2023-11-16T00:03:30.015+0000][14377.777s][info ][safepoint     ] Application time: 1.0001148 seconds
[2023-11-16T00:03:30.015+0000][14377.777s][info ][safepoint     ] Entering safepoint region: Cleanup
[2023-11-16T00:03:30.016+0000][14377.777s][info ][safepoint     ] Leaving safepoint region
[2023-11-16T00:03:30.016+0000][14377.777s][info ][safepoint     ] Total time for which application threads were stopped: 0.0001947 seconds, Stopping threads took: 0.0000367 seconds
[2023-11-16T00:03:31.016+0000][14378.777s][debug][safepoint     ] Safepoint synchronization initiated. (162 threads)
[2023-11-16T00:03:31.016+0000][14378.777s][info ][safepoint     ] Application time: 1.0001271 seconds
[2023-11-16T00:03:31.016+0000][14378.777s][info ][safepoint     ] Entering safepoint region: Cleanup
[2023-11-16T00:03:31.016+0000][14378.777s][info ][safepoint     ] Leaving safepoint region
[2023-11-16T00:03:31.016+0000][14378.777s][info ][safepoint     ] Total time for which application threads were stopped: 0.0001834 seconds, Stopping threads took: 0.0000356 seconds
[2023-11-16T00:03:32.016+0000][14379.778s][debug][safepoint     ] Safepoint synchronization initiated. (162 threads)
[2023-11-16T00:03:32.016+0000][14379.778s][info ][safepoint     ] Application time: 1.0001294 seconds
[2023-11-16T00:03:32.016+0000][14379.778s][info ][safepoint     ] Entering safepoint region: Cleanup
[2023-11-16T00:03:32.016+0000][14379.778s][info ][safepoint     ] Leaving safepoint region
[2023-11-16T00:03:32.016+0000][14379.778s][info ][safepoint     ] Total time for which application threads were stopped: 0.0002835 seconds, Stopping threads took: 0.0000354 seconds
[2023-11-16T00:03:33.016+0000][14380.778s][debug][safepoint     ] Safepoint synchronization initiated. (162 threads)
[2023-11-16T00:03:33.016+0000][14380.778s][info ][safepoint     ] Application time: 1.0001499 seconds
[2023-11-16T00:03:33.017+0000][14380.778s][info ][safepoint     ] Entering safepoint region: Cleanup
[2023-11-16T00:03:33.017+0000][14380.778s][info ][safepoint     ] Leaving safepoint region
[2023-11-16T00:03:33.017+0000][14380.778s][info ][safepoint     ] Total time for which application threads were stopped: 0.0002064 seconds, Stopping threads took: 0.0000482 seconds
[2023-11-16T00:04:33.023+0000][14440.784s][debug][safepoint     ] Safepoint synchronization initiated. (162 threads)
[2023-11-16T00:04:33.023+0000][14440.784s][info ][safepoint     ] Application time: 60.0061376 seconds
[2023-11-16T00:04:33.023+0000][14440.785s][info ][safepoint     ] Entering safepoint region: Cleanup
[2023-11-16T00:04:33.023+0000][14440.785s][info ][safepoint     ] Leaving safepoint region
[2023-11-16T00:04:33.023+0000][14440.785s][info ][safepoint     ] Total time for which application threads were stopped: 0.0002116 seconds, Stopping threads took: 0.0000389 seconds
[2023-11-16T00:06:36.034+0000][14563.796s][debug][safepoint     ] Safepoint synchronization initiated. (162 threads)
[2023-11-16T00:06:36.034+0000][14563.796s][info ][safepoint     ] Application time: 123.0110069 seconds
[2023-11-16T00:06:36.034+0000][14563.796s][info ][safepoint     ] Entering safepoint region: Cleanup
[2023-11-16T00:06:36.034+0000][14563.796s][info ][safepoint     ] Leaving safepoint region
[2023-11-16T00:06:36.034+0000][14563.796s][info ][safepoint     ] Total time for which application threads were stopped: 0.0001837 seconds, Stopping threads took: 0.0000320 seconds
[2023-11-16T00:07:36.040+0000][14623.801s][debug][safepoint     ] Safepoint synchronization initiated. (162 threads)
[2023-11-16T00:07:36.040+0000][14623.801s][info ][safepoint     ] Application time: 60.0054402 seconds
[2023-11-16T00:07:36.040+0000][14623.801s][info ][safepoint     ] Entering safepoint region: Cleanup
[2023-11-16T00:07:36.040+0000][14623.802s][info ][safepoint     ] Leaving safepoint region
[2023-11-16T00:07:36.040+0000][14623.802s][info ][safepoint     ] Total time for which application threads were stopped: 0.0002077 seconds, Stopping threads took: 0.0000410 seconds
[2023-11-16T00:09:51.321+0000][14759.083s][debug][safepoint     ] Safepoint synchronization initiated. (162 threads)
[2023-11-16T00:09:51.322+0000][14759.083s][info ][safepoint     ] Application time: 135.2815992 seconds
[2023-11-16T00:09:51.322+0000][14759.083s][info ][safepoint     ] Entering safepoint region: G1CollectForAllocation
[2023-11-16T00:09:51.322+0000][14759.084s][info ][gc,start      ] GC(68) Pause Young (Normal) (G1 Evacuation Pause)
[2023-11-16T00:09:51.322+0000][14759.084s][info ][gc,task       ] GC(68) Using 4 workers of 4 for evacuation
[2023-11-16T00:09:51.328+0000][14759.089s][info ][gc,phases     ] GC(68)   Pre Evacuate Collection Set: 0.0ms
[2023-11-16T00:09:51.328+0000][14759.089s][info ][gc,phases     ] GC(68)   Evacuate Collection Set: 1.5ms
[2023-11-16T00:09:51.328+0000][14759.089s][info ][gc,phases     ] GC(68)   Post Evacuate Collection Set: 3.9ms
[2023-11-16T00:09:51.328+0000][14759.089s][info ][gc,phases     ] GC(68)   Other: 0.4ms
[2023-11-16T00:09:51.328+0000][14759.089s][info ][gc,heap       ] GC(68) Eden regions: 475->0(475)
[2023-11-16T00:09:51.328+0000][14759.089s][info ][gc,heap       ] GC(68) Survivor regions: 2->2(60)
[2023-11-16T00:09:51.328+0000][14759.089s][info ][gc,heap       ] GC(68) Old regions: 148->148
[2023-11-16T00:09:51.328+0000][14759.090s][info ][gc,heap       ] GC(68) Humongous regions: 0->0
[2023-11-16T00:09:51.328+0000][14759.090s][info ][gc,metaspace  ] GC(68) Metaspace: 153966K(159164K)->153966K(159164K) NonClass: 136196K(139368K)->136196K(139368K) Class: 17770K(19796K)->17770K(19796K)
[2023-11-16T00:09:51.328+0000][14759.090s][info ][gc            ] GC(68) Pause Young (Normal) (G1 Evacuation Pause) 622M->147M(795M) 6.072ms
[2023-11-16T00:09:51.328+0000][14759.090s][info ][gc,cpu        ] GC(68) User=0.02s Sys=0.00s Real=0.01s
[2023-11-16T00:09:51.328+0000][14759.090s][info ][safepoint     ] Leaving safepoint region
[2023-11-16T00:09:51.328+0000][14759.090s][info ][safepoint     ] Total time for which application threads were stopped: 0.0065055 seconds, Stopping threads took: 0.0000485 seconds
[2023-11-16T00:09:51.328+0000][14759.090s][info ][gc,stringdedup] Concurrent String Deduplication (14759.090s)
[2023-11-16T00:09:51.328+0000][14759.090s][info ][gc,stringdedup] Concurrent String Deduplication 0.0B->0.0B(0.0B) avg 54.4% (14759.090s, 14759.090s) 0.059ms
[2023-11-16T00:14:36.353+0000][15044.115s][debug][safepoint     ] Safepoint synchronization initiated. (162 threads)
[2023-11-16T00:14:36.353+0000][15044.115s][info ][safepoint     ] Application time: 285.0250473 seconds
[2023-11-16T00:14:36.353+0000][15044.115s][info ][safepoint     ] Entering safepoint region: Cleanup
[2023-11-16T00:14:36.353+0000][15044.115s][info ][safepoint     ] Leaving safepoint region
[2023-11-16T00:14:36.353+0000][15044.115s][info ][safepoint     ] Total time for which application threads were stopped: 0.0003056 seconds, Stopping threads took: 0.0000485 seconds
[2023-11-16T00:15:41.359+0000][15109.121s][debug][safepoint     ] Safepoint synchronization initiated. (162 threads)
[2023-11-16T00:15:41.359+0000][15109.121s][info ][safepoint     ] Application time: 65.0059380 seconds
[2023-11-16T00:15:41.359+0000][15109.121s][info ][safepoint     ] Entering safepoint region: Cleanup
[2023-11-16T00:15:41.360+0000][15109.121s][info ][safepoint     ] Leaving safepoint region
[2023-11-16T00:15:41.360+0000][15109.121s][info ][safepoint     ] Total time for which application threads were stopped: 0.0003597 seconds, Stopping threads took: 0.0000757 seconds
[2023-11-16T00:15:55.361+0000][15123.123s][debug][safepoint     ] Safepoint synchronization initiated. (162 threads)
[2023-11-16T00:15:55.361+0000][15123.123s][info ][safepoint     ] Application time: 14.0012838 seconds
[2023-11-16T00:15:55.361+0000][15123.123s][info ][safepoint     ] Entering safepoint region: Cleanup
[2023-11-16T00:15:55.361+0000][15123.123s][info ][safepoint     ] Leaving safepoint region
[2023-11-16T00:15:55.361+0000][15123.123s][info ][safepoint     ] Total time for which application threads were stopped: 0.0003380 seconds, Stopping threads took: 0.0000499 seconds
[2023-11-16T00:16:36.365+0000][15164.127s][debug][safepoint     ] Safepoint synchronization initiated. (162 threads)
[2023-11-16T00:16:36.365+0000][15164.127s][info ][safepoint     ] Application time: 41.0037309 seconds
[2023-11-16T00:16:36.365+0000][15164.127s][info ][safepoint     ] Entering safepoint region: Cleanup
[2023-11-16T00:16:36.366+0000][15164.127s][info ][safepoint     ] Leaving safepoint region
[2023-11-16T00:16:36.366+0000][15164.127s][info ][safepoint     ] Total time for which application threads were stopped: 0.0003358 seconds, Stopping threads took: 0.0000498 seconds
[2023-11-16T00:18:21.619+0000][15269.380s][debug][safepoint     ] Safepoint synchronization initiated. (162 threads)
[2023-11-16T00:18:21.619+0000][15269.380s][info ][safepoint     ] Application time: 105.2530877 seconds
[2023-11-16T00:18:21.619+0000][15269.380s][info ][safepoint     ] Entering safepoint region: G1CollectForAllocation
[2023-11-16T00:18:21.619+0000][15269.381s][info ][gc,start      ] GC(69) Pause Young (Normal) (G1 Evacuation Pause)
[2023-11-16T00:18:21.619+0000][15269.381s][info ][gc,task       ] GC(69) Using 4 workers of 4 for evacuation
[2023-11-16T00:18:21.626+0000][15269.388s][info ][gc,phases     ] GC(69)   Pre Evacuate Collection Set: 0.0ms
[2023-11-16T00:18:21.626+0000][15269.388s][info ][gc,phases     ] GC(69)   Evacuate Collection Set: 2.3ms
[2023-11-16T00:18:21.626+0000][15269.388s][info ][gc,phases     ] GC(69)   Post Evacuate Collection Set: 4.3ms
[2023-11-16T00:18:21.626+0000][15269.388s][info ][gc,phases     ] GC(69)   Other: 0.4ms
[2023-11-16T00:18:21.626+0000][15269.388s][info ][gc,heap       ] GC(69) Eden regions: 475->0(475)
[2023-11-16T00:18:21.626+0000][15269.388s][info ][gc,heap       ] GC(69) Survivor regions: 2->2(60)
[2023-11-16T00:18:21.626+0000][15269.388s][info ][gc,heap       ] GC(69) Old regions: 148->148
[2023-11-16T00:18:21.626+0000][15269.388s][info ][gc,heap       ] GC(69) Humongous regions: 0->0
[2023-11-16T00:18:21.626+0000][15269.388s][info ][gc,metaspace  ] GC(69) Metaspace: 153981K(159164K)->153981K(159164K) NonClass: 136210K(139368K)->136210K(139368K) Class: 17770K(19796K)->17770K(19796K)
[2023-11-16T00:18:21.626+0000][15269.388s][info ][gc            ] GC(69) Pause Young (Normal) (G1 Evacuation Pause) 622M->147M(795M) 7.178ms
[2023-11-16T00:18:21.626+0000][15269.388s][info ][gc,cpu        ] GC(69) User=0.03s Sys=0.00s Real=0.01s
[2023-11-16T00:18:21.626+0000][15269.388s][info ][safepoint     ] Leaving safepoint region
[2023-11-16T00:18:21.626+0000][15269.388s][info ][safepoint     ] Total time for which application threads were stopped: 0.0075674 seconds, Stopping threads took: 0.0000501 seconds
[2023-11-16T00:18:21.626+0000][15269.388s][info ][gc,stringdedup] Concurrent String Deduplication (15269.388s)
[2023-11-16T00:18:21.627+0000][15269.388s][info ][gc,stringdedup] Concurrent String Deduplication 21528.0B->584.0B(20944.0B) avg 54.4% (15269.388s, 15269.388s) 0.245ms
[2023-11-16T00:18:22.626+0000][15270.388s][debug][safepoint     ] Safepoint synchronization initiated. (162 threads)
[2023-11-16T00:18:22.626+0000][15270.388s][info ][safepoint     ] Application time: 1.0001835 seconds
[2023-11-16T00:18:22.627+0000][15270.388s][info ][safepoint     ] Entering safepoint region: Cleanup
[2023-11-16T00:18:22.627+0000][15270.388s][info ][safepoint     ] Leaving safepoint region
[2023-11-16T00:18:22.627+0000][15270.388s][info ][safepoint     ] Total time for which application threads were stopped: 0.0002410 seconds, Stopping threads took: 0.0000492 seconds
[2023-11-16T00:20:32.638+0000][15400.400s][debug][safepoint     ] Safepoint synchronization initiated. (162 threads)
[2023-11-16T00:20:32.638+0000][15400.400s][info ][safepoint     ] Application time: 130.0116909 seconds
[2023-11-16T00:20:32.638+0000][15400.400s][info ][safepoint     ] Entering safepoint region: Cleanup
[2023-11-16T00:20:32.639+0000][15400.400s][info ][safepoint     ] Leaving safepoint region
[2023-11-16T00:20:32.639+0000][15400.400s][info ][safepoint     ] Total time for which application threads were stopped: 0.0002975 seconds, Stopping threads took: 0.0000482 seconds
[2023-11-16T00:22:35.650+0000][15523.412s][debug][safepoint     ] Safepoint synchronization initiated. (162 threads)
[2023-11-16T00:22:35.650+0000][15523.412s][info ][safepoint     ] Application time: 123.0111809 seconds
[2023-11-16T00:22:35.650+0000][15523.412s][info ][safepoint     ] Entering safepoint region: Cleanup
[2023-11-16T00:22:35.650+0000][15523.412s][info ][safepoint     ] Leaving safepoint region
[2023-11-16T00:22:35.650+0000][15523.412s][info ][safepoint     ] Total time for which application threads were stopped: 0.0003341 seconds, Stopping threads took: 0.0000466 seconds
[2023-11-16T00:23:06.653+0000][15554.415s][debug][safepoint     ] Safepoint synchronization initiated. (162 threads)
[2023-11-16T00:23:06.653+0000][15554.415s][info ][safepoint     ] Application time: 31.0029035 seconds
[2023-11-16T00:23:06.653+0000][15554.415s][info ][safepoint     ] Entering safepoint region: Cleanup
[2023-11-16T00:23:06.653+0000][15554.415s][info ][safepoint     ] Leaving safepoint region
[2023-11-16T00:23:06.654+0000][15554.415s][info ][safepoint     ] Total time for which application threads were stopped: 0.0002432 seconds, Stopping threads took: 0.0000459 seconds
[2023-11-16T00:23:47.657+0000][15595.419s][debug][safepoint     ] Safepoint synchronization initiated. (162 threads)
[2023-11-16T00:23:47.657+0000][15595.419s][info ][safepoint     ] Application time: 41.0037717 seconds
[2023-11-16T00:23:47.657+0000][15595.419s][info ][safepoint     ] Entering safepoint region: Cleanup
[2023-11-16T00:23:47.658+0000][15595.419s][info ][safepoint     ] Leaving safepoint region
[2023-11-16T00:23:47.658+0000][15595.419s][info ][safepoint     ] Total time for which application threads were stopped: 0.0002341 seconds, Stopping threads took: 0.0000475 seconds
[2023-11-16T00:26:52.168+0000][15779.929s][debug][safepoint     ] Safepoint synchronization initiated. (162 threads)
[2023-11-16T00:26:52.168+0000][15779.930s][info ][safepoint     ] Application time: 184.5103329 seconds
[2023-11-16T00:26:52.168+0000][15779.930s][info ][safepoint     ] Entering safepoint region: G1CollectForAllocation
[2023-11-16T00:26:52.168+0000][15779.930s][info ][gc,start      ] GC(70) Pause Young (Normal) (G1 Evacuation Pause)
[2023-11-16T00:26:52.168+0000][15779.930s][info ][gc,task       ] GC(70) Using 4 workers of 4 for evacuation
[2023-11-16T00:26:52.175+0000][15779.937s][info ][gc,phases     ] GC(70)   Pre Evacuate Collection Set: 0.0ms
[2023-11-16T00:26:52.175+0000][15779.937s][info ][gc,phases     ] GC(70)   Evacuate Collection Set: 2.2ms
[2023-11-16T00:26:52.175+0000][15779.937s][info ][gc,phases     ] GC(70)   Post Evacuate Collection Set: 4.3ms
[2023-11-16T00:26:52.175+0000][15779.937s][info ][gc,phases     ] GC(70)   Other: 0.4ms
[2023-11-16T00:26:52.175+0000][15779.937s][info ][gc,heap       ] GC(70) Eden regions: 475->0(476)
[2023-11-16T00:26:52.175+0000][15779.937s][info ][gc,heap       ] GC(70) Survivor regions: 2->1(60)
[2023-11-16T00:26:52.175+0000][15779.937s][info ][gc,heap       ] GC(70) Old regions: 148->148
[2023-11-16T00:26:52.175+0000][15779.937s][info ][gc,heap       ] GC(70) Humongous regions: 0->0
[2023-11-16T00:26:52.175+0000][15779.937s][info ][gc,metaspace  ] GC(70) Metaspace: 154047K(159164K)->154047K(159164K) NonClass: 136277K(139368K)->136277K(139368K) Class: 17770K(19796K)->17770K(19796K)
[2023-11-16T00:26:52.175+0000][15779.937s][info ][gc            ] GC(70) Pause Young (Normal) (G1 Evacuation Pause) 622M->147M(795M) 7.103ms
[2023-11-16T00:26:52.175+0000][15779.937s][info ][gc,cpu        ] GC(70) User=0.02s Sys=0.00s Real=0.00s
[2023-11-16T00:26:52.175+0000][15779.937s][info ][safepoint     ] Leaving safepoint region
[2023-11-16T00:26:52.175+0000][15779.937s][info ][safepoint     ] Total time for which application threads were stopped: 0.0074920 seconds, Stopping threads took: 0.0000507 seconds
[2023-11-16T00:26:52.175+0000][15779.937s][info ][gc,stringdedup] Concurrent String Deduplication (15779.937s)
[2023-11-16T00:26:52.176+0000][15779.937s][info ][gc,stringdedup] Concurrent String Deduplication 13992.0B->408.0B(13584.0B) avg 54.4% (15779.937s, 15779.937s) 0.175ms
[2023-11-16T00:26:53.176+0000][15780.937s][debug][safepoint     ] Safepoint synchronization initiated. (162 threads)
[2023-11-16T00:26:53.176+0000][15780.937s][info ][safepoint     ] Application time: 1.0001759 seconds
[2023-11-16T00:26:53.176+0000][15780.937s][info ][safepoint     ] Entering safepoint region: Cleanup
[2023-11-16T00:26:53.176+0000][15780.938s][info ][safepoint     ] Leaving safepoint region
[2023-11-16T00:26:53.176+0000][15780.938s][info ][safepoint     ] Total time for which application threads were stopped: 0.0003377 seconds, Stopping threads took: 0.0000479 seconds
[2023-11-16T00:31:00.198+0000][16027.960s][debug][safepoint     ] Safepoint synchronization initiated. (163 threads)
[2023-11-16T00:31:00.198+0000][16027.960s][info ][safepoint     ] Application time: 247.0224495 seconds
[2023-11-16T00:31:00.198+0000][16027.960s][info ][safepoint     ] Entering safepoint region: Cleanup
[2023-11-16T00:31:00.199+0000][16027.960s][info ][safepoint     ] Leaving safepoint region
[2023-11-16T00:31:00.199+0000][16027.960s][info ][safepoint     ] Total time for which application threads were stopped: 0.0003529 seconds, Stopping threads took: 0.0000520 seconds
[2023-11-16T00:31:36.202+0000][16063.964s][debug][safepoint     ] Safepoint synchronization initiated. (162 threads)
[2023-11-16T00:31:36.202+0000][16063.964s][info ][safepoint     ] Application time: 36.0033969 seconds
[2023-11-16T00:31:36.202+0000][16063.964s][info ][safepoint     ] Entering safepoint region: Cleanup
[2023-11-16T00:31:36.203+0000][16063.964s][info ][safepoint     ] Leaving safepoint region
[2023-11-16T00:31:36.203+0000][16063.964s][info ][safepoint     ] Total time for which application threads were stopped: 0.0003418 seconds, Stopping threads took: 0.0000492 seconds
[2023-11-16T00:34:38.219+0000][16245.981s][debug][safepoint     ] Safepoint synchronization initiated. (162 threads)
[2023-11-16T00:34:38.219+0000][16245.981s][info ][safepoint     ] Application time: 182.0167333 seconds
[2023-11-16T00:34:38.219+0000][16245.981s][info ][safepoint     ] Entering safepoint region: Cleanup
[2023-11-16T00:34:38.220+0000][16245.981s][info ][safepoint     ] Leaving safepoint region
[2023-11-16T00:34:38.220+0000][16245.981s][info ][safepoint     ] Total time for which application threads were stopped: 0.0003618 seconds, Stopping threads took: 0.0000701 seconds
[2023-11-16T00:35:20.939+0000][16288.701s][debug][safepoint     ] Safepoint synchronization initiated. (162 threads)
[2023-11-16T00:35:20.939+0000][16288.701s][info ][safepoint     ] Application time: 42.7193316 seconds
[2023-11-16T00:35:20.939+0000][16288.701s][info ][safepoint     ] Entering safepoint region: G1CollectForAllocation
[2023-11-16T00:35:20.939+0000][16288.701s][info ][gc,start      ] GC(71) Pause Young (Normal) (G1 Evacuation Pause)
[2023-11-16T00:35:20.939+0000][16288.701s][info ][gc,task       ] GC(71) Using 4 workers of 4 for evacuation
[2023-11-16T00:35:20.948+0000][16288.710s][info ][gc,phases     ] GC(71)   Pre Evacuate Collection Set: 0.0ms
[2023-11-16T00:35:20.949+0000][16288.710s][info ][gc,phases     ] GC(71)   Evacuate Collection Set: 2.6ms
[2023-11-16T00:35:20.949+0000][16288.710s][info ][gc,phases     ] GC(71)   Post Evacuate Collection Set: 6.1ms
[2023-11-16T00:35:20.949+0000][16288.710s][info ][gc,phases     ] GC(71)   Other: 0.4ms
[2023-11-16T00:35:20.949+0000][16288.710s][info ][gc,heap       ] GC(71) Eden regions: 476->0(475)
[2023-11-16T00:35:20.949+0000][16288.710s][info ][gc,heap       ] GC(71) Survivor regions: 1->2(60)
[2023-11-16T00:35:20.949+0000][16288.710s][info ][gc,heap       ] GC(71) Old regions: 148->148
[2023-11-16T00:35:20.949+0000][16288.710s][info ][gc,heap       ] GC(71) Humongous regions: 0->0
[2023-11-16T00:35:20.949+0000][16288.710s][info ][gc,metaspace  ] GC(71) Metaspace: 154054K(159164K)->154054K(159164K) NonClass: 136283K(139368K)->136283K(139368K) Class: 17770K(19796K)->17770K(19796K)
[2023-11-16T00:35:20.949+0000][16288.710s][info ][gc            ] GC(71) Pause Young (Normal) (G1 Evacuation Pause) 623M->147M(795M) 9.333ms
[2023-11-16T00:35:20.949+0000][16288.710s][info ][gc,cpu        ] GC(71) User=0.03s Sys=0.00s Real=0.02s
[2023-11-16T00:35:20.949+0000][16288.710s][info ][safepoint     ] Leaving safepoint region
[2023-11-16T00:35:20.949+0000][16288.710s][info ][safepoint     ] Total time for which application threads were stopped: 0.0097036 seconds, Stopping threads took: 0.0000500 seconds
[2023-11-16T00:35:20.949+0000][16288.711s][info ][gc,stringdedup] Concurrent String Deduplication (16288.710s)
[2023-11-16T00:35:20.949+0000][16288.711s][info ][gc,stringdedup] Concurrent String Deduplication 0.0B->0.0B(0.0B) avg 54.4% (16288.710s, 16288.711s) 0.054ms
[2023-11-16T00:43:51.294+0000][16799.055s][debug][safepoint     ] Safepoint synchronization initiated. (162 threads)
[2023-11-16T00:43:51.294+0000][16799.055s][info ][safepoint     ] Application time: 510.3447871 seconds
[2023-11-16T00:43:51.294+0000][16799.055s][info ][safepoint     ] Entering safepoint region: G1CollectForAllocation
[2023-11-16T00:43:51.294+0000][16799.056s][info ][gc,start      ] GC(72) Pause Young (Normal) (G1 Evacuation Pause)
[2023-11-16T00:43:51.294+0000][16799.056s][info ][gc,task       ] GC(72) Using 4 workers of 4 for evacuation
[2023-11-16T00:43:51.301+0000][16799.063s][info ][gc,phases     ] GC(72)   Pre Evacuate Collection Set: 0.0ms
[2023-11-16T00:43:51.302+0000][16799.063s][info ][gc,phases     ] GC(72)   Evacuate Collection Set: 2.3ms
[2023-11-16T00:43:51.302+0000][16799.063s][info ][gc,phases     ] GC(72)   Post Evacuate Collection Set: 4.9ms
[2023-11-16T00:43:51.302+0000][16799.063s][info ][gc,phases     ] GC(72)   Other: 0.4ms
[2023-11-16T00:43:51.302+0000][16799.063s][info ][gc,heap       ] GC(72) Eden regions: 475->0(476)
[2023-11-16T00:43:51.302+0000][16799.063s][info ][gc,heap       ] GC(72) Survivor regions: 2->1(60)
[2023-11-16T00:43:51.302+0000][16799.063s][info ][gc,heap       ] GC(72) Old regions: 148->148
[2023-11-16T00:43:51.302+0000][16799.063s][info ][gc,heap       ] GC(72) Humongous regions: 0->0
[2023-11-16T00:43:51.302+0000][16799.063s][info ][gc,metaspace  ] GC(72) Metaspace: 154059K(159164K)->154059K(159164K) NonClass: 136288K(139368K)->136288K(139368K) Class: 17770K(19796K)->17770K(19796K)
[2023-11-16T00:43:51.302+0000][16799.063s][info ][gc            ] GC(72) Pause Young (Normal) (G1 Evacuation Pause) 622M->147M(795M) 7.754ms
[2023-11-16T00:43:51.302+0000][16799.063s][info ][gc,cpu        ] GC(72) User=0.02s Sys=0.00s Real=0.01s
[2023-11-16T00:43:51.302+0000][16799.063s][info ][safepoint     ] Leaving safepoint region
[2023-11-16T00:43:51.302+0000][16799.063s][info ][safepoint     ] Total time for which application threads were stopped: 0.0082084 seconds, Stopping threads took: 0.0000610 seconds
[2023-11-16T00:43:51.302+0000][16799.064s][info ][gc,stringdedup] Concurrent String Deduplication (16799.064s)
[2023-11-16T00:43:51.302+0000][16799.064s][info ][gc,stringdedup] Concurrent String Deduplication 0.0B->0.0B(0.0B) avg 54.4% (16799.064s, 16799.064s) 0.053ms
[2023-11-16T00:50:36.338+0000][17204.100s][debug][safepoint     ] Safepoint synchronization initiated. (162 threads)
[2023-11-16T00:50:36.338+0000][17204.100s][info ][safepoint     ] Application time: 405.0364793 seconds
[2023-11-16T00:50:36.338+0000][17204.100s][info ][safepoint     ] Entering safepoint region: Cleanup
[2023-11-16T00:50:36.339+0000][17204.100s][info ][safepoint     ] Leaving safepoint region
[2023-11-16T00:50:36.339+0000][17204.100s][info ][safepoint     ] Total time for which application threads were stopped: 0.0003305 seconds, Stopping threads took: 0.0000487 seconds
[2023-11-16T00:51:16.342+0000][17244.104s][debug][safepoint     ] Safepoint synchronization initiated. (162 threads)
[2023-11-16T00:51:16.342+0000][17244.104s][info ][safepoint     ] Application time: 40.0034331 seconds
[2023-11-16T00:51:16.342+0000][17244.104s][info ][safepoint     ] Entering safepoint region: Cleanup
[2023-11-16T00:51:16.342+0000][17244.104s][info ][safepoint     ] Leaving safepoint region
[2023-11-16T00:51:16.342+0000][17244.104s][info ][safepoint     ] Total time for which application threads were stopped: 0.0002701 seconds, Stopping threads took: 0.0000486 seconds
[2023-11-16T00:52:16.348+0000][17304.109s][debug][safepoint     ] Safepoint synchronization initiated. (162 threads)
[2023-11-16T00:52:16.348+0000][17304.110s][info ][safepoint     ] Application time: 60.0054535 seconds
[2023-11-16T00:52:16.348+0000][17304.110s][info ][safepoint     ] Entering safepoint region: Cleanup
[2023-11-16T00:52:16.348+0000][17304.110s][info ][safepoint     ] Leaving safepoint region
[2023-11-16T00:52:16.348+0000][17304.110s][info ][safepoint     ] Total time for which application threads were stopped: 0.0003608 seconds, Stopping threads took: 0.0000482 seconds
[2023-11-16T00:52:22.771+0000][17310.533s][debug][safepoint     ] Safepoint synchronization initiated. (162 threads)
[2023-11-16T00:52:22.771+0000][17310.533s][info ][safepoint     ] Application time: 6.4230633 seconds
[2023-11-16T00:52:22.771+0000][17310.533s][info ][safepoint     ] Entering safepoint region: G1CollectForAllocation
[2023-11-16T00:52:22.772+0000][17310.533s][info ][gc,start      ] GC(73) Pause Young (Normal) (G1 Evacuation Pause)
[2023-11-16T00:52:22.772+0000][17310.533s][info ][gc,task       ] GC(73) Using 4 workers of 4 for evacuation
[2023-11-16T00:52:22.779+0000][17310.541s][info ][gc,phases     ] GC(73)   Pre Evacuate Collection Set: 0.0ms
[2023-11-16T00:52:22.779+0000][17310.541s][info ][gc,phases     ] GC(73)   Evacuate Collection Set: 2.5ms
[2023-11-16T00:52:22.779+0000][17310.541s][info ][gc,phases     ] GC(73)   Post Evacuate Collection Set: 4.4ms
[2023-11-16T00:52:22.779+0000][17310.541s][info ][gc,phases     ] GC(73)   Other: 0.3ms
[2023-11-16T00:52:22.779+0000][17310.541s][info ][gc,heap       ] GC(73) Eden regions: 476->0(476)
[2023-11-16T00:52:22.779+0000][17310.541s][info ][gc,heap       ] GC(73) Survivor regions: 1->1(60)
[2023-11-16T00:52:22.779+0000][17310.541s][info ][gc,heap       ] GC(73) Old regions: 148->148
[2023-11-16T00:52:22.779+0000][17310.541s][info ][gc,heap       ] GC(73) Humongous regions: 0->0
[2023-11-16T00:52:22.779+0000][17310.541s][info ][gc,metaspace  ] GC(73) Metaspace: 154066K(159164K)->154066K(159164K) NonClass: 136295K(139368K)->136295K(139368K) Class: 17770K(19796K)->17770K(19796K)
[2023-11-16T00:52:22.779+0000][17310.541s][info ][gc            ] GC(73) Pause Young (Normal) (G1 Evacuation Pause) 623M->147M(795M) 7.504ms
[2023-11-16T00:52:22.779+0000][17310.541s][info ][gc,cpu        ] GC(73) User=0.01s Sys=0.00s Real=0.00s
[2023-11-16T00:52:22.779+0000][17310.541s][info ][safepoint     ] Leaving safepoint region
[2023-11-16T00:52:22.779+0000][17310.541s][info ][safepoint     ] Total time for which application threads were stopped: 0.0078901 seconds, Stopping threads took: 0.0000509 seconds
[2023-11-16T00:52:22.779+0000][17310.541s][info ][gc,stringdedup] Concurrent String Deduplication (17310.541s)
[2023-11-16T00:52:22.780+0000][17310.541s][info ][gc,stringdedup] Concurrent String Deduplication 33512.0B->104.0B(33408.0B) avg 54.5% (17310.541s, 17310.541s) 0.356ms
[2023-11-16T00:54:18.790+0000][17426.551s][debug][safepoint     ] Safepoint synchronization initiated. (162 threads)
[2023-11-16T00:54:18.790+0000][17426.551s][info ][safepoint     ] Application time: 116.0104602 seconds
[2023-11-16T00:54:18.790+0000][17426.551s][info ][safepoint     ] Entering safepoint region: Cleanup
[2023-11-16T00:54:18.790+0000][17426.552s][info ][safepoint     ] Leaving safepoint region
[2023-11-16T00:54:18.790+0000][17426.552s][info ][safepoint     ] Total time for which application threads were stopped: 0.0003320 seconds, Stopping threads took: 0.0000456 seconds
[2023-11-16T00:55:19.795+0000][17487.557s][debug][safepoint     ] Safepoint synchronization initiated. (162 threads)
[2023-11-16T00:55:19.796+0000][17487.557s][info ][safepoint     ] Application time: 61.0054612 seconds
[2023-11-16T00:55:19.796+0000][17487.557s][info ][safepoint     ] Entering safepoint region: Cleanup
[2023-11-16T00:55:19.796+0000][17487.557s][info ][safepoint     ] Leaving safepoint region
[2023-11-16T00:55:19.796+0000][17487.558s][info ][safepoint     ] Total time for which application threads were stopped: 0.0003290 seconds, Stopping threads took: 0.0000456 seconds
[2023-11-16T00:59:06.816+0000][17714.578s][debug][safepoint     ] Safepoint synchronization initiated. (162 threads)
[2023-11-16T00:59:06.816+0000][17714.578s][info ][safepoint     ] Application time: 227.0205308 seconds
[2023-11-16T00:59:06.816+0000][17714.578s][info ][safepoint     ] Entering safepoint region: Cleanup
[2023-11-16T00:59:06.817+0000][17714.578s][info ][safepoint     ] Leaving safepoint region
[2023-11-16T00:59:06.817+0000][17714.578s][info ][safepoint     ] Total time for which application threads were stopped: 0.0003507 seconds, Stopping threads took: 0.0000462 seconds
[2023-11-16T00:59:16.818+0000][17724.579s][debug][safepoint     ] Safepoint synchronization initiated. (163 threads)
[2023-11-16T00:59:16.818+0000][17724.579s][info ][safepoint     ] Application time: 10.0009993 seconds
[2023-11-16T00:59:16.818+0000][17724.580s][info ][safepoint     ] Entering safepoint region: Cleanup
[2023-11-16T00:59:16.818+0000][17724.580s][info ][safepoint     ] Leaving safepoint region
[2023-11-16T00:59:16.818+0000][17724.580s][info ][safepoint     ] Total time for which application threads were stopped: 0.0003387 seconds, Stopping threads took: 0.0000482 seconds
[2023-11-16T01:00:39.826+0000][17807.587s][debug][safepoint     ] Safepoint synchronization initiated. (163 threads)
[2023-11-16T01:00:39.826+0000][17807.587s][info ][safepoint     ] Application time: 83.0074783 seconds
[2023-11-16T01:00:39.826+0000][17807.587s][info ][safepoint     ] Entering safepoint region: Cleanup
[2023-11-16T01:00:39.826+0000][17807.588s][info ][safepoint     ] Leaving safepoint region
[2023-11-16T01:00:39.826+0000][17807.588s][info ][safepoint     ] Total time for which application threads were stopped: 0.0002732 seconds, Stopping threads took: 0.0000370 seconds
[2023-11-16T01:00:52.801+0000][17820.563s][debug][safepoint     ] Safepoint synchronization initiated. (161 threads)
[2023-11-16T01:00:52.802+0000][17820.563s][info ][safepoint     ] Application time: 12.9755427 seconds
[2023-11-16T01:00:52.802+0000][17820.563s][debug][safepoint     ] Waiting for 1 thread(s) to block
[2023-11-16T01:00:52.802+0000][17820.563s][info ][safepoint     ] Entering safepoint region: G1CollectForAllocation
[2023-11-16T01:00:52.802+0000][17820.564s][info ][gc,start      ] GC(74) Pause Young (Normal) (G1 Evacuation Pause)
[2023-11-16T01:00:52.802+0000][17820.564s][info ][gc,task       ] GC(74) Using 4 workers of 4 for evacuation
[2023-11-16T01:00:52.810+0000][17820.572s][info ][gc,phases     ] GC(74)   Pre Evacuate Collection Set: 0.0ms
[2023-11-16T01:00:52.810+0000][17820.572s][info ][gc,phases     ] GC(74)   Evacuate Collection Set: 2.5ms
[2023-11-16T01:00:52.810+0000][17820.572s][info ][gc,phases     ] GC(74)   Post Evacuate Collection Set: 5.3ms
[2023-11-16T01:00:52.810+0000][17820.572s][info ][gc,phases     ] GC(74)   Other: 0.4ms
[2023-11-16T01:00:52.810+0000][17820.572s][info ][gc,heap       ] GC(74) Eden regions: 476->0(475)
[2023-11-16T01:00:52.810+0000][17820.572s][info ][gc,heap       ] GC(74) Survivor regions: 1->2(60)
[2023-11-16T01:00:52.810+0000][17820.572s][info ][gc,heap       ] GC(74) Old regions: 148->148
[2023-11-16T01:00:52.810+0000][17820.572s][info ][gc,heap       ] GC(74) Humongous regions: 0->0
[2023-11-16T01:00:52.810+0000][17820.572s][info ][gc,metaspace  ] GC(74) Metaspace: 154072K(159164K)->154072K(159164K) NonClass: 136301K(139368K)->136301K(139368K) Class: 17770K(19796K)->17770K(19796K)
[2023-11-16T01:00:52.810+0000][17820.572s][info ][gc            ] GC(74) Pause Young (Normal) (G1 Evacuation Pause) 623M->147M(795M) 8.424ms
[2023-11-16T01:00:52.810+0000][17820.572s][info ][gc,cpu        ] GC(74) User=0.03s Sys=0.00s Real=0.01s
[2023-11-16T01:00:52.811+0000][17820.572s][info ][safepoint     ] Leaving safepoint region
[2023-11-16T01:00:52.811+0000][17820.572s][info ][safepoint     ] Total time for which application threads were stopped: 0.0089740 seconds, Stopping threads took: 0.0001457 seconds
[2023-11-16T01:00:52.811+0000][17820.572s][info ][gc,stringdedup] Concurrent String Deduplication (17820.572s)
[2023-11-16T01:00:52.811+0000][17820.572s][info ][gc,stringdedup] Concurrent String Deduplication 208.0B->112.0B(96.0B) avg 54.5% (17820.572s, 17820.572s) 0.055ms
[2023-11-16T01:03:26.824+0000][17974.586s][debug][safepoint     ] Safepoint synchronization initiated. (162 threads)
[2023-11-16T01:03:26.825+0000][17974.586s][info ][safepoint     ] Application time: 154.0139661 seconds
[2023-11-16T01:03:26.825+0000][17974.586s][info ][safepoint     ] Entering safepoint region: Cleanup
[2023-11-16T01:03:26.825+0000][17974.586s][info ][safepoint     ] Leaving safepoint region
[2023-11-16T01:03:26.825+0000][17974.587s][info ][safepoint     ] Total time for which application threads were stopped: 0.0003389 seconds, Stopping threads took: 0.0000499 seconds
[2023-11-16T01:03:35.826+0000][17983.587s][debug][safepoint     ] Safepoint synchronization initiated. (162 threads)
[2023-11-16T01:03:35.826+0000][17983.587s][info ][safepoint     ] Application time: 9.0008898 seconds
[2023-11-16T01:03:35.826+0000][17983.587s][info ][safepoint     ] Entering safepoint region: Cleanup
[2023-11-16T01:03:35.826+0000][17983.588s][info ][safepoint     ] Leaving safepoint region
[2023-11-16T01:03:35.826+0000][17983.588s][info ][safepoint     ] Total time for which application threads were stopped: 0.0003248 seconds, Stopping threads took: 0.0000468 seconds
[2023-11-16T01:04:18.830+0000][18026.592s][debug][safepoint     ] Safepoint synchronization initiated. (162 threads)
[2023-11-16T01:04:18.830+0000][18026.592s][info ][safepoint     ] Application time: 43.0040459 seconds
[2023-11-16T01:04:18.830+0000][18026.592s][info ][safepoint     ] Entering safepoint region: Cleanup
[2023-11-16T01:04:18.830+0000][18026.592s][info ][safepoint     ] Leaving safepoint region
[2023-11-16T01:04:18.831+0000][18026.592s][info ][safepoint     ] Total time for which application threads were stopped: 0.0003036 seconds, Stopping threads took: 0.0000467 seconds
[2023-11-16T01:04:35.832+0000][18043.594s][debug][safepoint     ] Safepoint synchronization initiated. (162 threads)
[2023-11-16T01:04:35.832+0000][18043.594s][info ][safepoint     ] Application time: 17.0014987 seconds
[2023-11-16T01:04:35.832+0000][18043.594s][info ][safepoint     ] Entering safepoint region: Cleanup
[2023-11-16T01:04:35.832+0000][18043.594s][info ][safepoint     ] Leaving safepoint region
[2023-11-16T01:04:35.832+0000][18043.594s][info ][safepoint     ] Total time for which application threads were stopped: 0.0003226 seconds, Stopping threads took: 0.0000466 seconds
[2023-11-16T01:04:52.834+0000][18060.596s][debug][safepoint     ] Safepoint synchronization initiated. (162 threads)
[2023-11-16T01:04:52.834+0000][18060.596s][info ][safepoint     ] Application time: 17.0016576 seconds
[2023-11-16T01:04:52.834+0000][18060.596s][info ][safepoint     ] Entering safepoint region: Cleanup
[2023-11-16T01:04:52.834+0000][18060.596s][info ][safepoint     ] Leaving safepoint region
[2023-11-16T01:04:52.834+0000][18060.596s][info ][safepoint     ] Total time for which application threads were stopped: 0.0003317 seconds, Stopping threads took: 0.0000483 seconds
[2023-11-16T01:06:30.843+0000][18158.605s][debug][safepoint     ] Safepoint synchronization initiated. (162 threads)
[2023-11-16T01:06:30.843+0000][18158.605s][info ][safepoint     ] Application time: 98.0087689 seconds
[2023-11-16T01:06:30.843+0000][18158.605s][info ][safepoint     ] Entering safepoint region: Cleanup
[2023-11-16T01:06:30.844+0000][18158.605s][info ][safepoint     ] Leaving safepoint region
[2023-11-16T01:06:30.844+0000][18158.605s][info ][safepoint     ] Total time for which application threads were stopped: 0.0003388 seconds, Stopping threads took: 0.0000482 seconds
[2023-11-16T01:09:22.735+0000][18330.497s][debug][safepoint     ] Safepoint synchronization initiated. (162 threads)
[2023-11-16T01:09:22.735+0000][18330.497s][info ][safepoint     ] Application time: 171.8918958 seconds
[2023-11-16T01:09:22.736+0000][18330.497s][info ][safepoint     ] Entering safepoint region: G1CollectForAllocation
[2023-11-16T01:09:22.736+0000][18330.497s][info ][gc,start      ] GC(75) Pause Young (Normal) (G1 Evacuation Pause)
[2023-11-16T01:09:22.736+0000][18330.497s][info ][gc,task       ] GC(75) Using 4 workers of 4 for evacuation
[2023-11-16T01:09:22.743+0000][18330.505s][info ][gc,phases     ] GC(75)   Pre Evacuate Collection Set: 0.0ms
[2023-11-16T01:09:22.743+0000][18330.505s][info ][gc,phases     ] GC(75)   Evacuate Collection Set: 2.2ms
[2023-11-16T01:09:22.743+0000][18330.505s][info ][gc,phases     ] GC(75)   Post Evacuate Collection Set: 4.8ms
[2023-11-16T01:09:22.743+0000][18330.505s][info ][gc,phases     ] GC(75)   Other: 0.4ms
[2023-11-16T01:09:22.743+0000][18330.505s][info ][gc,heap       ] GC(75) Eden regions: 475->0(475)
[2023-11-16T01:09:22.743+0000][18330.505s][info ][gc,heap       ] GC(75) Survivor regions: 2->2(60)
[2023-11-16T01:09:22.743+0000][18330.505s][info ][gc,heap       ] GC(75) Old regions: 148->148
[2023-11-16T01:09:22.743+0000][18330.505s][info ][gc,heap       ] GC(75) Humongous regions: 0->0
[2023-11-16T01:09:22.743+0000][18330.505s][info ][gc,metaspace  ] GC(75) Metaspace: 154079K(159164K)->154079K(159164K) NonClass: 136309K(139368K)->136309K(139368K) Class: 17770K(19796K)->17770K(19796K)
[2023-11-16T01:09:22.744+0000][18330.505s][info ][gc            ] GC(75) Pause Young (Normal) (G1 Evacuation Pause) 622M->147M(795M) 7.729ms
[2023-11-16T01:09:22.744+0000][18330.505s][info ][gc,cpu        ] GC(75) User=0.02s Sys=0.01s Real=0.01s
[2023-11-16T01:09:22.744+0000][18330.505s][info ][safepoint     ] Leaving safepoint region
[2023-11-16T01:09:22.744+0000][18330.505s][info ][safepoint     ] Total time for which application threads were stopped: 0.0081423 seconds, Stopping threads took: 0.0000515 seconds
[2023-11-16T01:09:22.744+0000][18330.505s][info ][gc,stringdedup] Concurrent String Deduplication (18330.505s)
[2023-11-16T01:09:22.744+0000][18330.505s][info ][gc,stringdedup] Concurrent String Deduplication 0.0B->0.0B(0.0B) avg 54.5% (18330.505s, 18330.505s) 0.049ms
[2023-11-16T01:10:35.750+0000][18403.512s][debug][safepoint     ] Safepoint synchronization initiated. (162 threads)
[2023-11-16T01:10:35.750+0000][18403.512s][info ][safepoint     ] Application time: 73.0064951 seconds
[2023-11-16T01:10:35.750+0000][18403.512s][info ][safepoint     ] Entering safepoint region: Cleanup
[2023-11-16T01:10:35.750+0000][18403.512s][info ][safepoint     ] Leaving safepoint region
[2023-11-16T01:10:35.751+0000][18403.512s][info ][safepoint     ] Total time for which application threads were stopped: 0.0003337 seconds, Stopping threads took: 0.0000488 seconds
[2023-11-16T01:12:36.761+0000][18524.523s][debug][safepoint     ] Safepoint synchronization initiated. (162 threads)
[2023-11-16T01:12:36.761+0000][18524.523s][info ][safepoint     ] Application time: 121.0108110 seconds
[2023-11-16T01:12:36.761+0000][18524.523s][debug][safepoint     ] Waiting for 1 thread(s) to block
[2023-11-16T01:12:36.761+0000][18524.523s][info ][safepoint     ] Entering safepoint region: Cleanup
[2023-11-16T01:12:36.762+0000][18524.523s][info ][safepoint     ] Leaving safepoint region
[2023-11-16T01:12:36.762+0000][18524.523s][info ][safepoint     ] Total time for which application threads were stopped: 0.0003774 seconds, Stopping threads took: 0.0001823 seconds
[2023-11-16T01:14:32.772+0000][18640.533s][debug][safepoint     ] Safepoint synchronization initiated. (162 threads)
[2023-11-16T01:14:32.772+0000][18640.533s][info ][safepoint     ] Application time: 116.0100289 seconds
[2023-11-16T01:14:32.772+0000][18640.533s][info ][safepoint     ] Entering safepoint region: Cleanup
[2023-11-16T01:14:32.772+0000][18640.534s][info ][safepoint     ] Leaving safepoint region
[2023-11-16T01:14:32.772+0000][18640.534s][info ][safepoint     ] Total time for which application threads were stopped: 0.0003449 seconds, Stopping threads took: 0.0000498 seconds
[2023-11-16T01:16:15.782+0000][18743.543s][debug][safepoint     ] Safepoint synchronization initiated. (162 threads)
[2023-11-16T01:16:15.782+0000][18743.543s][info ][safepoint     ] Application time: 103.0094474 seconds
[2023-11-16T01:16:15.782+0000][18743.543s][info ][safepoint     ] Entering safepoint region: Cleanup
[2023-11-16T01:16:15.782+0000][18743.543s][info ][safepoint     ] Leaving safepoint region
[2023-11-16T01:16:15.782+0000][18743.544s][info ][safepoint     ] Total time for which application threads were stopped: 0.0002476 seconds, Stopping threads took: 0.0000482 seconds
[2023-11-16T01:16:35.784+0000][18763.545s][debug][safepoint     ] Safepoint synchronization initiated. (162 threads)
[2023-11-16T01:16:35.784+0000][18763.545s][info ][safepoint     ] Application time: 20.0018998 seconds
[2023-11-16T01:16:35.784+0000][18763.545s][info ][safepoint     ] Entering safepoint region: Cleanup
[2023-11-16T01:16:35.784+0000][18763.546s][info ][safepoint     ] Leaving safepoint region
[2023-11-16T01:16:35.784+0000][18763.546s][info ][safepoint     ] Total time for which application threads were stopped: 0.0002453 seconds, Stopping threads took: 0.0000484 seconds
[2023-11-16T01:17:50.791+0000][18838.552s][debug][safepoint     ] Safepoint synchronization initiated. (162 threads)
[2023-11-16T01:17:50.791+0000][18838.552s][info ][safepoint     ] Application time: 75.0067075 seconds
[2023-11-16T01:17:50.791+0000][18838.552s][info ][safepoint     ] Entering safepoint region: Cleanup
[2023-11-16T01:17:50.791+0000][18838.553s][info ][safepoint     ] Leaving safepoint region
[2023-11-16T01:17:50.791+0000][18838.553s][info ][safepoint     ] Total time for which application threads were stopped: 0.0002536 seconds, Stopping threads took: 0.0000524 seconds
[2023-11-16T01:17:53.290+0000][18841.051s][debug][safepoint     ] Safepoint synchronization initiated. (162 threads)
[2023-11-16T01:17:53.290+0000][18841.052s][info ][safepoint     ] Application time: 2.4988414 seconds
[2023-11-16T01:17:53.290+0000][18841.052s][info ][safepoint     ] Entering safepoint region: G1CollectForAllocation
[2023-11-16T01:17:53.290+0000][18841.052s][info ][gc,start      ] GC(76) Pause Young (Normal) (G1 Evacuation Pause)
[2023-11-16T01:17:53.290+0000][18841.052s][info ][gc,task       ] GC(76) Using 4 workers of 4 for evacuation
[2023-11-16T01:17:53.298+0000][18841.060s][info ][gc,phases     ] GC(76)   Pre Evacuate Collection Set: 0.0ms
[2023-11-16T01:17:53.298+0000][18841.060s][info ][gc,phases     ] GC(76)   Evacuate Collection Set: 2.4ms
[2023-11-16T01:17:53.298+0000][18841.060s][info ][gc,phases     ] GC(76)   Post Evacuate Collection Set: 5.0ms
[2023-11-16T01:17:53.298+0000][18841.060s][info ][gc,phases     ] GC(76)   Other: 0.4ms
[2023-11-16T01:17:53.298+0000][18841.060s][info ][gc,heap       ] GC(76) Eden regions: 475->0(476)
[2023-11-16T01:17:53.298+0000][18841.060s][info ][gc,heap       ] GC(76) Survivor regions: 2->1(60)
[2023-11-16T01:17:53.298+0000][18841.060s][info ][gc,heap       ] GC(76) Old regions: 148->148
[2023-11-16T01:17:53.298+0000][18841.060s][info ][gc,heap       ] GC(76) Humongous regions: 0->0
[2023-11-16T01:17:53.298+0000][18841.060s][info ][gc,metaspace  ] GC(76) Metaspace: 154089K(159164K)->154089K(159164K) NonClass: 136318K(139368K)->136318K(139368K) Class: 17770K(19796K)->17770K(19796K)
[2023-11-16T01:17:53.298+0000][18841.060s][info ][gc            ] GC(76) Pause Young (Normal) (G1 Evacuation Pause) 622M->147M(795M) 8.005ms
[2023-11-16T01:17:53.298+0000][18841.060s][info ][gc,cpu        ] GC(76) User=0.03s Sys=0.00s Real=0.00s
[2023-11-16T01:17:53.298+0000][18841.060s][info ][safepoint     ] Leaving safepoint region
[2023-11-16T01:17:53.298+0000][18841.060s][info ][safepoint     ] Total time for which application threads were stopped: 0.0084413 seconds, Stopping threads took: 0.0000512 seconds
[2023-11-16T01:17:53.298+0000][18841.060s][info ][gc,stringdedup] Concurrent String Deduplication (18841.060s)
[2023-11-16T01:17:53.299+0000][18841.060s][info ][gc,stringdedup] Concurrent String Deduplication 28896.0B->0.0B(28896.0B) avg 54.6% (18841.060s, 18841.060s) 0.297ms
[2023-11-16T01:18:16.300+0000][18864.062s][debug][safepoint     ] Safepoint synchronization initiated. (162 threads)
[2023-11-16T01:18:16.300+0000][18864.062s][info ][safepoint     ] Application time: 23.0020897 seconds
[2023-11-16T01:18:16.301+0000][18864.062s][info ][safepoint     ] Entering safepoint region: Cleanup
[2023-11-16T01:18:16.301+0000][18864.062s][info ][safepoint     ] Leaving safepoint region
[2023-11-16T01:18:16.301+0000][18864.062s][info ][safepoint     ] Total time for which application threads were stopped: 0.0003391 seconds, Stopping threads took: 0.0000494 seconds
[2023-11-16T01:19:17.306+0000][18925.068s][debug][safepoint     ] Safepoint synchronization initiated. (161 threads)
[2023-11-16T01:19:17.306+0000][18925.068s][info ][safepoint     ] Application time: 61.0053994 seconds
[2023-11-16T01:19:17.306+0000][18925.068s][info ][safepoint     ] Entering safepoint region: Cleanup
[2023-11-16T01:19:17.307+0000][18925.068s][info ][safepoint     ] Leaving safepoint region
[2023-11-16T01:19:17.307+0000][18925.068s][info ][safepoint     ] Total time for which application threads were stopped: 0.0003384 seconds, Stopping threads took: 0.0000494 seconds
[2023-11-16T01:22:47.326+0000][19135.087s][debug][safepoint     ] Safepoint synchronization initiated. (160 threads)
[2023-11-16T01:22:47.326+0000][19135.087s][info ][safepoint     ] Application time: 210.0189275 seconds
[2023-11-16T01:22:47.326+0000][19135.087s][info ][safepoint     ] Entering safepoint region: Cleanup
[2023-11-16T01:22:47.326+0000][19135.088s][info ][safepoint     ] Leaving safepoint region
[2023-11-16T01:22:47.326+0000][19135.088s][info ][safepoint     ] Total time for which application threads were stopped: 0.0003319 seconds, Stopping threads took: 0.0000477 seconds
[2023-11-16T01:24:36.336+0000][19244.097s][debug][safepoint     ] Safepoint synchronization initiated. (161 threads)
[2023-11-16T01:24:36.336+0000][19244.098s][info ][safepoint     ] Application time: 109.0099207 seconds
[2023-11-16T01:24:36.336+0000][19244.098s][info ][safepoint     ] Entering safepoint region: Cleanup
[2023-11-16T01:24:36.336+0000][19244.098s][info ][safepoint     ] Leaving safepoint region
[2023-11-16T01:24:36.336+0000][19244.098s][info ][safepoint     ] Total time for which application threads were stopped: 0.0003295 seconds, Stopping threads took: 0.0000482 seconds
[2023-11-16T01:26:16.345+0000][19344.107s][debug][safepoint     ] Safepoint synchronization initiated. (161 threads)
[2023-11-16T01:26:16.345+0000][19344.107s][info ][safepoint     ] Application time: 100.0087941 seconds
[2023-11-16T01:26:16.345+0000][19344.107s][info ][safepoint     ] Entering safepoint region: Cleanup
[2023-11-16T01:26:16.345+0000][19344.107s][info ][safepoint     ] Leaving safepoint region
[2023-11-16T01:26:16.345+0000][19344.107s][info ][safepoint     ] Total time for which application threads were stopped: 0.0003069 seconds, Stopping threads took: 0.0000471 seconds
[2023-11-16T01:26:24.956+0000][19352.718s][debug][safepoint     ] Safepoint synchronization initiated. (161 threads)
[2023-11-16T01:26:24.956+0000][19352.718s][info ][safepoint     ] Application time: 8.6109259 seconds
[2023-11-16T01:26:24.956+0000][19352.718s][info ][safepoint     ] Entering safepoint region: G1CollectForAllocation
[2023-11-16T01:26:24.957+0000][19352.718s][info ][gc,start      ] GC(77) Pause Young (Normal) (G1 Evacuation Pause)
[2023-11-16T01:26:24.957+0000][19352.718s][info ][gc,task       ] GC(77) Using 4 workers of 4 for evacuation
[2023-11-16T01:26:24.965+0000][19352.727s][info ][gc,phases     ] GC(77)   Pre Evacuate Collection Set: 0.0ms
[2023-11-16T01:26:24.965+0000][19352.727s][info ][gc,phases     ] GC(77)   Evacuate Collection Set: 2.2ms
[2023-11-16T01:26:24.965+0000][19352.727s][info ][gc,phases     ] GC(77)   Post Evacuate Collection Set: 6.0ms
[2023-11-16T01:26:24.965+0000][19352.727s][info ][gc,phases     ] GC(77)   Other: 0.4ms
[2023-11-16T01:26:24.965+0000][19352.727s][info ][gc,heap       ] GC(77) Eden regions: 476->0(475)
[2023-11-16T01:26:24.965+0000][19352.727s][info ][gc,heap       ] GC(77) Survivor regions: 1->2(60)
[2023-11-16T01:26:24.965+0000][19352.727s][info ][gc,heap       ] GC(77) Old regions: 148->148
[2023-11-16T01:26:24.965+0000][19352.727s][info ][gc,heap       ] GC(77) Humongous regions: 0->0
[2023-11-16T01:26:24.965+0000][19352.727s][info ][gc,metaspace  ] GC(77) Metaspace: 154090K(159164K)->154090K(159164K) NonClass: 136319K(139368K)->136319K(139368K) Class: 17770K(19796K)->17770K(19796K)
[2023-11-16T01:26:24.966+0000][19352.727s][info ][gc            ] GC(77) Pause Young (Normal) (G1 Evacuation Pause) 623M->147M(795M) 8.873ms
[2023-11-16T01:26:24.966+0000][19352.727s][info ][gc,cpu        ] GC(77) User=0.02s Sys=0.01s Real=0.01s
[2023-11-16T01:26:24.966+0000][19352.727s][info ][safepoint     ] Leaving safepoint region
[2023-11-16T01:26:24.966+0000][19352.727s][info ][safepoint     ] Total time for which application threads were stopped: 0.0093357 seconds, Stopping threads took: 0.0000479 seconds
[2023-11-16T01:26:24.966+0000][19352.727s][info ][gc,stringdedup] Concurrent String Deduplication (19352.727s)
[2023-11-16T01:26:24.966+0000][19352.727s][info ][gc,stringdedup] Concurrent String Deduplication 5504.0B->232.0B(5272.0B) avg 54.6% (19352.727s, 19352.727s) 0.108ms
[2023-11-16T01:28:35.978+0000][19483.739s][debug][safepoint     ] Safepoint synchronization initiated. (158 threads)
[2023-11-16T01:28:35.978+0000][19483.739s][info ][safepoint     ] Application time: 131.0120913 seconds
[2023-11-16T01:28:35.978+0000][19483.739s][info ][safepoint     ] Entering safepoint region: Cleanup
[2023-11-16T01:28:35.978+0000][19483.740s][info ][safepoint     ] Leaving safepoint region
[2023-11-16T01:28:35.978+0000][19483.740s][info ][safepoint     ] Total time for which application threads were stopped: 0.0003321 seconds, Stopping threads took: 0.0000470 seconds
[2023-11-16T01:28:52.980+0000][19500.741s][debug][safepoint     ] Safepoint synchronization initiated. (159 threads)
[2023-11-16T01:28:52.980+0000][19500.741s][info ][safepoint     ] Application time: 17.0016676 seconds
[2023-11-16T01:28:52.980+0000][19500.741s][info ][safepoint     ] Entering safepoint region: Cleanup
[2023-11-16T01:28:52.980+0000][19500.742s][info ][safepoint     ] Leaving safepoint region
[2023-11-16T01:28:52.980+0000][19500.742s][info ][safepoint     ] Total time for which application threads were stopped: 0.0003276 seconds, Stopping threads took: 0.0000457 seconds
[2023-11-16T01:29:35.984+0000][19543.745s][debug][safepoint     ] Safepoint synchronization initiated. (161 threads)
[2023-11-16T01:29:35.984+0000][19543.746s][info ][safepoint     ] Application time: 43.0037018 seconds
[2023-11-16T01:29:35.984+0000][19543.746s][info ][safepoint     ] Entering safepoint region: Cleanup
[2023-11-16T01:29:35.984+0000][19543.746s][info ][safepoint     ] Leaving safepoint region
[2023-11-16T01:29:35.984+0000][19543.746s][info ][safepoint     ] Total time for which application threads were stopped: 0.0003378 seconds, Stopping threads took: 0.0000492 seconds
[2023-11-16T01:29:45.985+0000][19553.747s][debug][safepoint     ] Safepoint synchronization initiated. (162 threads)
[2023-11-16T01:29:45.985+0000][19553.747s][info ][safepoint     ] Application time: 10.0008949 seconds
[2023-11-16T01:29:45.985+0000][19553.747s][info ][safepoint     ] Entering safepoint region: Cleanup
[2023-11-16T01:29:45.985+0000][19553.747s][info ][safepoint     ] Leaving safepoint region
[2023-11-16T01:29:45.986+0000][19553.747s][info ][safepoint     ] Total time for which application threads were stopped: 0.0003439 seconds, Stopping threads took: 0.0000489 seconds
[2023-11-16T01:29:55.986+0000][19563.748s][debug][safepoint     ] Safepoint synchronization initiated. (162 threads)
[2023-11-16T01:29:55.986+0000][19563.748s][info ][safepoint     ] Application time: 10.0009420 seconds
[2023-11-16T01:29:55.987+0000][19563.748s][info ][safepoint     ] Entering safepoint region: Cleanup
[2023-11-16T01:29:55.987+0000][19563.748s][info ][safepoint     ] Leaving safepoint region
[2023-11-16T01:29:55.987+0000][19563.748s][info ][safepoint     ] Total time for which application threads were stopped: 0.0003403 seconds, Stopping threads took: 0.0000477 seconds
[2023-11-16T01:34:52.429+0000][19860.191s][debug][safepoint     ] Safepoint synchronization initiated. (159 threads)
[2023-11-16T01:34:52.429+0000][19860.191s][info ][safepoint     ] Application time: 296.4426144 seconds
[2023-11-16T01:34:52.430+0000][19860.191s][info ][safepoint     ] Entering safepoint region: G1CollectForAllocation
[2023-11-16T01:34:52.430+0000][19860.191s][info ][gc,start      ] GC(78) Pause Young (Normal) (G1 Evacuation Pause)
[2023-11-16T01:34:52.430+0000][19860.192s][info ][gc,task       ] GC(78) Using 4 workers of 4 for evacuation
[2023-11-16T01:34:52.439+0000][19860.201s][info ][gc,phases     ] GC(78)   Pre Evacuate Collection Set: 0.0ms
[2023-11-16T01:34:52.439+0000][19860.201s][info ][gc,phases     ] GC(78)   Evacuate Collection Set: 2.4ms
[2023-11-16T01:34:52.439+0000][19860.201s][info ][gc,phases     ] GC(78)   Post Evacuate Collection Set: 6.5ms
[2023-11-16T01:34:52.439+0000][19860.201s][info ][gc,phases     ] GC(78)   Other: 0.4ms
[2023-11-16T01:34:52.439+0000][19860.201s][info ][gc,heap       ] GC(78) Eden regions: 475->0(475)
[2023-11-16T01:34:52.439+0000][19860.201s][info ][gc,heap       ] GC(78) Survivor regions: 2->2(60)
[2023-11-16T01:34:52.439+0000][19860.201s][info ][gc,heap       ] GC(78) Old regions: 148->148
[2023-11-16T01:34:52.439+0000][19860.201s][info ][gc,heap       ] GC(78) Humongous regions: 0->0
[2023-11-16T01:34:52.439+0000][19860.201s][info ][gc,metaspace  ] GC(78) Metaspace: 154107K(159164K)->154107K(159164K) NonClass: 136337K(139368K)->136337K(139368K) Class: 17770K(19796K)->17770K(19796K)
[2023-11-16T01:34:52.439+0000][19860.201s][info ][gc            ] GC(78) Pause Young (Normal) (G1 Evacuation Pause) 622M->148M(795M) 9.596ms
[2023-11-16T01:34:52.440+0000][19860.201s][info ][gc,cpu        ] GC(78) User=0.02s Sys=0.00s Real=0.01s
[2023-11-16T01:34:52.440+0000][19860.201s][info ][safepoint     ] Leaving safepoint region
[2023-11-16T01:34:52.440+0000][19860.201s][info ][safepoint     ] Total time for which application threads were stopped: 0.0101392 seconds, Stopping threads took: 0.0000480 seconds
[2023-11-16T01:34:52.441+0000][19860.203s][info ][gc,stringdedup] Concurrent String Deduplication (19860.203s)
[2023-11-16T01:34:52.441+0000][19860.203s][info ][gc,stringdedup] Concurrent String Deduplication 0.0B->0.0B(0.0B) avg 54.6% (19860.203s, 19860.203s) 0.045ms
[2023-11-16T01:37:01.451+0000][19989.213s][debug][safepoint     ] Safepoint synchronization initiated. (161 threads)
[2023-11-16T01:37:01.451+0000][19989.213s][info ][safepoint     ] Application time: 129.0116842 seconds
[2023-11-16T01:37:01.451+0000][19989.213s][info ][safepoint     ] Entering safepoint region: Cleanup
[2023-11-16T01:37:01.452+0000][19989.213s][info ][safepoint     ] Leaving safepoint region
[2023-11-16T01:37:01.452+0000][19989.213s][info ][safepoint     ] Total time for which application threads were stopped: 0.0003186 seconds, Stopping threads took: 0.0000522 seconds
[2023-11-16T01:40:04.468+0000][20172.230s][debug][safepoint     ] Safepoint synchronization initiated. (160 threads)
[2023-11-16T01:40:04.468+0000][20172.230s][info ][safepoint     ] Application time: 183.0165338 seconds
[2023-11-16T01:40:04.468+0000][20172.230s][info ][safepoint     ] Entering safepoint region: Cleanup
[2023-11-16T01:40:04.468+0000][20172.230s][info ][safepoint     ] Leaving safepoint region
[2023-11-16T01:40:04.468+0000][20172.230s][info ][safepoint     ] Total time for which application threads were stopped: 0.0002402 seconds, Stopping threads took: 0.0000485 seconds
[2023-11-16T01:41:02.474+0000][20230.236s][debug][safepoint     ] Safepoint synchronization initiated. (160 threads)
[2023-11-16T01:41:02.474+0000][20230.236s][info ][safepoint     ] Application time: 58.0054659 seconds
[2023-11-16T01:41:02.474+0000][20230.236s][info ][safepoint     ] Entering safepoint region: Cleanup
[2023-11-16T01:41:02.474+0000][20230.236s][info ][safepoint     ] Leaving safepoint region
[2023-11-16T01:41:02.474+0000][20230.236s][info ][safepoint     ] Total time for which application threads were stopped: 0.0002591 seconds, Stopping threads took: 0.0000487 seconds
[2023-11-16T01:41:05.475+0000][20233.236s][debug][safepoint     ] Safepoint synchronization initiated. (160 threads)
[2023-11-16T01:41:05.475+0000][20233.236s][info ][safepoint     ] Application time: 3.0003724 seconds
[2023-11-16T01:41:05.475+0000][20233.236s][info ][safepoint     ] Entering safepoint region: Cleanup
[2023-11-16T01:41:05.475+0000][20233.237s][info ][safepoint     ] Leaving safepoint region
[2023-11-16T01:41:05.475+0000][20233.237s][info ][safepoint     ] Total time for which application threads were stopped: 0.0003402 seconds, Stopping threads took: 0.0000489 seconds
[2023-11-16T01:43:20.991+0000][20368.753s][debug][safepoint     ] Safepoint synchronization initiated. (161 threads)
[2023-11-16T01:43:20.991+0000][20368.753s][info ][safepoint     ] Application time: 135.5164073 seconds
[2023-11-16T01:43:20.992+0000][20368.753s][debug][safepoint     ] Waiting for 1 thread(s) to block
[2023-11-16T01:43:20.992+0000][20368.753s][info ][safepoint     ] Entering safepoint region: G1CollectForAllocation
[2023-11-16T01:43:20.992+0000][20368.754s][info ][gc,start      ] GC(79) Pause Young (Normal) (G1 Evacuation Pause)
[2023-11-16T01:43:20.992+0000][20368.754s][info ][gc,task       ] GC(79) Using 4 workers of 4 for evacuation
[2023-11-16T01:43:20.999+0000][20368.761s][info ][gc,phases     ] GC(79)   Pre Evacuate Collection Set: 0.0ms
[2023-11-16T01:43:21.000+0000][20368.761s][info ][gc,phases     ] GC(79)   Evacuate Collection Set: 2.7ms
[2023-11-16T01:43:21.000+0000][20368.761s][info ][gc,phases     ] GC(79)   Post Evacuate Collection Set: 4.5ms
[2023-11-16T01:43:21.000+0000][20368.761s][info ][gc,phases     ] GC(79)   Other: 0.4ms
[2023-11-16T01:43:21.000+0000][20368.761s][info ][gc,heap       ] GC(79) Eden regions: 475->0(475)
[2023-11-16T01:43:21.000+0000][20368.761s][info ][gc,heap       ] GC(79) Survivor regions: 2->2(60)
[2023-11-16T01:43:21.000+0000][20368.761s][info ][gc,heap       ] GC(79) Old regions: 148->148
[2023-11-16T01:43:21.000+0000][20368.761s][info ][gc,heap       ] GC(79) Humongous regions: 0->0
[2023-11-16T01:43:21.000+0000][20368.761s][info ][gc,metaspace  ] GC(79) Metaspace: 154110K(159164K)->154110K(159164K) NonClass: 136339K(139368K)->136339K(139368K) Class: 17771K(19796K)->17771K(19796K)
[2023-11-16T01:43:21.000+0000][20368.761s][info ][gc            ] GC(79) Pause Young (Normal) (G1 Evacuation Pause) 623M->147M(795M) 7.797ms
[2023-11-16T01:43:21.000+0000][20368.761s][info ][gc,cpu        ] GC(79) User=0.01s Sys=0.02s Real=0.01s
[2023-11-16T01:43:21.000+0000][20368.761s][info ][safepoint     ] Leaving safepoint region
[2023-11-16T01:43:21.000+0000][20368.761s][info ][safepoint     ] Total time for which application threads were stopped: 0.0083460 seconds, Stopping threads took: 0.0001611 seconds
[2023-11-16T01:43:21.000+0000][20368.762s][info ][gc,stringdedup] Concurrent String Deduplication (20368.762s)
[2023-11-16T01:43:21.000+0000][20368.762s][info ][gc,stringdedup] Concurrent String Deduplication 0.0B->0.0B(0.0B) avg 54.6% (20368.762s, 20368.762s) 0.052ms
[2023-11-16T01:43:34.001+0000][20381.763s][debug][safepoint     ] Safepoint synchronization initiated. (161 threads)
[2023-11-16T01:43:34.001+0000][20381.763s][info ][safepoint     ] Application time: 13.0014714 seconds
[2023-11-16T01:43:34.001+0000][20381.763s][info ][safepoint     ] Entering safepoint region: Cleanup
[2023-11-16T01:43:34.002+0000][20381.763s][info ][safepoint     ] Leaving safepoint region
[2023-11-16T01:43:34.002+0000][20381.763s][info ][safepoint     ] Total time for which application threads were stopped: 0.0005230 seconds, Stopping threads took: 0.0000522 seconds
[2023-11-16T01:45:33.012+0000][20500.773s][debug][safepoint     ] Safepoint synchronization initiated. (160 threads)
[2023-11-16T01:45:33.012+0000][20500.773s][info ][safepoint     ] Application time: 119.0097497 seconds
[2023-11-16T01:45:33.012+0000][20500.773s][info ][safepoint     ] Entering safepoint region: Cleanup
[2023-11-16T01:45:33.012+0000][20500.774s][info ][safepoint     ] Leaving safepoint region
[2023-11-16T01:45:33.012+0000][20500.774s][info ][safepoint     ] Total time for which application threads were stopped: 0.0002798 seconds, Stopping threads took: 0.0000413 seconds
[2023-11-16T01:45:34.012+0000][20501.774s][debug][safepoint     ] Safepoint synchronization initiated. (160 threads)
[2023-11-16T01:45:34.012+0000][20501.774s][info ][safepoint     ] Application time: 1.0001130 seconds
[2023-11-16T01:45:34.012+0000][20501.774s][info ][safepoint     ] Entering safepoint region: Cleanup
[2023-11-16T01:45:34.012+0000][20501.774s][info ][safepoint     ] Leaving safepoint region
[2023-11-16T01:45:34.012+0000][20501.774s][info ][safepoint     ] Total time for which application threads were stopped: 0.0002096 seconds, Stopping threads took: 0.0000500 seconds
[2023-11-16T01:45:35.012+0000][20502.774s][debug][safepoint     ] Safepoint synchronization initiated. (160 threads)
[2023-11-16T01:45:35.012+0000][20502.774s][info ][safepoint     ] Application time: 1.0001350 seconds
[2023-11-16T01:45:35.012+0000][20502.774s][info ][safepoint     ] Entering safepoint region: Cleanup
[2023-11-16T01:45:35.013+0000][20502.774s][info ][safepoint     ] Leaving safepoint region
[2023-11-16T01:45:35.013+0000][20502.774s][info ][safepoint     ] Total time for which application threads were stopped: 0.0001946 seconds, Stopping threads took: 0.0000440 seconds
[2023-11-16T01:45:36.013+0000][20503.774s][debug][safepoint     ] Safepoint synchronization initiated. (160 threads)
[2023-11-16T01:45:36.013+0000][20503.774s][info ][safepoint     ] Application time: 1.0001472 seconds
[2023-11-16T01:45:36.013+0000][20503.774s][info ][safepoint     ] Entering safepoint region: Cleanup
[2023-11-16T01:45:36.013+0000][20503.775s][info ][safepoint     ] Leaving safepoint region
[2023-11-16T01:45:36.013+0000][20503.775s][info ][safepoint     ] Total time for which application threads were stopped: 0.0001851 seconds, Stopping threads took: 0.0000350 seconds
[2023-11-16T01:45:37.013+0000][20504.775s][debug][safepoint     ] Safepoint synchronization initiated. (160 threads)
[2023-11-16T01:45:37.013+0000][20504.775s][info ][safepoint     ] Application time: 1.0001370 seconds
[2023-11-16T01:45:37.013+0000][20504.775s][info ][safepoint     ] Entering safepoint region: Cleanup
[2023-11-16T01:45:37.013+0000][20504.775s][info ][safepoint     ] Leaving safepoint region
[2023-11-16T01:45:37.013+0000][20504.775s][info ][safepoint     ] Total time for which application threads were stopped: 0.0001750 seconds, Stopping threads took: 0.0000354 seconds
[2023-11-16T01:45:38.013+0000][20505.775s][debug][safepoint     ] Safepoint synchronization initiated. (160 threads)
[2023-11-16T01:45:38.013+0000][20505.775s][info ][safepoint     ] Application time: 1.0001226 seconds
[2023-11-16T01:45:38.013+0000][20505.775s][info ][safepoint     ] Entering safepoint region: Cleanup
[2023-11-16T01:45:38.014+0000][20505.775s][info ][safepoint     ] Leaving safepoint region
[2023-11-16T01:45:38.014+0000][20505.775s][info ][safepoint     ] Total time for which application threads were stopped: 0.0004317 seconds, Stopping threads took: 0.0002103 seconds
[2023-11-16T01:45:39.014+0000][20506.776s][debug][safepoint     ] Safepoint synchronization initiated. (160 threads)
[2023-11-16T01:45:39.014+0000][20506.776s][info ][safepoint     ] Application time: 1.0001161 seconds
[2023-11-16T01:45:39.014+0000][20506.776s][info ][safepoint     ] Entering safepoint region: Cleanup
[2023-11-16T01:45:39.014+0000][20506.776s][info ][safepoint     ] Leaving safepoint region
[2023-11-16T01:45:39.014+0000][20506.776s][info ][safepoint     ] Total time for which application threads were stopped: 0.0001729 seconds, Stopping threads took: 0.0000357 seconds
[2023-11-16T01:45:40.014+0000][20507.776s][debug][safepoint     ] Safepoint synchronization initiated. (160 threads)
[2023-11-16T01:45:40.014+0000][20507.776s][info ][safepoint     ] Application time: 1.0001186 seconds
[2023-11-16T01:45:40.014+0000][20507.776s][info ][safepoint     ] Entering safepoint region: Cleanup
[2023-11-16T01:45:40.014+0000][20507.776s][info ][safepoint     ] Leaving safepoint region
[2023-11-16T01:45:40.014+0000][20507.776s][info ][safepoint     ] Total time for which application threads were stopped: 0.0001699 seconds, Stopping threads took: 0.0000347 seconds
[2023-11-16T01:45:41.015+0000][20508.776s][debug][safepoint     ] Safepoint synchronization initiated. (160 threads)
[2023-11-16T01:45:41.015+0000][20508.776s][info ][safepoint     ] Application time: 1.0001126 seconds
[2023-11-16T01:45:41.015+0000][20508.776s][info ][safepoint     ] Entering safepoint region: Cleanup
[2023-11-16T01:45:41.015+0000][20508.776s][info ][safepoint     ] Leaving safepoint region
[2023-11-16T01:45:41.015+0000][20508.776s][info ][safepoint     ] Total time for which application threads were stopped: 0.0002323 seconds, Stopping threads took: 0.0000558 seconds
[2023-11-16T01:45:42.015+0000][20509.777s][debug][safepoint     ] Safepoint synchronization initiated. (160 threads)
[2023-11-16T01:45:42.015+0000][20509.777s][info ][safepoint     ] Application time: 1.0001262 seconds
[2023-11-16T01:45:42.015+0000][20509.777s][info ][safepoint     ] Entering safepoint region: Cleanup
[2023-11-16T01:45:42.015+0000][20509.777s][info ][safepoint     ] Leaving safepoint region
[2023-11-16T01:45:42.015+0000][20509.777s][info ][safepoint     ] Total time for which application threads were stopped: 0.0002017 seconds, Stopping threads took: 0.0000365 seconds
[2023-11-16T01:45:43.015+0000][20510.777s][debug][safepoint     ] Safepoint synchronization initiated. (160 threads)
[2023-11-16T01:45:43.015+0000][20510.777s][info ][safepoint     ] Application time: 1.0001253 seconds
[2023-11-16T01:45:43.015+0000][20510.777s][info ][safepoint     ] Entering safepoint region: Cleanup
[2023-11-16T01:45:43.016+0000][20510.777s][info ][safepoint     ] Leaving safepoint region
[2023-11-16T01:45:43.016+0000][20510.777s][info ][safepoint     ] Total time for which application threads were stopped: 0.0003533 seconds, Stopping threads took: 0.0002093 seconds
[2023-11-16T01:45:44.016+0000][20511.777s][debug][safepoint     ] Safepoint synchronization initiated. (160 threads)
[2023-11-16T01:45:44.016+0000][20511.777s][info ][safepoint     ] Application time: 1.0001149 seconds
[2023-11-16T01:45:44.016+0000][20511.777s][info ][safepoint     ] Entering safepoint region: Cleanup
[2023-11-16T01:45:44.016+0000][20511.778s][info ][safepoint     ] Leaving safepoint region
[2023-11-16T01:45:44.016+0000][20511.778s][info ][safepoint     ] Total time for which application threads were stopped: 0.0001797 seconds, Stopping threads took: 0.0000365 seconds
[2023-11-16T01:45:45.016+0000][20512.778s][debug][safepoint     ] Safepoint synchronization initiated. (160 threads)
[2023-11-16T01:45:45.016+0000][20512.778s][info ][safepoint     ] Application time: 1.0001347 seconds
[2023-11-16T01:45:45.016+0000][20512.778s][info ][safepoint     ] Entering safepoint region: Cleanup
[2023-11-16T01:45:45.016+0000][20512.778s][info ][safepoint     ] Leaving safepoint region
[2023-11-16T01:45:45.016+0000][20512.778s][info ][safepoint     ] Total time for which application threads were stopped: 0.0001651 seconds, Stopping threads took: 0.0000386 seconds
[2023-11-16T01:45:46.016+0000][20513.778s][debug][safepoint     ] Safepoint synchronization initiated. (160 threads)
[2023-11-16T01:45:46.016+0000][20513.778s][info ][safepoint     ] Application time: 1.0001101 seconds
[2023-11-16T01:45:46.016+0000][20513.778s][info ][safepoint     ] Entering safepoint region: Cleanup
[2023-11-16T01:45:46.017+0000][20513.778s][info ][safepoint     ] Leaving safepoint region
[2023-11-16T01:45:46.017+0000][20513.778s][info ][safepoint     ] Total time for which application threads were stopped: 0.0001905 seconds, Stopping threads took: 0.0000344 seconds
[2023-11-16T01:45:47.017+0000][20514.778s][debug][safepoint     ] Safepoint synchronization initiated. (160 threads)
[2023-11-16T01:45:47.017+0000][20514.778s][info ][safepoint     ] Application time: 1.0001263 seconds
[2023-11-16T01:45:47.017+0000][20514.778s][info ][safepoint     ] Entering safepoint region: Cleanup
[2023-11-16T01:45:47.017+0000][20514.779s][info ][safepoint     ] Leaving safepoint region
[2023-11-16T01:45:47.017+0000][20514.779s][info ][safepoint     ] Total time for which application threads were stopped: 0.0001781 seconds, Stopping threads took: 0.0000348 seconds
[2023-11-16T01:45:48.017+0000][20515.779s][debug][safepoint     ] Safepoint synchronization initiated. (160 threads)
[2023-11-16T01:45:48.017+0000][20515.779s][info ][safepoint     ] Application time: 1.0001251 seconds
[2023-11-16T01:45:48.017+0000][20515.779s][info ][safepoint     ] Entering safepoint region: Cleanup
[2023-11-16T01:45:48.017+0000][20515.779s][info ][safepoint     ] Leaving safepoint region
[2023-11-16T01:45:48.017+0000][20515.779s][info ][safepoint     ] Total time for which application threads were stopped: 0.0001619 seconds, Stopping threads took: 0.0000368 seconds
[2023-11-16T01:45:49.017+0000][20516.779s][debug][safepoint     ] Safepoint synchronization initiated. (160 threads)
[2023-11-16T01:45:49.017+0000][20516.779s][info ][safepoint     ] Application time: 1.0000878 seconds
[2023-11-16T01:45:49.017+0000][20516.779s][info ][safepoint     ] Entering safepoint region: Cleanup
[2023-11-16T01:45:49.018+0000][20516.779s][info ][safepoint     ] Leaving safepoint region
[2023-11-16T01:45:49.018+0000][20516.779s][info ][safepoint     ] Total time for which application threads were stopped: 0.0002340 seconds, Stopping threads took: 0.0000385 seconds
[2023-11-16T01:45:50.018+0000][20517.779s][debug][safepoint     ] Safepoint synchronization initiated. (160 threads)
[2023-11-16T01:45:50.018+0000][20517.779s][info ][safepoint     ] Application time: 1.0001644 seconds
[2023-11-16T01:45:50.018+0000][20517.779s][info ][safepoint     ] Entering safepoint region: Cleanup
[2023-11-16T01:45:50.018+0000][20517.780s][info ][safepoint     ] Leaving safepoint region
[2023-11-16T01:45:50.018+0000][20517.780s][info ][safepoint     ] Total time for which application threads were stopped: 0.0001866 seconds, Stopping threads took: 0.0000401 seconds
[2023-11-16T01:45:51.018+0000][20518.780s][debug][safepoint     ] Safepoint synchronization initiated. (160 threads)
[2023-11-16T01:45:51.018+0000][20518.780s][info ][safepoint     ] Application time: 1.0001152 seconds
[2023-11-16T01:45:51.018+0000][20518.780s][info ][safepoint     ] Entering safepoint region: Cleanup
[2023-11-16T01:45:51.018+0000][20518.780s][info ][safepoint     ] Leaving safepoint region
[2023-11-16T01:45:51.018+0000][20518.780s][info ][safepoint     ] Total time for which application threads were stopped: 0.0001808 seconds, Stopping threads took: 0.0000466 seconds
[2023-11-16T01:45:52.018+0000][20519.780s][debug][safepoint     ] Safepoint synchronization initiated. (160 threads)
[2023-11-16T01:45:52.018+0000][20519.780s][info ][safepoint     ] Application time: 1.0001195 seconds
[2023-11-16T01:45:52.018+0000][20519.780s][info ][safepoint     ] Entering safepoint region: Cleanup
[2023-11-16T01:45:52.019+0000][20519.780s][info ][safepoint     ] Leaving safepoint region
[2023-11-16T01:45:52.019+0000][20519.780s][info ][safepoint     ] Total time for which application threads were stopped: 0.0002382 seconds, Stopping threads took: 0.0000363 seconds
[2023-11-16T01:45:53.019+0000][20520.780s][debug][safepoint     ] Safepoint synchronization initiated. (160 threads)
[2023-11-16T01:45:53.019+0000][20520.780s][info ][safepoint     ] Application time: 1.0001315 seconds
[2023-11-16T01:45:53.019+0000][20520.781s][info ][safepoint     ] Entering safepoint region: Cleanup
[2023-11-16T01:45:53.019+0000][20520.781s][info ][safepoint     ] Leaving safepoint region
[2023-11-16T01:45:53.019+0000][20520.781s][info ][safepoint     ] Total time for which application threads were stopped: 0.0001943 seconds, Stopping threads took: 0.0000478 seconds
[2023-11-16T01:45:54.019+0000][20521.781s][debug][safepoint     ] Safepoint synchronization initiated. (160 threads)
[2023-11-16T01:45:54.019+0000][20521.781s][info ][safepoint     ] Application time: 1.0001281 seconds
[2023-11-16T01:45:54.019+0000][20521.781s][info ][safepoint     ] Entering safepoint region: Cleanup
[2023-11-16T01:45:54.019+0000][20521.781s][info ][safepoint     ] Leaving safepoint region
[2023-11-16T01:45:54.019+0000][20521.781s][info ][safepoint     ] Total time for which application threads were stopped: 0.0002204 seconds, Stopping threads took: 0.0000409 seconds
[2023-11-16T01:45:55.019+0000][20522.781s][debug][safepoint     ] Safepoint synchronization initiated. (160 threads)
[2023-11-16T01:45:55.020+0000][20522.781s][info ][safepoint     ] Application time: 1.0001012 seconds
[2023-11-16T01:45:55.020+0000][20522.781s][info ][safepoint     ] Entering safepoint region: Cleanup
[2023-11-16T01:45:55.020+0000][20522.781s][info ][safepoint     ] Leaving safepoint region
[2023-11-16T01:45:55.020+0000][20522.781s][info ][safepoint     ] Total time for which application threads were stopped: 0.0002371 seconds, Stopping threads took: 0.0000393 seconds
[2023-11-16T01:45:56.020+0000][20523.781s][debug][safepoint     ] Safepoint synchronization initiated. (160 threads)
[2023-11-16T01:45:56.020+0000][20523.782s][info ][safepoint     ] Application time: 1.0000857 seconds
[2023-11-16T01:45:56.020+0000][20523.782s][info ][safepoint     ] Entering safepoint region: Cleanup
[2023-11-16T01:45:56.020+0000][20523.782s][info ][safepoint     ] Leaving safepoint region
[2023-11-16T01:45:56.020+0000][20523.782s][info ][safepoint     ] Total time for which application threads were stopped: 0.0001842 seconds, Stopping threads took: 0.0000374 seconds
[2023-11-16T01:45:57.020+0000][20524.782s][debug][safepoint     ] Safepoint synchronization initiated. (160 threads)
[2023-11-16T01:45:57.020+0000][20524.782s][info ][safepoint     ] Application time: 1.0001586 seconds
[2023-11-16T01:45:57.020+0000][20524.782s][info ][safepoint     ] Entering safepoint region: Cleanup
[2023-11-16T01:45:57.020+0000][20524.782s][info ][safepoint     ] Leaving safepoint region
[2023-11-16T01:45:57.020+0000][20524.782s][info ][safepoint     ] Total time for which application threads were stopped: 0.0002159 seconds, Stopping threads took: 0.0000387 seconds
[2023-11-16T01:45:58.021+0000][20525.782s][debug][safepoint     ] Safepoint synchronization initiated. (160 threads)
[2023-11-16T01:45:58.021+0000][20525.782s][info ][safepoint     ] Application time: 1.0001196 seconds
[2023-11-16T01:45:58.021+0000][20525.782s][info ][safepoint     ] Entering safepoint region: Cleanup
[2023-11-16T01:45:58.021+0000][20525.782s][info ][safepoint     ] Leaving safepoint region
[2023-11-16T01:45:58.021+0000][20525.782s][info ][safepoint     ] Total time for which application threads were stopped: 0.0001774 seconds, Stopping threads took: 0.0000364 seconds
[2023-11-16T01:45:59.021+0000][20526.783s][debug][safepoint     ] Safepoint synchronization initiated. (160 threads)
[2023-11-16T01:45:59.021+0000][20526.783s][info ][safepoint     ] Application time: 1.0001354 seconds
[2023-11-16T01:45:59.021+0000][20526.783s][info ][safepoint     ] Entering safepoint region: Cleanup
[2023-11-16T01:45:59.021+0000][20526.783s][info ][safepoint     ] Leaving safepoint region
[2023-11-16T01:45:59.021+0000][20526.783s][info ][safepoint     ] Total time for which application threads were stopped: 0.0001587 seconds, Stopping threads took: 0.0000360 seconds
[2023-11-16T01:46:00.021+0000][20527.783s][debug][safepoint     ] Safepoint synchronization initiated. (160 threads)
[2023-11-16T01:46:00.021+0000][20527.783s][info ][safepoint     ] Application time: 1.0001334 seconds
[2023-11-16T01:46:00.021+0000][20527.783s][info ][safepoint     ] Entering safepoint region: Cleanup
[2023-11-16T01:46:00.021+0000][20527.783s][info ][safepoint     ] Leaving safepoint region
[2023-11-16T01:46:00.021+0000][20527.783s][info ][safepoint     ] Total time for which application threads were stopped: 0.0001645 seconds, Stopping threads took: 0.0000356 seconds
[2023-11-16T01:46:01.021+0000][20528.783s][debug][safepoint     ] Safepoint synchronization initiated. (160 threads)
[2023-11-16T01:46:01.022+0000][20528.783s][info ][safepoint     ] Application time: 1.0000909 seconds
[2023-11-16T01:46:01.022+0000][20528.783s][info ][safepoint     ] Entering safepoint region: Cleanup
[2023-11-16T01:46:01.022+0000][20528.783s][info ][safepoint     ] Leaving safepoint region
[2023-11-16T01:46:01.022+0000][20528.783s][info ][safepoint     ] Total time for which application threads were stopped: 0.0002061 seconds, Stopping threads took: 0.0000387 seconds
[2023-11-16T01:46:02.022+0000][20529.783s][debug][safepoint     ] Safepoint synchronization initiated. (160 threads)
[2023-11-16T01:46:02.022+0000][20529.784s][info ][safepoint     ] Application time: 1.0001429 seconds
[2023-11-16T01:46:02.022+0000][20529.784s][info ][safepoint     ] Entering safepoint region: Cleanup
[2023-11-16T01:46:02.022+0000][20529.784s][info ][safepoint     ] Leaving safepoint region
[2023-11-16T01:46:02.022+0000][20529.784s][info ][safepoint     ] Total time for which application threads were stopped: 0.0001689 seconds, Stopping threads took: 0.0000399 seconds
[2023-11-16T01:46:03.022+0000][20530.784s][debug][safepoint     ] Safepoint synchronization initiated. (160 threads)
[2023-11-16T01:46:03.022+0000][20530.784s][info ][safepoint     ] Application time: 1.0000735 seconds
[2023-11-16T01:46:03.022+0000][20530.784s][info ][safepoint     ] Entering safepoint region: Cleanup
[2023-11-16T01:46:03.022+0000][20530.784s][info ][safepoint     ] Leaving safepoint region
[2023-11-16T01:46:03.022+0000][20530.784s][info ][safepoint     ] Total time for which application threads were stopped: 0.0002519 seconds, Stopping threads took: 0.0000356 seconds
[2023-11-16T01:46:04.022+0000][20531.784s][debug][safepoint     ] Safepoint synchronization initiated. (160 threads)
[2023-11-16T01:46:04.023+0000][20531.784s][info ][safepoint     ] Application time: 1.0001222 seconds
[2023-11-16T01:46:04.023+0000][20531.784s][info ][safepoint     ] Entering safepoint region: Cleanup
[2023-11-16T01:46:04.023+0000][20531.784s][info ][safepoint     ] Leaving safepoint region
[2023-11-16T01:46:04.023+0000][20531.784s][info ][safepoint     ] Total time for which application threads were stopped: 0.0001719 seconds, Stopping threads took: 0.0000358 seconds
[2023-11-16T01:46:05.023+0000][20532.784s][debug][safepoint     ] Safepoint synchronization initiated. (160 threads)
[2023-11-16T01:46:05.023+0000][20532.785s][info ][safepoint     ] Application time: 1.0001520 seconds
[2023-11-16T01:46:05.023+0000][20532.785s][info ][safepoint     ] Entering safepoint region: Cleanup
[2023-11-16T01:46:05.023+0000][20532.785s][info ][safepoint     ] Leaving safepoint region
[2023-11-16T01:46:05.023+0000][20532.785s][info ][safepoint     ] Total time for which application threads were stopped: 0.0001802 seconds, Stopping threads took: 0.0000376 seconds
[2023-11-16T01:46:06.023+0000][20533.785s][debug][safepoint     ] Safepoint synchronization initiated. (160 threads)
[2023-11-16T01:46:06.023+0000][20533.785s][info ][safepoint     ] Application time: 1.0001252 seconds
[2023-11-16T01:46:06.023+0000][20533.785s][info ][safepoint     ] Entering safepoint region: Cleanup
[2023-11-16T01:46:06.023+0000][20533.785s][info ][safepoint     ] Leaving safepoint region
[2023-11-16T01:46:06.023+0000][20533.785s][info ][safepoint     ] Total time for which application threads were stopped: 0.0002066 seconds, Stopping threads took: 0.0000369 seconds
[2023-11-16T01:46:07.023+0000][20534.785s][debug][safepoint     ] Safepoint synchronization initiated. (160 threads)
[2023-11-16T01:46:07.024+0000][20534.785s][info ][safepoint     ] Application time: 1.0000866 seconds
[2023-11-16T01:46:07.024+0000][20534.785s][info ][safepoint     ] Entering safepoint region: Cleanup
[2023-11-16T01:46:07.024+0000][20534.785s][info ][safepoint     ] Leaving safepoint region
[2023-11-16T01:46:07.024+0000][20534.785s][info ][safepoint     ] Total time for which application threads were stopped: 0.0002062 seconds, Stopping threads took: 0.0000370 seconds
[2023-11-16T01:46:08.024+0000][20535.785s][debug][safepoint     ] Safepoint synchronization initiated. (160 threads)
[2023-11-16T01:46:08.024+0000][20535.786s][info ][safepoint     ] Application time: 1.0001209 seconds
[2023-11-16T01:46:08.024+0000][20535.786s][info ][safepoint     ] Entering safepoint region: Cleanup
[2023-11-16T01:46:08.024+0000][20535.786s][info ][safepoint     ] Leaving safepoint region
[2023-11-16T01:46:08.024+0000][20535.786s][info ][safepoint     ] Total time for which application threads were stopped: 0.0001642 seconds, Stopping threads took: 0.0000359 seconds
[2023-11-16T01:46:09.024+0000][20536.786s][debug][safepoint     ] Safepoint synchronization initiated. (160 threads)
[2023-11-16T01:46:09.024+0000][20536.786s][info ][safepoint     ] Application time: 1.0001670 seconds
[2023-11-16T01:46:09.024+0000][20536.786s][info ][safepoint     ] Entering safepoint region: Cleanup
[2023-11-16T01:46:09.024+0000][20536.786s][info ][safepoint     ] Leaving safepoint region
[2023-11-16T01:46:09.024+0000][20536.786s][info ][safepoint     ] Total time for which application threads were stopped: 0.0001962 seconds, Stopping threads took: 0.0000447 seconds
[2023-11-16T01:46:10.025+0000][20537.786s][debug][safepoint     ] Safepoint synchronization initiated. (160 threads)
[2023-11-16T01:46:10.025+0000][20537.786s][info ][safepoint     ] Application time: 1.0001558 seconds
[2023-11-16T01:46:10.025+0000][20537.786s][info ][safepoint     ] Entering safepoint region: Cleanup
[2023-11-16T01:46:10.025+0000][20537.787s][info ][safepoint     ] Leaving safepoint region
[2023-11-16T01:46:10.025+0000][20537.787s][info ][safepoint     ] Total time for which application threads were stopped: 0.0003379 seconds, Stopping threads took: 0.0001735 seconds
[2023-11-16T01:46:11.026+0000][20538.788s][debug][safepoint     ] Safepoint synchronization initiated. (160 threads)
[2023-11-16T01:46:11.026+0000][20538.788s][info ][safepoint     ] Application time: 1.0012306 seconds
[2023-11-16T01:46:11.026+0000][20538.788s][info ][safepoint     ] Entering safepoint region: Cleanup
[2023-11-16T01:46:11.026+0000][20538.788s][info ][safepoint     ] Leaving safepoint region
[2023-11-16T01:46:11.027+0000][20538.788s][info ][safepoint     ] Total time for which application threads were stopped: 0.0003418 seconds, Stopping threads took: 0.0000390 seconds
[2023-11-16T01:46:12.027+0000][20539.788s][debug][safepoint     ] Safepoint synchronization initiated. (160 threads)
[2023-11-16T01:46:12.027+0000][20539.788s][info ][safepoint     ] Application time: 1.0001370 seconds
[2023-11-16T01:46:12.027+0000][20539.788s][info ][safepoint     ] Entering safepoint region: Cleanup
[2023-11-16T01:46:12.027+0000][20539.789s][info ][safepoint     ] Leaving safepoint region
[2023-11-16T01:46:12.027+0000][20539.789s][info ][safepoint     ] Total time for which application threads were stopped: 0.0001978 seconds, Stopping threads took: 0.0000369 seconds
[2023-11-16T01:46:13.027+0000][20540.789s][debug][safepoint     ] Safepoint synchronization initiated. (160 threads)
[2023-11-16T01:46:13.027+0000][20540.789s][info ][safepoint     ] Application time: 1.0001115 seconds
[2023-11-16T01:46:13.027+0000][20540.789s][info ][safepoint     ] Entering safepoint region: Cleanup
[2023-11-16T01:46:13.027+0000][20540.789s][info ][safepoint     ] Leaving safepoint region
[2023-11-16T01:46:13.027+0000][20540.789s][info ][safepoint     ] Total time for which application threads were stopped: 0.0001667 seconds, Stopping threads took: 0.0000374 seconds
[2023-11-16T01:46:14.027+0000][20541.789s][debug][safepoint     ] Safepoint synchronization initiated. (160 threads)
[2023-11-16T01:46:14.027+0000][20541.789s][info ][safepoint     ] Application time: 1.0001235 seconds
[2023-11-16T01:46:14.027+0000][20541.789s][info ][safepoint     ] Entering safepoint region: Cleanup
[2023-11-16T01:46:14.027+0000][20541.789s][info ][safepoint     ] Leaving safepoint region
[2023-11-16T01:46:14.028+0000][20541.789s][info ][safepoint     ] Total time for which application threads were stopped: 0.0002030 seconds, Stopping threads took: 0.0000372 seconds
[2023-11-16T01:46:15.028+0000][20542.789s][debug][safepoint     ] Safepoint synchronization initiated. (160 threads)
[2023-11-16T01:46:15.028+0000][20542.789s][info ][safepoint     ] Application time: 1.0001711 seconds
[2023-11-16T01:46:15.028+0000][20542.789s][info ][safepoint     ] Entering safepoint region: Cleanup
[2023-11-16T01:46:15.028+0000][20542.790s][info ][safepoint     ] Leaving safepoint region
[2023-11-16T01:46:15.028+0000][20542.790s][info ][safepoint     ] Total time for which application threads were stopped: 0.0001904 seconds, Stopping threads took: 0.0000407 seconds
[2023-11-16T01:46:16.028+0000][20543.790s][debug][safepoint     ] Safepoint synchronization initiated. (160 threads)
[2023-11-16T01:46:16.028+0000][20543.790s][info ][safepoint     ] Application time: 1.0001230 seconds
[2023-11-16T01:46:16.028+0000][20543.790s][info ][safepoint     ] Entering safepoint region: Cleanup
[2023-11-16T01:46:16.028+0000][20543.790s][info ][safepoint     ] Leaving safepoint region
[2023-11-16T01:46:16.028+0000][20543.790s][info ][safepoint     ] Total time for which application threads were stopped: 0.0001985 seconds, Stopping threads took: 0.0000407 seconds
[2023-11-16T01:46:17.028+0000][20544.790s][debug][safepoint     ] Safepoint synchronization initiated. (160 threads)
[2023-11-16T01:46:17.028+0000][20544.790s][info ][safepoint     ] Application time: 1.0001581 seconds
[2023-11-16T01:46:17.028+0000][20544.790s][info ][safepoint     ] Entering safepoint region: Cleanup
[2023-11-16T01:46:17.029+0000][20544.790s][info ][safepoint     ] Leaving safepoint region
[2023-11-16T01:46:17.029+0000][20544.790s][info ][safepoint     ] Total time for which application threads were stopped: 0.0002502 seconds, Stopping threads took: 0.0000355 seconds
[2023-11-16T01:46:18.029+0000][20545.790s][debug][safepoint     ] Safepoint synchronization initiated. (160 threads)
[2023-11-16T01:46:18.029+0000][20545.791s][info ][safepoint     ] Application time: 1.0001625 seconds
[2023-11-16T01:46:18.029+0000][20545.791s][info ][safepoint     ] Entering safepoint region: Cleanup
[2023-11-16T01:46:18.029+0000][20545.791s][info ][safepoint     ] Leaving safepoint region
[2023-11-16T01:46:18.029+0000][20545.791s][info ][safepoint     ] Total time for which application threads were stopped: 0.0002683 seconds, Stopping threads took: 0.0000387 seconds
[2023-11-16T01:46:19.029+0000][20546.791s][debug][safepoint     ] Safepoint synchronization initiated. (160 threads)
[2023-11-16T01:46:19.029+0000][20546.791s][info ][safepoint     ] Application time: 1.0001635 seconds
[2023-11-16T01:46:19.029+0000][20546.791s][info ][safepoint     ] Entering safepoint region: Cleanup
[2023-11-16T01:46:19.030+0000][20546.791s][info ][safepoint     ] Leaving safepoint region
[2023-11-16T01:46:19.030+0000][20546.791s][info ][safepoint     ] Total time for which application threads were stopped: 0.0001991 seconds, Stopping threads took: 0.0000410 seconds
[2023-11-16T01:46:20.030+0000][20547.791s][debug][safepoint     ] Safepoint synchronization initiated. (160 threads)
[2023-11-16T01:46:20.030+0000][20547.791s][info ][safepoint     ] Application time: 1.0001603 seconds
[2023-11-16T01:46:20.030+0000][20547.791s][info ][safepoint     ] Entering safepoint region: Cleanup
[2023-11-16T01:46:20.030+0000][20547.792s][info ][safepoint     ] Leaving safepoint region
[2023-11-16T01:46:20.030+0000][20547.792s][info ][safepoint     ] Total time for which application threads were stopped: 0.0002755 seconds, Stopping threads took: 0.0001305 seconds
[2023-11-16T01:46:21.030+0000][20548.792s][debug][safepoint     ] Safepoint synchronization initiated. (160 threads)
[2023-11-16T01:46:21.030+0000][20548.792s][info ][safepoint     ] Application time: 1.0001454 seconds
[2023-11-16T01:46:21.030+0000][20548.792s][info ][safepoint     ] Entering safepoint region: Cleanup
[2023-11-16T01:46:21.030+0000][20548.792s][info ][safepoint     ] Leaving safepoint region
[2023-11-16T01:46:21.030+0000][20548.792s][info ][safepoint     ] Total time for which application threads were stopped: 0.0001505 seconds, Stopping threads took: 0.0000351 seconds
[2023-11-16T01:46:22.030+0000][20549.792s][debug][safepoint     ] Safepoint synchronization initiated. (160 threads)
[2023-11-16T01:46:22.030+0000][20549.792s][info ][safepoint     ] Application time: 1.0001524 seconds
[2023-11-16T01:46:22.031+0000][20549.792s][info ][safepoint     ] Entering safepoint region: Cleanup
[2023-11-16T01:46:22.031+0000][20549.792s][info ][safepoint     ] Leaving safepoint region
[2023-11-16T01:46:22.031+0000][20549.792s][info ][safepoint     ] Total time for which application threads were stopped: 0.0002586 seconds, Stopping threads took: 0.0000552 seconds
[2023-11-16T01:46:23.031+0000][20550.793s][debug][safepoint     ] Safepoint synchronization initiated. (160 threads)
[2023-11-16T01:46:23.031+0000][20550.793s][info ][safepoint     ] Application time: 1.0001444 seconds
[2023-11-16T01:46:23.031+0000][20550.793s][info ][safepoint     ] Entering safepoint region: Cleanup
[2023-11-16T01:46:23.031+0000][20550.793s][info ][safepoint     ] Leaving safepoint region
[2023-11-16T01:46:23.031+0000][20550.793s][info ][safepoint     ] Total time for which application threads were stopped: 0.0001720 seconds, Stopping threads took: 0.0000353 seconds
[2023-11-16T01:46:24.031+0000][20551.793s][debug][safepoint     ] Safepoint synchronization initiated. (160 threads)
[2023-11-16T01:46:24.031+0000][20551.793s][info ][safepoint     ] Application time: 1.0001451 seconds
[2023-11-16T01:46:24.031+0000][20551.793s][info ][safepoint     ] Entering safepoint region: Cleanup
[2023-11-16T01:46:24.031+0000][20551.793s][info ][safepoint     ] Leaving safepoint region
[2023-11-16T01:46:24.032+0000][20551.793s][info ][safepoint     ] Total time for which application threads were stopped: 0.0002238 seconds, Stopping threads took: 0.0000416 seconds
[2023-11-16T01:46:25.032+0000][20552.793s][debug][safepoint     ] Safepoint synchronization initiated. (160 threads)
[2023-11-16T01:46:25.032+0000][20552.793s][info ][safepoint     ] Application time: 1.0001476 seconds
[2023-11-16T01:46:25.032+0000][20552.793s][info ][safepoint     ] Entering safepoint region: Cleanup
[2023-11-16T01:46:25.032+0000][20552.794s][info ][safepoint     ] Leaving safepoint region
[2023-11-16T01:46:25.032+0000][20552.794s][info ][safepoint     ] Total time for which application threads were stopped: 0.0003947 seconds, Stopping threads took: 0.0001906 seconds
[2023-11-16T01:46:26.032+0000][20553.794s][debug][safepoint     ] Safepoint synchronization initiated. (160 threads)
[2023-11-16T01:46:26.032+0000][20553.794s][info ][safepoint     ] Application time: 1.0001540 seconds
[2023-11-16T01:46:26.032+0000][20553.794s][info ][safepoint     ] Entering safepoint region: Cleanup
[2023-11-16T01:46:26.032+0000][20553.794s][info ][safepoint     ] Leaving safepoint region
[2023-11-16T01:46:26.033+0000][20553.794s][info ][safepoint     ] Total time for which application threads were stopped: 0.0002788 seconds, Stopping threads took: 0.0000347 seconds
[2023-11-16T01:46:27.033+0000][20554.794s][debug][safepoint     ] Safepoint synchronization initiated. (160 threads)
[2023-11-16T01:46:27.033+0000][20554.794s][info ][safepoint     ] Application time: 1.0001314 seconds
[2023-11-16T01:46:27.033+0000][20554.794s][info ][safepoint     ] Entering safepoint region: Cleanup
[2023-11-16T01:46:27.033+0000][20554.795s][info ][safepoint     ] Leaving safepoint region
[2023-11-16T01:46:27.033+0000][20554.795s][info ][safepoint     ] Total time for which application threads were stopped: 0.0002462 seconds, Stopping threads took: 0.0000370 seconds
[2023-11-16T01:46:28.033+0000][20555.795s][debug][safepoint     ] Safepoint synchronization initiated. (160 threads)
[2023-11-16T01:46:28.033+0000][20555.795s][info ][safepoint     ] Application time: 1.0001386 seconds
[2023-11-16T01:46:28.033+0000][20555.795s][info ][safepoint     ] Entering safepoint region: Cleanup
[2023-11-16T01:46:28.033+0000][20555.795s][info ][safepoint     ] Leaving safepoint region
[2023-11-16T01:46:28.033+0000][20555.795s][info ][safepoint     ] Total time for which application threads were stopped: 0.0001767 seconds, Stopping threads took: 0.0000348 seconds
[2023-11-16T01:46:29.033+0000][20556.795s][debug][safepoint     ] Safepoint synchronization initiated. (160 threads)
[2023-11-16T01:46:29.033+0000][20556.795s][info ][safepoint     ] Application time: 1.0001486 seconds
[2023-11-16T01:46:29.033+0000][20556.795s][info ][safepoint     ] Entering safepoint region: Cleanup
[2023-11-16T01:46:29.034+0000][20556.795s][info ][safepoint     ] Leaving safepoint region
[2023-11-16T01:46:29.034+0000][20556.795s][info ][safepoint     ] Total time for which application threads were stopped: 0.0002380 seconds, Stopping threads took: 0.0000348 seconds
[2023-11-16T01:46:30.034+0000][20557.795s][debug][safepoint     ] Safepoint synchronization initiated. (160 threads)
[2023-11-16T01:46:30.034+0000][20557.795s][info ][safepoint     ] Application time: 1.0001486 seconds
[2023-11-16T01:46:30.034+0000][20557.795s][info ][safepoint     ] Entering safepoint region: Cleanup
[2023-11-16T01:46:30.034+0000][20557.796s][info ][safepoint     ] Leaving safepoint region
[2023-11-16T01:46:30.034+0000][20557.796s][info ][safepoint     ] Total time for which application threads were stopped: 0.0003199 seconds, Stopping threads took: 0.0001380 seconds
[2023-11-16T01:46:31.034+0000][20558.796s][debug][safepoint     ] Safepoint synchronization initiated. (160 threads)
[2023-11-16T01:46:31.034+0000][20558.796s][info ][safepoint     ] Application time: 1.0001474 seconds
[2023-11-16T01:46:31.034+0000][20558.796s][info ][safepoint     ] Entering safepoint region: Cleanup
[2023-11-16T01:46:31.035+0000][20558.796s][info ][safepoint     ] Leaving safepoint region
[2023-11-16T01:46:31.035+0000][20558.796s][info ][safepoint     ] Total time for which application threads were stopped: 0.0002315 seconds, Stopping threads took: 0.0000345 seconds
[2023-11-16T01:46:32.035+0000][20559.796s][debug][safepoint     ] Safepoint synchronization initiated. (160 threads)
[2023-11-16T01:46:32.035+0000][20559.796s][info ][safepoint     ] Application time: 1.0001495 seconds
[2023-11-16T01:46:32.035+0000][20559.796s][info ][safepoint     ] Entering safepoint region: Cleanup
[2023-11-16T01:46:32.035+0000][20559.797s][info ][safepoint     ] Leaving safepoint region
[2023-11-16T01:46:32.035+0000][20559.797s][info ][safepoint     ] Total time for which application threads were stopped: 0.0002683 seconds, Stopping threads took: 0.0000395 seconds
[2023-11-16T01:47:36.041+0000][20623.802s][debug][safepoint     ] Safepoint synchronization initiated. (159 threads)
[2023-11-16T01:47:36.041+0000][20623.802s][info ][safepoint     ] Application time: 64.0057960 seconds
[2023-11-16T01:47:36.041+0000][20623.802s][info ][safepoint     ] Entering safepoint region: Cleanup
[2023-11-16T01:47:36.041+0000][20623.803s][info ][safepoint     ] Leaving safepoint region
[2023-11-16T01:47:36.041+0000][20623.803s][info ][safepoint     ] Total time for which application threads were stopped: 0.0001668 seconds, Stopping threads took: 0.0000346 seconds
[2023-11-16T01:48:05.044+0000][20652.805s][debug][safepoint     ] Safepoint synchronization initiated. (159 threads)
[2023-11-16T01:48:05.044+0000][20652.805s][info ][safepoint     ] Application time: 29.0026266 seconds
[2023-11-16T01:48:05.044+0000][20652.805s][info ][safepoint     ] Entering safepoint region: Cleanup
[2023-11-16T01:48:05.044+0000][20652.805s][info ][safepoint     ] Leaving safepoint region
[2023-11-16T01:48:05.044+0000][20652.805s][info ][safepoint     ] Total time for which application threads were stopped: 0.0001806 seconds, Stopping threads took: 0.0000344 seconds
[2023-11-16T01:51:50.978+0000][20878.739s][debug][safepoint     ] Safepoint synchronization initiated. (160 threads)
[2023-11-16T01:51:50.978+0000][20878.739s][info ][safepoint     ] Application time: 225.9340424 seconds
[2023-11-16T01:51:50.978+0000][20878.740s][info ][safepoint     ] Entering safepoint region: G1CollectForAllocation
[2023-11-16T01:51:50.978+0000][20878.740s][info ][gc,start      ] GC(80) Pause Young (Normal) (G1 Evacuation Pause)
[2023-11-16T01:51:50.978+0000][20878.740s][info ][gc,task       ] GC(80) Using 4 workers of 4 for evacuation
[2023-11-16T01:51:50.986+0000][20878.747s][info ][gc,phases     ] GC(80)   Pre Evacuate Collection Set: 0.0ms
[2023-11-16T01:51:50.986+0000][20878.747s][info ][gc,phases     ] GC(80)   Evacuate Collection Set: 2.5ms
[2023-11-16T01:51:50.986+0000][20878.747s][info ][gc,phases     ] GC(80)   Post Evacuate Collection Set: 4.4ms
[2023-11-16T01:51:50.986+0000][20878.747s][info ][gc,phases     ] GC(80)   Other: 0.4ms
[2023-11-16T01:51:50.986+0000][20878.747s][info ][gc,heap       ] GC(80) Eden regions: 475->0(475)
[2023-11-16T01:51:50.986+0000][20878.747s][info ][gc,heap       ] GC(80) Survivor regions: 2->2(60)
[2023-11-16T01:51:50.986+0000][20878.747s][info ][gc,heap       ] GC(80) Old regions: 148->148
[2023-11-16T01:51:50.986+0000][20878.747s][info ][gc,heap       ] GC(80) Humongous regions: 0->0
[2023-11-16T01:51:50.986+0000][20878.747s][info ][gc,metaspace  ] GC(80) Metaspace: 154113K(159420K)->154113K(159420K) NonClass: 136341K(139624K)->136341K(139624K) Class: 17771K(19796K)->17771K(19796K)
[2023-11-16T01:51:50.986+0000][20878.747s][info ][gc            ] GC(80) Pause Young (Normal) (G1 Evacuation Pause) 622M->147M(795M) 7.485ms
[2023-11-16T01:51:50.986+0000][20878.748s][info ][gc,cpu        ] GC(80) User=0.02s Sys=0.00s Real=0.01s
[2023-11-16T01:51:50.986+0000][20878.748s][info ][safepoint     ] Leaving safepoint region
[2023-11-16T01:51:50.986+0000][20878.748s][info ][safepoint     ] Total time for which application threads were stopped: 0.0080554 seconds, Stopping threads took: 0.0002206 seconds
[2023-11-16T01:51:50.986+0000][20878.748s][info ][gc,stringdedup] Concurrent String Deduplication (20878.748s)
[2023-11-16T01:51:50.986+0000][20878.748s][info ][gc,stringdedup] Concurrent String Deduplication 33800.0B->88.0B(33712.0B) avg 54.6% (20878.748s, 20878.748s) 0.336ms
[2023-11-16T01:52:35.990+0000][20923.752s][debug][safepoint     ] Safepoint synchronization initiated. (159 threads)
[2023-11-16T01:52:35.990+0000][20923.752s][info ][safepoint     ] Application time: 45.0040107 seconds
[2023-11-16T01:52:35.990+0000][20923.752s][info ][safepoint     ] Entering safepoint region: Cleanup
[2023-11-16T01:52:35.990+0000][20923.752s][info ][safepoint     ] Leaving safepoint region
[2023-11-16T01:52:35.990+0000][20923.752s][info ][safepoint     ] Total time for which application threads were stopped: 0.0003326 seconds, Stopping threads took: 0.0000466 seconds
[2023-11-16T01:53:49.997+0000][20997.759s][debug][safepoint     ] Safepoint synchronization initiated. (159 threads)
[2023-11-16T01:53:49.997+0000][20997.759s][info ][safepoint     ] Application time: 74.0066609 seconds
[2023-11-16T01:53:49.997+0000][20997.759s][info ][safepoint     ] Entering safepoint region: Cleanup
[2023-11-16T01:53:49.997+0000][20997.759s][info ][safepoint     ] Leaving safepoint region
[2023-11-16T01:53:49.997+0000][20997.759s][info ][safepoint     ] Total time for which application threads were stopped: 0.0003272 seconds, Stopping threads took: 0.0000450 seconds
[2023-11-16T01:55:17.007+0000][21084.769s][debug][safepoint     ] Safepoint synchronization initiated. (159 threads)
[2023-11-16T01:55:17.007+0000][21084.769s][info ][safepoint     ] Application time: 87.0100183 seconds
[2023-11-16T01:55:17.007+0000][21084.769s][info ][safepoint     ] Entering safepoint region: Cleanup
[2023-11-16T01:55:17.008+0000][21084.769s][info ][safepoint     ] Leaving safepoint region
[2023-11-16T01:55:17.008+0000][21084.769s][info ][safepoint     ] Total time for which application threads were stopped: 0.0001744 seconds, Stopping threads took: 0.0000364 seconds
[2023-11-16T01:58:45.025+0000][21292.787s][debug][safepoint     ] Safepoint synchronization initiated. (161 threads)
[2023-11-16T01:58:45.025+0000][21292.787s][info ][safepoint     ] Application time: 208.0174629 seconds
[2023-11-16T01:58:45.025+0000][21292.787s][info ][safepoint     ] Entering safepoint region: Cleanup
[2023-11-16T01:58:45.025+0000][21292.787s][info ][safepoint     ] Leaving safepoint region
[2023-11-16T01:58:45.025+0000][21292.787s][info ][safepoint     ] Total time for which application threads were stopped: 0.0001685 seconds, Stopping threads took: 0.0000376 seconds
[2023-11-16T01:59:36.029+0000][21343.791s][debug][safepoint     ] Safepoint synchronization initiated. (163 threads)
[2023-11-16T01:59:36.029+0000][21343.791s][info ][safepoint     ] Application time: 51.0038709 seconds
[2023-11-16T01:59:36.029+0000][21343.791s][info ][safepoint     ] Entering safepoint region: Cleanup
[2023-11-16T01:59:36.029+0000][21343.791s][info ][safepoint     ] Leaving safepoint region
[2023-11-16T01:59:36.029+0000][21343.791s][info ][safepoint     ] Total time for which application threads were stopped: 0.0002161 seconds, Stopping threads took: 0.0000366 seconds
[2023-11-16T02:00:18.510+0000][21386.272s][debug][safepoint     ] Safepoint synchronization initiated. (160 threads)
[2023-11-16T02:00:18.510+0000][21386.272s][info ][safepoint     ] Application time: 42.4806752 seconds
[2023-11-16T02:00:18.510+0000][21386.272s][debug][safepoint     ] Waiting for 1 thread(s) to block
[2023-11-16T02:00:18.510+0000][21386.272s][info ][safepoint     ] Entering safepoint region: G1CollectForAllocation
[2023-11-16T02:00:18.510+0000][21386.272s][info ][gc,start      ] GC(81) Pause Young (Normal) (G1 Evacuation Pause)
[2023-11-16T02:00:18.510+0000][21386.272s][info ][gc,task       ] GC(81) Using 4 workers of 4 for evacuation
[2023-11-16T02:00:18.521+0000][21386.282s][info ][gc,phases     ] GC(81)   Pre Evacuate Collection Set: 0.0ms
[2023-11-16T02:00:18.521+0000][21386.283s][info ][gc,phases     ] GC(81)   Evacuate Collection Set: 3.5ms
[2023-11-16T02:00:18.521+0000][21386.283s][info ][gc,phases     ] GC(81)   Post Evacuate Collection Set: 6.6ms
[2023-11-16T02:00:18.521+0000][21386.283s][info ][gc,phases     ] GC(81)   Other: 0.4ms
[2023-11-16T02:00:18.521+0000][21386.283s][info ][gc,heap       ] GC(81) Eden regions: 475->0(475)
[2023-11-16T02:00:18.521+0000][21386.283s][info ][gc,heap       ] GC(81) Survivor regions: 2->2(60)
[2023-11-16T02:00:18.521+0000][21386.283s][info ][gc,heap       ] GC(81) Old regions: 148->148
[2023-11-16T02:00:18.521+0000][21386.283s][info ][gc,heap       ] GC(81) Humongous regions: 0->0
[2023-11-16T02:00:18.521+0000][21386.283s][info ][gc,metaspace  ] GC(81) Metaspace: 154134K(159420K)->154134K(159420K) NonClass: 136363K(139624K)->136363K(139624K) Class: 17771K(19796K)->17771K(19796K)
[2023-11-16T02:00:18.521+0000][21386.283s][info ][gc            ] GC(81) Pause Young (Normal) (G1 Evacuation Pause) 622M->148M(795M) 10.624ms
[2023-11-16T02:00:18.521+0000][21386.283s][info ][gc,cpu        ] GC(81) User=0.03s Sys=0.00s Real=0.01s
[2023-11-16T02:00:18.521+0000][21386.283s][info ][safepoint     ] Leaving safepoint region
[2023-11-16T02:00:18.521+0000][21386.283s][info ][safepoint     ] Total time for which application threads were stopped: 0.0111346 seconds, Stopping threads took: 0.0001559 seconds
[2023-11-16T02:00:18.521+0000][21386.283s][info ][gc,stringdedup] Concurrent String Deduplication (21386.283s)
[2023-11-16T02:00:18.521+0000][21386.283s][info ][gc,stringdedup] Concurrent String Deduplication 536.0B->416.0B(120.0B) avg 54.6% (21386.283s, 21386.283s) 0.073ms
[2023-11-16T02:05:21.549+0000][21689.311s][debug][safepoint     ] Safepoint synchronization initiated. (161 threads)
[2023-11-16T02:05:21.549+0000][21689.311s][info ][safepoint     ] Application time: 303.0282585 seconds
[2023-11-16T02:05:21.549+0000][21689.311s][info ][safepoint     ] Entering safepoint region: Cleanup
[2023-11-16T02:05:21.550+0000][21689.311s][info ][safepoint     ] Leaving safepoint region
[2023-11-16T02:05:21.550+0000][21689.311s][info ][safepoint     ] Total time for which application threads were stopped: 0.0002770 seconds, Stopping threads took: 0.0000498 seconds
[2023-11-16T02:05:29.550+0000][21697.312s][debug][safepoint     ] Safepoint synchronization initiated. (161 threads)
[2023-11-16T02:05:29.551+0000][21697.312s][info ][safepoint     ] Application time: 8.0008239 seconds
[2023-11-16T02:05:29.551+0000][21697.312s][info ][safepoint     ] Entering safepoint region: Cleanup
[2023-11-16T02:05:29.551+0000][21697.313s][info ][safepoint     ] Leaving safepoint region
[2023-11-16T02:05:29.551+0000][21697.313s][info ][safepoint     ] Total time for which application threads were stopped: 0.0003397 seconds, Stopping threads took: 0.0000497 seconds
[2023-11-16T02:06:48.558+0000][21776.319s][debug][safepoint     ] Safepoint synchronization initiated. (160 threads)
[2023-11-16T02:06:48.558+0000][21776.320s][info ][safepoint     ] Application time: 79.0069556 seconds
[2023-11-16T02:06:48.558+0000][21776.320s][info ][safepoint     ] Entering safepoint region: Cleanup
[2023-11-16T02:06:48.558+0000][21776.320s][info ][safepoint     ] Leaving safepoint region
[2023-11-16T02:06:48.558+0000][21776.320s][info ][safepoint     ] Total time for which application threads were stopped: 0.0003330 seconds, Stopping threads took: 0.0000718 seconds
[2023-11-16T02:08:47.755+0000][21895.516s][debug][safepoint     ] Safepoint synchronization initiated. (160 threads)
[2023-11-16T02:08:47.755+0000][21895.516s][info ][safepoint     ] Application time: 119.1963725 seconds
[2023-11-16T02:08:47.755+0000][21895.516s][info ][safepoint     ] Entering safepoint region: G1CollectForAllocation
[2023-11-16T02:08:47.755+0000][21895.517s][info ][gc,start      ] GC(82) Pause Young (Normal) (G1 Evacuation Pause)
[2023-11-16T02:08:47.755+0000][21895.517s][info ][gc,task       ] GC(82) Using 4 workers of 4 for evacuation
[2023-11-16T02:08:47.761+0000][21895.523s][info ][gc,phases     ] GC(82)   Pre Evacuate Collection Set: 0.0ms
[2023-11-16T02:08:47.761+0000][21895.523s][info ][gc,phases     ] GC(82)   Evacuate Collection Set: 1.5ms
[2023-11-16T02:08:47.761+0000][21895.523s][info ][gc,phases     ] GC(82)   Post Evacuate Collection Set: 4.2ms
[2023-11-16T02:08:47.761+0000][21895.523s][info ][gc,phases     ] GC(82)   Other: 0.4ms
[2023-11-16T02:08:47.761+0000][21895.523s][info ][gc,heap       ] GC(82) Eden regions: 475->0(475)
[2023-11-16T02:08:47.761+0000][21895.523s][info ][gc,heap       ] GC(82) Survivor regions: 2->2(60)
[2023-11-16T02:08:47.761+0000][21895.523s][info ][gc,heap       ] GC(82) Old regions: 148->148
[2023-11-16T02:08:47.761+0000][21895.523s][info ][gc,heap       ] GC(82) Humongous regions: 0->0
[2023-11-16T02:08:47.761+0000][21895.523s][info ][gc,metaspace  ] GC(82) Metaspace: 154153K(159420K)->154153K(159420K) NonClass: 136381K(139624K)->136381K(139624K) Class: 17771K(19796K)->17771K(19796K)
[2023-11-16T02:08:47.761+0000][21895.523s][info ][gc            ] GC(82) Pause Young (Normal) (G1 Evacuation Pause) 623M->147M(795M) 6.256ms
[2023-11-16T02:08:47.761+0000][21895.523s][info ][gc,cpu        ] GC(82) User=0.02s Sys=0.00s Real=0.01s
[2023-11-16T02:08:47.761+0000][21895.523s][info ][safepoint     ] Leaving safepoint region
[2023-11-16T02:08:47.761+0000][21895.523s][info ][safepoint     ] Total time for which application threads were stopped: 0.0065708 seconds, Stopping threads took: 0.0000490 seconds
[2023-11-16T02:08:47.761+0000][21895.523s][info ][gc,stringdedup] Concurrent String Deduplication (21895.523s)
[2023-11-16T02:08:47.761+0000][21895.523s][info ][gc,stringdedup] Concurrent String Deduplication 40.0B->40.0B(0.0B) avg 54.6% (21895.523s, 21895.523s) 0.033ms
[2023-11-16T02:10:11.146+0000][21978.908s][debug][safepoint     ] Safepoint synchronization initiated. (160 threads)
[2023-11-16T02:10:11.146+0000][21978.908s][info ][safepoint     ] Application time: 83.3850559 seconds
[2023-11-16T02:10:11.146+0000][21978.908s][info ][safepoint     ] Entering safepoint region: Deoptimize
[2023-11-16T02:10:11.148+0000][21978.910s][info ][safepoint     ] Leaving safepoint region
[2023-11-16T02:10:11.149+0000][21978.910s][info ][safepoint     ] Total time for which application threads were stopped: 0.0022015 seconds, Stopping threads took: 0.0000467 seconds
[2023-11-16T02:10:11.167+0000][21978.929s][debug][safepoint     ] Safepoint synchronization initiated. (160 threads)
[2023-11-16T02:10:11.167+0000][21978.929s][info ][safepoint     ] Application time: 0.0188673 seconds
[2023-11-16T02:10:11.167+0000][21978.929s][info ][safepoint     ] Entering safepoint region: Deoptimize
[2023-11-16T02:10:11.170+0000][21978.931s][info ][safepoint     ] Leaving safepoint region
[2023-11-16T02:10:11.170+0000][21978.931s][info ][safepoint     ] Total time for which application threads were stopped: 0.0021793 seconds, Stopping threads took: 0.0000689 seconds
[2023-11-16T02:10:11.170+0000][21978.931s][debug][safepoint     ] ... found polling page return exception at pc = 0x00007f693102dd76, stub =0x00007f692883a800
[2023-11-16T02:10:11.244+0000][21979.005s][debug][safepoint     ] Safepoint synchronization initiated. (160 threads)
[2023-11-16T02:10:11.244+0000][21979.005s][info ][safepoint     ] Application time: 0.0740854 seconds
[2023-11-16T02:10:11.244+0000][21979.005s][info ][safepoint     ] Entering safepoint region: Deoptimize
[2023-11-16T02:10:11.246+0000][21979.008s][info ][safepoint     ] Leaving safepoint region
[2023-11-16T02:10:11.246+0000][21979.008s][info ][safepoint     ] Total time for which application threads were stopped: 0.0022637 seconds, Stopping threads took: 0.0000495 seconds
[2023-11-16T02:10:12.246+0000][21980.008s][debug][safepoint     ] Safepoint synchronization initiated. (161 threads)
[2023-11-16T02:10:12.246+0000][21980.008s][info ][safepoint     ] Application time: 1.0001286 seconds
[2023-11-16T02:10:12.246+0000][21980.008s][info ][safepoint     ] Entering safepoint region: Cleanup
[2023-11-16T02:10:12.246+0000][21980.008s][info ][safepoint     ] Leaving safepoint region
[2023-11-16T02:10:12.246+0000][21980.008s][info ][safepoint     ] Total time for which application threads were stopped: 0.0002333 seconds, Stopping threads took: 0.0000351 seconds
[2023-11-16T02:10:12.607+0000][21980.369s][debug][safepoint     ] Safepoint synchronization initiated. (161 threads)
[2023-11-16T02:10:12.607+0000][21980.369s][info ][safepoint     ] Application time: 0.3610893 seconds
[2023-11-16T02:10:12.608+0000][21980.369s][info ][safepoint     ] Entering safepoint region: Deoptimize
[2023-11-16T02:10:12.609+0000][21980.371s][info ][safepoint     ] Leaving safepoint region
[2023-11-16T02:10:12.609+0000][21980.371s][info ][safepoint     ] Total time for which application threads were stopped: 0.0018055 seconds, Stopping threads took: 0.0000361 seconds
[2023-11-16T02:10:12.959+0000][21980.720s][debug][safepoint     ] Safepoint synchronization initiated. (160 threads)
[2023-11-16T02:10:12.959+0000][21980.720s][info ][safepoint     ] Application time: 0.3493539 seconds
[2023-11-16T02:10:12.959+0000][21980.720s][info ][safepoint     ] Entering safepoint region: Deoptimize
[2023-11-16T02:10:12.961+0000][21980.722s][info ][safepoint     ] Leaving safepoint region
[2023-11-16T02:10:12.961+0000][21980.723s][info ][safepoint     ] Total time for which application threads were stopped: 0.0022019 seconds, Stopping threads took: 0.0000436 seconds
[2023-11-16T02:10:13.506+0000][21981.268s][debug][safepoint     ] Safepoint synchronization initiated. (161 threads)
[2023-11-16T02:10:13.507+0000][21981.268s][info ][safepoint     ] Application time: 0.5456441 seconds
[2023-11-16T02:10:13.507+0000][21981.268s][info ][safepoint     ] Entering safepoint region: Deoptimize
[2023-11-16T02:10:13.508+0000][21981.270s][info ][safepoint     ] Leaving safepoint region
[2023-11-16T02:10:13.508+0000][21981.270s][info ][safepoint     ] Total time for which application threads were stopped: 0.0018062 seconds, Stopping threads took: 0.0000407 seconds
[2023-11-16T02:10:13.543+0000][21981.304s][debug][safepoint     ] Safepoint synchronization initiated. (161 threads)
[2023-11-16T02:10:13.543+0000][21981.304s][info ][safepoint     ] Application time: 0.0344158 seconds
[2023-11-16T02:10:13.543+0000][21981.304s][info ][safepoint     ] Entering safepoint region: Deoptimize
[2023-11-16T02:10:13.545+0000][21981.306s][info ][safepoint     ] Leaving safepoint region
[2023-11-16T02:10:13.545+0000][21981.306s][info ][safepoint     ] Total time for which application threads were stopped: 0.0018165 seconds, Stopping threads took: 0.0000328 seconds
[2023-11-16T02:10:13.545+0000][21981.307s][debug][safepoint     ] Safepoint synchronization initiated. (161 threads)
[2023-11-16T02:10:13.545+0000][21981.307s][info ][safepoint     ] Application time: 0.0007701 seconds
[2023-11-16T02:10:13.545+0000][21981.307s][info ][safepoint     ] Entering safepoint region: Deoptimize
[2023-11-16T02:10:13.547+0000][21981.309s][info ][safepoint     ] Leaving safepoint region
[2023-11-16T02:10:13.547+0000][21981.309s][info ][safepoint     ] Total time for which application threads were stopped: 0.0016707 seconds, Stopping threads took: 0.0000266 seconds
[2023-11-16T02:10:13.550+0000][21981.312s][debug][safepoint     ] Safepoint synchronization initiated. (161 threads)
[2023-11-16T02:10:13.550+0000][21981.312s][info ][safepoint     ] Application time: 0.0030694 seconds
[2023-11-16T02:10:13.550+0000][21981.312s][info ][safepoint     ] Entering safepoint region: Deoptimize
[2023-11-16T02:10:13.552+0000][21981.313s][info ][safepoint     ] Leaving safepoint region
[2023-11-16T02:10:13.552+0000][21981.314s][info ][safepoint     ] Total time for which application threads were stopped: 0.0017166 seconds, Stopping threads took: 0.0000318 seconds
[2023-11-16T02:10:13.609+0000][21981.371s][debug][safepoint     ] Safepoint synchronization initiated. (161 threads)
[2023-11-16T02:10:13.609+0000][21981.371s][info ][safepoint     ] Application time: 0.0572562 seconds
[2023-11-16T02:10:13.609+0000][21981.371s][info ][safepoint     ] Entering safepoint region: Deoptimize
[2023-11-16T02:10:13.611+0000][21981.372s][info ][safepoint     ] Leaving safepoint region
[2023-11-16T02:10:13.611+0000][21981.372s][info ][safepoint     ] Total time for which application threads were stopped: 0.0016607 seconds, Stopping threads took: 0.0000335 seconds
[2023-11-16T02:10:13.616+0000][21981.377s][debug][safepoint     ] Safepoint synchronization initiated. (161 threads)
[2023-11-16T02:10:13.616+0000][21981.377s][info ][safepoint     ] Application time: 0.0048411 seconds
[2023-11-16T02:10:13.616+0000][21981.377s][info ][safepoint     ] Entering safepoint region: Deoptimize
[2023-11-16T02:10:13.617+0000][21981.379s][info ][safepoint     ] Leaving safepoint region
[2023-11-16T02:10:13.617+0000][21981.379s][info ][safepoint     ] Total time for which application threads were stopped: 0.0016738 seconds, Stopping threads took: 0.0000370 seconds
[2023-11-16T02:10:13.645+0000][21981.407s][debug][safepoint     ] Safepoint synchronization initiated. (162 threads)
[2023-11-16T02:10:13.645+0000][21981.407s][info ][safepoint     ] Application time: 0.0281307 seconds
[2023-11-16T02:10:13.646+0000][21981.407s][debug][safepoint     ] Waiting for 1 thread(s) to block
[2023-11-16T02:10:13.646+0000][21981.407s][info ][safepoint     ] Entering safepoint region: Deoptimize
[2023-11-16T02:10:13.647+0000][21981.409s][info ][safepoint     ] Leaving safepoint region
[2023-11-16T02:10:13.647+0000][21981.409s][info ][safepoint     ] Total time for which application threads were stopped: 0.0017423 seconds, Stopping threads took: 0.0000539 seconds
[2023-11-16T02:10:13.668+0000][21981.430s][debug][safepoint     ] Safepoint synchronization initiated. (162 threads)
[2023-11-16T02:10:13.668+0000][21981.430s][info ][safepoint     ] Application time: 0.0209091 seconds
[2023-11-16T02:10:13.668+0000][21981.430s][info ][safepoint     ] Entering safepoint region: Deoptimize
[2023-11-16T02:10:13.670+0000][21981.432s][info ][safepoint     ] Leaving safepoint region
[2023-11-16T02:10:13.670+0000][21981.432s][info ][safepoint     ] Total time for which application threads were stopped: 0.0017286 seconds, Stopping threads took: 0.0000502 seconds
[2023-11-16T02:10:14.670+0000][21982.432s][debug][safepoint     ] Safepoint synchronization initiated. (161 threads)
[2023-11-16T02:10:14.670+0000][21982.432s][info ][safepoint     ] Application time: 1.0001668 seconds
[2023-11-16T02:10:14.670+0000][21982.432s][info ][safepoint     ] Entering safepoint region: Cleanup
[2023-11-16T02:10:14.670+0000][21982.432s][info ][safepoint     ] Leaving safepoint region
[2023-11-16T02:10:14.670+0000][21982.432s][info ][safepoint     ] Total time for which application threads were stopped: 0.0004052 seconds, Stopping threads took: 0.0000491 seconds
[2023-11-16T02:10:15.671+0000][21983.432s][debug][safepoint     ] Safepoint synchronization initiated. (161 threads)
[2023-11-16T02:10:15.671+0000][21983.432s][info ][safepoint     ] Application time: 1.0001369 seconds
[2023-11-16T02:10:15.671+0000][21983.432s][info ][safepoint     ] Entering safepoint region: Cleanup
[2023-11-16T02:10:15.671+0000][21983.433s][info ][safepoint     ] Leaving safepoint region
[2023-11-16T02:10:15.671+0000][21983.433s][info ][safepoint     ] Total time for which application threads were stopped: 0.0003505 seconds, Stopping threads took: 0.0000461 seconds
[2023-11-16T02:10:16.671+0000][21984.433s][debug][safepoint     ] Safepoint synchronization initiated. (161 threads)
[2023-11-16T02:10:16.671+0000][21984.433s][info ][safepoint     ] Application time: 1.0001540 seconds
[2023-11-16T02:10:16.671+0000][21984.433s][info ][safepoint     ] Entering safepoint region: Cleanup
[2023-11-16T02:10:16.671+0000][21984.433s][info ][safepoint     ] Leaving safepoint region
[2023-11-16T02:10:16.671+0000][21984.433s][info ][safepoint     ] Total time for which application threads were stopped: 0.0002385 seconds, Stopping threads took: 0.0000484 seconds
[2023-11-16T02:10:17.672+0000][21985.433s][debug][safepoint     ] Safepoint synchronization initiated. (161 threads)
[2023-11-16T02:10:17.672+0000][21985.433s][info ][safepoint     ] Application time: 1.0001362 seconds
[2023-11-16T02:10:17.672+0000][21985.433s][info ][safepoint     ] Entering safepoint region: Cleanup
[2023-11-16T02:10:17.672+0000][21985.434s][info ][safepoint     ] Leaving safepoint region
[2023-11-16T02:10:17.672+0000][21985.434s][info ][safepoint     ] Total time for which application threads were stopped: 0.0003373 seconds, Stopping threads took: 0.0000490 seconds
[2023-11-16T02:10:18.672+0000][21986.434s][debug][safepoint     ] Safepoint synchronization initiated. (161 threads)
[2023-11-16T02:10:18.672+0000][21986.434s][info ][safepoint     ] Application time: 1.0001730 seconds
[2023-11-16T02:10:18.672+0000][21986.434s][info ][safepoint     ] Entering safepoint region: Cleanup
[2023-11-16T02:10:18.673+0000][21986.434s][info ][safepoint     ] Leaving safepoint region
[2023-11-16T02:10:18.673+0000][21986.434s][info ][safepoint     ] Total time for which application threads were stopped: 0.0006229 seconds, Stopping threads took: 0.0002926 seconds
[2023-11-16T02:10:19.673+0000][21987.435s][debug][safepoint     ] Safepoint synchronization initiated. (162 threads)
[2023-11-16T02:10:19.673+0000][21987.435s][info ][safepoint     ] Application time: 1.0001208 seconds
[2023-11-16T02:10:19.673+0000][21987.435s][debug][safepoint     ] ... found polling page loop exception at pc = 0x00007f69294022e3, stub =0x00007f692883ab00
[2023-11-16T02:10:19.673+0000][21987.435s][debug][safepoint     ] Waiting for 1 thread(s) to block
[2023-11-16T02:10:19.673+0000][21987.435s][info ][safepoint     ] Entering safepoint region: Cleanup
[2023-11-16T02:10:19.673+0000][21987.435s][info ][safepoint     ] Leaving safepoint region
[2023-11-16T02:10:19.673+0000][21987.435s][info ][safepoint     ] Total time for which application threads were stopped: 0.0003504 seconds, Stopping threads took: 0.0001045 seconds
[2023-11-16T02:10:20.673+0000][21988.435s][debug][safepoint     ] Safepoint synchronization initiated. (162 threads)
[2023-11-16T02:10:20.673+0000][21988.435s][info ][safepoint     ] Application time: 1.0001391 seconds
[2023-11-16T02:10:20.673+0000][21988.435s][info ][safepoint     ] Entering safepoint region: Cleanup
[2023-11-16T02:10:20.674+0000][21988.435s][info ][safepoint     ] Leaving safepoint region
[2023-11-16T02:10:20.674+0000][21988.436s][info ][safepoint     ] Total time for which application threads were stopped: 0.0004025 seconds, Stopping threads took: 0.0000392 seconds
[2023-11-16T02:10:21.210+0000][21988.972s][debug][safepoint     ] Safepoint synchronization initiated. (163 threads)
[2023-11-16T02:10:21.210+0000][21988.972s][info ][safepoint     ] Application time: 0.5364892 seconds
[2023-11-16T02:10:21.210+0000][21988.972s][info ][safepoint     ] Entering safepoint region: Deoptimize
[2023-11-16T02:10:21.212+0000][21988.974s][info ][safepoint     ] Leaving safepoint region
[2023-11-16T02:10:21.212+0000][21988.974s][info ][safepoint     ] Total time for which application threads were stopped: 0.0017188 seconds, Stopping threads took: 0.0000314 seconds
[2023-11-16T02:10:21.913+0000][21989.675s][debug][safepoint     ] Safepoint synchronization initiated. (164 threads)
[2023-11-16T02:10:21.913+0000][21989.675s][info ][safepoint     ] Application time: 0.7009063 seconds
[2023-11-16T02:10:21.913+0000][21989.675s][info ][safepoint     ] Entering safepoint region: ICBufferFull
[2023-11-16T02:10:21.913+0000][21989.675s][info ][safepoint     ] Leaving safepoint region
[2023-11-16T02:10:21.913+0000][21989.675s][info ][safepoint     ] Total time for which application threads were stopped: 0.0003489 seconds, Stopping threads took: 0.0000358 seconds
[2023-11-16T02:10:22.099+0000][21989.860s][debug][safepoint     ] Safepoint synchronization initiated. (164 threads)
[2023-11-16T02:10:22.099+0000][21989.860s][info ][safepoint     ] Application time: 0.1854476 seconds
[2023-11-16T02:10:22.099+0000][21989.860s][debug][safepoint     ] ... found polling page loop exception at pc = 0x00007f69308d842f, stub =0x00007f692883ab00
[2023-11-16T02:10:22.099+0000][21989.861s][debug][safepoint     ] Waiting for 2 thread(s) to block
[2023-11-16T02:10:22.099+0000][21989.861s][info ][safepoint     ] Entering safepoint region: Deoptimize
[2023-11-16T02:10:22.101+0000][21989.862s][info ][safepoint     ] Leaving safepoint region
[2023-11-16T02:10:22.101+0000][21989.862s][info ][safepoint     ] Total time for which application threads were stopped: 0.0019696 seconds, Stopping threads took: 0.0000952 seconds
[2023-11-16T02:10:22.409+0000][21990.171s][debug][safepoint     ] Safepoint synchronization initiated. (164 threads)
[2023-11-16T02:10:22.409+0000][21990.171s][info ][safepoint     ] Application time: 0.3082740 seconds
[2023-11-16T02:10:22.409+0000][21990.171s][info ][safepoint     ] Entering safepoint region: Deoptimize
[2023-11-16T02:10:22.411+0000][21990.173s][info ][safepoint     ] Leaving safepoint region
[2023-11-16T02:10:22.411+0000][21990.173s][info ][safepoint     ] Total time for which application threads were stopped: 0.0018472 seconds, Stopping threads took: 0.0000361 seconds
[2023-11-16T02:10:23.411+0000][21991.173s][debug][safepoint     ] Safepoint synchronization initiated. (164 threads)
[2023-11-16T02:10:23.411+0000][21991.173s][info ][safepoint     ] Application time: 1.0001640 seconds
[2023-11-16T02:10:23.411+0000][21991.173s][info ][safepoint     ] Entering safepoint region: Cleanup
[2023-11-16T02:10:23.411+0000][21991.173s][info ][safepoint     ] Leaving safepoint region
[2023-11-16T02:10:23.412+0000][21991.173s][info ][safepoint     ] Total time for which application threads were stopped: 0.0003927 seconds, Stopping threads took: 0.0000474 seconds
[2023-11-16T02:10:24.412+0000][21992.173s][debug][safepoint     ] Safepoint synchronization initiated. (164 threads)
[2023-11-16T02:10:24.412+0000][21992.173s][info ][safepoint     ] Application time: 1.0001407 seconds
[2023-11-16T02:10:24.412+0000][21992.173s][info ][safepoint     ] Entering safepoint region: Cleanup
[2023-11-16T02:10:24.412+0000][21992.174s][info ][safepoint     ] Leaving safepoint region
[2023-11-16T02:10:24.412+0000][21992.174s][info ][safepoint     ] Total time for which application threads were stopped: 0.0003433 seconds, Stopping threads took: 0.0000484 seconds
[2023-11-16T02:10:25.412+0000][21993.174s][debug][safepoint     ] Safepoint synchronization initiated. (164 threads)
[2023-11-16T02:10:25.412+0000][21993.174s][info ][safepoint     ] Application time: 1.0001410 seconds
[2023-11-16T02:10:25.412+0000][21993.174s][info ][safepoint     ] Entering safepoint region: Cleanup
[2023-11-16T02:10:25.413+0000][21993.174s][info ][safepoint     ] Leaving safepoint region
[2023-11-16T02:10:25.413+0000][21993.174s][info ][safepoint     ] Total time for which application threads were stopped: 0.0003426 seconds, Stopping threads took: 0.0000488 seconds
[2023-11-16T02:10:26.413+0000][21994.174s][debug][safepoint     ] Safepoint synchronization initiated. (164 threads)
[2023-11-16T02:10:26.413+0000][21994.174s][info ][safepoint     ] Application time: 1.0001851 seconds
[2023-11-16T02:10:26.413+0000][21994.174s][info ][safepoint     ] Entering safepoint region: Cleanup
[2023-11-16T02:10:26.413+0000][21994.175s][info ][safepoint     ] Leaving safepoint region
[2023-11-16T02:10:26.413+0000][21994.175s][info ][safepoint     ] Total time for which application threads were stopped: 0.0003449 seconds, Stopping threads took: 0.0000477 seconds
[2023-11-16T02:10:27.413+0000][21995.175s][debug][safepoint     ] Safepoint synchronization initiated. (164 threads)
[2023-11-16T02:10:27.413+0000][21995.175s][info ][safepoint     ] Application time: 1.0001396 seconds
[2023-11-16T02:10:27.413+0000][21995.175s][info ][safepoint     ] Entering safepoint region: Cleanup
[2023-11-16T02:10:27.414+0000][21995.175s][info ][safepoint     ] Leaving safepoint region
[2023-11-16T02:10:27.414+0000][21995.175s][debug][safepoint     ] ... found polling page return exception at pc = 0x00007f693102dd76, stub =0x00007f692883a800
[2023-11-16T02:10:27.414+0000][21995.175s][info ][safepoint     ] Total time for which application threads were stopped: 0.0002873 seconds, Stopping threads took: 0.0000459 seconds
[2023-11-16T02:10:28.414+0000][21996.175s][debug][safepoint     ] Safepoint synchronization initiated. (164 threads)
[2023-11-16T02:10:28.414+0000][21996.176s][info ][safepoint     ] Application time: 1.0001719 seconds
[2023-11-16T02:10:28.414+0000][21996.176s][info ][safepoint     ] Entering safepoint region: Cleanup
[2023-11-16T02:10:28.414+0000][21996.176s][info ][safepoint     ] Leaving safepoint region
[2023-11-16T02:10:28.414+0000][21996.176s][info ][safepoint     ] Total time for which application threads were stopped: 0.0002501 seconds, Stopping threads took: 0.0000477 seconds
[2023-11-16T02:10:29.414+0000][21997.176s][debug][safepoint     ] Safepoint synchronization initiated. (164 threads)
[2023-11-16T02:10:29.414+0000][21997.176s][info ][safepoint     ] Application time: 1.0001679 seconds
[2023-11-16T02:10:29.414+0000][21997.176s][info ][safepoint     ] Entering safepoint region: Cleanup
[2023-11-16T02:10:29.415+0000][21997.176s][info ][safepoint     ] Leaving safepoint region
[2023-11-16T02:10:29.415+0000][21997.176s][info ][safepoint     ] Total time for which application threads were stopped: 0.0003377 seconds, Stopping threads took: 0.0000476 seconds
[2023-11-16T02:10:30.415+0000][21998.176s][debug][safepoint     ] Safepoint synchronization initiated. (164 threads)
[2023-11-16T02:10:30.415+0000][21998.176s][info ][safepoint     ] Application time: 1.0001421 seconds
[2023-11-16T02:10:30.415+0000][21998.177s][info ][safepoint     ] Entering safepoint region: Cleanup
[2023-11-16T02:10:30.415+0000][21998.177s][info ][safepoint     ] Leaving safepoint region
[2023-11-16T02:10:30.415+0000][21998.177s][info ][safepoint     ] Total time for which application threads were stopped: 0.0003967 seconds, Stopping threads took: 0.0001880 seconds
[2023-11-16T02:10:31.415+0000][21999.177s][debug][safepoint     ] Safepoint synchronization initiated. (166 threads)
[2023-11-16T02:10:31.415+0000][21999.177s][info ][safepoint     ] Application time: 1.0001533 seconds
[2023-11-16T02:10:31.415+0000][21999.177s][info ][safepoint     ] Entering safepoint region: Cleanup
[2023-11-16T02:10:31.416+0000][21999.177s][info ][safepoint     ] Leaving safepoint region
[2023-11-16T02:10:31.416+0000][21999.177s][info ][safepoint     ] Total time for which application threads were stopped: 0.0002705 seconds, Stopping threads took: 0.0000695 seconds
[2023-11-16T02:10:32.416+0000][22000.177s][debug][safepoint     ] Safepoint synchronization initiated. (166 threads)
[2023-11-16T02:10:32.416+0000][22000.178s][info ][safepoint     ] Application time: 1.0001429 seconds
[2023-11-16T02:10:32.416+0000][22000.178s][info ][safepoint     ] Entering safepoint region: Cleanup
[2023-11-16T02:10:32.416+0000][22000.178s][info ][safepoint     ] Leaving safepoint region
[2023-11-16T02:10:32.416+0000][22000.178s][info ][safepoint     ] Total time for which application threads were stopped: 0.0003565 seconds, Stopping threads took: 0.0000469 seconds
[2023-11-16T02:10:33.416+0000][22001.178s][debug][safepoint     ] Safepoint synchronization initiated. (165 threads)
[2023-11-16T02:10:33.416+0000][22001.178s][info ][safepoint     ] Application time: 1.0001522 seconds
[2023-11-16T02:10:33.416+0000][22001.178s][info ][safepoint     ] Entering safepoint region: Cleanup
[2023-11-16T02:10:33.417+0000][22001.178s][info ][safepoint     ] Leaving safepoint region
[2023-11-16T02:10:33.417+0000][22001.178s][info ][safepoint     ] Total time for which application threads were stopped: 0.0003517 seconds, Stopping threads took: 0.0000494 seconds
[2023-11-16T02:10:34.417+0000][22002.179s][debug][safepoint     ] Safepoint synchronization initiated. (165 threads)
[2023-11-16T02:10:34.417+0000][22002.179s][info ][safepoint     ] Application time: 1.0001496 seconds
[2023-11-16T02:10:34.417+0000][22002.179s][info ][safepoint     ] Entering safepoint region: Cleanup
[2023-11-16T02:10:34.417+0000][22002.179s][info ][safepoint     ] Leaving safepoint region
[2023-11-16T02:10:34.417+0000][22002.179s][info ][safepoint     ] Total time for which application threads were stopped: 0.0003412 seconds, Stopping threads took: 0.0000479 seconds
[2023-11-16T02:10:35.417+0000][22003.179s][debug][safepoint     ] Safepoint synchronization initiated. (165 threads)
[2023-11-16T02:10:35.418+0000][22003.179s][info ][safepoint     ] Application time: 1.0001621 seconds
[2023-11-16T02:10:35.418+0000][22003.179s][info ][safepoint     ] Entering safepoint region: Cleanup
[2023-11-16T02:10:35.418+0000][22003.180s][info ][safepoint     ] Leaving safepoint region
[2023-11-16T02:10:35.418+0000][22003.180s][info ][safepoint     ] Total time for which application threads were stopped: 0.0007596 seconds, Stopping threads took: 0.0004759 seconds
[2023-11-16T02:10:36.418+0000][22004.180s][debug][safepoint     ] Safepoint synchronization initiated. (165 threads)
[2023-11-16T02:10:36.418+0000][22004.180s][info ][safepoint     ] Application time: 1.0001435 seconds
[2023-11-16T02:10:36.418+0000][22004.180s][info ][safepoint     ] Entering safepoint region: Cleanup
[2023-11-16T02:10:36.419+0000][22004.180s][info ][safepoint     ] Leaving safepoint region
[2023-11-16T02:10:36.419+0000][22004.180s][info ][safepoint     ] Total time for which application threads were stopped: 0.0002873 seconds, Stopping threads took: 0.0000473 seconds
[2023-11-16T02:10:37.419+0000][22005.181s][debug][safepoint     ] Safepoint synchronization initiated. (165 threads)
[2023-11-16T02:10:37.419+0000][22005.181s][info ][safepoint     ] Application time: 1.0001786 seconds
[2023-11-16T02:10:37.419+0000][22005.181s][info ][safepoint     ] Entering safepoint region: Cleanup
[2023-11-16T02:10:37.419+0000][22005.181s][info ][safepoint     ] Leaving safepoint region
[2023-11-16T02:10:37.419+0000][22005.181s][info ][safepoint     ] Total time for which application threads were stopped: 0.0002832 seconds, Stopping threads took: 0.0000513 seconds
[2023-11-16T02:10:38.419+0000][22006.181s][debug][safepoint     ] Safepoint synchronization initiated. (166 threads)
[2023-11-16T02:10:38.419+0000][22006.181s][info ][safepoint     ] Application time: 1.0001540 seconds
[2023-11-16T02:10:38.419+0000][22006.181s][info ][safepoint     ] Entering safepoint region: Cleanup
[2023-11-16T02:10:38.420+0000][22006.181s][info ][safepoint     ] Leaving safepoint region
[2023-11-16T02:10:38.420+0000][22006.181s][info ][safepoint     ] Total time for which application threads were stopped: 0.0004059 seconds, Stopping threads took: 0.0000738 seconds
[2023-11-16T02:10:39.420+0000][22007.182s][debug][safepoint     ] Safepoint synchronization initiated. (166 threads)
[2023-11-16T02:10:39.420+0000][22007.182s][info ][safepoint     ] Application time: 1.0001411 seconds
[2023-11-16T02:10:39.420+0000][22007.182s][info ][safepoint     ] Entering safepoint region: Cleanup
[2023-11-16T02:10:39.420+0000][22007.182s][info ][safepoint     ] Leaving safepoint region
[2023-11-16T02:10:39.420+0000][22007.182s][info ][safepoint     ] Total time for which application threads were stopped: 0.0002917 seconds, Stopping threads took: 0.0000386 seconds
[2023-11-16T02:10:40.420+0000][22008.182s][debug][safepoint     ] Safepoint synchronization initiated. (182 threads)
[2023-11-16T02:10:40.420+0000][22008.182s][info ][safepoint     ] Application time: 1.0001798 seconds
[2023-11-16T02:10:40.421+0000][22008.182s][info ][safepoint     ] Entering safepoint region: Cleanup
[2023-11-16T02:10:40.421+0000][22008.183s][info ][safepoint     ] Leaving safepoint region
[2023-11-16T02:10:40.421+0000][22008.183s][info ][safepoint     ] Total time for which application threads were stopped: 0.0003900 seconds, Stopping threads took: 0.0000537 seconds
[2023-11-16T02:10:41.421+0000][22009.183s][debug][safepoint     ] Safepoint synchronization initiated. (180 threads)
[2023-11-16T02:10:41.421+0000][22009.183s][info ][safepoint     ] Application time: 1.0001630 seconds
[2023-11-16T02:10:41.421+0000][22009.183s][info ][safepoint     ] Entering safepoint region: Cleanup
[2023-11-16T02:10:41.421+0000][22009.183s][info ][safepoint     ] Leaving safepoint region
[2023-11-16T02:10:41.421+0000][22009.183s][info ][safepoint     ] Total time for which application threads were stopped: 0.0003544 seconds, Stopping threads took: 0.0000514 seconds
[2023-11-16T02:10:42.422+0000][22010.183s][debug][safepoint     ] Safepoint synchronization initiated. (180 threads)
[2023-11-16T02:10:42.422+0000][22010.183s][info ][safepoint     ] Application time: 1.0001611 seconds
[2023-11-16T02:10:42.422+0000][22010.183s][info ][safepoint     ] Entering safepoint region: Cleanup
[2023-11-16T02:10:42.422+0000][22010.184s][info ][safepoint     ] Leaving safepoint region
[2023-11-16T02:10:42.422+0000][22010.184s][info ][safepoint     ] Total time for which application threads were stopped: 0.0003236 seconds, Stopping threads took: 0.0000488 seconds
[2023-11-16T02:10:43.422+0000][22011.184s][debug][safepoint     ] Safepoint synchronization initiated. (180 threads)
[2023-11-16T02:10:43.422+0000][22011.184s][info ][safepoint     ] Application time: 1.0001886 seconds
[2023-11-16T02:10:43.422+0000][22011.184s][info ][safepoint     ] Entering safepoint region: Cleanup
[2023-11-16T02:10:43.422+0000][22011.184s][info ][safepoint     ] Leaving safepoint region
[2023-11-16T02:10:43.423+0000][22011.184s][info ][safepoint     ] Total time for which application threads were stopped: 0.0002979 seconds, Stopping threads took: 0.0000506 seconds
[2023-11-16T02:10:44.423+0000][22012.184s][debug][safepoint     ] Safepoint synchronization initiated. (180 threads)
[2023-11-16T02:10:44.423+0000][22012.184s][info ][safepoint     ] Application time: 1.0001498 seconds
[2023-11-16T02:10:44.423+0000][22012.184s][info ][safepoint     ] Entering safepoint region: Cleanup
[2023-11-16T02:10:44.423+0000][22012.185s][info ][safepoint     ] Leaving safepoint region
[2023-11-16T02:10:44.423+0000][22012.185s][info ][safepoint     ] Total time for which application threads were stopped: 0.0003447 seconds, Stopping threads took: 0.0000512 seconds
[2023-11-16T02:10:45.423+0000][22013.185s][debug][safepoint     ] Safepoint synchronization initiated. (180 threads)
[2023-11-16T02:10:45.423+0000][22013.185s][info ][safepoint     ] Application time: 1.0001742 seconds
[2023-11-16T02:10:45.423+0000][22013.185s][info ][safepoint     ] Entering safepoint region: Cleanup
[2023-11-16T02:10:45.424+0000][22013.185s][info ][safepoint     ] Leaving safepoint region
[2023-11-16T02:10:45.424+0000][22013.185s][info ][safepoint     ] Total time for which application threads were stopped: 0.0005839 seconds, Stopping threads took: 0.0002412 seconds
[2023-11-16T02:10:46.424+0000][22014.186s][debug][safepoint     ] Safepoint synchronization initiated. (180 threads)
[2023-11-16T02:10:46.424+0000][22014.186s][info ][safepoint     ] Application time: 1.0001570 seconds
[2023-11-16T02:10:46.424+0000][22014.186s][info ][safepoint     ] Entering safepoint region: Cleanup
[2023-11-16T02:10:46.424+0000][22014.186s][info ][safepoint     ] Leaving safepoint region
[2023-11-16T02:10:46.424+0000][22014.186s][info ][safepoint     ] Total time for which application threads were stopped: 0.0003431 seconds, Stopping threads took: 0.0000503 seconds
[2023-11-16T02:10:47.424+0000][22015.186s][debug][safepoint     ] Safepoint synchronization initiated. (180 threads)
[2023-11-16T02:10:47.425+0000][22015.186s][info ][safepoint     ] Application time: 1.0001800 seconds
[2023-11-16T02:10:47.425+0000][22015.186s][info ][safepoint     ] Entering safepoint region: Cleanup
[2023-11-16T02:10:47.425+0000][22015.187s][info ][safepoint     ] Leaving safepoint region
[2023-11-16T02:10:47.425+0000][22015.187s][info ][safepoint     ] Total time for which application threads were stopped: 0.0003406 seconds, Stopping threads took: 0.0000499 seconds
[2023-11-16T02:10:48.425+0000][22016.187s][debug][safepoint     ] Safepoint synchronization initiated. (180 threads)
[2023-11-16T02:10:48.425+0000][22016.187s][info ][safepoint     ] Application time: 1.0001678 seconds
[2023-11-16T02:10:48.425+0000][22016.187s][info ][safepoint     ] Entering safepoint region: Cleanup
[2023-11-16T02:10:48.425+0000][22016.187s][info ][safepoint     ] Leaving safepoint region
[2023-11-16T02:10:48.425+0000][22016.187s][info ][safepoint     ] Total time for which application threads were stopped: 0.0003381 seconds, Stopping threads took: 0.0000507 seconds
[2023-11-16T02:10:49.426+0000][22017.187s][debug][safepoint     ] Safepoint synchronization initiated. (180 threads)
[2023-11-16T02:10:49.426+0000][22017.187s][info ][safepoint     ] Application time: 1.0001566 seconds
[2023-11-16T02:10:49.426+0000][22017.187s][info ][safepoint     ] Entering safepoint region: Cleanup
[2023-11-16T02:10:49.426+0000][22017.188s][info ][safepoint     ] Leaving safepoint region
[2023-11-16T02:10:49.426+0000][22017.188s][info ][safepoint     ] Total time for which application threads were stopped: 0.0003412 seconds, Stopping threads took: 0.0000503 seconds
[2023-11-16T02:10:50.426+0000][22018.188s][debug][safepoint     ] Safepoint synchronization initiated. (180 threads)
[2023-11-16T02:10:50.426+0000][22018.188s][info ][safepoint     ] Application time: 1.0001722 seconds
[2023-11-16T02:10:50.426+0000][22018.188s][info ][safepoint     ] Entering safepoint region: Cleanup
[2023-11-16T02:10:50.426+0000][22018.188s][info ][safepoint     ] Leaving safepoint region
[2023-11-16T02:10:50.426+0000][22018.188s][info ][safepoint     ] Total time for which application threads were stopped: 0.0002506 seconds, Stopping threads took: 0.0000500 seconds
[2023-11-16T02:10:51.075+0000][22018.837s][debug][safepoint     ] Safepoint synchronization initiated. (180 threads)
[2023-11-16T02:10:51.075+0000][22018.837s][info ][safepoint     ] Application time: 0.6489996 seconds
[2023-11-16T02:10:51.076+0000][22018.837s][info ][safepoint     ] Entering safepoint region: G1CollectForAllocation
[2023-11-16T02:10:51.076+0000][22018.837s][info ][gc,start      ] GC(83) Pause Young (Normal) (G1 Evacuation Pause)
[2023-11-16T02:10:51.076+0000][22018.837s][info ][gc,task       ] GC(83) Using 4 workers of 4 for evacuation
[2023-11-16T02:10:51.095+0000][22018.857s][info ][gc,phases     ] GC(83)   Pre Evacuate Collection Set: 0.0ms
[2023-11-16T02:10:51.095+0000][22018.857s][info ][gc,phases     ] GC(83)   Evacuate Collection Set: 14.0ms
[2023-11-16T02:10:51.095+0000][22018.857s][info ][gc,phases     ] GC(83)   Post Evacuate Collection Set: 5.1ms
[2023-11-16T02:10:51.095+0000][22018.857s][info ][gc,phases     ] GC(83)   Other: 0.4ms
[2023-11-16T02:10:51.095+0000][22018.857s][info ][gc,heap       ] GC(83) Eden regions: 475->0(468)
[2023-11-16T02:10:51.095+0000][22018.857s][info ][gc,heap       ] GC(83) Survivor regions: 2->9(60)
[2023-11-16T02:10:51.095+0000][22018.857s][info ][gc,heap       ] GC(83) Old regions: 148->148
[2023-11-16T02:10:51.095+0000][22018.857s][info ][gc,heap       ] GC(83) Humongous regions: 16->0
[2023-11-16T02:10:51.095+0000][22018.857s][info ][gc,metaspace  ] GC(83) Metaspace: 162497K(167868K)->162497K(167868K) NonClass: 143777K(147048K)->143777K(147048K) Class: 18720K(20820K)->18720K(20820K)
[2023-11-16T02:10:51.096+0000][22018.857s][info ][gc            ] GC(83) Pause Young (Normal) (G1 Evacuation Pause) 638M->154M(795M) 19.757ms
[2023-11-16T02:10:51.096+0000][22018.857s][info ][gc,cpu        ] GC(83) User=0.07s Sys=0.01s Real=0.02s
[2023-11-16T02:10:51.096+0000][22018.857s][info ][safepoint     ] Leaving safepoint region
[2023-11-16T02:10:51.096+0000][22018.857s][info ][safepoint     ] Total time for which application threads were stopped: 0.0201967 seconds, Stopping threads took: 0.0000508 seconds
[2023-11-16T02:10:51.096+0000][22018.857s][info ][gc,stringdedup] Concurrent String Deduplication (22018.857s)
[2023-11-16T02:10:51.096+0000][22018.858s][info ][gc,stringdedup] Concurrent String Deduplication 28712.0B->40.0B(28672.0B) avg 54.7% (22018.857s, 22018.858s) 0.313ms
[2023-11-16T02:10:52.096+0000][22019.857s][debug][safepoint     ] Safepoint synchronization initiated. (180 threads)
[2023-11-16T02:10:52.096+0000][22019.858s][info ][safepoint     ] Application time: 1.0001818 seconds
[2023-11-16T02:10:52.096+0000][22019.858s][info ][safepoint     ] Entering safepoint region: Cleanup
[2023-11-16T02:10:52.096+0000][22019.858s][info ][safepoint     ] Leaving safepoint region
[2023-11-16T02:10:52.097+0000][22019.858s][info ][safepoint     ] Total time for which application threads were stopped: 0.0006051 seconds, Stopping threads took: 0.0003910 seconds
[2023-11-16T02:10:53.097+0000][22020.858s][debug][safepoint     ] Safepoint synchronization initiated. (180 threads)
[2023-11-16T02:10:53.097+0000][22020.858s][info ][safepoint     ] Application time: 1.0001616 seconds
[2023-11-16T02:10:53.097+0000][22020.858s][info ][safepoint     ] Entering safepoint region: Cleanup
[2023-11-16T02:10:53.097+0000][22020.859s][info ][safepoint     ] Leaving safepoint region
[2023-11-16T02:10:53.097+0000][22020.859s][info ][safepoint     ] Total time for which application threads were stopped: 0.0002680 seconds, Stopping threads took: 0.0000530 seconds
[2023-11-16T02:10:54.097+0000][22021.859s][debug][safepoint     ] Safepoint synchronization initiated. (180 threads)
[2023-11-16T02:10:54.097+0000][22021.859s][info ][safepoint     ] Application time: 1.0001749 seconds
[2023-11-16T02:10:54.097+0000][22021.859s][info ][safepoint     ] Entering safepoint region: Cleanup
[2023-11-16T02:10:54.097+0000][22021.859s][info ][safepoint     ] Leaving safepoint region
[2023-11-16T02:10:54.098+0000][22021.859s][info ][safepoint     ] Total time for which application threads were stopped: 0.0003536 seconds, Stopping threads took: 0.0000527 seconds
[2023-11-16T02:10:55.098+0000][22022.859s][debug][safepoint     ] Safepoint synchronization initiated. (180 threads)
[2023-11-16T02:10:55.098+0000][22022.859s][info ][safepoint     ] Application time: 1.0001749 seconds
[2023-11-16T02:10:55.098+0000][22022.859s][info ][safepoint     ] Entering safepoint region: Cleanup
[2023-11-16T02:10:55.098+0000][22022.860s][info ][safepoint     ] Leaving safepoint region
[2023-11-16T02:10:55.098+0000][22022.860s][info ][safepoint     ] Total time for which application threads were stopped: 0.0002658 seconds, Stopping threads took: 0.0000527 seconds
[2023-11-16T02:10:56.098+0000][22023.860s][debug][safepoint     ] Safepoint synchronization initiated. (180 threads)
[2023-11-16T02:10:56.098+0000][22023.860s][info ][safepoint     ] Application time: 1.0001764 seconds
[2023-11-16T02:10:56.098+0000][22023.860s][info ][safepoint     ] Entering safepoint region: Cleanup
[2023-11-16T02:10:56.099+0000][22023.860s][info ][safepoint     ] Leaving safepoint region
[2023-11-16T02:10:56.099+0000][22023.860s][info ][safepoint     ] Total time for which application threads were stopped: 0.0003539 seconds, Stopping threads took: 0.0000520 seconds
[2023-11-16T02:10:57.099+0000][22024.860s][debug][safepoint     ] Safepoint synchronization initiated. (180 threads)
[2023-11-16T02:10:57.099+0000][22024.860s][info ][safepoint     ] Application time: 1.0001538 seconds
[2023-11-16T02:10:57.099+0000][22024.860s][info ][safepoint     ] Entering safepoint region: Cleanup
[2023-11-16T02:10:57.099+0000][22024.861s][info ][safepoint     ] Leaving safepoint region
[2023-11-16T02:10:57.099+0000][22024.861s][info ][safepoint     ] Total time for which application threads were stopped: 0.0004013 seconds, Stopping threads took: 0.0001450 seconds
[2023-11-16T02:10:58.099+0000][22025.861s][debug][safepoint     ] Safepoint synchronization initiated. (180 threads)
[2023-11-16T02:10:58.099+0000][22025.861s][info ][safepoint     ] Application time: 1.0001801 seconds
[2023-11-16T02:10:58.099+0000][22025.861s][info ][safepoint     ] Entering safepoint region: Cleanup
[2023-11-16T02:10:58.100+0000][22025.861s][info ][safepoint     ] Leaving safepoint region
[2023-11-16T02:10:58.100+0000][22025.861s][info ][safepoint     ] Total time for which application threads were stopped: 0.0003722 seconds, Stopping threads took: 0.0000761 seconds
[2023-11-16T02:10:59.100+0000][22026.862s][debug][safepoint     ] Safepoint synchronization initiated. (180 threads)
[2023-11-16T02:10:59.100+0000][22026.862s][info ][safepoint     ] Application time: 1.0001576 seconds
[2023-11-16T02:10:59.100+0000][22026.862s][info ][safepoint     ] Entering safepoint region: Cleanup
[2023-11-16T02:10:59.100+0000][22026.862s][info ][safepoint     ] Leaving safepoint region
[2023-11-16T02:10:59.100+0000][22026.862s][info ][safepoint     ] Total time for which application threads were stopped: 0.0002652 seconds, Stopping threads took: 0.0000532 seconds
[2023-11-16T02:11:00.100+0000][22027.862s][debug][safepoint     ] Safepoint synchronization initiated. (180 threads)
[2023-11-16T02:11:00.100+0000][22027.862s][info ][safepoint     ] Application time: 1.0001602 seconds
[2023-11-16T02:11:00.100+0000][22027.862s][info ][safepoint     ] Entering safepoint region: Cleanup
[2023-11-16T02:11:00.101+0000][22027.862s][info ][safepoint     ] Leaving safepoint region
[2023-11-16T02:11:00.101+0000][22027.862s][info ][safepoint     ] Total time for which application threads were stopped: 0.0002865 seconds, Stopping threads took: 0.0000522 seconds
[2023-11-16T02:11:01.101+0000][22028.862s][debug][safepoint     ] Safepoint synchronization initiated. (180 threads)
[2023-11-16T02:11:01.101+0000][22028.863s][info ][safepoint     ] Application time: 1.0001647 seconds
[2023-11-16T02:11:01.101+0000][22028.863s][info ][safepoint     ] Entering safepoint region: Cleanup
[2023-11-16T02:11:01.101+0000][22028.863s][info ][safepoint     ] Leaving safepoint region
[2023-11-16T02:11:01.101+0000][22028.863s][info ][safepoint     ] Total time for which application threads were stopped: 0.0002888 seconds, Stopping threads took: 0.0000524 seconds
[2023-11-16T02:11:02.101+0000][22029.863s][debug][safepoint     ] Safepoint synchronization initiated. (180 threads)
[2023-11-16T02:11:02.101+0000][22029.863s][info ][safepoint     ] Application time: 1.0001562 seconds
[2023-11-16T02:11:02.101+0000][22029.863s][info ][safepoint     ] Entering safepoint region: Cleanup
[2023-11-16T02:11:02.102+0000][22029.864s][info ][safepoint     ] Leaving safepoint region
[2023-11-16T02:11:02.102+0000][22029.864s][info ][safepoint     ] Total time for which application threads were stopped: 0.0006920 seconds, Stopping threads took: 0.0004728 seconds
[2023-11-16T02:11:03.102+0000][22030.864s][debug][safepoint     ] Safepoint synchronization initiated. (180 threads)
[2023-11-16T02:11:03.102+0000][22030.864s][info ][safepoint     ] Application time: 1.0001525 seconds
[2023-11-16T02:11:03.102+0000][22030.864s][info ][safepoint     ] Entering safepoint region: Cleanup
[2023-11-16T02:11:03.103+0000][22030.864s][info ][safepoint     ] Leaving safepoint region
[2023-11-16T02:11:03.103+0000][22030.864s][info ][safepoint     ] Total time for which application threads were stopped: 0.0003487 seconds, Stopping threads took: 0.0000504 seconds
[2023-11-16T02:11:04.103+0000][22031.864s][debug][safepoint     ] Safepoint synchronization initiated. (180 threads)
[2023-11-16T02:11:04.103+0000][22031.864s][info ][safepoint     ] Application time: 1.0001662 seconds
[2023-11-16T02:11:04.103+0000][22031.865s][info ][safepoint     ] Entering safepoint region: Cleanup
[2023-11-16T02:11:04.103+0000][22031.865s][info ][safepoint     ] Leaving safepoint region
[2023-11-16T02:11:04.103+0000][22031.865s][info ][safepoint     ] Total time for which application threads were stopped: 0.0003091 seconds, Stopping threads took: 0.0000506 seconds
[2023-11-16T02:11:05.103+0000][22032.865s][debug][safepoint     ] Safepoint synchronization initiated. (180 threads)
[2023-11-16T02:11:05.103+0000][22032.865s][info ][safepoint     ] Application time: 1.0001766 seconds
[2023-11-16T02:11:05.103+0000][22032.865s][info ][safepoint     ] Entering safepoint region: Cleanup
[2023-11-16T02:11:05.104+0000][22032.865s][info ][safepoint     ] Leaving safepoint region
[2023-11-16T02:11:05.104+0000][22032.865s][info ][safepoint     ] Total time for which application threads were stopped: 0.0003641 seconds, Stopping threads took: 0.0000507 seconds
[2023-11-16T02:11:06.104+0000][22033.866s][debug][safepoint     ] Safepoint synchronization initiated. (180 threads)
[2023-11-16T02:11:06.104+0000][22033.866s][info ][safepoint     ] Application time: 1.0001666 seconds
[2023-11-16T02:11:06.104+0000][22033.866s][info ][safepoint     ] Entering safepoint region: Cleanup
[2023-11-16T02:11:06.104+0000][22033.866s][info ][safepoint     ] Leaving safepoint region
[2023-11-16T02:11:06.104+0000][22033.866s][info ][safepoint     ] Total time for which application threads were stopped: 0.0002483 seconds, Stopping threads took: 0.0000513 seconds
[2023-11-16T02:11:07.104+0000][22034.866s][debug][safepoint     ] Safepoint synchronization initiated. (180 threads)
[2023-11-16T02:11:07.104+0000][22034.866s][info ][safepoint     ] Application time: 1.0001736 seconds
[2023-11-16T02:11:07.104+0000][22034.866s][info ][safepoint     ] Entering safepoint region: Cleanup
[2023-11-16T02:11:07.105+0000][22034.867s][info ][safepoint     ] Leaving safepoint region
[2023-11-16T02:11:07.105+0000][22034.867s][info ][safepoint     ] Total time for which application threads were stopped: 0.0006097 seconds, Stopping threads took: 0.0003834 seconds
[2023-11-16T02:11:08.105+0000][22035.867s][debug][safepoint     ] Safepoint synchronization initiated. (180 threads)
[2023-11-16T02:11:08.105+0000][22035.867s][info ][safepoint     ] Application time: 1.0001695 seconds
[2023-11-16T02:11:08.105+0000][22035.867s][info ][safepoint     ] Entering safepoint region: Cleanup
[2023-11-16T02:11:08.105+0000][22035.867s][info ][safepoint     ] Leaving safepoint region
[2023-11-16T02:11:08.105+0000][22035.867s][info ][safepoint     ] Total time for which application threads were stopped: 0.0002654 seconds, Stopping threads took: 0.0000519 seconds
[2023-11-16T02:11:09.106+0000][22036.867s][debug][safepoint     ] Safepoint synchronization initiated. (180 threads)
[2023-11-16T02:11:09.106+0000][22036.867s][info ][safepoint     ] Application time: 1.0001603 seconds
[2023-11-16T02:11:09.106+0000][22036.867s][info ][safepoint     ] Entering safepoint region: Cleanup
[2023-11-16T02:11:09.106+0000][22036.868s][info ][safepoint     ] Leaving safepoint region
[2023-11-16T02:11:09.106+0000][22036.868s][info ][safepoint     ] Total time for which application threads were stopped: 0.0003132 seconds, Stopping threads took: 0.0000520 seconds
[2023-11-16T02:11:10.106+0000][22037.868s][debug][safepoint     ] Safepoint synchronization initiated. (180 threads)
[2023-11-16T02:11:10.106+0000][22037.868s][info ][safepoint     ] Application time: 1.0001533 seconds
[2023-11-16T02:11:10.106+0000][22037.868s][info ][safepoint     ] Entering safepoint region: Cleanup
[2023-11-16T02:11:10.106+0000][22037.868s][info ][safepoint     ] Leaving safepoint region
[2023-11-16T02:11:10.106+0000][22037.868s][info ][safepoint     ] Total time for which application threads were stopped: 0.0002742 seconds, Stopping threads took: 0.0000505 seconds
[2023-11-16T02:11:11.107+0000][22038.868s][debug][safepoint     ] Safepoint synchronization initiated. (180 threads)
[2023-11-16T02:11:11.107+0000][22038.868s][info ][safepoint     ] Application time: 1.0001612 seconds
[2023-11-16T02:11:11.107+0000][22038.868s][info ][safepoint     ] Entering safepoint region: Cleanup
[2023-11-16T02:11:11.107+0000][22038.869s][info ][safepoint     ] Leaving safepoint region
[2023-11-16T02:11:11.107+0000][22038.869s][debug][safepoint     ] ... found polling page return exception at pc = 0x00007f693102dd76, stub =0x00007f692883a800
[2023-11-16T02:11:11.107+0000][22038.869s][info ][safepoint     ] Total time for which application threads were stopped: 0.0003120 seconds, Stopping threads took: 0.0000634 seconds
[2023-11-16T02:11:12.107+0000][22039.869s][debug][safepoint     ] Safepoint synchronization initiated. (180 threads)
[2023-11-16T02:11:12.107+0000][22039.869s][info ][safepoint     ] Application time: 1.0001658 seconds
[2023-11-16T02:11:12.107+0000][22039.869s][info ][safepoint     ] Entering safepoint region: Cleanup
[2023-11-16T02:11:12.108+0000][22039.869s][info ][safepoint     ] Leaving safepoint region
[2023-11-16T02:11:12.108+0000][22039.869s][info ][safepoint     ] Total time for which application threads were stopped: 0.0004035 seconds, Stopping threads took: 0.0000577 seconds
[2023-11-16T02:11:13.108+0000][22040.869s][debug][safepoint     ] Safepoint synchronization initiated. (180 threads)
[2023-11-16T02:11:13.108+0000][22040.869s][info ][safepoint     ] Application time: 1.0001555 seconds
[2023-11-16T02:11:13.108+0000][22040.870s][info ][safepoint     ] Entering safepoint region: Cleanup
[2023-11-16T02:11:13.108+0000][22040.870s][info ][safepoint     ] Leaving safepoint region
[2023-11-16T02:11:13.108+0000][22040.870s][info ][safepoint     ] Total time for which application threads were stopped: 0.0003430 seconds, Stopping threads took: 0.0000497 seconds
[2023-11-16T02:11:14.108+0000][22041.870s][debug][safepoint     ] Safepoint synchronization initiated. (180 threads)
[2023-11-16T02:11:14.108+0000][22041.870s][info ][safepoint     ] Application time: 1.0001608 seconds
[2023-11-16T02:11:14.108+0000][22041.870s][info ][safepoint     ] Entering safepoint region: Cleanup
[2023-11-16T02:11:14.109+0000][22041.870s][info ][safepoint     ] Leaving safepoint region
[2023-11-16T02:11:14.109+0000][22041.870s][info ][safepoint     ] Total time for which application threads were stopped: 0.0002596 seconds, Stopping threads took: 0.0000503 seconds
[2023-11-16T02:11:15.109+0000][22042.870s][debug][safepoint     ] Safepoint synchronization initiated. (180 threads)
[2023-11-16T02:11:15.109+0000][22042.870s][info ][safepoint     ] Application time: 1.0001801 seconds
[2023-11-16T02:11:15.109+0000][22042.871s][info ][safepoint     ] Entering safepoint region: Cleanup
[2023-11-16T02:11:15.109+0000][22042.871s][info ][safepoint     ] Leaving safepoint region
[2023-11-16T02:11:15.109+0000][22042.871s][info ][safepoint     ] Total time for which application threads were stopped: 0.0003505 seconds, Stopping threads took: 0.0000513 seconds
[2023-11-16T02:11:16.109+0000][22043.871s][debug][safepoint     ] Safepoint synchronization initiated. (180 threads)
[2023-11-16T02:11:16.109+0000][22043.871s][info ][safepoint     ] Application time: 1.0001592 seconds
[2023-11-16T02:11:16.109+0000][22043.871s][info ][safepoint     ] Entering safepoint region: Cleanup
[2023-11-16T02:11:16.110+0000][22043.871s][info ][safepoint     ] Leaving safepoint region
[2023-11-16T02:11:16.110+0000][22043.871s][info ][safepoint     ] Total time for which application threads were stopped: 0.0002623 seconds, Stopping threads took: 0.0000500 seconds
[2023-11-16T02:11:17.110+0000][22044.871s][debug][safepoint     ] Safepoint synchronization initiated. (180 threads)
[2023-11-16T02:11:17.110+0000][22044.872s][info ][safepoint     ] Application time: 1.0004502 seconds
[2023-11-16T02:11:17.110+0000][22044.872s][info ][safepoint     ] Entering safepoint region: Cleanup
[2023-11-16T02:11:17.110+0000][22044.872s][info ][safepoint     ] Leaving safepoint region
[2023-11-16T02:11:17.110+0000][22044.872s][info ][safepoint     ] Total time for which application threads were stopped: 0.0002442 seconds, Stopping threads took: 0.0000513 seconds
[2023-11-16T02:11:18.111+0000][22045.872s][debug][safepoint     ] Safepoint synchronization initiated. (180 threads)
[2023-11-16T02:11:18.111+0000][22045.872s][info ][safepoint     ] Application time: 1.0001697 seconds
[2023-11-16T02:11:18.111+0000][22045.872s][info ][safepoint     ] Entering safepoint region: Cleanup
[2023-11-16T02:11:18.111+0000][22045.873s][info ][safepoint     ] Leaving safepoint region
[2023-11-16T02:11:18.111+0000][22045.873s][info ][safepoint     ] Total time for which application threads were stopped: 0.0003554 seconds, Stopping threads took: 0.0000745 seconds
[2023-11-16T02:11:19.111+0000][22046.873s][debug][safepoint     ] Safepoint synchronization initiated. (180 threads)
[2023-11-16T02:11:19.111+0000][22046.873s][info ][safepoint     ] Application time: 1.0001516 seconds
[2023-11-16T02:11:19.111+0000][22046.873s][info ][safepoint     ] Entering safepoint region: Cleanup
[2023-11-16T02:11:19.111+0000][22046.873s][info ][safepoint     ] Leaving safepoint region
[2023-11-16T02:11:19.111+0000][22046.873s][info ][safepoint     ] Total time for which application threads were stopped: 0.0002634 seconds, Stopping threads took: 0.0000502 seconds
[2023-11-16T02:11:20.112+0000][22047.873s][debug][safepoint     ] Safepoint synchronization initiated. (180 threads)
[2023-11-16T02:11:20.112+0000][22047.873s][info ][safepoint     ] Application time: 1.0001677 seconds
[2023-11-16T02:11:20.112+0000][22047.873s][info ][safepoint     ] Entering safepoint region: Cleanup
[2023-11-16T02:11:20.112+0000][22047.874s][info ][safepoint     ] Leaving safepoint region
[2023-11-16T02:11:20.112+0000][22047.874s][info ][safepoint     ] Total time for which application threads were stopped: 0.0003440 seconds, Stopping threads took: 0.0000504 seconds
[2023-11-16T02:11:21.112+0000][22048.874s][debug][safepoint     ] Safepoint synchronization initiated. (180 threads)
[2023-11-16T02:11:21.112+0000][22048.874s][info ][safepoint     ] Application time: 1.0001609 seconds
[2023-11-16T02:11:21.112+0000][22048.874s][info ][safepoint     ] Entering safepoint region: Cleanup
[2023-11-16T02:11:21.112+0000][22048.874s][info ][safepoint     ] Leaving safepoint region
[2023-11-16T02:11:21.113+0000][22048.874s][info ][safepoint     ] Total time for which application threads were stopped: 0.0003456 seconds, Stopping threads took: 0.0000511 seconds
[2023-11-16T02:11:22.113+0000][22049.874s][debug][safepoint     ] Safepoint synchronization initiated. (180 threads)
[2023-11-16T02:11:22.113+0000][22049.874s][info ][safepoint     ] Application time: 1.0001711 seconds
[2023-11-16T02:11:22.113+0000][22049.874s][info ][safepoint     ] Entering safepoint region: Cleanup
[2023-11-16T02:11:22.113+0000][22049.875s][info ][safepoint     ] Leaving safepoint region
[2023-11-16T02:11:22.113+0000][22049.875s][info ][safepoint     ] Total time for which application threads were stopped: 0.0003442 seconds, Stopping threads took: 0.0000503 seconds
[2023-11-16T02:11:23.113+0000][22050.875s][debug][safepoint     ] Safepoint synchronization initiated. (180 threads)
[2023-11-16T02:11:23.113+0000][22050.875s][info ][safepoint     ] Application time: 1.0001710 seconds
[2023-11-16T02:11:23.113+0000][22050.875s][info ][safepoint     ] Entering safepoint region: Cleanup
[2023-11-16T02:11:23.114+0000][22050.875s][info ][safepoint     ] Leaving safepoint region
[2023-11-16T02:11:23.114+0000][22050.875s][info ][safepoint     ] Total time for which application threads were stopped: 0.0002557 seconds, Stopping threads took: 0.0000507 seconds
[2023-11-16T02:11:24.114+0000][22051.875s][debug][safepoint     ] Safepoint synchronization initiated. (180 threads)
[2023-11-16T02:11:24.114+0000][22051.875s][info ][safepoint     ] Application time: 1.0001759 seconds
[2023-11-16T02:11:24.114+0000][22051.875s][info ][safepoint     ] Entering safepoint region: Cleanup
[2023-11-16T02:11:24.114+0000][22051.876s][info ][safepoint     ] Leaving safepoint region
[2023-11-16T02:11:24.114+0000][22051.876s][info ][safepoint     ] Total time for which application threads were stopped: 0.0002877 seconds, Stopping threads took: 0.0000710 seconds
[2023-11-16T02:11:25.114+0000][22052.876s][debug][safepoint     ] Safepoint synchronization initiated. (180 threads)
[2023-11-16T02:11:25.114+0000][22052.876s][info ][safepoint     ] Application time: 1.0001488 seconds
[2023-11-16T02:11:25.114+0000][22052.876s][info ][safepoint     ] Entering safepoint region: Cleanup
[2023-11-16T02:11:25.115+0000][22052.876s][info ][safepoint     ] Leaving safepoint region
[2023-11-16T02:11:25.115+0000][22052.876s][info ][safepoint     ] Total time for which application threads were stopped: 0.0003462 seconds, Stopping threads took: 0.0000533 seconds
[2023-11-16T02:11:26.115+0000][22053.876s][debug][safepoint     ] Safepoint synchronization initiated. (180 threads)
[2023-11-16T02:11:26.115+0000][22053.876s][info ][safepoint     ] Application time: 1.0001704 seconds
[2023-11-16T02:11:26.115+0000][22053.876s][info ][safepoint     ] Entering safepoint region: Cleanup
[2023-11-16T02:11:26.115+0000][22053.877s][info ][safepoint     ] Leaving safepoint region
[2023-11-16T02:11:26.115+0000][22053.877s][info ][safepoint     ] Total time for which application threads were stopped: 0.0003054 seconds, Stopping threads took: 0.0000519 seconds
[2023-11-16T02:11:27.115+0000][22054.877s][debug][safepoint     ] Safepoint synchronization initiated. (180 threads)
[2023-11-16T02:11:27.115+0000][22054.877s][info ][safepoint     ] Application time: 1.0001535 seconds
[2023-11-16T02:11:27.115+0000][22054.877s][info ][safepoint     ] Entering safepoint region: Cleanup
[2023-11-16T02:11:27.116+0000][22054.877s][info ][safepoint     ] Leaving safepoint region
[2023-11-16T02:11:27.116+0000][22054.877s][info ][safepoint     ] Total time for which application threads were stopped: 0.0003093 seconds, Stopping threads took: 0.0000515 seconds
[2023-11-16T02:11:28.116+0000][22055.877s][debug][safepoint     ] Safepoint synchronization initiated. (180 threads)
[2023-11-16T02:11:28.116+0000][22055.877s][info ][safepoint     ] Application time: 1.0001477 seconds
[2023-11-16T02:11:28.116+0000][22055.877s][info ][safepoint     ] Entering safepoint region: Cleanup
[2023-11-16T02:11:28.116+0000][22055.878s][info ][safepoint     ] Leaving safepoint region
[2023-11-16T02:11:28.116+0000][22055.878s][info ][safepoint     ] Total time for which application threads were stopped: 0.0003481 seconds, Stopping threads took: 0.0000522 seconds
[2023-11-16T02:11:29.116+0000][22056.878s][debug][safepoint     ] Safepoint synchronization initiated. (180 threads)
[2023-11-16T02:11:29.116+0000][22056.878s][info ][safepoint     ] Application time: 1.0001524 seconds
[2023-11-16T02:11:29.116+0000][22056.878s][info ][safepoint     ] Entering safepoint region: Cleanup
[2023-11-16T02:11:29.117+0000][22056.878s][info ][safepoint     ] Leaving safepoint region
[2023-11-16T02:11:29.117+0000][22056.878s][info ][safepoint     ] Total time for which application threads were stopped: 0.0003443 seconds, Stopping threads took: 0.0000523 seconds
[2023-11-16T02:11:30.117+0000][22057.878s][debug][safepoint     ] Safepoint synchronization initiated. (180 threads)
[2023-11-16T02:11:30.117+0000][22057.879s][info ][safepoint     ] Application time: 1.0001822 seconds
[2023-11-16T02:11:30.117+0000][22057.879s][info ][safepoint     ] Entering safepoint region: Cleanup
[2023-11-16T02:11:30.117+0000][22057.879s][info ][safepoint     ] Leaving safepoint region
[2023-11-16T02:11:30.117+0000][22057.879s][info ][safepoint     ] Total time for which application threads were stopped: 0.0003152 seconds, Stopping threads took: 0.0000523 seconds
[2023-11-16T02:11:31.117+0000][22058.879s][debug][safepoint     ] Safepoint synchronization initiated. (180 threads)
[2023-11-16T02:11:31.117+0000][22058.879s][info ][safepoint     ] Application time: 1.0001600 seconds
[2023-11-16T02:11:31.117+0000][22058.879s][info ][safepoint     ] Entering safepoint region: Cleanup
[2023-11-16T02:11:31.118+0000][22058.879s][info ][safepoint     ] Leaving safepoint region
[2023-11-16T02:11:31.118+0000][22058.879s][info ][safepoint     ] Total time for which application threads were stopped: 0.0003113 seconds, Stopping threads took: 0.0000529 seconds
[2023-11-16T02:11:31.118+0000][22058.879s][debug][safepoint     ] ... found polling page return exception at pc = 0x00007f693102dd76, stub =0x00007f692883a800
[2023-11-16T02:11:32.118+0000][22059.879s][debug][safepoint     ] Safepoint synchronization initiated. (180 threads)
[2023-11-16T02:11:32.118+0000][22059.880s][info ][safepoint     ] Application time: 1.0001951 seconds
[2023-11-16T02:11:32.118+0000][22059.880s][info ][safepoint     ] Entering safepoint region: Cleanup
[2023-11-16T02:11:32.118+0000][22059.880s][info ][safepoint     ] Leaving safepoint region
[2023-11-16T02:11:32.118+0000][22059.880s][info ][safepoint     ] Total time for which application threads were stopped: 0.0003516 seconds, Stopping threads took: 0.0000522 seconds
[2023-11-16T02:11:33.118+0000][22060.880s][debug][safepoint     ] Safepoint synchronization initiated. (180 threads)
[2023-11-16T02:11:33.119+0000][22060.880s][info ][safepoint     ] Application time: 1.0001749 seconds
[2023-11-16T02:11:33.119+0000][22060.880s][info ][safepoint     ] Entering safepoint region: Cleanup
[2023-11-16T02:11:33.119+0000][22060.880s][info ][safepoint     ] Leaving safepoint region
[2023-11-16T02:11:33.119+0000][22060.881s][info ][safepoint     ] Total time for which application threads were stopped: 0.0003508 seconds, Stopping threads took: 0.0000517 seconds
[2023-11-16T02:11:35.119+0000][22062.881s][debug][safepoint     ] Safepoint synchronization initiated. (180 threads)
[2023-11-16T02:11:35.119+0000][22062.881s][info ][safepoint     ] Application time: 2.0002584 seconds
[2023-11-16T02:11:35.119+0000][22062.881s][info ][safepoint     ] Entering safepoint region: Cleanup
[2023-11-16T02:11:35.119+0000][22062.881s][info ][safepoint     ] Leaving safepoint region
[2023-11-16T02:11:35.120+0000][22062.881s][info ][safepoint     ] Total time for which application threads were stopped: 0.0003614 seconds, Stopping threads took: 0.0000529 seconds
[2023-11-16T02:11:36.120+0000][22063.881s][debug][safepoint     ] Safepoint synchronization initiated. (180 threads)
[2023-11-16T02:11:36.120+0000][22063.881s][info ][safepoint     ] Application time: 1.0001490 seconds
[2023-11-16T02:11:36.120+0000][22063.881s][info ][safepoint     ] Entering safepoint region: Cleanup
[2023-11-16T02:11:36.120+0000][22063.882s][info ][safepoint     ] Leaving safepoint region
[2023-11-16T02:11:36.120+0000][22063.882s][info ][safepoint     ] Total time for which application threads were stopped: 0.0003537 seconds, Stopping threads took: 0.0000534 seconds
[2023-11-16T02:12:33.125+0000][22120.887s][debug][safepoint     ] Safepoint synchronization initiated. (179 threads)
[2023-11-16T02:12:33.125+0000][22120.887s][info ][safepoint     ] Application time: 57.0053443 seconds
[2023-11-16T02:12:33.125+0000][22120.887s][info ][safepoint     ] Entering safepoint region: Cleanup
[2023-11-16T02:12:33.126+0000][22120.887s][info ][safepoint     ] Leaving safepoint region
[2023-11-16T02:12:33.126+0000][22120.887s][info ][safepoint     ] Total time for which application threads were stopped: 0.0002555 seconds, Stopping threads took: 0.0000530 seconds
[2023-11-16T02:12:34.126+0000][22121.887s][debug][safepoint     ] Safepoint synchronization initiated. (179 threads)
[2023-11-16T02:12:34.126+0000][22121.888s][info ][safepoint     ] Application time: 1.0001769 seconds
[2023-11-16T02:12:34.126+0000][22121.888s][info ][safepoint     ] Entering safepoint region: Cleanup
[2023-11-16T02:12:34.126+0000][22121.888s][info ][safepoint     ] Leaving safepoint region
[2023-11-16T02:12:34.126+0000][22121.888s][info ][safepoint     ] Total time for which application threads were stopped: 0.0002631 seconds, Stopping threads took: 0.0000517 seconds
[2023-11-16T02:12:35.126+0000][22122.888s][debug][safepoint     ] Safepoint synchronization initiated. (179 threads)
[2023-11-16T02:12:35.126+0000][22122.888s][info ][safepoint     ] Application time: 1.0001727 seconds
[2023-11-16T02:12:35.126+0000][22122.888s][info ][safepoint     ] Entering safepoint region: Cleanup
[2023-11-16T02:12:35.127+0000][22122.888s][info ][safepoint     ] Leaving safepoint region
[2023-11-16T02:12:35.127+0000][22122.888s][info ][safepoint     ] Total time for which application threads were stopped: 0.0002671 seconds, Stopping threads took: 0.0000523 seconds
[2023-11-16T02:12:36.127+0000][22123.888s][debug][safepoint     ] Safepoint synchronization initiated. (179 threads)
[2023-11-16T02:12:36.127+0000][22123.889s][info ][safepoint     ] Application time: 1.0001666 seconds
[2023-11-16T02:12:36.127+0000][22123.889s][info ][safepoint     ] Entering safepoint region: Cleanup
[2023-11-16T02:12:36.127+0000][22123.889s][info ][safepoint     ] Leaving safepoint region
[2023-11-16T02:12:36.127+0000][22123.889s][info ][safepoint     ] Total time for which application threads were stopped: 0.0002850 seconds, Stopping threads took: 0.0000530 seconds
[2023-11-16T02:12:37.127+0000][22124.889s][debug][safepoint     ] Safepoint synchronization initiated. (179 threads)
[2023-11-16T02:12:37.127+0000][22124.889s][info ][safepoint     ] Application time: 1.0001567 seconds
[2023-11-16T02:12:37.127+0000][22124.889s][info ][safepoint     ] Entering safepoint region: Cleanup
[2023-11-16T02:12:37.128+0000][22124.889s][info ][safepoint     ] Leaving safepoint region
[2023-11-16T02:12:37.128+0000][22124.889s][info ][safepoint     ] Total time for which application threads were stopped: 0.0002759 seconds, Stopping threads took: 0.0000507 seconds
[2023-11-16T02:12:38.128+0000][22125.889s][debug][safepoint     ] Safepoint synchronization initiated. (179 threads)
[2023-11-16T02:12:38.128+0000][22125.889s][info ][safepoint     ] Application time: 1.0001615 seconds
[2023-11-16T02:12:38.128+0000][22125.890s][info ][safepoint     ] Entering safepoint region: Cleanup
[2023-11-16T02:12:38.128+0000][22125.890s][info ][safepoint     ] Leaving safepoint region
[2023-11-16T02:12:38.128+0000][22125.890s][info ][safepoint     ] Total time for which application threads were stopped: 0.0002669 seconds, Stopping threads took: 0.0000517 seconds
[2023-11-16T02:12:39.128+0000][22126.890s][debug][safepoint     ] Safepoint synchronization initiated. (179 threads)
[2023-11-16T02:12:39.128+0000][22126.890s][info ][safepoint     ] Application time: 1.0001591 seconds
[2023-11-16T02:12:39.128+0000][22126.890s][info ][safepoint     ] Entering safepoint region: Cleanup
[2023-11-16T02:12:39.129+0000][22126.890s][info ][safepoint     ] Leaving safepoint region
[2023-11-16T02:12:39.129+0000][22126.890s][info ][safepoint     ] Total time for which application threads were stopped: 0.0004519 seconds, Stopping threads took: 0.0001964 seconds
[2023-11-16T02:12:40.129+0000][22127.891s][debug][safepoint     ] Safepoint synchronization initiated. (177 threads)
[2023-11-16T02:12:40.129+0000][22127.891s][info ][safepoint     ] Application time: 1.0001734 seconds
[2023-11-16T02:12:40.129+0000][22127.891s][info ][safepoint     ] Entering safepoint region: Cleanup
[2023-11-16T02:12:40.129+0000][22127.891s][info ][safepoint     ] Leaving safepoint region
[2023-11-16T02:12:40.129+0000][22127.891s][info ][safepoint     ] Total time for which application threads were stopped: 0.0003448 seconds, Stopping threads took: 0.0000509 seconds
[2023-11-16T02:12:41.129+0000][22128.891s][debug][safepoint     ] Safepoint synchronization initiated. (177 threads)
[2023-11-16T02:12:41.129+0000][22128.891s][info ][safepoint     ] Application time: 1.0001700 seconds
[2023-11-16T02:12:41.130+0000][22128.891s][info ][safepoint     ] Entering safepoint region: Cleanup
[2023-11-16T02:12:41.130+0000][22128.891s][info ][safepoint     ] Leaving safepoint region
[2023-11-16T02:12:41.130+0000][22128.891s][info ][safepoint     ] Total time for which application threads were stopped: 0.0003436 seconds, Stopping threads took: 0.0000510 seconds
[2023-11-16T02:12:42.130+0000][22129.892s][debug][safepoint     ] Safepoint synchronization initiated. (177 threads)
[2023-11-16T02:12:42.130+0000][22129.892s][info ][safepoint     ] Application time: 1.0001718 seconds
[2023-11-16T02:12:42.130+0000][22129.892s][info ][safepoint     ] Entering safepoint region: Cleanup
[2023-11-16T02:12:42.130+0000][22129.892s][info ][safepoint     ] Leaving safepoint region
[2023-11-16T02:12:42.130+0000][22129.892s][info ][safepoint     ] Total time for which application threads were stopped: 0.0003432 seconds, Stopping threads took: 0.0000508 seconds
[2023-11-16T02:12:43.131+0000][22130.892s][debug][safepoint     ] Safepoint synchronization initiated. (177 threads)
[2023-11-16T02:12:43.131+0000][22130.892s][info ][safepoint     ] Application time: 1.0001647 seconds
[2023-11-16T02:12:43.131+0000][22130.892s][info ][safepoint     ] Entering safepoint region: Cleanup
[2023-11-16T02:12:43.131+0000][22130.893s][info ][safepoint     ] Leaving safepoint region
[2023-11-16T02:12:43.131+0000][22130.893s][info ][safepoint     ] Total time for which application threads were stopped: 0.0003340 seconds, Stopping threads took: 0.0000504 seconds
[2023-11-16T02:12:44.131+0000][22131.893s][debug][safepoint     ] Safepoint synchronization initiated. (177 threads)
[2023-11-16T02:12:44.131+0000][22131.893s][info ][safepoint     ] Application time: 1.0001459 seconds
[2023-11-16T02:12:44.131+0000][22131.893s][info ][safepoint     ] Entering safepoint region: Cleanup
[2023-11-16T02:12:44.132+0000][22131.893s][info ][safepoint     ] Leaving safepoint region
[2023-11-16T02:12:44.132+0000][22131.893s][info ][safepoint     ] Total time for which application threads were stopped: 0.0005493 seconds, Stopping threads took: 0.0003464 seconds
[2023-11-16T02:12:45.132+0000][22132.893s][debug][safepoint     ] Safepoint synchronization initiated. (177 threads)
[2023-11-16T02:12:45.132+0000][22132.893s][info ][safepoint     ] Application time: 1.0001540 seconds
[2023-11-16T02:12:45.132+0000][22132.894s][info ][safepoint     ] Entering safepoint region: Cleanup
[2023-11-16T02:12:45.132+0000][22132.894s][info ][safepoint     ] Leaving safepoint region
[2023-11-16T02:12:45.132+0000][22132.894s][debug][safepoint     ] ... found polling page return exception at pc = 0x00007f693102dd76, stub =0x00007f692883a800
[2023-11-16T02:12:45.132+0000][22132.894s][debug][safepoint     ] ... found polling page return exception at pc = 0x00007f693102dd76, stub =0x00007f692883a800
[2023-11-16T02:12:45.132+0000][22132.894s][info ][safepoint     ] Total time for which application threads were stopped: 0.0003122 seconds, Stopping threads took: 0.0000509 seconds
[2023-11-16T02:12:46.132+0000][22133.894s][debug][safepoint     ] Safepoint synchronization initiated. (177 threads)
[2023-11-16T02:12:46.132+0000][22133.894s][info ][safepoint     ] Application time: 1.0001681 seconds
[2023-11-16T02:12:46.133+0000][22133.894s][info ][safepoint     ] Entering safepoint region: Cleanup
[2023-11-16T02:12:46.133+0000][22133.894s][info ][safepoint     ] Leaving safepoint region
[2023-11-16T02:12:46.133+0000][22133.894s][info ][safepoint     ] Total time for which application threads were stopped: 0.0002611 seconds, Stopping threads took: 0.0000514 seconds
[2023-11-16T02:12:47.133+0000][22134.895s][debug][safepoint     ] Safepoint synchronization initiated. (177 threads)
[2023-11-16T02:12:47.133+0000][22134.895s][info ][safepoint     ] Application time: 1.0001629 seconds
[2023-11-16T02:12:47.133+0000][22134.895s][info ][safepoint     ] Entering safepoint region: Cleanup
[2023-11-16T02:12:47.133+0000][22134.895s][info ][safepoint     ] Leaving safepoint region
[2023-11-16T02:12:47.133+0000][22134.895s][info ][safepoint     ] Total time for which application threads were stopped: 0.0003451 seconds, Stopping threads took: 0.0000494 seconds
[2023-11-16T02:12:48.133+0000][22135.895s][debug][safepoint     ] Safepoint synchronization initiated. (177 threads)
[2023-11-16T02:12:48.133+0000][22135.895s][info ][safepoint     ] Application time: 1.0001660 seconds
[2023-11-16T02:12:48.134+0000][22135.895s][info ][safepoint     ] Entering safepoint region: Cleanup
[2023-11-16T02:12:48.134+0000][22135.895s][info ][safepoint     ] Leaving safepoint region
[2023-11-16T02:12:48.134+0000][22135.895s][info ][safepoint     ] Total time for which application threads were stopped: 0.0003507 seconds, Stopping threads took: 0.0000515 seconds
[2023-11-16T02:12:49.134+0000][22136.896s][debug][safepoint     ] Safepoint synchronization initiated. (177 threads)
[2023-11-16T02:12:49.134+0000][22136.896s][info ][safepoint     ] Application time: 1.0001481 seconds
[2023-11-16T02:12:49.134+0000][22136.896s][info ][safepoint     ] Entering safepoint region: Cleanup
[2023-11-16T02:12:49.134+0000][22136.896s][info ][safepoint     ] Leaving safepoint region
[2023-11-16T02:12:49.134+0000][22136.896s][info ][safepoint     ] Total time for which application threads were stopped: 0.0003409 seconds, Stopping threads took: 0.0000526 seconds
[2023-11-16T02:12:50.134+0000][22137.896s][debug][safepoint     ] Safepoint synchronization initiated. (177 threads)
[2023-11-16T02:12:50.135+0000][22137.896s][info ][safepoint     ] Application time: 1.0001543 seconds
[2023-11-16T02:12:50.135+0000][22137.896s][info ][safepoint     ] Entering safepoint region: Cleanup
[2023-11-16T02:12:50.135+0000][22137.896s][info ][safepoint     ] Leaving safepoint region
[2023-11-16T02:12:50.135+0000][22137.896s][info ][safepoint     ] Total time for which application threads were stopped: 0.0002540 seconds, Stopping threads took: 0.0000506 seconds
[2023-11-16T02:12:51.135+0000][22138.897s][debug][safepoint     ] Safepoint synchronization initiated. (177 threads)
[2023-11-16T02:12:51.135+0000][22138.897s][info ][safepoint     ] Application time: 1.0001671 seconds
[2023-11-16T02:12:51.135+0000][22138.897s][info ][safepoint     ] Entering safepoint region: Cleanup
[2023-11-16T02:12:51.135+0000][22138.897s][info ][safepoint     ] Leaving safepoint region
[2023-11-16T02:12:51.135+0000][22138.897s][info ][safepoint     ] Total time for which application threads were stopped: 0.0002579 seconds, Stopping threads took: 0.0000502 seconds
[2023-11-16T02:12:52.135+0000][22139.897s][debug][safepoint     ] Safepoint synchronization initiated. (177 threads)
[2023-11-16T02:12:52.135+0000][22139.897s][info ][safepoint     ] Application time: 1.0001744 seconds
[2023-11-16T02:12:52.136+0000][22139.897s][info ][safepoint     ] Entering safepoint region: Cleanup
[2023-11-16T02:12:52.136+0000][22139.897s][info ][safepoint     ] Leaving safepoint region
[2023-11-16T02:12:52.136+0000][22139.897s][info ][safepoint     ] Total time for which application threads were stopped: 0.0003311 seconds, Stopping threads took: 0.0000553 seconds
[2023-11-16T02:12:53.136+0000][22140.898s][debug][safepoint     ] Safepoint synchronization initiated. (177 threads)
[2023-11-16T02:12:53.136+0000][22140.898s][info ][safepoint     ] Application time: 1.0001477 seconds
[2023-11-16T02:12:53.136+0000][22140.898s][info ][safepoint     ] Entering safepoint region: Cleanup
[2023-11-16T02:12:53.136+0000][22140.898s][info ][safepoint     ] Leaving safepoint region
[2023-11-16T02:12:53.136+0000][22140.898s][info ][safepoint     ] Total time for which application threads were stopped: 0.0002427 seconds, Stopping threads took: 0.0000506 seconds
[2023-11-16T02:12:54.136+0000][22141.898s][debug][safepoint     ] Safepoint synchronization initiated. (177 threads)
[2023-11-16T02:12:54.136+0000][22141.898s][info ][safepoint     ] Application time: 1.0001414 seconds
[2023-11-16T02:12:54.136+0000][22141.898s][info ][safepoint     ] Entering safepoint region: Cleanup
[2023-11-16T02:12:54.137+0000][22141.898s][info ][safepoint     ] Leaving safepoint region
[2023-11-16T02:12:54.137+0000][22141.898s][info ][safepoint     ] Total time for which application threads were stopped: 0.0002551 seconds, Stopping threads took: 0.0000504 seconds
[2023-11-16T02:12:55.137+0000][22142.898s][debug][safepoint     ] Safepoint synchronization initiated. (177 threads)
[2023-11-16T02:12:55.137+0000][22142.899s][info ][safepoint     ] Application time: 1.0001655 seconds
[2023-11-16T02:12:55.137+0000][22142.899s][info ][safepoint     ] Entering safepoint region: Cleanup
[2023-11-16T02:12:55.137+0000][22142.899s][info ][safepoint     ] Leaving safepoint region
[2023-11-16T02:12:55.137+0000][22142.899s][info ][safepoint     ] Total time for which application threads were stopped: 0.0003472 seconds, Stopping threads took: 0.0000518 seconds
[2023-11-16T02:12:56.137+0000][22143.899s][debug][safepoint     ] Safepoint synchronization initiated. (177 threads)
[2023-11-16T02:12:56.137+0000][22143.899s][info ][safepoint     ] Application time: 1.0001797 seconds
[2023-11-16T02:12:56.137+0000][22143.899s][info ][safepoint     ] Entering safepoint region: Cleanup
[2023-11-16T02:12:56.138+0000][22143.899s][info ][safepoint     ] Leaving safepoint region
[2023-11-16T02:12:56.138+0000][22143.899s][info ][safepoint     ] Total time for which application threads were stopped: 0.0003357 seconds, Stopping threads took: 0.0000511 seconds
[2023-11-16T02:12:57.138+0000][22144.900s][debug][safepoint     ] Safepoint synchronization initiated. (177 threads)
[2023-11-16T02:12:57.138+0000][22144.900s][info ][safepoint     ] Application time: 1.0001478 seconds
[2023-11-16T02:12:57.138+0000][22144.900s][info ][safepoint     ] Entering safepoint region: Cleanup
[2023-11-16T02:12:57.138+0000][22144.900s][info ][safepoint     ] Leaving safepoint region
[2023-11-16T02:12:57.138+0000][22144.900s][info ][safepoint     ] Total time for which application threads were stopped: 0.0004359 seconds, Stopping threads took: 0.0001791 seconds
[2023-11-16T02:12:58.139+0000][22145.900s][debug][safepoint     ] Safepoint synchronization initiated. (177 threads)
[2023-11-16T02:12:58.139+0000][22145.900s][info ][safepoint     ] Application time: 1.0001559 seconds
[2023-11-16T02:12:58.139+0000][22145.900s][info ][safepoint     ] Entering safepoint region: Cleanup
[2023-11-16T02:12:58.139+0000][22145.901s][info ][safepoint     ] Leaving safepoint region
[2023-11-16T02:12:58.139+0000][22145.901s][info ][safepoint     ] Total time for which application threads were stopped: 0.0003265 seconds, Stopping threads took: 0.0000507 seconds
[2023-11-16T02:12:59.139+0000][22146.901s][debug][safepoint     ] Safepoint synchronization initiated. (177 threads)
[2023-11-16T02:12:59.139+0000][22146.901s][info ][safepoint     ] Application time: 1.0001510 seconds
[2023-11-16T02:12:59.139+0000][22146.901s][info ][safepoint     ] Entering safepoint region: Cleanup
[2023-11-16T02:12:59.139+0000][22146.901s][info ][safepoint     ] Leaving safepoint region
[2023-11-16T02:12:59.139+0000][22146.901s][info ][safepoint     ] Total time for which application threads were stopped: 0.0002608 seconds, Stopping threads took: 0.0000514 seconds
[2023-11-16T02:13:00.140+0000][22147.901s][debug][safepoint     ] Safepoint synchronization initiated. (177 threads)
[2023-11-16T02:13:00.140+0000][22147.901s][info ][safepoint     ] Application time: 1.0001786 seconds
[2023-11-16T02:13:00.140+0000][22147.901s][info ][safepoint     ] Entering safepoint region: Cleanup
[2023-11-16T02:13:00.140+0000][22147.902s][info ][safepoint     ] Leaving safepoint region
[2023-11-16T02:13:00.140+0000][22147.902s][info ][safepoint     ] Total time for which application threads were stopped: 0.0003465 seconds, Stopping threads took: 0.0000517 seconds
[2023-11-16T02:13:01.140+0000][22148.902s][debug][safepoint     ] Safepoint synchronization initiated. (177 threads)
[2023-11-16T02:13:01.140+0000][22148.902s][info ][safepoint     ] Application time: 1.0001645 seconds
[2023-11-16T02:13:01.140+0000][22148.902s][info ][safepoint     ] Entering safepoint region: Cleanup
[2023-11-16T02:13:01.140+0000][22148.902s][info ][safepoint     ] Leaving safepoint region
[2023-11-16T02:13:01.140+0000][22148.902s][info ][safepoint     ] Total time for which application threads were stopped: 0.0003423 seconds, Stopping threads took: 0.0000511 seconds
[2023-11-16T02:13:02.141+0000][22149.902s][debug][safepoint     ] Safepoint synchronization initiated. (177 threads)
[2023-11-16T02:13:02.141+0000][22149.902s][info ][safepoint     ] Application time: 1.0001642 seconds
[2023-11-16T02:13:02.141+0000][22149.902s][info ][safepoint     ] Entering safepoint region: Cleanup
[2023-11-16T02:13:02.141+0000][22149.903s][info ][safepoint     ] Leaving safepoint region
[2023-11-16T02:13:02.141+0000][22149.903s][info ][safepoint     ] Total time for which application threads were stopped: 0.0007080 seconds, Stopping threads took: 0.0004805 seconds
[2023-11-16T02:13:03.142+0000][22150.903s][debug][safepoint     ] Safepoint synchronization initiated. (177 threads)
[2023-11-16T02:13:03.142+0000][22150.903s][info ][safepoint     ] Application time: 1.0001896 seconds
[2023-11-16T02:13:03.142+0000][22150.903s][info ][safepoint     ] Entering safepoint region: Cleanup
[2023-11-16T02:13:03.142+0000][22150.904s][info ][safepoint     ] Leaving safepoint region
[2023-11-16T02:13:03.142+0000][22150.904s][info ][safepoint     ] Total time for which application threads were stopped: 0.0003467 seconds, Stopping threads took: 0.0000516 seconds
[2023-11-16T02:13:04.142+0000][22151.904s][debug][safepoint     ] Safepoint synchronization initiated. (177 threads)
[2023-11-16T02:13:04.142+0000][22151.904s][info ][safepoint     ] Application time: 1.0001624 seconds
[2023-11-16T02:13:04.142+0000][22151.904s][info ][safepoint     ] Entering safepoint region: Cleanup
[2023-11-16T02:13:04.142+0000][22151.904s][info ][safepoint     ] Leaving safepoint region
[2023-11-16T02:13:04.143+0000][22151.904s][info ][safepoint     ] Total time for which application threads were stopped: 0.0003390 seconds, Stopping threads took: 0.0000513 seconds
[2023-11-16T02:13:05.143+0000][22152.904s][debug][safepoint     ] Safepoint synchronization initiated. (177 threads)
[2023-11-16T02:13:05.143+0000][22152.904s][info ][safepoint     ] Application time: 1.0001712 seconds
[2023-11-16T02:13:05.143+0000][22152.904s][info ][safepoint     ] Entering safepoint region: Cleanup
[2023-11-16T02:13:05.143+0000][22152.905s][info ][safepoint     ] Leaving safepoint region
[2023-11-16T02:13:05.143+0000][22152.905s][info ][safepoint     ] Total time for which application threads were stopped: 0.0002727 seconds, Stopping threads took: 0.0000520 seconds
[2023-11-16T02:13:06.143+0000][22153.905s][debug][safepoint     ] Safepoint synchronization initiated. (177 threads)
[2023-11-16T02:13:06.143+0000][22153.905s][info ][safepoint     ] Application time: 1.0001765 seconds
[2023-11-16T02:13:06.143+0000][22153.905s][info ][safepoint     ] Entering safepoint region: Cleanup
[2023-11-16T02:13:06.144+0000][22153.905s][info ][safepoint     ] Leaving safepoint region
[2023-11-16T02:13:06.144+0000][22153.905s][info ][safepoint     ] Total time for which application threads were stopped: 0.0003786 seconds, Stopping threads took: 0.0000521 seconds
[2023-11-16T02:13:07.144+0000][22154.905s][debug][safepoint     ] Safepoint synchronization initiated. (177 threads)
[2023-11-16T02:13:07.144+0000][22154.905s][info ][safepoint     ] Application time: 1.0001470 seconds
[2023-11-16T02:13:07.144+0000][22154.905s][info ][safepoint     ] Entering safepoint region: Cleanup
[2023-11-16T02:13:07.144+0000][22154.906s][info ][safepoint     ] Leaving safepoint region
[2023-11-16T02:13:07.144+0000][22154.906s][info ][safepoint     ] Total time for which application threads were stopped: 0.0004186 seconds, Stopping threads took: 0.0001738 seconds
[2023-11-16T02:13:08.144+0000][22155.906s][debug][safepoint     ] Safepoint synchronization initiated. (177 threads)
[2023-11-16T02:13:08.144+0000][22155.906s][info ][safepoint     ] Application time: 1.0001697 seconds
[2023-11-16T02:13:08.144+0000][22155.906s][info ][safepoint     ] Entering safepoint region: Cleanup
[2023-11-16T02:13:08.145+0000][22155.906s][info ][safepoint     ] Leaving safepoint region
[2023-11-16T02:13:08.145+0000][22155.906s][info ][safepoint     ] Total time for which application threads were stopped: 0.0002632 seconds, Stopping threads took: 0.0000513 seconds
[2023-11-16T02:13:09.145+0000][22156.906s][debug][safepoint     ] Safepoint synchronization initiated. (177 threads)
[2023-11-16T02:13:09.145+0000][22156.906s][info ][safepoint     ] Application time: 1.0001741 seconds
[2023-11-16T02:13:09.145+0000][22156.907s][info ][safepoint     ] Entering safepoint region: Cleanup
[2023-11-16T02:13:09.145+0000][22156.907s][info ][safepoint     ] Leaving safepoint region
[2023-11-16T02:13:09.145+0000][22156.907s][info ][safepoint     ] Total time for which application threads were stopped: 0.0003460 seconds, Stopping threads took: 0.0000521 seconds
[2023-11-16T02:13:10.145+0000][22157.907s][debug][safepoint     ] Safepoint synchronization initiated. (177 threads)
[2023-11-16T02:13:10.145+0000][22157.907s][info ][safepoint     ] Application time: 1.0001881 seconds
[2023-11-16T02:13:10.145+0000][22157.907s][info ][safepoint     ] Entering safepoint region: Cleanup
[2023-11-16T02:13:10.146+0000][22157.907s][info ][safepoint     ] Leaving safepoint region
[2023-11-16T02:13:10.146+0000][22157.907s][info ][safepoint     ] Total time for which application threads were stopped: 0.0003468 seconds, Stopping threads took: 0.0000510 seconds
[2023-11-16T02:13:11.146+0000][22158.908s][debug][safepoint     ] Safepoint synchronization initiated. (177 threads)
[2023-11-16T02:13:11.146+0000][22158.908s][info ][safepoint     ] Application time: 1.0001603 seconds
[2023-11-16T02:13:11.146+0000][22158.908s][info ][safepoint     ] Entering safepoint region: Cleanup
[2023-11-16T02:13:11.146+0000][22158.908s][info ][safepoint     ] Leaving safepoint region
[2023-11-16T02:13:11.146+0000][22158.908s][info ][safepoint     ] Total time for which application threads were stopped: 0.0003418 seconds, Stopping threads took: 0.0000509 seconds
[2023-11-16T02:13:12.146+0000][22159.908s][debug][safepoint     ] Safepoint synchronization initiated. (177 threads)
[2023-11-16T02:13:12.147+0000][22159.908s][info ][safepoint     ] Application time: 1.0001776 seconds
[2023-11-16T02:13:12.147+0000][22159.908s][info ][safepoint     ] Entering safepoint region: Cleanup
[2023-11-16T02:13:12.147+0000][22159.909s][info ][safepoint     ] Leaving safepoint region
[2023-11-16T02:13:12.147+0000][22159.909s][info ][safepoint     ] Total time for which application threads were stopped: 0.0006022 seconds, Stopping threads took: 0.0003078 seconds
[2023-11-16T02:13:13.147+0000][22160.909s][debug][safepoint     ] Safepoint synchronization initiated. (177 threads)
[2023-11-16T02:13:13.147+0000][22160.909s][info ][safepoint     ] Application time: 1.0001786 seconds
[2023-11-16T02:13:13.147+0000][22160.909s][info ][safepoint     ] Entering safepoint region: Cleanup
[2023-11-16T02:13:13.148+0000][22160.909s][info ][safepoint     ] Leaving safepoint region
[2023-11-16T02:13:13.148+0000][22160.909s][info ][safepoint     ] Total time for which application threads were stopped: 0.0003045 seconds, Stopping threads took: 0.0000522 seconds
[2023-11-16T02:13:14.148+0000][22161.909s][debug][safepoint     ] Safepoint synchronization initiated. (177 threads)
[2023-11-16T02:13:14.148+0000][22161.910s][info ][safepoint     ] Application time: 1.0001592 seconds
[2023-11-16T02:13:14.148+0000][22161.910s][info ][safepoint     ] Entering safepoint region: Cleanup
[2023-11-16T02:13:14.148+0000][22161.910s][info ][safepoint     ] Leaving safepoint region
[2023-11-16T02:13:14.148+0000][22161.910s][info ][safepoint     ] Total time for which application threads were stopped: 0.0003254 seconds, Stopping threads took: 0.0000512 seconds
[2023-11-16T02:13:15.148+0000][22162.910s][debug][safepoint     ] Safepoint synchronization initiated. (177 threads)
[2023-11-16T02:13:15.148+0000][22162.910s][info ][safepoint     ] Application time: 1.0001740 seconds
[2023-11-16T02:13:15.148+0000][22162.910s][info ][safepoint     ] Entering safepoint region: Cleanup
[2023-11-16T02:13:15.149+0000][22162.910s][info ][safepoint     ] Leaving safepoint region
[2023-11-16T02:13:15.149+0000][22162.910s][info ][safepoint     ] Total time for which application threads were stopped: 0.0003373 seconds, Stopping threads took: 0.0000486 seconds
[2023-11-16T02:13:16.149+0000][22163.911s][debug][safepoint     ] Safepoint synchronization initiated. (177 threads)
[2023-11-16T02:13:16.149+0000][22163.911s][info ][safepoint     ] Application time: 1.0001555 seconds
[2023-11-16T02:13:16.149+0000][22163.911s][info ][safepoint     ] Entering safepoint region: Cleanup
[2023-11-16T02:13:16.149+0000][22163.911s][info ][safepoint     ] Leaving safepoint region
[2023-11-16T02:13:16.149+0000][22163.911s][info ][safepoint     ] Total time for which application threads were stopped: 0.0003384 seconds, Stopping threads took: 0.0000489 seconds
[2023-11-16T02:13:17.149+0000][22164.911s][debug][safepoint     ] Safepoint synchronization initiated. (177 threads)
[2023-11-16T02:13:17.150+0000][22164.911s][info ][safepoint     ] Application time: 1.0001752 seconds
[2023-11-16T02:13:17.150+0000][22164.911s][info ][safepoint     ] Entering safepoint region: Cleanup
[2023-11-16T02:13:17.150+0000][22164.912s][info ][safepoint     ] Leaving safepoint region
[2023-11-16T02:13:17.150+0000][22164.912s][info ][safepoint     ] Total time for which application threads were stopped: 0.0005314 seconds, Stopping threads took: 0.0001844 seconds
[2023-11-16T02:13:18.150+0000][22165.912s][debug][safepoint     ] Safepoint synchronization initiated. (177 threads)
[2023-11-16T02:13:18.150+0000][22165.912s][info ][safepoint     ] Application time: 1.0001585 seconds
[2023-11-16T02:13:18.150+0000][22165.912s][info ][safepoint     ] Entering safepoint region: Cleanup
[2023-11-16T02:13:18.151+0000][22165.912s][info ][safepoint     ] Leaving safepoint region
[2023-11-16T02:13:18.151+0000][22165.912s][info ][safepoint     ] Total time for which application threads were stopped: 0.0003429 seconds, Stopping threads took: 0.0000496 seconds
[2023-11-16T02:13:19.151+0000][22166.912s][debug][safepoint     ] Safepoint synchronization initiated. (177 threads)
[2023-11-16T02:13:19.151+0000][22166.912s][info ][safepoint     ] Application time: 1.0001745 seconds
[2023-11-16T02:13:19.151+0000][22166.912s][info ][safepoint     ] Entering safepoint region: Cleanup
[2023-11-16T02:13:19.151+0000][22166.913s][info ][safepoint     ] Leaving safepoint region
[2023-11-16T02:13:19.151+0000][22166.913s][info ][safepoint     ] Total time for which application threads were stopped: 0.0003349 seconds, Stopping threads took: 0.0000487 seconds
[2023-11-16T02:13:20.151+0000][22167.913s][debug][safepoint     ] Safepoint synchronization initiated. (177 threads)
[2023-11-16T02:13:20.151+0000][22167.913s][info ][safepoint     ] Application time: 1.0001703 seconds
[2023-11-16T02:13:20.151+0000][22167.913s][info ][safepoint     ] Entering safepoint region: Cleanup
[2023-11-16T02:13:20.152+0000][22167.913s][info ][safepoint     ] Leaving safepoint region
[2023-11-16T02:13:20.152+0000][22167.913s][info ][safepoint     ] Total time for which application threads were stopped: 0.0002760 seconds, Stopping threads took: 0.0000502 seconds
[2023-11-16T02:13:21.152+0000][22168.913s][debug][safepoint     ] Safepoint synchronization initiated. (177 threads)
[2023-11-16T02:13:21.152+0000][22168.913s][info ][safepoint     ] Application time: 1.0001770 seconds
[2023-11-16T02:13:21.152+0000][22168.914s][info ][safepoint     ] Entering safepoint region: Cleanup
[2023-11-16T02:13:21.152+0000][22168.914s][info ][safepoint     ] Leaving safepoint region
[2023-11-16T02:13:21.152+0000][22168.914s][info ][safepoint     ] Total time for which application threads were stopped: 0.0003473 seconds, Stopping threads took: 0.0000499 seconds
[2023-11-16T02:13:22.152+0000][22169.914s][debug][safepoint     ] Safepoint synchronization initiated. (177 threads)
[2023-11-16T02:13:22.152+0000][22169.914s][info ][safepoint     ] Application time: 1.0001667 seconds
[2023-11-16T02:13:22.152+0000][22169.914s][info ][safepoint     ] Entering safepoint region: Cleanup
[2023-11-16T02:13:22.153+0000][22169.914s][info ][safepoint     ] Leaving safepoint region
[2023-11-16T02:13:22.153+0000][22169.914s][info ][safepoint     ] Total time for which application threads were stopped: 0.0003458 seconds, Stopping threads took: 0.0000505 seconds
[2023-11-16T02:13:23.153+0000][22170.914s][debug][safepoint     ] Safepoint synchronization initiated. (177 threads)
[2023-11-16T02:13:23.153+0000][22170.915s][info ][safepoint     ] Application time: 1.0001516 seconds
[2023-11-16T02:13:23.153+0000][22170.915s][info ][safepoint     ] Entering safepoint region: Cleanup
[2023-11-16T02:13:23.153+0000][22170.915s][info ][safepoint     ] Leaving safepoint region
[2023-11-16T02:13:23.153+0000][22170.915s][info ][safepoint     ] Total time for which application threads were stopped: 0.0003398 seconds, Stopping threads took: 0.0000494 seconds
[2023-11-16T02:13:24.153+0000][22171.915s][debug][safepoint     ] Safepoint synchronization initiated. (177 threads)
[2023-11-16T02:13:24.153+0000][22171.915s][info ][safepoint     ] Application time: 1.0001515 seconds
[2023-11-16T02:13:24.154+0000][22171.915s][info ][safepoint     ] Entering safepoint region: Cleanup
[2023-11-16T02:13:24.154+0000][22171.915s][info ][safepoint     ] Leaving safepoint region
[2023-11-16T02:13:24.154+0000][22171.915s][info ][safepoint     ] Total time for which application threads were stopped: 0.0003394 seconds, Stopping threads took: 0.0000498 seconds
[2023-11-16T02:13:25.154+0000][22172.916s][debug][safepoint     ] Safepoint synchronization initiated. (177 threads)
[2023-11-16T02:13:25.154+0000][22172.916s][info ][safepoint     ] Application time: 1.0001553 seconds
[2023-11-16T02:13:25.154+0000][22172.916s][info ][safepoint     ] Entering safepoint region: Cleanup
[2023-11-16T02:13:25.154+0000][22172.916s][info ][safepoint     ] Leaving safepoint region
[2023-11-16T02:13:25.154+0000][22172.916s][info ][safepoint     ] Total time for which application threads were stopped: 0.0003345 seconds, Stopping threads took: 0.0000503 seconds
[2023-11-16T02:13:26.154+0000][22173.916s][debug][safepoint     ] Safepoint synchronization initiated. (177 threads)
[2023-11-16T02:13:26.155+0000][22173.916s][info ][safepoint     ] Application time: 1.0001713 seconds
[2023-11-16T02:13:26.155+0000][22173.916s][info ][safepoint     ] Entering safepoint region: Cleanup
[2023-11-16T02:13:26.155+0000][22173.916s][info ][safepoint     ] Leaving safepoint region
[2023-11-16T02:13:26.155+0000][22173.917s][info ][safepoint     ] Total time for which application threads were stopped: 0.0003345 seconds, Stopping threads took: 0.0000495 seconds
[2023-11-16T02:13:27.155+0000][22174.917s][debug][safepoint     ] Safepoint synchronization initiated. (177 threads)
[2023-11-16T02:13:27.155+0000][22174.917s][info ][safepoint     ] Application time: 1.0001630 seconds
[2023-11-16T02:13:27.155+0000][22174.917s][info ][safepoint     ] Entering safepoint region: Cleanup
[2023-11-16T02:13:27.155+0000][22174.917s][info ][safepoint     ] Leaving safepoint region
[2023-11-16T02:13:27.155+0000][22174.917s][info ][safepoint     ] Total time for which application threads were stopped: 0.0003098 seconds, Stopping threads took: 0.0000530 seconds
[2023-11-16T02:13:28.156+0000][22175.917s][debug][safepoint     ] Safepoint synchronization initiated. (177 threads)
[2023-11-16T02:13:28.156+0000][22175.917s][info ][safepoint     ] Application time: 1.0001554 seconds
[2023-11-16T02:13:28.156+0000][22175.917s][info ][safepoint     ] Entering safepoint region: Cleanup
[2023-11-16T02:13:28.156+0000][22175.917s][info ][safepoint     ] Leaving safepoint region
[2023-11-16T02:13:28.156+0000][22175.918s][info ][safepoint     ] Total time for which application threads were stopped: 0.0002859 seconds, Stopping threads took: 0.0000493 seconds
[2023-11-16T02:13:29.156+0000][22176.918s][debug][safepoint     ] Safepoint synchronization initiated. (177 threads)
[2023-11-16T02:13:29.156+0000][22176.918s][info ][safepoint     ] Application time: 1.0001583 seconds
[2023-11-16T02:13:29.156+0000][22176.918s][info ][safepoint     ] Entering safepoint region: Cleanup
[2023-11-16T02:13:29.156+0000][22176.918s][info ][safepoint     ] Leaving safepoint region
[2023-11-16T02:13:29.156+0000][22176.918s][info ][safepoint     ] Total time for which application threads were stopped: 0.0002571 seconds, Stopping threads took: 0.0000497 seconds
[2023-11-16T02:13:30.156+0000][22177.918s][debug][safepoint     ] Safepoint synchronization initiated. (177 threads)
[2023-11-16T02:13:30.157+0000][22177.918s][info ][safepoint     ] Application time: 1.0001714 seconds
[2023-11-16T02:13:30.157+0000][22177.918s][info ][safepoint     ] Entering safepoint region: Cleanup
[2023-11-16T02:13:30.157+0000][22177.918s][info ][safepoint     ] Leaving safepoint region
[2023-11-16T02:13:30.157+0000][22177.919s][info ][safepoint     ] Total time for which application threads were stopped: 0.0003423 seconds, Stopping threads took: 0.0000499 seconds
[2023-11-16T02:13:31.157+0000][22178.919s][debug][safepoint     ] Safepoint synchronization initiated. (177 threads)
[2023-11-16T02:13:31.157+0000][22178.919s][info ][safepoint     ] Application time: 1.0001678 seconds
[2023-11-16T02:13:31.157+0000][22178.919s][info ][safepoint     ] Entering safepoint region: Cleanup
[2023-11-16T02:13:31.157+0000][22178.919s][info ][safepoint     ] Leaving safepoint region
[2023-11-16T02:13:31.157+0000][22178.919s][info ][safepoint     ] Total time for which application threads were stopped: 0.0003367 seconds, Stopping threads took: 0.0000482 seconds
[2023-11-16T02:13:32.158+0000][22179.919s][debug][safepoint     ] Safepoint synchronization initiated. (177 threads)
[2023-11-16T02:13:32.158+0000][22179.919s][info ][safepoint     ] Application time: 1.0001787 seconds
[2023-11-16T02:13:32.158+0000][22179.919s][info ][safepoint     ] Entering safepoint region: Cleanup
[2023-11-16T02:13:32.158+0000][22179.920s][info ][safepoint     ] Leaving safepoint region
[2023-11-16T02:13:32.158+0000][22179.920s][info ][safepoint     ] Total time for which application threads were stopped: 0.0002434 seconds, Stopping threads took: 0.0000579 seconds
[2023-11-16T02:13:33.158+0000][22180.920s][debug][safepoint     ] Safepoint synchronization initiated. (176 threads)
[2023-11-16T02:13:33.158+0000][22180.920s][info ][safepoint     ] Application time: 1.0001746 seconds
[2023-11-16T02:13:33.158+0000][22180.920s][info ][safepoint     ] Entering safepoint region: Cleanup
[2023-11-16T02:13:33.158+0000][22180.920s][info ][safepoint     ] Leaving safepoint region
[2023-11-16T02:13:33.158+0000][22180.920s][info ][safepoint     ] Total time for which application threads were stopped: 0.0003411 seconds, Stopping threads took: 0.0000499 seconds
[2023-11-16T02:13:34.159+0000][22181.920s][debug][safepoint     ] Safepoint synchronization initiated. (176 threads)
[2023-11-16T02:13:34.159+0000][22181.920s][info ][safepoint     ] Application time: 1.0001604 seconds
[2023-11-16T02:13:34.159+0000][22181.920s][info ][safepoint     ] Entering safepoint region: Cleanup
[2023-11-16T02:13:34.159+0000][22181.921s][info ][safepoint     ] Leaving safepoint region
[2023-11-16T02:13:34.159+0000][22181.921s][info ][safepoint     ] Total time for which application threads were stopped: 0.0003336 seconds, Stopping threads took: 0.0000492 seconds
[2023-11-16T02:13:35.159+0000][22182.921s][debug][safepoint     ] Safepoint synchronization initiated. (176 threads)
[2023-11-16T02:13:35.159+0000][22182.921s][info ][safepoint     ] Application time: 1.0001710 seconds
[2023-11-16T02:13:35.159+0000][22182.921s][info ][safepoint     ] Entering safepoint region: Cleanup
[2023-11-16T02:13:35.160+0000][22182.922s][info ][safepoint     ] Leaving safepoint region
[2023-11-16T02:13:35.160+0000][22182.922s][info ][safepoint     ] Total time for which application threads were stopped: 0.0008011 seconds, Stopping threads took: 0.0004506 seconds
[2023-11-16T02:13:36.160+0000][22183.922s][debug][safepoint     ] Safepoint synchronization initiated. (176 threads)
[2023-11-16T02:13:36.160+0000][22183.922s][info ][safepoint     ] Application time: 1.0001541 seconds
[2023-11-16T02:13:36.160+0000][22183.922s][info ][safepoint     ] Entering safepoint region: Cleanup
[2023-11-16T02:13:36.160+0000][22183.922s][info ][safepoint     ] Leaving safepoint region
[2023-11-16T02:13:36.160+0000][22183.922s][info ][safepoint     ] Total time for which application threads were stopped: 0.0003048 seconds, Stopping threads took: 0.0000402 seconds
[2023-11-16T02:13:37.161+0000][22184.922s][debug][safepoint     ] Safepoint synchronization initiated. (176 threads)
[2023-11-16T02:13:37.161+0000][22184.922s][info ][safepoint     ] Application time: 1.0001509 seconds
[2023-11-16T02:13:37.161+0000][22184.922s][info ][safepoint     ] Entering safepoint region: Cleanup
[2023-11-16T02:13:37.161+0000][22184.923s][info ][safepoint     ] Leaving safepoint region
[2023-11-16T02:13:37.161+0000][22184.923s][info ][safepoint     ] Total time for which application threads were stopped: 0.0003621 seconds, Stopping threads took: 0.0000492 seconds
[2023-11-16T02:13:38.161+0000][22185.923s][debug][safepoint     ] Safepoint synchronization initiated. (176 threads)
[2023-11-16T02:13:38.161+0000][22185.923s][info ][safepoint     ] Application time: 1.0001445 seconds
[2023-11-16T02:13:38.161+0000][22185.923s][info ][safepoint     ] Entering safepoint region: Cleanup
[2023-11-16T02:13:38.162+0000][22185.923s][info ][safepoint     ] Leaving safepoint region
[2023-11-16T02:13:38.162+0000][22185.923s][info ][safepoint     ] Total time for which application threads were stopped: 0.0003402 seconds, Stopping threads took: 0.0000505 seconds
[2023-11-16T02:13:39.162+0000][22186.923s][debug][safepoint     ] Safepoint synchronization initiated. (176 threads)
[2023-11-16T02:13:39.162+0000][22186.923s][info ][safepoint     ] Application time: 1.0001478 seconds
[2023-11-16T02:13:39.162+0000][22186.923s][info ][safepoint     ] Entering safepoint region: Cleanup
[2023-11-16T02:13:39.162+0000][22186.924s][info ][safepoint     ] Leaving safepoint region
[2023-11-16T02:13:39.162+0000][22186.924s][info ][safepoint     ] Total time for which application threads were stopped: 0.0003015 seconds, Stopping threads took: 0.0000497 seconds
[2023-11-16T02:13:40.162+0000][22187.924s][debug][safepoint     ] Safepoint synchronization initiated. (175 threads)
[2023-11-16T02:13:40.162+0000][22187.924s][info ][safepoint     ] Application time: 1.0001736 seconds
[2023-11-16T02:13:40.162+0000][22187.924s][info ][safepoint     ] Entering safepoint region: Cleanup
[2023-11-16T02:13:40.163+0000][22187.924s][info ][safepoint     ] Leaving safepoint region
[2023-11-16T02:13:40.163+0000][22187.924s][info ][safepoint     ] Total time for which application threads were stopped: 0.0004955 seconds, Stopping threads took: 0.0002234 seconds
[2023-11-16T02:13:41.163+0000][22188.925s][debug][safepoint     ] Safepoint synchronization initiated. (175 threads)
[2023-11-16T02:13:41.163+0000][22188.925s][info ][safepoint     ] Application time: 1.0001814 seconds
[2023-11-16T02:13:41.163+0000][22188.925s][info ][safepoint     ] Entering safepoint region: Cleanup
[2023-11-16T02:13:41.163+0000][22188.925s][info ][safepoint     ] Leaving safepoint region
[2023-11-16T02:13:41.163+0000][22188.925s][info ][safepoint     ] Total time for which application threads were stopped: 0.0003442 seconds, Stopping threads took: 0.0000498 seconds
[2023-11-16T02:13:42.163+0000][22189.925s][debug][safepoint     ] Safepoint synchronization initiated. (175 threads)
[2023-11-16T02:13:42.164+0000][22189.925s][info ][safepoint     ] Application time: 1.0001866 seconds
[2023-11-16T02:13:42.164+0000][22189.925s][info ][safepoint     ] Entering safepoint region: Cleanup
[2023-11-16T02:13:42.164+0000][22189.925s][info ][safepoint     ] Leaving safepoint region
[2023-11-16T02:13:42.164+0000][22189.926s][info ][safepoint     ] Total time for which application threads were stopped: 0.0003398 seconds, Stopping threads took: 0.0000504 seconds
[2023-11-16T02:13:43.164+0000][22190.926s][debug][safepoint     ] Safepoint synchronization initiated. (175 threads)
[2023-11-16T02:13:43.164+0000][22190.926s][info ][safepoint     ] Application time: 1.0001706 seconds
[2023-11-16T02:13:43.164+0000][22190.926s][info ][safepoint     ] Entering safepoint region: Cleanup
[2023-11-16T02:13:43.164+0000][22190.926s][info ][safepoint     ] Leaving safepoint region
[2023-11-16T02:13:43.164+0000][22190.926s][info ][safepoint     ] Total time for which application threads were stopped: 0.0003451 seconds, Stopping threads took: 0.0000491 seconds
[2023-11-16T02:13:44.165+0000][22191.926s][debug][safepoint     ] Safepoint synchronization initiated. (175 threads)
[2023-11-16T02:13:44.165+0000][22191.926s][info ][safepoint     ] Application time: 1.0001443 seconds
[2023-11-16T02:13:44.165+0000][22191.926s][info ][safepoint     ] Entering safepoint region: Cleanup
[2023-11-16T02:13:44.165+0000][22191.927s][info ][safepoint     ] Leaving safepoint region
[2023-11-16T02:13:44.165+0000][22191.927s][info ][safepoint     ] Total time for which application threads were stopped: 0.0003646 seconds, Stopping threads took: 0.0000492 seconds
[2023-11-16T02:13:45.165+0000][22192.927s][debug][safepoint     ] Safepoint synchronization initiated. (175 threads)
[2023-11-16T02:13:45.165+0000][22192.927s][info ][safepoint     ] Application time: 1.0001696 seconds
[2023-11-16T02:13:45.165+0000][22192.927s][info ][safepoint     ] Entering safepoint region: Cleanup
[2023-11-16T02:13:45.166+0000][22192.927s][info ][safepoint     ] Leaving safepoint region
[2023-11-16T02:13:45.166+0000][22192.927s][info ][safepoint     ] Total time for which application threads were stopped: 0.0005099 seconds, Stopping threads took: 0.0002904 seconds
[2023-11-16T02:13:46.166+0000][22193.927s][debug][safepoint     ] Safepoint synchronization initiated. (175 threads)
[2023-11-16T02:13:46.166+0000][22193.928s][info ][safepoint     ] Application time: 1.0001987 seconds
[2023-11-16T02:13:46.166+0000][22193.928s][info ][safepoint     ] Entering safepoint region: Cleanup
[2023-11-16T02:13:46.166+0000][22193.928s][info ][safepoint     ] Leaving safepoint region
[2023-11-16T02:13:46.166+0000][22193.928s][info ][safepoint     ] Total time for which application threads were stopped: 0.0002450 seconds, Stopping threads took: 0.0000576 seconds
[2023-11-16T02:13:47.166+0000][22194.928s][debug][safepoint     ] Safepoint synchronization initiated. (175 threads)
[2023-11-16T02:13:47.166+0000][22194.928s][info ][safepoint     ] Application time: 1.0001620 seconds
[2023-11-16T02:13:47.166+0000][22194.928s][info ][safepoint     ] Entering safepoint region: Cleanup
[2023-11-16T02:13:47.167+0000][22194.928s][info ][safepoint     ] Leaving safepoint region
[2023-11-16T02:13:47.167+0000][22194.928s][info ][safepoint     ] Total time for which application threads were stopped: 0.0001555 seconds, Stopping threads took: 0.0000305 seconds
[2023-11-16T02:13:48.167+0000][22195.928s][debug][safepoint     ] Safepoint synchronization initiated. (175 threads)
[2023-11-16T02:13:48.167+0000][22195.928s][info ][safepoint     ] Application time: 1.0001695 seconds
[2023-11-16T02:13:48.167+0000][22195.928s][info ][safepoint     ] Entering safepoint region: Cleanup
[2023-11-16T02:13:48.167+0000][22195.929s][info ][safepoint     ] Leaving safepoint region
[2023-11-16T02:13:48.167+0000][22195.929s][info ][safepoint     ] Total time for which application threads were stopped: 0.0002605 seconds, Stopping threads took: 0.0000491 seconds
[2023-11-16T02:13:49.167+0000][22196.929s][debug][safepoint     ] Safepoint synchronization initiated. (175 threads)
[2023-11-16T02:13:49.167+0000][22196.929s][info ][safepoint     ] Application time: 1.0001596 seconds
[2023-11-16T02:13:49.167+0000][22196.929s][info ][safepoint     ] Entering safepoint region: Cleanup
[2023-11-16T02:13:49.167+0000][22196.929s][info ][safepoint     ] Leaving safepoint region
[2023-11-16T02:13:49.167+0000][22196.929s][info ][safepoint     ] Total time for which application threads were stopped: 0.0002975 seconds, Stopping threads took: 0.0000503 seconds
[2023-11-16T02:13:50.168+0000][22197.929s][debug][safepoint     ] Safepoint synchronization initiated. (175 threads)
[2023-11-16T02:13:50.168+0000][22197.929s][info ][safepoint     ] Application time: 1.0001534 seconds
[2023-11-16T02:13:50.168+0000][22197.929s][info ][safepoint     ] Entering safepoint region: Cleanup
[2023-11-16T02:13:50.168+0000][22197.930s][info ][safepoint     ] Leaving safepoint region
[2023-11-16T02:13:50.168+0000][22197.930s][info ][safepoint     ] Total time for which application threads were stopped: 0.0003456 seconds, Stopping threads took: 0.0000499 seconds
[2023-11-16T02:13:51.168+0000][22198.930s][debug][safepoint     ] Safepoint synchronization initiated. (175 threads)
[2023-11-16T02:13:51.168+0000][22198.930s][info ][safepoint     ] Application time: 1.0001678 seconds
[2023-11-16T02:13:51.168+0000][22198.930s][info ][safepoint     ] Entering safepoint region: Cleanup
[2023-11-16T02:13:51.169+0000][22198.930s][info ][safepoint     ] Leaving safepoint region
[2023-11-16T02:13:51.169+0000][22198.930s][info ][safepoint     ] Total time for which application threads were stopped: 0.0003626 seconds, Stopping threads took: 0.0000727 seconds
[2023-11-16T02:13:52.169+0000][22199.930s][debug][safepoint     ] Safepoint synchronization initiated. (175 threads)
[2023-11-16T02:13:52.169+0000][22199.930s][info ][safepoint     ] Application time: 1.0001592 seconds
[2023-11-16T02:13:52.169+0000][22199.930s][info ][safepoint     ] Entering safepoint region: Cleanup
[2023-11-16T02:13:52.169+0000][22199.931s][info ][safepoint     ] Leaving safepoint region
[2023-11-16T02:13:52.169+0000][22199.931s][info ][safepoint     ] Total time for which application threads were stopped: 0.0005580 seconds, Stopping threads took: 0.0003522 seconds
[2023-11-16T02:13:53.169+0000][22200.931s][debug][safepoint     ] Safepoint synchronization initiated. (175 threads)
[2023-11-16T02:13:53.170+0000][22200.931s][info ][safepoint     ] Application time: 1.0001688 seconds
[2023-11-16T02:13:53.170+0000][22200.931s][info ][safepoint     ] Entering safepoint region: Cleanup
[2023-11-16T02:13:53.170+0000][22200.931s][info ][safepoint     ] Leaving safepoint region
[2023-11-16T02:13:53.170+0000][22200.931s][info ][safepoint     ] Total time for which application threads were stopped: 0.0002615 seconds, Stopping threads took: 0.0000495 seconds
[2023-11-16T02:13:54.170+0000][22201.932s][debug][safepoint     ] Safepoint synchronization initiated. (175 threads)
[2023-11-16T02:13:54.170+0000][22201.932s][info ][safepoint     ] Application time: 1.0001489 seconds
[2023-11-16T02:13:54.170+0000][22201.932s][info ][safepoint     ] Entering safepoint region: Cleanup
[2023-11-16T02:13:54.170+0000][22201.932s][info ][safepoint     ] Leaving safepoint region
[2023-11-16T02:13:54.170+0000][22201.932s][info ][safepoint     ] Total time for which application threads were stopped: 0.0002626 seconds, Stopping threads took: 0.0000489 seconds
[2023-11-16T02:13:55.170+0000][22202.932s][debug][safepoint     ] Safepoint synchronization initiated. (175 threads)
[2023-11-16T02:13:55.170+0000][22202.932s][info ][safepoint     ] Application time: 1.0001621 seconds
[2023-11-16T02:13:55.170+0000][22202.932s][info ][safepoint     ] Entering safepoint region: Cleanup
[2023-11-16T02:13:55.171+0000][22202.932s][info ][safepoint     ] Leaving safepoint region
[2023-11-16T02:13:55.171+0000][22202.932s][info ][safepoint     ] Total time for which application threads were stopped: 0.0002634 seconds, Stopping threads took: 0.0000495 seconds
[2023-11-16T02:13:56.171+0000][22203.932s][debug][safepoint     ] Safepoint synchronization initiated. (175 threads)
[2023-11-16T02:13:56.171+0000][22203.932s][info ][safepoint     ] Application time: 1.0001467 seconds
[2023-11-16T02:13:56.171+0000][22203.933s][info ][safepoint     ] Entering safepoint region: Cleanup
[2023-11-16T02:13:56.171+0000][22203.933s][info ][safepoint     ] Leaving safepoint region
[2023-11-16T02:13:56.171+0000][22203.933s][info ][safepoint     ] Total time for which application threads were stopped: 0.0003093 seconds, Stopping threads took: 0.0000493 seconds
[2023-11-16T02:13:57.171+0000][22204.933s][debug][safepoint     ] Safepoint synchronization initiated. (175 threads)
[2023-11-16T02:13:57.171+0000][22204.933s][info ][safepoint     ] Application time: 1.0001615 seconds
[2023-11-16T02:13:57.171+0000][22204.933s][info ][safepoint     ] Entering safepoint region: Cleanup
[2023-11-16T02:13:57.172+0000][22204.933s][info ][safepoint     ] Leaving safepoint region
[2023-11-16T02:13:57.172+0000][22204.933s][info ][safepoint     ] Total time for which application threads were stopped: 0.0002620 seconds, Stopping threads took: 0.0000494 seconds
[2023-11-16T02:13:58.172+0000][22205.933s][debug][safepoint     ] Safepoint synchronization initiated. (175 threads)
[2023-11-16T02:13:58.172+0000][22205.933s][info ][safepoint     ] Application time: 1.0001441 seconds
[2023-11-16T02:13:58.172+0000][22205.933s][info ][safepoint     ] Entering safepoint region: Cleanup
[2023-11-16T02:13:58.172+0000][22205.934s][info ][safepoint     ] Leaving safepoint region
[2023-11-16T02:13:58.172+0000][22205.934s][info ][safepoint     ] Total time for which application threads were stopped: 0.0002798 seconds, Stopping threads took: 0.0000703 seconds
[2023-11-16T02:13:59.172+0000][22206.934s][debug][safepoint     ] Safepoint synchronization initiated. (175 threads)
[2023-11-16T02:13:59.172+0000][22206.934s][info ][safepoint     ] Application time: 1.0001718 seconds
[2023-11-16T02:13:59.172+0000][22206.934s][info ][safepoint     ] Entering safepoint region: Cleanup
[2023-11-16T02:13:59.173+0000][22206.934s][info ][safepoint     ] Leaving safepoint region
[2023-11-16T02:13:59.173+0000][22206.934s][info ][safepoint     ] Total time for which application threads were stopped: 0.0004042 seconds, Stopping threads took: 0.0000525 seconds
[2023-11-16T02:14:00.173+0000][22207.934s][debug][safepoint     ] Safepoint synchronization initiated. (175 threads)
[2023-11-16T02:14:00.173+0000][22207.935s][info ][safepoint     ] Application time: 1.0001529 seconds
[2023-11-16T02:14:00.173+0000][22207.935s][info ][safepoint     ] Entering safepoint region: Cleanup
[2023-11-16T02:14:00.173+0000][22207.935s][info ][safepoint     ] Leaving safepoint region
[2023-11-16T02:14:00.173+0000][22207.935s][info ][safepoint     ] Total time for which application threads were stopped: 0.0003501 seconds, Stopping threads took: 0.0000512 seconds
[2023-11-16T02:14:01.173+0000][22208.935s][debug][safepoint     ] Safepoint synchronization initiated. (175 threads)
[2023-11-16T02:14:01.173+0000][22208.935s][info ][safepoint     ] Application time: 1.0001668 seconds
[2023-11-16T02:14:01.173+0000][22208.935s][info ][safepoint     ] Entering safepoint region: Cleanup
[2023-11-16T02:14:01.174+0000][22208.935s][info ][safepoint     ] Leaving safepoint region
[2023-11-16T02:14:01.174+0000][22208.935s][info ][safepoint     ] Total time for which application threads were stopped: 0.0003371 seconds, Stopping threads took: 0.0000485 seconds
[2023-11-16T02:14:02.174+0000][22209.936s][debug][safepoint     ] Safepoint synchronization initiated. (175 threads)
[2023-11-16T02:14:02.174+0000][22209.936s][info ][safepoint     ] Application time: 1.0001535 seconds
[2023-11-16T02:14:02.174+0000][22209.936s][info ][safepoint     ] Entering safepoint region: Cleanup
[2023-11-16T02:14:02.174+0000][22209.936s][info ][safepoint     ] Leaving safepoint region
[2023-11-16T02:14:02.174+0000][22209.936s][info ][safepoint     ] Total time for which application threads were stopped: 0.0003412 seconds, Stopping threads took: 0.0000487 seconds
[2023-11-16T02:14:03.174+0000][22210.936s][debug][safepoint     ] Safepoint synchronization initiated. (175 threads)
[2023-11-16T02:14:03.174+0000][22210.936s][info ][safepoint     ] Application time: 1.0001372 seconds
[2023-11-16T02:14:03.175+0000][22210.936s][info ][safepoint     ] Entering safepoint region: Cleanup
[2023-11-16T02:14:03.175+0000][22210.936s][info ][safepoint     ] Leaving safepoint region
[2023-11-16T02:14:03.175+0000][22210.936s][info ][safepoint     ] Total time for which application threads were stopped: 0.0003397 seconds, Stopping threads took: 0.0000497 seconds
[2023-11-16T02:14:04.175+0000][22211.937s][debug][safepoint     ] Safepoint synchronization initiated. (175 threads)
[2023-11-16T02:14:04.175+0000][22211.937s][info ][safepoint     ] Application time: 1.0001650 seconds
[2023-11-16T02:14:04.175+0000][22211.937s][info ][safepoint     ] Entering safepoint region: Cleanup
[2023-11-16T02:14:04.175+0000][22211.937s][info ][safepoint     ] Leaving safepoint region
[2023-11-16T02:14:04.175+0000][22211.937s][info ][safepoint     ] Total time for which application threads were stopped: 0.0003439 seconds, Stopping threads took: 0.0000498 seconds
[2023-11-16T02:14:05.176+0000][22212.937s][debug][safepoint     ] Safepoint synchronization initiated. (175 threads)
[2023-11-16T02:14:05.176+0000][22212.937s][info ][safepoint     ] Application time: 1.0001966 seconds
[2023-11-16T02:14:05.176+0000][22212.937s][info ][safepoint     ] Entering safepoint region: Cleanup
[2023-11-16T02:14:05.176+0000][22212.938s][info ][safepoint     ] Leaving safepoint region
[2023-11-16T02:14:05.176+0000][22212.938s][info ][safepoint     ] Total time for which application threads were stopped: 0.0002932 seconds, Stopping threads took: 0.0000569 seconds
[2023-11-16T02:14:05.176+0000][22212.938s][debug][safepoint     ] ... found polling page return exception at pc = 0x00007f693102dd76, stub =0x00007f692883a800
[2023-11-16T02:14:06.176+0000][22213.938s][debug][safepoint     ] Safepoint synchronization initiated. (175 threads)
[2023-11-16T02:14:06.176+0000][22213.938s][info ][safepoint     ] Application time: 1.0001558 seconds
[2023-11-16T02:14:06.176+0000][22213.938s][info ][safepoint     ] Entering safepoint region: Cleanup
[2023-11-16T02:14:06.176+0000][22213.938s][info ][safepoint     ] Leaving safepoint region
[2023-11-16T02:14:06.176+0000][22213.938s][info ][safepoint     ] Total time for which application threads were stopped: 0.0003494 seconds, Stopping threads took: 0.0000516 seconds
[2023-11-16T02:14:07.177+0000][22214.938s][debug][safepoint     ] Safepoint synchronization initiated. (175 threads)
[2023-11-16T02:14:07.177+0000][22214.938s][info ][safepoint     ] Application time: 1.0001682 seconds
[2023-11-16T02:14:07.177+0000][22214.938s][info ][safepoint     ] Entering safepoint region: Cleanup
[2023-11-16T02:14:07.177+0000][22214.939s][info ][safepoint     ] Leaving safepoint region
[2023-11-16T02:14:07.177+0000][22214.939s][info ][safepoint     ] Total time for which application threads were stopped: 0.0003442 seconds, Stopping threads took: 0.0000494 seconds
[2023-11-16T02:14:08.177+0000][22215.939s][debug][safepoint     ] Safepoint synchronization initiated. (175 threads)
[2023-11-16T02:14:08.177+0000][22215.939s][info ][safepoint     ] Application time: 1.0001716 seconds
[2023-11-16T02:14:08.177+0000][22215.939s][info ][safepoint     ] Entering safepoint region: Cleanup
[2023-11-16T02:14:08.178+0000][22215.939s][info ][safepoint     ] Leaving safepoint region
[2023-11-16T02:14:08.178+0000][22215.939s][info ][safepoint     ] Total time for which application threads were stopped: 0.0003452 seconds, Stopping threads took: 0.0000504 seconds
[2023-11-16T02:14:09.178+0000][22216.939s][debug][safepoint     ] Safepoint synchronization initiated. (175 threads)
[2023-11-16T02:14:09.178+0000][22216.939s][info ][safepoint     ] Application time: 1.0001689 seconds
[2023-11-16T02:14:09.178+0000][22216.939s][info ][safepoint     ] Entering safepoint region: Cleanup
[2023-11-16T02:14:09.178+0000][22216.940s][info ][safepoint     ] Leaving safepoint region
[2023-11-16T02:14:09.178+0000][22216.940s][info ][safepoint     ] Total time for which application threads were stopped: 0.0003406 seconds, Stopping threads took: 0.0000487 seconds
[2023-11-16T02:14:10.178+0000][22217.940s][debug][safepoint     ] Safepoint synchronization initiated. (175 threads)
[2023-11-16T02:14:10.178+0000][22217.940s][info ][safepoint     ] Application time: 1.0001556 seconds
[2023-11-16T02:14:10.178+0000][22217.940s][info ][safepoint     ] Entering safepoint region: Cleanup
[2023-11-16T02:14:10.179+0000][22217.940s][info ][safepoint     ] Leaving safepoint region
[2023-11-16T02:14:10.179+0000][22217.941s][info ][safepoint     ] Total time for which application threads were stopped: 0.0005541 seconds, Stopping threads took: 0.0002687 seconds
[2023-11-16T02:14:11.179+0000][22218.941s][debug][safepoint     ] Safepoint synchronization initiated. (175 threads)
[2023-11-16T02:14:11.179+0000][22218.941s][info ][safepoint     ] Application time: 1.0001406 seconds
[2023-11-16T02:14:11.179+0000][22218.941s][info ][safepoint     ] Entering safepoint region: Cleanup
[2023-11-16T02:14:11.179+0000][22218.941s][info ][safepoint     ] Leaving safepoint region
[2023-11-16T02:14:11.179+0000][22218.941s][info ][safepoint     ] Total time for which application threads were stopped: 0.0003377 seconds, Stopping threads took: 0.0000494 seconds
[2023-11-16T02:14:12.180+0000][22219.941s][debug][safepoint     ] Safepoint synchronization initiated. (175 threads)
[2023-11-16T02:14:12.180+0000][22219.941s][info ][safepoint     ] Application time: 1.0001666 seconds
[2023-11-16T02:14:12.180+0000][22219.941s][info ][safepoint     ] Entering safepoint region: Cleanup
[2023-11-16T02:14:12.180+0000][22219.942s][info ][safepoint     ] Leaving safepoint region
[2023-11-16T02:14:12.180+0000][22219.942s][info ][safepoint     ] Total time for which application threads were stopped: 0.0003407 seconds, Stopping threads took: 0.0000489 seconds
[2023-11-16T02:14:13.180+0000][22220.942s][debug][safepoint     ] Safepoint synchronization initiated. (175 threads)
[2023-11-16T02:14:13.180+0000][22220.942s][info ][safepoint     ] Application time: 1.0001668 seconds
[2023-11-16T02:14:13.180+0000][22220.942s][info ][safepoint     ] Entering safepoint region: Cleanup
[2023-11-16T02:14:13.180+0000][22220.942s][info ][safepoint     ] Leaving safepoint region
[2023-11-16T02:14:13.180+0000][22220.942s][info ][safepoint     ] Total time for which application threads were stopped: 0.0003333 seconds, Stopping threads took: 0.0000472 seconds
[2023-11-16T02:14:14.181+0000][22221.942s][debug][safepoint     ] Safepoint synchronization initiated. (175 threads)
[2023-11-16T02:14:14.181+0000][22221.942s][info ][safepoint     ] Application time: 1.0001502 seconds
[2023-11-16T02:14:14.181+0000][22221.942s][info ][safepoint     ] Entering safepoint region: Cleanup
[2023-11-16T02:14:14.181+0000][22221.943s][info ][safepoint     ] Leaving safepoint region
[2023-11-16T02:14:14.181+0000][22221.943s][info ][safepoint     ] Total time for which application threads were stopped: 0.0003346 seconds, Stopping threads took: 0.0000482 seconds
[2023-11-16T02:14:15.181+0000][22222.943s][debug][safepoint     ] Safepoint synchronization initiated. (175 threads)
[2023-11-16T02:14:15.181+0000][22222.943s][info ][safepoint     ] Application time: 1.0001423 seconds
[2023-11-16T02:14:15.181+0000][22222.943s][info ][safepoint     ] Entering safepoint region: Cleanup
[2023-11-16T02:14:15.182+0000][22222.943s][info ][safepoint     ] Leaving safepoint region
[2023-11-16T02:14:15.182+0000][22222.943s][info ][safepoint     ] Total time for which application threads were stopped: 0.0005624 seconds, Stopping threads took: 0.0002139 seconds
[2023-11-16T02:14:16.182+0000][22223.944s][debug][safepoint     ] Safepoint synchronization initiated. (175 threads)
[2023-11-16T02:14:16.182+0000][22223.944s][info ][safepoint     ] Application time: 1.0001662 seconds
[2023-11-16T02:14:16.182+0000][22223.944s][info ][safepoint     ] Entering safepoint region: Cleanup
[2023-11-16T02:14:16.182+0000][22223.944s][info ][safepoint     ] Leaving safepoint region
[2023-11-16T02:14:16.182+0000][22223.944s][info ][safepoint     ] Total time for which application threads were stopped: 0.0003382 seconds, Stopping threads took: 0.0000478 seconds
[2023-11-16T02:14:17.182+0000][22224.944s][debug][safepoint     ] Safepoint synchronization initiated. (175 threads)
[2023-11-16T02:14:17.182+0000][22224.944s][info ][safepoint     ] Application time: 1.0001660 seconds
[2023-11-16T02:14:17.183+0000][22224.944s][info ][safepoint     ] Entering safepoint region: Cleanup
[2023-11-16T02:14:17.183+0000][22224.944s][info ][safepoint     ] Leaving safepoint region
[2023-11-16T02:14:17.183+0000][22224.944s][info ][safepoint     ] Total time for which application threads were stopped: 0.0003359 seconds, Stopping threads took: 0.0000500 seconds
[2023-11-16T02:14:18.183+0000][22225.945s][debug][safepoint     ] Safepoint synchronization initiated. (175 threads)
[2023-11-16T02:14:18.183+0000][22225.945s][info ][safepoint     ] Application time: 1.0001663 seconds
[2023-11-16T02:14:18.183+0000][22225.945s][info ][safepoint     ] Entering safepoint region: Cleanup
[2023-11-16T02:14:18.183+0000][22225.945s][info ][safepoint     ] Leaving safepoint region
[2023-11-16T02:14:18.183+0000][22225.945s][info ][safepoint     ] Total time for which application threads were stopped: 0.0003087 seconds, Stopping threads took: 0.0000480 seconds
[2023-11-16T02:14:19.183+0000][22226.945s][debug][safepoint     ] Safepoint synchronization initiated. (175 threads)
[2023-11-16T02:14:19.184+0000][22226.945s][info ][safepoint     ] Application time: 1.0001735 seconds
[2023-11-16T02:14:19.184+0000][22226.945s][info ][safepoint     ] Entering safepoint region: Cleanup
[2023-11-16T02:14:19.184+0000][22226.946s][info ][safepoint     ] Leaving safepoint region
[2023-11-16T02:14:19.184+0000][22226.946s][info ][safepoint     ] Total time for which application threads were stopped: 0.0003365 seconds, Stopping threads took: 0.0000483 seconds
[2023-11-16T02:14:20.184+0000][22227.946s][debug][safepoint     ] Safepoint synchronization initiated. (175 threads)
[2023-11-16T02:14:20.184+0000][22227.946s][info ][safepoint     ] Application time: 1.0001531 seconds
[2023-11-16T02:14:20.184+0000][22227.946s][info ][safepoint     ] Entering safepoint region: Cleanup
[2023-11-16T02:14:20.185+0000][22227.946s][info ][safepoint     ] Leaving safepoint region
[2023-11-16T02:14:20.185+0000][22227.946s][info ][safepoint     ] Total time for which application threads were stopped: 0.0004746 seconds, Stopping threads took: 0.0001905 seconds
[2023-11-16T02:14:21.185+0000][22228.946s][debug][safepoint     ] Safepoint synchronization initiated. (175 threads)
[2023-11-16T02:14:21.185+0000][22228.946s][info ][safepoint     ] Application time: 1.0001755 seconds
[2023-11-16T02:14:21.185+0000][22228.946s][info ][safepoint     ] Entering safepoint region: Cleanup
[2023-11-16T02:14:21.185+0000][22228.947s][info ][safepoint     ] Leaving safepoint region
[2023-11-16T02:14:21.185+0000][22228.947s][info ][safepoint     ] Total time for which application threads were stopped: 0.0003346 seconds, Stopping threads took: 0.0000488 seconds
[2023-11-16T02:14:22.185+0000][22229.947s][debug][safepoint     ] Safepoint synchronization initiated. (175 threads)
[2023-11-16T02:14:22.185+0000][22229.947s][info ][safepoint     ] Application time: 1.0001544 seconds
[2023-11-16T02:14:22.185+0000][22229.947s][info ][safepoint     ] Entering safepoint region: Cleanup
[2023-11-16T02:14:22.186+0000][22229.947s][info ][safepoint     ] Leaving safepoint region
[2023-11-16T02:14:22.186+0000][22229.947s][info ][safepoint     ] Total time for which application threads were stopped: 0.0003195 seconds, Stopping threads took: 0.0000500 seconds
[2023-11-16T02:14:23.186+0000][22230.947s][debug][safepoint     ] Safepoint synchronization initiated. (175 threads)
[2023-11-16T02:14:23.186+0000][22230.947s][info ][safepoint     ] Application time: 1.0001515 seconds
[2023-11-16T02:14:23.186+0000][22230.947s][info ][safepoint     ] Entering safepoint region: Cleanup
[2023-11-16T02:14:23.186+0000][22230.948s][info ][safepoint     ] Leaving safepoint region
[2023-11-16T02:14:23.186+0000][22230.948s][info ][safepoint     ] Total time for which application threads were stopped: 0.0002566 seconds, Stopping threads took: 0.0000488 seconds
[2023-11-16T02:14:24.186+0000][22231.948s][debug][safepoint     ] Safepoint synchronization initiated. (175 threads)
[2023-11-16T02:14:24.186+0000][22231.948s][info ][safepoint     ] Application time: 1.0001509 seconds
[2023-11-16T02:14:24.186+0000][22231.948s][info ][safepoint     ] Entering safepoint region: Cleanup
[2023-11-16T02:14:24.187+0000][22231.948s][info ][safepoint     ] Leaving safepoint region
[2023-11-16T02:14:24.187+0000][22231.948s][info ][safepoint     ] Total time for which application threads were stopped: 0.0003115 seconds, Stopping threads took: 0.0000485 seconds
[2023-11-16T02:14:25.187+0000][22232.948s][debug][safepoint     ] Safepoint synchronization initiated. (175 threads)
[2023-11-16T02:14:25.187+0000][22232.948s][info ][safepoint     ] Application time: 1.0001539 seconds
[2023-11-16T02:14:25.187+0000][22232.948s][info ][safepoint     ] Entering safepoint region: Cleanup
[2023-11-16T02:14:25.187+0000][22232.949s][info ][safepoint     ] Leaving safepoint region
[2023-11-16T02:14:25.187+0000][22232.949s][info ][safepoint     ] Total time for which application threads were stopped: 0.0003385 seconds, Stopping threads took: 0.0000486 seconds
[2023-11-16T02:14:26.187+0000][22233.949s][debug][safepoint     ] Safepoint synchronization initiated. (175 threads)
[2023-11-16T02:14:26.187+0000][22233.949s][info ][safepoint     ] Application time: 1.0001493 seconds
[2023-11-16T02:14:26.187+0000][22233.949s][info ][safepoint     ] Entering safepoint region: Cleanup
[2023-11-16T02:14:26.188+0000][22233.949s][info ][safepoint     ] Leaving safepoint region
[2023-11-16T02:14:26.188+0000][22233.949s][info ][safepoint     ] Total time for which application threads were stopped: 0.0003304 seconds, Stopping threads took: 0.0000490 seconds
[2023-11-16T02:14:27.188+0000][22234.949s][debug][safepoint     ] Safepoint synchronization initiated. (175 threads)
[2023-11-16T02:14:27.188+0000][22234.949s][info ][safepoint     ] Application time: 1.0001435 seconds
[2023-11-16T02:14:27.188+0000][22234.949s][info ][safepoint     ] Entering safepoint region: Cleanup
[2023-11-16T02:14:27.188+0000][22234.950s][info ][safepoint     ] Leaving safepoint region
[2023-11-16T02:14:27.188+0000][22234.950s][info ][safepoint     ] Total time for which application threads were stopped: 0.0002419 seconds, Stopping threads took: 0.0000490 seconds
[2023-11-16T02:14:28.188+0000][22235.950s][debug][safepoint     ] Safepoint synchronization initiated. (175 threads)
[2023-11-16T02:14:28.188+0000][22235.950s][info ][safepoint     ] Application time: 1.0001563 seconds
[2023-11-16T02:14:28.188+0000][22235.950s][info ][safepoint     ] Entering safepoint region: Cleanup
[2023-11-16T02:14:28.189+0000][22235.950s][info ][safepoint     ] Leaving safepoint region
[2023-11-16T02:14:28.189+0000][22235.950s][info ][safepoint     ] Total time for which application threads were stopped: 0.0004090 seconds, Stopping threads took: 0.0002063 seconds
[2023-11-16T02:14:29.189+0000][22236.950s][debug][safepoint     ] Safepoint synchronization initiated. (175 threads)
[2023-11-16T02:14:29.189+0000][22236.950s][info ][safepoint     ] Application time: 1.0001765 seconds
[2023-11-16T02:14:29.189+0000][22236.951s][info ][safepoint     ] Entering safepoint region: Cleanup
[2023-11-16T02:14:29.189+0000][22236.951s][info ][safepoint     ] Leaving safepoint region
[2023-11-16T02:14:29.189+0000][22236.951s][info ][safepoint     ] Total time for which application threads were stopped: 0.0003410 seconds, Stopping threads took: 0.0000484 seconds
[2023-11-16T02:14:30.189+0000][22237.951s][debug][safepoint     ] Safepoint synchronization initiated. (175 threads)
[2023-11-16T02:14:30.189+0000][22237.951s][info ][safepoint     ] Application time: 1.0001521 seconds
[2023-11-16T02:14:30.189+0000][22237.951s][info ][safepoint     ] Entering safepoint region: Cleanup
[2023-11-16T02:14:30.190+0000][22237.951s][info ][safepoint     ] Leaving safepoint region
[2023-11-16T02:14:30.190+0000][22237.951s][info ][safepoint     ] Total time for which application threads were stopped: 0.0003359 seconds, Stopping threads took: 0.0000491 seconds
[2023-11-16T02:14:31.190+0000][22238.951s][debug][safepoint     ] Safepoint synchronization initiated. (175 threads)
[2023-11-16T02:14:31.190+0000][22238.952s][info ][safepoint     ] Application time: 1.0001518 seconds
[2023-11-16T02:14:31.190+0000][22238.952s][info ][safepoint     ] Entering safepoint region: Cleanup
[2023-11-16T02:14:31.190+0000][22238.952s][info ][safepoint     ] Leaving safepoint region
[2023-11-16T02:14:31.190+0000][22238.952s][info ][safepoint     ] Total time for which application threads were stopped: 0.0003310 seconds, Stopping threads took: 0.0000488 seconds
[2023-11-16T02:14:32.190+0000][22239.952s][debug][safepoint     ] Safepoint synchronization initiated. (175 threads)
[2023-11-16T02:14:32.190+0000][22239.952s][info ][safepoint     ] Application time: 1.0001432 seconds
[2023-11-16T02:14:32.190+0000][22239.952s][info ][safepoint     ] Entering safepoint region: Cleanup
[2023-11-16T02:14:32.191+0000][22239.952s][info ][safepoint     ] Leaving safepoint region
[2023-11-16T02:14:32.191+0000][22239.952s][info ][safepoint     ] Total time for which application threads were stopped: 0.0003367 seconds, Stopping threads took: 0.0000487 seconds
[2023-11-16T02:14:33.191+0000][22240.953s][debug][safepoint     ] Safepoint synchronization initiated. (176 threads)
[2023-11-16T02:14:33.191+0000][22240.953s][info ][safepoint     ] Application time: 1.0002127 seconds
[2023-11-16T02:14:33.191+0000][22240.953s][info ][safepoint     ] Entering safepoint region: Cleanup
[2023-11-16T02:14:33.192+0000][22240.953s][info ][safepoint     ] Leaving safepoint region
[2023-11-16T02:14:33.192+0000][22240.953s][info ][safepoint     ] Total time for which application threads were stopped: 0.0002811 seconds, Stopping threads took: 0.0000567 seconds
[2023-11-16T02:14:34.192+0000][22241.953s][debug][safepoint     ] Safepoint synchronization initiated. (176 threads)
[2023-11-16T02:14:34.192+0000][22241.953s][info ][safepoint     ] Application time: 1.0001478 seconds
[2023-11-16T02:14:34.192+0000][22241.953s][info ][safepoint     ] Entering safepoint region: Cleanup
[2023-11-16T02:14:34.192+0000][22241.954s][info ][safepoint     ] Leaving safepoint region
[2023-11-16T02:14:34.192+0000][22241.954s][info ][safepoint     ] Total time for which application threads were stopped: 0.0003399 seconds, Stopping threads took: 0.0000502 seconds
[2023-11-16T02:14:35.192+0000][22242.954s][debug][safepoint     ] Safepoint synchronization initiated. (176 threads)
[2023-11-16T02:14:35.192+0000][22242.954s][info ][safepoint     ] Application time: 1.0001498 seconds
[2023-11-16T02:14:35.192+0000][22242.954s][info ][safepoint     ] Entering safepoint region: Cleanup
[2023-11-16T02:14:35.193+0000][22242.954s][info ][safepoint     ] Leaving safepoint region
[2023-11-16T02:14:35.193+0000][22242.954s][info ][safepoint     ] Total time for which application threads were stopped: 0.0003314 seconds, Stopping threads took: 0.0000494 seconds
[2023-11-16T02:14:36.193+0000][22243.954s][debug][safepoint     ] Safepoint synchronization initiated. (176 threads)
[2023-11-16T02:14:36.193+0000][22243.954s][info ][safepoint     ] Application time: 1.0001427 seconds
[2023-11-16T02:14:36.193+0000][22243.955s][info ][safepoint     ] Entering safepoint region: Cleanup
[2023-11-16T02:14:36.193+0000][22243.955s][info ][safepoint     ] Leaving safepoint region
[2023-11-16T02:14:36.193+0000][22243.955s][info ][safepoint     ] Total time for which application threads were stopped: 0.0003371 seconds, Stopping threads took: 0.0000493 seconds
[2023-11-16T02:14:37.193+0000][22244.955s][debug][safepoint     ] Safepoint synchronization initiated. (176 threads)
[2023-11-16T02:14:37.193+0000][22244.955s][info ][safepoint     ] Application time: 1.0001651 seconds
[2023-11-16T02:14:37.193+0000][22244.955s][info ][safepoint     ] Entering safepoint region: Cleanup
[2023-11-16T02:14:37.194+0000][22244.955s][info ][safepoint     ] Leaving safepoint region
[2023-11-16T02:14:37.194+0000][22244.955s][info ][safepoint     ] Total time for which application threads were stopped: 0.0003350 seconds, Stopping threads took: 0.0000484 seconds
[2023-11-16T02:14:38.194+0000][22245.955s][debug][safepoint     ] Safepoint synchronization initiated. (176 threads)
[2023-11-16T02:14:38.194+0000][22245.956s][info ][safepoint     ] Application time: 1.0001550 seconds
[2023-11-16T02:14:38.194+0000][22245.956s][info ][safepoint     ] Entering safepoint region: Cleanup
[2023-11-16T02:14:38.195+0000][22245.956s][info ][safepoint     ] Leaving safepoint region
[2023-11-16T02:14:38.195+0000][22245.956s][info ][safepoint     ] Total time for which application threads were stopped: 0.0006154 seconds, Stopping threads took: 0.0003139 seconds
[2023-11-16T02:14:39.195+0000][22246.956s][debug][safepoint     ] Safepoint synchronization initiated. (176 threads)
[2023-11-16T02:14:39.195+0000][22246.956s][info ][safepoint     ] Application time: 1.0001507 seconds
[2023-11-16T02:14:39.195+0000][22246.956s][info ][safepoint     ] Entering safepoint region: Cleanup
[2023-11-16T02:14:39.195+0000][22246.957s][info ][safepoint     ] Leaving safepoint region
[2023-11-16T02:14:39.195+0000][22246.957s][info ][safepoint     ] Total time for which application threads were stopped: 0.0003615 seconds, Stopping threads took: 0.0000490 seconds
[2023-11-16T02:14:40.195+0000][22247.957s][debug][safepoint     ] Safepoint synchronization initiated. (175 threads)
[2023-11-16T02:14:40.195+0000][22247.957s][info ][safepoint     ] Application time: 1.0001739 seconds
[2023-11-16T02:14:40.195+0000][22247.957s][info ][safepoint     ] Entering safepoint region: Cleanup
[2023-11-16T02:14:40.196+0000][22247.957s][info ][safepoint     ] Leaving safepoint region
[2023-11-16T02:14:40.196+0000][22247.957s][info ][safepoint     ] Total time for which application threads were stopped: 0.0002658 seconds, Stopping threads took: 0.0000510 seconds
[2023-11-16T02:14:41.196+0000][22248.957s][debug][safepoint     ] Safepoint synchronization initiated. (175 threads)
[2023-11-16T02:14:41.196+0000][22248.957s][info ][safepoint     ] Application time: 1.0001562 seconds
[2023-11-16T02:14:41.196+0000][22248.957s][info ][safepoint     ] Entering safepoint region: Cleanup
[2023-11-16T02:14:41.196+0000][22248.958s][info ][safepoint     ] Leaving safepoint region
[2023-11-16T02:14:41.196+0000][22248.958s][info ][safepoint     ] Total time for which application threads were stopped: 0.0003369 seconds, Stopping threads took: 0.0000483 seconds
[2023-11-16T02:14:42.196+0000][22249.958s][debug][safepoint     ] Safepoint synchronization initiated. (175 threads)
[2023-11-16T02:14:42.196+0000][22249.958s][info ][safepoint     ] Application time: 1.0001523 seconds
[2023-11-16T02:14:42.196+0000][22249.958s][info ][safepoint     ] Entering safepoint region: Cleanup
[2023-11-16T02:14:42.197+0000][22249.958s][info ][safepoint     ] Leaving safepoint region
[2023-11-16T02:14:42.197+0000][22249.958s][info ][safepoint     ] Total time for which application threads were stopped: 0.0003328 seconds, Stopping threads took: 0.0000481 seconds
[2023-11-16T02:14:43.197+0000][22250.958s][debug][safepoint     ] Safepoint synchronization initiated. (175 threads)
[2023-11-16T02:14:43.197+0000][22250.958s][info ][safepoint     ] Application time: 1.0001539 seconds
[2023-11-16T02:14:43.197+0000][22250.958s][info ][safepoint     ] Entering safepoint region: Cleanup
[2023-11-16T02:14:43.197+0000][22250.959s][info ][safepoint     ] Leaving safepoint region
[2023-11-16T02:14:43.197+0000][22250.959s][info ][safepoint     ] Total time for which application threads were stopped: 0.0005072 seconds, Stopping threads took: 0.0001664 seconds
[2023-11-16T02:14:44.197+0000][22251.959s][debug][safepoint     ] Safepoint synchronization initiated. (175 threads)
[2023-11-16T02:14:44.197+0000][22251.959s][info ][safepoint     ] Application time: 1.0001594 seconds
[2023-11-16T02:14:44.198+0000][22251.959s][info ][safepoint     ] Entering safepoint region: Cleanup
[2023-11-16T02:14:44.198+0000][22251.959s][info ][safepoint     ] Leaving safepoint region
[2023-11-16T02:14:44.198+0000][22251.959s][info ][safepoint     ] Total time for which application threads were stopped: 0.0003359 seconds, Stopping threads took: 0.0000488 seconds
[2023-11-16T02:14:45.198+0000][22252.960s][debug][safepoint     ] Safepoint synchronization initiated. (175 threads)
[2023-11-16T02:14:45.198+0000][22252.960s][info ][safepoint     ] Application time: 1.0001818 seconds
[2023-11-16T02:14:45.198+0000][22252.960s][info ][safepoint     ] Entering safepoint region: Cleanup
[2023-11-16T02:14:45.198+0000][22252.960s][info ][safepoint     ] Leaving safepoint region
[2023-11-16T02:14:45.198+0000][22252.960s][info ][safepoint     ] Total time for which application threads were stopped: 0.0003388 seconds, Stopping threads took: 0.0000495 seconds
[2023-11-16T02:14:46.199+0000][22253.960s][debug][safepoint     ] Safepoint synchronization initiated. (175 threads)
[2023-11-16T02:14:46.199+0000][22253.960s][info ][safepoint     ] Application time: 1.0001716 seconds
[2023-11-16T02:14:46.199+0000][22253.960s][info ][safepoint     ] Entering safepoint region: Cleanup
[2023-11-16T02:14:46.199+0000][22253.961s][info ][safepoint     ] Leaving safepoint region
[2023-11-16T02:14:46.199+0000][22253.961s][info ][safepoint     ] Total time for which application threads were stopped: 0.0003575 seconds, Stopping threads took: 0.0000481 seconds
[2023-11-16T02:14:47.199+0000][22254.961s][debug][safepoint     ] Safepoint synchronization initiated. (175 threads)
[2023-11-16T02:14:47.199+0000][22254.961s][info ][safepoint     ] Application time: 1.0001577 seconds
[2023-11-16T02:14:47.199+0000][22254.961s][info ][safepoint     ] Entering safepoint region: Cleanup
[2023-11-16T02:14:47.199+0000][22254.961s][info ][safepoint     ] Leaving safepoint region
[2023-11-16T02:14:47.199+0000][22254.961s][info ][safepoint     ] Total time for which application threads were stopped: 0.0001887 seconds, Stopping threads took: 0.0000504 seconds
[2023-11-16T02:14:48.199+0000][22255.961s][debug][safepoint     ] Safepoint synchronization initiated. (175 threads)
[2023-11-16T02:14:48.200+0000][22255.961s][info ][safepoint     ] Application time: 1.0001691 seconds
[2023-11-16T02:14:48.200+0000][22255.961s][info ][safepoint     ] Entering safepoint region: Cleanup
[2023-11-16T02:14:48.200+0000][22255.961s][info ][safepoint     ] Leaving safepoint region
[2023-11-16T02:14:48.200+0000][22255.961s][info ][safepoint     ] Total time for which application threads were stopped: 0.0002541 seconds, Stopping threads took: 0.0000491 seconds
[2023-11-16T02:14:49.200+0000][22256.962s][debug][safepoint     ] Safepoint synchronization initiated. (175 threads)
[2023-11-16T02:14:49.200+0000][22256.962s][info ][safepoint     ] Application time: 1.0001468 seconds
[2023-11-16T02:14:49.200+0000][22256.962s][info ][safepoint     ] Entering safepoint region: Cleanup
[2023-11-16T02:14:49.200+0000][22256.962s][info ][safepoint     ] Leaving safepoint region
[2023-11-16T02:14:49.200+0000][22256.962s][info ][safepoint     ] Total time for which application threads were stopped: 0.0003419 seconds, Stopping threads took: 0.0000490 seconds
[2023-11-16T02:14:50.200+0000][22257.962s][debug][safepoint     ] Safepoint synchronization initiated. (175 threads)
[2023-11-16T02:14:50.201+0000][22257.962s][info ][safepoint     ] Application time: 1.0001496 seconds
[2023-11-16T02:14:50.201+0000][22257.962s][info ][safepoint     ] Entering safepoint region: Cleanup
[2023-11-16T02:14:50.201+0000][22257.962s][info ][safepoint     ] Leaving safepoint region
[2023-11-16T02:14:50.201+0000][22257.962s][info ][safepoint     ] Total time for which application threads were stopped: 0.0003358 seconds, Stopping threads took: 0.0000492 seconds
[2023-11-16T02:14:51.201+0000][22258.963s][debug][safepoint     ] Safepoint synchronization initiated. (175 threads)
[2023-11-16T02:14:51.201+0000][22258.963s][info ][safepoint     ] Application time: 1.0001559 seconds
[2023-11-16T02:14:51.201+0000][22258.963s][info ][safepoint     ] Entering safepoint region: Cleanup
[2023-11-16T02:14:51.201+0000][22258.963s][info ][safepoint     ] Leaving safepoint region
[2023-11-16T02:14:51.201+0000][22258.963s][info ][safepoint     ] Total time for which application threads were stopped: 0.0003373 seconds, Stopping threads took: 0.0000486 seconds
[2023-11-16T02:14:52.201+0000][22259.963s][debug][safepoint     ] Safepoint synchronization initiated. (175 threads)
[2023-11-16T02:14:52.202+0000][22259.963s][info ][safepoint     ] Application time: 1.0001555 seconds
[2023-11-16T02:14:52.202+0000][22259.963s][info ][safepoint     ] Entering safepoint region: Cleanup
[2023-11-16T02:14:52.202+0000][22259.964s][info ][safepoint     ] Leaving safepoint region
[2023-11-16T02:14:52.202+0000][22259.964s][info ][safepoint     ] Total time for which application threads were stopped: 0.0004958 seconds, Stopping threads took: 0.0002781 seconds
[2023-11-16T02:14:53.202+0000][22260.964s][debug][safepoint     ] Safepoint synchronization initiated. (175 threads)
[2023-11-16T02:14:53.202+0000][22260.964s][info ][safepoint     ] Application time: 1.0001706 seconds
[2023-11-16T02:14:53.202+0000][22260.964s][info ][safepoint     ] Entering safepoint region: Cleanup
[2023-11-16T02:14:53.203+0000][22260.964s][info ][safepoint     ] Leaving safepoint region
[2023-11-16T02:14:53.203+0000][22260.964s][info ][safepoint     ] Total time for which application threads were stopped: 0.0003622 seconds, Stopping threads took: 0.0000723 seconds
[2023-11-16T02:14:54.203+0000][22261.964s][debug][safepoint     ] Safepoint synchronization initiated. (175 threads)
[2023-11-16T02:14:54.203+0000][22261.964s][info ][safepoint     ] Application time: 1.0001596 seconds
[2023-11-16T02:14:54.203+0000][22261.965s][info ][safepoint     ] Entering safepoint region: Cleanup
[2023-11-16T02:14:54.203+0000][22261.965s][info ][safepoint     ] Leaving safepoint region
[2023-11-16T02:14:54.203+0000][22261.965s][info ][safepoint     ] Total time for which application threads were stopped: 0.0003326 seconds, Stopping threads took: 0.0000488 seconds
[2023-11-16T02:14:55.203+0000][22262.965s][debug][safepoint     ] Safepoint synchronization initiated. (175 threads)
[2023-11-16T02:14:55.203+0000][22262.965s][info ][safepoint     ] Application time: 1.0001680 seconds
[2023-11-16T02:14:55.203+0000][22262.965s][info ][safepoint     ] Entering safepoint region: Cleanup
[2023-11-16T02:14:55.204+0000][22262.965s][info ][safepoint     ] Leaving safepoint region
[2023-11-16T02:14:55.204+0000][22262.965s][info ][safepoint     ] Total time for which application threads were stopped: 0.0003413 seconds, Stopping threads took: 0.0000485 seconds
[2023-11-16T02:14:56.204+0000][22263.965s][debug][safepoint     ] Safepoint synchronization initiated. (175 threads)
[2023-11-16T02:14:56.204+0000][22263.966s][info ][safepoint     ] Application time: 1.0001518 seconds
[2023-11-16T02:14:56.204+0000][22263.966s][info ][safepoint     ] Entering safepoint region: Cleanup
[2023-11-16T02:14:56.204+0000][22263.966s][info ][safepoint     ] Leaving safepoint region
[2023-11-16T02:14:56.204+0000][22263.966s][info ][safepoint     ] Total time for which application threads were stopped: 0.0003415 seconds, Stopping threads took: 0.0000483 seconds
[2023-11-16T02:14:57.204+0000][22264.966s][debug][safepoint     ] Safepoint synchronization initiated. (175 threads)
[2023-11-16T02:14:57.204+0000][22264.966s][info ][safepoint     ] Application time: 1.0001575 seconds
[2023-11-16T02:14:57.204+0000][22264.966s][info ][safepoint     ] Entering safepoint region: Cleanup
[2023-11-16T02:14:57.205+0000][22264.967s][info ][safepoint     ] Leaving safepoint region
[2023-11-16T02:14:57.205+0000][22264.967s][info ][safepoint     ] Total time for which application threads were stopped: 0.0004726 seconds, Stopping threads took: 0.0002438 seconds
[2023-11-16T02:14:58.205+0000][22265.967s][debug][safepoint     ] Safepoint synchronization initiated. (175 threads)
[2023-11-16T02:14:58.205+0000][22265.967s][info ][safepoint     ] Application time: 1.0001680 seconds
[2023-11-16T02:14:58.205+0000][22265.967s][info ][safepoint     ] Entering safepoint region: Cleanup
[2023-11-16T02:14:58.205+0000][22265.967s][info ][safepoint     ] Leaving safepoint region
[2023-11-16T02:14:58.205+0000][22265.967s][info ][safepoint     ] Total time for which application threads were stopped: 0.0003322 seconds, Stopping threads took: 0.0000485 seconds
[2023-11-16T02:14:59.206+0000][22266.967s][debug][safepoint     ] Safepoint synchronization initiated. (175 threads)
[2023-11-16T02:14:59.206+0000][22266.967s][info ][safepoint     ] Application time: 1.0001564 seconds
[2023-11-16T02:14:59.206+0000][22266.967s][info ][safepoint     ] Entering safepoint region: Cleanup
[2023-11-16T02:14:59.206+0000][22266.968s][info ][safepoint     ] Leaving safepoint region
[2023-11-16T02:14:59.206+0000][22266.968s][info ][safepoint     ] Total time for which application threads were stopped: 0.0003339 seconds, Stopping threads took: 0.0000489 seconds
[2023-11-16T02:15:00.206+0000][22267.968s][debug][safepoint     ] Safepoint synchronization initiated. (175 threads)
[2023-11-16T02:15:00.206+0000][22267.968s][info ][safepoint     ] Application time: 1.0001555 seconds
[2023-11-16T02:15:00.206+0000][22267.968s][info ][safepoint     ] Entering safepoint region: Cleanup
[2023-11-16T02:15:00.206+0000][22267.968s][info ][safepoint     ] Leaving safepoint region
[2023-11-16T02:15:00.207+0000][22267.968s][info ][safepoint     ] Total time for which application threads were stopped: 0.0003573 seconds, Stopping threads took: 0.0000701 seconds
[2023-11-16T02:15:01.207+0000][22268.968s][debug][safepoint     ] Safepoint synchronization initiated. (175 threads)
[2023-11-16T02:15:01.207+0000][22268.968s][info ][safepoint     ] Application time: 1.0001710 seconds
[2023-11-16T02:15:01.207+0000][22268.968s][info ][safepoint     ] Entering safepoint region: Cleanup
[2023-11-16T02:15:01.207+0000][22268.969s][info ][safepoint     ] Leaving safepoint region
[2023-11-16T02:15:01.207+0000][22268.969s][info ][safepoint     ] Total time for which application threads were stopped: 0.0003367 seconds, Stopping threads took: 0.0000482 seconds
[2023-11-16T02:15:02.207+0000][22269.969s][debug][safepoint     ] Safepoint synchronization initiated. (175 threads)
[2023-11-16T02:15:02.207+0000][22269.969s][info ][safepoint     ] Application time: 1.0001289 seconds
[2023-11-16T02:15:02.207+0000][22269.969s][info ][safepoint     ] Entering safepoint region: Cleanup
[2023-11-16T02:15:02.207+0000][22269.969s][info ][safepoint     ] Leaving safepoint region
[2023-11-16T02:15:02.207+0000][22269.969s][info ][safepoint     ] Total time for which application threads were stopped: 0.0002229 seconds, Stopping threads took: 0.0000397 seconds
[2023-11-16T02:15:03.208+0000][22270.969s][debug][safepoint     ] Safepoint synchronization initiated. (175 threads)
[2023-11-16T02:15:03.208+0000][22270.969s][info ][safepoint     ] Application time: 1.0001440 seconds
[2023-11-16T02:15:03.208+0000][22270.969s][info ][safepoint     ] Entering safepoint region: Cleanup
[2023-11-16T02:15:03.208+0000][22270.970s][info ][safepoint     ] Leaving safepoint region
[2023-11-16T02:15:03.208+0000][22270.970s][info ][safepoint     ] Total time for which application threads were stopped: 0.0002563 seconds, Stopping threads took: 0.0000478 seconds
[2023-11-16T02:15:04.208+0000][22271.970s][debug][safepoint     ] Safepoint synchronization initiated. (175 threads)
[2023-11-16T02:15:04.208+0000][22271.970s][info ][safepoint     ] Application time: 1.0001592 seconds
[2023-11-16T02:15:04.208+0000][22271.970s][info ][safepoint     ] Entering safepoint region: Cleanup
[2023-11-16T02:15:04.208+0000][22271.970s][info ][safepoint     ] Leaving safepoint region
[2023-11-16T02:15:04.208+0000][22271.970s][info ][safepoint     ] Total time for which application threads were stopped: 0.0003445 seconds, Stopping threads took: 0.0000488 seconds
[2023-11-16T02:15:05.209+0000][22272.970s][debug][safepoint     ] Safepoint synchronization initiated. (175 threads)
[2023-11-16T02:15:05.209+0000][22272.970s][info ][safepoint     ] Application time: 1.0001833 seconds
[2023-11-16T02:15:05.209+0000][22272.970s][info ][safepoint     ] Entering safepoint region: Cleanup
[2023-11-16T02:15:05.209+0000][22272.971s][info ][safepoint     ] Leaving safepoint region
[2023-11-16T02:15:05.209+0000][22272.971s][info ][safepoint     ] Total time for which application threads were stopped: 0.0002409 seconds, Stopping threads took: 0.0000487 seconds
[2023-11-16T02:15:06.209+0000][22273.971s][debug][safepoint     ] Safepoint synchronization initiated. (175 threads)
[2023-11-16T02:15:06.209+0000][22273.971s][info ][safepoint     ] Application time: 1.0001537 seconds
[2023-11-16T02:15:06.209+0000][22273.971s][info ][safepoint     ] Entering safepoint region: Cleanup
[2023-11-16T02:15:06.209+0000][22273.971s][info ][safepoint     ] Leaving safepoint region
[2023-11-16T02:15:06.209+0000][22273.971s][info ][safepoint     ] Total time for which application threads were stopped: 0.0002508 seconds, Stopping threads took: 0.0000491 seconds
[2023-11-16T02:15:07.209+0000][22274.971s][debug][safepoint     ] Safepoint synchronization initiated. (175 threads)
[2023-11-16T02:15:07.210+0000][22274.971s][info ][safepoint     ] Application time: 1.0001707 seconds
[2023-11-16T02:15:07.210+0000][22274.971s][info ][safepoint     ] Entering safepoint region: Cleanup
[2023-11-16T02:15:07.210+0000][22274.972s][info ][safepoint     ] Leaving safepoint region
[2023-11-16T02:15:07.210+0000][22274.972s][info ][safepoint     ] Total time for which application threads were stopped: 0.0003972 seconds, Stopping threads took: 0.0000527 seconds
[2023-11-16T02:15:08.210+0000][22275.972s][debug][safepoint     ] Safepoint synchronization initiated. (175 threads)
[2023-11-16T02:15:08.210+0000][22275.972s][info ][safepoint     ] Application time: 1.0001698 seconds
[2023-11-16T02:15:08.210+0000][22275.972s][info ][safepoint     ] Entering safepoint region: Cleanup
[2023-11-16T02:15:08.210+0000][22275.972s][info ][safepoint     ] Leaving safepoint region
[2023-11-16T02:15:08.211+0000][22275.972s][info ][safepoint     ] Total time for which application threads were stopped: 0.0003386 seconds, Stopping threads took: 0.0000479 seconds
[2023-11-16T02:15:09.211+0000][22276.972s][debug][safepoint     ] Safepoint synchronization initiated. (175 threads)
[2023-11-16T02:15:09.211+0000][22276.972s][info ][safepoint     ] Application time: 1.0001542 seconds
[2023-11-16T02:15:09.211+0000][22276.972s][info ][safepoint     ] Entering safepoint region: Cleanup
[2023-11-16T02:15:09.211+0000][22276.973s][info ][safepoint     ] Leaving safepoint region
[2023-11-16T02:15:09.211+0000][22276.973s][info ][safepoint     ] Total time for which application threads were stopped: 0.0003397 seconds, Stopping threads took: 0.0000483 seconds
[2023-11-16T02:15:10.211+0000][22277.973s][debug][safepoint     ] Safepoint synchronization initiated. (175 threads)
[2023-11-16T02:15:10.211+0000][22277.973s][info ][safepoint     ] Application time: 1.0001651 seconds
[2023-11-16T02:15:10.211+0000][22277.973s][info ][safepoint     ] Entering safepoint region: Cleanup
[2023-11-16T02:15:10.212+0000][22277.973s][info ][safepoint     ] Leaving safepoint region
[2023-11-16T02:15:10.212+0000][22277.973s][info ][safepoint     ] Total time for which application threads were stopped: 0.0003314 seconds, Stopping threads took: 0.0000479 seconds
[2023-11-16T02:15:11.212+0000][22278.973s][debug][safepoint     ] Safepoint synchronization initiated. (175 threads)
[2023-11-16T02:15:11.212+0000][22278.973s][info ][safepoint     ] Application time: 1.0001489 seconds
[2023-11-16T02:15:11.212+0000][22278.973s][info ][safepoint     ] Entering safepoint region: Cleanup
[2023-11-16T02:15:11.212+0000][22278.974s][info ][safepoint     ] Leaving safepoint region
[2023-11-16T02:15:11.212+0000][22278.974s][info ][safepoint     ] Total time for which application threads were stopped: 0.0003409 seconds, Stopping threads took: 0.0000486 seconds
[2023-11-16T02:15:12.212+0000][22279.974s][debug][safepoint     ] Safepoint synchronization initiated. (175 threads)
[2023-11-16T02:15:12.212+0000][22279.974s][info ][safepoint     ] Application time: 1.0001518 seconds
[2023-11-16T02:15:12.212+0000][22279.974s][info ][safepoint     ] Entering safepoint region: Cleanup
[2023-11-16T02:15:12.213+0000][22279.974s][info ][safepoint     ] Leaving safepoint region
[2023-11-16T02:15:12.213+0000][22279.974s][info ][safepoint     ] Total time for which application threads were stopped: 0.0005357 seconds, Stopping threads took: 0.0003061 seconds
[2023-11-16T02:15:13.213+0000][22280.975s][debug][safepoint     ] Safepoint synchronization initiated. (175 threads)
[2023-11-16T02:15:13.213+0000][22280.975s][info ][safepoint     ] Application time: 1.0001487 seconds
[2023-11-16T02:15:13.213+0000][22280.975s][info ][safepoint     ] Entering safepoint region: Cleanup
[2023-11-16T02:15:13.213+0000][22280.975s][info ][safepoint     ] Leaving safepoint region
[2023-11-16T02:15:13.213+0000][22280.975s][info ][safepoint     ] Total time for which application threads were stopped: 0.0002522 seconds, Stopping threads took: 0.0000477 seconds
[2023-11-16T02:15:14.213+0000][22281.975s][debug][safepoint     ] Safepoint synchronization initiated. (175 threads)
[2023-11-16T02:15:14.213+0000][22281.975s][info ][safepoint     ] Application time: 1.0001520 seconds
[2023-11-16T02:15:14.213+0000][22281.975s][info ][safepoint     ] Entering safepoint region: Cleanup
[2023-11-16T02:15:14.214+0000][22281.975s][info ][safepoint     ] Leaving safepoint region
[2023-11-16T02:15:14.214+0000][22281.975s][info ][safepoint     ] Total time for which application threads were stopped: 0.0003387 seconds, Stopping threads took: 0.0000507 seconds
[2023-11-16T02:15:15.214+0000][22282.976s][debug][safepoint     ] Safepoint synchronization initiated. (175 threads)
[2023-11-16T02:15:15.214+0000][22282.976s][info ][safepoint     ] Application time: 1.0001579 seconds
[2023-11-16T02:15:15.214+0000][22282.976s][info ][safepoint     ] Entering safepoint region: Cleanup
[2023-11-16T02:15:15.214+0000][22282.976s][info ][safepoint     ] Leaving safepoint region
[2023-11-16T02:15:15.214+0000][22282.976s][info ][safepoint     ] Total time for which application threads were stopped: 0.0003338 seconds, Stopping threads took: 0.0000491 seconds
[2023-11-16T02:15:16.214+0000][22283.976s][debug][safepoint     ] Safepoint synchronization initiated. (175 threads)
[2023-11-16T02:15:16.214+0000][22283.976s][info ][safepoint     ] Application time: 1.0001519 seconds
[2023-11-16T02:15:16.215+0000][22283.976s][info ][safepoint     ] Entering safepoint region: Cleanup
[2023-11-16T02:15:16.215+0000][22283.976s][info ][safepoint     ] Leaving safepoint region
[2023-11-16T02:15:16.215+0000][22283.976s][info ][safepoint     ] Total time for which application threads were stopped: 0.0003058 seconds, Stopping threads took: 0.0000489 seconds
[2023-11-16T02:15:17.215+0000][22284.977s][debug][safepoint     ] Safepoint synchronization initiated. (175 threads)
[2023-11-16T02:15:17.215+0000][22284.977s][info ][safepoint     ] Application time: 1.0001759 seconds
[2023-11-16T02:15:17.215+0000][22284.977s][info ][safepoint     ] Entering safepoint region: Cleanup
[2023-11-16T02:15:17.215+0000][22284.977s][info ][safepoint     ] Leaving safepoint region
[2023-11-16T02:15:17.215+0000][22284.977s][info ][safepoint     ] Total time for which application threads were stopped: 0.0002828 seconds, Stopping threads took: 0.0000538 seconds
[2023-11-16T02:15:18.215+0000][22285.977s][debug][safepoint     ] Safepoint synchronization initiated. (175 threads)
[2023-11-16T02:15:18.216+0000][22285.977s][info ][safepoint     ] Application time: 1.0001733 seconds
[2023-11-16T02:15:18.216+0000][22285.977s][info ][safepoint     ] Entering safepoint region: Cleanup
[2023-11-16T02:15:18.216+0000][22285.977s][info ][safepoint     ] Leaving safepoint region
[2023-11-16T02:15:18.216+0000][22285.978s][info ][safepoint     ] Total time for which application threads were stopped: 0.0003405 seconds, Stopping threads took: 0.0000495 seconds
[2023-11-16T02:15:19.216+0000][22286.978s][debug][safepoint     ] Safepoint synchronization initiated. (175 threads)
[2023-11-16T02:15:19.216+0000][22286.978s][info ][safepoint     ] Application time: 1.0001566 seconds
[2023-11-16T02:15:19.216+0000][22286.978s][debug][safepoint     ] Waiting for 1 thread(s) to block
[2023-11-16T02:15:19.216+0000][22286.978s][info ][safepoint     ] Entering safepoint region: Cleanup
[2023-11-16T02:15:19.216+0000][22286.978s][info ][safepoint     ] Leaving safepoint region
[2023-11-16T02:15:19.217+0000][22286.978s][info ][safepoint     ] Total time for which application threads were stopped: 0.0004590 seconds, Stopping threads took: 0.0001743 seconds
[2023-11-16T02:15:20.217+0000][22287.978s][debug][safepoint     ] Safepoint synchronization initiated. (175 threads)
[2023-11-16T02:15:20.217+0000][22287.978s][info ][safepoint     ] Application time: 1.0001703 seconds
[2023-11-16T02:15:20.217+0000][22287.978s][info ][safepoint     ] Entering safepoint region: Cleanup
[2023-11-16T02:15:20.217+0000][22287.979s][info ][safepoint     ] Leaving safepoint region
[2023-11-16T02:15:20.217+0000][22287.979s][info ][safepoint     ] Total time for which application threads were stopped: 0.0003337 seconds, Stopping threads took: 0.0000482 seconds
[2023-11-16T02:15:21.217+0000][22288.979s][debug][safepoint     ] Safepoint synchronization initiated. (175 threads)
[2023-11-16T02:15:21.217+0000][22288.979s][info ][safepoint     ] Application time: 1.0001791 seconds
[2023-11-16T02:15:21.217+0000][22288.979s][info ][safepoint     ] Entering safepoint region: Cleanup
[2023-11-16T02:15:21.218+0000][22288.979s][info ][safepoint     ] Leaving safepoint region
[2023-11-16T02:15:21.218+0000][22288.979s][info ][safepoint     ] Total time for which application threads were stopped: 0.0003399 seconds, Stopping threads took: 0.0000501 seconds
[2023-11-16T02:15:22.218+0000][22289.979s][debug][safepoint     ] Safepoint synchronization initiated. (175 threads)
[2023-11-16T02:15:22.218+0000][22289.979s][info ][safepoint     ] Application time: 1.0001696 seconds
[2023-11-16T02:15:22.218+0000][22289.979s][info ][safepoint     ] Entering safepoint region: Cleanup
[2023-11-16T02:15:22.218+0000][22289.980s][info ][safepoint     ] Leaving safepoint region
[2023-11-16T02:15:22.218+0000][22289.980s][info ][safepoint     ] Total time for which application threads were stopped: 0.0006103 seconds, Stopping threads took: 0.0002731 seconds
[2023-11-16T02:15:23.219+0000][22290.980s][debug][safepoint     ] Safepoint synchronization initiated. (175 threads)
[2023-11-16T02:15:23.219+0000][22290.980s][info ][safepoint     ] Application time: 1.0001602 seconds
[2023-11-16T02:15:23.219+0000][22290.980s][info ][safepoint     ] Entering safepoint region: Cleanup
[2023-11-16T02:15:23.219+0000][22290.981s][info ][safepoint     ] Leaving safepoint region
[2023-11-16T02:15:23.219+0000][22290.981s][info ][safepoint     ] Total time for which application threads were stopped: 0.0003410 seconds, Stopping threads took: 0.0000484 seconds
[2023-11-16T02:15:24.219+0000][22291.981s][debug][safepoint     ] Safepoint synchronization initiated. (175 threads)
[2023-11-16T02:15:24.219+0000][22291.981s][info ][safepoint     ] Application time: 1.0001529 seconds
[2023-11-16T02:15:24.219+0000][22291.981s][info ][safepoint     ] Entering safepoint region: Cleanup
[2023-11-16T02:15:24.219+0000][22291.981s][info ][safepoint     ] Leaving safepoint region
[2023-11-16T02:15:24.220+0000][22291.981s][info ][safepoint     ] Total time for which application threads were stopped: 0.0003645 seconds, Stopping threads took: 0.0000483 seconds
[2023-11-16T02:15:25.220+0000][22292.981s][debug][safepoint     ] Safepoint synchronization initiated. (175 threads)
[2023-11-16T02:15:25.220+0000][22292.981s][info ][safepoint     ] Application time: 1.0001443 seconds
[2023-11-16T02:15:25.220+0000][22292.981s][info ][safepoint     ] Entering safepoint region: Cleanup
[2023-11-16T02:15:25.220+0000][22292.982s][info ][safepoint     ] Leaving safepoint region
[2023-11-16T02:15:25.220+0000][22292.982s][info ][safepoint     ] Total time for which application threads were stopped: 0.0003373 seconds, Stopping threads took: 0.0000489 seconds
[2023-11-16T02:15:26.220+0000][22293.982s][debug][safepoint     ] Safepoint synchronization initiated. (175 threads)
[2023-11-16T02:15:26.220+0000][22293.982s][info ][safepoint     ] Application time: 1.0001486 seconds
[2023-11-16T02:15:26.220+0000][22293.982s][info ][safepoint     ] Entering safepoint region: Cleanup
[2023-11-16T02:15:26.221+0000][22293.982s][info ][safepoint     ] Leaving safepoint region
[2023-11-16T02:15:26.221+0000][22293.982s][info ][safepoint     ] Total time for which application threads were stopped: 0.0003381 seconds, Stopping threads took: 0.0000486 seconds
[2023-11-16T02:15:27.221+0000][22294.982s][debug][safepoint     ] Safepoint synchronization initiated. (175 threads)
[2023-11-16T02:15:27.221+0000][22294.982s][info ][safepoint     ] Application time: 1.0001581 seconds
[2023-11-16T02:15:27.221+0000][22294.982s][info ][safepoint     ] Entering safepoint region: Cleanup
[2023-11-16T02:15:27.221+0000][22294.983s][info ][safepoint     ] Leaving safepoint region
[2023-11-16T02:15:27.221+0000][22294.983s][info ][safepoint     ] Total time for which application threads were stopped: 0.0003332 seconds, Stopping threads took: 0.0000490 seconds
[2023-11-16T02:15:28.221+0000][22295.983s][debug][safepoint     ] Safepoint synchronization initiated. (175 threads)
[2023-11-16T02:15:28.221+0000][22295.983s][info ][safepoint     ] Application time: 1.0001369 seconds
[2023-11-16T02:15:28.221+0000][22295.983s][info ][safepoint     ] Entering safepoint region: Cleanup
[2023-11-16T02:15:28.222+0000][22295.983s][info ][safepoint     ] Leaving safepoint region
[2023-11-16T02:15:28.222+0000][22295.983s][info ][safepoint     ] Total time for which application threads were stopped: 0.0002999 seconds, Stopping threads took: 0.0000470 seconds
[2023-11-16T02:15:29.222+0000][22296.983s][debug][safepoint     ] Safepoint synchronization initiated. (175 threads)
[2023-11-16T02:15:29.222+0000][22296.983s][info ][safepoint     ] Application time: 1.0001787 seconds
[2023-11-16T02:15:29.222+0000][22296.983s][info ][safepoint     ] Entering safepoint region: Cleanup
[2023-11-16T02:15:29.222+0000][22296.984s][info ][safepoint     ] Leaving safepoint region
[2023-11-16T02:15:29.222+0000][22296.984s][info ][safepoint     ] Total time for which application threads were stopped: 0.0004864 seconds, Stopping threads took: 0.0002539 seconds
[2023-11-16T02:15:30.222+0000][22297.984s][debug][safepoint     ] Safepoint synchronization initiated. (175 threads)
[2023-11-16T02:15:30.222+0000][22297.984s][info ][safepoint     ] Application time: 1.0001731 seconds
[2023-11-16T02:15:30.223+0000][22297.984s][info ][safepoint     ] Entering safepoint region: Cleanup
[2023-11-16T02:15:30.223+0000][22297.984s][info ][safepoint     ] Leaving safepoint region
[2023-11-16T02:15:30.223+0000][22297.984s][info ][safepoint     ] Total time for which application threads were stopped: 0.0002429 seconds, Stopping threads took: 0.0000495 seconds
[2023-11-16T02:15:31.223+0000][22298.985s][debug][safepoint     ] Safepoint synchronization initiated. (175 threads)
[2023-11-16T02:15:31.223+0000][22298.985s][info ][safepoint     ] Application time: 1.0001699 seconds
[2023-11-16T02:15:31.223+0000][22298.985s][info ][safepoint     ] Entering safepoint region: Cleanup
[2023-11-16T02:15:31.223+0000][22298.985s][info ][safepoint     ] Leaving safepoint region
[2023-11-16T02:15:31.223+0000][22298.985s][info ][safepoint     ] Total time for which application threads were stopped: 0.0002410 seconds, Stopping threads took: 0.0000484 seconds
[2023-11-16T02:15:32.223+0000][22299.985s][debug][safepoint     ] Safepoint synchronization initiated. (175 threads)
[2023-11-16T02:15:32.223+0000][22299.985s][info ][safepoint     ] Application time: 1.0001463 seconds
[2023-11-16T02:15:32.223+0000][22299.985s][info ][safepoint     ] Entering safepoint region: Cleanup
[2023-11-16T02:15:32.224+0000][22299.985s][info ][safepoint     ] Leaving safepoint region
[2023-11-16T02:15:32.224+0000][22299.985s][info ][safepoint     ] Total time for which application threads were stopped: 0.0002671 seconds, Stopping threads took: 0.0000503 seconds
[2023-11-16T02:15:33.224+0000][22300.985s][debug][safepoint     ] Safepoint synchronization initiated. (175 threads)
[2023-11-16T02:15:33.224+0000][22300.985s][info ][safepoint     ] Application time: 1.0001609 seconds
[2023-11-16T02:15:33.224+0000][22300.985s][info ][safepoint     ] Entering safepoint region: Cleanup
[2023-11-16T02:15:33.224+0000][22300.986s][info ][safepoint     ] Leaving safepoint region
[2023-11-16T02:15:33.224+0000][22300.986s][info ][safepoint     ] Total time for which application threads were stopped: 0.0003384 seconds, Stopping threads took: 0.0000487 seconds
[2023-11-16T02:15:34.224+0000][22301.986s][debug][safepoint     ] Safepoint synchronization initiated. (175 threads)
[2023-11-16T02:15:34.224+0000][22301.986s][info ][safepoint     ] Application time: 1.0001544 seconds
[2023-11-16T02:15:34.224+0000][22301.986s][info ][safepoint     ] Entering safepoint region: Cleanup
[2023-11-16T02:15:34.225+0000][22301.987s][info ][safepoint     ] Leaving safepoint region
[2023-11-16T02:15:34.225+0000][22301.987s][info ][safepoint     ] Total time for which application threads were stopped: 0.0006881 seconds, Stopping threads took: 0.0003971 seconds
[2023-11-16T02:15:35.225+0000][22302.987s][debug][safepoint     ] Safepoint synchronization initiated. (175 threads)
[2023-11-16T02:15:35.225+0000][22302.987s][info ][safepoint     ] Application time: 1.0001359 seconds
[2023-11-16T02:15:35.225+0000][22302.987s][info ][safepoint     ] Entering safepoint region: Cleanup
[2023-11-16T02:15:35.226+0000][22302.987s][info ][safepoint     ] Leaving safepoint region
[2023-11-16T02:15:35.226+0000][22302.987s][info ][safepoint     ] Total time for which application threads were stopped: 0.0003324 seconds, Stopping threads took: 0.0000478 seconds
[2023-11-16T02:15:36.226+0000][22303.987s][debug][safepoint     ] Safepoint synchronization initiated. (175 threads)
[2023-11-16T02:15:36.226+0000][22303.987s][info ][safepoint     ] Application time: 1.0001491 seconds
[2023-11-16T02:15:36.226+0000][22303.987s][info ][safepoint     ] Entering safepoint region: Cleanup
[2023-11-16T02:15:36.226+0000][22303.988s][info ][safepoint     ] Leaving safepoint region
[2023-11-16T02:15:36.226+0000][22303.988s][info ][safepoint     ] Total time for which application threads were stopped: 0.0003489 seconds, Stopping threads took: 0.0000499 seconds
[2023-11-16T02:15:37.226+0000][22304.988s][debug][safepoint     ] Safepoint synchronization initiated. (175 threads)
[2023-11-16T02:15:37.226+0000][22304.988s][info ][safepoint     ] Application time: 1.0001667 seconds
[2023-11-16T02:15:37.226+0000][22304.988s][info ][safepoint     ] Entering safepoint region: Cleanup
[2023-11-16T02:15:37.227+0000][22304.988s][info ][safepoint     ] Leaving safepoint region
[2023-11-16T02:15:37.227+0000][22304.988s][info ][safepoint     ] Total time for which application threads were stopped: 0.0003126 seconds, Stopping threads took: 0.0000500 seconds
[2023-11-16T02:15:38.227+0000][22305.988s][debug][safepoint     ] Safepoint synchronization initiated. (175 threads)
[2023-11-16T02:15:38.227+0000][22305.988s][info ][safepoint     ] Application time: 1.0001692 seconds
[2023-11-16T02:15:38.227+0000][22305.989s][info ][safepoint     ] Entering safepoint region: Cleanup
[2023-11-16T02:15:38.227+0000][22305.989s][info ][safepoint     ] Leaving safepoint region
[2023-11-16T02:15:38.227+0000][22305.989s][info ][safepoint     ] Total time for which application threads were stopped: 0.0003195 seconds, Stopping threads took: 0.0000509 seconds
[2023-11-16T02:15:39.227+0000][22306.989s][debug][safepoint     ] Safepoint synchronization initiated. (175 threads)
[2023-11-16T02:15:39.227+0000][22306.989s][info ][safepoint     ] Application time: 1.0001727 seconds
[2023-11-16T02:15:39.227+0000][22306.989s][info ][safepoint     ] Entering safepoint region: Cleanup
[2023-11-16T02:15:39.228+0000][22306.989s][info ][safepoint     ] Leaving safepoint region
[2023-11-16T02:15:39.228+0000][22306.989s][info ][safepoint     ] Total time for which application threads were stopped: 0.0005012 seconds, Stopping threads took: 0.0002758 seconds
[2023-11-16T02:15:40.228+0000][22307.990s][debug][safepoint     ] Safepoint synchronization initiated. (174 threads)
[2023-11-16T02:15:40.228+0000][22307.990s][info ][safepoint     ] Application time: 1.0001619 seconds
[2023-11-16T02:15:40.228+0000][22307.990s][info ][safepoint     ] Entering safepoint region: Cleanup
[2023-11-16T02:15:40.228+0000][22307.990s][info ][safepoint     ] Leaving safepoint region
[2023-11-16T02:15:40.228+0000][22307.990s][info ][safepoint     ] Total time for which application threads were stopped: 0.0003368 seconds, Stopping threads took: 0.0000484 seconds
[2023-11-16T02:15:41.229+0000][22308.990s][debug][safepoint     ] Safepoint synchronization initiated. (174 threads)
[2023-11-16T02:15:41.229+0000][22308.990s][info ][safepoint     ] Application time: 1.0001510 seconds
[2023-11-16T02:15:41.229+0000][22308.990s][info ][safepoint     ] Entering safepoint region: Cleanup
[2023-11-16T02:15:41.229+0000][22308.991s][info ][safepoint     ] Leaving safepoint region
[2023-11-16T02:15:41.229+0000][22308.991s][info ][safepoint     ] Total time for which application threads were stopped: 0.0003391 seconds, Stopping threads took: 0.0000483 seconds
[2023-11-16T02:15:42.229+0000][22309.991s][debug][safepoint     ] Safepoint synchronization initiated. (174 threads)
[2023-11-16T02:15:42.229+0000][22309.991s][info ][safepoint     ] Application time: 1.0001671 seconds
[2023-11-16T02:15:42.229+0000][22309.991s][info ][safepoint     ] Entering safepoint region: Cleanup
[2023-11-16T02:15:42.229+0000][22309.991s][info ][safepoint     ] Leaving safepoint region
[2023-11-16T02:15:42.229+0000][22309.991s][info ][safepoint     ] Total time for which application threads were stopped: 0.0002785 seconds, Stopping threads took: 0.0000480 seconds
[2023-11-16T02:15:43.230+0000][22310.991s][debug][safepoint     ] Safepoint synchronization initiated. (174 threads)
[2023-11-16T02:15:43.230+0000][22310.991s][info ][safepoint     ] Application time: 1.0001727 seconds
[2023-11-16T02:15:43.230+0000][22310.991s][info ][safepoint     ] Entering safepoint region: Cleanup
[2023-11-16T02:15:43.230+0000][22310.992s][info ][safepoint     ] Leaving safepoint region
[2023-11-16T02:15:43.230+0000][22310.992s][info ][safepoint     ] Total time for which application threads were stopped: 0.0003382 seconds, Stopping threads took: 0.0000485 seconds
[2023-11-16T02:15:44.230+0000][22311.992s][debug][safepoint     ] Safepoint synchronization initiated. (174 threads)
[2023-11-16T02:15:44.230+0000][22311.992s][info ][safepoint     ] Application time: 1.0001652 seconds
[2023-11-16T02:15:44.230+0000][22311.992s][info ][safepoint     ] Entering safepoint region: Cleanup
[2023-11-16T02:15:44.231+0000][22311.992s][info ][safepoint     ] Leaving safepoint region
[2023-11-16T02:15:44.231+0000][22311.992s][info ][safepoint     ] Total time for which application threads were stopped: 0.0005525 seconds, Stopping threads took: 0.0003407 seconds
[2023-11-16T02:15:45.231+0000][22312.992s][debug][safepoint     ] Safepoint synchronization initiated. (174 threads)
[2023-11-16T02:15:45.231+0000][22312.993s][info ][safepoint     ] Application time: 1.0001568 seconds
[2023-11-16T02:15:45.231+0000][22312.993s][info ][safepoint     ] Entering safepoint region: Cleanup
[2023-11-16T02:15:45.231+0000][22312.993s][info ][safepoint     ] Leaving safepoint region
[2023-11-16T02:15:45.231+0000][22312.993s][info ][safepoint     ] Total time for which application threads were stopped: 0.0003410 seconds, Stopping threads took: 0.0000492 seconds
[2023-11-16T02:15:46.231+0000][22313.993s][debug][safepoint     ] Safepoint synchronization initiated. (174 threads)
[2023-11-16T02:15:46.231+0000][22313.993s][info ][safepoint     ] Application time: 1.0001509 seconds
[2023-11-16T02:15:46.232+0000][22313.993s][info ][safepoint     ] Entering safepoint region: Cleanup
[2023-11-16T02:15:46.232+0000][22313.993s][info ][safepoint     ] Leaving safepoint region
[2023-11-16T02:15:46.232+0000][22313.993s][info ][safepoint     ] Total time for which application threads were stopped: 0.0003783 seconds, Stopping threads took: 0.0000931 seconds
[2023-11-16T02:15:47.232+0000][22314.994s][debug][safepoint     ] Safepoint synchronization initiated. (174 threads)
[2023-11-16T02:15:47.232+0000][22314.994s][info ][safepoint     ] Application time: 1.0001451 seconds
[2023-11-16T02:15:47.232+0000][22314.994s][info ][safepoint     ] Entering safepoint region: Cleanup
[2023-11-16T02:15:47.232+0000][22314.994s][info ][safepoint     ] Leaving safepoint region
[2023-11-16T02:15:47.232+0000][22314.994s][info ][safepoint     ] Total time for which application threads were stopped: 0.0001930 seconds, Stopping threads took: 0.0000371 seconds
[2023-11-16T02:15:48.232+0000][22315.994s][debug][safepoint     ] Safepoint synchronization initiated. (174 threads)
[2023-11-16T02:15:48.232+0000][22315.994s][info ][safepoint     ] Application time: 1.0001643 seconds
[2023-11-16T02:15:48.232+0000][22315.994s][info ][safepoint     ] Entering safepoint region: Cleanup
[2023-11-16T02:15:48.233+0000][22315.994s][info ][safepoint     ] Leaving safepoint region
[2023-11-16T02:15:48.233+0000][22315.994s][info ][safepoint     ] Total time for which application threads were stopped: 0.0003099 seconds, Stopping threads took: 0.0000489 seconds
[2023-11-16T02:15:49.233+0000][22316.994s][debug][safepoint     ] Safepoint synchronization initiated. (174 threads)
[2023-11-16T02:15:49.233+0000][22316.994s][info ][safepoint     ] Application time: 1.0001514 seconds
[2023-11-16T02:15:49.233+0000][22316.995s][info ][safepoint     ] Entering safepoint region: Cleanup
[2023-11-16T02:15:49.233+0000][22316.995s][info ][safepoint     ] Leaving safepoint region
[2023-11-16T02:15:49.233+0000][22316.995s][info ][safepoint     ] Total time for which application threads were stopped: 0.0003403 seconds, Stopping threads took: 0.0000482 seconds
[2023-11-16T02:15:50.233+0000][22317.995s][debug][safepoint     ] Safepoint synchronization initiated. (174 threads)
[2023-11-16T02:15:50.233+0000][22317.995s][info ][safepoint     ] Application time: 1.0001658 seconds
[2023-11-16T02:15:50.233+0000][22317.995s][info ][safepoint     ] Entering safepoint region: Cleanup
[2023-11-16T02:15:50.234+0000][22317.995s][info ][safepoint     ] Leaving safepoint region
[2023-11-16T02:15:50.234+0000][22317.995s][info ][safepoint     ] Total time for which application threads were stopped: 0.0002587 seconds, Stopping threads took: 0.0000485 seconds
[2023-11-16T02:15:51.234+0000][22318.995s][debug][safepoint     ] Safepoint synchronization initiated. (174 threads)
[2023-11-16T02:15:51.234+0000][22318.995s][info ][safepoint     ] Application time: 1.0001613 seconds
[2023-11-16T02:15:51.234+0000][22318.996s][info ][safepoint     ] Entering safepoint region: Cleanup
[2023-11-16T02:15:51.234+0000][22318.996s][info ][safepoint     ] Leaving safepoint region
[2023-11-16T02:15:51.234+0000][22318.996s][info ][safepoint     ] Total time for which application threads were stopped: 0.0003425 seconds, Stopping threads took: 0.0000498 seconds
[2023-11-16T02:15:52.234+0000][22319.996s][debug][safepoint     ] Safepoint synchronization initiated. (174 threads)
[2023-11-16T02:15:52.234+0000][22319.996s][info ][safepoint     ] Application time: 1.0001649 seconds
[2023-11-16T02:15:52.234+0000][22319.996s][info ][safepoint     ] Entering safepoint region: Cleanup
[2023-11-16T02:15:52.235+0000][22319.996s][info ][safepoint     ] Leaving safepoint region
[2023-11-16T02:15:52.235+0000][22319.996s][info ][safepoint     ] Total time for which application threads were stopped: 0.0002446 seconds, Stopping threads took: 0.0000489 seconds
[2023-11-16T02:15:53.235+0000][22320.996s][debug][safepoint     ] Safepoint synchronization initiated. (174 threads)
[2023-11-16T02:15:53.235+0000][22320.996s][info ][safepoint     ] Application time: 1.0001580 seconds
[2023-11-16T02:15:53.235+0000][22320.997s][info ][safepoint     ] Entering safepoint region: Cleanup
[2023-11-16T02:15:53.235+0000][22320.997s][info ][safepoint     ] Leaving safepoint region
[2023-11-16T02:15:53.235+0000][22320.997s][info ][safepoint     ] Total time for which application threads were stopped: 0.0003313 seconds, Stopping threads took: 0.0000492 seconds
[2023-11-16T02:15:54.235+0000][22321.997s][debug][safepoint     ] Safepoint synchronization initiated. (174 threads)
[2023-11-16T02:15:54.235+0000][22321.997s][info ][safepoint     ] Application time: 1.0001731 seconds
[2023-11-16T02:15:54.235+0000][22321.997s][info ][safepoint     ] Entering safepoint region: Cleanup
[2023-11-16T02:15:54.236+0000][22321.997s][info ][safepoint     ] Leaving safepoint region
[2023-11-16T02:15:54.236+0000][22321.997s][info ][safepoint     ] Total time for which application threads were stopped: 0.0003430 seconds, Stopping threads took: 0.0000485 seconds
[2023-11-16T02:15:55.236+0000][22322.997s][debug][safepoint     ] Safepoint synchronization initiated. (174 threads)
[2023-11-16T02:15:55.236+0000][22322.998s][info ][safepoint     ] Application time: 1.0001467 seconds
[2023-11-16T02:15:55.236+0000][22322.998s][info ][safepoint     ] Entering safepoint region: Cleanup
[2023-11-16T02:15:55.236+0000][22322.998s][info ][safepoint     ] Leaving safepoint region
[2023-11-16T02:15:55.236+0000][22322.998s][info ][safepoint     ] Total time for which application threads were stopped: 0.0003602 seconds, Stopping threads took: 0.0000490 seconds
[2023-11-16T02:15:56.236+0000][22323.998s][debug][safepoint     ] Safepoint synchronization initiated. (174 threads)
[2023-11-16T02:15:56.236+0000][22323.998s][info ][safepoint     ] Application time: 1.0001369 seconds
[2023-11-16T02:15:56.236+0000][22323.998s][info ][safepoint     ] Entering safepoint region: Cleanup
[2023-11-16T02:15:56.237+0000][22323.998s][info ][safepoint     ] Leaving safepoint region
[2023-11-16T02:15:56.237+0000][22323.998s][info ][safepoint     ] Total time for which application threads were stopped: 0.0003386 seconds, Stopping threads took: 0.0000482 seconds
[2023-11-16T02:15:57.237+0000][22324.999s][debug][safepoint     ] Safepoint synchronization initiated. (174 threads)
[2023-11-16T02:15:57.237+0000][22324.999s][info ][safepoint     ] Application time: 1.0001630 seconds
[2023-11-16T02:15:57.237+0000][22324.999s][info ][safepoint     ] Entering safepoint region: Cleanup
[2023-11-16T02:15:57.237+0000][22324.999s][info ][safepoint     ] Leaving safepoint region
[2023-11-16T02:15:57.237+0000][22324.999s][info ][safepoint     ] Total time for which application threads were stopped: 0.0003006 seconds, Stopping threads took: 0.0000384 seconds
[2023-11-16T02:15:58.237+0000][22325.999s][debug][safepoint     ] Safepoint synchronization initiated. (174 threads)
[2023-11-16T02:15:58.237+0000][22325.999s][info ][safepoint     ] Application time: 1.0001453 seconds
[2023-11-16T02:15:58.237+0000][22325.999s][info ][safepoint     ] Entering safepoint region: Cleanup
[2023-11-16T02:15:58.238+0000][22326.000s][info ][safepoint     ] Leaving safepoint region
[2023-11-16T02:15:58.238+0000][22326.000s][info ][safepoint     ] Total time for which application threads were stopped: 0.0006153 seconds, Stopping threads took: 0.0002755 seconds
[2023-11-16T02:15:59.238+0000][22327.000s][debug][safepoint     ] Safepoint synchronization initiated. (174 threads)
[2023-11-16T02:15:59.238+0000][22327.000s][info ][safepoint     ] Application time: 1.0001511 seconds
[2023-11-16T02:15:59.238+0000][22327.000s][info ][safepoint     ] Entering safepoint region: Cleanup
[2023-11-16T02:15:59.239+0000][22327.000s][info ][safepoint     ] Leaving safepoint region
[2023-11-16T02:15:59.239+0000][22327.000s][info ][safepoint     ] Total time for which application threads were stopped: 0.0003382 seconds, Stopping threads took: 0.0000485 seconds
[2023-11-16T02:16:00.239+0000][22328.000s][debug][safepoint     ] Safepoint synchronization initiated. (174 threads)
[2023-11-16T02:16:00.239+0000][22328.000s][info ][safepoint     ] Application time: 1.0001881 seconds
[2023-11-16T02:16:00.239+0000][22328.001s][debug][safepoint     ] ... found polling page return exception at pc = 0x00007f69305d191b, stub =0x00007f692883a800
[2023-11-16T02:16:00.239+0000][22328.001s][debug][safepoint     ] Waiting for 1 thread(s) to block
[2023-11-16T02:16:00.239+0000][22328.001s][info ][safepoint     ] Entering safepoint region: Cleanup
[2023-11-16T02:16:00.239+0000][22328.001s][info ][safepoint     ] Leaving safepoint region
[2023-11-16T02:16:00.239+0000][22328.001s][info ][safepoint     ] Total time for which application threads were stopped: 0.0004455 seconds, Stopping threads took: 0.0001633 seconds
[2023-11-16T02:16:01.239+0000][22329.001s][debug][safepoint     ] Safepoint synchronization initiated. (174 threads)
[2023-11-16T02:16:01.239+0000][22329.001s][info ][safepoint     ] Application time: 1.0001761 seconds
[2023-11-16T02:16:01.240+0000][22329.001s][info ][safepoint     ] Entering safepoint region: Cleanup
[2023-11-16T02:16:01.240+0000][22329.001s][info ][safepoint     ] Leaving safepoint region
[2023-11-16T02:16:01.240+0000][22329.001s][info ][safepoint     ] Total time for which application threads were stopped: 0.0003366 seconds, Stopping threads took: 0.0000495 seconds
[2023-11-16T02:16:02.240+0000][22330.002s][debug][safepoint     ] Safepoint synchronization initiated. (174 threads)
[2023-11-16T02:16:02.240+0000][22330.002s][info ][safepoint     ] Application time: 1.0001763 seconds
[2023-11-16T02:16:02.240+0000][22330.002s][info ][safepoint     ] Entering safepoint region: Cleanup
[2023-11-16T02:16:02.240+0000][22330.002s][info ][safepoint     ] Leaving safepoint region
[2023-11-16T02:16:02.240+0000][22330.002s][info ][safepoint     ] Total time for which application threads were stopped: 0.0003368 seconds, Stopping threads took: 0.0000487 seconds
[2023-11-16T02:16:03.240+0000][22331.002s][debug][safepoint     ] Safepoint synchronization initiated. (174 threads)
[2023-11-16T02:16:03.241+0000][22331.002s][info ][safepoint     ] Application time: 1.0001544 seconds
[2023-11-16T02:16:03.241+0000][22331.002s][info ][safepoint     ] Entering safepoint region: Cleanup
[2023-11-16T02:16:03.241+0000][22331.002s][info ][safepoint     ] Leaving safepoint region
[2023-11-16T02:16:03.241+0000][22331.002s][info ][safepoint     ] Total time for which application threads were stopped: 0.0002553 seconds, Stopping threads took: 0.0000484 seconds
[2023-11-16T02:16:04.241+0000][22332.003s][debug][safepoint     ] Safepoint synchronization initiated. (174 threads)
[2023-11-16T02:16:04.241+0000][22332.003s][info ][safepoint     ] Application time: 1.0001433 seconds
[2023-11-16T02:16:04.241+0000][22332.003s][info ][safepoint     ] Entering safepoint region: Cleanup
[2023-11-16T02:16:04.241+0000][22332.003s][info ][safepoint     ] Leaving safepoint region
[2023-11-16T02:16:04.241+0000][22332.003s][info ][safepoint     ] Total time for which application threads were stopped: 0.0003398 seconds, Stopping threads took: 0.0000480 seconds
[2023-11-16T02:16:05.241+0000][22333.003s][debug][safepoint     ] Safepoint synchronization initiated. (174 threads)
[2023-11-16T02:16:05.242+0000][22333.003s][info ][safepoint     ] Application time: 1.0001571 seconds
[2023-11-16T02:16:05.242+0000][22333.003s][info ][safepoint     ] Entering safepoint region: Cleanup
[2023-11-16T02:16:05.242+0000][22333.003s][info ][safepoint     ] Leaving safepoint region
[2023-11-16T02:16:05.242+0000][22333.004s][info ][safepoint     ] Total time for which application threads were stopped: 0.0003352 seconds, Stopping threads took: 0.0000484 seconds
[2023-11-16T02:16:06.242+0000][22334.004s][debug][safepoint     ] Safepoint synchronization initiated. (174 threads)
[2023-11-16T02:16:06.242+0000][22334.004s][info ][safepoint     ] Application time: 1.0001535 seconds
[2023-11-16T02:16:06.242+0000][22334.004s][info ][safepoint     ] Entering safepoint region: Cleanup
[2023-11-16T02:16:06.242+0000][22334.004s][info ][safepoint     ] Leaving safepoint region
[2023-11-16T02:16:06.242+0000][22334.004s][info ][safepoint     ] Total time for which application threads were stopped: 0.0003336 seconds, Stopping threads took: 0.0000493 seconds
[2023-11-16T02:16:07.243+0000][22335.004s][debug][safepoint     ] Safepoint synchronization initiated. (174 threads)
[2023-11-16T02:16:07.243+0000][22335.004s][info ][safepoint     ] Application time: 1.0001686 seconds
[2023-11-16T02:16:07.243+0000][22335.004s][info ][safepoint     ] Entering safepoint region: Cleanup
[2023-11-16T02:16:07.243+0000][22335.005s][info ][safepoint     ] Leaving safepoint region
[2023-11-16T02:16:07.243+0000][22335.005s][info ][safepoint     ] Total time for which application threads were stopped: 0.0002884 seconds, Stopping threads took: 0.0000479 seconds
[2023-11-16T02:16:08.243+0000][22336.005s][debug][safepoint     ] Safepoint synchronization initiated. (174 threads)
[2023-11-16T02:16:08.243+0000][22336.005s][info ][safepoint     ] Application time: 1.0001691 seconds
[2023-11-16T02:16:08.243+0000][22336.005s][info ][safepoint     ] Entering safepoint region: Cleanup
[2023-11-16T02:16:08.243+0000][22336.005s][info ][safepoint     ] Leaving safepoint region
[2023-11-16T02:16:08.243+0000][22336.005s][info ][safepoint     ] Total time for which application threads were stopped: 0.0004005 seconds, Stopping threads took: 0.0000570 seconds
[2023-11-16T02:16:09.244+0000][22337.005s][debug][safepoint     ] Safepoint synchronization initiated. (174 threads)
[2023-11-16T02:16:09.244+0000][22337.005s][info ][safepoint     ] Application time: 1.0001913 seconds
[2023-11-16T02:16:09.244+0000][22337.005s][info ][safepoint     ] Entering safepoint region: Cleanup
[2023-11-16T02:16:09.244+0000][22337.006s][info ][safepoint     ] Leaving safepoint region
[2023-11-16T02:16:09.244+0000][22337.006s][info ][safepoint     ] Total time for which application threads were stopped: 0.0003373 seconds, Stopping threads took: 0.0000480 seconds
[2023-11-16T02:16:10.244+0000][22338.006s][debug][safepoint     ] Safepoint synchronization initiated. (174 threads)
[2023-11-16T02:16:10.244+0000][22338.006s][info ][safepoint     ] Application time: 1.0001617 seconds
[2023-11-16T02:16:10.244+0000][22338.006s][info ][safepoint     ] Entering safepoint region: Cleanup
[2023-11-16T02:16:10.245+0000][22338.006s][info ][safepoint     ] Leaving safepoint region
[2023-11-16T02:16:10.245+0000][22338.006s][info ][safepoint     ] Total time for which application threads were stopped: 0.0003359 seconds, Stopping threads took: 0.0000483 seconds
[2023-11-16T02:16:11.245+0000][22339.006s][debug][safepoint     ] Safepoint synchronization initiated. (174 threads)
[2023-11-16T02:16:11.245+0000][22339.006s][info ][safepoint     ] Application time: 1.0001666 seconds
[2023-11-16T02:16:11.245+0000][22339.006s][info ][safepoint     ] Entering safepoint region: Cleanup
[2023-11-16T02:16:11.245+0000][22339.007s][info ][safepoint     ] Leaving safepoint region
[2023-11-16T02:16:11.245+0000][22339.007s][info ][safepoint     ] Total time for which application threads were stopped: 0.0003409 seconds, Stopping threads took: 0.0000493 seconds
[2023-11-16T02:16:12.245+0000][22340.007s][debug][safepoint     ] Safepoint synchronization initiated. (174 threads)
[2023-11-16T02:16:12.245+0000][22340.007s][info ][safepoint     ] Application time: 1.0001519 seconds
[2023-11-16T02:16:12.245+0000][22340.007s][info ][safepoint     ] Entering safepoint region: Cleanup
[2023-11-16T02:16:12.246+0000][22340.007s][info ][safepoint     ] Leaving safepoint region
[2023-11-16T02:16:12.246+0000][22340.007s][info ][safepoint     ] Total time for which application threads were stopped: 0.0003327 seconds, Stopping threads took: 0.0000468 seconds
[2023-11-16T02:16:13.246+0000][22341.007s][debug][safepoint     ] Safepoint synchronization initiated. (174 threads)
[2023-11-16T02:16:13.246+0000][22341.007s][info ][safepoint     ] Application time: 1.0001700 seconds
[2023-11-16T02:16:13.246+0000][22341.008s][debug][safepoint     ] ... found polling page return exception at pc = 0x00007f69310367e9, stub =0x00007f692883a800
[2023-11-16T02:16:13.246+0000][22341.008s][debug][safepoint     ] Waiting for 1 thread(s) to block
[2023-11-16T02:16:13.246+0000][22341.008s][info ][safepoint     ] Entering safepoint region: Cleanup
[2023-11-16T02:16:13.247+0000][22341.008s][info ][safepoint     ] Leaving safepoint region
[2023-11-16T02:16:13.247+0000][22341.008s][info ][safepoint     ] Total time for which application threads were stopped: 0.0006983 seconds, Stopping threads took: 0.0004248 seconds
[2023-11-16T02:16:14.247+0000][22342.008s][debug][safepoint     ] Safepoint synchronization initiated. (174 threads)
[2023-11-16T02:16:14.247+0000][22342.008s][info ][safepoint     ] Application time: 1.0001767 seconds
[2023-11-16T02:16:14.247+0000][22342.008s][info ][safepoint     ] Entering safepoint region: Cleanup
[2023-11-16T02:16:14.247+0000][22342.009s][info ][safepoint     ] Leaving safepoint region
[2023-11-16T02:16:14.247+0000][22342.009s][info ][safepoint     ] Total time for which application threads were stopped: 0.0003060 seconds, Stopping threads took: 0.0000481 seconds
[2023-11-16T02:16:15.247+0000][22343.009s][debug][safepoint     ] Safepoint synchronization initiated. (174 threads)
[2023-11-16T02:16:15.247+0000][22343.009s][info ][safepoint     ] Application time: 1.0001761 seconds
[2023-11-16T02:16:15.247+0000][22343.009s][info ][safepoint     ] Entering safepoint region: Cleanup
[2023-11-16T02:16:15.248+0000][22343.009s][info ][safepoint     ] Leaving safepoint region
[2023-11-16T02:16:15.248+0000][22343.009s][info ][safepoint     ] Total time for which application threads were stopped: 0.0003213 seconds, Stopping threads took: 0.0000732 seconds
[2023-11-16T02:16:16.248+0000][22344.009s][debug][safepoint     ] Safepoint synchronization initiated. (174 threads)
[2023-11-16T02:16:16.248+0000][22344.009s][info ][safepoint     ] Application time: 1.0001395 seconds
[2023-11-16T02:16:16.248+0000][22344.009s][info ][safepoint     ] Entering safepoint region: Cleanup
[2023-11-16T02:16:16.248+0000][22344.010s][info ][safepoint     ] Leaving safepoint region
[2023-11-16T02:16:16.248+0000][22344.010s][info ][safepoint     ] Total time for which application threads were stopped: 0.0003407 seconds, Stopping threads took: 0.0000474 seconds
[2023-11-16T02:16:17.248+0000][22345.010s][debug][safepoint     ] Safepoint synchronization initiated. (174 threads)
[2023-11-16T02:16:17.248+0000][22345.010s][info ][safepoint     ] Application time: 1.0001663 seconds
[2023-11-16T02:16:17.248+0000][22345.010s][info ][safepoint     ] Entering safepoint region: Cleanup
[2023-11-16T02:16:17.249+0000][22345.010s][info ][safepoint     ] Leaving safepoint region
[2023-11-16T02:16:17.249+0000][22345.010s][info ][safepoint     ] Total time for which application threads were stopped: 0.0003348 seconds, Stopping threads took: 0.0000479 seconds
[2023-11-16T02:16:18.249+0000][22346.010s][debug][safepoint     ] Safepoint synchronization initiated. (174 threads)
[2023-11-16T02:16:18.249+0000][22346.011s][info ][safepoint     ] Application time: 1.0001816 seconds
[2023-11-16T02:16:18.249+0000][22346.011s][info ][safepoint     ] Entering safepoint region: Cleanup
[2023-11-16T02:16:18.249+0000][22346.011s][info ][safepoint     ] Leaving safepoint region
[2023-11-16T02:16:18.249+0000][22346.011s][info ][safepoint     ] Total time for which application threads were stopped: 0.0004851 seconds, Stopping threads took: 0.0002054 seconds
[2023-11-16T02:16:19.249+0000][22347.011s][debug][safepoint     ] Safepoint synchronization initiated. (174 threads)
[2023-11-16T02:16:19.250+0000][22347.011s][info ][safepoint     ] Application time: 1.0001507 seconds
[2023-11-16T02:16:19.250+0000][22347.011s][info ][safepoint     ] Entering safepoint region: Cleanup
[2023-11-16T02:16:19.250+0000][22347.011s][info ][safepoint     ] Leaving safepoint region
[2023-11-16T02:16:19.250+0000][22347.012s][info ][safepoint     ] Total time for which application threads were stopped: 0.0003095 seconds, Stopping threads took: 0.0000484 seconds
[2023-11-16T02:16:20.250+0000][22348.012s][debug][safepoint     ] Safepoint synchronization initiated. (174 threads)
[2023-11-16T02:16:20.250+0000][22348.012s][info ][safepoint     ] Application time: 1.0002033 seconds
[2023-11-16T02:16:20.250+0000][22348.012s][info ][safepoint     ] Entering safepoint region: Cleanup
[2023-11-16T02:16:20.250+0000][22348.012s][info ][safepoint     ] Leaving safepoint region
[2023-11-16T02:16:20.250+0000][22348.012s][info ][safepoint     ] Total time for which application threads were stopped: 0.0003058 seconds, Stopping threads took: 0.0000493 seconds
[2023-11-16T02:16:21.251+0000][22349.012s][debug][safepoint     ] Safepoint synchronization initiated. (174 threads)
[2023-11-16T02:16:21.251+0000][22349.012s][info ][safepoint     ] Application time: 1.0001662 seconds
[2023-11-16T02:16:21.251+0000][22349.012s][info ][safepoint     ] Entering safepoint region: Cleanup
[2023-11-16T02:16:21.251+0000][22349.013s][info ][safepoint     ] Leaving safepoint region
[2023-11-16T02:16:21.251+0000][22349.013s][info ][safepoint     ] Total time for which application threads were stopped: 0.0003363 seconds, Stopping threads took: 0.0000481 seconds
[2023-11-16T02:16:22.251+0000][22350.013s][debug][safepoint     ] Safepoint synchronization initiated. (174 threads)
[2023-11-16T02:16:22.251+0000][22350.013s][info ][safepoint     ] Application time: 1.0001739 seconds
[2023-11-16T02:16:22.251+0000][22350.013s][info ][safepoint     ] Entering safepoint region: Cleanup
[2023-11-16T02:16:22.252+0000][22350.013s][info ][safepoint     ] Leaving safepoint region
[2023-11-16T02:16:22.252+0000][22350.013s][info ][safepoint     ] Total time for which application threads were stopped: 0.0003836 seconds, Stopping threads took: 0.0000715 seconds
[2023-11-16T02:16:23.252+0000][22351.013s][debug][safepoint     ] Safepoint synchronization initiated. (174 threads)
[2023-11-16T02:16:23.252+0000][22351.013s][info ][safepoint     ] Application time: 1.0001733 seconds
[2023-11-16T02:16:23.252+0000][22351.013s][info ][safepoint     ] Entering safepoint region: Cleanup
[2023-11-16T02:16:23.252+0000][22351.014s][info ][safepoint     ] Leaving safepoint region
[2023-11-16T02:16:23.252+0000][22351.014s][info ][safepoint     ] Total time for which application threads were stopped: 0.0003418 seconds, Stopping threads took: 0.0000478 seconds
[2023-11-16T02:16:24.252+0000][22352.014s][debug][safepoint     ] Safepoint synchronization initiated. (174 threads)
[2023-11-16T02:16:24.252+0000][22352.014s][info ][safepoint     ] Application time: 1.0001692 seconds
[2023-11-16T02:16:24.252+0000][22352.014s][info ][safepoint     ] Entering safepoint region: Cleanup
[2023-11-16T02:16:24.253+0000][22352.014s][info ][safepoint     ] Leaving safepoint region
[2023-11-16T02:16:24.253+0000][22352.014s][info ][safepoint     ] Total time for which application threads were stopped: 0.0003370 seconds, Stopping threads took: 0.0000482 seconds
[2023-11-16T02:16:25.253+0000][22353.014s][debug][safepoint     ] Safepoint synchronization initiated. (174 threads)
[2023-11-16T02:16:25.253+0000][22353.014s][info ][safepoint     ] Application time: 1.0001724 seconds
[2023-11-16T02:16:25.253+0000][22353.015s][info ][safepoint     ] Entering safepoint region: Cleanup
[2023-11-16T02:16:25.253+0000][22353.015s][info ][safepoint     ] Leaving safepoint region
[2023-11-16T02:16:25.253+0000][22353.015s][info ][safepoint     ] Total time for which application threads were stopped: 0.0003379 seconds, Stopping threads took: 0.0000487 seconds
[2023-11-16T02:16:26.253+0000][22354.015s][debug][safepoint     ] Safepoint synchronization initiated. (174 threads)
[2023-11-16T02:16:26.253+0000][22354.015s][info ][safepoint     ] Application time: 1.0001693 seconds
[2023-11-16T02:16:26.253+0000][22354.015s][info ][safepoint     ] Entering safepoint region: Cleanup
[2023-11-16T02:16:26.254+0000][22354.015s][info ][safepoint     ] Leaving safepoint region
[2023-11-16T02:16:26.254+0000][22354.015s][info ][safepoint     ] Total time for which application threads were stopped: 0.0002871 seconds, Stopping threads took: 0.0000484 seconds
[2023-11-16T02:16:27.254+0000][22355.015s][debug][safepoint     ] Safepoint synchronization initiated. (174 threads)
[2023-11-16T02:16:27.254+0000][22355.015s][info ][safepoint     ] Application time: 1.0001676 seconds
[2023-11-16T02:16:27.254+0000][22355.016s][info ][safepoint     ] Entering safepoint region: Cleanup
[2023-11-16T02:16:27.254+0000][22355.016s][info ][safepoint     ] Leaving safepoint region
[2023-11-16T02:16:27.254+0000][22355.016s][info ][safepoint     ] Total time for which application threads were stopped: 0.0003373 seconds, Stopping threads took: 0.0000481 seconds
[2023-11-16T02:16:28.254+0000][22356.016s][debug][safepoint     ] Safepoint synchronization initiated. (174 threads)
[2023-11-16T02:16:28.254+0000][22356.016s][info ][safepoint     ] Application time: 1.0001560 seconds
[2023-11-16T02:16:28.254+0000][22356.016s][info ][safepoint     ] Entering safepoint region: Cleanup
[2023-11-16T02:16:28.255+0000][22356.016s][info ][safepoint     ] Leaving safepoint region
[2023-11-16T02:16:28.255+0000][22356.016s][info ][safepoint     ] Total time for which application threads were stopped: 0.0003362 seconds, Stopping threads took: 0.0000487 seconds
[2023-11-16T02:16:29.255+0000][22357.017s][debug][safepoint     ] Safepoint synchronization initiated. (174 threads)
[2023-11-16T02:16:29.255+0000][22357.017s][info ][safepoint     ] Application time: 1.0001670 seconds
[2023-11-16T02:16:29.255+0000][22357.017s][info ][safepoint     ] Entering safepoint region: Cleanup
[2023-11-16T02:16:29.255+0000][22357.017s][info ][safepoint     ] Leaving safepoint region
[2023-11-16T02:16:29.255+0000][22357.017s][info ][safepoint     ] Total time for which application threads were stopped: 0.0003376 seconds, Stopping threads took: 0.0000491 seconds
[2023-11-16T02:16:30.255+0000][22358.017s][debug][safepoint     ] Safepoint synchronization initiated. (174 threads)
[2023-11-16T02:16:30.256+0000][22358.017s][info ][safepoint     ] Application time: 1.0001922 seconds
[2023-11-16T02:16:30.256+0000][22358.017s][info ][safepoint     ] Entering safepoint region: Cleanup
[2023-11-16T02:16:30.256+0000][22358.018s][info ][safepoint     ] Leaving safepoint region
[2023-11-16T02:16:30.256+0000][22358.018s][info ][safepoint     ] Total time for which application threads were stopped: 0.0004007 seconds, Stopping threads took: 0.0001450 seconds
[2023-11-16T02:16:31.256+0000][22359.018s][debug][safepoint     ] Safepoint synchronization initiated. (174 threads)
[2023-11-16T02:16:31.256+0000][22359.018s][info ][safepoint     ] Application time: 1.0001575 seconds
[2023-11-16T02:16:31.256+0000][22359.018s][info ][safepoint     ] Entering safepoint region: Cleanup
[2023-11-16T02:16:31.256+0000][22359.018s][info ][safepoint     ] Leaving safepoint region
[2023-11-16T02:16:31.256+0000][22359.018s][info ][safepoint     ] Total time for which application threads were stopped: 0.0003372 seconds, Stopping threads took: 0.0000486 seconds
[2023-11-16T02:16:32.257+0000][22360.018s][debug][safepoint     ] Safepoint synchronization initiated. (174 threads)
[2023-11-16T02:16:32.257+0000][22360.018s][info ][safepoint     ] Application time: 1.0001407 seconds
[2023-11-16T02:16:32.257+0000][22360.018s][info ][safepoint     ] Entering safepoint region: Cleanup
[2023-11-16T02:16:32.257+0000][22360.019s][info ][safepoint     ] Leaving safepoint region
[2023-11-16T02:16:32.257+0000][22360.019s][info ][safepoint     ] Total time for which application threads were stopped: 0.0003157 seconds, Stopping threads took: 0.0000473 seconds
[2023-11-16T02:16:33.257+0000][22361.019s][debug][safepoint     ] Safepoint synchronization initiated. (174 threads)
[2023-11-16T02:16:33.257+0000][22361.019s][info ][safepoint     ] Application time: 1.0001558 seconds
[2023-11-16T02:16:33.257+0000][22361.019s][info ][safepoint     ] Entering safepoint region: Cleanup
[2023-11-16T02:16:33.257+0000][22361.019s][info ][safepoint     ] Leaving safepoint region
[2023-11-16T02:16:33.257+0000][22361.019s][info ][safepoint     ] Total time for which application threads were stopped: 0.0002801 seconds, Stopping threads took: 0.0000476 seconds
[2023-11-16T02:16:34.258+0000][22362.019s][debug][safepoint     ] Safepoint synchronization initiated. (174 threads)
[2023-11-16T02:16:34.258+0000][22362.019s][info ][safepoint     ] Application time: 1.0001691 seconds
[2023-11-16T02:16:34.258+0000][22362.019s][info ][safepoint     ] Entering safepoint region: Cleanup
[2023-11-16T02:16:34.258+0000][22362.020s][info ][safepoint     ] Leaving safepoint region
[2023-11-16T02:16:34.258+0000][22362.020s][info ][safepoint     ] Total time for which application threads were stopped: 0.0003397 seconds, Stopping threads took: 0.0000489 seconds
[2023-11-16T02:16:35.258+0000][22363.020s][debug][safepoint     ] Safepoint synchronization initiated. (174 threads)
[2023-11-16T02:16:35.258+0000][22363.020s][info ][safepoint     ] Application time: 1.0001739 seconds
[2023-11-16T02:16:35.258+0000][22363.020s][info ][safepoint     ] Entering safepoint region: Cleanup
[2023-11-16T02:16:35.259+0000][22363.020s][info ][safepoint     ] Leaving safepoint region
[2023-11-16T02:16:35.259+0000][22363.020s][info ][safepoint     ] Total time for which application threads were stopped: 0.0005063 seconds, Stopping threads took: 0.0002976 seconds
[2023-11-16T02:16:36.259+0000][22364.020s][debug][safepoint     ] Safepoint synchronization initiated. (174 threads)
[2023-11-16T02:16:36.259+0000][22364.021s][info ][safepoint     ] Application time: 1.0001692 seconds
[2023-11-16T02:16:36.259+0000][22364.021s][info ][safepoint     ] Entering safepoint region: Cleanup
[2023-11-16T02:16:36.259+0000][22364.021s][info ][safepoint     ] Leaving safepoint region
[2023-11-16T02:16:36.259+0000][22364.021s][info ][safepoint     ] Total time for which application threads were stopped: 0.0003450 seconds, Stopping threads took: 0.0000504 seconds
[2023-11-16T02:16:37.259+0000][22365.021s][debug][safepoint     ] Safepoint synchronization initiated. (174 threads)
[2023-11-16T02:16:37.259+0000][22365.021s][info ][safepoint     ] Application time: 1.0001577 seconds
[2023-11-16T02:16:37.260+0000][22365.021s][info ][safepoint     ] Entering safepoint region: Cleanup
[2023-11-16T02:16:37.260+0000][22365.021s][info ][safepoint     ] Leaving safepoint region
[2023-11-16T02:16:37.260+0000][22365.021s][info ][safepoint     ] Total time for which application threads were stopped: 0.0003387 seconds, Stopping threads took: 0.0000523 seconds
[2023-11-16T02:16:38.260+0000][22366.022s][debug][safepoint     ] Safepoint synchronization initiated. (174 threads)
[2023-11-16T02:16:38.260+0000][22366.022s][info ][safepoint     ] Application time: 1.0001549 seconds
[2023-11-16T02:16:38.260+0000][22366.022s][info ][safepoint     ] Entering safepoint region: Cleanup
[2023-11-16T02:16:38.260+0000][22366.022s][info ][safepoint     ] Leaving safepoint region
[2023-11-16T02:16:38.260+0000][22366.022s][info ][safepoint     ] Total time for which application threads were stopped: 0.0003360 seconds, Stopping threads took: 0.0000476 seconds
[2023-11-16T02:16:39.260+0000][22367.022s][debug][safepoint     ] Safepoint synchronization initiated. (174 threads)
[2023-11-16T02:16:39.261+0000][22367.022s][info ][safepoint     ] Application time: 1.0001533 seconds
[2023-11-16T02:16:39.261+0000][22367.022s][info ][safepoint     ] Entering safepoint region: Cleanup
[2023-11-16T02:16:39.261+0000][22367.022s][info ][safepoint     ] Leaving safepoint region
[2023-11-16T02:16:39.261+0000][22367.023s][info ][safepoint     ] Total time for which application threads were stopped: 0.0003366 seconds, Stopping threads took: 0.0000487 seconds
[2023-11-16T02:16:40.261+0000][22368.023s][debug][safepoint     ] Safepoint synchronization initiated. (173 threads)
[2023-11-16T02:16:40.261+0000][22368.023s][info ][safepoint     ] Application time: 1.0001558 seconds
[2023-11-16T02:16:40.261+0000][22368.023s][info ][safepoint     ] Entering safepoint region: Cleanup
[2023-11-16T02:16:40.262+0000][22368.023s][info ][safepoint     ] Leaving safepoint region
[2023-11-16T02:16:40.262+0000][22368.023s][info ][safepoint     ] Total time for which application threads were stopped: 0.0005845 seconds, Stopping threads took: 0.0003239 seconds
[2023-11-16T02:16:40.262+0000][22368.023s][debug][safepoint     ] ... found polling page return exception at pc = 0x00007f693102dd76, stub =0x00007f692883a800
[2023-11-16T02:16:41.262+0000][22369.023s][debug][safepoint     ] Safepoint synchronization initiated. (173 threads)
[2023-11-16T02:16:41.262+0000][22369.023s][info ][safepoint     ] Application time: 1.0001519 seconds
[2023-11-16T02:16:41.262+0000][22369.023s][info ][safepoint     ] Entering safepoint region: Cleanup
[2023-11-16T02:16:41.262+0000][22369.024s][info ][safepoint     ] Leaving safepoint region
[2023-11-16T02:16:41.262+0000][22369.024s][info ][safepoint     ] Total time for which application threads were stopped: 0.0003315 seconds, Stopping threads took: 0.0000500 seconds
[2023-11-16T02:16:42.262+0000][22370.024s][debug][safepoint     ] Safepoint synchronization initiated. (173 threads)
[2023-11-16T02:16:42.262+0000][22370.024s][info ][safepoint     ] Application time: 1.0001614 seconds
[2023-11-16T02:16:42.262+0000][22370.024s][info ][safepoint     ] Entering safepoint region: Cleanup
[2023-11-16T02:16:42.263+0000][22370.024s][info ][safepoint     ] Leaving safepoint region
[2023-11-16T02:16:42.263+0000][22370.024s][info ][safepoint     ] Total time for which application threads were stopped: 0.0003369 seconds, Stopping threads took: 0.0000472 seconds
[2023-11-16T02:16:43.263+0000][22371.024s][debug][safepoint     ] Safepoint synchronization initiated. (173 threads)
[2023-11-16T02:16:43.263+0000][22371.025s][info ][safepoint     ] Application time: 1.0001759 seconds
[2023-11-16T02:16:43.263+0000][22371.025s][info ][safepoint     ] Entering safepoint region: Cleanup
[2023-11-16T02:16:43.263+0000][22371.025s][info ][safepoint     ] Leaving safepoint region
[2023-11-16T02:16:43.263+0000][22371.025s][info ][safepoint     ] Total time for which application threads were stopped: 0.0002838 seconds, Stopping threads took: 0.0000472 seconds
[2023-11-16T02:16:44.263+0000][22372.025s][debug][safepoint     ] Safepoint synchronization initiated. (173 threads)
[2023-11-16T02:16:44.263+0000][22372.025s][info ][safepoint     ] Application time: 1.0001590 seconds
[2023-11-16T02:16:44.263+0000][22372.025s][info ][safepoint     ] Entering safepoint region: Cleanup
[2023-11-16T02:16:44.264+0000][22372.025s][info ][safepoint     ] Leaving safepoint region
[2023-11-16T02:16:44.264+0000][22372.025s][info ][safepoint     ] Total time for which application threads were stopped: 0.0002673 seconds, Stopping threads took: 0.0000679 seconds
[2023-11-16T02:16:45.264+0000][22373.025s][debug][safepoint     ] Safepoint synchronization initiated. (173 threads)
[2023-11-16T02:16:45.264+0000][22373.025s][info ][safepoint     ] Application time: 1.0001578 seconds
[2023-11-16T02:16:45.264+0000][22373.026s][info ][safepoint     ] Entering safepoint region: Cleanup
[2023-11-16T02:16:45.264+0000][22373.026s][info ][safepoint     ] Leaving safepoint region
[2023-11-16T02:16:45.264+0000][22373.026s][info ][safepoint     ] Total time for which application threads were stopped: 0.0005145 seconds, Stopping threads took: 0.0002476 seconds
[2023-11-16T02:16:46.264+0000][22374.026s][debug][safepoint     ] Safepoint synchronization initiated. (173 threads)
[2023-11-16T02:16:46.265+0000][22374.026s][info ][safepoint     ] Application time: 1.0001500 seconds
[2023-11-16T02:16:46.265+0000][22374.026s][info ][safepoint     ] Entering safepoint region: Cleanup
[2023-11-16T02:16:46.265+0000][22374.026s][info ][safepoint     ] Leaving safepoint region
[2023-11-16T02:16:46.265+0000][22374.027s][info ][safepoint     ] Total time for which application threads were stopped: 0.0003228 seconds, Stopping threads took: 0.0000493 seconds
[2023-11-16T02:16:47.265+0000][22375.027s][debug][safepoint     ] Safepoint synchronization initiated. (173 threads)
[2023-11-16T02:16:47.265+0000][22375.027s][info ][safepoint     ] Application time: 1.0001299 seconds
[2023-11-16T02:16:47.265+0000][22375.027s][info ][safepoint     ] Entering safepoint region: Cleanup
[2023-11-16T02:16:47.265+0000][22375.027s][info ][safepoint     ] Leaving safepoint region
[2023-11-16T02:16:47.265+0000][22375.027s][info ][safepoint     ] Total time for which application threads were stopped: 0.0002203 seconds, Stopping threads took: 0.0000353 seconds
[2023-11-16T02:16:48.265+0000][22376.027s][debug][safepoint     ] Safepoint synchronization initiated. (173 threads)
[2023-11-16T02:16:48.265+0000][22376.027s][info ][safepoint     ] Application time: 1.0001676 seconds
[2023-11-16T02:16:48.265+0000][22376.027s][info ][safepoint     ] Entering safepoint region: Cleanup
[2023-11-16T02:16:48.266+0000][22376.027s][info ][safepoint     ] Leaving safepoint region
[2023-11-16T02:16:48.266+0000][22376.027s][info ][safepoint     ] Total time for which application threads were stopped: 0.0003393 seconds, Stopping threads took: 0.0000494 seconds
[2023-11-16T02:16:49.266+0000][22377.028s][debug][safepoint     ] Safepoint synchronization initiated. (173 threads)
[2023-11-16T02:16:49.266+0000][22377.028s][info ][safepoint     ] Application time: 1.0001463 seconds
[2023-11-16T02:16:49.266+0000][22377.028s][info ][safepoint     ] Entering safepoint region: Cleanup
[2023-11-16T02:16:49.266+0000][22377.028s][info ][safepoint     ] Leaving safepoint region
[2023-11-16T02:16:49.266+0000][22377.028s][info ][safepoint     ] Total time for which application threads were stopped: 0.0003334 seconds, Stopping threads took: 0.0000475 seconds
[2023-11-16T02:16:50.266+0000][22378.028s][debug][safepoint     ] Safepoint synchronization initiated. (173 threads)
[2023-11-16T02:16:50.267+0000][22378.028s][info ][safepoint     ] Application time: 1.0001729 seconds
[2023-11-16T02:16:50.267+0000][22378.028s][info ][safepoint     ] Entering safepoint region: Cleanup
[2023-11-16T02:16:50.267+0000][22378.029s][info ][safepoint     ] Leaving safepoint region
[2023-11-16T02:16:50.267+0000][22378.029s][info ][safepoint     ] Total time for which application threads were stopped: 0.0004001 seconds, Stopping threads took: 0.0000566 seconds
[2023-11-16T02:16:51.267+0000][22379.029s][debug][safepoint     ] Safepoint synchronization initiated. (173 threads)
[2023-11-16T02:16:51.267+0000][22379.029s][info ][safepoint     ] Application time: 1.0001646 seconds
[2023-11-16T02:16:51.267+0000][22379.029s][info ][safepoint     ] Entering safepoint region: Cleanup
[2023-11-16T02:16:51.267+0000][22379.029s][info ][safepoint     ] Leaving safepoint region
[2023-11-16T02:16:51.267+0000][22379.029s][info ][safepoint     ] Total time for which application threads were stopped: 0.0002494 seconds, Stopping threads took: 0.0000507 seconds
[2023-11-16T02:16:52.268+0000][22380.029s][debug][safepoint     ] Safepoint synchronization initiated. (173 threads)
[2023-11-16T02:16:52.268+0000][22380.029s][info ][safepoint     ] Application time: 1.0001536 seconds
[2023-11-16T02:16:52.268+0000][22380.029s][info ][safepoint     ] Entering safepoint region: Cleanup
[2023-11-16T02:16:52.268+0000][22380.029s][info ][safepoint     ] Leaving safepoint region
[2023-11-16T02:16:52.268+0000][22380.029s][info ][safepoint     ] Total time for which application threads were stopped: 0.0002444 seconds, Stopping threads took: 0.0000482 seconds
[2023-11-16T02:16:53.268+0000][22381.030s][debug][safepoint     ] Safepoint synchronization initiated. (173 threads)
[2023-11-16T02:16:53.268+0000][22381.030s][info ][safepoint     ] Application time: 1.0001528 seconds
[2023-11-16T02:16:53.268+0000][22381.030s][info ][safepoint     ] Entering safepoint region: Cleanup
[2023-11-16T02:16:53.268+0000][22381.030s][info ][safepoint     ] Leaving safepoint region
[2023-11-16T02:16:53.268+0000][22381.030s][info ][safepoint     ] Total time for which application threads were stopped: 0.0003392 seconds, Stopping threads took: 0.0000482 seconds
[2023-11-16T02:16:54.268+0000][22382.030s][debug][safepoint     ] Safepoint synchronization initiated. (173 threads)
[2023-11-16T02:16:54.269+0000][22382.030s][info ][safepoint     ] Application time: 1.0001678 seconds
[2023-11-16T02:16:54.269+0000][22382.030s][info ][safepoint     ] Entering safepoint region: Cleanup
[2023-11-16T02:16:54.269+0000][22382.030s][info ][safepoint     ] Leaving safepoint region
[2023-11-16T02:16:54.269+0000][22382.030s][info ][safepoint     ] Total time for which application threads were stopped: 0.0003024 seconds, Stopping threads took: 0.0000485 seconds
[2023-11-16T02:16:55.269+0000][22383.031s][debug][safepoint     ] Safepoint synchronization initiated. (173 threads)
[2023-11-16T02:16:55.269+0000][22383.031s][info ][safepoint     ] Application time: 1.0001768 seconds
[2023-11-16T02:16:55.269+0000][22383.031s][info ][safepoint     ] Entering safepoint region: Cleanup
[2023-11-16T02:16:55.269+0000][22383.031s][info ][safepoint     ] Leaving safepoint region
[2023-11-16T02:16:55.269+0000][22383.031s][info ][safepoint     ] Total time for which application threads were stopped: 0.0003388 seconds, Stopping threads took: 0.0000485 seconds
[2023-11-16T02:16:56.270+0000][22384.031s][debug][safepoint     ] Safepoint synchronization initiated. (173 threads)
[2023-11-16T02:16:56.270+0000][22384.031s][info ][safepoint     ] Application time: 1.0001705 seconds
[2023-11-16T02:16:56.270+0000][22384.031s][info ][safepoint     ] Entering safepoint region: Cleanup
[2023-11-16T02:16:56.270+0000][22384.032s][info ][safepoint     ] Leaving safepoint region
[2023-11-16T02:16:56.270+0000][22384.032s][info ][safepoint     ] Total time for which application threads were stopped: 0.0003384 seconds, Stopping threads took: 0.0000476 seconds
[2023-11-16T02:16:57.270+0000][22385.032s][debug][safepoint     ] Safepoint synchronization initiated. (173 threads)
[2023-11-16T02:16:57.270+0000][22385.032s][info ][safepoint     ] Application time: 1.0001730 seconds
[2023-11-16T02:16:57.270+0000][22385.032s][info ][safepoint     ] Entering safepoint region: Cleanup
[2023-11-16T02:16:57.270+0000][22385.032s][info ][safepoint     ] Leaving safepoint region
[2023-11-16T02:16:57.271+0000][22385.032s][info ][safepoint     ] Total time for which application threads were stopped: 0.0003351 seconds, Stopping threads took: 0.0000477 seconds
[2023-11-16T02:16:58.271+0000][22386.032s][debug][safepoint     ] Safepoint synchronization initiated. (173 threads)
[2023-11-16T02:16:58.271+0000][22386.032s][info ][safepoint     ] Application time: 1.0001633 seconds
[2023-11-16T02:16:58.271+0000][22386.032s][info ][safepoint     ] Entering safepoint region: Cleanup
[2023-11-16T02:16:58.271+0000][22386.033s][info ][safepoint     ] Leaving safepoint region
[2023-11-16T02:16:58.271+0000][22386.033s][info ][safepoint     ] Total time for which application threads were stopped: 0.0005759 seconds, Stopping threads took: 0.0002958 seconds
[2023-11-16T02:16:59.271+0000][22387.033s][debug][safepoint     ] Safepoint synchronization initiated. (173 threads)
[2023-11-16T02:16:59.271+0000][22387.033s][info ][safepoint     ] Application time: 1.0001775 seconds
[2023-11-16T02:16:59.272+0000][22387.033s][info ][safepoint     ] Entering safepoint region: Cleanup
[2023-11-16T02:16:59.272+0000][22387.033s][info ][safepoint     ] Leaving safepoint region
[2023-11-16T02:16:59.272+0000][22387.033s][info ][safepoint     ] Total time for which application threads were stopped: 0.0003371 seconds, Stopping threads took: 0.0000495 seconds
[2023-11-16T02:17:00.272+0000][22388.034s][debug][safepoint     ] Safepoint synchronization initiated. (173 threads)
[2023-11-16T02:17:00.272+0000][22388.034s][info ][safepoint     ] Application time: 1.0001481 seconds
[2023-11-16T02:17:00.272+0000][22388.034s][info ][safepoint     ] Entering safepoint region: Cleanup
[2023-11-16T02:17:00.272+0000][22388.034s][info ][safepoint     ] Leaving safepoint region
[2023-11-16T02:17:00.272+0000][22388.034s][info ][safepoint     ] Total time for which application threads were stopped: 0.0003193 seconds, Stopping threads took: 0.0000486 seconds
[2023-11-16T02:17:01.272+0000][22389.034s][debug][safepoint     ] Safepoint synchronization initiated. (173 threads)
[2023-11-16T02:17:01.273+0000][22389.034s][info ][safepoint     ] Application time: 1.0001516 seconds
[2023-11-16T02:17:01.273+0000][22389.034s][info ][safepoint     ] Entering safepoint region: Cleanup
[2023-11-16T02:17:01.273+0000][22389.034s][info ][safepoint     ] Leaving safepoint region
[2023-11-16T02:17:01.273+0000][22389.034s][info ][safepoint     ] Total time for which application threads were stopped: 0.0002665 seconds, Stopping threads took: 0.0000477 seconds
[2023-11-16T02:17:02.273+0000][22390.035s][debug][safepoint     ] Safepoint synchronization initiated. (173 threads)
[2023-11-16T02:17:02.273+0000][22390.035s][info ][safepoint     ] Application time: 1.0001638 seconds
[2023-11-16T02:17:02.273+0000][22390.035s][info ][safepoint     ] Entering safepoint region: Cleanup
[2023-11-16T02:17:02.273+0000][22390.035s][info ][safepoint     ] Leaving safepoint region
[2023-11-16T02:17:02.273+0000][22390.035s][info ][safepoint     ] Total time for which application threads were stopped: 0.0002547 seconds, Stopping threads took: 0.0000472 seconds
[2023-11-16T02:17:03.273+0000][22391.035s][debug][safepoint     ] Safepoint synchronization initiated. (173 threads)
[2023-11-16T02:17:03.273+0000][22391.035s][info ][safepoint     ] Application time: 1.0001688 seconds
[2023-11-16T02:17:03.273+0000][22391.035s][info ][safepoint     ] Entering safepoint region: Cleanup
[2023-11-16T02:17:03.274+0000][22391.035s][info ][safepoint     ] Leaving safepoint region
[2023-11-16T02:17:03.274+0000][22391.035s][info ][safepoint     ] Total time for which application threads were stopped: 0.0003658 seconds, Stopping threads took: 0.0000480 seconds
[2023-11-16T02:17:04.274+0000][22392.036s][debug][safepoint     ] Safepoint synchronization initiated. (173 threads)
[2023-11-16T02:17:04.274+0000][22392.036s][info ][safepoint     ] Application time: 1.0001687 seconds
[2023-11-16T02:17:04.274+0000][22392.036s][info ][safepoint     ] Entering safepoint region: Cleanup
[2023-11-16T02:17:04.274+0000][22392.036s][info ][safepoint     ] Leaving safepoint region
[2023-11-16T02:17:04.274+0000][22392.036s][info ][safepoint     ] Total time for which application threads were stopped: 0.0003435 seconds, Stopping threads took: 0.0000473 seconds
[2023-11-16T02:17:05.274+0000][22393.036s][debug][safepoint     ] Safepoint synchronization initiated. (173 threads)
[2023-11-16T02:17:05.275+0000][22393.036s][info ][safepoint     ] Application time: 1.0001586 seconds
[2023-11-16T02:17:05.275+0000][22393.036s][info ][safepoint     ] Entering safepoint region: Cleanup
[2023-11-16T02:17:05.275+0000][22393.036s][info ][safepoint     ] Leaving safepoint region
[2023-11-16T02:17:05.275+0000][22393.037s][info ][safepoint     ] Total time for which application threads were stopped: 0.0003184 seconds, Stopping threads took: 0.0000476 seconds
[2023-11-16T02:17:06.275+0000][22394.037s][debug][safepoint     ] Safepoint synchronization initiated. (173 threads)
[2023-11-16T02:17:06.275+0000][22394.037s][info ][safepoint     ] Application time: 1.0001607 seconds
[2023-11-16T02:17:06.275+0000][22394.037s][info ][safepoint     ] Entering safepoint region: Cleanup
[2023-11-16T02:17:06.275+0000][22394.037s][info ][safepoint     ] Leaving safepoint region
[2023-11-16T02:17:06.275+0000][22394.037s][info ][safepoint     ] Total time for which application threads were stopped: 0.0003383 seconds, Stopping threads took: 0.0000484 seconds
[2023-11-16T02:17:07.276+0000][22395.037s][debug][safepoint     ] Safepoint synchronization initiated. (173 threads)
[2023-11-16T02:17:07.276+0000][22395.037s][info ][safepoint     ] Application time: 1.0001478 seconds
[2023-11-16T02:17:07.276+0000][22395.037s][info ][safepoint     ] Entering safepoint region: Cleanup
[2023-11-16T02:17:07.276+0000][22395.038s][info ][safepoint     ] Leaving safepoint region
[2023-11-16T02:17:07.276+0000][22395.038s][info ][safepoint     ] Total time for which application threads were stopped: 0.0003358 seconds, Stopping threads took: 0.0000477 seconds
[2023-11-16T02:17:08.276+0000][22396.038s][debug][safepoint     ] Safepoint synchronization initiated. (173 threads)
[2023-11-16T02:17:08.276+0000][22396.038s][info ][safepoint     ] Application time: 1.0001539 seconds
[2023-11-16T02:17:08.276+0000][22396.038s][info ][safepoint     ] Entering safepoint region: Cleanup
[2023-11-16T02:17:08.276+0000][22396.038s][info ][safepoint     ] Leaving safepoint region
[2023-11-16T02:17:08.276+0000][22396.038s][info ][safepoint     ] Total time for which application threads were stopped: 0.0002964 seconds, Stopping threads took: 0.0000497 seconds
[2023-11-16T02:17:09.277+0000][22397.038s][debug][safepoint     ] Safepoint synchronization initiated. (173 threads)
[2023-11-16T02:17:09.277+0000][22397.038s][info ][safepoint     ] Application time: 1.0001747 seconds
[2023-11-16T02:17:09.277+0000][22397.038s][info ][safepoint     ] Entering safepoint region: Cleanup
[2023-11-16T02:17:09.277+0000][22397.039s][info ][safepoint     ] Leaving safepoint region
[2023-11-16T02:17:09.277+0000][22397.039s][info ][safepoint     ] Total time for which application threads were stopped: 0.0003380 seconds, Stopping threads took: 0.0000472 seconds
[2023-11-16T02:17:10.277+0000][22398.039s][debug][safepoint     ] Safepoint synchronization initiated. (173 threads)
[2023-11-16T02:17:10.277+0000][22398.039s][info ][safepoint     ] Application time: 1.0001555 seconds
[2023-11-16T02:17:10.277+0000][22398.039s][info ][safepoint     ] Entering safepoint region: Cleanup
[2023-11-16T02:17:10.277+0000][22398.039s][info ][safepoint     ] Leaving safepoint region
[2023-11-16T02:17:10.278+0000][22398.039s][info ][safepoint     ] Total time for which application threads were stopped: 0.0003591 seconds, Stopping threads took: 0.0000486 seconds
[2023-11-16T02:17:11.278+0000][22399.039s][debug][safepoint     ] Safepoint synchronization initiated. (173 threads)
[2023-11-16T02:17:11.278+0000][22399.039s][info ][safepoint     ] Application time: 1.0001703 seconds
[2023-11-16T02:17:11.278+0000][22399.039s][info ][safepoint     ] Entering safepoint region: Cleanup
[2023-11-16T02:17:11.278+0000][22399.040s][info ][safepoint     ] Leaving safepoint region
[2023-11-16T02:17:11.278+0000][22399.040s][info ][safepoint     ] Total time for which application threads were stopped: 0.0003340 seconds, Stopping threads took: 0.0000483 seconds
[2023-11-16T02:17:12.278+0000][22400.040s][debug][safepoint     ] Safepoint synchronization initiated. (173 threads)
[2023-11-16T02:17:12.278+0000][22400.040s][info ][safepoint     ] Application time: 1.0001885 seconds
[2023-11-16T02:17:12.278+0000][22400.040s][info ][safepoint     ] Entering safepoint region: Cleanup
[2023-11-16T02:17:12.279+0000][22400.040s][info ][safepoint     ] Leaving safepoint region
[2023-11-16T02:17:12.279+0000][22400.040s][info ][safepoint     ] Total time for which application threads were stopped: 0.0003362 seconds, Stopping threads took: 0.0000482 seconds
[2023-11-16T02:17:13.279+0000][22401.040s][debug][safepoint     ] Safepoint synchronization initiated. (173 threads)
[2023-11-16T02:17:13.279+0000][22401.040s][info ][safepoint     ] Application time: 1.0001677 seconds
[2023-11-16T02:17:13.279+0000][22401.041s][info ][safepoint     ] Entering safepoint region: Cleanup
[2023-11-16T02:17:13.279+0000][22401.041s][info ][safepoint     ] Leaving safepoint region
[2023-11-16T02:17:13.279+0000][22401.041s][info ][safepoint     ] Total time for which application threads were stopped: 0.0003377 seconds, Stopping threads took: 0.0000478 seconds
[2023-11-16T02:17:14.279+0000][22402.041s][debug][safepoint     ] Safepoint synchronization initiated. (173 threads)
[2023-11-16T02:17:14.279+0000][22402.041s][info ][safepoint     ] Application time: 1.0001514 seconds
[2023-11-16T02:17:14.279+0000][22402.041s][info ][safepoint     ] Entering safepoint region: Cleanup
[2023-11-16T02:17:14.280+0000][22402.041s][info ][safepoint     ] Leaving safepoint region
[2023-11-16T02:17:14.280+0000][22402.041s][info ][safepoint     ] Total time for which application threads were stopped: 0.0003203 seconds, Stopping threads took: 0.0000488 seconds
[2023-11-16T02:17:15.280+0000][22403.041s][debug][safepoint     ] Safepoint synchronization initiated. (173 threads)
[2023-11-16T02:17:15.280+0000][22403.041s][info ][safepoint     ] Application time: 1.0001554 seconds
[2023-11-16T02:17:15.280+0000][22403.042s][info ][safepoint     ] Entering safepoint region: Cleanup
[2023-11-16T02:17:15.280+0000][22403.042s][info ][safepoint     ] Leaving safepoint region
[2023-11-16T02:17:15.280+0000][22403.042s][info ][safepoint     ] Total time for which application threads were stopped: 0.0002852 seconds, Stopping threads took: 0.0000498 seconds
[2023-11-16T02:17:16.280+0000][22404.042s][debug][safepoint     ] Safepoint synchronization initiated. (173 threads)
[2023-11-16T02:17:16.280+0000][22404.042s][info ][safepoint     ] Application time: 1.0001344 seconds
[2023-11-16T02:17:16.280+0000][22404.042s][info ][safepoint     ] Entering safepoint region: Cleanup
[2023-11-16T02:17:16.281+0000][22404.042s][info ][safepoint     ] Leaving safepoint region
[2023-11-16T02:17:16.281+0000][22404.042s][info ][safepoint     ] Total time for which application threads were stopped: 0.0003056 seconds, Stopping threads took: 0.0000484 seconds
[2023-11-16T02:17:17.281+0000][22405.042s][debug][safepoint     ] Safepoint synchronization initiated. (173 threads)
[2023-11-16T02:17:17.281+0000][22405.042s][info ][safepoint     ] Application time: 1.0001601 seconds
[2023-11-16T02:17:17.281+0000][22405.042s][info ][safepoint     ] Entering safepoint region: Cleanup
[2023-11-16T02:17:17.281+0000][22405.043s][info ][safepoint     ] Leaving safepoint region
[2023-11-16T02:17:17.281+0000][22405.043s][info ][safepoint     ] Total time for which application threads were stopped: 0.0005990 seconds, Stopping threads took: 0.0003183 seconds
[2023-11-16T02:17:18.282+0000][22406.043s][debug][safepoint     ] Safepoint synchronization initiated. (173 threads)
[2023-11-16T02:17:18.282+0000][22406.043s][info ][safepoint     ] Application time: 1.0001813 seconds
[2023-11-16T02:17:18.282+0000][22406.043s][info ][safepoint     ] Entering safepoint region: Cleanup
[2023-11-16T02:17:18.282+0000][22406.044s][info ][safepoint     ] Leaving safepoint region
[2023-11-16T02:17:18.282+0000][22406.044s][info ][safepoint     ] Total time for which application threads were stopped: 0.0003396 seconds, Stopping threads took: 0.0000478 seconds
[2023-11-16T02:17:19.282+0000][22407.044s][debug][safepoint     ] Safepoint synchronization initiated. (173 threads)
[2023-11-16T02:17:19.282+0000][22407.044s][info ][safepoint     ] Application time: 1.0001687 seconds
[2023-11-16T02:17:19.282+0000][22407.044s][info ][safepoint     ] Entering safepoint region: Cleanup
[2023-11-16T02:17:19.282+0000][22407.044s][info ][safepoint     ] Leaving safepoint region
[2023-11-16T02:17:19.283+0000][22407.044s][info ][safepoint     ] Total time for which application threads were stopped: 0.0003341 seconds, Stopping threads took: 0.0000484 seconds
[2023-11-16T02:17:20.283+0000][22408.044s][debug][safepoint     ] Safepoint synchronization initiated. (173 threads)
[2023-11-16T02:17:20.283+0000][22408.044s][info ][safepoint     ] Application time: 1.0001703 seconds
[2023-11-16T02:17:20.283+0000][22408.044s][info ][safepoint     ] Entering safepoint region: Cleanup
[2023-11-16T02:17:20.283+0000][22408.045s][info ][safepoint     ] Leaving safepoint region
[2023-11-16T02:17:20.283+0000][22408.045s][info ][safepoint     ] Total time for which application threads were stopped: 0.0003356 seconds, Stopping threads took: 0.0000488 seconds
[2023-11-16T02:17:21.283+0000][22409.045s][debug][safepoint     ] Safepoint synchronization initiated. (173 threads)
[2023-11-16T02:17:21.283+0000][22409.045s][info ][safepoint     ] Application time: 1.0001659 seconds
[2023-11-16T02:17:21.283+0000][22409.045s][info ][safepoint     ] Entering safepoint region: Cleanup
[2023-11-16T02:17:21.284+0000][22409.045s][info ][safepoint     ] Leaving safepoint region
[2023-11-16T02:17:21.284+0000][22409.045s][info ][safepoint     ] Total time for which application threads were stopped: 0.0002935 seconds, Stopping threads took: 0.0000488 seconds
[2023-11-16T02:17:22.284+0000][22410.045s][debug][safepoint     ] Safepoint synchronization initiated. (173 threads)
[2023-11-16T02:17:22.284+0000][22410.045s][info ][safepoint     ] Application time: 1.0001479 seconds
[2023-11-16T02:17:22.284+0000][22410.045s][info ][safepoint     ] Entering safepoint region: Cleanup
[2023-11-16T02:17:22.284+0000][22410.046s][info ][safepoint     ] Leaving safepoint region
[2023-11-16T02:17:22.284+0000][22410.046s][info ][safepoint     ] Total time for which application threads were stopped: 0.0004781 seconds, Stopping threads took: 0.0001743 seconds
[2023-11-16T02:17:23.284+0000][22411.046s][debug][safepoint     ] Safepoint synchronization initiated. (173 threads)
[2023-11-16T02:17:23.284+0000][22411.046s][info ][safepoint     ] Application time: 1.0001524 seconds
[2023-11-16T02:17:23.284+0000][22411.046s][info ][safepoint     ] Entering safepoint region: Cleanup
[2023-11-16T02:17:23.285+0000][22411.046s][info ][safepoint     ] Leaving safepoint region
[2023-11-16T02:17:23.285+0000][22411.046s][info ][safepoint     ] Total time for which application threads were stopped: 0.0003174 seconds, Stopping threads took: 0.0000479 seconds
[2023-11-16T02:17:24.285+0000][22412.046s][debug][safepoint     ] Safepoint synchronization initiated. (173 threads)
[2023-11-16T02:17:24.285+0000][22412.047s][info ][safepoint     ] Application time: 1.0001514 seconds
[2023-11-16T02:17:24.285+0000][22412.047s][info ][safepoint     ] Entering safepoint region: Cleanup
[2023-11-16T02:17:24.285+0000][22412.047s][info ][safepoint     ] Leaving safepoint region
[2023-11-16T02:17:24.285+0000][22412.047s][info ][safepoint     ] Total time for which application threads were stopped: 0.0003474 seconds, Stopping threads took: 0.0000711 seconds
[2023-11-16T02:17:25.285+0000][22413.047s][debug][safepoint     ] Safepoint synchronization initiated. (173 threads)
[2023-11-16T02:17:25.285+0000][22413.047s][info ][safepoint     ] Application time: 1.0001490 seconds
[2023-11-16T02:17:25.285+0000][22413.047s][info ][safepoint     ] Entering safepoint region: Cleanup
[2023-11-16T02:17:25.286+0000][22413.047s][info ][safepoint     ] Leaving safepoint region
[2023-11-16T02:17:25.286+0000][22413.047s][info ][safepoint     ] Total time for which application threads were stopped: 0.0002648 seconds, Stopping threads took: 0.0000604 seconds
[2023-11-16T02:17:26.286+0000][22414.047s][debug][safepoint     ] Safepoint synchronization initiated. (173 threads)
[2023-11-16T02:17:26.286+0000][22414.048s][info ][safepoint     ] Application time: 1.0001791 seconds
[2023-11-16T02:17:26.286+0000][22414.048s][info ][safepoint     ] Entering safepoint region: Cleanup
[2023-11-16T02:17:26.286+0000][22414.048s][info ][safepoint     ] Leaving safepoint region
[2023-11-16T02:17:26.286+0000][22414.048s][info ][safepoint     ] Total time for which application threads were stopped: 0.0002478 seconds, Stopping threads took: 0.0000512 seconds
[2023-11-16T02:17:27.286+0000][22415.048s][debug][safepoint     ] Safepoint synchronization initiated. (173 threads)
[2023-11-16T02:17:27.286+0000][22415.048s][info ][safepoint     ] Application time: 1.0001554 seconds
[2023-11-16T02:17:27.286+0000][22415.048s][info ][safepoint     ] Entering safepoint region: Cleanup
[2023-11-16T02:17:27.287+0000][22415.048s][info ][safepoint     ] Leaving safepoint region
[2023-11-16T02:17:27.287+0000][22415.048s][info ][safepoint     ] Total time for which application threads were stopped: 0.0002494 seconds, Stopping threads took: 0.0000489 seconds
[2023-11-16T02:17:28.287+0000][22416.048s][debug][safepoint     ] Safepoint synchronization initiated. (173 threads)
[2023-11-16T02:17:28.287+0000][22416.048s][info ][safepoint     ] Application time: 1.0001580 seconds
[2023-11-16T02:17:28.287+0000][22416.048s][info ][safepoint     ] Entering safepoint region: Cleanup
[2023-11-16T02:17:28.287+0000][22416.049s][info ][safepoint     ] Leaving safepoint region
[2023-11-16T02:17:28.287+0000][22416.049s][info ][safepoint     ] Total time for which application threads were stopped: 0.0002708 seconds, Stopping threads took: 0.0000521 seconds
[2023-11-16T02:17:29.287+0000][22417.049s][debug][safepoint     ] Safepoint synchronization initiated. (173 threads)
[2023-11-16T02:17:29.287+0000][22417.049s][info ][safepoint     ] Application time: 1.0001517 seconds
[2023-11-16T02:17:29.287+0000][22417.049s][info ][safepoint     ] Entering safepoint region: Cleanup
[2023-11-16T02:17:29.288+0000][22417.049s][info ][safepoint     ] Leaving safepoint region
[2023-11-16T02:17:29.288+0000][22417.049s][info ][safepoint     ] Total time for which application threads were stopped: 0.0003198 seconds, Stopping threads took: 0.0000515 seconds
[2023-11-16T02:17:30.288+0000][22418.049s][debug][safepoint     ] Safepoint synchronization initiated. (173 threads)
[2023-11-16T02:17:30.288+0000][22418.049s][info ][safepoint     ] Application time: 1.0001485 seconds
[2023-11-16T02:17:30.288+0000][22418.049s][info ][safepoint     ] Entering safepoint region: Cleanup
[2023-11-16T02:17:30.288+0000][22418.050s][info ][safepoint     ] Leaving safepoint region
[2023-11-16T02:17:30.288+0000][22418.050s][info ][safepoint     ] Total time for which application threads were stopped: 0.0003178 seconds, Stopping threads took: 0.0000541 seconds
[2023-11-16T02:17:31.288+0000][22419.050s][debug][safepoint     ] Safepoint synchronization initiated. (173 threads)
[2023-11-16T02:17:31.288+0000][22419.050s][info ][safepoint     ] Application time: 1.0001654 seconds
[2023-11-16T02:17:31.288+0000][22419.050s][info ][safepoint     ] Entering safepoint region: Cleanup
[2023-11-16T02:17:31.289+0000][22419.051s][info ][safepoint     ] Leaving safepoint region
[2023-11-16T02:17:31.289+0000][22419.051s][info ][safepoint     ] Total time for which application threads were stopped: 0.0007381 seconds, Stopping threads took: 0.0000586 seconds
[2023-11-16T02:17:32.289+0000][22420.051s][debug][safepoint     ] Safepoint synchronization initiated. (173 threads)
[2023-11-16T02:17:32.289+0000][22420.051s][info ][safepoint     ] Application time: 1.0001510 seconds
[2023-11-16T02:17:32.289+0000][22420.051s][info ][safepoint     ] Entering safepoint region: Cleanup
[2023-11-16T02:17:32.290+0000][22420.051s][info ][safepoint     ] Leaving safepoint region
[2023-11-16T02:17:32.290+0000][22420.051s][info ][safepoint     ] Total time for which application threads were stopped: 0.0002726 seconds, Stopping threads took: 0.0000490 seconds
[2023-11-16T02:17:33.290+0000][22421.051s][debug][safepoint     ] Safepoint synchronization initiated. (172 threads)
[2023-11-16T02:17:33.290+0000][22421.051s][info ][safepoint     ] Application time: 1.0001524 seconds
[2023-11-16T02:17:33.290+0000][22421.051s][info ][safepoint     ] Entering safepoint region: Cleanup
[2023-11-16T02:17:33.290+0000][22421.052s][info ][safepoint     ] Leaving safepoint region
[2023-11-16T02:17:33.290+0000][22421.052s][info ][safepoint     ] Total time for which application threads were stopped: 0.0002448 seconds, Stopping threads took: 0.0000487 seconds
[2023-11-16T02:17:34.290+0000][22422.052s][debug][safepoint     ] Safepoint synchronization initiated. (172 threads)
[2023-11-16T02:17:34.290+0000][22422.052s][info ][safepoint     ] Application time: 1.0001520 seconds
[2023-11-16T02:17:34.290+0000][22422.052s][info ][safepoint     ] Entering safepoint region: Cleanup
[2023-11-16T02:17:34.291+0000][22422.052s][info ][safepoint     ] Leaving safepoint region
[2023-11-16T02:17:34.291+0000][22422.052s][info ][safepoint     ] Total time for which application threads were stopped: 0.0003384 seconds, Stopping threads took: 0.0000480 seconds
[2023-11-16T02:17:35.291+0000][22423.052s][debug][safepoint     ] Safepoint synchronization initiated. (172 threads)
[2023-11-16T02:17:35.291+0000][22423.052s][info ][safepoint     ] Application time: 1.0001587 seconds
[2023-11-16T02:17:35.291+0000][22423.052s][info ][safepoint     ] Entering safepoint region: Cleanup
[2023-11-16T02:17:35.291+0000][22423.053s][info ][safepoint     ] Leaving safepoint region
[2023-11-16T02:17:35.291+0000][22423.053s][info ][safepoint     ] Total time for which application threads were stopped: 0.0002621 seconds, Stopping threads took: 0.0000496 seconds
[2023-11-16T02:17:36.291+0000][22424.053s][debug][safepoint     ] Safepoint synchronization initiated. (172 threads)
[2023-11-16T02:17:36.291+0000][22424.053s][info ][safepoint     ] Application time: 1.0001663 seconds
[2023-11-16T02:17:36.291+0000][22424.053s][info ][safepoint     ] Entering safepoint region: Cleanup
[2023-11-16T02:17:36.292+0000][22424.054s][info ][safepoint     ] Leaving safepoint region
[2023-11-16T02:17:36.292+0000][22424.054s][info ][safepoint     ] Total time for which application threads were stopped: 0.0008026 seconds, Stopping threads took: 0.0004645 seconds
[2023-11-16T02:17:37.292+0000][22425.054s][debug][safepoint     ] Safepoint synchronization initiated. (172 threads)
[2023-11-16T02:17:37.292+0000][22425.054s][info ][safepoint     ] Application time: 1.0001510 seconds
[2023-11-16T02:17:37.292+0000][22425.054s][info ][safepoint     ] Entering safepoint region: Cleanup
[2023-11-16T02:17:37.293+0000][22425.054s][info ][safepoint     ] Leaving safepoint region
[2023-11-16T02:17:37.293+0000][22425.054s][info ][safepoint     ] Total time for which application threads were stopped: 0.0003420 seconds, Stopping threads took: 0.0000480 seconds
[2023-11-16T02:17:38.293+0000][22426.054s][debug][safepoint     ] Safepoint synchronization initiated. (172 threads)
[2023-11-16T02:17:38.293+0000][22426.054s][info ][safepoint     ] Application time: 1.0001528 seconds
[2023-11-16T02:17:38.293+0000][22426.054s][info ][safepoint     ] Entering safepoint region: Cleanup
[2023-11-16T02:17:38.293+0000][22426.055s][info ][safepoint     ] Leaving safepoint region
[2023-11-16T02:17:38.293+0000][22426.055s][info ][safepoint     ] Total time for which application threads were stopped: 0.0003378 seconds, Stopping threads took: 0.0000506 seconds
[2023-11-16T02:17:39.293+0000][22427.055s][debug][safepoint     ] Safepoint synchronization initiated. (172 threads)
[2023-11-16T02:17:39.293+0000][22427.055s][info ][safepoint     ] Application time: 1.0001579 seconds
[2023-11-16T02:17:39.293+0000][22427.055s][info ][safepoint     ] Entering safepoint region: Cleanup
[2023-11-16T02:17:39.294+0000][22427.055s][info ][safepoint     ] Leaving safepoint region
[2023-11-16T02:17:39.294+0000][22427.055s][info ][safepoint     ] Total time for which application threads were stopped: 0.0003318 seconds, Stopping threads took: 0.0000490 seconds
[2023-11-16T02:17:40.294+0000][22428.055s][debug][safepoint     ] Safepoint synchronization initiated. (171 threads)
[2023-11-16T02:17:40.294+0000][22428.055s][info ][safepoint     ] Application time: 1.0001518 seconds
[2023-11-16T02:17:40.294+0000][22428.056s][info ][safepoint     ] Entering safepoint region: Cleanup
[2023-11-16T02:17:40.294+0000][22428.056s][info ][safepoint     ] Leaving safepoint region
[2023-11-16T02:17:40.294+0000][22428.056s][info ][safepoint     ] Total time for which application threads were stopped: 0.0003352 seconds, Stopping threads took: 0.0000474 seconds
[2023-11-16T02:17:41.294+0000][22429.056s][debug][safepoint     ] Safepoint synchronization initiated. (171 threads)
[2023-11-16T02:17:41.294+0000][22429.056s][info ][safepoint     ] Application time: 1.0001468 seconds
[2023-11-16T02:17:41.294+0000][22429.056s][info ][safepoint     ] Entering safepoint region: Cleanup
[2023-11-16T02:17:41.295+0000][22429.056s][info ][safepoint     ] Leaving safepoint region
[2023-11-16T02:17:41.295+0000][22429.057s][info ][safepoint     ] Total time for which application threads were stopped: 0.0005274 seconds, Stopping threads took: 0.0001850 seconds
[2023-11-16T02:17:42.295+0000][22430.057s][debug][safepoint     ] Safepoint synchronization initiated. (171 threads)
[2023-11-16T02:17:42.295+0000][22430.057s][info ][safepoint     ] Application time: 1.0001705 seconds
[2023-11-16T02:17:42.295+0000][22430.057s][info ][safepoint     ] Entering safepoint region: Cleanup
[2023-11-16T02:17:42.295+0000][22430.057s][info ][safepoint     ] Leaving safepoint region
[2023-11-16T02:17:42.295+0000][22430.057s][info ][safepoint     ] Total time for which application threads were stopped: 0.0003021 seconds, Stopping threads took: 0.0000477 seconds
[2023-11-16T02:17:43.296+0000][22431.057s][debug][safepoint     ] Safepoint synchronization initiated. (171 threads)
[2023-11-16T02:17:43.296+0000][22431.057s][info ][safepoint     ] Application time: 1.0001703 seconds
[2023-11-16T02:17:43.296+0000][22431.057s][info ][safepoint     ] Entering safepoint region: Cleanup
[2023-11-16T02:17:43.296+0000][22431.057s][info ][safepoint     ] Leaving safepoint region
[2023-11-16T02:17:43.296+0000][22431.057s][info ][safepoint     ] Total time for which application threads were stopped: 0.0002528 seconds, Stopping threads took: 0.0000479 seconds
[2023-11-16T02:17:44.296+0000][22432.058s][debug][safepoint     ] Safepoint synchronization initiated. (171 threads)
[2023-11-16T02:17:44.296+0000][22432.058s][info ][safepoint     ] Application time: 1.0001419 seconds
[2023-11-16T02:17:44.296+0000][22432.058s][info ][safepoint     ] Entering safepoint region: Cleanup
[2023-11-16T02:17:44.296+0000][22432.058s][info ][safepoint     ] Leaving safepoint region
[2023-11-16T02:17:44.296+0000][22432.058s][info ][safepoint     ] Total time for which application threads were stopped: 0.0003330 seconds, Stopping threads took: 0.0000474 seconds
[2023-11-16T02:17:45.296+0000][22433.058s][debug][safepoint     ] Safepoint synchronization initiated. (171 threads)
[2023-11-16T02:17:45.297+0000][22433.058s][info ][safepoint     ] Application time: 1.0001788 seconds
[2023-11-16T02:17:45.297+0000][22433.058s][debug][safepoint     ] ... found polling page return exception at pc = 0x00007f693094bd44, stub =0x00007f692883a800
[2023-11-16T02:17:45.297+0000][22433.058s][debug][safepoint     ] ... found polling page return exception at pc = 0x00007f69305d191b, stub =0x00007f692883a800
[2023-11-16T02:17:45.297+0000][22433.058s][debug][safepoint     ] Waiting for 2 thread(s) to block
[2023-11-16T02:17:45.297+0000][22433.058s][info ][safepoint     ] Entering safepoint region: Cleanup
[2023-11-16T02:17:45.297+0000][22433.059s][info ][safepoint     ] Leaving safepoint region
[2023-11-16T02:17:45.297+0000][22433.059s][info ][safepoint     ] Total time for which application threads were stopped: 0.0005956 seconds, Stopping threads took: 0.0003083 seconds
[2023-11-16T02:17:46.297+0000][22434.059s][debug][safepoint     ] Safepoint synchronization initiated. (171 threads)
[2023-11-16T02:17:46.297+0000][22434.059s][info ][safepoint     ] Application time: 1.0001773 seconds
[2023-11-16T02:17:46.297+0000][22434.059s][info ][safepoint     ] Entering safepoint region: Cleanup
[2023-11-16T02:17:46.298+0000][22434.060s][info ][safepoint     ] Leaving safepoint region
[2023-11-16T02:17:46.298+0000][22434.060s][info ][safepoint     ] Total time for which application threads were stopped: 0.0005661 seconds, Stopping threads took: 0.0002978 seconds
[2023-11-16T02:17:47.298+0000][22435.060s][debug][safepoint     ] Safepoint synchronization initiated. (171 threads)
[2023-11-16T02:17:47.298+0000][22435.060s][info ][safepoint     ] Application time: 1.0001600 seconds
[2023-11-16T02:17:47.298+0000][22435.060s][info ][safepoint     ] Entering safepoint region: Cleanup
[2023-11-16T02:17:47.298+0000][22435.060s][info ][safepoint     ] Leaving safepoint region
[2023-11-16T02:17:47.298+0000][22435.060s][info ][safepoint     ] Total time for which application threads were stopped: 0.0002771 seconds, Stopping threads took: 0.0000479 seconds
[2023-11-16T02:17:48.299+0000][22436.060s][debug][safepoint     ] Safepoint synchronization initiated. (171 threads)
[2023-11-16T02:17:48.299+0000][22436.060s][info ][safepoint     ] Application time: 1.0001679 seconds
[2023-11-16T02:17:48.299+0000][22436.060s][info ][safepoint     ] Entering safepoint region: Cleanup
[2023-11-16T02:17:48.299+0000][22436.060s][info ][safepoint     ] Leaving safepoint region
[2023-11-16T02:17:48.299+0000][22436.061s][info ][safepoint     ] Total time for which application threads were stopped: 0.0002408 seconds, Stopping threads took: 0.0000470 seconds
[2023-11-16T02:17:49.299+0000][22437.061s][debug][safepoint     ] Safepoint synchronization initiated. (171 threads)
[2023-11-16T02:17:49.299+0000][22437.061s][info ][safepoint     ] Application time: 1.0001532 seconds
[2023-11-16T02:17:49.299+0000][22437.061s][info ][safepoint     ] Entering safepoint region: Cleanup
[2023-11-16T02:17:49.299+0000][22437.061s][info ][safepoint     ] Leaving safepoint region
[2023-11-16T02:17:49.299+0000][22437.061s][info ][safepoint     ] Total time for which application threads were stopped: 0.0002498 seconds, Stopping threads took: 0.0000472 seconds
[2023-11-16T02:17:50.299+0000][22438.061s][debug][safepoint     ] Safepoint synchronization initiated. (171 threads)
[2023-11-16T02:17:50.300+0000][22438.061s][info ][safepoint     ] Application time: 1.0001928 seconds
[2023-11-16T02:17:50.300+0000][22438.061s][info ][safepoint     ] Entering safepoint region: Cleanup
[2023-11-16T02:17:50.300+0000][22438.061s][info ][safepoint     ] Leaving safepoint region
[2023-11-16T02:17:50.300+0000][22438.062s][info ][safepoint     ] Total time for which application threads were stopped: 0.0003483 seconds, Stopping threads took: 0.0000526 seconds
[2023-11-16T02:17:51.300+0000][22439.062s][debug][safepoint     ] Safepoint synchronization initiated. (171 threads)
[2023-11-16T02:17:51.300+0000][22439.062s][info ][safepoint     ] Application time: 1.0001616 seconds
[2023-11-16T02:17:51.300+0000][22439.062s][info ][safepoint     ] Entering safepoint region: Cleanup
[2023-11-16T02:17:51.300+0000][22439.062s][info ][safepoint     ] Leaving safepoint region
[2023-11-16T02:17:51.300+0000][22439.062s][info ][safepoint     ] Total time for which application threads were stopped: 0.0003709 seconds, Stopping threads took: 0.0000769 seconds
[2023-11-16T02:17:52.301+0000][22440.062s][debug][safepoint     ] Safepoint synchronization initiated. (171 threads)
[2023-11-16T02:17:52.301+0000][22440.062s][info ][safepoint     ] Application time: 1.0001717 seconds
[2023-11-16T02:17:52.301+0000][22440.062s][info ][safepoint     ] Entering safepoint region: Cleanup
[2023-11-16T02:17:52.301+0000][22440.063s][info ][safepoint     ] Leaving safepoint region
[2023-11-16T02:17:52.301+0000][22440.063s][info ][safepoint     ] Total time for which application threads were stopped: 0.0003340 seconds, Stopping threads took: 0.0000473 seconds
[2023-11-16T02:17:53.301+0000][22441.063s][debug][safepoint     ] Safepoint synchronization initiated. (171 threads)
[2023-11-16T02:17:53.301+0000][22441.063s][info ][safepoint     ] Application time: 1.0001610 seconds
[2023-11-16T02:17:53.301+0000][22441.063s][info ][safepoint     ] Entering safepoint region: Cleanup
[2023-11-16T02:17:53.301+0000][22441.063s][info ][safepoint     ] Leaving safepoint region
[2023-11-16T02:17:53.302+0000][22441.063s][info ][safepoint     ] Total time for which application threads were stopped: 0.0003310 seconds, Stopping threads took: 0.0000472 seconds
[2023-11-16T02:17:54.302+0000][22442.063s][debug][safepoint     ] Safepoint synchronization initiated. (171 threads)
[2023-11-16T02:17:54.302+0000][22442.063s][info ][safepoint     ] Application time: 1.0001705 seconds
[2023-11-16T02:17:54.302+0000][22442.063s][info ][safepoint     ] Entering safepoint region: Cleanup
[2023-11-16T02:17:54.302+0000][22442.064s][info ][safepoint     ] Leaving safepoint region
[2023-11-16T02:17:54.302+0000][22442.064s][info ][safepoint     ] Total time for which application threads were stopped: 0.0003280 seconds, Stopping threads took: 0.0000480 seconds
[2023-11-16T02:17:55.302+0000][22443.064s][debug][safepoint     ] Safepoint synchronization initiated. (171 threads)
[2023-11-16T02:17:55.302+0000][22443.064s][info ][safepoint     ] Application time: 1.0001675 seconds
[2023-11-16T02:17:55.302+0000][22443.064s][info ][safepoint     ] Entering safepoint region: Cleanup
[2023-11-16T02:17:55.303+0000][22443.064s][info ][safepoint     ] Leaving safepoint region
[2023-11-16T02:17:55.303+0000][22443.064s][info ][safepoint     ] Total time for which application threads were stopped: 0.0003314 seconds, Stopping threads took: 0.0000485 seconds
[2023-11-16T02:17:56.303+0000][22444.064s][debug][safepoint     ] Safepoint synchronization initiated. (171 threads)
[2023-11-16T02:17:56.303+0000][22444.064s][info ][safepoint     ] Application time: 1.0001668 seconds
[2023-11-16T02:17:56.303+0000][22444.064s][info ][safepoint     ] Entering safepoint region: Cleanup
[2023-11-16T02:17:56.303+0000][22444.065s][info ][safepoint     ] Leaving safepoint region
[2023-11-16T02:17:56.303+0000][22444.065s][info ][safepoint     ] Total time for which application threads were stopped: 0.0003308 seconds, Stopping threads took: 0.0000484 seconds
[2023-11-16T02:17:57.303+0000][22445.065s][debug][safepoint     ] Safepoint synchronization initiated. (171 threads)
[2023-11-16T02:17:57.303+0000][22445.065s][info ][safepoint     ] Application time: 1.0001705 seconds
[2023-11-16T02:17:57.303+0000][22445.065s][info ][safepoint     ] Entering safepoint region: Cleanup
[2023-11-16T02:17:57.304+0000][22445.065s][info ][safepoint     ] Leaving safepoint region
[2023-11-16T02:17:57.304+0000][22445.065s][info ][safepoint     ] Total time for which application threads were stopped: 0.0003040 seconds, Stopping threads took: 0.0000475 seconds
[2023-11-16T02:17:58.304+0000][22446.065s][debug][safepoint     ] Safepoint synchronization initiated. (171 threads)
[2023-11-16T02:17:58.304+0000][22446.065s][info ][safepoint     ] Application time: 1.0001489 seconds
[2023-11-16T02:17:58.304+0000][22446.066s][info ][safepoint     ] Entering safepoint region: Cleanup
[2023-11-16T02:17:58.304+0000][22446.066s][info ][safepoint     ] Leaving safepoint region
[2023-11-16T02:17:58.304+0000][22446.066s][info ][safepoint     ] Total time for which application threads were stopped: 0.0002805 seconds, Stopping threads took: 0.0000523 seconds
[2023-11-16T02:17:59.304+0000][22447.066s][debug][safepoint     ] Safepoint synchronization initiated. (171 threads)
[2023-11-16T02:17:59.304+0000][22447.066s][info ][safepoint     ] Application time: 1.0001691 seconds
[2023-11-16T02:17:59.304+0000][22447.066s][info ][safepoint     ] Entering safepoint region: Cleanup
[2023-11-16T02:17:59.305+0000][22447.066s][info ][safepoint     ] Leaving safepoint region
[2023-11-16T02:17:59.305+0000][22447.066s][info ][safepoint     ] Total time for which application threads were stopped: 0.0003373 seconds, Stopping threads took: 0.0000489 seconds
[2023-11-16T02:18:00.305+0000][22448.066s][debug][safepoint     ] Safepoint synchronization initiated. (171 threads)
[2023-11-16T02:18:00.305+0000][22448.066s][info ][safepoint     ] Application time: 1.0001599 seconds
[2023-11-16T02:18:00.305+0000][22448.067s][info ][safepoint     ] Entering safepoint region: Cleanup
[2023-11-16T02:18:00.305+0000][22448.067s][info ][safepoint     ] Leaving safepoint region
[2023-11-16T02:18:00.305+0000][22448.067s][info ][safepoint     ] Total time for which application threads were stopped: 0.0003562 seconds, Stopping threads took: 0.0000476 seconds
[2023-11-16T02:18:01.305+0000][22449.067s][debug][safepoint     ] Safepoint synchronization initiated. (171 threads)
[2023-11-16T02:18:01.305+0000][22449.067s][info ][safepoint     ] Application time: 1.0001663 seconds
[2023-11-16T02:18:01.305+0000][22449.067s][info ][safepoint     ] Entering safepoint region: Cleanup
[2023-11-16T02:18:01.306+0000][22449.067s][info ][safepoint     ] Leaving safepoint region
[2023-11-16T02:18:01.306+0000][22449.067s][info ][safepoint     ] Total time for which application threads were stopped: 0.0003200 seconds, Stopping threads took: 0.0000481 seconds
[2023-11-16T02:18:02.306+0000][22450.067s][debug][safepoint     ] Safepoint synchronization initiated. (171 threads)
[2023-11-16T02:18:02.306+0000][22450.068s][info ][safepoint     ] Application time: 1.0001505 seconds
[2023-11-16T02:18:02.306+0000][22450.068s][info ][safepoint     ] Entering safepoint region: Cleanup
[2023-11-16T02:18:02.306+0000][22450.068s][info ][safepoint     ] Leaving safepoint region
[2023-11-16T02:18:02.306+0000][22450.068s][info ][safepoint     ] Total time for which application threads were stopped: 0.0003471 seconds, Stopping threads took: 0.0000498 seconds
[2023-11-16T02:18:03.306+0000][22451.068s][debug][safepoint     ] Safepoint synchronization initiated. (171 threads)
[2023-11-16T02:18:03.306+0000][22451.068s][info ][safepoint     ] Application time: 1.0001548 seconds
[2023-11-16T02:18:03.306+0000][22451.068s][info ][safepoint     ] Entering safepoint region: Cleanup
[2023-11-16T02:18:03.307+0000][22451.069s][info ][safepoint     ] Leaving safepoint region
[2023-11-16T02:18:03.307+0000][22451.069s][info ][safepoint     ] Total time for which application threads were stopped: 0.0006796 seconds, Stopping threads took: 0.0003978 seconds
[2023-11-16T02:18:04.307+0000][22452.069s][debug][safepoint     ] Safepoint synchronization initiated. (171 threads)
[2023-11-16T02:18:04.307+0000][22452.069s][info ][safepoint     ] Application time: 1.0001402 seconds
[2023-11-16T02:18:04.307+0000][22452.069s][info ][safepoint     ] Entering safepoint region: Cleanup
[2023-11-16T02:18:04.308+0000][22452.069s][info ][safepoint     ] Leaving safepoint region
[2023-11-16T02:18:04.308+0000][22452.069s][info ][safepoint     ] Total time for which application threads were stopped: 0.0003064 seconds, Stopping threads took: 0.0000483 seconds
[2023-11-16T02:18:05.308+0000][22453.069s][debug][safepoint     ] Safepoint synchronization initiated. (171 threads)
[2023-11-16T02:18:05.308+0000][22453.069s][info ][safepoint     ] Application time: 1.0001451 seconds
[2023-11-16T02:18:05.308+0000][22453.069s][info ][safepoint     ] Entering safepoint region: Cleanup
[2023-11-16T02:18:05.308+0000][22453.070s][info ][safepoint     ] Leaving safepoint region
[2023-11-16T02:18:05.308+0000][22453.070s][info ][safepoint     ] Total time for which application threads were stopped: 0.0003385 seconds, Stopping threads took: 0.0000501 seconds
[2023-11-16T02:18:06.308+0000][22454.070s][debug][safepoint     ] Safepoint synchronization initiated. (171 threads)
[2023-11-16T02:18:06.308+0000][22454.070s][info ][safepoint     ] Application time: 1.0001515 seconds
[2023-11-16T02:18:06.308+0000][22454.070s][info ][safepoint     ] Entering safepoint region: Cleanup
[2023-11-16T02:18:06.309+0000][22454.070s][info ][safepoint     ] Leaving safepoint region
[2023-11-16T02:18:06.309+0000][22454.070s][info ][safepoint     ] Total time for which application threads were stopped: 0.0003442 seconds, Stopping threads took: 0.0000495 seconds
[2023-11-16T02:18:07.309+0000][22455.070s][debug][safepoint     ] Safepoint synchronization initiated. (171 threads)
[2023-11-16T02:18:07.309+0000][22455.071s][info ][safepoint     ] Application time: 1.0001713 seconds
[2023-11-16T02:18:07.309+0000][22455.071s][info ][safepoint     ] Entering safepoint region: Cleanup
[2023-11-16T02:18:07.309+0000][22455.071s][info ][safepoint     ] Leaving safepoint region
[2023-11-16T02:18:07.309+0000][22455.071s][info ][safepoint     ] Total time for which application threads were stopped: 0.0003349 seconds, Stopping threads took: 0.0000488 seconds
[2023-11-16T02:18:08.309+0000][22456.071s][debug][safepoint     ] Safepoint synchronization initiated. (171 threads)
[2023-11-16T02:18:08.309+0000][22456.071s][info ][safepoint     ] Application time: 1.0001578 seconds
[2023-11-16T02:18:08.309+0000][22456.071s][info ][safepoint     ] Entering safepoint region: Cleanup
[2023-11-16T02:18:08.310+0000][22456.072s][info ][safepoint     ] Leaving safepoint region
[2023-11-16T02:18:08.310+0000][22456.072s][info ][safepoint     ] Total time for which application threads were stopped: 0.0005274 seconds, Stopping threads took: 0.0003218 seconds
[2023-11-16T02:18:09.310+0000][22457.072s][debug][safepoint     ] Safepoint synchronization initiated. (171 threads)
[2023-11-16T02:18:09.310+0000][22457.072s][info ][safepoint     ] Application time: 1.0001541 seconds
[2023-11-16T02:18:09.310+0000][22457.072s][info ][safepoint     ] Entering safepoint region: Cleanup
[2023-11-16T02:18:09.310+0000][22457.072s][info ][safepoint     ] Leaving safepoint region
[2023-11-16T02:18:09.310+0000][22457.072s][info ][safepoint     ] Total time for which application threads were stopped: 0.0003113 seconds, Stopping threads took: 0.0000481 seconds
[2023-11-16T02:18:10.311+0000][22458.072s][debug][safepoint     ] Safepoint synchronization initiated. (171 threads)
[2023-11-16T02:18:10.311+0000][22458.072s][info ][safepoint     ] Application time: 1.0001434 seconds
[2023-11-16T02:18:10.311+0000][22458.072s][info ][safepoint     ] Entering safepoint region: Cleanup
[2023-11-16T02:18:10.311+0000][22458.073s][info ][safepoint     ] Leaving safepoint region
[2023-11-16T02:18:10.311+0000][22458.073s][info ][safepoint     ] Total time for which application threads were stopped: 0.0003346 seconds, Stopping threads took: 0.0000476 seconds
[2023-11-16T02:18:11.311+0000][22459.073s][debug][safepoint     ] Safepoint synchronization initiated. (171 threads)
[2023-11-16T02:18:11.311+0000][22459.073s][info ][safepoint     ] Application time: 1.0001688 seconds
[2023-11-16T02:18:11.311+0000][22459.073s][info ][safepoint     ] Entering safepoint region: Cleanup
[2023-11-16T02:18:11.311+0000][22459.073s][info ][safepoint     ] Leaving safepoint region
[2023-11-16T02:18:11.311+0000][22459.073s][info ][safepoint     ] Total time for which application threads were stopped: 0.0003273 seconds, Stopping threads took: 0.0000480 seconds
[2023-11-16T02:18:12.312+0000][22460.073s][debug][safepoint     ] Safepoint synchronization initiated. (171 threads)
[2023-11-16T02:18:12.312+0000][22460.073s][info ][safepoint     ] Application time: 1.0001705 seconds
[2023-11-16T02:18:12.312+0000][22460.073s][info ][safepoint     ] Entering safepoint region: Cleanup
[2023-11-16T02:18:12.312+0000][22460.074s][info ][safepoint     ] Leaving safepoint region
[2023-11-16T02:18:12.312+0000][22460.074s][info ][safepoint     ] Total time for which application threads were stopped: 0.0003330 seconds, Stopping threads took: 0.0000476 seconds
[2023-11-16T02:18:13.312+0000][22461.074s][debug][safepoint     ] Safepoint synchronization initiated. (171 threads)
[2023-11-16T02:18:13.312+0000][22461.074s][info ][safepoint     ] Application time: 1.0001561 seconds
[2023-11-16T02:18:13.312+0000][22461.074s][info ][safepoint     ] Entering safepoint region: Cleanup
[2023-11-16T02:18:13.313+0000][22461.074s][info ][safepoint     ] Leaving safepoint region
[2023-11-16T02:18:13.313+0000][22461.074s][info ][safepoint     ] Total time for which application threads were stopped: 0.0006025 seconds, Stopping threads took: 0.0003183 seconds
[2023-11-16T02:18:14.313+0000][22462.075s][debug][safepoint     ] Safepoint synchronization initiated. (171 threads)
[2023-11-16T02:18:14.313+0000][22462.075s][info ][safepoint     ] Application time: 1.0001739 seconds
[2023-11-16T02:18:14.313+0000][22462.075s][info ][safepoint     ] Entering safepoint region: Cleanup
[2023-11-16T02:18:14.313+0000][22462.075s][info ][safepoint     ] Leaving safepoint region
[2023-11-16T02:18:14.313+0000][22462.075s][info ][safepoint     ] Total time for which application threads were stopped: 0.0003347 seconds, Stopping threads took: 0.0000477 seconds
[2023-11-16T02:18:15.314+0000][22463.075s][debug][safepoint     ] Safepoint synchronization initiated. (171 threads)
[2023-11-16T02:18:15.314+0000][22463.075s][info ][safepoint     ] Application time: 1.0001850 seconds
[2023-11-16T02:18:15.314+0000][22463.075s][info ][safepoint     ] Entering safepoint region: Cleanup
[2023-11-16T02:18:15.314+0000][22463.076s][info ][safepoint     ] Leaving safepoint region
[2023-11-16T02:18:15.314+0000][22463.076s][info ][safepoint     ] Total time for which application threads were stopped: 0.0003346 seconds, Stopping threads took: 0.0000484 seconds
[2023-11-16T02:18:16.314+0000][22464.076s][debug][safepoint     ] Safepoint synchronization initiated. (171 threads)
[2023-11-16T02:18:16.314+0000][22464.076s][info ][safepoint     ] Application time: 1.0001519 seconds
[2023-11-16T02:18:16.314+0000][22464.076s][info ][safepoint     ] Entering safepoint region: Cleanup
[2023-11-16T02:18:16.314+0000][22464.076s][info ][safepoint     ] Leaving safepoint region
[2023-11-16T02:18:16.314+0000][22464.076s][info ][safepoint     ] Total time for which application threads were stopped: 0.0003353 seconds, Stopping threads took: 0.0000480 seconds
[2023-11-16T02:18:17.315+0000][22465.076s][debug][safepoint     ] Safepoint synchronization initiated. (171 threads)
[2023-11-16T02:18:17.315+0000][22465.076s][info ][safepoint     ] Application time: 1.0001655 seconds
[2023-11-16T02:18:17.315+0000][22465.076s][info ][safepoint     ] Entering safepoint region: Cleanup
[2023-11-16T02:18:17.315+0000][22465.077s][info ][safepoint     ] Leaving safepoint region
[2023-11-16T02:18:17.315+0000][22465.077s][info ][safepoint     ] Total time for which application threads were stopped: 0.0002715 seconds, Stopping threads took: 0.0000472 seconds
[2023-11-16T02:18:18.315+0000][22466.077s][debug][safepoint     ] Safepoint synchronization initiated. (171 threads)
[2023-11-16T02:18:18.315+0000][22466.077s][info ][safepoint     ] Application time: 1.0001708 seconds
[2023-11-16T02:18:18.315+0000][22466.077s][info ][safepoint     ] Entering safepoint region: Cleanup
[2023-11-16T02:18:18.315+0000][22466.077s][info ][safepoint     ] Leaving safepoint region
[2023-11-16T02:18:18.315+0000][22466.077s][info ][safepoint     ] Total time for which application threads were stopped: 0.0002672 seconds, Stopping threads took: 0.0000522 seconds
[2023-11-16T02:18:19.316+0000][22467.077s][debug][safepoint     ] Safepoint synchronization initiated. (171 threads)
[2023-11-16T02:18:19.316+0000][22467.077s][info ][safepoint     ] Application time: 1.0001469 seconds
[2023-11-16T02:18:19.316+0000][22467.077s][info ][safepoint     ] Entering safepoint region: Cleanup
[2023-11-16T02:18:19.316+0000][22467.077s][info ][safepoint     ] Leaving safepoint region
[2023-11-16T02:18:19.316+0000][22467.077s][info ][safepoint     ] Total time for which application threads were stopped: 0.0002457 seconds, Stopping threads took: 0.0000486 seconds
[2023-11-16T02:18:20.316+0000][22468.078s][debug][safepoint     ] Safepoint synchronization initiated. (171 threads)
[2023-11-16T02:18:20.316+0000][22468.078s][info ][safepoint     ] Application time: 1.0001483 seconds
[2023-11-16T02:18:20.316+0000][22468.078s][info ][safepoint     ] Entering safepoint region: Cleanup
[2023-11-16T02:18:20.316+0000][22468.078s][info ][safepoint     ] Leaving safepoint region
[2023-11-16T02:18:20.316+0000][22468.078s][info ][safepoint     ] Total time for which application threads were stopped: 0.0002394 seconds, Stopping threads took: 0.0000481 seconds
[2023-11-16T02:18:21.316+0000][22469.078s][debug][safepoint     ] Safepoint synchronization initiated. (171 threads)
[2023-11-16T02:18:21.316+0000][22469.078s][info ][safepoint     ] Application time: 1.0001532 seconds
[2023-11-16T02:18:21.316+0000][22469.078s][info ][safepoint     ] Entering safepoint region: Cleanup
[2023-11-16T02:18:21.317+0000][22469.078s][info ][safepoint     ] Leaving safepoint region
[2023-11-16T02:18:21.317+0000][22469.078s][info ][safepoint     ] Total time for which application threads were stopped: 0.0002525 seconds, Stopping threads took: 0.0000488 seconds
[2023-11-16T02:18:22.317+0000][22470.078s][debug][safepoint     ] Safepoint synchronization initiated. (171 threads)
[2023-11-16T02:18:22.317+0000][22470.078s][info ][safepoint     ] Application time: 1.0001360 seconds
[2023-11-16T02:18:22.317+0000][22470.079s][info ][safepoint     ] Entering safepoint region: Cleanup
[2023-11-16T02:18:22.317+0000][22470.079s][info ][safepoint     ] Leaving safepoint region
[2023-11-16T02:18:22.317+0000][22470.079s][info ][safepoint     ] Total time for which application threads were stopped: 0.0003371 seconds, Stopping threads took: 0.0000463 seconds
[2023-11-16T02:18:23.317+0000][22471.079s][debug][safepoint     ] Safepoint synchronization initiated. (171 threads)
[2023-11-16T02:18:23.317+0000][22471.079s][info ][safepoint     ] Application time: 1.0001576 seconds
[2023-11-16T02:18:23.317+0000][22471.079s][info ][safepoint     ] Entering safepoint region: Cleanup
[2023-11-16T02:18:23.318+0000][22471.080s][info ][safepoint     ] Leaving safepoint region
[2023-11-16T02:18:23.318+0000][22471.080s][info ][safepoint     ] Total time for which application threads were stopped: 0.0004828 seconds, Stopping threads took: 0.0002496 seconds
[2023-11-16T02:18:24.318+0000][22472.080s][debug][safepoint     ] Safepoint synchronization initiated. (171 threads)
[2023-11-16T02:18:24.318+0000][22472.080s][info ][safepoint     ] Application time: 1.0001562 seconds
[2023-11-16T02:18:24.318+0000][22472.080s][info ][safepoint     ] Entering safepoint region: Cleanup
[2023-11-16T02:18:24.318+0000][22472.080s][info ][safepoint     ] Leaving safepoint region
[2023-11-16T02:18:24.318+0000][22472.080s][info ][safepoint     ] Total time for which application threads were stopped: 0.0003314 seconds, Stopping threads took: 0.0000476 seconds
[2023-11-16T02:18:25.319+0000][22473.080s][debug][safepoint     ] Safepoint synchronization initiated. (171 threads)
[2023-11-16T02:18:25.319+0000][22473.080s][info ][safepoint     ] Application time: 1.0001532 seconds
[2023-11-16T02:18:25.319+0000][22473.080s][info ][safepoint     ] Entering safepoint region: Cleanup
[2023-11-16T02:18:25.319+0000][22473.081s][info ][safepoint     ] Leaving safepoint region
[2023-11-16T02:18:25.319+0000][22473.081s][info ][safepoint     ] Total time for which application threads were stopped: 0.0003056 seconds, Stopping threads took: 0.0000487 seconds
[2023-11-16T02:18:26.319+0000][22474.081s][debug][safepoint     ] Safepoint synchronization initiated. (171 threads)
[2023-11-16T02:18:26.319+0000][22474.081s][info ][safepoint     ] Application time: 1.0001595 seconds
[2023-11-16T02:18:26.319+0000][22474.081s][info ][safepoint     ] Entering safepoint region: Cleanup
[2023-11-16T02:18:26.319+0000][22474.081s][info ][safepoint     ] Leaving safepoint region
[2023-11-16T02:18:26.319+0000][22474.081s][info ][safepoint     ] Total time for which application threads were stopped: 0.0002362 seconds, Stopping threads took: 0.0000484 seconds
[2023-11-16T02:18:27.319+0000][22475.081s][debug][safepoint     ] Safepoint synchronization initiated. (171 threads)
[2023-11-16T02:18:27.320+0000][22475.081s][info ][safepoint     ] Application time: 1.0001748 seconds
[2023-11-16T02:18:27.320+0000][22475.081s][info ][safepoint     ] Entering safepoint region: Cleanup
[2023-11-16T02:18:27.320+0000][22475.081s][info ][safepoint     ] Leaving safepoint region
[2023-11-16T02:18:27.320+0000][22475.081s][info ][safepoint     ] Total time for which application threads were stopped: 0.0002480 seconds, Stopping threads took: 0.0000479 seconds
[2023-11-16T02:18:28.320+0000][22476.082s][debug][safepoint     ] Safepoint synchronization initiated. (171 threads)
[2023-11-16T02:18:28.320+0000][22476.082s][info ][safepoint     ] Application time: 1.0001522 seconds
[2023-11-16T02:18:28.320+0000][22476.082s][info ][safepoint     ] Entering safepoint region: Cleanup
[2023-11-16T02:18:28.320+0000][22476.082s][info ][safepoint     ] Leaving safepoint region
[2023-11-16T02:18:28.320+0000][22476.082s][info ][safepoint     ] Total time for which application threads were stopped: 0.0003362 seconds, Stopping threads took: 0.0000489 seconds
[2023-11-16T02:18:29.320+0000][22477.082s][debug][safepoint     ] Safepoint synchronization initiated. (171 threads)
[2023-11-16T02:18:29.321+0000][22477.082s][info ][safepoint     ] Application time: 1.0001465 seconds
[2023-11-16T02:18:29.321+0000][22477.082s][info ][safepoint     ] Entering safepoint region: Cleanup
[2023-11-16T02:18:29.321+0000][22477.082s][info ][safepoint     ] Leaving safepoint region
[2023-11-16T02:18:29.321+0000][22477.082s][info ][safepoint     ] Total time for which application threads were stopped: 0.0003337 seconds, Stopping threads took: 0.0000481 seconds
[2023-11-16T02:18:30.321+0000][22478.083s][debug][safepoint     ] Safepoint synchronization initiated. (171 threads)
[2023-11-16T02:18:30.321+0000][22478.083s][info ][safepoint     ] Application time: 1.0001657 seconds
[2023-11-16T02:18:30.321+0000][22478.083s][info ][safepoint     ] Entering safepoint region: Cleanup
[2023-11-16T02:18:30.321+0000][22478.083s][info ][safepoint     ] Leaving safepoint region
[2023-11-16T02:18:30.321+0000][22478.083s][info ][safepoint     ] Total time for which application threads were stopped: 0.0003326 seconds, Stopping threads took: 0.0000472 seconds
[2023-11-16T02:18:31.322+0000][22479.083s][debug][safepoint     ] Safepoint synchronization initiated. (171 threads)
[2023-11-16T02:18:31.322+0000][22479.083s][info ][safepoint     ] Application time: 1.0001647 seconds
[2023-11-16T02:18:31.322+0000][22479.083s][info ][safepoint     ] Entering safepoint region: Cleanup
[2023-11-16T02:18:31.322+0000][22479.084s][info ][safepoint     ] Leaving safepoint region
[2023-11-16T02:18:31.322+0000][22479.084s][info ][safepoint     ] Total time for which application threads were stopped: 0.0003350 seconds, Stopping threads took: 0.0000478 seconds
[2023-11-16T02:18:32.322+0000][22480.084s][debug][safepoint     ] Safepoint synchronization initiated. (171 threads)
[2023-11-16T02:18:32.322+0000][22480.084s][info ][safepoint     ] Application time: 1.0001639 seconds
[2023-11-16T02:18:32.322+0000][22480.084s][info ][safepoint     ] Entering safepoint region: Cleanup
[2023-11-16T02:18:32.323+0000][22480.084s][info ][safepoint     ] Leaving safepoint region
[2023-11-16T02:18:32.323+0000][22480.085s][info ][safepoint     ] Total time for which application threads were stopped: 0.0007683 seconds, Stopping threads took: 0.0004799 seconds
[2023-11-16T02:18:33.323+0000][22481.085s][debug][safepoint     ] Safepoint synchronization initiated. (172 threads)
[2023-11-16T02:18:33.323+0000][22481.085s][info ][safepoint     ] Application time: 1.0001500 seconds
[2023-11-16T02:18:33.323+0000][22481.085s][info ][safepoint     ] Entering safepoint region: Cleanup
[2023-11-16T02:18:33.323+0000][22481.085s][info ][safepoint     ] Leaving safepoint region
[2023-11-16T02:18:33.323+0000][22481.085s][info ][safepoint     ] Total time for which application threads were stopped: 0.0003054 seconds, Stopping threads took: 0.0000486 seconds
[2023-11-16T02:18:34.324+0000][22482.085s][debug][safepoint     ] Safepoint synchronization initiated. (172 threads)
[2023-11-16T02:18:34.324+0000][22482.085s][info ][safepoint     ] Application time: 1.0001549 seconds
[2023-11-16T02:18:34.324+0000][22482.085s][info ][safepoint     ] Entering safepoint region: Cleanup
[2023-11-16T02:18:34.324+0000][22482.086s][info ][safepoint     ] Leaving safepoint region
[2023-11-16T02:18:34.324+0000][22482.086s][info ][safepoint     ] Total time for which application threads were stopped: 0.0003349 seconds, Stopping threads took: 0.0000472 seconds
[2023-11-16T02:18:35.324+0000][22483.086s][debug][safepoint     ] Safepoint synchronization initiated. (172 threads)
[2023-11-16T02:18:35.324+0000][22483.086s][info ][safepoint     ] Application time: 1.0001546 seconds
[2023-11-16T02:18:35.324+0000][22483.086s][info ][safepoint     ] Entering safepoint region: Cleanup
[2023-11-16T02:18:35.324+0000][22483.086s][info ][safepoint     ] Leaving safepoint region
[2023-11-16T02:18:35.324+0000][22483.086s][info ][safepoint     ] Total time for which application threads were stopped: 0.0002509 seconds, Stopping threads took: 0.0000551 seconds
[2023-11-16T02:18:36.324+0000][22484.086s][debug][safepoint     ] Safepoint synchronization initiated. (172 threads)
[2023-11-16T02:18:36.325+0000][22484.086s][info ][safepoint     ] Application time: 1.0001581 seconds
[2023-11-16T02:18:36.325+0000][22484.086s][info ][safepoint     ] Entering safepoint region: Cleanup
[2023-11-16T02:18:36.325+0000][22484.087s][info ][safepoint     ] Leaving safepoint region
[2023-11-16T02:18:36.325+0000][22484.087s][info ][safepoint     ] Total time for which application threads were stopped: 0.0003454 seconds, Stopping threads took: 0.0000484 seconds
[2023-11-16T02:18:37.325+0000][22485.087s][debug][safepoint     ] Safepoint synchronization initiated. (172 threads)
[2023-11-16T02:18:37.325+0000][22485.087s][info ][safepoint     ] Application time: 1.0001690 seconds
[2023-11-16T02:18:37.325+0000][22485.087s][info ][safepoint     ] Entering safepoint region: Cleanup
[2023-11-16T02:18:37.326+0000][22485.087s][info ][safepoint     ] Leaving safepoint region
[2023-11-16T02:18:37.326+0000][22485.087s][info ][safepoint     ] Total time for which application threads were stopped: 0.0004444 seconds, Stopping threads took: 0.0001419 seconds
[2023-11-16T02:18:38.326+0000][22486.087s][debug][safepoint     ] Safepoint synchronization initiated. (172 threads)
[2023-11-16T02:18:38.326+0000][22486.087s][info ][safepoint     ] Application time: 1.0001798 seconds
[2023-11-16T02:18:38.326+0000][22486.087s][info ][safepoint     ] Entering safepoint region: Cleanup
[2023-11-16T02:18:38.326+0000][22486.088s][info ][safepoint     ] Leaving safepoint region
[2023-11-16T02:18:38.326+0000][22486.088s][info ][safepoint     ] Total time for which application threads were stopped: 0.0003319 seconds, Stopping threads took: 0.0000473 seconds
[2023-11-16T02:18:39.326+0000][22487.088s][debug][safepoint     ] Safepoint synchronization initiated. (172 threads)
[2023-11-16T02:18:39.326+0000][22487.088s][info ][safepoint     ] Application time: 1.0001577 seconds
[2023-11-16T02:18:39.326+0000][22487.088s][info ][safepoint     ] Entering safepoint region: Cleanup
[2023-11-16T02:18:39.327+0000][22487.088s][info ][safepoint     ] Leaving safepoint region
[2023-11-16T02:18:39.327+0000][22487.088s][info ][safepoint     ] Total time for which application threads were stopped: 0.0003393 seconds, Stopping threads took: 0.0000487 seconds
[2023-11-16T02:18:40.327+0000][22488.088s][debug][safepoint     ] Safepoint synchronization initiated. (171 threads)
[2023-11-16T02:18:40.327+0000][22488.088s][info ][safepoint     ] Application time: 1.0001475 seconds
[2023-11-16T02:18:40.327+0000][22488.089s][info ][safepoint     ] Entering safepoint region: Cleanup
[2023-11-16T02:18:40.327+0000][22488.089s][info ][safepoint     ] Leaving safepoint region
[2023-11-16T02:18:40.327+0000][22488.089s][info ][safepoint     ] Total time for which application threads were stopped: 0.0003375 seconds, Stopping threads took: 0.0000492 seconds
[2023-11-16T02:18:41.327+0000][22489.089s][debug][safepoint     ] Safepoint synchronization initiated. (171 threads)
[2023-11-16T02:18:41.327+0000][22489.089s][info ][safepoint     ] Application time: 1.0001753 seconds
[2023-11-16T02:18:41.327+0000][22489.089s][info ][safepoint     ] Entering safepoint region: Cleanup
[2023-11-16T02:18:41.328+0000][22489.089s][info ][safepoint     ] Leaving safepoint region
[2023-11-16T02:18:41.328+0000][22489.089s][info ][safepoint     ] Total time for which application threads were stopped: 0.0003638 seconds, Stopping threads took: 0.0000690 seconds
[2023-11-16T02:18:42.328+0000][22490.090s][debug][safepoint     ] Safepoint synchronization initiated. (171 threads)
[2023-11-16T02:18:42.328+0000][22490.090s][info ][safepoint     ] Application time: 1.0001660 seconds
[2023-11-16T02:18:42.328+0000][22490.090s][info ][safepoint     ] Entering safepoint region: Cleanup
[2023-11-16T02:18:42.329+0000][22490.090s][info ][safepoint     ] Leaving safepoint region
[2023-11-16T02:18:42.329+0000][22490.090s][info ][safepoint     ] Total time for which application threads were stopped: 0.0006116 seconds, Stopping threads took: 0.0003253 seconds
[2023-11-16T02:18:43.329+0000][22491.090s][debug][safepoint     ] Safepoint synchronization initiated. (171 threads)
[2023-11-16T02:18:43.329+0000][22491.090s][info ][safepoint     ] Application time: 1.0001513 seconds
[2023-11-16T02:18:43.329+0000][22491.090s][info ][safepoint     ] Entering safepoint region: Cleanup
[2023-11-16T02:18:43.329+0000][22491.091s][info ][safepoint     ] Leaving safepoint region
[2023-11-16T02:18:43.329+0000][22491.091s][info ][safepoint     ] Total time for which application threads were stopped: 0.0002421 seconds, Stopping threads took: 0.0000479 seconds
[2023-11-16T02:18:44.329+0000][22492.091s][debug][safepoint     ] Safepoint synchronization initiated. (171 threads)
[2023-11-16T02:18:44.329+0000][22492.091s][info ][safepoint     ] Application time: 1.0001693 seconds
[2023-11-16T02:18:44.329+0000][22492.091s][debug][safepoint     ] ... found polling page return exception at pc = 0x00007f693033e547, stub =0x00007f692883a800
[2023-11-16T02:18:44.329+0000][22492.091s][debug][safepoint     ] Waiting for 1 thread(s) to block
[2023-11-16T02:18:44.329+0000][22492.091s][info ][safepoint     ] Entering safepoint region: Cleanup
[2023-11-16T02:18:44.330+0000][22492.091s][info ][safepoint     ] Leaving safepoint region
[2023-11-16T02:18:44.330+0000][22492.091s][info ][safepoint     ] Total time for which application threads were stopped: 0.0003922 seconds, Stopping threads took: 0.0001553 seconds
[2023-11-16T02:18:45.330+0000][22493.091s][debug][safepoint     ] Safepoint synchronization initiated. (171 threads)
[2023-11-16T02:18:45.330+0000][22493.091s][info ][safepoint     ] Application time: 1.0001786 seconds
[2023-11-16T02:18:45.330+0000][22493.091s][info ][safepoint     ] Entering safepoint region: Cleanup
[2023-11-16T02:18:45.330+0000][22493.092s][info ][safepoint     ] Leaving safepoint region
[2023-11-16T02:18:45.330+0000][22493.092s][info ][safepoint     ] Total time for which application threads were stopped: 0.0003429 seconds, Stopping threads took: 0.0000501 seconds
[2023-11-16T02:18:46.330+0000][22494.092s][debug][safepoint     ] Safepoint synchronization initiated. (171 threads)
[2023-11-16T02:18:46.330+0000][22494.092s][info ][safepoint     ] Application time: 1.0001659 seconds
[2023-11-16T02:18:46.330+0000][22494.092s][info ][safepoint     ] Entering safepoint region: Cleanup
[2023-11-16T02:18:46.331+0000][22494.092s][info ][safepoint     ] Leaving safepoint region
[2023-11-16T02:18:46.331+0000][22494.092s][info ][safepoint     ] Total time for which application threads were stopped: 0.0002695 seconds, Stopping threads took: 0.0000511 seconds
[2023-11-16T02:18:47.331+0000][22495.092s][debug][safepoint     ] Safepoint synchronization initiated. (171 threads)
[2023-11-16T02:18:47.331+0000][22495.092s][info ][safepoint     ] Application time: 1.0001665 seconds
[2023-11-16T02:18:47.331+0000][22495.093s][info ][safepoint     ] Entering safepoint region: Cleanup
[2023-11-16T02:18:47.331+0000][22495.093s][info ][safepoint     ] Leaving safepoint region
[2023-11-16T02:18:47.331+0000][22495.093s][info ][safepoint     ] Total time for which application threads were stopped: 0.0004147 seconds, Stopping threads took: 0.0001663 seconds
[2023-11-16T02:18:48.331+0000][22496.093s][debug][safepoint     ] Safepoint synchronization initiated. (171 threads)
[2023-11-16T02:18:48.331+0000][22496.093s][info ][safepoint     ] Application time: 1.0001693 seconds
[2023-11-16T02:18:48.332+0000][22496.093s][info ][safepoint     ] Entering safepoint region: Cleanup
[2023-11-16T02:18:48.332+0000][22496.093s][info ][safepoint     ] Leaving safepoint region
[2023-11-16T02:18:48.332+0000][22496.093s][info ][safepoint     ] Total time for which application threads were stopped: 0.0002767 seconds, Stopping threads took: 0.0000495 seconds
[2023-11-16T02:18:49.332+0000][22497.094s][debug][safepoint     ] Safepoint synchronization initiated. (171 threads)
[2023-11-16T02:18:49.332+0000][22497.094s][info ][safepoint     ] Application time: 1.0001434 seconds
[2023-11-16T02:18:49.332+0000][22497.094s][info ][safepoint     ] Entering safepoint region: Cleanup
[2023-11-16T02:18:49.332+0000][22497.094s][info ][safepoint     ] Leaving safepoint region
[2023-11-16T02:18:49.332+0000][22497.094s][info ][safepoint     ] Total time for which application threads were stopped: 0.0002528 seconds, Stopping threads took: 0.0000490 seconds
[2023-11-16T02:18:50.332+0000][22498.094s][debug][safepoint     ] Safepoint synchronization initiated. (171 threads)
[2023-11-16T02:18:50.332+0000][22498.094s][info ][safepoint     ] Application time: 1.0001711 seconds
[2023-11-16T02:18:50.332+0000][22498.094s][info ][safepoint     ] Entering safepoint region: Cleanup
[2023-11-16T02:18:50.333+0000][22498.094s][info ][safepoint     ] Leaving safepoint region
[2023-11-16T02:18:50.333+0000][22498.094s][info ][safepoint     ] Total time for which application threads were stopped: 0.0003382 seconds, Stopping threads took: 0.0000482 seconds
[2023-11-16T02:18:51.333+0000][22499.094s][debug][safepoint     ] Safepoint synchronization initiated. (171 threads)
[2023-11-16T02:18:51.333+0000][22499.095s][info ][safepoint     ] Application time: 1.0001528 seconds
[2023-11-16T02:18:51.333+0000][22499.095s][info ][safepoint     ] Entering safepoint region: Cleanup
[2023-11-16T02:18:51.333+0000][22499.095s][info ][safepoint     ] Leaving safepoint region
[2023-11-16T02:18:51.333+0000][22499.095s][info ][safepoint     ] Total time for which application threads were stopped: 0.0003344 seconds, Stopping threads took: 0.0000488 seconds
[2023-11-16T02:18:52.333+0000][22500.095s][debug][safepoint     ] Safepoint synchronization initiated. (171 threads)
[2023-11-16T02:18:52.333+0000][22500.095s][info ][safepoint     ] Application time: 1.0001683 seconds
[2023-11-16T02:18:52.333+0000][22500.095s][info ][safepoint     ] Entering safepoint region: Cleanup
[2023-11-16T02:18:52.334+0000][22500.095s][info ][safepoint     ] Leaving safepoint region
[2023-11-16T02:18:52.334+0000][22500.095s][info ][safepoint     ] Total time for which application threads were stopped: 0.0003062 seconds, Stopping threads took: 0.0000478 seconds
[2023-11-16T02:18:53.334+0000][22501.096s][debug][safepoint     ] Safepoint synchronization initiated. (171 threads)
[2023-11-16T02:18:53.334+0000][22501.096s][info ][safepoint     ] Application time: 1.0001498 seconds
[2023-11-16T02:18:53.334+0000][22501.096s][info ][safepoint     ] Entering safepoint region: Cleanup
[2023-11-16T02:18:53.334+0000][22501.096s][info ][safepoint     ] Leaving safepoint region
[2023-11-16T02:18:53.334+0000][22501.096s][info ][safepoint     ] Total time for which application threads were stopped: 0.0003356 seconds, Stopping threads took: 0.0000507 seconds
[2023-11-16T02:18:54.334+0000][22502.096s][debug][safepoint     ] Safepoint synchronization initiated. (171 threads)
[2023-11-16T02:18:54.334+0000][22502.096s][info ][safepoint     ] Application time: 1.0001468 seconds
[2023-11-16T02:18:54.335+0000][22502.096s][info ][safepoint     ] Entering safepoint region: Cleanup
[2023-11-16T02:18:54.335+0000][22502.096s][info ][safepoint     ] Leaving safepoint region
[2023-11-16T02:18:54.335+0000][22502.096s][info ][safepoint     ] Total time for which application threads were stopped: 0.0002498 seconds, Stopping threads took: 0.0000471 seconds
[2023-11-16T02:18:55.335+0000][22503.096s][debug][safepoint     ] Safepoint synchronization initiated. (171 threads)
[2023-11-16T02:18:55.335+0000][22503.097s][info ][safepoint     ] Application time: 1.0001465 seconds
[2023-11-16T02:18:55.335+0000][22503.097s][info ][safepoint     ] Entering safepoint region: Cleanup
[2023-11-16T02:18:55.335+0000][22503.097s][info ][safepoint     ] Leaving safepoint region
[2023-11-16T02:18:55.335+0000][22503.097s][info ][safepoint     ] Total time for which application threads were stopped: 0.0003406 seconds, Stopping threads took: 0.0000500 seconds
[2023-11-16T02:18:56.335+0000][22504.097s][debug][safepoint     ] Safepoint synchronization initiated. (171 threads)
[2023-11-16T02:18:56.335+0000][22504.097s][info ][safepoint     ] Application time: 1.0001617 seconds
[2023-11-16T02:18:56.336+0000][22504.097s][debug][safepoint     ] ... found polling page return exception at pc = 0x00007f6931025dbe, stub =0x00007f692883a800
[2023-11-16T02:18:56.336+0000][22504.097s][debug][safepoint     ] Waiting for 1 thread(s) to block
[2023-11-16T02:18:56.336+0000][22504.097s][info ][safepoint     ] Entering safepoint region: Cleanup
[2023-11-16T02:18:56.336+0000][22504.097s][info ][safepoint     ] Leaving safepoint region
[2023-11-16T02:18:56.336+0000][22504.097s][info ][safepoint     ] Total time for which application threads were stopped: 0.0003435 seconds, Stopping threads took: 0.0001508 seconds
[2023-11-16T02:18:57.336+0000][22505.098s][debug][safepoint     ] Safepoint synchronization initiated. (171 threads)
[2023-11-16T02:18:57.336+0000][22505.098s][info ][safepoint     ] Application time: 1.0001526 seconds
[2023-11-16T02:18:57.336+0000][22505.098s][info ][safepoint     ] Entering safepoint region: Cleanup
[2023-11-16T02:18:57.336+0000][22505.098s][info ][safepoint     ] Leaving safepoint region
[2023-11-16T02:18:57.336+0000][22505.098s][info ][safepoint     ] Total time for which application threads were stopped: 0.0002878 seconds, Stopping threads took: 0.0000483 seconds
[2023-11-16T02:18:58.336+0000][22506.098s][debug][safepoint     ] Safepoint synchronization initiated. (171 threads)
[2023-11-16T02:18:58.336+0000][22506.098s][info ][safepoint     ] Application time: 1.0001363 seconds
[2023-11-16T02:18:58.337+0000][22506.098s][info ][safepoint     ] Entering safepoint region: Cleanup
[2023-11-16T02:18:58.337+0000][22506.098s][info ][safepoint     ] Leaving safepoint region
[2023-11-16T02:18:58.337+0000][22506.098s][info ][safepoint     ] Total time for which application threads were stopped: 0.0003290 seconds, Stopping threads took: 0.0000472 seconds
[2023-11-16T02:18:59.337+0000][22507.099s][debug][safepoint     ] Safepoint synchronization initiated. (171 threads)
[2023-11-16T02:18:59.337+0000][22507.099s][info ][safepoint     ] Application time: 1.0001551 seconds
[2023-11-16T02:18:59.337+0000][22507.099s][info ][safepoint     ] Entering safepoint region: Cleanup
[2023-11-16T02:18:59.337+0000][22507.099s][info ][safepoint     ] Leaving safepoint region
[2023-11-16T02:18:59.337+0000][22507.099s][info ][safepoint     ] Total time for which application threads were stopped: 0.0003264 seconds, Stopping threads took: 0.0000482 seconds
[2023-11-16T02:19:00.337+0000][22508.099s][debug][safepoint     ] Safepoint synchronization initiated. (171 threads)
[2023-11-16T02:19:00.338+0000][22508.099s][info ][safepoint     ] Application time: 1.0001681 seconds
[2023-11-16T02:19:00.338+0000][22508.099s][info ][safepoint     ] Entering safepoint region: Cleanup
[2023-11-16T02:19:00.338+0000][22508.099s][info ][safepoint     ] Leaving safepoint region
[2023-11-16T02:19:00.338+0000][22508.099s][info ][safepoint     ] Total time for which application threads were stopped: 0.0002724 seconds, Stopping threads took: 0.0000493 seconds
[2023-11-16T02:19:01.338+0000][22509.100s][debug][safepoint     ] Safepoint synchronization initiated. (171 threads)
[2023-11-16T02:19:01.338+0000][22509.100s][info ][safepoint     ] Application time: 1.0001560 seconds
[2023-11-16T02:19:01.338+0000][22509.100s][info ][safepoint     ] Entering safepoint region: Cleanup
[2023-11-16T02:19:01.338+0000][22509.100s][info ][safepoint     ] Leaving safepoint region
[2023-11-16T02:19:01.338+0000][22509.100s][info ][safepoint     ] Total time for which application threads were stopped: 0.0004936 seconds, Stopping threads took: 0.0002456 seconds
[2023-11-16T02:19:02.339+0000][22510.100s][debug][safepoint     ] Safepoint synchronization initiated. (171 threads)
[2023-11-16T02:19:02.339+0000][22510.100s][info ][safepoint     ] Application time: 1.0001518 seconds
[2023-11-16T02:19:02.339+0000][22510.100s][info ][safepoint     ] Entering safepoint region: Cleanup
[2023-11-16T02:19:02.339+0000][22510.101s][info ][safepoint     ] Leaving safepoint region
[2023-11-16T02:19:02.339+0000][22510.101s][info ][safepoint     ] Total time for which application threads were stopped: 0.0003033 seconds, Stopping threads took: 0.0000472 seconds
[2023-11-16T02:19:03.339+0000][22511.101s][debug][safepoint     ] Safepoint synchronization initiated. (171 threads)
[2023-11-16T02:19:03.339+0000][22511.101s][info ][safepoint     ] Application time: 1.0001512 seconds
[2023-11-16T02:19:03.339+0000][22511.101s][info ][safepoint     ] Entering safepoint region: Cleanup
[2023-11-16T02:19:03.339+0000][22511.101s][info ][safepoint     ] Leaving safepoint region
[2023-11-16T02:19:03.340+0000][22511.101s][info ][safepoint     ] Total time for which application threads were stopped: 0.0003511 seconds, Stopping threads took: 0.0000479 seconds
[2023-11-16T02:19:04.340+0000][22512.101s][debug][safepoint     ] Safepoint synchronization initiated. (171 threads)
[2023-11-16T02:19:04.340+0000][22512.101s][info ][safepoint     ] Application time: 1.0001289 seconds
[2023-11-16T02:19:04.340+0000][22512.101s][info ][safepoint     ] Entering safepoint region: Cleanup
[2023-11-16T02:19:04.340+0000][22512.102s][info ][safepoint     ] Leaving safepoint region
[2023-11-16T02:19:04.340+0000][22512.102s][info ][safepoint     ] Total time for which application threads were stopped: 0.0003310 seconds, Stopping threads took: 0.0000478 seconds
[2023-11-16T02:19:05.340+0000][22513.102s][debug][safepoint     ] Safepoint synchronization initiated. (171 threads)
[2023-11-16T02:19:05.340+0000][22513.102s][info ][safepoint     ] Application time: 1.0001561 seconds
[2023-11-16T02:19:05.340+0000][22513.102s][info ][safepoint     ] Entering safepoint region: Cleanup
[2023-11-16T02:19:05.340+0000][22513.102s][info ][safepoint     ] Leaving safepoint region
[2023-11-16T02:19:05.340+0000][22513.102s][info ][safepoint     ] Total time for which application threads were stopped: 0.0002562 seconds, Stopping threads took: 0.0000500 seconds
[2023-11-16T02:19:06.341+0000][22514.102s][debug][safepoint     ] Safepoint synchronization initiated. (171 threads)
[2023-11-16T02:19:06.341+0000][22514.102s][info ][safepoint     ] Application time: 1.0001738 seconds
[2023-11-16T02:19:06.341+0000][22514.102s][info ][safepoint     ] Entering safepoint region: Cleanup
[2023-11-16T02:19:06.341+0000][22514.103s][info ][safepoint     ] Leaving safepoint region
[2023-11-16T02:19:06.341+0000][22514.103s][info ][safepoint     ] Total time for which application threads were stopped: 0.0006411 seconds, Stopping threads took: 0.0004011 seconds
[2023-11-16T02:19:07.341+0000][22515.103s][debug][safepoint     ] Safepoint synchronization initiated. (171 threads)
[2023-11-16T02:19:07.341+0000][22515.103s][info ][safepoint     ] Application time: 1.0001494 seconds
[2023-11-16T02:19:07.342+0000][22515.103s][info ][safepoint     ] Entering safepoint region: Cleanup
[2023-11-16T02:19:07.342+0000][22515.103s][info ][safepoint     ] Leaving safepoint region
[2023-11-16T02:19:07.342+0000][22515.103s][info ][safepoint     ] Total time for which application threads were stopped: 0.0003349 seconds, Stopping threads took: 0.0000486 seconds
[2023-11-16T02:19:08.342+0000][22516.104s][debug][safepoint     ] Safepoint synchronization initiated. (171 threads)
[2023-11-16T02:19:08.342+0000][22516.104s][info ][safepoint     ] Application time: 1.0001493 seconds
[2023-11-16T02:19:08.342+0000][22516.104s][info ][safepoint     ] Entering safepoint region: Cleanup
[2023-11-16T02:19:08.342+0000][22516.104s][info ][safepoint     ] Leaving safepoint region
[2023-11-16T02:19:08.342+0000][22516.104s][info ][safepoint     ] Total time for which application threads were stopped: 0.0003343 seconds, Stopping threads took: 0.0000493 seconds
[2023-11-16T02:19:09.342+0000][22517.104s][debug][safepoint     ] Safepoint synchronization initiated. (171 threads)
[2023-11-16T02:19:09.343+0000][22517.104s][info ][safepoint     ] Application time: 1.0001671 seconds
[2023-11-16T02:19:09.343+0000][22517.104s][info ][safepoint     ] Entering safepoint region: Cleanup
[2023-11-16T02:19:09.343+0000][22517.104s][info ][safepoint     ] Leaving safepoint region
[2023-11-16T02:19:09.343+0000][22517.105s][info ][safepoint     ] Total time for which application threads were stopped: 0.0003347 seconds, Stopping threads took: 0.0000477 seconds
[2023-11-16T02:19:10.343+0000][22518.105s][debug][safepoint     ] Safepoint synchronization initiated. (171 threads)
[2023-11-16T02:19:10.343+0000][22518.105s][info ][safepoint     ] Application time: 1.0001693 seconds
[2023-11-16T02:19:10.343+0000][22518.105s][info ][safepoint     ] Entering safepoint region: Cleanup
[2023-11-16T02:19:10.343+0000][22518.105s][info ][safepoint     ] Leaving safepoint region
[2023-11-16T02:19:10.343+0000][22518.105s][info ][safepoint     ] Total time for which application threads were stopped: 0.0002473 seconds, Stopping threads took: 0.0000498 seconds
[2023-11-16T02:19:11.343+0000][22519.105s][debug][safepoint     ] Safepoint synchronization initiated. (171 threads)
[2023-11-16T02:19:11.344+0000][22519.105s][info ][safepoint     ] Application time: 1.0001779 seconds
[2023-11-16T02:19:11.344+0000][22519.105s][info ][safepoint     ] Entering safepoint region: Cleanup
[2023-11-16T02:19:11.344+0000][22519.105s][info ][safepoint     ] Leaving safepoint region
[2023-11-16T02:19:11.344+0000][22519.105s][info ][safepoint     ] Total time for which application threads were stopped: 0.0002697 seconds, Stopping threads took: 0.0000546 seconds
[2023-11-16T02:19:12.344+0000][22520.106s][debug][safepoint     ] Safepoint synchronization initiated. (171 threads)
[2023-11-16T02:19:12.344+0000][22520.106s][info ][safepoint     ] Application time: 1.0001513 seconds
[2023-11-16T02:19:12.344+0000][22520.106s][info ][safepoint     ] Entering safepoint region: Cleanup
[2023-11-16T02:19:12.344+0000][22520.106s][info ][safepoint     ] Leaving safepoint region
[2023-11-16T02:19:12.344+0000][22520.106s][info ][safepoint     ] Total time for which application threads were stopped: 0.0003468 seconds, Stopping threads took: 0.0000493 seconds
[2023-11-16T02:19:13.345+0000][22521.106s][debug][safepoint     ] Safepoint synchronization initiated. (171 threads)
[2023-11-16T02:19:13.345+0000][22521.106s][info ][safepoint     ] Application time: 1.0001710 seconds
[2023-11-16T02:19:13.345+0000][22521.106s][info ][safepoint     ] Entering safepoint region: Cleanup
[2023-11-16T02:19:13.345+0000][22521.107s][info ][safepoint     ] Leaving safepoint region
[2023-11-16T02:19:13.345+0000][22521.107s][info ][safepoint     ] Total time for which application threads were stopped: 0.0003640 seconds, Stopping threads took: 0.0000728 seconds
[2023-11-16T02:19:14.279+0000][22522.040s][debug][safepoint     ] Safepoint synchronization initiated. (171 threads)
[2023-11-16T02:19:14.279+0000][22522.041s][info ][safepoint     ] Application time: 0.9339122 seconds
[2023-11-16T02:19:14.279+0000][22522.041s][info ][safepoint     ] Entering safepoint region: G1CollectForAllocation
[2023-11-16T02:19:14.279+0000][22522.041s][info ][gc,start      ] GC(84) Pause Young (Normal) (G1 Evacuation Pause)
[2023-11-16T02:19:14.279+0000][22522.041s][info ][gc,task       ] GC(84) Using 4 workers of 4 for evacuation
[2023-11-16T02:19:14.297+0000][22522.059s][info ][gc,phases     ] GC(84)   Pre Evacuate Collection Set: 0.0ms
[2023-11-16T02:19:14.297+0000][22522.059s][info ][gc,phases     ] GC(84)   Evacuate Collection Set: 12.7ms
[2023-11-16T02:19:14.297+0000][22522.059s][info ][gc,phases     ] GC(84)   Post Evacuate Collection Set: 4.8ms
[2023-11-16T02:19:14.297+0000][22522.059s][info ][gc,phases     ] GC(84)   Other: 0.4ms
[2023-11-16T02:19:14.297+0000][22522.059s][info ][gc,heap       ] GC(84) Eden regions: 468->0(468)
[2023-11-16T02:19:14.297+0000][22522.059s][info ][gc,heap       ] GC(84) Survivor regions: 9->9(60)
[2023-11-16T02:19:14.297+0000][22522.059s][info ][gc,heap       ] GC(84) Old regions: 148->148
[2023-11-16T02:19:14.297+0000][22522.059s][info ][gc,heap       ] GC(84) Humongous regions: 0->0
[2023-11-16T02:19:14.297+0000][22522.059s][info ][gc,metaspace  ] GC(84) Metaspace: 162527K(167868K)->162527K(167868K) NonClass: 143807K(147048K)->143807K(147048K) Class: 18720K(20820K)->18720K(20820K)
[2023-11-16T02:19:14.297+0000][22522.059s][info ][gc            ] GC(84) Pause Young (Normal) (G1 Evacuation Pause) 622M->154M(795M) 18.158ms
[2023-11-16T02:19:14.297+0000][22522.059s][info ][gc,cpu        ] GC(84) User=0.07s Sys=0.00s Real=0.02s
[2023-11-16T02:19:14.297+0000][22522.059s][info ][safepoint     ] Leaving safepoint region
[2023-11-16T02:19:14.298+0000][22522.059s][info ][safepoint     ] Total time for which application threads were stopped: 0.0186181 seconds, Stopping threads took: 0.0000487 seconds
[2023-11-16T02:19:14.298+0000][22522.059s][info ][gc,stringdedup] Concurrent String Deduplication (22522.059s)
[2023-11-16T02:19:14.298+0000][22522.059s][info ][gc,stringdedup] Concurrent String Deduplication 5768.0B->272.0B(5496.0B) avg 54.7% (22522.059s, 22522.059s) 0.111ms
[2023-11-16T02:19:15.298+0000][22523.059s][debug][safepoint     ] Safepoint synchronization initiated. (171 threads)
[2023-11-16T02:19:15.298+0000][22523.059s][info ][safepoint     ] Application time: 1.0001808 seconds
[2023-11-16T02:19:15.298+0000][22523.059s][info ][safepoint     ] Entering safepoint region: Cleanup
[2023-11-16T02:19:15.298+0000][22523.060s][info ][safepoint     ] Leaving safepoint region
[2023-11-16T02:19:15.298+0000][22523.060s][info ][safepoint     ] Total time for which application threads were stopped: 0.0003383 seconds, Stopping threads took: 0.0000473 seconds
[2023-11-16T02:19:16.298+0000][22524.060s][debug][safepoint     ] Safepoint synchronization initiated. (171 threads)
[2023-11-16T02:19:16.298+0000][22524.060s][info ][safepoint     ] Application time: 1.0001591 seconds
[2023-11-16T02:19:16.298+0000][22524.060s][info ][safepoint     ] Entering safepoint region: Cleanup
[2023-11-16T02:19:16.299+0000][22524.060s][info ][safepoint     ] Leaving safepoint region
[2023-11-16T02:19:16.299+0000][22524.060s][info ][safepoint     ] Total time for which application threads were stopped: 0.0003317 seconds, Stopping threads took: 0.0000492 seconds
[2023-11-16T02:19:17.299+0000][22525.060s][debug][safepoint     ] Safepoint synchronization initiated. (171 threads)
[2023-11-16T02:19:17.299+0000][22525.060s][info ][safepoint     ] Application time: 1.0001584 seconds
[2023-11-16T02:19:17.299+0000][22525.060s][info ][safepoint     ] Entering safepoint region: Cleanup
[2023-11-16T02:19:17.299+0000][22525.061s][info ][safepoint     ] Leaving safepoint region
[2023-11-16T02:19:17.299+0000][22525.061s][info ][safepoint     ] Total time for which application threads were stopped: 0.0003542 seconds, Stopping threads took: 0.0000704 seconds
[2023-11-16T02:19:18.299+0000][22526.061s][debug][safepoint     ] Safepoint synchronization initiated. (171 threads)
[2023-11-16T02:19:18.299+0000][22526.061s][info ][safepoint     ] Application time: 1.0001529 seconds
[2023-11-16T02:19:18.299+0000][22526.061s][info ][safepoint     ] Entering safepoint region: Cleanup
[2023-11-16T02:19:18.300+0000][22526.061s][info ][safepoint     ] Leaving safepoint region
[2023-11-16T02:19:18.300+0000][22526.061s][info ][safepoint     ] Total time for which application threads were stopped: 0.0002827 seconds, Stopping threads took: 0.0000493 seconds
[2023-11-16T02:19:19.300+0000][22527.061s][debug][safepoint     ] Safepoint synchronization initiated. (171 threads)
[2023-11-16T02:19:19.300+0000][22527.061s][info ][safepoint     ] Application time: 1.0001349 seconds
[2023-11-16T02:19:19.300+0000][22527.061s][info ][safepoint     ] Entering safepoint region: Cleanup
[2023-11-16T02:19:19.300+0000][22527.062s][info ][safepoint     ] Leaving safepoint region
[2023-11-16T02:19:19.300+0000][22527.062s][info ][safepoint     ] Total time for which application threads were stopped: 0.0002334 seconds, Stopping threads took: 0.0000481 seconds
[2023-11-16T02:19:20.300+0000][22528.062s][debug][safepoint     ] Safepoint synchronization initiated. (171 threads)
[2023-11-16T02:19:20.300+0000][22528.062s][info ][safepoint     ] Application time: 1.0001514 seconds
[2023-11-16T02:19:20.300+0000][22528.062s][info ][safepoint     ] Entering safepoint region: Cleanup
[2023-11-16T02:19:20.300+0000][22528.062s][info ][safepoint     ] Leaving safepoint region
[2023-11-16T02:19:20.300+0000][22528.062s][info ][safepoint     ] Total time for which application threads were stopped: 0.0002480 seconds, Stopping threads took: 0.0000483 seconds
[2023-11-16T02:19:21.301+0000][22529.062s][debug][safepoint     ] Safepoint synchronization initiated. (171 threads)
[2023-11-16T02:19:21.301+0000][22529.062s][info ][safepoint     ] Application time: 1.0001639 seconds
[2023-11-16T02:19:21.301+0000][22529.062s][info ][safepoint     ] Entering safepoint region: Cleanup
[2023-11-16T02:19:21.301+0000][22529.063s][info ][safepoint     ] Leaving safepoint region
[2023-11-16T02:19:21.301+0000][22529.063s][info ][safepoint     ] Total time for which application threads were stopped: 0.0003395 seconds, Stopping threads took: 0.0000488 seconds
[2023-11-16T02:19:22.301+0000][22530.063s][debug][safepoint     ] Safepoint synchronization initiated. (171 threads)
[2023-11-16T02:19:22.301+0000][22530.063s][info ][safepoint     ] Application time: 1.0001735 seconds
[2023-11-16T02:19:22.301+0000][22530.063s][info ][safepoint     ] Entering safepoint region: Cleanup
[2023-11-16T02:19:22.301+0000][22530.063s][info ][safepoint     ] Leaving safepoint region
[2023-11-16T02:19:22.302+0000][22530.063s][info ][safepoint     ] Total time for which application threads were stopped: 0.0003342 seconds, Stopping threads took: 0.0000476 seconds
[2023-11-16T02:19:23.302+0000][22531.063s][debug][safepoint     ] Safepoint synchronization initiated. (171 threads)
[2023-11-16T02:19:23.302+0000][22531.063s][info ][safepoint     ] Application time: 1.0001762 seconds
[2023-11-16T02:19:23.302+0000][22531.063s][info ][safepoint     ] Entering safepoint region: Cleanup
[2023-11-16T02:19:23.302+0000][22531.064s][info ][safepoint     ] Leaving safepoint region
[2023-11-16T02:19:23.302+0000][22531.064s][info ][safepoint     ] Total time for which application threads were stopped: 0.0003371 seconds, Stopping threads took: 0.0000488 seconds
[2023-11-16T02:19:24.302+0000][22532.064s][debug][safepoint     ] Safepoint synchronization initiated. (171 threads)
[2023-11-16T02:19:24.302+0000][22532.064s][info ][safepoint     ] Application time: 1.0001681 seconds
[2023-11-16T02:19:24.302+0000][22532.064s][info ][safepoint     ] Entering safepoint region: Cleanup
[2023-11-16T02:19:24.303+0000][22532.064s][info ][safepoint     ] Leaving safepoint region
[2023-11-16T02:19:24.303+0000][22532.064s][info ][safepoint     ] Total time for which application threads were stopped: 0.0003560 seconds, Stopping threads took: 0.0000713 seconds
[2023-11-16T02:19:25.303+0000][22533.064s][debug][safepoint     ] Safepoint synchronization initiated. (171 threads)
[2023-11-16T02:19:25.303+0000][22533.064s][info ][safepoint     ] Application time: 1.0001677 seconds
[2023-11-16T02:19:25.303+0000][22533.065s][info ][safepoint     ] Entering safepoint region: Cleanup
[2023-11-16T02:19:25.303+0000][22533.065s][info ][safepoint     ] Leaving safepoint region
[2023-11-16T02:19:25.303+0000][22533.065s][info ][safepoint     ] Total time for which application threads were stopped: 0.0003330 seconds, Stopping threads took: 0.0000486 seconds
[2023-11-16T02:19:26.303+0000][22534.065s][debug][safepoint     ] Safepoint synchronization initiated. (171 threads)
[2023-11-16T02:19:26.303+0000][22534.065s][info ][safepoint     ] Application time: 1.0001674 seconds
[2023-11-16T02:19:26.303+0000][22534.065s][info ][safepoint     ] Entering safepoint region: Cleanup
[2023-11-16T02:19:26.304+0000][22534.065s][info ][safepoint     ] Leaving safepoint region
[2023-11-16T02:19:26.304+0000][22534.065s][info ][safepoint     ] Total time for which application threads were stopped: 0.0003257 seconds, Stopping threads took: 0.0000485 seconds
[2023-11-16T02:19:26.304+0000][22534.065s][debug][safepoint     ] ... found polling page return exception at pc = 0x00007f693102dd76, stub =0x00007f692883a800
[2023-11-16T02:19:26.304+0000][22534.065s][debug][safepoint     ] ... found polling page return exception at pc = 0x00007f693102dd76, stub =0x00007f692883a800
[2023-11-16T02:19:27.304+0000][22535.065s][debug][safepoint     ] Safepoint synchronization initiated. (171 threads)
[2023-11-16T02:19:27.304+0000][22535.066s][info ][safepoint     ] Application time: 1.0001701 seconds
[2023-11-16T02:19:27.304+0000][22535.066s][info ][safepoint     ] Entering safepoint region: Cleanup
[2023-11-16T02:19:27.304+0000][22535.066s][info ][safepoint     ] Leaving safepoint region
[2023-11-16T02:19:27.304+0000][22535.066s][info ][safepoint     ] Total time for which application threads were stopped: 0.0005037 seconds, Stopping threads took: 0.0002918 seconds
[2023-11-16T02:19:28.305+0000][22536.066s][debug][safepoint     ] Safepoint synchronization initiated. (171 threads)
[2023-11-16T02:19:28.305+0000][22536.066s][info ][safepoint     ] Application time: 1.0001550 seconds
[2023-11-16T02:19:28.305+0000][22536.066s][info ][safepoint     ] Entering safepoint region: Cleanup
[2023-11-16T02:19:28.305+0000][22536.066s][info ][safepoint     ] Leaving safepoint region
[2023-11-16T02:19:28.305+0000][22536.066s][info ][safepoint     ] Total time for which application threads were stopped: 0.0002567 seconds, Stopping threads took: 0.0000489 seconds
[2023-11-16T02:19:29.305+0000][22537.067s][debug][safepoint     ] Safepoint synchronization initiated. (171 threads)
[2023-11-16T02:19:29.305+0000][22537.067s][info ][safepoint     ] Application time: 1.0001793 seconds
[2023-11-16T02:19:29.305+0000][22537.067s][info ][safepoint     ] Entering safepoint region: Cleanup
[2023-11-16T02:19:29.305+0000][22537.067s][info ][safepoint     ] Leaving safepoint region
[2023-11-16T02:19:29.305+0000][22537.067s][info ][safepoint     ] Total time for which application threads were stopped: 0.0002458 seconds, Stopping threads took: 0.0000485 seconds
[2023-11-16T02:19:30.305+0000][22538.067s][debug][safepoint     ] Safepoint synchronization initiated. (171 threads)
[2023-11-16T02:19:30.305+0000][22538.067s][info ][safepoint     ] Application time: 1.0001586 seconds
[2023-11-16T02:19:30.306+0000][22538.067s][info ][safepoint     ] Entering safepoint region: Cleanup
[2023-11-16T02:19:30.306+0000][22538.067s][info ][safepoint     ] Leaving safepoint region
[2023-11-16T02:19:30.306+0000][22538.067s][info ][safepoint     ] Total time for which application threads were stopped: 0.0003368 seconds, Stopping threads took: 0.0000511 seconds
[2023-11-16T02:19:31.306+0000][22539.068s][debug][safepoint     ] Safepoint synchronization initiated. (171 threads)
[2023-11-16T02:19:31.306+0000][22539.068s][info ][safepoint     ] Application time: 1.0001565 seconds
[2023-11-16T02:19:31.306+0000][22539.068s][info ][safepoint     ] Entering safepoint region: Cleanup
[2023-11-16T02:19:31.306+0000][22539.068s][info ][safepoint     ] Leaving safepoint region
[2023-11-16T02:19:31.306+0000][22539.068s][info ][safepoint     ] Total time for which application threads were stopped: 0.0003413 seconds, Stopping threads took: 0.0000505 seconds
[2023-11-16T02:19:32.307+0000][22540.068s][debug][safepoint     ] Safepoint synchronization initiated. (171 threads)
[2023-11-16T02:19:32.307+0000][22540.068s][info ][safepoint     ] Application time: 1.0001630 seconds
[2023-11-16T02:19:32.307+0000][22540.068s][info ][safepoint     ] Entering safepoint region: Cleanup
[2023-11-16T02:19:32.307+0000][22540.069s][info ][safepoint     ] Leaving safepoint region
[2023-11-16T02:19:32.307+0000][22540.069s][info ][safepoint     ] Total time for which application threads were stopped: 0.0003346 seconds, Stopping threads took: 0.0000497 seconds
[2023-11-16T02:19:33.307+0000][22541.069s][debug][safepoint     ] Safepoint synchronization initiated. (171 threads)
[2023-11-16T02:19:33.307+0000][22541.069s][info ][safepoint     ] Application time: 1.0001743 seconds
[2023-11-16T02:19:33.307+0000][22541.069s][info ][safepoint     ] Entering safepoint region: Cleanup
[2023-11-16T02:19:33.308+0000][22541.069s][info ][safepoint     ] Leaving safepoint region
[2023-11-16T02:19:33.308+0000][22541.069s][info ][safepoint     ] Total time for which application threads were stopped: 0.0005895 seconds, Stopping threads took: 0.0003418 seconds
[2023-11-16T02:19:34.308+0000][22542.070s][debug][safepoint     ] Safepoint synchronization initiated. (171 threads)
[2023-11-16T02:19:34.308+0000][22542.070s][info ][safepoint     ] Application time: 1.0001583 seconds
[2023-11-16T02:19:34.308+0000][22542.070s][info ][safepoint     ] Entering safepoint region: Cleanup
[2023-11-16T02:19:34.308+0000][22542.070s][info ][safepoint     ] Leaving safepoint region
[2023-11-16T02:19:34.308+0000][22542.070s][info ][safepoint     ] Total time for which application threads were stopped: 0.0003045 seconds, Stopping threads took: 0.0000508 seconds
[2023-11-16T02:19:35.308+0000][22543.070s][debug][safepoint     ] Safepoint synchronization initiated. (171 threads)
[2023-11-16T02:19:35.308+0000][22543.070s][info ][safepoint     ] Application time: 1.0001605 seconds
[2023-11-16T02:19:35.308+0000][22543.070s][info ][safepoint     ] Entering safepoint region: Cleanup
[2023-11-16T02:19:35.309+0000][22543.070s][info ][safepoint     ] Leaving safepoint region
[2023-11-16T02:19:35.309+0000][22543.070s][info ][safepoint     ] Total time for which application threads were stopped: 0.0003389 seconds, Stopping threads took: 0.0000488 seconds
[2023-11-16T02:19:36.309+0000][22544.071s][debug][safepoint     ] Safepoint synchronization initiated. (171 threads)
[2023-11-16T02:19:36.309+0000][22544.071s][info ][safepoint     ] Application time: 1.0001638 seconds
[2023-11-16T02:19:36.309+0000][22544.071s][info ][safepoint     ] Entering safepoint region: Cleanup
[2023-11-16T02:19:36.309+0000][22544.071s][info ][safepoint     ] Leaving safepoint region
[2023-11-16T02:19:36.309+0000][22544.071s][info ][safepoint     ] Total time for which application threads were stopped: 0.0003439 seconds, Stopping threads took: 0.0000497 seconds
[2023-11-16T02:19:37.309+0000][22545.071s][debug][safepoint     ] Safepoint synchronization initiated. (171 threads)
[2023-11-16T02:19:37.310+0000][22545.071s][info ][safepoint     ] Application time: 1.0001572 seconds
[2023-11-16T02:19:37.310+0000][22545.071s][info ][safepoint     ] Entering safepoint region: Cleanup
[2023-11-16T02:19:37.310+0000][22545.071s][info ][safepoint     ] Leaving safepoint region
[2023-11-16T02:19:37.310+0000][22545.072s][info ][safepoint     ] Total time for which application threads were stopped: 0.0003705 seconds, Stopping threads took: 0.0000502 seconds
[2023-11-16T02:19:38.310+0000][22546.072s][debug][safepoint     ] Safepoint synchronization initiated. (171 threads)
[2023-11-16T02:19:38.310+0000][22546.072s][info ][safepoint     ] Application time: 1.0001752 seconds
[2023-11-16T02:19:38.310+0000][22546.072s][info ][safepoint     ] Entering safepoint region: Cleanup
[2023-11-16T02:19:38.311+0000][22546.072s][info ][safepoint     ] Leaving safepoint region
[2023-11-16T02:19:38.311+0000][22546.072s][info ][safepoint     ] Total time for which application threads were stopped: 0.0004831 seconds, Stopping threads took: 0.0001834 seconds
[2023-11-16T02:19:39.311+0000][22547.072s][debug][safepoint     ] Safepoint synchronization initiated. (171 threads)
[2023-11-16T02:19:39.311+0000][22547.072s][info ][safepoint     ] Application time: 1.0001429 seconds
[2023-11-16T02:19:39.311+0000][22547.072s][info ][safepoint     ] Entering safepoint region: Cleanup
[2023-11-16T02:19:39.311+0000][22547.073s][info ][safepoint     ] Leaving safepoint region
[2023-11-16T02:19:39.311+0000][22547.073s][info ][safepoint     ] Total time for which application threads were stopped: 0.0003025 seconds, Stopping threads took: 0.0000435 seconds
[2023-11-16T02:19:40.311+0000][22548.073s][debug][safepoint     ] Safepoint synchronization initiated. (170 threads)
[2023-11-16T02:19:40.311+0000][22548.073s][info ][safepoint     ] Application time: 1.0001715 seconds
[2023-11-16T02:19:40.311+0000][22548.073s][info ][safepoint     ] Entering safepoint region: Cleanup
[2023-11-16T02:19:40.312+0000][22548.073s][info ][safepoint     ] Leaving safepoint region
[2023-11-16T02:19:40.312+0000][22548.073s][info ][safepoint     ] Total time for which application threads were stopped: 0.0004045 seconds, Stopping threads took: 0.0000496 seconds
[2023-11-16T02:19:40.312+0000][22548.073s][debug][safepoint     ] ... found polling page return exception at pc = 0x00007f693102dd76, stub =0x00007f692883a800
[2023-11-16T02:19:40.312+0000][22548.073s][debug][safepoint     ] ... found polling page return exception at pc = 0x00007f693102dd76, stub =0x00007f692883a800
[2023-11-16T02:19:40.312+0000][22548.073s][debug][safepoint     ] ... found polling page return exception at pc = 0x00007f693102dd76, stub =0x00007f692883a800
[2023-11-16T02:19:41.312+0000][22549.073s][debug][safepoint     ] Safepoint synchronization initiated. (170 threads)
[2023-11-16T02:19:41.312+0000][22549.074s][info ][safepoint     ] Application time: 1.0001436 seconds
[2023-11-16T02:19:41.312+0000][22549.074s][info ][safepoint     ] Entering safepoint region: Cleanup
[2023-11-16T02:19:41.312+0000][22549.074s][info ][safepoint     ] Leaving safepoint region
[2023-11-16T02:19:41.312+0000][22549.074s][info ][safepoint     ] Total time for which application threads were stopped: 0.0002720 seconds, Stopping threads took: 0.0000495 seconds
[2023-11-16T02:19:42.312+0000][22550.074s][debug][safepoint     ] Safepoint synchronization initiated. (170 threads)
[2023-11-16T02:19:42.312+0000][22550.074s][info ][safepoint     ] Application time: 1.0001540 seconds
[2023-11-16T02:19:42.312+0000][22550.074s][info ][safepoint     ] Entering safepoint region: Cleanup
[2023-11-16T02:19:42.313+0000][22550.074s][info ][safepoint     ] Leaving safepoint region
[2023-11-16T02:19:42.313+0000][22550.074s][info ][safepoint     ] Total time for which application threads were stopped: 0.0002396 seconds, Stopping threads took: 0.0000478 seconds
[2023-11-16T02:19:43.313+0000][22551.074s][debug][safepoint     ] Safepoint synchronization initiated. (170 threads)
[2023-11-16T02:19:43.313+0000][22551.074s][info ][safepoint     ] Application time: 1.0001635 seconds
[2023-11-16T02:19:43.313+0000][22551.074s][info ][safepoint     ] Entering safepoint region: Cleanup
[2023-11-16T02:19:43.313+0000][22551.075s][info ][safepoint     ] Leaving safepoint region
[2023-11-16T02:19:43.313+0000][22551.075s][info ][safepoint     ] Total time for which application threads were stopped: 0.0005442 seconds, Stopping threads took: 0.0003377 seconds
[2023-11-16T02:19:44.313+0000][22552.075s][debug][safepoint     ] Safepoint synchronization initiated. (170 threads)
[2023-11-16T02:19:44.314+0000][22552.075s][info ][safepoint     ] Application time: 1.0001450 seconds
[2023-11-16T02:19:44.314+0000][22552.075s][info ][safepoint     ] Entering safepoint region: Cleanup
[2023-11-16T02:19:44.314+0000][22552.075s][info ][safepoint     ] Leaving safepoint region
[2023-11-16T02:19:44.314+0000][22552.076s][info ][safepoint     ] Total time for which application threads were stopped: 0.0003372 seconds, Stopping threads took: 0.0000485 seconds
[2023-11-16T02:19:45.314+0000][22553.076s][debug][safepoint     ] Safepoint synchronization initiated. (170 threads)
[2023-11-16T02:19:45.314+0000][22553.076s][info ][safepoint     ] Application time: 1.0001644 seconds
[2023-11-16T02:19:45.314+0000][22553.076s][info ][safepoint     ] Entering safepoint region: Cleanup
[2023-11-16T02:19:45.314+0000][22553.076s][info ][safepoint     ] Leaving safepoint region
[2023-11-16T02:19:45.314+0000][22553.076s][info ][safepoint     ] Total time for which application threads were stopped: 0.0003328 seconds, Stopping threads took: 0.0000470 seconds
[2023-11-16T02:19:46.314+0000][22554.076s][debug][safepoint     ] Safepoint synchronization initiated. (170 threads)
[2023-11-16T02:19:46.315+0000][22554.076s][info ][safepoint     ] Application time: 1.0001570 seconds
[2023-11-16T02:19:46.315+0000][22554.076s][debug][safepoint     ] ... found polling page return exception at pc = 0x00007f69310367e9, stub =0x00007f692883a800
[2023-11-16T02:19:46.315+0000][22554.076s][debug][safepoint     ] Waiting for 1 thread(s) to block
[2023-11-16T02:19:46.315+0000][22554.076s][info ][safepoint     ] Entering safepoint region: Cleanup
[2023-11-16T02:19:46.315+0000][22554.077s][info ][safepoint     ] Leaving safepoint region
[2023-11-16T02:19:46.315+0000][22554.077s][info ][safepoint     ] Total time for which application threads were stopped: 0.0004670 seconds, Stopping threads took: 0.0001805 seconds
[2023-11-16T02:19:47.315+0000][22555.077s][debug][safepoint     ] Safepoint synchronization initiated. (170 threads)
[2023-11-16T02:19:47.315+0000][22555.077s][info ][safepoint     ] Application time: 1.0001714 seconds
[2023-11-16T02:19:47.315+0000][22555.077s][info ][safepoint     ] Entering safepoint region: Cleanup
[2023-11-16T02:19:47.316+0000][22555.077s][info ][safepoint     ] Leaving safepoint region
[2023-11-16T02:19:47.316+0000][22555.077s][info ][safepoint     ] Total time for which application threads were stopped: 0.0003102 seconds, Stopping threads took: 0.0000480 seconds
[2023-11-16T02:19:48.316+0000][22556.077s][debug][safepoint     ] Safepoint synchronization initiated. (170 threads)
[2023-11-16T02:19:48.316+0000][22556.077s][info ][safepoint     ] Application time: 1.0001405 seconds
[2023-11-16T02:19:48.316+0000][22556.077s][info ][safepoint     ] Entering safepoint region: Cleanup
[2023-11-16T02:19:48.316+0000][22556.078s][info ][safepoint     ] Leaving safepoint region
[2023-11-16T02:19:48.316+0000][22556.078s][info ][safepoint     ] Total time for which application threads were stopped: 0.0002398 seconds, Stopping threads took: 0.0000482 seconds
[2023-11-16T02:19:49.316+0000][22557.078s][debug][safepoint     ] Safepoint synchronization initiated. (170 threads)
[2023-11-16T02:19:49.316+0000][22557.078s][info ][safepoint     ] Application time: 1.0001592 seconds
[2023-11-16T02:19:49.316+0000][22557.078s][info ][safepoint     ] Entering safepoint region: Cleanup
[2023-11-16T02:19:49.316+0000][22557.078s][info ][safepoint     ] Leaving safepoint region
[2023-11-16T02:19:49.316+0000][22557.078s][info ][safepoint     ] Total time for which application threads were stopped: 0.0002543 seconds, Stopping threads took: 0.0000484 seconds
[2023-11-16T02:19:50.317+0000][22558.078s][debug][safepoint     ] Safepoint synchronization initiated. (170 threads)
[2023-11-16T02:19:50.317+0000][22558.078s][info ][safepoint     ] Application time: 1.0001481 seconds
[2023-11-16T02:19:50.317+0000][22558.078s][info ][safepoint     ] Entering safepoint region: Cleanup
[2023-11-16T02:19:50.317+0000][22558.079s][info ][safepoint     ] Leaving safepoint region
[2023-11-16T02:19:50.317+0000][22558.079s][info ][safepoint     ] Total time for which application threads were stopped: 0.0003350 seconds, Stopping threads took: 0.0000504 seconds
[2023-11-16T02:19:51.317+0000][22559.079s][debug][safepoint     ] Safepoint synchronization initiated. (170 threads)
[2023-11-16T02:19:51.317+0000][22559.079s][info ][safepoint     ] Application time: 1.0001672 seconds
[2023-11-16T02:19:51.317+0000][22559.079s][info ][safepoint     ] Entering safepoint region: Cleanup
[2023-11-16T02:19:51.317+0000][22559.079s][info ][safepoint     ] Leaving safepoint region
[2023-11-16T02:19:51.317+0000][22559.079s][info ][safepoint     ] Total time for which application threads were stopped: 0.0002561 seconds, Stopping threads took: 0.0000481 seconds
[2023-11-16T02:19:52.318+0000][22560.079s][debug][safepoint     ] Safepoint synchronization initiated. (170 threads)
[2023-11-16T02:19:52.318+0000][22560.079s][info ][safepoint     ] Application time: 1.0001714 seconds
[2023-11-16T02:19:52.318+0000][22560.079s][info ][safepoint     ] Entering safepoint region: Cleanup
[2023-11-16T02:19:52.318+0000][22560.080s][info ][safepoint     ] Leaving safepoint region
[2023-11-16T02:19:52.318+0000][22560.080s][info ][safepoint     ] Total time for which application threads were stopped: 0.0003366 seconds, Stopping threads took: 0.0000480 seconds
[2023-11-16T02:19:53.318+0000][22561.080s][debug][safepoint     ] Safepoint synchronization initiated. (170 threads)
[2023-11-16T02:19:53.318+0000][22561.080s][info ][safepoint     ] Application time: 1.0001429 seconds
[2023-11-16T02:19:53.318+0000][22561.080s][info ][safepoint     ] Entering safepoint region: Cleanup
[2023-11-16T02:19:53.318+0000][22561.080s][info ][safepoint     ] Leaving safepoint region
[2023-11-16T02:19:53.318+0000][22561.080s][info ][safepoint     ] Total time for which application threads were stopped: 0.0003355 seconds, Stopping threads took: 0.0000493 seconds
[2023-11-16T02:19:54.319+0000][22562.080s][debug][safepoint     ] Safepoint synchronization initiated. (170 threads)
[2023-11-16T02:19:54.319+0000][22562.080s][info ][safepoint     ] Application time: 1.0001699 seconds
[2023-11-16T02:19:54.319+0000][22562.080s][info ][safepoint     ] Entering safepoint region: Cleanup
[2023-11-16T02:19:54.319+0000][22562.081s][info ][safepoint     ] Leaving safepoint region
[2023-11-16T02:19:54.319+0000][22562.081s][info ][safepoint     ] Total time for which application threads were stopped: 0.0003302 seconds, Stopping threads took: 0.0000484 seconds
[2023-11-16T02:19:55.319+0000][22563.081s][debug][safepoint     ] Safepoint synchronization initiated. (170 threads)
[2023-11-16T02:19:55.319+0000][22563.081s][info ][safepoint     ] Application time: 1.0001374 seconds
[2023-11-16T02:19:55.319+0000][22563.081s][info ][safepoint     ] Entering safepoint region: Cleanup
[2023-11-16T02:19:55.320+0000][22563.081s][info ][safepoint     ] Leaving safepoint region
[2023-11-16T02:19:55.320+0000][22563.081s][info ][safepoint     ] Total time for which application threads were stopped: 0.0003274 seconds, Stopping threads took: 0.0000490 seconds
[2023-11-16T02:19:56.320+0000][22564.081s][debug][safepoint     ] Safepoint synchronization initiated. (170 threads)
[2023-11-16T02:19:56.320+0000][22564.081s][info ][safepoint     ] Application time: 1.0001509 seconds
[2023-11-16T02:19:56.320+0000][22564.081s][info ][safepoint     ] Entering safepoint region: Cleanup
[2023-11-16T02:19:56.320+0000][22564.082s][info ][safepoint     ] Leaving safepoint region
[2023-11-16T02:19:56.320+0000][22564.082s][info ][safepoint     ] Total time for which application threads were stopped: 0.0003376 seconds, Stopping threads took: 0.0000497 seconds
[2023-11-16T02:19:57.320+0000][22565.082s][debug][safepoint     ] Safepoint synchronization initiated. (170 threads)
[2023-11-16T02:19:57.320+0000][22565.082s][info ][safepoint     ] Application time: 1.0001875 seconds
[2023-11-16T02:19:57.320+0000][22565.082s][info ][safepoint     ] Entering safepoint region: Cleanup
[2023-11-16T02:19:57.321+0000][22565.082s][info ][safepoint     ] Leaving safepoint region
[2023-11-16T02:19:57.321+0000][22565.082s][info ][safepoint     ] Total time for which application threads were stopped: 0.0003316 seconds, Stopping threads took: 0.0000486 seconds
[2023-11-16T02:19:58.321+0000][22566.082s][debug][safepoint     ] Safepoint synchronization initiated. (170 threads)
[2023-11-16T02:19:58.321+0000][22566.082s][info ][safepoint     ] Application time: 1.0001808 seconds
[2023-11-16T02:19:58.321+0000][22566.082s][info ][safepoint     ] Entering safepoint region: Cleanup
[2023-11-16T02:19:58.321+0000][22566.083s][info ][safepoint     ] Leaving safepoint region
[2023-11-16T02:19:58.321+0000][22566.083s][info ][safepoint     ] Total time for which application threads were stopped: 0.0004586 seconds, Stopping threads took: 0.0001665 seconds
[2023-11-16T02:19:59.321+0000][22567.083s][debug][safepoint     ] Safepoint synchronization initiated. (170 threads)
[2023-11-16T02:19:59.321+0000][22567.083s][info ][safepoint     ] Application time: 1.0001672 seconds
[2023-11-16T02:19:59.322+0000][22567.083s][info ][safepoint     ] Entering safepoint region: Cleanup
[2023-11-16T02:19:59.322+0000][22567.083s][info ][safepoint     ] Leaving safepoint region
[2023-11-16T02:19:59.322+0000][22567.083s][info ][safepoint     ] Total time for which application threads were stopped: 0.0003310 seconds, Stopping threads took: 0.0000475 seconds
[2023-11-16T02:20:00.322+0000][22568.084s][debug][safepoint     ] Safepoint synchronization initiated. (170 threads)
[2023-11-16T02:20:00.322+0000][22568.084s][info ][safepoint     ] Application time: 1.0001547 seconds
[2023-11-16T02:20:00.322+0000][22568.084s][info ][safepoint     ] Entering safepoint region: Cleanup
[2023-11-16T02:20:00.322+0000][22568.084s][info ][safepoint     ] Leaving safepoint region
[2023-11-16T02:20:00.322+0000][22568.084s][info ][safepoint     ] Total time for which application threads were stopped: 0.0003337 seconds, Stopping threads took: 0.0000490 seconds
[2023-11-16T02:20:01.322+0000][22569.084s][debug][safepoint     ] Safepoint synchronization initiated. (170 threads)
[2023-11-16T02:20:01.323+0000][22569.084s][info ][safepoint     ] Application time: 1.0001695 seconds
[2023-11-16T02:20:01.323+0000][22569.084s][info ][safepoint     ] Entering safepoint region: Cleanup
[2023-11-16T02:20:01.323+0000][22569.084s][info ][safepoint     ] Leaving safepoint region
[2023-11-16T02:20:01.323+0000][22569.084s][info ][safepoint     ] Total time for which application threads were stopped: 0.0002578 seconds, Stopping threads took: 0.0000562 seconds
[2023-11-16T02:20:02.323+0000][22570.085s][debug][safepoint     ] Safepoint synchronization initiated. (170 threads)
[2023-11-16T02:20:02.323+0000][22570.085s][info ][safepoint     ] Application time: 1.0001336 seconds
[2023-11-16T02:20:02.323+0000][22570.085s][info ][safepoint     ] Entering safepoint region: Cleanup
[2023-11-16T02:20:02.323+0000][22570.085s][info ][safepoint     ] Leaving safepoint region
[2023-11-16T02:20:02.323+0000][22570.085s][info ][safepoint     ] Total time for which application threads were stopped: 0.0002574 seconds, Stopping threads took: 0.0000510 seconds
[2023-11-16T02:20:03.323+0000][22571.085s][debug][safepoint     ] Safepoint synchronization initiated. (170 threads)
[2023-11-16T02:20:03.323+0000][22571.085s][info ][safepoint     ] Application time: 1.0001623 seconds
[2023-11-16T02:20:03.323+0000][22571.085s][info ][safepoint     ] Entering safepoint region: Cleanup
[2023-11-16T02:20:03.324+0000][22571.086s][info ][safepoint     ] Leaving safepoint region
[2023-11-16T02:20:03.324+0000][22571.086s][info ][safepoint     ] Total time for which application threads were stopped: 0.0007309 seconds, Stopping threads took: 0.0004482 seconds
[2023-11-16T02:20:04.324+0000][22572.086s][debug][safepoint     ] Safepoint synchronization initiated. (170 threads)
[2023-11-16T02:20:04.324+0000][22572.086s][info ][safepoint     ] Application time: 1.0001866 seconds
[2023-11-16T02:20:04.324+0000][22572.086s][info ][safepoint     ] Entering safepoint region: Cleanup
[2023-11-16T02:20:04.325+0000][22572.086s][info ][safepoint     ] Leaving safepoint region
[2023-11-16T02:20:04.325+0000][22572.086s][info ][safepoint     ] Total time for which application threads were stopped: 0.0003378 seconds, Stopping threads took: 0.0000486 seconds
[2023-11-16T02:20:05.325+0000][22573.086s][debug][safepoint     ] Safepoint synchronization initiated. (170 threads)
[2023-11-16T02:20:05.325+0000][22573.087s][info ][safepoint     ] Application time: 1.0001655 seconds
[2023-11-16T02:20:05.325+0000][22573.087s][info ][safepoint     ] Entering safepoint region: Cleanup
[2023-11-16T02:20:05.325+0000][22573.087s][info ][safepoint     ] Leaving safepoint region
[2023-11-16T02:20:05.325+0000][22573.087s][info ][safepoint     ] Total time for which application threads were stopped: 0.0003351 seconds, Stopping threads took: 0.0000478 seconds
[2023-11-16T02:20:06.325+0000][22574.087s][debug][safepoint     ] Safepoint synchronization initiated. (170 threads)
[2023-11-16T02:20:06.325+0000][22574.087s][info ][safepoint     ] Application time: 1.0001652 seconds
[2023-11-16T02:20:06.325+0000][22574.087s][info ][safepoint     ] Entering safepoint region: Cleanup
[2023-11-16T02:20:06.326+0000][22574.087s][info ][safepoint     ] Leaving safepoint region
[2023-11-16T02:20:06.326+0000][22574.087s][info ][safepoint     ] Total time for which application threads were stopped: 0.0003344 seconds, Stopping threads took: 0.0000477 seconds
[2023-11-16T02:20:07.326+0000][22575.088s][debug][safepoint     ] Safepoint synchronization initiated. (170 threads)
[2023-11-16T02:20:07.326+0000][22575.088s][info ][safepoint     ] Application time: 1.0001522 seconds
[2023-11-16T02:20:07.326+0000][22575.088s][info ][safepoint     ] Entering safepoint region: Cleanup
[2023-11-16T02:20:07.326+0000][22575.088s][info ][safepoint     ] Leaving safepoint region
[2023-11-16T02:20:07.326+0000][22575.088s][info ][safepoint     ] Total time for which application threads were stopped: 0.0003335 seconds, Stopping threads took: 0.0000488 seconds
[2023-11-16T02:20:08.326+0000][22576.088s][debug][safepoint     ] Safepoint synchronization initiated. (170 threads)
[2023-11-16T02:20:08.326+0000][22576.088s][info ][safepoint     ] Application time: 1.0001645 seconds
[2023-11-16T02:20:08.327+0000][22576.088s][info ][safepoint     ] Entering safepoint region: Cleanup
[2023-11-16T02:20:08.327+0000][22576.089s][info ][safepoint     ] Leaving safepoint region
[2023-11-16T02:20:08.327+0000][22576.089s][info ][safepoint     ] Total time for which application threads were stopped: 0.0005331 seconds, Stopping threads took: 0.0003394 seconds
[2023-11-16T02:20:09.327+0000][22577.089s][debug][safepoint     ] Safepoint synchronization initiated. (170 threads)
[2023-11-16T02:20:09.327+0000][22577.089s][info ][safepoint     ] Application time: 1.0001646 seconds
[2023-11-16T02:20:09.327+0000][22577.089s][info ][safepoint     ] Entering safepoint region: Cleanup
[2023-11-16T02:20:09.327+0000][22577.089s][info ][safepoint     ] Leaving safepoint region
[2023-11-16T02:20:09.327+0000][22577.089s][info ][safepoint     ] Total time for which application threads were stopped: 0.0002574 seconds, Stopping threads took: 0.0000486 seconds
[2023-11-16T02:20:10.328+0000][22578.089s][debug][safepoint     ] Safepoint synchronization initiated. (170 threads)
[2023-11-16T02:20:10.328+0000][22578.089s][info ][safepoint     ] Application time: 1.0001397 seconds
[2023-11-16T02:20:10.328+0000][22578.089s][info ][safepoint     ] Entering safepoint region: Cleanup
[2023-11-16T02:20:10.328+0000][22578.090s][info ][safepoint     ] Leaving safepoint region
[2023-11-16T02:20:10.328+0000][22578.090s][info ][safepoint     ] Total time for which application threads were stopped: 0.0003367 seconds, Stopping threads took: 0.0000493 seconds
[2023-11-16T02:20:11.328+0000][22579.090s][debug][safepoint     ] Safepoint synchronization initiated. (170 threads)
[2023-11-16T02:20:11.328+0000][22579.090s][info ][safepoint     ] Application time: 1.0001816 seconds
[2023-11-16T02:20:11.328+0000][22579.090s][info ][safepoint     ] Entering safepoint region: Cleanup
[2023-11-16T02:20:11.329+0000][22579.090s][info ][safepoint     ] Leaving safepoint region
[2023-11-16T02:20:11.329+0000][22579.090s][info ][safepoint     ] Total time for which application threads were stopped: 0.0003351 seconds, Stopping threads took: 0.0000489 seconds
[2023-11-16T02:20:12.329+0000][22580.090s][debug][safepoint     ] Safepoint synchronization initiated. (170 threads)
[2023-11-16T02:20:12.329+0000][22580.090s][info ][safepoint     ] Application time: 1.0001725 seconds
[2023-11-16T02:20:12.329+0000][22580.090s][info ][safepoint     ] Entering safepoint region: Cleanup
[2023-11-16T02:20:12.329+0000][22580.091s][info ][safepoint     ] Leaving safepoint region
[2023-11-16T02:20:12.329+0000][22580.091s][info ][safepoint     ] Total time for which application threads were stopped: 0.0003309 seconds, Stopping threads took: 0.0000477 seconds
[2023-11-16T02:20:13.329+0000][22581.091s][debug][safepoint     ] Safepoint synchronization initiated. (170 threads)
[2023-11-16T02:20:13.329+0000][22581.091s][info ][safepoint     ] Application time: 1.0001824 seconds
[2023-11-16T02:20:13.329+0000][22581.091s][info ][safepoint     ] Entering safepoint region: Cleanup
[2023-11-16T02:20:13.330+0000][22581.092s][info ][safepoint     ] Leaving safepoint region
[2023-11-16T02:20:13.330+0000][22581.092s][info ][safepoint     ] Total time for which application threads were stopped: 0.0005805 seconds, Stopping threads took: 0.0002811 seconds
[2023-11-16T02:20:14.330+0000][22582.092s][debug][safepoint     ] Safepoint synchronization initiated. (170 threads)
[2023-11-16T02:20:14.330+0000][22582.092s][info ][safepoint     ] Application time: 1.0001675 seconds
[2023-11-16T02:20:14.330+0000][22582.092s][info ][safepoint     ] Entering safepoint region: Cleanup
[2023-11-16T02:20:14.330+0000][22582.092s][info ][safepoint     ] Leaving safepoint region
[2023-11-16T02:20:14.330+0000][22582.092s][info ][safepoint     ] Total time for which application threads were stopped: 0.0002824 seconds, Stopping threads took: 0.0000494 seconds
[2023-11-16T02:20:15.331+0000][22583.092s][debug][safepoint     ] Safepoint synchronization initiated. (170 threads)
[2023-11-16T02:20:15.331+0000][22583.092s][info ][safepoint     ] Application time: 1.0001746 seconds
[2023-11-16T02:20:15.331+0000][22583.092s][info ][safepoint     ] Entering safepoint region: Cleanup
[2023-11-16T02:20:15.331+0000][22583.092s][info ][safepoint     ] Leaving safepoint region
[2023-11-16T02:20:15.331+0000][22583.093s][debug][safepoint     ] ... found polling page return exception at pc = 0x00007f693102dd76, stub =0x00007f692883a800
[2023-11-16T02:20:15.331+0000][22583.092s][debug][safepoint     ] ... found polling page return exception at pc = 0x00007f693102dd76, stub =0x00007f692883a800
[2023-11-16T02:20:15.331+0000][22583.093s][debug][safepoint     ] ... found polling page return exception at pc = 0x00007f693102dd76, stub =0x00007f692883a800
[2023-11-16T02:20:15.331+0000][22583.093s][info ][safepoint     ] Total time for which application threads were stopped: 0.0002856 seconds, Stopping threads took: 0.0000502 seconds
[2023-11-16T02:20:16.331+0000][22584.093s][debug][safepoint     ] Safepoint synchronization initiated. (170 threads)
[2023-11-16T02:20:16.331+0000][22584.093s][info ][safepoint     ] Application time: 1.0001323 seconds
[2023-11-16T02:20:16.331+0000][22584.093s][info ][safepoint     ] Entering safepoint region: Cleanup
[2023-11-16T02:20:16.331+0000][22584.093s][info ][safepoint     ] Leaving safepoint region
[2023-11-16T02:20:16.331+0000][22584.093s][info ][safepoint     ] Total time for which application threads were stopped: 0.0002847 seconds, Stopping threads took: 0.0000502 seconds
[2023-11-16T02:20:17.332+0000][22585.093s][debug][safepoint     ] Safepoint synchronization initiated. (170 threads)
[2023-11-16T02:20:17.332+0000][22585.093s][info ][safepoint     ] Application time: 1.0001779 seconds
[2023-11-16T02:20:17.332+0000][22585.093s][info ][safepoint     ] Entering safepoint region: Cleanup
[2023-11-16T02:20:17.332+0000][22585.094s][info ][safepoint     ] Leaving safepoint region
[2023-11-16T02:20:17.332+0000][22585.094s][info ][safepoint     ] Total time for which application threads were stopped: 0.0003395 seconds, Stopping threads took: 0.0000492 seconds
[2023-11-16T02:20:18.332+0000][22586.094s][debug][safepoint     ] Safepoint synchronization initiated. (170 threads)
[2023-11-16T02:20:18.332+0000][22586.094s][info ][safepoint     ] Application time: 1.0001574 seconds
[2023-11-16T02:20:18.332+0000][22586.094s][info ][safepoint     ] Entering safepoint region: Cleanup
[2023-11-16T02:20:18.333+0000][22586.094s][info ][safepoint     ] Leaving safepoint region
[2023-11-16T02:20:18.333+0000][22586.094s][info ][safepoint     ] Total time for which application threads were stopped: 0.0004397 seconds, Stopping threads took: 0.0002306 seconds
[2023-11-16T02:20:19.333+0000][22587.094s][debug][safepoint     ] Safepoint synchronization initiated. (170 threads)
[2023-11-16T02:20:19.333+0000][22587.094s][info ][safepoint     ] Application time: 1.0001695 seconds
[2023-11-16T02:20:19.333+0000][22587.094s][info ][safepoint     ] Entering safepoint region: Cleanup
[2023-11-16T02:20:19.333+0000][22587.095s][info ][safepoint     ] Leaving safepoint region
[2023-11-16T02:20:19.333+0000][22587.095s][info ][safepoint     ] Total time for which application threads were stopped: 0.0002516 seconds, Stopping threads took: 0.0000472 seconds
[2023-11-16T02:20:20.333+0000][22588.095s][debug][safepoint     ] Safepoint synchronization initiated. (170 threads)
[2023-11-16T02:20:20.333+0000][22588.095s][info ][safepoint     ] Application time: 1.0001609 seconds
[2023-11-16T02:20:20.333+0000][22588.095s][info ][safepoint     ] Entering safepoint region: Cleanup
[2023-11-16T02:20:20.334+0000][22588.095s][info ][safepoint     ] Leaving safepoint region
[2023-11-16T02:20:20.334+0000][22588.095s][info ][safepoint     ] Total time for which application threads were stopped: 0.0003394 seconds, Stopping threads took: 0.0000483 seconds
[2023-11-16T02:20:21.334+0000][22589.095s][debug][safepoint     ] Safepoint synchronization initiated. (170 threads)
[2023-11-16T02:20:21.334+0000][22589.095s][info ][safepoint     ] Application time: 1.0001538 seconds
[2023-11-16T02:20:21.334+0000][22589.095s][info ][safepoint     ] Entering safepoint region: Cleanup
[2023-11-16T02:20:21.334+0000][22589.096s][info ][safepoint     ] Leaving safepoint region
[2023-11-16T02:20:21.334+0000][22589.096s][info ][safepoint     ] Total time for which application threads were stopped: 0.0003371 seconds, Stopping threads took: 0.0000480 seconds
[2023-11-16T02:20:22.334+0000][22590.096s][debug][safepoint     ] Safepoint synchronization initiated. (170 threads)
[2023-11-16T02:20:22.334+0000][22590.096s][info ][safepoint     ] Application time: 1.0001607 seconds
[2023-11-16T02:20:22.334+0000][22590.096s][debug][safepoint     ] ... found polling page return exception at pc = 0x00007f6930b415e9, stub =0x00007f692883a800
[2023-11-16T02:20:22.334+0000][22590.096s][debug][safepoint     ] Waiting for 1 thread(s) to block
[2023-11-16T02:20:22.334+0000][22590.096s][info ][safepoint     ] Entering safepoint region: Cleanup
[2023-11-16T02:20:22.335+0000][22590.096s][info ][safepoint     ] Leaving safepoint region
[2023-11-16T02:20:22.335+0000][22590.096s][info ][safepoint     ] Total time for which application threads were stopped: 0.0004410 seconds, Stopping threads took: 0.0001742 seconds
[2023-11-16T02:20:23.335+0000][22591.097s][debug][safepoint     ] Safepoint synchronization initiated. (170 threads)
[2023-11-16T02:20:23.335+0000][22591.097s][info ][safepoint     ] Application time: 1.0001766 seconds
[2023-11-16T02:20:23.335+0000][22591.097s][info ][safepoint     ] Entering safepoint region: Cleanup
[2023-11-16T02:20:23.335+0000][22591.097s][info ][safepoint     ] Leaving safepoint region
[2023-11-16T02:20:23.336+0000][22591.097s][debug][safepoint     ] ... found polling page return exception at pc = 0x00007f693102dd76, stub =0x00007f692883a800
[2023-11-16T02:20:23.336+0000][22591.097s][info ][safepoint     ] Total time for which application threads were stopped: 0.0005838 seconds, Stopping threads took: 0.0003236 seconds
[2023-11-16T02:20:24.336+0000][22592.097s][debug][safepoint     ] Safepoint synchronization initiated. (170 threads)
[2023-11-16T02:20:24.336+0000][22592.097s][info ][safepoint     ] Application time: 1.0001920 seconds
[2023-11-16T02:20:24.336+0000][22592.098s][info ][safepoint     ] Entering safepoint region: Cleanup
[2023-11-16T02:20:24.336+0000][22592.098s][info ][safepoint     ] Leaving safepoint region
[2023-11-16T02:20:24.336+0000][22592.098s][info ][safepoint     ] Total time for which application threads were stopped: 0.0004386 seconds, Stopping threads took: 0.0000516 seconds
[2023-11-16T02:20:25.336+0000][22593.098s][debug][safepoint     ] Safepoint synchronization initiated. (170 threads)
[2023-11-16T02:20:25.336+0000][22593.098s][info ][safepoint     ] Application time: 1.0001603 seconds
[2023-11-16T02:20:25.337+0000][22593.098s][info ][safepoint     ] Entering safepoint region: Cleanup
[2023-11-16T02:20:25.337+0000][22593.098s][info ][safepoint     ] Leaving safepoint region
[2023-11-16T02:20:25.337+0000][22593.098s][info ][safepoint     ] Total time for which application threads were stopped: 0.0002553 seconds, Stopping threads took: 0.0000506 seconds
[2023-11-16T02:20:26.337+0000][22594.098s][debug][safepoint     ] Safepoint synchronization initiated. (170 threads)
[2023-11-16T02:20:26.337+0000][22594.099s][info ][safepoint     ] Application time: 1.0001590 seconds
[2023-11-16T02:20:26.337+0000][22594.099s][info ][safepoint     ] Entering safepoint region: Cleanup
[2023-11-16T02:20:26.337+0000][22594.099s][info ][safepoint     ] Leaving safepoint region
[2023-11-16T02:20:26.337+0000][22594.099s][info ][safepoint     ] Total time for which application threads were stopped: 0.0003405 seconds, Stopping threads took: 0.0000503 seconds
[2023-11-16T02:20:27.337+0000][22595.099s][debug][safepoint     ] Safepoint synchronization initiated. (170 threads)
[2023-11-16T02:20:27.337+0000][22595.099s][info ][safepoint     ] Application time: 1.0001765 seconds
[2023-11-16T02:20:27.338+0000][22595.099s][info ][safepoint     ] Entering safepoint region: Cleanup
[2023-11-16T02:20:27.338+0000][22595.099s][info ][safepoint     ] Leaving safepoint region
[2023-11-16T02:20:27.338+0000][22595.099s][info ][safepoint     ] Total time for which application threads were stopped: 0.0003291 seconds, Stopping threads took: 0.0000497 seconds
[2023-11-16T02:20:28.338+0000][22596.100s][debug][safepoint     ] Safepoint synchronization initiated. (170 threads)
[2023-11-16T02:20:28.338+0000][22596.100s][info ][safepoint     ] Application time: 1.0001615 seconds
[2023-11-16T02:20:28.338+0000][22596.100s][info ][safepoint     ] Entering safepoint region: Cleanup
[2023-11-16T02:20:28.338+0000][22596.100s][info ][safepoint     ] Leaving safepoint region
[2023-11-16T02:20:28.339+0000][22596.100s][info ][safepoint     ] Total time for which application threads were stopped: 0.0004785 seconds, Stopping threads took: 0.0001406 seconds
[2023-11-16T02:20:29.339+0000][22597.100s][debug][safepoint     ] Safepoint synchronization initiated. (170 threads)
[2023-11-16T02:20:29.339+0000][22597.100s][info ][safepoint     ] Application time: 1.0001699 seconds
[2023-11-16T02:20:29.339+0000][22597.100s][info ][safepoint     ] Entering safepoint region: Cleanup
[2023-11-16T02:20:29.339+0000][22597.101s][info ][safepoint     ] Leaving safepoint region
[2023-11-16T02:20:29.339+0000][22597.101s][info ][safepoint     ] Total time for which application threads were stopped: 0.0004013 seconds, Stopping threads took: 0.0000502 seconds
[2023-11-16T02:20:30.339+0000][22598.101s][debug][safepoint     ] Safepoint synchronization initiated. (170 threads)
[2023-11-16T02:20:30.339+0000][22598.101s][info ][safepoint     ] Application time: 1.0001540 seconds
[2023-11-16T02:20:30.339+0000][22598.101s][info ][safepoint     ] Entering safepoint region: Cleanup
[2023-11-16T02:20:30.340+0000][22598.101s][info ][safepoint     ] Leaving safepoint region
[2023-11-16T02:20:30.340+0000][22598.101s][info ][safepoint     ] Total time for which application threads were stopped: 0.0002956 seconds, Stopping threads took: 0.0000522 seconds
[2023-11-16T02:20:31.340+0000][22599.101s][debug][safepoint     ] Safepoint synchronization initiated. (170 threads)
[2023-11-16T02:20:31.340+0000][22599.101s][info ][safepoint     ] Application time: 1.0001567 seconds
[2023-11-16T02:20:31.340+0000][22599.101s][info ][safepoint     ] Entering safepoint region: Cleanup
[2023-11-16T02:20:31.340+0000][22599.102s][info ][safepoint     ] Leaving safepoint region
[2023-11-16T02:20:31.340+0000][22599.102s][info ][safepoint     ] Total time for which application threads were stopped: 0.0003469 seconds, Stopping threads took: 0.0000509 seconds
[2023-11-16T02:20:32.340+0000][22600.102s][debug][safepoint     ] Safepoint synchronization initiated. (170 threads)
[2023-11-16T02:20:32.340+0000][22600.102s][info ][safepoint     ] Application time: 1.0001550 seconds
[2023-11-16T02:20:32.340+0000][22600.102s][info ][safepoint     ] Entering safepoint region: Cleanup
[2023-11-16T02:20:32.341+0000][22600.102s][info ][safepoint     ] Leaving safepoint region
[2023-11-16T02:20:32.341+0000][22600.102s][info ][safepoint     ] Total time for which application threads were stopped: 0.0003379 seconds, Stopping threads took: 0.0000502 seconds
[2023-11-16T02:21:08.344+0000][22636.106s][debug][safepoint     ] Safepoint synchronization initiated. (168 threads)
[2023-11-16T02:21:08.344+0000][22636.106s][info ][safepoint     ] Application time: 36.0032447 seconds
[2023-11-16T02:21:08.344+0000][22636.106s][info ][safepoint     ] Entering safepoint region: Cleanup
[2023-11-16T02:21:08.344+0000][22636.106s][info ][safepoint     ] Leaving safepoint region
[2023-11-16T02:21:08.344+0000][22636.106s][info ][safepoint     ] Total time for which application threads were stopped: 0.0002557 seconds, Stopping threads took: 0.0000489 seconds
[2023-11-16T02:22:38.352+0000][22726.114s][debug][safepoint     ] Safepoint synchronization initiated. (168 threads)
[2023-11-16T02:22:38.352+0000][22726.114s][info ][safepoint     ] Application time: 90.0079393 seconds
[2023-11-16T02:22:38.352+0000][22726.114s][info ][safepoint     ] Entering safepoint region: Cleanup
[2023-11-16T02:22:38.353+0000][22726.114s][info ][safepoint     ] Leaving safepoint region
[2023-11-16T02:22:38.353+0000][22726.114s][info ][safepoint     ] Total time for which application threads were stopped: 0.0003472 seconds, Stopping threads took: 0.0000481 seconds
[2023-11-16T02:23:33.357+0000][22781.119s][debug][safepoint     ] Safepoint synchronization initiated. (167 threads)
[2023-11-16T02:23:33.358+0000][22781.119s][info ][safepoint     ] Application time: 55.0049766 seconds
[2023-11-16T02:23:33.358+0000][22781.119s][info ][safepoint     ] Entering safepoint region: Cleanup
[2023-11-16T02:23:33.358+0000][22781.120s][info ][safepoint     ] Leaving safepoint region
[2023-11-16T02:23:33.358+0000][22781.120s][info ][safepoint     ] Total time for which application threads were stopped: 0.0003551 seconds, Stopping threads took: 0.0000534 seconds
[2023-11-16T02:23:54.360+0000][22802.121s][debug][safepoint     ] Safepoint synchronization initiated. (166 threads)
[2023-11-16T02:23:54.360+0000][22802.121s][info ][safepoint     ] Application time: 21.0019069 seconds
[2023-11-16T02:23:54.360+0000][22802.122s][info ][safepoint     ] Entering safepoint region: Cleanup
[2023-11-16T02:23:54.360+0000][22802.122s][info ][safepoint     ] Leaving safepoint region
[2023-11-16T02:23:54.360+0000][22802.122s][debug][safepoint     ] ... found polling page return exception at pc = 0x00007f693102dd76, stub =0x00007f692883a800
[2023-11-16T02:23:54.360+0000][22802.122s][debug][safepoint     ] ... found polling page return exception at pc = 0x00007f693102dd76, stub =0x00007f692883a800
[2023-11-16T02:23:54.360+0000][22802.122s][info ][safepoint     ] Total time for which application threads were stopped: 0.0003832 seconds, Stopping threads took: 0.0000533 seconds
[2023-11-16T02:23:54.360+0000][22802.122s][debug][safepoint     ] ... found polling page return exception at pc = 0x00007f693102dd76, stub =0x00007f692883a800
[2023-11-16T02:24:33.364+0000][22841.126s][debug][safepoint     ] Safepoint synchronization initiated. (165 threads)
[2023-11-16T02:24:33.364+0000][22841.126s][info ][safepoint     ] Application time: 39.0036202 seconds
[2023-11-16T02:24:33.364+0000][22841.126s][info ][safepoint     ] Entering safepoint region: Cleanup
[2023-11-16T02:24:33.364+0000][22841.126s][info ][safepoint     ] Leaving safepoint region
[2023-11-16T02:24:33.364+0000][22841.126s][info ][safepoint     ] Total time for which application threads were stopped: 0.0003374 seconds, Stopping threads took: 0.0000483 seconds
[2023-11-16T02:24:34.365+0000][22842.126s][debug][safepoint     ] Safepoint synchronization initiated. (165 threads)
[2023-11-16T02:24:34.365+0000][22842.126s][info ][safepoint     ] Application time: 1.0001716 seconds
[2023-11-16T02:24:34.365+0000][22842.126s][info ][safepoint     ] Entering safepoint region: Cleanup
[2023-11-16T02:24:34.365+0000][22842.127s][info ][safepoint     ] Leaving safepoint region
[2023-11-16T02:24:34.365+0000][22842.127s][info ][safepoint     ] Total time for which application threads were stopped: 0.0003283 seconds, Stopping threads took: 0.0000485 seconds
[2023-11-16T02:24:35.365+0000][22843.127s][debug][safepoint     ] Safepoint synchronization initiated. (165 threads)
[2023-11-16T02:24:35.365+0000][22843.127s][info ][safepoint     ] Application time: 1.0001502 seconds
[2023-11-16T02:24:35.365+0000][22843.127s][info ][safepoint     ] Entering safepoint region: Cleanup
[2023-11-16T02:24:35.365+0000][22843.127s][info ][safepoint     ] Leaving safepoint region
[2023-11-16T02:24:35.365+0000][22843.127s][info ][safepoint     ] Total time for which application threads were stopped: 0.0003325 seconds, Stopping threads took: 0.0000484 seconds
[2023-11-16T02:24:36.366+0000][22844.127s][debug][safepoint     ] Safepoint synchronization initiated. (165 threads)
[2023-11-16T02:24:36.366+0000][22844.127s][info ][safepoint     ] Application time: 1.0001690 seconds
[2023-11-16T02:24:36.366+0000][22844.127s][info ][safepoint     ] Entering safepoint region: Cleanup
[2023-11-16T02:24:36.366+0000][22844.128s][info ][safepoint     ] Leaving safepoint region
[2023-11-16T02:24:36.366+0000][22844.128s][info ][safepoint     ] Total time for which application threads were stopped: 0.0003310 seconds, Stopping threads took: 0.0000484 seconds
[2023-11-16T02:24:37.366+0000][22845.128s][debug][safepoint     ] Safepoint synchronization initiated. (165 threads)
[2023-11-16T02:24:37.366+0000][22845.128s][info ][safepoint     ] Application time: 1.0001533 seconds
[2023-11-16T02:24:37.366+0000][22845.128s][info ][safepoint     ] Entering safepoint region: Cleanup
[2023-11-16T02:24:37.366+0000][22845.128s][info ][safepoint     ] Leaving safepoint region
[2023-11-16T02:24:37.367+0000][22845.128s][info ][safepoint     ] Total time for which application threads were stopped: 0.0003294 seconds, Stopping threads took: 0.0000482 seconds
[2023-11-16T02:24:38.367+0000][22846.128s][debug][safepoint     ] Safepoint synchronization initiated. (165 threads)
[2023-11-16T02:24:38.367+0000][22846.128s][info ][safepoint     ] Application time: 1.0001688 seconds
[2023-11-16T02:24:38.367+0000][22846.128s][info ][safepoint     ] Entering safepoint region: Cleanup
[2023-11-16T02:24:38.367+0000][22846.129s][info ][safepoint     ] Leaving safepoint region
[2023-11-16T02:24:38.367+0000][22846.129s][info ][safepoint     ] Total time for which application threads were stopped: 0.0004754 seconds, Stopping threads took: 0.0001989 seconds
[2023-11-16T02:24:39.367+0000][22847.129s][debug][safepoint     ] Safepoint synchronization initiated. (165 threads)
[2023-11-16T02:24:39.367+0000][22847.129s][info ][safepoint     ] Application time: 1.0001654 seconds
[2023-11-16T02:24:39.367+0000][22847.129s][info ][safepoint     ] Entering safepoint region: Cleanup
[2023-11-16T02:24:39.368+0000][22847.129s][info ][safepoint     ] Leaving safepoint region
[2023-11-16T02:24:39.368+0000][22847.129s][info ][safepoint     ] Total time for which application threads were stopped: 0.0003571 seconds, Stopping threads took: 0.0000741 seconds
[2023-11-16T02:24:40.368+0000][22848.130s][debug][safepoint     ] Safepoint synchronization initiated. (164 threads)
[2023-11-16T02:24:40.368+0000][22848.130s][info ][safepoint     ] Application time: 1.0001532 seconds
[2023-11-16T02:24:40.368+0000][22848.130s][info ][safepoint     ] Entering safepoint region: Cleanup
[2023-11-16T02:24:40.368+0000][22848.130s][info ][safepoint     ] Leaving safepoint region
[2023-11-16T02:24:40.368+0000][22848.130s][info ][safepoint     ] Total time for which application threads were stopped: 0.0003326 seconds, Stopping threads took: 0.0000472 seconds
[2023-11-16T02:24:41.368+0000][22849.130s][debug][safepoint     ] Safepoint synchronization initiated. (164 threads)
[2023-11-16T02:24:41.368+0000][22849.130s][info ][safepoint     ] Application time: 1.0001432 seconds
[2023-11-16T02:24:41.369+0000][22849.130s][info ][safepoint     ] Entering safepoint region: Cleanup
[2023-11-16T02:24:41.369+0000][22849.130s][info ][safepoint     ] Leaving safepoint region
[2023-11-16T02:24:41.369+0000][22849.130s][info ][safepoint     ] Total time for which application threads were stopped: 0.0003338 seconds, Stopping threads took: 0.0000491 seconds
[2023-11-16T02:24:42.369+0000][22850.131s][debug][safepoint     ] Safepoint synchronization initiated. (164 threads)
[2023-11-16T02:24:42.369+0000][22850.131s][info ][safepoint     ] Application time: 1.0001609 seconds
[2023-11-16T02:24:42.369+0000][22850.131s][info ][safepoint     ] Entering safepoint region: Cleanup
[2023-11-16T02:24:42.369+0000][22850.131s][info ][safepoint     ] Leaving safepoint region
[2023-11-16T02:24:42.369+0000][22850.131s][info ][safepoint     ] Total time for which application threads were stopped: 0.0003344 seconds, Stopping threads took: 0.0000480 seconds
[2023-11-16T02:24:43.369+0000][22851.131s][debug][safepoint     ] Safepoint synchronization initiated. (164 threads)
[2023-11-16T02:24:43.370+0000][22851.131s][info ][safepoint     ] Application time: 1.0001444 seconds
[2023-11-16T02:24:43.370+0000][22851.131s][info ][safepoint     ] Entering safepoint region: Cleanup
[2023-11-16T02:24:43.370+0000][22851.132s][info ][safepoint     ] Leaving safepoint region
[2023-11-16T02:24:43.370+0000][22851.132s][info ][safepoint     ] Total time for which application threads were stopped: 0.0004117 seconds, Stopping threads took: 0.0002034 seconds
[2023-11-16T02:24:44.370+0000][22852.132s][debug][safepoint     ] Safepoint synchronization initiated. (164 threads)
[2023-11-16T02:24:44.370+0000][22852.132s][info ][safepoint     ] Application time: 1.0001695 seconds
[2023-11-16T02:24:44.370+0000][22852.132s][info ][safepoint     ] Entering safepoint region: Cleanup
[2023-11-16T02:24:44.370+0000][22852.132s][info ][safepoint     ] Leaving safepoint region
[2023-11-16T02:24:44.370+0000][22852.132s][info ][safepoint     ] Total time for which application threads were stopped: 0.0003328 seconds, Stopping threads took: 0.0000486 seconds
[2023-11-16T02:24:45.371+0000][22853.132s][debug][safepoint     ] Safepoint synchronization initiated. (164 threads)
[2023-11-16T02:24:45.371+0000][22853.132s][info ][safepoint     ] Application time: 1.0001419 seconds
[2023-11-16T02:24:45.371+0000][22853.132s][info ][safepoint     ] Entering safepoint region: Cleanup
[2023-11-16T02:24:45.371+0000][22853.133s][info ][safepoint     ] Leaving safepoint region
[2023-11-16T02:24:45.371+0000][22853.133s][info ][safepoint     ] Total time for which application threads were stopped: 0.0002752 seconds, Stopping threads took: 0.0000476 seconds
[2023-11-16T02:24:46.371+0000][22854.133s][debug][safepoint     ] Safepoint synchronization initiated. (164 threads)
[2023-11-16T02:24:46.371+0000][22854.133s][info ][safepoint     ] Application time: 1.0001554 seconds
[2023-11-16T02:24:46.371+0000][22854.133s][info ][safepoint     ] Entering safepoint region: Cleanup
[2023-11-16T02:24:46.371+0000][22854.133s][info ][safepoint     ] Leaving safepoint region
[2023-11-16T02:24:46.371+0000][22854.133s][info ][safepoint     ] Total time for which application threads were stopped: 0.0003581 seconds, Stopping threads took: 0.0000497 seconds
[2023-11-16T02:24:47.372+0000][22855.133s][debug][safepoint     ] Safepoint synchronization initiated. (164 threads)
[2023-11-16T02:24:47.372+0000][22855.133s][info ][safepoint     ] Application time: 1.0001453 seconds
[2023-11-16T02:24:47.372+0000][22855.133s][info ][safepoint     ] Entering safepoint region: Cleanup
[2023-11-16T02:24:47.372+0000][22855.134s][info ][safepoint     ] Leaving safepoint region
[2023-11-16T02:24:47.372+0000][22855.134s][info ][safepoint     ] Total time for which application threads were stopped: 0.0003295 seconds, Stopping threads took: 0.0000492 seconds
[2023-11-16T02:24:48.372+0000][22856.134s][debug][safepoint     ] Safepoint synchronization initiated. (164 threads)
[2023-11-16T02:24:48.372+0000][22856.134s][info ][safepoint     ] Application time: 1.0001713 seconds
[2023-11-16T02:24:48.372+0000][22856.134s][info ][safepoint     ] Entering safepoint region: Cleanup
[2023-11-16T02:24:48.373+0000][22856.134s][info ][safepoint     ] Leaving safepoint region
[2023-11-16T02:24:48.373+0000][22856.134s][info ][safepoint     ] Total time for which application threads were stopped: 0.0003290 seconds, Stopping threads took: 0.0000471 seconds
[2023-11-16T02:24:49.373+0000][22857.134s][debug][safepoint     ] Safepoint synchronization initiated. (164 threads)
[2023-11-16T02:24:49.373+0000][22857.134s][info ][safepoint     ] Application time: 1.0001726 seconds
[2023-11-16T02:24:49.373+0000][22857.134s][info ][safepoint     ] Entering safepoint region: Cleanup
[2023-11-16T02:24:49.373+0000][22857.135s][info ][safepoint     ] Leaving safepoint region
[2023-11-16T02:24:49.373+0000][22857.135s][info ][safepoint     ] Total time for which application threads were stopped: 0.0003351 seconds, Stopping threads took: 0.0000475 seconds
[2023-11-16T02:24:50.373+0000][22858.135s][debug][safepoint     ] Safepoint synchronization initiated. (164 threads)
[2023-11-16T02:24:50.373+0000][22858.135s][info ][safepoint     ] Application time: 1.0001517 seconds
[2023-11-16T02:24:50.373+0000][22858.135s][info ][safepoint     ] Entering safepoint region: Cleanup
[2023-11-16T02:24:50.374+0000][22858.135s][info ][safepoint     ] Leaving safepoint region
[2023-11-16T02:24:50.374+0000][22858.135s][info ][safepoint     ] Total time for which application threads were stopped: 0.0003286 seconds, Stopping threads took: 0.0000490 seconds
[2023-11-16T02:24:51.374+0000][22859.135s][debug][safepoint     ] Safepoint synchronization initiated. (164 threads)
[2023-11-16T02:24:51.374+0000][22859.135s][info ][safepoint     ] Application time: 1.0001714 seconds
[2023-11-16T02:24:51.374+0000][22859.135s][info ][safepoint     ] Entering safepoint region: Cleanup
[2023-11-16T02:24:51.374+0000][22859.136s][info ][safepoint     ] Leaving safepoint region
[2023-11-16T02:24:51.374+0000][22859.136s][info ][safepoint     ] Total time for which application threads were stopped: 0.0003010 seconds, Stopping threads took: 0.0000485 seconds
[2023-11-16T02:24:52.374+0000][22860.136s][debug][safepoint     ] Safepoint synchronization initiated. (164 threads)
[2023-11-16T02:24:52.374+0000][22860.136s][info ][safepoint     ] Application time: 1.0001690 seconds
[2023-11-16T02:24:52.374+0000][22860.136s][info ][safepoint     ] Entering safepoint region: Cleanup
[2023-11-16T02:24:52.375+0000][22860.136s][info ][safepoint     ] Leaving safepoint region
[2023-11-16T02:24:52.375+0000][22860.136s][info ][safepoint     ] Total time for which application threads were stopped: 0.0003273 seconds, Stopping threads took: 0.0000474 seconds
[2023-11-16T02:24:53.375+0000][22861.136s][debug][safepoint     ] Safepoint synchronization initiated. (164 threads)
[2023-11-16T02:24:53.375+0000][22861.137s][info ][safepoint     ] Application time: 1.0002089 seconds
[2023-11-16T02:24:53.375+0000][22861.137s][info ][safepoint     ] Entering safepoint region: Cleanup
[2023-11-16T02:24:53.375+0000][22861.137s][info ][safepoint     ] Leaving safepoint region
[2023-11-16T02:24:53.375+0000][22861.137s][info ][safepoint     ] Total time for which application threads were stopped: 0.0003122 seconds, Stopping threads took: 0.0000507 seconds
[2023-11-16T02:24:54.375+0000][22862.137s][debug][safepoint     ] Safepoint synchronization initiated. (164 threads)
[2023-11-16T02:24:54.375+0000][22862.137s][info ][safepoint     ] Application time: 1.0001549 seconds
[2023-11-16T02:24:54.375+0000][22862.137s][info ][safepoint     ] Entering safepoint region: Cleanup
[2023-11-16T02:24:54.376+0000][22862.137s][info ][safepoint     ] Leaving safepoint region
[2023-11-16T02:24:54.376+0000][22862.137s][info ][safepoint     ] Total time for which application threads were stopped: 0.0003304 seconds, Stopping threads took: 0.0000485 seconds
[2023-11-16T02:24:55.376+0000][22863.137s][debug][safepoint     ] Safepoint synchronization initiated. (164 threads)
[2023-11-16T02:24:55.376+0000][22863.138s][info ][safepoint     ] Application time: 1.0001496 seconds
[2023-11-16T02:24:55.376+0000][22863.138s][info ][safepoint     ] Entering safepoint region: Cleanup
[2023-11-16T02:24:55.376+0000][22863.138s][info ][safepoint     ] Leaving safepoint region
[2023-11-16T02:24:55.376+0000][22863.138s][info ][safepoint     ] Total time for which application threads were stopped: 0.0003293 seconds, Stopping threads took: 0.0000483 seconds
[2023-11-16T02:24:56.376+0000][22864.138s][debug][safepoint     ] Safepoint synchronization initiated. (164 threads)
[2023-11-16T02:24:56.376+0000][22864.138s][info ][safepoint     ] Application time: 1.0001531 seconds
[2023-11-16T02:24:56.376+0000][22864.138s][info ][safepoint     ] Entering safepoint region: Cleanup
[2023-11-16T02:24:56.377+0000][22864.138s][info ][safepoint     ] Leaving safepoint region
[2023-11-16T02:24:56.377+0000][22864.138s][info ][safepoint     ] Total time for which application threads were stopped: 0.0003276 seconds, Stopping threads took: 0.0000483 seconds
[2023-11-16T02:24:57.377+0000][22865.139s][debug][safepoint     ] Safepoint synchronization initiated. (164 threads)
[2023-11-16T02:24:57.377+0000][22865.139s][info ][safepoint     ] Application time: 1.0001556 seconds
[2023-11-16T02:24:57.377+0000][22865.139s][info ][safepoint     ] Entering safepoint region: Cleanup
[2023-11-16T02:24:57.377+0000][22865.139s][info ][safepoint     ] Leaving safepoint region
[2023-11-16T02:24:57.377+0000][22865.139s][info ][safepoint     ] Total time for which application threads were stopped: 0.0003082 seconds, Stopping threads took: 0.0000806 seconds
[2023-11-16T02:24:58.377+0000][22866.139s][debug][safepoint     ] Safepoint synchronization initiated. (164 threads)
[2023-11-16T02:24:58.377+0000][22866.139s][info ][safepoint     ] Application time: 1.0001754 seconds
[2023-11-16T02:24:58.378+0000][22866.139s][info ][safepoint     ] Entering safepoint region: Cleanup
[2023-11-16T02:24:58.378+0000][22866.140s][info ][safepoint     ] Leaving safepoint region
[2023-11-16T02:24:58.378+0000][22866.140s][info ][safepoint     ] Total time for which application threads were stopped: 0.0004515 seconds, Stopping threads took: 0.0002427 seconds
[2023-11-16T02:24:59.378+0000][22867.140s][debug][safepoint     ] Safepoint synchronization initiated. (164 threads)
[2023-11-16T02:24:59.378+0000][22867.140s][info ][safepoint     ] Application time: 1.0001707 seconds
[2023-11-16T02:24:59.378+0000][22867.140s][info ][safepoint     ] Entering safepoint region: Cleanup
[2023-11-16T02:24:59.378+0000][22867.140s][info ][safepoint     ] Leaving safepoint region
[2023-11-16T02:24:59.378+0000][22867.140s][info ][safepoint     ] Total time for which application threads were stopped: 0.0003372 seconds, Stopping threads took: 0.0000482 seconds
[2023-11-16T02:25:00.379+0000][22868.140s][debug][safepoint     ] Safepoint synchronization initiated. (164 threads)
[2023-11-16T02:25:00.379+0000][22868.140s][info ][safepoint     ] Application time: 1.0001986 seconds
[2023-11-16T02:25:00.379+0000][22868.140s][info ][safepoint     ] Entering safepoint region: Cleanup
[2023-11-16T02:25:00.379+0000][22868.141s][info ][safepoint     ] Leaving safepoint region
[2023-11-16T02:25:00.379+0000][22868.141s][info ][safepoint     ] Total time for which application threads were stopped: 0.0003313 seconds, Stopping threads took: 0.0000491 seconds
[2023-11-16T02:25:01.379+0000][22869.141s][debug][safepoint     ] Safepoint synchronization initiated. (164 threads)
[2023-11-16T02:25:01.379+0000][22869.141s][info ][safepoint     ] Application time: 1.0001202 seconds
[2023-11-16T02:25:01.379+0000][22869.141s][info ][safepoint     ] Entering safepoint region: Cleanup
[2023-11-16T02:25:01.379+0000][22869.141s][info ][safepoint     ] Leaving safepoint region
[2023-11-16T02:25:01.379+0000][22869.141s][info ][safepoint     ] Total time for which application threads were stopped: 0.0001848 seconds, Stopping threads took: 0.0000354 seconds
[2023-11-16T02:25:02.379+0000][22870.141s][debug][safepoint     ] Safepoint synchronization initiated. (164 threads)
[2023-11-16T02:25:02.380+0000][22870.141s][info ][safepoint     ] Application time: 1.0001719 seconds
[2023-11-16T02:25:02.380+0000][22870.141s][info ][safepoint     ] Entering safepoint region: Cleanup
[2023-11-16T02:25:02.380+0000][22870.141s][info ][safepoint     ] Leaving safepoint region
[2023-11-16T02:25:02.380+0000][22870.141s][info ][safepoint     ] Total time for which application threads were stopped: 0.0002525 seconds, Stopping threads took: 0.0000482 seconds
[2023-11-16T02:25:03.380+0000][22871.142s][debug][safepoint     ] Safepoint synchronization initiated. (164 threads)
[2023-11-16T02:25:03.380+0000][22871.142s][info ][safepoint     ] Application time: 1.0001507 seconds
[2023-11-16T02:25:03.380+0000][22871.142s][info ][safepoint     ] Entering safepoint region: Cleanup
[2023-11-16T02:25:03.381+0000][22871.142s][info ][safepoint     ] Leaving safepoint region
[2023-11-16T02:25:03.381+0000][22871.142s][info ][safepoint     ] Total time for which application threads were stopped: 0.0006991 seconds, Stopping threads took: 0.0004263 seconds
[2023-11-16T02:25:04.381+0000][22872.142s][debug][safepoint     ] Safepoint synchronization initiated. (164 threads)
[2023-11-16T02:25:04.381+0000][22872.143s][info ][safepoint     ] Application time: 1.0001583 seconds
[2023-11-16T02:25:04.381+0000][22872.143s][info ][safepoint     ] Entering safepoint region: Cleanup
[2023-11-16T02:25:04.381+0000][22872.143s][info ][safepoint     ] Leaving safepoint region
[2023-11-16T02:25:04.381+0000][22872.143s][info ][safepoint     ] Total time for which application threads were stopped: 0.0003320 seconds, Stopping threads took: 0.0000479 seconds
[2023-11-16T02:25:05.381+0000][22873.143s][debug][safepoint     ] Safepoint synchronization initiated. (164 threads)
[2023-11-16T02:25:05.381+0000][22873.143s][info ][safepoint     ] Application time: 1.0001549 seconds
[2023-11-16T02:25:05.381+0000][22873.143s][info ][safepoint     ] Entering safepoint region: Cleanup
[2023-11-16T02:25:05.382+0000][22873.143s][info ][safepoint     ] Leaving safepoint region
[2023-11-16T02:25:05.382+0000][22873.143s][info ][safepoint     ] Total time for which application threads were stopped: 0.0003287 seconds, Stopping threads took: 0.0000474 seconds
[2023-11-16T02:25:06.382+0000][22874.144s][debug][safepoint     ] Safepoint synchronization initiated. (164 threads)
[2023-11-16T02:25:06.382+0000][22874.144s][info ][safepoint     ] Application time: 1.0001669 seconds
[2023-11-16T02:25:06.382+0000][22874.144s][info ][safepoint     ] Entering safepoint region: Cleanup
[2023-11-16T02:25:06.382+0000][22874.144s][info ][safepoint     ] Leaving safepoint region
[2023-11-16T02:25:06.382+0000][22874.144s][info ][safepoint     ] Total time for which application threads were stopped: 0.0003336 seconds, Stopping threads took: 0.0000487 seconds
[2023-11-16T02:25:07.382+0000][22875.144s][debug][safepoint     ] Safepoint synchronization initiated. (164 threads)
[2023-11-16T02:25:07.383+0000][22875.144s][info ][safepoint     ] Application time: 1.0001717 seconds
[2023-11-16T02:25:07.383+0000][22875.144s][info ][safepoint     ] Entering safepoint region: Cleanup
[2023-11-16T02:25:07.383+0000][22875.144s][info ][safepoint     ] Leaving safepoint region
[2023-11-16T02:25:07.383+0000][22875.144s][info ][safepoint     ] Total time for which application threads were stopped: 0.0003262 seconds, Stopping threads took: 0.0000483 seconds
[2023-11-16T02:25:08.383+0000][22876.145s][debug][safepoint     ] Safepoint synchronization initiated. (164 threads)
[2023-11-16T02:25:08.383+0000][22876.145s][info ][safepoint     ] Application time: 1.0001695 seconds
[2023-11-16T02:25:08.383+0000][22876.145s][info ][safepoint     ] Entering safepoint region: Cleanup
[2023-11-16T02:25:08.384+0000][22876.145s][info ][safepoint     ] Leaving safepoint region
[2023-11-16T02:25:08.384+0000][22876.145s][info ][safepoint     ] Total time for which application threads were stopped: 0.0006635 seconds, Stopping threads took: 0.0003678 seconds
[2023-11-16T02:25:09.384+0000][22877.145s][debug][safepoint     ] Safepoint synchronization initiated. (164 threads)
[2023-11-16T02:25:09.384+0000][22877.146s][info ][safepoint     ] Application time: 1.0001480 seconds
[2023-11-16T02:25:09.384+0000][22877.146s][info ][safepoint     ] Entering safepoint region: Cleanup
[2023-11-16T02:25:09.384+0000][22877.146s][info ][safepoint     ] Leaving safepoint region
[2023-11-16T02:25:09.384+0000][22877.146s][info ][safepoint     ] Total time for which application threads were stopped: 0.0003308 seconds, Stopping threads took: 0.0000487 seconds
[2023-11-16T02:25:10.384+0000][22878.146s][debug][safepoint     ] Safepoint synchronization initiated. (164 threads)
[2023-11-16T02:25:10.384+0000][22878.146s][info ][safepoint     ] Application time: 1.0001382 seconds
[2023-11-16T02:25:10.384+0000][22878.146s][info ][safepoint     ] Entering safepoint region: Cleanup
[2023-11-16T02:25:10.385+0000][22878.146s][info ][safepoint     ] Leaving safepoint region
[2023-11-16T02:25:10.385+0000][22878.146s][info ][safepoint     ] Total time for which application threads were stopped: 0.0003228 seconds, Stopping threads took: 0.0000483 seconds
[2023-11-16T02:25:11.385+0000][22879.146s][debug][safepoint     ] Safepoint synchronization initiated. (164 threads)
[2023-11-16T02:25:11.385+0000][22879.147s][info ][safepoint     ] Application time: 1.0001542 seconds
[2023-11-16T02:25:11.385+0000][22879.147s][info ][safepoint     ] Entering safepoint region: Cleanup
[2023-11-16T02:25:11.385+0000][22879.147s][info ][safepoint     ] Leaving safepoint region
[2023-11-16T02:25:11.385+0000][22879.147s][info ][safepoint     ] Total time for which application threads were stopped: 0.0003259 seconds, Stopping threads took: 0.0000473 seconds
[2023-11-16T02:25:12.385+0000][22880.147s][debug][safepoint     ] Safepoint synchronization initiated. (164 threads)
[2023-11-16T02:25:12.385+0000][22880.147s][info ][safepoint     ] Application time: 1.0001519 seconds
[2023-11-16T02:25:12.385+0000][22880.147s][info ][safepoint     ] Entering safepoint region: Cleanup
[2023-11-16T02:25:12.386+0000][22880.147s][info ][safepoint     ] Leaving safepoint region
[2023-11-16T02:25:12.386+0000][22880.147s][info ][safepoint     ] Total time for which application threads were stopped: 0.0002474 seconds, Stopping threads took: 0.0000542 seconds
[2023-11-16T02:25:13.386+0000][22881.147s][debug][safepoint     ] Safepoint synchronization initiated. (164 threads)
[2023-11-16T02:25:13.386+0000][22881.147s][info ][safepoint     ] Application time: 1.0001496 seconds
[2023-11-16T02:25:13.386+0000][22881.148s][info ][safepoint     ] Entering safepoint region: Cleanup
[2023-11-16T02:25:13.386+0000][22881.148s][info ][safepoint     ] Leaving safepoint region
[2023-11-16T02:25:13.386+0000][22881.148s][info ][safepoint     ] Total time for which application threads were stopped: 0.0004454 seconds, Stopping threads took: 0.0002204 seconds
[2023-11-16T02:25:14.386+0000][22882.148s][debug][safepoint     ] Safepoint synchronization initiated. (164 threads)
[2023-11-16T02:25:14.387+0000][22882.148s][info ][safepoint     ] Application time: 1.0001503 seconds
[2023-11-16T02:25:14.387+0000][22882.148s][info ][safepoint     ] Entering safepoint region: Cleanup
[2023-11-16T02:25:14.387+0000][22882.148s][info ][safepoint     ] Leaving safepoint region
[2023-11-16T02:25:14.387+0000][22882.148s][info ][safepoint     ] Total time for which application threads were stopped: 0.0003354 seconds, Stopping threads took: 0.0000490 seconds
[2023-11-16T02:25:15.387+0000][22883.149s][debug][safepoint     ] Safepoint synchronization initiated. (164 threads)
[2023-11-16T02:25:15.387+0000][22883.149s][info ][safepoint     ] Application time: 1.0001592 seconds
[2023-11-16T02:25:15.387+0000][22883.149s][info ][safepoint     ] Entering safepoint region: Cleanup
[2023-11-16T02:25:15.387+0000][22883.149s][info ][safepoint     ] Leaving safepoint region
[2023-11-16T02:25:15.387+0000][22883.149s][info ][safepoint     ] Total time for which application threads were stopped: 0.0003291 seconds, Stopping threads took: 0.0000470 seconds
[2023-11-16T02:25:16.388+0000][22884.149s][debug][safepoint     ] Safepoint synchronization initiated. (164 threads)
[2023-11-16T02:25:16.388+0000][22884.149s][info ][safepoint     ] Application time: 1.0001611 seconds
[2023-11-16T02:25:16.388+0000][22884.149s][info ][safepoint     ] Entering safepoint region: Cleanup
[2023-11-16T02:25:16.388+0000][22884.150s][info ][safepoint     ] Leaving safepoint region
[2023-11-16T02:25:16.388+0000][22884.150s][info ][safepoint     ] Total time for which application threads were stopped: 0.0003270 seconds, Stopping threads took: 0.0000475 seconds
[2023-11-16T02:25:17.388+0000][22885.150s][debug][safepoint     ] Safepoint synchronization initiated. (164 threads)
[2023-11-16T02:25:17.388+0000][22885.150s][info ][safepoint     ] Application time: 1.0001547 seconds
[2023-11-16T02:25:17.388+0000][22885.150s][info ][safepoint     ] Entering safepoint region: Cleanup
[2023-11-16T02:25:17.388+0000][22885.150s][info ][safepoint     ] Leaving safepoint region
[2023-11-16T02:25:17.388+0000][22885.150s][info ][safepoint     ] Total time for which application threads were stopped: 0.0003277 seconds, Stopping threads took: 0.0000481 seconds
[2023-11-16T02:25:18.389+0000][22886.150s][debug][safepoint     ] Safepoint synchronization initiated. (164 threads)
[2023-11-16T02:25:18.389+0000][22886.150s][info ][safepoint     ] Application time: 1.0001623 seconds
[2023-11-16T02:25:18.389+0000][22886.150s][info ][safepoint     ] Entering safepoint region: Cleanup
[2023-11-16T02:25:18.389+0000][22886.151s][info ][safepoint     ] Leaving safepoint region
[2023-11-16T02:25:18.389+0000][22886.151s][info ][safepoint     ] Total time for which application threads were stopped: 0.0004671 seconds, Stopping threads took: 0.0002645 seconds
[2023-11-16T02:25:19.389+0000][22887.151s][debug][safepoint     ] Safepoint synchronization initiated. (164 threads)
[2023-11-16T02:25:19.389+0000][22887.151s][info ][safepoint     ] Application time: 1.0001560 seconds
[2023-11-16T02:25:19.389+0000][22887.151s][info ][safepoint     ] Entering safepoint region: Cleanup
[2023-11-16T02:25:19.390+0000][22887.151s][info ][safepoint     ] Leaving safepoint region
[2023-11-16T02:25:19.390+0000][22887.151s][info ][safepoint     ] Total time for which application threads were stopped: 0.0002780 seconds, Stopping threads took: 0.0000473 seconds
[2023-11-16T02:25:20.390+0000][22888.151s][debug][safepoint     ] Safepoint synchronization initiated. (164 threads)
[2023-11-16T02:25:20.390+0000][22888.151s][info ][safepoint     ] Application time: 1.0001654 seconds
[2023-11-16T02:25:20.390+0000][22888.151s][info ][safepoint     ] Entering safepoint region: Cleanup
[2023-11-16T02:25:20.390+0000][22888.152s][info ][safepoint     ] Leaving safepoint region
[2023-11-16T02:25:20.390+0000][22888.152s][info ][safepoint     ] Total time for which application threads were stopped: 0.0003369 seconds, Stopping threads took: 0.0000473 seconds
[2023-11-16T02:25:21.390+0000][22889.152s][debug][safepoint     ] Safepoint synchronization initiated. (164 threads)
[2023-11-16T02:25:21.390+0000][22889.152s][info ][safepoint     ] Application time: 1.0001553 seconds
[2023-11-16T02:25:21.390+0000][22889.152s][info ][safepoint     ] Entering safepoint region: Cleanup
[2023-11-16T02:25:21.391+0000][22889.152s][info ][safepoint     ] Leaving safepoint region
[2023-11-16T02:25:21.391+0000][22889.152s][info ][safepoint     ] Total time for which application threads were stopped: 0.0003302 seconds, Stopping threads took: 0.0000476 seconds
[2023-11-16T02:25:22.391+0000][22890.152s][debug][safepoint     ] Safepoint synchronization initiated. (164 threads)
[2023-11-16T02:25:22.391+0000][22890.152s][info ][safepoint     ] Application time: 1.0001670 seconds
[2023-11-16T02:25:22.391+0000][22890.153s][info ][safepoint     ] Entering safepoint region: Cleanup
[2023-11-16T02:25:22.391+0000][22890.153s][info ][safepoint     ] Leaving safepoint region
[2023-11-16T02:25:22.391+0000][22890.153s][info ][safepoint     ] Total time for which application threads were stopped: 0.0003359 seconds, Stopping threads took: 0.0000482 seconds
[2023-11-16T02:25:23.391+0000][22891.153s][debug][safepoint     ] Safepoint synchronization initiated. (164 threads)
[2023-11-16T02:25:23.391+0000][22891.153s][info ][safepoint     ] Application time: 1.0001536 seconds
[2023-11-16T02:25:23.391+0000][22891.153s][info ][safepoint     ] Entering safepoint region: Cleanup
[2023-11-16T02:25:23.392+0000][22891.153s][info ][safepoint     ] Leaving safepoint region
[2023-11-16T02:25:23.392+0000][22891.153s][info ][safepoint     ] Total time for which application threads were stopped: 0.0002861 seconds, Stopping threads took: 0.0000505 seconds
[2023-11-16T02:25:24.392+0000][22892.153s][debug][safepoint     ] Safepoint synchronization initiated. (164 threads)
[2023-11-16T02:25:24.392+0000][22892.153s][info ][safepoint     ] Application time: 1.0001359 seconds
[2023-11-16T02:25:24.392+0000][22892.154s][info ][safepoint     ] Entering safepoint region: Cleanup
[2023-11-16T02:25:24.392+0000][22892.154s][info ][safepoint     ] Leaving safepoint region
[2023-11-16T02:25:24.392+0000][22892.154s][info ][safepoint     ] Total time for which application threads were stopped: 0.0003329 seconds, Stopping threads took: 0.0000485 seconds
[2023-11-16T02:25:25.392+0000][22893.154s][debug][safepoint     ] Safepoint synchronization initiated. (164 threads)
[2023-11-16T02:25:25.392+0000][22893.154s][info ][safepoint     ] Application time: 1.0001441 seconds
[2023-11-16T02:25:25.392+0000][22893.154s][info ][safepoint     ] Entering safepoint region: Cleanup
[2023-11-16T02:25:25.393+0000][22893.154s][info ][safepoint     ] Leaving safepoint region
[2023-11-16T02:25:25.393+0000][22893.154s][info ][safepoint     ] Total time for which application threads were stopped: 0.0003333 seconds, Stopping threads took: 0.0000482 seconds
[2023-11-16T02:25:26.393+0000][22894.154s][debug][safepoint     ] Safepoint synchronization initiated. (164 threads)
[2023-11-16T02:25:26.393+0000][22894.154s][info ][safepoint     ] Application time: 1.0001371 seconds
[2023-11-16T02:25:26.393+0000][22894.155s][info ][safepoint     ] Entering safepoint region: Cleanup
[2023-11-16T02:25:26.393+0000][22894.155s][info ][safepoint     ] Leaving safepoint region
[2023-11-16T02:25:26.393+0000][22894.155s][info ][safepoint     ] Total time for which application threads were stopped: 0.0003333 seconds, Stopping threads took: 0.0000489 seconds
[2023-11-16T02:25:27.393+0000][22895.155s][debug][safepoint     ] Safepoint synchronization initiated. (164 threads)
[2023-11-16T02:25:27.393+0000][22895.155s][info ][safepoint     ] Application time: 1.0001589 seconds
[2023-11-16T02:25:27.393+0000][22895.155s][info ][safepoint     ] Entering safepoint region: Cleanup
[2023-11-16T02:25:27.394+0000][22895.155s][info ][safepoint     ] Leaving safepoint region
[2023-11-16T02:25:27.394+0000][22895.155s][info ][safepoint     ] Total time for which application threads were stopped: 0.0003345 seconds, Stopping threads took: 0.0000488 seconds
[2023-11-16T02:25:28.394+0000][22896.156s][debug][safepoint     ] Safepoint synchronization initiated. (164 threads)
[2023-11-16T02:25:28.394+0000][22896.156s][info ][safepoint     ] Application time: 1.0001761 seconds
[2023-11-16T02:25:28.394+0000][22896.156s][info ][safepoint     ] Entering safepoint region: Cleanup
[2023-11-16T02:25:28.395+0000][22896.156s][info ][safepoint     ] Leaving safepoint region
[2023-11-16T02:25:28.395+0000][22896.156s][info ][safepoint     ] Total time for which application threads were stopped: 0.0006687 seconds, Stopping threads took: 0.0003896 seconds
[2023-11-16T02:25:29.395+0000][22897.156s][debug][safepoint     ] Safepoint synchronization initiated. (164 threads)
[2023-11-16T02:25:29.395+0000][22897.156s][info ][safepoint     ] Application time: 1.0001692 seconds
[2023-11-16T02:25:29.395+0000][22897.156s][info ][safepoint     ] Entering safepoint region: Cleanup
[2023-11-16T02:25:29.395+0000][22897.157s][info ][safepoint     ] Leaving safepoint region
[2023-11-16T02:25:29.395+0000][22897.157s][info ][safepoint     ] Total time for which application threads were stopped: 0.0002487 seconds, Stopping threads took: 0.0000487 seconds
[2023-11-16T02:25:30.395+0000][22898.157s][debug][safepoint     ] Safepoint synchronization initiated. (164 threads)
[2023-11-16T02:25:30.395+0000][22898.157s][info ][safepoint     ] Application time: 1.0001571 seconds
[2023-11-16T02:25:30.395+0000][22898.157s][info ][safepoint     ] Entering safepoint region: Cleanup
[2023-11-16T02:25:30.396+0000][22898.157s][info ][safepoint     ] Leaving safepoint region
[2023-11-16T02:25:30.396+0000][22898.157s][info ][safepoint     ] Total time for which application threads were stopped: 0.0002608 seconds, Stopping threads took: 0.0000480 seconds
[2023-11-16T02:25:31.396+0000][22899.157s][debug][safepoint     ] Safepoint synchronization initiated. (164 threads)
[2023-11-16T02:25:31.396+0000][22899.157s][info ][safepoint     ] Application time: 1.0001491 seconds
[2023-11-16T02:25:31.396+0000][22899.157s][info ][safepoint     ] Entering safepoint region: Cleanup
[2023-11-16T02:25:31.396+0000][22899.158s][info ][safepoint     ] Leaving safepoint region
[2023-11-16T02:25:31.396+0000][22899.158s][info ][safepoint     ] Total time for which application threads were stopped: 0.0002500 seconds, Stopping threads took: 0.0000485 seconds
[2023-11-16T02:25:32.396+0000][22900.158s][debug][safepoint     ] Safepoint synchronization initiated. (164 threads)
[2023-11-16T02:25:32.396+0000][22900.158s][info ][safepoint     ] Application time: 1.0001509 seconds
[2023-11-16T02:25:32.396+0000][22900.158s][info ][safepoint     ] Entering safepoint region: Cleanup
[2023-11-16T02:25:32.396+0000][22900.158s][info ][safepoint     ] Leaving safepoint region
[2023-11-16T02:25:32.396+0000][22900.158s][info ][safepoint     ] Total time for which application threads were stopped: 0.0003329 seconds, Stopping threads took: 0.0000475 seconds
[2023-11-16T02:27:37.304+0000][23025.066s][debug][safepoint     ] Safepoint synchronization initiated. (164 threads)
[2023-11-16T02:27:37.305+0000][23025.066s][info ][safepoint     ] Application time: 124.9080622 seconds
[2023-11-16T02:27:37.305+0000][23025.066s][info ][safepoint     ] Entering safepoint region: G1CollectForAllocation
[2023-11-16T02:27:37.305+0000][23025.067s][info ][gc,start      ] GC(85) Pause Young (Normal) (G1 Evacuation Pause)
[2023-11-16T02:27:37.305+0000][23025.067s][info ][gc,task       ] GC(85) Using 4 workers of 4 for evacuation
[2023-11-16T02:27:37.323+0000][23025.085s][info ][gc,phases     ] GC(85)   Pre Evacuate Collection Set: 0.0ms
[2023-11-16T02:27:37.323+0000][23025.085s][info ][gc,phases     ] GC(85)   Evacuate Collection Set: 13.0ms
[2023-11-16T02:27:37.323+0000][23025.085s][info ][gc,phases     ] GC(85)   Post Evacuate Collection Set: 4.6ms
[2023-11-16T02:27:37.323+0000][23025.085s][info ][gc,phases     ] GC(85)   Other: 0.4ms
[2023-11-16T02:27:37.323+0000][23025.085s][info ][gc,heap       ] GC(85) Eden regions: 468->0(468)
[2023-11-16T02:27:37.323+0000][23025.085s][info ][gc,heap       ] GC(85) Survivor regions: 9->9(60)
[2023-11-16T02:27:37.323+0000][23025.085s][info ][gc,heap       ] GC(85) Old regions: 148->148
[2023-11-16T02:27:37.323+0000][23025.085s][info ][gc,heap       ] GC(85) Humongous regions: 0->0
[2023-11-16T02:27:37.323+0000][23025.085s][info ][gc,metaspace  ] GC(85) Metaspace: 162545K(167868K)->162545K(167868K) NonClass: 143825K(147048K)->143825K(147048K) Class: 18720K(20820K)->18720K(20820K)
[2023-11-16T02:27:37.323+0000][23025.085s][info ][gc            ] GC(85) Pause Young (Normal) (G1 Evacuation Pause) 622M->154M(795M) 18.309ms
[2023-11-16T02:27:37.323+0000][23025.085s][info ][gc,cpu        ] GC(85) User=0.06s Sys=0.00s Real=0.02s
[2023-11-16T02:27:37.323+0000][23025.085s][info ][safepoint     ] Leaving safepoint region
[2023-11-16T02:27:37.323+0000][23025.085s][info ][safepoint     ] Total time for which application threads were stopped: 0.0187664 seconds, Stopping threads took: 0.0000482 seconds
[2023-11-16T02:27:37.323+0000][23025.085s][info ][gc,stringdedup] Concurrent String Deduplication (23025.085s)
[2023-11-16T02:27:37.331+0000][23025.092s][info ][gc,stringdedup] Concurrent String Deduplication 738.1K->396.6K(341.5K) avg 54.4% (23025.085s, 23025.092s) 7.355ms
[2023-11-16T02:27:52.325+0000][23040.086s][debug][safepoint     ] Safepoint synchronization initiated. (164 threads)
[2023-11-16T02:27:52.325+0000][23040.086s][info ][safepoint     ] Application time: 15.0014099 seconds
[2023-11-16T02:27:52.325+0000][23040.086s][info ][safepoint     ] Entering safepoint region: Cleanup
[2023-11-16T02:27:52.325+0000][23040.087s][info ][safepoint     ] Leaving safepoint region
[2023-11-16T02:27:52.325+0000][23040.087s][info ][safepoint     ] Total time for which application threads were stopped: 0.0003402 seconds, Stopping threads took: 0.0000490 seconds
[2023-11-16T02:28:14.327+0000][23062.089s][debug][safepoint     ] Safepoint synchronization initiated. (166 threads)
[2023-11-16T02:28:14.327+0000][23062.089s][info ][safepoint     ] Application time: 22.0021420 seconds
[2023-11-16T02:28:14.327+0000][23062.089s][info ][safepoint     ] Entering safepoint region: Cleanup
[2023-11-16T02:28:14.328+0000][23062.089s][info ][safepoint     ] Leaving safepoint region
[2023-11-16T02:28:14.328+0000][23062.089s][info ][safepoint     ] Total time for which application threads were stopped: 0.0003079 seconds, Stopping threads took: 0.0000474 seconds
[2023-11-16T02:28:32.329+0000][23080.091s][debug][safepoint     ] Safepoint synchronization initiated. (166 threads)
[2023-11-16T02:28:32.329+0000][23080.091s][info ][safepoint     ] Application time: 18.0016216 seconds
[2023-11-16T02:28:32.329+0000][23080.091s][info ][safepoint     ] Entering safepoint region: Cleanup
[2023-11-16T02:28:32.329+0000][23080.091s][info ][safepoint     ] Leaving safepoint region
[2023-11-16T02:28:32.330+0000][23080.091s][info ][safepoint     ] Total time for which application threads were stopped: 0.0002493 seconds, Stopping threads took: 0.0000474 seconds
[2023-11-16T02:28:46.331+0000][23094.092s][debug][safepoint     ] Safepoint synchronization initiated. (165 threads)
[2023-11-16T02:28:46.331+0000][23094.092s][info ][safepoint     ] Application time: 14.0012438 seconds
[2023-11-16T02:28:46.331+0000][23094.092s][info ][safepoint     ] Entering safepoint region: Cleanup
[2023-11-16T02:28:46.331+0000][23094.093s][info ][safepoint     ] Leaving safepoint region
[2023-11-16T02:28:46.331+0000][23094.093s][info ][safepoint     ] Total time for which application threads were stopped: 0.0001640 seconds, Stopping threads took: 0.0000375 seconds
[2023-11-16T02:29:50.336+0000][23158.098s][debug][safepoint     ] Safepoint synchronization initiated. (166 threads)
[2023-11-16T02:29:50.336+0000][23158.098s][info ][safepoint     ] Application time: 64.0053001 seconds
[2023-11-16T02:29:50.336+0000][23158.098s][info ][safepoint     ] Entering safepoint region: Cleanup
[2023-11-16T02:29:50.337+0000][23158.098s][info ][safepoint     ] Leaving safepoint region
[2023-11-16T02:29:50.337+0000][23158.098s][info ][safepoint     ] Total time for which application threads were stopped: 0.0003662 seconds, Stopping threads took: 0.0000479 seconds
[2023-11-16T02:33:56.358+0000][23404.120s][debug][safepoint     ] Safepoint synchronization initiated. (164 threads)
[2023-11-16T02:33:56.358+0000][23404.120s][info ][safepoint     ] Application time: 246.0215078 seconds
[2023-11-16T02:33:56.358+0000][23404.120s][info ][safepoint     ] Entering safepoint region: Cleanup
[2023-11-16T02:33:56.358+0000][23404.120s][info ][safepoint     ] Leaving safepoint region
[2023-11-16T02:33:56.358+0000][23404.120s][info ][safepoint     ] Total time for which application threads were stopped: 0.0002997 seconds, Stopping threads took: 0.0000489 seconds
[2023-11-16T02:33:57.359+0000][23405.120s][debug][safepoint     ] Safepoint synchronization initiated. (164 threads)
[2023-11-16T02:33:57.359+0000][23405.120s][info ][safepoint     ] Application time: 1.0001592 seconds
[2023-11-16T02:33:57.359+0000][23405.120s][info ][safepoint     ] Entering safepoint region: Cleanup
[2023-11-16T02:33:57.359+0000][23405.121s][info ][safepoint     ] Leaving safepoint region
[2023-11-16T02:33:57.359+0000][23405.121s][info ][safepoint     ] Total time for which application threads were stopped: 0.0003427 seconds, Stopping threads took: 0.0000477 seconds
[2023-11-16T02:35:47.369+0000][23515.131s][debug][safepoint     ] Safepoint synchronization initiated. (163 threads)
[2023-11-16T02:35:47.369+0000][23515.131s][info ][safepoint     ] Application time: 110.0101724 seconds
[2023-11-16T02:35:47.369+0000][23515.131s][info ][safepoint     ] Entering safepoint region: Cleanup
[2023-11-16T02:35:47.370+0000][23515.131s][info ][safepoint     ] Leaving safepoint region
[2023-11-16T02:35:47.370+0000][23515.131s][info ][safepoint     ] Total time for which application threads were stopped: 0.0003440 seconds, Stopping threads took: 0.0000496 seconds
[2023-11-16T02:35:57.820+0000][23525.582s][debug][safepoint     ] Safepoint synchronization initiated. (163 threads)
[2023-11-16T02:35:57.820+0000][23525.582s][info ][safepoint     ] Application time: 10.4503708 seconds
[2023-11-16T02:35:57.820+0000][23525.582s][info ][safepoint     ] Entering safepoint region: G1CollectForAllocation
[2023-11-16T02:35:57.820+0000][23525.582s][info ][gc,start      ] GC(86) Pause Young (Normal) (G1 Evacuation Pause)
[2023-11-16T02:35:57.820+0000][23525.582s][info ][gc,task       ] GC(86) Using 4 workers of 4 for evacuation
[2023-11-16T02:35:57.841+0000][23525.603s][info ][gc,phases     ] GC(86)   Pre Evacuate Collection Set: 0.0ms
[2023-11-16T02:35:57.841+0000][23525.603s][info ][gc,phases     ] GC(86)   Evacuate Collection Set: 9.4ms
[2023-11-16T02:35:57.841+0000][23525.603s][info ][gc,phases     ] GC(86)   Post Evacuate Collection Set: 11.3ms
[2023-11-16T02:35:57.841+0000][23525.603s][info ][gc,phases     ] GC(86)   Other: 0.3ms
[2023-11-16T02:35:57.841+0000][23525.603s][info ][gc,heap       ] GC(86) Eden regions: 468->0(468)
[2023-11-16T02:35:57.841+0000][23525.603s][info ][gc,heap       ] GC(86) Survivor regions: 9->9(60)
[2023-11-16T02:35:57.841+0000][23525.603s][info ][gc,heap       ] GC(86) Old regions: 148->148
[2023-11-16T02:35:57.841+0000][23525.603s][info ][gc,heap       ] GC(86) Humongous regions: 0->0
[2023-11-16T02:35:57.841+0000][23525.603s][info ][gc,metaspace  ] GC(86) Metaspace: 162584K(167868K)->162584K(167868K) NonClass: 143864K(147048K)->143864K(147048K) Class: 18720K(20820K)->18720K(20820K)
[2023-11-16T02:35:57.841+0000][23525.603s][info ][gc            ] GC(86) Pause Young (Normal) (G1 Evacuation Pause) 622M->155M(795M) 21.136ms
[2023-11-16T02:35:57.842+0000][23525.603s][info ][gc,cpu        ] GC(86) User=0.06s Sys=0.00s Real=0.02s
[2023-11-16T02:35:57.842+0000][23525.603s][info ][safepoint     ] Leaving safepoint region
[2023-11-16T02:35:57.842+0000][23525.603s][info ][safepoint     ] Total time for which application threads were stopped: 0.0215835 seconds, Stopping threads took: 0.0000326 seconds
[2023-11-16T02:35:57.842+0000][23525.603s][info ][gc,stringdedup] Concurrent String Deduplication (23525.603s)
[2023-11-16T02:35:57.842+0000][23525.603s][info ][gc,stringdedup] Concurrent String Deduplication 0.0B->0.0B(0.0B) avg 54.4% (23525.603s, 23525.603s) 0.034ms
[2023-11-16T02:37:15.849+0000][23603.610s][debug][safepoint     ] Safepoint synchronization initiated. (164 threads)
[2023-11-16T02:37:15.849+0000][23603.610s][info ][safepoint     ] Application time: 78.0070372 seconds
[2023-11-16T02:37:15.849+0000][23603.610s][info ][safepoint     ] Entering safepoint region: Cleanup
[2023-11-16T02:37:15.849+0000][23603.610s][info ][safepoint     ] Leaving safepoint region
[2023-11-16T02:37:15.849+0000][23603.611s][info ][safepoint     ] Total time for which application threads were stopped: 0.0002421 seconds, Stopping threads took: 0.0000539 seconds
[2023-11-16T02:43:33.883+0000][23981.644s][debug][safepoint     ] Safepoint synchronization initiated. (163 threads)
[2023-11-16T02:43:33.883+0000][23981.644s][info ][safepoint     ] Application time: 378.0338708 seconds
[2023-11-16T02:43:33.883+0000][23981.644s][info ][safepoint     ] Entering safepoint region: Cleanup
[2023-11-16T02:43:33.883+0000][23981.645s][info ][safepoint     ] Leaving safepoint region
[2023-11-16T02:43:33.883+0000][23981.645s][info ][safepoint     ] Total time for which application threads were stopped: 0.0003465 seconds, Stopping threads took: 0.0000495 seconds
[2023-11-16T02:44:14.887+0000][24022.648s][debug][safepoint     ] Safepoint synchronization initiated. (163 threads)
[2023-11-16T02:44:14.887+0000][24022.648s][info ][safepoint     ] Application time: 41.0035730 seconds
[2023-11-16T02:44:14.887+0000][24022.648s][info ][safepoint     ] Entering safepoint region: Cleanup
[2023-11-16T02:44:14.887+0000][24022.649s][info ][safepoint     ] Leaving safepoint region
[2023-11-16T02:44:14.887+0000][24022.649s][info ][safepoint     ] Total time for which application threads were stopped: 0.0002457 seconds, Stopping threads took: 0.0000458 seconds
[2023-11-16T02:44:21.058+0000][24028.820s][debug][safepoint     ] Safepoint synchronization initiated. (163 threads)
[2023-11-16T02:44:21.058+0000][24028.820s][info ][safepoint     ] Application time: 6.1709580 seconds
[2023-11-16T02:44:21.058+0000][24028.820s][info ][safepoint     ] Entering safepoint region: G1CollectForAllocation
[2023-11-16T02:44:21.058+0000][24028.820s][info ][gc,start      ] GC(87) Pause Young (Normal) (G1 Evacuation Pause)
[2023-11-16T02:44:21.058+0000][24028.820s][info ][gc,task       ] GC(87) Using 4 workers of 4 for evacuation
[2023-11-16T02:44:21.069+0000][24028.831s][info ][gc,phases     ] GC(87)   Pre Evacuate Collection Set: 0.0ms
[2023-11-16T02:44:21.069+0000][24028.831s][info ][gc,phases     ] GC(87)   Evacuate Collection Set: 6.6ms
[2023-11-16T02:44:21.069+0000][24028.831s][info ][gc,phases     ] GC(87)   Post Evacuate Collection Set: 3.9ms
[2023-11-16T02:44:21.069+0000][24028.831s][info ][gc,phases     ] GC(87)   Other: 0.3ms
[2023-11-16T02:44:21.069+0000][24028.831s][info ][gc,heap       ] GC(87) Eden regions: 468->0(469)
[2023-11-16T02:44:21.069+0000][24028.831s][info ][gc,heap       ] GC(87) Survivor regions: 9->8(60)
[2023-11-16T02:44:21.069+0000][24028.831s][info ][gc,heap       ] GC(87) Old regions: 148->148
[2023-11-16T02:44:21.069+0000][24028.831s][info ][gc,heap       ] GC(87) Humongous regions: 0->0
[2023-11-16T02:44:21.069+0000][24028.831s][info ][gc,metaspace  ] GC(87) Metaspace: 162584K(167868K)->162584K(167868K) NonClass: 143864K(147048K)->143864K(147048K) Class: 18720K(20820K)->18720K(20820K)
[2023-11-16T02:44:21.069+0000][24028.831s][info ][gc            ] GC(87) Pause Young (Normal) (G1 Evacuation Pause) 623M->154M(795M) 11.087ms
[2023-11-16T02:44:21.069+0000][24028.831s][info ][gc,cpu        ] GC(87) User=0.04s Sys=0.00s Real=0.02s
[2023-11-16T02:44:21.069+0000][24028.831s][info ][safepoint     ] Leaving safepoint region
[2023-11-16T02:44:21.069+0000][24028.831s][info ][safepoint     ] Total time for which application threads were stopped: 0.0114208 seconds, Stopping threads took: 0.0000484 seconds
[2023-11-16T02:44:21.069+0000][24028.831s][info ][gc,stringdedup] Concurrent String Deduplication (24028.831s)
[2023-11-16T02:44:21.070+0000][24028.831s][info ][gc,stringdedup] Concurrent String Deduplication 0.0B->0.0B(0.0B) avg 54.4% (24028.831s, 24028.831s) 0.056ms
[2023-11-16T02:45:41.077+0000][24108.839s][debug][safepoint     ] Safepoint synchronization initiated. (165 threads)
[2023-11-16T02:45:41.077+0000][24108.839s][info ][safepoint     ] Application time: 80.0075185 seconds
[2023-11-16T02:45:41.077+0000][24108.839s][info ][safepoint     ] Entering safepoint region: Cleanup
[2023-11-16T02:45:41.077+0000][24108.839s][info ][safepoint     ] Leaving safepoint region
[2023-11-16T02:45:41.077+0000][24108.839s][info ][safepoint     ] Total time for which application threads were stopped: 0.0003395 seconds, Stopping threads took: 0.0000488 seconds
[2023-11-16T02:48:16.091+0000][24263.852s][debug][safepoint     ] Safepoint synchronization initiated. (164 threads)
[2023-11-16T02:48:16.091+0000][24263.853s][info ][safepoint     ] Application time: 155.0135640 seconds
[2023-11-16T02:48:16.091+0000][24263.853s][info ][safepoint     ] Entering safepoint region: Cleanup
[2023-11-16T02:48:16.091+0000][24263.853s][info ][safepoint     ] Leaving safepoint region
[2023-11-16T02:48:16.091+0000][24263.853s][info ][safepoint     ] Total time for which application threads were stopped: 0.0002899 seconds, Stopping threads took: 0.0000500 seconds
[2023-11-16T02:48:34.093+0000][24281.854s][debug][safepoint     ] Safepoint synchronization initiated. (163 threads)
[2023-11-16T02:48:34.093+0000][24281.854s][info ][safepoint     ] Application time: 18.0015351 seconds
[2023-11-16T02:48:34.093+0000][24281.854s][info ][safepoint     ] Entering safepoint region: Cleanup
[2023-11-16T02:48:34.093+0000][24281.855s][info ][safepoint     ] Leaving safepoint region
[2023-11-16T02:48:34.093+0000][24281.855s][info ][safepoint     ] Total time for which application threads were stopped: 0.0003477 seconds, Stopping threads took: 0.0000515 seconds
[2023-11-16T02:50:36.104+0000][24403.866s][debug][safepoint     ] Safepoint synchronization initiated. (165 threads)
[2023-11-16T02:50:36.104+0000][24403.866s][info ][safepoint     ] Application time: 122.0110923 seconds
[2023-11-16T02:50:36.104+0000][24403.866s][info ][safepoint     ] Entering safepoint region: Cleanup
[2023-11-16T02:50:36.105+0000][24403.866s][info ][safepoint     ] Leaving safepoint region
[2023-11-16T02:50:36.105+0000][24403.866s][info ][safepoint     ] Total time for which application threads were stopped: 0.0003407 seconds, Stopping threads took: 0.0000487 seconds
[2023-11-16T02:52:43.983+0000][24531.745s][debug][safepoint     ] Safepoint synchronization initiated. (164 threads)
[2023-11-16T02:52:43.983+0000][24531.745s][info ][safepoint     ] Application time: 127.8787081 seconds
[2023-11-16T02:52:43.983+0000][24531.745s][info ][safepoint     ] Entering safepoint region: G1CollectForAllocation
[2023-11-16T02:52:43.984+0000][24531.745s][info ][gc,start      ] GC(88) Pause Young (Normal) (G1 Evacuation Pause)
[2023-11-16T02:52:43.984+0000][24531.745s][info ][gc,task       ] GC(88) Using 4 workers of 4 for evacuation
[2023-11-16T02:52:44.002+0000][24531.764s][info ][gc,phases     ] GC(88)   Pre Evacuate Collection Set: 0.0ms
[2023-11-16T02:52:44.002+0000][24531.764s][info ][gc,phases     ] GC(88)   Evacuate Collection Set: 12.6ms
[2023-11-16T02:52:44.002+0000][24531.764s][info ][gc,phases     ] GC(88)   Post Evacuate Collection Set: 5.4ms
[2023-11-16T02:52:44.002+0000][24531.764s][info ][gc,phases     ] GC(88)   Other: 0.4ms
[2023-11-16T02:52:44.002+0000][24531.764s][info ][gc,heap       ] GC(88) Eden regions: 469->0(469)
[2023-11-16T02:52:44.002+0000][24531.764s][info ][gc,heap       ] GC(88) Survivor regions: 8->8(60)
[2023-11-16T02:52:44.002+0000][24531.764s][info ][gc,heap       ] GC(88) Old regions: 148->148
[2023-11-16T02:52:44.002+0000][24531.764s][info ][gc,heap       ] GC(88) Humongous regions: 0->0
[2023-11-16T02:52:44.002+0000][24531.764s][info ][gc,metaspace  ] GC(88) Metaspace: 162598K(168124K)->162598K(168124K) NonClass: 143877K(147304K)->143877K(147304K) Class: 18720K(20820K)->18720K(20820K)
[2023-11-16T02:52:44.002+0000][24531.764s][info ][gc            ] GC(88) Pause Young (Normal) (G1 Evacuation Pause) 623M->154M(795M) 18.674ms
[2023-11-16T02:52:44.002+0000][24531.764s][info ][gc,cpu        ] GC(88) User=0.06s Sys=0.00s Real=0.02s
[2023-11-16T02:52:44.002+0000][24531.764s][info ][safepoint     ] Leaving safepoint region
[2023-11-16T02:52:44.002+0000][24531.764s][info ][safepoint     ] Total time for which application threads were stopped: 0.0190984 seconds, Stopping threads took: 0.0000497 seconds
[2023-11-16T02:52:44.003+0000][24531.764s][info ][gc,stringdedup] Concurrent String Deduplication (24531.764s)
[2023-11-16T02:52:44.003+0000][24531.765s][info ][gc,stringdedup] Concurrent String Deduplication 34352.0B->88.0B(34264.0B) avg 54.5% (24531.764s, 24531.765s) 0.808ms
[2023-11-16T02:52:45.003+0000][24532.764s][debug][safepoint     ] Safepoint synchronization initiated. (164 threads)
[2023-11-16T02:52:45.003+0000][24532.764s][info ][safepoint     ] Application time: 1.0001659 seconds
[2023-11-16T02:52:45.003+0000][24532.764s][info ][safepoint     ] Entering safepoint region: Cleanup
[2023-11-16T02:52:45.003+0000][24532.765s][info ][safepoint     ] Leaving safepoint region
[2023-11-16T02:52:45.003+0000][24532.765s][info ][safepoint     ] Total time for which application threads were stopped: 0.0003991 seconds, Stopping threads took: 0.0000547 seconds
[2023-11-16T02:53:33.006+0000][24580.768s][debug][safepoint     ] Safepoint synchronization initiated. (163 threads)
[2023-11-16T02:53:33.006+0000][24580.768s][info ][safepoint     ] Application time: 48.0033967 seconds
[2023-11-16T02:53:33.006+0000][24580.768s][info ][safepoint     ] Entering safepoint region: Cleanup
[2023-11-16T02:53:33.007+0000][24580.768s][info ][safepoint     ] Leaving safepoint region
[2023-11-16T02:53:33.007+0000][24580.768s][info ][safepoint     ] Total time for which application threads were stopped: 0.0003418 seconds, Stopping threads took: 0.0000364 seconds
[2023-11-16T02:53:34.007+0000][24581.769s][debug][safepoint     ] Safepoint synchronization initiated. (163 threads)
[2023-11-16T02:53:34.007+0000][24581.769s][info ][safepoint     ] Application time: 1.0001156 seconds
[2023-11-16T02:53:34.007+0000][24581.769s][info ][safepoint     ] Entering safepoint region: Cleanup
[2023-11-16T02:53:34.007+0000][24581.769s][info ][safepoint     ] Leaving safepoint region
[2023-11-16T02:53:34.007+0000][24581.769s][info ][safepoint     ] Total time for which application threads were stopped: 0.0002042 seconds, Stopping threads took: 0.0000350 seconds
[2023-11-16T02:53:35.007+0000][24582.769s][debug][safepoint     ] Safepoint synchronization initiated. (163 threads)
[2023-11-16T02:53:35.007+0000][24582.769s][info ][safepoint     ] Application time: 1.0001146 seconds
[2023-11-16T02:53:35.007+0000][24582.769s][info ][safepoint     ] Entering safepoint region: Cleanup
[2023-11-16T02:53:35.007+0000][24582.769s][info ][safepoint     ] Leaving safepoint region
[2023-11-16T02:53:35.007+0000][24582.769s][info ][safepoint     ] Total time for which application threads were stopped: 0.0002046 seconds, Stopping threads took: 0.0000355 seconds
[2023-11-16T02:53:36.008+0000][24583.769s][debug][safepoint     ] Safepoint synchronization initiated. (163 threads)
[2023-11-16T02:53:36.008+0000][24583.769s][info ][safepoint     ] Application time: 1.0001447 seconds
[2023-11-16T02:53:36.008+0000][24583.769s][info ][safepoint     ] Entering safepoint region: Cleanup
[2023-11-16T02:53:36.008+0000][24583.770s][info ][safepoint     ] Leaving safepoint region
[2023-11-16T02:53:36.008+0000][24583.770s][info ][safepoint     ] Total time for which application threads were stopped: 0.0002766 seconds, Stopping threads took: 0.0000403 seconds
[2023-11-16T02:53:37.008+0000][24584.770s][debug][safepoint     ] Safepoint synchronization initiated. (163 threads)
[2023-11-16T02:53:37.008+0000][24584.770s][info ][safepoint     ] Application time: 1.0001337 seconds
[2023-11-16T02:53:37.008+0000][24584.770s][info ][safepoint     ] Entering safepoint region: Cleanup
[2023-11-16T02:53:37.008+0000][24584.770s][info ][safepoint     ] Leaving safepoint region
[2023-11-16T02:53:37.008+0000][24584.770s][info ][safepoint     ] Total time for which application threads were stopped: 0.0001711 seconds, Stopping threads took: 0.0000358 seconds
[2023-11-16T02:53:38.008+0000][24585.770s][debug][safepoint     ] Safepoint synchronization initiated. (163 threads)
[2023-11-16T02:53:38.008+0000][24585.770s][info ][safepoint     ] Application time: 1.0001414 seconds
[2023-11-16T02:53:38.008+0000][24585.770s][info ][safepoint     ] Entering safepoint region: Cleanup
[2023-11-16T02:53:38.009+0000][24585.770s][info ][safepoint     ] Leaving safepoint region
[2023-11-16T02:53:38.009+0000][24585.770s][info ][safepoint     ] Total time for which application threads were stopped: 0.0001679 seconds, Stopping threads took: 0.0000367 seconds
[2023-11-16T02:53:39.009+0000][24586.770s][debug][safepoint     ] Safepoint synchronization initiated. (163 threads)
[2023-11-16T02:53:39.009+0000][24586.770s][info ][safepoint     ] Application time: 1.0001617 seconds
[2023-11-16T02:53:39.009+0000][24586.770s][info ][safepoint     ] Entering safepoint region: Cleanup
[2023-11-16T02:53:39.009+0000][24586.771s][info ][safepoint     ] Leaving safepoint region
[2023-11-16T02:53:39.009+0000][24586.771s][info ][safepoint     ] Total time for which application threads were stopped: 0.0001672 seconds, Stopping threads took: 0.0000375 seconds
[2023-11-16T02:53:40.009+0000][24587.771s][debug][safepoint     ] Safepoint synchronization initiated. (163 threads)
[2023-11-16T02:53:40.009+0000][24587.771s][info ][safepoint     ] Application time: 1.0001239 seconds
[2023-11-16T02:53:40.009+0000][24587.771s][info ][safepoint     ] Entering safepoint region: Cleanup
[2023-11-16T02:53:40.009+0000][24587.771s][info ][safepoint     ] Leaving safepoint region
[2023-11-16T02:53:40.009+0000][24587.771s][info ][safepoint     ] Total time for which application threads were stopped: 0.0002199 seconds, Stopping threads took: 0.0000368 seconds
[2023-11-16T02:53:41.009+0000][24588.771s][debug][safepoint     ] Safepoint synchronization initiated. (163 threads)
[2023-11-16T02:53:41.009+0000][24588.771s][info ][safepoint     ] Application time: 1.0001306 seconds
[2023-11-16T02:53:41.009+0000][24588.771s][info ][safepoint     ] Entering safepoint region: Cleanup
[2023-11-16T02:53:41.010+0000][24588.771s][info ][safepoint     ] Leaving safepoint region
[2023-11-16T02:53:41.010+0000][24588.771s][info ][safepoint     ] Total time for which application threads were stopped: 0.0001788 seconds, Stopping threads took: 0.0000387 seconds
[2023-11-16T02:53:42.010+0000][24589.771s][debug][safepoint     ] Safepoint synchronization initiated. (163 threads)
[2023-11-16T02:53:42.010+0000][24589.771s][info ][safepoint     ] Application time: 1.0001260 seconds
[2023-11-16T02:53:42.010+0000][24589.771s][info ][safepoint     ] Entering safepoint region: Cleanup
[2023-11-16T02:53:42.010+0000][24589.772s][info ][safepoint     ] Leaving safepoint region
[2023-11-16T02:53:42.010+0000][24589.772s][info ][safepoint     ] Total time for which application threads were stopped: 0.0003358 seconds, Stopping threads took: 0.0001611 seconds
[2023-11-16T02:53:43.010+0000][24590.772s][debug][safepoint     ] Safepoint synchronization initiated. (163 threads)
[2023-11-16T02:53:43.010+0000][24590.772s][info ][safepoint     ] Application time: 1.0001237 seconds
[2023-11-16T02:53:43.010+0000][24590.772s][info ][safepoint     ] Entering safepoint region: Cleanup
[2023-11-16T02:53:43.010+0000][24590.772s][info ][safepoint     ] Leaving safepoint region
[2023-11-16T02:53:43.010+0000][24590.772s][info ][safepoint     ] Total time for which application threads were stopped: 0.0002368 seconds, Stopping threads took: 0.0000359 seconds
[2023-11-16T02:53:44.011+0000][24591.772s][debug][safepoint     ] Safepoint synchronization initiated. (163 threads)
[2023-11-16T02:53:44.011+0000][24591.772s][info ][safepoint     ] Application time: 1.0001362 seconds
[2023-11-16T02:53:44.011+0000][24591.772s][info ][safepoint     ] Entering safepoint region: Cleanup
[2023-11-16T02:53:44.011+0000][24591.772s][info ][safepoint     ] Leaving safepoint region
[2023-11-16T02:53:44.011+0000][24591.772s][info ][safepoint     ] Total time for which application threads were stopped: 0.0001998 seconds, Stopping threads took: 0.0000362 seconds
[2023-11-16T02:53:45.011+0000][24592.773s][debug][safepoint     ] Safepoint synchronization initiated. (163 threads)
[2023-11-16T02:53:45.011+0000][24592.773s][info ][safepoint     ] Application time: 1.0000818 seconds
[2023-11-16T02:53:45.011+0000][24592.773s][info ][safepoint     ] Entering safepoint region: Cleanup
[2023-11-16T02:53:45.011+0000][24592.773s][info ][safepoint     ] Leaving safepoint region
[2023-11-16T02:53:45.011+0000][24592.773s][info ][safepoint     ] Total time for which application threads were stopped: 0.0002320 seconds, Stopping threads took: 0.0000426 seconds
[2023-11-16T02:53:46.011+0000][24593.773s][debug][safepoint     ] Safepoint synchronization initiated. (163 threads)
[2023-11-16T02:53:46.011+0000][24593.773s][info ][safepoint     ] Application time: 1.0001404 seconds
[2023-11-16T02:53:46.011+0000][24593.773s][info ][safepoint     ] Entering safepoint region: Cleanup
[2023-11-16T02:53:46.012+0000][24593.773s][info ][safepoint     ] Leaving safepoint region
[2023-11-16T02:53:46.012+0000][24593.773s][info ][safepoint     ] Total time for which application threads were stopped: 0.0002295 seconds, Stopping threads took: 0.0000377 seconds
[2023-11-16T02:53:47.012+0000][24594.773s][debug][safepoint     ] Safepoint synchronization initiated. (163 threads)
[2023-11-16T02:53:47.012+0000][24594.773s][info ][safepoint     ] Application time: 1.0001340 seconds
[2023-11-16T02:53:47.012+0000][24594.773s][info ][safepoint     ] Entering safepoint region: Cleanup
[2023-11-16T02:53:47.012+0000][24594.774s][info ][safepoint     ] Leaving safepoint region
[2023-11-16T02:53:47.012+0000][24594.774s][info ][safepoint     ] Total time for which application threads were stopped: 0.0004149 seconds, Stopping threads took: 0.0002421 seconds
[2023-11-16T02:53:48.012+0000][24595.774s][debug][safepoint     ] Safepoint synchronization initiated. (163 threads)
[2023-11-16T02:53:48.012+0000][24595.774s][info ][safepoint     ] Application time: 1.0001493 seconds
[2023-11-16T02:53:48.012+0000][24595.774s][info ][safepoint     ] Entering safepoint region: Cleanup
[2023-11-16T02:53:48.013+0000][24595.774s][info ][safepoint     ] Leaving safepoint region
[2023-11-16T02:53:48.013+0000][24595.774s][info ][safepoint     ] Total time for which application threads were stopped: 0.0002232 seconds, Stopping threads took: 0.0000442 seconds
[2023-11-16T02:53:49.013+0000][24596.774s][debug][safepoint     ] Safepoint synchronization initiated. (163 threads)
[2023-11-16T02:53:49.013+0000][24596.774s][info ][safepoint     ] Application time: 1.0001486 seconds
[2023-11-16T02:53:49.013+0000][24596.774s][info ][safepoint     ] Entering safepoint region: Cleanup
[2023-11-16T02:53:49.013+0000][24596.775s][info ][safepoint     ] Leaving safepoint region
[2023-11-16T02:53:49.013+0000][24596.775s][info ][safepoint     ] Total time for which application threads were stopped: 0.0001812 seconds, Stopping threads took: 0.0000328 seconds
[2023-11-16T02:53:50.013+0000][24597.775s][debug][safepoint     ] Safepoint synchronization initiated. (163 threads)
[2023-11-16T02:53:50.013+0000][24597.775s][info ][safepoint     ] Application time: 1.0001186 seconds
[2023-11-16T02:53:50.013+0000][24597.775s][info ][safepoint     ] Entering safepoint region: Cleanup
[2023-11-16T02:53:50.013+0000][24597.775s][info ][safepoint     ] Leaving safepoint region
[2023-11-16T02:53:50.013+0000][24597.775s][info ][safepoint     ] Total time for which application threads were stopped: 0.0001703 seconds, Stopping threads took: 0.0000357 seconds
[2023-11-16T02:53:51.013+0000][24598.775s][debug][safepoint     ] Safepoint synchronization initiated. (163 threads)
[2023-11-16T02:53:51.013+0000][24598.775s][info ][safepoint     ] Application time: 1.0001460 seconds
[2023-11-16T02:53:51.013+0000][24598.775s][info ][safepoint     ] Entering safepoint region: Cleanup
[2023-11-16T02:53:51.014+0000][24598.775s][info ][safepoint     ] Leaving safepoint region
[2023-11-16T02:53:51.014+0000][24598.775s][info ][safepoint     ] Total time for which application threads were stopped: 0.0001688 seconds, Stopping threads took: 0.0000343 seconds
[2023-11-16T02:53:52.014+0000][24599.775s][debug][safepoint     ] Safepoint synchronization initiated. (163 threads)
[2023-11-16T02:53:52.014+0000][24599.775s][info ][safepoint     ] Application time: 1.0001167 seconds
[2023-11-16T02:53:52.014+0000][24599.775s][info ][safepoint     ] Entering safepoint region: Cleanup
[2023-11-16T02:53:52.014+0000][24599.775s][info ][safepoint     ] Leaving safepoint region
[2023-11-16T02:53:52.014+0000][24599.775s][info ][safepoint     ] Total time for which application threads were stopped: 0.0001594 seconds, Stopping threads took: 0.0000385 seconds
[2023-11-16T02:53:53.014+0000][24600.776s][debug][safepoint     ] Safepoint synchronization initiated. (163 threads)
[2023-11-16T02:53:53.014+0000][24600.776s][info ][safepoint     ] Application time: 1.0001396 seconds
[2023-11-16T02:53:53.014+0000][24600.776s][info ][safepoint     ] Entering safepoint region: Cleanup
[2023-11-16T02:53:53.014+0000][24600.776s][info ][safepoint     ] Leaving safepoint region
[2023-11-16T02:53:53.014+0000][24600.776s][info ][safepoint     ] Total time for which application threads were stopped: 0.0001722 seconds, Stopping threads took: 0.0000378 seconds
[2023-11-16T02:53:54.014+0000][24601.776s][debug][safepoint     ] Safepoint synchronization initiated. (163 threads)
[2023-11-16T02:53:54.014+0000][24601.776s][info ][safepoint     ] Application time: 1.0001307 seconds
[2023-11-16T02:53:54.014+0000][24601.776s][info ][safepoint     ] Entering safepoint region: Cleanup
[2023-11-16T02:53:54.014+0000][24601.776s][info ][safepoint     ] Leaving safepoint region
[2023-11-16T02:53:54.014+0000][24601.776s][info ][safepoint     ] Total time for which application threads were stopped: 0.0001853 seconds, Stopping threads took: 0.0000367 seconds
[2023-11-16T02:53:55.015+0000][24602.776s][debug][safepoint     ] Safepoint synchronization initiated. (163 threads)
[2023-11-16T02:53:55.015+0000][24602.776s][info ][safepoint     ] Application time: 1.0001277 seconds
[2023-11-16T02:53:55.015+0000][24602.776s][info ][safepoint     ] Entering safepoint region: Cleanup
[2023-11-16T02:53:55.015+0000][24602.776s][info ][safepoint     ] Leaving safepoint region
[2023-11-16T02:53:55.015+0000][24602.776s][info ][safepoint     ] Total time for which application threads were stopped: 0.0001732 seconds, Stopping threads took: 0.0000355 seconds
[2023-11-16T02:53:56.015+0000][24603.777s][debug][safepoint     ] Safepoint synchronization initiated. (163 threads)
[2023-11-16T02:53:56.015+0000][24603.777s][info ][safepoint     ] Application time: 1.0001084 seconds
[2023-11-16T02:53:56.015+0000][24603.777s][info ][safepoint     ] Entering safepoint region: Cleanup
[2023-11-16T02:53:56.015+0000][24603.777s][info ][safepoint     ] Leaving safepoint region
[2023-11-16T02:53:56.015+0000][24603.777s][info ][safepoint     ] Total time for which application threads were stopped: 0.0001716 seconds, Stopping threads took: 0.0000337 seconds
[2023-11-16T02:53:57.015+0000][24604.777s][debug][safepoint     ] Safepoint synchronization initiated. (163 threads)
[2023-11-16T02:53:57.015+0000][24604.777s][info ][safepoint     ] Application time: 1.0001145 seconds
[2023-11-16T02:53:57.015+0000][24604.777s][info ][safepoint     ] Entering safepoint region: Cleanup
[2023-11-16T02:53:57.015+0000][24604.777s][info ][safepoint     ] Leaving safepoint region
[2023-11-16T02:53:57.015+0000][24604.777s][info ][safepoint     ] Total time for which application threads were stopped: 0.0001971 seconds, Stopping threads took: 0.0000368 seconds
[2023-11-16T02:53:58.015+0000][24605.777s][debug][safepoint     ] Safepoint synchronization initiated. (163 threads)
[2023-11-16T02:53:58.016+0000][24605.777s][info ][safepoint     ] Application time: 1.0000864 seconds
[2023-11-16T02:53:58.016+0000][24605.777s][info ][safepoint     ] Entering safepoint region: Cleanup
[2023-11-16T02:53:58.016+0000][24605.777s][info ][safepoint     ] Leaving safepoint region
[2023-11-16T02:53:58.016+0000][24605.777s][info ][safepoint     ] Total time for which application threads were stopped: 0.0001691 seconds, Stopping threads took: 0.0000348 seconds
[2023-11-16T02:53:59.016+0000][24606.777s][debug][safepoint     ] Safepoint synchronization initiated. (163 threads)
[2023-11-16T02:53:59.016+0000][24606.778s][info ][safepoint     ] Application time: 1.0001538 seconds
[2023-11-16T02:53:59.016+0000][24606.778s][info ][safepoint     ] Entering safepoint region: Cleanup
[2023-11-16T02:53:59.016+0000][24606.778s][info ][safepoint     ] Leaving safepoint region
[2023-11-16T02:53:59.016+0000][24606.778s][info ][safepoint     ] Total time for which application threads were stopped: 0.0001777 seconds, Stopping threads took: 0.0000362 seconds
[2023-11-16T02:54:00.016+0000][24607.778s][debug][safepoint     ] Safepoint synchronization initiated. (163 threads)
[2023-11-16T02:54:00.016+0000][24607.778s][info ][safepoint     ] Application time: 1.0001350 seconds
[2023-11-16T02:54:00.016+0000][24607.778s][info ][safepoint     ] Entering safepoint region: Cleanup
[2023-11-16T02:54:00.016+0000][24607.778s][info ][safepoint     ] Leaving safepoint region
[2023-11-16T02:54:00.017+0000][24607.778s][info ][safepoint     ] Total time for which application threads were stopped: 0.0002876 seconds, Stopping threads took: 0.0000354 seconds
[2023-11-16T02:54:01.017+0000][24608.778s][debug][safepoint     ] Safepoint synchronization initiated. (163 threads)
[2023-11-16T02:54:01.017+0000][24608.778s][info ][safepoint     ] Application time: 1.0001402 seconds
[2023-11-16T02:54:01.017+0000][24608.778s][info ][safepoint     ] Entering safepoint region: Cleanup
[2023-11-16T02:54:01.017+0000][24608.778s][info ][safepoint     ] Leaving safepoint region
[2023-11-16T02:54:01.017+0000][24608.778s][info ][safepoint     ] Total time for which application threads were stopped: 0.0001854 seconds, Stopping threads took: 0.0000350 seconds
[2023-11-16T02:54:02.017+0000][24609.779s][debug][safepoint     ] Safepoint synchronization initiated. (163 threads)
[2023-11-16T02:54:02.017+0000][24609.779s][info ][safepoint     ] Application time: 1.0001189 seconds
[2023-11-16T02:54:02.017+0000][24609.779s][info ][safepoint     ] Entering safepoint region: Cleanup
[2023-11-16T02:54:02.017+0000][24609.779s][info ][safepoint     ] Leaving safepoint region
[2023-11-16T02:54:02.017+0000][24609.779s][info ][safepoint     ] Total time for which application threads were stopped: 0.0002165 seconds, Stopping threads took: 0.0000345 seconds
[2023-11-16T02:54:03.017+0000][24610.779s][debug][safepoint     ] Safepoint synchronization initiated. (163 threads)
[2023-11-16T02:54:03.017+0000][24610.779s][info ][safepoint     ] Application time: 1.0001158 seconds
[2023-11-16T02:54:03.017+0000][24610.779s][info ][safepoint     ] Entering safepoint region: Cleanup
[2023-11-16T02:54:03.018+0000][24610.779s][info ][safepoint     ] Leaving safepoint region
[2023-11-16T02:54:03.018+0000][24610.779s][info ][safepoint     ] Total time for which application threads were stopped: 0.0001947 seconds, Stopping threads took: 0.0000333 seconds
[2023-11-16T02:54:04.018+0000][24611.779s][debug][safepoint     ] Safepoint synchronization initiated. (163 threads)
[2023-11-16T02:54:04.018+0000][24611.779s][info ][safepoint     ] Application time: 1.0001379 seconds
[2023-11-16T02:54:04.018+0000][24611.779s][info ][safepoint     ] Entering safepoint region: Cleanup
[2023-11-16T02:54:04.018+0000][24611.780s][info ][safepoint     ] Leaving safepoint region
[2023-11-16T02:54:04.018+0000][24611.780s][info ][safepoint     ] Total time for which application threads were stopped: 0.0002298 seconds, Stopping threads took: 0.0000392 seconds
[2023-11-16T02:54:05.018+0000][24612.780s][debug][safepoint     ] Safepoint synchronization initiated. (163 threads)
[2023-11-16T02:54:05.018+0000][24612.780s][info ][safepoint     ] Application time: 1.0001619 seconds
[2023-11-16T02:54:05.018+0000][24612.780s][info ][safepoint     ] Entering safepoint region: Cleanup
[2023-11-16T02:54:05.018+0000][24612.780s][info ][safepoint     ] Leaving safepoint region
[2023-11-16T02:54:05.018+0000][24612.780s][info ][safepoint     ] Total time for which application threads were stopped: 0.0001898 seconds, Stopping threads took: 0.0000352 seconds
[2023-11-16T02:54:06.018+0000][24613.780s][debug][safepoint     ] Safepoint synchronization initiated. (163 threads)
[2023-11-16T02:54:06.018+0000][24613.780s][info ][safepoint     ] Application time: 1.0001357 seconds
[2023-11-16T02:54:06.018+0000][24613.780s][info ][safepoint     ] Entering safepoint region: Cleanup
[2023-11-16T02:54:06.019+0000][24613.780s][info ][safepoint     ] Leaving safepoint region
[2023-11-16T02:54:06.019+0000][24613.780s][info ][safepoint     ] Total time for which application threads were stopped: 0.0002033 seconds, Stopping threads took: 0.0000351 seconds
[2023-11-16T02:54:07.019+0000][24614.780s][debug][safepoint     ] Safepoint synchronization initiated. (163 threads)
[2023-11-16T02:54:07.019+0000][24614.780s][info ][safepoint     ] Application time: 1.0001280 seconds
[2023-11-16T02:54:07.019+0000][24614.780s][info ][safepoint     ] Entering safepoint region: Cleanup
[2023-11-16T02:54:07.019+0000][24614.781s][info ][safepoint     ] Leaving safepoint region
[2023-11-16T02:54:07.019+0000][24614.781s][info ][safepoint     ] Total time for which application threads were stopped: 0.0001933 seconds, Stopping threads took: 0.0000349 seconds
[2023-11-16T02:54:08.019+0000][24615.781s][debug][safepoint     ] Safepoint synchronization initiated. (163 threads)
[2023-11-16T02:54:08.019+0000][24615.781s][info ][safepoint     ] Application time: 1.0001120 seconds
[2023-11-16T02:54:08.019+0000][24615.781s][info ][safepoint     ] Entering safepoint region: Cleanup
[2023-11-16T02:54:08.019+0000][24615.781s][info ][safepoint     ] Leaving safepoint region
[2023-11-16T02:54:08.019+0000][24615.781s][info ][safepoint     ] Total time for which application threads were stopped: 0.0001590 seconds, Stopping threads took: 0.0000357 seconds
[2023-11-16T02:54:09.019+0000][24616.781s][debug][safepoint     ] Safepoint synchronization initiated. (163 threads)
[2023-11-16T02:54:09.019+0000][24616.781s][info ][safepoint     ] Application time: 1.0001528 seconds
[2023-11-16T02:54:09.020+0000][24616.781s][info ][safepoint     ] Entering safepoint region: Cleanup
[2023-11-16T02:54:09.020+0000][24616.781s][info ][safepoint     ] Leaving safepoint region
[2023-11-16T02:54:09.020+0000][24616.781s][info ][safepoint     ] Total time for which application threads were stopped: 0.0001925 seconds, Stopping threads took: 0.0000498 seconds
[2023-11-16T02:54:10.020+0000][24617.781s][debug][safepoint     ] Safepoint synchronization initiated. (163 threads)
[2023-11-16T02:54:10.020+0000][24617.781s][info ][safepoint     ] Application time: 1.0001096 seconds
[2023-11-16T02:54:10.020+0000][24617.781s][info ][safepoint     ] Entering safepoint region: Cleanup
[2023-11-16T02:54:10.020+0000][24617.782s][info ][safepoint     ] Leaving safepoint region
[2023-11-16T02:54:10.020+0000][24617.782s][info ][safepoint     ] Total time for which application threads were stopped: 0.0002812 seconds, Stopping threads took: 0.0001446 seconds
[2023-11-16T02:54:11.020+0000][24618.782s][debug][safepoint     ] Safepoint synchronization initiated. (163 threads)
[2023-11-16T02:54:11.020+0000][24618.782s][info ][safepoint     ] Application time: 1.0001305 seconds
[2023-11-16T02:54:11.020+0000][24618.782s][info ][safepoint     ] Entering safepoint region: Cleanup
[2023-11-16T02:54:11.020+0000][24618.782s][info ][safepoint     ] Leaving safepoint region
[2023-11-16T02:54:11.020+0000][24618.782s][info ][safepoint     ] Total time for which application threads were stopped: 0.0001860 seconds, Stopping threads took: 0.0000390 seconds
[2023-11-16T02:54:12.021+0000][24619.782s][debug][safepoint     ] Safepoint synchronization initiated. (163 threads)
[2023-11-16T02:54:12.021+0000][24619.782s][info ][safepoint     ] Application time: 1.0001106 seconds
[2023-11-16T02:54:12.021+0000][24619.782s][info ][safepoint     ] Entering safepoint region: Cleanup
[2023-11-16T02:54:12.021+0000][24619.782s][info ][safepoint     ] Leaving safepoint region
[2023-11-16T02:54:12.021+0000][24619.782s][info ][safepoint     ] Total time for which application threads were stopped: 0.0001549 seconds, Stopping threads took: 0.0000360 seconds
[2023-11-16T02:54:13.021+0000][24620.782s][debug][safepoint     ] Safepoint synchronization initiated. (163 threads)
[2023-11-16T02:54:13.021+0000][24620.782s][info ][safepoint     ] Application time: 1.0001113 seconds
[2023-11-16T02:54:13.021+0000][24620.783s][info ][safepoint     ] Entering safepoint region: Cleanup
[2023-11-16T02:54:13.021+0000][24620.783s][info ][safepoint     ] Leaving safepoint region
[2023-11-16T02:54:13.021+0000][24620.783s][info ][safepoint     ] Total time for which application threads were stopped: 0.0002271 seconds, Stopping threads took: 0.0000368 seconds
[2023-11-16T02:54:14.021+0000][24621.783s][debug][safepoint     ] Safepoint synchronization initiated. (163 threads)
[2023-11-16T02:54:14.021+0000][24621.783s][info ][safepoint     ] Application time: 1.0000941 seconds
[2023-11-16T02:54:14.021+0000][24621.783s][info ][safepoint     ] Entering safepoint region: Cleanup
[2023-11-16T02:54:14.021+0000][24621.783s][info ][safepoint     ] Leaving safepoint region
[2023-11-16T02:54:14.021+0000][24621.783s][info ][safepoint     ] Total time for which application threads were stopped: 0.0001801 seconds, Stopping threads took: 0.0000372 seconds
[2023-11-16T02:54:15.021+0000][24622.783s][debug][safepoint     ] Safepoint synchronization initiated. (163 threads)
[2023-11-16T02:54:15.021+0000][24622.783s][info ][safepoint     ] Application time: 1.0001130 seconds
[2023-11-16T02:54:15.022+0000][24622.783s][info ][safepoint     ] Entering safepoint region: Cleanup
[2023-11-16T02:54:15.022+0000][24622.783s][info ][safepoint     ] Leaving safepoint region
[2023-11-16T02:54:15.022+0000][24622.783s][info ][safepoint     ] Total time for which application threads were stopped: 0.0001711 seconds, Stopping threads took: 0.0000379 seconds
[2023-11-16T02:54:16.022+0000][24623.783s][debug][safepoint     ] Safepoint synchronization initiated. (163 threads)
[2023-11-16T02:54:16.022+0000][24623.783s][info ][safepoint     ] Application time: 1.0001319 seconds
[2023-11-16T02:54:16.022+0000][24623.783s][info ][safepoint     ] Entering safepoint region: Cleanup
[2023-11-16T02:54:16.022+0000][24623.784s][info ][safepoint     ] Leaving safepoint region
[2023-11-16T02:54:16.022+0000][24623.784s][info ][safepoint     ] Total time for which application threads were stopped: 0.0001885 seconds, Stopping threads took: 0.0000387 seconds
[2023-11-16T02:54:17.022+0000][24624.784s][debug][safepoint     ] Safepoint synchronization initiated. (163 threads)
[2023-11-16T02:54:17.022+0000][24624.784s][info ][safepoint     ] Application time: 1.0001136 seconds
[2023-11-16T02:54:17.022+0000][24624.784s][info ][safepoint     ] Entering safepoint region: Cleanup
[2023-11-16T02:54:17.022+0000][24624.784s][info ][safepoint     ] Leaving safepoint region
[2023-11-16T02:54:17.022+0000][24624.784s][info ][safepoint     ] Total time for which application threads were stopped: 0.0001616 seconds, Stopping threads took: 0.0000348 seconds
[2023-11-16T02:54:18.022+0000][24625.784s][debug][safepoint     ] Safepoint synchronization initiated. (163 threads)
[2023-11-16T02:54:18.022+0000][24625.784s][info ][safepoint     ] Application time: 1.0001188 seconds
[2023-11-16T02:54:18.022+0000][24625.784s][info ][safepoint     ] Entering safepoint region: Cleanup
[2023-11-16T02:54:18.023+0000][24625.784s][info ][safepoint     ] Leaving safepoint region
[2023-11-16T02:54:18.023+0000][24625.784s][info ][safepoint     ] Total time for which application threads were stopped: 0.0002419 seconds, Stopping threads took: 0.0000367 seconds
[2023-11-16T02:54:19.023+0000][24626.784s][debug][safepoint     ] Safepoint synchronization initiated. (163 threads)
[2023-11-16T02:54:19.023+0000][24626.784s][info ][safepoint     ] Application time: 1.0001182 seconds
[2023-11-16T02:54:19.023+0000][24626.785s][info ][safepoint     ] Entering safepoint region: Cleanup
[2023-11-16T02:54:19.023+0000][24626.785s][info ][safepoint     ] Leaving safepoint region
[2023-11-16T02:54:19.023+0000][24626.785s][info ][safepoint     ] Total time for which application threads were stopped: 0.0001843 seconds, Stopping threads took: 0.0000382 seconds
[2023-11-16T02:54:20.023+0000][24627.785s][debug][safepoint     ] Safepoint synchronization initiated. (163 threads)
[2023-11-16T02:54:20.023+0000][24627.785s][info ][safepoint     ] Application time: 1.0001310 seconds
[2023-11-16T02:54:20.023+0000][24627.785s][info ][safepoint     ] Entering safepoint region: Cleanup
[2023-11-16T02:54:20.023+0000][24627.785s][info ][safepoint     ] Leaving safepoint region
[2023-11-16T02:54:20.023+0000][24627.785s][info ][safepoint     ] Total time for which application threads were stopped: 0.0001994 seconds, Stopping threads took: 0.0000368 seconds
[2023-11-16T02:54:21.023+0000][24628.785s][debug][safepoint     ] Safepoint synchronization initiated. (163 threads)
[2023-11-16T02:54:21.024+0000][24628.785s][info ][safepoint     ] Application time: 1.0001234 seconds
[2023-11-16T02:54:21.024+0000][24628.785s][info ][safepoint     ] Entering safepoint region: Cleanup
[2023-11-16T02:54:21.024+0000][24628.785s][info ][safepoint     ] Leaving safepoint region
[2023-11-16T02:54:21.024+0000][24628.785s][info ][safepoint     ] Total time for which application threads were stopped: 0.0001726 seconds, Stopping threads took: 0.0000359 seconds
[2023-11-16T02:54:22.024+0000][24629.785s][debug][safepoint     ] Safepoint synchronization initiated. (163 threads)
[2023-11-16T02:54:22.024+0000][24629.785s][info ][safepoint     ] Application time: 1.0001234 seconds
[2023-11-16T02:54:22.024+0000][24629.785s][info ][safepoint     ] Entering safepoint region: Cleanup
[2023-11-16T02:54:22.024+0000][24629.786s][info ][safepoint     ] Leaving safepoint region
[2023-11-16T02:54:22.024+0000][24629.786s][info ][safepoint     ] Total time for which application threads were stopped: 0.0002205 seconds, Stopping threads took: 0.0000386 seconds
[2023-11-16T02:54:23.024+0000][24630.786s][debug][safepoint     ] Safepoint synchronization initiated. (163 threads)
[2023-11-16T02:54:23.024+0000][24630.786s][info ][safepoint     ] Application time: 1.0001154 seconds
[2023-11-16T02:54:23.024+0000][24630.786s][info ][safepoint     ] Entering safepoint region: Cleanup
[2023-11-16T02:54:23.024+0000][24630.786s][info ][safepoint     ] Leaving safepoint region
[2023-11-16T02:54:23.024+0000][24630.786s][info ][safepoint     ] Total time for which application threads were stopped: 0.0001649 seconds, Stopping threads took: 0.0000349 seconds
[2023-11-16T02:54:24.024+0000][24631.786s][debug][safepoint     ] Safepoint synchronization initiated. (163 threads)
[2023-11-16T02:54:24.024+0000][24631.786s][info ][safepoint     ] Application time: 1.0001325 seconds
[2023-11-16T02:54:24.025+0000][24631.786s][info ][safepoint     ] Entering safepoint region: Cleanup
[2023-11-16T02:54:24.025+0000][24631.786s][info ][safepoint     ] Leaving safepoint region
[2023-11-16T02:54:24.025+0000][24631.786s][info ][safepoint     ] Total time for which application threads were stopped: 0.0001667 seconds, Stopping threads took: 0.0000354 seconds
[2023-11-16T02:54:25.025+0000][24632.786s][debug][safepoint     ] Safepoint synchronization initiated. (163 threads)
[2023-11-16T02:54:25.025+0000][24632.786s][info ][safepoint     ] Application time: 1.0001257 seconds
[2023-11-16T02:54:25.025+0000][24632.786s][info ][safepoint     ] Entering safepoint region: Cleanup
[2023-11-16T02:54:25.025+0000][24632.787s][info ][safepoint     ] Leaving safepoint region
[2023-11-16T02:54:25.025+0000][24632.787s][info ][safepoint     ] Total time for which application threads were stopped: 0.0003353 seconds, Stopping threads took: 0.0001571 seconds
[2023-11-16T02:54:26.025+0000][24633.787s][debug][safepoint     ] Safepoint synchronization initiated. (163 threads)
[2023-11-16T02:54:26.025+0000][24633.787s][info ][safepoint     ] Application time: 1.0001185 seconds
[2023-11-16T02:54:26.025+0000][24633.787s][info ][safepoint     ] Entering safepoint region: Cleanup
[2023-11-16T02:54:26.025+0000][24633.787s][info ][safepoint     ] Leaving safepoint region
[2023-11-16T02:54:26.025+0000][24633.787s][info ][safepoint     ] Total time for which application threads were stopped: 0.0001726 seconds, Stopping threads took: 0.0000356 seconds
[2023-11-16T02:54:27.026+0000][24634.787s][debug][safepoint     ] Safepoint synchronization initiated. (163 threads)
[2023-11-16T02:54:27.026+0000][24634.787s][info ][safepoint     ] Application time: 1.0001135 seconds
[2023-11-16T02:54:27.026+0000][24634.787s][info ][safepoint     ] Entering safepoint region: Cleanup
[2023-11-16T02:54:27.026+0000][24634.787s][info ][safepoint     ] Leaving safepoint region
[2023-11-16T02:54:27.026+0000][24634.787s][info ][safepoint     ] Total time for which application threads were stopped: 0.0001612 seconds, Stopping threads took: 0.0000356 seconds
[2023-11-16T02:54:28.026+0000][24635.787s][debug][safepoint     ] Safepoint synchronization initiated. (163 threads)
[2023-11-16T02:54:28.026+0000][24635.788s][info ][safepoint     ] Application time: 1.0001119 seconds
[2023-11-16T02:54:28.026+0000][24635.788s][info ][safepoint     ] Entering safepoint region: Cleanup
[2023-11-16T02:54:28.026+0000][24635.788s][info ][safepoint     ] Leaving safepoint region
[2023-11-16T02:54:28.026+0000][24635.788s][info ][safepoint     ] Total time for which application threads were stopped: 0.0001639 seconds, Stopping threads took: 0.0000337 seconds
[2023-11-16T02:54:29.026+0000][24636.788s][debug][safepoint     ] Safepoint synchronization initiated. (163 threads)
[2023-11-16T02:54:29.026+0000][24636.788s][info ][safepoint     ] Application time: 1.0001404 seconds
[2023-11-16T02:54:29.026+0000][24636.788s][info ][safepoint     ] Entering safepoint region: Cleanup
[2023-11-16T02:54:29.026+0000][24636.788s][info ][safepoint     ] Leaving safepoint region
[2023-11-16T02:54:29.026+0000][24636.788s][info ][safepoint     ] Total time for which application threads were stopped: 0.0001789 seconds, Stopping threads took: 0.0000319 seconds
[2023-11-16T02:54:30.026+0000][24637.788s][debug][safepoint     ] Safepoint synchronization initiated. (163 threads)
[2023-11-16T02:54:30.027+0000][24637.788s][info ][safepoint     ] Application time: 1.0001581 seconds
[2023-11-16T02:54:30.027+0000][24637.788s][info ][safepoint     ] Entering safepoint region: Cleanup
[2023-11-16T02:54:30.027+0000][24637.788s][info ][safepoint     ] Leaving safepoint region
[2023-11-16T02:54:30.027+0000][24637.788s][info ][safepoint     ] Total time for which application threads were stopped: 0.0001954 seconds, Stopping threads took: 0.0000481 seconds
[2023-11-16T02:54:31.027+0000][24638.788s][debug][safepoint     ] Safepoint synchronization initiated. (163 threads)
[2023-11-16T02:54:31.027+0000][24638.789s][info ][safepoint     ] Application time: 1.0001147 seconds
[2023-11-16T02:54:31.027+0000][24638.789s][info ][safepoint     ] Entering safepoint region: Cleanup
[2023-11-16T02:54:31.027+0000][24638.789s][info ][safepoint     ] Leaving safepoint region
[2023-11-16T02:54:31.027+0000][24638.789s][info ][safepoint     ] Total time for which application threads were stopped: 0.0001915 seconds, Stopping threads took: 0.0000361 seconds
[2023-11-16T02:54:32.027+0000][24639.789s][debug][safepoint     ] Safepoint synchronization initiated. (163 threads)
[2023-11-16T02:54:32.027+0000][24639.789s][info ][safepoint     ] Application time: 1.0001301 seconds
[2023-11-16T02:54:32.027+0000][24639.789s][info ][safepoint     ] Entering safepoint region: Cleanup
[2023-11-16T02:54:32.027+0000][24639.789s][info ][safepoint     ] Leaving safepoint region
[2023-11-16T02:54:32.027+0000][24639.789s][info ][safepoint     ] Total time for which application threads were stopped: 0.0001920 seconds, Stopping threads took: 0.0000344 seconds
[2023-11-16T02:58:09.048+0000][24856.810s][debug][safepoint     ] Safepoint synchronization initiated. (166 threads)
[2023-11-16T02:58:09.049+0000][24856.810s][info ][safepoint     ] Application time: 217.0210869 seconds
[2023-11-16T02:58:09.049+0000][24856.810s][info ][safepoint     ] Entering safepoint region: Cleanup
[2023-11-16T02:58:09.049+0000][24856.810s][info ][safepoint     ] Leaving safepoint region
[2023-11-16T02:58:09.049+0000][24856.810s][info ][safepoint     ] Total time for which application threads were stopped: 0.0001798 seconds, Stopping threads took: 0.0000379 seconds
[2023-11-16T02:58:27.050+0000][24874.812s][debug][safepoint     ] Safepoint synchronization initiated. (166 threads)
[2023-11-16T02:58:27.050+0000][24874.812s][info ][safepoint     ] Application time: 18.0017451 seconds
[2023-11-16T02:58:27.051+0000][24874.812s][info ][safepoint     ] Entering safepoint region: Cleanup
[2023-11-16T02:58:27.051+0000][24874.812s][info ][safepoint     ] Leaving safepoint region
[2023-11-16T02:58:27.051+0000][24874.812s][info ][safepoint     ] Total time for which application threads were stopped: 0.0002028 seconds, Stopping threads took: 0.0000449 seconds
[2023-11-16T02:58:39.052+0000][24886.813s][debug][safepoint     ] Safepoint synchronization initiated. (166 threads)
[2023-11-16T02:58:39.052+0000][24886.813s][info ][safepoint     ] Application time: 12.0011352 seconds
[2023-11-16T02:58:39.052+0000][24886.813s][info ][safepoint     ] Entering safepoint region: Cleanup
[2023-11-16T02:58:39.052+0000][24886.814s][info ][safepoint     ] Leaving safepoint region
[2023-11-16T02:58:39.052+0000][24886.814s][info ][safepoint     ] Total time for which application threads were stopped: 0.0001843 seconds, Stopping threads took: 0.0000325 seconds
[2023-11-16T02:58:58.054+0000][24905.815s][debug][safepoint     ] Safepoint synchronization initiated. (166 threads)
[2023-11-16T02:58:58.054+0000][24905.816s][info ][safepoint     ] Application time: 19.0018434 seconds
[2023-11-16T02:58:58.054+0000][24905.816s][info ][safepoint     ] Entering safepoint region: Cleanup
[2023-11-16T02:58:58.054+0000][24905.816s][info ][safepoint     ] Leaving safepoint region
[2023-11-16T02:58:58.054+0000][24905.816s][info ][safepoint     ] Total time for which application threads were stopped: 0.0002582 seconds, Stopping threads took: 0.0000390 seconds
[2023-11-16T02:59:18.056+0000][24925.818s][debug][safepoint     ] Safepoint synchronization initiated. (166 threads)
[2023-11-16T02:59:18.056+0000][24925.818s][info ][safepoint     ] Application time: 20.0019482 seconds
[2023-11-16T02:59:18.056+0000][24925.818s][info ][safepoint     ] Entering safepoint region: Cleanup
[2023-11-16T02:59:18.056+0000][24925.818s][info ][safepoint     ] Leaving safepoint region
[2023-11-16T02:59:18.056+0000][24925.818s][info ][safepoint     ] Total time for which application threads were stopped: 0.0002653 seconds, Stopping threads took: 0.0000388 seconds
[2023-11-16T03:00:16.062+0000][24983.824s][debug][safepoint     ] Safepoint synchronization initiated. (165 threads)
[2023-11-16T03:00:16.062+0000][24983.824s][info ][safepoint     ] Application time: 58.0055573 seconds
[2023-11-16T03:00:16.062+0000][24983.824s][info ][safepoint     ] Entering safepoint region: Cleanup
[2023-11-16T03:00:16.062+0000][24983.824s][info ][safepoint     ] Leaving safepoint region
[2023-11-16T03:00:16.062+0000][24983.824s][info ][safepoint     ] Total time for which application threads were stopped: 0.0001490 seconds, Stopping threads took: 0.0000332 seconds
[2023-11-16T03:01:04.467+0000][25032.229s][debug][safepoint     ] Safepoint synchronization initiated. (164 threads)
[2023-11-16T03:01:04.467+0000][25032.229s][info ][safepoint     ] Application time: 48.4049137 seconds
[2023-11-16T03:01:04.467+0000][25032.229s][info ][safepoint     ] Entering safepoint region: G1CollectForAllocation
[2023-11-16T03:01:04.467+0000][25032.229s][info ][gc,start      ] GC(89) Pause Young (Normal) (G1 Evacuation Pause)
[2023-11-16T03:01:04.467+0000][25032.229s][info ][gc,task       ] GC(89) Using 4 workers of 4 for evacuation
[2023-11-16T03:01:04.486+0000][25032.248s][info ][gc,phases     ] GC(89)   Pre Evacuate Collection Set: 0.0ms
[2023-11-16T03:01:04.486+0000][25032.248s][info ][gc,phases     ] GC(89)   Evacuate Collection Set: 12.3ms
[2023-11-16T03:01:04.486+0000][25032.248s][info ][gc,phases     ] GC(89)   Post Evacuate Collection Set: 6.0ms
[2023-11-16T03:01:04.486+0000][25032.248s][info ][gc,phases     ] GC(89)   Other: 0.4ms
[2023-11-16T03:01:04.486+0000][25032.248s][info ][gc,heap       ] GC(89) Eden regions: 469->0(468)
[2023-11-16T03:01:04.486+0000][25032.248s][info ][gc,heap       ] GC(89) Survivor regions: 8->9(60)
[2023-11-16T03:01:04.486+0000][25032.248s][info ][gc,heap       ] GC(89) Old regions: 148->148
[2023-11-16T03:01:04.486+0000][25032.248s][info ][gc,heap       ] GC(89) Humongous regions: 0->0
[2023-11-16T03:01:04.486+0000][25032.248s][info ][gc,metaspace  ] GC(89) Metaspace: 162623K(168124K)->162623K(168124K) NonClass: 143902K(147304K)->143902K(147304K) Class: 18720K(20820K)->18720K(20820K)
[2023-11-16T03:01:04.486+0000][25032.248s][info ][gc            ] GC(89) Pause Young (Normal) (G1 Evacuation Pause) 623M->154M(795M) 18.832ms
[2023-11-16T03:01:04.486+0000][25032.248s][info ][gc,cpu        ] GC(89) User=0.07s Sys=0.00s Real=0.02s
[2023-11-16T03:01:04.486+0000][25032.248s][info ][safepoint     ] Leaving safepoint region
[2023-11-16T03:01:04.486+0000][25032.248s][info ][safepoint     ] Total time for which application threads were stopped: 0.0192520 seconds, Stopping threads took: 0.0000729 seconds
[2023-11-16T03:01:04.486+0000][25032.248s][info ][gc,stringdedup] Concurrent String Deduplication (25032.248s)
[2023-11-16T03:01:04.486+0000][25032.248s][info ][gc,stringdedup] Concurrent String Deduplication 136.0B->112.0B(24.0B) avg 54.5% (25032.248s, 25032.248s) 0.055ms
[2023-11-16T03:01:24.488+0000][25052.250s][debug][safepoint     ] Safepoint synchronization initiated. (164 threads)
[2023-11-16T03:01:24.488+0000][25052.250s][info ][safepoint     ] Application time: 20.0018019 seconds
[2023-11-16T03:01:24.488+0000][25052.250s][info ][safepoint     ] Entering safepoint region: Cleanup
[2023-11-16T03:01:24.488+0000][25052.250s][info ][safepoint     ] Leaving safepoint region
[2023-11-16T03:01:24.488+0000][25052.250s][info ][safepoint     ] Total time for which application threads were stopped: 0.0002911 seconds, Stopping threads took: 0.0000501 seconds
[2023-11-16T03:01:33.489+0000][25061.251s][debug][safepoint     ] Safepoint synchronization initiated. (163 threads)
[2023-11-16T03:01:33.489+0000][25061.251s][info ][safepoint     ] Application time: 9.0009295 seconds
[2023-11-16T03:01:33.489+0000][25061.251s][info ][safepoint     ] Entering safepoint region: Cleanup
[2023-11-16T03:01:33.490+0000][25061.251s][info ][safepoint     ] Leaving safepoint region
[2023-11-16T03:01:33.490+0000][25061.251s][info ][safepoint     ] Total time for which application threads were stopped: 0.0003330 seconds, Stopping threads took: 0.0000498 seconds
[2023-11-16T03:01:34.490+0000][25062.252s][debug][safepoint     ] Safepoint synchronization initiated. (163 threads)
[2023-11-16T03:01:34.490+0000][25062.252s][info ][safepoint     ] Application time: 1.0001738 seconds
[2023-11-16T03:01:34.490+0000][25062.252s][info ][safepoint     ] Entering safepoint region: Cleanup
[2023-11-16T03:01:34.490+0000][25062.252s][info ][safepoint     ] Leaving safepoint region
[2023-11-16T03:01:34.490+0000][25062.252s][info ][safepoint     ] Total time for which application threads were stopped: 0.0003316 seconds, Stopping threads took: 0.0000495 seconds
[2023-11-16T03:01:35.490+0000][25063.252s][debug][safepoint     ] Safepoint synchronization initiated. (163 threads)
[2023-11-16T03:01:35.490+0000][25063.252s][info ][safepoint     ] Application time: 1.0001766 seconds
[2023-11-16T03:01:35.491+0000][25063.252s][info ][safepoint     ] Entering safepoint region: Cleanup
[2023-11-16T03:01:35.491+0000][25063.252s][info ][safepoint     ] Leaving safepoint region
[2023-11-16T03:01:35.491+0000][25063.253s][info ][safepoint     ] Total time for which application threads were stopped: 0.0003588 seconds, Stopping threads took: 0.0000778 seconds
[2023-11-16T03:01:36.491+0000][25064.253s][debug][safepoint     ] Safepoint synchronization initiated. (163 threads)
[2023-11-16T03:01:36.491+0000][25064.253s][info ][safepoint     ] Application time: 1.0001757 seconds
[2023-11-16T03:01:36.491+0000][25064.253s][info ][safepoint     ] Entering safepoint region: Cleanup
[2023-11-16T03:01:36.491+0000][25064.253s][info ][safepoint     ] Leaving safepoint region
[2023-11-16T03:01:36.491+0000][25064.253s][info ][safepoint     ] Total time for which application threads were stopped: 0.0003050 seconds, Stopping threads took: 0.0000583 seconds
[2023-11-16T03:01:37.491+0000][25065.253s][debug][safepoint     ] Safepoint synchronization initiated. (163 threads)
[2023-11-16T03:01:37.492+0000][25065.253s][info ][safepoint     ] Application time: 1.0001600 seconds
[2023-11-16T03:01:37.492+0000][25065.253s][info ][safepoint     ] Entering safepoint region: Cleanup
[2023-11-16T03:01:37.492+0000][25065.253s][info ][safepoint     ] Leaving safepoint region
[2023-11-16T03:01:37.492+0000][25065.253s][info ][safepoint     ] Total time for which application threads were stopped: 0.0002594 seconds, Stopping threads took: 0.0000487 seconds
[2023-11-16T03:01:38.492+0000][25066.254s][debug][safepoint     ] Safepoint synchronization initiated. (163 threads)
[2023-11-16T03:01:38.492+0000][25066.254s][info ][safepoint     ] Application time: 1.0001596 seconds
[2023-11-16T03:01:38.492+0000][25066.254s][info ][safepoint     ] Entering safepoint region: Cleanup
[2023-11-16T03:01:38.492+0000][25066.254s][info ][safepoint     ] Leaving safepoint region
[2023-11-16T03:01:38.492+0000][25066.254s][info ][safepoint     ] Total time for which application threads were stopped: 0.0002594 seconds, Stopping threads took: 0.0000494 seconds
[2023-11-16T03:01:39.492+0000][25067.254s][debug][safepoint     ] Safepoint synchronization initiated. (163 threads)
[2023-11-16T03:01:39.492+0000][25067.254s][info ][safepoint     ] Application time: 1.0001587 seconds
[2023-11-16T03:01:39.493+0000][25067.254s][info ][safepoint     ] Entering safepoint region: Cleanup
[2023-11-16T03:01:39.493+0000][25067.254s][info ][safepoint     ] Leaving safepoint region
[2023-11-16T03:01:39.493+0000][25067.254s][info ][safepoint     ] Total time for which application threads were stopped: 0.0002623 seconds, Stopping threads took: 0.0000493 seconds
[2023-11-16T03:01:40.493+0000][25068.254s][debug][safepoint     ] Safepoint synchronization initiated. (163 threads)
[2023-11-16T03:01:40.493+0000][25068.255s][info ][safepoint     ] Application time: 1.0001542 seconds
[2023-11-16T03:01:40.493+0000][25068.255s][info ][safepoint     ] Entering safepoint region: Cleanup
[2023-11-16T03:01:40.493+0000][25068.255s][info ][safepoint     ] Leaving safepoint region
[2023-11-16T03:01:40.493+0000][25068.255s][info ][safepoint     ] Total time for which application threads were stopped: 0.0002691 seconds, Stopping threads took: 0.0000491 seconds
[2023-11-16T03:01:41.493+0000][25069.255s][debug][safepoint     ] Safepoint synchronization initiated. (163 threads)
[2023-11-16T03:01:41.493+0000][25069.255s][info ][safepoint     ] Application time: 1.0001735 seconds
[2023-11-16T03:01:41.493+0000][25069.255s][info ][safepoint     ] Entering safepoint region: Cleanup
[2023-11-16T03:01:41.494+0000][25069.255s][info ][safepoint     ] Leaving safepoint region
[2023-11-16T03:01:41.494+0000][25069.255s][info ][safepoint     ] Total time for which application threads were stopped: 0.0003085 seconds, Stopping threads took: 0.0000514 seconds
[2023-11-16T03:01:42.494+0000][25070.255s][debug][safepoint     ] Safepoint synchronization initiated. (163 threads)
[2023-11-16T03:01:42.494+0000][25070.256s][info ][safepoint     ] Application time: 1.0001621 seconds
[2023-11-16T03:01:42.494+0000][25070.256s][info ][safepoint     ] Entering safepoint region: Cleanup
[2023-11-16T03:01:42.494+0000][25070.256s][info ][safepoint     ] Leaving safepoint region
[2023-11-16T03:01:42.494+0000][25070.256s][info ][safepoint     ] Total time for which application threads were stopped: 0.0002638 seconds, Stopping threads took: 0.0000504 seconds
[2023-11-16T03:01:43.494+0000][25071.256s][debug][safepoint     ] Safepoint synchronization initiated. (163 threads)
[2023-11-16T03:01:43.494+0000][25071.256s][info ][safepoint     ] Application time: 1.0001579 seconds
[2023-11-16T03:01:43.494+0000][25071.256s][info ][safepoint     ] Entering safepoint region: Cleanup
[2023-11-16T03:01:43.495+0000][25071.256s][info ][safepoint     ] Leaving safepoint region
[2023-11-16T03:01:43.495+0000][25071.256s][info ][safepoint     ] Total time for which application threads were stopped: 0.0002635 seconds, Stopping threads took: 0.0000494 seconds
[2023-11-16T03:01:44.495+0000][25072.256s][debug][safepoint     ] Safepoint synchronization initiated. (163 threads)
[2023-11-16T03:01:44.495+0000][25072.256s][info ][safepoint     ] Application time: 1.0001622 seconds
[2023-11-16T03:01:44.495+0000][25072.257s][info ][safepoint     ] Entering safepoint region: Cleanup
[2023-11-16T03:01:44.495+0000][25072.257s][info ][safepoint     ] Leaving safepoint region
[2023-11-16T03:01:44.495+0000][25072.257s][info ][safepoint     ] Total time for which application threads were stopped: 0.0002646 seconds, Stopping threads took: 0.0000494 seconds
[2023-11-16T03:01:45.495+0000][25073.257s][debug][safepoint     ] Safepoint synchronization initiated. (163 threads)
[2023-11-16T03:01:45.495+0000][25073.257s][info ][safepoint     ] Application time: 1.0001589 seconds
[2023-11-16T03:01:45.495+0000][25073.257s][info ][safepoint     ] Entering safepoint region: Cleanup
[2023-11-16T03:01:45.496+0000][25073.257s][info ][safepoint     ] Leaving safepoint region
[2023-11-16T03:01:45.496+0000][25073.257s][info ][safepoint     ] Total time for which application threads were stopped: 0.0002911 seconds, Stopping threads took: 0.0000489 seconds
[2023-11-16T03:01:46.496+0000][25074.257s][debug][safepoint     ] Safepoint synchronization initiated. (163 threads)
[2023-11-16T03:01:46.496+0000][25074.257s][info ][safepoint     ] Application time: 1.0001486 seconds
[2023-11-16T03:01:46.496+0000][25074.257s][info ][safepoint     ] Entering safepoint region: Cleanup
[2023-11-16T03:01:46.496+0000][25074.258s][info ][safepoint     ] Leaving safepoint region
[2023-11-16T03:01:46.496+0000][25074.258s][info ][safepoint     ] Total time for which application threads were stopped: 0.0005426 seconds, Stopping threads took: 0.0002258 seconds
[2023-11-16T03:01:47.496+0000][25075.258s][debug][safepoint     ] Safepoint synchronization initiated. (163 threads)
[2023-11-16T03:01:47.496+0000][25075.258s][info ][safepoint     ] Application time: 1.0001636 seconds
[2023-11-16T03:01:47.497+0000][25075.258s][info ][safepoint     ] Entering safepoint region: Cleanup
[2023-11-16T03:01:47.497+0000][25075.258s][info ][safepoint     ] Leaving safepoint region
[2023-11-16T03:01:47.497+0000][25075.258s][info ][safepoint     ] Total time for which application threads were stopped: 0.0003171 seconds, Stopping threads took: 0.0000526 seconds
[2023-11-16T03:01:47.497+0000][25075.258s][debug][safepoint     ] ... found polling page return exception at pc = 0x00007f693102dd76, stub =0x00007f692883a800
[2023-11-16T03:01:48.497+0000][25076.259s][debug][safepoint     ] Safepoint synchronization initiated. (163 threads)
[2023-11-16T03:01:48.497+0000][25076.259s][info ][safepoint     ] Application time: 1.0001709 seconds
[2023-11-16T03:01:48.497+0000][25076.259s][info ][safepoint     ] Entering safepoint region: Cleanup
[2023-11-16T03:01:48.497+0000][25076.259s][info ][safepoint     ] Leaving safepoint region
[2023-11-16T03:01:48.497+0000][25076.259s][info ][safepoint     ] Total time for which application threads were stopped: 0.0003878 seconds, Stopping threads took: 0.0000530 seconds
[2023-11-16T03:01:49.498+0000][25077.259s][debug][safepoint     ] Safepoint synchronization initiated. (163 threads)
[2023-11-16T03:01:49.498+0000][25077.259s][info ][safepoint     ] Application time: 1.0001965 seconds
[2023-11-16T03:01:49.498+0000][25077.259s][info ][safepoint     ] Entering safepoint region: Cleanup
[2023-11-16T03:01:49.498+0000][25077.260s][info ][safepoint     ] Leaving safepoint region
[2023-11-16T03:01:49.498+0000][25077.260s][info ][safepoint     ] Total time for which application threads were stopped: 0.0003870 seconds, Stopping threads took: 0.0000540 seconds
[2023-11-16T03:01:50.498+0000][25078.260s][debug][safepoint     ] Safepoint synchronization initiated. (163 threads)
[2023-11-16T03:01:50.498+0000][25078.260s][info ][safepoint     ] Application time: 1.0001626 seconds
[2023-11-16T03:01:50.498+0000][25078.260s][info ][safepoint     ] Entering safepoint region: Cleanup
[2023-11-16T03:01:50.499+0000][25078.260s][info ][safepoint     ] Leaving safepoint region
[2023-11-16T03:01:50.499+0000][25078.260s][info ][safepoint     ] Total time for which application threads were stopped: 0.0003861 seconds, Stopping threads took: 0.0000502 seconds
[2023-11-16T03:01:51.499+0000][25079.260s][debug][safepoint     ] Safepoint synchronization initiated. (163 threads)
[2023-11-16T03:01:51.499+0000][25079.260s][info ][safepoint     ] Application time: 1.0001602 seconds
[2023-11-16T03:01:51.499+0000][25079.261s][info ][safepoint     ] Entering safepoint region: Cleanup
[2023-11-16T03:01:51.499+0000][25079.261s][info ][safepoint     ] Leaving safepoint region
[2023-11-16T03:01:51.499+0000][25079.261s][info ][safepoint     ] Total time for which application threads were stopped: 0.0002670 seconds, Stopping threads took: 0.0000491 seconds
[2023-11-16T03:01:52.499+0000][25080.261s][debug][safepoint     ] Safepoint synchronization initiated. (163 threads)
[2023-11-16T03:01:52.499+0000][25080.261s][info ][safepoint     ] Application time: 1.0001572 seconds
[2023-11-16T03:01:52.499+0000][25080.261s][info ][safepoint     ] Entering safepoint region: Cleanup
[2023-11-16T03:01:52.500+0000][25080.261s][info ][safepoint     ] Leaving safepoint region
[2023-11-16T03:01:52.500+0000][25080.261s][info ][safepoint     ] Total time for which application threads were stopped: 0.0003043 seconds, Stopping threads took: 0.0000484 seconds
[2023-11-16T03:01:53.500+0000][25081.261s][debug][safepoint     ] Safepoint synchronization initiated. (163 threads)
[2023-11-16T03:01:53.500+0000][25081.261s][info ][safepoint     ] Application time: 1.0001499 seconds
[2023-11-16T03:01:53.500+0000][25081.261s][info ][safepoint     ] Entering safepoint region: Cleanup
[2023-11-16T03:01:53.500+0000][25081.262s][info ][safepoint     ] Leaving safepoint region
[2023-11-16T03:01:53.500+0000][25081.262s][info ][safepoint     ] Total time for which application threads were stopped: 0.0002666 seconds, Stopping threads took: 0.0000492 seconds
[2023-11-16T03:01:54.500+0000][25082.262s][debug][safepoint     ] Safepoint synchronization initiated. (163 threads)
[2023-11-16T03:01:54.500+0000][25082.262s][info ][safepoint     ] Application time: 1.0001667 seconds
[2023-11-16T03:01:54.500+0000][25082.262s][info ][safepoint     ] Entering safepoint region: Cleanup
[2023-11-16T03:01:54.501+0000][25082.262s][info ][safepoint     ] Leaving safepoint region
[2023-11-16T03:01:54.501+0000][25082.262s][info ][safepoint     ] Total time for which application threads were stopped: 0.0002698 seconds, Stopping threads took: 0.0000512 seconds
[2023-11-16T03:01:55.501+0000][25083.262s][debug][safepoint     ] Safepoint synchronization initiated. (163 threads)
[2023-11-16T03:01:55.501+0000][25083.262s][info ][safepoint     ] Application time: 1.0001622 seconds
[2023-11-16T03:01:55.501+0000][25083.262s][info ][safepoint     ] Entering safepoint region: Cleanup
[2023-11-16T03:01:55.501+0000][25083.263s][info ][safepoint     ] Leaving safepoint region
[2023-11-16T03:01:55.501+0000][25083.263s][info ][safepoint     ] Total time for which application threads were stopped: 0.0002639 seconds, Stopping threads took: 0.0000501 seconds
[2023-11-16T03:01:56.501+0000][25084.263s][debug][safepoint     ] Safepoint synchronization initiated. (163 threads)
[2023-11-16T03:01:56.501+0000][25084.263s][info ][safepoint     ] Application time: 1.0001577 seconds
[2023-11-16T03:01:56.501+0000][25084.263s][info ][safepoint     ] Entering safepoint region: Cleanup
[2023-11-16T03:01:56.501+0000][25084.263s][info ][safepoint     ] Leaving safepoint region
[2023-11-16T03:01:56.501+0000][25084.263s][info ][safepoint     ] Total time for which application threads were stopped: 0.0002970 seconds, Stopping threads took: 0.0000571 seconds
[2023-11-16T03:01:57.502+0000][25085.263s][debug][safepoint     ] Safepoint synchronization initiated. (163 threads)
[2023-11-16T03:01:57.502+0000][25085.263s][info ][safepoint     ] Application time: 1.0001251 seconds
[2023-11-16T03:01:57.502+0000][25085.263s][info ][safepoint     ] Entering safepoint region: Cleanup
[2023-11-16T03:01:57.502+0000][25085.263s][info ][safepoint     ] Leaving safepoint region
[2023-11-16T03:01:57.502+0000][25085.264s][info ][safepoint     ] Total time for which application threads were stopped: 0.0002377 seconds, Stopping threads took: 0.0000360 seconds
[2023-11-16T03:01:58.502+0000][25086.264s][debug][safepoint     ] Safepoint synchronization initiated. (163 threads)
[2023-11-16T03:01:58.502+0000][25086.264s][info ][safepoint     ] Application time: 1.0001440 seconds
[2023-11-16T03:01:58.502+0000][25086.264s][info ][safepoint     ] Entering safepoint region: Cleanup
[2023-11-16T03:01:58.502+0000][25086.264s][info ][safepoint     ] Leaving safepoint region
[2023-11-16T03:01:58.502+0000][25086.264s][info ][safepoint     ] Total time for which application threads were stopped: 0.0003951 seconds, Stopping threads took: 0.0000335 seconds
[2023-11-16T03:01:59.503+0000][25087.264s][debug][safepoint     ] Safepoint synchronization initiated. (163 threads)
[2023-11-16T03:01:59.503+0000][25087.264s][info ][safepoint     ] Application time: 1.0001485 seconds
[2023-11-16T03:01:59.503+0000][25087.264s][info ][safepoint     ] Entering safepoint region: Cleanup
[2023-11-16T03:01:59.503+0000][25087.265s][info ][safepoint     ] Leaving safepoint region
[2023-11-16T03:01:59.503+0000][25087.265s][info ][safepoint     ] Total time for which application threads were stopped: 0.0003969 seconds, Stopping threads took: 0.0000524 seconds
[2023-11-16T03:02:00.503+0000][25088.265s][debug][safepoint     ] Safepoint synchronization initiated. (163 threads)
[2023-11-16T03:02:00.503+0000][25088.265s][info ][safepoint     ] Application time: 1.0001078 seconds
[2023-11-16T03:02:00.503+0000][25088.265s][info ][safepoint     ] Entering safepoint region: Cleanup
[2023-11-16T03:02:00.503+0000][25088.265s][info ][safepoint     ] Leaving safepoint region
[2023-11-16T03:02:00.503+0000][25088.265s][info ][safepoint     ] Total time for which application threads were stopped: 0.0001571 seconds, Stopping threads took: 0.0000349 seconds
[2023-11-16T03:02:01.503+0000][25089.265s][debug][safepoint     ] Safepoint synchronization initiated. (163 threads)
[2023-11-16T03:02:01.503+0000][25089.265s][info ][safepoint     ] Application time: 1.0001602 seconds
[2023-11-16T03:02:01.504+0000][25089.265s][info ][safepoint     ] Entering safepoint region: Cleanup
[2023-11-16T03:02:01.504+0000][25089.265s][info ][safepoint     ] Leaving safepoint region
[2023-11-16T03:02:01.504+0000][25089.265s][info ][safepoint     ] Total time for which application threads were stopped: 0.0002606 seconds, Stopping threads took: 0.0000499 seconds
[2023-11-16T03:02:02.504+0000][25090.265s][debug][safepoint     ] Safepoint synchronization initiated. (163 threads)
[2023-11-16T03:02:02.504+0000][25090.266s][info ][safepoint     ] Application time: 1.0001330 seconds
[2023-11-16T03:02:02.504+0000][25090.266s][info ][safepoint     ] Entering safepoint region: Cleanup
[2023-11-16T03:02:02.504+0000][25090.266s][info ][safepoint     ] Leaving safepoint region
[2023-11-16T03:02:02.504+0000][25090.266s][info ][safepoint     ] Total time for which application threads were stopped: 0.0002603 seconds, Stopping threads took: 0.0000501 seconds
[2023-11-16T03:02:03.504+0000][25091.266s][debug][safepoint     ] Safepoint synchronization initiated. (163 threads)
[2023-11-16T03:02:03.504+0000][25091.266s][info ][safepoint     ] Application time: 1.0001518 seconds
[2023-11-16T03:02:03.504+0000][25091.266s][info ][safepoint     ] Entering safepoint region: Cleanup
[2023-11-16T03:02:03.505+0000][25091.266s][info ][safepoint     ] Leaving safepoint region
[2023-11-16T03:02:03.505+0000][25091.266s][info ][safepoint     ] Total time for which application threads were stopped: 0.0002628 seconds, Stopping threads took: 0.0000502 seconds
[2023-11-16T03:02:04.505+0000][25092.266s][debug][safepoint     ] Safepoint synchronization initiated. (163 threads)
[2023-11-16T03:02:04.505+0000][25092.266s][info ][safepoint     ] Application time: 1.0001211 seconds
[2023-11-16T03:02:04.505+0000][25092.266s][info ][safepoint     ] Entering safepoint region: Cleanup
[2023-11-16T03:02:04.505+0000][25092.267s][info ][safepoint     ] Leaving safepoint region
[2023-11-16T03:02:04.505+0000][25092.267s][info ][safepoint     ] Total time for which application threads were stopped: 0.0002963 seconds, Stopping threads took: 0.0000508 seconds
[2023-11-16T03:02:05.505+0000][25093.267s][debug][safepoint     ] Safepoint synchronization initiated. (163 threads)
[2023-11-16T03:02:05.505+0000][25093.267s][info ][safepoint     ] Application time: 1.0001659 seconds
[2023-11-16T03:02:05.505+0000][25093.267s][info ][safepoint     ] Entering safepoint region: Cleanup
[2023-11-16T03:02:05.505+0000][25093.267s][info ][safepoint     ] Leaving safepoint region
[2023-11-16T03:02:05.506+0000][25093.267s][info ][safepoint     ] Total time for which application threads were stopped: 0.0002118 seconds, Stopping threads took: 0.0000511 seconds
[2023-11-16T03:02:06.506+0000][25094.267s][debug][safepoint     ] Safepoint synchronization initiated. (163 threads)
[2023-11-16T03:02:06.506+0000][25094.267s][info ][safepoint     ] Application time: 1.0001492 seconds
[2023-11-16T03:02:06.506+0000][25094.267s][info ][safepoint     ] Entering safepoint region: Cleanup
[2023-11-16T03:02:06.506+0000][25094.268s][info ][safepoint     ] Leaving safepoint region
[2023-11-16T03:02:06.506+0000][25094.268s][info ][safepoint     ] Total time for which application threads were stopped: 0.0003798 seconds, Stopping threads took: 0.0000494 seconds
[2023-11-16T03:02:07.506+0000][25095.268s][debug][safepoint     ] Safepoint synchronization initiated. (163 threads)
[2023-11-16T03:02:07.506+0000][25095.268s][info ][safepoint     ] Application time: 1.0001202 seconds
[2023-11-16T03:02:07.506+0000][25095.268s][info ][safepoint     ] Entering safepoint region: Cleanup
[2023-11-16T03:02:07.506+0000][25095.268s][info ][safepoint     ] Leaving safepoint region
[2023-11-16T03:02:07.506+0000][25095.268s][info ][safepoint     ] Total time for which application threads were stopped: 0.0002444 seconds, Stopping threads took: 0.0000342 seconds
[2023-11-16T03:02:08.507+0000][25096.268s][debug][safepoint     ] Safepoint synchronization initiated. (163 threads)
[2023-11-16T03:02:08.507+0000][25096.268s][info ][safepoint     ] Application time: 1.0001556 seconds
[2023-11-16T03:02:08.507+0000][25096.268s][info ][safepoint     ] Entering safepoint region: Cleanup
[2023-11-16T03:02:08.507+0000][25096.269s][info ][safepoint     ] Leaving safepoint region
[2023-11-16T03:02:08.507+0000][25096.269s][info ][safepoint     ] Total time for which application threads were stopped: 0.0002617 seconds, Stopping threads took: 0.0000506 seconds
[2023-11-16T03:02:09.507+0000][25097.269s][debug][safepoint     ] Safepoint synchronization initiated. (163 threads)
[2023-11-16T03:02:09.507+0000][25097.269s][info ][safepoint     ] Application time: 1.0001232 seconds
[2023-11-16T03:02:09.507+0000][25097.269s][info ][safepoint     ] Entering safepoint region: Cleanup
[2023-11-16T03:02:09.507+0000][25097.269s][info ][safepoint     ] Leaving safepoint region
[2023-11-16T03:02:09.507+0000][25097.269s][info ][safepoint     ] Total time for which application threads were stopped: 0.0002685 seconds, Stopping threads took: 0.0000508 seconds
[2023-11-16T03:02:10.507+0000][25098.269s][debug][safepoint     ] Safepoint synchronization initiated. (163 threads)
[2023-11-16T03:02:10.508+0000][25098.269s][info ][safepoint     ] Application time: 1.0001830 seconds
[2023-11-16T03:02:10.508+0000][25098.269s][info ][safepoint     ] Entering safepoint region: Cleanup
[2023-11-16T03:02:10.508+0000][25098.270s][info ][safepoint     ] Leaving safepoint region
[2023-11-16T03:02:10.508+0000][25098.270s][info ][safepoint     ] Total time for which application threads were stopped: 0.0003890 seconds, Stopping threads took: 0.0000512 seconds
[2023-11-16T03:02:11.508+0000][25099.270s][debug][safepoint     ] Safepoint synchronization initiated. (163 threads)
[2023-11-16T03:02:11.508+0000][25099.270s][info ][safepoint     ] Application time: 1.0001646 seconds
[2023-11-16T03:02:11.508+0000][25099.270s][info ][safepoint     ] Entering safepoint region: Cleanup
[2023-11-16T03:02:11.509+0000][25099.270s][info ][safepoint     ] Leaving safepoint region
[2023-11-16T03:02:11.509+0000][25099.270s][info ][safepoint     ] Total time for which application threads were stopped: 0.0003957 seconds, Stopping threads took: 0.0000512 seconds
[2023-11-16T03:02:12.509+0000][25100.270s][debug][safepoint     ] Safepoint synchronization initiated. (163 threads)
[2023-11-16T03:02:12.509+0000][25100.270s][info ][safepoint     ] Application time: 1.0001566 seconds
[2023-11-16T03:02:12.509+0000][25100.270s][info ][safepoint     ] Entering safepoint region: Cleanup
[2023-11-16T03:02:12.509+0000][25100.271s][info ][safepoint     ] Leaving safepoint region
[2023-11-16T03:02:12.509+0000][25100.271s][info ][safepoint     ] Total time for which application threads were stopped: 0.0003936 seconds, Stopping threads took: 0.0000509 seconds
[2023-11-16T03:02:13.509+0000][25101.271s][debug][safepoint     ] Safepoint synchronization initiated. (163 threads)
[2023-11-16T03:02:13.509+0000][25101.271s][info ][safepoint     ] Application time: 1.0001596 seconds
[2023-11-16T03:02:13.509+0000][25101.271s][info ][safepoint     ] Entering safepoint region: Cleanup
[2023-11-16T03:02:13.510+0000][25101.271s][info ][safepoint     ] Leaving safepoint region
[2023-11-16T03:02:13.510+0000][25101.271s][info ][safepoint     ] Total time for which application threads were stopped: 0.0003877 seconds, Stopping threads took: 0.0000504 seconds
[2023-11-16T03:02:14.510+0000][25102.271s][debug][safepoint     ] Safepoint synchronization initiated. (163 threads)
[2023-11-16T03:02:14.510+0000][25102.272s][info ][safepoint     ] Application time: 1.0001588 seconds
[2023-11-16T03:02:14.510+0000][25102.272s][info ][safepoint     ] Entering safepoint region: Cleanup
[2023-11-16T03:02:14.510+0000][25102.272s][info ][safepoint     ] Leaving safepoint region
[2023-11-16T03:02:14.510+0000][25102.272s][info ][safepoint     ] Total time for which application threads were stopped: 0.0003865 seconds, Stopping threads took: 0.0000498 seconds
[2023-11-16T03:02:15.510+0000][25103.272s][debug][safepoint     ] Safepoint synchronization initiated. (163 threads)
[2023-11-16T03:02:15.510+0000][25103.272s][info ][safepoint     ] Application time: 1.0001561 seconds
[2023-11-16T03:02:15.511+0000][25103.272s][info ][safepoint     ] Entering safepoint region: Cleanup
[2023-11-16T03:02:15.511+0000][25103.272s][info ][safepoint     ] Leaving safepoint region
[2023-11-16T03:02:15.511+0000][25103.273s][info ][safepoint     ] Total time for which application threads were stopped: 0.0003818 seconds, Stopping threads took: 0.0000492 seconds
[2023-11-16T03:02:16.511+0000][25104.273s][debug][safepoint     ] Safepoint synchronization initiated. (163 threads)
[2023-11-16T03:02:16.511+0000][25104.273s][info ][safepoint     ] Application time: 1.0001586 seconds
[2023-11-16T03:02:16.511+0000][25104.273s][info ][safepoint     ] Entering safepoint region: Cleanup
[2023-11-16T03:02:16.512+0000][25104.273s][info ][safepoint     ] Leaving safepoint region
[2023-11-16T03:02:16.512+0000][25104.273s][info ][safepoint     ] Total time for which application threads were stopped: 0.0005215 seconds, Stopping threads took: 0.0002363 seconds
[2023-11-16T03:02:17.512+0000][25105.273s][debug][safepoint     ] Safepoint synchronization initiated. (163 threads)
[2023-11-16T03:02:17.512+0000][25105.273s][info ][safepoint     ] Application time: 1.0001473 seconds
[2023-11-16T03:02:17.512+0000][25105.273s][info ][safepoint     ] Entering safepoint region: Cleanup
[2023-11-16T03:02:17.512+0000][25105.274s][info ][safepoint     ] Leaving safepoint region
[2023-11-16T03:02:17.512+0000][25105.274s][info ][safepoint     ] Total time for which application threads were stopped: 0.0003951 seconds, Stopping threads took: 0.0000517 seconds
[2023-11-16T03:02:18.512+0000][25106.274s][debug][safepoint     ] Safepoint synchronization initiated. (163 threads)
[2023-11-16T03:02:18.512+0000][25106.274s][info ][safepoint     ] Application time: 1.0001594 seconds
[2023-11-16T03:02:18.512+0000][25106.274s][info ][safepoint     ] Entering safepoint region: Cleanup
[2023-11-16T03:02:18.513+0000][25106.274s][info ][safepoint     ] Leaving safepoint region
[2023-11-16T03:02:18.513+0000][25106.274s][info ][safepoint     ] Total time for which application threads were stopped: 0.0003889 seconds, Stopping threads took: 0.0000506 seconds
[2023-11-16T03:02:19.513+0000][25107.275s][debug][safepoint     ] Safepoint synchronization initiated. (163 threads)
[2023-11-16T03:02:19.513+0000][25107.275s][info ][safepoint     ] Application time: 1.0001617 seconds
[2023-11-16T03:02:19.513+0000][25107.275s][info ][safepoint     ] Entering safepoint region: Cleanup
[2023-11-16T03:02:19.513+0000][25107.275s][info ][safepoint     ] Leaving safepoint region
[2023-11-16T03:02:19.513+0000][25107.275s][info ][safepoint     ] Total time for which application threads were stopped: 0.0003932 seconds, Stopping threads took: 0.0000512 seconds
[2023-11-16T03:02:20.513+0000][25108.275s][debug][safepoint     ] Safepoint synchronization initiated. (163 threads)
[2023-11-16T03:02:20.514+0000][25108.275s][info ][safepoint     ] Application time: 1.0001571 seconds
[2023-11-16T03:02:20.514+0000][25108.275s][info ][safepoint     ] Entering safepoint region: Cleanup
[2023-11-16T03:02:20.514+0000][25108.276s][info ][safepoint     ] Leaving safepoint region
[2023-11-16T03:02:20.514+0000][25108.276s][info ][safepoint     ] Total time for which application threads were stopped: 0.0003985 seconds, Stopping threads took: 0.0000509 seconds
[2023-11-16T03:02:21.514+0000][25109.276s][debug][safepoint     ] Safepoint synchronization initiated. (163 threads)
[2023-11-16T03:02:21.514+0000][25109.276s][info ][safepoint     ] Application time: 1.0001617 seconds
[2023-11-16T03:02:21.514+0000][25109.276s][info ][safepoint     ] Entering safepoint region: Cleanup
[2023-11-16T03:02:21.514+0000][25109.276s][info ][safepoint     ] Leaving safepoint region
[2023-11-16T03:02:21.515+0000][25109.276s][info ][safepoint     ] Total time for which application threads were stopped: 0.0004003 seconds, Stopping threads took: 0.0000505 seconds
[2023-11-16T03:02:22.515+0000][25110.276s][debug][safepoint     ] Safepoint synchronization initiated. (163 threads)
[2023-11-16T03:02:22.515+0000][25110.276s][info ][safepoint     ] Application time: 1.0001529 seconds
[2023-11-16T03:02:22.515+0000][25110.276s][info ][safepoint     ] Entering safepoint region: Cleanup
[2023-11-16T03:02:22.515+0000][25110.277s][info ][safepoint     ] Leaving safepoint region
[2023-11-16T03:02:22.515+0000][25110.277s][info ][safepoint     ] Total time for which application threads were stopped: 0.0003874 seconds, Stopping threads took: 0.0000484 seconds
[2023-11-16T03:02:23.515+0000][25111.277s][debug][safepoint     ] Safepoint synchronization initiated. (163 threads)
[2023-11-16T03:02:23.515+0000][25111.277s][info ][safepoint     ] Application time: 1.0001540 seconds
[2023-11-16T03:02:23.515+0000][25111.277s][info ][safepoint     ] Entering safepoint region: Cleanup
[2023-11-16T03:02:23.516+0000][25111.277s][info ][safepoint     ] Leaving safepoint region
[2023-11-16T03:02:23.516+0000][25111.277s][info ][safepoint     ] Total time for which application threads were stopped: 0.0003535 seconds, Stopping threads took: 0.0000490 seconds
[2023-11-16T03:02:24.516+0000][25112.277s][debug][safepoint     ] Safepoint synchronization initiated. (163 threads)
[2023-11-16T03:02:24.516+0000][25112.277s][info ][safepoint     ] Application time: 1.0001613 seconds
[2023-11-16T03:02:24.516+0000][25112.278s][info ][safepoint     ] Entering safepoint region: Cleanup
[2023-11-16T03:02:24.516+0000][25112.278s][info ][safepoint     ] Leaving safepoint region
[2023-11-16T03:02:24.516+0000][25112.278s][info ][safepoint     ] Total time for which application threads were stopped: 0.0002822 seconds, Stopping threads took: 0.0000492 seconds
[2023-11-16T03:02:25.516+0000][25113.278s][debug][safepoint     ] Safepoint synchronization initiated. (163 threads)
[2023-11-16T03:02:25.516+0000][25113.278s][info ][safepoint     ] Application time: 1.0001561 seconds
[2023-11-16T03:02:25.516+0000][25113.278s][info ][safepoint     ] Entering safepoint region: Cleanup
[2023-11-16T03:02:25.517+0000][25113.278s][info ][safepoint     ] Leaving safepoint region
[2023-11-16T03:02:25.517+0000][25113.278s][info ][safepoint     ] Total time for which application threads were stopped: 0.0003993 seconds, Stopping threads took: 0.0000500 seconds
[2023-11-16T03:02:26.517+0000][25114.278s][debug][safepoint     ] Safepoint synchronization initiated. (163 threads)
[2023-11-16T03:02:26.517+0000][25114.279s][info ][safepoint     ] Application time: 1.0001577 seconds
[2023-11-16T03:02:26.517+0000][25114.279s][info ][safepoint     ] Entering safepoint region: Cleanup
[2023-11-16T03:02:26.517+0000][25114.279s][info ][safepoint     ] Leaving safepoint region
[2023-11-16T03:02:26.517+0000][25114.279s][info ][safepoint     ] Total time for which application threads were stopped: 0.0005654 seconds, Stopping threads took: 0.0002536 seconds
[2023-11-16T03:02:27.518+0000][25115.279s][debug][safepoint     ] Safepoint synchronization initiated. (163 threads)
[2023-11-16T03:02:27.518+0000][25115.279s][info ][safepoint     ] Application time: 1.0001537 seconds
[2023-11-16T03:02:27.518+0000][25115.279s][info ][safepoint     ] Entering safepoint region: Cleanup
[2023-11-16T03:02:27.518+0000][25115.280s][info ][safepoint     ] Leaving safepoint region
[2023-11-16T03:02:27.518+0000][25115.280s][info ][safepoint     ] Total time for which application threads were stopped: 0.0003971 seconds, Stopping threads took: 0.0000498 seconds
[2023-11-16T03:02:28.518+0000][25116.280s][debug][safepoint     ] Safepoint synchronization initiated. (163 threads)
[2023-11-16T03:02:28.518+0000][25116.280s][info ][safepoint     ] Application time: 1.0001598 seconds
[2023-11-16T03:02:28.518+0000][25116.280s][info ][safepoint     ] Entering safepoint region: Cleanup
[2023-11-16T03:02:28.519+0000][25116.280s][info ][safepoint     ] Leaving safepoint region
[2023-11-16T03:02:28.519+0000][25116.280s][info ][safepoint     ] Total time for which application threads were stopped: 0.0003931 seconds, Stopping threads took: 0.0000508 seconds
[2023-11-16T03:02:29.519+0000][25117.280s][debug][safepoint     ] Safepoint synchronization initiated. (163 threads)
[2023-11-16T03:02:29.519+0000][25117.280s][info ][safepoint     ] Application time: 1.0001524 seconds
[2023-11-16T03:02:29.519+0000][25117.281s][info ][safepoint     ] Entering safepoint region: Cleanup
[2023-11-16T03:02:29.519+0000][25117.281s][info ][safepoint     ] Leaving safepoint region
[2023-11-16T03:02:29.519+0000][25117.281s][info ][safepoint     ] Total time for which application threads were stopped: 0.0003901 seconds, Stopping threads took: 0.0000498 seconds
[2023-11-16T03:02:30.519+0000][25118.281s][debug][safepoint     ] Safepoint synchronization initiated. (163 threads)
[2023-11-16T03:02:30.519+0000][25118.281s][info ][safepoint     ] Application time: 1.0001863 seconds
[2023-11-16T03:02:30.520+0000][25118.281s][info ][safepoint     ] Entering safepoint region: Cleanup
[2023-11-16T03:02:30.520+0000][25118.281s][info ][safepoint     ] Leaving safepoint region
[2023-11-16T03:02:30.520+0000][25118.281s][info ][safepoint     ] Total time for which application threads were stopped: 0.0003468 seconds, Stopping threads took: 0.0001055 seconds
[2023-11-16T03:02:31.520+0000][25119.282s][debug][safepoint     ] Safepoint synchronization initiated. (163 threads)
[2023-11-16T03:02:31.520+0000][25119.282s][info ][safepoint     ] Application time: 1.0001658 seconds
[2023-11-16T03:02:31.520+0000][25119.282s][info ][safepoint     ] Entering safepoint region: Cleanup
[2023-11-16T03:02:31.520+0000][25119.282s][info ][safepoint     ] Leaving safepoint region
[2023-11-16T03:02:31.520+0000][25119.282s][info ][safepoint     ] Total time for which application threads were stopped: 0.0004775 seconds, Stopping threads took: 0.0002446 seconds
[2023-11-16T03:02:32.521+0000][25120.282s][debug][safepoint     ] Safepoint synchronization initiated. (163 threads)
[2023-11-16T03:02:32.521+0000][25120.282s][info ][safepoint     ] Application time: 1.0001572 seconds
[2023-11-16T03:02:32.521+0000][25120.282s][info ][safepoint     ] Entering safepoint region: Cleanup
[2023-11-16T03:02:32.521+0000][25120.283s][info ][safepoint     ] Leaving safepoint region
[2023-11-16T03:02:32.521+0000][25120.283s][info ][safepoint     ] Total time for which application threads were stopped: 0.0003990 seconds, Stopping threads took: 0.0000510 seconds
[2023-11-16T03:02:33.521+0000][25121.283s][debug][safepoint     ] Safepoint synchronization initiated. (162 threads)
[2023-11-16T03:02:33.521+0000][25121.283s][info ][safepoint     ] Application time: 1.0001600 seconds
[2023-11-16T03:02:33.521+0000][25121.283s][info ][safepoint     ] Entering safepoint region: Cleanup
[2023-11-16T03:02:33.522+0000][25121.283s][info ][safepoint     ] Leaving safepoint region
[2023-11-16T03:02:33.522+0000][25121.283s][info ][safepoint     ] Total time for which application threads were stopped: 0.0004105 seconds, Stopping threads took: 0.0000519 seconds
[2023-11-16T03:04:33.532+0000][25241.294s][debug][safepoint     ] Safepoint synchronization initiated. (165 threads)
[2023-11-16T03:04:33.532+0000][25241.294s][info ][safepoint     ] Application time: 120.0103137 seconds
[2023-11-16T03:04:33.532+0000][25241.294s][info ][safepoint     ] Entering safepoint region: Cleanup
[2023-11-16T03:04:33.532+0000][25241.294s][info ][safepoint     ] Leaving safepoint region
[2023-11-16T03:04:33.532+0000][25241.294s][info ][safepoint     ] Total time for which application threads were stopped: 0.0002639 seconds, Stopping threads took: 0.0000530 seconds
[2023-11-16T03:05:33.537+0000][25301.299s][debug][safepoint     ] Safepoint synchronization initiated. (164 threads)
[2023-11-16T03:05:33.538+0000][25301.299s][info ][safepoint     ] Application time: 60.0052140 seconds
[2023-11-16T03:05:33.538+0000][25301.299s][info ][safepoint     ] Entering safepoint region: Cleanup
[2023-11-16T03:05:33.538+0000][25301.299s][info ][safepoint     ] Leaving safepoint region
[2023-11-16T03:05:33.538+0000][25301.299s][info ][safepoint     ] Total time for which application threads were stopped: 0.0001503 seconds, Stopping threads took: 0.0000334 seconds
[2023-11-16T03:05:34.538+0000][25302.299s][debug][safepoint     ] Safepoint synchronization initiated. (164 threads)
[2023-11-16T03:05:34.538+0000][25302.299s][info ][safepoint     ] Application time: 1.0001073 seconds
[2023-11-16T03:05:34.538+0000][25302.299s][info ][safepoint     ] Entering safepoint region: Cleanup
[2023-11-16T03:05:34.538+0000][25302.300s][info ][safepoint     ] Leaving safepoint region
[2023-11-16T03:05:34.538+0000][25302.300s][info ][safepoint     ] Total time for which application threads were stopped: 0.0001694 seconds, Stopping threads took: 0.0000325 seconds
[2023-11-16T03:05:35.538+0000][25303.300s][debug][safepoint     ] Safepoint synchronization initiated. (164 threads)
[2023-11-16T03:05:35.538+0000][25303.300s][info ][safepoint     ] Application time: 1.0001054 seconds
[2023-11-16T03:05:35.538+0000][25303.300s][info ][safepoint     ] Entering safepoint region: Cleanup
[2023-11-16T03:05:35.538+0000][25303.300s][info ][safepoint     ] Leaving safepoint region
[2023-11-16T03:05:35.538+0000][25303.300s][info ][safepoint     ] Total time for which application threads were stopped: 0.0001832 seconds, Stopping threads took: 0.0000472 seconds
[2023-11-16T03:05:36.538+0000][25304.300s][debug][safepoint     ] Safepoint synchronization initiated. (164 threads)
[2023-11-16T03:05:36.538+0000][25304.300s][info ][safepoint     ] Application time: 1.0001012 seconds
[2023-11-16T03:05:36.538+0000][25304.300s][info ][safepoint     ] Entering safepoint region: Cleanup
[2023-11-16T03:05:36.539+0000][25304.300s][info ][safepoint     ] Leaving safepoint region
[2023-11-16T03:05:36.539+0000][25304.300s][info ][safepoint     ] Total time for which application threads were stopped: 0.0001614 seconds, Stopping threads took: 0.0000337 seconds
[2023-11-16T03:05:37.539+0000][25305.300s][debug][safepoint     ] Safepoint synchronization initiated. (164 threads)
[2023-11-16T03:05:37.539+0000][25305.300s][info ][safepoint     ] Application time: 1.0001339 seconds
[2023-11-16T03:05:37.539+0000][25305.300s][info ][safepoint     ] Entering safepoint region: Cleanup
[2023-11-16T03:05:37.539+0000][25305.301s][info ][safepoint     ] Leaving safepoint region
[2023-11-16T03:05:37.539+0000][25305.301s][info ][safepoint     ] Total time for which application threads were stopped: 0.0002203 seconds, Stopping threads took: 0.0000376 seconds
[2023-11-16T03:05:38.539+0000][25306.301s][debug][safepoint     ] Safepoint synchronization initiated. (164 threads)
[2023-11-16T03:05:38.539+0000][25306.301s][info ][safepoint     ] Application time: 1.0001370 seconds
[2023-11-16T03:05:38.539+0000][25306.301s][info ][safepoint     ] Entering safepoint region: Cleanup
[2023-11-16T03:05:38.539+0000][25306.301s][info ][safepoint     ] Leaving safepoint region
[2023-11-16T03:05:38.539+0000][25306.301s][info ][safepoint     ] Total time for which application threads were stopped: 0.0002043 seconds, Stopping threads took: 0.0000335 seconds
[2023-11-16T03:05:39.539+0000][25307.301s][debug][safepoint     ] Safepoint synchronization initiated. (164 threads)
[2023-11-16T03:05:39.539+0000][25307.301s][info ][safepoint     ] Application time: 1.0001193 seconds
[2023-11-16T03:05:39.539+0000][25307.301s][info ][safepoint     ] Entering safepoint region: Cleanup
[2023-11-16T03:05:39.540+0000][25307.301s][info ][safepoint     ] Leaving safepoint region
[2023-11-16T03:05:39.540+0000][25307.301s][info ][safepoint     ] Total time for which application threads were stopped: 0.0002076 seconds, Stopping threads took: 0.0000548 seconds
[2023-11-16T03:05:40.540+0000][25308.301s][debug][safepoint     ] Safepoint synchronization initiated. (164 threads)
[2023-11-16T03:05:40.540+0000][25308.301s][info ][safepoint     ] Application time: 1.0001156 seconds
[2023-11-16T03:05:40.540+0000][25308.301s][info ][safepoint     ] Entering safepoint region: Cleanup
[2023-11-16T03:05:40.540+0000][25308.302s][info ][safepoint     ] Leaving safepoint region
[2023-11-16T03:05:40.540+0000][25308.302s][info ][safepoint     ] Total time for which application threads were stopped: 0.0002070 seconds, Stopping threads took: 0.0000333 seconds
[2023-11-16T03:05:41.540+0000][25309.302s][debug][safepoint     ] Safepoint synchronization initiated. (164 threads)
[2023-11-16T03:05:41.540+0000][25309.302s][info ][safepoint     ] Application time: 1.0001173 seconds
[2023-11-16T03:05:41.540+0000][25309.302s][info ][safepoint     ] Entering safepoint region: Cleanup
[2023-11-16T03:05:41.540+0000][25309.302s][info ][safepoint     ] Leaving safepoint region
[2023-11-16T03:05:41.540+0000][25309.302s][info ][safepoint     ] Total time for which application threads were stopped: 0.0001735 seconds, Stopping threads took: 0.0000316 seconds
[2023-11-16T03:05:42.540+0000][25310.302s][debug][safepoint     ] Safepoint synchronization initiated. (164 threads)
[2023-11-16T03:05:42.540+0000][25310.302s][info ][safepoint     ] Application time: 1.0001304 seconds
[2023-11-16T03:05:42.541+0000][25310.302s][info ][safepoint     ] Entering safepoint region: Cleanup
[2023-11-16T03:05:42.541+0000][25310.302s][info ][safepoint     ] Leaving safepoint region
[2023-11-16T03:05:42.541+0000][25310.302s][info ][safepoint     ] Total time for which application threads were stopped: 0.0001842 seconds, Stopping threads took: 0.0000353 seconds
[2023-11-16T03:05:43.541+0000][25311.302s][debug][safepoint     ] Safepoint synchronization initiated. (164 threads)
[2023-11-16T03:05:43.541+0000][25311.302s][info ][safepoint     ] Application time: 1.0001200 seconds
[2023-11-16T03:05:43.541+0000][25311.302s][info ][safepoint     ] Entering safepoint region: Cleanup
[2023-11-16T03:05:43.541+0000][25311.303s][info ][safepoint     ] Leaving safepoint region
[2023-11-16T03:05:43.541+0000][25311.303s][info ][safepoint     ] Total time for which application threads were stopped: 0.0001720 seconds, Stopping threads took: 0.0000310 seconds
[2023-11-16T03:05:44.541+0000][25312.303s][debug][safepoint     ] Safepoint synchronization initiated. (164 threads)
[2023-11-16T03:05:44.541+0000][25312.303s][info ][safepoint     ] Application time: 1.0001167 seconds
[2023-11-16T03:05:44.541+0000][25312.303s][info ][safepoint     ] Entering safepoint region: Cleanup
[2023-11-16T03:05:44.541+0000][25312.303s][info ][safepoint     ] Leaving safepoint region
[2023-11-16T03:05:44.541+0000][25312.303s][info ][safepoint     ] Total time for which application threads were stopped: 0.0001708 seconds, Stopping threads took: 0.0000322 seconds
[2023-11-16T03:05:45.541+0000][25313.303s][debug][safepoint     ] Safepoint synchronization initiated. (164 threads)
[2023-11-16T03:05:45.541+0000][25313.303s][info ][safepoint     ] Application time: 1.0001074 seconds
[2023-11-16T03:05:45.541+0000][25313.303s][info ][safepoint     ] Entering safepoint region: Cleanup
[2023-11-16T03:05:45.542+0000][25313.303s][info ][safepoint     ] Leaving safepoint region
[2023-11-16T03:05:45.542+0000][25313.303s][info ][safepoint     ] Total time for which application threads were stopped: 0.0001598 seconds, Stopping threads took: 0.0000365 seconds
[2023-11-16T03:05:46.542+0000][25314.303s][debug][safepoint     ] Safepoint synchronization initiated. (164 threads)
[2023-11-16T03:05:46.542+0000][25314.303s][info ][safepoint     ] Application time: 1.0001203 seconds
[2023-11-16T03:05:46.542+0000][25314.303s][info ][safepoint     ] Entering safepoint region: Cleanup
[2023-11-16T03:05:46.542+0000][25314.304s][info ][safepoint     ] Leaving safepoint region
[2023-11-16T03:05:46.542+0000][25314.304s][info ][safepoint     ] Total time for which application threads were stopped: 0.0001698 seconds, Stopping threads took: 0.0000364 seconds
[2023-11-16T03:05:47.542+0000][25315.304s][debug][safepoint     ] Safepoint synchronization initiated. (164 threads)
[2023-11-16T03:05:47.542+0000][25315.304s][info ][safepoint     ] Application time: 1.0001357 seconds
[2023-11-16T03:05:47.542+0000][25315.304s][info ][safepoint     ] Entering safepoint region: Cleanup
[2023-11-16T03:05:47.542+0000][25315.304s][info ][safepoint     ] Leaving safepoint region
[2023-11-16T03:05:47.542+0000][25315.304s][info ][safepoint     ] Total time for which application threads were stopped: 0.0002052 seconds, Stopping threads took: 0.0000447 seconds
[2023-11-16T03:05:48.542+0000][25316.304s][debug][safepoint     ] Safepoint synchronization initiated. (164 threads)
[2023-11-16T03:05:48.542+0000][25316.304s][info ][safepoint     ] Application time: 1.0001259 seconds
[2023-11-16T03:05:48.542+0000][25316.304s][info ][safepoint     ] Entering safepoint region: Cleanup
[2023-11-16T03:05:48.543+0000][25316.304s][info ][safepoint     ] Leaving safepoint region
[2023-11-16T03:05:48.543+0000][25316.304s][info ][safepoint     ] Total time for which application threads were stopped: 0.0002058 seconds, Stopping threads took: 0.0000369 seconds
[2023-11-16T03:05:49.543+0000][25317.304s][debug][safepoint     ] Safepoint synchronization initiated. (164 threads)
[2023-11-16T03:05:49.543+0000][25317.304s][info ][safepoint     ] Application time: 1.0001392 seconds
[2023-11-16T03:05:49.543+0000][25317.304s][info ][safepoint     ] Entering safepoint region: Cleanup
[2023-11-16T03:05:49.543+0000][25317.305s][info ][safepoint     ] Leaving safepoint region
[2023-11-16T03:05:49.543+0000][25317.305s][info ][safepoint     ] Total time for which application threads were stopped: 0.0001919 seconds, Stopping threads took: 0.0000376 seconds
[2023-11-16T03:05:50.543+0000][25318.305s][debug][safepoint     ] Safepoint synchronization initiated. (164 threads)
[2023-11-16T03:05:50.543+0000][25318.305s][info ][safepoint     ] Application time: 1.0001070 seconds
[2023-11-16T03:05:50.543+0000][25318.305s][info ][safepoint     ] Entering safepoint region: Cleanup
[2023-11-16T03:05:50.543+0000][25318.305s][info ][safepoint     ] Leaving safepoint region
[2023-11-16T03:05:50.543+0000][25318.305s][info ][safepoint     ] Total time for which application threads were stopped: 0.0001815 seconds, Stopping threads took: 0.0000339 seconds
[2023-11-16T03:05:51.543+0000][25319.305s][debug][safepoint     ] Safepoint synchronization initiated. (164 threads)
[2023-11-16T03:05:51.543+0000][25319.305s][info ][safepoint     ] Application time: 1.0001243 seconds
[2023-11-16T03:05:51.543+0000][25319.305s][info ][safepoint     ] Entering safepoint region: Cleanup
[2023-11-16T03:05:51.544+0000][25319.305s][info ][safepoint     ] Leaving safepoint region
[2023-11-16T03:05:51.544+0000][25319.305s][info ][safepoint     ] Total time for which application threads were stopped: 0.0001771 seconds, Stopping threads took: 0.0000485 seconds
[2023-11-16T03:05:52.544+0000][25320.305s][debug][safepoint     ] Safepoint synchronization initiated. (164 threads)
[2023-11-16T03:05:52.544+0000][25320.305s][info ][safepoint     ] Application time: 1.0001442 seconds
[2023-11-16T03:05:52.544+0000][25320.305s][info ][safepoint     ] Entering safepoint region: Cleanup
[2023-11-16T03:05:52.544+0000][25320.306s][info ][safepoint     ] Leaving safepoint region
[2023-11-16T03:05:52.544+0000][25320.306s][info ][safepoint     ] Total time for which application threads were stopped: 0.0002861 seconds, Stopping threads took: 0.0000463 seconds
[2023-11-16T03:05:53.544+0000][25321.306s][debug][safepoint     ] Safepoint synchronization initiated. (164 threads)
[2023-11-16T03:05:53.544+0000][25321.306s][info ][safepoint     ] Application time: 1.0001577 seconds
[2023-11-16T03:05:53.544+0000][25321.306s][info ][safepoint     ] Entering safepoint region: Cleanup
[2023-11-16T03:05:53.545+0000][25321.306s][info ][safepoint     ] Leaving safepoint region
[2023-11-16T03:05:53.545+0000][25321.306s][info ][safepoint     ] Total time for which application threads were stopped: 0.0003435 seconds, Stopping threads took: 0.0000493 seconds
[2023-11-16T03:05:54.545+0000][25322.306s][debug][safepoint     ] Safepoint synchronization initiated. (164 threads)
[2023-11-16T03:05:54.545+0000][25322.306s][info ][safepoint     ] Application time: 1.0001659 seconds
[2023-11-16T03:05:54.545+0000][25322.306s][info ][safepoint     ] Entering safepoint region: Cleanup
[2023-11-16T03:05:54.545+0000][25322.307s][info ][safepoint     ] Leaving safepoint region
[2023-11-16T03:05:54.545+0000][25322.307s][info ][safepoint     ] Total time for which application threads were stopped: 0.0003393 seconds, Stopping threads took: 0.0000499 seconds
[2023-11-16T03:05:55.545+0000][25323.307s][debug][safepoint     ] Safepoint synchronization initiated. (164 threads)
[2023-11-16T03:05:55.545+0000][25323.307s][info ][safepoint     ] Application time: 1.0001582 seconds
[2023-11-16T03:05:55.545+0000][25323.307s][info ][safepoint     ] Entering safepoint region: Cleanup
[2023-11-16T03:05:55.546+0000][25323.307s][info ][safepoint     ] Leaving safepoint region
[2023-11-16T03:05:55.546+0000][25323.307s][info ][safepoint     ] Total time for which application threads were stopped: 0.0003463 seconds, Stopping threads took: 0.0000499 seconds
[2023-11-16T03:05:56.546+0000][25324.307s][debug][safepoint     ] Safepoint synchronization initiated. (164 threads)
[2023-11-16T03:05:56.546+0000][25324.308s][info ][safepoint     ] Application time: 1.0001888 seconds
[2023-11-16T03:05:56.546+0000][25324.308s][info ][safepoint     ] Entering safepoint region: Cleanup
[2023-11-16T03:05:56.546+0000][25324.308s][info ][safepoint     ] Leaving safepoint region
[2023-11-16T03:05:56.546+0000][25324.308s][info ][safepoint     ] Total time for which application threads were stopped: 0.0003357 seconds, Stopping threads took: 0.0000493 seconds
[2023-11-16T03:05:57.546+0000][25325.308s][debug][safepoint     ] Safepoint synchronization initiated. (164 threads)
[2023-11-16T03:05:57.546+0000][25325.308s][info ][safepoint     ] Application time: 1.0001573 seconds
[2023-11-16T03:05:57.546+0000][25325.308s][info ][safepoint     ] Entering safepoint region: Cleanup
[2023-11-16T03:05:57.547+0000][25325.308s][info ][safepoint     ] Leaving safepoint region
[2023-11-16T03:05:57.547+0000][25325.308s][info ][safepoint     ] Total time for which application threads were stopped: 0.0003373 seconds, Stopping threads took: 0.0000488 seconds
[2023-11-16T03:05:58.547+0000][25326.309s][debug][safepoint     ] Safepoint synchronization initiated. (164 threads)
[2023-11-16T03:05:58.547+0000][25326.309s][info ][safepoint     ] Application time: 1.0001713 seconds
[2023-11-16T03:05:58.547+0000][25326.309s][info ][safepoint     ] Entering safepoint region: Cleanup
[2023-11-16T03:05:58.547+0000][25326.309s][info ][safepoint     ] Leaving safepoint region
[2023-11-16T03:05:58.547+0000][25326.309s][info ][safepoint     ] Total time for which application threads were stopped: 0.0002977 seconds, Stopping threads took: 0.0000495 seconds
[2023-11-16T03:05:59.547+0000][25327.309s][debug][safepoint     ] Safepoint synchronization initiated. (164 threads)
[2023-11-16T03:05:59.547+0000][25327.309s][info ][safepoint     ] Application time: 1.0001162 seconds
[2023-11-16T03:05:59.547+0000][25327.309s][info ][safepoint     ] Entering safepoint region: Cleanup
[2023-11-16T03:05:59.548+0000][25327.309s][info ][safepoint     ] Leaving safepoint region
[2023-11-16T03:05:59.548+0000][25327.309s][info ][safepoint     ] Total time for which application threads were stopped: 0.0001777 seconds, Stopping threads took: 0.0000417 seconds
[2023-11-16T03:06:00.548+0000][25328.309s][debug][safepoint     ] Safepoint synchronization initiated. (164 threads)
[2023-11-16T03:06:00.548+0000][25328.309s][info ][safepoint     ] Application time: 1.0001493 seconds
[2023-11-16T03:06:00.548+0000][25328.309s][info ][safepoint     ] Entering safepoint region: Cleanup
[2023-11-16T03:06:00.548+0000][25328.310s][info ][safepoint     ] Leaving safepoint region
[2023-11-16T03:06:00.548+0000][25328.310s][info ][safepoint     ] Total time for which application threads were stopped: 0.0002399 seconds, Stopping threads took: 0.0000485 seconds
[2023-11-16T03:06:01.548+0000][25329.310s][debug][safepoint     ] Safepoint synchronization initiated. (164 threads)
[2023-11-16T03:06:01.548+0000][25329.310s][info ][safepoint     ] Application time: 1.0002030 seconds
[2023-11-16T03:06:01.548+0000][25329.310s][info ][safepoint     ] Entering safepoint region: Cleanup
[2023-11-16T03:06:01.548+0000][25329.310s][info ][safepoint     ] Leaving safepoint region
[2023-11-16T03:06:01.548+0000][25329.310s][info ][safepoint     ] Total time for which application threads were stopped: 0.0002569 seconds, Stopping threads took: 0.0000567 seconds
[2023-11-16T03:06:02.549+0000][25330.310s][debug][safepoint     ] Safepoint synchronization initiated. (164 threads)
[2023-11-16T03:06:02.549+0000][25330.310s][info ][safepoint     ] Application time: 1.0001629 seconds
[2023-11-16T03:06:02.549+0000][25330.310s][info ][safepoint     ] Entering safepoint region: Cleanup
[2023-11-16T03:06:02.549+0000][25330.311s][info ][safepoint     ] Leaving safepoint region
[2023-11-16T03:06:02.549+0000][25330.311s][info ][safepoint     ] Total time for which application threads were stopped: 0.0003196 seconds, Stopping threads took: 0.0000489 seconds
[2023-11-16T03:06:03.549+0000][25331.311s][debug][safepoint     ] Safepoint synchronization initiated. (164 threads)
[2023-11-16T03:06:03.551+0000][25331.312s][info ][safepoint     ] Application time: 1.0015202 seconds
[2023-11-16T03:06:03.551+0000][25331.312s][info ][safepoint     ] Entering safepoint region: Cleanup
[2023-11-16T03:06:03.551+0000][25331.313s][info ][safepoint     ] Leaving safepoint region
[2023-11-16T03:06:03.551+0000][25331.313s][info ][safepoint     ] Total time for which application threads were stopped: 0.0003227 seconds, Stopping threads took: 0.0000568 seconds
[2023-11-16T03:06:04.551+0000][25332.313s][debug][safepoint     ] Safepoint synchronization initiated. (164 threads)
[2023-11-16T03:06:04.551+0000][25332.313s][info ][safepoint     ] Application time: 1.0001850 seconds
[2023-11-16T03:06:04.551+0000][25332.313s][info ][safepoint     ] Entering safepoint region: Cleanup
[2023-11-16T03:06:04.551+0000][25332.313s][info ][safepoint     ] Leaving safepoint region
[2023-11-16T03:06:04.551+0000][25332.313s][info ][safepoint     ] Total time for which application threads were stopped: 0.0002865 seconds, Stopping threads took: 0.0000500 seconds
[2023-11-16T03:06:05.552+0000][25333.313s][debug][safepoint     ] Safepoint synchronization initiated. (164 threads)
[2023-11-16T03:06:05.552+0000][25333.313s][info ][safepoint     ] Application time: 1.0001329 seconds
[2023-11-16T03:06:05.552+0000][25333.313s][info ][safepoint     ] Entering safepoint region: Cleanup
[2023-11-16T03:06:05.552+0000][25333.314s][info ][safepoint     ] Leaving safepoint region
[2023-11-16T03:06:05.552+0000][25333.314s][info ][safepoint     ] Total time for which application threads were stopped: 0.0003384 seconds, Stopping threads took: 0.0000501 seconds
[2023-11-16T03:06:06.552+0000][25334.314s][debug][safepoint     ] Safepoint synchronization initiated. (164 threads)
[2023-11-16T03:06:06.552+0000][25334.314s][info ][safepoint     ] Application time: 1.0001650 seconds
[2023-11-16T03:06:06.552+0000][25334.314s][info ][safepoint     ] Entering safepoint region: Cleanup
[2023-11-16T03:06:06.552+0000][25334.314s][info ][safepoint     ] Leaving safepoint region
[2023-11-16T03:06:06.552+0000][25334.314s][info ][safepoint     ] Total time for which application threads were stopped: 0.0003377 seconds, Stopping threads took: 0.0000490 seconds
[2023-11-16T03:06:07.553+0000][25335.314s][debug][safepoint     ] Safepoint synchronization initiated. (164 threads)
[2023-11-16T03:06:07.553+0000][25335.314s][info ][safepoint     ] Application time: 1.0001318 seconds
[2023-11-16T03:06:07.553+0000][25335.314s][info ][safepoint     ] Entering safepoint region: Cleanup
[2023-11-16T03:06:07.553+0000][25335.314s][info ][safepoint     ] Leaving safepoint region
[2023-11-16T03:06:07.553+0000][25335.314s][info ][safepoint     ] Total time for which application threads were stopped: 0.0002074 seconds, Stopping threads took: 0.0000426 seconds
[2023-11-16T03:06:08.553+0000][25336.315s][debug][safepoint     ] Safepoint synchronization initiated. (164 threads)
[2023-11-16T03:06:08.553+0000][25336.315s][info ][safepoint     ] Application time: 1.0002112 seconds
[2023-11-16T03:06:08.553+0000][25336.315s][info ][safepoint     ] Entering safepoint region: Cleanup
[2023-11-16T03:06:08.553+0000][25336.315s][info ][safepoint     ] Leaving safepoint region
[2023-11-16T03:06:08.553+0000][25336.315s][info ][safepoint     ] Total time for which application threads were stopped: 0.0002776 seconds, Stopping threads took: 0.0000562 seconds
[2023-11-16T03:06:09.553+0000][25337.315s][debug][safepoint     ] Safepoint synchronization initiated. (164 threads)
[2023-11-16T03:06:09.554+0000][25337.315s][info ][safepoint     ] Application time: 1.0001710 seconds
[2023-11-16T03:06:09.554+0000][25337.315s][info ][safepoint     ] Entering safepoint region: Cleanup
[2023-11-16T03:06:09.554+0000][25337.315s][info ][safepoint     ] Leaving safepoint region
[2023-11-16T03:06:09.554+0000][25337.315s][info ][safepoint     ] Total time for which application threads were stopped: 0.0002591 seconds, Stopping threads took: 0.0000497 seconds
[2023-11-16T03:06:10.554+0000][25338.316s][debug][safepoint     ] Safepoint synchronization initiated. (164 threads)
[2023-11-16T03:06:10.554+0000][25338.316s][info ][safepoint     ] Application time: 1.0001795 seconds
[2023-11-16T03:06:10.554+0000][25338.316s][info ][safepoint     ] Entering safepoint region: Cleanup
[2023-11-16T03:06:10.554+0000][25338.316s][info ][safepoint     ] Leaving safepoint region
[2023-11-16T03:06:10.554+0000][25338.316s][info ][safepoint     ] Total time for which application threads were stopped: 0.0003445 seconds, Stopping threads took: 0.0000500 seconds
[2023-11-16T03:06:11.554+0000][25339.316s][debug][safepoint     ] Safepoint synchronization initiated. (164 threads)
[2023-11-16T03:06:11.555+0000][25339.316s][info ][safepoint     ] Application time: 1.0001521 seconds
[2023-11-16T03:06:11.555+0000][25339.316s][info ][safepoint     ] Entering safepoint region: Cleanup
[2023-11-16T03:06:11.555+0000][25339.316s][info ][safepoint     ] Leaving safepoint region
[2023-11-16T03:06:11.555+0000][25339.316s][info ][safepoint     ] Total time for which application threads were stopped: 0.0002393 seconds, Stopping threads took: 0.0000496 seconds
[2023-11-16T03:06:12.555+0000][25340.317s][debug][safepoint     ] Safepoint synchronization initiated. (164 threads)
[2023-11-16T03:06:12.555+0000][25340.317s][info ][safepoint     ] Application time: 1.0001603 seconds
[2023-11-16T03:06:12.555+0000][25340.317s][info ][safepoint     ] Entering safepoint region: Cleanup
[2023-11-16T03:06:12.555+0000][25340.317s][info ][safepoint     ] Leaving safepoint region
[2023-11-16T03:06:12.555+0000][25340.317s][info ][safepoint     ] Total time for which application threads were stopped: 0.0002493 seconds, Stopping threads took: 0.0000522 seconds
[2023-11-16T03:06:13.555+0000][25341.317s][debug][safepoint     ] Safepoint synchronization initiated. (164 threads)
[2023-11-16T03:06:13.555+0000][25341.317s][info ][safepoint     ] Application time: 1.0001622 seconds
[2023-11-16T03:06:13.555+0000][25341.317s][info ][safepoint     ] Entering safepoint region: Cleanup
[2023-11-16T03:06:13.556+0000][25341.318s][info ][safepoint     ] Leaving safepoint region
[2023-11-16T03:06:13.556+0000][25341.318s][info ][safepoint     ] Total time for which application threads were stopped: 0.0008559 seconds, Stopping threads took: 0.0005164 seconds
[2023-11-16T03:06:14.556+0000][25342.318s][debug][safepoint     ] Safepoint synchronization initiated. (164 threads)
[2023-11-16T03:06:14.556+0000][25342.318s][info ][safepoint     ] Application time: 1.0001529 seconds
[2023-11-16T03:06:14.557+0000][25342.318s][info ][safepoint     ] Entering safepoint region: Cleanup
[2023-11-16T03:06:14.557+0000][25342.318s][info ][safepoint     ] Leaving safepoint region
[2023-11-16T03:06:14.557+0000][25342.318s][info ][safepoint     ] Total time for which application threads were stopped: 0.0003437 seconds, Stopping threads took: 0.0000505 seconds
[2023-11-16T03:06:15.557+0000][25343.319s][debug][safepoint     ] Safepoint synchronization initiated. (164 threads)
[2023-11-16T03:06:15.557+0000][25343.319s][info ][safepoint     ] Application time: 1.0001764 seconds
[2023-11-16T03:06:15.557+0000][25343.319s][info ][safepoint     ] Entering safepoint region: Cleanup
[2023-11-16T03:06:15.557+0000][25343.319s][info ][safepoint     ] Leaving safepoint region
[2023-11-16T03:06:15.557+0000][25343.319s][info ][safepoint     ] Total time for which application threads were stopped: 0.0002882 seconds, Stopping threads took: 0.0000523 seconds
[2023-11-16T03:06:16.557+0000][25344.319s][debug][safepoint     ] Safepoint synchronization initiated. (164 threads)
[2023-11-16T03:06:16.557+0000][25344.319s][info ][safepoint     ] Application time: 1.0001411 seconds
[2023-11-16T03:06:16.558+0000][25344.319s][info ][safepoint     ] Entering safepoint region: Cleanup
[2023-11-16T03:06:16.558+0000][25344.319s][info ][safepoint     ] Leaving safepoint region
[2023-11-16T03:06:16.558+0000][25344.319s][info ][safepoint     ] Total time for which application threads were stopped: 0.0003437 seconds, Stopping threads took: 0.0000510 seconds
[2023-11-16T03:06:17.558+0000][25345.320s][debug][safepoint     ] Safepoint synchronization initiated. (164 threads)
[2023-11-16T03:06:17.558+0000][25345.320s][info ][safepoint     ] Application time: 1.0001783 seconds
[2023-11-16T03:06:17.558+0000][25345.320s][debug][safepoint     ] ... found polling page return exception at pc = 0x00007f69307fc114, stub =0x00007f692883a800
[2023-11-16T03:06:17.558+0000][25345.320s][debug][safepoint     ] Waiting for 2 thread(s) to block
[2023-11-16T03:06:17.558+0000][25345.320s][info ][safepoint     ] Entering safepoint region: Cleanup
[2023-11-16T03:06:17.559+0000][25345.320s][info ][safepoint     ] Leaving safepoint region
[2023-11-16T03:06:17.559+0000][25345.320s][info ][safepoint     ] Total time for which application threads were stopped: 0.0005606 seconds, Stopping threads took: 0.0002665 seconds
[2023-11-16T03:06:18.559+0000][25346.320s][debug][safepoint     ] Safepoint synchronization initiated. (164 threads)
[2023-11-16T03:06:18.559+0000][25346.320s][info ][safepoint     ] Application time: 1.0001624 seconds
[2023-11-16T03:06:18.559+0000][25346.321s][debug][safepoint     ] ... found polling page return exception at pc = 0x00007f693101907b, stub =0x00007f692883a800
[2023-11-16T03:06:18.559+0000][25346.321s][debug][safepoint     ] Waiting for 1 thread(s) to block
[2023-11-16T03:06:18.559+0000][25346.321s][info ][safepoint     ] Entering safepoint region: Cleanup
[2023-11-16T03:06:18.559+0000][25346.321s][info ][safepoint     ] Leaving safepoint region
[2023-11-16T03:06:18.559+0000][25346.321s][info ][safepoint     ] Total time for which application threads were stopped: 0.0004727 seconds, Stopping threads took: 0.0002320 seconds
[2023-11-16T03:06:19.559+0000][25347.321s][debug][safepoint     ] Safepoint synchronization initiated. (164 threads)
[2023-11-16T03:06:19.560+0000][25347.321s][info ][safepoint     ] Application time: 1.0001796 seconds
[2023-11-16T03:06:19.560+0000][25347.321s][info ][safepoint     ] Entering safepoint region: Cleanup
[2023-11-16T03:06:19.560+0000][25347.321s][info ][safepoint     ] Leaving safepoint region
[2023-11-16T03:06:19.560+0000][25347.322s][info ][safepoint     ] Total time for which application threads were stopped: 0.0003330 seconds, Stopping threads took: 0.0000502 seconds
[2023-11-16T03:06:20.560+0000][25348.322s][debug][safepoint     ] Safepoint synchronization initiated. (164 threads)
[2023-11-16T03:06:20.560+0000][25348.322s][info ][safepoint     ] Application time: 1.0001565 seconds
[2023-11-16T03:06:20.560+0000][25348.322s][info ][safepoint     ] Entering safepoint region: Cleanup
[2023-11-16T03:06:20.561+0000][25348.322s][info ][safepoint     ] Leaving safepoint region
[2023-11-16T03:06:20.561+0000][25348.322s][info ][safepoint     ] Total time for which application threads were stopped: 0.0006433 seconds, Stopping threads took: 0.0003937 seconds
[2023-11-16T03:06:21.561+0000][25349.322s][debug][safepoint     ] Safepoint synchronization initiated. (164 threads)
[2023-11-16T03:06:21.561+0000][25349.323s][info ][safepoint     ] Application time: 1.0001762 seconds
[2023-11-16T03:06:21.561+0000][25349.323s][info ][safepoint     ] Entering safepoint region: Cleanup
[2023-11-16T03:06:21.561+0000][25349.323s][info ][safepoint     ] Leaving safepoint region
[2023-11-16T03:06:21.561+0000][25349.323s][info ][safepoint     ] Total time for which application threads were stopped: 0.0002579 seconds, Stopping threads took: 0.0000496 seconds
[2023-11-16T03:06:22.561+0000][25350.323s][debug][safepoint     ] Safepoint synchronization initiated. (164 threads)
[2023-11-16T03:06:22.561+0000][25350.323s][info ][safepoint     ] Application time: 1.0001567 seconds
[2023-11-16T03:06:22.561+0000][25350.323s][info ][safepoint     ] Entering safepoint region: Cleanup
[2023-11-16T03:06:22.562+0000][25350.323s][info ][safepoint     ] Leaving safepoint region
[2023-11-16T03:06:22.562+0000][25350.323s][info ][safepoint     ] Total time for which application threads were stopped: 0.0002419 seconds, Stopping threads took: 0.0000564 seconds
[2023-11-16T03:06:23.562+0000][25351.323s][debug][safepoint     ] Safepoint synchronization initiated. (164 threads)
[2023-11-16T03:06:23.562+0000][25351.323s][info ][safepoint     ] Application time: 1.0001449 seconds
[2023-11-16T03:06:23.562+0000][25351.323s][info ][safepoint     ] Entering safepoint region: Cleanup
[2023-11-16T03:06:23.562+0000][25351.324s][info ][safepoint     ] Leaving safepoint region
[2023-11-16T03:06:23.562+0000][25351.324s][info ][safepoint     ] Total time for which application threads were stopped: 0.0002799 seconds, Stopping threads took: 0.0000549 seconds
[2023-11-16T03:06:24.562+0000][25352.324s][debug][safepoint     ] Safepoint synchronization initiated. (164 threads)
[2023-11-16T03:06:24.562+0000][25352.324s][info ][safepoint     ] Application time: 1.0001505 seconds
[2023-11-16T03:06:24.562+0000][25352.324s][info ][safepoint     ] Entering safepoint region: Cleanup
[2023-11-16T03:06:24.563+0000][25352.324s][info ][safepoint     ] Leaving safepoint region
[2023-11-16T03:06:24.563+0000][25352.324s][info ][safepoint     ] Total time for which application threads were stopped: 0.0002562 seconds, Stopping threads took: 0.0000485 seconds
[2023-11-16T03:06:25.563+0000][25353.324s][debug][safepoint     ] Safepoint synchronization initiated. (164 threads)
[2023-11-16T03:06:25.563+0000][25353.324s][info ][safepoint     ] Application time: 1.0001666 seconds
[2023-11-16T03:06:25.563+0000][25353.324s][info ][safepoint     ] Entering safepoint region: Cleanup
[2023-11-16T03:06:25.563+0000][25353.325s][info ][safepoint     ] Leaving safepoint region
[2023-11-16T03:06:25.563+0000][25353.325s][info ][safepoint     ] Total time for which application threads were stopped: 0.0005296 seconds, Stopping threads took: 0.0003156 seconds
[2023-11-16T03:06:26.563+0000][25354.325s][debug][safepoint     ] Safepoint synchronization initiated. (164 threads)
[2023-11-16T03:06:26.563+0000][25354.325s][info ][safepoint     ] Application time: 1.0001490 seconds
[2023-11-16T03:06:26.563+0000][25354.325s][info ][safepoint     ] Entering safepoint region: Cleanup
[2023-11-16T03:06:26.564+0000][25354.325s][info ][safepoint     ] Leaving safepoint region
[2023-11-16T03:06:26.564+0000][25354.325s][info ][safepoint     ] Total time for which application threads were stopped: 0.0003437 seconds, Stopping threads took: 0.0000526 seconds
[2023-11-16T03:06:27.564+0000][25355.326s][debug][safepoint     ] Safepoint synchronization initiated. (164 threads)
[2023-11-16T03:06:27.564+0000][25355.326s][info ][safepoint     ] Application time: 1.0001540 seconds
[2023-11-16T03:06:27.564+0000][25355.326s][info ][safepoint     ] Entering safepoint region: Cleanup
[2023-11-16T03:06:27.564+0000][25355.326s][info ][safepoint     ] Leaving safepoint region
[2023-11-16T03:06:27.564+0000][25355.326s][info ][safepoint     ] Total time for which application threads were stopped: 0.0003415 seconds, Stopping threads took: 0.0000491 seconds
[2023-11-16T03:06:28.564+0000][25356.326s][debug][safepoint     ] Safepoint synchronization initiated. (164 threads)
[2023-11-16T03:06:28.565+0000][25356.326s][info ][safepoint     ] Application time: 1.0001431 seconds
[2023-11-16T03:06:28.565+0000][25356.326s][info ][safepoint     ] Entering safepoint region: Cleanup
[2023-11-16T03:06:28.565+0000][25356.326s][info ][safepoint     ] Leaving safepoint region
[2023-11-16T03:06:28.565+0000][25356.326s][info ][safepoint     ] Total time for which application threads were stopped: 0.0003377 seconds, Stopping threads took: 0.0000491 seconds
[2023-11-16T03:06:29.565+0000][25357.327s][debug][safepoint     ] Safepoint synchronization initiated. (164 threads)
[2023-11-16T03:06:29.565+0000][25357.327s][info ][safepoint     ] Application time: 1.0001602 seconds
[2023-11-16T03:06:29.565+0000][25357.327s][info ][safepoint     ] Entering safepoint region: Cleanup
[2023-11-16T03:06:29.565+0000][25357.327s][info ][safepoint     ] Leaving safepoint region
[2023-11-16T03:06:29.565+0000][25357.327s][info ][safepoint     ] Total time for which application threads were stopped: 0.0003436 seconds, Stopping threads took: 0.0000503 seconds
[2023-11-16T03:06:30.566+0000][25358.327s][debug][safepoint     ] Safepoint synchronization initiated. (164 threads)
[2023-11-16T03:06:30.566+0000][25358.327s][info ][safepoint     ] Application time: 1.0001635 seconds
[2023-11-16T03:06:30.566+0000][25358.327s][info ][safepoint     ] Entering safepoint region: Cleanup
[2023-11-16T03:06:30.566+0000][25358.328s][info ][safepoint     ] Leaving safepoint region
[2023-11-16T03:06:30.566+0000][25358.328s][info ][safepoint     ] Total time for which application threads were stopped: 0.0004316 seconds, Stopping threads took: 0.0001980 seconds
[2023-11-16T03:06:31.566+0000][25359.328s][debug][safepoint     ] Safepoint synchronization initiated. (164 threads)
[2023-11-16T03:06:31.566+0000][25359.328s][info ][safepoint     ] Application time: 1.0001717 seconds
[2023-11-16T03:06:31.566+0000][25359.328s][info ][safepoint     ] Entering safepoint region: Cleanup
[2023-11-16T03:06:31.567+0000][25359.328s][info ][safepoint     ] Leaving safepoint region
[2023-11-16T03:06:31.567+0000][25359.328s][info ][safepoint     ] Total time for which application threads were stopped: 0.0003590 seconds, Stopping threads took: 0.0000496 seconds
[2023-11-16T03:07:16.571+0000][25404.332s][debug][safepoint     ] Safepoint synchronization initiated. (163 threads)
[2023-11-16T03:07:16.571+0000][25404.332s][info ][safepoint     ] Application time: 45.0040958 seconds
[2023-11-16T03:07:16.571+0000][25404.332s][info ][safepoint     ] Entering safepoint region: Cleanup
[2023-11-16T03:07:16.571+0000][25404.333s][info ][safepoint     ] Leaving safepoint region
[2023-11-16T03:07:16.571+0000][25404.333s][info ][safepoint     ] Total time for which application threads were stopped: 0.0002611 seconds, Stopping threads took: 0.0000493 seconds
[2023-11-16T03:08:32.578+0000][25480.339s][debug][safepoint     ] Safepoint synchronization initiated. (163 threads)
[2023-11-16T03:08:32.578+0000][25480.339s][info ][safepoint     ] Application time: 76.0067828 seconds
[2023-11-16T03:08:32.578+0000][25480.339s][info ][safepoint     ] Entering safepoint region: Cleanup
[2023-11-16T03:08:32.578+0000][25480.340s][info ][safepoint     ] Leaving safepoint region
[2023-11-16T03:08:32.578+0000][25480.340s][info ][safepoint     ] Total time for which application threads were stopped: 0.0002428 seconds, Stopping threads took: 0.0000435 seconds
[2023-11-16T03:09:26.431+0000][25534.192s][debug][safepoint     ] Safepoint synchronization initiated. (163 threads)
[2023-11-16T03:09:26.431+0000][25534.192s][info ][safepoint     ] Application time: 53.8526631 seconds
[2023-11-16T03:09:26.431+0000][25534.192s][info ][safepoint     ] Entering safepoint region: G1CollectForAllocation
[2023-11-16T03:09:26.431+0000][25534.193s][info ][gc,start      ] GC(90) Pause Young (Normal) (G1 Evacuation Pause)
[2023-11-16T03:09:26.431+0000][25534.193s][info ][gc,task       ] GC(90) Using 4 workers of 4 for evacuation
[2023-11-16T03:09:26.451+0000][25534.213s][info ][gc,phases     ] GC(90)   Pre Evacuate Collection Set: 0.0ms
[2023-11-16T03:09:26.451+0000][25534.213s][info ][gc,phases     ] GC(90)   Evacuate Collection Set: 14.4ms
[2023-11-16T03:09:26.451+0000][25534.213s][info ][gc,phases     ] GC(90)   Post Evacuate Collection Set: 5.1ms
[2023-11-16T03:09:26.451+0000][25534.213s][info ][gc,phases     ] GC(90)   Other: 0.4ms
[2023-11-16T03:09:26.451+0000][25534.213s][info ][gc,heap       ] GC(90) Eden regions: 468->0(469)
[2023-11-16T03:09:26.451+0000][25534.213s][info ][gc,heap       ] GC(90) Survivor regions: 9->8(60)
[2023-11-16T03:09:26.451+0000][25534.213s][info ][gc,heap       ] GC(90) Old regions: 148->148
[2023-11-16T03:09:26.451+0000][25534.213s][info ][gc,heap       ] GC(90) Humongous regions: 0->0
[2023-11-16T03:09:26.451+0000][25534.213s][info ][gc,metaspace  ] GC(90) Metaspace: 162654K(168124K)->162654K(168124K) NonClass: 143934K(147304K)->143934K(147304K) Class: 18720K(20820K)->18720K(20820K)
[2023-11-16T03:09:26.451+0000][25534.213s][info ][gc            ] GC(90) Pause Young (Normal) (G1 Evacuation Pause) 622M->154M(795M) 20.168ms
[2023-11-16T03:09:26.451+0000][25534.213s][info ][gc,cpu        ] GC(90) User=0.07s Sys=0.00s Real=0.02s
[2023-11-16T03:09:26.451+0000][25534.213s][info ][safepoint     ] Leaving safepoint region
[2023-11-16T03:09:26.451+0000][25534.213s][info ][safepoint     ] Total time for which application threads were stopped: 0.0206402 seconds, Stopping threads took: 0.0000479 seconds
[2023-11-16T03:09:26.451+0000][25534.213s][debug][safepoint     ] ... found polling page return exception at pc = 0x00007f693102dd76, stub =0x00007f692883a800
[2023-11-16T03:09:26.452+0000][25534.213s][info ][gc,stringdedup] Concurrent String Deduplication (25534.213s)
[2023-11-16T03:09:26.452+0000][25534.213s][info ][gc,stringdedup] Concurrent String Deduplication 0.0B->0.0B(0.0B) avg 54.5% (25534.213s, 25534.213s) 0.031ms
[2023-11-16T03:09:26.451+0000][25534.213s][debug][safepoint     ] ... found polling page return exception at pc = 0x00007f693102dd76, stub =0x00007f692883a800
[2023-11-16T03:09:26.451+0000][25534.213s][debug][safepoint     ] ... found polling page return exception at pc = 0x00007f693102dd76, stub =0x00007f692883a800
[2023-11-16T03:10:09.455+0000][25577.217s][debug][safepoint     ] Safepoint synchronization initiated. (162 threads)
[2023-11-16T03:10:09.456+0000][25577.217s][info ][safepoint     ] Application time: 43.0040966 seconds
[2023-11-16T03:10:09.456+0000][25577.217s][info ][safepoint     ] Entering safepoint region: Cleanup
[2023-11-16T03:10:09.456+0000][25577.217s][info ][safepoint     ] Leaving safepoint region
[2023-11-16T03:10:09.456+0000][25577.217s][info ][safepoint     ] Total time for which application threads were stopped: 0.0002564 seconds, Stopping threads took: 0.0000482 seconds
[2023-11-16T03:10:33.458+0000][25601.219s][debug][safepoint     ] Safepoint synchronization initiated. (165 threads)
[2023-11-16T03:10:33.458+0000][25601.220s][info ][safepoint     ] Application time: 24.0020806 seconds
[2023-11-16T03:10:33.458+0000][25601.220s][info ][safepoint     ] Entering safepoint region: Cleanup
[2023-11-16T03:10:33.458+0000][25601.220s][info ][safepoint     ] Leaving safepoint region
[2023-11-16T03:10:33.458+0000][25601.220s][info ][safepoint     ] Total time for which application threads were stopped: 0.0002441 seconds, Stopping threads took: 0.0000498 seconds
[2023-11-16T03:13:02.471+0000][25750.233s][debug][safepoint     ] Safepoint synchronization initiated. (165 threads)
[2023-11-16T03:13:02.471+0000][25750.233s][info ][safepoint     ] Application time: 149.0131347 seconds
[2023-11-16T03:13:02.471+0000][25750.233s][info ][safepoint     ] Entering safepoint region: Cleanup
[2023-11-16T03:13:02.472+0000][25750.233s][info ][safepoint     ] Leaving safepoint region
[2023-11-16T03:13:02.472+0000][25750.233s][info ][safepoint     ] Total time for which application threads were stopped: 0.0002785 seconds, Stopping threads took: 0.0000473 seconds
[2023-11-16T03:13:36.474+0000][25784.236s][debug][safepoint     ] Safepoint synchronization initiated. (164 threads)
[2023-11-16T03:13:36.475+0000][25784.236s][info ][safepoint     ] Application time: 34.0029274 seconds
[2023-11-16T03:13:36.475+0000][25784.236s][info ][safepoint     ] Entering safepoint region: Cleanup
[2023-11-16T03:13:36.475+0000][25784.237s][info ][safepoint     ] Leaving safepoint region
[2023-11-16T03:13:36.475+0000][25784.237s][info ][safepoint     ] Total time for which application threads were stopped: 0.0003522 seconds, Stopping threads took: 0.0000492 seconds
[2023-11-16T03:14:29.479+0000][25837.241s][debug][safepoint     ] Safepoint synchronization initiated. (164 threads)
[2023-11-16T03:14:29.479+0000][25837.241s][info ][safepoint     ] Application time: 53.0045540 seconds
[2023-11-16T03:14:29.480+0000][25837.241s][info ][safepoint     ] Entering safepoint region: Cleanup
[2023-11-16T03:14:29.480+0000][25837.241s][info ][safepoint     ] Leaving safepoint region
[2023-11-16T03:14:29.480+0000][25837.241s][info ][safepoint     ] Total time for which application threads were stopped: 0.0002586 seconds, Stopping threads took: 0.0000498 seconds
[2023-11-16T03:14:36.480+0000][25844.242s][debug][safepoint     ] Safepoint synchronization initiated. (163 threads)
[2023-11-16T03:14:36.480+0000][25844.242s][info ][safepoint     ] Application time: 7.0006810 seconds
[2023-11-16T03:14:36.481+0000][25844.242s][info ][safepoint     ] Entering safepoint region: Cleanup
[2023-11-16T03:14:36.481+0000][25844.242s][info ][safepoint     ] Leaving safepoint region
[2023-11-16T03:14:36.481+0000][25844.242s][info ][safepoint     ] Total time for which application threads were stopped: 0.0003480 seconds, Stopping threads took: 0.0000498 seconds
[2023-11-16T03:17:49.484+0000][26037.246s][debug][safepoint     ] Safepoint synchronization initiated. (165 threads)
[2023-11-16T03:17:49.484+0000][26037.246s][info ][safepoint     ] Application time: 193.0033780 seconds
[2023-11-16T03:17:49.484+0000][26037.246s][info ][safepoint     ] Entering safepoint region: G1CollectForAllocation
[2023-11-16T03:17:49.485+0000][26037.246s][info ][gc,start      ] GC(91) Pause Young (Normal) (G1 Evacuation Pause)
[2023-11-16T03:17:49.485+0000][26037.246s][info ][gc,task       ] GC(91) Using 4 workers of 4 for evacuation
[2023-11-16T03:17:49.504+0000][26037.265s][info ][gc,phases     ] GC(91)   Pre Evacuate Collection Set: 0.0ms
[2023-11-16T03:17:49.504+0000][26037.265s][info ][gc,phases     ] GC(91)   Evacuate Collection Set: 13.1ms
[2023-11-16T03:17:49.504+0000][26037.265s][info ][gc,phases     ] GC(91)   Post Evacuate Collection Set: 5.7ms
[2023-11-16T03:17:49.504+0000][26037.266s][info ][gc,phases     ] GC(91)   Other: 0.4ms
[2023-11-16T03:17:49.504+0000][26037.266s][info ][gc,heap       ] GC(91) Eden regions: 469->0(469)
[2023-11-16T03:17:49.504+0000][26037.266s][info ][gc,heap       ] GC(91) Survivor regions: 8->8(60)
[2023-11-16T03:17:49.504+0000][26037.266s][info ][gc,heap       ] GC(91) Old regions: 148->148
[2023-11-16T03:17:49.504+0000][26037.266s][info ][gc,heap       ] GC(91) Humongous regions: 0->0
[2023-11-16T03:17:49.504+0000][26037.266s][info ][gc,metaspace  ] GC(91) Metaspace: 162660K(168124K)->162660K(168124K) NonClass: 143939K(147304K)->143939K(147304K) Class: 18720K(20820K)->18720K(20820K)
[2023-11-16T03:17:49.504+0000][26037.266s][info ][gc            ] GC(91) Pause Young (Normal) (G1 Evacuation Pause) 623M->154M(795M) 19.399ms
[2023-11-16T03:17:49.504+0000][26037.266s][info ][gc,cpu        ] GC(91) User=0.06s Sys=0.00s Real=0.02s
[2023-11-16T03:17:49.504+0000][26037.266s][info ][safepoint     ] Leaving safepoint region
[2023-11-16T03:17:49.504+0000][26037.266s][info ][safepoint     ] Total time for which application threads were stopped: 0.0198296 seconds, Stopping threads took: 0.0000511 seconds
[2023-11-16T03:17:49.504+0000][26037.266s][info ][gc,stringdedup] Concurrent String Deduplication (26037.266s)
[2023-11-16T03:17:49.504+0000][26037.266s][info ][gc,stringdedup] Concurrent String Deduplication 34160.0B->88.0B(34072.0B) avg 54.6% (26037.266s, 26037.266s) 0.319ms
[2023-11-16T03:20:36.518+0000][26204.280s][debug][safepoint     ] Safepoint synchronization initiated. (164 threads)
[2023-11-16T03:20:36.518+0000][26204.280s][info ][safepoint     ] Application time: 167.0139583 seconds
[2023-11-16T03:20:36.518+0000][26204.280s][info ][safepoint     ] Entering safepoint region: Cleanup
[2023-11-16T03:20:36.518+0000][26204.280s][info ][safepoint     ] Leaving safepoint region
[2023-11-16T03:20:36.518+0000][26204.280s][info ][safepoint     ] Total time for which application threads were stopped: 0.0002930 seconds, Stopping threads took: 0.0000504 seconds
[2023-11-16T03:21:33.523+0000][26261.285s][debug][safepoint     ] Safepoint synchronization initiated. (166 threads)
[2023-11-16T03:21:33.523+0000][26261.285s][info ][safepoint     ] Application time: 57.0049065 seconds
[2023-11-16T03:21:33.523+0000][26261.285s][info ][safepoint     ] Entering safepoint region: Cleanup
[2023-11-16T03:21:33.524+0000][26261.285s][info ][safepoint     ] Leaving safepoint region
[2023-11-16T03:21:33.524+0000][26261.285s][info ][safepoint     ] Total time for which application threads were stopped: 0.0003280 seconds, Stopping threads took: 0.0000534 seconds
[2023-11-16T03:21:34.524+0000][26262.285s][debug][safepoint     ] Safepoint synchronization initiated. (166 threads)
[2023-11-16T03:21:34.524+0000][26262.285s][info ][safepoint     ] Application time: 1.0001556 seconds
[2023-11-16T03:21:34.524+0000][26262.286s][info ][safepoint     ] Entering safepoint region: Cleanup
[2023-11-16T03:21:34.524+0000][26262.286s][info ][safepoint     ] Leaving safepoint region
[2023-11-16T03:21:34.524+0000][26262.286s][info ][safepoint     ] Total time for which application threads were stopped: 0.0002770 seconds, Stopping threads took: 0.0000523 seconds
[2023-11-16T03:21:35.524+0000][26263.286s][debug][safepoint     ] Safepoint synchronization initiated. (166 threads)
[2023-11-16T03:21:35.524+0000][26263.286s][info ][safepoint     ] Application time: 1.0001761 seconds
[2023-11-16T03:21:35.524+0000][26263.286s][info ][safepoint     ] Entering safepoint region: Cleanup
[2023-11-16T03:21:35.525+0000][26263.286s][info ][safepoint     ] Leaving safepoint region
[2023-11-16T03:21:35.525+0000][26263.286s][info ][safepoint     ] Total time for which application threads were stopped: 0.0003641 seconds, Stopping threads took: 0.0000512 seconds
[2023-11-16T03:21:36.525+0000][26264.286s][debug][safepoint     ] Safepoint synchronization initiated. (166 threads)
[2023-11-16T03:21:36.525+0000][26264.287s][info ][safepoint     ] Application time: 1.0001687 seconds
[2023-11-16T03:21:36.525+0000][26264.287s][info ][safepoint     ] Entering safepoint region: Cleanup
[2023-11-16T03:21:36.525+0000][26264.287s][info ][safepoint     ] Leaving safepoint region
[2023-11-16T03:21:36.525+0000][26264.287s][info ][safepoint     ] Total time for which application threads were stopped: 0.0002830 seconds, Stopping threads took: 0.0000550 seconds
[2023-11-16T03:21:37.525+0000][26265.287s][debug][safepoint     ] Safepoint synchronization initiated. (166 threads)
[2023-11-16T03:21:37.525+0000][26265.287s][info ][safepoint     ] Application time: 1.0001549 seconds
[2023-11-16T03:21:37.525+0000][26265.287s][info ][safepoint     ] Entering safepoint region: Cleanup
[2023-11-16T03:21:37.526+0000][26265.287s][info ][safepoint     ] Leaving safepoint region
[2023-11-16T03:21:37.526+0000][26265.287s][info ][safepoint     ] Total time for which application threads were stopped: 0.0003466 seconds, Stopping threads took: 0.0000553 seconds
[2023-11-16T03:21:37.526+0000][26265.287s][debug][safepoint     ] ... found polling page return exception at pc = 0x00007f693102dd76, stub =0x00007f692883a800
[2023-11-16T03:21:38.526+0000][26266.287s][debug][safepoint     ] Safepoint synchronization initiated. (166 threads)
[2023-11-16T03:21:38.526+0000][26266.288s][info ][safepoint     ] Application time: 1.0001550 seconds
[2023-11-16T03:21:38.526+0000][26266.288s][info ][safepoint     ] Entering safepoint region: Cleanup
[2023-11-16T03:21:38.526+0000][26266.288s][info ][safepoint     ] Leaving safepoint region
[2023-11-16T03:21:38.526+0000][26266.288s][info ][safepoint     ] Total time for which application threads were stopped: 0.0003962 seconds, Stopping threads took: 0.0000517 seconds
[2023-11-16T03:21:39.526+0000][26267.288s][debug][safepoint     ] Safepoint synchronization initiated. (166 threads)
[2023-11-16T03:21:39.526+0000][26267.288s][info ][safepoint     ] Application time: 1.0001575 seconds
[2023-11-16T03:21:39.527+0000][26267.288s][info ][safepoint     ] Entering safepoint region: Cleanup
[2023-11-16T03:21:39.527+0000][26267.288s][info ][safepoint     ] Leaving safepoint region
[2023-11-16T03:21:39.527+0000][26267.289s][info ][safepoint     ] Total time for which application threads were stopped: 0.0003718 seconds, Stopping threads took: 0.0000547 seconds
[2023-11-16T03:21:40.527+0000][26268.289s][debug][safepoint     ] Safepoint synchronization initiated. (166 threads)
[2023-11-16T03:21:40.527+0000][26268.289s][info ][safepoint     ] Application time: 1.0001376 seconds
[2023-11-16T03:21:40.527+0000][26268.289s][info ][safepoint     ] Entering safepoint region: Cleanup
[2023-11-16T03:21:40.527+0000][26268.289s][info ][safepoint     ] Leaving safepoint region
[2023-11-16T03:21:40.527+0000][26268.289s][info ][safepoint     ] Total time for which application threads were stopped: 0.0004134 seconds, Stopping threads took: 0.0000752 seconds
[2023-11-16T03:21:41.528+0000][26269.289s][debug][safepoint     ] Safepoint synchronization initiated. (166 threads)
[2023-11-16T03:21:41.528+0000][26269.289s][info ][safepoint     ] Application time: 1.0001539 seconds
[2023-11-16T03:21:41.528+0000][26269.289s][info ][safepoint     ] Entering safepoint region: Cleanup
[2023-11-16T03:21:41.528+0000][26269.290s][info ][safepoint     ] Leaving safepoint region
[2023-11-16T03:21:41.528+0000][26269.290s][info ][safepoint     ] Total time for which application threads were stopped: 0.0002923 seconds, Stopping threads took: 0.0000548 seconds
[2023-11-16T03:21:42.528+0000][26270.290s][debug][safepoint     ] Safepoint synchronization initiated. (166 threads)
[2023-11-16T03:21:42.528+0000][26270.290s][info ][safepoint     ] Application time: 1.0001635 seconds
[2023-11-16T03:21:42.528+0000][26270.290s][info ][safepoint     ] Entering safepoint region: Cleanup
[2023-11-16T03:21:42.529+0000][26270.290s][info ][safepoint     ] Leaving safepoint region
[2023-11-16T03:21:42.529+0000][26270.290s][info ][safepoint     ] Total time for which application threads were stopped: 0.0004315 seconds, Stopping threads took: 0.0000571 seconds
[2023-11-16T03:21:43.529+0000][26271.290s][debug][safepoint     ] Safepoint synchronization initiated. (166 threads)
[2023-11-16T03:21:43.529+0000][26271.290s][info ][safepoint     ] Application time: 1.0001584 seconds
[2023-11-16T03:21:43.529+0000][26271.290s][info ][safepoint     ] Entering safepoint region: Cleanup
[2023-11-16T03:21:43.529+0000][26271.291s][info ][safepoint     ] Leaving safepoint region
[2023-11-16T03:21:43.529+0000][26271.291s][info ][safepoint     ] Total time for which application threads were stopped: 0.0002855 seconds, Stopping threads took: 0.0000545 seconds
[2023-11-16T03:21:44.529+0000][26272.291s][debug][safepoint     ] Safepoint synchronization initiated. (166 threads)
[2023-11-16T03:21:44.529+0000][26272.291s][info ][safepoint     ] Application time: 1.0001545 seconds
[2023-11-16T03:21:44.529+0000][26272.291s][info ][safepoint     ] Entering safepoint region: Cleanup
[2023-11-16T03:21:44.530+0000][26272.291s][info ][safepoint     ] Leaving safepoint region
[2023-11-16T03:21:44.530+0000][26272.291s][info ][safepoint     ] Total time for which application threads were stopped: 0.0002782 seconds, Stopping threads took: 0.0000540 seconds
[2023-11-16T03:21:45.530+0000][26273.291s][debug][safepoint     ] Safepoint synchronization initiated. (166 threads)
[2023-11-16T03:21:45.530+0000][26273.291s][info ][safepoint     ] Application time: 1.0001531 seconds
[2023-11-16T03:21:45.530+0000][26273.291s][info ][safepoint     ] Entering safepoint region: Cleanup
[2023-11-16T03:21:45.530+0000][26273.292s][info ][safepoint     ] Leaving safepoint region
[2023-11-16T03:21:45.530+0000][26273.292s][info ][safepoint     ] Total time for which application threads were stopped: 0.0002737 seconds, Stopping threads took: 0.0000514 seconds
[2023-11-16T03:21:46.530+0000][26274.292s][debug][safepoint     ] Safepoint synchronization initiated. (166 threads)
[2023-11-16T03:21:46.530+0000][26274.292s][info ][safepoint     ] Application time: 1.0001555 seconds
[2023-11-16T03:21:46.530+0000][26274.292s][info ][safepoint     ] Entering safepoint region: Cleanup
[2023-11-16T03:21:46.530+0000][26274.292s][info ][safepoint     ] Leaving safepoint region
[2023-11-16T03:21:46.530+0000][26274.292s][info ][safepoint     ] Total time for which application threads were stopped: 0.0002709 seconds, Stopping threads took: 0.0000510 seconds
[2023-11-16T03:21:47.531+0000][26275.292s][debug][safepoint     ] Safepoint synchronization initiated. (166 threads)
[2023-11-16T03:21:47.531+0000][26275.292s][info ][safepoint     ] Application time: 1.0001605 seconds
[2023-11-16T03:21:47.531+0000][26275.292s][info ][safepoint     ] Entering safepoint region: Cleanup
[2023-11-16T03:21:47.531+0000][26275.293s][info ][safepoint     ] Leaving safepoint region
[2023-11-16T03:21:47.531+0000][26275.293s][info ][safepoint     ] Total time for which application threads were stopped: 0.0004643 seconds, Stopping threads took: 0.0002469 seconds
[2023-11-16T03:21:48.531+0000][26276.293s][debug][safepoint     ] Safepoint synchronization initiated. (166 threads)
[2023-11-16T03:21:48.531+0000][26276.293s][info ][safepoint     ] Application time: 1.0001577 seconds
[2023-11-16T03:21:48.531+0000][26276.293s][info ][safepoint     ] Entering safepoint region: Cleanup
[2023-11-16T03:21:48.532+0000][26276.293s][info ][safepoint     ] Leaving safepoint region
[2023-11-16T03:21:48.532+0000][26276.293s][info ][safepoint     ] Total time for which application threads were stopped: 0.0003874 seconds, Stopping threads took: 0.0000513 seconds
[2023-11-16T03:21:49.532+0000][26277.293s][debug][safepoint     ] Safepoint synchronization initiated. (166 threads)
[2023-11-16T03:21:49.532+0000][26277.293s][info ][safepoint     ] Application time: 1.0001485 seconds
[2023-11-16T03:21:49.532+0000][26277.294s][info ][safepoint     ] Entering safepoint region: Cleanup
[2023-11-16T03:21:49.532+0000][26277.294s][info ][safepoint     ] Leaving safepoint region
[2023-11-16T03:21:49.532+0000][26277.294s][info ][safepoint     ] Total time for which application threads were stopped: 0.0003414 seconds, Stopping threads took: 0.0000507 seconds
[2023-11-16T03:21:50.532+0000][26278.294s][debug][safepoint     ] Safepoint synchronization initiated. (166 threads)
[2023-11-16T03:21:50.532+0000][26278.294s][info ][safepoint     ] Application time: 1.0001616 seconds
[2023-11-16T03:21:50.532+0000][26278.294s][info ][safepoint     ] Entering safepoint region: Cleanup
[2023-11-16T03:21:50.533+0000][26278.294s][info ][safepoint     ] Leaving safepoint region
[2023-11-16T03:21:50.533+0000][26278.294s][info ][safepoint     ] Total time for which application threads were stopped: 0.0003448 seconds, Stopping threads took: 0.0000522 seconds
[2023-11-16T03:21:51.533+0000][26279.295s][debug][safepoint     ] Safepoint synchronization initiated. (166 threads)
[2023-11-16T03:21:51.533+0000][26279.295s][info ][safepoint     ] Application time: 1.0001877 seconds
[2023-11-16T03:21:51.533+0000][26279.295s][info ][safepoint     ] Entering safepoint region: Cleanup
[2023-11-16T03:21:51.533+0000][26279.295s][info ][safepoint     ] Leaving safepoint region
[2023-11-16T03:21:51.533+0000][26279.295s][info ][safepoint     ] Total time for which application threads were stopped: 0.0003528 seconds, Stopping threads took: 0.0000529 seconds
[2023-11-16T03:21:52.533+0000][26280.295s][debug][safepoint     ] Safepoint synchronization initiated. (166 threads)
[2023-11-16T03:21:52.534+0000][26280.295s][info ][safepoint     ] Application time: 1.0001715 seconds
[2023-11-16T03:21:52.534+0000][26280.295s][info ][safepoint     ] Entering safepoint region: Cleanup
[2023-11-16T03:21:52.534+0000][26280.296s][info ][safepoint     ] Leaving safepoint region
[2023-11-16T03:21:52.534+0000][26280.296s][info ][safepoint     ] Total time for which application threads were stopped: 0.0003577 seconds, Stopping threads took: 0.0000519 seconds
[2023-11-16T03:21:53.534+0000][26281.296s][debug][safepoint     ] Safepoint synchronization initiated. (166 threads)
[2023-11-16T03:21:53.534+0000][26281.296s][info ][safepoint     ] Application time: 1.0001623 seconds
[2023-11-16T03:21:53.534+0000][26281.296s][info ][safepoint     ] Entering safepoint region: Cleanup
[2023-11-16T03:21:53.534+0000][26281.296s][info ][safepoint     ] Leaving safepoint region
[2023-11-16T03:21:53.534+0000][26281.296s][info ][safepoint     ] Total time for which application threads were stopped: 0.0003387 seconds, Stopping threads took: 0.0000499 seconds
[2023-11-16T03:21:54.535+0000][26282.296s][debug][safepoint     ] Safepoint synchronization initiated. (166 threads)
[2023-11-16T03:21:54.535+0000][26282.296s][info ][safepoint     ] Application time: 1.0001730 seconds
[2023-11-16T03:21:54.535+0000][26282.296s][info ][safepoint     ] Entering safepoint region: Cleanup
[2023-11-16T03:21:54.535+0000][26282.297s][info ][safepoint     ] Leaving safepoint region
[2023-11-16T03:21:54.535+0000][26282.297s][info ][safepoint     ] Total time for which application threads were stopped: 0.0003391 seconds, Stopping threads took: 0.0000513 seconds
[2023-11-16T03:21:55.535+0000][26283.297s][debug][safepoint     ] Safepoint synchronization initiated. (166 threads)
[2023-11-16T03:21:55.535+0000][26283.297s][info ][safepoint     ] Application time: 1.0001555 seconds
[2023-11-16T03:21:55.535+0000][26283.297s][info ][safepoint     ] Entering safepoint region: Cleanup
[2023-11-16T03:21:55.535+0000][26283.297s][info ][safepoint     ] Leaving safepoint region
[2023-11-16T03:21:55.536+0000][26283.297s][info ][safepoint     ] Total time for which application threads were stopped: 0.0002994 seconds, Stopping threads took: 0.0000525 seconds
[2023-11-16T03:21:56.536+0000][26284.297s][debug][safepoint     ] Safepoint synchronization initiated. (166 threads)
[2023-11-16T03:21:56.536+0000][26284.297s][info ][safepoint     ] Application time: 1.0001430 seconds
[2023-11-16T03:21:56.536+0000][26284.297s][info ][safepoint     ] Entering safepoint region: Cleanup
[2023-11-16T03:21:56.536+0000][26284.298s][info ][safepoint     ] Leaving safepoint region
[2023-11-16T03:21:56.536+0000][26284.298s][info ][safepoint     ] Total time for which application threads were stopped: 0.0003284 seconds, Stopping threads took: 0.0000545 seconds
[2023-11-16T03:21:57.536+0000][26285.298s][debug][safepoint     ] Safepoint synchronization initiated. (166 threads)
[2023-11-16T03:21:57.536+0000][26285.298s][info ][safepoint     ] Application time: 1.0001509 seconds
[2023-11-16T03:21:57.536+0000][26285.298s][info ][safepoint     ] Entering safepoint region: Cleanup
[2023-11-16T03:21:57.537+0000][26285.298s][info ][safepoint     ] Leaving safepoint region
[2023-11-16T03:21:57.537+0000][26285.298s][info ][safepoint     ] Total time for which application threads were stopped: 0.0004928 seconds, Stopping threads took: 0.0002738 seconds
[2023-11-16T03:21:58.537+0000][26286.298s][debug][safepoint     ] Safepoint synchronization initiated. (166 threads)
[2023-11-16T03:21:58.537+0000][26286.298s][info ][safepoint     ] Application time: 1.0001544 seconds
[2023-11-16T03:21:58.537+0000][26286.299s][info ][safepoint     ] Entering safepoint region: Cleanup
[2023-11-16T03:21:58.537+0000][26286.299s][info ][safepoint     ] Leaving safepoint region
[2023-11-16T03:21:58.537+0000][26286.299s][info ][safepoint     ] Total time for which application threads were stopped: 0.0002477 seconds, Stopping threads took: 0.0000503 seconds
[2023-11-16T03:21:59.537+0000][26287.299s][debug][safepoint     ] Safepoint synchronization initiated. (166 threads)
[2023-11-16T03:21:59.537+0000][26287.299s][info ][safepoint     ] Application time: 1.0001564 seconds
[2023-11-16T03:21:59.537+0000][26287.299s][info ][safepoint     ] Entering safepoint region: Cleanup
[2023-11-16T03:21:59.538+0000][26287.299s][info ][safepoint     ] Leaving safepoint region
[2023-11-16T03:21:59.538+0000][26287.299s][info ][safepoint     ] Total time for which application threads were stopped: 0.0002565 seconds, Stopping threads took: 0.0000507 seconds
[2023-11-16T03:22:00.538+0000][26288.299s][debug][safepoint     ] Safepoint synchronization initiated. (166 threads)
[2023-11-16T03:22:00.538+0000][26288.299s][info ][safepoint     ] Application time: 1.0001763 seconds
[2023-11-16T03:22:00.538+0000][26288.299s][info ][safepoint     ] Entering safepoint region: Cleanup
[2023-11-16T03:22:00.538+0000][26288.300s][info ][safepoint     ] Leaving safepoint region
[2023-11-16T03:22:00.538+0000][26288.300s][info ][safepoint     ] Total time for which application threads were stopped: 0.0003434 seconds, Stopping threads took: 0.0000500 seconds
[2023-11-16T03:22:01.538+0000][26289.300s][debug][safepoint     ] Safepoint synchronization initiated. (166 threads)
[2023-11-16T03:22:01.538+0000][26289.300s][info ][safepoint     ] Application time: 1.0001679 seconds
[2023-11-16T03:22:01.538+0000][26289.300s][info ][safepoint     ] Entering safepoint region: Cleanup
[2023-11-16T03:22:01.539+0000][26289.300s][info ][safepoint     ] Leaving safepoint region
[2023-11-16T03:22:01.539+0000][26289.300s][info ][safepoint     ] Total time for which application threads were stopped: 0.0003448 seconds, Stopping threads took: 0.0000516 seconds
[2023-11-16T03:22:02.539+0000][26290.300s][debug][safepoint     ] Safepoint synchronization initiated. (166 threads)
[2023-11-16T03:22:02.539+0000][26290.301s][info ][safepoint     ] Application time: 1.0001721 seconds
[2023-11-16T03:22:02.539+0000][26290.301s][info ][safepoint     ] Entering safepoint region: Cleanup
[2023-11-16T03:22:02.539+0000][26290.301s][info ][safepoint     ] Leaving safepoint region
[2023-11-16T03:22:02.540+0000][26290.301s][info ][safepoint     ] Total time for which application threads were stopped: 0.0006059 seconds, Stopping threads took: 0.0003766 seconds
[2023-11-16T03:22:03.540+0000][26291.301s][debug][safepoint     ] Safepoint synchronization initiated. (166 threads)
[2023-11-16T03:22:03.540+0000][26291.301s][info ][safepoint     ] Application time: 1.0001564 seconds
[2023-11-16T03:22:03.540+0000][26291.301s][info ][safepoint     ] Entering safepoint region: Cleanup
[2023-11-16T03:22:03.540+0000][26291.302s][info ][safepoint     ] Leaving safepoint region
[2023-11-16T03:22:03.540+0000][26291.302s][info ][safepoint     ] Total time for which application threads were stopped: 0.0003503 seconds, Stopping threads took: 0.0000520 seconds
[2023-11-16T03:22:04.540+0000][26292.302s][debug][safepoint     ] Safepoint synchronization initiated. (166 threads)
[2023-11-16T03:22:04.540+0000][26292.302s][info ][safepoint     ] Application time: 1.0001606 seconds
[2023-11-16T03:22:04.540+0000][26292.302s][info ][safepoint     ] Entering safepoint region: Cleanup
[2023-11-16T03:22:04.541+0000][26292.302s][info ][safepoint     ] Leaving safepoint region
[2023-11-16T03:22:04.541+0000][26292.302s][info ][safepoint     ] Total time for which application threads were stopped: 0.0003457 seconds, Stopping threads took: 0.0000511 seconds
[2023-11-16T03:22:05.541+0000][26293.302s][debug][safepoint     ] Safepoint synchronization initiated. (166 threads)
[2023-11-16T03:22:05.541+0000][26293.302s][info ][safepoint     ] Application time: 1.0001744 seconds
[2023-11-16T03:22:05.541+0000][26293.302s][info ][safepoint     ] Entering safepoint region: Cleanup
[2023-11-16T03:22:05.541+0000][26293.303s][info ][safepoint     ] Leaving safepoint region
[2023-11-16T03:22:05.541+0000][26293.303s][info ][safepoint     ] Total time for which application threads were stopped: 0.0002977 seconds, Stopping threads took: 0.0000519 seconds
[2023-11-16T03:22:05.541+0000][26293.303s][debug][safepoint     ] ... found polling page return exception at pc = 0x00007f693102dd76, stub =0x00007f692883a800
[2023-11-16T03:22:06.541+0000][26294.303s][debug][safepoint     ] Safepoint synchronization initiated. (166 threads)
[2023-11-16T03:22:06.541+0000][26294.303s][info ][safepoint     ] Application time: 1.0001454 seconds
[2023-11-16T03:22:06.541+0000][26294.303s][info ][safepoint     ] Entering safepoint region: Cleanup
[2023-11-16T03:22:06.542+0000][26294.303s][info ][safepoint     ] Leaving safepoint region
[2023-11-16T03:22:06.542+0000][26294.303s][info ][safepoint     ] Total time for which application threads were stopped: 0.0003002 seconds, Stopping threads took: 0.0000523 seconds
[2023-11-16T03:22:07.542+0000][26295.303s][debug][safepoint     ] Safepoint synchronization initiated. (166 threads)
[2023-11-16T03:22:07.542+0000][26295.303s][info ][safepoint     ] Application time: 1.0001567 seconds
[2023-11-16T03:22:07.542+0000][26295.303s][info ][safepoint     ] Entering safepoint region: Cleanup
[2023-11-16T03:22:07.542+0000][26295.304s][info ][safepoint     ] Leaving safepoint region
[2023-11-16T03:22:07.542+0000][26295.304s][info ][safepoint     ] Total time for which application threads were stopped: 0.0005581 seconds, Stopping threads took: 0.0004022 seconds
[2023-11-16T03:22:08.542+0000][26296.304s][debug][safepoint     ] Safepoint synchronization initiated. (166 threads)
[2023-11-16T03:22:08.543+0000][26296.304s][info ][safepoint     ] Application time: 1.0001439 seconds
[2023-11-16T03:22:08.543+0000][26296.304s][info ][safepoint     ] Entering safepoint region: Cleanup
[2023-11-16T03:22:08.543+0000][26296.304s][info ][safepoint     ] Leaving safepoint region
[2023-11-16T03:22:08.543+0000][26296.305s][info ][safepoint     ] Total time for which application threads were stopped: 0.0003400 seconds, Stopping threads took: 0.0000516 seconds
[2023-11-16T03:22:09.543+0000][26297.305s][debug][safepoint     ] Safepoint synchronization initiated. (166 threads)
[2023-11-16T03:22:09.543+0000][26297.305s][info ][safepoint     ] Application time: 1.0001649 seconds
[2023-11-16T03:22:09.543+0000][26297.305s][info ][safepoint     ] Entering safepoint region: Cleanup
[2023-11-16T03:22:09.543+0000][26297.305s][info ][safepoint     ] Leaving safepoint region
[2023-11-16T03:22:09.543+0000][26297.305s][info ][safepoint     ] Total time for which application threads were stopped: 0.0003139 seconds, Stopping threads took: 0.0000532 seconds
[2023-11-16T03:22:10.544+0000][26298.305s][debug][safepoint     ] Safepoint synchronization initiated. (166 threads)
[2023-11-16T03:22:10.544+0000][26298.305s][info ][safepoint     ] Application time: 1.0001908 seconds
[2023-11-16T03:22:10.544+0000][26298.305s][info ][safepoint     ] Entering safepoint region: Cleanup
[2023-11-16T03:22:10.544+0000][26298.306s][info ][safepoint     ] Leaving safepoint region
[2023-11-16T03:22:10.544+0000][26298.306s][info ][safepoint     ] Total time for which application threads were stopped: 0.0002827 seconds, Stopping threads took: 0.0000531 seconds
[2023-11-16T03:22:11.544+0000][26299.306s][debug][safepoint     ] Safepoint synchronization initiated. (166 threads)
[2023-11-16T03:22:11.544+0000][26299.306s][info ][safepoint     ] Application time: 1.0001584 seconds
[2023-11-16T03:22:11.544+0000][26299.306s][info ][safepoint     ] Entering safepoint region: Cleanup
[2023-11-16T03:22:11.544+0000][26299.306s][info ][safepoint     ] Leaving safepoint region
[2023-11-16T03:22:11.544+0000][26299.306s][info ][safepoint     ] Total time for which application threads were stopped: 0.0002621 seconds, Stopping threads took: 0.0000517 seconds
[2023-11-16T03:22:12.544+0000][26300.306s][debug][safepoint     ] Safepoint synchronization initiated. (166 threads)
[2023-11-16T03:22:12.545+0000][26300.306s][info ][safepoint     ] Application time: 1.0001713 seconds
[2023-11-16T03:22:12.545+0000][26300.306s][info ][safepoint     ] Entering safepoint region: Cleanup
[2023-11-16T03:22:12.545+0000][26300.307s][info ][safepoint     ] Leaving safepoint region
[2023-11-16T03:22:12.545+0000][26300.307s][info ][safepoint     ] Total time for which application threads were stopped: 0.0002569 seconds, Stopping threads took: 0.0000594 seconds
[2023-11-16T03:22:13.545+0000][26301.307s][debug][safepoint     ] Safepoint synchronization initiated. (166 threads)
[2023-11-16T03:22:13.545+0000][26301.307s][info ][safepoint     ] Application time: 1.0001584 seconds
[2023-11-16T03:22:13.545+0000][26301.307s][info ][safepoint     ] Entering safepoint region: Cleanup
[2023-11-16T03:22:13.546+0000][26301.307s][info ][safepoint     ] Leaving safepoint region
[2023-11-16T03:22:13.546+0000][26301.307s][info ][safepoint     ] Total time for which application threads were stopped: 0.0003447 seconds, Stopping threads took: 0.0000511 seconds
[2023-11-16T03:22:14.546+0000][26302.307s][debug][safepoint     ] Safepoint synchronization initiated. (166 threads)
[2023-11-16T03:22:14.546+0000][26302.307s][info ][safepoint     ] Application time: 1.0001739 seconds
[2023-11-16T03:22:14.546+0000][26302.307s][info ][safepoint     ] Entering safepoint region: Cleanup
[2023-11-16T03:22:14.546+0000][26302.308s][info ][safepoint     ] Leaving safepoint region
[2023-11-16T03:22:14.546+0000][26302.308s][info ][safepoint     ] Total time for which application threads were stopped: 0.0003460 seconds, Stopping threads took: 0.0000511 seconds
[2023-11-16T03:22:15.546+0000][26303.308s][debug][safepoint     ] Safepoint synchronization initiated. (166 threads)
[2023-11-16T03:22:15.546+0000][26303.308s][info ][safepoint     ] Application time: 1.0001402 seconds
[2023-11-16T03:22:15.546+0000][26303.308s][info ][safepoint     ] Entering safepoint region: Cleanup
[2023-11-16T03:22:15.547+0000][26303.308s][info ][safepoint     ] Leaving safepoint region
[2023-11-16T03:22:15.547+0000][26303.308s][info ][safepoint     ] Total time for which application threads were stopped: 0.0003442 seconds, Stopping threads took: 0.0000522 seconds
[2023-11-16T03:22:16.547+0000][26304.308s][debug][safepoint     ] Safepoint synchronization initiated. (166 threads)
[2023-11-16T03:22:16.547+0000][26304.308s][info ][safepoint     ] Application time: 1.0001550 seconds
[2023-11-16T03:22:16.547+0000][26304.309s][info ][safepoint     ] Entering safepoint region: Cleanup
[2023-11-16T03:22:16.547+0000][26304.309s][info ][safepoint     ] Leaving safepoint region
[2023-11-16T03:22:16.547+0000][26304.309s][info ][safepoint     ] Total time for which application threads were stopped: 0.0002795 seconds, Stopping threads took: 0.0000526 seconds
[2023-11-16T03:22:17.547+0000][26305.309s][debug][safepoint     ] Safepoint synchronization initiated. (166 threads)
[2023-11-16T03:22:17.547+0000][26305.309s][info ][safepoint     ] Application time: 1.0001644 seconds
[2023-11-16T03:22:17.547+0000][26305.309s][info ][safepoint     ] Entering safepoint region: Cleanup
[2023-11-16T03:22:17.548+0000][26305.309s][info ][safepoint     ] Leaving safepoint region
[2023-11-16T03:22:17.548+0000][26305.309s][info ][safepoint     ] Total time for which application threads were stopped: 0.0004209 seconds, Stopping threads took: 0.0002039 seconds
[2023-11-16T03:22:18.548+0000][26306.309s][debug][safepoint     ] Safepoint synchronization initiated. (166 threads)
[2023-11-16T03:22:18.548+0000][26306.310s][info ][safepoint     ] Application time: 1.0001564 seconds
[2023-11-16T03:22:18.548+0000][26306.310s][info ][safepoint     ] Entering safepoint region: Cleanup
[2023-11-16T03:22:18.548+0000][26306.310s][info ][safepoint     ] Leaving safepoint region
[2023-11-16T03:22:18.548+0000][26306.310s][info ][safepoint     ] Total time for which application threads were stopped: 0.0002581 seconds, Stopping threads took: 0.0000502 seconds
[2023-11-16T03:22:19.548+0000][26307.310s][debug][safepoint     ] Safepoint synchronization initiated. (166 threads)
[2023-11-16T03:22:19.548+0000][26307.310s][info ][safepoint     ] Application time: 1.0001524 seconds
[2023-11-16T03:22:19.548+0000][26307.310s][info ][safepoint     ] Entering safepoint region: Cleanup
[2023-11-16T03:22:19.549+0000][26307.310s][info ][safepoint     ] Leaving safepoint region
[2023-11-16T03:22:19.549+0000][26307.310s][info ][safepoint     ] Total time for which application threads were stopped: 0.0003421 seconds, Stopping threads took: 0.0000501 seconds
[2023-11-16T03:22:20.549+0000][26308.310s][debug][safepoint     ] Safepoint synchronization initiated. (166 threads)
[2023-11-16T03:22:20.549+0000][26308.311s][info ][safepoint     ] Application time: 1.0001679 seconds
[2023-11-16T03:22:20.549+0000][26308.311s][info ][safepoint     ] Entering safepoint region: Cleanup
[2023-11-16T03:22:20.549+0000][26308.311s][info ][safepoint     ] Leaving safepoint region
[2023-11-16T03:22:20.549+0000][26308.311s][info ][safepoint     ] Total time for which application threads were stopped: 0.0003194 seconds, Stopping threads took: 0.0000501 seconds
[2023-11-16T03:22:21.549+0000][26309.311s][debug][safepoint     ] Safepoint synchronization initiated. (166 threads)
[2023-11-16T03:22:21.549+0000][26309.311s][info ][safepoint     ] Application time: 1.0001710 seconds
[2023-11-16T03:22:21.549+0000][26309.311s][info ][safepoint     ] Entering safepoint region: Cleanup
[2023-11-16T03:22:21.550+0000][26309.311s][info ][safepoint     ] Leaving safepoint region
[2023-11-16T03:22:21.550+0000][26309.311s][info ][safepoint     ] Total time for which application threads were stopped: 0.0002583 seconds, Stopping threads took: 0.0000503 seconds
[2023-11-16T03:22:22.550+0000][26310.312s][debug][safepoint     ] Safepoint synchronization initiated. (166 threads)
[2023-11-16T03:22:22.550+0000][26310.312s][info ][safepoint     ] Application time: 1.0001703 seconds
[2023-11-16T03:22:22.550+0000][26310.312s][info ][safepoint     ] Entering safepoint region: Cleanup
[2023-11-16T03:22:22.550+0000][26310.312s][info ][safepoint     ] Leaving safepoint region
[2023-11-16T03:22:22.550+0000][26310.312s][info ][safepoint     ] Total time for which application threads were stopped: 0.0003415 seconds, Stopping threads took: 0.0000496 seconds
[2023-11-16T03:22:23.550+0000][26311.312s][debug][safepoint     ] Safepoint synchronization initiated. (166 threads)
[2023-11-16T03:22:23.550+0000][26311.312s][info ][safepoint     ] Application time: 1.0001576 seconds
[2023-11-16T03:22:23.551+0000][26311.312s][info ][safepoint     ] Entering safepoint region: Cleanup
[2023-11-16T03:22:23.551+0000][26311.312s][info ][safepoint     ] Leaving safepoint region
[2023-11-16T03:22:23.551+0000][26311.312s][info ][safepoint     ] Total time for which application threads were stopped: 0.0003396 seconds, Stopping threads took: 0.0000502 seconds
[2023-11-16T03:22:24.551+0000][26312.313s][debug][safepoint     ] Safepoint synchronization initiated. (166 threads)
[2023-11-16T03:22:24.551+0000][26312.313s][info ][safepoint     ] Application time: 1.0001617 seconds
[2023-11-16T03:22:24.551+0000][26312.313s][info ][safepoint     ] Entering safepoint region: Cleanup
[2023-11-16T03:22:24.551+0000][26312.313s][info ][safepoint     ] Leaving safepoint region
[2023-11-16T03:22:24.551+0000][26312.313s][info ][safepoint     ] Total time for which application threads were stopped: 0.0003075 seconds, Stopping threads took: 0.0000502 seconds
[2023-11-16T03:22:25.551+0000][26313.313s][debug][safepoint     ] Safepoint synchronization initiated. (166 threads)
[2023-11-16T03:22:25.552+0000][26313.313s][info ][safepoint     ] Application time: 1.0001741 seconds
[2023-11-16T03:22:25.552+0000][26313.313s][info ][safepoint     ] Entering safepoint region: Cleanup
[2023-11-16T03:22:25.552+0000][26313.313s][info ][safepoint     ] Leaving safepoint region
[2023-11-16T03:22:25.552+0000][26313.313s][info ][safepoint     ] Total time for which application threads were stopped: 0.0003077 seconds, Stopping threads took: 0.0000526 seconds
[2023-11-16T03:22:26.552+0000][26314.314s][debug][safepoint     ] Safepoint synchronization initiated. (166 threads)
[2023-11-16T03:22:26.552+0000][26314.314s][info ][safepoint     ] Application time: 1.0001579 seconds
[2023-11-16T03:22:26.552+0000][26314.314s][info ][safepoint     ] Entering safepoint region: Cleanup
[2023-11-16T03:22:26.552+0000][26314.314s][info ][safepoint     ] Leaving safepoint region
[2023-11-16T03:22:26.552+0000][26314.314s][info ][safepoint     ] Total time for which application threads were stopped: 0.0002560 seconds, Stopping threads took: 0.0000503 seconds
[2023-11-16T03:22:27.552+0000][26315.314s][debug][safepoint     ] Safepoint synchronization initiated. (166 threads)
[2023-11-16T03:22:27.552+0000][26315.314s][info ][safepoint     ] Application time: 1.0001589 seconds
[2023-11-16T03:22:27.553+0000][26315.314s][info ][safepoint     ] Entering safepoint region: Cleanup
[2023-11-16T03:22:27.553+0000][26315.314s][info ][safepoint     ] Leaving safepoint region
[2023-11-16T03:22:27.553+0000][26315.314s][info ][safepoint     ] Total time for which application threads were stopped: 0.0003428 seconds, Stopping threads took: 0.0000495 seconds
[2023-11-16T03:22:28.553+0000][26316.315s][debug][safepoint     ] Safepoint synchronization initiated. (166 threads)
[2023-11-16T03:22:28.553+0000][26316.315s][info ][safepoint     ] Application time: 1.0001473 seconds
[2023-11-16T03:22:28.553+0000][26316.315s][info ][safepoint     ] Entering safepoint region: Cleanup
[2023-11-16T03:22:28.553+0000][26316.315s][info ][safepoint     ] Leaving safepoint region
[2023-11-16T03:22:28.553+0000][26316.315s][info ][safepoint     ] Total time for which application threads were stopped: 0.0003211 seconds, Stopping threads took: 0.0000521 seconds
[2023-11-16T03:22:29.553+0000][26317.315s][debug][safepoint     ] Safepoint synchronization initiated. (166 threads)
[2023-11-16T03:22:29.554+0000][26317.315s][info ][safepoint     ] Application time: 1.0001404 seconds
[2023-11-16T03:22:29.554+0000][26317.315s][info ][safepoint     ] Entering safepoint region: Cleanup
[2023-11-16T03:22:29.554+0000][26317.315s][info ][safepoint     ] Leaving safepoint region
[2023-11-16T03:22:29.554+0000][26317.315s][info ][safepoint     ] Total time for which application threads were stopped: 0.0003150 seconds, Stopping threads took: 0.0000541 seconds
[2023-11-16T03:22:30.554+0000][26318.316s][debug][safepoint     ] Safepoint synchronization initiated. (166 threads)
[2023-11-16T03:22:30.554+0000][26318.316s][info ][safepoint     ] Application time: 1.0001706 seconds
[2023-11-16T03:22:30.554+0000][26318.316s][info ][safepoint     ] Entering safepoint region: Cleanup
[2023-11-16T03:22:30.554+0000][26318.316s][info ][safepoint     ] Leaving safepoint region
[2023-11-16T03:22:30.554+0000][26318.316s][info ][safepoint     ] Total time for which application threads were stopped: 0.0003253 seconds, Stopping threads took: 0.0000554 seconds
[2023-11-16T03:22:31.555+0000][26319.316s][debug][safepoint     ] Safepoint synchronization initiated. (166 threads)
[2023-11-16T03:22:31.555+0000][26319.316s][info ][safepoint     ] Application time: 1.0001546 seconds
[2023-11-16T03:22:31.555+0000][26319.316s][info ][safepoint     ] Entering safepoint region: Cleanup
[2023-11-16T03:22:31.555+0000][26319.316s][info ][safepoint     ] Leaving safepoint region
[2023-11-16T03:22:31.555+0000][26319.316s][info ][safepoint     ] Total time for which application threads were stopped: 0.0002460 seconds, Stopping threads took: 0.0000504 seconds
[2023-11-16T03:22:32.555+0000][26320.317s][debug][safepoint     ] Safepoint synchronization initiated. (166 threads)
[2023-11-16T03:22:32.555+0000][26320.317s][info ][safepoint     ] Application time: 1.0001444 seconds
[2023-11-16T03:22:32.555+0000][26320.317s][info ][safepoint     ] Entering safepoint region: Cleanup
[2023-11-16T03:22:32.555+0000][26320.317s][info ][safepoint     ] Leaving safepoint region
[2023-11-16T03:22:32.555+0000][26320.317s][info ][safepoint     ] Total time for which application threads were stopped: 0.0002464 seconds, Stopping threads took: 0.0000488 seconds
[2023-11-16T03:22:33.555+0000][26321.317s][debug][safepoint     ] Safepoint synchronization initiated. (166 threads)
[2023-11-16T03:22:33.555+0000][26321.317s][info ][safepoint     ] Application time: 1.0001387 seconds
[2023-11-16T03:22:33.555+0000][26321.317s][info ][safepoint     ] Entering safepoint region: Cleanup
[2023-11-16T03:22:33.556+0000][26321.317s][info ][safepoint     ] Leaving safepoint region
[2023-11-16T03:22:33.556+0000][26321.317s][info ][safepoint     ] Total time for which application threads were stopped: 0.0002858 seconds, Stopping threads took: 0.0000769 seconds
[2023-11-16T03:22:34.556+0000][26322.317s][debug][safepoint     ] Safepoint synchronization initiated. (166 threads)
[2023-11-16T03:22:34.556+0000][26322.318s][info ][safepoint     ] Application time: 1.0001520 seconds
[2023-11-16T03:22:34.556+0000][26322.318s][info ][safepoint     ] Entering safepoint region: Cleanup
[2023-11-16T03:22:34.556+0000][26322.318s][info ][safepoint     ] Leaving safepoint region
[2023-11-16T03:22:34.556+0000][26322.318s][info ][safepoint     ] Total time for which application threads were stopped: 0.0002723 seconds, Stopping threads took: 0.0000505 seconds
[2023-11-16T03:22:35.556+0000][26323.318s][debug][safepoint     ] Safepoint synchronization initiated. (166 threads)
[2023-11-16T03:22:35.556+0000][26323.318s][info ][safepoint     ] Application time: 1.0001497 seconds
[2023-11-16T03:22:35.556+0000][26323.318s][info ][safepoint     ] Entering safepoint region: Cleanup
[2023-11-16T03:22:35.557+0000][26323.318s][info ][safepoint     ] Leaving safepoint region
[2023-11-16T03:22:35.557+0000][26323.318s][info ][safepoint     ] Total time for which application threads were stopped: 0.0002842 seconds, Stopping threads took: 0.0000520 seconds
[2023-11-16T03:22:36.557+0000][26324.318s][debug][safepoint     ] Safepoint synchronization initiated. (166 threads)
[2023-11-16T03:22:36.557+0000][26324.318s][info ][safepoint     ] Application time: 1.0001522 seconds
[2023-11-16T03:22:36.557+0000][26324.318s][info ][safepoint     ] Entering safepoint region: Cleanup
[2023-11-16T03:22:36.557+0000][26324.319s][info ][safepoint     ] Leaving safepoint region
[2023-11-16T03:22:36.557+0000][26324.319s][info ][safepoint     ] Total time for which application threads were stopped: 0.0002119 seconds, Stopping threads took: 0.0000408 seconds
[2023-11-16T03:22:37.557+0000][26325.319s][debug][safepoint     ] Safepoint synchronization initiated. (166 threads)
[2023-11-16T03:22:37.557+0000][26325.319s][info ][safepoint     ] Application time: 1.0001597 seconds
[2023-11-16T03:22:37.557+0000][26325.319s][info ][safepoint     ] Entering safepoint region: Cleanup
[2023-11-16T03:22:37.558+0000][26325.319s][info ][safepoint     ] Leaving safepoint region
[2023-11-16T03:22:37.558+0000][26325.319s][info ][safepoint     ] Total time for which application threads were stopped: 0.0006070 seconds, Stopping threads took: 0.0003752 seconds
[2023-11-16T03:22:38.558+0000][26326.320s][debug][safepoint     ] Safepoint synchronization initiated. (166 threads)
[2023-11-16T03:22:38.558+0000][26326.320s][info ][safepoint     ] Application time: 1.0001771 seconds
[2023-11-16T03:22:38.558+0000][26326.320s][info ][safepoint     ] Entering safepoint region: Cleanup
[2023-11-16T03:22:38.558+0000][26326.320s][info ][safepoint     ] Leaving safepoint region
[2023-11-16T03:22:38.558+0000][26326.320s][info ][safepoint     ] Total time for which application threads were stopped: 0.0003561 seconds, Stopping threads took: 0.0000527 seconds
[2023-11-16T03:22:39.559+0000][26327.320s][debug][safepoint     ] Safepoint synchronization initiated. (166 threads)
[2023-11-16T03:22:39.559+0000][26327.320s][info ][safepoint     ] Application time: 1.0001605 seconds
[2023-11-16T03:22:39.559+0000][26327.320s][info ][safepoint     ] Entering safepoint region: Cleanup
[2023-11-16T03:22:39.559+0000][26327.321s][info ][safepoint     ] Leaving safepoint region
[2023-11-16T03:22:39.559+0000][26327.321s][info ][safepoint     ] Total time for which application threads were stopped: 0.0003360 seconds, Stopping threads took: 0.0000529 seconds
[2023-11-16T03:22:40.559+0000][26328.321s][debug][safepoint     ] Safepoint synchronization initiated. (166 threads)
[2023-11-16T03:22:40.559+0000][26328.321s][info ][safepoint     ] Application time: 1.0001846 seconds
[2023-11-16T03:22:40.559+0000][26328.321s][info ][safepoint     ] Entering safepoint region: Cleanup
[2023-11-16T03:22:40.559+0000][26328.321s][info ][safepoint     ] Leaving safepoint region
[2023-11-16T03:22:40.560+0000][26328.321s][info ][safepoint     ] Total time for which application threads were stopped: 0.0003674 seconds, Stopping threads took: 0.0000519 seconds
[2023-11-16T03:22:41.560+0000][26329.321s][debug][safepoint     ] Safepoint synchronization initiated. (166 threads)
[2023-11-16T03:22:41.560+0000][26329.321s][info ][safepoint     ] Application time: 1.0001504 seconds
[2023-11-16T03:22:41.560+0000][26329.321s][info ][safepoint     ] Entering safepoint region: Cleanup
[2023-11-16T03:22:41.560+0000][26329.322s][info ][safepoint     ] Leaving safepoint region
[2023-11-16T03:22:41.560+0000][26329.322s][info ][safepoint     ] Total time for which application threads were stopped: 0.0003429 seconds, Stopping threads took: 0.0000516 seconds
[2023-11-16T03:22:42.560+0000][26330.322s][debug][safepoint     ] Safepoint synchronization initiated. (166 threads)
[2023-11-16T03:22:42.560+0000][26330.322s][info ][safepoint     ] Application time: 1.0001618 seconds
[2023-11-16T03:22:42.560+0000][26330.322s][info ][safepoint     ] Entering safepoint region: Cleanup
[2023-11-16T03:22:42.561+0000][26330.322s][info ][safepoint     ] Leaving safepoint region
[2023-11-16T03:22:42.561+0000][26330.322s][info ][safepoint     ] Total time for which application threads were stopped: 0.0005419 seconds, Stopping threads took: 0.0002561 seconds
[2023-11-16T03:22:43.561+0000][26331.323s][debug][safepoint     ] Safepoint synchronization initiated. (166 threads)
[2023-11-16T03:22:43.561+0000][26331.323s][info ][safepoint     ] Application time: 1.0001664 seconds
[2023-11-16T03:22:43.561+0000][26331.323s][info ][safepoint     ] Entering safepoint region: Cleanup
[2023-11-16T03:22:43.561+0000][26331.323s][info ][safepoint     ] Leaving safepoint region
[2023-11-16T03:22:43.561+0000][26331.323s][info ][safepoint     ] Total time for which application threads were stopped: 0.0003452 seconds, Stopping threads took: 0.0000522 seconds
[2023-11-16T03:22:44.561+0000][26332.323s][debug][safepoint     ] Safepoint synchronization initiated. (166 threads)
[2023-11-16T03:22:44.562+0000][26332.323s][info ][safepoint     ] Application time: 1.0001729 seconds
[2023-11-16T03:22:44.562+0000][26332.323s][info ][safepoint     ] Entering safepoint region: Cleanup
[2023-11-16T03:22:44.562+0000][26332.324s][info ][safepoint     ] Leaving safepoint region
[2023-11-16T03:22:44.562+0000][26332.324s][info ][safepoint     ] Total time for which application threads were stopped: 0.0003475 seconds, Stopping threads took: 0.0000521 seconds
[2023-11-16T03:22:45.562+0000][26333.324s][debug][safepoint     ] Safepoint synchronization initiated. (166 threads)
[2023-11-16T03:22:45.562+0000][26333.324s][info ][safepoint     ] Application time: 1.0001580 seconds
[2023-11-16T03:22:45.562+0000][26333.324s][info ][safepoint     ] Entering safepoint region: Cleanup
[2023-11-16T03:22:45.562+0000][26333.324s][info ][safepoint     ] Leaving safepoint region
[2023-11-16T03:22:45.562+0000][26333.324s][info ][safepoint     ] Total time for which application threads were stopped: 0.0003515 seconds, Stopping threads took: 0.0000519 seconds
[2023-11-16T03:22:46.563+0000][26334.324s][debug][safepoint     ] Safepoint synchronization initiated. (166 threads)
[2023-11-16T03:22:46.563+0000][26334.324s][info ][safepoint     ] Application time: 1.0001611 seconds
[2023-11-16T03:22:46.563+0000][26334.324s][info ][safepoint     ] Entering safepoint region: Cleanup
[2023-11-16T03:22:46.563+0000][26334.325s][info ][safepoint     ] Leaving safepoint region
[2023-11-16T03:22:46.563+0000][26334.325s][info ][safepoint     ] Total time for which application threads were stopped: 0.0003496 seconds, Stopping threads took: 0.0000514 seconds
[2023-11-16T03:22:47.563+0000][26335.325s][debug][safepoint     ] Safepoint synchronization initiated. (166 threads)
[2023-11-16T03:22:47.563+0000][26335.325s][info ][safepoint     ] Application time: 1.0001734 seconds
[2023-11-16T03:22:47.563+0000][26335.325s][info ][safepoint     ] Entering safepoint region: Cleanup
[2023-11-16T03:22:47.564+0000][26335.325s][info ][safepoint     ] Leaving safepoint region
[2023-11-16T03:22:47.564+0000][26335.325s][info ][safepoint     ] Total time for which application threads were stopped: 0.0003489 seconds, Stopping threads took: 0.0000518 seconds
[2023-11-16T03:22:48.564+0000][26336.325s][debug][safepoint     ] Safepoint synchronization initiated. (166 threads)
[2023-11-16T03:22:48.564+0000][26336.325s][info ][safepoint     ] Application time: 1.0001433 seconds
[2023-11-16T03:22:48.564+0000][26336.325s][info ][safepoint     ] Entering safepoint region: Cleanup
[2023-11-16T03:22:48.564+0000][26336.326s][info ][safepoint     ] Leaving safepoint region
[2023-11-16T03:22:48.564+0000][26336.326s][info ][safepoint     ] Total time for which application threads were stopped: 0.0003476 seconds, Stopping threads took: 0.0000514 seconds
[2023-11-16T03:22:49.564+0000][26337.326s][debug][safepoint     ] Safepoint synchronization initiated. (166 threads)
[2023-11-16T03:22:49.564+0000][26337.326s][info ][safepoint     ] Application time: 1.0001571 seconds
[2023-11-16T03:22:49.564+0000][26337.326s][info ][safepoint     ] Entering safepoint region: Cleanup
[2023-11-16T03:22:49.565+0000][26337.326s][info ][safepoint     ] Leaving safepoint region
[2023-11-16T03:22:49.565+0000][26337.326s][info ][safepoint     ] Total time for which application threads were stopped: 0.0003691 seconds, Stopping threads took: 0.0000773 seconds
[2023-11-16T03:22:50.565+0000][26338.326s][debug][safepoint     ] Safepoint synchronization initiated. (166 threads)
[2023-11-16T03:22:50.565+0000][26338.326s][info ][safepoint     ] Application time: 1.0001578 seconds
[2023-11-16T03:22:50.565+0000][26338.327s][info ][safepoint     ] Entering safepoint region: Cleanup
[2023-11-16T03:22:50.565+0000][26338.327s][info ][safepoint     ] Leaving safepoint region
[2023-11-16T03:22:50.565+0000][26338.327s][info ][safepoint     ] Total time for which application threads were stopped: 0.0003466 seconds, Stopping threads took: 0.0000528 seconds
[2023-11-16T03:22:51.565+0000][26339.327s][debug][safepoint     ] Safepoint synchronization initiated. (166 threads)
[2023-11-16T03:22:51.565+0000][26339.327s][info ][safepoint     ] Application time: 1.0001851 seconds
[2023-11-16T03:22:51.565+0000][26339.327s][info ][safepoint     ] Entering safepoint region: Cleanup
[2023-11-16T03:22:51.566+0000][26339.328s][info ][safepoint     ] Leaving safepoint region
[2023-11-16T03:22:51.566+0000][26339.328s][info ][safepoint     ] Total time for which application threads were stopped: 0.0005133 seconds, Stopping threads took: 0.0002994 seconds
[2023-11-16T03:22:52.566+0000][26340.328s][debug][safepoint     ] Safepoint synchronization initiated. (166 threads)
[2023-11-16T03:22:52.566+0000][26340.328s][info ][safepoint     ] Application time: 1.0001586 seconds
[2023-11-16T03:22:52.566+0000][26340.328s][info ][safepoint     ] Entering safepoint region: Cleanup
[2023-11-16T03:22:52.566+0000][26340.328s][info ][safepoint     ] Leaving safepoint region
[2023-11-16T03:22:52.566+0000][26340.328s][info ][safepoint     ] Total time for which application threads were stopped: 0.0002423 seconds, Stopping threads took: 0.0000337 seconds
[2023-11-16T03:22:53.566+0000][26341.328s][debug][safepoint     ] Safepoint synchronization initiated. (166 threads)
[2023-11-16T03:22:53.567+0000][26341.328s][info ][safepoint     ] Application time: 1.0001559 seconds
[2023-11-16T03:22:53.567+0000][26341.328s][info ][safepoint     ] Entering safepoint region: Cleanup
[2023-11-16T03:22:53.567+0000][26341.328s][info ][safepoint     ] Leaving safepoint region
[2023-11-16T03:22:53.567+0000][26341.329s][info ][safepoint     ] Total time for which application threads were stopped: 0.0003475 seconds, Stopping threads took: 0.0000514 seconds
[2023-11-16T03:22:54.567+0000][26342.329s][debug][safepoint     ] Safepoint synchronization initiated. (166 threads)
[2023-11-16T03:22:54.567+0000][26342.329s][info ][safepoint     ] Application time: 1.0001606 seconds
[2023-11-16T03:22:54.567+0000][26342.329s][info ][safepoint     ] Entering safepoint region: Cleanup
[2023-11-16T03:22:54.567+0000][26342.329s][info ][safepoint     ] Leaving safepoint region
[2023-11-16T03:22:54.567+0000][26342.329s][info ][safepoint     ] Total time for which application threads were stopped: 0.0002969 seconds, Stopping threads took: 0.0000510 seconds
[2023-11-16T03:22:55.568+0000][26343.329s][debug][safepoint     ] Safepoint synchronization initiated. (166 threads)
[2023-11-16T03:22:55.568+0000][26343.329s][info ][safepoint     ] Application time: 1.0001605 seconds
[2023-11-16T03:22:55.568+0000][26343.329s][info ][safepoint     ] Entering safepoint region: Cleanup
[2023-11-16T03:22:55.568+0000][26343.330s][info ][safepoint     ] Leaving safepoint region
[2023-11-16T03:22:55.568+0000][26343.330s][info ][safepoint     ] Total time for which application threads were stopped: 0.0003429 seconds, Stopping threads took: 0.0000515 seconds
[2023-11-16T03:22:56.568+0000][26344.330s][debug][safepoint     ] Safepoint synchronization initiated. (166 threads)
[2023-11-16T03:22:56.568+0000][26344.330s][info ][safepoint     ] Application time: 1.0001582 seconds
[2023-11-16T03:22:56.568+0000][26344.330s][info ][safepoint     ] Entering safepoint region: Cleanup
[2023-11-16T03:22:56.568+0000][26344.330s][info ][safepoint     ] Leaving safepoint region
[2023-11-16T03:22:56.569+0000][26344.330s][info ][safepoint     ] Total time for which application threads were stopped: 0.0003459 seconds, Stopping threads took: 0.0000544 seconds
[2023-11-16T03:22:57.569+0000][26345.330s][debug][safepoint     ] Safepoint synchronization initiated. (166 threads)
[2023-11-16T03:22:57.569+0000][26345.330s][info ][safepoint     ] Application time: 1.0001486 seconds
[2023-11-16T03:22:57.569+0000][26345.330s][info ][safepoint     ] Entering safepoint region: Cleanup
[2023-11-16T03:22:57.569+0000][26345.331s][info ][safepoint     ] Leaving safepoint region
[2023-11-16T03:22:57.569+0000][26345.331s][info ][safepoint     ] Total time for which application threads were stopped: 0.0006330 seconds, Stopping threads took: 0.0002859 seconds
[2023-11-16T03:22:58.569+0000][26346.331s][debug][safepoint     ] Safepoint synchronization initiated. (166 threads)
[2023-11-16T03:22:58.570+0000][26346.331s][info ][safepoint     ] Application time: 1.0001755 seconds
[2023-11-16T03:22:58.570+0000][26346.331s][info ][safepoint     ] Entering safepoint region: Cleanup
[2023-11-16T03:22:58.570+0000][26346.331s][info ][safepoint     ] Leaving safepoint region
[2023-11-16T03:22:58.570+0000][26346.332s][info ][safepoint     ] Total time for which application threads were stopped: 0.0003531 seconds, Stopping threads took: 0.0000526 seconds
[2023-11-16T03:22:59.570+0000][26347.332s][debug][safepoint     ] Safepoint synchronization initiated. (166 threads)
[2023-11-16T03:22:59.570+0000][26347.332s][info ][safepoint     ] Application time: 1.0001600 seconds
[2023-11-16T03:22:59.570+0000][26347.332s][info ][safepoint     ] Entering safepoint region: Cleanup
[2023-11-16T03:22:59.570+0000][26347.332s][info ][safepoint     ] Leaving safepoint region
[2023-11-16T03:22:59.570+0000][26347.332s][info ][safepoint     ] Total time for which application threads were stopped: 0.0003470 seconds, Stopping threads took: 0.0000519 seconds
[2023-11-16T03:23:00.571+0000][26348.332s][debug][safepoint     ] Safepoint synchronization initiated. (166 threads)
[2023-11-16T03:23:00.571+0000][26348.332s][info ][safepoint     ] Application time: 1.0001654 seconds
[2023-11-16T03:23:00.571+0000][26348.332s][info ][safepoint     ] Entering safepoint region: Cleanup
[2023-11-16T03:23:00.571+0000][26348.333s][info ][safepoint     ] Leaving safepoint region
[2023-11-16T03:23:00.571+0000][26348.333s][info ][safepoint     ] Total time for which application threads were stopped: 0.0003451 seconds, Stopping threads took: 0.0000519 seconds
[2023-11-16T03:23:01.571+0000][26349.333s][debug][safepoint     ] Safepoint synchronization initiated. (166 threads)
[2023-11-16T03:23:01.571+0000][26349.333s][info ][safepoint     ] Application time: 1.0001811 seconds
[2023-11-16T03:23:01.571+0000][26349.333s][info ][safepoint     ] Entering safepoint region: Cleanup
[2023-11-16T03:23:01.572+0000][26349.333s][info ][safepoint     ] Leaving safepoint region
[2023-11-16T03:23:01.572+0000][26349.333s][info ][safepoint     ] Total time for which application threads were stopped: 0.0003390 seconds, Stopping threads took: 0.0000515 seconds
[2023-11-16T03:23:02.572+0000][26350.333s][debug][safepoint     ] Safepoint synchronization initiated. (166 threads)
[2023-11-16T03:23:02.572+0000][26350.333s][info ][safepoint     ] Application time: 1.0001460 seconds
[2023-11-16T03:23:02.572+0000][26350.333s][info ][safepoint     ] Entering safepoint region: Cleanup
[2023-11-16T03:23:02.572+0000][26350.334s][info ][safepoint     ] Leaving safepoint region
[2023-11-16T03:23:02.572+0000][26350.334s][info ][safepoint     ] Total time for which application threads were stopped: 0.0003405 seconds, Stopping threads took: 0.0000491 seconds
[2023-11-16T03:23:03.572+0000][26351.334s][debug][safepoint     ] Safepoint synchronization initiated. (166 threads)
[2023-11-16T03:23:03.572+0000][26351.334s][info ][safepoint     ] Application time: 1.0001671 seconds
[2023-11-16T03:23:03.572+0000][26351.334s][info ][safepoint     ] Entering safepoint region: Cleanup
[2023-11-16T03:23:03.573+0000][26351.334s][info ][safepoint     ] Leaving safepoint region
[2023-11-16T03:23:03.573+0000][26351.334s][info ][safepoint     ] Total time for which application threads were stopped: 0.0003418 seconds, Stopping threads took: 0.0000514 seconds
[2023-11-16T03:23:04.573+0000][26352.334s][debug][safepoint     ] Safepoint synchronization initiated. (166 threads)
[2023-11-16T03:23:04.573+0000][26352.334s][info ][safepoint     ] Application time: 1.0001711 seconds
[2023-11-16T03:23:04.573+0000][26352.335s][info ][safepoint     ] Entering safepoint region: Cleanup
[2023-11-16T03:23:04.573+0000][26352.335s][info ][safepoint     ] Leaving safepoint region
[2023-11-16T03:23:04.573+0000][26352.335s][info ][safepoint     ] Total time for which application threads were stopped: 0.0003099 seconds, Stopping threads took: 0.0000507 seconds
[2023-11-16T03:23:05.573+0000][26353.335s][debug][safepoint     ] Safepoint synchronization initiated. (166 threads)
[2023-11-16T03:23:05.573+0000][26353.335s][info ][safepoint     ] Application time: 1.0001738 seconds
[2023-11-16T03:23:05.573+0000][26353.335s][info ][safepoint     ] Entering safepoint region: Cleanup
[2023-11-16T03:23:05.574+0000][26353.336s][info ][safepoint     ] Leaving safepoint region
[2023-11-16T03:23:05.574+0000][26353.336s][info ][safepoint     ] Total time for which application threads were stopped: 0.0007326 seconds, Stopping threads took: 0.0005269 seconds
[2023-11-16T03:23:06.574+0000][26354.336s][debug][safepoint     ] Safepoint synchronization initiated. (166 threads)
[2023-11-16T03:23:06.574+0000][26354.336s][info ][safepoint     ] Application time: 1.0001679 seconds
[2023-11-16T03:23:06.574+0000][26354.336s][info ][safepoint     ] Entering safepoint region: Cleanup
[2023-11-16T03:23:06.575+0000][26354.336s][info ][safepoint     ] Leaving safepoint region
[2023-11-16T03:23:06.575+0000][26354.336s][info ][safepoint     ] Total time for which application threads were stopped: 0.0003481 seconds, Stopping threads took: 0.0000505 seconds
[2023-11-16T03:23:07.575+0000][26355.336s][debug][safepoint     ] Safepoint synchronization initiated. (166 threads)
[2023-11-16T03:23:07.575+0000][26355.336s][info ][safepoint     ] Application time: 1.0001539 seconds
[2023-11-16T03:23:07.575+0000][26355.337s][info ][safepoint     ] Entering safepoint region: Cleanup
[2023-11-16T03:23:07.575+0000][26355.337s][info ][safepoint     ] Leaving safepoint region
[2023-11-16T03:23:07.575+0000][26355.337s][info ][safepoint     ] Total time for which application threads were stopped: 0.0003416 seconds, Stopping threads took: 0.0000506 seconds
[2023-11-16T03:23:08.575+0000][26356.337s][debug][safepoint     ] Safepoint synchronization initiated. (166 threads)
[2023-11-16T03:23:08.575+0000][26356.337s][info ][safepoint     ] Application time: 1.0001755 seconds
[2023-11-16T03:23:08.575+0000][26356.337s][info ][safepoint     ] Entering safepoint region: Cleanup
[2023-11-16T03:23:08.576+0000][26356.337s][info ][safepoint     ] Leaving safepoint region
[2023-11-16T03:23:08.576+0000][26356.337s][info ][safepoint     ] Total time for which application threads were stopped: 0.0003639 seconds, Stopping threads took: 0.0000683 seconds
[2023-11-16T03:23:09.576+0000][26357.338s][debug][safepoint     ] Safepoint synchronization initiated. (166 threads)
[2023-11-16T03:23:09.576+0000][26357.338s][info ][safepoint     ] Application time: 1.0001482 seconds
[2023-11-16T03:23:09.576+0000][26357.338s][info ][safepoint     ] Entering safepoint region: Cleanup
[2023-11-16T03:23:09.576+0000][26357.338s][info ][safepoint     ] Leaving safepoint region
[2023-11-16T03:23:09.576+0000][26357.338s][info ][safepoint     ] Total time for which application threads were stopped: 0.0003386 seconds, Stopping threads took: 0.0000495 seconds
[2023-11-16T03:23:10.576+0000][26358.338s][debug][safepoint     ] Safepoint synchronization initiated. (166 threads)
[2023-11-16T03:23:10.577+0000][26358.338s][info ][safepoint     ] Application time: 1.0001965 seconds
[2023-11-16T03:23:10.577+0000][26358.338s][info ][safepoint     ] Entering safepoint region: Cleanup
[2023-11-16T03:23:10.577+0000][26358.339s][info ][safepoint     ] Leaving safepoint region
[2023-11-16T03:23:10.577+0000][26358.339s][info ][safepoint     ] Total time for which application threads were stopped: 0.0004106 seconds, Stopping threads took: 0.0000515 seconds
[2023-11-16T03:23:11.577+0000][26359.339s][debug][safepoint     ] Safepoint synchronization initiated. (166 threads)
[2023-11-16T03:23:11.577+0000][26359.339s][info ][safepoint     ] Application time: 1.0001691 seconds
[2023-11-16T03:23:11.577+0000][26359.339s][info ][safepoint     ] Entering safepoint region: Cleanup
[2023-11-16T03:23:11.577+0000][26359.339s][info ][safepoint     ] Leaving safepoint region
[2023-11-16T03:23:11.577+0000][26359.339s][info ][safepoint     ] Total time for which application threads were stopped: 0.0002597 seconds, Stopping threads took: 0.0000493 seconds
[2023-11-16T03:23:12.578+0000][26360.339s][debug][safepoint     ] Safepoint synchronization initiated. (166 threads)
[2023-11-16T03:23:12.578+0000][26360.339s][info ][safepoint     ] Application time: 1.0001683 seconds
[2023-11-16T03:23:12.578+0000][26360.339s][info ][safepoint     ] Entering safepoint region: Cleanup
[2023-11-16T03:23:12.578+0000][26360.339s][info ][safepoint     ] Leaving safepoint region
[2023-11-16T03:23:12.578+0000][26360.340s][info ][safepoint     ] Total time for which application threads were stopped: 0.0002608 seconds, Stopping threads took: 0.0000492 seconds
[2023-11-16T03:23:13.578+0000][26361.340s][debug][safepoint     ] Safepoint synchronization initiated. (166 threads)
[2023-11-16T03:23:13.578+0000][26361.340s][info ][safepoint     ] Application time: 1.0001748 seconds
[2023-11-16T03:23:13.578+0000][26361.340s][info ][safepoint     ] Entering safepoint region: Cleanup
[2023-11-16T03:23:13.578+0000][26361.340s][info ][safepoint     ] Leaving safepoint region
[2023-11-16T03:23:13.578+0000][26361.340s][info ][safepoint     ] Total time for which application threads were stopped: 0.0003480 seconds, Stopping threads took: 0.0000508 seconds
[2023-11-16T03:23:14.579+0000][26362.340s][debug][safepoint     ] Safepoint synchronization initiated. (166 threads)
[2023-11-16T03:23:14.579+0000][26362.340s][info ][safepoint     ] Application time: 1.0001664 seconds
[2023-11-16T03:23:14.579+0000][26362.340s][info ][safepoint     ] Entering safepoint region: Cleanup
[2023-11-16T03:23:14.579+0000][26362.341s][info ][safepoint     ] Leaving safepoint region
[2023-11-16T03:23:14.579+0000][26362.341s][info ][safepoint     ] Total time for which application threads were stopped: 0.0003434 seconds, Stopping threads took: 0.0000490 seconds
[2023-11-16T03:23:15.579+0000][26363.341s][debug][safepoint     ] Safepoint synchronization initiated. (166 threads)
[2023-11-16T03:23:15.579+0000][26363.341s][info ][safepoint     ] Application time: 1.0001566 seconds
[2023-11-16T03:23:15.579+0000][26363.341s][info ][safepoint     ] Entering safepoint region: Cleanup
[2023-11-16T03:23:15.580+0000][26363.341s][info ][safepoint     ] Leaving safepoint region
[2023-11-16T03:23:15.580+0000][26363.341s][info ][safepoint     ] Total time for which application threads were stopped: 0.0004150 seconds, Stopping threads took: 0.0001668 seconds
[2023-11-16T03:23:16.580+0000][26364.341s][debug][safepoint     ] Safepoint synchronization initiated. (166 threads)
[2023-11-16T03:23:16.580+0000][26364.341s][info ][safepoint     ] Application time: 1.0001435 seconds
[2023-11-16T03:23:16.580+0000][26364.341s][info ][safepoint     ] Entering safepoint region: Cleanup
[2023-11-16T03:23:16.580+0000][26364.342s][info ][safepoint     ] Leaving safepoint region
[2023-11-16T03:23:16.580+0000][26364.342s][info ][safepoint     ] Total time for which application threads were stopped: 0.0002544 seconds, Stopping threads took: 0.0000493 seconds
[2023-11-16T03:23:17.580+0000][26365.342s][debug][safepoint     ] Safepoint synchronization initiated. (166 threads)
[2023-11-16T03:23:17.580+0000][26365.342s][info ][safepoint     ] Application time: 1.0001666 seconds
[2023-11-16T03:23:17.580+0000][26365.342s][info ][safepoint     ] Entering safepoint region: Cleanup
[2023-11-16T03:23:17.581+0000][26365.342s][info ][safepoint     ] Leaving safepoint region
[2023-11-16T03:23:17.581+0000][26365.342s][info ][safepoint     ] Total time for which application threads were stopped: 0.0003472 seconds, Stopping threads took: 0.0000496 seconds
[2023-11-16T03:23:18.581+0000][26366.342s][debug][safepoint     ] Safepoint synchronization initiated. (166 threads)
[2023-11-16T03:23:18.581+0000][26366.342s][info ][safepoint     ] Application time: 1.0001614 seconds
[2023-11-16T03:23:18.581+0000][26366.342s][info ][safepoint     ] Entering safepoint region: Cleanup
[2023-11-16T03:23:18.581+0000][26366.343s][info ][safepoint     ] Leaving safepoint region
[2023-11-16T03:23:18.581+0000][26366.343s][info ][safepoint     ] Total time for which application threads were stopped: 0.0003428 seconds, Stopping threads took: 0.0000499 seconds
[2023-11-16T03:23:19.581+0000][26367.343s][debug][safepoint     ] Safepoint synchronization initiated. (166 threads)
[2023-11-16T03:23:19.581+0000][26367.343s][info ][safepoint     ] Application time: 1.0001650 seconds
[2023-11-16T03:23:19.581+0000][26367.343s][info ][safepoint     ] Entering safepoint region: Cleanup
[2023-11-16T03:23:19.582+0000][26367.343s][info ][safepoint     ] Leaving safepoint region
[2023-11-16T03:23:19.582+0000][26367.343s][info ][safepoint     ] Total time for which application threads were stopped: 0.0003412 seconds, Stopping threads took: 0.0000490 seconds
[2023-11-16T03:23:20.582+0000][26368.343s][debug][safepoint     ] Safepoint synchronization initiated. (166 threads)
[2023-11-16T03:23:20.582+0000][26368.343s][info ][safepoint     ] Application time: 1.0001724 seconds
[2023-11-16T03:23:20.582+0000][26368.344s][info ][safepoint     ] Entering safepoint region: Cleanup
[2023-11-16T03:23:20.582+0000][26368.344s][info ][safepoint     ] Leaving safepoint region
[2023-11-16T03:23:20.582+0000][26368.344s][info ][safepoint     ] Total time for which application threads were stopped: 0.0004838 seconds, Stopping threads took: 0.0002629 seconds
[2023-11-16T03:23:21.582+0000][26369.344s][debug][safepoint     ] Safepoint synchronization initiated. (166 threads)
[2023-11-16T03:23:21.583+0000][26369.344s][info ][safepoint     ] Application time: 1.0001625 seconds
[2023-11-16T03:23:21.583+0000][26369.344s][info ][safepoint     ] Entering safepoint region: Cleanup
[2023-11-16T03:23:21.583+0000][26369.344s][info ][safepoint     ] Leaving safepoint region
[2023-11-16T03:23:21.583+0000][26369.345s][info ][safepoint     ] Total time for which application threads were stopped: 0.0003435 seconds, Stopping threads took: 0.0000502 seconds
[2023-11-16T03:23:22.583+0000][26370.345s][debug][safepoint     ] Safepoint synchronization initiated. (166 threads)
[2023-11-16T03:23:22.583+0000][26370.345s][info ][safepoint     ] Application time: 1.0001761 seconds
[2023-11-16T03:23:22.583+0000][26370.345s][info ][safepoint     ] Entering safepoint region: Cleanup
[2023-11-16T03:23:22.583+0000][26370.345s][info ][safepoint     ] Leaving safepoint region
[2023-11-16T03:23:22.583+0000][26370.345s][info ][safepoint     ] Total time for which application threads were stopped: 0.0003088 seconds, Stopping threads took: 0.0000496 seconds
[2023-11-16T03:23:23.584+0000][26371.345s][debug][safepoint     ] Safepoint synchronization initiated. (166 threads)
[2023-11-16T03:23:23.584+0000][26371.345s][info ][safepoint     ] Application time: 1.0001738 seconds
[2023-11-16T03:23:23.584+0000][26371.345s][info ][safepoint     ] Entering safepoint region: Cleanup
[2023-11-16T03:23:23.584+0000][26371.345s][info ][safepoint     ] Leaving safepoint region
[2023-11-16T03:23:23.584+0000][26371.345s][info ][safepoint     ] Total time for which application threads were stopped: 0.0002420 seconds, Stopping threads took: 0.0000499 seconds
[2023-11-16T03:23:24.584+0000][26372.346s][debug][safepoint     ] Safepoint synchronization initiated. (166 threads)
[2023-11-16T03:23:24.584+0000][26372.346s][info ][safepoint     ] Application time: 1.0001953 seconds
[2023-11-16T03:23:24.584+0000][26372.346s][info ][safepoint     ] Entering safepoint region: Cleanup
[2023-11-16T03:23:24.584+0000][26372.346s][info ][safepoint     ] Leaving safepoint region
[2023-11-16T03:23:24.584+0000][26372.346s][info ][safepoint     ] Total time for which application threads were stopped: 0.0002439 seconds, Stopping threads took: 0.0000512 seconds
[2023-11-16T03:23:25.584+0000][26373.346s][debug][safepoint     ] Safepoint synchronization initiated. (166 threads)
[2023-11-16T03:23:25.584+0000][26373.346s][info ][safepoint     ] Application time: 1.0001563 seconds
[2023-11-16T03:23:25.585+0000][26373.346s][info ][safepoint     ] Entering safepoint region: Cleanup
[2023-11-16T03:23:25.585+0000][26373.347s][info ][safepoint     ] Leaving safepoint region
[2023-11-16T03:23:25.585+0000][26373.347s][info ][safepoint     ] Total time for which application threads were stopped: 0.0004374 seconds, Stopping threads took: 0.0002127 seconds
[2023-11-16T03:23:26.585+0000][26374.347s][debug][safepoint     ] Safepoint synchronization initiated. (166 threads)
[2023-11-16T03:23:26.585+0000][26374.347s][info ][safepoint     ] Application time: 1.0001684 seconds
[2023-11-16T03:23:26.585+0000][26374.347s][info ][safepoint     ] Entering safepoint region: Cleanup
[2023-11-16T03:23:26.585+0000][26374.347s][info ][safepoint     ] Leaving safepoint region
[2023-11-16T03:23:26.585+0000][26374.347s][info ][safepoint     ] Total time for which application threads were stopped: 0.0002562 seconds, Stopping threads took: 0.0000496 seconds
[2023-11-16T03:23:27.586+0000][26375.347s][debug][safepoint     ] Safepoint synchronization initiated. (166 threads)
[2023-11-16T03:23:27.586+0000][26375.347s][info ][safepoint     ] Application time: 1.0001677 seconds
[2023-11-16T03:23:27.586+0000][26375.347s][info ][safepoint     ] Entering safepoint region: Cleanup
[2023-11-16T03:23:27.586+0000][26375.348s][info ][safepoint     ] Leaving safepoint region
[2023-11-16T03:23:27.586+0000][26375.348s][info ][safepoint     ] Total time for which application threads were stopped: 0.0003452 seconds, Stopping threads took: 0.0000487 seconds
[2023-11-16T03:23:28.586+0000][26376.348s][debug][safepoint     ] Safepoint synchronization initiated. (166 threads)
[2023-11-16T03:23:28.586+0000][26376.348s][info ][safepoint     ] Application time: 1.0001511 seconds
[2023-11-16T03:23:28.586+0000][26376.348s][info ][safepoint     ] Entering safepoint region: Cleanup
[2023-11-16T03:23:28.586+0000][26376.348s][info ][safepoint     ] Leaving safepoint region
[2023-11-16T03:23:28.586+0000][26376.348s][info ][safepoint     ] Total time for which application threads were stopped: 0.0003437 seconds, Stopping threads took: 0.0000502 seconds
[2023-11-16T03:23:29.587+0000][26377.348s][debug][safepoint     ] Safepoint synchronization initiated. (166 threads)
[2023-11-16T03:23:29.587+0000][26377.348s][info ][safepoint     ] Application time: 1.0001648 seconds
[2023-11-16T03:23:29.587+0000][26377.348s][info ][safepoint     ] Entering safepoint region: Cleanup
[2023-11-16T03:23:29.587+0000][26377.349s][info ][safepoint     ] Leaving safepoint region
[2023-11-16T03:23:29.587+0000][26377.349s][info ][safepoint     ] Total time for which application threads were stopped: 0.0003371 seconds, Stopping threads took: 0.0000497 seconds
[2023-11-16T03:23:30.587+0000][26378.349s][debug][safepoint     ] Safepoint synchronization initiated. (166 threads)
[2023-11-16T03:23:30.587+0000][26378.349s][info ][safepoint     ] Application time: 1.0001550 seconds
[2023-11-16T03:23:30.587+0000][26378.349s][info ][safepoint     ] Entering safepoint region: Cleanup
[2023-11-16T03:23:30.588+0000][26378.349s][info ][safepoint     ] Leaving safepoint region
[2023-11-16T03:23:30.588+0000][26378.349s][info ][safepoint     ] Total time for which application threads were stopped: 0.0004789 seconds, Stopping threads took: 0.0002793 seconds
[2023-11-16T03:23:31.588+0000][26379.349s][debug][safepoint     ] Safepoint synchronization initiated. (166 threads)
[2023-11-16T03:23:31.588+0000][26379.350s][info ][safepoint     ] Application time: 1.0001589 seconds
[2023-11-16T03:23:31.588+0000][26379.350s][info ][safepoint     ] Entering safepoint region: Cleanup
[2023-11-16T03:23:31.588+0000][26379.350s][info ][safepoint     ] Leaving safepoint region
[2023-11-16T03:23:31.588+0000][26379.350s][info ][safepoint     ] Total time for which application threads were stopped: 0.0003419 seconds, Stopping threads took: 0.0000503 seconds
[2023-11-16T03:23:32.588+0000][26380.350s][debug][safepoint     ] Safepoint synchronization initiated. (165 threads)
[2023-11-16T03:23:32.588+0000][26380.350s][info ][safepoint     ] Application time: 1.0001893 seconds
[2023-11-16T03:23:32.589+0000][26380.350s][info ][safepoint     ] Entering safepoint region: Cleanup
[2023-11-16T03:23:32.589+0000][26380.350s][info ][safepoint     ] Leaving safepoint region
[2023-11-16T03:23:32.589+0000][26380.350s][info ][safepoint     ] Total time for which application threads were stopped: 0.0003382 seconds, Stopping threads took: 0.0000493 seconds
[2023-11-16T03:23:33.589+0000][26381.351s][debug][safepoint     ] Safepoint synchronization initiated. (165 threads)
[2023-11-16T03:23:33.589+0000][26381.351s][info ][safepoint     ] Application time: 1.0001748 seconds
[2023-11-16T03:23:33.589+0000][26381.351s][info ][safepoint     ] Entering safepoint region: Cleanup
[2023-11-16T03:23:33.589+0000][26381.351s][info ][safepoint     ] Leaving safepoint region
[2023-11-16T03:23:33.589+0000][26381.351s][info ][safepoint     ] Total time for which application threads were stopped: 0.0003435 seconds, Stopping threads took: 0.0000511 seconds
[2023-11-16T03:23:34.589+0000][26382.351s][debug][safepoint     ] Safepoint synchronization initiated. (165 threads)
[2023-11-16T03:23:34.590+0000][26382.351s][info ][safepoint     ] Application time: 1.0001568 seconds
[2023-11-16T03:23:34.590+0000][26382.351s][info ][safepoint     ] Entering safepoint region: Cleanup
[2023-11-16T03:23:34.590+0000][26382.351s][info ][safepoint     ] Leaving safepoint region
[2023-11-16T03:23:34.590+0000][26382.352s][info ][safepoint     ] Total time for which application threads were stopped: 0.0003036 seconds, Stopping threads took: 0.0000513 seconds
[2023-11-16T03:23:35.590+0000][26383.352s][debug][safepoint     ] Safepoint synchronization initiated. (165 threads)
[2023-11-16T03:23:35.590+0000][26383.352s][info ][safepoint     ] Application time: 1.0001545 seconds
[2023-11-16T03:23:35.590+0000][26383.352s][info ][safepoint     ] Entering safepoint region: Cleanup
[2023-11-16T03:23:35.590+0000][26383.352s][info ][safepoint     ] Leaving safepoint region
[2023-11-16T03:23:35.590+0000][26383.352s][info ][safepoint     ] Total time for which application threads were stopped: 0.0003401 seconds, Stopping threads took: 0.0000513 seconds
[2023-11-16T03:23:36.591+0000][26384.352s][debug][safepoint     ] Safepoint synchronization initiated. (165 threads)
[2023-11-16T03:23:36.591+0000][26384.352s][info ][safepoint     ] Application time: 1.0001701 seconds
[2023-11-16T03:23:36.591+0000][26384.352s][info ][safepoint     ] Entering safepoint region: Cleanup
[2023-11-16T03:23:36.591+0000][26384.353s][info ][safepoint     ] Leaving safepoint region
[2023-11-16T03:23:36.591+0000][26384.353s][info ][safepoint     ] Total time for which application threads were stopped: 0.0003455 seconds, Stopping threads took: 0.0000516 seconds
[2023-11-16T03:23:37.591+0000][26385.353s][debug][safepoint     ] Safepoint synchronization initiated. (165 threads)
[2023-11-16T03:23:37.591+0000][26385.353s][info ][safepoint     ] Application time: 1.0001821 seconds
[2023-11-16T03:23:37.591+0000][26385.353s][info ][safepoint     ] Entering safepoint region: Cleanup
[2023-11-16T03:23:37.591+0000][26385.353s][info ][safepoint     ] Leaving safepoint region
[2023-11-16T03:23:37.591+0000][26385.353s][info ][safepoint     ] Total time for which application threads were stopped: 0.0002510 seconds, Stopping threads took: 0.0000503 seconds
[2023-11-16T03:23:38.592+0000][26386.353s][debug][safepoint     ] Safepoint synchronization initiated. (165 threads)
[2023-11-16T03:23:38.592+0000][26386.353s][info ][safepoint     ] Application time: 1.0001557 seconds
[2023-11-16T03:23:38.592+0000][26386.353s][info ][safepoint     ] Entering safepoint region: Cleanup
[2023-11-16T03:23:38.592+0000][26386.354s][info ][safepoint     ] Leaving safepoint region
[2023-11-16T03:23:38.592+0000][26386.354s][info ][safepoint     ] Total time for which application threads were stopped: 0.0003343 seconds, Stopping threads took: 0.0000495 seconds
[2023-11-16T03:23:39.592+0000][26387.354s][debug][safepoint     ] Safepoint synchronization initiated. (165 threads)
[2023-11-16T03:23:39.592+0000][26387.354s][info ][safepoint     ] Application time: 1.0001584 seconds
[2023-11-16T03:23:39.592+0000][26387.354s][info ][safepoint     ] Entering safepoint region: Cleanup
[2023-11-16T03:23:39.592+0000][26387.354s][info ][safepoint     ] Leaving safepoint region
[2023-11-16T03:23:39.593+0000][26387.354s][info ][safepoint     ] Total time for which application threads were stopped: 0.0003347 seconds, Stopping threads took: 0.0000503 seconds
[2023-11-16T03:23:40.593+0000][26388.354s][debug][safepoint     ] Safepoint synchronization initiated. (165 threads)
[2023-11-16T03:23:40.593+0000][26388.354s][info ][safepoint     ] Application time: 1.0001581 seconds
[2023-11-16T03:23:40.593+0000][26388.354s][info ][safepoint     ] Entering safepoint region: Cleanup
[2023-11-16T03:23:40.593+0000][26388.355s][info ][safepoint     ] Leaving safepoint region
[2023-11-16T03:23:40.593+0000][26388.355s][info ][safepoint     ] Total time for which application threads were stopped: 0.0003358 seconds, Stopping threads took: 0.0000500 seconds
[2023-11-16T03:23:41.593+0000][26389.355s][debug][safepoint     ] Safepoint synchronization initiated. (165 threads)
[2023-11-16T03:23:41.593+0000][26389.355s][info ][safepoint     ] Application time: 1.0001638 seconds
[2023-11-16T03:23:41.593+0000][26389.355s][info ][safepoint     ] Entering safepoint region: Cleanup
[2023-11-16T03:23:41.594+0000][26389.355s][info ][safepoint     ] Leaving safepoint region
[2023-11-16T03:23:41.594+0000][26389.355s][info ][safepoint     ] Total time for which application threads were stopped: 0.0003308 seconds, Stopping threads took: 0.0000491 seconds
[2023-11-16T03:23:42.594+0000][26390.355s][debug][safepoint     ] Safepoint synchronization initiated. (165 threads)
[2023-11-16T03:23:42.594+0000][26390.355s][info ][safepoint     ] Application time: 1.0001662 seconds
[2023-11-16T03:23:42.594+0000][26390.355s][info ][safepoint     ] Entering safepoint region: Cleanup
[2023-11-16T03:23:42.594+0000][26390.356s][info ][safepoint     ] Leaving safepoint region
[2023-11-16T03:23:42.594+0000][26390.356s][info ][safepoint     ] Total time for which application threads were stopped: 0.0003372 seconds, Stopping threads took: 0.0000498 seconds
[2023-11-16T03:23:43.594+0000][26391.356s][debug][safepoint     ] Safepoint synchronization initiated. (165 threads)
[2023-11-16T03:23:43.594+0000][26391.356s][info ][safepoint     ] Application time: 1.0001383 seconds
[2023-11-16T03:23:43.594+0000][26391.356s][info ][safepoint     ] Entering safepoint region: Cleanup
[2023-11-16T03:23:43.595+0000][26391.356s][info ][safepoint     ] Leaving safepoint region
[2023-11-16T03:23:43.595+0000][26391.356s][info ][safepoint     ] Total time for which application threads were stopped: 0.0003360 seconds, Stopping threads took: 0.0000498 seconds
[2023-11-16T03:23:44.595+0000][26392.356s][debug][safepoint     ] Safepoint synchronization initiated. (165 threads)
[2023-11-16T03:23:44.595+0000][26392.356s][info ][safepoint     ] Application time: 1.0001449 seconds
[2023-11-16T03:23:44.595+0000][26392.356s][info ][safepoint     ] Entering safepoint region: Cleanup
[2023-11-16T03:23:44.595+0000][26392.357s][info ][safepoint     ] Leaving safepoint region
[2023-11-16T03:23:44.595+0000][26392.357s][info ][safepoint     ] Total time for which application threads were stopped: 0.0003297 seconds, Stopping threads took: 0.0000504 seconds
[2023-11-16T03:23:45.595+0000][26393.357s][debug][safepoint     ] Safepoint synchronization initiated. (165 threads)
[2023-11-16T03:23:45.595+0000][26393.357s][info ][safepoint     ] Application time: 1.0001253 seconds
[2023-11-16T03:23:45.595+0000][26393.357s][info ][safepoint     ] Entering safepoint region: Cleanup
[2023-11-16T03:23:45.596+0000][26393.357s][info ][safepoint     ] Leaving safepoint region
[2023-11-16T03:23:45.596+0000][26393.357s][info ][safepoint     ] Total time for which application threads were stopped: 0.0002849 seconds, Stopping threads took: 0.0000505 seconds
[2023-11-16T03:23:46.596+0000][26394.357s][debug][safepoint     ] Safepoint synchronization initiated. (165 threads)
[2023-11-16T03:23:46.596+0000][26394.357s][info ][safepoint     ] Application time: 1.0001497 seconds
[2023-11-16T03:23:46.596+0000][26394.357s][info ][safepoint     ] Entering safepoint region: Cleanup
[2023-11-16T03:23:46.596+0000][26394.358s][info ][safepoint     ] Leaving safepoint region
[2023-11-16T03:23:46.596+0000][26394.358s][info ][safepoint     ] Total time for which application threads were stopped: 0.0003356 seconds, Stopping threads took: 0.0000500 seconds
[2023-11-16T03:23:47.596+0000][26395.358s][debug][safepoint     ] Safepoint synchronization initiated. (165 threads)
[2023-11-16T03:23:47.596+0000][26395.358s][info ][safepoint     ] Application time: 1.0001562 seconds
[2023-11-16T03:23:47.596+0000][26395.358s][info ][safepoint     ] Entering safepoint region: Cleanup
[2023-11-16T03:23:47.597+0000][26395.359s][info ][safepoint     ] Leaving safepoint region
[2023-11-16T03:23:47.597+0000][26395.359s][info ][safepoint     ] Total time for which application threads were stopped: 0.0006045 seconds, Stopping threads took: 0.0003225 seconds
[2023-11-16T03:23:48.597+0000][26396.359s][debug][safepoint     ] Safepoint synchronization initiated. (165 threads)
[2023-11-16T03:23:48.597+0000][26396.359s][info ][safepoint     ] Application time: 1.0001762 seconds
[2023-11-16T03:23:48.597+0000][26396.359s][info ][safepoint     ] Entering safepoint region: Cleanup
[2023-11-16T03:23:48.597+0000][26396.359s][info ][safepoint     ] Leaving safepoint region
[2023-11-16T03:23:48.597+0000][26396.359s][info ][safepoint     ] Total time for which application threads were stopped: 0.0003403 seconds, Stopping threads took: 0.0000503 seconds
[2023-11-16T03:23:49.598+0000][26397.359s][debug][safepoint     ] Safepoint synchronization initiated. (165 threads)
[2023-11-16T03:23:49.598+0000][26397.359s][info ][safepoint     ] Application time: 1.0001548 seconds
[2023-11-16T03:23:49.598+0000][26397.359s][info ][safepoint     ] Entering safepoint region: Cleanup
[2023-11-16T03:23:49.598+0000][26397.360s][info ][safepoint     ] Leaving safepoint region
[2023-11-16T03:23:49.598+0000][26397.360s][info ][safepoint     ] Total time for which application threads were stopped: 0.0003418 seconds, Stopping threads took: 0.0000507 seconds
[2023-11-16T03:23:50.598+0000][26398.360s][debug][safepoint     ] Safepoint synchronization initiated. (165 threads)
[2023-11-16T03:23:50.598+0000][26398.360s][info ][safepoint     ] Application time: 1.0001607 seconds
[2023-11-16T03:23:50.598+0000][26398.360s][info ][safepoint     ] Entering safepoint region: Cleanup
[2023-11-16T03:23:50.599+0000][26398.360s][info ][safepoint     ] Leaving safepoint region
[2023-11-16T03:23:50.599+0000][26398.360s][info ][safepoint     ] Total time for which application threads were stopped: 0.0003477 seconds, Stopping threads took: 0.0000509 seconds
[2023-11-16T03:23:51.599+0000][26399.360s][debug][safepoint     ] Safepoint synchronization initiated. (165 threads)
[2023-11-16T03:23:51.599+0000][26399.360s][info ][safepoint     ] Application time: 1.0001374 seconds
[2023-11-16T03:23:51.599+0000][26399.360s][info ][safepoint     ] Entering safepoint region: Cleanup
[2023-11-16T03:23:51.599+0000][26399.361s][info ][safepoint     ] Leaving safepoint region
[2023-11-16T03:23:51.599+0000][26399.361s][info ][safepoint     ] Total time for which application threads were stopped: 0.0003094 seconds, Stopping threads took: 0.0000503 seconds
[2023-11-16T03:23:52.599+0000][26400.361s][debug][safepoint     ] Safepoint synchronization initiated. (165 threads)
[2023-11-16T03:23:52.599+0000][26400.361s][info ][safepoint     ] Application time: 1.0001101 seconds
[2023-11-16T03:23:52.599+0000][26400.361s][info ][safepoint     ] Entering safepoint region: Cleanup
[2023-11-16T03:23:52.599+0000][26400.361s][info ][safepoint     ] Leaving safepoint region
[2023-11-16T03:23:52.599+0000][26400.361s][info ][safepoint     ] Total time for which application threads were stopped: 0.0001699 seconds, Stopping threads took: 0.0000375 seconds
[2023-11-16T03:23:53.599+0000][26401.361s][debug][safepoint     ] Safepoint synchronization initiated. (165 threads)
[2023-11-16T03:23:53.600+0000][26401.361s][info ][safepoint     ] Application time: 1.0001692 seconds
[2023-11-16T03:23:53.600+0000][26401.361s][info ][safepoint     ] Entering safepoint region: Cleanup
[2023-11-16T03:23:53.600+0000][26401.361s][info ][safepoint     ] Leaving safepoint region
[2023-11-16T03:23:53.600+0000][26401.361s][info ][safepoint     ] Total time for which application threads were stopped: 0.0002570 seconds, Stopping threads took: 0.0000504 seconds
[2023-11-16T03:23:54.600+0000][26402.362s][debug][safepoint     ] Safepoint synchronization initiated. (165 threads)
[2023-11-16T03:23:54.600+0000][26402.362s][info ][safepoint     ] Application time: 1.0001609 seconds
[2023-11-16T03:23:54.600+0000][26402.362s][info ][safepoint     ] Entering safepoint region: Cleanup
[2023-11-16T03:23:54.600+0000][26402.362s][info ][safepoint     ] Leaving safepoint region
[2023-11-16T03:23:54.600+0000][26402.362s][info ][safepoint     ] Total time for which application threads were stopped: 0.0002509 seconds, Stopping threads took: 0.0000517 seconds
[2023-11-16T03:23:55.600+0000][26403.362s][debug][safepoint     ] Safepoint synchronization initiated. (165 threads)
[2023-11-16T03:23:55.600+0000][26403.362s][info ][safepoint     ] Application time: 1.0001628 seconds
[2023-11-16T03:23:55.601+0000][26403.362s][info ][safepoint     ] Entering safepoint region: Cleanup
[2023-11-16T03:23:55.601+0000][26403.362s][info ][safepoint     ] Leaving safepoint region
[2023-11-16T03:23:55.601+0000][26403.362s][info ][safepoint     ] Total time for which application threads were stopped: 0.0003434 seconds, Stopping threads took: 0.0000507 seconds
[2023-11-16T03:23:56.601+0000][26404.363s][debug][safepoint     ] Safepoint synchronization initiated. (165 threads)
[2023-11-16T03:23:56.601+0000][26404.363s][info ][safepoint     ] Application time: 1.0001541 seconds
[2023-11-16T03:23:56.601+0000][26404.363s][info ][safepoint     ] Entering safepoint region: Cleanup
[2023-11-16T03:23:56.601+0000][26404.363s][info ][safepoint     ] Leaving safepoint region
[2023-11-16T03:23:56.601+0000][26404.363s][info ][safepoint     ] Total time for which application threads were stopped: 0.0003372 seconds, Stopping threads took: 0.0000507 seconds
[2023-11-16T03:23:57.601+0000][26405.363s][debug][safepoint     ] Safepoint synchronization initiated. (165 threads)
[2023-11-16T03:23:57.602+0000][26405.363s][info ][safepoint     ] Application time: 1.0001865 seconds
[2023-11-16T03:23:57.602+0000][26405.363s][info ][safepoint     ] Entering safepoint region: Cleanup
[2023-11-16T03:23:57.602+0000][26405.364s][info ][safepoint     ] Leaving safepoint region
[2023-11-16T03:23:57.602+0000][26405.364s][info ][safepoint     ] Total time for which application threads were stopped: 0.0003404 seconds, Stopping threads took: 0.0000509 seconds
[2023-11-16T03:23:58.602+0000][26406.364s][debug][safepoint     ] Safepoint synchronization initiated. (165 threads)
[2023-11-16T03:23:58.602+0000][26406.364s][info ][safepoint     ] Application time: 1.0001682 seconds
[2023-11-16T03:23:58.602+0000][26406.364s][info ][safepoint     ] Entering safepoint region: Cleanup
[2023-11-16T03:23:58.602+0000][26406.364s][info ][safepoint     ] Leaving safepoint region
[2023-11-16T03:23:58.602+0000][26406.364s][info ][safepoint     ] Total time for which application threads were stopped: 0.0003595 seconds, Stopping threads took: 0.0000516 seconds
[2023-11-16T03:23:59.603+0000][26407.364s][debug][safepoint     ] Safepoint synchronization initiated. (165 threads)
[2023-11-16T03:23:59.603+0000][26407.364s][info ][safepoint     ] Application time: 1.0001547 seconds
[2023-11-16T03:23:59.603+0000][26407.364s][info ][safepoint     ] Entering safepoint region: Cleanup
[2023-11-16T03:23:59.603+0000][26407.365s][info ][safepoint     ] Leaving safepoint region
[2023-11-16T03:23:59.603+0000][26407.365s][info ][safepoint     ] Total time for which application threads were stopped: 0.0003463 seconds, Stopping threads took: 0.0000507 seconds
[2023-11-16T03:24:00.603+0000][26408.365s][debug][safepoint     ] Safepoint synchronization initiated. (165 threads)
[2023-11-16T03:24:00.603+0000][26408.365s][info ][safepoint     ] Application time: 1.0001553 seconds
[2023-11-16T03:24:00.603+0000][26408.365s][info ][safepoint     ] Entering safepoint region: Cleanup
[2023-11-16T03:24:00.603+0000][26408.365s][info ][safepoint     ] Leaving safepoint region
[2023-11-16T03:24:00.604+0000][26408.365s][info ][safepoint     ] Total time for which application threads were stopped: 0.0003083 seconds, Stopping threads took: 0.0000517 seconds
[2023-11-16T03:24:01.604+0000][26409.365s][debug][safepoint     ] Safepoint synchronization initiated. (165 threads)
[2023-11-16T03:24:01.604+0000][26409.365s][info ][safepoint     ] Application time: 1.0001582 seconds
[2023-11-16T03:24:01.604+0000][26409.365s][info ][safepoint     ] Entering safepoint region: Cleanup
[2023-11-16T03:24:01.604+0000][26409.366s][info ][safepoint     ] Leaving safepoint region
[2023-11-16T03:24:01.604+0000][26409.366s][info ][safepoint     ] Total time for which application threads were stopped: 0.0003268 seconds, Stopping threads took: 0.0000500 seconds
[2023-11-16T03:24:02.604+0000][26410.366s][debug][safepoint     ] Safepoint synchronization initiated. (165 threads)
[2023-11-16T03:24:02.604+0000][26410.366s][info ][safepoint     ] Application time: 1.0001622 seconds
[2023-11-16T03:24:02.604+0000][26410.366s][info ][safepoint     ] Entering safepoint region: Cleanup
[2023-11-16T03:24:02.605+0000][26410.366s][info ][safepoint     ] Leaving safepoint region
[2023-11-16T03:24:02.605+0000][26410.366s][info ][safepoint     ] Total time for which application threads were stopped: 0.0006103 seconds, Stopping threads took: 0.0003196 seconds
[2023-11-16T03:24:03.605+0000][26411.367s][debug][safepoint     ] Safepoint synchronization initiated. (165 threads)
[2023-11-16T03:24:03.605+0000][26411.367s][info ][safepoint     ] Application time: 1.0001566 seconds
[2023-11-16T03:24:03.605+0000][26411.367s][info ][safepoint     ] Entering safepoint region: Cleanup
[2023-11-16T03:24:03.605+0000][26411.367s][info ][safepoint     ] Leaving safepoint region
[2023-11-16T03:24:03.605+0000][26411.367s][info ][safepoint     ] Total time for which application threads were stopped: 0.0003405 seconds, Stopping threads took: 0.0000500 seconds
[2023-11-16T03:24:04.605+0000][26412.367s][debug][safepoint     ] Safepoint synchronization initiated. (165 threads)
[2023-11-16T03:24:04.606+0000][26412.367s][info ][safepoint     ] Application time: 1.0001442 seconds
[2023-11-16T03:24:04.606+0000][26412.367s][info ][safepoint     ] Entering safepoint region: Cleanup
[2023-11-16T03:24:04.606+0000][26412.367s][info ][safepoint     ] Leaving safepoint region
[2023-11-16T03:24:04.606+0000][26412.368s][info ][safepoint     ] Total time for which application threads were stopped: 0.0003404 seconds, Stopping threads took: 0.0000503 seconds
[2023-11-16T03:24:05.606+0000][26413.368s][debug][safepoint     ] Safepoint synchronization initiated. (165 threads)
[2023-11-16T03:24:05.606+0000][26413.368s][info ][safepoint     ] Application time: 1.0001572 seconds
[2023-11-16T03:24:05.606+0000][26413.368s][info ][safepoint     ] Entering safepoint region: Cleanup
[2023-11-16T03:24:05.606+0000][26413.368s][info ][safepoint     ] Leaving safepoint region
[2023-11-16T03:24:05.606+0000][26413.368s][info ][safepoint     ] Total time for which application threads were stopped: 0.0002885 seconds, Stopping threads took: 0.0000510 seconds
[2023-11-16T03:24:06.607+0000][26414.368s][debug][safepoint     ] Safepoint synchronization initiated. (165 threads)
[2023-11-16T03:24:06.607+0000][26414.368s][info ][safepoint     ] Application time: 1.0001750 seconds
[2023-11-16T03:24:06.607+0000][26414.368s][info ][safepoint     ] Entering safepoint region: Cleanup
[2023-11-16T03:24:06.607+0000][26414.369s][info ][safepoint     ] Leaving safepoint region
[2023-11-16T03:24:06.607+0000][26414.369s][info ][safepoint     ] Total time for which application threads were stopped: 0.0003416 seconds, Stopping threads took: 0.0000493 seconds
[2023-11-16T03:24:07.607+0000][26415.369s][debug][safepoint     ] Safepoint synchronization initiated. (165 threads)
[2023-11-16T03:24:07.607+0000][26415.369s][info ][safepoint     ] Application time: 1.0001620 seconds
[2023-11-16T03:24:07.607+0000][26415.369s][info ][safepoint     ] Entering safepoint region: Cleanup
[2023-11-16T03:24:07.608+0000][26415.369s][info ][safepoint     ] Leaving safepoint region
[2023-11-16T03:24:07.608+0000][26415.369s][info ][safepoint     ] Total time for which application threads were stopped: 0.0006845 seconds, Stopping threads took: 0.0004246 seconds
[2023-11-16T03:24:08.608+0000][26416.370s][debug][safepoint     ] Safepoint synchronization initiated. (165 threads)
[2023-11-16T03:24:08.608+0000][26416.370s][info ][safepoint     ] Application time: 1.0001565 seconds
[2023-11-16T03:24:08.608+0000][26416.370s][info ][safepoint     ] Entering safepoint region: Cleanup
[2023-11-16T03:24:08.608+0000][26416.370s][info ][safepoint     ] Leaving safepoint region
[2023-11-16T03:24:08.608+0000][26416.370s][info ][safepoint     ] Total time for which application threads were stopped: 0.0003416 seconds, Stopping threads took: 0.0000510 seconds
[2023-11-16T03:24:09.608+0000][26417.370s][debug][safepoint     ] Safepoint synchronization initiated. (165 threads)
[2023-11-16T03:24:09.609+0000][26417.370s][info ][safepoint     ] Application time: 1.0001591 seconds
[2023-11-16T03:24:09.609+0000][26417.370s][info ][safepoint     ] Entering safepoint region: Cleanup
[2023-11-16T03:24:09.609+0000][26417.370s][info ][safepoint     ] Leaving safepoint region
[2023-11-16T03:24:09.609+0000][26417.371s][info ][safepoint     ] Total time for which application threads were stopped: 0.0003429 seconds, Stopping threads took: 0.0000508 seconds
[2023-11-16T03:24:10.609+0000][26418.371s][debug][safepoint     ] Safepoint synchronization initiated. (165 threads)
[2023-11-16T03:24:10.609+0000][26418.371s][info ][safepoint     ] Application time: 1.0001724 seconds
[2023-11-16T03:24:10.609+0000][26418.371s][info ][safepoint     ] Entering safepoint region: Cleanup
[2023-11-16T03:24:10.609+0000][26418.371s][info ][safepoint     ] Leaving safepoint region
[2023-11-16T03:24:10.609+0000][26418.371s][info ][safepoint     ] Total time for which application threads were stopped: 0.0003388 seconds, Stopping threads took: 0.0000498 seconds
[2023-11-16T03:24:11.610+0000][26419.371s][debug][safepoint     ] Safepoint synchronization initiated. (165 threads)
[2023-11-16T03:24:11.610+0000][26419.371s][info ][safepoint     ] Application time: 1.0001672 seconds
[2023-11-16T03:24:11.610+0000][26419.371s][info ][safepoint     ] Entering safepoint region: Cleanup
[2023-11-16T03:24:11.610+0000][26419.372s][info ][safepoint     ] Leaving safepoint region
[2023-11-16T03:24:11.610+0000][26419.372s][info ][safepoint     ] Total time for which application threads were stopped: 0.0003436 seconds, Stopping threads took: 0.0000499 seconds
[2023-11-16T03:24:12.610+0000][26420.372s][debug][safepoint     ] Safepoint synchronization initiated. (165 threads)
[2023-11-16T03:24:12.610+0000][26420.372s][info ][safepoint     ] Application time: 1.0001745 seconds
[2023-11-16T03:24:12.610+0000][26420.372s][info ][safepoint     ] Entering safepoint region: Cleanup
[2023-11-16T03:24:12.611+0000][26420.372s][info ][safepoint     ] Leaving safepoint region
[2023-11-16T03:24:12.611+0000][26420.372s][info ][safepoint     ] Total time for which application threads were stopped: 0.0004802 seconds, Stopping threads took: 0.0001958 seconds
[2023-11-16T03:24:13.611+0000][26421.372s][debug][safepoint     ] Safepoint synchronization initiated. (165 threads)
[2023-11-16T03:24:13.611+0000][26421.373s][info ][safepoint     ] Application time: 1.0001725 seconds
[2023-11-16T03:24:13.611+0000][26421.373s][info ][safepoint     ] Entering safepoint region: Cleanup
[2023-11-16T03:24:13.611+0000][26421.373s][info ][safepoint     ] Leaving safepoint region
[2023-11-16T03:24:13.611+0000][26421.373s][info ][safepoint     ] Total time for which application threads were stopped: 0.0003384 seconds, Stopping threads took: 0.0000508 seconds
[2023-11-16T03:24:14.611+0000][26422.373s][debug][safepoint     ] Safepoint synchronization initiated. (165 threads)
[2023-11-16T03:24:14.611+0000][26422.373s][info ][safepoint     ] Application time: 1.0001712 seconds
[2023-11-16T03:24:14.611+0000][26422.373s][info ][safepoint     ] Entering safepoint region: Cleanup
[2023-11-16T03:24:14.612+0000][26422.373s][info ][safepoint     ] Leaving safepoint region
[2023-11-16T03:24:14.612+0000][26422.373s][info ][safepoint     ] Total time for which application threads were stopped: 0.0003725 seconds, Stopping threads took: 0.0000761 seconds
[2023-11-16T03:24:15.612+0000][26423.374s][debug][safepoint     ] Safepoint synchronization initiated. (165 threads)
[2023-11-16T03:24:15.612+0000][26423.374s][info ][safepoint     ] Application time: 1.0001737 seconds
[2023-11-16T03:24:15.612+0000][26423.374s][info ][safepoint     ] Entering safepoint region: Cleanup
[2023-11-16T03:24:15.612+0000][26423.374s][info ][safepoint     ] Leaving safepoint region
[2023-11-16T03:24:15.612+0000][26423.374s][info ][safepoint     ] Total time for which application threads were stopped: 0.0003449 seconds, Stopping threads took: 0.0000510 seconds
[2023-11-16T03:24:16.612+0000][26424.374s][debug][safepoint     ] Safepoint synchronization initiated. (165 threads)
[2023-11-16T03:24:16.613+0000][26424.374s][info ][safepoint     ] Application time: 1.0001781 seconds
[2023-11-16T03:24:16.613+0000][26424.374s][info ][safepoint     ] Entering safepoint region: Cleanup
[2023-11-16T03:24:16.613+0000][26424.375s][info ][safepoint     ] Leaving safepoint region
[2023-11-16T03:24:16.613+0000][26424.375s][info ][safepoint     ] Total time for which application threads were stopped: 0.0003393 seconds, Stopping threads took: 0.0000505 seconds
[2023-11-16T03:24:17.613+0000][26425.375s][debug][safepoint     ] Safepoint synchronization initiated. (165 threads)
[2023-11-16T03:24:17.613+0000][26425.375s][info ][safepoint     ] Application time: 1.0001762 seconds
[2023-11-16T03:24:17.613+0000][26425.375s][info ][safepoint     ] Entering safepoint region: Cleanup
[2023-11-16T03:24:17.613+0000][26425.375s][info ][safepoint     ] Leaving safepoint region
[2023-11-16T03:24:17.614+0000][26425.375s][info ][safepoint     ] Total time for which application threads were stopped: 0.0003933 seconds, Stopping threads took: 0.0001826 seconds
[2023-11-16T03:24:18.614+0000][26426.375s][debug][safepoint     ] Safepoint synchronization initiated. (165 threads)
[2023-11-16T03:24:18.614+0000][26426.375s][info ][safepoint     ] Application time: 1.0001730 seconds
[2023-11-16T03:24:18.614+0000][26426.375s][info ][safepoint     ] Entering safepoint region: Cleanup
[2023-11-16T03:24:18.614+0000][26426.376s][info ][safepoint     ] Leaving safepoint region
[2023-11-16T03:24:18.614+0000][26426.376s][info ][safepoint     ] Total time for which application threads were stopped: 0.0003448 seconds, Stopping threads took: 0.0000511 seconds
[2023-11-16T03:24:19.614+0000][26427.376s][debug][safepoint     ] Safepoint synchronization initiated. (165 threads)
[2023-11-16T03:24:19.614+0000][26427.376s][info ][safepoint     ] Application time: 1.0001552 seconds
[2023-11-16T03:24:19.614+0000][26427.376s][info ][safepoint     ] Entering safepoint region: Cleanup
[2023-11-16T03:24:19.615+0000][26427.376s][info ][safepoint     ] Leaving safepoint region
[2023-11-16T03:24:19.615+0000][26427.376s][info ][safepoint     ] Total time for which application threads were stopped: 0.0003322 seconds, Stopping threads took: 0.0000744 seconds
[2023-11-16T03:24:20.615+0000][26428.376s][debug][safepoint     ] Safepoint synchronization initiated. (165 threads)
[2023-11-16T03:24:20.615+0000][26428.376s][info ][safepoint     ] Application time: 1.0001576 seconds
[2023-11-16T03:24:20.615+0000][26428.376s][info ][safepoint     ] Entering safepoint region: Cleanup
[2023-11-16T03:24:20.615+0000][26428.377s][info ][safepoint     ] Leaving safepoint region
[2023-11-16T03:24:20.615+0000][26428.377s][info ][safepoint     ] Total time for which application threads were stopped: 0.0003367 seconds, Stopping threads took: 0.0000508 seconds
[2023-11-16T03:24:21.615+0000][26429.377s][debug][safepoint     ] Safepoint synchronization initiated. (165 threads)
[2023-11-16T03:24:21.615+0000][26429.377s][info ][safepoint     ] Application time: 1.0001712 seconds
[2023-11-16T03:24:21.615+0000][26429.377s][info ][safepoint     ] Entering safepoint region: Cleanup
[2023-11-16T03:24:21.616+0000][26429.377s][info ][safepoint     ] Leaving safepoint region
[2023-11-16T03:24:21.616+0000][26429.377s][info ][safepoint     ] Total time for which application threads were stopped: 0.0003270 seconds, Stopping threads took: 0.0000499 seconds
[2023-11-16T03:24:22.616+0000][26430.377s][debug][safepoint     ] Safepoint synchronization initiated. (165 threads)
[2023-11-16T03:24:22.616+0000][26430.377s][info ][safepoint     ] Application time: 1.0001532 seconds
[2023-11-16T03:24:22.616+0000][26430.378s][info ][safepoint     ] Entering safepoint region: Cleanup
[2023-11-16T03:24:22.616+0000][26430.378s][info ][safepoint     ] Leaving safepoint region
[2023-11-16T03:24:22.616+0000][26430.378s][info ][safepoint     ] Total time for which application threads were stopped: 0.0004865 seconds, Stopping threads took: 0.0002369 seconds
[2023-11-16T03:24:23.616+0000][26431.378s][debug][safepoint     ] Safepoint synchronization initiated. (165 threads)
[2023-11-16T03:24:23.617+0000][26431.378s][info ][safepoint     ] Application time: 1.0001550 seconds
[2023-11-16T03:24:23.617+0000][26431.378s][info ][safepoint     ] Entering safepoint region: Cleanup
[2023-11-16T03:24:23.617+0000][26431.378s][info ][safepoint     ] Leaving safepoint region
[2023-11-16T03:24:23.617+0000][26431.379s][info ][safepoint     ] Total time for which application threads were stopped: 0.0003391 seconds, Stopping threads took: 0.0000511 seconds
[2023-11-16T03:24:24.617+0000][26432.379s][debug][safepoint     ] Safepoint synchronization initiated. (165 threads)
[2023-11-16T03:24:24.617+0000][26432.379s][info ][safepoint     ] Application time: 1.0001556 seconds
[2023-11-16T03:24:24.617+0000][26432.379s][info ][safepoint     ] Entering safepoint region: Cleanup
[2023-11-16T03:24:24.617+0000][26432.379s][info ][safepoint     ] Leaving safepoint region
[2023-11-16T03:24:24.617+0000][26432.379s][info ][safepoint     ] Total time for which application threads were stopped: 0.0003384 seconds, Stopping threads took: 0.0000490 seconds
[2023-11-16T03:24:25.617+0000][26433.379s][debug][safepoint     ] Safepoint synchronization initiated. (165 threads)
[2023-11-16T03:24:25.618+0000][26433.379s][info ][safepoint     ] Application time: 1.0001412 seconds
[2023-11-16T03:24:25.618+0000][26433.379s][info ][safepoint     ] Entering safepoint region: Cleanup
[2023-11-16T03:24:25.618+0000][26433.379s][info ][safepoint     ] Leaving safepoint region
[2023-11-16T03:24:25.618+0000][26433.380s][info ][safepoint     ] Total time for which application threads were stopped: 0.0003016 seconds, Stopping threads took: 0.0000511 seconds
[2023-11-16T03:24:26.618+0000][26434.380s][debug][safepoint     ] Safepoint synchronization initiated. (165 threads)
[2023-11-16T03:24:26.618+0000][26434.380s][info ][safepoint     ] Application time: 1.0001725 seconds
[2023-11-16T03:24:26.618+0000][26434.380s][info ][safepoint     ] Entering safepoint region: Cleanup
[2023-11-16T03:24:26.618+0000][26434.380s][info ][safepoint     ] Leaving safepoint region
[2023-11-16T03:24:26.618+0000][26434.380s][info ][safepoint     ] Total time for which application threads were stopped: 0.0003427 seconds, Stopping threads took: 0.0000512 seconds
[2023-11-16T03:24:27.619+0000][26435.380s][debug][safepoint     ] Safepoint synchronization initiated. (165 threads)
[2023-11-16T03:24:27.619+0000][26435.380s][info ][safepoint     ] Application time: 1.0001771 seconds
[2023-11-16T03:24:27.619+0000][26435.380s][info ][safepoint     ] Entering safepoint region: Cleanup
[2023-11-16T03:24:27.619+0000][26435.381s][info ][safepoint     ] Leaving safepoint region
[2023-11-16T03:24:27.619+0000][26435.381s][info ][safepoint     ] Total time for which application threads were stopped: 0.0005561 seconds, Stopping threads took: 0.0002090 seconds
[2023-11-16T03:24:28.619+0000][26436.381s][debug][safepoint     ] Safepoint synchronization initiated. (165 threads)
[2023-11-16T03:24:28.619+0000][26436.381s][info ][safepoint     ] Application time: 1.0001711 seconds
[2023-11-16T03:24:28.619+0000][26436.381s][info ][safepoint     ] Entering safepoint region: Cleanup
[2023-11-16T03:24:28.620+0000][26436.381s][info ][safepoint     ] Leaving safepoint region
[2023-11-16T03:24:28.620+0000][26436.381s][info ][safepoint     ] Total time for which application threads were stopped: 0.0003637 seconds, Stopping threads took: 0.0000718 seconds
[2023-11-16T03:24:29.620+0000][26437.382s][debug][safepoint     ] Safepoint synchronization initiated. (165 threads)
[2023-11-16T03:24:29.620+0000][26437.382s][info ][safepoint     ] Application time: 1.0001709 seconds
[2023-11-16T03:24:29.620+0000][26437.382s][info ][safepoint     ] Entering safepoint region: Cleanup
[2023-11-16T03:24:29.620+0000][26437.382s][info ][safepoint     ] Leaving safepoint region
[2023-11-16T03:24:29.620+0000][26437.382s][info ][safepoint     ] Total time for which application threads were stopped: 0.0003392 seconds, Stopping threads took: 0.0000504 seconds
[2023-11-16T03:24:30.620+0000][26438.382s][debug][safepoint     ] Safepoint synchronization initiated. (165 threads)
[2023-11-16T03:24:30.621+0000][26438.382s][info ][safepoint     ] Application time: 1.0001595 seconds
[2023-11-16T03:24:30.621+0000][26438.382s][info ][safepoint     ] Entering safepoint region: Cleanup
[2023-11-16T03:24:30.621+0000][26438.382s][info ][safepoint     ] Leaving safepoint region
[2023-11-16T03:24:30.621+0000][26438.383s][info ][safepoint     ] Total time for which application threads were stopped: 0.0003437 seconds, Stopping threads took: 0.0000503 seconds
[2023-11-16T03:24:31.621+0000][26439.383s][debug][safepoint     ] Safepoint synchronization initiated. (165 threads)
[2023-11-16T03:24:31.621+0000][26439.383s][info ][safepoint     ] Application time: 1.0001570 seconds
[2023-11-16T03:24:31.621+0000][26439.383s][info ][safepoint     ] Entering safepoint region: Cleanup
[2023-11-16T03:24:31.621+0000][26439.383s][info ][safepoint     ] Leaving safepoint region
[2023-11-16T03:24:31.621+0000][26439.383s][info ][safepoint     ] Total time for which application threads were stopped: 0.0003411 seconds, Stopping threads took: 0.0000500 seconds
[2023-11-16T03:24:32.622+0000][26440.383s][debug][safepoint     ] Safepoint synchronization initiated. (164 threads)
[2023-11-16T03:24:32.622+0000][26440.383s][info ][safepoint     ] Application time: 1.0001685 seconds
[2023-11-16T03:24:32.622+0000][26440.383s][info ][safepoint     ] Entering safepoint region: Cleanup
[2023-11-16T03:24:32.622+0000][26440.384s][info ][safepoint     ] Leaving safepoint region
[2023-11-16T03:24:32.622+0000][26440.384s][info ][safepoint     ] Total time for which application threads were stopped: 0.0006575 seconds, Stopping threads took: 0.0003133 seconds
[2023-11-16T03:24:33.622+0000][26441.384s][debug][safepoint     ] Safepoint synchronization initiated. (164 threads)
[2023-11-16T03:24:33.622+0000][26441.384s][info ][safepoint     ] Application time: 1.0001615 seconds
[2023-11-16T03:24:33.623+0000][26441.384s][info ][safepoint     ] Entering safepoint region: Cleanup
[2023-11-16T03:24:33.623+0000][26441.384s][info ][safepoint     ] Leaving safepoint region
[2023-11-16T03:24:33.623+0000][26441.384s][info ][safepoint     ] Total time for which application threads were stopped: 0.0003425 seconds, Stopping threads took: 0.0000508 seconds
[2023-11-16T03:24:34.623+0000][26442.385s][debug][safepoint     ] Safepoint synchronization initiated. (164 threads)
[2023-11-16T03:24:34.623+0000][26442.385s][info ][safepoint     ] Application time: 1.0001733 seconds
[2023-11-16T03:24:34.623+0000][26442.385s][info ][safepoint     ] Entering safepoint region: Cleanup
[2023-11-16T03:24:34.623+0000][26442.385s][info ][safepoint     ] Leaving safepoint region
[2023-11-16T03:24:34.623+0000][26442.385s][info ][safepoint     ] Total time for which application threads were stopped: 0.0003399 seconds, Stopping threads took: 0.0000497 seconds
[2023-11-16T03:24:35.624+0000][26443.385s][debug][safepoint     ] Safepoint synchronization initiated. (164 threads)
[2023-11-16T03:24:35.624+0000][26443.385s][info ][safepoint     ] Application time: 1.0001585 seconds
[2023-11-16T03:24:35.624+0000][26443.385s][info ][safepoint     ] Entering safepoint region: Cleanup
[2023-11-16T03:24:35.624+0000][26443.386s][info ][safepoint     ] Leaving safepoint region
[2023-11-16T03:24:35.624+0000][26443.386s][info ][safepoint     ] Total time for which application threads were stopped: 0.0003417 seconds, Stopping threads took: 0.0000484 seconds
[2023-11-16T03:24:36.624+0000][26444.386s][debug][safepoint     ] Safepoint synchronization initiated. (164 threads)
[2023-11-16T03:24:36.624+0000][26444.386s][info ][safepoint     ] Application time: 1.0001550 seconds
[2023-11-16T03:24:36.624+0000][26444.386s][info ][safepoint     ] Entering safepoint region: Cleanup
[2023-11-16T03:24:36.624+0000][26444.386s][info ][safepoint     ] Leaving safepoint region
[2023-11-16T03:24:36.624+0000][26444.386s][info ][safepoint     ] Total time for which application threads were stopped: 0.0003395 seconds, Stopping threads took: 0.0000485 seconds
[2023-11-16T03:24:37.625+0000][26445.386s][debug][safepoint     ] Safepoint synchronization initiated. (164 threads)
[2023-11-16T03:24:37.625+0000][26445.386s][info ][safepoint     ] Application time: 1.0001778 seconds
[2023-11-16T03:24:37.625+0000][26445.386s][info ][safepoint     ] Entering safepoint region: Cleanup
[2023-11-16T03:24:37.625+0000][26445.387s][info ][safepoint     ] Leaving safepoint region
[2023-11-16T03:24:37.625+0000][26445.387s][info ][safepoint     ] Total time for which application threads were stopped: 0.0003412 seconds, Stopping threads took: 0.0000494 seconds
[2023-11-16T03:24:38.625+0000][26446.387s][debug][safepoint     ] Safepoint synchronization initiated. (164 threads)
[2023-11-16T03:24:38.625+0000][26446.387s][info ][safepoint     ] Application time: 1.0001680 seconds
[2023-11-16T03:24:38.625+0000][26446.387s][info ][safepoint     ] Entering safepoint region: Cleanup
[2023-11-16T03:24:38.626+0000][26446.387s][info ][safepoint     ] Leaving safepoint region
[2023-11-16T03:24:38.626+0000][26446.387s][info ][safepoint     ] Total time for which application threads were stopped: 0.0003384 seconds, Stopping threads took: 0.0000492 seconds
[2023-11-16T03:24:39.626+0000][26447.387s][debug][safepoint     ] Safepoint synchronization initiated. (164 threads)
[2023-11-16T03:24:39.626+0000][26447.387s][info ][safepoint     ] Application time: 1.0001532 seconds
[2023-11-16T03:24:39.626+0000][26447.387s][info ][safepoint     ] Entering safepoint region: Cleanup
[2023-11-16T03:24:39.626+0000][26447.388s][info ][safepoint     ] Leaving safepoint region
[2023-11-16T03:24:39.626+0000][26447.388s][info ][safepoint     ] Total time for which application threads were stopped: 0.0005328 seconds, Stopping threads took: 0.0001899 seconds
[2023-11-16T03:24:40.626+0000][26448.388s][debug][safepoint     ] Safepoint synchronization initiated. (164 threads)
[2023-11-16T03:24:40.626+0000][26448.388s][info ][safepoint     ] Application time: 1.0001795 seconds
[2023-11-16T03:24:40.627+0000][26448.388s][info ][safepoint     ] Entering safepoint region: Cleanup
[2023-11-16T03:24:40.627+0000][26448.388s][info ][safepoint     ] Leaving safepoint region
[2023-11-16T03:24:40.627+0000][26448.388s][info ][safepoint     ] Total time for which application threads were stopped: 0.0003434 seconds, Stopping threads took: 0.0000490 seconds
[2023-11-16T03:24:41.627+0000][26449.389s][debug][safepoint     ] Safepoint synchronization initiated. (164 threads)
[2023-11-16T03:24:41.627+0000][26449.389s][info ][safepoint     ] Application time: 1.0001513 seconds
[2023-11-16T03:24:41.627+0000][26449.389s][info ][safepoint     ] Entering safepoint region: Cleanup
[2023-11-16T03:24:41.627+0000][26449.389s][info ][safepoint     ] Leaving safepoint region
[2023-11-16T03:24:41.627+0000][26449.389s][info ][safepoint     ] Total time for which application threads were stopped: 0.0003372 seconds, Stopping threads took: 0.0000481 seconds
[2023-11-16T03:24:42.627+0000][26450.389s][debug][safepoint     ] Safepoint synchronization initiated. (164 threads)
[2023-11-16T03:24:42.628+0000][26450.389s][info ][safepoint     ] Application time: 1.0001681 seconds
[2023-11-16T03:24:42.628+0000][26450.389s][info ][safepoint     ] Entering safepoint region: Cleanup
[2023-11-16T03:24:42.628+0000][26450.390s][info ][safepoint     ] Leaving safepoint region
[2023-11-16T03:24:42.628+0000][26450.390s][info ][safepoint     ] Total time for which application threads were stopped: 0.0003411 seconds, Stopping threads took: 0.0000481 seconds
[2023-11-16T03:24:43.628+0000][26451.390s][debug][safepoint     ] Safepoint synchronization initiated. (164 threads)
[2023-11-16T03:24:43.628+0000][26451.390s][info ][safepoint     ] Application time: 1.0001531 seconds
[2023-11-16T03:24:43.628+0000][26451.390s][info ][safepoint     ] Entering safepoint region: Cleanup
[2023-11-16T03:24:43.628+0000][26451.390s][info ][safepoint     ] Leaving safepoint region
[2023-11-16T03:24:43.628+0000][26451.390s][info ][safepoint     ] Total time for which application threads were stopped: 0.0003338 seconds, Stopping threads took: 0.0000490 seconds
[2023-11-16T03:24:44.629+0000][26452.390s][debug][safepoint     ] Safepoint synchronization initiated. (164 threads)
[2023-11-16T03:24:44.629+0000][26452.390s][info ][safepoint     ] Application time: 1.0001649 seconds
[2023-11-16T03:24:44.629+0000][26452.390s][info ][safepoint     ] Entering safepoint region: Cleanup
[2023-11-16T03:24:44.629+0000][26452.391s][info ][safepoint     ] Leaving safepoint region
[2023-11-16T03:24:44.629+0000][26452.391s][info ][safepoint     ] Total time for which application threads were stopped: 0.0005405 seconds, Stopping threads took: 0.0003021 seconds
[2023-11-16T03:24:45.629+0000][26453.391s][debug][safepoint     ] Safepoint synchronization initiated. (164 threads)
[2023-11-16T03:24:45.629+0000][26453.391s][info ][safepoint     ] Application time: 1.0001686 seconds
[2023-11-16T03:24:45.629+0000][26453.391s][info ][safepoint     ] Entering safepoint region: Cleanup
[2023-11-16T03:24:45.630+0000][26453.391s][info ][safepoint     ] Leaving safepoint region
[2023-11-16T03:24:45.630+0000][26453.391s][info ][safepoint     ] Total time for which application threads were stopped: 0.0002939 seconds, Stopping threads took: 0.0000493 seconds
[2023-11-16T03:24:46.630+0000][26454.391s][debug][safepoint     ] Safepoint synchronization initiated. (164 threads)
[2023-11-16T03:24:46.630+0000][26454.391s][info ][safepoint     ] Application time: 1.0001377 seconds
[2023-11-16T03:24:46.630+0000][26454.392s][info ][safepoint     ] Entering safepoint region: Cleanup
[2023-11-16T03:24:46.630+0000][26454.392s][info ][safepoint     ] Leaving safepoint region
[2023-11-16T03:24:46.630+0000][26454.392s][info ][safepoint     ] Total time for which application threads were stopped: 0.0003242 seconds, Stopping threads took: 0.0000475 seconds
[2023-11-16T03:24:47.630+0000][26455.392s][debug][safepoint     ] Safepoint synchronization initiated. (164 threads)
[2023-11-16T03:24:47.630+0000][26455.392s][info ][safepoint     ] Application time: 1.0001972 seconds
[2023-11-16T03:24:47.630+0000][26455.392s][info ][safepoint     ] Entering safepoint region: Cleanup
[2023-11-16T03:24:47.631+0000][26455.392s][info ][safepoint     ] Leaving safepoint region
[2023-11-16T03:24:47.631+0000][26455.392s][info ][safepoint     ] Total time for which application threads were stopped: 0.0002599 seconds, Stopping threads took: 0.0000489 seconds
[2023-11-16T03:24:48.631+0000][26456.392s][debug][safepoint     ] Safepoint synchronization initiated. (164 threads)
[2023-11-16T03:24:48.631+0000][26456.392s][info ][safepoint     ] Application time: 1.0001598 seconds
[2023-11-16T03:24:48.631+0000][26456.393s][info ][safepoint     ] Entering safepoint region: Cleanup
[2023-11-16T03:24:48.631+0000][26456.393s][info ][safepoint     ] Leaving safepoint region
[2023-11-16T03:24:48.631+0000][26456.393s][info ][safepoint     ] Total time for which application threads were stopped: 0.0003362 seconds, Stopping threads took: 0.0000495 seconds
[2023-11-16T03:24:49.631+0000][26457.393s][debug][safepoint     ] Safepoint synchronization initiated. (164 threads)
[2023-11-16T03:24:49.631+0000][26457.393s][info ][safepoint     ] Application time: 1.0001643 seconds
[2023-11-16T03:24:49.631+0000][26457.393s][info ][safepoint     ] Entering safepoint region: Cleanup
[2023-11-16T03:24:49.632+0000][26457.394s][info ][safepoint     ] Leaving safepoint region
[2023-11-16T03:24:49.632+0000][26457.394s][info ][safepoint     ] Total time for which application threads were stopped: 0.0005725 seconds, Stopping threads took: 0.0002262 seconds
[2023-11-16T03:24:50.632+0000][26458.394s][debug][safepoint     ] Safepoint synchronization initiated. (164 threads)
[2023-11-16T03:24:50.632+0000][26458.394s][info ][safepoint     ] Application time: 1.0001527 seconds
[2023-11-16T03:24:50.632+0000][26458.394s][info ][safepoint     ] Entering safepoint region: Cleanup
[2023-11-16T03:24:50.632+0000][26458.394s][info ][safepoint     ] Leaving safepoint region
[2023-11-16T03:24:50.632+0000][26458.394s][info ][safepoint     ] Total time for which application threads were stopped: 0.0003395 seconds, Stopping threads took: 0.0000477 seconds
[2023-11-16T03:24:51.633+0000][26459.394s][debug][safepoint     ] Safepoint synchronization initiated. (164 threads)
[2023-11-16T03:24:51.633+0000][26459.394s][info ][safepoint     ] Application time: 1.0001578 seconds
[2023-11-16T03:24:51.633+0000][26459.394s][info ][safepoint     ] Entering safepoint region: Cleanup
[2023-11-16T03:24:51.633+0000][26459.395s][info ][safepoint     ] Leaving safepoint region
[2023-11-16T03:24:51.633+0000][26459.395s][info ][safepoint     ] Total time for which application threads were stopped: 0.0003341 seconds, Stopping threads took: 0.0000484 seconds
[2023-11-16T03:24:52.633+0000][26460.395s][debug][safepoint     ] Safepoint synchronization initiated. (164 threads)
[2023-11-16T03:24:52.633+0000][26460.395s][info ][safepoint     ] Application time: 1.0001435 seconds
[2023-11-16T03:24:52.633+0000][26460.395s][info ][safepoint     ] Entering safepoint region: Cleanup
[2023-11-16T03:24:52.633+0000][26460.395s][info ][safepoint     ] Leaving safepoint region
[2023-11-16T03:24:52.633+0000][26460.395s][info ][safepoint     ] Total time for which application threads were stopped: 0.0002394 seconds, Stopping threads took: 0.0000320 seconds
[2023-11-16T03:24:53.634+0000][26461.395s][debug][safepoint     ] Safepoint synchronization initiated. (164 threads)
[2023-11-16T03:24:53.634+0000][26461.395s][info ][safepoint     ] Application time: 1.0001386 seconds
[2023-11-16T03:24:53.634+0000][26461.395s][info ][safepoint     ] Entering safepoint region: Cleanup
[2023-11-16T03:24:53.634+0000][26461.396s][info ][safepoint     ] Leaving safepoint region
[2023-11-16T03:24:53.634+0000][26461.396s][info ][safepoint     ] Total time for which application threads were stopped: 0.0003292 seconds, Stopping threads took: 0.0000487 seconds
[2023-11-16T03:24:54.634+0000][26462.396s][debug][safepoint     ] Safepoint synchronization initiated. (164 threads)
[2023-11-16T03:24:54.634+0000][26462.396s][info ][safepoint     ] Application time: 1.0001725 seconds
[2023-11-16T03:24:54.634+0000][26462.396s][info ][safepoint     ] Entering safepoint region: Cleanup
[2023-11-16T03:24:54.634+0000][26462.396s][info ][safepoint     ] Leaving safepoint region
[2023-11-16T03:24:54.635+0000][26462.396s][info ][safepoint     ] Total time for which application threads were stopped: 0.0003348 seconds, Stopping threads took: 0.0000482 seconds
[2023-11-16T03:24:55.635+0000][26463.396s][debug][safepoint     ] Safepoint synchronization initiated. (164 threads)
[2023-11-16T03:24:55.635+0000][26463.396s][info ][safepoint     ] Application time: 1.0001588 seconds
[2023-11-16T03:24:55.635+0000][26463.396s][info ][safepoint     ] Entering safepoint region: Cleanup
[2023-11-16T03:24:55.635+0000][26463.397s][info ][safepoint     ] Leaving safepoint region
[2023-11-16T03:24:55.635+0000][26463.397s][info ][safepoint     ] Total time for which application threads were stopped: 0.0003424 seconds, Stopping threads took: 0.0000490 seconds
[2023-11-16T03:24:56.635+0000][26464.397s][debug][safepoint     ] Safepoint synchronization initiated. (164 threads)
[2023-11-16T03:24:56.635+0000][26464.397s][info ][safepoint     ] Application time: 1.0001786 seconds
[2023-11-16T03:24:56.635+0000][26464.397s][info ][safepoint     ] Entering safepoint region: Cleanup
[2023-11-16T03:24:56.636+0000][26464.397s][info ][safepoint     ] Leaving safepoint region
[2023-11-16T03:24:56.636+0000][26464.397s][info ][safepoint     ] Total time for which application threads were stopped: 0.0003488 seconds, Stopping threads took: 0.0000485 seconds
[2023-11-16T03:24:57.636+0000][26465.397s][debug][safepoint     ] Safepoint synchronization initiated. (164 threads)
[2023-11-16T03:24:57.636+0000][26465.397s][info ][safepoint     ] Application time: 1.0001602 seconds
[2023-11-16T03:24:57.636+0000][26465.397s][info ][safepoint     ] Entering safepoint region: Cleanup
[2023-11-16T03:24:57.636+0000][26465.398s][info ][safepoint     ] Leaving safepoint region
[2023-11-16T03:24:57.636+0000][26465.398s][info ][safepoint     ] Total time for which application threads were stopped: 0.0002546 seconds, Stopping threads took: 0.0000490 seconds
[2023-11-16T03:24:58.636+0000][26466.398s][debug][safepoint     ] Safepoint synchronization initiated. (164 threads)
[2023-11-16T03:24:58.636+0000][26466.398s][info ][safepoint     ] Application time: 1.0001600 seconds
[2023-11-16T03:24:58.636+0000][26466.398s][info ][safepoint     ] Entering safepoint region: Cleanup
[2023-11-16T03:24:58.636+0000][26466.398s][info ][safepoint     ] Leaving safepoint region
[2023-11-16T03:24:58.637+0000][26466.398s][info ][safepoint     ] Total time for which application threads were stopped: 0.0002584 seconds, Stopping threads took: 0.0000489 seconds
[2023-11-16T03:24:59.637+0000][26467.398s][debug][safepoint     ] Safepoint synchronization initiated. (164 threads)
[2023-11-16T03:24:59.637+0000][26467.398s][info ][safepoint     ] Application time: 1.0001520 seconds
[2023-11-16T03:24:59.637+0000][26467.398s][info ][safepoint     ] Entering safepoint region: Cleanup
[2023-11-16T03:24:59.637+0000][26467.399s][info ][safepoint     ] Leaving safepoint region
[2023-11-16T03:24:59.637+0000][26467.399s][info ][safepoint     ] Total time for which application threads were stopped: 0.0002595 seconds, Stopping threads took: 0.0000486 seconds
[2023-11-16T03:25:00.637+0000][26468.399s][debug][safepoint     ] Safepoint synchronization initiated. (164 threads)
[2023-11-16T03:25:00.637+0000][26468.399s][info ][safepoint     ] Application time: 1.0001663 seconds
[2023-11-16T03:25:00.637+0000][26468.399s][info ][safepoint     ] Entering safepoint region: Cleanup
[2023-11-16T03:25:00.637+0000][26468.399s][info ][safepoint     ] Leaving safepoint region
[2023-11-16T03:25:00.637+0000][26468.399s][info ][safepoint     ] Total time for which application threads were stopped: 0.0002583 seconds, Stopping threads took: 0.0000493 seconds
[2023-11-16T03:25:01.638+0000][26469.399s][debug][safepoint     ] Safepoint synchronization initiated. (164 threads)
[2023-11-16T03:25:01.638+0000][26469.399s][info ][safepoint     ] Application time: 1.0001307 seconds
[2023-11-16T03:25:01.638+0000][26469.399s][info ][safepoint     ] Entering safepoint region: Cleanup
[2023-11-16T03:25:01.638+0000][26469.399s][info ][safepoint     ] Leaving safepoint region
[2023-11-16T03:25:01.638+0000][26469.399s][info ][safepoint     ] Total time for which application threads were stopped: 0.0002017 seconds, Stopping threads took: 0.0000348 seconds
[2023-11-16T03:25:02.638+0000][26470.400s][debug][safepoint     ] Safepoint synchronization initiated. (164 threads)
[2023-11-16T03:25:02.638+0000][26470.400s][info ][safepoint     ] Application time: 1.0001776 seconds
[2023-11-16T03:25:02.638+0000][26470.400s][info ][safepoint     ] Entering safepoint region: Cleanup
[2023-11-16T03:25:02.638+0000][26470.400s][info ][safepoint     ] Leaving safepoint region
[2023-11-16T03:25:02.638+0000][26470.400s][info ][safepoint     ] Total time for which application threads were stopped: 0.0003078 seconds, Stopping threads took: 0.0000488 seconds
[2023-11-16T03:25:03.638+0000][26471.400s][debug][safepoint     ] Safepoint synchronization initiated. (164 threads)
[2023-11-16T03:25:03.639+0000][26471.400s][info ][safepoint     ] Application time: 1.0001760 seconds
[2023-11-16T03:25:03.639+0000][26471.400s][info ][safepoint     ] Entering safepoint region: Cleanup
[2023-11-16T03:25:03.639+0000][26471.400s][info ][safepoint     ] Leaving safepoint region
[2023-11-16T03:25:03.639+0000][26471.401s][info ][safepoint     ] Total time for which application threads were stopped: 0.0003465 seconds, Stopping threads took: 0.0000521 seconds
[2023-11-16T03:25:04.639+0000][26472.401s][debug][safepoint     ] Safepoint synchronization initiated. (164 threads)
[2023-11-16T03:25:04.639+0000][26472.401s][info ][safepoint     ] Application time: 1.0001584 seconds
[2023-11-16T03:25:04.639+0000][26472.401s][info ][safepoint     ] Entering safepoint region: Cleanup
[2023-11-16T03:25:04.639+0000][26472.401s][info ][safepoint     ] Leaving safepoint region
[2023-11-16T03:25:04.639+0000][26472.401s][info ][safepoint     ] Total time for which application threads were stopped: 0.0003437 seconds, Stopping threads took: 0.0000508 seconds
[2023-11-16T03:25:05.640+0000][26473.401s][debug][safepoint     ] Safepoint synchronization initiated. (164 threads)
[2023-11-16T03:25:05.640+0000][26473.401s][info ][safepoint     ] Application time: 1.0001325 seconds
[2023-11-16T03:25:05.640+0000][26473.401s][info ][safepoint     ] Entering safepoint region: Cleanup
[2023-11-16T03:25:05.640+0000][26473.402s][info ][safepoint     ] Leaving safepoint region
[2023-11-16T03:25:05.640+0000][26473.402s][info ][safepoint     ] Total time for which application threads were stopped: 0.0003124 seconds, Stopping threads took: 0.0000512 seconds
[2023-11-16T03:25:06.640+0000][26474.402s][debug][safepoint     ] Safepoint synchronization initiated. (164 threads)
[2023-11-16T03:25:06.640+0000][26474.402s][info ][safepoint     ] Application time: 1.0001575 seconds
[2023-11-16T03:25:06.640+0000][26474.402s][info ][safepoint     ] Entering safepoint region: Cleanup
[2023-11-16T03:25:06.640+0000][26474.402s][info ][safepoint     ] Leaving safepoint region
[2023-11-16T03:25:06.640+0000][26474.402s][info ][safepoint     ] Total time for which application threads were stopped: 0.0003390 seconds, Stopping threads took: 0.0000500 seconds
[2023-11-16T03:25:07.641+0000][26475.402s][debug][safepoint     ] Safepoint synchronization initiated. (164 threads)
[2023-11-16T03:25:07.641+0000][26475.402s][info ][safepoint     ] Application time: 1.0001533 seconds
[2023-11-16T03:25:07.641+0000][26475.402s][info ][safepoint     ] Entering safepoint region: Cleanup
[2023-11-16T03:25:07.641+0000][26475.403s][info ][safepoint     ] Leaving safepoint region
[2023-11-16T03:25:07.641+0000][26475.403s][info ][safepoint     ] Total time for which application threads were stopped: 0.0003775 seconds, Stopping threads took: 0.0000502 seconds
[2023-11-16T03:25:08.641+0000][26476.403s][debug][safepoint     ] Safepoint synchronization initiated. (164 threads)
[2023-11-16T03:25:08.641+0000][26476.403s][info ][safepoint     ] Application time: 1.0001579 seconds
[2023-11-16T03:25:08.641+0000][26476.403s][info ][safepoint     ] Entering safepoint region: Cleanup
[2023-11-16T03:25:08.642+0000][26476.403s][info ][safepoint     ] Leaving safepoint region
[2023-11-16T03:25:08.642+0000][26476.403s][info ][safepoint     ] Total time for which application threads were stopped: 0.0003419 seconds, Stopping threads took: 0.0000513 seconds
[2023-11-16T03:25:09.642+0000][26477.403s][debug][safepoint     ] Safepoint synchronization initiated. (164 threads)
[2023-11-16T03:25:09.642+0000][26477.403s][info ][safepoint     ] Application time: 1.0001644 seconds
[2023-11-16T03:25:09.642+0000][26477.403s][info ][safepoint     ] Entering safepoint region: Cleanup
[2023-11-16T03:25:09.642+0000][26477.404s][info ][safepoint     ] Leaving safepoint region
[2023-11-16T03:25:09.642+0000][26477.404s][info ][safepoint     ] Total time for which application threads were stopped: 0.0002974 seconds, Stopping threads took: 0.0000504 seconds
[2023-11-16T03:25:10.642+0000][26478.404s][debug][safepoint     ] Safepoint synchronization initiated. (164 threads)
[2023-11-16T03:25:10.642+0000][26478.404s][info ][safepoint     ] Application time: 1.0001680 seconds
[2023-11-16T03:25:10.642+0000][26478.404s][info ][safepoint     ] Entering safepoint region: Cleanup
[2023-11-16T03:25:10.643+0000][26478.404s][info ][safepoint     ] Leaving safepoint region
[2023-11-16T03:25:10.643+0000][26478.404s][info ][safepoint     ] Total time for which application threads were stopped: 0.0003474 seconds, Stopping threads took: 0.0000499 seconds
[2023-11-16T03:25:11.643+0000][26479.404s][debug][safepoint     ] Safepoint synchronization initiated. (164 threads)
[2023-11-16T03:25:11.643+0000][26479.404s][info ][safepoint     ] Application time: 1.0001636 seconds
[2023-11-16T03:25:11.643+0000][26479.404s][info ][safepoint     ] Entering safepoint region: Cleanup
[2023-11-16T03:25:11.643+0000][26479.405s][info ][safepoint     ] Leaving safepoint region
[2023-11-16T03:25:11.643+0000][26479.405s][info ][safepoint     ] Total time for which application threads were stopped: 0.0003423 seconds, Stopping threads took: 0.0000495 seconds
[2023-11-16T03:25:12.643+0000][26480.405s][debug][safepoint     ] Safepoint synchronization initiated. (164 threads)
[2023-11-16T03:25:12.643+0000][26480.405s][info ][safepoint     ] Application time: 1.0001826 seconds
[2023-11-16T03:25:12.643+0000][26480.405s][info ][safepoint     ] Entering safepoint region: Cleanup
[2023-11-16T03:25:12.644+0000][26480.405s][info ][safepoint     ] Leaving safepoint region
[2023-11-16T03:25:12.644+0000][26480.405s][info ][safepoint     ] Total time for which application threads were stopped: 0.0003599 seconds, Stopping threads took: 0.0000503 seconds
[2023-11-16T03:25:13.644+0000][26481.406s][debug][safepoint     ] Safepoint synchronization initiated. (164 threads)
[2023-11-16T03:25:13.644+0000][26481.406s][info ][safepoint     ] Application time: 1.0001683 seconds
[2023-11-16T03:25:13.644+0000][26481.406s][info ][safepoint     ] Entering safepoint region: Cleanup
[2023-11-16T03:25:13.644+0000][26481.406s][info ][safepoint     ] Leaving safepoint region
[2023-11-16T03:25:13.644+0000][26481.406s][info ][safepoint     ] Total time for which application threads were stopped: 0.0003438 seconds, Stopping threads took: 0.0000506 seconds
[2023-11-16T03:25:14.644+0000][26482.406s][debug][safepoint     ] Safepoint synchronization initiated. (164 threads)
[2023-11-16T03:25:14.644+0000][26482.406s][info ][safepoint     ] Application time: 1.0001567 seconds
[2023-11-16T03:25:14.645+0000][26482.406s][info ][safepoint     ] Entering safepoint region: Cleanup
[2023-11-16T03:25:14.645+0000][26482.406s][info ][safepoint     ] Leaving safepoint region
[2023-11-16T03:25:14.645+0000][26482.406s][info ][safepoint     ] Total time for which application threads were stopped: 0.0003475 seconds, Stopping threads took: 0.0000498 seconds
[2023-11-16T03:25:15.645+0000][26483.407s][debug][safepoint     ] Safepoint synchronization initiated. (164 threads)
[2023-11-16T03:25:15.645+0000][26483.407s][info ][safepoint     ] Application time: 1.0001593 seconds
[2023-11-16T03:25:15.645+0000][26483.407s][info ][safepoint     ] Entering safepoint region: Cleanup
[2023-11-16T03:25:15.645+0000][26483.407s][info ][safepoint     ] Leaving safepoint region
[2023-11-16T03:25:15.645+0000][26483.407s][info ][safepoint     ] Total time for which application threads were stopped: 0.0003487 seconds, Stopping threads took: 0.0000517 seconds
[2023-11-16T03:25:16.646+0000][26484.407s][debug][safepoint     ] Safepoint synchronization initiated. (164 threads)
[2023-11-16T03:25:16.646+0000][26484.407s][info ][safepoint     ] Application time: 1.0001803 seconds
[2023-11-16T03:25:16.646+0000][26484.407s][info ][safepoint     ] Entering safepoint region: Cleanup
[2023-11-16T03:25:16.646+0000][26484.408s][info ][safepoint     ] Leaving safepoint region
[2023-11-16T03:25:16.646+0000][26484.408s][info ][safepoint     ] Total time for which application threads were stopped: 0.0003472 seconds, Stopping threads took: 0.0000505 seconds
[2023-11-16T03:25:17.646+0000][26485.408s][debug][safepoint     ] Safepoint synchronization initiated. (164 threads)
[2023-11-16T03:25:17.646+0000][26485.408s][info ][safepoint     ] Application time: 1.0001618 seconds
[2023-11-16T03:25:17.646+0000][26485.408s][info ][safepoint     ] Entering safepoint region: Cleanup
[2023-11-16T03:25:17.647+0000][26485.408s][info ][safepoint     ] Leaving safepoint region
[2023-11-16T03:25:17.647+0000][26485.408s][info ][safepoint     ] Total time for which application threads were stopped: 0.0004847 seconds, Stopping threads took: 0.0002700 seconds
[2023-11-16T03:25:18.647+0000][26486.408s][debug][safepoint     ] Safepoint synchronization initiated. (164 threads)
[2023-11-16T03:25:18.647+0000][26486.409s][info ][safepoint     ] Application time: 1.0001743 seconds
[2023-11-16T03:25:18.647+0000][26486.409s][info ][safepoint     ] Entering safepoint region: Cleanup
[2023-11-16T03:25:18.647+0000][26486.409s][info ][safepoint     ] Leaving safepoint region
[2023-11-16T03:25:18.647+0000][26486.409s][info ][safepoint     ] Total time for which application threads were stopped: 0.0002442 seconds, Stopping threads took: 0.0000504 seconds
[2023-11-16T03:25:19.647+0000][26487.409s][debug][safepoint     ] Safepoint synchronization initiated. (164 threads)
[2023-11-16T03:25:19.647+0000][26487.409s][info ][safepoint     ] Application time: 1.0001750 seconds
[2023-11-16T03:25:19.647+0000][26487.409s][info ][safepoint     ] Entering safepoint region: Cleanup
[2023-11-16T03:25:19.648+0000][26487.409s][info ][safepoint     ] Leaving safepoint region
[2023-11-16T03:25:19.648+0000][26487.409s][info ][safepoint     ] Total time for which application threads were stopped: 0.0002988 seconds, Stopping threads took: 0.0000495 seconds
[2023-11-16T03:25:20.648+0000][26488.409s][debug][safepoint     ] Safepoint synchronization initiated. (164 threads)
[2023-11-16T03:25:20.648+0000][26488.409s][info ][safepoint     ] Application time: 1.0001527 seconds
[2023-11-16T03:25:20.648+0000][26488.409s][info ][safepoint     ] Entering safepoint region: Cleanup
[2023-11-16T03:25:20.648+0000][26488.410s][info ][safepoint     ] Leaving safepoint region
[2023-11-16T03:25:20.648+0000][26488.410s][info ][safepoint     ] Total time for which application threads were stopped: 0.0002520 seconds, Stopping threads took: 0.0000488 seconds
[2023-11-16T03:25:21.648+0000][26489.410s][debug][safepoint     ] Safepoint synchronization initiated. (164 threads)
[2023-11-16T03:25:21.648+0000][26489.410s][info ][safepoint     ] Application time: 1.0001671 seconds
[2023-11-16T03:25:21.648+0000][26489.410s][info ][safepoint     ] Entering safepoint region: Cleanup
[2023-11-16T03:25:21.649+0000][26489.410s][info ][safepoint     ] Leaving safepoint region
[2023-11-16T03:25:21.649+0000][26489.410s][info ][safepoint     ] Total time for which application threads were stopped: 0.0003608 seconds, Stopping threads took: 0.0000486 seconds
[2023-11-16T03:25:22.649+0000][26490.410s][debug][safepoint     ] Safepoint synchronization initiated. (164 threads)
[2023-11-16T03:25:22.649+0000][26490.410s][info ][safepoint     ] Application time: 1.0001703 seconds
[2023-11-16T03:25:22.649+0000][26490.411s][info ][safepoint     ] Entering safepoint region: Cleanup
[2023-11-16T03:25:22.649+0000][26490.411s][info ][safepoint     ] Leaving safepoint region
[2023-11-16T03:25:22.649+0000][26490.411s][info ][safepoint     ] Total time for which application threads were stopped: 0.0004545 seconds, Stopping threads took: 0.0001959 seconds
[2023-11-16T03:25:23.649+0000][26491.411s][debug][safepoint     ] Safepoint synchronization initiated. (164 threads)
[2023-11-16T03:25:23.649+0000][26491.411s][info ][safepoint     ] Application time: 1.0001580 seconds
[2023-11-16T03:25:23.650+0000][26491.411s][info ][safepoint     ] Entering safepoint region: Cleanup
[2023-11-16T03:25:23.650+0000][26491.411s][info ][safepoint     ] Leaving safepoint region
[2023-11-16T03:25:23.650+0000][26491.411s][info ][safepoint     ] Total time for which application threads were stopped: 0.0003385 seconds, Stopping threads took: 0.0000483 seconds
[2023-11-16T03:25:24.650+0000][26492.412s][debug][safepoint     ] Safepoint synchronization initiated. (164 threads)
[2023-11-16T03:25:24.650+0000][26492.412s][info ][safepoint     ] Application time: 1.0001697 seconds
[2023-11-16T03:25:24.650+0000][26492.412s][info ][safepoint     ] Entering safepoint region: Cleanup
[2023-11-16T03:25:24.650+0000][26492.412s][info ][safepoint     ] Leaving safepoint region
[2023-11-16T03:25:24.650+0000][26492.412s][info ][safepoint     ] Total time for which application threads were stopped: 0.0002990 seconds, Stopping threads took: 0.0000486 seconds
[2023-11-16T03:25:25.650+0000][26493.412s][debug][safepoint     ] Safepoint synchronization initiated. (164 threads)
[2023-11-16T03:25:25.651+0000][26493.412s][info ][safepoint     ] Application time: 1.0001704 seconds
[2023-11-16T03:25:25.651+0000][26493.412s][info ][safepoint     ] Entering safepoint region: Cleanup
[2023-11-16T03:25:25.651+0000][26493.412s][info ][safepoint     ] Leaving safepoint region
[2023-11-16T03:25:25.651+0000][26493.413s][info ][safepoint     ] Total time for which application threads were stopped: 0.0003369 seconds, Stopping threads took: 0.0000483 seconds
[2023-11-16T03:25:26.651+0000][26494.413s][debug][safepoint     ] Safepoint synchronization initiated. (164 threads)
[2023-11-16T03:25:26.651+0000][26494.413s][info ][safepoint     ] Application time: 1.0001716 seconds
[2023-11-16T03:25:26.651+0000][26494.413s][info ][safepoint     ] Entering safepoint region: Cleanup
[2023-11-16T03:25:26.651+0000][26494.413s][info ][safepoint     ] Leaving safepoint region
[2023-11-16T03:25:26.651+0000][26494.413s][info ][safepoint     ] Total time for which application threads were stopped: 0.0003038 seconds, Stopping threads took: 0.0000489 seconds
[2023-11-16T03:25:27.652+0000][26495.413s][debug][safepoint     ] Safepoint synchronization initiated. (164 threads)
[2023-11-16T03:25:27.652+0000][26495.413s][info ][safepoint     ] Application time: 1.0001762 seconds
[2023-11-16T03:25:27.652+0000][26495.413s][info ][safepoint     ] Entering safepoint region: Cleanup
[2023-11-16T03:25:27.652+0000][26495.414s][info ][safepoint     ] Leaving safepoint region
[2023-11-16T03:25:27.652+0000][26495.414s][info ][safepoint     ] Total time for which application threads were stopped: 0.0005951 seconds, Stopping threads took: 0.0002527 seconds
[2023-11-16T03:25:28.652+0000][26496.414s][debug][safepoint     ] Safepoint synchronization initiated. (164 threads)
[2023-11-16T03:25:28.652+0000][26496.414s][info ][safepoint     ] Application time: 1.0001704 seconds
[2023-11-16T03:25:28.652+0000][26496.414s][info ][safepoint     ] Entering safepoint region: Cleanup
[2023-11-16T03:25:28.653+0000][26496.414s][info ][safepoint     ] Leaving safepoint region
[2023-11-16T03:25:28.653+0000][26496.414s][info ][safepoint     ] Total time for which application threads were stopped: 0.0002729 seconds, Stopping threads took: 0.0000492 seconds
[2023-11-16T03:25:29.653+0000][26497.414s][debug][safepoint     ] Safepoint synchronization initiated. (164 threads)
[2023-11-16T03:25:29.653+0000][26497.414s][info ][safepoint     ] Application time: 1.0001679 seconds
[2023-11-16T03:25:29.653+0000][26497.415s][info ][safepoint     ] Entering safepoint region: Cleanup
[2023-11-16T03:25:29.653+0000][26497.415s][info ][safepoint     ] Leaving safepoint region
[2023-11-16T03:25:29.653+0000][26497.415s][info ][safepoint     ] Total time for which application threads were stopped: 0.0002452 seconds, Stopping threads took: 0.0000496 seconds
[2023-11-16T03:25:30.653+0000][26498.415s][debug][safepoint     ] Safepoint synchronization initiated. (164 threads)
[2023-11-16T03:25:30.653+0000][26498.415s][info ][safepoint     ] Application time: 1.0001655 seconds
[2023-11-16T03:25:30.653+0000][26498.415s][info ][safepoint     ] Entering safepoint region: Cleanup
[2023-11-16T03:25:30.654+0000][26498.415s][info ][safepoint     ] Leaving safepoint region
[2023-11-16T03:25:30.654+0000][26498.415s][info ][safepoint     ] Total time for which application threads were stopped: 0.0002540 seconds, Stopping threads took: 0.0000491 seconds
[2023-11-16T03:25:31.654+0000][26499.415s][debug][safepoint     ] Safepoint synchronization initiated. (164 threads)
[2023-11-16T03:25:31.654+0000][26499.415s][info ][safepoint     ] Application time: 1.0001708 seconds
[2023-11-16T03:25:31.654+0000][26499.415s][info ][safepoint     ] Entering safepoint region: Cleanup
[2023-11-16T03:25:31.654+0000][26499.416s][info ][safepoint     ] Leaving safepoint region
[2023-11-16T03:25:31.654+0000][26499.416s][info ][safepoint     ] Total time for which application threads were stopped: 0.0003412 seconds, Stopping threads took: 0.0000477 seconds
[2023-11-16T03:25:36.655+0000][26504.416s][debug][safepoint     ] Safepoint synchronization initiated. (163 threads)
[2023-11-16T03:25:36.655+0000][26504.416s][info ][safepoint     ] Application time: 5.0005453 seconds
[2023-11-16T03:25:36.655+0000][26504.416s][info ][safepoint     ] Entering safepoint region: Cleanup
[2023-11-16T03:25:36.655+0000][26504.417s][info ][safepoint     ] Leaving safepoint region
[2023-11-16T03:25:36.655+0000][26504.417s][info ][safepoint     ] Total time for which application threads were stopped: 0.0004847 seconds, Stopping threads took: 0.0000480 seconds
[2023-11-16T03:26:12.892+0000][26540.654s][debug][safepoint     ] Safepoint synchronization initiated. (163 threads)
[2023-11-16T03:26:12.892+0000][26540.654s][info ][safepoint     ] Application time: 36.2372778 seconds
[2023-11-16T03:26:12.893+0000][26540.654s][debug][safepoint     ] Waiting for 1 thread(s) to block
[2023-11-16T03:26:12.893+0000][26540.654s][info ][safepoint     ] Entering safepoint region: G1CollectForAllocation
[2023-11-16T03:26:12.893+0000][26540.655s][info ][gc,start      ] GC(92) Pause Young (Normal) (G1 Evacuation Pause)
[2023-11-16T03:26:12.893+0000][26540.655s][info ][gc,task       ] GC(92) Using 4 workers of 4 for evacuation
[2023-11-16T03:26:12.913+0000][26540.675s][info ][gc,phases     ] GC(92)   Pre Evacuate Collection Set: 0.1ms
[2023-11-16T03:26:12.913+0000][26540.675s][info ][gc,phases     ] GC(92)   Evacuate Collection Set: 13.7ms
[2023-11-16T03:26:12.913+0000][26540.675s][info ][gc,phases     ] GC(92)   Post Evacuate Collection Set: 6.0ms
[2023-11-16T03:26:12.913+0000][26540.675s][info ][gc,phases     ] GC(92)   Other: 0.4ms
[2023-11-16T03:26:12.913+0000][26540.675s][info ][gc,heap       ] GC(92) Eden regions: 469->0(469)
[2023-11-16T03:26:12.913+0000][26540.675s][info ][gc,heap       ] GC(92) Survivor regions: 8->8(60)
[2023-11-16T03:26:12.913+0000][26540.675s][info ][gc,heap       ] GC(92) Old regions: 148->148
[2023-11-16T03:26:12.913+0000][26540.675s][info ][gc,heap       ] GC(92) Humongous regions: 0->0
[2023-11-16T03:26:12.913+0000][26540.675s][info ][gc,metaspace  ] GC(92) Metaspace: 162660K(168124K)->162660K(168124K) NonClass: 143939K(147304K)->143939K(147304K) Class: 18720K(20820K)->18720K(20820K)
[2023-11-16T03:26:12.913+0000][26540.675s][info ][gc            ] GC(92) Pause Young (Normal) (G1 Evacuation Pause) 623M->153M(795M) 20.374ms
[2023-11-16T03:26:12.913+0000][26540.675s][info ][gc,cpu        ] GC(92) User=0.07s Sys=0.00s Real=0.02s
[2023-11-16T03:26:12.913+0000][26540.675s][info ][safepoint     ] Leaving safepoint region
[2023-11-16T03:26:12.913+0000][26540.675s][info ][safepoint     ] Total time for which application threads were stopped: 0.0208648 seconds, Stopping threads took: 0.0001450 seconds
[2023-11-16T03:26:12.913+0000][26540.675s][info ][gc,stringdedup] Concurrent String Deduplication (26540.675s)
[2023-11-16T03:26:12.914+0000][26540.675s][info ][gc,stringdedup] Concurrent String Deduplication 584.0B->184.0B(400.0B) avg 54.6% (26540.675s, 26540.675s) 0.061ms
[2023-11-16T03:27:50.923+0000][26638.684s][debug][safepoint     ] Safepoint synchronization initiated. (163 threads)
[2023-11-16T03:27:50.923+0000][26638.684s][info ][safepoint     ] Application time: 98.0092156 seconds
[2023-11-16T03:27:50.923+0000][26638.684s][info ][safepoint     ] Entering safepoint region: Cleanup
[2023-11-16T03:27:50.923+0000][26638.685s][info ][safepoint     ] Leaving safepoint region
[2023-11-16T03:27:50.923+0000][26638.685s][info ][safepoint     ] Total time for which application threads were stopped: 0.0003533 seconds, Stopping threads took: 0.0000522 seconds
[2023-11-16T03:28:11.925+0000][26659.687s][debug][safepoint     ] Safepoint synchronization initiated. (165 threads)
[2023-11-16T03:28:11.925+0000][26659.687s][info ][safepoint     ] Application time: 21.0019806 seconds
[2023-11-16T03:28:11.925+0000][26659.687s][info ][safepoint     ] Entering safepoint region: Cleanup
[2023-11-16T03:28:11.925+0000][26659.687s][info ][safepoint     ] Leaving safepoint region
[2023-11-16T03:28:11.925+0000][26659.687s][info ][safepoint     ] Total time for which application threads were stopped: 0.0003616 seconds, Stopping threads took: 0.0000484 seconds
[2023-11-16T03:28:32.927+0000][26680.689s][debug][safepoint     ] Safepoint synchronization initiated. (163 threads)
[2023-11-16T03:28:32.927+0000][26680.689s][info ][safepoint     ] Application time: 21.0020638 seconds
[2023-11-16T03:28:32.927+0000][26680.689s][info ][safepoint     ] Entering safepoint region: Cleanup
[2023-11-16T03:28:32.928+0000][26680.689s][info ][safepoint     ] Leaving safepoint region
[2023-11-16T03:28:32.928+0000][26680.689s][info ][safepoint     ] Total time for which application threads were stopped: 0.0003458 seconds, Stopping threads took: 0.0000516 seconds
[2023-11-16T03:28:38.928+0000][26686.690s][debug][safepoint     ] Safepoint synchronization initiated. (163 threads)
[2023-11-16T03:28:38.928+0000][26686.690s][info ][safepoint     ] Application time: 6.0005984 seconds
[2023-11-16T03:28:38.928+0000][26686.690s][info ][safepoint     ] Entering safepoint region: Cleanup
[2023-11-16T03:28:38.929+0000][26686.690s][info ][safepoint     ] Leaving safepoint region
[2023-11-16T03:28:38.929+0000][26686.690s][info ][safepoint     ] Total time for which application threads were stopped: 0.0003354 seconds, Stopping threads took: 0.0000480 seconds
[2023-11-16T03:29:33.934+0000][26741.695s][debug][safepoint     ] Safepoint synchronization initiated. (166 threads)
[2023-11-16T03:29:33.934+0000][26741.695s][info ][safepoint     ] Application time: 55.0049682 seconds
[2023-11-16T03:29:33.934+0000][26741.695s][info ][safepoint     ] Entering safepoint region: Cleanup
[2023-11-16T03:29:33.934+0000][26741.696s][info ][safepoint     ] Leaving safepoint region
[2023-11-16T03:29:33.934+0000][26741.696s][info ][safepoint     ] Total time for which application threads were stopped: 0.0003504 seconds, Stopping threads took: 0.0000526 seconds
[2023-11-16T03:29:51.936+0000][26759.697s][debug][safepoint     ] Safepoint synchronization initiated. (164 threads)
[2023-11-16T03:29:51.936+0000][26759.698s][info ][safepoint     ] Application time: 18.0017155 seconds
[2023-11-16T03:29:51.936+0000][26759.698s][info ][safepoint     ] Entering safepoint region: Cleanup
[2023-11-16T03:29:51.936+0000][26759.698s][info ][safepoint     ] Leaving safepoint region
[2023-11-16T03:29:51.936+0000][26759.698s][info ][safepoint     ] Total time for which application threads were stopped: 0.0003091 seconds, Stopping threads took: 0.0000511 seconds
[2023-11-16T03:31:32.945+0000][26860.707s][debug][safepoint     ] Safepoint synchronization initiated. (165 threads)
[2023-11-16T03:31:32.945+0000][26860.707s][info ][safepoint     ] Application time: 101.0090328 seconds
[2023-11-16T03:31:32.945+0000][26860.707s][info ][safepoint     ] Entering safepoint region: Cleanup
[2023-11-16T03:31:32.946+0000][26860.707s][info ][safepoint     ] Leaving safepoint region
[2023-11-16T03:31:32.946+0000][26860.707s][info ][safepoint     ] Total time for which application threads were stopped: 0.0005442 seconds, Stopping threads took: 0.0002918 seconds
[2023-11-16T03:31:33.946+0000][26861.708s][debug][safepoint     ] Safepoint synchronization initiated. (165 threads)
[2023-11-16T03:31:33.946+0000][26861.708s][info ][safepoint     ] Application time: 1.0001611 seconds
[2023-11-16T03:31:33.946+0000][26861.708s][info ][safepoint     ] Entering safepoint region: Cleanup
[2023-11-16T03:31:33.946+0000][26861.708s][info ][safepoint     ] Leaving safepoint region
[2023-11-16T03:31:33.946+0000][26861.708s][info ][safepoint     ] Total time for which application threads were stopped: 0.0002573 seconds, Stopping threads took: 0.0000504 seconds
[2023-11-16T03:31:34.946+0000][26862.708s][debug][safepoint     ] Safepoint synchronization initiated. (165 threads)
[2023-11-16T03:31:34.946+0000][26862.708s][info ][safepoint     ] Application time: 1.0001664 seconds
[2023-11-16T03:31:34.947+0000][26862.708s][info ][safepoint     ] Entering safepoint region: Cleanup
[2023-11-16T03:31:34.947+0000][26862.708s][info ][safepoint     ] Leaving safepoint region
[2023-11-16T03:31:34.947+0000][26862.708s][info ][safepoint     ] Total time for which application threads were stopped: 0.0003413 seconds, Stopping threads took: 0.0000496 seconds
[2023-11-16T03:31:35.947+0000][26863.709s][debug][safepoint     ] Safepoint synchronization initiated. (165 threads)
[2023-11-16T03:31:35.947+0000][26863.709s][info ][safepoint     ] Application time: 1.0001593 seconds
[2023-11-16T03:31:35.947+0000][26863.709s][info ][safepoint     ] Entering safepoint region: Cleanup
[2023-11-16T03:31:35.947+0000][26863.709s][info ][safepoint     ] Leaving safepoint region
[2023-11-16T03:31:35.947+0000][26863.709s][info ][safepoint     ] Total time for which application threads were stopped: 0.0003097 seconds, Stopping threads took: 0.0000491 seconds
[2023-11-16T03:31:36.947+0000][26864.709s][debug][safepoint     ] Safepoint synchronization initiated. (165 threads)
[2023-11-16T03:31:36.948+0000][26864.709s][info ][safepoint     ] Application time: 1.0002075 seconds
[2023-11-16T03:31:36.948+0000][26864.709s][info ][safepoint     ] Entering safepoint region: Cleanup
[2023-11-16T03:31:36.948+0000][26864.709s][info ][safepoint     ] Leaving safepoint region
[2023-11-16T03:31:36.948+0000][26864.709s][info ][safepoint     ] Total time for which application threads were stopped: 0.0002653 seconds, Stopping threads took: 0.0000508 seconds
[2023-11-16T03:31:37.948+0000][26865.710s][debug][safepoint     ] Safepoint synchronization initiated. (165 threads)
[2023-11-16T03:31:37.948+0000][26865.710s][info ][safepoint     ] Application time: 1.0001664 seconds
[2023-11-16T03:31:37.948+0000][26865.710s][info ][safepoint     ] Entering safepoint region: Cleanup
[2023-11-16T03:31:37.949+0000][26865.710s][info ][safepoint     ] Leaving safepoint region
[2023-11-16T03:31:37.949+0000][26865.710s][info ][safepoint     ] Total time for which application threads were stopped: 0.0005065 seconds, Stopping threads took: 0.0002994 seconds
[2023-11-16T03:31:38.949+0000][26866.710s][debug][safepoint     ] Safepoint synchronization initiated. (165 threads)
[2023-11-16T03:31:38.949+0000][26866.710s][info ][safepoint     ] Application time: 1.0002023 seconds
[2023-11-16T03:31:38.949+0000][26866.710s][info ][safepoint     ] Entering safepoint region: Cleanup
[2023-11-16T03:31:38.949+0000][26866.711s][info ][safepoint     ] Leaving safepoint region
[2023-11-16T03:31:38.949+0000][26866.711s][info ][safepoint     ] Total time for which application threads were stopped: 0.0003381 seconds, Stopping threads took: 0.0000531 seconds
[2023-11-16T03:31:39.949+0000][26867.711s][debug][safepoint     ] Safepoint synchronization initiated. (165 threads)
[2023-11-16T03:31:39.949+0000][26867.711s][info ][safepoint     ] Application time: 1.0001947 seconds
[2023-11-16T03:31:39.949+0000][26867.711s][info ][safepoint     ] Entering safepoint region: Cleanup
[2023-11-16T03:31:39.950+0000][26867.711s][info ][safepoint     ] Leaving safepoint region
[2023-11-16T03:31:39.950+0000][26867.711s][info ][safepoint     ] Total time for which application threads were stopped: 0.0003358 seconds, Stopping threads took: 0.0000534 seconds
[2023-11-16T03:31:40.950+0000][26868.711s][debug][safepoint     ] Safepoint synchronization initiated. (165 threads)
[2023-11-16T03:31:40.950+0000][26868.712s][info ][safepoint     ] Application time: 1.0001627 seconds
[2023-11-16T03:31:40.950+0000][26868.712s][info ][safepoint     ] Entering safepoint region: Cleanup
[2023-11-16T03:31:40.950+0000][26868.712s][info ][safepoint     ] Leaving safepoint region
[2023-11-16T03:31:40.950+0000][26868.712s][info ][safepoint     ] Total time for which application threads were stopped: 0.0003302 seconds, Stopping threads took: 0.0000524 seconds
[2023-11-16T03:31:41.950+0000][26869.712s][debug][safepoint     ] Safepoint synchronization initiated. (165 threads)
[2023-11-16T03:31:41.950+0000][26869.712s][info ][safepoint     ] Application time: 1.0001634 seconds
[2023-11-16T03:31:41.950+0000][26869.712s][info ][safepoint     ] Entering safepoint region: Cleanup
[2023-11-16T03:31:41.951+0000][26869.712s][info ][safepoint     ] Leaving safepoint region
[2023-11-16T03:31:41.951+0000][26869.712s][info ][safepoint     ] Total time for which application threads were stopped: 0.0003474 seconds, Stopping threads took: 0.0000490 seconds
[2023-11-16T03:31:42.951+0000][26870.713s][debug][safepoint     ] Safepoint synchronization initiated. (165 threads)
[2023-11-16T03:31:42.951+0000][26870.713s][info ][safepoint     ] Application time: 1.0001721 seconds
[2023-11-16T03:31:42.951+0000][26870.713s][info ][safepoint     ] Entering safepoint region: Cleanup
[2023-11-16T03:31:42.952+0000][26870.713s][info ][safepoint     ] Leaving safepoint region
[2023-11-16T03:31:42.952+0000][26870.713s][info ][safepoint     ] Total time for which application threads were stopped: 0.0005943 seconds, Stopping threads took: 0.0001756 seconds
[2023-11-16T03:31:43.952+0000][26871.713s][debug][safepoint     ] Safepoint synchronization initiated. (165 threads)
[2023-11-16T03:31:43.952+0000][26871.713s][info ][safepoint     ] Application time: 1.0001485 seconds
[2023-11-16T03:31:43.952+0000][26871.713s][info ][safepoint     ] Entering safepoint region: Cleanup
[2023-11-16T03:31:43.952+0000][26871.714s][info ][safepoint     ] Leaving safepoint region
[2023-11-16T03:31:43.952+0000][26871.714s][info ][safepoint     ] Total time for which application threads were stopped: 0.0003404 seconds, Stopping threads took: 0.0000496 seconds
[2023-11-16T03:31:44.952+0000][26872.714s][debug][safepoint     ] Safepoint synchronization initiated. (165 threads)
[2023-11-16T03:31:44.952+0000][26872.714s][info ][safepoint     ] Application time: 1.0001517 seconds
[2023-11-16T03:31:44.952+0000][26872.714s][info ][safepoint     ] Entering safepoint region: Cleanup
[2023-11-16T03:31:44.953+0000][26872.714s][info ][safepoint     ] Leaving safepoint region
[2023-11-16T03:31:44.953+0000][26872.714s][info ][safepoint     ] Total time for which application threads were stopped: 0.0003401 seconds, Stopping threads took: 0.0000491 seconds
[2023-11-16T03:31:45.953+0000][26873.714s][debug][safepoint     ] Safepoint synchronization initiated. (165 threads)
[2023-11-16T03:31:45.953+0000][26873.714s][info ][safepoint     ] Application time: 1.0001775 seconds
[2023-11-16T03:31:45.953+0000][26873.715s][info ][safepoint     ] Entering safepoint region: Cleanup
[2023-11-16T03:31:45.953+0000][26873.715s][info ][safepoint     ] Leaving safepoint region
[2023-11-16T03:31:45.953+0000][26873.715s][info ][safepoint     ] Total time for which application threads were stopped: 0.0003462 seconds, Stopping threads took: 0.0000517 seconds
[2023-11-16T03:31:46.953+0000][26874.715s][debug][safepoint     ] Safepoint synchronization initiated. (165 threads)
[2023-11-16T03:31:46.953+0000][26874.715s][info ][safepoint     ] Application time: 1.0001432 seconds
[2023-11-16T03:31:46.953+0000][26874.715s][info ][safepoint     ] Entering safepoint region: Cleanup
[2023-11-16T03:31:46.954+0000][26874.715s][info ][safepoint     ] Leaving safepoint region
[2023-11-16T03:31:46.954+0000][26874.715s][info ][safepoint     ] Total time for which application threads were stopped: 0.0003392 seconds, Stopping threads took: 0.0000504 seconds
[2023-11-16T03:31:47.954+0000][26875.715s][debug][safepoint     ] Safepoint synchronization initiated. (165 threads)
[2023-11-16T03:31:47.954+0000][26875.716s][info ][safepoint     ] Application time: 1.0001750 seconds
[2023-11-16T03:31:47.954+0000][26875.716s][info ][safepoint     ] Entering safepoint region: Cleanup
[2023-11-16T03:31:47.954+0000][26875.716s][info ][safepoint     ] Leaving safepoint region
[2023-11-16T03:31:47.954+0000][26875.716s][info ][safepoint     ] Total time for which application threads were stopped: 0.0005582 seconds, Stopping threads took: 0.0002953 seconds
[2023-11-16T03:31:48.955+0000][26876.716s][debug][safepoint     ] Safepoint synchronization initiated. (165 threads)
[2023-11-16T03:31:48.955+0000][26876.716s][info ][safepoint     ] Application time: 1.0001668 seconds
[2023-11-16T03:31:48.955+0000][26876.716s][info ][safepoint     ] Entering safepoint region: Cleanup
[2023-11-16T03:31:48.955+0000][26876.717s][info ][safepoint     ] Leaving safepoint region
[2023-11-16T03:31:48.955+0000][26876.717s][info ][safepoint     ] Total time for which application threads were stopped: 0.0003451 seconds, Stopping threads took: 0.0000501 seconds
[2023-11-16T03:31:49.955+0000][26877.717s][debug][safepoint     ] Safepoint synchronization initiated. (165 threads)
[2023-11-16T03:31:49.955+0000][26877.717s][info ][safepoint     ] Application time: 1.0001604 seconds
[2023-11-16T03:31:49.955+0000][26877.717s][info ][safepoint     ] Entering safepoint region: Cleanup
[2023-11-16T03:31:49.956+0000][26877.717s][info ][safepoint     ] Leaving safepoint region
[2023-11-16T03:31:49.956+0000][26877.717s][info ][safepoint     ] Total time for which application threads were stopped: 0.0003608 seconds, Stopping threads took: 0.0000500 seconds
[2023-11-16T03:31:50.956+0000][26878.717s][debug][safepoint     ] Safepoint synchronization initiated. (165 threads)
[2023-11-16T03:31:50.956+0000][26878.717s][info ][safepoint     ] Application time: 1.0001574 seconds
[2023-11-16T03:31:50.956+0000][26878.717s][info ][safepoint     ] Entering safepoint region: Cleanup
[2023-11-16T03:31:50.956+0000][26878.718s][info ][safepoint     ] Leaving safepoint region
[2023-11-16T03:31:50.956+0000][26878.718s][info ][safepoint     ] Total time for which application threads were stopped: 0.0003406 seconds, Stopping threads took: 0.0000503 seconds
[2023-11-16T03:31:51.956+0000][26879.718s][debug][safepoint     ] Safepoint synchronization initiated. (165 threads)
[2023-11-16T03:31:51.956+0000][26879.718s][info ][safepoint     ] Application time: 1.0001701 seconds
[2023-11-16T03:31:51.956+0000][26879.718s][info ][safepoint     ] Entering safepoint region: Cleanup
[2023-11-16T03:31:51.957+0000][26879.718s][info ][safepoint     ] Leaving safepoint region
[2023-11-16T03:31:51.957+0000][26879.718s][info ][safepoint     ] Total time for which application threads were stopped: 0.0003930 seconds, Stopping threads took: 0.0000501 seconds
[2023-11-16T03:31:52.957+0000][26880.719s][debug][safepoint     ] Safepoint synchronization initiated. (165 threads)
[2023-11-16T03:31:52.957+0000][26880.719s][info ][safepoint     ] Application time: 1.0001919 seconds
[2023-11-16T03:31:52.957+0000][26880.719s][info ][safepoint     ] Entering safepoint region: Cleanup
[2023-11-16T03:31:52.957+0000][26880.719s][info ][safepoint     ] Leaving safepoint region
[2023-11-16T03:31:52.957+0000][26880.719s][info ][safepoint     ] Total time for which application threads were stopped: 0.0004187 seconds, Stopping threads took: 0.0002019 seconds
[2023-11-16T03:31:53.958+0000][26881.719s][debug][safepoint     ] Safepoint synchronization initiated. (165 threads)
[2023-11-16T03:31:53.958+0000][26881.719s][info ][safepoint     ] Application time: 1.0001594 seconds
[2023-11-16T03:31:53.958+0000][26881.719s][info ][safepoint     ] Entering safepoint region: Cleanup
[2023-11-16T03:31:53.958+0000][26881.720s][info ][safepoint     ] Leaving safepoint region
[2023-11-16T03:31:53.958+0000][26881.720s][info ][safepoint     ] Total time for which application threads were stopped: 0.0003389 seconds, Stopping threads took: 0.0000488 seconds
[2023-11-16T03:31:54.958+0000][26882.720s][debug][safepoint     ] Safepoint synchronization initiated. (165 threads)
[2023-11-16T03:31:54.958+0000][26882.720s][info ][safepoint     ] Application time: 1.0001720 seconds
[2023-11-16T03:31:54.958+0000][26882.720s][info ][safepoint     ] Entering safepoint region: Cleanup
[2023-11-16T03:31:54.958+0000][26882.720s][info ][safepoint     ] Leaving safepoint region
[2023-11-16T03:31:54.958+0000][26882.720s][info ][safepoint     ] Total time for which application threads were stopped: 0.0003384 seconds, Stopping threads took: 0.0000496 seconds
[2023-11-16T03:31:55.959+0000][26883.720s][debug][safepoint     ] Safepoint synchronization initiated. (165 threads)
[2023-11-16T03:31:55.959+0000][26883.720s][info ][safepoint     ] Application time: 1.0001465 seconds
[2023-11-16T03:31:55.959+0000][26883.720s][info ][safepoint     ] Entering safepoint region: Cleanup
[2023-11-16T03:31:55.959+0000][26883.721s][info ][safepoint     ] Leaving safepoint region
[2023-11-16T03:31:55.959+0000][26883.721s][info ][safepoint     ] Total time for which application threads were stopped: 0.0003406 seconds, Stopping threads took: 0.0000504 seconds
[2023-11-16T03:31:56.959+0000][26884.721s][debug][safepoint     ] Safepoint synchronization initiated. (165 threads)
[2023-11-16T03:31:56.959+0000][26884.721s][info ][safepoint     ] Application time: 1.0001701 seconds
[2023-11-16T03:31:56.959+0000][26884.721s][info ][safepoint     ] Entering safepoint region: Cleanup
[2023-11-16T03:31:56.959+0000][26884.721s][info ][safepoint     ] Leaving safepoint region
[2023-11-16T03:31:56.960+0000][26884.721s][info ][safepoint     ] Total time for which application threads were stopped: 0.0003109 seconds, Stopping threads took: 0.0000492 seconds
[2023-11-16T03:31:57.960+0000][26885.721s][debug][safepoint     ] Safepoint synchronization initiated. (165 threads)
[2023-11-16T03:31:57.960+0000][26885.721s][info ][safepoint     ] Application time: 1.0001418 seconds
[2023-11-16T03:31:57.960+0000][26885.721s][info ][safepoint     ] Entering safepoint region: Cleanup
[2023-11-16T03:31:57.960+0000][26885.722s][info ][safepoint     ] Leaving safepoint region
[2023-11-16T03:31:57.960+0000][26885.722s][info ][safepoint     ] Total time for which application threads were stopped: 0.0003402 seconds, Stopping threads took: 0.0000494 seconds
[2023-11-16T03:31:58.960+0000][26886.722s][debug][safepoint     ] Safepoint synchronization initiated. (165 threads)
[2023-11-16T03:31:58.960+0000][26886.722s][info ][safepoint     ] Application time: 1.0001728 seconds
[2023-11-16T03:31:58.960+0000][26886.722s][info ][safepoint     ] Entering safepoint region: Cleanup
[2023-11-16T03:31:58.961+0000][26886.722s][info ][safepoint     ] Leaving safepoint region
[2023-11-16T03:31:58.961+0000][26886.722s][info ][safepoint     ] Total time for which application threads were stopped: 0.0003400 seconds, Stopping threads took: 0.0000522 seconds
[2023-11-16T03:31:59.961+0000][26887.722s][debug][safepoint     ] Safepoint synchronization initiated. (165 threads)
[2023-11-16T03:31:59.961+0000][26887.722s][info ][safepoint     ] Application time: 1.0001530 seconds
[2023-11-16T03:31:59.961+0000][26887.722s][info ][safepoint     ] Entering safepoint region: Cleanup
[2023-11-16T03:31:59.961+0000][26887.723s][info ][safepoint     ] Leaving safepoint region
[2023-11-16T03:31:59.961+0000][26887.723s][info ][safepoint     ] Total time for which application threads were stopped: 0.0002383 seconds, Stopping threads took: 0.0000509 seconds
[2023-11-16T03:32:00.961+0000][26888.723s][debug][safepoint     ] Safepoint synchronization initiated. (165 threads)
[2023-11-16T03:32:00.961+0000][26888.723s][info ][safepoint     ] Application time: 1.0001607 seconds
[2023-11-16T03:32:00.961+0000][26888.723s][info ][safepoint     ] Entering safepoint region: Cleanup
[2023-11-16T03:32:00.962+0000][26888.723s][info ][safepoint     ] Leaving safepoint region
[2023-11-16T03:32:00.962+0000][26888.723s][info ][safepoint     ] Total time for which application threads were stopped: 0.0003450 seconds, Stopping threads took: 0.0000510 seconds
[2023-11-16T03:32:01.962+0000][26889.723s][debug][safepoint     ] Safepoint synchronization initiated. (165 threads)
[2023-11-16T03:32:01.962+0000][26889.723s][info ][safepoint     ] Application time: 1.0001675 seconds
[2023-11-16T03:32:01.962+0000][26889.723s][info ][safepoint     ] Entering safepoint region: Cleanup
[2023-11-16T03:32:01.962+0000][26889.724s][info ][safepoint     ] Leaving safepoint region
[2023-11-16T03:32:01.962+0000][26889.724s][info ][safepoint     ] Total time for which application threads were stopped: 0.0003386 seconds, Stopping threads took: 0.0000485 seconds
[2023-11-16T03:32:02.962+0000][26890.724s][debug][safepoint     ] Safepoint synchronization initiated. (165 threads)
[2023-11-16T03:32:02.962+0000][26890.724s][info ][safepoint     ] Application time: 1.0001654 seconds
[2023-11-16T03:32:02.962+0000][26890.724s][info ][safepoint     ] Entering safepoint region: Cleanup
[2023-11-16T03:32:02.963+0000][26890.724s][info ][safepoint     ] Leaving safepoint region
[2023-11-16T03:32:02.963+0000][26890.724s][info ][safepoint     ] Total time for which application threads were stopped: 0.0003408 seconds, Stopping threads took: 0.0000495 seconds
[2023-11-16T03:32:03.963+0000][26891.724s][debug][safepoint     ] Safepoint synchronization initiated. (165 threads)
[2023-11-16T03:32:03.963+0000][26891.724s][info ][safepoint     ] Application time: 1.0001601 seconds
[2023-11-16T03:32:03.963+0000][26891.725s][info ][safepoint     ] Entering safepoint region: Cleanup
[2023-11-16T03:32:03.963+0000][26891.725s][info ][safepoint     ] Leaving safepoint region
[2023-11-16T03:32:03.963+0000][26891.725s][info ][safepoint     ] Total time for which application threads were stopped: 0.0005888 seconds, Stopping threads took: 0.0003403 seconds
[2023-11-16T03:32:04.964+0000][26892.725s][debug][safepoint     ] Safepoint synchronization initiated. (165 threads)
[2023-11-16T03:32:04.964+0000][26892.725s][info ][safepoint     ] Application time: 1.0001560 seconds
[2023-11-16T03:32:04.964+0000][26892.725s][info ][safepoint     ] Entering safepoint region: Cleanup
[2023-11-16T03:32:04.964+0000][26892.726s][info ][safepoint     ] Leaving safepoint region
[2023-11-16T03:32:04.964+0000][26892.726s][info ][safepoint     ] Total time for which application threads were stopped: 0.0003436 seconds, Stopping threads took: 0.0000496 seconds
[2023-11-16T03:32:05.964+0000][26893.726s][debug][safepoint     ] Safepoint synchronization initiated. (165 threads)
[2023-11-16T03:32:05.964+0000][26893.726s][info ][safepoint     ] Application time: 1.0001754 seconds
[2023-11-16T03:32:05.964+0000][26893.726s][info ][safepoint     ] Entering safepoint region: Cleanup
[2023-11-16T03:32:05.965+0000][26893.726s][info ][safepoint     ] Leaving safepoint region
[2023-11-16T03:32:05.965+0000][26893.726s][info ][safepoint     ] Total time for which application threads were stopped: 0.0003419 seconds, Stopping threads took: 0.0000503 seconds
[2023-11-16T03:32:06.965+0000][26894.726s][debug][safepoint     ] Safepoint synchronization initiated. (165 threads)
[2023-11-16T03:32:06.965+0000][26894.726s][info ][safepoint     ] Application time: 1.0001713 seconds
[2023-11-16T03:32:06.965+0000][26894.726s][info ][safepoint     ] Entering safepoint region: Cleanup
[2023-11-16T03:32:06.965+0000][26894.727s][info ][safepoint     ] Leaving safepoint region
[2023-11-16T03:32:06.965+0000][26894.727s][info ][safepoint     ] Total time for which application threads were stopped: 0.0003426 seconds, Stopping threads took: 0.0000506 seconds
[2023-11-16T03:32:07.965+0000][26895.727s][debug][safepoint     ] Safepoint synchronization initiated. (165 threads)
[2023-11-16T03:32:07.965+0000][26895.727s][info ][safepoint     ] Application time: 1.0001569 seconds
[2023-11-16T03:32:07.965+0000][26895.727s][info ][safepoint     ] Entering safepoint region: Cleanup
[2023-11-16T03:32:07.966+0000][26895.727s][info ][safepoint     ] Leaving safepoint region
[2023-11-16T03:32:07.966+0000][26895.727s][info ][safepoint     ] Total time for which application threads were stopped: 0.0003413 seconds, Stopping threads took: 0.0000501 seconds
[2023-11-16T03:32:08.966+0000][26896.727s][debug][safepoint     ] Safepoint synchronization initiated. (165 threads)
[2023-11-16T03:32:08.966+0000][26896.727s][info ][safepoint     ] Application time: 1.0001721 seconds
[2023-11-16T03:32:08.966+0000][26896.728s][info ][safepoint     ] Entering safepoint region: Cleanup
[2023-11-16T03:32:08.966+0000][26896.728s][info ][safepoint     ] Leaving safepoint region
[2023-11-16T03:32:08.966+0000][26896.728s][info ][safepoint     ] Total time for which application threads were stopped: 0.0005467 seconds, Stopping threads took: 0.0002026 seconds
[2023-11-16T03:32:09.967+0000][26897.728s][debug][safepoint     ] Safepoint synchronization initiated. (165 threads)
[2023-11-16T03:32:09.967+0000][26897.728s][info ][safepoint     ] Application time: 1.0001589 seconds
[2023-11-16T03:32:09.967+0000][26897.728s][info ][safepoint     ] Entering safepoint region: Cleanup
[2023-11-16T03:32:09.967+0000][26897.729s][info ][safepoint     ] Leaving safepoint region
[2023-11-16T03:32:09.967+0000][26897.729s][info ][safepoint     ] Total time for which application threads were stopped: 0.0003443 seconds, Stopping threads took: 0.0000505 seconds
[2023-11-16T03:32:10.967+0000][26898.729s][debug][safepoint     ] Safepoint synchronization initiated. (165 threads)
[2023-11-16T03:32:10.967+0000][26898.729s][info ][safepoint     ] Application time: 1.0001814 seconds
[2023-11-16T03:32:10.967+0000][26898.729s][info ][safepoint     ] Entering safepoint region: Cleanup
[2023-11-16T03:32:10.967+0000][26898.729s][info ][safepoint     ] Leaving safepoint region
[2023-11-16T03:32:10.968+0000][26898.729s][info ][safepoint     ] Total time for which application threads were stopped: 0.0003251 seconds, Stopping threads took: 0.0000537 seconds
[2023-11-16T03:32:11.968+0000][26899.729s][debug][safepoint     ] Safepoint synchronization initiated. (165 threads)
[2023-11-16T03:32:11.968+0000][26899.729s][info ][safepoint     ] Application time: 1.0001483 seconds
[2023-11-16T03:32:11.968+0000][26899.729s][info ][safepoint     ] Entering safepoint region: Cleanup
[2023-11-16T03:32:11.968+0000][26899.730s][info ][safepoint     ] Leaving safepoint region
[2023-11-16T03:32:11.968+0000][26899.730s][info ][safepoint     ] Total time for which application threads were stopped: 0.0003416 seconds, Stopping threads took: 0.0000493 seconds
[2023-11-16T03:32:12.968+0000][26900.730s][debug][safepoint     ] Safepoint synchronization initiated. (165 threads)
[2023-11-16T03:32:12.968+0000][26900.730s][info ][safepoint     ] Application time: 1.0001515 seconds
[2023-11-16T03:32:12.968+0000][26900.730s][info ][safepoint     ] Entering safepoint region: Cleanup
[2023-11-16T03:32:12.969+0000][26900.730s][info ][safepoint     ] Leaving safepoint region
[2023-11-16T03:32:12.969+0000][26900.730s][info ][safepoint     ] Total time for which application threads were stopped: 0.0003395 seconds, Stopping threads took: 0.0000501 seconds
[2023-11-16T03:32:13.969+0000][26901.730s][debug][safepoint     ] Safepoint synchronization initiated. (165 threads)
[2023-11-16T03:32:13.969+0000][26901.730s][info ][safepoint     ] Application time: 1.0001576 seconds
[2023-11-16T03:32:13.969+0000][26901.730s][info ][safepoint     ] Entering safepoint region: Cleanup
[2023-11-16T03:32:13.969+0000][26901.731s][info ][safepoint     ] Leaving safepoint region
[2023-11-16T03:32:13.969+0000][26901.731s][info ][safepoint     ] Total time for which application threads were stopped: 0.0004574 seconds, Stopping threads took: 0.0001583 seconds
[2023-11-16T03:32:14.969+0000][26902.731s][debug][safepoint     ] Safepoint synchronization initiated. (165 threads)
[2023-11-16T03:32:14.969+0000][26902.731s][info ][safepoint     ] Application time: 1.0001651 seconds
[2023-11-16T03:32:14.969+0000][26902.731s][info ][safepoint     ] Entering safepoint region: Cleanup
[2023-11-16T03:32:14.970+0000][26902.731s][info ][safepoint     ] Leaving safepoint region
[2023-11-16T03:32:14.970+0000][26902.731s][info ][safepoint     ] Total time for which application threads were stopped: 0.0003396 seconds, Stopping threads took: 0.0000499 seconds
[2023-11-16T03:32:15.970+0000][26903.732s][debug][safepoint     ] Safepoint synchronization initiated. (165 threads)
[2023-11-16T03:32:15.970+0000][26903.732s][info ][safepoint     ] Application time: 1.0001586 seconds
[2023-11-16T03:32:15.970+0000][26903.732s][info ][safepoint     ] Entering safepoint region: Cleanup
[2023-11-16T03:32:15.970+0000][26903.732s][info ][safepoint     ] Leaving safepoint region
[2023-11-16T03:32:15.970+0000][26903.732s][info ][safepoint     ] Total time for which application threads were stopped: 0.0003405 seconds, Stopping threads took: 0.0000493 seconds
[2023-11-16T03:32:16.970+0000][26904.732s][debug][safepoint     ] Safepoint synchronization initiated. (165 threads)
[2023-11-16T03:32:16.971+0000][26904.732s][info ][safepoint     ] Application time: 1.0001856 seconds
[2023-11-16T03:32:16.971+0000][26904.732s][info ][safepoint     ] Entering safepoint region: Cleanup
[2023-11-16T03:32:16.971+0000][26904.732s][info ][safepoint     ] Leaving safepoint region
[2023-11-16T03:32:16.971+0000][26904.733s][info ][safepoint     ] Total time for which application threads were stopped: 0.0003405 seconds, Stopping threads took: 0.0000496 seconds
[2023-11-16T03:32:17.971+0000][26905.733s][debug][safepoint     ] Safepoint synchronization initiated. (165 threads)
[2023-11-16T03:32:17.971+0000][26905.733s][info ][safepoint     ] Application time: 1.0001652 seconds
[2023-11-16T03:32:17.971+0000][26905.733s][info ][safepoint     ] Entering safepoint region: Cleanup
[2023-11-16T03:32:17.971+0000][26905.733s][info ][safepoint     ] Leaving safepoint region
[2023-11-16T03:32:17.971+0000][26905.733s][info ][safepoint     ] Total time for which application threads were stopped: 0.0003070 seconds, Stopping threads took: 0.0000512 seconds
[2023-11-16T03:32:18.972+0000][26906.733s][debug][safepoint     ] Safepoint synchronization initiated. (165 threads)
[2023-11-16T03:32:18.972+0000][26906.733s][info ][safepoint     ] Application time: 1.0001680 seconds
[2023-11-16T03:32:18.972+0000][26906.733s][info ][safepoint     ] Entering safepoint region: Cleanup
[2023-11-16T03:32:18.972+0000][26906.734s][info ][safepoint     ] Leaving safepoint region
[2023-11-16T03:32:18.972+0000][26906.734s][info ][safepoint     ] Total time for which application threads were stopped: 0.0004793 seconds, Stopping threads took: 0.0002735 seconds
[2023-11-16T03:32:19.972+0000][26907.734s][debug][safepoint     ] Safepoint synchronization initiated. (165 threads)
[2023-11-16T03:32:19.972+0000][26907.734s][info ][safepoint     ] Application time: 1.0001527 seconds
[2023-11-16T03:32:19.972+0000][26907.734s][info ][safepoint     ] Entering safepoint region: Cleanup
[2023-11-16T03:32:19.973+0000][26907.734s][info ][safepoint     ] Leaving safepoint region
[2023-11-16T03:32:19.973+0000][26907.734s][info ][safepoint     ] Total time for which application threads were stopped: 0.0003667 seconds, Stopping threads took: 0.0000499 seconds
[2023-11-16T03:32:20.973+0000][26908.734s][debug][safepoint     ] Safepoint synchronization initiated. (165 threads)
[2023-11-16T03:32:20.973+0000][26908.734s][info ][safepoint     ] Application time: 1.0001615 seconds
[2023-11-16T03:32:20.973+0000][26908.734s][info ][safepoint     ] Entering safepoint region: Cleanup
[2023-11-16T03:32:20.973+0000][26908.735s][info ][safepoint     ] Leaving safepoint region
[2023-11-16T03:32:20.973+0000][26908.735s][info ][safepoint     ] Total time for which application threads were stopped: 0.0003512 seconds, Stopping threads took: 0.0000531 seconds
[2023-11-16T03:32:21.973+0000][26909.735s][debug][safepoint     ] Safepoint synchronization initiated. (165 threads)
[2023-11-16T03:32:21.973+0000][26909.735s][info ][safepoint     ] Application time: 1.0001708 seconds
[2023-11-16T03:32:21.973+0000][26909.735s][info ][safepoint     ] Entering safepoint region: Cleanup
[2023-11-16T03:32:21.974+0000][26909.735s][info ][safepoint     ] Leaving safepoint region
[2023-11-16T03:32:21.974+0000][26909.735s][info ][safepoint     ] Total time for which application threads were stopped: 0.0003402 seconds, Stopping threads took: 0.0000504 seconds
[2023-11-16T03:32:22.974+0000][26910.735s][debug][safepoint     ] Safepoint synchronization initiated. (165 threads)
[2023-11-16T03:32:22.974+0000][26910.736s][info ][safepoint     ] Application time: 1.0001332 seconds
[2023-11-16T03:32:22.974+0000][26910.736s][info ][safepoint     ] Entering safepoint region: Cleanup
[2023-11-16T03:32:22.974+0000][26910.736s][info ][safepoint     ] Leaving safepoint region
[2023-11-16T03:32:22.974+0000][26910.736s][info ][safepoint     ] Total time for which application threads were stopped: 0.0003432 seconds, Stopping threads took: 0.0000534 seconds
[2023-11-16T03:32:23.974+0000][26911.736s][debug][safepoint     ] Safepoint synchronization initiated. (165 threads)
[2023-11-16T03:32:23.974+0000][26911.736s][info ][safepoint     ] Application time: 1.0001744 seconds
[2023-11-16T03:32:23.974+0000][26911.736s][info ][safepoint     ] Entering safepoint region: Cleanup
[2023-11-16T03:32:23.975+0000][26911.736s][info ][safepoint     ] Leaving safepoint region
[2023-11-16T03:32:23.975+0000][26911.736s][info ][safepoint     ] Total time for which application threads were stopped: 0.0004109 seconds, Stopping threads took: 0.0001503 seconds
[2023-11-16T03:32:24.975+0000][26912.737s][debug][safepoint     ] Safepoint synchronization initiated. (165 threads)
[2023-11-16T03:32:24.975+0000][26912.737s][info ][safepoint     ] Application time: 1.0001661 seconds
[2023-11-16T03:32:24.975+0000][26912.737s][info ][safepoint     ] Entering safepoint region: Cleanup
[2023-11-16T03:32:24.975+0000][26912.737s][info ][safepoint     ] Leaving safepoint region
[2023-11-16T03:32:24.975+0000][26912.737s][info ][safepoint     ] Total time for which application threads were stopped: 0.0003361 seconds, Stopping threads took: 0.0000496 seconds
[2023-11-16T03:32:25.976+0000][26913.737s][debug][safepoint     ] Safepoint synchronization initiated. (165 threads)
[2023-11-16T03:32:25.976+0000][26913.737s][info ][safepoint     ] Application time: 1.0001573 seconds
[2023-11-16T03:32:25.976+0000][26913.737s][info ][safepoint     ] Entering safepoint region: Cleanup
[2023-11-16T03:32:25.976+0000][26913.738s][info ][safepoint     ] Leaving safepoint region
[2023-11-16T03:32:25.976+0000][26913.738s][info ][safepoint     ] Total time for which application threads were stopped: 0.0003437 seconds, Stopping threads took: 0.0000498 seconds
[2023-11-16T03:32:26.976+0000][26914.738s][debug][safepoint     ] Safepoint synchronization initiated. (165 threads)
[2023-11-16T03:32:26.976+0000][26914.738s][info ][safepoint     ] Application time: 1.0001618 seconds
[2023-11-16T03:32:26.976+0000][26914.738s][info ][safepoint     ] Entering safepoint region: Cleanup
[2023-11-16T03:32:26.976+0000][26914.738s][info ][safepoint     ] Leaving safepoint region
[2023-11-16T03:32:26.976+0000][26914.738s][info ][safepoint     ] Total time for which application threads were stopped: 0.0003671 seconds, Stopping threads took: 0.0000497 seconds
[2023-11-16T03:32:27.977+0000][26915.738s][debug][safepoint     ] Safepoint synchronization initiated. (165 threads)
[2023-11-16T03:32:27.977+0000][26915.738s][info ][safepoint     ] Application time: 1.0001708 seconds
[2023-11-16T03:32:27.977+0000][26915.738s][info ][safepoint     ] Entering safepoint region: Cleanup
[2023-11-16T03:32:27.977+0000][26915.739s][info ][safepoint     ] Leaving safepoint region
[2023-11-16T03:32:27.977+0000][26915.739s][info ][safepoint     ] Total time for which application threads were stopped: 0.0003407 seconds, Stopping threads took: 0.0000501 seconds
[2023-11-16T03:32:28.977+0000][26916.739s][debug][safepoint     ] Safepoint synchronization initiated. (165 threads)
[2023-11-16T03:32:28.977+0000][26916.739s][info ][safepoint     ] Application time: 1.0001738 seconds
[2023-11-16T03:32:28.977+0000][26916.739s][info ][safepoint     ] Entering safepoint region: Cleanup
[2023-11-16T03:32:28.978+0000][26916.739s][info ][safepoint     ] Leaving safepoint region
[2023-11-16T03:32:28.978+0000][26916.739s][info ][safepoint     ] Total time for which application threads were stopped: 0.0004871 seconds, Stopping threads took: 0.0002017 seconds
[2023-11-16T03:32:29.978+0000][26917.739s][debug][safepoint     ] Safepoint synchronization initiated. (165 threads)
[2023-11-16T03:32:29.978+0000][26917.740s][info ][safepoint     ] Application time: 1.0001540 seconds
[2023-11-16T03:32:29.978+0000][26917.740s][info ][safepoint     ] Entering safepoint region: Cleanup
[2023-11-16T03:32:29.978+0000][26917.740s][info ][safepoint     ] Leaving safepoint region
[2023-11-16T03:32:29.978+0000][26917.740s][info ][safepoint     ] Total time for which application threads were stopped: 0.0003439 seconds, Stopping threads took: 0.0000503 seconds
[2023-11-16T03:32:30.978+0000][26918.740s][debug][safepoint     ] Safepoint synchronization initiated. (165 threads)
[2023-11-16T03:32:30.978+0000][26918.740s][info ][safepoint     ] Application time: 1.0001674 seconds
[2023-11-16T03:32:30.979+0000][26918.740s][info ][safepoint     ] Entering safepoint region: Cleanup
[2023-11-16T03:32:30.979+0000][26918.740s][info ][safepoint     ] Leaving safepoint region
[2023-11-16T03:32:30.979+0000][26918.740s][info ][safepoint     ] Total time for which application threads were stopped: 0.0003362 seconds, Stopping threads took: 0.0000505 seconds
[2023-11-16T03:32:31.979+0000][26919.741s][debug][safepoint     ] Safepoint synchronization initiated. (165 threads)
[2023-11-16T03:32:31.979+0000][26919.741s][info ][safepoint     ] Application time: 1.0001554 seconds
[2023-11-16T03:32:31.979+0000][26919.741s][info ][safepoint     ] Entering safepoint region: Cleanup
[2023-11-16T03:32:31.979+0000][26919.741s][info ][safepoint     ] Leaving safepoint region
[2023-11-16T03:32:31.979+0000][26919.741s][info ][safepoint     ] Total time for which application threads were stopped: 0.0002878 seconds, Stopping threads took: 0.0000488 seconds
[2023-11-16T03:32:31.979+0000][26919.741s][debug][safepoint     ] ... found polling page return exception at pc = 0x00007f693102dd76, stub =0x00007f692883a800
[2023-11-16T03:32:32.979+0000][26920.741s][debug][safepoint     ] Safepoint synchronization initiated. (165 threads)
[2023-11-16T03:32:32.980+0000][26920.741s][info ][safepoint     ] Application time: 1.0001873 seconds
[2023-11-16T03:32:32.980+0000][26920.741s][info ][safepoint     ] Entering safepoint region: Cleanup
[2023-11-16T03:32:32.980+0000][26920.741s][info ][safepoint     ] Leaving safepoint region
[2023-11-16T03:32:32.980+0000][26920.741s][info ][safepoint     ] Total time for which application threads were stopped: 0.0002433 seconds, Stopping threads took: 0.0000477 seconds
[2023-11-16T03:32:33.980+0000][26921.742s][debug][safepoint     ] Safepoint synchronization initiated. (165 threads)
[2023-11-16T03:32:33.980+0000][26921.742s][info ][safepoint     ] Application time: 1.0001481 seconds
[2023-11-16T03:32:33.980+0000][26921.742s][info ][safepoint     ] Entering safepoint region: Cleanup
[2023-11-16T03:32:33.980+0000][26921.742s][info ][safepoint     ] Leaving safepoint region
[2023-11-16T03:32:33.980+0000][26921.742s][info ][safepoint     ] Total time for which application threads were stopped: 0.0003332 seconds, Stopping threads took: 0.0000530 seconds
[2023-11-16T03:32:34.980+0000][26922.742s][debug][safepoint     ] Safepoint synchronization initiated. (165 threads)
[2023-11-16T03:32:34.980+0000][26922.742s][info ][safepoint     ] Application time: 1.0001685 seconds
[2023-11-16T03:32:34.981+0000][26922.742s][info ][safepoint     ] Entering safepoint region: Cleanup
[2023-11-16T03:32:34.981+0000][26922.742s][info ][safepoint     ] Leaving safepoint region
[2023-11-16T03:32:34.981+0000][26922.742s][info ][safepoint     ] Total time for which application threads were stopped: 0.0003412 seconds, Stopping threads took: 0.0000506 seconds
[2023-11-16T03:32:35.981+0000][26923.743s][debug][safepoint     ] Safepoint synchronization initiated. (165 threads)
[2023-11-16T03:32:35.981+0000][26923.743s][info ][safepoint     ] Application time: 1.0001536 seconds
[2023-11-16T03:32:35.981+0000][26923.743s][info ][safepoint     ] Entering safepoint region: Cleanup
[2023-11-16T03:32:35.981+0000][26923.743s][info ][safepoint     ] Leaving safepoint region
[2023-11-16T03:32:35.981+0000][26923.743s][info ][safepoint     ] Total time for which application threads were stopped: 0.0003384 seconds, Stopping threads took: 0.0000488 seconds
[2023-11-16T03:32:36.981+0000][26924.743s][debug][safepoint     ] Safepoint synchronization initiated. (165 threads)
[2023-11-16T03:32:36.982+0000][26924.743s][info ][safepoint     ] Application time: 1.0001563 seconds
[2023-11-16T03:32:36.982+0000][26924.743s][info ][safepoint     ] Entering safepoint region: Cleanup
[2023-11-16T03:32:36.982+0000][26924.744s][info ][safepoint     ] Leaving safepoint region
[2023-11-16T03:32:36.982+0000][26924.744s][info ][safepoint     ] Total time for which application threads were stopped: 0.0003422 seconds, Stopping threads took: 0.0000485 seconds
[2023-11-16T03:32:37.982+0000][26925.744s][debug][safepoint     ] Safepoint synchronization initiated. (165 threads)
[2023-11-16T03:32:37.982+0000][26925.744s][info ][safepoint     ] Application time: 1.0001581 seconds
[2023-11-16T03:32:37.982+0000][26925.744s][info ][safepoint     ] Entering safepoint region: Cleanup
[2023-11-16T03:32:37.982+0000][26925.744s][info ][safepoint     ] Leaving safepoint region
[2023-11-16T03:32:37.982+0000][26925.744s][info ][safepoint     ] Total time for which application threads were stopped: 0.0003343 seconds, Stopping threads took: 0.0000493 seconds
[2023-11-16T03:32:38.983+0000][26926.744s][debug][safepoint     ] Safepoint synchronization initiated. (165 threads)
[2023-11-16T03:32:38.983+0000][26926.744s][info ][safepoint     ] Application time: 1.0001415 seconds
[2023-11-16T03:32:38.983+0000][26926.744s][info ][safepoint     ] Entering safepoint region: Cleanup
[2023-11-16T03:32:38.983+0000][26926.745s][info ][safepoint     ] Leaving safepoint region
[2023-11-16T03:32:38.983+0000][26926.745s][info ][safepoint     ] Total time for which application threads were stopped: 0.0005230 seconds, Stopping threads took: 0.0003080 seconds
[2023-11-16T03:32:39.983+0000][26927.745s][debug][safepoint     ] Safepoint synchronization initiated. (165 threads)
[2023-11-16T03:32:39.983+0000][26927.745s][info ][safepoint     ] Application time: 1.0001641 seconds
[2023-11-16T03:32:39.983+0000][26927.745s][info ][safepoint     ] Entering safepoint region: Cleanup
[2023-11-16T03:32:39.984+0000][26927.745s][info ][safepoint     ] Leaving safepoint region
[2023-11-16T03:32:39.984+0000][26927.745s][info ][safepoint     ] Total time for which application threads were stopped: 0.0002699 seconds, Stopping threads took: 0.0000513 seconds
[2023-11-16T03:32:40.984+0000][26928.745s][debug][safepoint     ] Safepoint synchronization initiated. (165 threads)
[2023-11-16T03:32:40.984+0000][26928.745s][info ][safepoint     ] Application time: 1.0001717 seconds
[2023-11-16T03:32:40.984+0000][26928.745s][info ][safepoint     ] Entering safepoint region: Cleanup
[2023-11-16T03:32:40.984+0000][26928.746s][info ][safepoint     ] Leaving safepoint region
[2023-11-16T03:32:40.984+0000][26928.746s][info ][safepoint     ] Total time for which application threads were stopped: 0.0003422 seconds, Stopping threads took: 0.0000503 seconds
[2023-11-16T03:32:41.984+0000][26929.746s][debug][safepoint     ] Safepoint synchronization initiated. (165 threads)
[2023-11-16T03:32:41.984+0000][26929.746s][info ][safepoint     ] Application time: 1.0001691 seconds
[2023-11-16T03:32:41.984+0000][26929.746s][info ][safepoint     ] Entering safepoint region: Cleanup
[2023-11-16T03:32:41.985+0000][26929.746s][info ][safepoint     ] Leaving safepoint region
[2023-11-16T03:32:41.985+0000][26929.746s][info ][safepoint     ] Total time for which application threads were stopped: 0.0003353 seconds, Stopping threads took: 0.0000492 seconds
[2023-11-16T03:32:42.985+0000][26930.746s][debug][safepoint     ] Safepoint synchronization initiated. (165 threads)
[2023-11-16T03:32:42.985+0000][26930.747s][info ][safepoint     ] Application time: 1.0001663 seconds
[2023-11-16T03:32:42.985+0000][26930.747s][info ][safepoint     ] Entering safepoint region: Cleanup
[2023-11-16T03:32:42.985+0000][26930.747s][info ][safepoint     ] Leaving safepoint region
[2023-11-16T03:32:42.985+0000][26930.747s][info ][safepoint     ] Total time for which application threads were stopped: 0.0003380 seconds, Stopping threads took: 0.0000491 seconds
[2023-11-16T03:32:43.985+0000][26931.747s][debug][safepoint     ] Safepoint synchronization initiated. (165 threads)
[2023-11-16T03:32:43.985+0000][26931.747s][info ][safepoint     ] Application time: 1.0001415 seconds
[2023-11-16T03:32:43.985+0000][26931.747s][info ][safepoint     ] Entering safepoint region: Cleanup
[2023-11-16T03:32:43.986+0000][26931.747s][info ][safepoint     ] Leaving safepoint region
[2023-11-16T03:32:43.986+0000][26931.747s][info ][safepoint     ] Total time for which application threads were stopped: 0.0003432 seconds, Stopping threads took: 0.0000502 seconds
[2023-11-16T03:32:44.986+0000][26932.748s][debug][safepoint     ] Safepoint synchronization initiated. (165 threads)
[2023-11-16T03:32:44.986+0000][26932.748s][info ][safepoint     ] Application time: 1.0001579 seconds
[2023-11-16T03:32:44.986+0000][26932.748s][info ][safepoint     ] Entering safepoint region: Cleanup
[2023-11-16T03:32:44.986+0000][26932.748s][info ][safepoint     ] Leaving safepoint region
[2023-11-16T03:32:44.986+0000][26932.748s][info ][safepoint     ] Total time for which application threads were stopped: 0.0003363 seconds, Stopping threads took: 0.0000501 seconds
[2023-11-16T03:32:45.986+0000][26933.748s][debug][safepoint     ] Safepoint synchronization initiated. (165 threads)
[2023-11-16T03:32:45.986+0000][26933.748s][info ][safepoint     ] Application time: 1.0001608 seconds
[2023-11-16T03:32:45.987+0000][26933.748s][info ][safepoint     ] Entering safepoint region: Cleanup
[2023-11-16T03:32:45.987+0000][26933.748s][info ][safepoint     ] Leaving safepoint region
[2023-11-16T03:32:45.987+0000][26933.748s][info ][safepoint     ] Total time for which application threads were stopped: 0.0003364 seconds, Stopping threads took: 0.0000513 seconds
[2023-11-16T03:32:46.987+0000][26934.749s][debug][safepoint     ] Safepoint synchronization initiated. (165 threads)
[2023-11-16T03:32:46.987+0000][26934.749s][info ][safepoint     ] Application time: 1.0001632 seconds
[2023-11-16T03:32:46.987+0000][26934.749s][info ][safepoint     ] Entering safepoint region: Cleanup
[2023-11-16T03:32:46.987+0000][26934.749s][info ][safepoint     ] Leaving safepoint region
[2023-11-16T03:32:46.987+0000][26934.749s][info ][safepoint     ] Total time for which application threads were stopped: 0.0003365 seconds, Stopping threads took: 0.0000487 seconds
[2023-11-16T03:32:47.987+0000][26935.749s][debug][safepoint     ] Safepoint synchronization initiated. (165 threads)
[2023-11-16T03:32:47.988+0000][26935.749s][info ][safepoint     ] Application time: 1.0001929 seconds
[2023-11-16T03:32:47.988+0000][26935.749s][info ][safepoint     ] Entering safepoint region: Cleanup
[2023-11-16T03:32:47.988+0000][26935.750s][info ][safepoint     ] Leaving safepoint region
[2023-11-16T03:32:47.988+0000][26935.750s][info ][safepoint     ] Total time for which application threads were stopped: 0.0003471 seconds, Stopping threads took: 0.0000499 seconds
[2023-11-16T03:32:48.988+0000][26936.750s][debug][safepoint     ] Safepoint synchronization initiated. (165 threads)
[2023-11-16T03:32:48.988+0000][26936.750s][info ][safepoint     ] Application time: 1.0001544 seconds
[2023-11-16T03:32:48.988+0000][26936.750s][info ][safepoint     ] Entering safepoint region: Cleanup
[2023-11-16T03:32:48.989+0000][26936.750s][info ][safepoint     ] Leaving safepoint region
[2023-11-16T03:32:48.989+0000][26936.750s][info ][safepoint     ] Total time for which application threads were stopped: 0.0004131 seconds, Stopping threads took: 0.0002140 seconds
[2023-11-16T03:32:49.989+0000][26937.750s][debug][safepoint     ] Safepoint synchronization initiated. (165 threads)
[2023-11-16T03:32:49.989+0000][26937.750s][info ][safepoint     ] Application time: 1.0001785 seconds
[2023-11-16T03:32:49.989+0000][26937.750s][info ][safepoint     ] Entering safepoint region: Cleanup
[2023-11-16T03:32:49.989+0000][26937.751s][info ][safepoint     ] Leaving safepoint region
[2023-11-16T03:32:49.989+0000][26937.751s][info ][safepoint     ] Total time for which application threads were stopped: 0.0003437 seconds, Stopping threads took: 0.0000497 seconds
[2023-11-16T03:32:50.989+0000][26938.751s][debug][safepoint     ] Safepoint synchronization initiated. (165 threads)
[2023-11-16T03:32:50.989+0000][26938.751s][info ][safepoint     ] Application time: 1.0001715 seconds
[2023-11-16T03:32:50.989+0000][26938.751s][info ][safepoint     ] Entering safepoint region: Cleanup
[2023-11-16T03:32:50.990+0000][26938.751s][info ][safepoint     ] Leaving safepoint region
[2023-11-16T03:32:50.990+0000][26938.751s][info ][safepoint     ] Total time for which application threads were stopped: 0.0003907 seconds, Stopping threads took: 0.0000515 seconds
[2023-11-16T03:32:51.990+0000][26939.751s][debug][safepoint     ] Safepoint synchronization initiated. (165 threads)
[2023-11-16T03:32:51.990+0000][26939.752s][info ][safepoint     ] Application time: 1.0001805 seconds
[2023-11-16T03:32:51.990+0000][26939.752s][info ][safepoint     ] Entering safepoint region: Cleanup
[2023-11-16T03:32:51.990+0000][26939.752s][info ][safepoint     ] Leaving safepoint region
[2023-11-16T03:32:51.990+0000][26939.752s][info ][safepoint     ] Total time for which application threads were stopped: 0.0003397 seconds, Stopping threads took: 0.0000488 seconds
[2023-11-16T03:32:52.990+0000][26940.752s][debug][safepoint     ] Safepoint synchronization initiated. (165 threads)
[2023-11-16T03:32:52.990+0000][26940.752s][info ][safepoint     ] Application time: 1.0001426 seconds
[2023-11-16T03:32:52.990+0000][26940.752s][info ][safepoint     ] Entering safepoint region: Cleanup
[2023-11-16T03:32:52.991+0000][26940.752s][info ][safepoint     ] Leaving safepoint region
[2023-11-16T03:32:52.991+0000][26940.752s][info ][safepoint     ] Total time for which application threads were stopped: 0.0003361 seconds, Stopping threads took: 0.0000510 seconds
[2023-11-16T03:32:53.991+0000][26941.753s][debug][safepoint     ] Safepoint synchronization initiated. (165 threads)
[2023-11-16T03:32:53.991+0000][26941.753s][info ][safepoint     ] Application time: 1.0001726 seconds
[2023-11-16T03:32:53.991+0000][26941.753s][info ][safepoint     ] Entering safepoint region: Cleanup
[2023-11-16T03:32:53.991+0000][26941.753s][info ][safepoint     ] Leaving safepoint region
[2023-11-16T03:32:53.991+0000][26941.753s][info ][safepoint     ] Total time for which application threads were stopped: 0.0002658 seconds, Stopping threads took: 0.0000514 seconds
[2023-11-16T03:32:54.991+0000][26942.753s][debug][safepoint     ] Safepoint synchronization initiated. (165 threads)
[2023-11-16T03:32:54.991+0000][26942.753s][info ][safepoint     ] Application time: 1.0001556 seconds
[2023-11-16T03:32:54.992+0000][26942.753s][info ][safepoint     ] Entering safepoint region: Cleanup
[2023-11-16T03:32:54.992+0000][26942.753s][info ][safepoint     ] Leaving safepoint region
[2023-11-16T03:32:54.992+0000][26942.753s][info ][safepoint     ] Total time for which application threads were stopped: 0.0002835 seconds, Stopping threads took: 0.0000493 seconds
[2023-11-16T03:32:55.992+0000][26943.754s][debug][safepoint     ] Safepoint synchronization initiated. (165 threads)
[2023-11-16T03:32:55.992+0000][26943.754s][info ][safepoint     ] Application time: 1.0001555 seconds
[2023-11-16T03:32:55.992+0000][26943.754s][info ][safepoint     ] Entering safepoint region: Cleanup
[2023-11-16T03:32:55.992+0000][26943.754s][info ][safepoint     ] Leaving safepoint region
[2023-11-16T03:32:55.992+0000][26943.754s][info ][safepoint     ] Total time for which application threads were stopped: 0.0003287 seconds, Stopping threads took: 0.0000506 seconds
[2023-11-16T03:32:56.992+0000][26944.754s][debug][safepoint     ] Safepoint synchronization initiated. (165 threads)
[2023-11-16T03:32:56.992+0000][26944.754s][info ][safepoint     ] Application time: 1.0001590 seconds
[2023-11-16T03:32:56.993+0000][26944.754s][info ][safepoint     ] Entering safepoint region: Cleanup
[2023-11-16T03:32:56.993+0000][26944.754s][info ][safepoint     ] Leaving safepoint region
[2023-11-16T03:32:56.993+0000][26944.754s][info ][safepoint     ] Total time for which application threads were stopped: 0.0003390 seconds, Stopping threads took: 0.0000495 seconds
[2023-11-16T03:32:57.993+0000][26945.755s][debug][safepoint     ] Safepoint synchronization initiated. (165 threads)
[2023-11-16T03:32:57.993+0000][26945.755s][info ][safepoint     ] Application time: 1.0001596 seconds
[2023-11-16T03:32:57.993+0000][26945.755s][info ][safepoint     ] Entering safepoint region: Cleanup
[2023-11-16T03:32:57.993+0000][26945.755s][info ][safepoint     ] Leaving safepoint region
[2023-11-16T03:32:57.993+0000][26945.755s][info ][safepoint     ] Total time for which application threads were stopped: 0.0003041 seconds, Stopping threads took: 0.0000500 seconds
[2023-11-16T03:32:58.993+0000][26946.755s][debug][safepoint     ] Safepoint synchronization initiated. (165 threads)
[2023-11-16T03:32:58.994+0000][26946.755s][info ][safepoint     ] Application time: 1.0001550 seconds
[2023-11-16T03:32:58.994+0000][26946.755s][info ][safepoint     ] Entering safepoint region: Cleanup
[2023-11-16T03:32:58.994+0000][26946.756s][info ][safepoint     ] Leaving safepoint region
[2023-11-16T03:32:58.994+0000][26946.756s][info ][safepoint     ] Total time for which application threads were stopped: 0.0004206 seconds, Stopping threads took: 0.0000590 seconds
[2023-11-16T03:32:59.994+0000][26947.756s][debug][safepoint     ] Safepoint synchronization initiated. (165 threads)
[2023-11-16T03:32:59.994+0000][26947.756s][info ][safepoint     ] Application time: 1.0001773 seconds
[2023-11-16T03:32:59.994+0000][26947.756s][info ][safepoint     ] Entering safepoint region: Cleanup
[2023-11-16T03:32:59.994+0000][26947.756s][info ][safepoint     ] Leaving safepoint region
[2023-11-16T03:32:59.994+0000][26947.756s][info ][safepoint     ] Total time for which application threads were stopped: 0.0003192 seconds, Stopping threads took: 0.0000520 seconds
[2023-11-16T03:33:00.995+0000][26948.756s][debug][safepoint     ] Safepoint synchronization initiated. (165 threads)
[2023-11-16T03:33:00.995+0000][26948.756s][info ][safepoint     ] Application time: 1.0001742 seconds
[2023-11-16T03:33:00.995+0000][26948.756s][info ][safepoint     ] Entering safepoint region: Cleanup
[2023-11-16T03:33:00.995+0000][26948.757s][info ][safepoint     ] Leaving safepoint region
[2023-11-16T03:33:00.995+0000][26948.757s][info ][safepoint     ] Total time for which application threads were stopped: 0.0003377 seconds, Stopping threads took: 0.0000502 seconds
[2023-11-16T03:33:01.995+0000][26949.757s][debug][safepoint     ] Safepoint synchronization initiated. (165 threads)
[2023-11-16T03:33:01.995+0000][26949.757s][info ][safepoint     ] Application time: 1.0001555 seconds
[2023-11-16T03:33:01.995+0000][26949.757s][info ][safepoint     ] Entering safepoint region: Cleanup
[2023-11-16T03:33:01.995+0000][26949.757s][info ][safepoint     ] Leaving safepoint region
[2023-11-16T03:33:01.996+0000][26949.757s][info ][safepoint     ] Total time for which application threads were stopped: 0.0002780 seconds, Stopping threads took: 0.0000498 seconds
[2023-11-16T03:33:02.996+0000][26950.757s][debug][safepoint     ] Safepoint synchronization initiated. (165 threads)
[2023-11-16T03:33:02.996+0000][26950.757s][info ][safepoint     ] Application time: 1.0001545 seconds
[2023-11-16T03:33:02.996+0000][26950.757s][info ][safepoint     ] Entering safepoint region: Cleanup
[2023-11-16T03:33:02.996+0000][26950.758s][info ][safepoint     ] Leaving safepoint region
[2023-11-16T03:33:02.996+0000][26950.758s][info ][safepoint     ] Total time for which application threads were stopped: 0.0003506 seconds, Stopping threads took: 0.0000507 seconds
[2023-11-16T03:33:03.996+0000][26951.758s][debug][safepoint     ] Safepoint synchronization initiated. (165 threads)
[2023-11-16T03:33:03.996+0000][26951.758s][info ][safepoint     ] Application time: 1.0001420 seconds
[2023-11-16T03:33:03.996+0000][26951.758s][info ][safepoint     ] Entering safepoint region: Cleanup
[2023-11-16T03:33:03.997+0000][26951.758s][info ][safepoint     ] Leaving safepoint region
[2023-11-16T03:33:03.997+0000][26951.758s][info ][safepoint     ] Total time for which application threads were stopped: 0.0005945 seconds, Stopping threads took: 0.0003802 seconds
[2023-11-16T03:33:04.997+0000][26952.759s][debug][safepoint     ] Safepoint synchronization initiated. (165 threads)
[2023-11-16T03:33:04.997+0000][26952.759s][info ][safepoint     ] Application time: 1.0001700 seconds
[2023-11-16T03:33:04.997+0000][26952.759s][info ][safepoint     ] Entering safepoint region: Cleanup
[2023-11-16T03:33:04.997+0000][26952.759s][info ][safepoint     ] Leaving safepoint region
[2023-11-16T03:33:04.997+0000][26952.759s][info ][safepoint     ] Total time for which application threads were stopped: 0.0003433 seconds, Stopping threads took: 0.0000502 seconds
[2023-11-16T03:33:05.997+0000][26953.759s][debug][safepoint     ] Safepoint synchronization initiated. (165 threads)
[2023-11-16T03:33:05.998+0000][26953.759s][info ][safepoint     ] Application time: 1.0001544 seconds
[2023-11-16T03:33:05.998+0000][26953.759s][info ][safepoint     ] Entering safepoint region: Cleanup
[2023-11-16T03:33:05.998+0000][26953.759s][info ][safepoint     ] Leaving safepoint region
[2023-11-16T03:33:05.998+0000][26953.760s][debug][safepoint     ] ... found polling page return exception at pc = 0x00007f693102dd76, stub =0x00007f692883a800
[2023-11-16T03:33:05.998+0000][26953.760s][info ][safepoint     ] Total time for which application threads were stopped: 0.0003075 seconds, Stopping threads took: 0.0000505 seconds
[2023-11-16T03:33:06.998+0000][26954.760s][debug][safepoint     ] Safepoint synchronization initiated. (165 threads)
[2023-11-16T03:33:06.998+0000][26954.760s][info ][safepoint     ] Application time: 1.0001805 seconds
[2023-11-16T03:33:06.998+0000][26954.760s][info ][safepoint     ] Entering safepoint region: Cleanup
[2023-11-16T03:33:06.998+0000][26954.760s][info ][safepoint     ] Leaving safepoint region
[2023-11-16T03:33:06.998+0000][26954.760s][info ][safepoint     ] Total time for which application threads were stopped: 0.0003053 seconds, Stopping threads took: 0.0000494 seconds
[2023-11-16T03:33:07.999+0000][26955.760s][debug][safepoint     ] Safepoint synchronization initiated. (165 threads)
[2023-11-16T03:33:07.999+0000][26955.760s][info ][safepoint     ] Application time: 1.0001505 seconds
[2023-11-16T03:33:07.999+0000][26955.760s][info ][safepoint     ] Entering safepoint region: Cleanup
[2023-11-16T03:33:07.999+0000][26955.761s][info ][safepoint     ] Leaving safepoint region
[2023-11-16T03:33:07.999+0000][26955.761s][info ][safepoint     ] Total time for which application threads were stopped: 0.0002784 seconds, Stopping threads took: 0.0000502 seconds
[2023-11-16T03:33:08.999+0000][26956.761s][debug][safepoint     ] Safepoint synchronization initiated. (165 threads)
[2023-11-16T03:33:08.999+0000][26956.761s][info ][safepoint     ] Application time: 1.0001600 seconds
[2023-11-16T03:33:08.999+0000][26956.761s][info ][safepoint     ] Entering safepoint region: Cleanup
[2023-11-16T03:33:09.000+0000][26956.761s][info ][safepoint     ] Leaving safepoint region
[2023-11-16T03:33:09.000+0000][26956.761s][info ][safepoint     ] Total time for which application threads were stopped: 0.0005242 seconds, Stopping threads took: 0.0002734 seconds
[2023-11-16T03:33:10.000+0000][26957.761s][debug][safepoint     ] Safepoint synchronization initiated. (165 threads)
[2023-11-16T03:33:10.000+0000][26957.761s][info ][safepoint     ] Application time: 1.0001763 seconds
[2023-11-16T03:33:10.000+0000][26957.762s][info ][safepoint     ] Entering safepoint region: Cleanup
[2023-11-16T03:33:10.000+0000][26957.762s][info ][safepoint     ] Leaving safepoint region
[2023-11-16T03:33:10.000+0000][26957.762s][info ][safepoint     ] Total time for which application threads were stopped: 0.0003017 seconds, Stopping threads took: 0.0000538 seconds
[2023-11-16T03:33:11.000+0000][26958.762s][debug][safepoint     ] Safepoint synchronization initiated. (165 threads)
[2023-11-16T03:33:11.000+0000][26958.762s][info ][safepoint     ] Application time: 1.0001358 seconds
[2023-11-16T03:33:11.000+0000][26958.762s][info ][safepoint     ] Entering safepoint region: Cleanup
[2023-11-16T03:33:11.001+0000][26958.762s][info ][safepoint     ] Leaving safepoint region
[2023-11-16T03:33:11.001+0000][26958.762s][info ][safepoint     ] Total time for which application threads were stopped: 0.0002605 seconds, Stopping threads took: 0.0000520 seconds
[2023-11-16T03:33:12.001+0000][26959.763s][debug][safepoint     ] Safepoint synchronization initiated. (165 threads)
[2023-11-16T03:33:12.001+0000][26959.763s][info ][safepoint     ] Application time: 1.0004122 seconds
[2023-11-16T03:33:12.001+0000][26959.763s][info ][safepoint     ] Entering safepoint region: Cleanup
[2023-11-16T03:33:12.001+0000][26959.763s][info ][safepoint     ] Leaving safepoint region
[2023-11-16T03:33:12.001+0000][26959.763s][info ][safepoint     ] Total time for which application threads were stopped: 0.0004210 seconds, Stopping threads took: 0.0000529 seconds
[2023-11-16T03:33:13.002+0000][26960.763s][debug][safepoint     ] Safepoint synchronization initiated. (165 threads)
[2023-11-16T03:33:13.002+0000][26960.763s][info ][safepoint     ] Application time: 1.0001443 seconds
[2023-11-16T03:33:13.002+0000][26960.763s][debug][safepoint     ] ... found polling page return exception at pc = 0x00007f69307fc114, stub =0x00007f692883a800
[2023-11-16T03:33:13.002+0000][26960.763s][debug][safepoint     ] Waiting for 1 thread(s) to block
[2023-11-16T03:33:13.002+0000][26960.763s][info ][safepoint     ] Entering safepoint region: Cleanup
[2023-11-16T03:33:13.002+0000][26960.764s][info ][safepoint     ] Leaving safepoint region
[2023-11-16T03:33:13.002+0000][26960.764s][info ][safepoint     ] Total time for which application threads were stopped: 0.0003264 seconds, Stopping threads took: 0.0001138 seconds
[2023-11-16T03:33:14.002+0000][26961.764s][debug][safepoint     ] Safepoint synchronization initiated. (165 threads)
[2023-11-16T03:33:14.003+0000][26961.764s][info ][safepoint     ] Application time: 1.0005562 seconds
[2023-11-16T03:33:14.003+0000][26961.764s][info ][safepoint     ] Entering safepoint region: Cleanup
[2023-11-16T03:33:14.003+0000][26961.765s][info ][safepoint     ] Leaving safepoint region
[2023-11-16T03:33:14.003+0000][26961.765s][info ][safepoint     ] Total time for which application threads were stopped: 0.0003991 seconds, Stopping threads took: 0.0000563 seconds
[2023-11-16T03:33:14.003+0000][26961.765s][debug][safepoint     ] ... found polling page return exception at pc = 0x00007f693102dd76, stub =0x00007f692883a800
[2023-11-16T03:33:15.003+0000][26962.765s][debug][safepoint     ] Safepoint synchronization initiated. (165 threads)
[2023-11-16T03:33:15.003+0000][26962.765s][info ][safepoint     ] Application time: 1.0001464 seconds
[2023-11-16T03:33:15.003+0000][26962.765s][info ][safepoint     ] Entering safepoint region: Cleanup
[2023-11-16T03:33:15.003+0000][26962.765s][info ][safepoint     ] Leaving safepoint region
[2023-11-16T03:33:15.003+0000][26962.765s][info ][safepoint     ] Total time for which application threads were stopped: 0.0002629 seconds, Stopping threads took: 0.0000519 seconds
[2023-11-16T03:33:16.004+0000][26963.765s][debug][safepoint     ] Safepoint synchronization initiated. (165 threads)
[2023-11-16T03:33:16.004+0000][26963.765s][info ][safepoint     ] Application time: 1.0001186 seconds
[2023-11-16T03:33:16.004+0000][26963.765s][info ][safepoint     ] Entering safepoint region: Cleanup
[2023-11-16T03:33:16.004+0000][26963.765s][info ][safepoint     ] Leaving safepoint region
[2023-11-16T03:33:16.004+0000][26963.765s][info ][safepoint     ] Total time for which application threads were stopped: 0.0002058 seconds, Stopping threads took: 0.0000425 seconds
[2023-11-16T03:33:17.004+0000][26964.765s][debug][safepoint     ] Safepoint synchronization initiated. (165 threads)
[2023-11-16T03:33:17.004+0000][26964.766s][info ][safepoint     ] Application time: 1.0001057 seconds
[2023-11-16T03:33:17.004+0000][26964.766s][info ][safepoint     ] Entering safepoint region: Cleanup
[2023-11-16T03:33:17.004+0000][26964.766s][info ][safepoint     ] Leaving safepoint region
[2023-11-16T03:33:17.004+0000][26964.766s][info ][safepoint     ] Total time for which application threads were stopped: 0.0002334 seconds, Stopping threads took: 0.0000404 seconds
[2023-11-16T03:33:18.004+0000][26965.766s][debug][safepoint     ] Safepoint synchronization initiated. (165 threads)
[2023-11-16T03:33:18.004+0000][26965.766s][info ][safepoint     ] Application time: 1.0001112 seconds
[2023-11-16T03:33:18.004+0000][26965.766s][info ][safepoint     ] Entering safepoint region: Cleanup
[2023-11-16T03:33:18.004+0000][26965.766s][info ][safepoint     ] Leaving safepoint region
[2023-11-16T03:33:18.004+0000][26965.766s][info ][safepoint     ] Total time for which application threads were stopped: 0.0001680 seconds, Stopping threads took: 0.0000360 seconds
[2023-11-16T03:33:19.005+0000][26966.766s][debug][safepoint     ] Safepoint synchronization initiated. (165 threads)
[2023-11-16T03:33:19.005+0000][26966.766s][info ][safepoint     ] Application time: 1.0001374 seconds
[2023-11-16T03:33:19.005+0000][26966.766s][info ][safepoint     ] Entering safepoint region: Cleanup
[2023-11-16T03:33:19.005+0000][26966.766s][info ][safepoint     ] Leaving safepoint region
[2023-11-16T03:33:19.005+0000][26966.767s][info ][safepoint     ] Total time for which application threads were stopped: 0.0002818 seconds, Stopping threads took: 0.0000469 seconds
[2023-11-16T03:33:20.005+0000][26967.767s][debug][safepoint     ] Safepoint synchronization initiated. (165 threads)
[2023-11-16T03:33:20.005+0000][26967.767s][info ][safepoint     ] Application time: 1.0000910 seconds
[2023-11-16T03:33:20.005+0000][26967.767s][info ][safepoint     ] Entering safepoint region: Cleanup
[2023-11-16T03:33:20.005+0000][26967.767s][info ][safepoint     ] Leaving safepoint region
[2023-11-16T03:33:20.005+0000][26967.767s][info ][safepoint     ] Total time for which application threads were stopped: 0.0001710 seconds, Stopping threads took: 0.0000357 seconds
[2023-11-16T03:33:21.005+0000][26968.767s][debug][safepoint     ] Safepoint synchronization initiated. (165 threads)
[2023-11-16T03:33:21.005+0000][26968.767s][info ][safepoint     ] Application time: 1.0001297 seconds
[2023-11-16T03:33:21.005+0000][26968.767s][info ][safepoint     ] Entering safepoint region: Cleanup
[2023-11-16T03:33:21.005+0000][26968.767s][info ][safepoint     ] Leaving safepoint region
[2023-11-16T03:33:21.006+0000][26968.767s][info ][safepoint     ] Total time for which application threads were stopped: 0.0002084 seconds, Stopping threads took: 0.0000361 seconds
[2023-11-16T03:33:22.006+0000][26969.767s][debug][safepoint     ] Safepoint synchronization initiated. (165 threads)
[2023-11-16T03:33:22.006+0000][26969.767s][info ][safepoint     ] Application time: 1.0001130 seconds
[2023-11-16T03:33:22.006+0000][26969.767s][info ][safepoint     ] Entering safepoint region: Cleanup
[2023-11-16T03:33:22.006+0000][26969.767s][info ][safepoint     ] Leaving safepoint region
[2023-11-16T03:33:22.006+0000][26969.767s][info ][safepoint     ] Total time for which application threads were stopped: 0.0001734 seconds, Stopping threads took: 0.0000368 seconds
[2023-11-16T03:33:23.006+0000][26970.768s][debug][safepoint     ] Safepoint synchronization initiated. (165 threads)
[2023-11-16T03:33:23.006+0000][26970.768s][info ][safepoint     ] Application time: 1.0001114 seconds
[2023-11-16T03:33:23.006+0000][26970.768s][info ][safepoint     ] Entering safepoint region: Cleanup
[2023-11-16T03:33:23.006+0000][26970.768s][info ][safepoint     ] Leaving safepoint region
[2023-11-16T03:33:23.006+0000][26970.768s][info ][safepoint     ] Total time for which application threads were stopped: 0.0001722 seconds, Stopping threads took: 0.0000452 seconds
[2023-11-16T03:33:24.006+0000][26971.768s][debug][safepoint     ] Safepoint synchronization initiated. (165 threads)
[2023-11-16T03:33:24.006+0000][26971.768s][info ][safepoint     ] Application time: 1.0001246 seconds
[2023-11-16T03:33:24.006+0000][26971.768s][info ][safepoint     ] Entering safepoint region: Cleanup
[2023-11-16T03:33:24.007+0000][26971.768s][info ][safepoint     ] Leaving safepoint region
[2023-11-16T03:33:24.007+0000][26971.768s][info ][safepoint     ] Total time for which application threads were stopped: 0.0002465 seconds, Stopping threads took: 0.0000377 seconds
[2023-11-16T03:33:25.007+0000][26972.768s][debug][safepoint     ] Safepoint synchronization initiated. (165 threads)
[2023-11-16T03:33:25.007+0000][26972.768s][info ][safepoint     ] Application time: 1.0001201 seconds
[2023-11-16T03:33:25.007+0000][26972.768s][info ][safepoint     ] Entering safepoint region: Cleanup
[2023-11-16T03:33:25.007+0000][26972.769s][info ][safepoint     ] Leaving safepoint region
[2023-11-16T03:33:25.007+0000][26972.769s][info ][safepoint     ] Total time for which application threads were stopped: 0.0003059 seconds, Stopping threads took: 0.0000409 seconds
[2023-11-16T03:33:26.007+0000][26973.769s][debug][safepoint     ] Safepoint synchronization initiated. (165 threads)
[2023-11-16T03:33:26.007+0000][26973.769s][info ][safepoint     ] Application time: 1.0000936 seconds
[2023-11-16T03:33:26.007+0000][26973.769s][info ][safepoint     ] Entering safepoint region: Cleanup
[2023-11-16T03:33:26.007+0000][26973.769s][info ][safepoint     ] Leaving safepoint region
[2023-11-16T03:33:26.007+0000][26973.769s][info ][safepoint     ] Total time for which application threads were stopped: 0.0002235 seconds, Stopping threads took: 0.0000366 seconds
[2023-11-16T03:33:27.007+0000][26974.769s][debug][safepoint     ] Safepoint synchronization initiated. (165 threads)
[2023-11-16T03:33:27.007+0000][26974.769s][info ][safepoint     ] Application time: 1.0001366 seconds
[2023-11-16T03:33:27.008+0000][26974.769s][info ][safepoint     ] Entering safepoint region: Cleanup
[2023-11-16T03:33:27.008+0000][26974.770s][info ][safepoint     ] Leaving safepoint region
[2023-11-16T03:33:27.008+0000][26974.770s][info ][safepoint     ] Total time for which application threads were stopped: 0.0005712 seconds, Stopping threads took: 0.0000425 seconds
[2023-11-16T03:33:28.008+0000][26975.770s][debug][safepoint     ] Safepoint synchronization initiated. (165 threads)
[2023-11-16T03:33:28.008+0000][26975.770s][info ][safepoint     ] Application time: 1.0001218 seconds
[2023-11-16T03:33:28.008+0000][26975.770s][info ][safepoint     ] Entering safepoint region: Cleanup
[2023-11-16T03:33:28.008+0000][26975.770s][info ][safepoint     ] Leaving safepoint region
[2023-11-16T03:33:28.008+0000][26975.770s][info ][safepoint     ] Total time for which application threads were stopped: 0.0002474 seconds, Stopping threads took: 0.0000360 seconds
[2023-11-16T03:33:29.009+0000][26976.770s][debug][safepoint     ] Safepoint synchronization initiated. (165 threads)
[2023-11-16T03:33:29.009+0000][26976.770s][info ][safepoint     ] Application time: 1.0001257 seconds
[2023-11-16T03:33:29.009+0000][26976.770s][info ][safepoint     ] Entering safepoint region: Cleanup
[2023-11-16T03:33:29.009+0000][26976.770s][info ][safepoint     ] Leaving safepoint region
[2023-11-16T03:33:29.009+0000][26976.770s][info ][safepoint     ] Total time for which application threads were stopped: 0.0002204 seconds, Stopping threads took: 0.0000389 seconds
[2023-11-16T03:33:30.009+0000][26977.771s][debug][safepoint     ] Safepoint synchronization initiated. (165 threads)
[2023-11-16T03:33:30.009+0000][26977.771s][info ][safepoint     ] Application time: 1.0001365 seconds
[2023-11-16T03:33:30.009+0000][26977.771s][info ][safepoint     ] Entering safepoint region: Cleanup
[2023-11-16T03:33:30.009+0000][26977.771s][info ][safepoint     ] Leaving safepoint region
[2023-11-16T03:33:30.009+0000][26977.771s][info ][safepoint     ] Total time for which application threads were stopped: 0.0001865 seconds, Stopping threads took: 0.0000376 seconds
[2023-11-16T03:33:31.009+0000][26978.771s][debug][safepoint     ] Safepoint synchronization initiated. (165 threads)
[2023-11-16T03:33:31.009+0000][26978.771s][info ][safepoint     ] Application time: 1.0001200 seconds
[2023-11-16T03:33:31.009+0000][26978.771s][info ][safepoint     ] Entering safepoint region: Cleanup
[2023-11-16T03:33:31.009+0000][26978.771s][info ][safepoint     ] Leaving safepoint region
[2023-11-16T03:33:31.009+0000][26978.771s][info ][safepoint     ] Total time for which application threads were stopped: 0.0001699 seconds, Stopping threads took: 0.0000360 seconds
[2023-11-16T03:33:32.010+0000][26979.771s][debug][safepoint     ] Safepoint synchronization initiated. (165 threads)
[2023-11-16T03:33:32.010+0000][26979.771s][info ][safepoint     ] Application time: 1.0001191 seconds
[2023-11-16T03:33:32.010+0000][26979.771s][info ][safepoint     ] Entering safepoint region: Cleanup
[2023-11-16T03:33:32.010+0000][26979.771s][info ][safepoint     ] Leaving safepoint region
[2023-11-16T03:33:32.010+0000][26979.771s][info ][safepoint     ] Total time for which application threads were stopped: 0.0001759 seconds, Stopping threads took: 0.0000357 seconds
[2023-11-16T03:33:33.010+0000][26980.772s][debug][safepoint     ] Safepoint synchronization initiated. (165 threads)
[2023-11-16T03:33:33.010+0000][26980.772s][info ][safepoint     ] Application time: 1.0001138 seconds
[2023-11-16T03:33:33.010+0000][26980.772s][info ][safepoint     ] Entering safepoint region: Cleanup
[2023-11-16T03:33:33.010+0000][26980.772s][info ][safepoint     ] Leaving safepoint region
[2023-11-16T03:33:33.010+0000][26980.772s][info ][safepoint     ] Total time for which application threads were stopped: 0.0002237 seconds, Stopping threads took: 0.0000368 seconds
[2023-11-16T03:33:34.010+0000][26981.772s][debug][safepoint     ] Safepoint synchronization initiated. (165 threads)
[2023-11-16T03:33:34.010+0000][26981.772s][info ][safepoint     ] Application time: 1.0001241 seconds
[2023-11-16T03:33:34.010+0000][26981.772s][info ][safepoint     ] Entering safepoint region: Cleanup
[2023-11-16T03:33:34.011+0000][26981.773s][info ][safepoint     ] Leaving safepoint region
[2023-11-16T03:33:34.011+0000][26981.773s][info ][safepoint     ] Total time for which application threads were stopped: 0.0007596 seconds, Stopping threads took: 0.0003519 seconds
[2023-11-16T03:33:35.011+0000][26982.773s][debug][safepoint     ] Safepoint synchronization initiated. (165 threads)
[2023-11-16T03:33:35.011+0000][26982.773s][info ][safepoint     ] Application time: 1.0001228 seconds
[2023-11-16T03:33:35.011+0000][26982.773s][info ][safepoint     ] Entering safepoint region: Cleanup
[2023-11-16T03:33:35.011+0000][26982.773s][info ][safepoint     ] Leaving safepoint region
[2023-11-16T03:33:35.011+0000][26982.773s][info ][safepoint     ] Total time for which application threads were stopped: 0.0002364 seconds, Stopping threads took: 0.0000611 seconds
[2023-11-16T03:33:36.012+0000][26983.773s][debug][safepoint     ] Safepoint synchronization initiated. (165 threads)
[2023-11-16T03:33:36.012+0000][26983.773s][info ][safepoint     ] Application time: 1.0001307 seconds
[2023-11-16T03:33:36.012+0000][26983.773s][info ][safepoint     ] Entering safepoint region: Cleanup
[2023-11-16T03:33:36.012+0000][26983.773s][info ][safepoint     ] Leaving safepoint region
[2023-11-16T03:33:36.012+0000][26983.773s][info ][safepoint     ] Total time for which application threads were stopped: 0.0001833 seconds, Stopping threads took: 0.0000379 seconds
[2023-11-16T03:33:37.012+0000][26984.774s][debug][safepoint     ] Safepoint synchronization initiated. (165 threads)
[2023-11-16T03:33:37.012+0000][26984.774s][info ][safepoint     ] Application time: 1.0001372 seconds
[2023-11-16T03:33:37.012+0000][26984.774s][info ][safepoint     ] Entering safepoint region: Cleanup
[2023-11-16T03:33:37.012+0000][26984.774s][info ][safepoint     ] Leaving safepoint region
[2023-11-16T03:33:37.012+0000][26984.774s][info ][safepoint     ] Total time for which application threads were stopped: 0.0002111 seconds, Stopping threads took: 0.0000384 seconds
[2023-11-16T03:33:38.012+0000][26985.774s][debug][safepoint     ] Safepoint synchronization initiated. (165 threads)
[2023-11-16T03:33:38.012+0000][26985.774s][info ][safepoint     ] Application time: 1.0001251 seconds
[2023-11-16T03:33:38.012+0000][26985.774s][info ][safepoint     ] Entering safepoint region: Cleanup
[2023-11-16T03:33:38.012+0000][26985.774s][info ][safepoint     ] Leaving safepoint region
[2023-11-16T03:33:38.012+0000][26985.774s][info ][safepoint     ] Total time for which application threads were stopped: 0.0001896 seconds, Stopping threads took: 0.0000358 seconds
[2023-11-16T03:33:39.013+0000][26986.774s][debug][safepoint     ] Safepoint synchronization initiated. (165 threads)
[2023-11-16T03:33:39.013+0000][26986.774s][info ][safepoint     ] Application time: 1.0001178 seconds
[2023-11-16T03:33:39.013+0000][26986.774s][info ][safepoint     ] Entering safepoint region: Cleanup
[2023-11-16T03:33:39.013+0000][26986.774s][info ][safepoint     ] Leaving safepoint region
[2023-11-16T03:33:39.013+0000][26986.774s][info ][safepoint     ] Total time for which application threads were stopped: 0.0002319 seconds, Stopping threads took: 0.0000382 seconds
[2023-11-16T03:33:40.013+0000][26987.775s][debug][safepoint     ] Safepoint synchronization initiated. (165 threads)
[2023-11-16T03:33:40.013+0000][26987.775s][info ][safepoint     ] Application time: 1.0001263 seconds
[2023-11-16T03:33:40.013+0000][26987.775s][info ][safepoint     ] Entering safepoint region: Cleanup
[2023-11-16T03:33:40.013+0000][26987.775s][info ][safepoint     ] Leaving safepoint region
[2023-11-16T03:33:40.013+0000][26987.775s][info ][safepoint     ] Total time for which application threads were stopped: 0.0001751 seconds, Stopping threads took: 0.0000355 seconds
[2023-11-16T03:33:41.013+0000][26988.775s][debug][safepoint     ] Safepoint synchronization initiated. (165 threads)
[2023-11-16T03:33:41.013+0000][26988.775s][info ][safepoint     ] Application time: 1.0001520 seconds
[2023-11-16T03:33:41.013+0000][26988.775s][info ][safepoint     ] Entering safepoint region: Cleanup
[2023-11-16T03:33:41.014+0000][26988.775s][info ][safepoint     ] Leaving safepoint region
[2023-11-16T03:33:41.014+0000][26988.775s][info ][safepoint     ] Total time for which application threads were stopped: 0.0002048 seconds, Stopping threads took: 0.0000477 seconds
[2023-11-16T03:33:42.014+0000][26989.775s][debug][safepoint     ] Safepoint synchronization initiated. (165 threads)
[2023-11-16T03:33:42.014+0000][26989.775s][info ][safepoint     ] Application time: 1.0001402 seconds
[2023-11-16T03:33:42.014+0000][26989.775s][info ][safepoint     ] Entering safepoint region: Cleanup
[2023-11-16T03:33:42.014+0000][26989.776s][info ][safepoint     ] Leaving safepoint region
[2023-11-16T03:33:42.014+0000][26989.776s][info ][safepoint     ] Total time for which application threads were stopped: 0.0002299 seconds, Stopping threads took: 0.0000737 seconds
[2023-11-16T03:33:43.014+0000][26990.776s][debug][safepoint     ] Safepoint synchronization initiated. (165 threads)
[2023-11-16T03:33:43.014+0000][26990.776s][info ][safepoint     ] Application time: 1.0001374 seconds
[2023-11-16T03:33:43.014+0000][26990.776s][info ][safepoint     ] Entering safepoint region: Cleanup
[2023-11-16T03:33:43.014+0000][26990.776s][info ][safepoint     ] Leaving safepoint region
[2023-11-16T03:33:43.014+0000][26990.776s][info ][safepoint     ] Total time for which application threads were stopped: 0.0001908 seconds, Stopping threads took: 0.0000374 seconds
[2023-11-16T03:33:44.014+0000][26991.776s][debug][safepoint     ] Safepoint synchronization initiated. (165 threads)
[2023-11-16T03:33:44.014+0000][26991.776s][info ][safepoint     ] Application time: 1.0001222 seconds
[2023-11-16T03:33:44.014+0000][26991.776s][info ][safepoint     ] Entering safepoint region: Cleanup
[2023-11-16T03:33:44.015+0000][26991.776s][info ][safepoint     ] Leaving safepoint region
[2023-11-16T03:33:44.015+0000][26991.776s][info ][safepoint     ] Total time for which application threads were stopped: 0.0002288 seconds, Stopping threads took: 0.0000385 seconds
[2023-11-16T03:33:45.015+0000][26992.776s][debug][safepoint     ] Safepoint synchronization initiated. (165 threads)
[2023-11-16T03:33:45.015+0000][26992.776s][info ][safepoint     ] Application time: 1.0001297 seconds
[2023-11-16T03:33:45.015+0000][26992.776s][info ][safepoint     ] Entering safepoint region: Cleanup
[2023-11-16T03:33:45.015+0000][26992.777s][info ][safepoint     ] Leaving safepoint region
[2023-11-16T03:33:45.015+0000][26992.777s][info ][safepoint     ] Total time for which application threads were stopped: 0.0001851 seconds, Stopping threads took: 0.0000370 seconds
[2023-11-16T03:33:46.015+0000][26993.777s][debug][safepoint     ] Safepoint synchronization initiated. (165 threads)
[2023-11-16T03:33:46.015+0000][26993.777s][info ][safepoint     ] Application time: 1.0001207 seconds
[2023-11-16T03:33:46.015+0000][26993.777s][info ][safepoint     ] Entering safepoint region: Cleanup
[2023-11-16T03:33:46.015+0000][26993.777s][info ][safepoint     ] Leaving safepoint region
[2023-11-16T03:33:46.015+0000][26993.777s][info ][safepoint     ] Total time for which application threads were stopped: 0.0002022 seconds, Stopping threads took: 0.0000363 seconds
[2023-11-16T03:33:47.015+0000][26994.777s][debug][safepoint     ] Safepoint synchronization initiated. (165 threads)
[2023-11-16T03:33:47.016+0000][26994.777s][info ][safepoint     ] Application time: 1.0001443 seconds
[2023-11-16T03:33:47.016+0000][26994.777s][info ][safepoint     ] Entering safepoint region: Cleanup
[2023-11-16T03:33:47.016+0000][26994.777s][info ][safepoint     ] Leaving safepoint region
[2023-11-16T03:33:47.016+0000][26994.777s][info ][safepoint     ] Total time for which application threads were stopped: 0.0002127 seconds, Stopping threads took: 0.0000384 seconds
[2023-11-16T03:33:48.016+0000][26995.777s][debug][safepoint     ] Safepoint synchronization initiated. (165 threads)
[2023-11-16T03:33:48.016+0000][26995.777s][info ][safepoint     ] Application time: 1.0001171 seconds
[2023-11-16T03:33:48.016+0000][26995.778s][info ][safepoint     ] Entering safepoint region: Cleanup
[2023-11-16T03:33:48.016+0000][26995.778s][info ][safepoint     ] Leaving safepoint region
[2023-11-16T03:33:48.016+0000][26995.778s][info ][safepoint     ] Total time for which application threads were stopped: 0.0002836 seconds, Stopping threads took: 0.0000371 seconds
[2023-11-16T03:33:49.016+0000][26996.778s][debug][safepoint     ] Safepoint synchronization initiated. (165 threads)
[2023-11-16T03:33:49.016+0000][26996.778s][info ][safepoint     ] Application time: 1.0001243 seconds
[2023-11-16T03:33:49.017+0000][26996.778s][info ][safepoint     ] Entering safepoint region: Cleanup
[2023-11-16T03:33:49.017+0000][26996.778s][info ][safepoint     ] Leaving safepoint region
[2023-11-16T03:33:49.017+0000][26996.778s][info ][safepoint     ] Total time for which application threads were stopped: 0.0002121 seconds, Stopping threads took: 0.0000538 seconds
[2023-11-16T03:33:50.017+0000][26997.778s][debug][safepoint     ] Safepoint synchronization initiated. (165 threads)
[2023-11-16T03:33:50.017+0000][26997.778s][info ][safepoint     ] Application time: 1.0001288 seconds
[2023-11-16T03:33:50.017+0000][26997.779s][info ][safepoint     ] Entering safepoint region: Cleanup
[2023-11-16T03:33:50.017+0000][26997.779s][info ][safepoint     ] Leaving safepoint region
[2023-11-16T03:33:50.017+0000][26997.779s][info ][safepoint     ] Total time for which application threads were stopped: 0.0001989 seconds, Stopping threads took: 0.0000357 seconds
[2023-11-16T03:33:51.017+0000][26998.779s][debug][safepoint     ] Safepoint synchronization initiated. (165 threads)
[2023-11-16T03:33:51.017+0000][26998.779s][info ][safepoint     ] Application time: 1.0001144 seconds
[2023-11-16T03:33:51.017+0000][26998.779s][info ][safepoint     ] Entering safepoint region: Cleanup
[2023-11-16T03:33:51.017+0000][26998.779s][info ][safepoint     ] Leaving safepoint region
[2023-11-16T03:33:51.017+0000][26998.779s][info ][safepoint     ] Total time for which application threads were stopped: 0.0002063 seconds, Stopping threads took: 0.0000371 seconds
[2023-11-16T03:33:52.017+0000][26999.779s][debug][safepoint     ] Safepoint synchronization initiated. (165 threads)
[2023-11-16T03:33:52.018+0000][26999.779s][info ][safepoint     ] Application time: 1.0001326 seconds
[2023-11-16T03:33:52.018+0000][26999.779s][info ][safepoint     ] Entering safepoint region: Cleanup
[2023-11-16T03:33:52.018+0000][26999.779s][info ][safepoint     ] Leaving safepoint region
[2023-11-16T03:33:52.018+0000][26999.779s][info ][safepoint     ] Total time for which application threads were stopped: 0.0001984 seconds, Stopping threads took: 0.0000362 seconds
[2023-11-16T03:33:53.018+0000][27000.779s][debug][safepoint     ] Safepoint synchronization initiated. (165 threads)
[2023-11-16T03:33:53.018+0000][27000.780s][info ][safepoint     ] Application time: 1.0001339 seconds
[2023-11-16T03:33:53.018+0000][27000.780s][info ][safepoint     ] Entering safepoint region: Cleanup
[2023-11-16T03:33:53.018+0000][27000.780s][info ][safepoint     ] Leaving safepoint region
[2023-11-16T03:33:53.018+0000][27000.780s][info ][safepoint     ] Total time for which application threads were stopped: 0.0002848 seconds, Stopping threads took: 0.0000364 seconds
[2023-11-16T03:33:54.018+0000][27001.780s][debug][safepoint     ] Safepoint synchronization initiated. (165 threads)
[2023-11-16T03:33:54.018+0000][27001.780s][info ][safepoint     ] Application time: 1.0001182 seconds
[2023-11-16T03:33:54.018+0000][27001.780s][info ][safepoint     ] Entering safepoint region: Cleanup
[2023-11-16T03:33:54.018+0000][27001.780s][info ][safepoint     ] Leaving safepoint region
[2023-11-16T03:33:54.018+0000][27001.780s][info ][safepoint     ] Total time for which application threads were stopped: 0.0001948 seconds, Stopping threads took: 0.0000369 seconds
[2023-11-16T03:33:55.019+0000][27002.780s][debug][safepoint     ] Safepoint synchronization initiated. (165 threads)
[2023-11-16T03:33:55.019+0000][27002.780s][info ][safepoint     ] Application time: 1.0001118 seconds
[2023-11-16T03:33:55.019+0000][27002.780s][info ][safepoint     ] Entering safepoint region: Cleanup
[2023-11-16T03:33:55.019+0000][27002.780s][info ][safepoint     ] Leaving safepoint region
[2023-11-16T03:33:55.019+0000][27002.780s][info ][safepoint     ] Total time for which application threads were stopped: 0.0001956 seconds, Stopping threads took: 0.0000357 seconds
[2023-11-16T03:33:56.019+0000][27003.781s][debug][safepoint     ] Safepoint synchronization initiated. (165 threads)
[2023-11-16T03:33:56.019+0000][27003.781s][info ][safepoint     ] Application time: 1.0001167 seconds
[2023-11-16T03:33:56.019+0000][27003.781s][info ][safepoint     ] Entering safepoint region: Cleanup
[2023-11-16T03:33:56.019+0000][27003.781s][info ][safepoint     ] Leaving safepoint region
[2023-11-16T03:33:56.019+0000][27003.781s][info ][safepoint     ] Total time for which application threads were stopped: 0.0001893 seconds, Stopping threads took: 0.0000370 seconds
[2023-11-16T03:33:57.019+0000][27004.781s][debug][safepoint     ] Safepoint synchronization initiated. (165 threads)
[2023-11-16T03:33:57.019+0000][27004.781s][info ][safepoint     ] Application time: 1.0001218 seconds
[2023-11-16T03:33:57.019+0000][27004.781s][info ][safepoint     ] Entering safepoint region: Cleanup
[2023-11-16T03:33:57.019+0000][27004.781s][info ][safepoint     ] Leaving safepoint region
[2023-11-16T03:33:57.020+0000][27004.781s][info ][safepoint     ] Total time for which application threads were stopped: 0.0002177 seconds, Stopping threads took: 0.0000360 seconds
[2023-11-16T03:33:58.020+0000][27005.781s][debug][safepoint     ] Safepoint synchronization initiated. (165 threads)
[2023-11-16T03:33:58.020+0000][27005.781s][info ][safepoint     ] Application time: 1.0001308 seconds
[2023-11-16T03:33:58.020+0000][27005.781s][info ][safepoint     ] Entering safepoint region: Cleanup
[2023-11-16T03:33:58.020+0000][27005.781s][info ][safepoint     ] Leaving safepoint region
[2023-11-16T03:33:58.020+0000][27005.781s][info ][safepoint     ] Total time for which application threads were stopped: 0.0001884 seconds, Stopping threads took: 0.0000450 seconds
[2023-11-16T03:33:59.020+0000][27006.782s][debug][safepoint     ] Safepoint synchronization initiated. (165 threads)
[2023-11-16T03:33:59.020+0000][27006.782s][info ][safepoint     ] Application time: 1.0001362 seconds
[2023-11-16T03:33:59.020+0000][27006.782s][info ][safepoint     ] Entering safepoint region: Cleanup
[2023-11-16T03:33:59.020+0000][27006.782s][info ][safepoint     ] Leaving safepoint region
[2023-11-16T03:33:59.020+0000][27006.782s][info ][safepoint     ] Total time for which application threads were stopped: 0.0001923 seconds, Stopping threads took: 0.0000351 seconds
[2023-11-16T03:34:00.020+0000][27007.782s][debug][safepoint     ] Safepoint synchronization initiated. (165 threads)
[2023-11-16T03:34:00.020+0000][27007.782s][info ][safepoint     ] Application time: 1.0001355 seconds
[2023-11-16T03:34:00.020+0000][27007.782s][info ][safepoint     ] Entering safepoint region: Cleanup
[2023-11-16T03:34:00.021+0000][27007.782s][info ][safepoint     ] Leaving safepoint region
[2023-11-16T03:34:00.021+0000][27007.782s][debug][safepoint     ] ... found polling page return exception at pc = 0x00007f693102dd76, stub =0x00007f692883a800
[2023-11-16T03:34:00.021+0000][27007.782s][debug][safepoint     ] ... found polling page return exception at pc = 0x00007f693102dd76, stub =0x00007f692883a800
[2023-11-16T03:34:00.021+0000][27007.782s][info ][safepoint     ] Total time for which application threads were stopped: 0.0001749 seconds, Stopping threads took: 0.0000396 seconds
[2023-11-16T03:34:01.021+0000][27008.782s][debug][safepoint     ] Safepoint synchronization initiated. (165 threads)
[2023-11-16T03:34:01.021+0000][27008.782s][info ][safepoint     ] Application time: 1.0001571 seconds
[2023-11-16T03:34:01.021+0000][27008.782s][info ][safepoint     ] Entering safepoint region: Cleanup
[2023-11-16T03:34:01.021+0000][27008.783s][info ][safepoint     ] Leaving safepoint region
[2023-11-16T03:34:01.021+0000][27008.783s][info ][safepoint     ] Total time for which application threads were stopped: 0.0001885 seconds, Stopping threads took: 0.0000371 seconds
[2023-11-16T03:34:02.021+0000][27009.783s][debug][safepoint     ] Safepoint synchronization initiated. (165 threads)
[2023-11-16T03:34:02.021+0000][27009.783s][info ][safepoint     ] Application time: 1.0001685 seconds
[2023-11-16T03:34:02.021+0000][27009.783s][info ][safepoint     ] Entering safepoint region: Cleanup
[2023-11-16T03:34:02.021+0000][27009.783s][info ][safepoint     ] Leaving safepoint region
[2023-11-16T03:34:02.021+0000][27009.783s][info ][safepoint     ] Total time for which application threads were stopped: 0.0002179 seconds, Stopping threads took: 0.0000407 seconds
[2023-11-16T03:34:03.021+0000][27010.783s][debug][safepoint     ] Safepoint synchronization initiated. (165 threads)
[2023-11-16T03:34:03.022+0000][27010.783s][info ][safepoint     ] Application time: 1.0001508 seconds
[2023-11-16T03:34:03.022+0000][27010.783s][info ][safepoint     ] Entering safepoint region: Cleanup
[2023-11-16T03:34:03.022+0000][27010.783s][info ][safepoint     ] Leaving safepoint region
[2023-11-16T03:34:03.022+0000][27010.783s][info ][safepoint     ] Total time for which application threads were stopped: 0.0002155 seconds, Stopping threads took: 0.0000422 seconds
[2023-11-16T03:34:04.022+0000][27011.783s][debug][safepoint     ] Safepoint synchronization initiated. (165 threads)
[2023-11-16T03:34:04.022+0000][27011.784s][info ][safepoint     ] Application time: 1.0001132 seconds
[2023-11-16T03:34:04.022+0000][27011.784s][info ][safepoint     ] Entering safepoint region: Cleanup
[2023-11-16T03:34:04.022+0000][27011.784s][info ][safepoint     ] Leaving safepoint region
[2023-11-16T03:34:04.022+0000][27011.784s][info ][safepoint     ] Total time for which application threads were stopped: 0.0001688 seconds, Stopping threads took: 0.0000355 seconds
[2023-11-16T03:34:05.022+0000][27012.784s][debug][safepoint     ] Safepoint synchronization initiated. (165 threads)
[2023-11-16T03:34:05.022+0000][27012.784s][info ][safepoint     ] Application time: 1.0001564 seconds
[2023-11-16T03:34:05.022+0000][27012.784s][info ][safepoint     ] Entering safepoint region: Cleanup
[2023-11-16T03:34:05.022+0000][27012.784s][info ][safepoint     ] Leaving safepoint region
[2023-11-16T03:34:05.022+0000][27012.784s][info ][safepoint     ] Total time for which application threads were stopped: 0.0001833 seconds, Stopping threads took: 0.0000386 seconds
[2023-11-16T03:34:06.023+0000][27013.784s][debug][safepoint     ] Safepoint synchronization initiated. (165 threads)
[2023-11-16T03:34:06.023+0000][27013.784s][info ][safepoint     ] Application time: 1.0001113 seconds
[2023-11-16T03:34:06.023+0000][27013.784s][info ][safepoint     ] Entering safepoint region: Cleanup
[2023-11-16T03:34:06.023+0000][27013.784s][info ][safepoint     ] Leaving safepoint region
[2023-11-16T03:34:06.023+0000][27013.784s][info ][safepoint     ] Total time for which application threads were stopped: 0.0001754 seconds, Stopping threads took: 0.0000392 seconds
[2023-11-16T03:34:07.023+0000][27014.784s][debug][safepoint     ] Safepoint synchronization initiated. (165 threads)
[2023-11-16T03:34:07.023+0000][27014.785s][info ][safepoint     ] Application time: 1.0004713 seconds
[2023-11-16T03:34:07.023+0000][27014.785s][info ][safepoint     ] Entering safepoint region: Cleanup
[2023-11-16T03:34:07.024+0000][27014.785s][info ][safepoint     ] Leaving safepoint region
[2023-11-16T03:34:07.024+0000][27014.785s][info ][safepoint     ] Total time for which application threads were stopped: 0.0003645 seconds, Stopping threads took: 0.0000434 seconds
[2023-11-16T03:34:08.024+0000][27015.785s][debug][safepoint     ] Safepoint synchronization initiated. (165 threads)
[2023-11-16T03:34:08.024+0000][27015.785s][info ][safepoint     ] Application time: 1.0001297 seconds
[2023-11-16T03:34:08.024+0000][27015.785s][info ][safepoint     ] Entering safepoint region: Cleanup
[2023-11-16T03:34:08.024+0000][27015.786s][info ][safepoint     ] Leaving safepoint region
[2023-11-16T03:34:08.024+0000][27015.786s][info ][safepoint     ] Total time for which application threads were stopped: 0.0001675 seconds, Stopping threads took: 0.0000390 seconds
[2023-11-16T03:34:09.024+0000][27016.786s][debug][safepoint     ] Safepoint synchronization initiated. (165 threads)
[2023-11-16T03:34:09.024+0000][27016.786s][info ][safepoint     ] Application time: 1.0001099 seconds
[2023-11-16T03:34:09.024+0000][27016.786s][info ][safepoint     ] Entering safepoint region: Cleanup
[2023-11-16T03:34:09.024+0000][27016.786s][info ][safepoint     ] Leaving safepoint region
[2023-11-16T03:34:09.024+0000][27016.786s][info ][safepoint     ] Total time for which application threads were stopped: 0.0002121 seconds, Stopping threads took: 0.0000380 seconds
[2023-11-16T03:34:10.025+0000][27017.786s][debug][safepoint     ] Safepoint synchronization initiated. (165 threads)
[2023-11-16T03:34:10.025+0000][27017.786s][info ][safepoint     ] Application time: 1.0004646 seconds
[2023-11-16T03:34:10.025+0000][27017.786s][info ][safepoint     ] Entering safepoint region: Cleanup
[2023-11-16T03:34:10.025+0000][27017.787s][info ][safepoint     ] Leaving safepoint region
[2023-11-16T03:34:10.025+0000][27017.787s][info ][safepoint     ] Total time for which application threads were stopped: 0.0002602 seconds, Stopping threads took: 0.0000397 seconds
[2023-11-16T03:34:11.025+0000][27018.787s][debug][safepoint     ] Safepoint synchronization initiated. (165 threads)
[2023-11-16T03:34:11.025+0000][27018.787s][info ][safepoint     ] Application time: 1.0001192 seconds
[2023-11-16T03:34:11.025+0000][27018.787s][info ][safepoint     ] Entering safepoint region: Cleanup
[2023-11-16T03:34:11.025+0000][27018.787s][info ][safepoint     ] Leaving safepoint region
[2023-11-16T03:34:11.025+0000][27018.787s][info ][safepoint     ] Total time for which application threads were stopped: 0.0001961 seconds, Stopping threads took: 0.0000387 seconds
[2023-11-16T03:34:12.025+0000][27019.787s][debug][safepoint     ] Safepoint synchronization initiated. (165 threads)
[2023-11-16T03:34:12.025+0000][27019.787s][info ][safepoint     ] Application time: 1.0001243 seconds
[2023-11-16T03:34:12.026+0000][27019.787s][info ][safepoint     ] Entering safepoint region: Cleanup
[2023-11-16T03:34:12.026+0000][27019.787s][info ][safepoint     ] Leaving safepoint region
[2023-11-16T03:34:12.026+0000][27019.787s][info ][safepoint     ] Total time for which application threads were stopped: 0.0003706 seconds, Stopping threads took: 0.0002129 seconds
[2023-11-16T03:34:13.026+0000][27020.788s][debug][safepoint     ] Safepoint synchronization initiated. (165 threads)
[2023-11-16T03:34:13.026+0000][27020.788s][info ][safepoint     ] Application time: 1.0001122 seconds
[2023-11-16T03:34:13.026+0000][27020.788s][info ][safepoint     ] Entering safepoint region: Cleanup
[2023-11-16T03:34:13.026+0000][27020.788s][info ][safepoint     ] Leaving safepoint region
[2023-11-16T03:34:13.026+0000][27020.788s][info ][safepoint     ] Total time for which application threads were stopped: 0.0002529 seconds, Stopping threads took: 0.0000371 seconds
[2023-11-16T03:34:14.026+0000][27021.788s][debug][safepoint     ] Safepoint synchronization initiated. (165 threads)
[2023-11-16T03:34:14.026+0000][27021.788s][info ][safepoint     ] Application time: 1.0001136 seconds
[2023-11-16T03:34:14.026+0000][27021.788s][info ][safepoint     ] Entering safepoint region: Cleanup
[2023-11-16T03:34:14.027+0000][27021.788s][info ][safepoint     ] Leaving safepoint region
[2023-11-16T03:34:14.027+0000][27021.788s][info ][safepoint     ] Total time for which application threads were stopped: 0.0002395 seconds, Stopping threads took: 0.0000387 seconds
[2023-11-16T03:34:15.027+0000][27022.788s][debug][safepoint     ] Safepoint synchronization initiated. (165 threads)
[2023-11-16T03:34:15.027+0000][27022.788s][info ][safepoint     ] Application time: 1.0001163 seconds
[2023-11-16T03:34:15.027+0000][27022.788s][info ][safepoint     ] Entering safepoint region: Cleanup
[2023-11-16T03:34:15.027+0000][27022.789s][info ][safepoint     ] Leaving safepoint region
[2023-11-16T03:34:15.027+0000][27022.789s][info ][safepoint     ] Total time for which application threads were stopped: 0.0003411 seconds, Stopping threads took: 0.0000400 seconds
[2023-11-16T03:34:16.027+0000][27023.789s][debug][safepoint     ] Safepoint synchronization initiated. (165 threads)
[2023-11-16T03:34:16.027+0000][27023.789s][info ][safepoint     ] Application time: 1.0001339 seconds
[2023-11-16T03:34:16.027+0000][27023.789s][info ][safepoint     ] Entering safepoint region: Cleanup
[2023-11-16T03:34:16.027+0000][27023.789s][info ][safepoint     ] Leaving safepoint region
[2023-11-16T03:34:16.027+0000][27023.789s][info ][safepoint     ] Total time for which application threads were stopped: 0.0002133 seconds, Stopping threads took: 0.0000534 seconds
[2023-11-16T03:34:17.028+0000][27024.789s][debug][safepoint     ] Safepoint synchronization initiated. (165 threads)
[2023-11-16T03:34:17.028+0000][27024.789s][info ][safepoint     ] Application time: 1.0001239 seconds
[2023-11-16T03:34:17.028+0000][27024.789s][info ][safepoint     ] Entering safepoint region: Cleanup
[2023-11-16T03:34:17.028+0000][27024.789s][info ][safepoint     ] Leaving safepoint region
[2023-11-16T03:34:17.028+0000][27024.789s][info ][safepoint     ] Total time for which application threads were stopped: 0.0001966 seconds, Stopping threads took: 0.0000409 seconds
[2023-11-16T03:34:18.028+0000][27025.790s][debug][safepoint     ] Safepoint synchronization initiated. (165 threads)
[2023-11-16T03:34:18.028+0000][27025.790s][info ][safepoint     ] Application time: 1.0001306 seconds
[2023-11-16T03:34:18.028+0000][27025.790s][info ][safepoint     ] Entering safepoint region: Cleanup
[2023-11-16T03:34:18.028+0000][27025.790s][info ][safepoint     ] Leaving safepoint region
[2023-11-16T03:34:18.028+0000][27025.790s][info ][safepoint     ] Total time for which application threads were stopped: 0.0001957 seconds, Stopping threads took: 0.0000376 seconds
[2023-11-16T03:34:19.028+0000][27026.790s][debug][safepoint     ] Safepoint synchronization initiated. (165 threads)
[2023-11-16T03:34:19.028+0000][27026.790s][info ][safepoint     ] Application time: 1.0001373 seconds
[2023-11-16T03:34:19.028+0000][27026.790s][info ][safepoint     ] Entering safepoint region: Cleanup
[2023-11-16T03:34:19.028+0000][27026.790s][info ][safepoint     ] Leaving safepoint region
[2023-11-16T03:34:19.028+0000][27026.790s][info ][safepoint     ] Total time for which application threads were stopped: 0.0001644 seconds, Stopping threads took: 0.0000372 seconds
[2023-11-16T03:34:20.029+0000][27027.790s][debug][safepoint     ] Safepoint synchronization initiated. (165 threads)
[2023-11-16T03:34:20.029+0000][27027.790s][info ][safepoint     ] Application time: 1.0001150 seconds
[2023-11-16T03:34:20.029+0000][27027.790s][info ][safepoint     ] Entering safepoint region: Cleanup
[2023-11-16T03:34:20.029+0000][27027.790s][info ][safepoint     ] Leaving safepoint region
[2023-11-16T03:34:20.029+0000][27027.790s][info ][safepoint     ] Total time for which application threads were stopped: 0.0001682 seconds, Stopping threads took: 0.0000368 seconds
[2023-11-16T03:34:21.029+0000][27028.791s][debug][safepoint     ] Safepoint synchronization initiated. (165 threads)
[2023-11-16T03:34:21.029+0000][27028.791s][info ][safepoint     ] Application time: 1.0001086 seconds
[2023-11-16T03:34:21.029+0000][27028.791s][info ][safepoint     ] Entering safepoint region: Cleanup
[2023-11-16T03:34:21.029+0000][27028.791s][info ][safepoint     ] Leaving safepoint region
[2023-11-16T03:34:21.029+0000][27028.791s][info ][safepoint     ] Total time for which application threads were stopped: 0.0001767 seconds, Stopping threads took: 0.0000381 seconds
[2023-11-16T03:34:22.029+0000][27029.791s][debug][safepoint     ] Safepoint synchronization initiated. (165 threads)
[2023-11-16T03:34:22.029+0000][27029.791s][info ][safepoint     ] Application time: 1.0001534 seconds
[2023-11-16T03:34:22.029+0000][27029.791s][info ][safepoint     ] Entering safepoint region: Cleanup
[2023-11-16T03:34:22.030+0000][27029.791s][info ][safepoint     ] Leaving safepoint region
[2023-11-16T03:34:22.030+0000][27029.791s][info ][safepoint     ] Total time for which application threads were stopped: 0.0001829 seconds, Stopping threads took: 0.0000413 seconds
[2023-11-16T03:34:23.030+0000][27030.791s][debug][safepoint     ] Safepoint synchronization initiated. (165 threads)
[2023-11-16T03:34:23.030+0000][27030.791s][info ][safepoint     ] Application time: 1.0001473 seconds
[2023-11-16T03:34:23.030+0000][27030.791s][info ][safepoint     ] Entering safepoint region: Cleanup
[2023-11-16T03:34:23.030+0000][27030.792s][info ][safepoint     ] Leaving safepoint region
[2023-11-16T03:34:23.030+0000][27030.792s][info ][safepoint     ] Total time for which application threads were stopped: 0.0001804 seconds, Stopping threads took: 0.0000513 seconds
[2023-11-16T03:34:24.030+0000][27031.792s][debug][safepoint     ] Safepoint synchronization initiated. (165 threads)
[2023-11-16T03:34:24.030+0000][27031.792s][info ][safepoint     ] Application time: 1.0001133 seconds
[2023-11-16T03:34:24.030+0000][27031.792s][info ][safepoint     ] Entering safepoint region: Cleanup
[2023-11-16T03:34:24.030+0000][27031.792s][info ][safepoint     ] Leaving safepoint region
[2023-11-16T03:34:24.030+0000][27031.792s][info ][safepoint     ] Total time for which application threads were stopped: 0.0001981 seconds, Stopping threads took: 0.0000381 seconds
[2023-11-16T03:34:25.030+0000][27032.792s][debug][safepoint     ] Safepoint synchronization initiated. (165 threads)
[2023-11-16T03:34:25.030+0000][27032.792s][info ][safepoint     ] Application time: 1.0001419 seconds
[2023-11-16T03:34:25.030+0000][27032.792s][info ][safepoint     ] Entering safepoint region: Cleanup
[2023-11-16T03:34:25.031+0000][27032.792s][info ][safepoint     ] Leaving safepoint region
[2023-11-16T03:34:25.031+0000][27032.792s][info ][safepoint     ] Total time for which application threads were stopped: 0.0001821 seconds, Stopping threads took: 0.0000370 seconds
[2023-11-16T03:34:26.031+0000][27033.792s][debug][safepoint     ] Safepoint synchronization initiated. (165 threads)
[2023-11-16T03:34:26.031+0000][27033.792s][info ][safepoint     ] Application time: 1.0001393 seconds
[2023-11-16T03:34:26.031+0000][27033.792s][info ][safepoint     ] Entering safepoint region: Cleanup
[2023-11-16T03:34:26.031+0000][27033.793s][info ][safepoint     ] Leaving safepoint region
[2023-11-16T03:34:26.031+0000][27033.793s][info ][safepoint     ] Total time for which application threads were stopped: 0.0001883 seconds, Stopping threads took: 0.0000376 seconds
[2023-11-16T03:34:27.031+0000][27034.793s][debug][safepoint     ] Safepoint synchronization initiated. (165 threads)
[2023-11-16T03:34:27.031+0000][27034.793s][info ][safepoint     ] Application time: 1.0002598 seconds
[2023-11-16T03:34:27.031+0000][27034.793s][info ][safepoint     ] Entering safepoint region: Cleanup
[2023-11-16T03:34:27.032+0000][27034.793s][info ][safepoint     ] Leaving safepoint region
[2023-11-16T03:34:27.032+0000][27034.793s][info ][safepoint     ] Total time for which application threads were stopped: 0.0003378 seconds, Stopping threads took: 0.0000414 seconds
[2023-11-16T03:34:28.032+0000][27035.793s][debug][safepoint     ] Safepoint synchronization initiated. (165 threads)
[2023-11-16T03:34:28.032+0000][27035.793s][info ][safepoint     ] Application time: 1.0001255 seconds
[2023-11-16T03:34:28.032+0000][27035.793s][info ][safepoint     ] Entering safepoint region: Cleanup
[2023-11-16T03:34:28.032+0000][27035.793s][info ][safepoint     ] Leaving safepoint region
[2023-11-16T03:34:28.032+0000][27035.794s][info ][safepoint     ] Total time for which application threads were stopped: 0.0001917 seconds, Stopping threads took: 0.0000380 seconds
[2023-11-16T03:34:29.032+0000][27036.794s][debug][safepoint     ] Safepoint synchronization initiated. (165 threads)
[2023-11-16T03:34:29.032+0000][27036.794s][info ][safepoint     ] Application time: 1.0001503 seconds
[2023-11-16T03:34:29.032+0000][27036.794s][info ][safepoint     ] Entering safepoint region: Cleanup
[2023-11-16T03:34:29.032+0000][27036.794s][info ][safepoint     ] Leaving safepoint region
[2023-11-16T03:34:29.032+0000][27036.794s][info ][safepoint     ] Total time for which application threads were stopped: 0.0001914 seconds, Stopping threads took: 0.0000386 seconds
[2023-11-16T03:34:30.032+0000][27037.794s][debug][safepoint     ] Safepoint synchronization initiated. (165 threads)
[2023-11-16T03:34:30.032+0000][27037.794s][info ][safepoint     ] Application time: 1.0001446 seconds
[2023-11-16T03:34:30.032+0000][27037.794s][info ][safepoint     ] Entering safepoint region: Cleanup
[2023-11-16T03:34:30.033+0000][27037.794s][info ][safepoint     ] Leaving safepoint region
[2023-11-16T03:34:30.033+0000][27037.794s][info ][safepoint     ] Total time for which application threads were stopped: 0.0001916 seconds, Stopping threads took: 0.0000468 seconds
[2023-11-16T03:34:31.033+0000][27038.794s][debug][safepoint     ] Safepoint synchronization initiated. (165 threads)
[2023-11-16T03:34:31.033+0000][27038.794s][info ][safepoint     ] Application time: 1.0001225 seconds
[2023-11-16T03:34:31.033+0000][27038.794s][info ][safepoint     ] Entering safepoint region: Cleanup
[2023-11-16T03:34:31.033+0000][27038.795s][info ][safepoint     ] Leaving safepoint region
[2023-11-16T03:34:31.033+0000][27038.795s][info ][safepoint     ] Total time for which application threads were stopped: 0.0001847 seconds, Stopping threads took: 0.0000377 seconds
[2023-11-16T03:34:32.033+0000][27039.795s][debug][safepoint     ] Safepoint synchronization initiated. (165 threads)
[2023-11-16T03:34:32.033+0000][27039.795s][info ][safepoint     ] Application time: 1.0001321 seconds
[2023-11-16T03:34:32.033+0000][27039.795s][info ][safepoint     ] Entering safepoint region: Cleanup
[2023-11-16T03:34:32.033+0000][27039.795s][info ][safepoint     ] Leaving safepoint region
[2023-11-16T03:34:32.034+0000][27039.795s][info ][safepoint     ] Total time for which application threads were stopped: 0.0004186 seconds, Stopping threads took: 0.0002471 seconds
[2023-11-16T03:34:33.034+0000][27040.795s][debug][safepoint     ] Safepoint synchronization initiated. (164 threads)
[2023-11-16T03:34:33.034+0000][27040.795s][info ][safepoint     ] Application time: 1.0001164 seconds
[2023-11-16T03:34:33.034+0000][27040.795s][info ][safepoint     ] Entering safepoint region: Cleanup
[2023-11-16T03:34:33.034+0000][27040.795s][info ][safepoint     ] Leaving safepoint region
[2023-11-16T03:34:33.034+0000][27040.795s][info ][safepoint     ] Total time for which application threads were stopped: 0.0001889 seconds, Stopping threads took: 0.0000460 seconds
[2023-11-16T03:34:34.034+0000][27041.796s][debug][safepoint     ] Safepoint synchronization initiated. (164 threads)
[2023-11-16T03:34:34.034+0000][27041.796s][info ][safepoint     ] Application time: 1.0002211 seconds
[2023-11-16T03:34:34.034+0000][27041.796s][info ][safepoint     ] Entering safepoint region: Cleanup
[2023-11-16T03:34:34.034+0000][27041.796s][info ][safepoint     ] Leaving safepoint region
[2023-11-16T03:34:34.034+0000][27041.796s][info ][safepoint     ] Total time for which application threads were stopped: 0.0002353 seconds, Stopping threads took: 0.0000390 seconds
[2023-11-16T03:34:34.102+0000][27041.864s][debug][safepoint     ] Safepoint synchronization initiated. (164 threads)
[2023-11-16T03:34:34.102+0000][27041.864s][info ][safepoint     ] Application time: 0.0680831 seconds
[2023-11-16T03:34:34.102+0000][27041.864s][info ][safepoint     ] Entering safepoint region: G1CollectForAllocation
[2023-11-16T03:34:34.103+0000][27041.864s][info ][gc,start      ] GC(93) Pause Young (Normal) (G1 Evacuation Pause)
[2023-11-16T03:34:34.103+0000][27041.864s][info ][gc,task       ] GC(93) Using 4 workers of 4 for evacuation
[2023-11-16T03:34:34.121+0000][27041.882s][info ][gc,phases     ] GC(93)   Pre Evacuate Collection Set: 0.0ms
[2023-11-16T03:34:34.121+0000][27041.882s][info ][gc,phases     ] GC(93)   Evacuate Collection Set: 11.9ms
[2023-11-16T03:34:34.121+0000][27041.882s][info ][gc,phases     ] GC(93)   Post Evacuate Collection Set: 5.7ms
[2023-11-16T03:34:34.121+0000][27041.882s][info ][gc,phases     ] GC(93)   Other: 0.4ms
[2023-11-16T03:34:34.121+0000][27041.882s][info ][gc,heap       ] GC(93) Eden regions: 469->0(474)
[2023-11-16T03:34:34.121+0000][27041.882s][info ][gc,heap       ] GC(93) Survivor regions: 8->3(60)
[2023-11-16T03:34:34.121+0000][27041.882s][info ][gc,heap       ] GC(93) Old regions: 148->154
[2023-11-16T03:34:34.121+0000][27041.882s][info ][gc,heap       ] GC(93) Humongous regions: 0->0
[2023-11-16T03:34:34.121+0000][27041.883s][info ][gc,metaspace  ] GC(93) Metaspace: 162709K(168124K)->162709K(168124K) NonClass: 143989K(147304K)->143989K(147304K) Class: 18720K(20820K)->18720K(20820K)
[2023-11-16T03:34:34.121+0000][27041.883s][info ][gc            ] GC(93) Pause Young (Normal) (G1 Evacuation Pause) 622M->154M(795M) 18.183ms
[2023-11-16T03:34:34.121+0000][27041.883s][info ][gc,cpu        ] GC(93) User=0.06s Sys=0.00s Real=0.02s
[2023-11-16T03:34:34.121+0000][27041.883s][info ][safepoint     ] Leaving safepoint region
[2023-11-16T03:34:34.121+0000][27041.883s][info ][safepoint     ] Total time for which application threads were stopped: 0.0186136 seconds, Stopping threads took: 0.0000395 seconds
[2023-11-16T03:34:34.121+0000][27041.883s][info ][gc,stringdedup] Concurrent String Deduplication (27041.883s)
[2023-11-16T03:34:34.121+0000][27041.883s][info ][gc,stringdedup] Concurrent String Deduplication 1280.0B->80.0B(1200.0B) avg 54.6% (27041.883s, 27041.883s) 0.108ms
[2023-11-16T03:34:35.121+0000][27042.883s][debug][safepoint     ] Safepoint synchronization initiated. (164 threads)
[2023-11-16T03:34:35.121+0000][27042.883s][info ][safepoint     ] Application time: 1.0001852 seconds
[2023-11-16T03:34:35.121+0000][27042.883s][info ][safepoint     ] Entering safepoint region: Cleanup
[2023-11-16T03:34:35.122+0000][27042.883s][info ][safepoint     ] Leaving safepoint region
[2023-11-16T03:34:35.122+0000][27042.883s][info ][safepoint     ] Total time for which application threads were stopped: 0.0003364 seconds, Stopping threads took: 0.0000501 seconds
[2023-11-16T03:34:36.122+0000][27043.883s][debug][safepoint     ] Safepoint synchronization initiated. (164 threads)
[2023-11-16T03:34:36.122+0000][27043.883s][info ][safepoint     ] Application time: 1.0001699 seconds
[2023-11-16T03:34:36.122+0000][27043.883s][info ][safepoint     ] Entering safepoint region: Cleanup
[2023-11-16T03:34:36.122+0000][27043.884s][info ][safepoint     ] Leaving safepoint region
[2023-11-16T03:34:36.122+0000][27043.884s][info ][safepoint     ] Total time for which application threads were stopped: 0.0003358 seconds, Stopping threads took: 0.0000493 seconds
[2023-11-16T03:34:37.122+0000][27044.884s][debug][safepoint     ] Safepoint synchronization initiated. (164 threads)
[2023-11-16T03:34:37.122+0000][27044.884s][info ][safepoint     ] Application time: 1.0001740 seconds
[2023-11-16T03:34:37.122+0000][27044.884s][info ][safepoint     ] Entering safepoint region: Cleanup
[2023-11-16T03:34:37.123+0000][27044.885s][info ][safepoint     ] Leaving safepoint region
[2023-11-16T03:34:37.123+0000][27044.885s][info ][safepoint     ] Total time for which application threads were stopped: 0.0006593 seconds, Stopping threads took: 0.0003231 seconds
[2023-11-16T03:34:38.123+0000][27045.885s][debug][safepoint     ] Safepoint synchronization initiated. (164 threads)
[2023-11-16T03:34:38.123+0000][27045.885s][info ][safepoint     ] Application time: 1.0001580 seconds
[2023-11-16T03:34:38.123+0000][27045.885s][info ][safepoint     ] Entering safepoint region: Cleanup
[2023-11-16T03:34:38.124+0000][27045.885s][info ][safepoint     ] Leaving safepoint region
[2023-11-16T03:34:38.124+0000][27045.885s][info ][safepoint     ] Total time for which application threads were stopped: 0.0003442 seconds, Stopping threads took: 0.0000493 seconds
[2023-11-16T03:34:39.124+0000][27046.885s][debug][safepoint     ] Safepoint synchronization initiated. (164 threads)
[2023-11-16T03:34:39.124+0000][27046.885s][info ][safepoint     ] Application time: 1.0001544 seconds
[2023-11-16T03:34:39.124+0000][27046.885s][info ][safepoint     ] Entering safepoint region: Cleanup
[2023-11-16T03:34:39.124+0000][27046.886s][info ][safepoint     ] Leaving safepoint region
[2023-11-16T03:34:39.124+0000][27046.886s][info ][safepoint     ] Total time for which application threads were stopped: 0.0003382 seconds, Stopping threads took: 0.0000500 seconds
[2023-11-16T03:34:40.124+0000][27047.886s][debug][safepoint     ] Safepoint synchronization initiated. (164 threads)
[2023-11-16T03:34:40.124+0000][27047.886s][info ][safepoint     ] Application time: 1.0001807 seconds
[2023-11-16T03:34:40.124+0000][27047.886s][info ][safepoint     ] Entering safepoint region: Cleanup
[2023-11-16T03:34:40.125+0000][27047.886s][info ][safepoint     ] Leaving safepoint region
[2023-11-16T03:34:40.125+0000][27047.886s][info ][safepoint     ] Total time for which application threads were stopped: 0.0003326 seconds, Stopping threads took: 0.0000493 seconds
[2023-11-16T03:34:41.125+0000][27048.886s][debug][safepoint     ] Safepoint synchronization initiated. (164 threads)
[2023-11-16T03:34:41.125+0000][27048.886s][info ][safepoint     ] Application time: 1.0001674 seconds
[2023-11-16T03:34:41.125+0000][27048.887s][info ][safepoint     ] Entering safepoint region: Cleanup
[2023-11-16T03:34:41.125+0000][27048.887s][info ][safepoint     ] Leaving safepoint region
[2023-11-16T03:34:41.125+0000][27048.887s][info ][safepoint     ] Total time for which application threads were stopped: 0.0003460 seconds, Stopping threads took: 0.0000524 seconds
[2023-11-16T03:34:42.125+0000][27049.887s][debug][safepoint     ] Safepoint synchronization initiated. (164 threads)
[2023-11-16T03:34:42.125+0000][27049.887s][info ][safepoint     ] Application time: 1.0001631 seconds
[2023-11-16T03:34:42.125+0000][27049.887s][info ][safepoint     ] Entering safepoint region: Cleanup
[2023-11-16T03:34:42.126+0000][27049.888s][info ][safepoint     ] Leaving safepoint region
[2023-11-16T03:34:42.126+0000][27049.888s][info ][safepoint     ] Total time for which application threads were stopped: 0.0005450 seconds, Stopping threads took: 0.0002897 seconds
[2023-11-16T03:34:43.126+0000][27050.888s][debug][safepoint     ] Safepoint synchronization initiated. (164 threads)
[2023-11-16T03:34:43.126+0000][27050.888s][info ][safepoint     ] Application time: 1.0001711 seconds
[2023-11-16T03:34:43.126+0000][27050.888s][info ][safepoint     ] Entering safepoint region: Cleanup
[2023-11-16T03:34:43.126+0000][27050.888s][info ][safepoint     ] Leaving safepoint region
[2023-11-16T03:34:43.126+0000][27050.888s][info ][safepoint     ] Total time for which application threads were stopped: 0.0003454 seconds, Stopping threads took: 0.0000516 seconds
[2023-11-16T03:34:44.127+0000][27051.888s][debug][safepoint     ] Safepoint synchronization initiated. (164 threads)
[2023-11-16T03:34:44.127+0000][27051.888s][info ][safepoint     ] Application time: 1.0001584 seconds
[2023-11-16T03:34:44.127+0000][27051.888s][info ][safepoint     ] Entering safepoint region: Cleanup
[2023-11-16T03:34:44.127+0000][27051.889s][info ][safepoint     ] Leaving safepoint region
[2023-11-16T03:34:44.127+0000][27051.889s][info ][safepoint     ] Total time for which application threads were stopped: 0.0003410 seconds, Stopping threads took: 0.0000507 seconds
[2023-11-16T03:34:45.127+0000][27052.889s][debug][safepoint     ] Safepoint synchronization initiated. (164 threads)
[2023-11-16T03:34:45.127+0000][27052.889s][info ][safepoint     ] Application time: 1.0001773 seconds
[2023-11-16T03:34:45.127+0000][27052.889s][info ][safepoint     ] Entering safepoint region: Cleanup
[2023-11-16T03:34:45.128+0000][27052.889s][info ][safepoint     ] Leaving safepoint region
[2023-11-16T03:34:45.128+0000][27052.889s][info ][safepoint     ] Total time for which application threads were stopped: 0.0003426 seconds, Stopping threads took: 0.0000513 seconds
[2023-11-16T03:34:46.128+0000][27053.889s][debug][safepoint     ] Safepoint synchronization initiated. (164 threads)
[2023-11-16T03:34:46.128+0000][27053.889s][info ][safepoint     ] Application time: 1.0001485 seconds
[2023-11-16T03:34:46.128+0000][27053.889s][info ][safepoint     ] Entering safepoint region: Cleanup
[2023-11-16T03:34:46.128+0000][27053.890s][info ][safepoint     ] Leaving safepoint region
[2023-11-16T03:34:46.128+0000][27053.890s][info ][safepoint     ] Total time for which application threads were stopped: 0.0002593 seconds, Stopping threads took: 0.0000507 seconds
[2023-11-16T03:34:47.128+0000][27054.890s][debug][safepoint     ] Safepoint synchronization initiated. (164 threads)
[2023-11-16T03:34:47.128+0000][27054.890s][info ][safepoint     ] Application time: 1.0001810 seconds
[2023-11-16T03:34:47.128+0000][27054.890s][info ][safepoint     ] Entering safepoint region: Cleanup
[2023-11-16T03:34:47.129+0000][27054.890s][info ][safepoint     ] Leaving safepoint region
[2023-11-16T03:34:47.129+0000][27054.890s][info ][safepoint     ] Total time for which application threads were stopped: 0.0003261 seconds, Stopping threads took: 0.0000520 seconds
[2023-11-16T03:34:48.129+0000][27055.890s][debug][safepoint     ] Safepoint synchronization initiated. (164 threads)
[2023-11-16T03:34:48.129+0000][27055.890s][info ][safepoint     ] Application time: 1.0001472 seconds
[2023-11-16T03:34:48.129+0000][27055.890s][info ][safepoint     ] Entering safepoint region: Cleanup
[2023-11-16T03:34:48.129+0000][27055.891s][info ][safepoint     ] Leaving safepoint region
[2023-11-16T03:34:48.129+0000][27055.891s][info ][safepoint     ] Total time for which application threads were stopped: 0.0002586 seconds, Stopping threads took: 0.0000510 seconds
[2023-11-16T03:34:49.129+0000][27056.891s][debug][safepoint     ] Safepoint synchronization initiated. (164 threads)
[2023-11-16T03:34:49.129+0000][27056.891s][info ][safepoint     ] Application time: 1.0001717 seconds
[2023-11-16T03:34:49.129+0000][27056.891s][info ][safepoint     ] Entering safepoint region: Cleanup
[2023-11-16T03:34:49.130+0000][27056.891s][info ][safepoint     ] Leaving safepoint region
[2023-11-16T03:34:49.130+0000][27056.891s][info ][safepoint     ] Total time for which application threads were stopped: 0.0003473 seconds, Stopping threads took: 0.0000503 seconds
[2023-11-16T03:34:50.130+0000][27057.891s][debug][safepoint     ] Safepoint synchronization initiated. (164 threads)
[2023-11-16T03:34:50.130+0000][27057.891s][info ][safepoint     ] Application time: 1.0001555 seconds
[2023-11-16T03:34:50.130+0000][27057.891s][info ][safepoint     ] Entering safepoint region: Cleanup
[2023-11-16T03:34:50.130+0000][27057.892s][info ][safepoint     ] Leaving safepoint region
[2023-11-16T03:34:50.130+0000][27057.892s][info ][safepoint     ] Total time for which application threads were stopped: 0.0003435 seconds, Stopping threads took: 0.0000511 seconds
[2023-11-16T03:34:51.130+0000][27058.892s][debug][safepoint     ] Safepoint synchronization initiated. (164 threads)
[2023-11-16T03:34:51.130+0000][27058.892s][info ][safepoint     ] Application time: 1.0001797 seconds
[2023-11-16T03:34:51.130+0000][27058.892s][info ][safepoint     ] Entering safepoint region: Cleanup
[2023-11-16T03:34:51.131+0000][27058.892s][info ][safepoint     ] Leaving safepoint region
[2023-11-16T03:34:51.131+0000][27058.892s][info ][safepoint     ] Total time for which application threads were stopped: 0.0003156 seconds, Stopping threads took: 0.0000518 seconds
[2023-11-16T03:34:52.131+0000][27059.892s][debug][safepoint     ] Safepoint synchronization initiated. (164 threads)
[2023-11-16T03:34:52.131+0000][27059.892s][info ][safepoint     ] Application time: 1.0001613 seconds
[2023-11-16T03:34:52.131+0000][27059.892s][info ][safepoint     ] Entering safepoint region: Cleanup
[2023-11-16T03:34:52.131+0000][27059.893s][info ][safepoint     ] Leaving safepoint region
[2023-11-16T03:34:52.131+0000][27059.893s][info ][safepoint     ] Total time for which application threads were stopped: 0.0004483 seconds, Stopping threads took: 0.0002428 seconds
[2023-11-16T03:34:53.131+0000][27060.893s][debug][safepoint     ] Safepoint synchronization initiated. (164 threads)
[2023-11-16T03:34:53.131+0000][27060.893s][info ][safepoint     ] Application time: 1.0001563 seconds
[2023-11-16T03:34:53.132+0000][27060.893s][info ][safepoint     ] Entering safepoint region: Cleanup
[2023-11-16T03:34:53.132+0000][27060.893s][info ][safepoint     ] Leaving safepoint region
[2023-11-16T03:34:53.132+0000][27060.893s][info ][safepoint     ] Total time for which application threads were stopped: 0.0003484 seconds, Stopping threads took: 0.0000523 seconds
[2023-11-16T03:34:54.132+0000][27061.894s][debug][safepoint     ] Safepoint synchronization initiated. (164 threads)
[2023-11-16T03:34:54.132+0000][27061.894s][info ][safepoint     ] Application time: 1.0001744 seconds
[2023-11-16T03:34:54.132+0000][27061.894s][info ][safepoint     ] Entering safepoint region: Cleanup
[2023-11-16T03:34:54.132+0000][27061.894s][info ][safepoint     ] Leaving safepoint region
[2023-11-16T03:34:54.132+0000][27061.894s][info ][safepoint     ] Total time for which application threads were stopped: 0.0003031 seconds, Stopping threads took: 0.0000511 seconds
[2023-11-16T03:34:55.132+0000][27062.894s][debug][safepoint     ] Safepoint synchronization initiated. (164 threads)
[2023-11-16T03:34:55.133+0000][27062.894s][info ][safepoint     ] Application time: 1.0001630 seconds
[2023-11-16T03:34:55.133+0000][27062.894s][info ][safepoint     ] Entering safepoint region: Cleanup
[2023-11-16T03:34:55.133+0000][27062.894s][info ][safepoint     ] Leaving safepoint region
[2023-11-16T03:34:55.133+0000][27062.895s][info ][safepoint     ] Total time for which application threads were stopped: 0.0003411 seconds, Stopping threads took: 0.0000515 seconds
[2023-11-16T03:34:56.133+0000][27063.895s][debug][safepoint     ] Safepoint synchronization initiated. (164 threads)
[2023-11-16T03:34:56.133+0000][27063.895s][info ][safepoint     ] Application time: 1.0001670 seconds
[2023-11-16T03:34:56.133+0000][27063.895s][info ][safepoint     ] Entering safepoint region: Cleanup
[2023-11-16T03:34:56.133+0000][27063.895s][info ][safepoint     ] Leaving safepoint region
[2023-11-16T03:34:56.133+0000][27063.895s][info ][safepoint     ] Total time for which application threads were stopped: 0.0003423 seconds, Stopping threads took: 0.0000513 seconds
[2023-11-16T03:34:57.134+0000][27064.895s][debug][safepoint     ] Safepoint synchronization initiated. (164 threads)
[2023-11-16T03:34:57.134+0000][27064.895s][info ][safepoint     ] Application time: 1.0001541 seconds
[2023-11-16T03:34:57.134+0000][27064.895s][info ][safepoint     ] Entering safepoint region: Cleanup
[2023-11-16T03:34:57.134+0000][27064.896s][info ][safepoint     ] Leaving safepoint region
[2023-11-16T03:34:57.134+0000][27064.896s][info ][safepoint     ] Total time for which application threads were stopped: 0.0003352 seconds, Stopping threads took: 0.0000490 seconds
[2023-11-16T03:34:58.134+0000][27065.896s][debug][safepoint     ] Safepoint synchronization initiated. (164 threads)
[2023-11-16T03:34:58.134+0000][27065.896s][info ][safepoint     ] Application time: 1.0001702 seconds
[2023-11-16T03:34:58.134+0000][27065.896s][info ][safepoint     ] Entering safepoint region: Cleanup
[2023-11-16T03:34:58.134+0000][27065.896s][info ][safepoint     ] Leaving safepoint region
[2023-11-16T03:34:58.134+0000][27065.896s][info ][safepoint     ] Total time for which application threads were stopped: 0.0002407 seconds, Stopping threads took: 0.0000485 seconds
[2023-11-16T03:34:59.135+0000][27066.896s][debug][safepoint     ] Safepoint synchronization initiated. (164 threads)
[2023-11-16T03:34:59.135+0000][27066.896s][info ][safepoint     ] Application time: 1.0001723 seconds
[2023-11-16T03:34:59.135+0000][27066.896s][info ][safepoint     ] Entering safepoint region: Cleanup
[2023-11-16T03:34:59.135+0000][27066.896s][info ][safepoint     ] Leaving safepoint region
[2023-11-16T03:34:59.135+0000][27066.897s][info ][safepoint     ] Total time for which application threads were stopped: 0.0002514 seconds, Stopping threads took: 0.0000493 seconds
[2023-11-16T03:35:00.135+0000][27067.897s][debug][safepoint     ] Safepoint synchronization initiated. (164 threads)
[2023-11-16T03:35:00.135+0000][27067.897s][info ][safepoint     ] Application time: 1.0001572 seconds
[2023-11-16T03:35:00.135+0000][27067.897s][info ][safepoint     ] Entering safepoint region: Cleanup
[2023-11-16T03:35:00.135+0000][27067.897s][info ][safepoint     ] Leaving safepoint region
[2023-11-16T03:35:00.135+0000][27067.897s][info ][safepoint     ] Total time for which application threads were stopped: 0.0003090 seconds, Stopping threads took: 0.0000502 seconds
[2023-11-16T03:35:01.136+0000][27068.897s][debug][safepoint     ] Safepoint synchronization initiated. (164 threads)
[2023-11-16T03:35:01.136+0000][27068.897s][info ][safepoint     ] Application time: 1.0001624 seconds
[2023-11-16T03:35:01.136+0000][27068.897s][info ][safepoint     ] Entering safepoint region: Cleanup
[2023-11-16T03:35:01.136+0000][27068.898s][info ][safepoint     ] Leaving safepoint region
[2023-11-16T03:35:01.136+0000][27068.898s][info ][safepoint     ] Total time for which application threads were stopped: 0.0003405 seconds, Stopping threads took: 0.0000494 seconds
[2023-11-16T03:35:02.136+0000][27069.898s][debug][safepoint     ] Safepoint synchronization initiated. (164 threads)
[2023-11-16T03:35:02.136+0000][27069.898s][info ][safepoint     ] Application time: 1.0001433 seconds
[2023-11-16T03:35:02.136+0000][27069.898s][info ][safepoint     ] Entering safepoint region: Cleanup
[2023-11-16T03:35:02.136+0000][27069.898s][info ][safepoint     ] Leaving safepoint region
[2023-11-16T03:35:02.136+0000][27069.898s][info ][safepoint     ] Total time for which application threads were stopped: 0.0001858 seconds, Stopping threads took: 0.0000346 seconds
[2023-11-16T03:35:03.136+0000][27070.898s][debug][safepoint     ] Safepoint synchronization initiated. (164 threads)
[2023-11-16T03:35:03.136+0000][27070.898s][info ][safepoint     ] Application time: 1.0001454 seconds
[2023-11-16T03:35:03.136+0000][27070.898s][info ][safepoint     ] Entering safepoint region: Cleanup
[2023-11-16T03:35:03.137+0000][27070.898s][info ][safepoint     ] Leaving safepoint region
[2023-11-16T03:35:03.137+0000][27070.898s][info ][safepoint     ] Total time for which application threads were stopped: 0.0002624 seconds, Stopping threads took: 0.0000509 seconds
[2023-11-16T03:35:04.137+0000][27071.898s][debug][safepoint     ] Safepoint synchronization initiated. (164 threads)
[2023-11-16T03:35:04.137+0000][27071.899s][info ][safepoint     ] Application time: 1.0001526 seconds
[2023-11-16T03:35:04.137+0000][27071.899s][info ][safepoint     ] Entering safepoint region: Cleanup
[2023-11-16T03:35:04.137+0000][27071.899s][info ][safepoint     ] Leaving safepoint region
[2023-11-16T03:35:04.137+0000][27071.899s][info ][safepoint     ] Total time for which application threads were stopped: 0.0003443 seconds, Stopping threads took: 0.0000498 seconds
[2023-11-16T03:35:05.137+0000][27072.899s][debug][safepoint     ] Safepoint synchronization initiated. (164 threads)
[2023-11-16T03:35:05.137+0000][27072.899s][info ][safepoint     ] Application time: 1.0001607 seconds
[2023-11-16T03:35:05.137+0000][27072.899s][info ][safepoint     ] Entering safepoint region: Cleanup
[2023-11-16T03:35:05.138+0000][27072.899s][info ][safepoint     ] Leaving safepoint region
[2023-11-16T03:35:05.138+0000][27072.899s][info ][safepoint     ] Total time for which application threads were stopped: 0.0003371 seconds, Stopping threads took: 0.0000510 seconds
[2023-11-16T03:35:06.138+0000][27073.900s][debug][safepoint     ] Safepoint synchronization initiated. (164 threads)
[2023-11-16T03:35:06.138+0000][27073.900s][info ][safepoint     ] Application time: 1.0001617 seconds
[2023-11-16T03:35:06.138+0000][27073.900s][info ][safepoint     ] Entering safepoint region: Cleanup
[2023-11-16T03:35:06.138+0000][27073.900s][info ][safepoint     ] Leaving safepoint region
[2023-11-16T03:35:06.138+0000][27073.900s][info ][safepoint     ] Total time for which application threads were stopped: 0.0003386 seconds, Stopping threads took: 0.0000502 seconds
[2023-11-16T03:35:07.138+0000][27074.900s][debug][safepoint     ] Safepoint synchronization initiated. (164 threads)
[2023-11-16T03:35:07.138+0000][27074.900s][info ][safepoint     ] Application time: 1.0001526 seconds
[2023-11-16T03:35:07.139+0000][27074.900s][info ][safepoint     ] Entering safepoint region: Cleanup
[2023-11-16T03:35:07.139+0000][27074.900s][info ][safepoint     ] Leaving safepoint region
[2023-11-16T03:35:07.139+0000][27074.900s][info ][safepoint     ] Total time for which application threads were stopped: 0.0003114 seconds, Stopping threads took: 0.0000503 seconds
[2023-11-16T03:35:08.139+0000][27075.901s][debug][safepoint     ] Safepoint synchronization initiated. (164 threads)
[2023-11-16T03:35:08.139+0000][27075.901s][info ][safepoint     ] Application time: 1.0001507 seconds
[2023-11-16T03:35:08.139+0000][27075.901s][debug][safepoint     ] ... found polling page return exception at pc = 0x00007f69307f015f, stub =0x00007f692883a800
[2023-11-16T03:35:08.139+0000][27075.901s][debug][safepoint     ] Waiting for 2 thread(s) to block
[2023-11-16T03:35:08.139+0000][27075.901s][info ][safepoint     ] Entering safepoint region: Cleanup
[2023-11-16T03:35:08.139+0000][27075.901s][info ][safepoint     ] Leaving safepoint region
[2023-11-16T03:35:08.140+0000][27075.901s][info ][safepoint     ] Total time for which application threads were stopped: 0.0004790 seconds, Stopping threads took: 0.0002325 seconds
[2023-11-16T03:35:09.140+0000][27076.901s][debug][safepoint     ] Safepoint synchronization initiated. (164 threads)
[2023-11-16T03:35:09.140+0000][27076.901s][info ][safepoint     ] Application time: 1.0001583 seconds
[2023-11-16T03:35:09.140+0000][27076.901s][info ][safepoint     ] Entering safepoint region: Cleanup
[2023-11-16T03:35:09.140+0000][27076.902s][info ][safepoint     ] Leaving safepoint region
[2023-11-16T03:35:09.140+0000][27076.902s][info ][safepoint     ] Total time for which application threads were stopped: 0.0003384 seconds, Stopping threads took: 0.0000501 seconds
[2023-11-16T03:35:10.140+0000][27077.902s][debug][safepoint     ] Safepoint synchronization initiated. (164 threads)
[2023-11-16T03:35:10.140+0000][27077.902s][info ][safepoint     ] Application time: 1.0001724 seconds
[2023-11-16T03:35:10.140+0000][27077.902s][info ][safepoint     ] Entering safepoint region: Cleanup
[2023-11-16T03:35:10.140+0000][27077.902s][info ][safepoint     ] Leaving safepoint region
[2023-11-16T03:35:10.141+0000][27077.902s][info ][safepoint     ] Total time for which application threads were stopped: 0.0002574 seconds, Stopping threads took: 0.0000495 seconds
[2023-11-16T03:35:11.141+0000][27078.902s][debug][safepoint     ] Safepoint synchronization initiated. (164 threads)
[2023-11-16T03:35:11.141+0000][27078.902s][info ][safepoint     ] Application time: 1.0001810 seconds
[2023-11-16T03:35:11.141+0000][27078.902s][info ][safepoint     ] Entering safepoint region: Cleanup
[2023-11-16T03:35:11.141+0000][27078.903s][info ][safepoint     ] Leaving safepoint region
[2023-11-16T03:35:11.141+0000][27078.903s][info ][safepoint     ] Total time for which application threads were stopped: 0.0003107 seconds, Stopping threads took: 0.0000495 seconds
[2023-11-16T03:35:12.141+0000][27079.903s][debug][safepoint     ] Safepoint synchronization initiated. (164 threads)
[2023-11-16T03:35:12.141+0000][27079.903s][info ][safepoint     ] Application time: 1.0001683 seconds
[2023-11-16T03:35:12.141+0000][27079.903s][info ][safepoint     ] Entering safepoint region: Cleanup
[2023-11-16T03:35:12.142+0000][27079.903s][info ][safepoint     ] Leaving safepoint region
[2023-11-16T03:35:12.142+0000][27079.903s][info ][safepoint     ] Total time for which application threads were stopped: 0.0003460 seconds, Stopping threads took: 0.0000501 seconds
[2023-11-16T03:35:13.142+0000][27080.903s][debug][safepoint     ] Safepoint synchronization initiated. (164 threads)
[2023-11-16T03:35:13.142+0000][27080.903s][info ][safepoint     ] Application time: 1.0001615 seconds
[2023-11-16T03:35:13.142+0000][27080.903s][info ][safepoint     ] Entering safepoint region: Cleanup
[2023-11-16T03:35:13.142+0000][27080.904s][info ][safepoint     ] Leaving safepoint region
[2023-11-16T03:35:13.142+0000][27080.904s][info ][safepoint     ] Total time for which application threads were stopped: 0.0003842 seconds, Stopping threads took: 0.0001747 seconds
[2023-11-16T03:35:14.142+0000][27081.904s][debug][safepoint     ] Safepoint synchronization initiated. (164 threads)
[2023-11-16T03:35:14.142+0000][27081.904s][info ][safepoint     ] Application time: 1.0001481 seconds
[2023-11-16T03:35:14.142+0000][27081.904s][info ][safepoint     ] Entering safepoint region: Cleanup
[2023-11-16T03:35:14.143+0000][27081.904s][info ][safepoint     ] Leaving safepoint region
[2023-11-16T03:35:14.143+0000][27081.904s][info ][safepoint     ] Total time for which application threads were stopped: 0.0002590 seconds, Stopping threads took: 0.0000516 seconds
[2023-11-16T03:35:15.143+0000][27082.904s][debug][safepoint     ] Safepoint synchronization initiated. (164 threads)
[2023-11-16T03:35:15.143+0000][27082.904s][info ][safepoint     ] Application time: 1.0001709 seconds
[2023-11-16T03:35:15.143+0000][27082.905s][info ][safepoint     ] Entering safepoint region: Cleanup
[2023-11-16T03:35:15.143+0000][27082.905s][info ][safepoint     ] Leaving safepoint region
[2023-11-16T03:35:15.143+0000][27082.905s][info ][safepoint     ] Total time for which application threads were stopped: 0.0003447 seconds, Stopping threads took: 0.0000507 seconds
[2023-11-16T03:35:16.143+0000][27083.905s][debug][safepoint     ] Safepoint synchronization initiated. (164 threads)
[2023-11-16T03:35:16.143+0000][27083.905s][info ][safepoint     ] Application time: 1.0001679 seconds
[2023-11-16T03:35:16.143+0000][27083.905s][info ][safepoint     ] Entering safepoint region: Cleanup
[2023-11-16T03:35:16.144+0000][27083.905s][info ][safepoint     ] Leaving safepoint region
[2023-11-16T03:35:16.144+0000][27083.905s][info ][safepoint     ] Total time for which application threads were stopped: 0.0003419 seconds, Stopping threads took: 0.0000494 seconds
[2023-11-16T03:35:17.144+0000][27084.905s][debug][safepoint     ] Safepoint synchronization initiated. (164 threads)
[2023-11-16T03:35:17.144+0000][27084.906s][info ][safepoint     ] Application time: 1.0001549 seconds
[2023-11-16T03:35:17.144+0000][27084.906s][info ][safepoint     ] Entering safepoint region: Cleanup
[2023-11-16T03:35:17.144+0000][27084.906s][info ][safepoint     ] Leaving safepoint region
[2023-11-16T03:35:17.144+0000][27084.906s][info ][safepoint     ] Total time for which application threads were stopped: 0.0003432 seconds, Stopping threads took: 0.0000504 seconds
[2023-11-16T03:35:18.144+0000][27085.906s][debug][safepoint     ] Safepoint synchronization initiated. (164 threads)
[2023-11-16T03:35:18.144+0000][27085.906s][info ][safepoint     ] Application time: 1.0001724 seconds
[2023-11-16T03:35:18.145+0000][27085.906s][info ][safepoint     ] Entering safepoint region: Cleanup
[2023-11-16T03:35:18.145+0000][27085.906s][info ][safepoint     ] Leaving safepoint region
[2023-11-16T03:35:18.145+0000][27085.906s][info ][safepoint     ] Total time for which application threads were stopped: 0.0003780 seconds, Stopping threads took: 0.0001687 seconds
[2023-11-16T03:35:19.145+0000][27086.907s][debug][safepoint     ] Safepoint synchronization initiated. (164 threads)
[2023-11-16T03:35:19.145+0000][27086.907s][info ][safepoint     ] Application time: 1.0001603 seconds
[2023-11-16T03:35:19.145+0000][27086.907s][info ][safepoint     ] Entering safepoint region: Cleanup
[2023-11-16T03:35:19.145+0000][27086.907s][info ][safepoint     ] Leaving safepoint region
[2023-11-16T03:35:19.145+0000][27086.907s][info ][safepoint     ] Total time for which application threads were stopped: 0.0002631 seconds, Stopping threads took: 0.0000506 seconds
[2023-11-16T03:35:20.145+0000][27087.907s][debug][safepoint     ] Safepoint synchronization initiated. (164 threads)
[2023-11-16T03:35:20.145+0000][27087.907s][info ][safepoint     ] Application time: 1.0001712 seconds
[2023-11-16T03:35:20.146+0000][27087.907s][info ][safepoint     ] Entering safepoint region: Cleanup
[2023-11-16T03:35:20.146+0000][27087.907s][info ][safepoint     ] Leaving safepoint region
[2023-11-16T03:35:20.146+0000][27087.907s][info ][safepoint     ] Total time for which application threads were stopped: 0.0002592 seconds, Stopping threads took: 0.0000501 seconds
[2023-11-16T03:35:21.146+0000][27088.908s][debug][safepoint     ] Safepoint synchronization initiated. (164 threads)
[2023-11-16T03:35:21.146+0000][27088.908s][info ][safepoint     ] Application time: 1.0001554 seconds
[2023-11-16T03:35:21.146+0000][27088.908s][info ][safepoint     ] Entering safepoint region: Cleanup
[2023-11-16T03:35:21.146+0000][27088.908s][info ][safepoint     ] Leaving safepoint region
[2023-11-16T03:35:21.146+0000][27088.908s][info ][safepoint     ] Total time for which application threads were stopped: 0.0002633 seconds, Stopping threads took: 0.0000516 seconds
[2023-11-16T03:35:22.146+0000][27089.908s][debug][safepoint     ] Safepoint synchronization initiated. (164 threads)
[2023-11-16T03:35:22.146+0000][27089.908s][info ][safepoint     ] Application time: 1.0001556 seconds
[2023-11-16T03:35:22.146+0000][27089.908s][info ][safepoint     ] Entering safepoint region: Cleanup
[2023-11-16T03:35:22.147+0000][27089.908s][info ][safepoint     ] Leaving safepoint region
[2023-11-16T03:35:22.147+0000][27089.908s][info ][safepoint     ] Total time for which application threads were stopped: 0.0003086 seconds, Stopping threads took: 0.0000503 seconds
[2023-11-16T03:35:23.147+0000][27090.908s][debug][safepoint     ] Safepoint synchronization initiated. (164 threads)
[2023-11-16T03:35:23.147+0000][27090.909s][info ][safepoint     ] Application time: 1.0001585 seconds
[2023-11-16T03:35:23.147+0000][27090.909s][info ][safepoint     ] Entering safepoint region: Cleanup
[2023-11-16T03:35:23.147+0000][27090.909s][info ][safepoint     ] Leaving safepoint region
[2023-11-16T03:35:23.147+0000][27090.909s][info ][safepoint     ] Total time for which application threads were stopped: 0.0005335 seconds, Stopping threads took: 0.0003024 seconds
[2023-11-16T03:35:24.148+0000][27091.909s][debug][safepoint     ] Safepoint synchronization initiated. (164 threads)
[2023-11-16T03:35:24.148+0000][27091.909s][info ][safepoint     ] Application time: 1.0001697 seconds
[2023-11-16T03:35:24.148+0000][27091.909s][info ][safepoint     ] Entering safepoint region: Cleanup
[2023-11-16T03:35:24.148+0000][27091.910s][info ][safepoint     ] Leaving safepoint region
[2023-11-16T03:35:24.148+0000][27091.910s][info ][safepoint     ] Total time for which application threads were stopped: 0.0003450 seconds, Stopping threads took: 0.0000499 seconds
[2023-11-16T03:35:25.148+0000][27092.910s][debug][safepoint     ] Safepoint synchronization initiated. (164 threads)
[2023-11-16T03:35:25.148+0000][27092.910s][info ][safepoint     ] Application time: 1.0001696 seconds
[2023-11-16T03:35:25.148+0000][27092.910s][info ][safepoint     ] Entering safepoint region: Cleanup
[2023-11-16T03:35:25.149+0000][27092.910s][info ][safepoint     ] Leaving safepoint region
[2023-11-16T03:35:25.149+0000][27092.910s][info ][safepoint     ] Total time for which application threads were stopped: 0.0003464 seconds, Stopping threads took: 0.0000488 seconds
[2023-11-16T03:35:26.149+0000][27093.910s][debug][safepoint     ] Safepoint synchronization initiated. (164 threads)
[2023-11-16T03:35:26.149+0000][27093.910s][info ][safepoint     ] Application time: 1.0001783 seconds
[2023-11-16T03:35:26.149+0000][27093.910s][info ][safepoint     ] Entering safepoint region: Cleanup
[2023-11-16T03:35:26.149+0000][27093.911s][info ][safepoint     ] Leaving safepoint region
[2023-11-16T03:35:26.149+0000][27093.911s][info ][safepoint     ] Total time for which application threads were stopped: 0.0002603 seconds, Stopping threads took: 0.0000499 seconds
[2023-11-16T03:35:27.149+0000][27094.911s][debug][safepoint     ] Safepoint synchronization initiated. (164 threads)
[2023-11-16T03:35:27.149+0000][27094.911s][info ][safepoint     ] Application time: 1.0001554 seconds
[2023-11-16T03:35:27.149+0000][27094.911s][info ][safepoint     ] Entering safepoint region: Cleanup
[2023-11-16T03:35:27.150+0000][27094.911s][info ][safepoint     ] Leaving safepoint region
[2023-11-16T03:35:27.150+0000][27094.911s][info ][safepoint     ] Total time for which application threads were stopped: 0.0003486 seconds, Stopping threads took: 0.0000501 seconds
[2023-11-16T03:35:28.150+0000][27095.911s][debug][safepoint     ] Safepoint synchronization initiated. (164 threads)
[2023-11-16T03:35:28.150+0000][27095.911s][info ][safepoint     ] Application time: 1.0001804 seconds
[2023-11-16T03:35:28.150+0000][27095.911s][info ][safepoint     ] Entering safepoint region: Cleanup
[2023-11-16T03:35:28.150+0000][27095.912s][info ][safepoint     ] Leaving safepoint region
[2023-11-16T03:35:28.150+0000][27095.912s][info ][safepoint     ] Total time for which application threads were stopped: 0.0003306 seconds, Stopping threads took: 0.0000507 seconds
[2023-11-16T03:35:29.150+0000][27096.912s][debug][safepoint     ] Safepoint synchronization initiated. (164 threads)
[2023-11-16T03:35:29.150+0000][27096.912s][info ][safepoint     ] Application time: 1.0001602 seconds
[2023-11-16T03:35:29.150+0000][27096.912s][info ][safepoint     ] Entering safepoint region: Cleanup
[2023-11-16T03:35:29.151+0000][27096.912s][info ][safepoint     ] Leaving safepoint region
[2023-11-16T03:35:29.151+0000][27096.912s][info ][safepoint     ] Total time for which application threads were stopped: 0.0003422 seconds, Stopping threads took: 0.0000512 seconds
[2023-11-16T03:35:30.151+0000][27097.912s][debug][safepoint     ] Safepoint synchronization initiated. (164 threads)
[2023-11-16T03:35:30.151+0000][27097.912s][info ][safepoint     ] Application time: 1.0001742 seconds
[2023-11-16T03:35:30.151+0000][27097.913s][info ][safepoint     ] Entering safepoint region: Cleanup
[2023-11-16T03:35:30.151+0000][27097.913s][info ][safepoint     ] Leaving safepoint region
[2023-11-16T03:35:30.151+0000][27097.913s][info ][safepoint     ] Total time for which application threads were stopped: 0.0003051 seconds, Stopping threads took: 0.0000500 seconds
[2023-11-16T03:35:31.151+0000][27098.913s][debug][safepoint     ] Safepoint synchronization initiated. (164 threads)
[2023-11-16T03:35:31.151+0000][27098.913s][info ][safepoint     ] Application time: 1.0001733 seconds
[2023-11-16T03:35:31.151+0000][27098.913s][info ][safepoint     ] Entering safepoint region: Cleanup
[2023-11-16T03:35:31.152+0000][27098.913s][info ][safepoint     ] Leaving safepoint region
[2023-11-16T03:35:31.152+0000][27098.913s][info ][safepoint     ] Total time for which application threads were stopped: 0.0002509 seconds, Stopping threads took: 0.0000483 seconds
[2023-11-16T03:35:32.152+0000][27099.913s][debug][safepoint     ] Safepoint synchronization initiated. (164 threads)
[2023-11-16T03:35:32.152+0000][27099.913s][info ][safepoint     ] Application time: 1.0001676 seconds
[2023-11-16T03:35:32.152+0000][27099.914s][info ][safepoint     ] Entering safepoint region: Cleanup
[2023-11-16T03:35:32.152+0000][27099.914s][info ][safepoint     ] Leaving safepoint region
[2023-11-16T03:35:32.152+0000][27099.914s][info ][safepoint     ] Total time for which application threads were stopped: 0.0002465 seconds, Stopping threads took: 0.0000500 seconds
[2023-11-16T03:35:33.152+0000][27100.914s][debug][safepoint     ] Safepoint synchronization initiated. (164 threads)
[2023-11-16T03:35:33.152+0000][27100.914s][info ][safepoint     ] Application time: 1.0001601 seconds
[2023-11-16T03:35:33.152+0000][27100.914s][info ][safepoint     ] Entering safepoint region: Cleanup
[2023-11-16T03:35:33.153+0000][27100.914s][info ][safepoint     ] Leaving safepoint region
[2023-11-16T03:35:33.153+0000][27100.914s][info ][safepoint     ] Total time for which application threads were stopped: 0.0004478 seconds, Stopping threads took: 0.0002225 seconds
[2023-11-16T03:35:34.153+0000][27101.914s][debug][safepoint     ] Safepoint synchronization initiated. (164 threads)
[2023-11-16T03:35:34.153+0000][27101.915s][info ][safepoint     ] Application time: 1.0001668 seconds
[2023-11-16T03:35:34.153+0000][27101.915s][info ][safepoint     ] Entering safepoint region: Cleanup
[2023-11-16T03:35:34.153+0000][27101.915s][info ][safepoint     ] Leaving safepoint region
[2023-11-16T03:35:34.153+0000][27101.915s][info ][safepoint     ] Total time for which application threads were stopped: 0.0002608 seconds, Stopping threads took: 0.0000504 seconds
[2023-11-16T03:35:35.153+0000][27102.915s][debug][safepoint     ] Safepoint synchronization initiated. (164 threads)
[2023-11-16T03:35:35.153+0000][27102.915s][info ][safepoint     ] Application time: 1.0001880 seconds
[2023-11-16T03:35:35.153+0000][27102.915s][info ][safepoint     ] Entering safepoint region: Cleanup
[2023-11-16T03:35:35.154+0000][27102.915s][info ][safepoint     ] Leaving safepoint region
[2023-11-16T03:35:35.154+0000][27102.915s][info ][safepoint     ] Total time for which application threads were stopped: 0.0002804 seconds, Stopping threads took: 0.0000503 seconds
[2023-11-16T03:35:35.154+0000][27102.915s][debug][safepoint     ] ... found polling page return exception at pc = 0x00007f693102dd76, stub =0x00007f692883a800
[2023-11-16T03:35:35.154+0000][27102.915s][debug][safepoint     ] ... found polling page return exception at pc = 0x00007f693102dd76, stub =0x00007f692883a800
[2023-11-16T03:35:35.154+0000][27102.915s][debug][safepoint     ] ... found polling page return exception at pc = 0x00007f693102dd76, stub =0x00007f692883a800
[2023-11-16T03:35:36.154+0000][27103.915s][debug][safepoint     ] Safepoint synchronization initiated. (164 threads)
[2023-11-16T03:35:36.154+0000][27103.916s][info ][safepoint     ] Application time: 1.0001634 seconds
[2023-11-16T03:35:36.154+0000][27103.916s][info ][safepoint     ] Entering safepoint region: Cleanup
[2023-11-16T03:35:36.154+0000][27103.916s][info ][safepoint     ] Leaving safepoint region
[2023-11-16T03:35:36.154+0000][27103.916s][info ][safepoint     ] Total time for which application threads were stopped: 0.0003487 seconds, Stopping threads took: 0.0000508 seconds
[2023-11-16T03:35:37.154+0000][27104.916s][debug][safepoint     ] Safepoint synchronization initiated. (164 threads)
[2023-11-16T03:35:37.154+0000][27104.916s][info ][safepoint     ] Application time: 1.0001747 seconds
[2023-11-16T03:35:37.154+0000][27104.916s][info ][safepoint     ] Entering safepoint region: Cleanup
[2023-11-16T03:35:37.155+0000][27104.916s][info ][safepoint     ] Leaving safepoint region
[2023-11-16T03:35:37.155+0000][27104.916s][info ][safepoint     ] Total time for which application threads were stopped: 0.0003415 seconds, Stopping threads took: 0.0000506 seconds
[2023-11-16T03:35:38.155+0000][27105.917s][debug][safepoint     ] Safepoint synchronization initiated. (164 threads)
[2023-11-16T03:35:38.155+0000][27105.917s][info ][safepoint     ] Application time: 1.0001736 seconds
[2023-11-16T03:35:38.155+0000][27105.917s][info ][safepoint     ] Entering safepoint region: Cleanup
[2023-11-16T03:35:38.156+0000][27105.917s][info ][safepoint     ] Leaving safepoint region
[2023-11-16T03:35:38.156+0000][27105.917s][info ][safepoint     ] Total time for which application threads were stopped: 0.0006580 seconds, Stopping threads took: 0.0004260 seconds
[2023-11-16T03:35:39.156+0000][27106.917s][debug][safepoint     ] Safepoint synchronization initiated. (164 threads)
[2023-11-16T03:35:39.156+0000][27106.917s][info ][safepoint     ] Application time: 1.0001510 seconds
[2023-11-16T03:35:39.156+0000][27106.918s][info ][safepoint     ] Entering safepoint region: Cleanup
[2023-11-16T03:35:39.156+0000][27106.918s][info ][safepoint     ] Leaving safepoint region
[2023-11-16T03:35:39.156+0000][27106.918s][info ][safepoint     ] Total time for which application threads were stopped: 0.0002616 seconds, Stopping threads took: 0.0000504 seconds
[2023-11-16T03:35:40.156+0000][27107.918s][debug][safepoint     ] Safepoint synchronization initiated. (164 threads)
[2023-11-16T03:35:40.156+0000][27107.918s][info ][safepoint     ] Application time: 1.0001743 seconds
[2023-11-16T03:35:40.156+0000][27107.918s][info ][safepoint     ] Entering safepoint region: Cleanup
[2023-11-16T03:35:40.157+0000][27107.918s][info ][safepoint     ] Leaving safepoint region
[2023-11-16T03:35:40.157+0000][27107.918s][info ][safepoint     ] Total time for which application threads were stopped: 0.0003442 seconds, Stopping threads took: 0.0000496 seconds
[2023-11-16T03:35:41.157+0000][27108.918s][debug][safepoint     ] Safepoint synchronization initiated. (164 threads)
[2023-11-16T03:35:41.157+0000][27108.918s][info ][safepoint     ] Application time: 1.0001644 seconds
[2023-11-16T03:35:41.157+0000][27108.919s][info ][safepoint     ] Entering safepoint region: Cleanup
[2023-11-16T03:35:41.157+0000][27108.919s][info ][safepoint     ] Leaving safepoint region
[2023-11-16T03:35:41.157+0000][27108.919s][info ][safepoint     ] Total time for which application threads were stopped: 0.0003394 seconds, Stopping threads took: 0.0000504 seconds
[2023-11-16T03:35:42.157+0000][27109.919s][debug][safepoint     ] Safepoint synchronization initiated. (164 threads)
[2023-11-16T03:35:42.157+0000][27109.919s][info ][safepoint     ] Application time: 1.0001378 seconds
[2023-11-16T03:35:42.157+0000][27109.919s][info ][safepoint     ] Entering safepoint region: Cleanup
[2023-11-16T03:35:42.158+0000][27109.919s][info ][safepoint     ] Leaving safepoint region
[2023-11-16T03:35:42.158+0000][27109.919s][info ][safepoint     ] Total time for which application threads were stopped: 0.0003436 seconds, Stopping threads took: 0.0000503 seconds
[2023-11-16T03:35:43.158+0000][27110.920s][debug][safepoint     ] Safepoint synchronization initiated. (164 threads)
[2023-11-16T03:35:43.158+0000][27110.920s][info ][safepoint     ] Application time: 1.0001790 seconds
[2023-11-16T03:35:43.158+0000][27110.920s][info ][safepoint     ] Entering safepoint region: Cleanup
[2023-11-16T03:35:43.158+0000][27110.920s][info ][safepoint     ] Leaving safepoint region
[2023-11-16T03:35:43.158+0000][27110.920s][info ][safepoint     ] Total time for which application threads were stopped: 0.0002960 seconds, Stopping threads took: 0.0000549 seconds
[2023-11-16T03:35:44.158+0000][27111.920s][debug][safepoint     ] Safepoint synchronization initiated. (164 threads)
[2023-11-16T03:35:44.158+0000][27111.920s][info ][safepoint     ] Application time: 1.0001417 seconds
[2023-11-16T03:35:44.158+0000][27111.920s][info ][safepoint     ] Entering safepoint region: Cleanup
[2023-11-16T03:35:44.159+0000][27111.920s][info ][safepoint     ] Leaving safepoint region
[2023-11-16T03:35:44.159+0000][27111.920s][info ][safepoint     ] Total time for which application threads were stopped: 0.0003463 seconds, Stopping threads took: 0.0000505 seconds
[2023-11-16T03:35:45.159+0000][27112.921s][debug][safepoint     ] Safepoint synchronization initiated. (164 threads)
[2023-11-16T03:35:45.159+0000][27112.921s][info ][safepoint     ] Application time: 1.0001727 seconds
[2023-11-16T03:35:45.159+0000][27112.921s][info ][safepoint     ] Entering safepoint region: Cleanup
[2023-11-16T03:35:45.159+0000][27112.921s][info ][safepoint     ] Leaving safepoint region
[2023-11-16T03:35:45.159+0000][27112.921s][info ][safepoint     ] Total time for which application threads were stopped: 0.0003098 seconds, Stopping threads took: 0.0000502 seconds
[2023-11-16T03:35:46.159+0000][27113.921s][debug][safepoint     ] Safepoint synchronization initiated. (164 threads)
[2023-11-16T03:35:46.160+0000][27113.921s][info ][safepoint     ] Application time: 1.0001821 seconds
[2023-11-16T03:35:46.160+0000][27113.921s][info ][safepoint     ] Entering safepoint region: Cleanup
[2023-11-16T03:35:46.160+0000][27113.921s][info ][safepoint     ] Leaving safepoint region
[2023-11-16T03:35:46.160+0000][27113.922s][info ][safepoint     ] Total time for which application threads were stopped: 0.0003483 seconds, Stopping threads took: 0.0000516 seconds
[2023-11-16T03:35:47.160+0000][27114.922s][debug][safepoint     ] Safepoint synchronization initiated. (164 threads)
[2023-11-16T03:35:47.160+0000][27114.922s][info ][safepoint     ] Application time: 1.0001580 seconds
[2023-11-16T03:35:47.160+0000][27114.922s][info ][safepoint     ] Entering safepoint region: Cleanup
[2023-11-16T03:35:47.160+0000][27114.922s][info ][safepoint     ] Leaving safepoint region
[2023-11-16T03:35:47.160+0000][27114.922s][info ][safepoint     ] Total time for which application threads were stopped: 0.0003509 seconds, Stopping threads took: 0.0000516 seconds
[2023-11-16T03:35:48.161+0000][27115.922s][debug][safepoint     ] Safepoint synchronization initiated. (164 threads)
[2023-11-16T03:35:48.161+0000][27115.922s][info ][safepoint     ] Application time: 1.0001808 seconds
[2023-11-16T03:35:48.161+0000][27115.922s][info ][safepoint     ] Entering safepoint region: Cleanup
[2023-11-16T03:35:48.161+0000][27115.923s][info ][safepoint     ] Leaving safepoint region
[2023-11-16T03:35:48.161+0000][27115.923s][info ][safepoint     ] Total time for which application threads were stopped: 0.0003403 seconds, Stopping threads took: 0.0000533 seconds
[2023-11-16T03:35:49.161+0000][27116.923s][debug][safepoint     ] Safepoint synchronization initiated. (164 threads)
[2023-11-16T03:35:49.161+0000][27116.923s][info ][safepoint     ] Application time: 1.0001655 seconds
[2023-11-16T03:35:49.161+0000][27116.923s][info ][safepoint     ] Entering safepoint region: Cleanup
[2023-11-16T03:35:49.161+0000][27116.923s][info ][safepoint     ] Leaving safepoint region
[2023-11-16T03:35:49.162+0000][27116.923s][info ][safepoint     ] Total time for which application threads were stopped: 0.0003535 seconds, Stopping threads took: 0.0000530 seconds
[2023-11-16T03:35:50.162+0000][27117.923s][debug][safepoint     ] Safepoint synchronization initiated. (164 threads)
[2023-11-16T03:35:50.162+0000][27117.923s][info ][safepoint     ] Application time: 1.0001666 seconds
[2023-11-16T03:35:50.162+0000][27117.923s][info ][safepoint     ] Entering safepoint region: Cleanup
[2023-11-16T03:35:50.162+0000][27117.924s][info ][safepoint     ] Leaving safepoint region
[2023-11-16T03:35:50.162+0000][27117.924s][info ][safepoint     ] Total time for which application threads were stopped: 0.0003381 seconds, Stopping threads took: 0.0000505 seconds
[2023-11-16T03:35:51.162+0000][27118.924s][debug][safepoint     ] Safepoint synchronization initiated. (164 threads)
[2023-11-16T03:35:51.162+0000][27118.924s][info ][safepoint     ] Application time: 1.0001638 seconds
[2023-11-16T03:35:51.162+0000][27118.924s][info ][safepoint     ] Entering safepoint region: Cleanup
[2023-11-16T03:35:51.163+0000][27118.924s][info ][safepoint     ] Leaving safepoint region
[2023-11-16T03:35:51.163+0000][27118.924s][info ][safepoint     ] Total time for which application threads were stopped: 0.0003353 seconds, Stopping threads took: 0.0000506 seconds
[2023-11-16T03:35:52.163+0000][27119.924s][debug][safepoint     ] Safepoint synchronization initiated. (164 threads)
[2023-11-16T03:35:52.163+0000][27119.924s][info ][safepoint     ] Application time: 1.0001759 seconds
[2023-11-16T03:35:52.163+0000][27119.925s][info ][safepoint     ] Entering safepoint region: Cleanup
[2023-11-16T03:35:52.163+0000][27119.925s][info ][safepoint     ] Leaving safepoint region
[2023-11-16T03:35:52.163+0000][27119.925s][info ][safepoint     ] Total time for which application threads were stopped: 0.0003441 seconds, Stopping threads took: 0.0000498 seconds
[2023-11-16T03:35:53.163+0000][27120.925s][debug][safepoint     ] Safepoint synchronization initiated. (164 threads)
[2023-11-16T03:35:53.163+0000][27120.925s][info ][safepoint     ] Application time: 1.0001629 seconds
[2023-11-16T03:35:53.163+0000][27120.925s][info ][safepoint     ] Entering safepoint region: Cleanup
[2023-11-16T03:35:53.164+0000][27120.925s][info ][safepoint     ] Leaving safepoint region
[2023-11-16T03:35:53.164+0000][27120.925s][info ][safepoint     ] Total time for which application threads were stopped: 0.0004033 seconds, Stopping threads took: 0.0000522 seconds
[2023-11-16T03:35:54.164+0000][27121.926s][debug][safepoint     ] Safepoint synchronization initiated. (164 threads)
[2023-11-16T03:35:54.164+0000][27121.926s][info ][safepoint     ] Application time: 1.0001640 seconds
[2023-11-16T03:35:54.164+0000][27121.926s][info ][safepoint     ] Entering safepoint region: Cleanup
[2023-11-16T03:35:54.164+0000][27121.926s][info ][safepoint     ] Leaving safepoint region
[2023-11-16T03:35:54.164+0000][27121.926s][info ][safepoint     ] Total time for which application threads were stopped: 0.0002542 seconds, Stopping threads took: 0.0000504 seconds
[2023-11-16T03:35:55.164+0000][27122.926s][debug][safepoint     ] Safepoint synchronization initiated. (164 threads)
[2023-11-16T03:35:55.164+0000][27122.926s][info ][safepoint     ] Application time: 1.0001830 seconds
[2023-11-16T03:35:55.165+0000][27122.926s][info ][safepoint     ] Entering safepoint region: Cleanup
[2023-11-16T03:35:55.165+0000][27122.926s][info ][safepoint     ] Leaving safepoint region
[2023-11-16T03:35:55.165+0000][27122.926s][info ][safepoint     ] Total time for which application threads were stopped: 0.0003377 seconds, Stopping threads took: 0.0000495 seconds
[2023-11-16T03:35:56.165+0000][27123.927s][debug][safepoint     ] Safepoint synchronization initiated. (164 threads)
[2023-11-16T03:35:56.165+0000][27123.927s][info ][safepoint     ] Application time: 1.0001625 seconds
[2023-11-16T03:35:56.165+0000][27123.927s][info ][safepoint     ] Entering safepoint region: Cleanup
[2023-11-16T03:35:56.165+0000][27123.927s][info ][safepoint     ] Leaving safepoint region
[2023-11-16T03:35:56.165+0000][27123.927s][info ][safepoint     ] Total time for which application threads were stopped: 0.0003366 seconds, Stopping threads took: 0.0000497 seconds
[2023-11-16T03:35:57.165+0000][27124.927s][debug][safepoint     ] Safepoint synchronization initiated. (164 threads)
[2023-11-16T03:35:57.166+0000][27124.927s][info ][safepoint     ] Application time: 1.0001759 seconds
[2023-11-16T03:35:57.166+0000][27124.927s][info ][safepoint     ] Entering safepoint region: Cleanup
[2023-11-16T03:35:57.166+0000][27124.927s][info ][safepoint     ] Leaving safepoint region
[2023-11-16T03:35:57.166+0000][27124.927s][info ][safepoint     ] Total time for which application threads were stopped: 0.0002542 seconds, Stopping threads took: 0.0000503 seconds
[2023-11-16T03:35:58.166+0000][27125.928s][debug][safepoint     ] Safepoint synchronization initiated. (164 threads)
[2023-11-16T03:35:58.166+0000][27125.928s][info ][safepoint     ] Application time: 1.0001810 seconds
[2023-11-16T03:35:58.166+0000][27125.928s][info ][safepoint     ] Entering safepoint region: Cleanup
[2023-11-16T03:35:58.166+0000][27125.928s][info ][safepoint     ] Leaving safepoint region
[2023-11-16T03:35:58.166+0000][27125.928s][info ][safepoint     ] Total time for which application threads were stopped: 0.0003440 seconds, Stopping threads took: 0.0000500 seconds
[2023-11-16T03:35:59.167+0000][27126.928s][debug][safepoint     ] Safepoint synchronization initiated. (164 threads)
[2023-11-16T03:35:59.167+0000][27126.928s][info ][safepoint     ] Application time: 1.0001797 seconds
[2023-11-16T03:35:59.167+0000][27126.928s][info ][safepoint     ] Entering safepoint region: Cleanup
[2023-11-16T03:35:59.167+0000][27126.928s][info ][safepoint     ] Leaving safepoint region
[2023-11-16T03:35:59.167+0000][27126.928s][info ][safepoint     ] Total time for which application threads were stopped: 0.0002450 seconds, Stopping threads took: 0.0000505 seconds
[2023-11-16T03:36:00.167+0000][27127.929s][debug][safepoint     ] Safepoint synchronization initiated. (164 threads)
[2023-11-16T03:36:00.167+0000][27127.929s][info ][safepoint     ] Application time: 1.0001708 seconds
[2023-11-16T03:36:00.167+0000][27127.929s][info ][safepoint     ] Entering safepoint region: Cleanup
[2023-11-16T03:36:00.167+0000][27127.929s][info ][safepoint     ] Leaving safepoint region
[2023-11-16T03:36:00.167+0000][27127.929s][info ][safepoint     ] Total time for which application threads were stopped: 0.0002884 seconds, Stopping threads took: 0.0000499 seconds
[2023-11-16T03:36:01.167+0000][27128.929s][debug][safepoint     ] Safepoint synchronization initiated. (164 threads)
[2023-11-16T03:36:01.168+0000][27128.929s][info ][safepoint     ] Application time: 1.0001877 seconds
[2023-11-16T03:36:01.168+0000][27128.929s][info ][safepoint     ] Entering safepoint region: Cleanup
[2023-11-16T03:36:01.168+0000][27128.929s][info ][safepoint     ] Leaving safepoint region
[2023-11-16T03:36:01.168+0000][27128.929s][info ][safepoint     ] Total time for which application threads were stopped: 0.0002510 seconds, Stopping threads took: 0.0000491 seconds
[2023-11-16T03:36:02.168+0000][27129.930s][debug][safepoint     ] Safepoint synchronization initiated. (164 threads)
[2023-11-16T03:36:02.168+0000][27129.930s][info ][safepoint     ] Application time: 1.0001499 seconds
[2023-11-16T03:36:02.168+0000][27129.930s][info ][safepoint     ] Entering safepoint region: Cleanup
[2023-11-16T03:36:02.168+0000][27129.930s][info ][safepoint     ] Leaving safepoint region
[2023-11-16T03:36:02.168+0000][27129.930s][info ][safepoint     ] Total time for which application threads were stopped: 0.0002554 seconds, Stopping threads took: 0.0000558 seconds
[2023-11-16T03:36:03.168+0000][27130.930s][debug][safepoint     ] Safepoint synchronization initiated. (164 threads)
[2023-11-16T03:36:03.168+0000][27130.930s][info ][safepoint     ] Application time: 1.0001634 seconds
[2023-11-16T03:36:03.168+0000][27130.930s][info ][safepoint     ] Entering safepoint region: Cleanup
[2023-11-16T03:36:03.169+0000][27130.930s][info ][safepoint     ] Leaving safepoint region
[2023-11-16T03:36:03.169+0000][27130.930s][info ][safepoint     ] Total time for which application threads were stopped: 0.0002571 seconds, Stopping threads took: 0.0000487 seconds
[2023-11-16T03:36:04.169+0000][27131.930s][debug][safepoint     ] Safepoint synchronization initiated. (164 threads)
[2023-11-16T03:36:04.169+0000][27131.931s][info ][safepoint     ] Application time: 1.0001486 seconds
[2023-11-16T03:36:04.169+0000][27131.931s][info ][safepoint     ] Entering safepoint region: Cleanup
[2023-11-16T03:36:04.170+0000][27131.931s][info ][safepoint     ] Leaving safepoint region
[2023-11-16T03:36:04.170+0000][27131.931s][info ][safepoint     ] Total time for which application threads were stopped: 0.0007701 seconds, Stopping threads took: 0.0004754 seconds
[2023-11-16T03:36:05.170+0000][27132.931s][debug][safepoint     ] Safepoint synchronization initiated. (164 threads)
[2023-11-16T03:36:05.170+0000][27132.931s][info ][safepoint     ] Application time: 1.0001052 seconds
[2023-11-16T03:36:05.170+0000][27132.931s][info ][safepoint     ] Entering safepoint region: Cleanup
[2023-11-16T03:36:05.170+0000][27132.932s][info ][safepoint     ] Leaving safepoint region
[2023-11-16T03:36:05.170+0000][27132.932s][info ][safepoint     ] Total time for which application threads were stopped: 0.0003382 seconds, Stopping threads took: 0.0000489 seconds
[2023-11-16T03:36:06.170+0000][27133.932s][debug][safepoint     ] Safepoint synchronization initiated. (164 threads)
[2023-11-16T03:36:06.170+0000][27133.932s][info ][safepoint     ] Application time: 1.0001715 seconds
[2023-11-16T03:36:06.170+0000][27133.932s][info ][safepoint     ] Entering safepoint region: Cleanup
[2023-11-16T03:36:06.171+0000][27133.932s][info ][safepoint     ] Leaving safepoint region
[2023-11-16T03:36:06.171+0000][27133.932s][info ][safepoint     ] Total time for which application threads were stopped: 0.0003349 seconds, Stopping threads took: 0.0000489 seconds
[2023-11-16T03:36:07.171+0000][27134.932s][debug][safepoint     ] Safepoint synchronization initiated. (164 threads)
[2023-11-16T03:36:07.171+0000][27134.933s][info ][safepoint     ] Application time: 1.0001553 seconds
[2023-11-16T03:36:07.171+0000][27134.933s][info ][safepoint     ] Entering safepoint region: Cleanup
[2023-11-16T03:36:07.171+0000][27134.933s][info ][safepoint     ] Leaving safepoint region
[2023-11-16T03:36:07.171+0000][27134.933s][info ][safepoint     ] Total time for which application threads were stopped: 0.0003311 seconds, Stopping threads took: 0.0000488 seconds
[2023-11-16T03:36:08.171+0000][27135.933s][debug][safepoint     ] Safepoint synchronization initiated. (164 threads)
[2023-11-16T03:36:08.171+0000][27135.933s][info ][safepoint     ] Application time: 1.0001535 seconds
[2023-11-16T03:36:08.171+0000][27135.933s][info ][safepoint     ] Entering safepoint region: Cleanup
[2023-11-16T03:36:08.172+0000][27135.933s][info ][safepoint     ] Leaving safepoint region
[2023-11-16T03:36:08.172+0000][27135.933s][info ][safepoint     ] Total time for which application threads were stopped: 0.0003216 seconds, Stopping threads took: 0.0000677 seconds
[2023-11-16T03:36:09.172+0000][27136.934s][debug][safepoint     ] Safepoint synchronization initiated. (164 threads)
[2023-11-16T03:36:09.172+0000][27136.934s][info ][safepoint     ] Application time: 1.0001640 seconds
[2023-11-16T03:36:09.172+0000][27136.934s][info ][safepoint     ] Entering safepoint region: Cleanup
[2023-11-16T03:36:09.172+0000][27136.934s][info ][safepoint     ] Leaving safepoint region
[2023-11-16T03:36:09.172+0000][27136.934s][info ][safepoint     ] Total time for which application threads were stopped: 0.0004189 seconds, Stopping threads took: 0.0001716 seconds
[2023-11-16T03:36:10.172+0000][27137.934s][debug][safepoint     ] Safepoint synchronization initiated. (164 threads)
[2023-11-16T03:36:10.173+0000][27137.934s][info ][safepoint     ] Application time: 1.0001611 seconds
[2023-11-16T03:36:10.173+0000][27137.934s][info ][safepoint     ] Entering safepoint region: Cleanup
[2023-11-16T03:36:10.173+0000][27137.935s][info ][safepoint     ] Leaving safepoint region
[2023-11-16T03:36:10.173+0000][27137.935s][info ][safepoint     ] Total time for which application threads were stopped: 0.0003524 seconds, Stopping threads took: 0.0000515 seconds
[2023-11-16T03:36:11.173+0000][27138.935s][debug][safepoint     ] Safepoint synchronization initiated. (164 threads)
[2023-11-16T03:36:11.173+0000][27138.935s][info ][safepoint     ] Application time: 1.0001775 seconds
[2023-11-16T03:36:11.173+0000][27138.935s][info ][safepoint     ] Entering safepoint region: Cleanup
[2023-11-16T03:36:11.173+0000][27138.935s][info ][safepoint     ] Leaving safepoint region
[2023-11-16T03:36:11.173+0000][27138.935s][info ][safepoint     ] Total time for which application threads were stopped: 0.0003486 seconds, Stopping threads took: 0.0000514 seconds
[2023-11-16T03:36:12.174+0000][27139.935s][debug][safepoint     ] Safepoint synchronization initiated. (164 threads)
[2023-11-16T03:36:12.174+0000][27139.935s][info ][safepoint     ] Application time: 1.0001707 seconds
[2023-11-16T03:36:12.174+0000][27139.935s][info ][safepoint     ] Entering safepoint region: Cleanup
[2023-11-16T03:36:12.174+0000][27139.936s][info ][safepoint     ] Leaving safepoint region
[2023-11-16T03:36:12.174+0000][27139.936s][info ][safepoint     ] Total time for which application threads were stopped: 0.0003513 seconds, Stopping threads took: 0.0000515 seconds
[2023-11-16T03:36:13.174+0000][27140.936s][debug][safepoint     ] Safepoint synchronization initiated. (164 threads)
[2023-11-16T03:36:13.174+0000][27140.936s][info ][safepoint     ] Application time: 1.0001743 seconds
[2023-11-16T03:36:13.174+0000][27140.936s][info ][safepoint     ] Entering safepoint region: Cleanup
[2023-11-16T03:36:13.175+0000][27140.936s][info ][safepoint     ] Leaving safepoint region
[2023-11-16T03:36:13.175+0000][27140.936s][info ][safepoint     ] Total time for which application threads were stopped: 0.0003461 seconds, Stopping threads took: 0.0000519 seconds
[2023-11-16T03:36:14.175+0000][27141.936s][debug][safepoint     ] Safepoint synchronization initiated. (164 threads)
[2023-11-16T03:36:14.175+0000][27141.936s][info ][safepoint     ] Application time: 1.0001771 seconds
[2023-11-16T03:36:14.175+0000][27141.936s][info ][safepoint     ] Entering safepoint region: Cleanup
[2023-11-16T03:36:14.175+0000][27141.937s][info ][safepoint     ] Leaving safepoint region
[2023-11-16T03:36:14.175+0000][27141.937s][info ][safepoint     ] Total time for which application threads were stopped: 0.0005395 seconds, Stopping threads took: 0.0002861 seconds
[2023-11-16T03:36:15.175+0000][27142.937s][debug][safepoint     ] Safepoint synchronization initiated. (164 threads)
[2023-11-16T03:36:15.176+0000][27142.937s][info ][safepoint     ] Application time: 1.0001750 seconds
[2023-11-16T03:36:15.176+0000][27142.937s][info ][safepoint     ] Entering safepoint region: Cleanup
[2023-11-16T03:36:15.176+0000][27142.937s][info ][safepoint     ] Leaving safepoint region
[2023-11-16T03:36:15.176+0000][27142.938s][info ][safepoint     ] Total time for which application threads were stopped: 0.0003115 seconds, Stopping threads took: 0.0000514 seconds
[2023-11-16T03:36:16.176+0000][27143.938s][debug][safepoint     ] Safepoint synchronization initiated. (164 threads)
[2023-11-16T03:36:16.176+0000][27143.938s][info ][safepoint     ] Application time: 1.0001563 seconds
[2023-11-16T03:36:16.176+0000][27143.938s][info ][safepoint     ] Entering safepoint region: Cleanup
[2023-11-16T03:36:16.176+0000][27143.938s][info ][safepoint     ] Leaving safepoint region
[2023-11-16T03:36:16.176+0000][27143.938s][info ][safepoint     ] Total time for which application threads were stopped: 0.0002776 seconds, Stopping threads took: 0.0000495 seconds
[2023-11-16T03:36:17.177+0000][27144.938s][debug][safepoint     ] Safepoint synchronization initiated. (164 threads)
[2023-11-16T03:36:17.177+0000][27144.938s][info ][safepoint     ] Application time: 1.0001890 seconds
[2023-11-16T03:36:17.177+0000][27144.938s][info ][safepoint     ] Entering safepoint region: Cleanup
[2023-11-16T03:36:17.177+0000][27144.938s][info ][safepoint     ] Leaving safepoint region
[2023-11-16T03:36:17.177+0000][27144.938s][info ][safepoint     ] Total time for which application threads were stopped: 0.0002607 seconds, Stopping threads took: 0.0000497 seconds
[2023-11-16T03:36:18.177+0000][27145.939s][debug][safepoint     ] Safepoint synchronization initiated. (164 threads)
[2023-11-16T03:36:18.177+0000][27145.939s][info ][safepoint     ] Application time: 1.0001729 seconds
[2023-11-16T03:36:18.177+0000][27145.939s][info ][safepoint     ] Entering safepoint region: Cleanup
[2023-11-16T03:36:18.177+0000][27145.939s][info ][safepoint     ] Leaving safepoint region
[2023-11-16T03:36:18.177+0000][27145.939s][info ][safepoint     ] Total time for which application threads were stopped: 0.0003517 seconds, Stopping threads took: 0.0000502 seconds
[2023-11-16T03:36:19.178+0000][27146.939s][debug][safepoint     ] Safepoint synchronization initiated. (164 threads)
[2023-11-16T03:36:19.178+0000][27146.939s][info ][safepoint     ] Application time: 1.0001764 seconds
[2023-11-16T03:36:19.178+0000][27146.939s][info ][safepoint     ] Entering safepoint region: Cleanup
[2023-11-16T03:36:19.178+0000][27146.940s][info ][safepoint     ] Leaving safepoint region
[2023-11-16T03:36:19.178+0000][27146.940s][info ][safepoint     ] Total time for which application threads were stopped: 0.0005175 seconds, Stopping threads took: 0.0001683 seconds
[2023-11-16T03:36:20.178+0000][27147.940s][debug][safepoint     ] Safepoint synchronization initiated. (164 threads)
[2023-11-16T03:36:20.178+0000][27147.940s][info ][safepoint     ] Application time: 1.0001700 seconds
[2023-11-16T03:36:20.178+0000][27147.940s][info ][safepoint     ] Entering safepoint region: Cleanup
[2023-11-16T03:36:20.179+0000][27147.940s][info ][safepoint     ] Leaving safepoint region
[2023-11-16T03:36:20.179+0000][27147.940s][info ][safepoint     ] Total time for which application threads were stopped: 0.0003464 seconds, Stopping threads took: 0.0000500 seconds
[2023-11-16T03:36:21.179+0000][27148.940s][debug][safepoint     ] Safepoint synchronization initiated. (164 threads)
[2023-11-16T03:36:21.179+0000][27148.941s][info ][safepoint     ] Application time: 1.0001684 seconds
[2023-11-16T03:36:21.179+0000][27148.941s][info ][safepoint     ] Entering safepoint region: Cleanup
[2023-11-16T03:36:21.179+0000][27148.941s][info ][safepoint     ] Leaving safepoint region
[2023-11-16T03:36:21.179+0000][27148.941s][info ][safepoint     ] Total time for which application threads were stopped: 0.0003420 seconds, Stopping threads took: 0.0000501 seconds
[2023-11-16T03:36:22.179+0000][27149.941s][debug][safepoint     ] Safepoint synchronization initiated. (164 threads)
[2023-11-16T03:36:22.179+0000][27149.941s][info ][safepoint     ] Application time: 1.0001689 seconds
[2023-11-16T03:36:22.180+0000][27149.941s][info ][safepoint     ] Entering safepoint region: Cleanup
[2023-11-16T03:36:22.180+0000][27149.941s][info ][safepoint     ] Leaving safepoint region
[2023-11-16T03:36:22.180+0000][27149.941s][info ][safepoint     ] Total time for which application threads were stopped: 0.0003380 seconds, Stopping threads took: 0.0000513 seconds
[2023-11-16T03:36:23.180+0000][27150.942s][debug][safepoint     ] Safepoint synchronization initiated. (164 threads)
[2023-11-16T03:36:23.180+0000][27150.942s][info ][safepoint     ] Application time: 1.0001415 seconds
[2023-11-16T03:36:23.180+0000][27150.942s][info ][safepoint     ] Entering safepoint region: Cleanup
[2023-11-16T03:36:23.180+0000][27150.942s][info ][safepoint     ] Leaving safepoint region
[2023-11-16T03:36:23.180+0000][27150.942s][info ][safepoint     ] Total time for which application threads were stopped: 0.0003075 seconds, Stopping threads took: 0.0000513 seconds
[2023-11-16T03:36:24.180+0000][27151.942s][debug][safepoint     ] Safepoint synchronization initiated. (164 threads)
[2023-11-16T03:36:24.181+0000][27151.942s][info ][safepoint     ] Application time: 1.0001655 seconds
[2023-11-16T03:36:24.181+0000][27151.942s][info ][safepoint     ] Entering safepoint region: Cleanup
[2023-11-16T03:36:24.181+0000][27151.943s][info ][safepoint     ] Leaving safepoint region
[2023-11-16T03:36:24.181+0000][27151.943s][info ][safepoint     ] Total time for which application threads were stopped: 0.0004775 seconds, Stopping threads took: 0.0002646 seconds
[2023-11-16T03:36:25.181+0000][27152.943s][debug][safepoint     ] Safepoint synchronization initiated. (164 threads)
[2023-11-16T03:36:25.181+0000][27152.943s][info ][safepoint     ] Application time: 1.0001549 seconds
[2023-11-16T03:36:25.181+0000][27152.943s][info ][safepoint     ] Entering safepoint region: Cleanup
[2023-11-16T03:36:25.181+0000][27152.943s][info ][safepoint     ] Leaving safepoint region
[2023-11-16T03:36:25.182+0000][27152.943s][info ][safepoint     ] Total time for which application threads were stopped: 0.0003143 seconds, Stopping threads took: 0.0000501 seconds
[2023-11-16T03:36:26.182+0000][27153.943s][debug][safepoint     ] Safepoint synchronization initiated. (164 threads)
[2023-11-16T03:36:26.182+0000][27153.943s][info ][safepoint     ] Application time: 1.0001508 seconds
[2023-11-16T03:36:26.182+0000][27153.943s][info ][safepoint     ] Entering safepoint region: Cleanup
[2023-11-16T03:36:26.182+0000][27153.944s][info ][safepoint     ] Leaving safepoint region
[2023-11-16T03:36:26.182+0000][27153.944s][info ][safepoint     ] Total time for which application threads were stopped: 0.0003437 seconds, Stopping threads took: 0.0000500 seconds
[2023-11-16T03:36:27.182+0000][27154.944s][debug][safepoint     ] Safepoint synchronization initiated. (164 threads)
[2023-11-16T03:36:27.182+0000][27154.944s][info ][safepoint     ] Application time: 1.0001386 seconds
[2023-11-16T03:36:27.182+0000][27154.944s][info ][safepoint     ] Entering safepoint region: Cleanup
[2023-11-16T03:36:27.183+0000][27154.944s][info ][safepoint     ] Leaving safepoint region
[2023-11-16T03:36:27.183+0000][27154.944s][info ][safepoint     ] Total time for which application threads were stopped: 0.0003397 seconds, Stopping threads took: 0.0000497 seconds
[2023-11-16T03:36:28.183+0000][27155.944s][debug][safepoint     ] Safepoint synchronization initiated. (164 threads)
[2023-11-16T03:36:28.183+0000][27155.944s][info ][safepoint     ] Application time: 1.0001823 seconds
[2023-11-16T03:36:28.183+0000][27155.944s][info ][safepoint     ] Entering safepoint region: Cleanup
[2023-11-16T03:36:28.183+0000][27155.945s][info ][safepoint     ] Leaving safepoint region
[2023-11-16T03:36:28.183+0000][27155.945s][info ][safepoint     ] Total time for which application threads were stopped: 0.0002911 seconds, Stopping threads took: 0.0000494 seconds
[2023-11-16T03:36:29.183+0000][27156.945s][debug][safepoint     ] Safepoint synchronization initiated. (164 threads)
[2023-11-16T03:36:29.183+0000][27156.945s][info ][safepoint     ] Application time: 1.0001596 seconds
[2023-11-16T03:36:29.183+0000][27156.945s][info ][safepoint     ] Entering safepoint region: Cleanup
[2023-11-16T03:36:29.184+0000][27156.945s][info ][safepoint     ] Leaving safepoint region
[2023-11-16T03:36:29.184+0000][27156.945s][info ][safepoint     ] Total time for which application threads were stopped: 0.0004020 seconds, Stopping threads took: 0.0001409 seconds
[2023-11-16T03:36:30.184+0000][27157.945s][debug][safepoint     ] Safepoint synchronization initiated. (164 threads)
[2023-11-16T03:36:30.184+0000][27157.945s][info ][safepoint     ] Application time: 1.0001529 seconds
[2023-11-16T03:36:30.184+0000][27157.946s][info ][safepoint     ] Entering safepoint region: Cleanup
[2023-11-16T03:36:30.184+0000][27157.946s][info ][safepoint     ] Leaving safepoint region
[2023-11-16T03:36:30.184+0000][27157.946s][info ][safepoint     ] Total time for which application threads were stopped: 0.0003365 seconds, Stopping threads took: 0.0000503 seconds
[2023-11-16T03:36:30.184+0000][27157.946s][debug][safepoint     ] ... found polling page return exception at pc = 0x00007f693102dd76, stub =0x00007f692883a800
[2023-11-16T03:36:30.184+0000][27157.946s][debug][safepoint     ] ... found polling page return exception at pc = 0x00007f693102dd76, stub =0x00007f692883a800
[2023-11-16T03:36:30.184+0000][27157.946s][debug][safepoint     ] ... found polling page return exception at pc = 0x00007f693102dd76, stub =0x00007f692883a800
[2023-11-16T03:36:31.184+0000][27158.946s][debug][safepoint     ] Safepoint synchronization initiated. (164 threads)
[2023-11-16T03:36:31.184+0000][27158.946s][info ][safepoint     ] Application time: 1.0001720 seconds
[2023-11-16T03:36:31.184+0000][27158.946s][info ][safepoint     ] Entering safepoint region: Cleanup
[2023-11-16T03:36:31.185+0000][27158.946s][info ][safepoint     ] Leaving safepoint region
[2023-11-16T03:36:31.185+0000][27158.946s][info ][safepoint     ] Total time for which application threads were stopped: 0.0003388 seconds, Stopping threads took: 0.0000491 seconds
[2023-11-16T03:36:32.185+0000][27159.946s][debug][safepoint     ] Safepoint synchronization initiated. (164 threads)
[2023-11-16T03:36:32.185+0000][27159.947s][info ][safepoint     ] Application time: 1.0001587 seconds
[2023-11-16T03:36:32.185+0000][27159.947s][info ][safepoint     ] Entering safepoint region: Cleanup
[2023-11-16T03:36:32.185+0000][27159.947s][info ][safepoint     ] Leaving safepoint region
[2023-11-16T03:36:32.185+0000][27159.947s][info ][safepoint     ] Total time for which application threads were stopped: 0.0003401 seconds, Stopping threads took: 0.0000483 seconds
[2023-11-16T03:36:33.185+0000][27160.947s][debug][safepoint     ] Safepoint synchronization initiated. (164 threads)
[2023-11-16T03:36:33.185+0000][27160.947s][info ][safepoint     ] Application time: 1.0001534 seconds
[2023-11-16T03:36:33.185+0000][27160.947s][info ][safepoint     ] Entering safepoint region: Cleanup
[2023-11-16T03:36:33.186+0000][27160.947s][info ][safepoint     ] Leaving safepoint region
[2023-11-16T03:36:33.186+0000][27160.947s][info ][safepoint     ] Total time for which application threads were stopped: 0.0002505 seconds, Stopping threads took: 0.0000504 seconds
[2023-11-16T03:36:34.186+0000][27161.947s][debug][safepoint     ] Safepoint synchronization initiated. (164 threads)
[2023-11-16T03:36:34.186+0000][27161.948s][info ][safepoint     ] Application time: 1.0001636 seconds
[2023-11-16T03:36:34.186+0000][27161.948s][info ][safepoint     ] Entering safepoint region: Cleanup
[2023-11-16T03:36:34.186+0000][27161.948s][info ][safepoint     ] Leaving safepoint region
[2023-11-16T03:36:34.186+0000][27161.948s][info ][safepoint     ] Total time for which application threads were stopped: 0.0005443 seconds, Stopping threads took: 0.0003349 seconds
[2023-11-16T03:36:35.187+0000][27162.948s][debug][safepoint     ] Safepoint synchronization initiated. (164 threads)
[2023-11-16T03:36:35.187+0000][27162.948s][info ][safepoint     ] Application time: 1.0001698 seconds
[2023-11-16T03:36:35.187+0000][27162.948s][info ][safepoint     ] Entering safepoint region: Cleanup
[2023-11-16T03:36:35.187+0000][27162.949s][info ][safepoint     ] Leaving safepoint region
[2023-11-16T03:36:35.187+0000][27162.949s][info ][safepoint     ] Total time for which application threads were stopped: 0.0003452 seconds, Stopping threads took: 0.0000498 seconds
[2023-11-16T03:36:36.187+0000][27163.949s][debug][safepoint     ] Safepoint synchronization initiated. (164 threads)
[2023-11-16T03:36:36.187+0000][27163.949s][info ][safepoint     ] Application time: 1.0001592 seconds
[2023-11-16T03:36:36.187+0000][27163.949s][info ][safepoint     ] Entering safepoint region: Cleanup
[2023-11-16T03:36:36.187+0000][27163.949s][info ][safepoint     ] Leaving safepoint region
[2023-11-16T03:36:36.188+0000][27163.949s][info ][safepoint     ] Total time for which application threads were stopped: 0.0003261 seconds, Stopping threads took: 0.0000503 seconds
[2023-11-16T03:36:37.188+0000][27164.949s][debug][safepoint     ] Safepoint synchronization initiated. (164 threads)
[2023-11-16T03:36:37.188+0000][27164.949s][info ][safepoint     ] Application time: 1.0001539 seconds
[2023-11-16T03:36:37.188+0000][27164.949s][info ][safepoint     ] Entering safepoint region: Cleanup
[2023-11-16T03:36:37.188+0000][27164.950s][info ][safepoint     ] Leaving safepoint region
[2023-11-16T03:36:37.188+0000][27164.950s][info ][safepoint     ] Total time for which application threads were stopped: 0.0003217 seconds, Stopping threads took: 0.0000500 seconds
[2023-11-16T03:36:38.188+0000][27165.950s][debug][safepoint     ] Safepoint synchronization initiated. (164 threads)
[2023-11-16T03:36:38.188+0000][27165.950s][info ][safepoint     ] Application time: 1.0001564 seconds
[2023-11-16T03:36:38.188+0000][27165.950s][info ][safepoint     ] Entering safepoint region: Cleanup
[2023-11-16T03:36:38.188+0000][27165.950s][info ][safepoint     ] Leaving safepoint region
[2023-11-16T03:36:38.189+0000][27165.950s][info ][safepoint     ] Total time for which application threads were stopped: 0.0002614 seconds, Stopping threads took: 0.0000499 seconds
[2023-11-16T03:36:39.189+0000][27166.950s][debug][safepoint     ] Safepoint synchronization initiated. (164 threads)
[2023-11-16T03:36:39.189+0000][27166.950s][info ][safepoint     ] Application time: 1.0001834 seconds
[2023-11-16T03:36:39.189+0000][27166.950s][info ][safepoint     ] Entering safepoint region: Cleanup
[2023-11-16T03:36:39.189+0000][27166.951s][info ][safepoint     ] Leaving safepoint region
[2023-11-16T03:36:39.189+0000][27166.951s][info ][safepoint     ] Total time for which application threads were stopped: 0.0005203 seconds, Stopping threads took: 0.0003127 seconds
[2023-11-16T03:36:40.189+0000][27167.951s][debug][safepoint     ] Safepoint synchronization initiated. (164 threads)
[2023-11-16T03:36:40.189+0000][27167.951s][info ][safepoint     ] Application time: 1.0001596 seconds
[2023-11-16T03:36:40.189+0000][27167.951s][info ][safepoint     ] Entering safepoint region: Cleanup
[2023-11-16T03:36:40.190+0000][27167.951s][info ][safepoint     ] Leaving safepoint region
[2023-11-16T03:36:40.190+0000][27167.951s][info ][safepoint     ] Total time for which application threads were stopped: 0.0003482 seconds, Stopping threads took: 0.0000498 seconds
[2023-11-16T03:36:41.190+0000][27168.952s][debug][safepoint     ] Safepoint synchronization initiated. (164 threads)
[2023-11-16T03:36:41.190+0000][27168.952s][info ][safepoint     ] Application time: 1.0001718 seconds
[2023-11-16T03:36:41.190+0000][27168.952s][info ][safepoint     ] Entering safepoint region: Cleanup
[2023-11-16T03:36:41.190+0000][27168.952s][info ][safepoint     ] Leaving safepoint region
[2023-11-16T03:36:41.190+0000][27168.952s][info ][safepoint     ] Total time for which application threads were stopped: 0.0003437 seconds, Stopping threads took: 0.0000496 seconds
[2023-11-16T03:36:42.190+0000][27169.952s][debug][safepoint     ] Safepoint synchronization initiated. (164 threads)
[2023-11-16T03:36:42.191+0000][27169.952s][info ][safepoint     ] Application time: 1.0001462 seconds
[2023-11-16T03:36:42.191+0000][27169.952s][info ][safepoint     ] Entering safepoint region: Cleanup
[2023-11-16T03:36:42.191+0000][27169.952s][info ][safepoint     ] Leaving safepoint region
[2023-11-16T03:36:42.191+0000][27169.953s][info ][safepoint     ] Total time for which application threads were stopped: 0.0003648 seconds, Stopping threads took: 0.0000509 seconds
[2023-11-16T03:36:43.191+0000][27170.953s][debug][safepoint     ] Safepoint synchronization initiated. (164 threads)
[2023-11-16T03:36:43.191+0000][27170.953s][info ][safepoint     ] Application time: 1.0001676 seconds
[2023-11-16T03:36:43.191+0000][27170.953s][info ][safepoint     ] Entering safepoint region: Cleanup
[2023-11-16T03:36:43.191+0000][27170.953s][info ][safepoint     ] Leaving safepoint region
[2023-11-16T03:36:43.191+0000][27170.953s][info ][safepoint     ] Total time for which application threads were stopped: 0.0003415 seconds, Stopping threads took: 0.0000503 seconds
[2023-11-16T03:36:44.192+0000][27171.953s][debug][safepoint     ] Safepoint synchronization initiated. (164 threads)
[2023-11-16T03:36:44.192+0000][27171.953s][info ][safepoint     ] Application time: 1.0001677 seconds
[2023-11-16T03:36:44.192+0000][27171.953s][info ][safepoint     ] Entering safepoint region: Cleanup
[2023-11-16T03:36:44.192+0000][27171.954s][info ][safepoint     ] Leaving safepoint region
[2023-11-16T03:36:44.192+0000][27171.954s][info ][safepoint     ] Total time for which application threads were stopped: 0.0006015 seconds, Stopping threads took: 0.0003174 seconds
[2023-11-16T03:36:45.192+0000][27172.954s][debug][safepoint     ] Safepoint synchronization initiated. (164 threads)
[2023-11-16T03:36:45.192+0000][27172.954s][info ][safepoint     ] Application time: 1.0001626 seconds
[2023-11-16T03:36:45.192+0000][27172.954s][info ][safepoint     ] Entering safepoint region: Cleanup
[2023-11-16T03:36:45.193+0000][27172.954s][info ][safepoint     ] Leaving safepoint region
[2023-11-16T03:36:45.193+0000][27172.954s][info ][safepoint     ] Total time for which application threads were stopped: 0.0003448 seconds, Stopping threads took: 0.0000506 seconds
[2023-11-16T03:36:46.193+0000][27173.955s][debug][safepoint     ] Safepoint synchronization initiated. (164 threads)
[2023-11-16T03:36:46.193+0000][27173.955s][info ][safepoint     ] Application time: 1.0001735 seconds
[2023-11-16T03:36:46.193+0000][27173.955s][info ][safepoint     ] Entering safepoint region: Cleanup
[2023-11-16T03:36:46.193+0000][27173.955s][info ][safepoint     ] Leaving safepoint region
[2023-11-16T03:36:46.193+0000][27173.955s][info ][safepoint     ] Total time for which application threads were stopped: 0.0003498 seconds, Stopping threads took: 0.0000502 seconds
[2023-11-16T03:36:47.193+0000][27174.955s][debug][safepoint     ] Safepoint synchronization initiated. (164 threads)
[2023-11-16T03:36:47.194+0000][27174.955s][info ][safepoint     ] Application time: 1.0001568 seconds
[2023-11-16T03:36:47.194+0000][27174.955s][info ][safepoint     ] Entering safepoint region: Cleanup
[2023-11-16T03:36:47.194+0000][27174.955s][info ][safepoint     ] Leaving safepoint region
[2023-11-16T03:36:47.194+0000][27174.955s][info ][safepoint     ] Total time for which application threads were stopped: 0.0002873 seconds, Stopping threads took: 0.0000499 seconds
[2023-11-16T03:36:48.194+0000][27175.956s][debug][safepoint     ] Safepoint synchronization initiated. (164 threads)
[2023-11-16T03:36:48.194+0000][27175.956s][info ][safepoint     ] Application time: 1.0001572 seconds
[2023-11-16T03:36:48.194+0000][27175.956s][info ][safepoint     ] Entering safepoint region: Cleanup
[2023-11-16T03:36:48.194+0000][27175.956s][info ][safepoint     ] Leaving safepoint region
[2023-11-16T03:36:48.194+0000][27175.956s][info ][safepoint     ] Total time for which application threads were stopped: 0.0003445 seconds, Stopping threads took: 0.0000498 seconds
[2023-11-16T03:36:49.195+0000][27176.956s][debug][safepoint     ] Safepoint synchronization initiated. (164 threads)
[2023-11-16T03:36:49.195+0000][27176.956s][info ][safepoint     ] Application time: 1.0001695 seconds
[2023-11-16T03:36:49.195+0000][27176.956s][info ][safepoint     ] Entering safepoint region: Cleanup
[2023-11-16T03:36:49.195+0000][27176.957s][info ][safepoint     ] Leaving safepoint region
[2023-11-16T03:36:49.195+0000][27176.957s][info ][safepoint     ] Total time for which application threads were stopped: 0.0005920 seconds, Stopping threads took: 0.0001854 seconds
[2023-11-16T03:36:50.195+0000][27177.957s][debug][safepoint     ] Safepoint synchronization initiated. (164 threads)
[2023-11-16T03:36:50.195+0000][27177.957s][info ][safepoint     ] Application time: 1.0001390 seconds
[2023-11-16T03:36:50.195+0000][27177.957s][info ][safepoint     ] Entering safepoint region: Cleanup
[2023-11-16T03:36:50.196+0000][27177.957s][info ][safepoint     ] Leaving safepoint region
[2023-11-16T03:36:50.196+0000][27177.957s][info ][safepoint     ] Total time for which application threads were stopped: 0.0003219 seconds, Stopping threads took: 0.0000496 seconds
[2023-11-16T03:36:51.196+0000][27178.957s][debug][safepoint     ] Safepoint synchronization initiated. (164 threads)
[2023-11-16T03:36:51.196+0000][27178.958s][info ][safepoint     ] Application time: 1.0001767 seconds
[2023-11-16T03:36:51.196+0000][27178.958s][info ][safepoint     ] Entering safepoint region: Cleanup
[2023-11-16T03:36:51.196+0000][27178.958s][info ][safepoint     ] Leaving safepoint region
[2023-11-16T03:36:51.196+0000][27178.958s][info ][safepoint     ] Total time for which application threads were stopped: 0.0003445 seconds, Stopping threads took: 0.0000499 seconds
[2023-11-16T03:36:52.196+0000][27179.958s][debug][safepoint     ] Safepoint synchronization initiated. (164 threads)
[2023-11-16T03:36:52.196+0000][27179.958s][info ][safepoint     ] Application time: 1.0001558 seconds
[2023-11-16T03:36:52.196+0000][27179.958s][info ][safepoint     ] Entering safepoint region: Cleanup
[2023-11-16T03:36:52.197+0000][27179.958s][info ][safepoint     ] Leaving safepoint region
[2023-11-16T03:36:52.197+0000][27179.958s][info ][safepoint     ] Total time for which application threads were stopped: 0.0003325 seconds, Stopping threads took: 0.0000497 seconds
[2023-11-16T03:36:53.197+0000][27180.959s][debug][safepoint     ] Safepoint synchronization initiated. (164 threads)
[2023-11-16T03:36:53.197+0000][27180.959s][info ][safepoint     ] Application time: 1.0001767 seconds
[2023-11-16T03:36:53.197+0000][27180.959s][info ][safepoint     ] Entering safepoint region: Cleanup
[2023-11-16T03:36:53.197+0000][27180.959s][info ][safepoint     ] Leaving safepoint region
[2023-11-16T03:36:53.197+0000][27180.959s][info ][safepoint     ] Total time for which application threads were stopped: 0.0003514 seconds, Stopping threads took: 0.0000513 seconds
[2023-11-16T03:36:54.197+0000][27181.959s][debug][safepoint     ] Safepoint synchronization initiated. (164 threads)
[2023-11-16T03:36:54.198+0000][27181.959s][info ][safepoint     ] Application time: 1.0001782 seconds
[2023-11-16T03:36:54.198+0000][27181.959s][info ][safepoint     ] Entering safepoint region: Cleanup
[2023-11-16T03:36:54.198+0000][27181.959s][info ][safepoint     ] Leaving safepoint region
[2023-11-16T03:36:54.198+0000][27181.960s][info ][safepoint     ] Total time for which application threads were stopped: 0.0003495 seconds, Stopping threads took: 0.0000511 seconds
[2023-11-16T03:36:55.198+0000][27182.960s][debug][safepoint     ] Safepoint synchronization initiated. (164 threads)
[2023-11-16T03:36:55.198+0000][27182.960s][info ][safepoint     ] Application time: 1.0001532 seconds
[2023-11-16T03:36:55.198+0000][27182.960s][info ][safepoint     ] Entering safepoint region: Cleanup
[2023-11-16T03:36:55.198+0000][27182.960s][info ][safepoint     ] Leaving safepoint region
[2023-11-16T03:36:55.198+0000][27182.960s][info ][safepoint     ] Total time for which application threads were stopped: 0.0003534 seconds, Stopping threads took: 0.0000520 seconds
[2023-11-16T03:36:56.199+0000][27183.960s][debug][safepoint     ] Safepoint synchronization initiated. (164 threads)
[2023-11-16T03:36:56.199+0000][27183.960s][info ][safepoint     ] Application time: 1.0001745 seconds
[2023-11-16T03:36:56.199+0000][27183.960s][info ][safepoint     ] Entering safepoint region: Cleanup
[2023-11-16T03:36:56.199+0000][27183.961s][info ][safepoint     ] Leaving safepoint region
[2023-11-16T03:36:56.199+0000][27183.961s][info ][safepoint     ] Total time for which application threads were stopped: 0.0003743 seconds, Stopping threads took: 0.0000781 seconds
[2023-11-16T03:36:57.199+0000][27184.961s][debug][safepoint     ] Safepoint synchronization initiated. (164 threads)
[2023-11-16T03:36:57.199+0000][27184.961s][info ][safepoint     ] Application time: 1.0001789 seconds
[2023-11-16T03:36:57.199+0000][27184.961s][info ][safepoint     ] Entering safepoint region: Cleanup
[2023-11-16T03:36:57.200+0000][27184.961s][info ][safepoint     ] Leaving safepoint region
[2023-11-16T03:36:57.200+0000][27184.961s][info ][safepoint     ] Total time for which application threads were stopped: 0.0003170 seconds, Stopping threads took: 0.0000522 seconds
[2023-11-16T03:36:58.200+0000][27185.961s][debug][safepoint     ] Safepoint synchronization initiated. (164 threads)
[2023-11-16T03:36:58.200+0000][27185.961s][info ][safepoint     ] Application time: 1.0001543 seconds
[2023-11-16T03:36:58.200+0000][27185.961s][info ][safepoint     ] Entering safepoint region: Cleanup
[2023-11-16T03:36:58.200+0000][27185.962s][info ][safepoint     ] Leaving safepoint region
[2023-11-16T03:36:58.200+0000][27185.962s][info ][safepoint     ] Total time for which application threads were stopped: 0.0002573 seconds, Stopping threads took: 0.0000516 seconds
[2023-11-16T03:36:59.200+0000][27186.962s][debug][safepoint     ] Safepoint synchronization initiated. (164 threads)
[2023-11-16T03:36:59.200+0000][27186.962s][info ][safepoint     ] Application time: 1.0001808 seconds
[2023-11-16T03:36:59.200+0000][27186.962s][info ][safepoint     ] Entering safepoint region: Cleanup
[2023-11-16T03:36:59.200+0000][27186.962s][info ][safepoint     ] Leaving safepoint region
[2023-11-16T03:36:59.200+0000][27186.962s][info ][safepoint     ] Total time for which application threads were stopped: 0.0002659 seconds, Stopping threads took: 0.0000518 seconds
[2023-11-16T03:37:00.201+0000][27187.962s][debug][safepoint     ] Safepoint synchronization initiated. (164 threads)
[2023-11-16T03:37:00.201+0000][27187.962s][info ][safepoint     ] Application time: 1.0001700 seconds
[2023-11-16T03:37:00.201+0000][27187.962s][info ][safepoint     ] Entering safepoint region: Cleanup
[2023-11-16T03:37:00.201+0000][27187.963s][info ][safepoint     ] Leaving safepoint region
[2023-11-16T03:37:00.201+0000][27187.963s][info ][safepoint     ] Total time for which application threads were stopped: 0.0002550 seconds, Stopping threads took: 0.0000521 seconds
[2023-11-16T03:37:01.201+0000][27188.963s][debug][safepoint     ] Safepoint synchronization initiated. (164 threads)
[2023-11-16T03:37:01.201+0000][27188.963s][info ][safepoint     ] Application time: 1.0001759 seconds
[2023-11-16T03:37:01.201+0000][27188.963s][info ][safepoint     ] Entering safepoint region: Cleanup
[2023-11-16T03:37:01.201+0000][27188.963s][info ][safepoint     ] Leaving safepoint region
[2023-11-16T03:37:01.201+0000][27188.963s][info ][safepoint     ] Total time for which application threads were stopped: 0.0002624 seconds, Stopping threads took: 0.0000522 seconds
[2023-11-16T03:37:02.202+0000][27189.963s][debug][safepoint     ] Safepoint synchronization initiated. (164 threads)
[2023-11-16T03:37:02.202+0000][27189.963s][info ][safepoint     ] Application time: 1.0001552 seconds
[2023-11-16T03:37:02.202+0000][27189.963s][info ][safepoint     ] Entering safepoint region: Cleanup
[2023-11-16T03:37:02.202+0000][27189.964s][info ][safepoint     ] Leaving safepoint region
[2023-11-16T03:37:02.202+0000][27189.964s][info ][safepoint     ] Total time for which application threads were stopped: 0.0003546 seconds, Stopping threads took: 0.0000506 seconds
[2023-11-16T03:37:03.202+0000][27190.964s][debug][safepoint     ] Safepoint synchronization initiated. (164 threads)
[2023-11-16T03:37:03.202+0000][27190.964s][info ][safepoint     ] Application time: 1.0001734 seconds
[2023-11-16T03:37:03.202+0000][27190.964s][info ][safepoint     ] Entering safepoint region: Cleanup
[2023-11-16T03:37:03.203+0000][27190.964s][info ][safepoint     ] Leaving safepoint region
[2023-11-16T03:37:03.203+0000][27190.964s][info ][safepoint     ] Total time for which application threads were stopped: 0.0003731 seconds, Stopping threads took: 0.0000772 seconds
[2023-11-16T03:37:04.203+0000][27191.964s][debug][safepoint     ] Safepoint synchronization initiated. (164 threads)
[2023-11-16T03:37:04.203+0000][27191.964s][info ][safepoint     ] Application time: 1.0001650 seconds
[2023-11-16T03:37:04.203+0000][27191.964s][info ][safepoint     ] Entering safepoint region: Cleanup
[2023-11-16T03:37:04.203+0000][27191.965s][info ][safepoint     ] Leaving safepoint region
[2023-11-16T03:37:04.203+0000][27191.965s][debug][safepoint     ] ... found polling page return exception at pc = 0x00007f693102dd76, stub =0x00007f692883a800
[2023-11-16T03:37:04.203+0000][27191.965s][info ][safepoint     ] Total time for which application threads were stopped: 0.0006312 seconds, Stopping threads took: 0.0004257 seconds
[2023-11-16T03:37:05.204+0000][27192.965s][debug][safepoint     ] Safepoint synchronization initiated. (164 threads)
[2023-11-16T03:37:05.204+0000][27192.965s][info ][safepoint     ] Application time: 1.0001777 seconds
[2023-11-16T03:37:05.204+0000][27192.965s][info ][safepoint     ] Entering safepoint region: Cleanup
[2023-11-16T03:37:05.204+0000][27192.965s][info ][safepoint     ] Leaving safepoint region
[2023-11-16T03:37:05.204+0000][27192.966s][info ][safepoint     ] Total time for which application threads were stopped: 0.0002469 seconds, Stopping threads took: 0.0000514 seconds
[2023-11-16T03:37:06.204+0000][27193.966s][debug][safepoint     ] Safepoint synchronization initiated. (164 threads)
[2023-11-16T03:37:06.204+0000][27193.966s][info ][safepoint     ] Application time: 1.0001407 seconds
[2023-11-16T03:37:06.204+0000][27193.966s][info ][safepoint     ] Entering safepoint region: Cleanup
[2023-11-16T03:37:06.204+0000][27193.966s][info ][safepoint     ] Leaving safepoint region
[2023-11-16T03:37:06.204+0000][27193.966s][info ][safepoint     ] Total time for which application threads were stopped: 0.0002614 seconds, Stopping threads took: 0.0000514 seconds
[2023-11-16T03:37:07.204+0000][27194.966s][debug][safepoint     ] Safepoint synchronization initiated. (164 threads)
[2023-11-16T03:37:07.204+0000][27194.966s][info ][safepoint     ] Application time: 1.0001590 seconds
[2023-11-16T03:37:07.205+0000][27194.966s][info ][safepoint     ] Entering safepoint region: Cleanup
[2023-11-16T03:37:07.205+0000][27194.966s][info ][safepoint     ] Leaving safepoint region
[2023-11-16T03:37:07.205+0000][27194.967s][info ][safepoint     ] Total time for which application threads were stopped: 0.0003552 seconds, Stopping threads took: 0.0000517 seconds
[2023-11-16T03:37:08.205+0000][27195.967s][debug][safepoint     ] Safepoint synchronization initiated. (164 threads)
[2023-11-16T03:37:08.205+0000][27195.967s][info ][safepoint     ] Application time: 1.0001612 seconds
[2023-11-16T03:37:08.205+0000][27195.967s][info ][safepoint     ] Entering safepoint region: Cleanup
[2023-11-16T03:37:08.205+0000][27195.967s][info ][safepoint     ] Leaving safepoint region
[2023-11-16T03:37:08.205+0000][27195.967s][info ][safepoint     ] Total time for which application threads were stopped: 0.0003516 seconds, Stopping threads took: 0.0000521 seconds
[2023-11-16T03:37:09.206+0000][27196.967s][debug][safepoint     ] Safepoint synchronization initiated. (164 threads)
[2023-11-16T03:37:09.206+0000][27196.967s][info ][safepoint     ] Application time: 1.0001446 seconds
[2023-11-16T03:37:09.206+0000][27196.967s][info ][safepoint     ] Entering safepoint region: Cleanup
[2023-11-16T03:37:09.206+0000][27196.968s][info ][safepoint     ] Leaving safepoint region
[2023-11-16T03:37:09.206+0000][27196.968s][info ][safepoint     ] Total time for which application threads were stopped: 0.0004903 seconds, Stopping threads took: 0.0002830 seconds
[2023-11-16T03:37:10.206+0000][27197.968s][debug][safepoint     ] Safepoint synchronization initiated. (164 threads)
[2023-11-16T03:37:10.206+0000][27197.968s][info ][safepoint     ] Application time: 1.0001929 seconds
[2023-11-16T03:37:10.206+0000][27197.968s][info ][safepoint     ] Entering safepoint region: Cleanup
[2023-11-16T03:37:10.207+0000][27197.968s][info ][safepoint     ] Leaving safepoint region
[2023-11-16T03:37:10.207+0000][27197.968s][info ][safepoint     ] Total time for which application threads were stopped: 0.0003477 seconds, Stopping threads took: 0.0000525 seconds
[2023-11-16T03:37:11.207+0000][27198.968s][debug][safepoint     ] Safepoint synchronization initiated. (164 threads)
[2023-11-16T03:37:11.207+0000][27198.969s][info ][safepoint     ] Application time: 1.0001715 seconds
[2023-11-16T03:37:11.207+0000][27198.969s][info ][safepoint     ] Entering safepoint region: Cleanup
[2023-11-16T03:37:11.207+0000][27198.969s][info ][safepoint     ] Leaving safepoint region
[2023-11-16T03:37:11.207+0000][27198.969s][info ][safepoint     ] Total time for which application threads were stopped: 0.0003219 seconds, Stopping threads took: 0.0000521 seconds
[2023-11-16T03:37:12.207+0000][27199.969s][debug][safepoint     ] Safepoint synchronization initiated. (164 threads)
[2023-11-16T03:37:12.207+0000][27199.969s][info ][safepoint     ] Application time: 1.0001737 seconds
[2023-11-16T03:37:12.207+0000][27199.969s][info ][safepoint     ] Entering safepoint region: Cleanup
[2023-11-16T03:37:12.208+0000][27199.969s][info ][safepoint     ] Leaving safepoint region
[2023-11-16T03:37:12.208+0000][27199.969s][info ][safepoint     ] Total time for which application threads were stopped: 0.0002747 seconds, Stopping threads took: 0.0000710 seconds
[2023-11-16T03:37:13.208+0000][27200.969s][debug][safepoint     ] Safepoint synchronization initiated. (164 threads)
[2023-11-16T03:37:13.208+0000][27200.970s][info ][safepoint     ] Application time: 1.0001654 seconds
[2023-11-16T03:37:13.208+0000][27200.970s][info ][safepoint     ] Entering safepoint region: Cleanup
[2023-11-16T03:37:13.208+0000][27200.970s][info ][safepoint     ] Leaving safepoint region
[2023-11-16T03:37:13.208+0000][27200.970s][info ][safepoint     ] Total time for which application threads were stopped: 0.0002636 seconds, Stopping threads took: 0.0000521 seconds
[2023-11-16T03:37:14.208+0000][27201.970s][debug][safepoint     ] Safepoint synchronization initiated. (164 threads)
[2023-11-16T03:37:14.208+0000][27201.970s][info ][safepoint     ] Application time: 1.0001770 seconds
[2023-11-16T03:37:14.208+0000][27201.970s][info ][safepoint     ] Entering safepoint region: Cleanup
[2023-11-16T03:37:14.209+0000][27201.970s][info ][safepoint     ] Leaving safepoint region
[2023-11-16T03:37:14.209+0000][27201.970s][info ][safepoint     ] Total time for which application threads were stopped: 0.0004494 seconds, Stopping threads took: 0.0002253 seconds
[2023-11-16T03:37:15.209+0000][27202.971s][debug][safepoint     ] Safepoint synchronization initiated. (164 threads)
[2023-11-16T03:37:15.209+0000][27202.971s][info ][safepoint     ] Application time: 1.0001744 seconds
[2023-11-16T03:37:15.209+0000][27202.971s][info ][safepoint     ] Entering safepoint region: Cleanup
[2023-11-16T03:37:15.209+0000][27202.971s][info ][safepoint     ] Leaving safepoint region
[2023-11-16T03:37:15.209+0000][27202.971s][info ][safepoint     ] Total time for which application threads were stopped: 0.0003505 seconds, Stopping threads took: 0.0000517 seconds
[2023-11-16T03:37:16.210+0000][27203.971s][debug][safepoint     ] Safepoint synchronization initiated. (164 threads)
[2023-11-16T03:37:16.210+0000][27203.971s][info ][safepoint     ] Application time: 1.0001719 seconds
[2023-11-16T03:37:16.210+0000][27203.971s][info ][safepoint     ] Entering safepoint region: Cleanup
[2023-11-16T03:37:16.210+0000][27203.972s][info ][safepoint     ] Leaving safepoint region
[2023-11-16T03:37:16.210+0000][27203.972s][info ][safepoint     ] Total time for which application threads were stopped: 0.0003482 seconds, Stopping threads took: 0.0000514 seconds
[2023-11-16T03:37:17.210+0000][27204.972s][debug][safepoint     ] Safepoint synchronization initiated. (164 threads)
[2023-11-16T03:37:17.210+0000][27204.972s][info ][safepoint     ] Application time: 1.0002008 seconds
[2023-11-16T03:37:17.210+0000][27204.972s][info ][safepoint     ] Entering safepoint region: Cleanup
[2023-11-16T03:37:17.210+0000][27204.972s][info ][safepoint     ] Leaving safepoint region
[2023-11-16T03:37:17.211+0000][27204.972s][info ][safepoint     ] Total time for which application threads were stopped: 0.0003452 seconds, Stopping threads took: 0.0000500 seconds
[2023-11-16T03:37:18.211+0000][27205.972s][debug][safepoint     ] Safepoint synchronization initiated. (164 threads)
[2023-11-16T03:37:18.211+0000][27205.972s][info ][safepoint     ] Application time: 1.0001686 seconds
[2023-11-16T03:37:18.211+0000][27205.972s][info ][safepoint     ] Entering safepoint region: Cleanup
[2023-11-16T03:37:18.211+0000][27205.973s][info ][safepoint     ] Leaving safepoint region
[2023-11-16T03:37:18.211+0000][27205.973s][info ][safepoint     ] Total time for which application threads were stopped: 0.0002549 seconds, Stopping threads took: 0.0000493 seconds
[2023-11-16T03:37:19.211+0000][27206.973s][debug][safepoint     ] Safepoint synchronization initiated. (164 threads)
[2023-11-16T03:37:19.211+0000][27206.973s][info ][safepoint     ] Application time: 1.0001740 seconds
[2023-11-16T03:37:19.211+0000][27206.973s][info ][safepoint     ] Entering safepoint region: Cleanup
[2023-11-16T03:37:19.212+0000][27206.973s][info ][safepoint     ] Leaving safepoint region
[2023-11-16T03:37:19.212+0000][27206.973s][info ][safepoint     ] Total time for which application threads were stopped: 0.0003923 seconds, Stopping threads took: 0.0001479 seconds
[2023-11-16T03:37:20.212+0000][27207.973s][debug][safepoint     ] Safepoint synchronization initiated. (164 threads)
[2023-11-16T03:37:20.212+0000][27207.973s][info ][safepoint     ] Application time: 1.0001716 seconds
[2023-11-16T03:37:20.212+0000][27207.973s][info ][safepoint     ] Entering safepoint region: Cleanup
[2023-11-16T03:37:20.212+0000][27207.974s][info ][safepoint     ] Leaving safepoint region
[2023-11-16T03:37:20.212+0000][27207.974s][info ][safepoint     ] Total time for which application threads were stopped: 0.0002871 seconds, Stopping threads took: 0.0000497 seconds
[2023-11-16T03:37:21.212+0000][27208.974s][debug][safepoint     ] Safepoint synchronization initiated. (164 threads)
[2023-11-16T03:37:21.212+0000][27208.974s][info ][safepoint     ] Application time: 1.0001729 seconds
[2023-11-16T03:37:21.212+0000][27208.974s][info ][safepoint     ] Entering safepoint region: Cleanup
[2023-11-16T03:37:21.213+0000][27208.974s][info ][safepoint     ] Leaving safepoint region
[2023-11-16T03:37:21.213+0000][27208.974s][info ][safepoint     ] Total time for which application threads were stopped: 0.0003499 seconds, Stopping threads took: 0.0000496 seconds
[2023-11-16T03:37:22.213+0000][27209.974s][debug][safepoint     ] Safepoint synchronization initiated. (164 threads)
[2023-11-16T03:37:22.213+0000][27209.974s][info ][safepoint     ] Application time: 1.0001670 seconds
[2023-11-16T03:37:22.213+0000][27209.975s][info ][safepoint     ] Entering safepoint region: Cleanup
[2023-11-16T03:37:22.213+0000][27209.975s][info ][safepoint     ] Leaving safepoint region
[2023-11-16T03:37:22.213+0000][27209.975s][info ][safepoint     ] Total time for which application threads were stopped: 0.0002619 seconds, Stopping threads took: 0.0000491 seconds
[2023-11-16T03:37:23.213+0000][27210.975s][debug][safepoint     ] Safepoint synchronization initiated. (164 threads)
[2023-11-16T03:37:23.213+0000][27210.975s][info ][safepoint     ] Application time: 1.0001643 seconds
[2023-11-16T03:37:23.213+0000][27210.975s][info ][safepoint     ] Entering safepoint region: Cleanup
[2023-11-16T03:37:23.214+0000][27210.975s][info ][safepoint     ] Leaving safepoint region
[2023-11-16T03:37:23.214+0000][27210.975s][info ][safepoint     ] Total time for which application threads were stopped: 0.0003479 seconds, Stopping threads took: 0.0000500 seconds
[2023-11-16T03:37:24.214+0000][27211.975s][debug][safepoint     ] Safepoint synchronization initiated. (164 threads)
[2023-11-16T03:37:24.214+0000][27211.975s][info ][safepoint     ] Application time: 1.0001711 seconds
[2023-11-16T03:37:24.214+0000][27211.976s][info ][safepoint     ] Entering safepoint region: Cleanup
[2023-11-16T03:37:24.214+0000][27211.976s][info ][safepoint     ] Leaving safepoint region
[2023-11-16T03:37:24.214+0000][27211.976s][info ][safepoint     ] Total time for which application threads were stopped: 0.0005233 seconds, Stopping threads took: 0.0002721 seconds
[2023-11-16T03:37:25.215+0000][27212.976s][debug][safepoint     ] Safepoint synchronization initiated. (164 threads)
[2023-11-16T03:37:25.215+0000][27212.976s][info ][safepoint     ] Application time: 1.0001663 seconds
[2023-11-16T03:37:25.215+0000][27212.976s][info ][safepoint     ] Entering safepoint region: Cleanup
[2023-11-16T03:37:25.215+0000][27212.977s][info ][safepoint     ] Leaving safepoint region
[2023-11-16T03:37:25.215+0000][27212.977s][info ][safepoint     ] Total time for which application threads were stopped: 0.0003388 seconds, Stopping threads took: 0.0000496 seconds
[2023-11-16T03:37:26.215+0000][27213.977s][debug][safepoint     ] Safepoint synchronization initiated. (164 threads)
[2023-11-16T03:37:26.215+0000][27213.977s][info ][safepoint     ] Application time: 1.0001567 seconds
[2023-11-16T03:37:26.215+0000][27213.977s][info ][safepoint     ] Entering safepoint region: Cleanup
[2023-11-16T03:37:26.215+0000][27213.977s][info ][safepoint     ] Leaving safepoint region
[2023-11-16T03:37:26.215+0000][27213.977s][info ][safepoint     ] Total time for which application threads were stopped: 0.0002597 seconds, Stopping threads took: 0.0000501 seconds
[2023-11-16T03:37:27.216+0000][27214.977s][debug][safepoint     ] Safepoint synchronization initiated. (164 threads)
[2023-11-16T03:37:27.216+0000][27214.977s][info ][safepoint     ] Application time: 1.0001792 seconds
[2023-11-16T03:37:27.216+0000][27214.977s][info ][safepoint     ] Entering safepoint region: Cleanup
[2023-11-16T03:37:27.216+0000][27214.978s][info ][safepoint     ] Leaving safepoint region
[2023-11-16T03:37:27.216+0000][27214.978s][info ][safepoint     ] Total time for which application threads were stopped: 0.0003339 seconds, Stopping threads took: 0.0000493 seconds
[2023-11-16T03:37:28.216+0000][27215.978s][debug][safepoint     ] Safepoint synchronization initiated. (164 threads)
[2023-11-16T03:37:28.216+0000][27215.978s][info ][safepoint     ] Application time: 1.0001602 seconds
[2023-11-16T03:37:28.216+0000][27215.978s][info ][safepoint     ] Entering safepoint region: Cleanup
[2023-11-16T03:37:28.216+0000][27215.978s][info ][safepoint     ] Leaving safepoint region
[2023-11-16T03:37:28.216+0000][27215.978s][info ][safepoint     ] Total time for which application threads were stopped: 0.0002618 seconds, Stopping threads took: 0.0000494 seconds
[2023-11-16T03:37:29.217+0000][27216.978s][debug][safepoint     ] Safepoint synchronization initiated. (164 threads)
[2023-11-16T03:37:29.217+0000][27216.978s][info ][safepoint     ] Application time: 1.0001746 seconds
[2023-11-16T03:37:29.217+0000][27216.978s][info ][safepoint     ] Entering safepoint region: Cleanup
[2023-11-16T03:37:29.217+0000][27216.979s][info ][safepoint     ] Leaving safepoint region
[2023-11-16T03:37:29.217+0000][27216.979s][info ][safepoint     ] Total time for which application threads were stopped: 0.0005493 seconds, Stopping threads took: 0.0001803 seconds
[2023-11-16T03:37:30.217+0000][27217.979s][debug][safepoint     ] Safepoint synchronization initiated. (164 threads)
[2023-11-16T03:37:30.217+0000][27217.979s][info ][safepoint     ] Application time: 1.0001528 seconds
[2023-11-16T03:37:30.217+0000][27217.979s][info ][safepoint     ] Entering safepoint region: Cleanup
[2023-11-16T03:37:30.218+0000][27217.979s][info ][safepoint     ] Leaving safepoint region
[2023-11-16T03:37:30.218+0000][27217.979s][info ][safepoint     ] Total time for which application threads were stopped: 0.0003409 seconds, Stopping threads took: 0.0000508 seconds
[2023-11-16T03:37:31.218+0000][27218.979s][debug][safepoint     ] Safepoint synchronization initiated. (164 threads)
[2023-11-16T03:37:31.218+0000][27218.980s][info ][safepoint     ] Application time: 1.0001664 seconds
[2023-11-16T03:37:31.218+0000][27218.980s][info ][safepoint     ] Entering safepoint region: Cleanup
[2023-11-16T03:37:31.218+0000][27218.980s][info ][safepoint     ] Leaving safepoint region
[2023-11-16T03:37:31.218+0000][27218.980s][info ][safepoint     ] Total time for which application threads were stopped: 0.0003442 seconds, Stopping threads took: 0.0000499 seconds
[2023-11-16T03:37:32.218+0000][27219.980s][debug][safepoint     ] Safepoint synchronization initiated. (164 threads)
[2023-11-16T03:37:32.218+0000][27219.980s][info ][safepoint     ] Application time: 1.0001274 seconds
[2023-11-16T03:37:32.218+0000][27219.980s][info ][safepoint     ] Entering safepoint region: Cleanup
[2023-11-16T03:37:32.219+0000][27219.980s][info ][safepoint     ] Leaving safepoint region
[2023-11-16T03:37:32.219+0000][27219.980s][info ][safepoint     ] Total time for which application threads were stopped: 0.0003402 seconds, Stopping threads took: 0.0000480 seconds
[2023-11-16T03:37:33.219+0000][27220.981s][debug][safepoint     ] Safepoint synchronization initiated. (164 threads)
[2023-11-16T03:37:33.219+0000][27220.981s][info ][safepoint     ] Application time: 1.0001708 seconds
[2023-11-16T03:37:33.219+0000][27220.981s][info ][safepoint     ] Entering safepoint region: Cleanup
[2023-11-16T03:37:33.219+0000][27220.981s][info ][safepoint     ] Leaving safepoint region
[2023-11-16T03:37:33.219+0000][27220.981s][info ][safepoint     ] Total time for which application threads were stopped: 0.0003403 seconds, Stopping threads took: 0.0000501 seconds
[2023-11-16T03:37:34.219+0000][27221.981s][debug][safepoint     ] Safepoint synchronization initiated. (164 threads)
[2023-11-16T03:37:34.220+0000][27221.981s][info ][safepoint     ] Application time: 1.0001905 seconds
[2023-11-16T03:37:34.220+0000][27221.981s][info ][safepoint     ] Entering safepoint region: Cleanup
[2023-11-16T03:37:34.220+0000][27221.982s][info ][safepoint     ] Leaving safepoint region
[2023-11-16T03:37:34.220+0000][27221.982s][info ][safepoint     ] Total time for which application threads were stopped: 0.0006582 seconds, Stopping threads took: 0.0003121 seconds
[2023-11-16T03:37:35.220+0000][27222.982s][debug][safepoint     ] Safepoint synchronization initiated. (164 threads)
[2023-11-16T03:37:35.220+0000][27222.982s][info ][safepoint     ] Application time: 1.0001720 seconds
[2023-11-16T03:37:35.220+0000][27222.982s][info ][safepoint     ] Entering safepoint region: Cleanup
[2023-11-16T03:37:35.221+0000][27222.982s][info ][safepoint     ] Leaving safepoint region
[2023-11-16T03:37:35.221+0000][27222.982s][info ][safepoint     ] Total time for which application threads were stopped: 0.0002606 seconds, Stopping threads took: 0.0000495 seconds
[2023-11-16T03:37:36.221+0000][27223.982s][debug][safepoint     ] Safepoint synchronization initiated. (164 threads)
[2023-11-16T03:37:36.221+0000][27223.982s][info ][safepoint     ] Application time: 1.0001703 seconds
[2023-11-16T03:37:36.221+0000][27223.983s][info ][safepoint     ] Entering safepoint region: Cleanup
[2023-11-16T03:37:36.221+0000][27223.983s][info ][safepoint     ] Leaving safepoint region
[2023-11-16T03:37:36.221+0000][27223.983s][info ][safepoint     ] Total time for which application threads were stopped: 0.0002613 seconds, Stopping threads took: 0.0000508 seconds
[2023-11-16T03:37:37.221+0000][27224.983s][debug][safepoint     ] Safepoint synchronization initiated. (164 threads)
[2023-11-16T03:37:37.221+0000][27224.983s][info ][safepoint     ] Application time: 1.0001652 seconds
[2023-11-16T03:37:37.221+0000][27224.983s][info ][safepoint     ] Entering safepoint region: Cleanup
[2023-11-16T03:37:37.222+0000][27224.983s][info ][safepoint     ] Leaving safepoint region
[2023-11-16T03:37:37.222+0000][27224.983s][info ][safepoint     ] Total time for which application threads were stopped: 0.0003468 seconds, Stopping threads took: 0.0000501 seconds
[2023-11-16T03:37:38.222+0000][27225.983s][debug][safepoint     ] Safepoint synchronization initiated. (164 threads)
[2023-11-16T03:37:38.222+0000][27225.984s][info ][safepoint     ] Application time: 1.0001516 seconds
[2023-11-16T03:37:38.222+0000][27225.984s][info ][safepoint     ] Entering safepoint region: Cleanup
[2023-11-16T03:37:38.222+0000][27225.984s][info ][safepoint     ] Leaving safepoint region
[2023-11-16T03:37:38.222+0000][27225.984s][info ][safepoint     ] Total time for which application threads were stopped: 0.0003489 seconds, Stopping threads took: 0.0000501 seconds
[2023-11-16T03:37:39.222+0000][27226.984s][debug][safepoint     ] Safepoint synchronization initiated. (164 threads)
[2023-11-16T03:37:39.222+0000][27226.984s][info ][safepoint     ] Application time: 1.0001339 seconds
[2023-11-16T03:37:39.222+0000][27226.984s][info ][safepoint     ] Entering safepoint region: Cleanup
[2023-11-16T03:37:39.223+0000][27226.985s][info ][safepoint     ] Leaving safepoint region
[2023-11-16T03:37:39.223+0000][27226.985s][info ][safepoint     ] Total time for which application threads were stopped: 0.0005747 seconds, Stopping threads took: 0.0002437 seconds
[2023-11-16T03:37:40.223+0000][27227.985s][debug][safepoint     ] Safepoint synchronization initiated. (164 threads)
[2023-11-16T03:37:40.223+0000][27227.985s][info ][safepoint     ] Application time: 1.0001746 seconds
[2023-11-16T03:37:40.223+0000][27227.985s][info ][safepoint     ] Entering safepoint region: Cleanup
[2023-11-16T03:37:40.223+0000][27227.985s][info ][safepoint     ] Leaving safepoint region
[2023-11-16T03:37:40.224+0000][27227.985s][info ][safepoint     ] Total time for which application threads were stopped: 0.0003322 seconds, Stopping threads took: 0.0000504 seconds
[2023-11-16T03:37:41.224+0000][27228.985s][debug][safepoint     ] Safepoint synchronization initiated. (164 threads)
[2023-11-16T03:37:41.224+0000][27228.985s][info ][safepoint     ] Application time: 1.0001755 seconds
[2023-11-16T03:37:41.224+0000][27228.985s][info ][safepoint     ] Entering safepoint region: Cleanup
[2023-11-16T03:37:41.224+0000][27228.986s][info ][safepoint     ] Leaving safepoint region
[2023-11-16T03:37:41.224+0000][27228.986s][info ][safepoint     ] Total time for which application threads were stopped: 0.0003523 seconds, Stopping threads took: 0.0000523 seconds
[2023-11-16T03:37:42.224+0000][27229.986s][debug][safepoint     ] Safepoint synchronization initiated. (164 threads)
[2023-11-16T03:37:42.224+0000][27229.986s][info ][safepoint     ] Application time: 1.0001548 seconds
[2023-11-16T03:37:42.224+0000][27229.986s][info ][safepoint     ] Entering safepoint region: Cleanup
[2023-11-16T03:37:42.225+0000][27229.986s][info ][safepoint     ] Leaving safepoint region
[2023-11-16T03:37:42.225+0000][27229.986s][info ][safepoint     ] Total time for which application threads were stopped: 0.0003394 seconds, Stopping threads took: 0.0000487 seconds
[2023-11-16T03:37:43.225+0000][27230.986s][debug][safepoint     ] Safepoint synchronization initiated. (164 threads)
[2023-11-16T03:37:43.225+0000][27230.986s][info ][safepoint     ] Application time: 1.0001730 seconds
[2023-11-16T03:37:43.225+0000][27230.986s][info ][safepoint     ] Entering safepoint region: Cleanup
[2023-11-16T03:37:43.225+0000][27230.987s][info ][safepoint     ] Leaving safepoint region
[2023-11-16T03:37:43.225+0000][27230.987s][info ][safepoint     ] Total time for which application threads were stopped: 0.0003448 seconds, Stopping threads took: 0.0000506 seconds
[2023-11-16T03:37:44.225+0000][27231.987s][debug][safepoint     ] Safepoint synchronization initiated. (164 threads)
[2023-11-16T03:37:44.225+0000][27231.987s][info ][safepoint     ] Application time: 1.0001519 seconds
[2023-11-16T03:37:44.225+0000][27231.987s][info ][safepoint     ] Entering safepoint region: Cleanup
[2023-11-16T03:37:44.226+0000][27231.987s][info ][safepoint     ] Leaving safepoint region
[2023-11-16T03:37:44.226+0000][27231.988s][info ][safepoint     ] Total time for which application threads were stopped: 0.0005278 seconds, Stopping threads took: 0.0002191 seconds
[2023-11-16T03:37:45.226+0000][27232.988s][debug][safepoint     ] Safepoint synchronization initiated. (164 threads)
[2023-11-16T03:37:45.226+0000][27232.988s][info ][safepoint     ] Application time: 1.0001428 seconds
[2023-11-16T03:37:45.226+0000][27232.988s][info ][safepoint     ] Entering safepoint region: Cleanup
[2023-11-16T03:37:45.226+0000][27232.988s][info ][safepoint     ] Leaving safepoint region
[2023-11-16T03:37:45.226+0000][27232.988s][info ][safepoint     ] Total time for which application threads were stopped: 0.0003412 seconds, Stopping threads took: 0.0000510 seconds
[2023-11-16T03:37:46.227+0000][27233.988s][debug][safepoint     ] Safepoint synchronization initiated. (164 threads)
[2023-11-16T03:37:46.227+0000][27233.988s][info ][safepoint     ] Application time: 1.0001766 seconds
[2023-11-16T03:37:46.227+0000][27233.988s][debug][safepoint     ] ... found polling page return exception at pc = 0x00007f6930d4c580, stub =0x00007f692883a800
[2023-11-16T03:37:46.227+0000][27233.988s][debug][safepoint     ] ... found polling page return exception at pc = 0x00007f69307fc114, stub =0x00007f692883a800
[2023-11-16T03:37:46.227+0000][27233.988s][debug][safepoint     ] Waiting for 2 thread(s) to block
[2023-11-16T03:37:46.227+0000][27233.988s][info ][safepoint     ] Entering safepoint region: Cleanup
[2023-11-16T03:37:46.227+0000][27233.989s][info ][safepoint     ] Leaving safepoint region
[2023-11-16T03:37:46.227+0000][27233.989s][info ][safepoint     ] Total time for which application threads were stopped: 0.0004034 seconds, Stopping threads took: 0.0002287 seconds
[2023-11-16T03:37:47.227+0000][27234.989s][debug][safepoint     ] Safepoint synchronization initiated. (164 threads)
[2023-11-16T03:37:47.227+0000][27234.989s][info ][safepoint     ] Application time: 1.0001712 seconds
[2023-11-16T03:37:47.227+0000][27234.989s][info ][safepoint     ] Entering safepoint region: Cleanup
[2023-11-16T03:37:47.227+0000][27234.989s][info ][safepoint     ] Leaving safepoint region
[2023-11-16T03:37:47.227+0000][27234.989s][info ][safepoint     ] Total time for which application threads were stopped: 0.0002728 seconds, Stopping threads took: 0.0000499 seconds
[2023-11-16T03:37:48.228+0000][27235.989s][debug][safepoint     ] Safepoint synchronization initiated. (164 threads)
[2023-11-16T03:37:48.228+0000][27235.989s][info ][safepoint     ] Application time: 1.0001440 seconds
[2023-11-16T03:37:48.228+0000][27235.989s][info ][safepoint     ] Entering safepoint region: Cleanup
[2023-11-16T03:37:48.228+0000][27235.990s][info ][safepoint     ] Leaving safepoint region
[2023-11-16T03:37:48.228+0000][27235.990s][info ][safepoint     ] Total time for which application threads were stopped: 0.0003462 seconds, Stopping threads took: 0.0000494 seconds
[2023-11-16T03:37:49.228+0000][27236.990s][debug][safepoint     ] Safepoint synchronization initiated. (164 threads)
[2023-11-16T03:37:49.228+0000][27236.990s][info ][safepoint     ] Application time: 1.0001485 seconds
[2023-11-16T03:37:49.228+0000][27236.990s][info ][safepoint     ] Entering safepoint region: Cleanup
[2023-11-16T03:37:49.229+0000][27236.990s][info ][safepoint     ] Leaving safepoint region
[2023-11-16T03:37:49.229+0000][27236.990s][info ][safepoint     ] Total time for which application threads were stopped: 0.0003451 seconds, Stopping threads took: 0.0000491 seconds
[2023-11-16T03:37:50.229+0000][27237.990s][debug][safepoint     ] Safepoint synchronization initiated. (164 threads)
[2023-11-16T03:37:50.229+0000][27237.990s][info ][safepoint     ] Application time: 1.0001514 seconds
[2023-11-16T03:37:50.229+0000][27237.990s][info ][safepoint     ] Entering safepoint region: Cleanup
[2023-11-16T03:37:50.229+0000][27237.991s][info ][safepoint     ] Leaving safepoint region
[2023-11-16T03:37:50.229+0000][27237.991s][info ][safepoint     ] Total time for which application threads were stopped: 0.0003348 seconds, Stopping threads took: 0.0000492 seconds
[2023-11-16T03:37:51.229+0000][27238.991s][debug][safepoint     ] Safepoint synchronization initiated. (164 threads)
[2023-11-16T03:37:51.229+0000][27238.991s][info ][safepoint     ] Application time: 1.0001566 seconds
[2023-11-16T03:37:51.229+0000][27238.991s][info ][safepoint     ] Entering safepoint region: Cleanup
[2023-11-16T03:37:51.230+0000][27238.991s][info ][safepoint     ] Leaving safepoint region
[2023-11-16T03:37:51.230+0000][27238.991s][info ][safepoint     ] Total time for which application threads were stopped: 0.0003416 seconds, Stopping threads took: 0.0000501 seconds
[2023-11-16T03:37:52.230+0000][27239.991s][debug][safepoint     ] Safepoint synchronization initiated. (164 threads)
[2023-11-16T03:37:52.230+0000][27239.991s][info ][safepoint     ] Application time: 1.0001421 seconds
[2023-11-16T03:37:52.230+0000][27239.991s][info ][safepoint     ] Entering safepoint region: Cleanup
[2023-11-16T03:37:52.230+0000][27239.992s][info ][safepoint     ] Leaving safepoint region
[2023-11-16T03:37:52.230+0000][27239.992s][info ][safepoint     ] Total time for which application threads were stopped: 0.0003377 seconds, Stopping threads took: 0.0000485 seconds
[2023-11-16T03:37:53.230+0000][27240.992s][debug][safepoint     ] Safepoint synchronization initiated. (164 threads)
[2023-11-16T03:37:53.230+0000][27240.992s][info ][safepoint     ] Application time: 1.0001790 seconds
[2023-11-16T03:37:53.230+0000][27240.992s][info ][safepoint     ] Entering safepoint region: Cleanup
[2023-11-16T03:37:53.231+0000][27240.992s][info ][safepoint     ] Leaving safepoint region
[2023-11-16T03:37:53.231+0000][27240.992s][info ][safepoint     ] Total time for which application threads were stopped: 0.0002715 seconds, Stopping threads took: 0.0000502 seconds
[2023-11-16T03:37:54.231+0000][27241.992s][debug][safepoint     ] Safepoint synchronization initiated. (164 threads)
[2023-11-16T03:37:54.231+0000][27241.992s][info ][safepoint     ] Application time: 1.0001622 seconds
[2023-11-16T03:37:54.231+0000][27241.992s][info ][safepoint     ] Entering safepoint region: Cleanup
[2023-11-16T03:37:54.231+0000][27241.993s][info ][safepoint     ] Leaving safepoint region
[2023-11-16T03:37:54.231+0000][27241.993s][info ][safepoint     ] Total time for which application threads were stopped: 0.0002455 seconds, Stopping threads took: 0.0000497 seconds
[2023-11-16T03:37:55.231+0000][27242.993s][debug][safepoint     ] Safepoint synchronization initiated. (164 threads)
[2023-11-16T03:37:55.231+0000][27242.993s][info ][safepoint     ] Application time: 1.0001552 seconds
[2023-11-16T03:37:55.231+0000][27242.993s][info ][safepoint     ] Entering safepoint region: Cleanup
[2023-11-16T03:37:55.232+0000][27242.993s][info ][safepoint     ] Leaving safepoint region
[2023-11-16T03:37:55.232+0000][27242.993s][info ][safepoint     ] Total time for which application threads were stopped: 0.0003164 seconds, Stopping threads took: 0.0000503 seconds
[2023-11-16T03:37:56.232+0000][27243.993s][debug][safepoint     ] Safepoint synchronization initiated. (164 threads)
[2023-11-16T03:37:56.232+0000][27243.993s][info ][safepoint     ] Application time: 1.0001447 seconds
[2023-11-16T03:37:56.232+0000][27243.993s][info ][safepoint     ] Entering safepoint region: Cleanup
[2023-11-16T03:37:56.232+0000][27243.994s][info ][safepoint     ] Leaving safepoint region
[2023-11-16T03:37:56.232+0000][27243.994s][info ][safepoint     ] Total time for which application threads were stopped: 0.0003468 seconds, Stopping threads took: 0.0000504 seconds
[2023-11-16T03:37:57.232+0000][27244.994s][debug][safepoint     ] Safepoint synchronization initiated. (164 threads)
[2023-11-16T03:37:57.232+0000][27244.994s][info ][safepoint     ] Application time: 1.0001513 seconds
[2023-11-16T03:37:57.232+0000][27244.994s][info ][safepoint     ] Entering safepoint region: Cleanup
[2023-11-16T03:37:57.233+0000][27244.994s][info ][safepoint     ] Leaving safepoint region
[2023-11-16T03:37:57.233+0000][27244.994s][info ][safepoint     ] Total time for which application threads were stopped: 0.0003459 seconds, Stopping threads took: 0.0000503 seconds
[2023-11-16T03:37:58.233+0000][27245.994s][debug][safepoint     ] Safepoint synchronization initiated. (164 threads)
[2023-11-16T03:37:58.233+0000][27245.994s][info ][safepoint     ] Application time: 1.0001640 seconds
[2023-11-16T03:37:58.233+0000][27245.995s][info ][safepoint     ] Entering safepoint region: Cleanup
[2023-11-16T03:37:58.233+0000][27245.995s][info ][safepoint     ] Leaving safepoint region
[2023-11-16T03:37:58.233+0000][27245.995s][info ][safepoint     ] Total time for which application threads were stopped: 0.0003400 seconds, Stopping threads took: 0.0000505 seconds
[2023-11-16T03:37:59.233+0000][27246.995s][debug][safepoint     ] Safepoint synchronization initiated. (164 threads)
[2023-11-16T03:37:59.233+0000][27246.995s][info ][safepoint     ] Application time: 1.0001716 seconds
[2023-11-16T03:37:59.233+0000][27246.995s][info ][safepoint     ] Entering safepoint region: Cleanup
[2023-11-16T03:37:59.234+0000][27246.995s][info ][safepoint     ] Leaving safepoint region
[2023-11-16T03:37:59.234+0000][27246.995s][info ][safepoint     ] Total time for which application threads were stopped: 0.0003525 seconds, Stopping threads took: 0.0000506 seconds
[2023-11-16T03:38:00.234+0000][27247.996s][debug][safepoint     ] Safepoint synchronization initiated. (164 threads)
[2023-11-16T03:38:00.234+0000][27247.996s][info ][safepoint     ] Application time: 1.0001297 seconds
[2023-11-16T03:38:00.234+0000][27247.996s][info ][safepoint     ] Entering safepoint region: Cleanup
[2023-11-16T03:38:00.234+0000][27247.996s][info ][safepoint     ] Leaving safepoint region
[2023-11-16T03:38:00.234+0000][27247.996s][info ][safepoint     ] Total time for which application threads were stopped: 0.0001961 seconds, Stopping threads took: 0.0000384 seconds
[2023-11-16T03:38:01.234+0000][27248.996s][debug][safepoint     ] Safepoint synchronization initiated. (164 threads)
[2023-11-16T03:38:01.234+0000][27248.996s][info ][safepoint     ] Application time: 1.0001718 seconds
[2023-11-16T03:38:01.234+0000][27248.996s][info ][safepoint     ] Entering safepoint region: Cleanup
[2023-11-16T03:38:01.235+0000][27248.996s][info ][safepoint     ] Leaving safepoint region
[2023-11-16T03:38:01.235+0000][27248.996s][info ][safepoint     ] Total time for which application threads were stopped: 0.0003453 seconds, Stopping threads took: 0.0000503 seconds
[2023-11-16T03:38:02.235+0000][27249.996s][debug][safepoint     ] Safepoint synchronization initiated. (164 threads)
[2023-11-16T03:38:02.235+0000][27249.996s][info ][safepoint     ] Application time: 1.0001697 seconds
[2023-11-16T03:38:02.235+0000][27249.997s][info ][safepoint     ] Entering safepoint region: Cleanup
[2023-11-16T03:38:02.235+0000][27249.997s][info ][safepoint     ] Leaving safepoint region
[2023-11-16T03:38:02.235+0000][27249.997s][info ][safepoint     ] Total time for which application threads were stopped: 0.0005136 seconds, Stopping threads took: 0.0000491 seconds
[2023-11-16T03:38:03.236+0000][27250.997s][debug][safepoint     ] Safepoint synchronization initiated. (164 threads)
[2023-11-16T03:38:03.236+0000][27250.997s][info ][safepoint     ] Application time: 1.0001701 seconds
[2023-11-16T03:38:03.236+0000][27250.997s][info ][safepoint     ] Entering safepoint region: Cleanup
[2023-11-16T03:38:03.236+0000][27250.998s][info ][safepoint     ] Leaving safepoint region
[2023-11-16T03:38:03.236+0000][27250.998s][info ][safepoint     ] Total time for which application threads were stopped: 0.0003532 seconds, Stopping threads took: 0.0000507 seconds
[2023-11-16T03:38:04.236+0000][27251.998s][debug][safepoint     ] Safepoint synchronization initiated. (164 threads)
[2023-11-16T03:38:04.236+0000][27251.998s][info ][safepoint     ] Application time: 1.0001440 seconds
[2023-11-16T03:38:04.236+0000][27251.998s][info ][safepoint     ] Entering safepoint region: Cleanup
[2023-11-16T03:38:04.236+0000][27251.998s][info ][safepoint     ] Leaving safepoint region
[2023-11-16T03:38:04.236+0000][27251.998s][info ][safepoint     ] Total time for which application threads were stopped: 0.0003414 seconds, Stopping threads took: 0.0000494 seconds
[2023-11-16T03:38:05.237+0000][27252.998s][debug][safepoint     ] Safepoint synchronization initiated. (164 threads)
[2023-11-16T03:38:05.237+0000][27252.998s][info ][safepoint     ] Application time: 1.0001579 seconds
[2023-11-16T03:38:05.237+0000][27252.998s][info ][safepoint     ] Entering safepoint region: Cleanup
[2023-11-16T03:38:05.237+0000][27252.999s][info ][safepoint     ] Leaving safepoint region
[2023-11-16T03:38:05.237+0000][27252.999s][info ][safepoint     ] Total time for which application threads were stopped: 0.0003395 seconds, Stopping threads took: 0.0000494 seconds
[2023-11-16T03:38:06.237+0000][27253.999s][debug][safepoint     ] Safepoint synchronization initiated. (164 threads)
[2023-11-16T03:38:06.237+0000][27253.999s][info ][safepoint     ] Application time: 1.0001632 seconds
[2023-11-16T03:38:06.237+0000][27253.999s][info ][safepoint     ] Entering safepoint region: Cleanup
[2023-11-16T03:38:06.237+0000][27253.999s][info ][safepoint     ] Leaving safepoint region
[2023-11-16T03:38:06.237+0000][27253.999s][debug][safepoint     ] ... found polling page return exception at pc = 0x00007f693102dd76, stub =0x00007f692883a800
[2023-11-16T03:38:06.237+0000][27253.999s][info ][safepoint     ] Total time for which application threads were stopped: 0.0002823 seconds, Stopping threads took: 0.0000493 seconds
[2023-11-16T03:38:07.238+0000][27254.999s][debug][safepoint     ] Safepoint synchronization initiated. (164 threads)
[2023-11-16T03:38:07.238+0000][27254.999s][info ][safepoint     ] Application time: 1.0001735 seconds
[2023-11-16T03:38:07.238+0000][27254.999s][info ][safepoint     ] Entering safepoint region: Cleanup
[2023-11-16T03:38:07.238+0000][27255.000s][info ][safepoint     ] Leaving safepoint region
[2023-11-16T03:38:07.238+0000][27255.000s][info ][safepoint     ] Total time for which application threads were stopped: 0.0003426 seconds, Stopping threads took: 0.0000488 seconds
[2023-11-16T03:38:08.238+0000][27256.000s][debug][safepoint     ] Safepoint synchronization initiated. (164 threads)
[2023-11-16T03:38:08.238+0000][27256.000s][info ][safepoint     ] Application time: 1.0001561 seconds
[2023-11-16T03:38:08.238+0000][27256.000s][info ][safepoint     ] Entering safepoint region: Cleanup
[2023-11-16T03:38:08.239+0000][27256.000s][info ][safepoint     ] Leaving safepoint region
[2023-11-16T03:38:08.239+0000][27256.000s][info ][safepoint     ] Total time for which application threads were stopped: 0.0003478 seconds, Stopping threads took: 0.0000500 seconds
[2023-11-16T03:38:09.239+0000][27257.000s][debug][safepoint     ] Safepoint synchronization initiated. (164 threads)
[2023-11-16T03:38:09.239+0000][27257.000s][info ][safepoint     ] Application time: 1.0001709 seconds
[2023-11-16T03:38:09.239+0000][27257.001s][info ][safepoint     ] Entering safepoint region: Cleanup
[2023-11-16T03:38:09.239+0000][27257.001s][info ][safepoint     ] Leaving safepoint region
[2023-11-16T03:38:09.240+0000][27257.001s][info ][safepoint     ] Total time for which application threads were stopped: 0.0006459 seconds, Stopping threads took: 0.0003270 seconds
[2023-11-16T03:38:10.240+0000][27258.001s][debug][safepoint     ] Safepoint synchronization initiated. (164 threads)
[2023-11-16T03:38:10.240+0000][27258.001s][info ][safepoint     ] Application time: 1.0001475 seconds
[2023-11-16T03:38:10.240+0000][27258.001s][info ][safepoint     ] Entering safepoint region: Cleanup
[2023-11-16T03:38:10.240+0000][27258.002s][info ][safepoint     ] Leaving safepoint region
[2023-11-16T03:38:10.240+0000][27258.002s][info ][safepoint     ] Total time for which application threads were stopped: 0.0003421 seconds, Stopping threads took: 0.0000486 seconds
[2023-11-16T03:38:11.240+0000][27259.002s][debug][safepoint     ] Safepoint synchronization initiated. (164 threads)
[2023-11-16T03:38:11.240+0000][27259.002s][info ][safepoint     ] Application time: 1.0001520 seconds
[2023-11-16T03:38:11.240+0000][27259.002s][info ][safepoint     ] Entering safepoint region: Cleanup
[2023-11-16T03:38:11.241+0000][27259.002s][info ][safepoint     ] Leaving safepoint region
[2023-11-16T03:38:11.241+0000][27259.002s][info ][safepoint     ] Total time for which application threads were stopped: 0.0003642 seconds, Stopping threads took: 0.0000732 seconds
[2023-11-16T03:38:12.241+0000][27260.002s][debug][safepoint     ] Safepoint synchronization initiated. (164 threads)
[2023-11-16T03:38:12.241+0000][27260.002s][info ][safepoint     ] Application time: 1.0001563 seconds
[2023-11-16T03:38:12.241+0000][27260.002s][info ][safepoint     ] Entering safepoint region: Cleanup
[2023-11-16T03:38:12.241+0000][27260.003s][info ][safepoint     ] Leaving safepoint region
[2023-11-16T03:38:12.241+0000][27260.003s][info ][safepoint     ] Total time for which application threads were stopped: 0.0003416 seconds, Stopping threads took: 0.0000489 seconds
[2023-11-16T03:38:13.241+0000][27261.003s][debug][safepoint     ] Safepoint synchronization initiated. (164 threads)
[2023-11-16T03:38:13.241+0000][27261.003s][info ][safepoint     ] Application time: 1.0001519 seconds
[2023-11-16T03:38:13.241+0000][27261.003s][info ][safepoint     ] Entering safepoint region: Cleanup
[2023-11-16T03:38:13.242+0000][27261.003s][info ][safepoint     ] Leaving safepoint region
[2023-11-16T03:38:13.242+0000][27261.003s][info ][safepoint     ] Total time for which application threads were stopped: 0.0003385 seconds, Stopping threads took: 0.0000497 seconds
[2023-11-16T03:38:14.242+0000][27262.003s][debug][safepoint     ] Safepoint synchronization initiated. (164 threads)
[2023-11-16T03:38:14.242+0000][27262.003s][info ][safepoint     ] Application time: 1.0001635 seconds
[2023-11-16T03:38:14.242+0000][27262.004s][info ][safepoint     ] Entering safepoint region: Cleanup
[2023-11-16T03:38:14.242+0000][27262.004s][info ][safepoint     ] Leaving safepoint region
[2023-11-16T03:38:14.242+0000][27262.004s][info ][safepoint     ] Total time for which application threads were stopped: 0.0005389 seconds, Stopping threads took: 0.0002780 seconds
[2023-11-16T03:38:15.243+0000][27263.004s][debug][safepoint     ] Safepoint synchronization initiated. (164 threads)
[2023-11-16T03:38:15.243+0000][27263.004s][info ][safepoint     ] Application time: 1.0001712 seconds
[2023-11-16T03:38:15.243+0000][27263.004s][info ][safepoint     ] Entering safepoint region: Cleanup
[2023-11-16T03:38:15.243+0000][27263.004s][info ][safepoint     ] Leaving safepoint region
[2023-11-16T03:38:15.243+0000][27263.005s][info ][safepoint     ] Total time for which application threads were stopped: 0.0002602 seconds, Stopping threads took: 0.0000497 seconds
[2023-11-16T03:38:16.243+0000][27264.005s][debug][safepoint     ] Safepoint synchronization initiated. (164 threads)
[2023-11-16T03:38:16.243+0000][27264.005s][info ][safepoint     ] Application time: 1.0001696 seconds
[2023-11-16T03:38:16.243+0000][27264.005s][info ][safepoint     ] Entering safepoint region: Cleanup
[2023-11-16T03:38:16.243+0000][27264.005s][info ][safepoint     ] Leaving safepoint region
[2023-11-16T03:38:16.243+0000][27264.005s][info ][safepoint     ] Total time for which application threads were stopped: 0.0002495 seconds, Stopping threads took: 0.0000490 seconds
[2023-11-16T03:38:17.243+0000][27265.005s][debug][safepoint     ] Safepoint synchronization initiated. (164 threads)
[2023-11-16T03:38:17.244+0000][27265.005s][info ][safepoint     ] Application time: 1.0001713 seconds
[2023-11-16T03:38:17.244+0000][27265.005s][info ][safepoint     ] Entering safepoint region: Cleanup
[2023-11-16T03:38:17.244+0000][27265.005s][info ][safepoint     ] Leaving safepoint region
[2023-11-16T03:38:17.244+0000][27265.005s][info ][safepoint     ] Total time for which application threads were stopped: 0.0002572 seconds, Stopping threads took: 0.0000493 seconds
[2023-11-16T03:38:18.244+0000][27266.006s][debug][safepoint     ] Safepoint synchronization initiated. (164 threads)
[2023-11-16T03:38:18.244+0000][27266.006s][info ][safepoint     ] Application time: 1.0001695 seconds
[2023-11-16T03:38:18.244+0000][27266.006s][info ][safepoint     ] Entering safepoint region: Cleanup
[2023-11-16T03:38:18.244+0000][27266.006s][info ][safepoint     ] Leaving safepoint region
[2023-11-16T03:38:18.244+0000][27266.006s][info ][safepoint     ] Total time for which application threads were stopped: 0.0003485 seconds, Stopping threads took: 0.0000517 seconds
[2023-11-16T03:38:19.244+0000][27267.006s][debug][safepoint     ] Safepoint synchronization initiated. (164 threads)
[2023-11-16T03:38:19.245+0000][27267.006s][info ][safepoint     ] Application time: 1.0001710 seconds
[2023-11-16T03:38:19.245+0000][27267.006s][info ][safepoint     ] Entering safepoint region: Cleanup
[2023-11-16T03:38:19.245+0000][27267.007s][info ][safepoint     ] Leaving safepoint region
[2023-11-16T03:38:19.245+0000][27267.007s][info ][safepoint     ] Total time for which application threads were stopped: 0.0005795 seconds, Stopping threads took: 0.0003356 seconds
[2023-11-16T03:38:20.245+0000][27268.007s][debug][safepoint     ] Safepoint synchronization initiated. (164 threads)
[2023-11-16T03:38:20.245+0000][27268.007s][info ][safepoint     ] Application time: 1.0001494 seconds
[2023-11-16T03:38:20.245+0000][27268.007s][info ][safepoint     ] Entering safepoint region: Cleanup
[2023-11-16T03:38:20.246+0000][27268.007s][info ][safepoint     ] Leaving safepoint region
[2023-11-16T03:38:20.246+0000][27268.007s][info ][safepoint     ] Total time for which application threads were stopped: 0.0003507 seconds, Stopping threads took: 0.0000512 seconds
[2023-11-16T03:38:21.246+0000][27269.007s][debug][safepoint     ] Safepoint synchronization initiated. (164 threads)
[2023-11-16T03:38:21.246+0000][27269.008s][info ][safepoint     ] Application time: 1.0001758 seconds
[2023-11-16T03:38:21.246+0000][27269.008s][info ][safepoint     ] Entering safepoint region: Cleanup
[2023-11-16T03:38:21.246+0000][27269.008s][info ][safepoint     ] Leaving safepoint region
[2023-11-16T03:38:21.246+0000][27269.008s][info ][safepoint     ] Total time for which application threads were stopped: 0.0003480 seconds, Stopping threads took: 0.0000517 seconds
[2023-11-16T03:38:22.246+0000][27270.008s][debug][safepoint     ] Safepoint synchronization initiated. (164 threads)
[2023-11-16T03:38:22.246+0000][27270.008s][info ][safepoint     ] Application time: 1.0001739 seconds
[2023-11-16T03:38:22.246+0000][27270.008s][info ][safepoint     ] Entering safepoint region: Cleanup
[2023-11-16T03:38:22.247+0000][27270.008s][info ][safepoint     ] Leaving safepoint region
[2023-11-16T03:38:22.247+0000][27270.008s][info ][safepoint     ] Total time for which application threads were stopped: 0.0003468 seconds, Stopping threads took: 0.0000514 seconds
[2023-11-16T03:38:23.247+0000][27271.009s][debug][safepoint     ] Safepoint synchronization initiated. (164 threads)
[2023-11-16T03:38:23.247+0000][27271.009s][info ][safepoint     ] Application time: 1.0001667 seconds
[2023-11-16T03:38:23.247+0000][27271.009s][info ][safepoint     ] Entering safepoint region: Cleanup
[2023-11-16T03:38:23.247+0000][27271.009s][info ][safepoint     ] Leaving safepoint region
[2023-11-16T03:38:23.247+0000][27271.009s][info ][safepoint     ] Total time for which application threads were stopped: 0.0003472 seconds, Stopping threads took: 0.0000510 seconds
[2023-11-16T03:38:24.247+0000][27272.009s][debug][safepoint     ] Safepoint synchronization initiated. (164 threads)
[2023-11-16T03:38:24.248+0000][27272.009s][info ][safepoint     ] Application time: 1.0001733 seconds
[2023-11-16T03:38:24.248+0000][27272.009s][info ][safepoint     ] Entering safepoint region: Cleanup
[2023-11-16T03:38:24.248+0000][27272.010s][info ][safepoint     ] Leaving safepoint region
[2023-11-16T03:38:24.248+0000][27272.010s][info ][safepoint     ] Total time for which application threads were stopped: 0.0005116 seconds, Stopping threads took: 0.0002173 seconds
[2023-11-16T03:38:25.248+0000][27273.010s][debug][safepoint     ] Safepoint synchronization initiated. (164 threads)
[2023-11-16T03:38:25.248+0000][27273.010s][info ][safepoint     ] Application time: 1.0001637 seconds
[2023-11-16T03:38:25.248+0000][27273.010s][info ][safepoint     ] Entering safepoint region: Cleanup
[2023-11-16T03:38:25.249+0000][27273.010s][info ][safepoint     ] Leaving safepoint region
[2023-11-16T03:38:25.249+0000][27273.010s][info ][safepoint     ] Total time for which application threads were stopped: 0.0003184 seconds, Stopping threads took: 0.0000547 seconds
[2023-11-16T03:38:26.249+0000][27274.010s][debug][safepoint     ] Safepoint synchronization initiated. (164 threads)
[2023-11-16T03:38:26.249+0000][27274.010s][info ][safepoint     ] Application time: 1.0001566 seconds
[2023-11-16T03:38:26.249+0000][27274.010s][info ][safepoint     ] Entering safepoint region: Cleanup
[2023-11-16T03:38:26.249+0000][27274.011s][info ][safepoint     ] Leaving safepoint region
[2023-11-16T03:38:26.249+0000][27274.011s][info ][safepoint     ] Total time for which application threads were stopped: 0.0003455 seconds, Stopping threads took: 0.0000508 seconds
[2023-11-16T03:38:27.249+0000][27275.011s][debug][safepoint     ] Safepoint synchronization initiated. (164 threads)
[2023-11-16T03:38:27.249+0000][27275.011s][info ][safepoint     ] Application time: 1.0001727 seconds
[2023-11-16T03:38:27.249+0000][27275.011s][info ][safepoint     ] Entering safepoint region: Cleanup
[2023-11-16T03:38:27.250+0000][27275.011s][info ][safepoint     ] Leaving safepoint region
[2023-11-16T03:38:27.250+0000][27275.011s][info ][safepoint     ] Total time for which application threads were stopped: 0.0004002 seconds, Stopping threads took: 0.0000511 seconds
[2023-11-16T03:38:28.250+0000][27276.012s][debug][safepoint     ] Safepoint synchronization initiated. (164 threads)
[2023-11-16T03:38:28.250+0000][27276.012s][info ][safepoint     ] Application time: 1.0001754 seconds
[2023-11-16T03:38:28.250+0000][27276.012s][info ][safepoint     ] Entering safepoint region: Cleanup
[2023-11-16T03:38:28.250+0000][27276.012s][info ][safepoint     ] Leaving safepoint region
[2023-11-16T03:38:28.250+0000][27276.012s][info ][safepoint     ] Total time for which application threads were stopped: 0.0003542 seconds, Stopping threads took: 0.0000515 seconds
[2023-11-16T03:38:29.250+0000][27277.012s][debug][safepoint     ] Safepoint synchronization initiated. (164 threads)
[2023-11-16T03:38:29.251+0000][27277.012s][info ][safepoint     ] Application time: 1.0001747 seconds
[2023-11-16T03:38:29.251+0000][27277.012s][info ][safepoint     ] Entering safepoint region: Cleanup
[2023-11-16T03:38:29.251+0000][27277.013s][info ][safepoint     ] Leaving safepoint region
[2023-11-16T03:38:29.251+0000][27277.013s][info ][safepoint     ] Total time for which application threads were stopped: 0.0005173 seconds, Stopping threads took: 0.0001659 seconds
[2023-11-16T03:38:30.251+0000][27278.013s][debug][safepoint     ] Safepoint synchronization initiated. (164 threads)
[2023-11-16T03:38:30.251+0000][27278.013s][info ][safepoint     ] Application time: 1.0001668 seconds
[2023-11-16T03:38:30.251+0000][27278.013s][info ][safepoint     ] Entering safepoint region: Cleanup
[2023-11-16T03:38:30.252+0000][27278.013s][info ][safepoint     ] Leaving safepoint region
[2023-11-16T03:38:30.252+0000][27278.013s][info ][safepoint     ] Total time for which application threads were stopped: 0.0003591 seconds, Stopping threads took: 0.0000518 seconds
[2023-11-16T03:38:31.252+0000][27279.013s][debug][safepoint     ] Safepoint synchronization initiated. (164 threads)
[2023-11-16T03:38:31.252+0000][27279.013s][info ][safepoint     ] Application time: 1.0001789 seconds
[2023-11-16T03:38:31.252+0000][27279.014s][info ][safepoint     ] Entering safepoint region: Cleanup
[2023-11-16T03:38:31.252+0000][27279.014s][info ][safepoint     ] Leaving safepoint region
[2023-11-16T03:38:31.252+0000][27279.014s][info ][safepoint     ] Total time for which application threads were stopped: 0.0003468 seconds, Stopping threads took: 0.0000509 seconds
[2023-11-16T03:38:32.252+0000][27280.014s][debug][safepoint     ] Safepoint synchronization initiated. (164 threads)
[2023-11-16T03:38:32.252+0000][27280.014s][info ][safepoint     ] Application time: 1.0001925 seconds
[2023-11-16T03:38:32.252+0000][27280.014s][info ][safepoint     ] Entering safepoint region: Cleanup
[2023-11-16T03:38:32.253+0000][27280.014s][info ][safepoint     ] Leaving safepoint region
[2023-11-16T03:38:32.253+0000][27280.014s][info ][safepoint     ] Total time for which application threads were stopped: 0.0003482 seconds, Stopping threads took: 0.0000513 seconds
[2023-11-16T03:38:33.253+0000][27281.015s][debug][safepoint     ] Safepoint synchronization initiated. (163 threads)
[2023-11-16T03:38:33.253+0000][27281.015s][info ][safepoint     ] Application time: 1.0001728 seconds
[2023-11-16T03:38:33.253+0000][27281.015s][info ][safepoint     ] Entering safepoint region: Cleanup
[2023-11-16T03:38:33.253+0000][27281.015s][info ][safepoint     ] Leaving safepoint region
[2023-11-16T03:38:33.253+0000][27281.015s][info ][safepoint     ] Total time for which application threads were stopped: 0.0003492 seconds, Stopping threads took: 0.0000518 seconds
[2023-11-16T03:38:34.253+0000][27282.015s][debug][safepoint     ] Safepoint synchronization initiated. (163 threads)
[2023-11-16T03:38:34.254+0000][27282.015s][info ][safepoint     ] Application time: 1.0001657 seconds
[2023-11-16T03:38:34.254+0000][27282.015s][info ][safepoint     ] Entering safepoint region: Cleanup
[2023-11-16T03:38:34.254+0000][27282.016s][info ][safepoint     ] Leaving safepoint region
[2023-11-16T03:38:34.254+0000][27282.016s][info ][safepoint     ] Total time for which application threads were stopped: 0.0006768 seconds, Stopping threads took: 0.0003859 seconds
[2023-11-16T03:38:35.254+0000][27283.016s][debug][safepoint     ] Safepoint synchronization initiated. (163 threads)
[2023-11-16T03:38:35.254+0000][27283.016s][info ][safepoint     ] Application time: 1.0001725 seconds
[2023-11-16T03:38:35.254+0000][27283.016s][info ][safepoint     ] Entering safepoint region: Cleanup
[2023-11-16T03:38:35.255+0000][27283.016s][info ][safepoint     ] Leaving safepoint region
[2023-11-16T03:38:35.255+0000][27283.016s][info ][safepoint     ] Total time for which application threads were stopped: 0.0003469 seconds, Stopping threads took: 0.0000504 seconds
[2023-11-16T03:38:36.255+0000][27284.017s][debug][safepoint     ] Safepoint synchronization initiated. (163 threads)
[2023-11-16T03:38:36.255+0000][27284.017s][info ][safepoint     ] Application time: 1.0001735 seconds
[2023-11-16T03:38:36.255+0000][27284.017s][info ][safepoint     ] Entering safepoint region: Cleanup
[2023-11-16T03:38:36.255+0000][27284.017s][info ][safepoint     ] Leaving safepoint region
[2023-11-16T03:38:36.255+0000][27284.017s][info ][safepoint     ] Total time for which application threads were stopped: 0.0003421 seconds, Stopping threads took: 0.0000513 seconds
[2023-11-16T03:38:37.255+0000][27285.017s][debug][safepoint     ] Safepoint synchronization initiated. (163 threads)
[2023-11-16T03:38:37.256+0000][27285.017s][info ][safepoint     ] Application time: 1.0001932 seconds
[2023-11-16T03:38:37.256+0000][27285.017s][info ][safepoint     ] Entering safepoint region: Cleanup
[2023-11-16T03:38:37.256+0000][27285.018s][info ][safepoint     ] Leaving safepoint region
[2023-11-16T03:38:37.256+0000][27285.018s][info ][safepoint     ] Total time for which application threads were stopped: 0.0003458 seconds, Stopping threads took: 0.0000506 seconds
[2023-11-16T03:38:38.256+0000][27286.018s][debug][safepoint     ] Safepoint synchronization initiated. (163 threads)
[2023-11-16T03:38:38.256+0000][27286.018s][info ][safepoint     ] Application time: 1.0001752 seconds
[2023-11-16T03:38:38.256+0000][27286.018s][info ][safepoint     ] Entering safepoint region: Cleanup
[2023-11-16T03:38:38.256+0000][27286.018s][info ][safepoint     ] Leaving safepoint region
[2023-11-16T03:38:38.256+0000][27286.018s][info ][safepoint     ] Total time for which application threads were stopped: 0.0003446 seconds, Stopping threads took: 0.0000517 seconds
[2023-11-16T03:38:39.257+0000][27287.018s][debug][safepoint     ] Safepoint synchronization initiated. (163 threads)
[2023-11-16T03:38:39.257+0000][27287.018s][info ][safepoint     ] Application time: 1.0002253 seconds
[2023-11-16T03:38:39.257+0000][27287.018s][info ][safepoint     ] Entering safepoint region: Cleanup
[2023-11-16T03:38:39.257+0000][27287.019s][info ][safepoint     ] Leaving safepoint region
[2023-11-16T03:38:39.257+0000][27287.019s][info ][safepoint     ] Total time for which application threads were stopped: 0.0003163 seconds, Stopping threads took: 0.0000536 seconds
[2023-11-16T03:38:40.257+0000][27288.019s][debug][safepoint     ] Safepoint synchronization initiated. (163 threads)
[2023-11-16T03:38:40.257+0000][27288.019s][info ][safepoint     ] Application time: 1.0001781 seconds
[2023-11-16T03:38:40.257+0000][27288.019s][info ][safepoint     ] Entering safepoint region: Cleanup
[2023-11-16T03:38:40.258+0000][27288.019s][info ][safepoint     ] Leaving safepoint region
[2023-11-16T03:38:40.258+0000][27288.019s][info ][safepoint     ] Total time for which application threads were stopped: 0.0002606 seconds, Stopping threads took: 0.0000521 seconds
[2023-11-16T03:38:41.258+0000][27289.019s][debug][safepoint     ] Safepoint synchronization initiated. (163 threads)
[2023-11-16T03:38:41.258+0000][27289.019s][info ][safepoint     ] Application time: 1.0001749 seconds
[2023-11-16T03:38:41.258+0000][27289.019s][info ][safepoint     ] Entering safepoint region: Cleanup
[2023-11-16T03:38:41.258+0000][27289.020s][info ][safepoint     ] Leaving safepoint region
[2023-11-16T03:38:41.258+0000][27289.020s][info ][safepoint     ] Total time for which application threads were stopped: 0.0003494 seconds, Stopping threads took: 0.0000519 seconds
[2023-11-16T03:38:42.258+0000][27290.020s][debug][safepoint     ] Safepoint synchronization initiated. (163 threads)
[2023-11-16T03:38:42.258+0000][27290.020s][info ][safepoint     ] Application time: 1.0001726 seconds
[2023-11-16T03:38:42.258+0000][27290.020s][info ][safepoint     ] Entering safepoint region: Cleanup
[2023-11-16T03:38:42.259+0000][27290.020s][info ][safepoint     ] Leaving safepoint region
[2023-11-16T03:38:42.259+0000][27290.020s][info ][safepoint     ] Total time for which application threads were stopped: 0.0003433 seconds, Stopping threads took: 0.0000502 seconds
[2023-11-16T03:38:43.259+0000][27291.020s][debug][safepoint     ] Safepoint synchronization initiated. (163 threads)
[2023-11-16T03:38:43.259+0000][27291.020s][info ][safepoint     ] Application time: 1.0001901 seconds
[2023-11-16T03:38:43.259+0000][27291.021s][info ][safepoint     ] Entering safepoint region: Cleanup
[2023-11-16T03:38:43.259+0000][27291.021s][info ][safepoint     ] Leaving safepoint region
[2023-11-16T03:38:43.259+0000][27291.021s][info ][safepoint     ] Total time for which application threads were stopped: 0.0003479 seconds, Stopping threads took: 0.0000529 seconds
[2023-11-16T03:38:44.259+0000][27292.021s][debug][safepoint     ] Safepoint synchronization initiated. (163 threads)
[2023-11-16T03:38:44.259+0000][27292.021s][info ][safepoint     ] Application time: 1.0001553 seconds
[2023-11-16T03:38:44.259+0000][27292.021s][info ][safepoint     ] Entering safepoint region: Cleanup
[2023-11-16T03:38:44.260+0000][27292.022s][info ][safepoint     ] Leaving safepoint region
[2023-11-16T03:38:44.260+0000][27292.022s][info ][safepoint     ] Total time for which application threads were stopped: 0.0005958 seconds, Stopping threads took: 0.0003101 seconds
[2023-11-16T03:38:45.260+0000][27293.022s][debug][safepoint     ] Safepoint synchronization initiated. (163 threads)
[2023-11-16T03:38:45.260+0000][27293.022s][info ][safepoint     ] Application time: 1.0001613 seconds
[2023-11-16T03:38:45.260+0000][27293.022s][info ][safepoint     ] Entering safepoint region: Cleanup
[2023-11-16T03:38:45.260+0000][27293.022s][info ][safepoint     ] Leaving safepoint region
[2023-11-16T03:38:45.260+0000][27293.022s][info ][safepoint     ] Total time for which application threads were stopped: 0.0002605 seconds, Stopping threads took: 0.0000518 seconds
[2023-11-16T03:38:46.261+0000][27294.022s][debug][safepoint     ] Safepoint synchronization initiated. (163 threads)
[2023-11-16T03:38:46.261+0000][27294.022s][info ][safepoint     ] Application time: 1.0001671 seconds
[2023-11-16T03:38:46.261+0000][27294.022s][info ][safepoint     ] Entering safepoint region: Cleanup
[2023-11-16T03:38:46.261+0000][27294.023s][info ][safepoint     ] Leaving safepoint region
[2023-11-16T03:38:46.261+0000][27294.023s][info ][safepoint     ] Total time for which application threads were stopped: 0.0002548 seconds, Stopping threads took: 0.0000507 seconds
[2023-11-16T03:38:47.261+0000][27295.023s][debug][safepoint     ] Safepoint synchronization initiated. (163 threads)
[2023-11-16T03:38:47.261+0000][27295.023s][info ][safepoint     ] Application time: 1.0001508 seconds
[2023-11-16T03:38:47.261+0000][27295.023s][info ][safepoint     ] Entering safepoint region: Cleanup
[2023-11-16T03:38:47.261+0000][27295.023s][info ][safepoint     ] Leaving safepoint region
[2023-11-16T03:38:47.261+0000][27295.023s][info ][safepoint     ] Total time for which application threads were stopped: 0.0002704 seconds, Stopping threads took: 0.0000596 seconds
[2023-11-16T03:38:47.261+0000][27295.023s][debug][safepoint     ] ... found polling page return exception at pc = 0x00007f693102dd76, stub =0x00007f692883a800
[2023-11-16T03:38:48.262+0000][27296.023s][debug][safepoint     ] Safepoint synchronization initiated. (163 threads)
[2023-11-16T03:38:48.262+0000][27296.023s][info ][safepoint     ] Application time: 1.0001824 seconds
[2023-11-16T03:38:48.262+0000][27296.023s][info ][safepoint     ] Entering safepoint region: Cleanup
[2023-11-16T03:38:48.262+0000][27296.023s][info ][safepoint     ] Leaving safepoint region
[2023-11-16T03:38:48.262+0000][27296.024s][info ][safepoint     ] Total time for which application threads were stopped: 0.0002450 seconds, Stopping threads took: 0.0000502 seconds
[2023-11-16T03:38:49.262+0000][27297.024s][debug][safepoint     ] Safepoint synchronization initiated. (163 threads)
[2023-11-16T03:38:49.262+0000][27297.024s][info ][safepoint     ] Application time: 1.0001530 seconds
[2023-11-16T03:38:49.262+0000][27297.024s][info ][safepoint     ] Entering safepoint region: Cleanup
[2023-11-16T03:38:49.263+0000][27297.024s][info ][safepoint     ] Leaving safepoint region
[2023-11-16T03:38:49.263+0000][27297.024s][info ][safepoint     ] Total time for which application threads were stopped: 0.0004944 seconds, Stopping threads took: 0.0002447 seconds
[2023-11-16T03:38:50.263+0000][27298.024s][debug][safepoint     ] Safepoint synchronization initiated. (163 threads)
[2023-11-16T03:38:50.263+0000][27298.024s][info ][safepoint     ] Application time: 1.0001712 seconds
[2023-11-16T03:38:50.263+0000][27298.024s][info ][safepoint     ] Entering safepoint region: Cleanup
[2023-11-16T03:38:50.263+0000][27298.025s][info ][safepoint     ] Leaving safepoint region
[2023-11-16T03:38:50.263+0000][27298.025s][info ][safepoint     ] Total time for which application threads were stopped: 0.0003497 seconds, Stopping threads took: 0.0000500 seconds
[2023-11-16T03:38:51.263+0000][27299.025s][debug][safepoint     ] Safepoint synchronization initiated. (163 threads)
[2023-11-16T03:38:51.263+0000][27299.025s][info ][safepoint     ] Application time: 1.0001738 seconds
[2023-11-16T03:38:51.263+0000][27299.025s][info ][safepoint     ] Entering safepoint region: Cleanup
[2023-11-16T03:38:51.264+0000][27299.025s][info ][safepoint     ] Leaving safepoint region
[2023-11-16T03:38:51.264+0000][27299.025s][info ][safepoint     ] Total time for which application threads were stopped: 0.0002957 seconds, Stopping threads took: 0.0000498 seconds
[2023-11-16T03:38:52.264+0000][27300.025s][debug][safepoint     ] Safepoint synchronization initiated. (163 threads)
[2023-11-16T03:38:52.264+0000][27300.025s][info ][safepoint     ] Application time: 1.0001678 seconds
[2023-11-16T03:38:52.264+0000][27300.025s][info ][safepoint     ] Entering safepoint region: Cleanup
[2023-11-16T03:38:52.264+0000][27300.026s][info ][safepoint     ] Leaving safepoint region
[2023-11-16T03:38:52.264+0000][27300.026s][info ][safepoint     ] Total time for which application threads were stopped: 0.0003649 seconds, Stopping threads took: 0.0000489 seconds
[2023-11-16T03:38:53.264+0000][27301.026s][debug][safepoint     ] Safepoint synchronization initiated. (163 threads)
[2023-11-16T03:38:53.264+0000][27301.026s][info ][safepoint     ] Application time: 1.0001525 seconds
[2023-11-16T03:38:53.264+0000][27301.026s][info ][safepoint     ] Entering safepoint region: Cleanup
[2023-11-16T03:38:53.265+0000][27301.026s][info ][safepoint     ] Leaving safepoint region
[2023-11-16T03:38:53.265+0000][27301.026s][info ][safepoint     ] Total time for which application threads were stopped: 0.0002428 seconds, Stopping threads took: 0.0000502 seconds
[2023-11-16T03:38:54.265+0000][27302.026s][debug][safepoint     ] Safepoint synchronization initiated. (163 threads)
[2023-11-16T03:38:54.265+0000][27302.026s][info ][safepoint     ] Application time: 1.0001476 seconds
[2023-11-16T03:38:54.265+0000][27302.026s][info ][safepoint     ] Entering safepoint region: Cleanup
[2023-11-16T03:38:54.265+0000][27302.027s][info ][safepoint     ] Leaving safepoint region
[2023-11-16T03:38:54.265+0000][27302.027s][info ][safepoint     ] Total time for which application threads were stopped: 0.0003399 seconds, Stopping threads took: 0.0000503 seconds
[2023-11-16T03:38:55.265+0000][27303.027s][debug][safepoint     ] Safepoint synchronization initiated. (163 threads)
[2023-11-16T03:38:55.265+0000][27303.027s][info ][safepoint     ] Application time: 1.0001562 seconds
[2023-11-16T03:38:55.265+0000][27303.027s][info ][safepoint     ] Entering safepoint region: Cleanup
[2023-11-16T03:38:55.266+0000][27303.027s][info ][safepoint     ] Leaving safepoint region
[2023-11-16T03:38:55.266+0000][27303.027s][info ][safepoint     ] Total time for which application threads were stopped: 0.0003399 seconds, Stopping threads took: 0.0000503 seconds
[2023-11-16T03:38:56.266+0000][27304.027s][debug][safepoint     ] Safepoint synchronization initiated. (163 threads)
[2023-11-16T03:38:56.266+0000][27304.027s][info ][safepoint     ] Application time: 1.0001590 seconds
[2023-11-16T03:38:56.266+0000][27304.028s][info ][safepoint     ] Entering safepoint region: Cleanup
[2023-11-16T03:38:56.266+0000][27304.028s][info ][safepoint     ] Leaving safepoint region
[2023-11-16T03:38:56.266+0000][27304.028s][info ][safepoint     ] Total time for which application threads were stopped: 0.0003387 seconds, Stopping threads took: 0.0000492 seconds
[2023-11-16T03:38:57.266+0000][27305.028s][debug][safepoint     ] Safepoint synchronization initiated. (163 threads)
[2023-11-16T03:38:57.266+0000][27305.028s][info ][safepoint     ] Application time: 1.0001416 seconds
[2023-11-16T03:38:57.266+0000][27305.028s][info ][safepoint     ] Entering safepoint region: Cleanup
[2023-11-16T03:38:57.267+0000][27305.028s][info ][safepoint     ] Leaving safepoint region
[2023-11-16T03:38:57.267+0000][27305.028s][info ][safepoint     ] Total time for which application threads were stopped: 0.0003424 seconds, Stopping threads took: 0.0000488 seconds
[2023-11-16T03:38:58.267+0000][27306.028s][debug][safepoint     ] Safepoint synchronization initiated. (163 threads)
[2023-11-16T03:38:58.267+0000][27306.029s][info ][safepoint     ] Application time: 1.0001665 seconds
[2023-11-16T03:38:58.267+0000][27306.029s][info ][safepoint     ] Entering safepoint region: Cleanup
[2023-11-16T03:38:58.267+0000][27306.029s][info ][safepoint     ] Leaving safepoint region
[2023-11-16T03:38:58.267+0000][27306.029s][info ][safepoint     ] Total time for which application threads were stopped: 0.0003392 seconds, Stopping threads took: 0.0000495 seconds
[2023-11-16T03:38:59.267+0000][27307.029s][debug][safepoint     ] Safepoint synchronization initiated. (163 threads)
[2023-11-16T03:38:59.267+0000][27307.029s][info ][safepoint     ] Application time: 1.0001493 seconds
[2023-11-16T03:38:59.268+0000][27307.029s][info ][safepoint     ] Entering safepoint region: Cleanup
[2023-11-16T03:38:59.268+0000][27307.029s][info ][safepoint     ] Leaving safepoint region
[2023-11-16T03:38:59.268+0000][27307.029s][info ][safepoint     ] Total time for which application threads were stopped: 0.0003651 seconds, Stopping threads took: 0.0000514 seconds
[2023-11-16T03:39:00.268+0000][27308.030s][debug][safepoint     ] Safepoint synchronization initiated. (163 threads)
[2023-11-16T03:39:00.268+0000][27308.030s][info ][safepoint     ] Application time: 1.0001519 seconds
[2023-11-16T03:39:00.268+0000][27308.030s][info ][safepoint     ] Entering safepoint region: Cleanup
[2023-11-16T03:39:00.268+0000][27308.030s][info ][safepoint     ] Leaving safepoint region
[2023-11-16T03:39:00.268+0000][27308.030s][info ][safepoint     ] Total time for which application threads were stopped: 0.0003380 seconds, Stopping threads took: 0.0000502 seconds
[2023-11-16T03:39:01.268+0000][27309.030s][debug][safepoint     ] Safepoint synchronization initiated. (163 threads)
[2023-11-16T03:39:01.269+0000][27309.030s][info ][safepoint     ] Application time: 1.0001581 seconds
[2023-11-16T03:39:01.269+0000][27309.030s][info ][safepoint     ] Entering safepoint region: Cleanup
[2023-11-16T03:39:01.269+0000][27309.031s][info ][safepoint     ] Leaving safepoint region
[2023-11-16T03:39:01.269+0000][27309.031s][info ][safepoint     ] Total time for which application threads were stopped: 0.0003389 seconds, Stopping threads took: 0.0000493 seconds
[2023-11-16T03:39:02.269+0000][27310.031s][debug][safepoint     ] Safepoint synchronization initiated. (163 threads)
[2023-11-16T03:39:02.269+0000][27310.031s][info ][safepoint     ] Application time: 1.0001553 seconds
[2023-11-16T03:39:02.269+0000][27310.031s][info ][safepoint     ] Entering safepoint region: Cleanup
[2023-11-16T03:39:02.270+0000][27310.031s][info ][safepoint     ] Leaving safepoint region
[2023-11-16T03:39:02.270+0000][27310.031s][info ][safepoint     ] Total time for which application threads were stopped: 0.0006053 seconds, Stopping threads took: 0.0003945 seconds
[2023-11-16T03:39:03.270+0000][27311.031s][debug][safepoint     ] Safepoint synchronization initiated. (163 threads)
[2023-11-16T03:39:03.270+0000][27311.031s][info ][safepoint     ] Application time: 1.0001438 seconds
[2023-11-16T03:39:03.270+0000][27311.032s][info ][safepoint     ] Entering safepoint region: Cleanup
[2023-11-16T03:39:03.270+0000][27311.032s][info ][safepoint     ] Leaving safepoint region
[2023-11-16T03:39:03.270+0000][27311.032s][info ][safepoint     ] Total time for which application threads were stopped: 0.0003454 seconds, Stopping threads took: 0.0000504 seconds
[2023-11-16T03:39:04.270+0000][27312.032s][debug][safepoint     ] Safepoint synchronization initiated. (163 threads)
[2023-11-16T03:39:04.270+0000][27312.032s][info ][safepoint     ] Application time: 1.0001723 seconds
[2023-11-16T03:39:04.270+0000][27312.032s][info ][safepoint     ] Entering safepoint region: Cleanup
[2023-11-16T03:39:04.271+0000][27312.032s][info ][safepoint     ] Leaving safepoint region
[2023-11-16T03:39:04.271+0000][27312.032s][info ][safepoint     ] Total time for which application threads were stopped: 0.0003433 seconds, Stopping threads took: 0.0000503 seconds
[2023-11-16T03:39:05.271+0000][27313.033s][debug][safepoint     ] Safepoint synchronization initiated. (163 threads)
[2023-11-16T03:39:05.271+0000][27313.033s][info ][safepoint     ] Application time: 1.0001644 seconds
[2023-11-16T03:39:05.271+0000][27313.033s][info ][safepoint     ] Entering safepoint region: Cleanup
[2023-11-16T03:39:05.271+0000][27313.033s][info ][safepoint     ] Leaving safepoint region
[2023-11-16T03:39:05.271+0000][27313.033s][info ][safepoint     ] Total time for which application threads were stopped: 0.0003189 seconds, Stopping threads took: 0.0000509 seconds
[2023-11-16T03:39:06.271+0000][27314.033s][debug][safepoint     ] Safepoint synchronization initiated. (163 threads)
[2023-11-16T03:39:06.272+0000][27314.033s][info ][safepoint     ] Application time: 1.0001904 seconds
[2023-11-16T03:39:06.272+0000][27314.033s][info ][safepoint     ] Entering safepoint region: Cleanup
[2023-11-16T03:39:06.272+0000][27314.033s][info ][safepoint     ] Leaving safepoint region
[2023-11-16T03:39:06.272+0000][27314.034s][info ][safepoint     ] Total time for which application threads were stopped: 0.0003727 seconds, Stopping threads took: 0.0000775 seconds
[2023-11-16T03:39:07.272+0000][27315.034s][debug][safepoint     ] Safepoint synchronization initiated. (163 threads)
[2023-11-16T03:39:07.272+0000][27315.034s][info ][safepoint     ] Application time: 1.0001601 seconds
[2023-11-16T03:39:07.272+0000][27315.034s][info ][safepoint     ] Entering safepoint region: Cleanup
[2023-11-16T03:39:07.273+0000][27315.034s][info ][safepoint     ] Leaving safepoint region
[2023-11-16T03:39:07.273+0000][27315.034s][info ][safepoint     ] Total time for which application threads were stopped: 0.0007543 seconds, Stopping threads took: 0.0004602 seconds
[2023-11-16T03:39:08.273+0000][27316.035s][debug][safepoint     ] Safepoint synchronization initiated. (163 threads)
[2023-11-16T03:39:08.273+0000][27316.035s][info ][safepoint     ] Application time: 1.0001556 seconds
[2023-11-16T03:39:08.273+0000][27316.035s][info ][safepoint     ] Entering safepoint region: Cleanup
[2023-11-16T03:39:08.273+0000][27316.035s][info ][safepoint     ] Leaving safepoint region
[2023-11-16T03:39:08.273+0000][27316.035s][info ][safepoint     ] Total time for which application threads were stopped: 0.0003406 seconds, Stopping threads took: 0.0000517 seconds
[2023-11-16T03:39:09.274+0000][27317.035s][debug][safepoint     ] Safepoint synchronization initiated. (163 threads)
[2023-11-16T03:39:09.274+0000][27317.035s][info ][safepoint     ] Application time: 1.0001719 seconds
[2023-11-16T03:39:09.274+0000][27317.035s][info ][safepoint     ] Entering safepoint region: Cleanup
[2023-11-16T03:39:09.274+0000][27317.036s][info ][safepoint     ] Leaving safepoint region
[2023-11-16T03:39:09.274+0000][27317.036s][info ][safepoint     ] Total time for which application threads were stopped: 0.0003461 seconds, Stopping threads took: 0.0000518 seconds
[2023-11-16T03:39:10.274+0000][27318.036s][debug][safepoint     ] Safepoint synchronization initiated. (163 threads)
[2023-11-16T03:39:10.274+0000][27318.036s][info ][safepoint     ] Application time: 1.0001601 seconds
[2023-11-16T03:39:10.274+0000][27318.036s][info ][safepoint     ] Entering safepoint region: Cleanup
[2023-11-16T03:39:10.274+0000][27318.036s][info ][safepoint     ] Leaving safepoint region
[2023-11-16T03:39:10.274+0000][27318.036s][info ][safepoint     ] Total time for which application threads were stopped: 0.0003490 seconds, Stopping threads took: 0.0000499 seconds
[2023-11-16T03:39:11.275+0000][27319.036s][debug][safepoint     ] Safepoint synchronization initiated. (163 threads)
[2023-11-16T03:39:11.275+0000][27319.036s][info ][safepoint     ] Application time: 1.0001698 seconds
[2023-11-16T03:39:11.275+0000][27319.036s][info ][safepoint     ] Entering safepoint region: Cleanup
[2023-11-16T03:39:11.275+0000][27319.037s][info ][safepoint     ] Leaving safepoint region
[2023-11-16T03:39:11.275+0000][27319.037s][info ][safepoint     ] Total time for which application threads were stopped: 0.0002643 seconds, Stopping threads took: 0.0000537 seconds
[2023-11-16T03:39:12.275+0000][27320.037s][debug][safepoint     ] Safepoint synchronization initiated. (163 threads)
[2023-11-16T03:39:12.275+0000][27320.037s][info ][safepoint     ] Application time: 1.0001826 seconds
[2023-11-16T03:39:12.275+0000][27320.037s][debug][safepoint     ] ... found polling page loop exception at pc = 0x00007f6930b42472, stub =0x00007f692883ab00
[2023-11-16T03:39:12.275+0000][27320.037s][debug][safepoint     ] Waiting for 1 thread(s) to block
[2023-11-16T03:39:12.275+0000][27320.037s][info ][safepoint     ] Entering safepoint region: Cleanup
[2023-11-16T03:39:12.276+0000][27320.037s][info ][safepoint     ] Leaving safepoint region
[2023-11-16T03:39:12.276+0000][27320.037s][info ][safepoint     ] Total time for which application threads were stopped: 0.0003964 seconds, Stopping threads took: 0.0001660 seconds
[2023-11-16T03:39:13.276+0000][27321.037s][debug][safepoint     ] Safepoint synchronization initiated. (163 threads)
[2023-11-16T03:39:13.276+0000][27321.037s][info ][safepoint     ] Application time: 1.0001632 seconds
[2023-11-16T03:39:13.276+0000][27321.037s][info ][safepoint     ] Entering safepoint region: Cleanup
[2023-11-16T03:39:13.276+0000][27321.038s][info ][safepoint     ] Leaving safepoint region
[2023-11-16T03:39:13.276+0000][27321.038s][info ][safepoint     ] Total time for which application threads were stopped: 0.0003459 seconds, Stopping threads took: 0.0000508 seconds
[2023-11-16T03:39:14.276+0000][27322.038s][debug][safepoint     ] Safepoint synchronization initiated. (163 threads)
[2023-11-16T03:39:14.276+0000][27322.038s][info ][safepoint     ] Application time: 1.0001728 seconds
[2023-11-16T03:39:14.276+0000][27322.038s][info ][safepoint     ] Entering safepoint region: Cleanup
[2023-11-16T03:39:14.277+0000][27322.038s][info ][safepoint     ] Leaving safepoint region
[2023-11-16T03:39:14.277+0000][27322.038s][info ][safepoint     ] Total time for which application threads were stopped: 0.0003432 seconds, Stopping threads took: 0.0000512 seconds
[2023-11-16T03:39:15.277+0000][27323.038s][debug][safepoint     ] Safepoint synchronization initiated. (163 threads)
[2023-11-16T03:39:15.277+0000][27323.039s][info ][safepoint     ] Application time: 1.0001557 seconds
[2023-11-16T03:39:15.277+0000][27323.039s][info ][safepoint     ] Entering safepoint region: Cleanup
[2023-11-16T03:39:15.277+0000][27323.039s][info ][safepoint     ] Leaving safepoint region
[2023-11-16T03:39:15.277+0000][27323.039s][info ][safepoint     ] Total time for which application threads were stopped: 0.0003474 seconds, Stopping threads took: 0.0000521 seconds
[2023-11-16T03:39:16.277+0000][27324.039s][debug][safepoint     ] Safepoint synchronization initiated. (163 threads)
[2023-11-16T03:39:16.277+0000][27324.039s][info ][safepoint     ] Application time: 1.0001720 seconds
[2023-11-16T03:39:16.278+0000][27324.039s][info ][safepoint     ] Entering safepoint region: Cleanup
[2023-11-16T03:39:16.278+0000][27324.039s][info ][safepoint     ] Leaving safepoint region
[2023-11-16T03:39:16.278+0000][27324.039s][info ][safepoint     ] Total time for which application threads were stopped: 0.0003427 seconds, Stopping threads took: 0.0000515 seconds
[2023-11-16T03:39:17.278+0000][27325.040s][debug][safepoint     ] Safepoint synchronization initiated. (163 threads)
[2023-11-16T03:39:17.278+0000][27325.040s][info ][safepoint     ] Application time: 1.0001467 seconds
[2023-11-16T03:39:17.278+0000][27325.040s][info ][safepoint     ] Entering safepoint region: Cleanup
[2023-11-16T03:39:17.278+0000][27325.040s][info ][safepoint     ] Leaving safepoint region
[2023-11-16T03:39:17.278+0000][27325.040s][info ][safepoint     ] Total time for which application threads were stopped: 0.0004931 seconds, Stopping threads took: 0.0002879 seconds
[2023-11-16T03:39:18.279+0000][27326.040s][debug][safepoint     ] Safepoint synchronization initiated. (163 threads)
[2023-11-16T03:39:18.279+0000][27326.040s][info ][safepoint     ] Application time: 1.0001626 seconds
[2023-11-16T03:39:18.279+0000][27326.040s][info ][safepoint     ] Entering safepoint region: Cleanup
[2023-11-16T03:39:18.279+0000][27326.041s][info ][safepoint     ] Leaving safepoint region
[2023-11-16T03:39:18.279+0000][27326.041s][info ][safepoint     ] Total time for which application threads were stopped: 0.0003508 seconds, Stopping threads took: 0.0000515 seconds
[2023-11-16T03:39:19.279+0000][27327.041s][debug][safepoint     ] Safepoint synchronization initiated. (163 threads)
[2023-11-16T03:39:19.279+0000][27327.041s][info ][safepoint     ] Application time: 1.0001760 seconds
[2023-11-16T03:39:19.279+0000][27327.041s][info ][safepoint     ] Entering safepoint region: Cleanup
[2023-11-16T03:39:19.280+0000][27327.041s][info ][safepoint     ] Leaving safepoint region
[2023-11-16T03:39:19.280+0000][27327.041s][info ][safepoint     ] Total time for which application threads were stopped: 0.0003163 seconds, Stopping threads took: 0.0000522 seconds
[2023-11-16T03:39:20.280+0000][27328.041s][debug][safepoint     ] Safepoint synchronization initiated. (163 threads)
[2023-11-16T03:39:20.280+0000][27328.041s][info ][safepoint     ] Application time: 1.0001456 seconds
[2023-11-16T03:39:20.280+0000][27328.041s][info ][safepoint     ] Entering safepoint region: Cleanup
[2023-11-16T03:39:20.280+0000][27328.042s][info ][safepoint     ] Leaving safepoint region
[2023-11-16T03:39:20.280+0000][27328.042s][info ][safepoint     ] Total time for which application threads were stopped: 0.0003479 seconds, Stopping threads took: 0.0000510 seconds
[2023-11-16T03:39:21.280+0000][27329.042s][debug][safepoint     ] Safepoint synchronization initiated. (163 threads)
[2023-11-16T03:39:21.280+0000][27329.042s][info ][safepoint     ] Application time: 1.0001725 seconds
[2023-11-16T03:39:21.280+0000][27329.042s][info ][safepoint     ] Entering safepoint region: Cleanup
[2023-11-16T03:39:21.281+0000][27329.042s][info ][safepoint     ] Leaving safepoint region
[2023-11-16T03:39:21.281+0000][27329.042s][info ][safepoint     ] Total time for which application threads were stopped: 0.0003139 seconds, Stopping threads took: 0.0000509 seconds
[2023-11-16T03:39:22.281+0000][27330.042s][debug][safepoint     ] Safepoint synchronization initiated. (163 threads)
[2023-11-16T03:39:22.281+0000][27330.042s][info ][safepoint     ] Application time: 1.0001491 seconds
[2023-11-16T03:39:22.281+0000][27330.043s][info ][safepoint     ] Entering safepoint region: Cleanup
[2023-11-16T03:39:22.281+0000][27330.043s][info ][safepoint     ] Leaving safepoint region
[2023-11-16T03:39:22.281+0000][27330.043s][info ][safepoint     ] Total time for which application threads were stopped: 0.0003845 seconds, Stopping threads took: 0.0001589 seconds
[2023-11-16T03:39:23.281+0000][27331.043s][debug][safepoint     ] Safepoint synchronization initiated. (163 threads)
[2023-11-16T03:39:23.281+0000][27331.043s][info ][safepoint     ] Application time: 1.0001694 seconds
[2023-11-16T03:39:23.281+0000][27331.043s][info ][safepoint     ] Entering safepoint region: Cleanup
[2023-11-16T03:39:23.282+0000][27331.043s][info ][safepoint     ] Leaving safepoint region
[2023-11-16T03:39:23.282+0000][27331.043s][info ][safepoint     ] Total time for which application threads were stopped: 0.0003422 seconds, Stopping threads took: 0.0000496 seconds
[2023-11-16T03:39:24.282+0000][27332.044s][debug][safepoint     ] Safepoint synchronization initiated. (163 threads)
[2023-11-16T03:39:24.282+0000][27332.044s][info ][safepoint     ] Application time: 1.0001594 seconds
[2023-11-16T03:39:24.282+0000][27332.044s][info ][safepoint     ] Entering safepoint region: Cleanup
[2023-11-16T03:39:24.282+0000][27332.044s][info ][safepoint     ] Leaving safepoint region
[2023-11-16T03:39:24.282+0000][27332.044s][info ][safepoint     ] Total time for which application threads were stopped: 0.0003415 seconds, Stopping threads took: 0.0000498 seconds
[2023-11-16T03:39:25.282+0000][27333.044s][debug][safepoint     ] Safepoint synchronization initiated. (163 threads)
[2023-11-16T03:39:25.282+0000][27333.044s][info ][safepoint     ] Application time: 1.0001669 seconds
[2023-11-16T03:39:25.283+0000][27333.044s][info ][safepoint     ] Entering safepoint region: Cleanup
[2023-11-16T03:39:25.283+0000][27333.044s][info ][safepoint     ] Leaving safepoint region
[2023-11-16T03:39:25.283+0000][27333.044s][info ][safepoint     ] Total time for which application threads were stopped: 0.0002559 seconds, Stopping threads took: 0.0000488 seconds
[2023-11-16T03:39:26.283+0000][27334.045s][debug][safepoint     ] Safepoint synchronization initiated. (163 threads)
[2023-11-16T03:39:26.283+0000][27334.045s][info ][safepoint     ] Application time: 1.0001556 seconds
[2023-11-16T03:39:26.283+0000][27334.045s][info ][safepoint     ] Entering safepoint region: Cleanup
[2023-11-16T03:39:26.283+0000][27334.045s][info ][safepoint     ] Leaving safepoint region
[2023-11-16T03:39:26.283+0000][27334.045s][info ][safepoint     ] Total time for which application threads were stopped: 0.0002592 seconds, Stopping threads took: 0.0000491 seconds
[2023-11-16T03:39:27.283+0000][27335.045s][debug][safepoint     ] Safepoint synchronization initiated. (163 threads)
[2023-11-16T03:39:27.283+0000][27335.045s][info ][safepoint     ] Application time: 1.0001535 seconds
[2023-11-16T03:39:27.283+0000][27335.045s][info ][safepoint     ] Entering safepoint region: Cleanup
[2023-11-16T03:39:27.284+0000][27335.046s][info ][safepoint     ] Leaving safepoint region
[2023-11-16T03:39:27.284+0000][27335.046s][info ][safepoint     ] Total time for which application threads were stopped: 0.0005184 seconds, Stopping threads took: 0.0002875 seconds
[2023-11-16T03:39:28.284+0000][27336.046s][debug][safepoint     ] Safepoint synchronization initiated. (163 threads)
[2023-11-16T03:39:28.284+0000][27336.046s][info ][safepoint     ] Application time: 1.0001521 seconds
[2023-11-16T03:39:28.284+0000][27336.046s][info ][safepoint     ] Entering safepoint region: Cleanup
[2023-11-16T03:39:28.284+0000][27336.046s][info ][safepoint     ] Leaving safepoint region
[2023-11-16T03:39:28.284+0000][27336.046s][info ][safepoint     ] Total time for which application threads were stopped: 0.0003491 seconds, Stopping threads took: 0.0000490 seconds
[2023-11-16T03:39:29.285+0000][27337.046s][debug][safepoint     ] Safepoint synchronization initiated. (163 threads)
[2023-11-16T03:39:29.285+0000][27337.046s][info ][safepoint     ] Application time: 1.0001608 seconds
[2023-11-16T03:39:29.285+0000][27337.046s][info ][safepoint     ] Entering safepoint region: Cleanup
[2023-11-16T03:39:29.285+0000][27337.047s][info ][safepoint     ] Leaving safepoint region
[2023-11-16T03:39:29.285+0000][27337.047s][info ][safepoint     ] Total time for which application threads were stopped: 0.0002934 seconds, Stopping threads took: 0.0000705 seconds
[2023-11-16T03:39:30.285+0000][27338.047s][debug][safepoint     ] Safepoint synchronization initiated. (163 threads)
[2023-11-16T03:39:30.285+0000][27338.047s][info ][safepoint     ] Application time: 1.0001508 seconds
[2023-11-16T03:39:30.285+0000][27338.047s][info ][safepoint     ] Entering safepoint region: Cleanup
[2023-11-16T03:39:30.285+0000][27338.047s][info ][safepoint     ] Leaving safepoint region
[2023-11-16T03:39:30.285+0000][27338.047s][info ][safepoint     ] Total time for which application threads were stopped: 0.0003082 seconds, Stopping threads took: 0.0000499 seconds
[2023-11-16T03:39:31.286+0000][27339.047s][debug][safepoint     ] Safepoint synchronization initiated. (163 threads)
[2023-11-16T03:39:31.286+0000][27339.047s][info ][safepoint     ] Application time: 1.0001567 seconds
[2023-11-16T03:39:31.286+0000][27339.047s][info ][safepoint     ] Entering safepoint region: Cleanup
[2023-11-16T03:39:31.286+0000][27339.048s][info ][safepoint     ] Leaving safepoint region
[2023-11-16T03:39:31.286+0000][27339.048s][info ][safepoint     ] Total time for which application threads were stopped: 0.0003242 seconds, Stopping threads took: 0.0000506 seconds
[2023-11-16T03:39:32.286+0000][27340.048s][debug][safepoint     ] Safepoint synchronization initiated. (163 threads)
[2023-11-16T03:39:32.286+0000][27340.048s][info ][safepoint     ] Application time: 1.0001467 seconds
[2023-11-16T03:39:32.286+0000][27340.048s][info ][safepoint     ] Entering safepoint region: Cleanup
[2023-11-16T03:39:32.287+0000][27340.048s][info ][safepoint     ] Leaving safepoint region
[2023-11-16T03:39:32.287+0000][27340.048s][info ][safepoint     ] Total time for which application threads were stopped: 0.0005905 seconds, Stopping threads took: 0.0002481 seconds
[2023-11-16T03:41:02.294+0000][27430.056s][debug][safepoint     ] Safepoint synchronization initiated. (161 threads)
[2023-11-16T03:41:02.295+0000][27430.056s][info ][safepoint     ] Application time: 90.0077483 seconds
[2023-11-16T03:41:02.295+0000][27430.056s][info ][safepoint     ] Entering safepoint region: Cleanup
[2023-11-16T03:41:02.295+0000][27430.056s][info ][safepoint     ] Leaving safepoint region
[2023-11-16T03:41:02.295+0000][27430.056s][info ][safepoint     ] Total time for which application threads were stopped: 0.0003140 seconds, Stopping threads took: 0.0000535 seconds
[2023-11-16T03:43:01.883+0000][27549.645s][debug][safepoint     ] Safepoint synchronization initiated. (164 threads)
[2023-11-16T03:43:01.883+0000][27549.645s][info ][safepoint     ] Application time: 119.5883167 seconds
[2023-11-16T03:43:01.883+0000][27549.645s][info ][safepoint     ] Entering safepoint region: G1CollectForAllocation
[2023-11-16T03:43:01.884+0000][27549.645s][info ][gc,start      ] GC(94) Pause Young (Normal) (G1 Evacuation Pause)
[2023-11-16T03:43:01.884+0000][27549.645s][info ][gc,task       ] GC(94) Using 4 workers of 4 for evacuation
[2023-11-16T03:43:01.891+0000][27549.653s][info ][gc,phases     ] GC(94)   Pre Evacuate Collection Set: 0.0ms
[2023-11-16T03:43:01.891+0000][27549.653s][info ][gc,phases     ] GC(94)   Evacuate Collection Set: 2.7ms
[2023-11-16T03:43:01.891+0000][27549.653s][info ][gc,phases     ] GC(94)   Post Evacuate Collection Set: 4.6ms
[2023-11-16T03:43:01.891+0000][27549.653s][info ][gc,phases     ] GC(94)   Other: 0.3ms
[2023-11-16T03:43:01.891+0000][27549.653s][info ][gc,heap       ] GC(94) Eden regions: 474->0(475)
[2023-11-16T03:43:01.891+0000][27549.653s][info ][gc,heap       ] GC(94) Survivor regions: 3->2(60)
[2023-11-16T03:43:01.891+0000][27549.653s][info ][gc,heap       ] GC(94) Old regions: 154->154
[2023-11-16T03:43:01.891+0000][27549.653s][info ][gc,heap       ] GC(94) Humongous regions: 0->0
[2023-11-16T03:43:01.891+0000][27549.653s][info ][gc,metaspace  ] GC(94) Metaspace: 162711K(168124K)->162711K(168124K) NonClass: 143991K(147304K)->143991K(147304K) Class: 18720K(20820K)->18720K(20820K)
[2023-11-16T03:43:01.892+0000][27549.653s][info ][gc            ] GC(94) Pause Young (Normal) (G1 Evacuation Pause) 628M->153M(795M) 7.940ms
[2023-11-16T03:43:01.892+0000][27549.653s][info ][gc,cpu        ] GC(94) User=0.03s Sys=0.01s Real=0.01s
[2023-11-16T03:43:01.892+0000][27549.653s][info ][safepoint     ] Leaving safepoint region
[2023-11-16T03:43:01.892+0000][27549.653s][info ][safepoint     ] Total time for which application threads were stopped: 0.0084029 seconds, Stopping threads took: 0.0000493 seconds
[2023-11-16T03:43:01.892+0000][27549.653s][info ][gc,stringdedup] Concurrent String Deduplication (27549.653s)
[2023-11-16T03:43:01.892+0000][27549.653s][info ][gc,stringdedup] Concurrent String Deduplication 40.0B->40.0B(0.0B) avg 54.6% (27549.653s, 27549.653s) 0.055ms
[2023-11-16T03:43:05.892+0000][27553.654s][debug][safepoint     ] Safepoint synchronization initiated. (164 threads)
[2023-11-16T03:43:05.892+0000][27553.654s][info ][safepoint     ] Application time: 4.0004278 seconds
[2023-11-16T03:43:05.892+0000][27553.654s][info ][safepoint     ] Entering safepoint region: Cleanup
[2023-11-16T03:43:05.892+0000][27553.654s][info ][safepoint     ] Leaving safepoint region
[2023-11-16T03:43:05.892+0000][27553.654s][info ][safepoint     ] Total time for which application threads were stopped: 0.0003515 seconds, Stopping threads took: 0.0000513 seconds
[2023-11-16T03:44:35.900+0000][27643.662s][debug][safepoint     ] Safepoint synchronization initiated. (163 threads)
[2023-11-16T03:44:35.900+0000][27643.662s][info ][safepoint     ] Application time: 90.0080303 seconds
[2023-11-16T03:44:35.901+0000][27643.662s][info ][safepoint     ] Entering safepoint region: Cleanup
[2023-11-16T03:44:35.901+0000][27643.662s][info ][safepoint     ] Leaving safepoint region
[2023-11-16T03:44:35.901+0000][27643.662s][info ][safepoint     ] Total time for which application threads were stopped: 0.0003337 seconds, Stopping threads took: 0.0000460 seconds
[2023-11-16T03:44:43.902+0000][27651.663s][debug][safepoint     ] Safepoint synchronization initiated. (163 threads)
[2023-11-16T03:44:43.902+0000][27651.663s][info ][safepoint     ] Application time: 8.0007772 seconds
[2023-11-16T03:44:43.902+0000][27651.663s][info ][safepoint     ] Entering safepoint region: Cleanup
[2023-11-16T03:44:43.902+0000][27651.664s][info ][safepoint     ] Leaving safepoint region
[2023-11-16T03:44:43.902+0000][27651.664s][info ][safepoint     ] Total time for which application threads were stopped: 0.0002852 seconds, Stopping threads took: 0.0000502 seconds
[2023-11-16T03:45:35.906+0000][27703.668s][debug][safepoint     ] Safepoint synchronization initiated. (166 threads)
[2023-11-16T03:45:35.907+0000][27703.668s][info ][safepoint     ] Application time: 52.0045969 seconds
[2023-11-16T03:45:35.907+0000][27703.668s][info ][safepoint     ] Entering safepoint region: Cleanup
[2023-11-16T03:45:35.907+0000][27703.669s][info ][safepoint     ] Leaving safepoint region
[2023-11-16T03:45:35.907+0000][27703.669s][info ][safepoint     ] Total time for which application threads were stopped: 0.0003442 seconds, Stopping threads took: 0.0000477 seconds
[2023-11-16T03:46:09.910+0000][27737.672s][debug][safepoint     ] Safepoint synchronization initiated. (166 threads)
[2023-11-16T03:46:09.910+0000][27737.672s][info ][safepoint     ] Application time: 34.0030860 seconds
[2023-11-16T03:46:09.910+0000][27737.672s][info ][safepoint     ] Entering safepoint region: Cleanup
[2023-11-16T03:46:09.910+0000][27737.672s][info ][safepoint     ] Leaving safepoint region
[2023-11-16T03:46:09.910+0000][27737.672s][info ][safepoint     ] Total time for which application threads were stopped: 0.0003517 seconds, Stopping threads took: 0.0000498 seconds
[2023-11-16T03:48:32.923+0000][27880.685s][debug][safepoint     ] Safepoint synchronization initiated. (164 threads)
[2023-11-16T03:48:32.924+0000][27880.685s][info ][safepoint     ] Application time: 143.0131615 seconds
[2023-11-16T03:48:32.924+0000][27880.685s][info ][safepoint     ] Entering safepoint region: Cleanup
[2023-11-16T03:48:32.924+0000][27880.686s][info ][safepoint     ] Leaving safepoint region
[2023-11-16T03:48:32.924+0000][27880.686s][info ][safepoint     ] Total time for which application threads were stopped: 0.0003150 seconds, Stopping threads took: 0.0000532 seconds
[2023-11-16T03:48:33.924+0000][27881.686s][debug][safepoint     ] Safepoint synchronization initiated. (164 threads)
[2023-11-16T03:48:33.924+0000][27881.686s][info ][safepoint     ] Application time: 1.0001659 seconds
[2023-11-16T03:48:33.924+0000][27881.686s][info ][safepoint     ] Entering safepoint region: Cleanup
[2023-11-16T03:48:33.924+0000][27881.686s][info ][safepoint     ] Leaving safepoint region
[2023-11-16T03:48:33.924+0000][27881.686s][info ][safepoint     ] Total time for which application threads were stopped: 0.0003471 seconds, Stopping threads took: 0.0000523 seconds
[2023-11-16T03:48:34.925+0000][27882.686s][debug][safepoint     ] Safepoint synchronization initiated. (164 threads)
[2023-11-16T03:48:34.925+0000][27882.686s][info ][safepoint     ] Application time: 1.0001629 seconds
[2023-11-16T03:48:34.925+0000][27882.686s][info ][safepoint     ] Entering safepoint region: Cleanup
[2023-11-16T03:48:34.925+0000][27882.687s][info ][safepoint     ] Leaving safepoint region
[2023-11-16T03:48:34.925+0000][27882.687s][info ][safepoint     ] Total time for which application threads were stopped: 0.0003507 seconds, Stopping threads took: 0.0000509 seconds
[2023-11-16T03:48:35.925+0000][27883.687s][debug][safepoint     ] Safepoint synchronization initiated. (164 threads)
[2023-11-16T03:48:35.925+0000][27883.687s][info ][safepoint     ] Application time: 1.0001579 seconds
[2023-11-16T03:48:35.925+0000][27883.687s][info ][safepoint     ] Entering safepoint region: Cleanup
[2023-11-16T03:48:35.925+0000][27883.687s][info ][safepoint     ] Leaving safepoint region
[2023-11-16T03:48:35.926+0000][27883.687s][info ][safepoint     ] Total time for which application threads were stopped: 0.0003083 seconds, Stopping threads took: 0.0000506 seconds
[2023-11-16T03:48:36.926+0000][27884.687s][debug][safepoint     ] Safepoint synchronization initiated. (164 threads)
[2023-11-16T03:48:36.926+0000][27884.687s][info ][safepoint     ] Application time: 1.0001572 seconds
[2023-11-16T03:48:36.926+0000][27884.687s][info ][safepoint     ] Entering safepoint region: Cleanup
[2023-11-16T03:48:36.926+0000][27884.688s][info ][safepoint     ] Leaving safepoint region
[2023-11-16T03:48:36.926+0000][27884.688s][info ][safepoint     ] Total time for which application threads were stopped: 0.0003788 seconds, Stopping threads took: 0.0000514 seconds
[2023-11-16T03:48:37.926+0000][27885.688s][debug][safepoint     ] Safepoint synchronization initiated. (164 threads)
[2023-11-16T03:48:37.926+0000][27885.688s][info ][safepoint     ] Application time: 1.0001786 seconds
[2023-11-16T03:48:37.926+0000][27885.688s][info ][safepoint     ] Entering safepoint region: Cleanup
[2023-11-16T03:48:37.927+0000][27885.688s][info ][safepoint     ] Leaving safepoint region
[2023-11-16T03:48:37.927+0000][27885.688s][info ][safepoint     ] Total time for which application threads were stopped: 0.0003502 seconds, Stopping threads took: 0.0000519 seconds
[2023-11-16T03:48:38.927+0000][27886.688s][debug][safepoint     ] Safepoint synchronization initiated. (164 threads)
[2023-11-16T03:48:38.927+0000][27886.688s][info ][safepoint     ] Application time: 1.0001428 seconds
[2023-11-16T03:48:38.927+0000][27886.689s][info ][safepoint     ] Entering safepoint region: Cleanup
[2023-11-16T03:48:38.927+0000][27886.689s][info ][safepoint     ] Leaving safepoint region
[2023-11-16T03:48:38.927+0000][27886.689s][info ][safepoint     ] Total time for which application threads were stopped: 0.0003454 seconds, Stopping threads took: 0.0000520 seconds
[2023-11-16T03:48:39.927+0000][27887.689s][debug][safepoint     ] Safepoint synchronization initiated. (164 threads)
[2023-11-16T03:48:39.927+0000][27887.689s][info ][safepoint     ] Application time: 1.0001765 seconds
[2023-11-16T03:48:39.927+0000][27887.689s][info ][safepoint     ] Entering safepoint region: Cleanup
[2023-11-16T03:48:39.928+0000][27887.689s][info ][safepoint     ] Leaving safepoint region
[2023-11-16T03:48:39.928+0000][27887.689s][info ][safepoint     ] Total time for which application threads were stopped: 0.0002912 seconds, Stopping threads took: 0.0000699 seconds
[2023-11-16T03:48:40.928+0000][27888.689s][debug][safepoint     ] Safepoint synchronization initiated. (164 threads)
[2023-11-16T03:48:40.928+0000][27888.690s][info ][safepoint     ] Application time: 1.0001649 seconds
[2023-11-16T03:48:40.928+0000][27888.690s][info ][safepoint     ] Entering safepoint region: Cleanup
[2023-11-16T03:48:40.928+0000][27888.690s][info ][safepoint     ] Leaving safepoint region
[2023-11-16T03:48:40.928+0000][27888.690s][info ][safepoint     ] Total time for which application threads were stopped: 0.0002501 seconds, Stopping threads took: 0.0000509 seconds
[2023-11-16T03:48:41.928+0000][27889.690s][debug][safepoint     ] Safepoint synchronization initiated. (164 threads)
[2023-11-16T03:48:41.928+0000][27889.690s][info ][safepoint     ] Application time: 1.0001564 seconds
[2023-11-16T03:48:41.928+0000][27889.690s][info ][safepoint     ] Entering safepoint region: Cleanup
[2023-11-16T03:48:41.929+0000][27889.690s][info ][safepoint     ] Leaving safepoint region
[2023-11-16T03:48:41.929+0000][27889.690s][info ][safepoint     ] Total time for which application threads were stopped: 0.0002605 seconds, Stopping threads took: 0.0000519 seconds
[2023-11-16T03:48:42.929+0000][27890.690s][debug][safepoint     ] Safepoint synchronization initiated. (164 threads)
[2023-11-16T03:48:42.929+0000][27890.690s][info ][safepoint     ] Application time: 1.0001718 seconds
[2023-11-16T03:48:42.929+0000][27890.690s][info ][safepoint     ] Entering safepoint region: Cleanup
[2023-11-16T03:48:42.929+0000][27890.691s][info ][safepoint     ] Leaving safepoint region
[2023-11-16T03:48:42.929+0000][27890.691s][info ][safepoint     ] Total time for which application threads were stopped: 0.0004161 seconds, Stopping threads took: 0.0001617 seconds
[2023-11-16T03:48:43.929+0000][27891.691s][debug][safepoint     ] Safepoint synchronization initiated. (164 threads)
[2023-11-16T03:48:43.929+0000][27891.691s][info ][safepoint     ] Application time: 1.0001647 seconds
[2023-11-16T03:48:43.929+0000][27891.691s][info ][safepoint     ] Entering safepoint region: Cleanup
[2023-11-16T03:48:43.930+0000][27891.691s][info ][safepoint     ] Leaving safepoint region
[2023-11-16T03:48:43.930+0000][27891.691s][info ][safepoint     ] Total time for which application threads were stopped: 0.0003632 seconds, Stopping threads took: 0.0000714 seconds
[2023-11-16T03:48:44.930+0000][27892.692s][debug][safepoint     ] Safepoint synchronization initiated. (164 threads)
[2023-11-16T03:48:44.930+0000][27892.692s][info ][safepoint     ] Application time: 1.0001705 seconds
[2023-11-16T03:48:44.930+0000][27892.692s][info ][safepoint     ] Entering safepoint region: Cleanup
[2023-11-16T03:48:44.930+0000][27892.692s][info ][safepoint     ] Leaving safepoint region
[2023-11-16T03:48:44.930+0000][27892.692s][info ][safepoint     ] Total time for which application threads were stopped: 0.0002412 seconds, Stopping threads took: 0.0000488 seconds
[2023-11-16T03:48:45.930+0000][27893.692s][debug][safepoint     ] Safepoint synchronization initiated. (164 threads)
[2023-11-16T03:48:45.930+0000][27893.692s][info ][safepoint     ] Application time: 1.0001715 seconds
[2023-11-16T03:48:45.930+0000][27893.692s][info ][safepoint     ] Entering safepoint region: Cleanup
[2023-11-16T03:48:45.931+0000][27893.692s][info ][safepoint     ] Leaving safepoint region
[2023-11-16T03:48:45.931+0000][27893.692s][info ][safepoint     ] Total time for which application threads were stopped: 0.0002507 seconds, Stopping threads took: 0.0000494 seconds
[2023-11-16T03:48:46.931+0000][27894.692s][debug][safepoint     ] Safepoint synchronization initiated. (164 threads)
[2023-11-16T03:48:46.931+0000][27894.692s][info ][safepoint     ] Application time: 1.0001487 seconds
[2023-11-16T03:48:46.931+0000][27894.693s][info ][safepoint     ] Entering safepoint region: Cleanup
[2023-11-16T03:48:46.931+0000][27894.693s][info ][safepoint     ] Leaving safepoint region
[2023-11-16T03:48:46.931+0000][27894.693s][info ][safepoint     ] Total time for which application threads were stopped: 0.0003384 seconds, Stopping threads took: 0.0000482 seconds
[2023-11-16T03:48:47.931+0000][27895.693s][debug][safepoint     ] Safepoint synchronization initiated. (164 threads)
[2023-11-16T03:48:47.931+0000][27895.693s][info ][safepoint     ] Application time: 1.0001525 seconds
[2023-11-16T03:48:47.931+0000][27895.693s][info ][safepoint     ] Entering safepoint region: Cleanup
[2023-11-16T03:48:47.932+0000][27895.693s][info ][safepoint     ] Leaving safepoint region
[2023-11-16T03:48:47.932+0000][27895.694s][info ][safepoint     ] Total time for which application threads were stopped: 0.0004782 seconds, Stopping threads took: 0.0002805 seconds
[2023-11-16T03:48:48.932+0000][27896.694s][debug][safepoint     ] Safepoint synchronization initiated. (164 threads)
[2023-11-16T03:48:48.932+0000][27896.694s][info ][safepoint     ] Application time: 1.0001724 seconds
[2023-11-16T03:48:48.932+0000][27896.694s][debug][safepoint     ] ... found polling page return exception at pc = 0x00007f693094bd44, stub =0x00007f692883a800
[2023-11-16T03:48:48.932+0000][27896.694s][debug][safepoint     ] Waiting for 2 thread(s) to block
[2023-11-16T03:48:48.932+0000][27896.694s][info ][safepoint     ] Entering safepoint region: Cleanup
[2023-11-16T03:48:48.932+0000][27896.694s][info ][safepoint     ] Leaving safepoint region
[2023-11-16T03:48:48.933+0000][27896.694s][info ][safepoint     ] Total time for which application threads were stopped: 0.0004184 seconds, Stopping threads took: 0.0002125 seconds
[2023-11-16T03:48:49.933+0000][27897.694s][debug][safepoint     ] Safepoint synchronization initiated. (164 threads)
[2023-11-16T03:48:49.933+0000][27897.694s][info ][safepoint     ] Application time: 1.0001761 seconds
[2023-11-16T03:48:49.933+0000][27897.694s][info ][safepoint     ] Entering safepoint region: Cleanup
[2023-11-16T03:48:49.933+0000][27897.695s][info ][safepoint     ] Leaving safepoint region
[2023-11-16T03:48:49.933+0000][27897.695s][info ][safepoint     ] Total time for which application threads were stopped: 0.0003461 seconds, Stopping threads took: 0.0000497 seconds
[2023-11-16T03:48:50.933+0000][27898.695s][debug][safepoint     ] Safepoint synchronization initiated. (164 threads)
[2023-11-16T03:48:50.933+0000][27898.695s][info ][safepoint     ] Application time: 1.0001670 seconds
[2023-11-16T03:48:50.933+0000][27898.695s][info ][safepoint     ] Entering safepoint region: Cleanup
[2023-11-16T03:48:50.934+0000][27898.695s][info ][safepoint     ] Leaving safepoint region
[2023-11-16T03:48:50.934+0000][27898.695s][info ][safepoint     ] Total time for which application threads were stopped: 0.0003426 seconds, Stopping threads took: 0.0000510 seconds
[2023-11-16T03:48:51.934+0000][27899.695s][debug][safepoint     ] Safepoint synchronization initiated. (164 threads)
[2023-11-16T03:48:51.934+0000][27899.695s][info ][safepoint     ] Application time: 1.0001512 seconds
[2023-11-16T03:48:51.934+0000][27899.695s][info ][safepoint     ] Entering safepoint region: Cleanup
[2023-11-16T03:48:51.934+0000][27899.696s][info ][safepoint     ] Leaving safepoint region
[2023-11-16T03:48:51.934+0000][27899.696s][info ][safepoint     ] Total time for which application threads were stopped: 0.0003382 seconds, Stopping threads took: 0.0000502 seconds
[2023-11-16T03:48:52.934+0000][27900.696s][debug][safepoint     ] Safepoint synchronization initiated. (164 threads)
[2023-11-16T03:48:52.934+0000][27900.696s][info ][safepoint     ] Application time: 1.0001740 seconds
[2023-11-16T03:48:52.934+0000][27900.696s][info ][safepoint     ] Entering safepoint region: Cleanup
[2023-11-16T03:48:52.935+0000][27900.696s][info ][safepoint     ] Leaving safepoint region
[2023-11-16T03:48:52.935+0000][27900.697s][info ][safepoint     ] Total time for which application threads were stopped: 0.0005019 seconds, Stopping threads took: 0.0002432 seconds
[2023-11-16T03:48:53.935+0000][27901.697s][debug][safepoint     ] Safepoint synchronization initiated. (164 threads)
[2023-11-16T03:48:53.935+0000][27901.697s][info ][safepoint     ] Application time: 1.0001624 seconds
[2023-11-16T03:48:53.935+0000][27901.697s][info ][safepoint     ] Entering safepoint region: Cleanup
[2023-11-16T03:48:53.935+0000][27901.697s][info ][safepoint     ] Leaving safepoint region
[2023-11-16T03:48:53.935+0000][27901.697s][info ][safepoint     ] Total time for which application threads were stopped: 0.0003102 seconds, Stopping threads took: 0.0000522 seconds
[2023-11-16T03:48:54.935+0000][27902.697s][debug][safepoint     ] Safepoint synchronization initiated. (164 threads)
[2023-11-16T03:48:54.936+0000][27902.697s][info ][safepoint     ] Application time: 1.0001555 seconds
[2023-11-16T03:48:54.936+0000][27902.697s][info ][safepoint     ] Entering safepoint region: Cleanup
[2023-11-16T03:48:54.936+0000][27902.698s][info ][safepoint     ] Leaving safepoint region
[2023-11-16T03:48:54.936+0000][27902.698s][info ][safepoint     ] Total time for which application threads were stopped: 0.0003429 seconds, Stopping threads took: 0.0000513 seconds
[2023-11-16T03:48:55.936+0000][27903.698s][debug][safepoint     ] Safepoint synchronization initiated. (164 threads)
[2023-11-16T03:48:55.936+0000][27903.698s][info ][safepoint     ] Application time: 1.0001575 seconds
[2023-11-16T03:48:55.936+0000][27903.698s][info ][safepoint     ] Entering safepoint region: Cleanup
[2023-11-16T03:48:55.936+0000][27903.698s][info ][safepoint     ] Leaving safepoint region
[2023-11-16T03:48:55.936+0000][27903.698s][info ][safepoint     ] Total time for which application threads were stopped: 0.0003416 seconds, Stopping threads took: 0.0000505 seconds
[2023-11-16T03:48:56.937+0000][27904.698s][debug][safepoint     ] Safepoint synchronization initiated. (164 threads)
[2023-11-16T03:48:56.937+0000][27904.698s][info ][safepoint     ] Application time: 1.0001664 seconds
[2023-11-16T03:48:56.937+0000][27904.698s][info ][safepoint     ] Entering safepoint region: Cleanup
[2023-11-16T03:48:56.937+0000][27904.699s][info ][safepoint     ] Leaving safepoint region
[2023-11-16T03:48:56.937+0000][27904.699s][info ][safepoint     ] Total time for which application threads were stopped: 0.0002689 seconds, Stopping threads took: 0.0000514 seconds
[2023-11-16T03:48:57.937+0000][27905.699s][debug][safepoint     ] Safepoint synchronization initiated. (164 threads)
[2023-11-16T03:48:57.937+0000][27905.699s][info ][safepoint     ] Application time: 1.0001780 seconds
[2023-11-16T03:48:57.937+0000][27905.699s][info ][safepoint     ] Entering safepoint region: Cleanup
[2023-11-16T03:48:57.937+0000][27905.699s][info ][safepoint     ] Leaving safepoint region
[2023-11-16T03:48:57.937+0000][27905.699s][info ][safepoint     ] Total time for which application threads were stopped: 0.0002916 seconds, Stopping threads took: 0.0000511 seconds
[2023-11-16T03:48:58.938+0000][27906.699s][debug][safepoint     ] Safepoint synchronization initiated. (164 threads)
[2023-11-16T03:48:58.938+0000][27906.699s][info ][safepoint     ] Application time: 1.0001671 seconds
[2023-11-16T03:48:58.938+0000][27906.699s][info ][safepoint     ] Entering safepoint region: Cleanup
[2023-11-16T03:48:58.938+0000][27906.700s][info ][safepoint     ] Leaving safepoint region
[2023-11-16T03:48:58.938+0000][27906.700s][info ][safepoint     ] Total time for which application threads were stopped: 0.0003440 seconds, Stopping threads took: 0.0000508 seconds
[2023-11-16T03:48:59.938+0000][27907.700s][debug][safepoint     ] Safepoint synchronization initiated. (164 threads)
[2023-11-16T03:48:59.938+0000][27907.700s][info ][safepoint     ] Application time: 1.0001708 seconds
[2023-11-16T03:48:59.938+0000][27907.700s][info ][safepoint     ] Entering safepoint region: Cleanup
[2023-11-16T03:48:59.939+0000][27907.700s][info ][safepoint     ] Leaving safepoint region
[2023-11-16T03:48:59.939+0000][27907.700s][info ][safepoint     ] Total time for which application threads were stopped: 0.0003424 seconds, Stopping threads took: 0.0000503 seconds
[2023-11-16T03:49:00.939+0000][27908.700s][debug][safepoint     ] Safepoint synchronization initiated. (164 threads)
[2023-11-16T03:49:00.939+0000][27908.700s][info ][safepoint     ] Application time: 1.0001622 seconds
[2023-11-16T03:49:00.939+0000][27908.700s][info ][safepoint     ] Entering safepoint region: Cleanup
[2023-11-16T03:49:00.939+0000][27908.701s][info ][safepoint     ] Leaving safepoint region
[2023-11-16T03:49:00.939+0000][27908.701s][info ][safepoint     ] Total time for which application threads were stopped: 0.0003457 seconds, Stopping threads took: 0.0000493 seconds
[2023-11-16T03:49:01.939+0000][27909.701s][debug][safepoint     ] Safepoint synchronization initiated. (164 threads)
[2023-11-16T03:49:01.939+0000][27909.701s][info ][safepoint     ] Application time: 1.0001516 seconds
[2023-11-16T03:49:01.939+0000][27909.701s][info ][safepoint     ] Entering safepoint region: Cleanup
[2023-11-16T03:49:01.940+0000][27909.702s][info ][safepoint     ] Leaving safepoint region
[2023-11-16T03:49:01.940+0000][27909.702s][info ][safepoint     ] Total time for which application threads were stopped: 0.0006457 seconds, Stopping threads took: 0.0003000 seconds
[2023-11-16T03:49:02.940+0000][27910.702s][debug][safepoint     ] Safepoint synchronization initiated. (164 threads)
[2023-11-16T03:49:02.940+0000][27910.702s][info ][safepoint     ] Application time: 1.0001595 seconds
[2023-11-16T03:49:02.940+0000][27910.702s][info ][safepoint     ] Entering safepoint region: Cleanup
[2023-11-16T03:49:02.940+0000][27910.702s][info ][safepoint     ] Leaving safepoint region
[2023-11-16T03:49:02.940+0000][27910.702s][info ][safepoint     ] Total time for which application threads were stopped: 0.0003414 seconds, Stopping threads took: 0.0000485 seconds
[2023-11-16T03:49:03.941+0000][27911.702s][debug][safepoint     ] Safepoint synchronization initiated. (164 threads)
[2023-11-16T03:49:03.941+0000][27911.702s][info ][safepoint     ] Application time: 1.0001608 seconds
[2023-11-16T03:49:03.941+0000][27911.702s][info ][safepoint     ] Entering safepoint region: Cleanup
[2023-11-16T03:49:03.941+0000][27911.703s][info ][safepoint     ] Leaving safepoint region
[2023-11-16T03:49:03.941+0000][27911.703s][info ][safepoint     ] Total time for which application threads were stopped: 0.0003466 seconds, Stopping threads took: 0.0000501 seconds
[2023-11-16T03:49:04.941+0000][27912.703s][debug][safepoint     ] Safepoint synchronization initiated. (164 threads)
[2023-11-16T03:49:04.941+0000][27912.703s][info ][safepoint     ] Application time: 1.0001570 seconds
[2023-11-16T03:49:04.941+0000][27912.703s][info ][safepoint     ] Entering safepoint region: Cleanup
[2023-11-16T03:49:04.942+0000][27912.703s][info ][safepoint     ] Leaving safepoint region
[2023-11-16T03:49:04.942+0000][27912.703s][info ][safepoint     ] Total time for which application threads were stopped: 0.0003432 seconds, Stopping threads took: 0.0000492 seconds
[2023-11-16T03:49:05.942+0000][27913.703s][debug][safepoint     ] Safepoint synchronization initiated. (164 threads)
[2023-11-16T03:49:05.942+0000][27913.703s][info ][safepoint     ] Application time: 1.0001555 seconds
[2023-11-16T03:49:05.942+0000][27913.703s][info ][safepoint     ] Entering safepoint region: Cleanup
[2023-11-16T03:49:05.942+0000][27913.704s][info ][safepoint     ] Leaving safepoint region
[2023-11-16T03:49:05.942+0000][27913.704s][info ][safepoint     ] Total time for which application threads were stopped: 0.0003425 seconds, Stopping threads took: 0.0000499 seconds
[2023-11-16T03:49:06.942+0000][27914.704s][debug][safepoint     ] Safepoint synchronization initiated. (164 threads)
[2023-11-16T03:49:06.942+0000][27914.704s][info ][safepoint     ] Application time: 1.0001720 seconds
[2023-11-16T03:49:06.942+0000][27914.704s][info ][safepoint     ] Entering safepoint region: Cleanup
[2023-11-16T03:49:06.943+0000][27914.705s][info ][safepoint     ] Leaving safepoint region
[2023-11-16T03:49:06.943+0000][27914.705s][info ][safepoint     ] Total time for which application threads were stopped: 0.0006358 seconds, Stopping threads took: 0.0003478 seconds
[2023-11-16T03:49:07.943+0000][27915.705s][debug][safepoint     ] Safepoint synchronization initiated. (164 threads)
[2023-11-16T03:49:07.943+0000][27915.705s][info ][safepoint     ] Application time: 1.0001699 seconds
[2023-11-16T03:49:07.943+0000][27915.705s][info ][safepoint     ] Entering safepoint region: Cleanup
[2023-11-16T03:49:07.943+0000][27915.705s][info ][safepoint     ] Leaving safepoint region
[2023-11-16T03:49:07.944+0000][27915.705s][info ][safepoint     ] Total time for which application threads were stopped: 0.0003602 seconds, Stopping threads took: 0.0000497 seconds
[2023-11-16T03:49:08.944+0000][27916.705s][debug][safepoint     ] Safepoint synchronization initiated. (164 threads)
[2023-11-16T03:49:08.944+0000][27916.705s][info ][safepoint     ] Application time: 1.0001387 seconds
[2023-11-16T03:49:08.944+0000][27916.705s][info ][safepoint     ] Entering safepoint region: Cleanup
[2023-11-16T03:49:08.944+0000][27916.706s][info ][safepoint     ] Leaving safepoint region
[2023-11-16T03:49:08.944+0000][27916.706s][info ][safepoint     ] Total time for which application threads were stopped: 0.0003388 seconds, Stopping threads took: 0.0000500 seconds
[2023-11-16T03:49:09.944+0000][27917.706s][debug][safepoint     ] Safepoint synchronization initiated. (164 threads)
[2023-11-16T03:49:09.944+0000][27917.706s][info ][safepoint     ] Application time: 1.0001443 seconds
[2023-11-16T03:49:09.944+0000][27917.706s][info ][safepoint     ] Entering safepoint region: Cleanup
[2023-11-16T03:49:09.944+0000][27917.706s][info ][safepoint     ] Leaving safepoint region
[2023-11-16T03:49:09.944+0000][27917.706s][info ][safepoint     ] Total time for which application threads were stopped: 0.0002568 seconds, Stopping threads took: 0.0000492 seconds
[2023-11-16T03:49:10.945+0000][27918.706s][debug][safepoint     ] Safepoint synchronization initiated. (164 threads)
[2023-11-16T03:49:10.945+0000][27918.706s][info ][safepoint     ] Application time: 1.0001413 seconds
[2023-11-16T03:49:10.945+0000][27918.706s][info ][safepoint     ] Entering safepoint region: Cleanup
[2023-11-16T03:49:10.945+0000][27918.707s][info ][safepoint     ] Leaving safepoint region
[2023-11-16T03:49:10.945+0000][27918.707s][info ][safepoint     ] Total time for which application threads were stopped: 0.0003443 seconds, Stopping threads took: 0.0000498 seconds
[2023-11-16T03:49:11.945+0000][27919.707s][debug][safepoint     ] Safepoint synchronization initiated. (164 threads)
[2023-11-16T03:49:11.945+0000][27919.707s][info ][safepoint     ] Application time: 1.0001620 seconds
[2023-11-16T03:49:11.945+0000][27919.707s][info ][safepoint     ] Entering safepoint region: Cleanup
[2023-11-16T03:49:11.946+0000][27919.707s][info ][safepoint     ] Leaving safepoint region
[2023-11-16T03:49:11.946+0000][27919.707s][info ][safepoint     ] Total time for which application threads were stopped: 0.0004906 seconds, Stopping threads took: 0.0002109 seconds
[2023-11-16T03:49:12.946+0000][27920.707s][debug][safepoint     ] Safepoint synchronization initiated. (164 threads)
[2023-11-16T03:49:12.946+0000][27920.708s][info ][safepoint     ] Application time: 1.0001685 seconds
[2023-11-16T03:49:12.946+0000][27920.708s][info ][safepoint     ] Entering safepoint region: Cleanup
[2023-11-16T03:49:12.946+0000][27920.708s][info ][safepoint     ] Leaving safepoint region
[2023-11-16T03:49:12.946+0000][27920.708s][info ][safepoint     ] Total time for which application threads were stopped: 0.0003363 seconds, Stopping threads took: 0.0000495 seconds
[2023-11-16T03:49:13.946+0000][27921.708s][debug][safepoint     ] Safepoint synchronization initiated. (164 threads)
[2023-11-16T03:49:13.946+0000][27921.708s][info ][safepoint     ] Application time: 1.0001609 seconds
[2023-11-16T03:49:13.946+0000][27921.708s][info ][safepoint     ] Entering safepoint region: Cleanup
[2023-11-16T03:49:13.947+0000][27921.708s][info ][safepoint     ] Leaving safepoint region
[2023-11-16T03:49:13.947+0000][27921.708s][info ][safepoint     ] Total time for which application threads were stopped: 0.0003414 seconds, Stopping threads took: 0.0000494 seconds
[2023-11-16T03:49:14.947+0000][27922.709s][debug][safepoint     ] Safepoint synchronization initiated. (164 threads)
[2023-11-16T03:49:14.947+0000][27922.709s][info ][safepoint     ] Application time: 1.0001545 seconds
[2023-11-16T03:49:14.947+0000][27922.709s][info ][safepoint     ] Entering safepoint region: Cleanup
[2023-11-16T03:49:14.947+0000][27922.709s][info ][safepoint     ] Leaving safepoint region
[2023-11-16T03:49:14.947+0000][27922.709s][info ][safepoint     ] Total time for which application threads were stopped: 0.0003300 seconds, Stopping threads took: 0.0000494 seconds
[2023-11-16T03:49:15.947+0000][27923.709s][debug][safepoint     ] Safepoint synchronization initiated. (164 threads)
[2023-11-16T03:49:15.948+0000][27923.709s][info ][safepoint     ] Application time: 1.0001913 seconds
[2023-11-16T03:49:15.948+0000][27923.709s][info ][safepoint     ] Entering safepoint region: Cleanup
[2023-11-16T03:49:15.948+0000][27923.709s][info ][safepoint     ] Leaving safepoint region
[2023-11-16T03:49:15.948+0000][27923.710s][info ][safepoint     ] Total time for which application threads were stopped: 0.0003310 seconds, Stopping threads took: 0.0000488 seconds
[2023-11-16T03:49:16.948+0000][27924.710s][debug][safepoint     ] Safepoint synchronization initiated. (164 threads)
[2023-11-16T03:49:16.948+0000][27924.710s][info ][safepoint     ] Application time: 1.0001684 seconds
[2023-11-16T03:49:16.948+0000][27924.710s][info ][safepoint     ] Entering safepoint region: Cleanup
[2023-11-16T03:49:16.949+0000][27924.710s][info ][safepoint     ] Leaving safepoint region
[2023-11-16T03:49:16.949+0000][27924.710s][info ][safepoint     ] Total time for which application threads were stopped: 0.0005846 seconds, Stopping threads took: 0.0003140 seconds
[2023-11-16T03:49:17.949+0000][27925.710s][debug][safepoint     ] Safepoint synchronization initiated. (164 threads)
[2023-11-16T03:49:17.949+0000][27925.710s][info ][safepoint     ] Application time: 1.0001551 seconds
[2023-11-16T03:49:17.949+0000][27925.711s][info ][safepoint     ] Entering safepoint region: Cleanup
[2023-11-16T03:49:17.949+0000][27925.711s][info ][safepoint     ] Leaving safepoint region
[2023-11-16T03:49:17.949+0000][27925.711s][info ][safepoint     ] Total time for which application threads were stopped: 0.0003682 seconds, Stopping threads took: 0.0000495 seconds
[2023-11-16T03:49:18.949+0000][27926.711s][debug][safepoint     ] Safepoint synchronization initiated. (164 threads)
[2023-11-16T03:49:18.949+0000][27926.711s][info ][safepoint     ] Application time: 1.0001663 seconds
[2023-11-16T03:49:18.949+0000][27926.711s][info ][safepoint     ] Entering safepoint region: Cleanup
[2023-11-16T03:49:18.950+0000][27926.711s][info ][safepoint     ] Leaving safepoint region
[2023-11-16T03:49:18.950+0000][27926.711s][info ][safepoint     ] Total time for which application threads were stopped: 0.0003403 seconds, Stopping threads took: 0.0000496 seconds
[2023-11-16T03:49:19.950+0000][27927.712s][debug][safepoint     ] Safepoint synchronization initiated. (164 threads)
[2023-11-16T03:49:19.950+0000][27927.712s][info ][safepoint     ] Application time: 1.0001693 seconds
[2023-11-16T03:49:19.950+0000][27927.712s][info ][safepoint     ] Entering safepoint region: Cleanup
[2023-11-16T03:49:19.950+0000][27927.712s][info ][safepoint     ] Leaving safepoint region
[2023-11-16T03:49:19.950+0000][27927.712s][info ][safepoint     ] Total time for which application threads were stopped: 0.0003492 seconds, Stopping threads took: 0.0000498 seconds
[2023-11-16T03:49:20.950+0000][27928.712s][debug][safepoint     ] Safepoint synchronization initiated. (164 threads)
[2023-11-16T03:49:20.951+0000][27928.712s][info ][safepoint     ] Application time: 1.0001698 seconds
[2023-11-16T03:49:20.951+0000][27928.712s][info ][safepoint     ] Entering safepoint region: Cleanup
[2023-11-16T03:49:20.951+0000][27928.712s][info ][safepoint     ] Leaving safepoint region
[2023-11-16T03:49:20.951+0000][27928.713s][info ][safepoint     ] Total time for which application threads were stopped: 0.0003414 seconds, Stopping threads took: 0.0000496 seconds
[2023-11-16T03:49:21.951+0000][27929.713s][debug][safepoint     ] Safepoint synchronization initiated. (164 threads)
[2023-11-16T03:49:21.951+0000][27929.713s][info ][safepoint     ] Application time: 1.0001663 seconds
[2023-11-16T03:49:21.951+0000][27929.713s][info ][safepoint     ] Entering safepoint region: Cleanup
[2023-11-16T03:49:21.951+0000][27929.713s][info ][safepoint     ] Leaving safepoint region
[2023-11-16T03:49:21.951+0000][27929.713s][info ][safepoint     ] Total time for which application threads were stopped: 0.0003750 seconds, Stopping threads took: 0.0001460 seconds
[2023-11-16T03:49:22.952+0000][27930.713s][debug][safepoint     ] Safepoint synchronization initiated. (164 threads)
[2023-11-16T03:49:22.952+0000][27930.713s][info ][safepoint     ] Application time: 1.0001451 seconds
[2023-11-16T03:49:22.952+0000][27930.713s][info ][safepoint     ] Entering safepoint region: Cleanup
[2023-11-16T03:49:22.952+0000][27930.714s][info ][safepoint     ] Leaving safepoint region
[2023-11-16T03:49:22.952+0000][27930.714s][info ][safepoint     ] Total time for which application threads were stopped: 0.0003380 seconds, Stopping threads took: 0.0000498 seconds
[2023-11-16T03:49:23.952+0000][27931.714s][debug][safepoint     ] Safepoint synchronization initiated. (164 threads)
[2023-11-16T03:49:23.952+0000][27931.714s][info ][safepoint     ] Application time: 1.0001492 seconds
[2023-11-16T03:49:23.952+0000][27931.714s][info ][safepoint     ] Entering safepoint region: Cleanup
[2023-11-16T03:49:23.952+0000][27931.714s][info ][safepoint     ] Leaving safepoint region
[2023-11-16T03:49:23.953+0000][27931.714s][info ][safepoint     ] Total time for which application threads were stopped: 0.0003406 seconds, Stopping threads took: 0.0000491 seconds
[2023-11-16T03:49:24.953+0000][27932.714s][debug][safepoint     ] Safepoint synchronization initiated. (164 threads)
[2023-11-16T03:49:24.953+0000][27932.714s][info ][safepoint     ] Application time: 1.0001657 seconds
[2023-11-16T03:49:24.953+0000][27932.714s][info ][safepoint     ] Entering safepoint region: Cleanup
[2023-11-16T03:49:24.953+0000][27932.715s][info ][safepoint     ] Leaving safepoint region
[2023-11-16T03:49:24.953+0000][27932.715s][info ][safepoint     ] Total time for which application threads were stopped: 0.0003683 seconds, Stopping threads took: 0.0000493 seconds
[2023-11-16T03:49:25.953+0000][27933.715s][debug][safepoint     ] Safepoint synchronization initiated. (164 threads)
[2023-11-16T03:49:25.953+0000][27933.715s][info ][safepoint     ] Application time: 1.0001568 seconds
[2023-11-16T03:49:25.953+0000][27933.715s][info ][safepoint     ] Entering safepoint region: Cleanup
[2023-11-16T03:49:25.954+0000][27933.715s][info ][safepoint     ] Leaving safepoint region
[2023-11-16T03:49:25.954+0000][27933.715s][info ][safepoint     ] Total time for which application threads were stopped: 0.0003446 seconds, Stopping threads took: 0.0000503 seconds
[2023-11-16T03:49:26.954+0000][27934.715s][debug][safepoint     ] Safepoint synchronization initiated. (164 threads)
[2023-11-16T03:49:26.954+0000][27934.715s][info ][safepoint     ] Application time: 1.0001552 seconds
[2023-11-16T03:49:26.954+0000][27934.715s][info ][safepoint     ] Entering safepoint region: Cleanup
[2023-11-16T03:49:26.954+0000][27934.716s][info ][safepoint     ] Leaving safepoint region
[2023-11-16T03:49:26.954+0000][27934.716s][info ][safepoint     ] Total time for which application threads were stopped: 0.0004922 seconds, Stopping threads took: 0.0001916 seconds
[2023-11-16T03:49:27.954+0000][27935.716s][debug][safepoint     ] Safepoint synchronization initiated. (164 threads)
[2023-11-16T03:49:27.954+0000][27935.716s][info ][safepoint     ] Application time: 1.0001380 seconds
[2023-11-16T03:49:27.955+0000][27935.716s][info ][safepoint     ] Entering safepoint region: Cleanup
[2023-11-16T03:49:27.955+0000][27935.716s][info ][safepoint     ] Leaving safepoint region
[2023-11-16T03:49:27.955+0000][27935.716s][info ][safepoint     ] Total time for which application threads were stopped: 0.0003438 seconds, Stopping threads took: 0.0000494 seconds
[2023-11-16T03:49:28.955+0000][27936.717s][debug][safepoint     ] Safepoint synchronization initiated. (164 threads)
[2023-11-16T03:49:28.955+0000][27936.717s][info ][safepoint     ] Application time: 1.0001561 seconds
[2023-11-16T03:49:28.955+0000][27936.717s][info ][safepoint     ] Entering safepoint region: Cleanup
[2023-11-16T03:49:28.955+0000][27936.717s][info ][safepoint     ] Leaving safepoint region
[2023-11-16T03:49:28.955+0000][27936.717s][info ][safepoint     ] Total time for which application threads were stopped: 0.0002764 seconds, Stopping threads took: 0.0000493 seconds
[2023-11-16T03:49:29.955+0000][27937.717s][debug][safepoint     ] Safepoint synchronization initiated. (164 threads)
[2023-11-16T03:49:29.955+0000][27937.717s][info ][safepoint     ] Application time: 1.0001460 seconds
[2023-11-16T03:49:29.956+0000][27937.717s][info ][safepoint     ] Entering safepoint region: Cleanup
[2023-11-16T03:49:29.956+0000][27937.717s][info ][safepoint     ] Leaving safepoint region
[2023-11-16T03:49:29.956+0000][27937.717s][info ][safepoint     ] Total time for which application threads were stopped: 0.0002946 seconds, Stopping threads took: 0.0000674 seconds
[2023-11-16T03:49:30.956+0000][27938.718s][debug][safepoint     ] Safepoint synchronization initiated. (164 threads)
[2023-11-16T03:49:30.956+0000][27938.718s][info ][safepoint     ] Application time: 1.0001603 seconds
[2023-11-16T03:49:30.956+0000][27938.718s][info ][safepoint     ] Entering safepoint region: Cleanup
[2023-11-16T03:49:30.956+0000][27938.718s][info ][safepoint     ] Leaving safepoint region
[2023-11-16T03:49:30.956+0000][27938.718s][info ][safepoint     ] Total time for which application threads were stopped: 0.0003385 seconds, Stopping threads took: 0.0000506 seconds
[2023-11-16T03:49:31.956+0000][27939.718s][debug][safepoint     ] Safepoint synchronization initiated. (164 threads)
[2023-11-16T03:49:31.957+0000][27939.718s][info ][safepoint     ] Application time: 1.0001678 seconds
[2023-11-16T03:49:31.957+0000][27939.718s][info ][safepoint     ] Entering safepoint region: Cleanup
[2023-11-16T03:49:31.957+0000][27939.719s][info ][safepoint     ] Leaving safepoint region
[2023-11-16T03:49:31.957+0000][27939.719s][info ][safepoint     ] Total time for which application threads were stopped: 0.0004587 seconds, Stopping threads took: 0.0002043 seconds
[2023-11-16T03:51:30.948+0000][28058.710s][debug][safepoint     ] Safepoint synchronization initiated. (164 threads)
[2023-11-16T03:51:30.948+0000][28058.710s][info ][safepoint     ] Application time: 118.9912816 seconds
[2023-11-16T03:51:30.948+0000][28058.710s][info ][safepoint     ] Entering safepoint region: G1CollectForAllocation
[2023-11-16T03:51:30.949+0000][28058.710s][info ][gc,start      ] GC(95) Pause Young (Normal) (G1 Evacuation Pause)
[2023-11-16T03:51:30.949+0000][28058.710s][info ][gc,task       ] GC(95) Using 4 workers of 4 for evacuation
[2023-11-16T03:51:30.956+0000][28058.718s][info ][gc,phases     ] GC(95)   Pre Evacuate Collection Set: 0.0ms
[2023-11-16T03:51:30.956+0000][28058.718s][info ][gc,phases     ] GC(95)   Evacuate Collection Set: 2.3ms
[2023-11-16T03:51:30.956+0000][28058.718s][info ][gc,phases     ] GC(95)   Post Evacuate Collection Set: 5.2ms
[2023-11-16T03:51:30.957+0000][28058.718s][info ][gc,phases     ] GC(95)   Other: 0.4ms
[2023-11-16T03:51:30.957+0000][28058.718s][info ][gc,heap       ] GC(95) Eden regions: 475->0(475)
[2023-11-16T03:51:30.957+0000][28058.718s][info ][gc,heap       ] GC(95) Survivor regions: 2->2(60)
[2023-11-16T03:51:30.957+0000][28058.718s][info ][gc,heap       ] GC(95) Old regions: 154->154
[2023-11-16T03:51:30.957+0000][28058.718s][info ][gc,heap       ] GC(95) Humongous regions: 0->0
[2023-11-16T03:51:30.957+0000][28058.718s][info ][gc,metaspace  ] GC(95) Metaspace: 162711K(168124K)->162711K(168124K) NonClass: 143991K(147304K)->143991K(147304K) Class: 18720K(20820K)->18720K(20820K)
[2023-11-16T03:51:30.957+0000][28058.718s][info ][gc            ] GC(95) Pause Young (Normal) (G1 Evacuation Pause) 628M->153M(795M) 8.078ms
[2023-11-16T03:51:30.957+0000][28058.718s][info ][gc,cpu        ] GC(95) User=0.02s Sys=0.00s Real=0.00s
[2023-11-16T03:51:30.957+0000][28058.718s][info ][safepoint     ] Leaving safepoint region
[2023-11-16T03:51:30.957+0000][28058.718s][info ][safepoint     ] Total time for which application threads were stopped: 0.0084669 seconds, Stopping threads took: 0.0000529 seconds
[2023-11-16T03:51:30.957+0000][28058.718s][info ][gc,stringdedup] Concurrent String Deduplication (28058.718s)
[2023-11-16T03:51:30.957+0000][28058.719s][info ][gc,stringdedup] Concurrent String Deduplication 33480.0B->48.0B(33432.0B) avg 54.6% (28058.718s, 28058.719s) 0.360ms
[2023-11-16T03:51:55.959+0000][28083.721s][debug][safepoint     ] Safepoint synchronization initiated. (164 threads)
[2023-11-16T03:51:55.959+0000][28083.721s][info ][safepoint     ] Application time: 25.0023707 seconds
[2023-11-16T03:51:55.959+0000][28083.721s][info ][safepoint     ] Entering safepoint region: Cleanup
[2023-11-16T03:51:55.959+0000][28083.721s][info ][safepoint     ] Leaving safepoint region
[2023-11-16T03:51:55.959+0000][28083.721s][info ][safepoint     ] Total time for which application threads were stopped: 0.0002572 seconds, Stopping threads took: 0.0000501 seconds
[2023-11-16T03:52:14.961+0000][28102.723s][debug][safepoint     ] Safepoint synchronization initiated. (164 threads)
[2023-11-16T03:52:14.961+0000][28102.723s][info ][safepoint     ] Application time: 19.0016675 seconds
[2023-11-16T03:52:14.961+0000][28102.723s][info ][safepoint     ] Entering safepoint region: Cleanup
[2023-11-16T03:52:14.961+0000][28102.723s][info ][safepoint     ] Leaving safepoint region
[2023-11-16T03:52:14.961+0000][28102.723s][info ][safepoint     ] Total time for which application threads were stopped: 0.0002536 seconds, Stopping threads took: 0.0000476 seconds
[2023-11-16T03:54:35.974+0000][28243.735s][debug][safepoint     ] Safepoint synchronization initiated. (166 threads)
[2023-11-16T03:54:35.974+0000][28243.735s][info ][safepoint     ] Application time: 141.0124008 seconds
[2023-11-16T03:54:35.974+0000][28243.735s][info ][safepoint     ] Entering safepoint region: Cleanup
[2023-11-16T03:54:35.974+0000][28243.736s][info ][safepoint     ] Leaving safepoint region
[2023-11-16T03:54:35.974+0000][28243.736s][info ][safepoint     ] Total time for which application threads were stopped: 0.0003689 seconds, Stopping threads took: 0.0000657 seconds
[2023-11-16T03:57:14.988+0000][28402.750s][debug][safepoint     ] Safepoint synchronization initiated. (165 threads)
[2023-11-16T03:57:14.988+0000][28402.750s][info ][safepoint     ] Application time: 159.0142679 seconds
[2023-11-16T03:57:14.989+0000][28402.750s][info ][safepoint     ] Entering safepoint region: Cleanup
[2023-11-16T03:57:14.989+0000][28402.750s][info ][safepoint     ] Leaving safepoint region
[2023-11-16T03:57:14.989+0000][28402.750s][info ][safepoint     ] Total time for which application threads were stopped: 0.0002461 seconds, Stopping threads took: 0.0000474 seconds
[2023-11-16T03:57:18.989+0000][28406.751s][debug][safepoint     ] Safepoint synchronization initiated. (165 threads)
[2023-11-16T03:57:18.989+0000][28406.751s][info ][safepoint     ] Application time: 4.0003921 seconds
[2023-11-16T03:57:18.989+0000][28406.751s][info ][safepoint     ] Entering safepoint region: Cleanup
[2023-11-16T03:57:18.989+0000][28406.751s][info ][safepoint     ] Leaving safepoint region
[2023-11-16T03:57:18.989+0000][28406.751s][info ][safepoint     ] Total time for which application threads were stopped: 0.0002404 seconds, Stopping threads took: 0.0000469 seconds
[2023-11-16T03:57:23.990+0000][28411.752s][debug][safepoint     ] Safepoint synchronization initiated. (163 threads)
[2023-11-16T03:57:23.990+0000][28411.752s][info ][safepoint     ] Application time: 5.0005111 seconds
[2023-11-16T03:57:23.990+0000][28411.752s][info ][safepoint     ] Entering safepoint region: Cleanup
[2023-11-16T03:57:23.990+0000][28411.752s][info ][safepoint     ] Leaving safepoint region
[2023-11-16T03:57:23.990+0000][28411.752s][info ][safepoint     ] Total time for which application threads were stopped: 0.0003464 seconds, Stopping threads took: 0.0000489 seconds
[2023-11-16T03:57:40.992+0000][28428.753s][debug][safepoint     ] Safepoint synchronization initiated. (165 threads)
[2023-11-16T03:57:40.992+0000][28428.754s][info ][safepoint     ] Application time: 17.0015566 seconds
[2023-11-16T03:57:40.992+0000][28428.754s][info ][safepoint     ] Entering safepoint region: Cleanup
[2023-11-16T03:57:40.992+0000][28428.754s][info ][safepoint     ] Leaving safepoint region
[2023-11-16T03:57:40.992+0000][28428.754s][info ][safepoint     ] Total time for which application threads were stopped: 0.0003070 seconds, Stopping threads took: 0.0000468 seconds
[2023-11-16T03:57:41.992+0000][28429.754s][debug][safepoint     ] Safepoint synchronization initiated. (165 threads)
[2023-11-16T03:57:41.992+0000][28429.754s][info ][safepoint     ] Application time: 1.0001509 seconds
[2023-11-16T03:57:41.992+0000][28429.754s][info ][safepoint     ] Entering safepoint region: Cleanup
[2023-11-16T03:57:41.993+0000][28429.754s][info ][safepoint     ] Leaving safepoint region
[2023-11-16T03:57:41.993+0000][28429.754s][info ][safepoint     ] Total time for which application threads were stopped: 0.0003359 seconds, Stopping threads took: 0.0000477 seconds
[2023-11-16T03:57:42.993+0000][28430.754s][debug][safepoint     ] Safepoint synchronization initiated. (165 threads)
[2023-11-16T03:57:42.993+0000][28430.755s][info ][safepoint     ] Application time: 1.0001612 seconds
[2023-11-16T03:57:42.993+0000][28430.755s][info ][safepoint     ] Entering safepoint region: Cleanup
[2023-11-16T03:57:42.993+0000][28430.755s][info ][safepoint     ] Leaving safepoint region
[2023-11-16T03:57:42.993+0000][28430.755s][info ][safepoint     ] Total time for which application threads were stopped: 0.0002658 seconds, Stopping threads took: 0.0000487 seconds
[2023-11-16T03:58:14.996+0000][28462.758s][debug][safepoint     ] Safepoint synchronization initiated. (164 threads)
[2023-11-16T03:58:14.996+0000][28462.758s][info ][safepoint     ] Application time: 32.0029778 seconds
[2023-11-16T03:58:14.996+0000][28462.758s][info ][safepoint     ] Entering safepoint region: Cleanup
[2023-11-16T03:58:14.996+0000][28462.758s][info ][safepoint     ] Leaving safepoint region
[2023-11-16T03:58:14.996+0000][28462.758s][info ][safepoint     ] Total time for which application threads were stopped: 0.0002545 seconds, Stopping threads took: 0.0000509 seconds
[2023-11-16T03:58:19.997+0000][28467.759s][debug][safepoint     ] Safepoint synchronization initiated. (164 threads)
[2023-11-16T03:58:19.997+0000][28467.759s][info ][safepoint     ] Application time: 5.0005290 seconds
[2023-11-16T03:58:19.997+0000][28467.759s][info ][safepoint     ] Entering safepoint region: Cleanup
[2023-11-16T03:58:19.997+0000][28467.759s][info ][safepoint     ] Leaving safepoint region
[2023-11-16T03:58:19.997+0000][28467.759s][info ][safepoint     ] Total time for which application threads were stopped: 0.0003523 seconds, Stopping threads took: 0.0000580 seconds
[2023-11-16T03:58:19.997+0000][28467.759s][debug][safepoint     ] ... found polling page loop exception at pc = 0x00007f6930fafbdc, stub =0x00007f692883ab00
[2023-11-16T03:58:19.997+0000][28467.759s][debug][safepoint     ] ... found polling page return exception at pc = 0x00007f693102dd76, stub =0x00007f692883a800
[2023-11-16T03:58:38.999+0000][28486.761s][debug][safepoint     ] Safepoint synchronization initiated. (164 threads)
[2023-11-16T03:58:38.999+0000][28486.761s][info ][safepoint     ] Application time: 19.0017683 seconds
[2023-11-16T03:58:38.999+0000][28486.761s][info ][safepoint     ] Entering safepoint region: Cleanup
[2023-11-16T03:58:38.999+0000][28486.761s][info ][safepoint     ] Leaving safepoint region
[2023-11-16T03:58:38.999+0000][28486.761s][info ][safepoint     ] Total time for which application threads were stopped: 0.0002437 seconds, Stopping threads took: 0.0000483 seconds
[2023-11-16T03:59:07.003+0000][28514.765s][debug][safepoint     ] Safepoint synchronization initiated. (165 threads)
[2023-11-16T03:59:07.003+0000][28514.765s][info ][safepoint     ] Application time: 28.0036187 seconds
[2023-11-16T03:59:07.003+0000][28514.765s][info ][safepoint     ] Entering safepoint region: Cleanup
[2023-11-16T03:59:07.003+0000][28514.765s][info ][safepoint     ] Leaving safepoint region
[2023-11-16T03:59:07.003+0000][28514.765s][info ][safepoint     ] Total time for which application threads were stopped: 0.0001615 seconds, Stopping threads took: 0.0000350 seconds
[2023-11-16T03:59:08.003+0000][28515.765s][debug][safepoint     ] Safepoint synchronization initiated. (165 threads)
[2023-11-16T03:59:08.003+0000][28515.765s][info ][safepoint     ] Application time: 1.0000796 seconds
[2023-11-16T03:59:08.003+0000][28515.765s][info ][safepoint     ] Entering safepoint region: Cleanup
[2023-11-16T03:59:08.004+0000][28515.765s][info ][safepoint     ] Leaving safepoint region
[2023-11-16T03:59:08.004+0000][28515.765s][info ][safepoint     ] Total time for which application threads were stopped: 0.0001874 seconds, Stopping threads took: 0.0000343 seconds
[2023-11-16T03:59:09.004+0000][28516.765s][debug][safepoint     ] Safepoint synchronization initiated. (165 threads)
[2023-11-16T03:59:09.004+0000][28516.765s][info ][safepoint     ] Application time: 1.0001212 seconds
[2023-11-16T03:59:09.004+0000][28516.765s][info ][safepoint     ] Entering safepoint region: Cleanup
[2023-11-16T03:59:09.004+0000][28516.765s][info ][safepoint     ] Leaving safepoint region
[2023-11-16T03:59:09.004+0000][28516.765s][info ][safepoint     ] Total time for which application threads were stopped: 0.0002020 seconds, Stopping threads took: 0.0000404 seconds
[2023-11-16T03:59:10.004+0000][28517.766s][debug][safepoint     ] Safepoint synchronization initiated. (165 threads)
[2023-11-16T03:59:10.004+0000][28517.766s][info ][safepoint     ] Application time: 1.0001506 seconds
[2023-11-16T03:59:10.004+0000][28517.766s][info ][safepoint     ] Entering safepoint region: Cleanup
[2023-11-16T03:59:10.004+0000][28517.766s][info ][safepoint     ] Leaving safepoint region
[2023-11-16T03:59:10.004+0000][28517.766s][info ][safepoint     ] Total time for which application threads were stopped: 0.0002492 seconds, Stopping threads took: 0.0000403 seconds
[2023-11-16T03:59:11.004+0000][28518.766s][debug][safepoint     ] Safepoint synchronization initiated. (163 threads)
[2023-11-16T03:59:11.004+0000][28518.766s][info ][safepoint     ] Application time: 1.0001306 seconds
[2023-11-16T03:59:11.004+0000][28518.766s][info ][safepoint     ] Entering safepoint region: Cleanup
[2023-11-16T03:59:11.005+0000][28518.766s][info ][safepoint     ] Leaving safepoint region
[2023-11-16T03:59:11.005+0000][28518.766s][info ][safepoint     ] Total time for which application threads were stopped: 0.0002277 seconds, Stopping threads took: 0.0000401 seconds
[2023-11-16T03:59:12.005+0000][28519.766s][debug][safepoint     ] Safepoint synchronization initiated. (163 threads)
[2023-11-16T03:59:12.005+0000][28519.766s][info ][safepoint     ] Application time: 1.0001704 seconds
[2023-11-16T03:59:12.005+0000][28519.767s][info ][safepoint     ] Entering safepoint region: Cleanup
[2023-11-16T03:59:12.005+0000][28519.767s][info ][safepoint     ] Leaving safepoint region
[2023-11-16T03:59:12.005+0000][28519.767s][info ][safepoint     ] Total time for which application threads were stopped: 0.0003195 seconds, Stopping threads took: 0.0000379 seconds
[2023-11-16T03:59:13.005+0000][28520.767s][debug][safepoint     ] Safepoint synchronization initiated. (163 threads)
[2023-11-16T03:59:13.005+0000][28520.767s][info ][safepoint     ] Application time: 1.0001378 seconds
[2023-11-16T03:59:13.005+0000][28520.767s][info ][safepoint     ] Entering safepoint region: Cleanup
[2023-11-16T03:59:13.006+0000][28520.767s][info ][safepoint     ] Leaving safepoint region
[2023-11-16T03:59:13.006+0000][28520.767s][info ][safepoint     ] Total time for which application threads were stopped: 0.0002660 seconds, Stopping threads took: 0.0000353 seconds
[2023-11-16T03:59:14.006+0000][28521.767s][debug][safepoint     ] Safepoint synchronization initiated. (163 threads)
[2023-11-16T03:59:14.006+0000][28521.767s][info ][safepoint     ] Application time: 1.0001094 seconds
[2023-11-16T03:59:14.006+0000][28521.767s][info ][safepoint     ] Entering safepoint region: Cleanup
[2023-11-16T03:59:14.006+0000][28521.768s][info ][safepoint     ] Leaving safepoint region
[2023-11-16T03:59:14.006+0000][28521.768s][info ][safepoint     ] Total time for which application threads were stopped: 0.0002568 seconds, Stopping threads took: 0.0000345 seconds
[2023-11-16T03:59:15.006+0000][28522.768s][debug][safepoint     ] Safepoint synchronization initiated. (163 threads)
[2023-11-16T03:59:15.006+0000][28522.768s][info ][safepoint     ] Application time: 1.0001256 seconds
[2023-11-16T03:59:15.006+0000][28522.768s][debug][safepoint     ] ... found polling page return exception at pc = 0x00007f69310295aa, stub =0x00007f692883a800
[2023-11-16T03:59:15.006+0000][28522.768s][debug][safepoint     ] Waiting for 1 thread(s) to block
[2023-11-16T03:59:15.006+0000][28522.768s][info ][safepoint     ] Entering safepoint region: Cleanup
[2023-11-16T03:59:15.007+0000][28522.768s][info ][safepoint     ] Leaving safepoint region
[2023-11-16T03:59:15.007+0000][28522.768s][info ][safepoint     ] Total time for which application threads were stopped: 0.0005128 seconds, Stopping threads took: 0.0003185 seconds
[2023-11-16T03:59:15.007+0000][28522.768s][debug][safepoint     ] ... found polling page return exception at pc = 0x00007f693102dd76, stub =0x00007f692883a800
[2023-11-16T03:59:16.007+0000][28523.768s][debug][safepoint     ] Safepoint synchronization initiated. (163 threads)
[2023-11-16T03:59:16.007+0000][28523.768s][info ][safepoint     ] Application time: 1.0001307 seconds
[2023-11-16T03:59:16.007+0000][28523.768s][info ][safepoint     ] Entering safepoint region: Cleanup
[2023-11-16T03:59:16.007+0000][28523.769s][info ][safepoint     ] Leaving safepoint region
[2023-11-16T03:59:16.007+0000][28523.769s][info ][safepoint     ] Total time for which application threads were stopped: 0.0002145 seconds, Stopping threads took: 0.0000392 seconds
[2023-11-16T03:59:17.007+0000][28524.769s][debug][safepoint     ] Safepoint synchronization initiated. (163 threads)
[2023-11-16T03:59:17.007+0000][28524.769s][info ][safepoint     ] Application time: 1.0000641 seconds
[2023-11-16T03:59:17.007+0000][28524.769s][info ][safepoint     ] Entering safepoint region: Cleanup
[2023-11-16T03:59:17.007+0000][28524.769s][info ][safepoint     ] Leaving safepoint region
[2023-11-16T03:59:17.007+0000][28524.769s][info ][safepoint     ] Total time for which application threads were stopped: 0.0001764 seconds, Stopping threads took: 0.0000368 seconds
[2023-11-16T03:59:18.007+0000][28525.769s][debug][safepoint     ] Safepoint synchronization initiated. (163 threads)
[2023-11-16T03:59:18.007+0000][28525.769s][info ][safepoint     ] Application time: 1.0001132 seconds
[2023-11-16T03:59:18.007+0000][28525.769s][info ][safepoint     ] Entering safepoint region: Cleanup
[2023-11-16T03:59:18.008+0000][28525.769s][info ][safepoint     ] Leaving safepoint region
[2023-11-16T03:59:18.008+0000][28525.769s][info ][safepoint     ] Total time for which application threads were stopped: 0.0001890 seconds, Stopping threads took: 0.0000365 seconds
[2023-11-16T03:59:19.008+0000][28526.769s][debug][safepoint     ] Safepoint synchronization initiated. (163 threads)
[2023-11-16T03:59:19.008+0000][28526.769s][info ][safepoint     ] Application time: 1.0001267 seconds
[2023-11-16T03:59:19.008+0000][28526.769s][info ][safepoint     ] Entering safepoint region: Cleanup
[2023-11-16T03:59:19.008+0000][28526.770s][info ][safepoint     ] Leaving safepoint region
[2023-11-16T03:59:19.008+0000][28526.770s][info ][safepoint     ] Total time for which application threads were stopped: 0.0002334 seconds, Stopping threads took: 0.0000371 seconds
[2023-11-16T03:59:20.008+0000][28527.770s][debug][safepoint     ] Safepoint synchronization initiated. (163 threads)
[2023-11-16T03:59:20.008+0000][28527.770s][info ][safepoint     ] Application time: 1.0001158 seconds
[2023-11-16T03:59:20.008+0000][28527.770s][info ][safepoint     ] Entering safepoint region: Cleanup
[2023-11-16T03:59:20.008+0000][28527.770s][info ][safepoint     ] Leaving safepoint region
[2023-11-16T03:59:20.008+0000][28527.770s][info ][safepoint     ] Total time for which application threads were stopped: 0.0003554 seconds, Stopping threads took: 0.0001869 seconds
[2023-11-16T03:59:21.009+0000][28528.770s][debug][safepoint     ] Safepoint synchronization initiated. (164 threads)
[2023-11-16T03:59:21.009+0000][28528.770s][info ][safepoint     ] Application time: 1.0001083 seconds
[2023-11-16T03:59:21.009+0000][28528.770s][info ][safepoint     ] Entering safepoint region: Cleanup
[2023-11-16T03:59:21.009+0000][28528.770s][info ][safepoint     ] Leaving safepoint region
[2023-11-16T03:59:21.009+0000][28528.770s][info ][safepoint     ] Total time for which application threads were stopped: 0.0001731 seconds, Stopping threads took: 0.0000344 seconds
[2023-11-16T03:59:22.009+0000][28529.770s][debug][safepoint     ] Safepoint synchronization initiated. (164 threads)
[2023-11-16T03:59:22.009+0000][28529.771s][info ][safepoint     ] Application time: 1.0001107 seconds
[2023-11-16T03:59:22.009+0000][28529.771s][info ][safepoint     ] Entering safepoint region: Cleanup
[2023-11-16T03:59:22.009+0000][28529.771s][info ][safepoint     ] Leaving safepoint region
[2023-11-16T03:59:22.009+0000][28529.771s][info ][safepoint     ] Total time for which application threads were stopped: 0.0002266 seconds, Stopping threads took: 0.0000354 seconds
[2023-11-16T03:59:23.009+0000][28530.771s][debug][safepoint     ] Safepoint synchronization initiated. (164 threads)
[2023-11-16T03:59:23.009+0000][28530.771s][info ][safepoint     ] Application time: 1.0001602 seconds
[2023-11-16T03:59:23.009+0000][28530.771s][info ][safepoint     ] Entering safepoint region: Cleanup
[2023-11-16T03:59:23.009+0000][28530.771s][info ][safepoint     ] Leaving safepoint region
[2023-11-16T03:59:23.010+0000][28530.771s][info ][safepoint     ] Total time for which application threads were stopped: 0.0002055 seconds, Stopping threads took: 0.0000376 seconds
[2023-11-16T03:59:24.010+0000][28531.771s][debug][safepoint     ] Safepoint synchronization initiated. (164 threads)
[2023-11-16T03:59:24.010+0000][28531.771s][info ][safepoint     ] Application time: 1.0001325 seconds
[2023-11-16T03:59:24.010+0000][28531.771s][info ][safepoint     ] Entering safepoint region: Cleanup
[2023-11-16T03:59:24.010+0000][28531.771s][info ][safepoint     ] Leaving safepoint region
[2023-11-16T03:59:24.010+0000][28531.771s][info ][safepoint     ] Total time for which application threads were stopped: 0.0001683 seconds, Stopping threads took: 0.0000385 seconds
[2023-11-16T03:59:25.010+0000][28532.772s][debug][safepoint     ] Safepoint synchronization initiated. (164 threads)
[2023-11-16T03:59:25.010+0000][28532.772s][info ][safepoint     ] Application time: 1.0001494 seconds
[2023-11-16T03:59:25.010+0000][28532.772s][info ][safepoint     ] Entering safepoint region: Cleanup
[2023-11-16T03:59:25.010+0000][28532.772s][info ][safepoint     ] Leaving safepoint region
[2023-11-16T03:59:25.010+0000][28532.772s][info ][safepoint     ] Total time for which application threads were stopped: 0.0002413 seconds, Stopping threads took: 0.0000486 seconds
[2023-11-16T03:59:26.010+0000][28533.772s][debug][safepoint     ] Safepoint synchronization initiated. (163 threads)
[2023-11-16T03:59:26.010+0000][28533.772s][info ][safepoint     ] Application time: 1.0001151 seconds
[2023-11-16T03:59:26.010+0000][28533.772s][info ][safepoint     ] Entering safepoint region: Cleanup
[2023-11-16T03:59:26.011+0000][28533.772s][info ][safepoint     ] Leaving safepoint region
[2023-11-16T03:59:26.011+0000][28533.772s][info ][safepoint     ] Total time for which application threads were stopped: 0.0002723 seconds, Stopping threads took: 0.0000376 seconds
[2023-11-16T03:59:27.011+0000][28534.772s][debug][safepoint     ] Safepoint synchronization initiated. (163 threads)
[2023-11-16T03:59:27.011+0000][28534.772s][info ][safepoint     ] Application time: 1.0001209 seconds
[2023-11-16T03:59:27.011+0000][28534.772s][info ][safepoint     ] Entering safepoint region: Cleanup
[2023-11-16T03:59:27.011+0000][28534.773s][info ][safepoint     ] Leaving safepoint region
[2023-11-16T03:59:27.011+0000][28534.773s][info ][safepoint     ] Total time for which application threads were stopped: 0.0001894 seconds, Stopping threads took: 0.0000360 seconds
[2023-11-16T03:59:28.011+0000][28535.773s][debug][safepoint     ] Safepoint synchronization initiated. (163 threads)
[2023-11-16T03:59:28.011+0000][28535.773s][info ][safepoint     ] Application time: 1.0001209 seconds
[2023-11-16T03:59:28.011+0000][28535.773s][info ][safepoint     ] Entering safepoint region: Cleanup
[2023-11-16T03:59:28.011+0000][28535.773s][info ][safepoint     ] Leaving safepoint region
[2023-11-16T03:59:28.011+0000][28535.773s][info ][safepoint     ] Total time for which application threads were stopped: 0.0001948 seconds, Stopping threads took: 0.0000361 seconds
[2023-11-16T03:59:29.011+0000][28536.773s][debug][safepoint     ] Safepoint synchronization initiated. (163 threads)
[2023-11-16T03:59:29.011+0000][28536.773s][info ][safepoint     ] Application time: 1.0001362 seconds
[2023-11-16T03:59:29.012+0000][28536.773s][info ][safepoint     ] Entering safepoint region: Cleanup
[2023-11-16T03:59:29.012+0000][28536.773s][info ][safepoint     ] Leaving safepoint region
[2023-11-16T03:59:29.012+0000][28536.773s][info ][safepoint     ] Total time for which application threads were stopped: 0.0002639 seconds, Stopping threads took: 0.0000478 seconds
[2023-11-16T03:59:30.012+0000][28537.773s][debug][safepoint     ] Safepoint synchronization initiated. (163 threads)
[2023-11-16T03:59:30.012+0000][28537.774s][info ][safepoint     ] Application time: 1.0001304 seconds
[2023-11-16T03:59:30.012+0000][28537.774s][info ][safepoint     ] Entering safepoint region: Cleanup
[2023-11-16T03:59:30.012+0000][28537.774s][info ][safepoint     ] Leaving safepoint region
[2023-11-16T03:59:30.012+0000][28537.774s][info ][safepoint     ] Total time for which application threads were stopped: 0.0002782 seconds, Stopping threads took: 0.0001287 seconds
[2023-11-16T03:59:31.012+0000][28538.774s][debug][safepoint     ] Safepoint synchronization initiated. (163 threads)
[2023-11-16T03:59:31.012+0000][28538.774s][info ][safepoint     ] Application time: 1.0001533 seconds
[2023-11-16T03:59:31.012+0000][28538.774s][info ][safepoint     ] Entering safepoint region: Cleanup
[2023-11-16T03:59:31.013+0000][28538.774s][info ][safepoint     ] Leaving safepoint region
[2023-11-16T03:59:31.013+0000][28538.774s][info ][safepoint     ] Total time for which application threads were stopped: 0.0002242 seconds, Stopping threads took: 0.0000390 seconds
[2023-11-16T03:59:32.013+0000][28539.774s][debug][safepoint     ] Safepoint synchronization initiated. (163 threads)
[2023-11-16T03:59:32.013+0000][28539.774s][info ][safepoint     ] Application time: 1.0001260 seconds
[2023-11-16T03:59:32.013+0000][28539.774s][info ][safepoint     ] Entering safepoint region: Cleanup
[2023-11-16T03:59:32.013+0000][28539.775s][info ][safepoint     ] Leaving safepoint region
[2023-11-16T03:59:32.013+0000][28539.775s][info ][safepoint     ] Total time for which application threads were stopped: 0.0001870 seconds, Stopping threads took: 0.0000387 seconds
[2023-11-16T03:59:33.013+0000][28540.775s][debug][safepoint     ] Safepoint synchronization initiated. (162 threads)
[2023-11-16T03:59:33.013+0000][28540.775s][info ][safepoint     ] Application time: 1.0001187 seconds
[2023-11-16T03:59:33.013+0000][28540.775s][info ][safepoint     ] Entering safepoint region: Cleanup
[2023-11-16T03:59:33.013+0000][28540.775s][info ][safepoint     ] Leaving safepoint region
[2023-11-16T03:59:33.013+0000][28540.775s][info ][safepoint     ] Total time for which application threads were stopped: 0.0001740 seconds, Stopping threads took: 0.0000360 seconds
[2023-11-16T03:59:34.013+0000][28541.775s][debug][safepoint     ] Safepoint synchronization initiated. (162 threads)
[2023-11-16T03:59:34.013+0000][28541.775s][info ][safepoint     ] Application time: 1.0001286 seconds
[2023-11-16T03:59:34.013+0000][28541.775s][info ][safepoint     ] Entering safepoint region: Cleanup
[2023-11-16T03:59:34.014+0000][28541.775s][info ][safepoint     ] Leaving safepoint region
[2023-11-16T03:59:34.014+0000][28541.775s][info ][safepoint     ] Total time for which application threads were stopped: 0.0001890 seconds, Stopping threads took: 0.0000376 seconds
[2023-11-16T03:59:35.014+0000][28542.775s][debug][safepoint     ] Safepoint synchronization initiated. (162 threads)
[2023-11-16T03:59:35.014+0000][28542.775s][info ][safepoint     ] Application time: 1.0001158 seconds
[2023-11-16T03:59:35.014+0000][28542.775s][info ][safepoint     ] Entering safepoint region: Cleanup
[2023-11-16T03:59:35.014+0000][28542.776s][info ][safepoint     ] Leaving safepoint region
[2023-11-16T03:59:35.014+0000][28542.776s][info ][safepoint     ] Total time for which application threads were stopped: 0.0005064 seconds, Stopping threads took: 0.0003124 seconds
[2023-11-16T03:59:36.014+0000][28543.776s][debug][safepoint     ] Safepoint synchronization initiated. (162 threads)
[2023-11-16T03:59:36.014+0000][28543.776s][info ][safepoint     ] Application time: 1.0001177 seconds
[2023-11-16T03:59:36.014+0000][28543.776s][info ][safepoint     ] Entering safepoint region: Cleanup
[2023-11-16T03:59:36.015+0000][28543.776s][info ][safepoint     ] Leaving safepoint region
[2023-11-16T03:59:36.015+0000][28543.776s][info ][safepoint     ] Total time for which application threads were stopped: 0.0002824 seconds, Stopping threads took: 0.0000363 seconds
[2023-11-16T03:59:37.017+0000][28544.779s][debug][safepoint     ] Safepoint synchronization initiated. (162 threads)
[2023-11-16T03:59:37.017+0000][28544.779s][info ][safepoint     ] Application time: 1.0024862 seconds
[2023-11-16T03:59:37.017+0000][28544.779s][info ][safepoint     ] Entering safepoint region: Cleanup
[2023-11-16T03:59:37.017+0000][28544.779s][info ][safepoint     ] Leaving safepoint region
[2023-11-16T03:59:37.017+0000][28544.779s][info ][safepoint     ] Total time for which application threads were stopped: 0.0002267 seconds, Stopping threads took: 0.0000393 seconds
[2023-11-16T03:59:38.017+0000][28545.779s][debug][safepoint     ] Safepoint synchronization initiated. (162 threads)
[2023-11-16T03:59:38.017+0000][28545.779s][info ][safepoint     ] Application time: 1.0001218 seconds
[2023-11-16T03:59:38.018+0000][28545.779s][info ][safepoint     ] Entering safepoint region: Cleanup
[2023-11-16T03:59:38.018+0000][28545.779s][info ][safepoint     ] Leaving safepoint region
[2023-11-16T03:59:38.018+0000][28545.779s][info ][safepoint     ] Total time for which application threads were stopped: 0.0001930 seconds, Stopping threads took: 0.0000392 seconds
[2023-11-16T03:59:39.018+0000][28546.779s][debug][safepoint     ] Safepoint synchronization initiated. (162 threads)
[2023-11-16T03:59:39.018+0000][28546.780s][info ][safepoint     ] Application time: 1.0001511 seconds
[2023-11-16T03:59:39.018+0000][28546.780s][info ][safepoint     ] Entering safepoint region: Cleanup
[2023-11-16T03:59:39.018+0000][28546.780s][info ][safepoint     ] Leaving safepoint region
[2023-11-16T03:59:39.018+0000][28546.780s][info ][safepoint     ] Total time for which application threads were stopped: 0.0002388 seconds, Stopping threads took: 0.0000392 seconds
[2023-11-16T03:59:40.018+0000][28547.780s][debug][safepoint     ] Safepoint synchronization initiated. (162 threads)
[2023-11-16T03:59:40.018+0000][28547.780s][info ][safepoint     ] Application time: 1.0001512 seconds
[2023-11-16T03:59:40.018+0000][28547.780s][info ][safepoint     ] Entering safepoint region: Cleanup
[2023-11-16T03:59:40.018+0000][28547.780s][info ][safepoint     ] Leaving safepoint region
[2023-11-16T03:59:40.019+0000][28547.780s][info ][safepoint     ] Total time for which application threads were stopped: 0.0002005 seconds, Stopping threads took: 0.0000375 seconds
[2023-11-16T03:59:41.019+0000][28548.780s][debug][safepoint     ] Safepoint synchronization initiated. (162 threads)
[2023-11-16T03:59:41.019+0000][28548.780s][info ][safepoint     ] Application time: 1.0001376 seconds
[2023-11-16T03:59:41.019+0000][28548.780s][info ][safepoint     ] Entering safepoint region: Cleanup
[2023-11-16T03:59:41.019+0000][28548.780s][info ][safepoint     ] Leaving safepoint region
[2023-11-16T03:59:41.019+0000][28548.780s][info ][safepoint     ] Total time for which application threads were stopped: 0.0001882 seconds, Stopping threads took: 0.0000361 seconds
[2023-11-16T03:59:42.019+0000][28549.781s][debug][safepoint     ] Safepoint synchronization initiated. (162 threads)
[2023-11-16T03:59:42.019+0000][28549.781s][info ][safepoint     ] Application time: 1.0001539 seconds
[2023-11-16T03:59:42.019+0000][28549.781s][info ][safepoint     ] Entering safepoint region: Cleanup
[2023-11-16T03:59:42.019+0000][28549.781s][info ][safepoint     ] Leaving safepoint region
[2023-11-16T03:59:42.019+0000][28549.781s][info ][safepoint     ] Total time for which application threads were stopped: 0.0002045 seconds, Stopping threads took: 0.0000456 seconds
[2023-11-16T03:59:43.019+0000][28550.781s][debug][safepoint     ] Safepoint synchronization initiated. (162 threads)
[2023-11-16T03:59:43.019+0000][28550.781s][info ][safepoint     ] Application time: 1.0001487 seconds
[2023-11-16T03:59:43.019+0000][28550.781s][info ][safepoint     ] Entering safepoint region: Cleanup
[2023-11-16T03:59:43.020+0000][28550.781s][info ][safepoint     ] Leaving safepoint region
[2023-11-16T03:59:43.020+0000][28550.781s][info ][safepoint     ] Total time for which application threads were stopped: 0.0001962 seconds, Stopping threads took: 0.0000536 seconds
[2023-11-16T03:59:44.020+0000][28551.781s][debug][safepoint     ] Safepoint synchronization initiated. (162 threads)
[2023-11-16T03:59:44.020+0000][28551.781s][info ][safepoint     ] Application time: 1.0001383 seconds
[2023-11-16T03:59:44.020+0000][28551.781s][info ][safepoint     ] Entering safepoint region: Cleanup
[2023-11-16T03:59:44.020+0000][28551.782s][info ][safepoint     ] Leaving safepoint region
[2023-11-16T03:59:44.020+0000][28551.782s][info ][safepoint     ] Total time for which application threads were stopped: 0.0002516 seconds, Stopping threads took: 0.0000353 seconds
[2023-11-16T03:59:45.020+0000][28552.782s][debug][safepoint     ] Safepoint synchronization initiated. (162 threads)
[2023-11-16T03:59:45.020+0000][28552.782s][info ][safepoint     ] Application time: 1.0001252 seconds
[2023-11-16T03:59:45.020+0000][28552.782s][info ][safepoint     ] Entering safepoint region: Cleanup
[2023-11-16T03:59:45.020+0000][28552.782s][info ][safepoint     ] Leaving safepoint region
[2023-11-16T03:59:45.020+0000][28552.782s][info ][safepoint     ] Total time for which application threads were stopped: 0.0002730 seconds, Stopping threads took: 0.0000402 seconds
[2023-11-16T03:59:46.021+0000][28553.782s][debug][safepoint     ] Safepoint synchronization initiated. (162 threads)
[2023-11-16T03:59:46.021+0000][28553.782s][info ][safepoint     ] Application time: 1.0001105 seconds
[2023-11-16T03:59:46.021+0000][28553.782s][info ][safepoint     ] Entering safepoint region: Cleanup
[2023-11-16T03:59:46.021+0000][28553.782s][info ][safepoint     ] Leaving safepoint region
[2023-11-16T03:59:46.021+0000][28553.782s][info ][safepoint     ] Total time for which application threads were stopped: 0.0001856 seconds, Stopping threads took: 0.0000368 seconds
[2023-11-16T03:59:47.021+0000][28554.782s][debug][safepoint     ] Safepoint synchronization initiated. (162 threads)
[2023-11-16T03:59:47.021+0000][28554.783s][info ][safepoint     ] Application time: 1.0001293 seconds
[2023-11-16T03:59:47.021+0000][28554.783s][info ][safepoint     ] Entering safepoint region: Cleanup
[2023-11-16T03:59:47.021+0000][28554.783s][info ][safepoint     ] Leaving safepoint region
[2023-11-16T03:59:47.021+0000][28554.783s][info ][safepoint     ] Total time for which application threads were stopped: 0.0001805 seconds, Stopping threads took: 0.0000359 seconds
[2023-11-16T03:59:48.021+0000][28555.783s][debug][safepoint     ] Safepoint synchronization initiated. (162 threads)
[2023-11-16T03:59:48.021+0000][28555.783s][info ][safepoint     ] Application time: 1.0001156 seconds
[2023-11-16T03:59:48.021+0000][28555.783s][info ][safepoint     ] Entering safepoint region: Cleanup
[2023-11-16T03:59:48.021+0000][28555.783s][info ][safepoint     ] Leaving safepoint region
[2023-11-16T03:59:48.021+0000][28555.783s][info ][safepoint     ] Total time for which application threads were stopped: 0.0001598 seconds, Stopping threads took: 0.0000359 seconds
[2023-11-16T03:59:49.021+0000][28556.783s][debug][safepoint     ] Safepoint synchronization initiated. (162 threads)
[2023-11-16T03:59:49.021+0000][28556.783s][info ][safepoint     ] Application time: 1.0001236 seconds
[2023-11-16T03:59:49.022+0000][28556.783s][info ][safepoint     ] Entering safepoint region: Cleanup
[2023-11-16T03:59:49.022+0000][28556.783s][info ][safepoint     ] Leaving safepoint region
[2023-11-16T03:59:49.022+0000][28556.783s][info ][safepoint     ] Total time for which application threads were stopped: 0.0001810 seconds, Stopping threads took: 0.0000394 seconds
[2023-11-16T03:59:50.022+0000][28557.783s][debug][safepoint     ] Safepoint synchronization initiated. (162 threads)
[2023-11-16T03:59:50.022+0000][28557.783s][info ][safepoint     ] Application time: 1.0001508 seconds
[2023-11-16T03:59:50.022+0000][28557.784s][info ][safepoint     ] Entering safepoint region: Cleanup
[2023-11-16T03:59:50.022+0000][28557.784s][info ][safepoint     ] Leaving safepoint region
[2023-11-16T03:59:50.022+0000][28557.784s][info ][safepoint     ] Total time for which application threads were stopped: 0.0002090 seconds, Stopping threads took: 0.0000403 seconds
[2023-11-16T03:59:51.022+0000][28558.784s][debug][safepoint     ] Safepoint synchronization initiated. (162 threads)
[2023-11-16T03:59:51.022+0000][28558.784s][info ][safepoint     ] Application time: 1.0001391 seconds
[2023-11-16T03:59:51.022+0000][28558.784s][info ][safepoint     ] Entering safepoint region: Cleanup
[2023-11-16T03:59:51.022+0000][28558.784s][info ][safepoint     ] Leaving safepoint region
[2023-11-16T03:59:51.022+0000][28558.784s][info ][safepoint     ] Total time for which application threads were stopped: 0.0002096 seconds, Stopping threads took: 0.0000519 seconds
[2023-11-16T03:59:52.023+0000][28559.784s][debug][safepoint     ] Safepoint synchronization initiated. (162 threads)
[2023-11-16T03:59:52.023+0000][28559.784s][info ][safepoint     ] Application time: 1.0001384 seconds
[2023-11-16T03:59:52.023+0000][28559.784s][info ][safepoint     ] Entering safepoint region: Cleanup
[2023-11-16T03:59:52.023+0000][28559.784s][info ][safepoint     ] Leaving safepoint region
[2023-11-16T03:59:52.023+0000][28559.784s][info ][safepoint     ] Total time for which application threads were stopped: 0.0001735 seconds, Stopping threads took: 0.0000375 seconds
[2023-11-16T03:59:53.023+0000][28560.785s][debug][safepoint     ] Safepoint synchronization initiated. (162 threads)
[2023-11-16T03:59:53.023+0000][28560.785s][info ][safepoint     ] Application time: 1.0001242 seconds
[2023-11-16T03:59:53.023+0000][28560.785s][info ][safepoint     ] Entering safepoint region: Cleanup
[2023-11-16T03:59:53.023+0000][28560.785s][info ][safepoint     ] Leaving safepoint region
[2023-11-16T03:59:53.023+0000][28560.785s][info ][safepoint     ] Total time for which application threads were stopped: 0.0001677 seconds, Stopping threads took: 0.0000379 seconds
[2023-11-16T03:59:54.023+0000][28561.785s][debug][safepoint     ] Safepoint synchronization initiated. (162 threads)
[2023-11-16T03:59:54.023+0000][28561.785s][info ][safepoint     ] Application time: 1.0001145 seconds
[2023-11-16T03:59:54.023+0000][28561.785s][info ][safepoint     ] Entering safepoint region: Cleanup
[2023-11-16T03:59:54.023+0000][28561.785s][info ][safepoint     ] Leaving safepoint region
[2023-11-16T03:59:54.023+0000][28561.785s][info ][safepoint     ] Total time for which application threads were stopped: 0.0001826 seconds, Stopping threads took: 0.0000380 seconds
[2023-11-16T03:59:55.023+0000][28562.785s][debug][safepoint     ] Safepoint synchronization initiated. (162 threads)
[2023-11-16T03:59:55.024+0000][28562.785s][info ][safepoint     ] Application time: 1.0001099 seconds
[2023-11-16T03:59:55.024+0000][28562.785s][info ][safepoint     ] Entering safepoint region: Cleanup
[2023-11-16T03:59:55.024+0000][28562.785s][info ][safepoint     ] Leaving safepoint region
[2023-11-16T03:59:55.024+0000][28562.785s][info ][safepoint     ] Total time for which application threads were stopped: 0.0002558 seconds, Stopping threads took: 0.0001208 seconds
[2023-11-16T03:59:56.024+0000][28563.786s][debug][safepoint     ] Safepoint synchronization initiated. (162 threads)
[2023-11-16T03:59:56.024+0000][28563.786s][info ][safepoint     ] Application time: 1.0001592 seconds
[2023-11-16T03:59:56.024+0000][28563.786s][info ][safepoint     ] Entering safepoint region: Cleanup
[2023-11-16T03:59:56.024+0000][28563.786s][info ][safepoint     ] Leaving safepoint region
[2023-11-16T03:59:56.024+0000][28563.786s][info ][safepoint     ] Total time for which application threads were stopped: 0.0001696 seconds, Stopping threads took: 0.0000378 seconds
[2023-11-16T03:59:57.024+0000][28564.786s][debug][safepoint     ] Safepoint synchronization initiated. (162 threads)
[2023-11-16T03:59:57.024+0000][28564.786s][info ][safepoint     ] Application time: 1.0001406 seconds
[2023-11-16T03:59:57.024+0000][28564.786s][info ][safepoint     ] Entering safepoint region: Cleanup
[2023-11-16T03:59:57.025+0000][28564.786s][info ][safepoint     ] Leaving safepoint region
[2023-11-16T03:59:57.025+0000][28564.786s][info ][safepoint     ] Total time for which application threads were stopped: 0.0002635 seconds, Stopping threads took: 0.0000375 seconds
[2023-11-16T03:59:58.025+0000][28565.786s][debug][safepoint     ] Safepoint synchronization initiated. (162 threads)
[2023-11-16T03:59:58.025+0000][28565.786s][info ][safepoint     ] Application time: 1.0001566 seconds
[2023-11-16T03:59:58.025+0000][28565.786s][info ][safepoint     ] Entering safepoint region: Cleanup
[2023-11-16T03:59:58.025+0000][28565.787s][info ][safepoint     ] Leaving safepoint region
[2023-11-16T03:59:58.025+0000][28565.787s][info ][safepoint     ] Total time for which application threads were stopped: 0.0001881 seconds, Stopping threads took: 0.0000522 seconds
[2023-11-16T03:59:58.063+0000][28565.824s][debug][safepoint     ] Safepoint synchronization initiated. (162 threads)
[2023-11-16T03:59:58.063+0000][28565.824s][info ][safepoint     ] Application time: 0.0378089 seconds
[2023-11-16T03:59:58.063+0000][28565.824s][info ][safepoint     ] Entering safepoint region: G1CollectForAllocation
[2023-11-16T03:59:58.063+0000][28565.825s][info ][gc,start      ] GC(96) Pause Young (Normal) (G1 Evacuation Pause)
[2023-11-16T03:59:58.063+0000][28565.825s][info ][gc,task       ] GC(96) Using 4 workers of 4 for evacuation
[2023-11-16T03:59:58.069+0000][28565.830s][info ][gc,phases     ] GC(96)   Pre Evacuate Collection Set: 0.0ms
[2023-11-16T03:59:58.069+0000][28565.830s][info ][gc,phases     ] GC(96)   Evacuate Collection Set: 1.5ms
[2023-11-16T03:59:58.069+0000][28565.830s][info ][gc,phases     ] GC(96)   Post Evacuate Collection Set: 3.7ms
[2023-11-16T03:59:58.069+0000][28565.830s][info ][gc,phases     ] GC(96)   Other: 0.4ms
[2023-11-16T03:59:58.069+0000][28565.830s][info ][gc,heap       ] GC(96) Eden regions: 475->0(474)
[2023-11-16T03:59:58.069+0000][28565.830s][info ][gc,heap       ] GC(96) Survivor regions: 2->3(60)
[2023-11-16T03:59:58.069+0000][28565.830s][info ][gc,heap       ] GC(96) Old regions: 154->154
[2023-11-16T03:59:58.069+0000][28565.830s][info ][gc,heap       ] GC(96) Humongous regions: 0->0
[2023-11-16T03:59:58.069+0000][28565.830s][info ][gc,metaspace  ] GC(96) Metaspace: 162719K(168124K)->162719K(168124K) NonClass: 143999K(147304K)->143999K(147304K) Class: 18720K(20820K)->18720K(20820K)
[2023-11-16T03:59:58.069+0000][28565.830s][info ][gc            ] GC(96) Pause Young (Normal) (G1 Evacuation Pause) 628M->154M(795M) 5.770ms
[2023-11-16T03:59:58.069+0000][28565.831s][info ][gc,cpu        ] GC(96) User=0.02s Sys=0.00s Real=0.01s
[2023-11-16T03:59:58.069+0000][28565.831s][info ][safepoint     ] Leaving safepoint region
[2023-11-16T03:59:58.069+0000][28565.831s][info ][safepoint     ] Total time for which application threads were stopped: 0.0061690 seconds, Stopping threads took: 0.0000381 seconds
[2023-11-16T03:59:58.069+0000][28565.831s][info ][gc,stringdedup] Concurrent String Deduplication (28565.831s)
[2023-11-16T03:59:58.069+0000][28565.831s][info ][gc,stringdedup] Concurrent String Deduplication 320.0B->296.0B(24.0B) avg 54.6% (28565.831s, 28565.831s) 0.062ms
[2023-11-16T03:59:59.069+0000][28566.831s][debug][safepoint     ] Safepoint synchronization initiated. (162 threads)
[2023-11-16T03:59:59.069+0000][28566.831s][info ][safepoint     ] Application time: 1.0001684 seconds
[2023-11-16T03:59:59.069+0000][28566.831s][info ][safepoint     ] Entering safepoint region: Cleanup
[2023-11-16T03:59:59.069+0000][28566.831s][info ][safepoint     ] Leaving safepoint region
[2023-11-16T03:59:59.069+0000][28566.831s][info ][safepoint     ] Total time for which application threads were stopped: 0.0003439 seconds, Stopping threads took: 0.0000500 seconds
[2023-11-16T04:00:00.070+0000][28567.831s][debug][safepoint     ] Safepoint synchronization initiated. (162 threads)
[2023-11-16T04:00:00.070+0000][28567.831s][info ][safepoint     ] Application time: 1.0001687 seconds
[2023-11-16T04:00:00.070+0000][28567.831s][info ][safepoint     ] Entering safepoint region: Cleanup
[2023-11-16T04:00:00.070+0000][28567.832s][info ][safepoint     ] Leaving safepoint region
[2023-11-16T04:00:00.070+0000][28567.832s][info ][safepoint     ] Total time for which application threads were stopped: 0.0002988 seconds, Stopping threads took: 0.0000497 seconds
[2023-11-16T04:00:01.070+0000][28568.832s][debug][safepoint     ] Safepoint synchronization initiated. (162 threads)
[2023-11-16T04:00:01.070+0000][28568.832s][info ][safepoint     ] Application time: 1.0001614 seconds
[2023-11-16T04:00:01.070+0000][28568.832s][info ][safepoint     ] Entering safepoint region: Cleanup
[2023-11-16T04:00:01.071+0000][28568.832s][info ][safepoint     ] Leaving safepoint region
[2023-11-16T04:00:01.071+0000][28568.832s][info ][safepoint     ] Total time for which application threads were stopped: 0.0003230 seconds, Stopping threads took: 0.0000486 seconds
[2023-11-16T04:00:02.071+0000][28569.832s][debug][safepoint     ] Safepoint synchronization initiated. (162 threads)
[2023-11-16T04:00:02.071+0000][28569.832s][info ][safepoint     ] Application time: 1.0001047 seconds
[2023-11-16T04:00:02.071+0000][28569.832s][info ][safepoint     ] Entering safepoint region: Cleanup
[2023-11-16T04:00:02.071+0000][28569.832s][info ][safepoint     ] Leaving safepoint region
[2023-11-16T04:00:02.071+0000][28569.832s][info ][safepoint     ] Total time for which application threads were stopped: 0.0001535 seconds, Stopping threads took: 0.0000366 seconds
[2023-11-16T04:00:03.071+0000][28570.833s][debug][safepoint     ] Safepoint synchronization initiated. (162 threads)
[2023-11-16T04:00:03.071+0000][28570.833s][info ][safepoint     ] Application time: 1.0001486 seconds
[2023-11-16T04:00:03.071+0000][28570.833s][info ][safepoint     ] Entering safepoint region: Cleanup
[2023-11-16T04:00:03.071+0000][28570.833s][info ][safepoint     ] Leaving safepoint region
[2023-11-16T04:00:03.071+0000][28570.833s][info ][safepoint     ] Total time for which application threads were stopped: 0.0002557 seconds, Stopping threads took: 0.0000499 seconds
[2023-11-16T04:00:04.071+0000][28571.833s][debug][safepoint     ] Safepoint synchronization initiated. (162 threads)
[2023-11-16T04:00:04.071+0000][28571.833s][info ][safepoint     ] Application time: 1.0001596 seconds
[2023-11-16T04:00:04.071+0000][28571.833s][info ][safepoint     ] Entering safepoint region: Cleanup
[2023-11-16T04:00:04.072+0000][28571.833s][info ][safepoint     ] Leaving safepoint region
[2023-11-16T04:00:04.072+0000][28571.833s][info ][safepoint     ] Total time for which application threads were stopped: 0.0003466 seconds, Stopping threads took: 0.0000550 seconds
[2023-11-16T04:00:05.072+0000][28572.834s][debug][safepoint     ] Safepoint synchronization initiated. (162 threads)
[2023-11-16T04:00:05.072+0000][28572.834s][info ][safepoint     ] Application time: 1.0001572 seconds
[2023-11-16T04:00:05.072+0000][28572.834s][info ][safepoint     ] Entering safepoint region: Cleanup
[2023-11-16T04:00:05.072+0000][28572.834s][info ][safepoint     ] Leaving safepoint region
[2023-11-16T04:00:05.072+0000][28572.834s][info ][safepoint     ] Total time for which application threads were stopped: 0.0001675 seconds, Stopping threads took: 0.0000337 seconds
[2023-11-16T04:00:06.072+0000][28573.834s][debug][safepoint     ] Safepoint synchronization initiated. (162 threads)
[2023-11-16T04:00:06.072+0000][28573.834s][info ][safepoint     ] Application time: 1.0001531 seconds
[2023-11-16T04:00:06.072+0000][28573.834s][info ][safepoint     ] Entering safepoint region: Cleanup
[2023-11-16T04:00:06.073+0000][28573.834s][info ][safepoint     ] Leaving safepoint region
[2023-11-16T04:00:06.073+0000][28573.834s][info ][safepoint     ] Total time for which application threads were stopped: 0.0003388 seconds, Stopping threads took: 0.0000505 seconds
[2023-11-16T04:00:07.073+0000][28574.834s][debug][safepoint     ] Safepoint synchronization initiated. (162 threads)
[2023-11-16T04:00:07.073+0000][28574.834s][info ][safepoint     ] Application time: 1.0001648 seconds
[2023-11-16T04:00:07.073+0000][28574.835s][info ][safepoint     ] Entering safepoint region: Cleanup
[2023-11-16T04:00:07.073+0000][28574.835s][info ][safepoint     ] Leaving safepoint region
[2023-11-16T04:00:07.073+0000][28574.835s][info ][safepoint     ] Total time for which application threads were stopped: 0.0002457 seconds, Stopping threads took: 0.0000499 seconds
[2023-11-16T04:00:08.073+0000][28575.835s][debug][safepoint     ] Safepoint synchronization initiated. (162 threads)
[2023-11-16T04:00:08.073+0000][28575.835s][info ][safepoint     ] Application time: 1.0001589 seconds
[2023-11-16T04:00:08.073+0000][28575.835s][info ][safepoint     ] Entering safepoint region: Cleanup
[2023-11-16T04:00:08.074+0000][28575.835s][info ][safepoint     ] Leaving safepoint region
[2023-11-16T04:00:08.074+0000][28575.835s][info ][safepoint     ] Total time for which application threads were stopped: 0.0002568 seconds, Stopping threads took: 0.0000516 seconds
[2023-11-16T04:00:09.074+0000][28576.835s][debug][safepoint     ] Safepoint synchronization initiated. (162 threads)
[2023-11-16T04:00:09.074+0000][28576.835s][info ][safepoint     ] Application time: 1.0001733 seconds
[2023-11-16T04:00:09.074+0000][28576.835s][info ][safepoint     ] Entering safepoint region: Cleanup
[2023-11-16T04:00:09.074+0000][28576.836s][info ][safepoint     ] Leaving safepoint region
[2023-11-16T04:00:09.074+0000][28576.836s][info ][safepoint     ] Total time for which application threads were stopped: 0.0003171 seconds, Stopping threads took: 0.0000507 seconds
[2023-11-16T04:00:10.074+0000][28577.836s][debug][safepoint     ] Safepoint synchronization initiated. (162 threads)
[2023-11-16T04:00:10.074+0000][28577.836s][info ][safepoint     ] Application time: 1.0001786 seconds
[2023-11-16T04:00:10.074+0000][28577.836s][info ][safepoint     ] Entering safepoint region: Cleanup
[2023-11-16T04:00:10.075+0000][28577.836s][info ][safepoint     ] Leaving safepoint region
[2023-11-16T04:00:10.075+0000][28577.836s][info ][safepoint     ] Total time for which application threads were stopped: 0.0003371 seconds, Stopping threads took: 0.0000493 seconds
[2023-11-16T04:00:11.075+0000][28578.836s][debug][safepoint     ] Safepoint synchronization initiated. (162 threads)
[2023-11-16T04:00:11.075+0000][28578.836s][info ][safepoint     ] Application time: 1.0001593 seconds
[2023-11-16T04:00:11.075+0000][28578.837s][info ][safepoint     ] Entering safepoint region: Cleanup
[2023-11-16T04:00:11.075+0000][28578.837s][info ][safepoint     ] Leaving safepoint region
[2023-11-16T04:00:11.075+0000][28578.837s][info ][safepoint     ] Total time for which application threads were stopped: 0.0003416 seconds, Stopping threads took: 0.0000513 seconds
[2023-11-16T04:00:12.075+0000][28579.837s][debug][safepoint     ] Safepoint synchronization initiated. (162 threads)
[2023-11-16T04:00:12.075+0000][28579.837s][info ][safepoint     ] Application time: 1.0001585 seconds
[2023-11-16T04:00:12.075+0000][28579.837s][info ][safepoint     ] Entering safepoint region: Cleanup
[2023-11-16T04:00:12.076+0000][28579.837s][info ][safepoint     ] Leaving safepoint region
[2023-11-16T04:00:12.076+0000][28579.837s][info ][safepoint     ] Total time for which application threads were stopped: 0.0002269 seconds, Stopping threads took: 0.0000518 seconds
[2023-11-16T04:00:13.076+0000][28580.837s][debug][safepoint     ] Safepoint synchronization initiated. (162 threads)
[2023-11-16T04:00:13.076+0000][28580.837s][info ][safepoint     ] Application time: 1.0001434 seconds
[2023-11-16T04:00:13.076+0000][28580.837s][info ][safepoint     ] Entering safepoint region: Cleanup
[2023-11-16T04:00:13.076+0000][28580.838s][info ][safepoint     ] Leaving safepoint region
[2023-11-16T04:00:13.076+0000][28580.838s][info ][safepoint     ] Total time for which application threads were stopped: 0.0005268 seconds, Stopping threads took: 0.0002734 seconds
[2023-11-16T04:00:14.076+0000][28581.838s][debug][safepoint     ] Safepoint synchronization initiated. (162 threads)
[2023-11-16T04:00:14.076+0000][28581.838s][info ][safepoint     ] Application time: 1.0001547 seconds
[2023-11-16T04:00:14.077+0000][28581.838s][info ][safepoint     ] Entering safepoint region: Cleanup
[2023-11-16T04:00:14.077+0000][28581.838s][info ][safepoint     ] Leaving safepoint region
[2023-11-16T04:00:14.077+0000][28581.838s][info ][safepoint     ] Total time for which application threads were stopped: 0.0003414 seconds, Stopping threads took: 0.0000520 seconds
[2023-11-16T04:00:15.077+0000][28582.839s][debug][safepoint     ] Safepoint synchronization initiated. (162 threads)
[2023-11-16T04:00:15.077+0000][28582.839s][info ][safepoint     ] Application time: 1.0001958 seconds
[2023-11-16T04:00:15.077+0000][28582.839s][info ][safepoint     ] Entering safepoint region: Cleanup
[2023-11-16T04:00:15.077+0000][28582.839s][info ][safepoint     ] Leaving safepoint region
[2023-11-16T04:00:15.077+0000][28582.839s][info ][safepoint     ] Total time for which application threads were stopped: 0.0002504 seconds, Stopping threads took: 0.0000512 seconds
[2023-11-16T04:00:16.077+0000][28583.839s][debug][safepoint     ] Safepoint synchronization initiated. (162 threads)
[2023-11-16T04:00:16.078+0000][28583.839s][info ][safepoint     ] Application time: 1.0001691 seconds
[2023-11-16T04:00:16.078+0000][28583.839s][info ][safepoint     ] Entering safepoint region: Cleanup
[2023-11-16T04:00:16.078+0000][28583.839s][info ][safepoint     ] Leaving safepoint region
[2023-11-16T04:00:16.078+0000][28583.840s][info ][safepoint     ] Total time for which application threads were stopped: 0.0003345 seconds, Stopping threads took: 0.0000498 seconds
[2023-11-16T04:00:17.078+0000][28584.840s][debug][safepoint     ] Safepoint synchronization initiated. (162 threads)
[2023-11-16T04:00:17.078+0000][28584.840s][info ][safepoint     ] Application time: 1.0001650 seconds
[2023-11-16T04:00:17.078+0000][28584.840s][info ][safepoint     ] Entering safepoint region: Cleanup
[2023-11-16T04:00:17.078+0000][28584.840s][info ][safepoint     ] Leaving safepoint region
[2023-11-16T04:00:17.078+0000][28584.840s][info ][safepoint     ] Total time for which application threads were stopped: 0.0002602 seconds, Stopping threads took: 0.0000536 seconds
[2023-11-16T04:00:18.078+0000][28585.840s][debug][safepoint     ] Safepoint synchronization initiated. (162 threads)
[2023-11-16T04:00:18.079+0000][28585.840s][info ][safepoint     ] Application time: 1.0001590 seconds
[2023-11-16T04:00:18.079+0000][28585.840s][info ][safepoint     ] Entering safepoint region: Cleanup
[2023-11-16T04:00:18.079+0000][28585.841s][info ][safepoint     ] Leaving safepoint region
[2023-11-16T04:00:18.079+0000][28585.841s][info ][safepoint     ] Total time for which application threads were stopped: 0.0004353 seconds, Stopping threads took: 0.0002228 seconds
[2023-11-16T04:00:19.079+0000][28586.841s][debug][safepoint     ] Safepoint synchronization initiated. (162 threads)
[2023-11-16T04:00:19.079+0000][28586.841s][info ][safepoint     ] Application time: 1.0001581 seconds
[2023-11-16T04:00:19.079+0000][28586.841s][info ][safepoint     ] Entering safepoint region: Cleanup
[2023-11-16T04:00:19.079+0000][28586.841s][info ][safepoint     ] Leaving safepoint region
[2023-11-16T04:00:19.079+0000][28586.841s][info ][safepoint     ] Total time for which application threads were stopped: 0.0002486 seconds, Stopping threads took: 0.0000529 seconds
[2023-11-16T04:00:20.080+0000][28587.841s][debug][safepoint     ] Safepoint synchronization initiated. (162 threads)
[2023-11-16T04:00:20.080+0000][28587.841s][info ][safepoint     ] Application time: 1.0001795 seconds
[2023-11-16T04:00:20.080+0000][28587.841s][info ][safepoint     ] Entering safepoint region: Cleanup
[2023-11-16T04:00:20.080+0000][28587.841s][info ][safepoint     ] Leaving safepoint region
[2023-11-16T04:00:20.080+0000][28587.842s][info ][safepoint     ] Total time for which application threads were stopped: 0.0002640 seconds, Stopping threads took: 0.0000541 seconds
[2023-11-16T04:00:21.080+0000][28588.842s][debug][safepoint     ] Safepoint synchronization initiated. (162 threads)
[2023-11-16T04:00:21.080+0000][28588.842s][info ][safepoint     ] Application time: 1.0001648 seconds
[2023-11-16T04:00:21.080+0000][28588.842s][info ][safepoint     ] Entering safepoint region: Cleanup
[2023-11-16T04:00:21.080+0000][28588.842s][info ][safepoint     ] Leaving safepoint region
[2023-11-16T04:00:21.080+0000][28588.842s][info ][safepoint     ] Total time for which application threads were stopped: 0.0002684 seconds, Stopping threads took: 0.0000535 seconds
[2023-11-16T04:00:22.080+0000][28589.842s][debug][safepoint     ] Safepoint synchronization initiated. (162 threads)
[2023-11-16T04:00:22.081+0000][28589.842s][info ][safepoint     ] Application time: 1.0002058 seconds
[2023-11-16T04:00:22.081+0000][28589.842s][info ][safepoint     ] Entering safepoint region: Cleanup
[2023-11-16T04:00:22.081+0000][28589.842s][info ][safepoint     ] Leaving safepoint region
[2023-11-16T04:00:22.081+0000][28589.843s][info ][safepoint     ] Total time for which application threads were stopped: 0.0002847 seconds, Stopping threads took: 0.0000527 seconds
[2023-11-16T04:00:23.081+0000][28590.843s][debug][safepoint     ] Safepoint synchronization initiated. (162 threads)
[2023-11-16T04:00:23.081+0000][28590.843s][info ][safepoint     ] Application time: 1.0001624 seconds
[2023-11-16T04:00:23.081+0000][28590.843s][info ][safepoint     ] Entering safepoint region: Cleanup
[2023-11-16T04:00:23.081+0000][28590.843s][info ][safepoint     ] Leaving safepoint region
[2023-11-16T04:00:23.081+0000][28590.843s][info ][safepoint     ] Total time for which application threads were stopped: 0.0003961 seconds, Stopping threads took: 0.0001850 seconds
[2023-11-16T04:00:24.082+0000][28591.843s][debug][safepoint     ] Safepoint synchronization initiated. (162 threads)
[2023-11-16T04:00:24.082+0000][28591.843s][info ][safepoint     ] Application time: 1.0001503 seconds
[2023-11-16T04:00:24.082+0000][28591.843s][info ][safepoint     ] Entering safepoint region: Cleanup
[2023-11-16T04:00:24.082+0000][28591.844s][info ][safepoint     ] Leaving safepoint region
[2023-11-16T04:00:24.082+0000][28591.844s][info ][safepoint     ] Total time for which application threads were stopped: 0.0002443 seconds, Stopping threads took: 0.0000517 seconds
[2023-11-16T04:00:25.082+0000][28592.844s][debug][safepoint     ] Safepoint synchronization initiated. (162 threads)
[2023-11-16T04:00:25.082+0000][28592.844s][info ][safepoint     ] Application time: 1.0001566 seconds
[2023-11-16T04:00:25.082+0000][28592.844s][info ][safepoint     ] Entering safepoint region: Cleanup
[2023-11-16T04:00:25.082+0000][28592.844s][info ][safepoint     ] Leaving safepoint region
[2023-11-16T04:00:25.082+0000][28592.844s][info ][safepoint     ] Total time for which application threads were stopped: 0.0001836 seconds, Stopping threads took: 0.0000351 seconds
[2023-11-16T04:00:26.082+0000][28593.844s][debug][safepoint     ] Safepoint synchronization initiated. (162 threads)
[2023-11-16T04:00:26.082+0000][28593.844s][info ][safepoint     ] Application time: 1.0001721 seconds
[2023-11-16T04:00:26.082+0000][28593.844s][info ][safepoint     ] Entering safepoint region: Cleanup
[2023-11-16T04:00:26.083+0000][28593.844s][info ][safepoint     ] Leaving safepoint region
[2023-11-16T04:00:26.083+0000][28593.844s][info ][safepoint     ] Total time for which application threads were stopped: 0.0003520 seconds, Stopping threads took: 0.0000519 seconds
[2023-11-16T04:00:27.083+0000][28594.845s][debug][safepoint     ] Safepoint synchronization initiated. (162 threads)
[2023-11-16T04:00:27.083+0000][28594.845s][info ][safepoint     ] Application time: 1.0001784 seconds
[2023-11-16T04:00:27.083+0000][28594.845s][info ][safepoint     ] Entering safepoint region: Cleanup
[2023-11-16T04:00:27.083+0000][28594.845s][info ][safepoint     ] Leaving safepoint region
[2023-11-16T04:00:27.083+0000][28594.845s][info ][safepoint     ] Total time for which application threads were stopped: 0.0003446 seconds, Stopping threads took: 0.0000533 seconds
[2023-11-16T04:00:28.083+0000][28595.845s][debug][safepoint     ] Safepoint synchronization initiated. (162 threads)
[2023-11-16T04:00:28.084+0000][28595.845s][info ][safepoint     ] Application time: 1.0001632 seconds
[2023-11-16T04:00:28.084+0000][28595.845s][info ][safepoint     ] Entering safepoint region: Cleanup
[2023-11-16T04:00:28.084+0000][28595.846s][info ][safepoint     ] Leaving safepoint region
[2023-11-16T04:00:28.084+0000][28595.846s][info ][safepoint     ] Total time for which application threads were stopped: 0.0003446 seconds, Stopping threads took: 0.0000517 seconds
[2023-11-16T04:00:29.084+0000][28596.846s][debug][safepoint     ] Safepoint synchronization initiated. (162 threads)
[2023-11-16T04:00:29.084+0000][28596.846s][info ][safepoint     ] Application time: 1.0001882 seconds
[2023-11-16T04:00:29.084+0000][28596.846s][info ][safepoint     ] Entering safepoint region: Cleanup
[2023-11-16T04:00:29.084+0000][28596.846s][info ][safepoint     ] Leaving safepoint region
[2023-11-16T04:00:29.085+0000][28596.846s][info ][safepoint     ] Total time for which application threads were stopped: 0.0003518 seconds, Stopping threads took: 0.0000536 seconds
[2023-11-16T04:00:30.085+0000][28597.846s][debug][safepoint     ] Safepoint synchronization initiated. (162 threads)
[2023-11-16T04:00:30.085+0000][28597.846s][info ][safepoint     ] Application time: 1.0001818 seconds
[2023-11-16T04:00:30.085+0000][28597.846s][info ][safepoint     ] Entering safepoint region: Cleanup
[2023-11-16T04:00:30.085+0000][28597.847s][info ][safepoint     ] Leaving safepoint region
[2023-11-16T04:00:30.085+0000][28597.847s][info ][safepoint     ] Total time for which application threads were stopped: 0.0003497 seconds, Stopping threads took: 0.0000527 seconds
[2023-11-16T04:00:31.085+0000][28598.847s][debug][safepoint     ] Safepoint synchronization initiated. (162 threads)
[2023-11-16T04:00:31.085+0000][28598.847s][info ][safepoint     ] Application time: 1.0001761 seconds
[2023-11-16T04:00:31.085+0000][28598.847s][info ][safepoint     ] Entering safepoint region: Cleanup
[2023-11-16T04:00:31.086+0000][28598.847s][info ][safepoint     ] Leaving safepoint region
[2023-11-16T04:00:31.086+0000][28598.847s][info ][safepoint     ] Total time for which application threads were stopped: 0.0002911 seconds, Stopping threads took: 0.0000594 seconds
[2023-11-16T04:00:32.086+0000][28599.847s][debug][safepoint     ] Safepoint synchronization initiated. (162 threads)
[2023-11-16T04:00:32.086+0000][28599.847s][info ][safepoint     ] Application time: 1.0001355 seconds
[2023-11-16T04:00:32.086+0000][28599.847s][info ][safepoint     ] Entering safepoint region: Cleanup
[2023-11-16T04:00:32.086+0000][28599.848s][info ][safepoint     ] Leaving safepoint region
[2023-11-16T04:00:32.086+0000][28599.848s][info ][safepoint     ] Total time for which application threads were stopped: 0.0002670 seconds, Stopping threads took: 0.0000515 seconds
[2023-11-16T04:01:33.092+0000][28660.853s][debug][safepoint     ] Safepoint synchronization initiated. (165 threads)
[2023-11-16T04:01:33.092+0000][28660.853s][info ][safepoint     ] Application time: 61.0055484 seconds
[2023-11-16T04:01:33.092+0000][28660.853s][info ][safepoint     ] Entering safepoint region: Cleanup
[2023-11-16T04:01:33.092+0000][28660.853s][info ][safepoint     ] Leaving safepoint region
[2023-11-16T04:01:33.092+0000][28660.854s][info ][safepoint     ] Total time for which application threads were stopped: 0.0002743 seconds, Stopping threads took: 0.0000533 seconds
[2023-11-16T04:01:34.092+0000][28661.854s][debug][safepoint     ] Safepoint synchronization initiated. (165 threads)
[2023-11-16T04:01:34.092+0000][28661.854s][info ][safepoint     ] Application time: 1.0001638 seconds
[2023-11-16T04:01:34.092+0000][28661.854s][info ][safepoint     ] Entering safepoint region: Cleanup
[2023-11-16T04:01:34.092+0000][28661.854s][info ][safepoint     ] Leaving safepoint region
[2023-11-16T04:01:34.092+0000][28661.854s][info ][safepoint     ] Total time for which application threads were stopped: 0.0003482 seconds, Stopping threads took: 0.0000530 seconds
[2023-11-16T04:01:35.093+0000][28662.854s][debug][safepoint     ] Safepoint synchronization initiated. (165 threads)
[2023-11-16T04:01:35.093+0000][28662.854s][info ][safepoint     ] Application time: 1.0001603 seconds
[2023-11-16T04:01:35.093+0000][28662.854s][info ][safepoint     ] Entering safepoint region: Cleanup
[2023-11-16T04:01:35.093+0000][28662.855s][info ][safepoint     ] Leaving safepoint region
[2023-11-16T04:01:35.093+0000][28662.855s][info ][safepoint     ] Total time for which application threads were stopped: 0.0003519 seconds, Stopping threads took: 0.0000531 seconds
[2023-11-16T04:01:36.093+0000][28663.855s][debug][safepoint     ] Safepoint synchronization initiated. (165 threads)
[2023-11-16T04:01:36.093+0000][28663.855s][info ][safepoint     ] Application time: 1.0001798 seconds
[2023-11-16T04:01:36.093+0000][28663.855s][info ][safepoint     ] Entering safepoint region: Cleanup
[2023-11-16T04:01:36.094+0000][28663.855s][info ][safepoint     ] Leaving safepoint region
[2023-11-16T04:01:36.094+0000][28663.855s][info ][safepoint     ] Total time for which application threads were stopped: 0.0003524 seconds, Stopping threads took: 0.0000530 seconds
[2023-11-16T04:01:37.094+0000][28664.855s][debug][safepoint     ] Safepoint synchronization initiated. (165 threads)
[2023-11-16T04:01:37.094+0000][28664.855s][info ][safepoint     ] Application time: 1.0001802 seconds
[2023-11-16T04:01:37.094+0000][28664.855s][info ][safepoint     ] Entering safepoint region: Cleanup
[2023-11-16T04:01:37.094+0000][28664.856s][info ][safepoint     ] Leaving safepoint region
[2023-11-16T04:01:37.094+0000][28664.856s][info ][safepoint     ] Total time for which application threads were stopped: 0.0005825 seconds, Stopping threads took: 0.0003658 seconds
[2023-11-16T04:01:38.095+0000][28665.856s][debug][safepoint     ] Safepoint synchronization initiated. (165 threads)
[2023-11-16T04:01:38.095+0000][28665.856s][info ][safepoint     ] Application time: 1.0001775 seconds
[2023-11-16T04:01:38.095+0000][28665.856s][info ][safepoint     ] Entering safepoint region: Cleanup
[2023-11-16T04:01:38.095+0000][28665.856s][info ][safepoint     ] Leaving safepoint region
[2023-11-16T04:01:38.095+0000][28665.856s][info ][safepoint     ] Total time for which application threads were stopped: 0.0002569 seconds, Stopping threads took: 0.0000534 seconds
[2023-11-16T04:01:39.095+0000][28666.857s][debug][safepoint     ] Safepoint synchronization initiated. (165 threads)
[2023-11-16T04:01:39.095+0000][28666.857s][info ][safepoint     ] Application time: 1.0001730 seconds
[2023-11-16T04:01:39.095+0000][28666.857s][info ][safepoint     ] Entering safepoint region: Cleanup
[2023-11-16T04:01:39.095+0000][28666.857s][info ][safepoint     ] Leaving safepoint region
[2023-11-16T04:01:39.095+0000][28666.857s][info ][safepoint     ] Total time for which application threads were stopped: 0.0002653 seconds, Stopping threads took: 0.0000530 seconds
[2023-11-16T04:01:40.095+0000][28667.857s][debug][safepoint     ] Safepoint synchronization initiated. (165 threads)
[2023-11-16T04:01:40.096+0000][28667.857s][info ][safepoint     ] Application time: 1.0001829 seconds
[2023-11-16T04:01:40.096+0000][28667.857s][info ][safepoint     ] Entering safepoint region: Cleanup
[2023-11-16T04:01:40.096+0000][28667.857s][info ][safepoint     ] Leaving safepoint region
[2023-11-16T04:01:40.096+0000][28667.858s][info ][safepoint     ] Total time for which application threads were stopped: 0.0003541 seconds, Stopping threads took: 0.0000516 seconds
[2023-11-16T04:01:41.096+0000][28668.858s][debug][safepoint     ] Safepoint synchronization initiated. (165 threads)
[2023-11-16T04:01:41.096+0000][28668.858s][info ][safepoint     ] Application time: 1.0001506 seconds
[2023-11-16T04:01:41.096+0000][28668.858s][info ][safepoint     ] Entering safepoint region: Cleanup
[2023-11-16T04:01:41.096+0000][28668.858s][info ][safepoint     ] Leaving safepoint region
[2023-11-16T04:01:41.096+0000][28668.858s][info ][safepoint     ] Total time for which application threads were stopped: 0.0002593 seconds, Stopping threads took: 0.0000524 seconds
[2023-11-16T04:01:42.096+0000][28669.858s][debug][safepoint     ] Safepoint synchronization initiated. (165 threads)
[2023-11-16T04:01:42.097+0000][28669.858s][info ][safepoint     ] Application time: 1.0001770 seconds
[2023-11-16T04:01:42.097+0000][28669.858s][info ][safepoint     ] Entering safepoint region: Cleanup
[2023-11-16T04:01:42.097+0000][28669.859s][info ][safepoint     ] Leaving safepoint region
[2023-11-16T04:01:42.097+0000][28669.859s][info ][safepoint     ] Total time for which application threads were stopped: 0.0004675 seconds, Stopping threads took: 0.0002594 seconds
[2023-11-16T04:01:43.097+0000][28670.859s][debug][safepoint     ] Safepoint synchronization initiated. (165 threads)
[2023-11-16T04:01:43.097+0000][28670.859s][info ][safepoint     ] Application time: 1.0001720 seconds
[2023-11-16T04:01:43.097+0000][28670.859s][info ][safepoint     ] Entering safepoint region: Cleanup
[2023-11-16T04:01:43.097+0000][28670.859s][info ][safepoint     ] Leaving safepoint region
[2023-11-16T04:01:43.098+0000][28670.859s][info ][safepoint     ] Total time for which application threads were stopped: 0.0002569 seconds, Stopping threads took: 0.0000534 seconds
[2023-11-16T04:01:44.098+0000][28671.859s][debug][safepoint     ] Safepoint synchronization initiated. (165 threads)
[2023-11-16T04:01:44.098+0000][28671.859s][info ][safepoint     ] Application time: 1.0001557 seconds
[2023-11-16T04:01:44.098+0000][28671.859s][info ][safepoint     ] Entering safepoint region: Cleanup
[2023-11-16T04:01:44.098+0000][28671.860s][info ][safepoint     ] Leaving safepoint region
[2023-11-16T04:01:44.098+0000][28671.860s][info ][safepoint     ] Total time for which application threads were stopped: 0.0002668 seconds, Stopping threads took: 0.0000530 seconds
[2023-11-16T04:01:45.098+0000][28672.860s][debug][safepoint     ] Safepoint synchronization initiated. (165 threads)
[2023-11-16T04:01:45.098+0000][28672.860s][info ][safepoint     ] Application time: 1.0001911 seconds
[2023-11-16T04:01:45.098+0000][28672.860s][info ][safepoint     ] Entering safepoint region: Cleanup
[2023-11-16T04:01:45.099+0000][28672.860s][info ][safepoint     ] Leaving safepoint region
[2023-11-16T04:01:45.099+0000][28672.860s][info ][safepoint     ] Total time for which application threads were stopped: 0.0003566 seconds, Stopping threads took: 0.0000532 seconds
[2023-11-16T04:01:46.099+0000][28673.860s][debug][safepoint     ] Safepoint synchronization initiated. (165 threads)
[2023-11-16T04:01:46.099+0000][28673.860s][info ][safepoint     ] Application time: 1.0001511 seconds
[2023-11-16T04:01:46.099+0000][28673.860s][info ][safepoint     ] Entering safepoint region: Cleanup
[2023-11-16T04:01:46.099+0000][28673.861s][info ][safepoint     ] Leaving safepoint region
[2023-11-16T04:01:46.099+0000][28673.861s][info ][safepoint     ] Total time for which application threads were stopped: 0.0003436 seconds, Stopping threads took: 0.0000510 seconds
[2023-11-16T04:01:47.099+0000][28674.861s][debug][safepoint     ] Safepoint synchronization initiated. (165 threads)
[2023-11-16T04:01:47.099+0000][28674.861s][info ][safepoint     ] Application time: 1.0001760 seconds
[2023-11-16T04:01:47.099+0000][28674.861s][info ][safepoint     ] Entering safepoint region: Cleanup
[2023-11-16T04:01:47.100+0000][28674.861s][info ][safepoint     ] Leaving safepoint region
[2023-11-16T04:01:47.100+0000][28674.861s][info ][safepoint     ] Total time for which application threads were stopped: 0.0005013 seconds, Stopping threads took: 0.0002790 seconds
[2023-11-16T04:01:48.100+0000][28675.862s][debug][safepoint     ] Safepoint synchronization initiated. (165 threads)
[2023-11-16T04:01:48.100+0000][28675.862s][info ][safepoint     ] Application time: 1.0001868 seconds
[2023-11-16T04:01:48.100+0000][28675.862s][debug][safepoint     ] ... found polling page return exception at pc = 0x00007f6930e086d6, stub =0x00007f692883a800
[2023-11-16T04:01:48.100+0000][28675.862s][debug][safepoint     ] Waiting for 2 thread(s) to block
[2023-11-16T04:01:48.100+0000][28675.862s][info ][safepoint     ] Entering safepoint region: Cleanup
[2023-11-16T04:01:48.100+0000][28675.862s][info ][safepoint     ] Leaving safepoint region
[2023-11-16T04:01:48.100+0000][28675.862s][info ][safepoint     ] Total time for which application threads were stopped: 0.0004593 seconds, Stopping threads took: 0.0002235 seconds
[2023-11-16T04:01:49.101+0000][28676.862s][debug][safepoint     ] Safepoint synchronization initiated. (165 threads)
[2023-11-16T04:01:49.101+0000][28676.862s][info ][safepoint     ] Application time: 1.0001623 seconds
[2023-11-16T04:01:49.101+0000][28676.862s][info ][safepoint     ] Entering safepoint region: Cleanup
[2023-11-16T04:01:49.101+0000][28676.863s][info ][safepoint     ] Leaving safepoint region
[2023-11-16T04:01:49.101+0000][28676.863s][info ][safepoint     ] Total time for which application threads were stopped: 0.0003448 seconds, Stopping threads took: 0.0000507 seconds
[2023-11-16T04:01:50.101+0000][28677.863s][debug][safepoint     ] Safepoint synchronization initiated. (165 threads)
[2023-11-16T04:01:50.101+0000][28677.863s][info ][safepoint     ] Application time: 1.0001702 seconds
[2023-11-16T04:01:50.101+0000][28677.863s][info ][safepoint     ] Entering safepoint region: Cleanup
[2023-11-16T04:01:50.101+0000][28677.863s][info ][safepoint     ] Leaving safepoint region
[2023-11-16T04:01:50.102+0000][28677.863s][info ][safepoint     ] Total time for which application threads were stopped: 0.0002449 seconds, Stopping threads took: 0.0000504 seconds
[2023-11-16T04:01:51.102+0000][28678.863s][debug][safepoint     ] Safepoint synchronization initiated. (165 threads)
[2023-11-16T04:01:51.102+0000][28678.863s][info ][safepoint     ] Application time: 1.0001673 seconds
[2023-11-16T04:01:51.102+0000][28678.863s][info ][safepoint     ] Entering safepoint region: Cleanup
[2023-11-16T04:01:51.102+0000][28678.864s][info ][safepoint     ] Leaving safepoint region
[2023-11-16T04:01:51.102+0000][28678.864s][info ][safepoint     ] Total time for which application threads were stopped: 0.0002556 seconds, Stopping threads took: 0.0000501 seconds
[2023-11-16T04:01:52.102+0000][28679.864s][debug][safepoint     ] Safepoint synchronization initiated. (165 threads)
[2023-11-16T04:01:52.102+0000][28679.864s][info ][safepoint     ] Application time: 1.0001536 seconds
[2023-11-16T04:01:52.102+0000][28679.864s][info ][safepoint     ] Entering safepoint region: Cleanup
[2023-11-16T04:01:52.103+0000][28679.864s][info ][safepoint     ] Leaving safepoint region
[2023-11-16T04:01:52.103+0000][28679.864s][info ][safepoint     ] Total time for which application threads were stopped: 0.0006282 seconds, Stopping threads took: 0.0002726 seconds
[2023-11-16T04:01:53.103+0000][28680.865s][debug][safepoint     ] Safepoint synchronization initiated. (165 threads)
[2023-11-16T04:01:53.103+0000][28680.865s][info ][safepoint     ] Application time: 1.0001434 seconds
[2023-11-16T04:01:53.103+0000][28680.865s][info ][safepoint     ] Entering safepoint region: Cleanup
[2023-11-16T04:01:53.103+0000][28680.865s][info ][safepoint     ] Leaving safepoint region
[2023-11-16T04:01:53.103+0000][28680.865s][info ][safepoint     ] Total time for which application threads were stopped: 0.0003513 seconds, Stopping threads took: 0.0000507 seconds
[2023-11-16T04:01:54.103+0000][28681.865s][debug][safepoint     ] Safepoint synchronization initiated. (165 threads)
[2023-11-16T04:01:54.104+0000][28681.865s][info ][safepoint     ] Application time: 1.0001852 seconds
[2023-11-16T04:01:54.104+0000][28681.865s][info ][safepoint     ] Entering safepoint region: Cleanup
[2023-11-16T04:01:54.104+0000][28681.865s][info ][safepoint     ] Leaving safepoint region
[2023-11-16T04:01:54.104+0000][28681.866s][info ][safepoint     ] Total time for which application threads were stopped: 0.0003448 seconds, Stopping threads took: 0.0000518 seconds
[2023-11-16T04:01:55.104+0000][28682.866s][debug][safepoint     ] Safepoint synchronization initiated. (165 threads)
[2023-11-16T04:01:55.104+0000][28682.866s][info ][safepoint     ] Application time: 1.0001751 seconds
[2023-11-16T04:01:55.104+0000][28682.866s][info ][safepoint     ] Entering safepoint region: Cleanup
[2023-11-16T04:01:55.104+0000][28682.866s][info ][safepoint     ] Leaving safepoint region
[2023-11-16T04:01:55.104+0000][28682.866s][info ][safepoint     ] Total time for which application threads were stopped: 0.0002628 seconds, Stopping threads took: 0.0000498 seconds
[2023-11-16T04:01:56.104+0000][28683.866s][debug][safepoint     ] Safepoint synchronization initiated. (165 threads)
[2023-11-16T04:01:56.105+0000][28683.866s][info ][safepoint     ] Application time: 1.0001674 seconds
[2023-11-16T04:01:56.105+0000][28683.866s][info ][safepoint     ] Entering safepoint region: Cleanup
[2023-11-16T04:01:56.105+0000][28683.867s][info ][safepoint     ] Leaving safepoint region
[2023-11-16T04:01:56.105+0000][28683.867s][info ][safepoint     ] Total time for which application threads were stopped: 0.0003501 seconds, Stopping threads took: 0.0000523 seconds
[2023-11-16T04:01:57.105+0000][28684.867s][debug][safepoint     ] Safepoint synchronization initiated. (165 threads)
[2023-11-16T04:01:57.105+0000][28684.867s][info ][safepoint     ] Application time: 1.0001687 seconds
[2023-11-16T04:01:57.105+0000][28684.867s][info ][safepoint     ] Entering safepoint region: Cleanup
[2023-11-16T04:01:57.105+0000][28684.867s][info ][safepoint     ] Leaving safepoint region
[2023-11-16T04:01:57.105+0000][28684.867s][info ][safepoint     ] Total time for which application threads were stopped: 0.0003509 seconds, Stopping threads took: 0.0000512 seconds
[2023-11-16T04:01:58.106+0000][28685.867s][debug][safepoint     ] Safepoint synchronization initiated. (165 threads)
[2023-11-16T04:01:58.106+0000][28685.867s][info ][safepoint     ] Application time: 1.0001678 seconds
[2023-11-16T04:01:58.106+0000][28685.867s][info ][safepoint     ] Entering safepoint region: Cleanup
[2023-11-16T04:01:58.106+0000][28685.868s][info ][safepoint     ] Leaving safepoint region
[2023-11-16T04:01:58.106+0000][28685.868s][info ][safepoint     ] Total time for which application threads were stopped: 0.0002632 seconds, Stopping threads took: 0.0000503 seconds
[2023-11-16T04:01:59.106+0000][28686.868s][debug][safepoint     ] Safepoint synchronization initiated. (165 threads)
[2023-11-16T04:01:59.106+0000][28686.868s][info ][safepoint     ] Application time: 1.0001663 seconds
[2023-11-16T04:01:59.106+0000][28686.868s][info ][safepoint     ] Entering safepoint region: Cleanup
[2023-11-16T04:01:59.106+0000][28686.868s][info ][safepoint     ] Leaving safepoint region
[2023-11-16T04:01:59.106+0000][28686.868s][info ][safepoint     ] Total time for which application threads were stopped: 0.0002658 seconds, Stopping threads took: 0.0000511 seconds
[2023-11-16T04:02:00.107+0000][28687.868s][debug][safepoint     ] Safepoint synchronization initiated. (165 threads)
[2023-11-16T04:02:00.107+0000][28687.868s][info ][safepoint     ] Application time: 1.0001639 seconds
[2023-11-16T04:02:00.107+0000][28687.868s][info ][safepoint     ] Entering safepoint region: Cleanup
[2023-11-16T04:02:00.107+0000][28687.869s][info ][safepoint     ] Leaving safepoint region
[2023-11-16T04:02:00.107+0000][28687.869s][info ][safepoint     ] Total time for which application threads were stopped: 0.0003503 seconds, Stopping threads took: 0.0000514 seconds
[2023-11-16T04:02:01.107+0000][28688.869s][debug][safepoint     ] Safepoint synchronization initiated. (165 threads)
[2023-11-16T04:02:01.107+0000][28688.869s][info ][safepoint     ] Application time: 1.0001554 seconds
[2023-11-16T04:02:01.107+0000][28688.869s][info ][safepoint     ] Entering safepoint region: Cleanup
[2023-11-16T04:02:01.107+0000][28688.869s][info ][safepoint     ] Leaving safepoint region
[2023-11-16T04:02:01.107+0000][28688.869s][info ][safepoint     ] Total time for which application threads were stopped: 0.0003286 seconds, Stopping threads took: 0.0000500 seconds
[2023-11-16T04:02:02.108+0000][28689.869s][debug][safepoint     ] Safepoint synchronization initiated. (165 threads)
[2023-11-16T04:02:02.108+0000][28689.869s][info ][safepoint     ] Application time: 1.0001761 seconds
[2023-11-16T04:02:02.108+0000][28689.869s][info ][safepoint     ] Entering safepoint region: Cleanup
[2023-11-16T04:02:02.108+0000][28689.870s][info ][safepoint     ] Leaving safepoint region
[2023-11-16T04:02:02.108+0000][28689.870s][info ][safepoint     ] Total time for which application threads were stopped: 0.0003451 seconds, Stopping threads took: 0.0000519 seconds
[2023-11-16T04:02:03.108+0000][28690.870s][debug][safepoint     ] Safepoint synchronization initiated. (165 threads)
[2023-11-16T04:02:03.108+0000][28690.870s][info ][safepoint     ] Application time: 1.0001807 seconds
[2023-11-16T04:02:03.108+0000][28690.870s][info ][safepoint     ] Entering safepoint region: Cleanup
[2023-11-16T04:02:03.108+0000][28690.870s][info ][safepoint     ] Leaving safepoint region
[2023-11-16T04:02:03.109+0000][28690.870s][info ][safepoint     ] Total time for which application threads were stopped: 0.0002639 seconds, Stopping threads took: 0.0000570 seconds
[2023-11-16T04:02:04.109+0000][28691.870s][debug][safepoint     ] Safepoint synchronization initiated. (165 threads)
[2023-11-16T04:02:04.109+0000][28691.870s][info ][safepoint     ] Application time: 1.0001724 seconds
[2023-11-16T04:02:04.109+0000][28691.870s][info ][safepoint     ] Entering safepoint region: Cleanup
[2023-11-16T04:02:04.109+0000][28691.871s][info ][safepoint     ] Leaving safepoint region
[2023-11-16T04:02:04.109+0000][28691.871s][info ][safepoint     ] Total time for which application threads were stopped: 0.0003507 seconds, Stopping threads took: 0.0000488 seconds
[2023-11-16T04:02:05.109+0000][28692.871s][debug][safepoint     ] Safepoint synchronization initiated. (165 threads)
[2023-11-16T04:02:05.109+0000][28692.871s][info ][safepoint     ] Application time: 1.0001607 seconds
[2023-11-16T04:02:05.109+0000][28692.871s][info ][safepoint     ] Entering safepoint region: Cleanup
[2023-11-16T04:02:05.110+0000][28692.871s][info ][safepoint     ] Leaving safepoint region
[2023-11-16T04:02:05.110+0000][28692.871s][info ][safepoint     ] Total time for which application threads were stopped: 0.0003079 seconds, Stopping threads took: 0.0000514 seconds
[2023-11-16T04:02:06.110+0000][28693.871s][debug][safepoint     ] Safepoint synchronization initiated. (165 threads)
[2023-11-16T04:02:06.110+0000][28693.871s][info ][safepoint     ] Application time: 1.0001562 seconds
[2023-11-16T04:02:06.110+0000][28693.871s][info ][safepoint     ] Entering safepoint region: Cleanup
[2023-11-16T04:02:06.110+0000][28693.872s][info ][safepoint     ] Leaving safepoint region
[2023-11-16T04:02:06.110+0000][28693.872s][info ][safepoint     ] Total time for which application threads were stopped: 0.0002605 seconds, Stopping threads took: 0.0000510 seconds
[2023-11-16T04:02:07.110+0000][28694.872s][debug][safepoint     ] Safepoint synchronization initiated. (165 threads)
[2023-11-16T04:02:07.110+0000][28694.872s][info ][safepoint     ] Application time: 1.0001535 seconds
[2023-11-16T04:02:07.110+0000][28694.872s][info ][safepoint     ] Entering safepoint region: Cleanup
[2023-11-16T04:02:07.110+0000][28694.872s][info ][safepoint     ] Leaving safepoint region
[2023-11-16T04:02:07.110+0000][28694.872s][info ][safepoint     ] Total time for which application threads were stopped: 0.0002600 seconds, Stopping threads took: 0.0000498 seconds
[2023-11-16T04:02:08.111+0000][28695.872s][debug][safepoint     ] Safepoint synchronization initiated. (165 threads)
[2023-11-16T04:02:08.111+0000][28695.872s][info ][safepoint     ] Application time: 1.0001479 seconds
[2023-11-16T04:02:08.111+0000][28695.872s][info ][safepoint     ] Entering safepoint region: Cleanup
[2023-11-16T04:02:08.111+0000][28695.873s][info ][safepoint     ] Leaving safepoint region
[2023-11-16T04:02:08.111+0000][28695.873s][info ][safepoint     ] Total time for which application threads were stopped: 0.0002635 seconds, Stopping threads took: 0.0000518 seconds
[2023-11-16T04:02:09.111+0000][28696.873s][debug][safepoint     ] Safepoint synchronization initiated. (165 threads)
[2023-11-16T04:02:09.111+0000][28696.873s][info ][safepoint     ] Application time: 1.0001578 seconds
[2023-11-16T04:02:09.111+0000][28696.873s][info ][safepoint     ] Entering safepoint region: Cleanup
[2023-11-16T04:02:09.111+0000][28696.873s][info ][safepoint     ] Leaving safepoint region
[2023-11-16T04:02:09.111+0000][28696.873s][info ][safepoint     ] Total time for which application threads were stopped: 0.0003127 seconds, Stopping threads took: 0.0000502 seconds
[2023-11-16T04:02:10.112+0000][28697.873s][debug][safepoint     ] Safepoint synchronization initiated. (165 threads)
[2023-11-16T04:02:10.112+0000][28697.873s][info ][safepoint     ] Application time: 1.0002068 seconds
[2023-11-16T04:02:10.112+0000][28697.873s][info ][safepoint     ] Entering safepoint region: Cleanup
[2023-11-16T04:02:10.112+0000][28697.874s][info ][safepoint     ] Leaving safepoint region
[2023-11-16T04:02:10.112+0000][28697.874s][info ][safepoint     ] Total time for which application threads were stopped: 0.0002631 seconds, Stopping threads took: 0.0000499 seconds
[2023-11-16T04:02:11.112+0000][28698.874s][debug][safepoint     ] Safepoint synchronization initiated. (165 threads)
[2023-11-16T04:02:11.112+0000][28698.874s][info ][safepoint     ] Application time: 1.0001659 seconds
[2023-11-16T04:02:11.112+0000][28698.874s][info ][safepoint     ] Entering safepoint region: Cleanup
[2023-11-16T04:02:11.113+0000][28698.874s][info ][safepoint     ] Leaving safepoint region
[2023-11-16T04:02:11.113+0000][28698.874s][info ][safepoint     ] Total time for which application threads were stopped: 0.0006296 seconds, Stopping threads took: 0.0002872 seconds
[2023-11-16T04:02:12.113+0000][28699.875s][debug][safepoint     ] Safepoint synchronization initiated. (165 threads)
[2023-11-16T04:02:12.113+0000][28699.875s][info ][safepoint     ] Application time: 1.0001704 seconds
[2023-11-16T04:02:12.113+0000][28699.875s][info ][safepoint     ] Entering safepoint region: Cleanup
[2023-11-16T04:02:12.113+0000][28699.875s][info ][safepoint     ] Leaving safepoint region
[2023-11-16T04:02:12.113+0000][28699.875s][info ][safepoint     ] Total time for which application threads were stopped: 0.0003698 seconds, Stopping threads took: 0.0000500 seconds
[2023-11-16T04:02:13.113+0000][28700.875s][debug][safepoint     ] Safepoint synchronization initiated. (165 threads)
[2023-11-16T04:02:13.114+0000][28700.875s][info ][safepoint     ] Application time: 1.0001680 seconds
[2023-11-16T04:02:13.114+0000][28700.875s][info ][safepoint     ] Entering safepoint region: Cleanup
[2023-11-16T04:02:13.114+0000][28700.875s][info ][safepoint     ] Leaving safepoint region
[2023-11-16T04:02:13.114+0000][28700.876s][info ][safepoint     ] Total time for which application threads were stopped: 0.0003439 seconds, Stopping threads took: 0.0000495 seconds
[2023-11-16T04:02:14.114+0000][28701.876s][debug][safepoint     ] Safepoint synchronization initiated. (165 threads)
[2023-11-16T04:02:14.114+0000][28701.876s][info ][safepoint     ] Application time: 1.0001579 seconds
[2023-11-16T04:02:14.114+0000][28701.876s][info ][safepoint     ] Entering safepoint region: Cleanup
[2023-11-16T04:02:14.114+0000][28701.876s][info ][safepoint     ] Leaving safepoint region
[2023-11-16T04:02:14.114+0000][28701.876s][info ][safepoint     ] Total time for which application threads were stopped: 0.0002470 seconds, Stopping threads took: 0.0000510 seconds
[2023-11-16T04:02:15.114+0000][28702.876s][debug][safepoint     ] Safepoint synchronization initiated. (165 threads)
[2023-11-16T04:02:15.114+0000][28702.876s][info ][safepoint     ] Application time: 1.0001346 seconds
[2023-11-16T04:02:15.115+0000][28702.876s][info ][safepoint     ] Entering safepoint region: Cleanup
[2023-11-16T04:02:15.115+0000][28702.876s][info ][safepoint     ] Leaving safepoint region
[2023-11-16T04:02:15.115+0000][28702.876s][info ][safepoint     ] Total time for which application threads were stopped: 0.0002451 seconds, Stopping threads took: 0.0000511 seconds
[2023-11-16T04:02:16.115+0000][28703.877s][debug][safepoint     ] Safepoint synchronization initiated. (165 threads)
[2023-11-16T04:02:16.115+0000][28703.877s][info ][safepoint     ] Application time: 1.0001735 seconds
[2023-11-16T04:02:16.115+0000][28703.877s][info ][safepoint     ] Entering safepoint region: Cleanup
[2023-11-16T04:02:16.115+0000][28703.877s][info ][safepoint     ] Leaving safepoint region
[2023-11-16T04:02:16.115+0000][28703.877s][info ][safepoint     ] Total time for which application threads were stopped: 0.0003453 seconds, Stopping threads took: 0.0001473 seconds
[2023-11-16T04:02:17.115+0000][28704.877s][debug][safepoint     ] Safepoint synchronization initiated. (165 threads)
[2023-11-16T04:02:17.116+0000][28704.877s][info ][safepoint     ] Application time: 1.0002002 seconds
[2023-11-16T04:02:17.116+0000][28704.877s][info ][safepoint     ] Entering safepoint region: Cleanup
[2023-11-16T04:02:17.116+0000][28704.877s][info ][safepoint     ] Leaving safepoint region
[2023-11-16T04:02:17.116+0000][28704.877s][info ][safepoint     ] Total time for which application threads were stopped: 0.0002975 seconds, Stopping threads took: 0.0000513 seconds
[2023-11-16T04:02:18.116+0000][28705.878s][debug][safepoint     ] Safepoint synchronization initiated. (165 threads)
[2023-11-16T04:02:18.116+0000][28705.878s][info ][safepoint     ] Application time: 1.0001621 seconds
[2023-11-16T04:02:18.116+0000][28705.878s][info ][safepoint     ] Entering safepoint region: Cleanup
[2023-11-16T04:02:18.116+0000][28705.878s][info ][safepoint     ] Leaving safepoint region
[2023-11-16T04:02:18.116+0000][28705.878s][info ][safepoint     ] Total time for which application threads were stopped: 0.0002678 seconds, Stopping threads took: 0.0000525 seconds
[2023-11-16T04:02:19.116+0000][28706.878s][debug][safepoint     ] Safepoint synchronization initiated. (165 threads)
[2023-11-16T04:02:19.116+0000][28706.878s][info ][safepoint     ] Application time: 1.0001758 seconds
[2023-11-16T04:02:19.117+0000][28706.878s][info ][safepoint     ] Entering safepoint region: Cleanup
[2023-11-16T04:02:19.117+0000][28706.878s][info ][safepoint     ] Leaving safepoint region
[2023-11-16T04:02:19.117+0000][28706.878s][info ][safepoint     ] Total time for which application threads were stopped: 0.0003506 seconds, Stopping threads took: 0.0000518 seconds
[2023-11-16T04:02:20.117+0000][28707.879s][debug][safepoint     ] Safepoint synchronization initiated. (165 threads)
[2023-11-16T04:02:20.117+0000][28707.879s][info ][safepoint     ] Application time: 1.0001751 seconds
[2023-11-16T04:02:20.117+0000][28707.879s][info ][safepoint     ] Entering safepoint region: Cleanup
[2023-11-16T04:02:20.117+0000][28707.879s][info ][safepoint     ] Leaving safepoint region
[2023-11-16T04:02:20.117+0000][28707.879s][info ][safepoint     ] Total time for which application threads were stopped: 0.0003470 seconds, Stopping threads took: 0.0000521 seconds
[2023-11-16T04:02:21.118+0000][28708.879s][debug][safepoint     ] Safepoint synchronization initiated. (165 threads)
[2023-11-16T04:02:21.118+0000][28708.879s][info ][safepoint     ] Application time: 1.0001746 seconds
[2023-11-16T04:02:21.118+0000][28708.879s][info ][safepoint     ] Entering safepoint region: Cleanup
[2023-11-16T04:02:21.118+0000][28708.880s][info ][safepoint     ] Leaving safepoint region
[2023-11-16T04:02:21.118+0000][28708.880s][info ][safepoint     ] Total time for which application threads were stopped: 0.0004001 seconds, Stopping threads took: 0.0001807 seconds
[2023-11-16T04:02:22.118+0000][28709.880s][debug][safepoint     ] Safepoint synchronization initiated. (165 threads)
[2023-11-16T04:02:22.118+0000][28709.880s][info ][safepoint     ] Application time: 1.0001873 seconds
[2023-11-16T04:02:22.118+0000][28709.880s][debug][safepoint     ] ... found polling page return exception at pc = 0x00007f69309ece5c, stub =0x00007f692883a800
[2023-11-16T04:02:22.118+0000][28709.880s][debug][safepoint     ] Waiting for 1 thread(s) to block
[2023-11-16T04:02:22.118+0000][28709.880s][info ][safepoint     ] Entering safepoint region: Cleanup
[2023-11-16T04:02:22.119+0000][28709.880s][info ][safepoint     ] Leaving safepoint region
[2023-11-16T04:02:22.119+0000][28709.880s][info ][safepoint     ] Total time for which application threads were stopped: 0.0003885 seconds, Stopping threads took: 0.0001775 seconds
[2023-11-16T04:02:23.119+0000][28710.880s][debug][safepoint     ] Safepoint synchronization initiated. (165 threads)
[2023-11-16T04:02:23.119+0000][28710.880s][info ][safepoint     ] Application time: 1.0001655 seconds
[2023-11-16T04:02:23.119+0000][28710.881s][info ][safepoint     ] Entering safepoint region: Cleanup
[2023-11-16T04:02:23.119+0000][28710.881s][info ][safepoint     ] Leaving safepoint region
[2023-11-16T04:02:23.119+0000][28710.881s][info ][safepoint     ] Total time for which application threads were stopped: 0.0004588 seconds, Stopping threads took: 0.0000790 seconds
[2023-11-16T04:02:24.119+0000][28711.881s][debug][safepoint     ] Safepoint synchronization initiated. (165 threads)
[2023-11-16T04:02:24.120+0000][28711.881s][info ][safepoint     ] Application time: 1.0001966 seconds
[2023-11-16T04:02:24.120+0000][28711.881s][info ][safepoint     ] Entering safepoint region: Cleanup
[2023-11-16T04:02:24.120+0000][28711.881s][info ][safepoint     ] Leaving safepoint region
[2023-11-16T04:02:24.120+0000][28711.881s][info ][safepoint     ] Total time for which application threads were stopped: 0.0002653 seconds, Stopping threads took: 0.0000530 seconds
[2023-11-16T04:02:25.120+0000][28712.882s][debug][safepoint     ] Safepoint synchronization initiated. (165 threads)
[2023-11-16T04:02:25.120+0000][28712.882s][info ][safepoint     ] Application time: 1.0001896 seconds
[2023-11-16T04:02:25.120+0000][28712.882s][info ][safepoint     ] Entering safepoint region: Cleanup
[2023-11-16T04:02:25.120+0000][28712.882s][info ][safepoint     ] Leaving safepoint region
[2023-11-16T04:02:25.120+0000][28712.882s][info ][safepoint     ] Total time for which application threads were stopped: 0.0002671 seconds, Stopping threads took: 0.0000512 seconds
[2023-11-16T04:02:26.120+0000][28713.882s][debug][safepoint     ] Safepoint synchronization initiated. (165 threads)
[2023-11-16T04:02:26.120+0000][28713.882s][info ][safepoint     ] Application time: 1.0001636 seconds
[2023-11-16T04:02:26.121+0000][28713.882s][info ][safepoint     ] Entering safepoint region: Cleanup
[2023-11-16T04:02:26.121+0000][28713.883s][info ][safepoint     ] Leaving safepoint region
[2023-11-16T04:02:26.121+0000][28713.883s][info ][safepoint     ] Total time for which application threads were stopped: 0.0006116 seconds, Stopping threads took: 0.0003516 seconds
[2023-11-16T04:02:27.121+0000][28714.883s][debug][safepoint     ] Safepoint synchronization initiated. (165 threads)
[2023-11-16T04:02:27.121+0000][28714.883s][info ][safepoint     ] Application time: 1.0001631 seconds
[2023-11-16T04:02:27.121+0000][28714.883s][info ][safepoint     ] Entering safepoint region: Cleanup
[2023-11-16T04:02:27.122+0000][28714.883s][info ][safepoint     ] Leaving safepoint region
[2023-11-16T04:02:27.122+0000][28714.883s][info ][safepoint     ] Total time for which application threads were stopped: 0.0003409 seconds, Stopping threads took: 0.0000504 seconds
[2023-11-16T04:02:28.122+0000][28715.883s][debug][safepoint     ] Safepoint synchronization initiated. (165 threads)
[2023-11-16T04:02:28.122+0000][28715.883s][info ][safepoint     ] Application time: 1.0001664 seconds
[2023-11-16T04:02:28.122+0000][28715.884s][info ][safepoint     ] Entering safepoint region: Cleanup
[2023-11-16T04:02:28.122+0000][28715.884s][info ][safepoint     ] Leaving safepoint region
[2023-11-16T04:02:28.122+0000][28715.884s][info ][safepoint     ] Total time for which application threads were stopped: 0.0003370 seconds, Stopping threads took: 0.0000497 seconds
[2023-11-16T04:02:29.122+0000][28716.884s][debug][safepoint     ] Safepoint synchronization initiated. (165 threads)
[2023-11-16T04:02:29.122+0000][28716.884s][info ][safepoint     ] Application time: 1.0001661 seconds
[2023-11-16T04:02:29.122+0000][28716.884s][info ][safepoint     ] Entering safepoint region: Cleanup
[2023-11-16T04:02:29.123+0000][28716.884s][info ][safepoint     ] Leaving safepoint region
[2023-11-16T04:02:29.123+0000][28716.884s][info ][safepoint     ] Total time for which application threads were stopped: 0.0003376 seconds, Stopping threads took: 0.0000503 seconds
[2023-11-16T04:02:30.123+0000][28717.884s][debug][safepoint     ] Safepoint synchronization initiated. (165 threads)
[2023-11-16T04:02:30.123+0000][28717.885s][info ][safepoint     ] Application time: 1.0001526 seconds
[2023-11-16T04:02:30.123+0000][28717.885s][info ][safepoint     ] Entering safepoint region: Cleanup
[2023-11-16T04:02:30.123+0000][28717.885s][info ][safepoint     ] Leaving safepoint region
[2023-11-16T04:02:30.123+0000][28717.885s][info ][safepoint     ] Total time for which application threads were stopped: 0.0002860 seconds, Stopping threads took: 0.0000755 seconds
[2023-11-16T04:02:31.123+0000][28718.885s][debug][safepoint     ] Safepoint synchronization initiated. (165 threads)
[2023-11-16T04:02:31.123+0000][28718.885s][info ][safepoint     ] Application time: 1.0001550 seconds
[2023-11-16T04:02:31.123+0000][28718.885s][info ][safepoint     ] Entering safepoint region: Cleanup
[2023-11-16T04:02:31.124+0000][28718.886s][info ][safepoint     ] Leaving safepoint region
[2023-11-16T04:02:31.124+0000][28718.886s][info ][safepoint     ] Total time for which application threads were stopped: 0.0006677 seconds, Stopping threads took: 0.0002309 seconds
[2023-11-16T04:02:32.124+0000][28719.886s][debug][safepoint     ] Safepoint synchronization initiated. (165 threads)
[2023-11-16T04:02:32.124+0000][28719.886s][info ][safepoint     ] Application time: 1.0001441 seconds
[2023-11-16T04:02:32.124+0000][28719.886s][info ][safepoint     ] Entering safepoint region: Cleanup
[2023-11-16T04:02:32.124+0000][28719.886s][info ][safepoint     ] Leaving safepoint region
[2023-11-16T04:02:32.125+0000][28719.886s][info ][safepoint     ] Total time for which application threads were stopped: 0.0002801 seconds, Stopping threads took: 0.0000510 seconds
[2023-11-16T04:02:33.125+0000][28720.886s][debug][safepoint     ] Safepoint synchronization initiated. (165 threads)
[2023-11-16T04:02:33.125+0000][28720.886s][info ][safepoint     ] Application time: 1.0001580 seconds
[2023-11-16T04:02:33.125+0000][28720.886s][info ][safepoint     ] Entering safepoint region: Cleanup
[2023-11-16T04:02:33.125+0000][28720.887s][info ][safepoint     ] Leaving safepoint region
[2023-11-16T04:02:33.125+0000][28720.887s][info ][safepoint     ] Total time for which application threads were stopped: 0.0003320 seconds, Stopping threads took: 0.0000491 seconds
[2023-11-16T04:02:34.125+0000][28721.887s][debug][safepoint     ] Safepoint synchronization initiated. (165 threads)
[2023-11-16T04:02:34.125+0000][28721.887s][info ][safepoint     ] Application time: 1.0001832 seconds
[2023-11-16T04:02:34.125+0000][28721.887s][info ][safepoint     ] Entering safepoint region: Cleanup
[2023-11-16T04:02:34.126+0000][28721.887s][info ][safepoint     ] Leaving safepoint region
[2023-11-16T04:02:34.126+0000][28721.887s][info ][safepoint     ] Total time for which application threads were stopped: 0.0003411 seconds, Stopping threads took: 0.0000497 seconds
[2023-11-16T04:02:35.126+0000][28722.887s][debug][safepoint     ] Safepoint synchronization initiated. (165 threads)
[2023-11-16T04:02:35.126+0000][28722.887s][info ][safepoint     ] Application time: 1.0001548 seconds
[2023-11-16T04:02:35.126+0000][28722.887s][info ][safepoint     ] Entering safepoint region: Cleanup
[2023-11-16T04:02:35.126+0000][28722.888s][info ][safepoint     ] Leaving safepoint region
[2023-11-16T04:02:35.126+0000][28722.888s][info ][safepoint     ] Total time for which application threads were stopped: 0.0002486 seconds, Stopping threads took: 0.0000509 seconds
[2023-11-16T04:02:36.126+0000][28723.888s][debug][safepoint     ] Safepoint synchronization initiated. (165 threads)
[2023-11-16T04:02:36.126+0000][28723.888s][info ][safepoint     ] Application time: 1.0001747 seconds
[2023-11-16T04:02:36.126+0000][28723.888s][info ][safepoint     ] Entering safepoint region: Cleanup
[2023-11-16T04:02:36.127+0000][28723.888s][info ][safepoint     ] Leaving safepoint region
[2023-11-16T04:02:36.127+0000][28723.888s][info ][safepoint     ] Total time for which application threads were stopped: 0.0005236 seconds, Stopping threads took: 0.0003131 seconds
[2023-11-16T04:02:37.127+0000][28724.889s][debug][safepoint     ] Safepoint synchronization initiated. (165 threads)
[2023-11-16T04:02:37.127+0000][28724.889s][info ][safepoint     ] Application time: 1.0001722 seconds
[2023-11-16T04:02:37.127+0000][28724.889s][info ][safepoint     ] Entering safepoint region: Cleanup
[2023-11-16T04:02:37.127+0000][28724.889s][info ][safepoint     ] Leaving safepoint region
[2023-11-16T04:02:37.127+0000][28724.889s][info ][safepoint     ] Total time for which application threads were stopped: 0.0002501 seconds, Stopping threads took: 0.0000525 seconds
[2023-11-16T04:02:38.127+0000][28725.889s][debug][safepoint     ] Safepoint synchronization initiated. (165 threads)
[2023-11-16T04:02:38.127+0000][28725.889s][info ][safepoint     ] Application time: 1.0001679 seconds
[2023-11-16T04:02:38.128+0000][28725.889s][info ][safepoint     ] Entering safepoint region: Cleanup
[2023-11-16T04:02:38.128+0000][28725.889s][info ][safepoint     ] Leaving safepoint region
[2023-11-16T04:02:38.128+0000][28725.889s][info ][safepoint     ] Total time for which application threads were stopped: 0.0002972 seconds, Stopping threads took: 0.0000522 seconds
[2023-11-16T04:02:39.128+0000][28726.890s][debug][safepoint     ] Safepoint synchronization initiated. (165 threads)
[2023-11-16T04:02:39.128+0000][28726.890s][info ][safepoint     ] Application time: 1.0001591 seconds
[2023-11-16T04:02:39.128+0000][28726.890s][info ][safepoint     ] Entering safepoint region: Cleanup
[2023-11-16T04:02:39.128+0000][28726.890s][info ][safepoint     ] Leaving safepoint region
[2023-11-16T04:02:39.128+0000][28726.890s][info ][safepoint     ] Total time for which application threads were stopped: 0.0003520 seconds, Stopping threads took: 0.0000526 seconds
[2023-11-16T04:02:40.128+0000][28727.890s][debug][safepoint     ] Safepoint synchronization initiated. (165 threads)
[2023-11-16T04:02:40.129+0000][28727.890s][info ][safepoint     ] Application time: 1.0001556 seconds
[2023-11-16T04:02:40.129+0000][28727.890s][info ][safepoint     ] Entering safepoint region: Cleanup
[2023-11-16T04:02:40.129+0000][28727.890s][info ][safepoint     ] Leaving safepoint region
[2023-11-16T04:02:40.129+0000][28727.891s][info ][safepoint     ] Total time for which application threads were stopped: 0.0003477 seconds, Stopping threads took: 0.0000516 seconds
[2023-11-16T04:02:41.129+0000][28728.891s][debug][safepoint     ] Safepoint synchronization initiated. (165 threads)
[2023-11-16T04:02:41.129+0000][28728.891s][info ][safepoint     ] Application time: 1.0001621 seconds
[2023-11-16T04:02:41.129+0000][28728.891s][info ][safepoint     ] Entering safepoint region: Cleanup
[2023-11-16T04:02:41.130+0000][28728.891s][info ][safepoint     ] Leaving safepoint region
[2023-11-16T04:02:41.130+0000][28728.891s][info ][safepoint     ] Total time for which application threads were stopped: 0.0005631 seconds, Stopping threads took: 0.0003307 seconds
[2023-11-16T04:02:42.130+0000][28729.891s][debug][safepoint     ] Safepoint synchronization initiated. (165 threads)
[2023-11-16T04:02:42.130+0000][28729.891s][info ][safepoint     ] Application time: 1.0001667 seconds
[2023-11-16T04:02:42.130+0000][28729.892s][info ][safepoint     ] Entering safepoint region: Cleanup
[2023-11-16T04:02:42.130+0000][28729.892s][info ][safepoint     ] Leaving safepoint region
[2023-11-16T04:02:42.130+0000][28729.892s][info ][safepoint     ] Total time for which application threads were stopped: 0.0002550 seconds, Stopping threads took: 0.0000525 seconds
[2023-11-16T04:02:43.130+0000][28730.892s][debug][safepoint     ] Safepoint synchronization initiated. (165 threads)
[2023-11-16T04:02:43.130+0000][28730.892s][info ][safepoint     ] Application time: 1.0001581 seconds
[2023-11-16T04:02:43.130+0000][28730.892s][info ][safepoint     ] Entering safepoint region: Cleanup
[2023-11-16T04:02:43.131+0000][28730.892s][info ][safepoint     ] Leaving safepoint region
[2023-11-16T04:02:43.131+0000][28730.892s][info ][safepoint     ] Total time for which application threads were stopped: 0.0002690 seconds, Stopping threads took: 0.0000509 seconds
[2023-11-16T04:02:44.131+0000][28731.892s][debug][safepoint     ] Safepoint synchronization initiated. (165 threads)
[2023-11-16T04:02:44.131+0000][28731.892s][info ][safepoint     ] Application time: 1.0001541 seconds
[2023-11-16T04:02:44.131+0000][28731.892s][info ][safepoint     ] Entering safepoint region: Cleanup
[2023-11-16T04:02:44.131+0000][28731.893s][info ][safepoint     ] Leaving safepoint region
[2023-11-16T04:02:44.131+0000][28731.893s][info ][safepoint     ] Total time for which application threads were stopped: 0.0003505 seconds, Stopping threads took: 0.0000543 seconds
[2023-11-16T04:02:45.131+0000][28732.893s][debug][safepoint     ] Safepoint synchronization initiated. (165 threads)
[2023-11-16T04:02:45.131+0000][28732.893s][info ][safepoint     ] Application time: 1.0001665 seconds
[2023-11-16T04:02:45.131+0000][28732.893s][info ][safepoint     ] Entering safepoint region: Cleanup
[2023-11-16T04:02:45.132+0000][28732.893s][info ][safepoint     ] Leaving safepoint region
[2023-11-16T04:02:45.132+0000][28732.893s][info ][safepoint     ] Total time for which application threads were stopped: 0.0002839 seconds, Stopping threads took: 0.0000518 seconds
[2023-11-16T04:02:46.132+0000][28733.893s][debug][safepoint     ] Safepoint synchronization initiated. (165 threads)
[2023-11-16T04:02:46.132+0000][28733.893s][info ][safepoint     ] Application time: 1.0001620 seconds
[2023-11-16T04:02:46.132+0000][28733.893s][info ][safepoint     ] Entering safepoint region: Cleanup
[2023-11-16T04:02:46.132+0000][28733.894s][info ][safepoint     ] Leaving safepoint region
[2023-11-16T04:02:46.132+0000][28733.894s][info ][safepoint     ] Total time for which application threads were stopped: 0.0004256 seconds, Stopping threads took: 0.0001765 seconds
[2023-11-16T04:02:47.132+0000][28734.894s][debug][safepoint     ] Safepoint synchronization initiated. (165 threads)
[2023-11-16T04:02:47.132+0000][28734.894s][info ][safepoint     ] Application time: 1.0001669 seconds
[2023-11-16T04:02:47.132+0000][28734.894s][info ][safepoint     ] Entering safepoint region: Cleanup
[2023-11-16T04:02:47.133+0000][28734.894s][info ][safepoint     ] Leaving safepoint region
[2023-11-16T04:02:47.133+0000][28734.894s][info ][safepoint     ] Total time for which application threads were stopped: 0.0002557 seconds, Stopping threads took: 0.0000492 seconds
[2023-11-16T04:02:48.133+0000][28735.894s][debug][safepoint     ] Safepoint synchronization initiated. (165 threads)
[2023-11-16T04:02:48.133+0000][28735.895s][info ][safepoint     ] Application time: 1.0001563 seconds
[2023-11-16T04:02:48.133+0000][28735.895s][info ][safepoint     ] Entering safepoint region: Cleanup
[2023-11-16T04:02:48.133+0000][28735.895s][info ][safepoint     ] Leaving safepoint region
[2023-11-16T04:02:48.133+0000][28735.895s][info ][safepoint     ] Total time for which application threads were stopped: 0.0002507 seconds, Stopping threads took: 0.0000503 seconds
[2023-11-16T04:02:49.133+0000][28736.895s][debug][safepoint     ] Safepoint synchronization initiated. (165 threads)
[2023-11-16T04:02:49.133+0000][28736.895s][info ][safepoint     ] Application time: 1.0002193 seconds
[2023-11-16T04:02:49.133+0000][28736.895s][info ][safepoint     ] Entering safepoint region: Cleanup
[2023-11-16T04:02:49.134+0000][28736.895s][info ][safepoint     ] Leaving safepoint region
[2023-11-16T04:02:49.134+0000][28736.895s][info ][safepoint     ] Total time for which application threads were stopped: 0.0003374 seconds, Stopping threads took: 0.0000531 seconds
[2023-11-16T04:02:50.134+0000][28737.895s][debug][safepoint     ] Safepoint synchronization initiated. (165 threads)
[2023-11-16T04:02:50.134+0000][28737.896s][info ][safepoint     ] Application time: 1.0001664 seconds
[2023-11-16T04:02:50.134+0000][28737.896s][info ][safepoint     ] Entering safepoint region: Cleanup
[2023-11-16T04:02:50.134+0000][28737.896s][info ][safepoint     ] Leaving safepoint region
[2023-11-16T04:02:50.134+0000][28737.896s][info ][safepoint     ] Total time for which application threads were stopped: 0.0002649 seconds, Stopping threads took: 0.0000535 seconds
[2023-11-16T04:02:51.134+0000][28738.896s][debug][safepoint     ] Safepoint synchronization initiated. (165 threads)
[2023-11-16T04:02:51.135+0000][28738.896s][info ][safepoint     ] Application time: 1.0003202 seconds
[2023-11-16T04:02:51.135+0000][28738.896s][info ][safepoint     ] Entering safepoint region: Cleanup
[2023-11-16T04:02:51.135+0000][28738.896s][info ][safepoint     ] Leaving safepoint region
[2023-11-16T04:02:51.135+0000][28738.896s][info ][safepoint     ] Total time for which application threads were stopped: 0.0002156 seconds, Stopping threads took: 0.0000524 seconds
[2023-11-16T04:02:52.135+0000][28739.897s][debug][safepoint     ] Safepoint synchronization initiated. (165 threads)
[2023-11-16T04:02:52.135+0000][28739.897s][info ][safepoint     ] Application time: 1.0001513 seconds
[2023-11-16T04:02:52.135+0000][28739.897s][info ][safepoint     ] Entering safepoint region: Cleanup
[2023-11-16T04:02:52.135+0000][28739.897s][info ][safepoint     ] Leaving safepoint region
[2023-11-16T04:02:52.135+0000][28739.897s][info ][safepoint     ] Total time for which application threads were stopped: 0.0002306 seconds, Stopping threads took: 0.0000491 seconds
[2023-11-16T04:02:53.135+0000][28740.897s][debug][safepoint     ] Safepoint synchronization initiated. (165 threads)
[2023-11-16T04:02:53.135+0000][28740.897s][info ][safepoint     ] Application time: 1.0001675 seconds
[2023-11-16T04:02:53.135+0000][28740.897s][info ][safepoint     ] Entering safepoint region: Cleanup
[2023-11-16T04:02:53.136+0000][28740.897s][info ][safepoint     ] Leaving safepoint region
[2023-11-16T04:02:53.136+0000][28740.897s][info ][safepoint     ] Total time for which application threads were stopped: 0.0002398 seconds, Stopping threads took: 0.0000512 seconds
[2023-11-16T04:02:54.136+0000][28741.897s][debug][safepoint     ] Safepoint synchronization initiated. (165 threads)
[2023-11-16T04:02:54.136+0000][28741.897s][info ][safepoint     ] Application time: 1.0001598 seconds
[2023-11-16T04:02:54.136+0000][28741.897s][info ][safepoint     ] Entering safepoint region: Cleanup
[2023-11-16T04:02:54.136+0000][28741.898s][info ][safepoint     ] Leaving safepoint region
[2023-11-16T04:02:54.136+0000][28741.898s][info ][safepoint     ] Total time for which application threads were stopped: 0.0002245 seconds, Stopping threads took: 0.0000506 seconds
[2023-11-16T04:02:55.136+0000][28742.898s][debug][safepoint     ] Safepoint synchronization initiated. (165 threads)
[2023-11-16T04:02:55.136+0000][28742.898s][info ][safepoint     ] Application time: 1.0001586 seconds
[2023-11-16T04:02:55.136+0000][28742.898s][info ][safepoint     ] Entering safepoint region: Cleanup
[2023-11-16T04:02:55.137+0000][28742.898s][info ][safepoint     ] Leaving safepoint region
[2023-11-16T04:02:55.137+0000][28742.898s][info ][safepoint     ] Total time for which application threads were stopped: 0.0003077 seconds, Stopping threads took: 0.0000499 seconds
[2023-11-16T04:02:56.137+0000][28743.898s][debug][safepoint     ] Safepoint synchronization initiated. (165 threads)
[2023-11-16T04:02:56.137+0000][28743.898s][info ][safepoint     ] Application time: 1.0001724 seconds
[2023-11-16T04:02:56.137+0000][28743.898s][info ][safepoint     ] Entering safepoint region: Cleanup
[2023-11-16T04:02:56.137+0000][28743.899s][info ][safepoint     ] Leaving safepoint region
[2023-11-16T04:02:56.137+0000][28743.899s][info ][safepoint     ] Total time for which application threads were stopped: 0.0003028 seconds, Stopping threads took: 0.0000503 seconds
[2023-11-16T04:02:57.137+0000][28744.899s][debug][safepoint     ] Safepoint synchronization initiated. (165 threads)
[2023-11-16T04:02:57.137+0000][28744.899s][info ][safepoint     ] Application time: 1.0001682 seconds
[2023-11-16T04:02:57.137+0000][28744.899s][info ][safepoint     ] Entering safepoint region: Cleanup
[2023-11-16T04:02:57.138+0000][28744.899s][info ][safepoint     ] Leaving safepoint region
[2023-11-16T04:02:57.138+0000][28744.899s][info ][safepoint     ] Total time for which application threads were stopped: 0.0003049 seconds, Stopping threads took: 0.0000508 seconds
[2023-11-16T04:02:58.138+0000][28745.899s][debug][safepoint     ] Safepoint synchronization initiated. (165 threads)
[2023-11-16T04:02:58.138+0000][28745.899s][info ][safepoint     ] Application time: 1.0001839 seconds
[2023-11-16T04:02:58.138+0000][28745.899s][info ][safepoint     ] Entering safepoint region: Cleanup
[2023-11-16T04:02:58.138+0000][28745.900s][info ][safepoint     ] Leaving safepoint region
[2023-11-16T04:02:58.138+0000][28745.900s][info ][safepoint     ] Total time for which application threads were stopped: 0.0003057 seconds, Stopping threads took: 0.0000490 seconds
[2023-11-16T04:02:59.138+0000][28746.900s][debug][safepoint     ] Safepoint synchronization initiated. (165 threads)
[2023-11-16T04:02:59.138+0000][28746.900s][info ][safepoint     ] Application time: 1.0001739 seconds
[2023-11-16T04:02:59.138+0000][28746.900s][info ][safepoint     ] Entering safepoint region: Cleanup
[2023-11-16T04:02:59.139+0000][28746.900s][info ][safepoint     ] Leaving safepoint region
[2023-11-16T04:02:59.139+0000][28746.900s][info ][safepoint     ] Total time for which application threads were stopped: 0.0003060 seconds, Stopping threads took: 0.0000494 seconds
[2023-11-16T04:03:00.139+0000][28747.900s][debug][safepoint     ] Safepoint synchronization initiated. (165 threads)
[2023-11-16T04:03:00.139+0000][28747.900s][info ][safepoint     ] Application time: 1.0001654 seconds
[2023-11-16T04:03:00.139+0000][28747.900s][info ][safepoint     ] Entering safepoint region: Cleanup
[2023-11-16T04:03:00.139+0000][28747.901s][info ][safepoint     ] Leaving safepoint region
[2023-11-16T04:03:00.139+0000][28747.901s][info ][safepoint     ] Total time for which application threads were stopped: 0.0002273 seconds, Stopping threads took: 0.0000491 seconds
[2023-11-16T04:03:01.139+0000][28748.901s][debug][safepoint     ] Safepoint synchronization initiated. (165 threads)
[2023-11-16T04:03:01.139+0000][28748.901s][info ][safepoint     ] Application time: 1.0001534 seconds
[2023-11-16T04:03:01.139+0000][28748.901s][info ][safepoint     ] Entering safepoint region: Cleanup
[2023-11-16T04:03:01.139+0000][28748.901s][info ][safepoint     ] Leaving safepoint region
[2023-11-16T04:03:01.139+0000][28748.901s][info ][safepoint     ] Total time for which application threads were stopped: 0.0002562 seconds, Stopping threads took: 0.0000488 seconds
[2023-11-16T04:03:02.140+0000][28749.901s][debug][safepoint     ] Safepoint synchronization initiated. (165 threads)
[2023-11-16T04:03:02.140+0000][28749.901s][info ][safepoint     ] Application time: 1.0001476 seconds
[2023-11-16T04:03:02.140+0000][28749.901s][info ][safepoint     ] Entering safepoint region: Cleanup
[2023-11-16T04:03:02.140+0000][28749.902s][info ][safepoint     ] Leaving safepoint region
[2023-11-16T04:03:02.140+0000][28749.902s][info ][safepoint     ] Total time for which application threads were stopped: 0.0002857 seconds, Stopping threads took: 0.0000506 seconds
[2023-11-16T04:03:03.140+0000][28750.902s][debug][safepoint     ] Safepoint synchronization initiated. (165 threads)
[2023-11-16T04:03:03.140+0000][28750.902s][info ][safepoint     ] Application time: 1.0001535 seconds
[2023-11-16T04:03:03.140+0000][28750.902s][info ][safepoint     ] Entering safepoint region: Cleanup
[2023-11-16T04:03:03.140+0000][28750.902s][info ][safepoint     ] Leaving safepoint region
[2023-11-16T04:03:03.140+0000][28750.902s][info ][safepoint     ] Total time for which application threads were stopped: 0.0003054 seconds, Stopping threads took: 0.0000491 seconds
[2023-11-16T04:03:04.141+0000][28751.902s][debug][safepoint     ] Safepoint synchronization initiated. (165 threads)
[2023-11-16T04:03:04.141+0000][28751.902s][info ][safepoint     ] Application time: 1.0001697 seconds
[2023-11-16T04:03:04.141+0000][28751.902s][info ][safepoint     ] Entering safepoint region: Cleanup
[2023-11-16T04:03:04.141+0000][28751.903s][info ][safepoint     ] Leaving safepoint region
[2023-11-16T04:03:04.141+0000][28751.903s][info ][safepoint     ] Total time for which application threads were stopped: 0.0003128 seconds, Stopping threads took: 0.0000493 seconds
[2023-11-16T04:03:05.141+0000][28752.903s][debug][safepoint     ] Safepoint synchronization initiated. (165 threads)
[2023-11-16T04:03:05.141+0000][28752.903s][info ][safepoint     ] Application time: 1.0001952 seconds
[2023-11-16T04:03:05.141+0000][28752.903s][info ][safepoint     ] Entering safepoint region: Cleanup
[2023-11-16T04:03:05.141+0000][28752.903s][info ][safepoint     ] Leaving safepoint region
[2023-11-16T04:03:05.141+0000][28752.903s][info ][safepoint     ] Total time for which application threads were stopped: 0.0002475 seconds, Stopping threads took: 0.0000502 seconds
[2023-11-16T04:03:06.142+0000][28753.903s][debug][safepoint     ] Safepoint synchronization initiated. (165 threads)
[2023-11-16T04:03:06.142+0000][28753.903s][info ][safepoint     ] Application time: 1.0001536 seconds
[2023-11-16T04:03:06.142+0000][28753.903s][info ][safepoint     ] Entering safepoint region: Cleanup
[2023-11-16T04:03:06.142+0000][28753.904s][info ][safepoint     ] Leaving safepoint region
[2023-11-16T04:03:06.142+0000][28753.904s][info ][safepoint     ] Total time for which application threads were stopped: 0.0006130 seconds, Stopping threads took: 0.0003547 seconds
[2023-11-16T04:03:07.142+0000][28754.904s][debug][safepoint     ] Safepoint synchronization initiated. (165 threads)
[2023-11-16T04:03:07.142+0000][28754.904s][info ][safepoint     ] Application time: 1.0001696 seconds
[2023-11-16T04:03:07.142+0000][28754.904s][info ][safepoint     ] Entering safepoint region: Cleanup
[2023-11-16T04:03:07.143+0000][28754.904s][info ][safepoint     ] Leaving safepoint region
[2023-11-16T04:03:07.143+0000][28754.904s][info ][safepoint     ] Total time for which application threads were stopped: 0.0002617 seconds, Stopping threads took: 0.0000501 seconds
[2023-11-16T04:03:08.143+0000][28755.904s][debug][safepoint     ] Safepoint synchronization initiated. (165 threads)
[2023-11-16T04:03:08.143+0000][28755.905s][info ][safepoint     ] Application time: 1.0001517 seconds
[2023-11-16T04:03:08.143+0000][28755.905s][info ][safepoint     ] Entering safepoint region: Cleanup
[2023-11-16T04:03:08.143+0000][28755.905s][info ][safepoint     ] Leaving safepoint region
[2023-11-16T04:03:08.143+0000][28755.905s][info ][safepoint     ] Total time for which application threads were stopped: 0.0003064 seconds, Stopping threads took: 0.0000495 seconds
[2023-11-16T04:03:09.143+0000][28756.905s][debug][safepoint     ] Safepoint synchronization initiated. (165 threads)
[2023-11-16T04:03:09.143+0000][28756.905s][info ][safepoint     ] Application time: 1.0001705 seconds
[2023-11-16T04:03:09.143+0000][28756.905s][info ][safepoint     ] Entering safepoint region: Cleanup
[2023-11-16T04:03:09.144+0000][28756.905s][info ][safepoint     ] Leaving safepoint region
[2023-11-16T04:03:09.144+0000][28756.905s][info ][safepoint     ] Total time for which application threads were stopped: 0.0003308 seconds, Stopping threads took: 0.0000736 seconds
[2023-11-16T04:03:10.144+0000][28757.906s][debug][safepoint     ] Safepoint synchronization initiated. (165 threads)
[2023-11-16T04:03:10.144+0000][28757.906s][info ][safepoint     ] Application time: 1.0001479 seconds
[2023-11-16T04:03:10.144+0000][28757.906s][info ][safepoint     ] Entering safepoint region: Cleanup
[2023-11-16T04:03:10.144+0000][28757.906s][info ][safepoint     ] Leaving safepoint region
[2023-11-16T04:03:10.144+0000][28757.906s][info ][safepoint     ] Total time for which application threads were stopped: 0.0003285 seconds, Stopping threads took: 0.0000484 seconds
[2023-11-16T04:03:11.144+0000][28758.906s][debug][safepoint     ] Safepoint synchronization initiated. (165 threads)
[2023-11-16T04:03:11.144+0000][28758.906s][info ][safepoint     ] Application time: 1.0001778 seconds
[2023-11-16T04:03:11.145+0000][28758.906s][info ][safepoint     ] Entering safepoint region: Cleanup
[2023-11-16T04:03:11.145+0000][28758.907s][info ][safepoint     ] Leaving safepoint region
[2023-11-16T04:03:11.145+0000][28758.907s][info ][safepoint     ] Total time for which application threads were stopped: 0.0005429 seconds, Stopping threads took: 0.0001951 seconds
[2023-11-16T04:03:12.145+0000][28759.907s][debug][safepoint     ] Safepoint synchronization initiated. (165 threads)
[2023-11-16T04:03:12.145+0000][28759.907s][info ][safepoint     ] Application time: 1.0001552 seconds
[2023-11-16T04:03:12.145+0000][28759.907s][info ][safepoint     ] Entering safepoint region: Cleanup
[2023-11-16T04:03:12.146+0000][28759.907s][info ][safepoint     ] Leaving safepoint region
[2023-11-16T04:03:12.146+0000][28759.907s][info ][safepoint     ] Total time for which application threads were stopped: 0.0003475 seconds, Stopping threads took: 0.0000496 seconds
[2023-11-16T04:03:13.146+0000][28760.907s][debug][safepoint     ] Safepoint synchronization initiated. (165 threads)
[2023-11-16T04:03:13.146+0000][28760.907s][info ][safepoint     ] Application time: 1.0001696 seconds
[2023-11-16T04:03:13.146+0000][28760.907s][info ][safepoint     ] Entering safepoint region: Cleanup
[2023-11-16T04:03:13.146+0000][28760.908s][info ][safepoint     ] Leaving safepoint region
[2023-11-16T04:03:13.146+0000][28760.908s][info ][safepoint     ] Total time for which application threads were stopped: 0.0003475 seconds, Stopping threads took: 0.0000493 seconds
[2023-11-16T04:03:14.146+0000][28761.908s][debug][safepoint     ] Safepoint synchronization initiated. (165 threads)
[2023-11-16T04:03:14.146+0000][28761.908s][info ][safepoint     ] Application time: 1.0001713 seconds
[2023-11-16T04:03:14.146+0000][28761.908s][info ][safepoint     ] Entering safepoint region: Cleanup
[2023-11-16T04:03:14.147+0000][28761.908s][info ][safepoint     ] Leaving safepoint region
[2023-11-16T04:03:14.147+0000][28761.908s][info ][safepoint     ] Total time for which application threads were stopped: 0.0003437 seconds, Stopping threads took: 0.0000500 seconds
[2023-11-16T04:03:15.147+0000][28762.908s][debug][safepoint     ] Safepoint synchronization initiated. (165 threads)
[2023-11-16T04:03:15.147+0000][28762.909s][info ][safepoint     ] Application time: 1.0001727 seconds
[2023-11-16T04:03:15.147+0000][28762.909s][info ][safepoint     ] Entering safepoint region: Cleanup
[2023-11-16T04:03:15.147+0000][28762.909s][info ][safepoint     ] Leaving safepoint region
[2023-11-16T04:03:15.147+0000][28762.909s][info ][safepoint     ] Total time for which application threads were stopped: 0.0003409 seconds, Stopping threads took: 0.0000500 seconds
[2023-11-16T04:03:16.147+0000][28763.909s][debug][safepoint     ] Safepoint synchronization initiated. (165 threads)
[2023-11-16T04:03:16.147+0000][28763.909s][info ][safepoint     ] Application time: 1.0002053 seconds
[2023-11-16T04:03:16.148+0000][28763.909s][info ][safepoint     ] Entering safepoint region: Cleanup
[2023-11-16T04:03:16.148+0000][28763.909s][info ][safepoint     ] Leaving safepoint region
[2023-11-16T04:03:16.148+0000][28763.909s][info ][safepoint     ] Total time for which application threads were stopped: 0.0002951 seconds, Stopping threads took: 0.0000525 seconds
[2023-11-16T04:03:17.148+0000][28764.910s][debug][safepoint     ] Safepoint synchronization initiated. (165 threads)
[2023-11-16T04:03:17.148+0000][28764.910s][info ][safepoint     ] Application time: 1.0001465 seconds
[2023-11-16T04:03:17.148+0000][28764.910s][info ][safepoint     ] Entering safepoint region: Cleanup
[2023-11-16T04:03:17.148+0000][28764.910s][info ][safepoint     ] Leaving safepoint region
[2023-11-16T04:03:17.148+0000][28764.910s][info ][safepoint     ] Total time for which application threads were stopped: 0.0003132 seconds, Stopping threads took: 0.0000505 seconds
[2023-11-16T04:03:18.148+0000][28765.910s][debug][safepoint     ] Safepoint synchronization initiated. (165 threads)
[2023-11-16T04:03:18.148+0000][28765.910s][info ][safepoint     ] Application time: 1.0001684 seconds
[2023-11-16T04:03:18.149+0000][28765.910s][info ][safepoint     ] Entering safepoint region: Cleanup
[2023-11-16T04:03:18.149+0000][28765.910s][info ][safepoint     ] Leaving safepoint region
[2023-11-16T04:03:18.149+0000][28765.910s][info ][safepoint     ] Total time for which application threads were stopped: 0.0002478 seconds, Stopping threads took: 0.0000487 seconds
[2023-11-16T04:03:19.149+0000][28766.911s][debug][safepoint     ] Safepoint synchronization initiated. (165 threads)
[2023-11-16T04:03:19.149+0000][28766.911s][info ][safepoint     ] Application time: 1.0001734 seconds
[2023-11-16T04:03:19.149+0000][28766.911s][info ][safepoint     ] Entering safepoint region: Cleanup
[2023-11-16T04:03:19.149+0000][28766.911s][info ][safepoint     ] Leaving safepoint region
[2023-11-16T04:03:19.149+0000][28766.911s][info ][safepoint     ] Total time for which application threads were stopped: 0.0002495 seconds, Stopping threads took: 0.0000490 seconds
[2023-11-16T04:03:20.149+0000][28767.911s][debug][safepoint     ] Safepoint synchronization initiated. (165 threads)
[2023-11-16T04:03:20.149+0000][28767.911s][info ][safepoint     ] Application time: 1.0001594 seconds
[2023-11-16T04:03:20.149+0000][28767.911s][info ][safepoint     ] Entering safepoint region: Cleanup
[2023-11-16T04:03:20.150+0000][28767.911s][info ][safepoint     ] Leaving safepoint region
[2023-11-16T04:03:20.150+0000][28767.911s][info ][safepoint     ] Total time for which application threads were stopped: 0.0002133 seconds, Stopping threads took: 0.0000492 seconds
[2023-11-16T04:03:21.150+0000][28768.911s][debug][safepoint     ] Safepoint synchronization initiated. (165 threads)
[2023-11-16T04:03:21.150+0000][28768.911s][info ][safepoint     ] Application time: 1.0001668 seconds
[2023-11-16T04:03:21.150+0000][28768.911s][info ][safepoint     ] Entering safepoint region: Cleanup
[2023-11-16T04:03:21.150+0000][28768.912s][info ][safepoint     ] Leaving safepoint region
[2023-11-16T04:03:21.150+0000][28768.912s][info ][safepoint     ] Total time for which application threads were stopped: 0.0005312 seconds, Stopping threads took: 0.0003141 seconds
[2023-11-16T04:03:22.150+0000][28769.912s][debug][safepoint     ] Safepoint synchronization initiated. (165 threads)
[2023-11-16T04:03:22.151+0000][28769.912s][info ][safepoint     ] Application time: 1.0001544 seconds
[2023-11-16T04:03:22.151+0000][28769.912s][info ][safepoint     ] Entering safepoint region: Cleanup
[2023-11-16T04:03:22.151+0000][28769.912s][info ][safepoint     ] Leaving safepoint region
[2023-11-16T04:03:22.151+0000][28769.913s][info ][safepoint     ] Total time for which application threads were stopped: 0.0003454 seconds, Stopping threads took: 0.0000498 seconds
[2023-11-16T04:03:23.151+0000][28770.913s][debug][safepoint     ] Safepoint synchronization initiated. (165 threads)
[2023-11-16T04:03:23.151+0000][28770.913s][info ][safepoint     ] Application time: 1.0001730 seconds
[2023-11-16T04:03:23.151+0000][28770.913s][info ][safepoint     ] Entering safepoint region: Cleanup
[2023-11-16T04:03:23.151+0000][28770.913s][info ][safepoint     ] Leaving safepoint region
[2023-11-16T04:03:23.151+0000][28770.913s][info ][safepoint     ] Total time for which application threads were stopped: 0.0002627 seconds, Stopping threads took: 0.0000496 seconds
[2023-11-16T04:03:24.151+0000][28771.913s][debug][safepoint     ] Safepoint synchronization initiated. (165 threads)
[2023-11-16T04:03:24.152+0000][28771.913s][info ][safepoint     ] Application time: 1.0001681 seconds
[2023-11-16T04:03:24.152+0000][28771.913s][info ][safepoint     ] Entering safepoint region: Cleanup
[2023-11-16T04:03:24.152+0000][28771.913s][info ][safepoint     ] Leaving safepoint region
[2023-11-16T04:03:24.152+0000][28771.913s][info ][safepoint     ] Total time for which application threads were stopped: 0.0002225 seconds, Stopping threads took: 0.0000484 seconds
[2023-11-16T04:03:25.152+0000][28772.914s][debug][safepoint     ] Safepoint synchronization initiated. (165 threads)
[2023-11-16T04:03:25.152+0000][28772.914s][info ][safepoint     ] Application time: 1.0001534 seconds
[2023-11-16T04:03:25.152+0000][28772.914s][info ][safepoint     ] Entering safepoint region: Cleanup
[2023-11-16T04:03:25.152+0000][28772.914s][info ][safepoint     ] Leaving safepoint region
[2023-11-16T04:03:25.152+0000][28772.914s][info ][safepoint     ] Total time for which application threads were stopped: 0.0002243 seconds, Stopping threads took: 0.0000496 seconds
[2023-11-16T04:03:26.152+0000][28773.914s][debug][safepoint     ] Safepoint synchronization initiated. (165 threads)
[2023-11-16T04:03:26.152+0000][28773.914s][info ][safepoint     ] Application time: 1.0001657 seconds
[2023-11-16T04:03:26.152+0000][28773.914s][info ][safepoint     ] Entering safepoint region: Cleanup
[2023-11-16T04:03:26.153+0000][28773.914s][info ][safepoint     ] Leaving safepoint region
[2023-11-16T04:03:26.153+0000][28773.915s][info ][safepoint     ] Total time for which application threads were stopped: 0.0004527 seconds, Stopping threads took: 0.0002434 seconds
[2023-11-16T04:03:27.153+0000][28774.915s][debug][safepoint     ] Safepoint synchronization initiated. (165 threads)
[2023-11-16T04:03:27.153+0000][28774.915s][info ][safepoint     ] Application time: 1.0001704 seconds
[2023-11-16T04:03:27.153+0000][28774.915s][info ][safepoint     ] Entering safepoint region: Cleanup
[2023-11-16T04:03:27.153+0000][28774.915s][info ][safepoint     ] Leaving safepoint region
[2023-11-16T04:03:27.153+0000][28774.915s][info ][safepoint     ] Total time for which application threads were stopped: 0.0002833 seconds, Stopping threads took: 0.0000493 seconds
[2023-11-16T04:03:28.153+0000][28775.915s][debug][safepoint     ] Safepoint synchronization initiated. (165 threads)
[2023-11-16T04:03:28.154+0000][28775.915s][info ][safepoint     ] Application time: 1.0001671 seconds
[2023-11-16T04:03:28.154+0000][28775.915s][info ][safepoint     ] Entering safepoint region: Cleanup
[2023-11-16T04:03:28.154+0000][28775.915s][info ][safepoint     ] Leaving safepoint region
[2023-11-16T04:03:28.154+0000][28775.915s][info ][safepoint     ] Total time for which application threads were stopped: 0.0002573 seconds, Stopping threads took: 0.0000494 seconds
[2023-11-16T04:03:29.154+0000][28776.916s][debug][safepoint     ] Safepoint synchronization initiated. (165 threads)
[2023-11-16T04:03:29.154+0000][28776.916s][info ][safepoint     ] Application time: 1.0001734 seconds
[2023-11-16T04:03:29.154+0000][28776.916s][info ][safepoint     ] Entering safepoint region: Cleanup
[2023-11-16T04:03:29.154+0000][28776.916s][info ][safepoint     ] Leaving safepoint region
[2023-11-16T04:03:29.154+0000][28776.916s][info ][safepoint     ] Total time for which application threads were stopped: 0.0003575 seconds, Stopping threads took: 0.0000496 seconds
[2023-11-16T04:03:29.154+0000][28776.916s][debug][safepoint     ] ... found polling page return exception at pc = 0x00007f693102dd76, stub =0x00007f692883a800
[2023-11-16T04:03:29.154+0000][28776.916s][debug][safepoint     ] ... found polling page return exception at pc = 0x00007f693102dd76, stub =0x00007f692883a800
[2023-11-16T04:03:30.155+0000][28777.916s][debug][safepoint     ] Safepoint synchronization initiated. (165 threads)
[2023-11-16T04:03:30.155+0000][28777.916s][info ][safepoint     ] Application time: 1.0001760 seconds
[2023-11-16T04:03:30.155+0000][28777.916s][info ][safepoint     ] Entering safepoint region: Cleanup
[2023-11-16T04:03:30.155+0000][28777.917s][info ][safepoint     ] Leaving safepoint region
[2023-11-16T04:03:30.155+0000][28777.917s][info ][safepoint     ] Total time for which application threads were stopped: 0.0002908 seconds, Stopping threads took: 0.0000501 seconds
[2023-11-16T04:03:31.155+0000][28778.917s][debug][safepoint     ] Safepoint synchronization initiated. (165 threads)
[2023-11-16T04:03:31.155+0000][28778.917s][info ][safepoint     ] Application time: 1.0001655 seconds
[2023-11-16T04:03:31.155+0000][28778.917s][info ][safepoint     ] Entering safepoint region: Cleanup
[2023-11-16T04:03:31.156+0000][28778.917s][info ][safepoint     ] Leaving safepoint region
[2023-11-16T04:03:31.156+0000][28778.917s][info ][safepoint     ] Total time for which application threads were stopped: 0.0005068 seconds, Stopping threads took: 0.0002807 seconds
[2023-11-16T04:03:32.156+0000][28779.917s][debug][safepoint     ] Safepoint synchronization initiated. (165 threads)
[2023-11-16T04:03:32.156+0000][28779.917s][info ][safepoint     ] Application time: 1.0001681 seconds
[2023-11-16T04:03:32.156+0000][28779.917s][info ][safepoint     ] Entering safepoint region: Cleanup
[2023-11-16T04:03:32.156+0000][28779.918s][info ][safepoint     ] Leaving safepoint region
[2023-11-16T04:03:32.156+0000][28779.918s][info ][safepoint     ] Total time for which application threads were stopped: 0.0003447 seconds, Stopping threads took: 0.0000488 seconds
[2023-11-16T04:03:33.156+0000][28780.918s][debug][safepoint     ] Safepoint synchronization initiated. (166 threads)
[2023-11-16T04:03:33.156+0000][28780.918s][info ][safepoint     ] Application time: 1.0001742 seconds
[2023-11-16T04:03:33.156+0000][28780.918s][info ][safepoint     ] Entering safepoint region: Cleanup
[2023-11-16T04:03:33.157+0000][28780.918s][info ][safepoint     ] Leaving safepoint region
[2023-11-16T04:03:33.157+0000][28780.918s][info ][safepoint     ] Total time for which application threads were stopped: 0.0003478 seconds, Stopping threads took: 0.0000502 seconds
[2023-11-16T04:03:34.157+0000][28781.918s][debug][safepoint     ] Safepoint synchronization initiated. (166 threads)
[2023-11-16T04:03:34.157+0000][28781.919s][info ][safepoint     ] Application time: 1.0001601 seconds
[2023-11-16T04:03:34.157+0000][28781.919s][info ][safepoint     ] Entering safepoint region: Cleanup
[2023-11-16T04:03:34.157+0000][28781.919s][info ][safepoint     ] Leaving safepoint region
[2023-11-16T04:03:34.157+0000][28781.919s][info ][safepoint     ] Total time for which application threads were stopped: 0.0002595 seconds, Stopping threads took: 0.0000491 seconds
[2023-11-16T04:03:35.157+0000][28782.919s][debug][safepoint     ] Safepoint synchronization initiated. (166 threads)
[2023-11-16T04:03:35.157+0000][28782.919s][info ][safepoint     ] Application time: 1.0001516 seconds
[2023-11-16T04:03:35.157+0000][28782.919s][info ][safepoint     ] Entering safepoint region: Cleanup
[2023-11-16T04:03:35.158+0000][28782.919s][info ][safepoint     ] Leaving safepoint region
[2023-11-16T04:03:35.158+0000][28782.919s][info ][safepoint     ] Total time for which application threads were stopped: 0.0002494 seconds, Stopping threads took: 0.0000501 seconds
[2023-11-16T04:03:36.158+0000][28783.919s][debug][safepoint     ] Safepoint synchronization initiated. (166 threads)
[2023-11-16T04:03:36.158+0000][28783.919s][info ][safepoint     ] Application time: 1.0001747 seconds
[2023-11-16T04:03:36.158+0000][28783.919s][info ][safepoint     ] Entering safepoint region: Cleanup
[2023-11-16T04:03:36.158+0000][28783.920s][info ][safepoint     ] Leaving safepoint region
[2023-11-16T04:03:36.158+0000][28783.920s][info ][safepoint     ] Total time for which application threads were stopped: 0.0006057 seconds, Stopping threads took: 0.0003202 seconds
[2023-11-16T04:03:37.159+0000][28784.920s][debug][safepoint     ] Safepoint synchronization initiated. (166 threads)
[2023-11-16T04:03:37.159+0000][28784.920s][info ][safepoint     ] Application time: 1.0001694 seconds
[2023-11-16T04:03:37.159+0000][28784.920s][info ][safepoint     ] Entering safepoint region: Cleanup
[2023-11-16T04:03:37.159+0000][28784.921s][info ][safepoint     ] Leaving safepoint region
[2023-11-16T04:03:37.159+0000][28784.921s][info ][safepoint     ] Total time for which application threads were stopped: 0.0003443 seconds, Stopping threads took: 0.0000499 seconds
[2023-11-16T04:03:38.159+0000][28785.921s][debug][safepoint     ] Safepoint synchronization initiated. (166 threads)
[2023-11-16T04:03:38.159+0000][28785.921s][info ][safepoint     ] Application time: 1.0001733 seconds
[2023-11-16T04:03:38.159+0000][28785.921s][info ][safepoint     ] Entering safepoint region: Cleanup
[2023-11-16T04:03:38.159+0000][28785.921s][info ][safepoint     ] Leaving safepoint region
[2023-11-16T04:03:38.159+0000][28785.921s][info ][safepoint     ] Total time for which application threads were stopped: 0.0002540 seconds, Stopping threads took: 0.0000505 seconds
[2023-11-16T04:03:39.160+0000][28786.921s][debug][safepoint     ] Safepoint synchronization initiated. (166 threads)
[2023-11-16T04:03:39.160+0000][28786.921s][info ][safepoint     ] Application time: 1.0001790 seconds
[2023-11-16T04:03:39.160+0000][28786.921s][info ][safepoint     ] Entering safepoint region: Cleanup
[2023-11-16T04:03:39.160+0000][28786.922s][info ][safepoint     ] Leaving safepoint region
[2023-11-16T04:03:39.160+0000][28786.922s][info ][safepoint     ] Total time for which application threads were stopped: 0.0002618 seconds, Stopping threads took: 0.0000503 seconds
[2023-11-16T04:03:40.160+0000][28787.922s][debug][safepoint     ] Safepoint synchronization initiated. (166 threads)
[2023-11-16T04:03:40.160+0000][28787.922s][info ][safepoint     ] Application time: 1.0001587 seconds
[2023-11-16T04:03:40.160+0000][28787.922s][info ][safepoint     ] Entering safepoint region: Cleanup
[2023-11-16T04:03:40.160+0000][28787.922s][info ][safepoint     ] Leaving safepoint region
[2023-11-16T04:03:40.160+0000][28787.922s][info ][safepoint     ] Total time for which application threads were stopped: 0.0002595 seconds, Stopping threads took: 0.0000501 seconds
[2023-11-16T04:03:41.160+0000][28788.922s][debug][safepoint     ] Safepoint synchronization initiated. (166 threads)
[2023-11-16T04:03:41.161+0000][28788.922s][info ][safepoint     ] Application time: 1.0001574 seconds
[2023-11-16T04:03:41.161+0000][28788.922s][info ][safepoint     ] Entering safepoint region: Cleanup
[2023-11-16T04:03:41.161+0000][28788.923s][info ][safepoint     ] Leaving safepoint region
[2023-11-16T04:03:41.161+0000][28788.923s][info ][safepoint     ] Total time for which application threads were stopped: 0.0004955 seconds, Stopping threads took: 0.0002820 seconds
[2023-11-16T04:03:42.161+0000][28789.923s][debug][safepoint     ] Safepoint synchronization initiated. (166 threads)
[2023-11-16T04:03:42.161+0000][28789.923s][info ][safepoint     ] Application time: 1.0001930 seconds
[2023-11-16T04:03:42.161+0000][28789.923s][info ][safepoint     ] Entering safepoint region: Cleanup
[2023-11-16T04:03:42.161+0000][28789.923s][info ][safepoint     ] Leaving safepoint region
[2023-11-16T04:03:42.162+0000][28789.923s][info ][safepoint     ] Total time for which application threads were stopped: 0.0002458 seconds, Stopping threads took: 0.0000507 seconds
[2023-11-16T04:03:43.162+0000][28790.923s][debug][safepoint     ] Safepoint synchronization initiated. (166 threads)
[2023-11-16T04:03:43.162+0000][28790.923s][info ][safepoint     ] Application time: 1.0001705 seconds
[2023-11-16T04:03:43.162+0000][28790.923s][info ][safepoint     ] Entering safepoint region: Cleanup
[2023-11-16T04:03:43.162+0000][28790.924s][info ][safepoint     ] Leaving safepoint region
[2023-11-16T04:03:43.162+0000][28790.924s][info ][safepoint     ] Total time for which application threads were stopped: 0.0002597 seconds, Stopping threads took: 0.0000501 seconds
[2023-11-16T04:03:44.162+0000][28791.924s][debug][safepoint     ] Safepoint synchronization initiated. (166 threads)
[2023-11-16T04:03:44.162+0000][28791.924s][info ][safepoint     ] Application time: 1.0001586 seconds
[2023-11-16T04:03:44.162+0000][28791.924s][info ][safepoint     ] Entering safepoint region: Cleanup
[2023-11-16T04:03:44.162+0000][28791.924s][info ][safepoint     ] Leaving safepoint region
[2023-11-16T04:03:44.162+0000][28791.924s][info ][safepoint     ] Total time for which application threads were stopped: 0.0002598 seconds, Stopping threads took: 0.0000501 seconds
[2023-11-16T04:03:45.163+0000][28792.924s][debug][safepoint     ] Safepoint synchronization initiated. (166 threads)
[2023-11-16T04:03:45.163+0000][28792.924s][info ][safepoint     ] Application time: 1.0001669 seconds
[2023-11-16T04:03:45.163+0000][28792.924s][info ][safepoint     ] Entering safepoint region: Cleanup
[2023-11-16T04:03:45.163+0000][28792.925s][info ][safepoint     ] Leaving safepoint region
[2023-11-16T04:03:45.163+0000][28792.925s][info ][safepoint     ] Total time for which application threads were stopped: 0.0003464 seconds, Stopping threads took: 0.0000509 seconds
[2023-11-16T04:03:46.163+0000][28793.925s][debug][safepoint     ] Safepoint synchronization initiated. (166 threads)
[2023-11-16T04:03:46.163+0000][28793.925s][info ][safepoint     ] Application time: 1.0001711 seconds
[2023-11-16T04:03:46.163+0000][28793.925s][info ][safepoint     ] Entering safepoint region: Cleanup
[2023-11-16T04:03:46.164+0000][28793.925s][info ][safepoint     ] Leaving safepoint region
[2023-11-16T04:03:46.164+0000][28793.925s][info ][safepoint     ] Total time for which application threads were stopped: 0.0005901 seconds, Stopping threads took: 0.0002455 seconds
[2023-11-16T04:03:47.164+0000][28794.926s][debug][safepoint     ] Safepoint synchronization initiated. (166 threads)
[2023-11-16T04:03:47.164+0000][28794.926s][info ][safepoint     ] Application time: 1.0001555 seconds
[2023-11-16T04:03:47.164+0000][28794.926s][info ][safepoint     ] Entering safepoint region: Cleanup
[2023-11-16T04:03:47.164+0000][28794.926s][info ][safepoint     ] Leaving safepoint region
[2023-11-16T04:03:47.164+0000][28794.926s][info ][safepoint     ] Total time for which application threads were stopped: 0.0003493 seconds, Stopping threads took: 0.0000508 seconds
[2023-11-16T04:03:48.164+0000][28795.926s][debug][safepoint     ] Safepoint synchronization initiated. (166 threads)
[2023-11-16T04:03:48.165+0000][28795.926s][info ][safepoint     ] Application time: 1.0001680 seconds
[2023-11-16T04:03:48.165+0000][28795.926s][info ][safepoint     ] Entering safepoint region: Cleanup
[2023-11-16T04:03:48.165+0000][28795.926s][info ][safepoint     ] Leaving safepoint region
[2023-11-16T04:03:48.165+0000][28795.927s][info ][safepoint     ] Total time for which application threads were stopped: 0.0003401 seconds, Stopping threads took: 0.0000493 seconds
[2023-11-16T04:03:49.165+0000][28796.927s][debug][safepoint     ] Safepoint synchronization initiated. (166 threads)
[2023-11-16T04:03:49.165+0000][28796.927s][info ][safepoint     ] Application time: 1.0001865 seconds
[2023-11-16T04:03:49.165+0000][28796.927s][info ][safepoint     ] Entering safepoint region: Cleanup
[2023-11-16T04:03:49.165+0000][28796.927s][info ][safepoint     ] Leaving safepoint region
[2023-11-16T04:03:49.165+0000][28796.927s][info ][safepoint     ] Total time for which application threads were stopped: 0.0003432 seconds, Stopping threads took: 0.0000534 seconds
[2023-11-16T04:03:50.166+0000][28797.927s][debug][safepoint     ] Safepoint synchronization initiated. (166 threads)
[2023-11-16T04:03:50.166+0000][28797.927s][info ][safepoint     ] Application time: 1.0001612 seconds
[2023-11-16T04:03:50.166+0000][28797.927s][info ][safepoint     ] Entering safepoint region: Cleanup
[2023-11-16T04:03:50.166+0000][28797.927s][info ][safepoint     ] Leaving safepoint region
[2023-11-16T04:03:50.166+0000][28797.928s][info ][safepoint     ] Total time for which application threads were stopped: 0.0002499 seconds, Stopping threads took: 0.0000508 seconds
[2023-11-16T04:03:51.166+0000][28798.928s][debug][safepoint     ] Safepoint synchronization initiated. (166 threads)
[2023-11-16T04:03:51.166+0000][28798.928s][info ][safepoint     ] Application time: 1.0001748 seconds
[2023-11-16T04:03:51.166+0000][28798.928s][info ][safepoint     ] Entering safepoint region: Cleanup
[2023-11-16T04:03:51.166+0000][28798.928s][info ][safepoint     ] Leaving safepoint region
[2023-11-16T04:03:51.167+0000][28798.928s][info ][safepoint     ] Total time for which application threads were stopped: 0.0004257 seconds, Stopping threads took: 0.0001676 seconds
[2023-11-16T04:03:52.167+0000][28799.928s][debug][safepoint     ] Safepoint synchronization initiated. (166 threads)
[2023-11-16T04:03:52.167+0000][28799.928s][info ][safepoint     ] Application time: 1.0001733 seconds
[2023-11-16T04:03:52.167+0000][28799.928s][info ][safepoint     ] Entering safepoint region: Cleanup
[2023-11-16T04:03:52.167+0000][28799.929s][info ][safepoint     ] Leaving safepoint region
[2023-11-16T04:03:52.167+0000][28799.929s][info ][safepoint     ] Total time for which application threads were stopped: 0.0003456 seconds, Stopping threads took: 0.0000508 seconds
[2023-11-16T04:03:53.167+0000][28800.929s][debug][safepoint     ] Safepoint synchronization initiated. (166 threads)
[2023-11-16T04:03:53.167+0000][28800.929s][info ][safepoint     ] Application time: 1.0001750 seconds
[2023-11-16T04:03:53.167+0000][28800.929s][info ][safepoint     ] Entering safepoint region: Cleanup
[2023-11-16T04:03:53.168+0000][28800.929s][info ][safepoint     ] Leaving safepoint region
[2023-11-16T04:03:53.168+0000][28800.929s][info ][safepoint     ] Total time for which application threads were stopped: 0.0002879 seconds, Stopping threads took: 0.0000517 seconds
[2023-11-16T04:03:54.168+0000][28801.929s][debug][safepoint     ] Safepoint synchronization initiated. (166 threads)
[2023-11-16T04:03:54.168+0000][28801.929s][info ][safepoint     ] Application time: 1.0001450 seconds
[2023-11-16T04:03:54.168+0000][28801.929s][info ][safepoint     ] Entering safepoint region: Cleanup
[2023-11-16T04:03:54.168+0000][28801.930s][info ][safepoint     ] Leaving safepoint region
[2023-11-16T04:03:54.168+0000][28801.930s][info ][safepoint     ] Total time for which application threads were stopped: 0.0003509 seconds, Stopping threads took: 0.0000517 seconds
[2023-11-16T04:03:55.168+0000][28802.930s][debug][safepoint     ] Safepoint synchronization initiated. (166 threads)
[2023-11-16T04:03:55.168+0000][28802.930s][info ][safepoint     ] Application time: 1.0001512 seconds
[2023-11-16T04:03:55.168+0000][28802.930s][info ][safepoint     ] Entering safepoint region: Cleanup
[2023-11-16T04:03:55.169+0000][28802.930s][info ][safepoint     ] Leaving safepoint region
[2023-11-16T04:03:55.169+0000][28802.930s][info ][safepoint     ] Total time for which application threads were stopped: 0.0002651 seconds, Stopping threads took: 0.0000516 seconds
[2023-11-16T04:03:56.169+0000][28803.930s][debug][safepoint     ] Safepoint synchronization initiated. (166 threads)
[2023-11-16T04:03:56.169+0000][28803.930s][info ][safepoint     ] Application time: 1.0001604 seconds
[2023-11-16T04:03:56.169+0000][28803.930s][info ][safepoint     ] Entering safepoint region: Cleanup
[2023-11-16T04:03:56.169+0000][28803.931s][info ][safepoint     ] Leaving safepoint region
[2023-11-16T04:03:56.169+0000][28803.931s][info ][safepoint     ] Total time for which application threads were stopped: 0.0003330 seconds, Stopping threads took: 0.0000516 seconds
[2023-11-16T04:03:57.169+0000][28804.931s][debug][safepoint     ] Safepoint synchronization initiated. (166 threads)
[2023-11-16T04:03:57.169+0000][28804.931s][info ][safepoint     ] Application time: 1.0001644 seconds
[2023-11-16T04:03:57.169+0000][28804.931s][info ][safepoint     ] Entering safepoint region: Cleanup
[2023-11-16T04:03:57.170+0000][28804.931s][info ][safepoint     ] Leaving safepoint region
[2023-11-16T04:03:57.170+0000][28804.931s][info ][safepoint     ] Total time for which application threads were stopped: 0.0003375 seconds, Stopping threads took: 0.0000499 seconds
[2023-11-16T04:03:58.170+0000][28805.931s][debug][safepoint     ] Safepoint synchronization initiated. (166 threads)
[2023-11-16T04:03:58.170+0000][28805.931s][info ][safepoint     ] Application time: 1.0001771 seconds
[2023-11-16T04:03:58.170+0000][28805.932s][info ][safepoint     ] Entering safepoint region: Cleanup
[2023-11-16T04:03:58.170+0000][28805.932s][info ][safepoint     ] Leaving safepoint region
[2023-11-16T04:03:58.170+0000][28805.932s][info ][safepoint     ] Total time for which application threads were stopped: 0.0003431 seconds, Stopping threads took: 0.0000505 seconds
[2023-11-16T04:03:59.170+0000][28806.932s][debug][safepoint     ] Safepoint synchronization initiated. (166 threads)
[2023-11-16T04:03:59.170+0000][28806.932s][info ][safepoint     ] Application time: 1.0001772 seconds
[2023-11-16T04:03:59.170+0000][28806.932s][info ][safepoint     ] Entering safepoint region: Cleanup
[2023-11-16T04:03:59.171+0000][28806.932s][info ][safepoint     ] Leaving safepoint region
[2023-11-16T04:03:59.171+0000][28806.932s][info ][safepoint     ] Total time for which application threads were stopped: 0.0003428 seconds, Stopping threads took: 0.0000512 seconds
[2023-11-16T04:04:00.171+0000][28807.933s][debug][safepoint     ] Safepoint synchronization initiated. (166 threads)
[2023-11-16T04:04:00.171+0000][28807.933s][info ][safepoint     ] Application time: 1.0001787 seconds
[2023-11-16T04:04:00.171+0000][28807.933s][info ][safepoint     ] Entering safepoint region: Cleanup
[2023-11-16T04:04:00.171+0000][28807.933s][info ][safepoint     ] Leaving safepoint region
[2023-11-16T04:04:00.171+0000][28807.933s][info ][safepoint     ] Total time for which application threads were stopped: 0.0003455 seconds, Stopping threads took: 0.0000517 seconds
[2023-11-16T04:04:01.171+0000][28808.933s][debug][safepoint     ] Safepoint synchronization initiated. (166 threads)
[2023-11-16T04:04:01.172+0000][28808.933s][info ][safepoint     ] Application time: 1.0001673 seconds
[2023-11-16T04:04:01.172+0000][28808.933s][info ][safepoint     ] Entering safepoint region: Cleanup
[2023-11-16T04:04:01.172+0000][28808.934s][info ][safepoint     ] Leaving safepoint region
[2023-11-16T04:04:01.172+0000][28808.934s][info ][safepoint     ] Total time for which application threads were stopped: 0.0003457 seconds, Stopping threads took: 0.0000510 seconds
[2023-11-16T04:04:02.172+0000][28809.934s][debug][safepoint     ] Safepoint synchronization initiated. (166 threads)
[2023-11-16T04:04:02.172+0000][28809.934s][info ][safepoint     ] Application time: 1.0001558 seconds
[2023-11-16T04:04:02.172+0000][28809.934s][info ][safepoint     ] Entering safepoint region: Cleanup
[2023-11-16T04:04:02.172+0000][28809.934s][info ][safepoint     ] Leaving safepoint region
[2023-11-16T04:04:02.172+0000][28809.934s][info ][safepoint     ] Total time for which application threads were stopped: 0.0003691 seconds, Stopping threads took: 0.0000381 seconds
[2023-11-16T04:04:03.173+0000][28810.934s][debug][safepoint     ] Safepoint synchronization initiated. (166 threads)
[2023-11-16T04:04:03.173+0000][28810.934s][info ][safepoint     ] Application time: 1.0001559 seconds
[2023-11-16T04:04:03.173+0000][28810.934s][info ][safepoint     ] Entering safepoint region: Cleanup
[2023-11-16T04:04:03.173+0000][28810.935s][info ][safepoint     ] Leaving safepoint region
[2023-11-16T04:04:03.173+0000][28810.935s][info ][safepoint     ] Total time for which application threads were stopped: 0.0003089 seconds, Stopping threads took: 0.0000508 seconds
[2023-11-16T04:04:04.173+0000][28811.935s][debug][safepoint     ] Safepoint synchronization initiated. (166 threads)
[2023-11-16T04:04:04.173+0000][28811.935s][info ][safepoint     ] Application time: 1.0001762 seconds
[2023-11-16T04:04:04.173+0000][28811.935s][info ][safepoint     ] Entering safepoint region: Cleanup
[2023-11-16T04:04:04.173+0000][28811.935s][info ][safepoint     ] Leaving safepoint region
[2023-11-16T04:04:04.173+0000][28811.935s][info ][safepoint     ] Total time for which application threads were stopped: 0.0003120 seconds, Stopping threads took: 0.0000511 seconds
[2023-11-16T04:04:05.174+0000][28812.935s][debug][safepoint     ] Safepoint synchronization initiated. (166 threads)
[2023-11-16T04:04:05.174+0000][28812.935s][info ][safepoint     ] Application time: 1.0001677 seconds
[2023-11-16T04:04:05.174+0000][28812.935s][info ][safepoint     ] Entering safepoint region: Cleanup
[2023-11-16T04:04:05.174+0000][28812.936s][info ][safepoint     ] Leaving safepoint region
[2023-11-16T04:04:05.174+0000][28812.936s][info ][safepoint     ] Total time for which application threads were stopped: 0.0003375 seconds, Stopping threads took: 0.0000329 seconds
[2023-11-16T04:04:06.174+0000][28813.936s][debug][safepoint     ] Safepoint synchronization initiated. (166 threads)
[2023-11-16T04:04:06.174+0000][28813.936s][info ][safepoint     ] Application time: 1.0001666 seconds
[2023-11-16T04:04:06.174+0000][28813.936s][info ][safepoint     ] Entering safepoint region: Cleanup
[2023-11-16T04:04:06.175+0000][28813.936s][info ][safepoint     ] Leaving safepoint region
[2023-11-16T04:04:06.175+0000][28813.936s][info ][safepoint     ] Total time for which application threads were stopped: 0.0003384 seconds, Stopping threads took: 0.0000328 seconds
[2023-11-16T04:04:07.175+0000][28814.936s][debug][safepoint     ] Safepoint synchronization initiated. (166 threads)
[2023-11-16T04:04:07.175+0000][28814.936s][info ][safepoint     ] Application time: 1.0001747 seconds
[2023-11-16T04:04:07.175+0000][28814.936s][info ][safepoint     ] Entering safepoint region: Cleanup
[2023-11-16T04:04:07.175+0000][28814.937s][info ][safepoint     ] Leaving safepoint region
[2023-11-16T04:04:07.175+0000][28814.937s][info ][safepoint     ] Total time for which application threads were stopped: 0.0005556 seconds, Stopping threads took: 0.0003340 seconds
[2023-11-16T04:04:08.175+0000][28815.937s][debug][safepoint     ] Safepoint synchronization initiated. (166 threads)
[2023-11-16T04:04:08.176+0000][28815.937s][info ][safepoint     ] Application time: 1.0001916 seconds
[2023-11-16T04:04:08.176+0000][28815.937s][info ][safepoint     ] Entering safepoint region: Cleanup
[2023-11-16T04:04:08.176+0000][28815.937s][info ][safepoint     ] Leaving safepoint region
[2023-11-16T04:04:08.176+0000][28815.937s][info ][safepoint     ] Total time for which application threads were stopped: 0.0002515 seconds, Stopping threads took: 0.0000514 seconds
[2023-11-16T04:04:09.176+0000][28816.938s][debug][safepoint     ] Safepoint synchronization initiated. (166 threads)
[2023-11-16T04:04:09.176+0000][28816.938s][info ][safepoint     ] Application time: 1.0001695 seconds
[2023-11-16T04:04:09.176+0000][28816.938s][info ][safepoint     ] Entering safepoint region: Cleanup
[2023-11-16T04:04:09.176+0000][28816.938s][info ][safepoint     ] Leaving safepoint region
[2023-11-16T04:04:09.176+0000][28816.938s][info ][safepoint     ] Total time for which application threads were stopped: 0.0002844 seconds, Stopping threads took: 0.0000512 seconds
[2023-11-16T04:04:10.176+0000][28817.938s][debug][safepoint     ] Safepoint synchronization initiated. (166 threads)
[2023-11-16T04:04:10.176+0000][28817.938s][info ][safepoint     ] Application time: 1.0001370 seconds
[2023-11-16T04:04:10.176+0000][28817.938s][info ][safepoint     ] Entering safepoint region: Cleanup
[2023-11-16T04:04:10.177+0000][28817.938s][info ][safepoint     ] Leaving safepoint region
[2023-11-16T04:04:10.177+0000][28817.938s][info ][safepoint     ] Total time for which application threads were stopped: 0.0002413 seconds, Stopping threads took: 0.0000499 seconds
[2023-11-16T04:04:11.177+0000][28818.938s][debug][safepoint     ] Safepoint synchronization initiated. (166 threads)
[2023-11-16T04:04:11.177+0000][28818.939s][info ][safepoint     ] Application time: 1.0001441 seconds
[2023-11-16T04:04:11.177+0000][28818.939s][info ][safepoint     ] Entering safepoint region: Cleanup
[2023-11-16T04:04:11.177+0000][28818.939s][info ][safepoint     ] Leaving safepoint region
[2023-11-16T04:04:11.177+0000][28818.939s][info ][safepoint     ] Total time for which application threads were stopped: 0.0002577 seconds, Stopping threads took: 0.0000509 seconds
[2023-11-16T04:04:12.177+0000][28819.939s][debug][safepoint     ] Safepoint synchronization initiated. (166 threads)
[2023-11-16T04:04:12.177+0000][28819.939s][info ][safepoint     ] Application time: 1.0001479 seconds
[2023-11-16T04:04:12.177+0000][28819.939s][info ][safepoint     ] Entering safepoint region: Cleanup
[2023-11-16T04:04:12.178+0000][28819.939s][info ][safepoint     ] Leaving safepoint region
[2023-11-16T04:04:12.178+0000][28819.939s][info ][safepoint     ] Total time for which application threads were stopped: 0.0004983 seconds, Stopping threads took: 0.0002199 seconds
[2023-11-16T04:04:13.178+0000][28820.940s][debug][safepoint     ] Safepoint synchronization initiated. (166 threads)
[2023-11-16T04:04:13.178+0000][28820.940s][info ][safepoint     ] Application time: 1.0001729 seconds
[2023-11-16T04:04:13.178+0000][28820.940s][info ][safepoint     ] Entering safepoint region: Cleanup
[2023-11-16T04:04:13.178+0000][28820.940s][info ][safepoint     ] Leaving safepoint region
[2023-11-16T04:04:13.178+0000][28820.940s][info ][safepoint     ] Total time for which application threads were stopped: 0.0002822 seconds, Stopping threads took: 0.0000503 seconds
[2023-11-16T04:04:14.178+0000][28821.940s][debug][safepoint     ] Safepoint synchronization initiated. (166 threads)
[2023-11-16T04:04:14.178+0000][28821.940s][info ][safepoint     ] Application time: 1.0001421 seconds
[2023-11-16T04:04:14.179+0000][28821.940s][info ][safepoint     ] Entering safepoint region: Cleanup
[2023-11-16T04:04:14.179+0000][28821.940s][info ][safepoint     ] Leaving safepoint region
[2023-11-16T04:04:14.179+0000][28821.940s][info ][safepoint     ] Total time for which application threads were stopped: 0.0003464 seconds, Stopping threads took: 0.0000503 seconds
[2023-11-16T04:04:15.179+0000][28822.941s][debug][safepoint     ] Safepoint synchronization initiated. (166 threads)
[2023-11-16T04:04:15.179+0000][28822.941s][info ][safepoint     ] Application time: 1.0001508 seconds
[2023-11-16T04:04:15.179+0000][28822.941s][info ][safepoint     ] Entering safepoint region: Cleanup
[2023-11-16T04:04:15.179+0000][28822.941s][info ][safepoint     ] Leaving safepoint region
[2023-11-16T04:04:15.179+0000][28822.941s][info ][safepoint     ] Total time for which application threads were stopped: 0.0002573 seconds, Stopping threads took: 0.0000493 seconds
[2023-11-16T04:04:16.179+0000][28823.941s][debug][safepoint     ] Safepoint synchronization initiated. (166 threads)
[2023-11-16T04:04:16.179+0000][28823.941s][info ][safepoint     ] Application time: 1.0001838 seconds
[2023-11-16T04:04:16.180+0000][28823.941s][info ][safepoint     ] Entering safepoint region: Cleanup
[2023-11-16T04:04:16.180+0000][28823.941s][info ][safepoint     ] Leaving safepoint region
[2023-11-16T04:04:16.180+0000][28823.941s][info ][safepoint     ] Total time for which application threads were stopped: 0.0002493 seconds, Stopping threads took: 0.0000498 seconds
[2023-11-16T04:04:17.180+0000][28824.941s][debug][safepoint     ] Safepoint synchronization initiated. (166 threads)
[2023-11-16T04:04:17.180+0000][28824.942s][info ][safepoint     ] Application time: 1.0001434 seconds
[2023-11-16T04:04:17.180+0000][28824.942s][info ][safepoint     ] Entering safepoint region: Cleanup
[2023-11-16T04:04:17.180+0000][28824.942s][info ][safepoint     ] Leaving safepoint region
[2023-11-16T04:04:17.180+0000][28824.942s][info ][safepoint     ] Total time for which application threads were stopped: 0.0005747 seconds, Stopping threads took: 0.0003216 seconds
[2023-11-16T04:04:18.181+0000][28825.942s][debug][safepoint     ] Safepoint synchronization initiated. (166 threads)
[2023-11-16T04:04:18.181+0000][28825.942s][info ][safepoint     ] Application time: 1.0001367 seconds
[2023-11-16T04:04:18.181+0000][28825.942s][info ][safepoint     ] Entering safepoint region: Cleanup
[2023-11-16T04:04:18.181+0000][28825.943s][info ][safepoint     ] Leaving safepoint region
[2023-11-16T04:04:18.181+0000][28825.943s][info ][safepoint     ] Total time for which application threads were stopped: 0.0003332 seconds, Stopping threads took: 0.0000488 seconds
[2023-11-16T04:04:19.181+0000][28826.943s][debug][safepoint     ] Safepoint synchronization initiated. (166 threads)
[2023-11-16T04:04:19.181+0000][28826.943s][info ][safepoint     ] Application time: 1.0001516 seconds
[2023-11-16T04:04:19.181+0000][28826.943s][info ][safepoint     ] Entering safepoint region: Cleanup
[2023-11-16T04:04:19.181+0000][28826.943s][info ][safepoint     ] Leaving safepoint region
[2023-11-16T04:04:19.181+0000][28826.943s][info ][safepoint     ] Total time for which application threads were stopped: 0.0002506 seconds, Stopping threads took: 0.0000486 seconds
[2023-11-16T04:04:20.182+0000][28827.943s][debug][safepoint     ] Safepoint synchronization initiated. (166 threads)
[2023-11-16T04:04:20.182+0000][28827.943s][info ][safepoint     ] Application time: 1.0001524 seconds
[2023-11-16T04:04:20.182+0000][28827.943s][info ][safepoint     ] Entering safepoint region: Cleanup
[2023-11-16T04:04:20.182+0000][28827.943s][info ][safepoint     ] Leaving safepoint region
[2023-11-16T04:04:20.182+0000][28827.944s][info ][safepoint     ] Total time for which application threads were stopped: 0.0002736 seconds, Stopping threads took: 0.0000483 seconds
[2023-11-16T04:04:21.182+0000][28828.944s][debug][safepoint     ] Safepoint synchronization initiated. (166 threads)
[2023-11-16T04:04:21.182+0000][28828.944s][info ][safepoint     ] Application time: 1.0001642 seconds
[2023-11-16T04:04:21.182+0000][28828.944s][info ][safepoint     ] Entering safepoint region: Cleanup
[2023-11-16T04:04:21.182+0000][28828.944s][info ][safepoint     ] Leaving safepoint region
[2023-11-16T04:04:21.182+0000][28828.944s][info ][safepoint     ] Total time for which application threads were stopped: 0.0003346 seconds, Stopping threads took: 0.0000483 seconds
[2023-11-16T04:04:22.183+0000][28829.944s][debug][safepoint     ] Safepoint synchronization initiated. (166 threads)
[2023-11-16T04:04:22.183+0000][28829.944s][info ][safepoint     ] Application time: 1.0001715 seconds
[2023-11-16T04:04:22.183+0000][28829.944s][info ][safepoint     ] Entering safepoint region: Cleanup
[2023-11-16T04:04:22.183+0000][28829.945s][info ][safepoint     ] Leaving safepoint region
[2023-11-16T04:04:22.183+0000][28829.945s][info ][safepoint     ] Total time for which application threads were stopped: 0.0004538 seconds, Stopping threads took: 0.0001975 seconds
[2023-11-16T04:04:23.183+0000][28830.945s][debug][safepoint     ] Safepoint synchronization initiated. (166 threads)
[2023-11-16T04:04:23.183+0000][28830.945s][info ][safepoint     ] Application time: 1.0001665 seconds
[2023-11-16T04:04:23.183+0000][28830.945s][info ][safepoint     ] Entering safepoint region: Cleanup
[2023-11-16T04:04:23.184+0000][28830.945s][info ][safepoint     ] Leaving safepoint region
[2023-11-16T04:04:23.184+0000][28830.945s][info ][safepoint     ] Total time for which application threads were stopped: 0.0002938 seconds, Stopping threads took: 0.0000485 seconds
[2023-11-16T04:04:24.184+0000][28831.945s][debug][safepoint     ] Safepoint synchronization initiated. (166 threads)
[2023-11-16T04:04:24.184+0000][28831.945s][info ][safepoint     ] Application time: 1.0001379 seconds
[2023-11-16T04:04:24.184+0000][28831.945s][info ][safepoint     ] Entering safepoint region: Cleanup
[2023-11-16T04:04:24.184+0000][28831.946s][info ][safepoint     ] Leaving safepoint region
[2023-11-16T04:04:24.184+0000][28831.946s][info ][safepoint     ] Total time for which application threads were stopped: 0.0003291 seconds, Stopping threads took: 0.0000483 seconds
[2023-11-16T04:04:25.184+0000][28832.946s][debug][safepoint     ] Safepoint synchronization initiated. (166 threads)
[2023-11-16T04:04:25.184+0000][28832.946s][info ][safepoint     ] Application time: 1.0001675 seconds
[2023-11-16T04:04:25.184+0000][28832.946s][info ][safepoint     ] Entering safepoint region: Cleanup
[2023-11-16T04:04:25.185+0000][28832.946s][info ][safepoint     ] Leaving safepoint region
[2023-11-16T04:04:25.185+0000][28832.946s][info ][safepoint     ] Total time for which application threads were stopped: 0.0003123 seconds, Stopping threads took: 0.0000485 seconds
[2023-11-16T04:04:26.185+0000][28833.946s][debug][safepoint     ] Safepoint synchronization initiated. (166 threads)
[2023-11-16T04:04:26.185+0000][28833.946s][info ][safepoint     ] Application time: 1.0001354 seconds
[2023-11-16T04:04:26.185+0000][28833.946s][info ][safepoint     ] Entering safepoint region: Cleanup
[2023-11-16T04:04:26.185+0000][28833.947s][info ][safepoint     ] Leaving safepoint region
[2023-11-16T04:04:26.185+0000][28833.947s][info ][safepoint     ] Total time for which application threads were stopped: 0.0003326 seconds, Stopping threads took: 0.0000480 seconds
[2023-11-16T04:04:27.185+0000][28834.947s][debug][safepoint     ] Safepoint synchronization initiated. (166 threads)
[2023-11-16T04:04:27.185+0000][28834.947s][info ][safepoint     ] Application time: 1.0001612 seconds
[2023-11-16T04:04:27.185+0000][28834.947s][info ][safepoint     ] Entering safepoint region: Cleanup
[2023-11-16T04:04:27.186+0000][28834.948s][info ][safepoint     ] Leaving safepoint region
[2023-11-16T04:04:27.186+0000][28834.948s][info ][safepoint     ] Total time for which application threads were stopped: 0.0006538 seconds, Stopping threads took: 0.0003168 seconds
[2023-11-16T04:04:28.186+0000][28835.948s][debug][safepoint     ] Safepoint synchronization initiated. (166 threads)
[2023-11-16T04:04:28.186+0000][28835.948s][info ][safepoint     ] Application time: 1.0001560 seconds
[2023-11-16T04:04:28.186+0000][28835.948s][info ][safepoint     ] Entering safepoint region: Cleanup
[2023-11-16T04:04:28.186+0000][28835.948s][info ][safepoint     ] Leaving safepoint region
[2023-11-16T04:04:28.186+0000][28835.948s][info ][safepoint     ] Total time for which application threads were stopped: 0.0002455 seconds, Stopping threads took: 0.0000492 seconds
[2023-11-16T04:04:29.186+0000][28836.948s][debug][safepoint     ] Safepoint synchronization initiated. (166 threads)
[2023-11-16T04:04:29.187+0000][28836.948s][info ][safepoint     ] Application time: 1.0001510 seconds
[2023-11-16T04:04:29.187+0000][28836.948s][info ][safepoint     ] Entering safepoint region: Cleanup
[2023-11-16T04:04:29.187+0000][28836.948s][info ][safepoint     ] Leaving safepoint region
[2023-11-16T04:04:29.187+0000][28836.948s][info ][safepoint     ] Total time for which application threads were stopped: 0.0002565 seconds, Stopping threads took: 0.0000498 seconds
[2023-11-16T04:04:30.187+0000][28837.949s][debug][safepoint     ] Safepoint synchronization initiated. (166 threads)
[2023-11-16T04:04:30.187+0000][28837.949s][info ][safepoint     ] Application time: 1.0001617 seconds
[2023-11-16T04:04:30.187+0000][28837.949s][info ][safepoint     ] Entering safepoint region: Cleanup
[2023-11-16T04:04:30.187+0000][28837.949s][info ][safepoint     ] Leaving safepoint region
[2023-11-16T04:04:30.187+0000][28837.949s][info ][safepoint     ] Total time for which application threads were stopped: 0.0003350 seconds, Stopping threads took: 0.0000492 seconds
[2023-11-16T04:04:31.187+0000][28838.949s][debug][safepoint     ] Safepoint synchronization initiated. (166 threads)
[2023-11-16T04:04:31.188+0000][28838.949s][info ][safepoint     ] Application time: 1.0001712 seconds
[2023-11-16T04:04:31.188+0000][28838.949s][info ][safepoint     ] Entering safepoint region: Cleanup
[2023-11-16T04:04:31.188+0000][28838.949s][info ][safepoint     ] Leaving safepoint region
[2023-11-16T04:04:31.188+0000][28838.950s][info ][safepoint     ] Total time for which application threads were stopped: 0.0002974 seconds, Stopping threads took: 0.0000482 seconds
[2023-11-16T04:04:31.188+0000][28838.949s][debug][safepoint     ] ... found polling page return exception at pc = 0x00007f693102dd76, stub =0x00007f692883a800
[2023-11-16T04:04:31.188+0000][28838.949s][debug][safepoint     ] ... found polling page return exception at pc = 0x00007f693102dd76, stub =0x00007f692883a800
[2023-11-16T04:04:31.188+0000][28838.949s][debug][safepoint     ] ... found polling page return exception at pc = 0x00007f693102dd76, stub =0x00007f692883a800
[2023-11-16T04:04:32.188+0000][28839.950s][debug][safepoint     ] Safepoint synchronization initiated. (166 threads)
[2023-11-16T04:04:32.188+0000][28839.950s][info ][safepoint     ] Application time: 1.0001727 seconds
[2023-11-16T04:04:32.188+0000][28839.950s][info ][safepoint     ] Entering safepoint region: Cleanup
[2023-11-16T04:04:32.189+0000][28839.950s][info ][safepoint     ] Leaving safepoint region
[2023-11-16T04:04:32.189+0000][28839.950s][info ][safepoint     ] Total time for which application threads were stopped: 0.0004783 seconds, Stopping threads took: 0.0002222 seconds
[2023-11-16T04:04:33.189+0000][28840.950s][debug][safepoint     ] Safepoint synchronization initiated. (166 threads)
[2023-11-16T04:04:33.189+0000][28840.950s][info ][safepoint     ] Application time: 1.0001653 seconds
[2023-11-16T04:04:33.189+0000][28840.950s][info ][safepoint     ] Entering safepoint region: Cleanup
[2023-11-16T04:04:33.189+0000][28840.951s][info ][safepoint     ] Leaving safepoint region
[2023-11-16T04:04:33.189+0000][28840.951s][info ][safepoint     ] Total time for which application threads were stopped: 0.0003638 seconds, Stopping threads took: 0.0000495 seconds
[2023-11-16T04:04:34.189+0000][28841.951s][debug][safepoint     ] Safepoint synchronization initiated. (166 threads)
[2023-11-16T04:04:34.189+0000][28841.951s][info ][safepoint     ] Application time: 1.0001605 seconds
[2023-11-16T04:04:34.189+0000][28841.951s][info ][safepoint     ] Entering safepoint region: Cleanup
[2023-11-16T04:04:34.190+0000][28841.951s][info ][safepoint     ] Leaving safepoint region
[2023-11-16T04:04:34.190+0000][28841.951s][info ][safepoint     ] Total time for which application threads were stopped: 0.0003411 seconds, Stopping threads took: 0.0000481 seconds
[2023-11-16T04:04:35.190+0000][28842.951s][debug][safepoint     ] Safepoint synchronization initiated. (166 threads)
[2023-11-16T04:04:35.190+0000][28842.951s][info ][safepoint     ] Application time: 1.0001688 seconds
[2023-11-16T04:04:35.190+0000][28842.952s][info ][safepoint     ] Entering safepoint region: Cleanup
[2023-11-16T04:04:35.190+0000][28842.952s][info ][safepoint     ] Leaving safepoint region
[2023-11-16T04:04:35.190+0000][28842.952s][info ][safepoint     ] Total time for which application threads were stopped: 0.0003437 seconds, Stopping threads took: 0.0000505 seconds
[2023-11-16T04:04:36.190+0000][28843.952s][debug][safepoint     ] Safepoint synchronization initiated. (166 threads)
[2023-11-16T04:04:36.190+0000][28843.952s][info ][safepoint     ] Application time: 1.0001680 seconds
[2023-11-16T04:04:36.190+0000][28843.952s][info ][safepoint     ] Entering safepoint region: Cleanup
[2023-11-16T04:04:36.191+0000][28843.952s][info ][safepoint     ] Leaving safepoint region
[2023-11-16T04:04:36.191+0000][28843.952s][info ][safepoint     ] Total time for which application threads were stopped: 0.0002542 seconds, Stopping threads took: 0.0000495 seconds
[2023-11-16T04:04:37.191+0000][28844.952s][debug][safepoint     ] Safepoint synchronization initiated. (166 threads)
[2023-11-16T04:04:37.191+0000][28844.952s][info ][safepoint     ] Application time: 1.0001585 seconds
[2023-11-16T04:04:37.191+0000][28844.953s][info ][safepoint     ] Entering safepoint region: Cleanup
[2023-11-16T04:04:37.191+0000][28844.953s][info ][safepoint     ] Leaving safepoint region
[2023-11-16T04:04:37.191+0000][28844.953s][info ][safepoint     ] Total time for which application threads were stopped: 0.0005800 seconds, Stopping threads took: 0.0003343 seconds
[2023-11-16T04:04:38.192+0000][28845.953s][debug][safepoint     ] Safepoint synchronization initiated. (166 threads)
[2023-11-16T04:04:38.192+0000][28845.953s][info ][safepoint     ] Application time: 1.0001579 seconds
[2023-11-16T04:04:38.192+0000][28845.953s][info ][safepoint     ] Entering safepoint region: Cleanup
[2023-11-16T04:04:38.192+0000][28845.954s][info ][safepoint     ] Leaving safepoint region
[2023-11-16T04:04:38.192+0000][28845.954s][info ][safepoint     ] Total time for which application threads were stopped: 0.0003396 seconds, Stopping threads took: 0.0000501 seconds
[2023-11-16T04:04:39.192+0000][28846.954s][debug][safepoint     ] Safepoint synchronization initiated. (166 threads)
[2023-11-16T04:04:39.192+0000][28846.954s][info ][safepoint     ] Application time: 1.0001644 seconds
[2023-11-16T04:04:39.192+0000][28846.954s][info ][safepoint     ] Entering safepoint region: Cleanup
[2023-11-16T04:04:39.192+0000][28846.954s][info ][safepoint     ] Leaving safepoint region
[2023-11-16T04:04:39.193+0000][28846.954s][info ][safepoint     ] Total time for which application threads were stopped: 0.0003401 seconds, Stopping threads took: 0.0000497 seconds
[2023-11-16T04:04:40.193+0000][28847.954s][debug][safepoint     ] Safepoint synchronization initiated. (166 threads)
[2023-11-16T04:04:40.193+0000][28847.954s][info ][safepoint     ] Application time: 1.0001693 seconds
[2023-11-16T04:04:40.193+0000][28847.954s][info ][safepoint     ] Entering safepoint region: Cleanup
[2023-11-16T04:04:40.193+0000][28847.955s][info ][safepoint     ] Leaving safepoint region
[2023-11-16T04:04:40.193+0000][28847.955s][info ][safepoint     ] Total time for which application threads were stopped: 0.0003726 seconds, Stopping threads took: 0.0000730 seconds
[2023-11-16T04:04:41.193+0000][28848.955s][debug][safepoint     ] Safepoint synchronization initiated. (166 threads)
[2023-11-16T04:04:41.193+0000][28848.955s][info ][safepoint     ] Application time: 1.0001356 seconds
[2023-11-16T04:04:41.193+0000][28848.955s][info ][safepoint     ] Entering safepoint region: Cleanup
[2023-11-16T04:04:41.194+0000][28848.955s][info ][safepoint     ] Leaving safepoint region
[2023-11-16T04:04:41.194+0000][28848.955s][info ][safepoint     ] Total time for which application threads were stopped: 0.0003400 seconds, Stopping threads took: 0.0000494 seconds
[2023-11-16T04:04:42.194+0000][28849.955s][debug][safepoint     ] Safepoint synchronization initiated. (166 threads)
[2023-11-16T04:04:42.194+0000][28849.955s][info ][safepoint     ] Application time: 1.0001541 seconds
[2023-11-16T04:04:42.194+0000][28849.955s][info ][safepoint     ] Entering safepoint region: Cleanup
[2023-11-16T04:04:42.194+0000][28849.956s][info ][safepoint     ] Leaving safepoint region
[2023-11-16T04:04:42.194+0000][28849.956s][info ][safepoint     ] Total time for which application threads were stopped: 0.0005849 seconds, Stopping threads took: 0.0002825 seconds
[2023-11-16T04:04:43.195+0000][28850.956s][debug][safepoint     ] Safepoint synchronization initiated. (166 threads)
[2023-11-16T04:04:43.195+0000][28850.956s][info ][safepoint     ] Application time: 1.0001666 seconds
[2023-11-16T04:04:43.195+0000][28850.956s][info ][safepoint     ] Entering safepoint region: Cleanup
[2023-11-16T04:04:43.195+0000][28850.957s][info ][safepoint     ] Leaving safepoint region
[2023-11-16T04:04:43.195+0000][28850.957s][info ][safepoint     ] Total time for which application threads were stopped: 0.0003307 seconds, Stopping threads took: 0.0000499 seconds
[2023-11-16T04:04:44.195+0000][28851.957s][debug][safepoint     ] Safepoint synchronization initiated. (166 threads)
[2023-11-16T04:04:44.195+0000][28851.957s][info ][safepoint     ] Application time: 1.0001340 seconds
[2023-11-16T04:04:44.195+0000][28851.957s][info ][safepoint     ] Entering safepoint region: Cleanup
[2023-11-16T04:04:44.195+0000][28851.957s][info ][safepoint     ] Leaving safepoint region
[2023-11-16T04:04:44.195+0000][28851.957s][info ][safepoint     ] Total time for which application threads were stopped: 0.0003101 seconds, Stopping threads took: 0.0000517 seconds
[2023-11-16T04:04:45.196+0000][28852.957s][debug][safepoint     ] Safepoint synchronization initiated. (166 threads)
[2023-11-16T04:04:45.196+0000][28852.957s][info ][safepoint     ] Application time: 1.0001333 seconds
[2023-11-16T04:04:45.196+0000][28852.957s][info ][safepoint     ] Entering safepoint region: Cleanup
[2023-11-16T04:04:45.196+0000][28852.958s][info ][safepoint     ] Leaving safepoint region
[2023-11-16T04:04:45.196+0000][28852.958s][info ][safepoint     ] Total time for which application threads were stopped: 0.0003459 seconds, Stopping threads took: 0.0000522 seconds
[2023-11-16T04:04:46.196+0000][28853.958s][debug][safepoint     ] Safepoint synchronization initiated. (166 threads)
[2023-11-16T04:04:46.196+0000][28853.958s][info ][safepoint     ] Application time: 1.0001626 seconds
[2023-11-16T04:04:46.196+0000][28853.958s][info ][safepoint     ] Entering safepoint region: Cleanup
[2023-11-16T04:04:46.196+0000][28853.958s][info ][safepoint     ] Leaving safepoint region
[2023-11-16T04:04:46.196+0000][28853.958s][info ][safepoint     ] Total time for which application threads were stopped: 0.0003450 seconds, Stopping threads took: 0.0000513 seconds
[2023-11-16T04:04:47.197+0000][28854.958s][debug][safepoint     ] Safepoint synchronization initiated. (166 threads)
[2023-11-16T04:04:47.197+0000][28854.958s][info ][safepoint     ] Application time: 1.0001815 seconds
[2023-11-16T04:04:47.197+0000][28854.958s][info ][safepoint     ] Entering safepoint region: Cleanup
[2023-11-16T04:04:47.197+0000][28854.959s][info ][safepoint     ] Leaving safepoint region
[2023-11-16T04:04:47.197+0000][28854.959s][info ][safepoint     ] Total time for which application threads were stopped: 0.0006492 seconds, Stopping threads took: 0.0003540 seconds
[2023-11-16T04:04:48.197+0000][28855.959s][debug][safepoint     ] Safepoint synchronization initiated. (166 threads)
[2023-11-16T04:04:48.198+0000][28855.959s][info ][safepoint     ] Application time: 1.0001579 seconds
[2023-11-16T04:04:48.198+0000][28855.959s][info ][safepoint     ] Entering safepoint region: Cleanup
[2023-11-16T04:04:48.198+0000][28855.960s][info ][safepoint     ] Leaving safepoint region
[2023-11-16T04:04:48.198+0000][28855.960s][info ][safepoint     ] Total time for which application threads were stopped: 0.0003517 seconds, Stopping threads took: 0.0000520 seconds
[2023-11-16T04:04:49.198+0000][28856.960s][debug][safepoint     ] Safepoint synchronization initiated. (166 threads)
[2023-11-16T04:04:49.198+0000][28856.960s][info ][safepoint     ] Application time: 1.0001772 seconds
[2023-11-16T04:04:49.198+0000][28856.960s][info ][safepoint     ] Entering safepoint region: Cleanup
[2023-11-16T04:04:49.198+0000][28856.960s][info ][safepoint     ] Leaving safepoint region
[2023-11-16T04:04:49.198+0000][28856.960s][info ][safepoint     ] Total time for which application threads were stopped: 0.0003481 seconds, Stopping threads took: 0.0000522 seconds
[2023-11-16T04:04:50.199+0000][28857.960s][debug][safepoint     ] Safepoint synchronization initiated. (166 threads)
[2023-11-16T04:04:50.199+0000][28857.960s][info ][safepoint     ] Application time: 1.0001718 seconds
[2023-11-16T04:04:50.199+0000][28857.960s][info ][safepoint     ] Entering safepoint region: Cleanup
[2023-11-16T04:04:50.199+0000][28857.961s][info ][safepoint     ] Leaving safepoint region
[2023-11-16T04:04:50.199+0000][28857.961s][info ][safepoint     ] Total time for which application threads were stopped: 0.0003466 seconds, Stopping threads took: 0.0000516 seconds
[2023-11-16T04:04:51.199+0000][28858.961s][debug][safepoint     ] Safepoint synchronization initiated. (166 threads)
[2023-11-16T04:04:51.199+0000][28858.961s][info ][safepoint     ] Application time: 1.0001762 seconds
[2023-11-16T04:04:51.199+0000][28858.961s][info ][safepoint     ] Entering safepoint region: Cleanup
[2023-11-16T04:04:51.200+0000][28858.961s][info ][safepoint     ] Leaving safepoint region
[2023-11-16T04:04:51.200+0000][28858.961s][debug][safepoint     ] ... found polling page return exception at pc = 0x00007f693102dd76, stub =0x00007f692883a800
[2023-11-16T04:04:51.200+0000][28858.961s][debug][safepoint     ] ... found polling page return exception at pc = 0x00007f693102dd76, stub =0x00007f692883a800
[2023-11-16T04:04:51.200+0000][28858.961s][debug][safepoint     ] ... found polling page return exception at pc = 0x00007f693102dd76, stub =0x00007f692883a800
[2023-11-16T04:04:51.200+0000][28858.961s][info ][safepoint     ] Total time for which application threads were stopped: 0.0003917 seconds, Stopping threads took: 0.0000517 seconds
[2023-11-16T04:04:52.200+0000][28859.961s][debug][safepoint     ] Safepoint synchronization initiated. (166 threads)
[2023-11-16T04:04:52.200+0000][28859.962s][info ][safepoint     ] Application time: 1.0001622 seconds
[2023-11-16T04:04:52.200+0000][28859.962s][info ][safepoint     ] Entering safepoint region: Cleanup
[2023-11-16T04:04:52.200+0000][28859.962s][info ][safepoint     ] Leaving safepoint region
[2023-11-16T04:04:52.200+0000][28859.962s][info ][safepoint     ] Total time for which application threads were stopped: 0.0004034 seconds, Stopping threads took: 0.0001989 seconds
[2023-11-16T04:04:53.200+0000][28860.962s][debug][safepoint     ] Safepoint synchronization initiated. (166 threads)
[2023-11-16T04:04:53.200+0000][28860.962s][info ][safepoint     ] Application time: 1.0001712 seconds
[2023-11-16T04:04:53.201+0000][28860.962s][info ][safepoint     ] Entering safepoint region: Cleanup
[2023-11-16T04:04:53.201+0000][28860.962s][info ][safepoint     ] Leaving safepoint region
[2023-11-16T04:04:53.201+0000][28860.963s][info ][safepoint     ] Total time for which application threads were stopped: 0.0003770 seconds, Stopping threads took: 0.0000504 seconds
[2023-11-16T04:04:54.201+0000][28861.963s][debug][safepoint     ] Safepoint synchronization initiated. (166 threads)
[2023-11-16T04:04:54.201+0000][28861.963s][info ][safepoint     ] Application time: 1.0001678 seconds
[2023-11-16T04:04:54.201+0000][28861.963s][info ][safepoint     ] Entering safepoint region: Cleanup
[2023-11-16T04:04:54.201+0000][28861.963s][info ][safepoint     ] Leaving safepoint region
[2023-11-16T04:04:54.201+0000][28861.963s][info ][safepoint     ] Total time for which application threads were stopped: 0.0003444 seconds, Stopping threads took: 0.0000494 seconds
[2023-11-16T04:04:55.202+0000][28862.963s][debug][safepoint     ] Safepoint synchronization initiated. (166 threads)
[2023-11-16T04:04:55.202+0000][28862.963s][info ][safepoint     ] Application time: 1.0001724 seconds
[2023-11-16T04:04:55.202+0000][28862.963s][info ][safepoint     ] Entering safepoint region: Cleanup
[2023-11-16T04:04:55.202+0000][28862.964s][info ][safepoint     ] Leaving safepoint region
[2023-11-16T04:04:55.202+0000][28862.964s][info ][safepoint     ] Total time for which application threads were stopped: 0.0003462 seconds, Stopping threads took: 0.0000500 seconds
[2023-11-16T04:04:56.202+0000][28863.964s][debug][safepoint     ] Safepoint synchronization initiated. (166 threads)
[2023-11-16T04:04:56.202+0000][28863.964s][info ][safepoint     ] Application time: 1.0001540 seconds
[2023-11-16T04:04:56.202+0000][28863.964s][info ][safepoint     ] Entering safepoint region: Cleanup
[2023-11-16T04:04:56.202+0000][28863.964s][info ][safepoint     ] Leaving safepoint region
[2023-11-16T04:04:56.203+0000][28863.964s][info ][safepoint     ] Total time for which application threads were stopped: 0.0003439 seconds, Stopping threads took: 0.0000507 seconds
[2023-11-16T04:04:57.203+0000][28864.964s][debug][safepoint     ] Safepoint synchronization initiated. (166 threads)
[2023-11-16T04:04:57.203+0000][28864.964s][info ][safepoint     ] Application time: 1.0001621 seconds
[2023-11-16T04:04:57.203+0000][28864.964s][info ][safepoint     ] Entering safepoint region: Cleanup
[2023-11-16T04:04:57.203+0000][28864.965s][info ][safepoint     ] Leaving safepoint region
[2023-11-16T04:04:57.203+0000][28864.965s][info ][safepoint     ] Total time for which application threads were stopped: 0.0002993 seconds, Stopping threads took: 0.0000489 seconds
[2023-11-16T04:04:58.203+0000][28865.965s][debug][safepoint     ] Safepoint synchronization initiated. (166 threads)
[2023-11-16T04:04:58.203+0000][28865.965s][info ][safepoint     ] Application time: 1.0001683 seconds
[2023-11-16T04:04:58.203+0000][28865.965s][info ][safepoint     ] Entering safepoint region: Cleanup
[2023-11-16T04:04:58.204+0000][28865.965s][info ][safepoint     ] Leaving safepoint region
[2023-11-16T04:04:58.204+0000][28865.965s][info ][safepoint     ] Total time for which application threads were stopped: 0.0003178 seconds, Stopping threads took: 0.0000494 seconds
[2023-11-16T04:04:59.204+0000][28866.965s][debug][safepoint     ] Safepoint synchronization initiated. (166 threads)
[2023-11-16T04:04:59.204+0000][28866.965s][info ][safepoint     ] Application time: 1.0001684 seconds
[2023-11-16T04:04:59.204+0000][28866.965s][info ][safepoint     ] Entering safepoint region: Cleanup
[2023-11-16T04:04:59.204+0000][28866.966s][info ][safepoint     ] Leaving safepoint region
[2023-11-16T04:04:59.204+0000][28866.966s][info ][safepoint     ] Total time for which application threads were stopped: 0.0003445 seconds, Stopping threads took: 0.0000494 seconds
[2023-11-16T04:05:00.204+0000][28867.966s][debug][safepoint     ] Safepoint synchronization initiated. (166 threads)
[2023-11-16T04:05:00.204+0000][28867.966s][info ][safepoint     ] Application time: 1.0001550 seconds
[2023-11-16T04:05:00.204+0000][28867.966s][info ][safepoint     ] Entering safepoint region: Cleanup
[2023-11-16T04:05:00.205+0000][28867.966s][info ][safepoint     ] Leaving safepoint region
[2023-11-16T04:05:00.205+0000][28867.966s][info ][safepoint     ] Total time for which application threads were stopped: 0.0003627 seconds, Stopping threads took: 0.0000728 seconds
[2023-11-16T04:05:01.205+0000][28868.966s][debug][safepoint     ] Safepoint synchronization initiated. (166 threads)
[2023-11-16T04:05:01.205+0000][28868.966s][info ][safepoint     ] Application time: 1.0001232 seconds
[2023-11-16T04:05:01.205+0000][28868.966s][info ][safepoint     ] Entering safepoint region: Cleanup
[2023-11-16T04:05:01.205+0000][28868.967s][info ][safepoint     ] Leaving safepoint region
[2023-11-16T04:05:01.205+0000][28868.967s][info ][safepoint     ] Total time for which application threads were stopped: 0.0001880 seconds, Stopping threads took: 0.0000339 seconds
[2023-11-16T04:05:02.205+0000][28869.967s][debug][safepoint     ] Safepoint synchronization initiated. (166 threads)
[2023-11-16T04:05:02.205+0000][28869.967s][info ][safepoint     ] Application time: 1.0001690 seconds
[2023-11-16T04:05:02.205+0000][28869.967s][info ][safepoint     ] Entering safepoint region: Cleanup
[2023-11-16T04:05:02.205+0000][28869.967s][info ][safepoint     ] Leaving safepoint region
[2023-11-16T04:05:02.205+0000][28869.967s][info ][safepoint     ] Total time for which application threads were stopped: 0.0002643 seconds, Stopping threads took: 0.0000483 seconds
[2023-11-16T04:05:03.206+0000][28870.967s][debug][safepoint     ] Safepoint synchronization initiated. (166 threads)
[2023-11-16T04:05:03.206+0000][28870.967s][info ][safepoint     ] Application time: 1.0001652 seconds
[2023-11-16T04:05:03.206+0000][28870.967s][info ][safepoint     ] Entering safepoint region: Cleanup
[2023-11-16T04:05:03.206+0000][28870.968s][info ][safepoint     ] Leaving safepoint region
[2023-11-16T04:05:03.206+0000][28870.968s][info ][safepoint     ] Total time for which application threads were stopped: 0.0003369 seconds, Stopping threads took: 0.0000481 seconds
[2023-11-16T04:05:04.206+0000][28871.968s][debug][safepoint     ] Safepoint synchronization initiated. (166 threads)
[2023-11-16T04:05:04.206+0000][28871.968s][info ][safepoint     ] Application time: 1.0001354 seconds
[2023-11-16T04:05:04.206+0000][28871.968s][info ][safepoint     ] Entering safepoint region: Cleanup
[2023-11-16T04:05:04.206+0000][28871.968s][info ][safepoint     ] Leaving safepoint region
[2023-11-16T04:05:04.206+0000][28871.968s][info ][safepoint     ] Total time for which application threads were stopped: 0.0003287 seconds, Stopping threads took: 0.0000482 seconds
[2023-11-16T04:05:05.207+0000][28872.968s][debug][safepoint     ] Safepoint synchronization initiated. (166 threads)
[2023-11-16T04:05:05.207+0000][28872.968s][info ][safepoint     ] Application time: 1.0001359 seconds
[2023-11-16T04:05:05.207+0000][28872.968s][info ][safepoint     ] Entering safepoint region: Cleanup
[2023-11-16T04:05:05.207+0000][28872.969s][info ][safepoint     ] Leaving safepoint region
[2023-11-16T04:05:05.207+0000][28872.969s][info ][safepoint     ] Total time for which application threads were stopped: 0.0003424 seconds, Stopping threads took: 0.0000491 seconds
[2023-11-16T04:05:06.207+0000][28873.969s][debug][safepoint     ] Safepoint synchronization initiated. (166 threads)
[2023-11-16T04:05:06.207+0000][28873.969s][info ][safepoint     ] Application time: 1.0001381 seconds
[2023-11-16T04:05:06.207+0000][28873.969s][info ][safepoint     ] Entering safepoint region: Cleanup
[2023-11-16T04:05:06.208+0000][28873.970s][info ][safepoint     ] Leaving safepoint region
[2023-11-16T04:05:06.208+0000][28873.970s][info ][safepoint     ] Total time for which application threads were stopped: 0.0007437 seconds, Stopping threads took: 0.0005091 seconds
[2023-11-16T04:05:07.208+0000][28874.970s][debug][safepoint     ] Safepoint synchronization initiated. (166 threads)
[2023-11-16T04:05:07.208+0000][28874.970s][info ][safepoint     ] Application time: 1.0001578 seconds
[2023-11-16T04:05:07.208+0000][28874.970s][info ][safepoint     ] Entering safepoint region: Cleanup
[2023-11-16T04:05:07.208+0000][28874.970s][info ][safepoint     ] Leaving safepoint region
[2023-11-16T04:05:07.208+0000][28874.970s][info ][safepoint     ] Total time for which application threads were stopped: 0.0003650 seconds, Stopping threads took: 0.0000721 seconds
[2023-11-16T04:05:08.209+0000][28875.970s][debug][safepoint     ] Safepoint synchronization initiated. (166 threads)
[2023-11-16T04:05:08.209+0000][28875.970s][info ][safepoint     ] Application time: 1.0001702 seconds
[2023-11-16T04:05:08.209+0000][28875.970s][info ][safepoint     ] Entering safepoint region: Cleanup
[2023-11-16T04:05:08.209+0000][28875.971s][info ][safepoint     ] Leaving safepoint region
[2023-11-16T04:05:08.209+0000][28875.971s][info ][safepoint     ] Total time for which application threads were stopped: 0.0003392 seconds, Stopping threads took: 0.0000497 seconds
[2023-11-16T04:05:09.209+0000][28876.971s][debug][safepoint     ] Safepoint synchronization initiated. (166 threads)
[2023-11-16T04:05:09.209+0000][28876.971s][info ][safepoint     ] Application time: 1.0001684 seconds
[2023-11-16T04:05:09.209+0000][28876.971s][info ][safepoint     ] Entering safepoint region: Cleanup
[2023-11-16T04:05:09.210+0000][28876.971s][info ][safepoint     ] Leaving safepoint region
[2023-11-16T04:05:09.210+0000][28876.971s][info ][safepoint     ] Total time for which application threads were stopped: 0.0003356 seconds, Stopping threads took: 0.0000501 seconds
[2023-11-16T04:05:10.210+0000][28877.971s][debug][safepoint     ] Safepoint synchronization initiated. (166 threads)
[2023-11-16T04:05:10.210+0000][28877.971s][info ][safepoint     ] Application time: 1.0001525 seconds
[2023-11-16T04:05:10.210+0000][28877.971s][info ][safepoint     ] Entering safepoint region: Cleanup
[2023-11-16T04:05:10.210+0000][28877.972s][info ][safepoint     ] Leaving safepoint region
[2023-11-16T04:05:10.210+0000][28877.972s][info ][safepoint     ] Total time for which application threads were stopped: 0.0003352 seconds, Stopping threads took: 0.0000490 seconds
[2023-11-16T04:05:11.210+0000][28878.972s][debug][safepoint     ] Safepoint synchronization initiated. (166 threads)
[2023-11-16T04:05:11.210+0000][28878.972s][info ][safepoint     ] Application time: 1.0001522 seconds
[2023-11-16T04:05:11.210+0000][28878.972s][info ][safepoint     ] Entering safepoint region: Cleanup
[2023-11-16T04:05:11.211+0000][28878.972s][info ][safepoint     ] Leaving safepoint region
[2023-11-16T04:05:11.211+0000][28878.972s][info ][safepoint     ] Total time for which application threads were stopped: 0.0004634 seconds, Stopping threads took: 0.0002499 seconds
[2023-11-16T04:05:12.211+0000][28879.973s][debug][safepoint     ] Safepoint synchronization initiated. (166 threads)
[2023-11-16T04:05:12.211+0000][28879.973s][info ][safepoint     ] Application time: 1.0001726 seconds
[2023-11-16T04:05:12.211+0000][28879.973s][info ][safepoint     ] Entering safepoint region: Cleanup
[2023-11-16T04:05:12.211+0000][28879.973s][info ][safepoint     ] Leaving safepoint region
[2023-11-16T04:05:12.211+0000][28879.973s][info ][safepoint     ] Total time for which application threads were stopped: 0.0002614 seconds, Stopping threads took: 0.0000492 seconds
[2023-11-16T04:05:13.211+0000][28880.973s][debug][safepoint     ] Safepoint synchronization initiated. (166 threads)
[2023-11-16T04:05:13.211+0000][28880.973s][info ][safepoint     ] Application time: 1.0001656 seconds
[2023-11-16T04:05:13.211+0000][28880.973s][info ][safepoint     ] Entering safepoint region: Cleanup
[2023-11-16T04:05:13.212+0000][28880.973s][info ][safepoint     ] Leaving safepoint region
[2023-11-16T04:05:13.212+0000][28880.973s][info ][safepoint     ] Total time for which application threads were stopped: 0.0003566 seconds, Stopping threads took: 0.0000665 seconds
[2023-11-16T04:05:14.212+0000][28881.974s][debug][safepoint     ] Safepoint synchronization initiated. (166 threads)
[2023-11-16T04:05:14.212+0000][28881.974s][info ][safepoint     ] Application time: 1.0001507 seconds
[2023-11-16T04:05:14.212+0000][28881.974s][info ][safepoint     ] Entering safepoint region: Cleanup
[2023-11-16T04:05:14.212+0000][28881.974s][info ][safepoint     ] Leaving safepoint region
[2023-11-16T04:05:14.212+0000][28881.974s][info ][safepoint     ] Total time for which application threads were stopped: 0.0002549 seconds, Stopping threads took: 0.0000517 seconds
[2023-11-16T04:05:15.212+0000][28882.974s][debug][safepoint     ] Safepoint synchronization initiated. (166 threads)
[2023-11-16T04:05:15.212+0000][28882.974s][info ][safepoint     ] Application time: 1.0001547 seconds
[2023-11-16T04:05:15.212+0000][28882.974s][info ][safepoint     ] Entering safepoint region: Cleanup
[2023-11-16T04:05:15.213+0000][28882.974s][info ][safepoint     ] Leaving safepoint region
[2023-11-16T04:05:15.213+0000][28882.974s][info ][safepoint     ] Total time for which application threads were stopped: 0.0003371 seconds, Stopping threads took: 0.0000485 seconds
[2023-11-16T04:05:16.213+0000][28883.975s][debug][safepoint     ] Safepoint synchronization initiated. (166 threads)
[2023-11-16T04:05:16.213+0000][28883.975s][info ][safepoint     ] Application time: 1.0001855 seconds
[2023-11-16T04:05:16.213+0000][28883.975s][info ][safepoint     ] Entering safepoint region: Cleanup
[2023-11-16T04:05:16.213+0000][28883.975s][info ][safepoint     ] Leaving safepoint region
[2023-11-16T04:05:16.214+0000][28883.975s][info ][safepoint     ] Total time for which application threads were stopped: 0.0005573 seconds, Stopping threads took: 0.0002717 seconds
[2023-11-16T04:05:17.214+0000][28884.975s][debug][safepoint     ] Safepoint synchronization initiated. (166 threads)
[2023-11-16T04:05:17.214+0000][28884.975s][info ][safepoint     ] Application time: 1.0001659 seconds
[2023-11-16T04:05:17.214+0000][28884.975s][info ][safepoint     ] Entering safepoint region: Cleanup
[2023-11-16T04:05:17.214+0000][28884.976s][info ][safepoint     ] Leaving safepoint region
[2023-11-16T04:05:17.214+0000][28884.976s][info ][safepoint     ] Total time for which application threads were stopped: 0.0003291 seconds, Stopping threads took: 0.0000472 seconds
[2023-11-16T04:05:18.214+0000][28885.976s][debug][safepoint     ] Safepoint synchronization initiated. (166 threads)
[2023-11-16T04:05:18.214+0000][28885.976s][info ][safepoint     ] Application time: 1.0001700 seconds
[2023-11-16T04:05:18.214+0000][28885.976s][info ][safepoint     ] Entering safepoint region: Cleanup
[2023-11-16T04:05:18.215+0000][28885.976s][info ][safepoint     ] Leaving safepoint region
[2023-11-16T04:05:18.215+0000][28885.976s][info ][safepoint     ] Total time for which application threads were stopped: 0.0003044 seconds, Stopping threads took: 0.0000606 seconds
[2023-11-16T04:05:19.215+0000][28886.976s][debug][safepoint     ] Safepoint synchronization initiated. (166 threads)
[2023-11-16T04:05:19.215+0000][28886.976s][info ][safepoint     ] Application time: 1.0001765 seconds
[2023-11-16T04:05:19.215+0000][28886.976s][info ][safepoint     ] Entering safepoint region: Cleanup
[2023-11-16T04:05:19.215+0000][28886.977s][info ][safepoint     ] Leaving safepoint region
[2023-11-16T04:05:19.215+0000][28886.977s][info ][safepoint     ] Total time for which application threads were stopped: 0.0003350 seconds, Stopping threads took: 0.0000474 seconds
[2023-11-16T04:05:20.215+0000][28887.977s][debug][safepoint     ] Safepoint synchronization initiated. (166 threads)
[2023-11-16T04:05:20.215+0000][28887.977s][info ][safepoint     ] Application time: 1.0001539 seconds
[2023-11-16T04:05:20.215+0000][28887.977s][info ][safepoint     ] Entering safepoint region: Cleanup
[2023-11-16T04:05:20.216+0000][28887.977s][info ][safepoint     ] Leaving safepoint region
[2023-11-16T04:05:20.216+0000][28887.977s][info ][safepoint     ] Total time for which application threads were stopped: 0.0003257 seconds, Stopping threads took: 0.0000489 seconds
[2023-11-16T04:05:21.216+0000][28888.977s][debug][safepoint     ] Safepoint synchronization initiated. (166 threads)
[2023-11-16T04:05:21.216+0000][28888.977s][info ][safepoint     ] Application time: 1.0001659 seconds
[2023-11-16T04:05:21.216+0000][28888.978s][info ][safepoint     ] Entering safepoint region: Cleanup
[2023-11-16T04:05:21.216+0000][28888.978s][info ][safepoint     ] Leaving safepoint region
[2023-11-16T04:05:21.216+0000][28888.978s][info ][safepoint     ] Total time for which application threads were stopped: 0.0003533 seconds, Stopping threads took: 0.0000586 seconds
[2023-11-16T04:05:22.216+0000][28889.978s][debug][safepoint     ] Safepoint synchronization initiated. (166 threads)
[2023-11-16T04:05:22.217+0000][28889.978s][info ][safepoint     ] Application time: 1.0001543 seconds
[2023-11-16T04:05:22.217+0000][28889.978s][info ][safepoint     ] Entering safepoint region: Cleanup
[2023-11-16T04:05:22.217+0000][28889.979s][info ][safepoint     ] Leaving safepoint region
[2023-11-16T04:05:22.217+0000][28889.979s][info ][safepoint     ] Total time for which application threads were stopped: 0.0003396 seconds, Stopping threads took: 0.0000487 seconds
[2023-11-16T04:05:23.217+0000][28890.979s][debug][safepoint     ] Safepoint synchronization initiated. (166 threads)
[2023-11-16T04:05:23.217+0000][28890.979s][info ][safepoint     ] Application time: 1.0001519 seconds
[2023-11-16T04:05:23.217+0000][28890.979s][info ][safepoint     ] Entering safepoint region: Cleanup
[2023-11-16T04:05:23.217+0000][28890.979s][info ][safepoint     ] Leaving safepoint region
[2023-11-16T04:05:23.217+0000][28890.979s][info ][safepoint     ] Total time for which application threads were stopped: 0.0003395 seconds, Stopping threads took: 0.0000494 seconds
[2023-11-16T04:05:24.218+0000][28891.979s][debug][safepoint     ] Safepoint synchronization initiated. (166 threads)
[2023-11-16T04:05:24.218+0000][28891.979s][info ][safepoint     ] Application time: 1.0001652 seconds
[2023-11-16T04:05:24.218+0000][28891.979s][info ][safepoint     ] Entering safepoint region: Cleanup
[2023-11-16T04:05:24.218+0000][28891.980s][info ][safepoint     ] Leaving safepoint region
[2023-11-16T04:05:24.218+0000][28891.980s][info ][safepoint     ] Total time for which application threads were stopped: 0.0003246 seconds, Stopping threads took: 0.0000501 seconds
[2023-11-16T04:05:25.218+0000][28892.980s][debug][safepoint     ] Safepoint synchronization initiated. (166 threads)
[2023-11-16T04:05:25.218+0000][28892.980s][info ][safepoint     ] Application time: 1.0001808 seconds
[2023-11-16T04:05:25.218+0000][28892.980s][info ][safepoint     ] Entering safepoint region: Cleanup
[2023-11-16T04:05:25.218+0000][28892.980s][info ][safepoint     ] Leaving safepoint region
[2023-11-16T04:05:25.218+0000][28892.980s][info ][safepoint     ] Total time for which application threads were stopped: 0.0003041 seconds, Stopping threads took: 0.0000494 seconds
[2023-11-16T04:05:26.219+0000][28893.980s][debug][safepoint     ] Safepoint synchronization initiated. (166 threads)
[2023-11-16T04:05:26.219+0000][28893.980s][info ][safepoint     ] Application time: 1.0001675 seconds
[2023-11-16T04:05:26.219+0000][28893.980s][info ][safepoint     ] Entering safepoint region: Cleanup
[2023-11-16T04:05:26.219+0000][28893.981s][info ][safepoint     ] Leaving safepoint region
[2023-11-16T04:05:26.219+0000][28893.981s][info ][safepoint     ] Total time for which application threads were stopped: 0.0004347 seconds, Stopping threads took: 0.0002052 seconds
[2023-11-16T04:05:27.219+0000][28894.981s][debug][safepoint     ] Safepoint synchronization initiated. (166 threads)
[2023-11-16T04:05:27.219+0000][28894.981s][info ][safepoint     ] Application time: 1.0001693 seconds
[2023-11-16T04:05:27.219+0000][28894.981s][info ][safepoint     ] Entering safepoint region: Cleanup
[2023-11-16T04:05:27.220+0000][28894.981s][info ][safepoint     ] Leaving safepoint region
[2023-11-16T04:05:27.220+0000][28894.981s][info ][safepoint     ] Total time for which application threads were stopped: 0.0002836 seconds, Stopping threads took: 0.0000487 seconds
[2023-11-16T04:05:28.220+0000][28895.981s][debug][safepoint     ] Safepoint synchronization initiated. (166 threads)
[2023-11-16T04:05:28.220+0000][28895.981s][info ][safepoint     ] Application time: 1.0001942 seconds
[2023-11-16T04:05:28.220+0000][28895.982s][info ][safepoint     ] Entering safepoint region: Cleanup
[2023-11-16T04:05:28.220+0000][28895.982s][info ][safepoint     ] Leaving safepoint region
[2023-11-16T04:05:28.220+0000][28895.982s][info ][safepoint     ] Total time for which application threads were stopped: 0.0003402 seconds, Stopping threads took: 0.0000511 seconds
[2023-11-16T04:05:29.220+0000][28896.982s][debug][safepoint     ] Safepoint synchronization initiated. (166 threads)
[2023-11-16T04:05:29.220+0000][28896.982s][info ][safepoint     ] Application time: 1.0001736 seconds
[2023-11-16T04:05:29.220+0000][28896.982s][info ][safepoint     ] Entering safepoint region: Cleanup
[2023-11-16T04:05:29.221+0000][28896.982s][info ][safepoint     ] Leaving safepoint region
[2023-11-16T04:05:29.221+0000][28896.982s][info ][safepoint     ] Total time for which application threads were stopped: 0.0003422 seconds, Stopping threads took: 0.0000510 seconds
[2023-11-16T04:05:30.221+0000][28897.983s][debug][safepoint     ] Safepoint synchronization initiated. (166 threads)
[2023-11-16T04:05:30.221+0000][28897.983s][info ][safepoint     ] Application time: 1.0001701 seconds
[2023-11-16T04:05:30.221+0000][28897.983s][info ][safepoint     ] Entering safepoint region: Cleanup
[2023-11-16T04:05:30.221+0000][28897.983s][info ][safepoint     ] Leaving safepoint region
[2023-11-16T04:05:30.221+0000][28897.983s][info ][safepoint     ] Total time for which application threads were stopped: 0.0002792 seconds, Stopping threads took: 0.0000526 seconds
[2023-11-16T04:05:31.221+0000][28898.983s][debug][safepoint     ] Safepoint synchronization initiated. (166 threads)
[2023-11-16T04:05:31.221+0000][28898.983s][info ][safepoint     ] Application time: 1.0001684 seconds
[2023-11-16T04:05:31.221+0000][28898.983s][info ][safepoint     ] Entering safepoint region: Cleanup
[2023-11-16T04:05:31.222+0000][28898.984s][info ][safepoint     ] Leaving safepoint region
[2023-11-16T04:05:31.222+0000][28898.984s][info ][safepoint     ] Total time for which application threads were stopped: 0.0004655 seconds, Stopping threads took: 0.0002595 seconds
[2023-11-16T04:05:32.222+0000][28899.984s][debug][safepoint     ] Safepoint synchronization initiated. (166 threads)
[2023-11-16T04:05:32.222+0000][28899.984s][info ][safepoint     ] Application time: 1.0001450 seconds
[2023-11-16T04:05:32.222+0000][28899.984s][info ][safepoint     ] Entering safepoint region: Cleanup
[2023-11-16T04:05:32.222+0000][28899.984s][info ][safepoint     ] Leaving safepoint region
[2023-11-16T04:05:32.222+0000][28899.984s][info ][safepoint     ] Total time for which application threads were stopped: 0.0003472 seconds, Stopping threads took: 0.0000493 seconds
[2023-11-16T04:05:33.223+0000][28900.984s][debug][safepoint     ] Safepoint synchronization initiated. (165 threads)
[2023-11-16T04:05:33.223+0000][28900.984s][info ][safepoint     ] Application time: 1.0001592 seconds
[2023-11-16T04:05:33.223+0000][28900.984s][info ][safepoint     ] Entering safepoint region: Cleanup
[2023-11-16T04:05:33.223+0000][28900.985s][info ][safepoint     ] Leaving safepoint region
[2023-11-16T04:05:33.223+0000][28900.985s][info ][safepoint     ] Total time for which application threads were stopped: 0.0002651 seconds, Stopping threads took: 0.0000527 seconds
[2023-11-16T04:05:34.223+0000][28901.985s][debug][safepoint     ] Safepoint synchronization initiated. (165 threads)
[2023-11-16T04:05:34.223+0000][28901.985s][info ][safepoint     ] Application time: 1.0001643 seconds
[2023-11-16T04:05:34.223+0000][28901.985s][info ][safepoint     ] Entering safepoint region: Cleanup
[2023-11-16T04:05:34.223+0000][28901.985s][info ][safepoint     ] Leaving safepoint region
[2023-11-16T04:05:34.223+0000][28901.985s][info ][safepoint     ] Total time for which application threads were stopped: 0.0003482 seconds, Stopping threads took: 0.0000505 seconds
[2023-11-16T04:05:35.224+0000][28902.985s][debug][safepoint     ] Safepoint synchronization initiated. (165 threads)
[2023-11-16T04:05:35.224+0000][28902.985s][info ][safepoint     ] Application time: 1.0001990 seconds
[2023-11-16T04:05:35.224+0000][28902.985s][info ][safepoint     ] Entering safepoint region: Cleanup
[2023-11-16T04:05:35.224+0000][28902.986s][info ][safepoint     ] Leaving safepoint region
[2023-11-16T04:05:35.224+0000][28902.986s][info ][safepoint     ] Total time for which application threads were stopped: 0.0002784 seconds, Stopping threads took: 0.0000507 seconds
[2023-11-16T04:05:36.224+0000][28903.986s][debug][safepoint     ] Safepoint synchronization initiated. (165 threads)
[2023-11-16T04:05:36.224+0000][28903.986s][info ][safepoint     ] Application time: 1.0001674 seconds
[2023-11-16T04:05:36.224+0000][28903.986s][info ][safepoint     ] Entering safepoint region: Cleanup
[2023-11-16T04:05:36.225+0000][28903.986s][info ][safepoint     ] Leaving safepoint region
[2023-11-16T04:05:36.225+0000][28903.986s][info ][safepoint     ] Total time for which application threads were stopped: 0.0005300 seconds, Stopping threads took: 0.0003197 seconds
[2023-11-16T04:05:37.225+0000][28904.986s][debug][safepoint     ] Safepoint synchronization initiated. (165 threads)
[2023-11-16T04:05:37.225+0000][28904.987s][info ][safepoint     ] Application time: 1.0001684 seconds
[2023-11-16T04:05:37.225+0000][28904.987s][info ][safepoint     ] Entering safepoint region: Cleanup
[2023-11-16T04:05:37.225+0000][28904.987s][info ][safepoint     ] Leaving safepoint region
[2023-11-16T04:05:37.225+0000][28904.987s][info ][safepoint     ] Total time for which application threads were stopped: 0.0003443 seconds, Stopping threads took: 0.0000487 seconds
[2023-11-16T04:05:38.225+0000][28905.987s][debug][safepoint     ] Safepoint synchronization initiated. (165 threads)
[2023-11-16T04:05:38.225+0000][28905.987s][info ][safepoint     ] Application time: 1.0001581 seconds
[2023-11-16T04:05:38.225+0000][28905.987s][info ][safepoint     ] Entering safepoint region: Cleanup
[2023-11-16T04:05:38.226+0000][28905.987s][info ][safepoint     ] Leaving safepoint region
[2023-11-16T04:05:38.226+0000][28905.987s][info ][safepoint     ] Total time for which application threads were stopped: 0.0003363 seconds, Stopping threads took: 0.0000488 seconds
[2023-11-16T04:05:39.226+0000][28906.988s][debug][safepoint     ] Safepoint synchronization initiated. (165 threads)
[2023-11-16T04:05:39.226+0000][28906.988s][info ][safepoint     ] Application time: 1.0001550 seconds
[2023-11-16T04:05:39.226+0000][28906.988s][info ][safepoint     ] Entering safepoint region: Cleanup
[2023-11-16T04:05:39.226+0000][28906.988s][info ][safepoint     ] Leaving safepoint region
[2023-11-16T04:05:39.226+0000][28906.988s][info ][safepoint     ] Total time for which application threads were stopped: 0.0003416 seconds, Stopping threads took: 0.0000491 seconds
[2023-11-16T04:05:40.226+0000][28907.988s][debug][safepoint     ] Safepoint synchronization initiated. (165 threads)
[2023-11-16T04:05:40.227+0000][28907.988s][info ][safepoint     ] Application time: 1.0001788 seconds
[2023-11-16T04:05:40.227+0000][28907.988s][info ][safepoint     ] Entering safepoint region: Cleanup
[2023-11-16T04:05:40.227+0000][28907.988s][info ][safepoint     ] Leaving safepoint region
[2023-11-16T04:05:40.227+0000][28907.989s][info ][safepoint     ] Total time for which application threads were stopped: 0.0003434 seconds, Stopping threads took: 0.0000504 seconds
[2023-11-16T04:05:41.227+0000][28908.989s][debug][safepoint     ] Safepoint synchronization initiated. (165 threads)
[2023-11-16T04:05:41.227+0000][28908.989s][info ][safepoint     ] Application time: 1.0001673 seconds
[2023-11-16T04:05:41.227+0000][28908.989s][info ][safepoint     ] Entering safepoint region: Cleanup
[2023-11-16T04:05:41.227+0000][28908.989s][info ][safepoint     ] Leaving safepoint region
[2023-11-16T04:05:41.228+0000][28908.989s][info ][safepoint     ] Total time for which application threads were stopped: 0.0004451 seconds, Stopping threads took: 0.0001751 seconds
[2023-11-16T04:05:42.228+0000][28909.989s][debug][safepoint     ] Safepoint synchronization initiated. (165 threads)
[2023-11-16T04:05:42.228+0000][28909.989s][info ][safepoint     ] Application time: 1.0001580 seconds
[2023-11-16T04:05:42.228+0000][28909.989s][info ][safepoint     ] Entering safepoint region: Cleanup
[2023-11-16T04:05:42.228+0000][28909.990s][info ][safepoint     ] Leaving safepoint region
[2023-11-16T04:05:42.228+0000][28909.990s][info ][safepoint     ] Total time for which application threads were stopped: 0.0003442 seconds, Stopping threads took: 0.0000503 seconds
[2023-11-16T04:05:43.228+0000][28910.990s][debug][safepoint     ] Safepoint synchronization initiated. (165 threads)
[2023-11-16T04:05:43.228+0000][28910.990s][info ][safepoint     ] Application time: 1.0001611 seconds
[2023-11-16T04:05:43.228+0000][28910.990s][info ][safepoint     ] Entering safepoint region: Cleanup
[2023-11-16T04:05:43.229+0000][28910.990s][info ][safepoint     ] Leaving safepoint region
[2023-11-16T04:05:43.229+0000][28910.990s][info ][safepoint     ] Total time for which application threads were stopped: 0.0003406 seconds, Stopping threads took: 0.0000498 seconds
[2023-11-16T04:05:44.229+0000][28911.990s][debug][safepoint     ] Safepoint synchronization initiated. (165 threads)
[2023-11-16T04:05:44.229+0000][28911.990s][info ][safepoint     ] Application time: 1.0001554 seconds
[2023-11-16T04:05:44.229+0000][28911.990s][info ][safepoint     ] Entering safepoint region: Cleanup
[2023-11-16T04:05:44.229+0000][28911.991s][info ][safepoint     ] Leaving safepoint region
[2023-11-16T04:05:44.229+0000][28911.991s][info ][safepoint     ] Total time for which application threads were stopped: 0.0003415 seconds, Stopping threads took: 0.0000489 seconds
[2023-11-16T04:05:45.229+0000][28912.991s][debug][safepoint     ] Safepoint synchronization initiated. (165 threads)
[2023-11-16T04:05:45.229+0000][28912.991s][info ][safepoint     ] Application time: 1.0001878 seconds
[2023-11-16T04:05:45.229+0000][28912.991s][debug][safepoint     ] ... found polling page return exception at pc = 0x00007f69307fc114, stub =0x00007f692883a800
[2023-11-16T04:05:45.229+0000][28912.991s][debug][safepoint     ] Waiting for 1 thread(s) to block
[2023-11-16T04:05:45.230+0000][28912.991s][info ][safepoint     ] Entering safepoint region: Cleanup
[2023-11-16T04:05:45.230+0000][28912.991s][info ][safepoint     ] Leaving safepoint region
[2023-11-16T04:05:45.230+0000][28912.991s][info ][safepoint     ] Total time for which application threads were stopped: 0.0003361 seconds, Stopping threads took: 0.0001532 seconds
[2023-11-16T04:05:46.230+0000][28913.991s][debug][safepoint     ] Safepoint synchronization initiated. (165 threads)
[2023-11-16T04:05:46.230+0000][28913.992s][info ][safepoint     ] Application time: 1.0001703 seconds
[2023-11-16T04:05:46.230+0000][28913.992s][info ][safepoint     ] Entering safepoint region: Cleanup
[2023-11-16T04:05:46.230+0000][28913.992s][info ][safepoint     ] Leaving safepoint region
[2023-11-16T04:05:46.230+0000][28913.992s][info ][safepoint     ] Total time for which application threads were stopped: 0.0002687 seconds, Stopping threads took: 0.0000498 seconds
[2023-11-16T04:05:47.230+0000][28914.992s][debug][safepoint     ] Safepoint synchronization initiated. (165 threads)
[2023-11-16T04:05:47.230+0000][28914.992s][info ][safepoint     ] Application time: 1.0001640 seconds
[2023-11-16T04:05:47.230+0000][28914.992s][info ][safepoint     ] Entering safepoint region: Cleanup
[2023-11-16T04:05:47.231+0000][28914.992s][info ][safepoint     ] Leaving safepoint region
[2023-11-16T04:05:47.231+0000][28914.992s][info ][safepoint     ] Total time for which application threads were stopped: 0.0003080 seconds, Stopping threads took: 0.0000500 seconds
[2023-11-16T04:05:48.231+0000][28915.992s][debug][safepoint     ] Safepoint synchronization initiated. (165 threads)
[2023-11-16T04:05:48.231+0000][28915.992s][info ][safepoint     ] Application time: 1.0001330 seconds
[2023-11-16T04:05:48.231+0000][28915.993s][info ][safepoint     ] Entering safepoint region: Cleanup
[2023-11-16T04:05:48.231+0000][28915.993s][info ][safepoint     ] Leaving safepoint region
[2023-11-16T04:05:48.231+0000][28915.993s][info ][safepoint     ] Total time for which application threads were stopped: 0.0003716 seconds, Stopping threads took: 0.0000734 seconds
[2023-11-16T04:05:49.231+0000][28916.993s][debug][safepoint     ] Safepoint synchronization initiated. (165 threads)
[2023-11-16T04:05:49.231+0000][28916.993s][info ][safepoint     ] Application time: 1.0001562 seconds
[2023-11-16T04:05:49.231+0000][28916.993s][info ][safepoint     ] Entering safepoint region: Cleanup
[2023-11-16T04:05:49.232+0000][28916.993s][info ][safepoint     ] Leaving safepoint region
[2023-11-16T04:05:49.232+0000][28916.993s][info ][safepoint     ] Total time for which application threads were stopped: 0.0003460 seconds, Stopping threads took: 0.0000752 seconds
[2023-11-16T04:05:50.232+0000][28917.994s][debug][safepoint     ] Safepoint synchronization initiated. (165 threads)
[2023-11-16T04:05:50.232+0000][28917.994s][info ][safepoint     ] Application time: 1.0001503 seconds
[2023-11-16T04:05:50.232+0000][28917.994s][info ][safepoint     ] Entering safepoint region: Cleanup
[2023-11-16T04:05:50.232+0000][28917.994s][info ][safepoint     ] Leaving safepoint region
[2023-11-16T04:05:50.232+0000][28917.994s][info ][safepoint     ] Total time for which application threads were stopped: 0.0003532 seconds, Stopping threads took: 0.0000510 seconds
[2023-11-16T04:05:51.232+0000][28918.994s][debug][safepoint     ] Safepoint synchronization initiated. (165 threads)
[2023-11-16T04:05:51.232+0000][28918.994s][info ][safepoint     ] Application time: 1.0001479 seconds
[2023-11-16T04:05:51.233+0000][28918.994s][info ][safepoint     ] Entering safepoint region: Cleanup
[2023-11-16T04:05:51.233+0000][28918.995s][info ][safepoint     ] Leaving safepoint region
[2023-11-16T04:05:51.233+0000][28918.995s][info ][safepoint     ] Total time for which application threads were stopped: 0.0005336 seconds, Stopping threads took: 0.0002394 seconds
[2023-11-16T04:05:52.233+0000][28919.995s][debug][safepoint     ] Safepoint synchronization initiated. (165 threads)
[2023-11-16T04:05:52.233+0000][28919.995s][info ][safepoint     ] Application time: 1.0001802 seconds
[2023-11-16T04:05:52.233+0000][28919.995s][info ][safepoint     ] Entering safepoint region: Cleanup
[2023-11-16T04:05:52.234+0000][28919.995s][info ][safepoint     ] Leaving safepoint region
[2023-11-16T04:05:52.234+0000][28919.995s][info ][safepoint     ] Total time for which application threads were stopped: 0.0003078 seconds, Stopping threads took: 0.0000504 seconds
[2023-11-16T04:05:53.234+0000][28920.995s][debug][safepoint     ] Safepoint synchronization initiated. (165 threads)
[2023-11-16T04:05:53.234+0000][28920.995s][info ][safepoint     ] Application time: 1.0001789 seconds
[2023-11-16T04:05:53.234+0000][28920.995s][info ][safepoint     ] Entering safepoint region: Cleanup
[2023-11-16T04:05:53.234+0000][28920.996s][info ][safepoint     ] Leaving safepoint region
[2023-11-16T04:05:53.234+0000][28920.996s][info ][safepoint     ] Total time for which application threads were stopped: 0.0003486 seconds, Stopping threads took: 0.0000519 seconds
[2023-11-16T04:05:54.234+0000][28921.996s][debug][safepoint     ] Safepoint synchronization initiated. (165 threads)
[2023-11-16T04:05:54.234+0000][28921.996s][info ][safepoint     ] Application time: 1.0001903 seconds
[2023-11-16T04:05:54.234+0000][28921.996s][info ][safepoint     ] Entering safepoint region: Cleanup
[2023-11-16T04:05:54.235+0000][28921.996s][info ][safepoint     ] Leaving safepoint region
[2023-11-16T04:05:54.235+0000][28921.996s][info ][safepoint     ] Total time for which application threads were stopped: 0.0003493 seconds, Stopping threads took: 0.0000526 seconds
[2023-11-16T04:05:55.235+0000][28922.996s][debug][safepoint     ] Safepoint synchronization initiated. (165 threads)
[2023-11-16T04:05:55.235+0000][28922.997s][info ][safepoint     ] Application time: 1.0001783 seconds
[2023-11-16T04:05:55.235+0000][28922.997s][info ][safepoint     ] Entering safepoint region: Cleanup
[2023-11-16T04:05:55.235+0000][28922.997s][info ][safepoint     ] Leaving safepoint region
[2023-11-16T04:05:55.235+0000][28922.997s][info ][safepoint     ] Total time for which application threads were stopped: 0.0002927 seconds, Stopping threads took: 0.0000780 seconds
[2023-11-16T04:05:56.235+0000][28923.997s][debug][safepoint     ] Safepoint synchronization initiated. (165 threads)
[2023-11-16T04:05:56.235+0000][28923.997s][info ][safepoint     ] Application time: 1.0001578 seconds
[2023-11-16T04:05:56.235+0000][28923.997s][info ][safepoint     ] Entering safepoint region: Cleanup
[2023-11-16T04:05:56.236+0000][28923.997s][info ][safepoint     ] Leaving safepoint region
[2023-11-16T04:05:56.236+0000][28923.997s][info ][safepoint     ] Total time for which application threads were stopped: 0.0003602 seconds, Stopping threads took: 0.0000804 seconds
[2023-11-16T04:05:57.236+0000][28924.998s][debug][safepoint     ] Safepoint synchronization initiated. (165 threads)
[2023-11-16T04:05:57.236+0000][28924.998s][info ][safepoint     ] Application time: 1.0001508 seconds
[2023-11-16T04:05:57.236+0000][28924.998s][info ][safepoint     ] Entering safepoint region: Cleanup
[2023-11-16T04:05:57.236+0000][28924.998s][info ][safepoint     ] Leaving safepoint region
[2023-11-16T04:05:57.236+0000][28924.998s][info ][safepoint     ] Total time for which application threads were stopped: 0.0003419 seconds, Stopping threads took: 0.0000500 seconds
[2023-11-16T04:05:58.236+0000][28925.998s][debug][safepoint     ] Safepoint synchronization initiated. (165 threads)
[2023-11-16T04:05:58.236+0000][28925.998s][info ][safepoint     ] Application time: 1.0001482 seconds
[2023-11-16T04:05:58.237+0000][28925.998s][info ][safepoint     ] Entering safepoint region: Cleanup
[2023-11-16T04:05:58.237+0000][28925.998s][info ][safepoint     ] Leaving safepoint region
[2023-11-16T04:05:58.237+0000][28925.998s][info ][safepoint     ] Total time for which application threads were stopped: 0.0003379 seconds, Stopping threads took: 0.0000507 seconds
[2023-11-16T04:05:59.237+0000][28926.999s][debug][safepoint     ] Safepoint synchronization initiated. (165 threads)
[2023-11-16T04:05:59.237+0000][28926.999s][info ][safepoint     ] Application time: 1.0001631 seconds
[2023-11-16T04:05:59.237+0000][28926.999s][info ][safepoint     ] Entering safepoint region: Cleanup
[2023-11-16T04:05:59.237+0000][28926.999s][info ][safepoint     ] Leaving safepoint region
[2023-11-16T04:05:59.237+0000][28926.999s][info ][safepoint     ] Total time for which application threads were stopped: 0.0003159 seconds, Stopping threads took: 0.0000516 seconds
[2023-11-16T04:06:00.237+0000][28927.999s][debug][safepoint     ] Safepoint synchronization initiated. (165 threads)
[2023-11-16T04:06:00.238+0000][28927.999s][info ][safepoint     ] Application time: 1.0001568 seconds
[2023-11-16T04:06:00.238+0000][28927.999s][info ][safepoint     ] Entering safepoint region: Cleanup
[2023-11-16T04:06:00.238+0000][28927.999s][info ][safepoint     ] Leaving safepoint region
[2023-11-16T04:06:00.238+0000][28927.999s][info ][safepoint     ] Total time for which application threads were stopped: 0.0002592 seconds, Stopping threads took: 0.0000505 seconds
[2023-11-16T04:06:01.238+0000][28929.000s][debug][safepoint     ] Safepoint synchronization initiated. (165 threads)
[2023-11-16T04:06:01.238+0000][28929.000s][info ][safepoint     ] Application time: 1.0001604 seconds
[2023-11-16T04:06:01.238+0000][28929.000s][info ][safepoint     ] Entering safepoint region: Cleanup
[2023-11-16T04:06:01.238+0000][28929.000s][info ][safepoint     ] Leaving safepoint region
[2023-11-16T04:06:01.238+0000][28929.000s][info ][safepoint     ] Total time for which application threads were stopped: 0.0003396 seconds, Stopping threads took: 0.0000503 seconds
[2023-11-16T04:06:02.238+0000][28930.000s][debug][safepoint     ] Safepoint synchronization initiated. (165 threads)
[2023-11-16T04:06:02.239+0000][28930.000s][info ][safepoint     ] Application time: 1.0001811 seconds
[2023-11-16T04:06:02.239+0000][28930.000s][info ][safepoint     ] Entering safepoint region: Cleanup
[2023-11-16T04:06:02.239+0000][28930.001s][info ][safepoint     ] Leaving safepoint region
[2023-11-16T04:06:02.239+0000][28930.001s][info ][safepoint     ] Total time for which application threads were stopped: 0.0003063 seconds, Stopping threads took: 0.0000516 seconds
[2023-11-16T04:06:03.239+0000][28931.001s][debug][safepoint     ] Safepoint synchronization initiated. (165 threads)
[2023-11-16T04:06:03.239+0000][28931.001s][info ][safepoint     ] Application time: 1.0001709 seconds
[2023-11-16T04:06:03.239+0000][28931.001s][info ][safepoint     ] Entering safepoint region: Cleanup
[2023-11-16T04:06:03.239+0000][28931.001s][info ][safepoint     ] Leaving safepoint region
[2023-11-16T04:06:03.239+0000][28931.001s][info ][safepoint     ] Total time for which application threads were stopped: 0.0003091 seconds, Stopping threads took: 0.0000518 seconds
[2023-11-16T04:06:04.240+0000][28932.001s][debug][safepoint     ] Safepoint synchronization initiated. (165 threads)
[2023-11-16T04:06:04.240+0000][28932.001s][info ][safepoint     ] Application time: 1.0001542 seconds
[2023-11-16T04:06:04.240+0000][28932.001s][info ][safepoint     ] Entering safepoint region: Cleanup
[2023-11-16T04:06:04.240+0000][28932.002s][info ][safepoint     ] Leaving safepoint region
[2023-11-16T04:06:04.240+0000][28932.002s][info ][safepoint     ] Total time for which application threads were stopped: 0.0003439 seconds, Stopping threads took: 0.0000510 seconds
[2023-11-16T04:06:05.240+0000][28933.002s][debug][safepoint     ] Safepoint synchronization initiated. (165 threads)
[2023-11-16T04:06:05.240+0000][28933.002s][info ][safepoint     ] Application time: 1.0001658 seconds
[2023-11-16T04:06:05.240+0000][28933.002s][info ][safepoint     ] Entering safepoint region: Cleanup
[2023-11-16T04:06:05.240+0000][28933.002s][info ][safepoint     ] Leaving safepoint region
[2023-11-16T04:06:05.240+0000][28933.002s][info ][safepoint     ] Total time for which application threads were stopped: 0.0003083 seconds, Stopping threads took: 0.0000512 seconds
[2023-11-16T04:06:06.241+0000][28934.002s][debug][safepoint     ] Safepoint synchronization initiated. (165 threads)
[2023-11-16T04:06:06.241+0000][28934.002s][info ][safepoint     ] Application time: 1.0001611 seconds
[2023-11-16T04:06:06.241+0000][28934.002s][info ][safepoint     ] Entering safepoint region: Cleanup
[2023-11-16T04:06:06.241+0000][28934.003s][info ][safepoint     ] Leaving safepoint region
[2023-11-16T04:06:06.241+0000][28934.003s][info ][safepoint     ] Total time for which application threads were stopped: 0.0007403 seconds, Stopping threads took: 0.0004264 seconds
[2023-11-16T04:06:07.242+0000][28935.003s][debug][safepoint     ] Safepoint synchronization initiated. (165 threads)
[2023-11-16T04:06:07.242+0000][28935.003s][info ][safepoint     ] Application time: 1.0001690 seconds
[2023-11-16T04:06:07.242+0000][28935.003s][info ][safepoint     ] Entering safepoint region: Cleanup
[2023-11-16T04:06:07.242+0000][28935.003s][info ][safepoint     ] Leaving safepoint region
[2023-11-16T04:06:07.242+0000][28935.004s][info ][safepoint     ] Total time for which application threads were stopped: 0.0002605 seconds, Stopping threads took: 0.0000502 seconds
[2023-11-16T04:06:08.242+0000][28936.004s][debug][safepoint     ] Safepoint synchronization initiated. (165 threads)
[2023-11-16T04:06:08.242+0000][28936.004s][info ][safepoint     ] Application time: 1.0001596 seconds
[2023-11-16T04:06:08.242+0000][28936.004s][info ][safepoint     ] Entering safepoint region: Cleanup
[2023-11-16T04:06:08.242+0000][28936.004s][info ][safepoint     ] Leaving safepoint region
[2023-11-16T04:06:08.242+0000][28936.004s][info ][safepoint     ] Total time for which application threads were stopped: 0.0002958 seconds, Stopping threads took: 0.0000513 seconds
[2023-11-16T04:06:09.242+0000][28937.004s][debug][safepoint     ] Safepoint synchronization initiated. (165 threads)
[2023-11-16T04:06:09.243+0000][28937.004s][info ][safepoint     ] Application time: 1.0001705 seconds
[2023-11-16T04:06:09.243+0000][28937.004s][info ][safepoint     ] Entering safepoint region: Cleanup
[2023-11-16T04:06:09.243+0000][28937.005s][info ][safepoint     ] Leaving safepoint region
[2023-11-16T04:06:09.243+0000][28937.005s][info ][safepoint     ] Total time for which application threads were stopped: 0.0003479 seconds, Stopping threads took: 0.0000509 seconds
[2023-11-16T04:06:10.243+0000][28938.005s][debug][safepoint     ] Safepoint synchronization initiated. (165 threads)
[2023-11-16T04:06:10.243+0000][28938.005s][info ][safepoint     ] Application time: 1.0001647 seconds
[2023-11-16T04:06:10.243+0000][28938.005s][info ][safepoint     ] Entering safepoint region: Cleanup
[2023-11-16T04:06:10.243+0000][28938.005s][info ][safepoint     ] Leaving safepoint region
[2023-11-16T04:06:10.243+0000][28938.005s][info ][safepoint     ] Total time for which application threads were stopped: 0.0003347 seconds, Stopping threads took: 0.0000499 seconds
[2023-11-16T04:06:11.244+0000][28939.005s][debug][safepoint     ] Safepoint synchronization initiated. (165 threads)
[2023-11-16T04:06:11.244+0000][28939.005s][info ][safepoint     ] Application time: 1.0001486 seconds
[2023-11-16T04:06:11.244+0000][28939.005s][info ][safepoint     ] Entering safepoint region: Cleanup
[2023-11-16T04:06:11.244+0000][28939.006s][info ][safepoint     ] Leaving safepoint region
[2023-11-16T04:06:11.244+0000][28939.006s][info ][safepoint     ] Total time for which application threads were stopped: 0.0004693 seconds, Stopping threads took: 0.0001801 seconds
[2023-11-16T04:06:12.244+0000][28940.006s][debug][safepoint     ] Safepoint synchronization initiated. (165 threads)
[2023-11-16T04:06:12.244+0000][28940.006s][info ][safepoint     ] Application time: 1.0001506 seconds
[2023-11-16T04:06:12.244+0000][28940.006s][info ][safepoint     ] Entering safepoint region: Cleanup
[2023-11-16T04:06:12.245+0000][28940.006s][info ][safepoint     ] Leaving safepoint region
[2023-11-16T04:06:12.245+0000][28940.006s][info ][safepoint     ] Total time for which application threads were stopped: 0.0003406 seconds, Stopping threads took: 0.0000496 seconds
[2023-11-16T04:06:13.245+0000][28941.006s][debug][safepoint     ] Safepoint synchronization initiated. (165 threads)
[2023-11-16T04:06:13.245+0000][28941.006s][info ][safepoint     ] Application time: 1.0001569 seconds
[2023-11-16T04:06:13.245+0000][28941.007s][info ][safepoint     ] Entering safepoint region: Cleanup
[2023-11-16T04:06:13.245+0000][28941.007s][info ][safepoint     ] Leaving safepoint region
[2023-11-16T04:06:13.245+0000][28941.007s][info ][safepoint     ] Total time for which application threads were stopped: 0.0003410 seconds, Stopping threads took: 0.0000499 seconds
[2023-11-16T04:06:14.245+0000][28942.007s][debug][safepoint     ] Safepoint synchronization initiated. (165 threads)
[2023-11-16T04:06:14.245+0000][28942.007s][info ][safepoint     ] Application time: 1.0001688 seconds
[2023-11-16T04:06:14.245+0000][28942.007s][info ][safepoint     ] Entering safepoint region: Cleanup
[2023-11-16T04:06:14.246+0000][28942.007s][info ][safepoint     ] Leaving safepoint region
[2023-11-16T04:06:14.246+0000][28942.007s][info ][safepoint     ] Total time for which application threads were stopped: 0.0003451 seconds, Stopping threads took: 0.0000500 seconds
[2023-11-16T04:06:15.246+0000][28943.008s][debug][safepoint     ] Safepoint synchronization initiated. (165 threads)
[2023-11-16T04:06:15.246+0000][28943.008s][info ][safepoint     ] Application time: 1.0001706 seconds
[2023-11-16T04:06:15.246+0000][28943.008s][info ][safepoint     ] Entering safepoint region: Cleanup
[2023-11-16T04:06:15.246+0000][28943.008s][info ][safepoint     ] Leaving safepoint region
[2023-11-16T04:06:15.246+0000][28943.008s][info ][safepoint     ] Total time for which application threads were stopped: 0.0002614 seconds, Stopping threads took: 0.0000496 seconds
[2023-11-16T04:06:16.246+0000][28944.008s][debug][safepoint     ] Safepoint synchronization initiated. (165 threads)
[2023-11-16T04:06:16.246+0000][28944.008s][info ][safepoint     ] Application time: 1.0001940 seconds
[2023-11-16T04:06:16.246+0000][28944.008s][info ][safepoint     ] Entering safepoint region: Cleanup
[2023-11-16T04:06:16.247+0000][28944.008s][info ][safepoint     ] Leaving safepoint region
[2023-11-16T04:06:16.247+0000][28944.008s][info ][safepoint     ] Total time for which application threads were stopped: 0.0002886 seconds, Stopping threads took: 0.0000509 seconds
[2023-11-16T04:06:17.247+0000][28945.008s][debug][safepoint     ] Safepoint synchronization initiated. (165 threads)
[2023-11-16T04:06:17.247+0000][28945.009s][info ][safepoint     ] Application time: 1.0001615 seconds
[2023-11-16T04:06:17.247+0000][28945.009s][info ][safepoint     ] Entering safepoint region: Cleanup
[2023-11-16T04:06:17.247+0000][28945.009s][info ][safepoint     ] Leaving safepoint region
[2023-11-16T04:06:17.247+0000][28945.009s][info ][safepoint     ] Total time for which application threads were stopped: 0.0003429 seconds, Stopping threads took: 0.0000493 seconds
[2023-11-16T04:06:18.247+0000][28946.009s][debug][safepoint     ] Safepoint synchronization initiated. (165 threads)
[2023-11-16T04:06:18.247+0000][28946.009s][info ][safepoint     ] Application time: 1.0001742 seconds
[2023-11-16T04:06:18.248+0000][28946.009s][info ][safepoint     ] Entering safepoint region: Cleanup
[2023-11-16T04:06:18.248+0000][28946.009s][info ][safepoint     ] Leaving safepoint region
[2023-11-16T04:06:18.248+0000][28946.009s][info ][safepoint     ] Total time for which application threads were stopped: 0.0003419 seconds, Stopping threads took: 0.0000498 seconds
[2023-11-16T04:06:19.248+0000][28947.010s][debug][safepoint     ] Safepoint synchronization initiated. (165 threads)
[2023-11-16T04:06:19.248+0000][28947.010s][info ][safepoint     ] Application time: 1.0001535 seconds
[2023-11-16T04:06:19.248+0000][28947.010s][info ][safepoint     ] Entering safepoint region: Cleanup
[2023-11-16T04:06:19.248+0000][28947.010s][info ][safepoint     ] Leaving safepoint region
[2023-11-16T04:06:19.248+0000][28947.010s][info ][safepoint     ] Total time for which application threads were stopped: 0.0003375 seconds, Stopping threads took: 0.0000498 seconds
[2023-11-16T04:06:20.248+0000][28948.010s][debug][safepoint     ] Safepoint synchronization initiated. (165 threads)
[2023-11-16T04:06:20.249+0000][28948.010s][info ][safepoint     ] Application time: 1.0001835 seconds
[2023-11-16T04:06:20.249+0000][28948.010s][info ][safepoint     ] Entering safepoint region: Cleanup
[2023-11-16T04:06:20.249+0000][28948.011s][info ][safepoint     ] Leaving safepoint region
[2023-11-16T04:06:20.249+0000][28948.011s][info ][safepoint     ] Total time for which application threads were stopped: 0.0003503 seconds, Stopping threads took: 0.0000526 seconds
[2023-11-16T04:06:21.249+0000][28949.011s][debug][safepoint     ] Safepoint synchronization initiated. (165 threads)
[2023-11-16T04:06:21.249+0000][28949.011s][info ][safepoint     ] Application time: 1.0001789 seconds
[2023-11-16T04:06:21.249+0000][28949.011s][info ][safepoint     ] Entering safepoint region: Cleanup
[2023-11-16T04:06:21.250+0000][28949.011s][info ][safepoint     ] Leaving safepoint region
[2023-11-16T04:06:21.250+0000][28949.011s][info ][safepoint     ] Total time for which application threads were stopped: 0.0004813 seconds, Stopping threads took: 0.0002727 seconds
[2023-11-16T04:06:22.250+0000][28950.011s][debug][safepoint     ] Safepoint synchronization initiated. (165 threads)
[2023-11-16T04:06:22.250+0000][28950.011s][info ][safepoint     ] Application time: 1.0001596 seconds
[2023-11-16T04:06:22.250+0000][28950.011s][info ][safepoint     ] Entering safepoint region: Cleanup
[2023-11-16T04:06:22.250+0000][28950.012s][info ][safepoint     ] Leaving safepoint region
[2023-11-16T04:06:22.250+0000][28950.012s][info ][safepoint     ] Total time for which application threads were stopped: 0.0003484 seconds, Stopping threads took: 0.0000514 seconds
[2023-11-16T04:06:23.250+0000][28951.012s][debug][safepoint     ] Safepoint synchronization initiated. (165 threads)
[2023-11-16T04:06:23.250+0000][28951.012s][info ][safepoint     ] Application time: 1.0001782 seconds
[2023-11-16T04:06:23.250+0000][28951.012s][info ][safepoint     ] Entering safepoint region: Cleanup
[2023-11-16T04:06:23.251+0000][28951.012s][info ][safepoint     ] Leaving safepoint region
[2023-11-16T04:06:23.251+0000][28951.012s][info ][safepoint     ] Total time for which application threads were stopped: 0.0003413 seconds, Stopping threads took: 0.0000524 seconds
[2023-11-16T04:06:24.251+0000][28952.013s][debug][safepoint     ] Safepoint synchronization initiated. (165 threads)
[2023-11-16T04:06:24.251+0000][28952.013s][info ][safepoint     ] Application time: 1.0001783 seconds
[2023-11-16T04:06:24.251+0000][28952.013s][info ][safepoint     ] Entering safepoint region: Cleanup
[2023-11-16T04:06:24.251+0000][28952.013s][info ][safepoint     ] Leaving safepoint region
[2023-11-16T04:06:24.251+0000][28952.013s][info ][safepoint     ] Total time for which application threads were stopped: 0.0003418 seconds, Stopping threads took: 0.0000505 seconds
[2023-11-16T04:06:25.251+0000][28953.013s][debug][safepoint     ] Safepoint synchronization initiated. (165 threads)
[2023-11-16T04:06:25.251+0000][28953.013s][info ][safepoint     ] Application time: 1.0001788 seconds
[2023-11-16T04:06:25.252+0000][28953.013s][info ][safepoint     ] Entering safepoint region: Cleanup
[2023-11-16T04:06:25.252+0000][28953.013s][info ][safepoint     ] Leaving safepoint region
[2023-11-16T04:06:25.252+0000][28953.013s][info ][safepoint     ] Total time for which application threads were stopped: 0.0003418 seconds, Stopping threads took: 0.0000517 seconds
[2023-11-16T04:06:26.252+0000][28954.014s][debug][safepoint     ] Safepoint synchronization initiated. (165 threads)
[2023-11-16T04:06:26.252+0000][28954.014s][info ][safepoint     ] Application time: 1.0001526 seconds
[2023-11-16T04:06:26.252+0000][28954.014s][info ][safepoint     ] Entering safepoint region: Cleanup
[2023-11-16T04:06:26.252+0000][28954.014s][info ][safepoint     ] Leaving safepoint region
[2023-11-16T04:06:26.252+0000][28954.014s][info ][safepoint     ] Total time for which application threads were stopped: 0.0002986 seconds, Stopping threads took: 0.0000534 seconds
[2023-11-16T04:06:27.252+0000][28955.014s][debug][safepoint     ] Safepoint synchronization initiated. (165 threads)
[2023-11-16T04:06:27.253+0000][28955.014s][info ][safepoint     ] Application time: 1.0001873 seconds
[2023-11-16T04:06:27.253+0000][28955.014s][info ][safepoint     ] Entering safepoint region: Cleanup
[2023-11-16T04:06:27.253+0000][28955.015s][info ][safepoint     ] Leaving safepoint region
[2023-11-16T04:06:27.253+0000][28955.015s][info ][safepoint     ] Total time for which application threads were stopped: 0.0003395 seconds, Stopping threads took: 0.0000482 seconds
[2023-11-16T04:06:28.253+0000][28956.015s][debug][safepoint     ] Safepoint synchronization initiated. (165 threads)
[2023-11-16T04:06:28.253+0000][28956.015s][info ][safepoint     ] Application time: 1.0001713 seconds
[2023-11-16T04:06:28.253+0000][28956.015s][info ][safepoint     ] Entering safepoint region: Cleanup
[2023-11-16T04:06:28.253+0000][28956.015s][info ][safepoint     ] Leaving safepoint region
[2023-11-16T04:06:28.253+0000][28956.015s][info ][safepoint     ] Total time for which application threads were stopped: 0.0003391 seconds, Stopping threads took: 0.0000482 seconds
[2023-11-16T04:06:29.254+0000][28957.015s][debug][safepoint     ] Safepoint synchronization initiated. (165 threads)
[2023-11-16T04:06:29.254+0000][28957.015s][info ][safepoint     ] Application time: 1.0001739 seconds
[2023-11-16T04:06:29.254+0000][28957.015s][info ][safepoint     ] Entering safepoint region: Cleanup
[2023-11-16T04:06:29.254+0000][28957.016s][info ][safepoint     ] Leaving safepoint region
[2023-11-16T04:06:29.254+0000][28957.016s][info ][safepoint     ] Total time for which application threads were stopped: 0.0002594 seconds, Stopping threads took: 0.0000491 seconds
[2023-11-16T04:06:30.254+0000][28958.016s][debug][safepoint     ] Safepoint synchronization initiated. (165 threads)
[2023-11-16T04:06:30.254+0000][28958.016s][info ][safepoint     ] Application time: 1.0001657 seconds
[2023-11-16T04:06:30.254+0000][28958.016s][info ][safepoint     ] Entering safepoint region: Cleanup
[2023-11-16T04:06:30.254+0000][28958.016s][info ][safepoint     ] Leaving safepoint region
[2023-11-16T04:06:30.254+0000][28958.016s][info ][safepoint     ] Total time for which application threads were stopped: 0.0003425 seconds, Stopping threads took: 0.0000491 seconds
[2023-11-16T04:06:31.255+0000][28959.016s][debug][safepoint     ] Safepoint synchronization initiated. (165 threads)
[2023-11-16T04:06:31.255+0000][28959.016s][info ][safepoint     ] Application time: 1.0001531 seconds
[2023-11-16T04:06:31.255+0000][28959.016s][info ][safepoint     ] Entering safepoint region: Cleanup
[2023-11-16T04:06:31.255+0000][28959.017s][info ][safepoint     ] Leaving safepoint region
[2023-11-16T04:06:31.255+0000][28959.017s][info ][safepoint     ] Total time for which application threads were stopped: 0.0005317 seconds, Stopping threads took: 0.0001689 seconds
[2023-11-16T04:06:32.255+0000][28960.017s][debug][safepoint     ] Safepoint synchronization initiated. (165 threads)
[2023-11-16T04:06:32.255+0000][28960.017s][info ][safepoint     ] Application time: 1.0001430 seconds
[2023-11-16T04:06:32.255+0000][28960.017s][info ][safepoint     ] Entering safepoint region: Cleanup
[2023-11-16T04:06:32.256+0000][28960.017s][info ][safepoint     ] Leaving safepoint region
[2023-11-16T04:06:32.256+0000][28960.017s][info ][safepoint     ] Total time for which application threads were stopped: 0.0002579 seconds, Stopping threads took: 0.0000478 seconds
[2023-11-16T04:06:33.256+0000][28961.017s][debug][safepoint     ] Safepoint synchronization initiated. (164 threads)
[2023-11-16T04:06:33.256+0000][28961.017s][info ][safepoint     ] Application time: 1.0001257 seconds
[2023-11-16T04:06:33.256+0000][28961.017s][info ][safepoint     ] Entering safepoint region: Cleanup
[2023-11-16T04:06:33.256+0000][28961.018s][info ][safepoint     ] Leaving safepoint region
[2023-11-16T04:06:33.256+0000][28961.018s][info ][safepoint     ] Total time for which application threads were stopped: 0.0003384 seconds, Stopping threads took: 0.0000492 seconds
[2023-11-16T04:06:34.256+0000][28962.018s][debug][safepoint     ] Safepoint synchronization initiated. (164 threads)
[2023-11-16T04:06:34.256+0000][28962.018s][info ][safepoint     ] Application time: 1.0001525 seconds
[2023-11-16T04:06:34.256+0000][28962.018s][info ][safepoint     ] Entering safepoint region: Cleanup
[2023-11-16T04:06:34.257+0000][28962.018s][info ][safepoint     ] Leaving safepoint region
[2023-11-16T04:06:34.257+0000][28962.018s][info ][safepoint     ] Total time for which application threads were stopped: 0.0003325 seconds, Stopping threads took: 0.0000469 seconds
[2023-11-16T04:06:35.257+0000][28963.018s][debug][safepoint     ] Safepoint synchronization initiated. (164 threads)
[2023-11-16T04:06:35.257+0000][28963.018s][info ][safepoint     ] Application time: 1.0001671 seconds
[2023-11-16T04:06:35.257+0000][28963.019s][info ][safepoint     ] Entering safepoint region: Cleanup
[2023-11-16T04:06:35.257+0000][28963.019s][info ][safepoint     ] Leaving safepoint region
[2023-11-16T04:06:35.257+0000][28963.019s][info ][safepoint     ] Total time for which application threads were stopped: 0.0003382 seconds, Stopping threads took: 0.0000499 seconds
[2023-11-16T04:06:36.257+0000][28964.019s][debug][safepoint     ] Safepoint synchronization initiated. (164 threads)
[2023-11-16T04:06:36.257+0000][28964.019s][info ][safepoint     ] Application time: 1.0001726 seconds
[2023-11-16T04:06:36.257+0000][28964.019s][info ][safepoint     ] Entering safepoint region: Cleanup
[2023-11-16T04:06:36.258+0000][28964.020s][info ][safepoint     ] Leaving safepoint region
[2023-11-16T04:06:36.258+0000][28964.020s][info ][safepoint     ] Total time for which application threads were stopped: 0.0005219 seconds, Stopping threads took: 0.0003238 seconds
[2023-11-16T04:06:37.258+0000][28965.020s][debug][safepoint     ] Safepoint synchronization initiated. (164 threads)
[2023-11-16T04:06:37.258+0000][28965.020s][info ][safepoint     ] Application time: 1.0001567 seconds
[2023-11-16T04:06:37.258+0000][28965.020s][info ][safepoint     ] Entering safepoint region: Cleanup
[2023-11-16T04:06:37.258+0000][28965.020s][info ][safepoint     ] Leaving safepoint region
[2023-11-16T04:06:37.258+0000][28965.020s][info ][safepoint     ] Total time for which application threads were stopped: 0.0002523 seconds, Stopping threads took: 0.0000478 seconds
[2023-11-16T04:06:38.259+0000][28966.020s][debug][safepoint     ] Safepoint synchronization initiated. (164 threads)
[2023-11-16T04:06:38.259+0000][28966.020s][info ][safepoint     ] Application time: 1.0001656 seconds
[2023-11-16T04:06:38.259+0000][28966.020s][info ][safepoint     ] Entering safepoint region: Cleanup
[2023-11-16T04:06:38.259+0000][28966.021s][info ][safepoint     ] Leaving safepoint region
[2023-11-16T04:06:38.259+0000][28966.021s][info ][safepoint     ] Total time for which application threads were stopped: 0.0003438 seconds, Stopping threads took: 0.0000487 seconds
[2023-11-16T04:06:39.259+0000][28967.021s][debug][safepoint     ] Safepoint synchronization initiated. (164 threads)
[2023-11-16T04:06:39.259+0000][28967.021s][info ][safepoint     ] Application time: 1.0001664 seconds
[2023-11-16T04:06:39.259+0000][28967.021s][info ][safepoint     ] Entering safepoint region: Cleanup
[2023-11-16T04:06:39.259+0000][28967.021s][info ][safepoint     ] Leaving safepoint region
[2023-11-16T04:06:39.259+0000][28967.021s][info ][safepoint     ] Total time for which application threads were stopped: 0.0003327 seconds, Stopping threads took: 0.0000493 seconds
[2023-11-16T04:06:40.260+0000][28968.021s][debug][safepoint     ] Safepoint synchronization initiated. (164 threads)
[2023-11-16T04:06:40.260+0000][28968.021s][info ][safepoint     ] Application time: 1.0001419 seconds
[2023-11-16T04:06:40.260+0000][28968.021s][info ][safepoint     ] Entering safepoint region: Cleanup
[2023-11-16T04:06:40.260+0000][28968.022s][info ][safepoint     ] Leaving safepoint region
[2023-11-16T04:06:40.260+0000][28968.022s][info ][safepoint     ] Total time for which application threads were stopped: 0.0003436 seconds, Stopping threads took: 0.0000484 seconds
[2023-11-16T04:06:41.260+0000][28969.022s][debug][safepoint     ] Safepoint synchronization initiated. (164 threads)
[2023-11-16T04:06:41.260+0000][28969.022s][info ][safepoint     ] Application time: 1.0003325 seconds
[2023-11-16T04:06:41.260+0000][28969.022s][info ][safepoint     ] Entering safepoint region: Cleanup
[2023-11-16T04:06:41.261+0000][28969.022s][info ][safepoint     ] Leaving safepoint region
[2023-11-16T04:06:41.261+0000][28969.022s][info ][safepoint     ] Total time for which application threads were stopped: 0.0002770 seconds, Stopping threads took: 0.0000548 seconds
[2023-11-16T04:06:42.261+0000][28970.022s][debug][safepoint     ] Safepoint synchronization initiated. (164 threads)
[2023-11-16T04:06:42.261+0000][28970.022s][info ][safepoint     ] Application time: 1.0001584 seconds
[2023-11-16T04:06:42.261+0000][28970.023s][info ][safepoint     ] Entering safepoint region: Cleanup
[2023-11-16T04:06:42.261+0000][28970.023s][info ][safepoint     ] Leaving safepoint region
[2023-11-16T04:06:42.261+0000][28970.023s][info ][safepoint     ] Total time for which application threads were stopped: 0.0002619 seconds, Stopping threads took: 0.0000494 seconds
[2023-11-16T04:06:43.261+0000][28971.023s][debug][safepoint     ] Safepoint synchronization initiated. (164 threads)
[2023-11-16T04:06:43.261+0000][28971.023s][info ][safepoint     ] Application time: 1.0001462 seconds
[2023-11-16T04:06:43.261+0000][28971.023s][info ][safepoint     ] Entering safepoint region: Cleanup
[2023-11-16T04:06:43.262+0000][28971.023s][info ][safepoint     ] Leaving safepoint region
[2023-11-16T04:06:43.262+0000][28971.023s][info ][safepoint     ] Total time for which application threads were stopped: 0.0003489 seconds, Stopping threads took: 0.0000504 seconds
[2023-11-16T04:06:44.262+0000][28972.023s][debug][safepoint     ] Safepoint synchronization initiated. (164 threads)
[2023-11-16T04:06:44.262+0000][28972.023s][info ][safepoint     ] Application time: 1.0001430 seconds
[2023-11-16T04:06:44.262+0000][28972.024s][info ][safepoint     ] Entering safepoint region: Cleanup
[2023-11-16T04:06:44.262+0000][28972.024s][info ][safepoint     ] Leaving safepoint region
[2023-11-16T04:06:44.262+0000][28972.024s][info ][safepoint     ] Total time for which application threads were stopped: 0.0003457 seconds, Stopping threads took: 0.0000500 seconds
[2023-11-16T04:06:45.262+0000][28973.024s][debug][safepoint     ] Safepoint synchronization initiated. (164 threads)
[2023-11-16T04:06:45.262+0000][28973.024s][info ][safepoint     ] Application time: 1.0001558 seconds
[2023-11-16T04:06:45.262+0000][28973.024s][info ][safepoint     ] Entering safepoint region: Cleanup
[2023-11-16T04:06:45.263+0000][28973.024s][info ][safepoint     ] Leaving safepoint region
