[2023-11-16T05:34:19.561+0000][0.004s][info][gc,heap] Heap region size: 1M
[2023-11-16T05:34:19.565+0000][0.009s][info][gc     ] Using G1
[2023-11-16T05:34:19.565+0000][0.009s][info][gc,heap,coops] Heap address: 0x0000000708000000, size: 3968 MB, Compressed Oops mode: Zero based, Oop shift amount: 3
[2023-11-16T05:34:19.566+0000][0.009s][info][gc,cds       ] Mark closed archive regions in map: [0x00000007bfc00000, 0x00000007bfc6bff8]
[2023-11-16T05:34:19.566+0000][0.009s][info][gc,cds       ] Mark open archive regions in map: [0x00000007bf800000, 0x00000007bf847ff8]
[2023-11-16T05:34:19.638+0000][0.081s][debug][safepoint    ] Safepoint synchronization initiated. (9 threads)
[2023-11-16T05:34:19.638+0000][0.081s][info ][safepoint    ] Application time: 0.0360913 seconds
[2023-11-16T05:34:19.638+0000][0.081s][info ][safepoint    ] Entering safepoint region: Deoptimize
[2023-11-16T05:34:19.638+0000][0.081s][info ][safepoint    ] Leaving safepoint region
[2023-11-16T05:34:19.638+0000][0.081s][info ][safepoint    ] Total time for which application threads were stopped: 0.0001394 seconds, Stopping threads took: 0.0000109 seconds
[2023-11-16T05:34:19.996+0000][0.439s][debug][safepoint    ] Safepoint synchronization initiated. (10 threads)
[2023-11-16T05:34:19.996+0000][0.439s][info ][safepoint    ] Application time: 0.3576908 seconds
[2023-11-16T05:34:19.996+0000][0.439s][info ][safepoint    ] Entering safepoint region: G1CollectForAllocation
[2023-11-16T05:34:19.996+0000][0.439s][info ][gc,start     ] GC(0) Pause Young (Normal) (G1 Evacuation Pause)
[2023-11-16T05:34:19.996+0000][0.440s][info ][gc,task      ] GC(0) Using 4 workers of 4 for evacuation
[2023-11-16T05:34:20.005+0000][0.449s][info ][gc,phases    ] GC(0)   Pre Evacuate Collection Set: 0.0ms
[2023-11-16T05:34:20.005+0000][0.449s][info ][gc,phases    ] GC(0)   Evacuate Collection Set: 8.2ms
[2023-11-16T05:34:20.005+0000][0.449s][info ][gc,phases    ] GC(0)   Post Evacuate Collection Set: 0.7ms
[2023-11-16T05:34:20.005+0000][0.449s][info ][gc,phases    ] GC(0)   Other: 0.5ms
[2023-11-16T05:34:20.005+0000][0.449s][info ][gc,heap      ] GC(0) Eden regions: 38->0(143)
[2023-11-16T05:34:20.005+0000][0.449s][info ][gc,heap      ] GC(0) Survivor regions: 0->5(5)
[2023-11-16T05:34:20.005+0000][0.449s][info ][gc,heap      ] GC(0) Old regions: 2->5
[2023-11-16T05:34:20.005+0000][0.449s][info ][gc,heap      ] GC(0) Humongous regions: 2->0
[2023-11-16T05:34:20.005+0000][0.449s][info ][gc,metaspace ] GC(0) Metaspace: 1863K(5376K)->1863K(5376K) NonClass: 1709K(4864K)->1709K(4864K) Class: 153K(512K)->153K(512K)
[2023-11-16T05:34:20.005+0000][0.449s][info ][gc           ] GC(0) Pause Young (Normal) (G1 Evacuation Pause) 40M->7M(250M) 9.470ms
[2023-11-16T05:34:20.005+0000][0.449s][info ][gc,cpu       ] GC(0) User=0.02s Sys=0.00s Real=0.01s
[2023-11-16T05:34:20.005+0000][0.449s][info ][safepoint    ] Leaving safepoint region
[2023-11-16T05:34:20.005+0000][0.449s][info ][safepoint    ] Total time for which application threads were stopped: 0.0096290 seconds, Stopping threads took: 0.0000097 seconds
[2023-11-16T05:34:20.012+0000][0.455s][info ][gc,stringdedup] Concurrent String Deduplication (0.455s)
[2023-11-16T05:34:20.015+0000][0.458s][info ][gc,stringdedup] Concurrent String Deduplication 467.2K->458.5K(9008.0B) avg 1.2% (0.455s, 0.458s) 2.496ms
[2023-11-16T05:34:20.192+0000][0.636s][debug][safepoint     ] Safepoint synchronization initiated. (10 threads)
[2023-11-16T05:34:20.192+0000][0.636s][info ][safepoint     ] Application time: 0.1869021 seconds
[2023-11-16T05:34:20.192+0000][0.636s][info ][safepoint     ] Entering safepoint region: G1CollectForAllocation
[2023-11-16T05:34:20.192+0000][0.636s][info ][gc,start      ] GC(1) Pause Young (Normal) (G1 Evacuation Pause)
[2023-11-16T05:34:20.192+0000][0.636s][info ][gc,task       ] GC(1) Using 4 workers of 4 for evacuation
[2023-11-16T05:34:20.203+0000][0.647s][info ][gc,phases     ] GC(1)   Pre Evacuate Collection Set: 0.0ms
[2023-11-16T05:34:20.203+0000][0.647s][info ][gc,phases     ] GC(1)   Evacuate Collection Set: 10.0ms
[2023-11-16T05:34:20.203+0000][0.647s][info ][gc,phases     ] GC(1)   Post Evacuate Collection Set: 0.7ms
[2023-11-16T05:34:20.203+0000][0.647s][info ][gc,phases     ] GC(1)   Other: 0.1ms
[2023-11-16T05:34:20.203+0000][0.647s][info ][gc,heap       ] GC(1) Eden regions: 32->0(84)
[2023-11-16T05:34:20.203+0000][0.647s][info ][gc,heap       ] GC(1) Survivor regions: 5->1(5)
[2023-11-16T05:34:20.203+0000][0.647s][info ][gc,heap       ] GC(1) Old regions: 5->10
[2023-11-16T05:34:20.203+0000][0.647s][info ][gc,heap       ] GC(1) Humongous regions: 0->0
[2023-11-16T05:34:20.203+0000][0.647s][info ][gc,metaspace  ] GC(1) Metaspace: 2970K(6016K)->2970K(6016K) NonClass: 2703K(5376K)->2703K(5376K) Class: 266K(640K)->266K(640K)
[2023-11-16T05:34:20.203+0000][0.647s][info ][gc            ] GC(1) Pause Young (Normal) (G1 Evacuation Pause) 39M->8M(250M) 10.941ms
[2023-11-16T05:34:20.203+0000][0.647s][info ][gc,cpu        ] GC(1) User=0.03s Sys=0.00s Real=0.01s
[2023-11-16T05:34:20.203+0000][0.647s][info ][safepoint     ] Leaving safepoint region
[2023-11-16T05:34:20.203+0000][0.647s][info ][safepoint     ] Total time for which application threads were stopped: 0.0110782 seconds, Stopping threads took: 0.0000107 seconds
[2023-11-16T05:34:20.203+0000][0.647s][info ][gc,stringdedup] Concurrent String Deduplication (0.647s)
[2023-11-16T05:34:20.210+0000][0.653s][info ][gc,stringdedup] Concurrent String Deduplication 1431.1K->1340.7K(92544.0B) avg 4.6% (0.647s, 0.653s) 6.272ms
[2023-11-16T05:34:20.232+0000][0.675s][debug][safepoint     ] Safepoint synchronization initiated. (10 threads)
[2023-11-16T05:34:20.232+0000][0.675s][info ][safepoint     ] Application time: 0.0285895 seconds
[2023-11-16T05:34:20.232+0000][0.675s][debug][safepoint     ] Waiting for 1 thread(s) to block
[2023-11-16T05:34:20.232+0000][0.675s][info ][safepoint     ] Entering safepoint region: Deoptimize
[2023-11-16T05:34:20.232+0000][0.675s][info ][safepoint     ] Leaving safepoint region
[2023-11-16T05:34:20.232+0000][0.675s][info ][safepoint     ] Total time for which application threads were stopped: 0.0001467 seconds, Stopping threads took: 0.0000260 seconds
[2023-11-16T05:34:20.238+0000][0.681s][debug][safepoint     ] Safepoint synchronization initiated. (10 threads)
[2023-11-16T05:34:20.238+0000][0.681s][info ][safepoint     ] Application time: 0.0056359 seconds
[2023-11-16T05:34:20.238+0000][0.681s][debug][safepoint     ] Waiting for 1 thread(s) to block
[2023-11-16T05:34:20.238+0000][0.681s][info ][safepoint     ] Entering safepoint region: Deoptimize
[2023-11-16T05:34:20.238+0000][0.681s][info ][safepoint     ] Leaving safepoint region
[2023-11-16T05:34:20.238+0000][0.681s][info ][safepoint     ] Total time for which application threads were stopped: 0.0001544 seconds, Stopping threads took: 0.0000255 seconds
[2023-11-16T05:34:20.323+0000][0.767s][debug][safepoint     ] Safepoint synchronization initiated. (10 threads)
[2023-11-16T05:34:20.323+0000][0.767s][info ][safepoint     ] Application time: 0.0853842 seconds
[2023-11-16T05:34:20.323+0000][0.767s][info ][safepoint     ] Entering safepoint region: Deoptimize
[2023-11-16T05:34:20.324+0000][0.767s][info ][safepoint     ] Leaving safepoint region
[2023-11-16T05:34:20.324+0000][0.767s][info ][safepoint     ] Total time for which application threads were stopped: 0.0001936 seconds, Stopping threads took: 0.0000086 seconds
[2023-11-16T05:34:20.332+0000][0.775s][debug][safepoint     ] Safepoint synchronization initiated. (10 threads)
[2023-11-16T05:34:20.332+0000][0.775s][info ][safepoint     ] Application time: 0.0086266 seconds
[2023-11-16T05:34:20.332+0000][0.775s][info ][safepoint     ] Entering safepoint region: Deoptimize
[2023-11-16T05:34:20.332+0000][0.776s][info ][safepoint     ] Leaving safepoint region
[2023-11-16T05:34:20.332+0000][0.776s][info ][safepoint     ] Total time for which application threads were stopped: 0.0001521 seconds, Stopping threads took: 0.0000100 seconds
[2023-11-16T05:34:20.713+0000][1.156s][debug][safepoint     ] Safepoint synchronization initiated. (11 threads)
[2023-11-16T05:34:20.713+0000][1.156s][info ][safepoint     ] Application time: 0.3802420 seconds
[2023-11-16T05:34:20.713+0000][1.156s][info ][safepoint     ] Entering safepoint region: G1CollectForAllocation
[2023-11-16T05:34:20.713+0000][1.156s][info ][gc,start      ] GC(2) Pause Young (Normal) (G1 Evacuation Pause)
[2023-11-16T05:34:20.713+0000][1.156s][info ][gc,task       ] GC(2) Using 4 workers of 4 for evacuation
[2023-11-16T05:34:20.731+0000][1.174s][info ][gc,phases     ] GC(2)   Pre Evacuate Collection Set: 0.0ms
[2023-11-16T05:34:20.731+0000][1.174s][info ][gc,phases     ] GC(2)   Evacuate Collection Set: 15.6ms
[2023-11-16T05:34:20.731+0000][1.174s][info ][gc,phases     ] GC(2)   Post Evacuate Collection Set: 2.4ms
[2023-11-16T05:34:20.731+0000][1.174s][info ][gc,phases     ] GC(2)   Other: 0.1ms
[2023-11-16T05:34:20.731+0000][1.174s][info ][gc,heap       ] GC(2) Eden regions: 84->0(117)
[2023-11-16T05:34:20.731+0000][1.174s][info ][gc,heap       ] GC(2) Survivor regions: 1->2(11)
[2023-11-16T05:34:20.731+0000][1.174s][info ][gc,heap       ] GC(2) Old regions: 10->10
[2023-11-16T05:34:20.731+0000][1.174s][info ][gc,heap       ] GC(2) Humongous regions: 0->0
[2023-11-16T05:34:20.731+0000][1.174s][info ][gc,metaspace  ] GC(2) Metaspace: 5650K(7808K)->5650K(7808K) NonClass: 5018K(6912K)->5018K(6912K) Class: 632K(896K)->632K(896K)
[2023-11-16T05:34:20.731+0000][1.174s][info ][gc            ] GC(2) Pause Young (Normal) (G1 Evacuation Pause) 92M->9M(250M) 18.249ms
[2023-11-16T05:34:20.731+0000][1.174s][info ][gc,cpu        ] GC(2) User=0.04s Sys=0.00s Real=0.02s
[2023-11-16T05:34:20.731+0000][1.174s][info ][safepoint     ] Leaving safepoint region
[2023-11-16T05:34:20.731+0000][1.174s][info ][safepoint     ] Total time for which application threads were stopped: 0.0184500 seconds, Stopping threads took: 0.0000093 seconds
[2023-11-16T05:34:21.291+0000][1.735s][debug][safepoint     ] Safepoint synchronization initiated. (11 threads)
[2023-11-16T05:34:21.291+0000][1.735s][info ][safepoint     ] Application time: 0.5603080 seconds
[2023-11-16T05:34:21.291+0000][1.735s][info ][safepoint     ] Entering safepoint region: G1CollectForAllocation
[2023-11-16T05:34:21.292+0000][1.735s][info ][gc,start      ] GC(3) Pause Young (Normal) (G1 Evacuation Pause)
[2023-11-16T05:34:21.292+0000][1.735s][info ][gc,task       ] GC(3) Using 4 workers of 4 for evacuation
[2023-11-16T05:34:21.298+0000][1.741s][info ][gc,phases     ] GC(3)   Pre Evacuate Collection Set: 0.0ms
[2023-11-16T05:34:21.298+0000][1.741s][info ][gc,phases     ] GC(3)   Evacuate Collection Set: 4.6ms
[2023-11-16T05:34:21.298+0000][1.741s][info ][gc,phases     ] GC(3)   Post Evacuate Collection Set: 1.4ms
[2023-11-16T05:34:21.298+0000][1.741s][info ][gc,phases     ] GC(3)   Other: 0.1ms
[2023-11-16T05:34:21.298+0000][1.741s][info ][gc,heap       ] GC(3) Eden regions: 117->0(139)
[2023-11-16T05:34:21.298+0000][1.741s][info ][gc,heap       ] GC(3) Survivor regions: 2->4(15)
[2023-11-16T05:34:21.298+0000][1.741s][info ][gc,heap       ] GC(3) Old regions: 10->10
[2023-11-16T05:34:21.298+0000][1.741s][info ][gc,heap       ] GC(3) Humongous regions: 0->0
[2023-11-16T05:34:21.298+0000][1.741s][info ][gc,metaspace  ] GC(3) Metaspace: 10090K(11392K)->10090K(11392K) NonClass: 8856K(9984K)->8856K(9984K) Class: 1234K(1408K)->1234K(1408K)
[2023-11-16T05:34:21.298+0000][1.741s][info ][gc            ] GC(3) Pause Young (Normal) (G1 Evacuation Pause) 126M->11M(250M) 6.274ms
[2023-11-16T05:34:21.298+0000][1.741s][info ][gc,cpu        ] GC(3) User=0.02s Sys=0.00s Real=0.00s
[2023-11-16T05:34:21.298+0000][1.741s][info ][safepoint     ] Leaving safepoint region
[2023-11-16T05:34:21.298+0000][1.741s][info ][safepoint     ] Total time for which application threads were stopped: 0.0064262 seconds, Stopping threads took: 0.0000104 seconds
[2023-11-16T05:34:21.298+0000][1.741s][info ][gc,stringdedup] Concurrent String Deduplication (1.741s)
[2023-11-16T05:34:21.299+0000][1.742s][info ][gc,stringdedup] Concurrent String Deduplication 298.2K->214.6K(85680.0B) avg 7.4% (1.741s, 1.742s) 1.085ms
[2023-11-16T05:34:21.540+0000][1.983s][debug][safepoint     ] Safepoint synchronization initiated. (11 threads)
[2023-11-16T05:34:21.540+0000][1.984s][info ][safepoint     ] Application time: 0.2423958 seconds
[2023-11-16T05:34:21.540+0000][1.984s][debug][safepoint     ] Waiting for 1 thread(s) to block
[2023-11-16T05:34:21.540+0000][1.984s][info ][safepoint     ] Entering safepoint region: Deoptimize
[2023-11-16T05:34:21.540+0000][1.984s][info ][safepoint     ] Leaving safepoint region
[2023-11-16T05:34:21.540+0000][1.984s][info ][safepoint     ] Total time for which application threads were stopped: 0.0002793 seconds, Stopping threads took: 0.0000331 seconds
[2023-11-16T05:34:21.631+0000][2.074s][debug][safepoint     ] Safepoint synchronization initiated. (11 threads)
[2023-11-16T05:34:21.631+0000][2.074s][info ][safepoint     ] Application time: 0.0904709 seconds
[2023-11-16T05:34:21.631+0000][2.074s][debug][safepoint     ] Waiting for 1 thread(s) to block
[2023-11-16T05:34:21.631+0000][2.074s][info ][safepoint     ] Entering safepoint region: ICBufferFull
[2023-11-16T05:34:21.631+0000][2.074s][info ][safepoint     ] Leaving safepoint region
[2023-11-16T05:34:21.631+0000][2.074s][info ][safepoint     ] Total time for which application threads were stopped: 0.0001357 seconds, Stopping threads took: 0.0000244 seconds
[2023-11-16T05:34:21.837+0000][2.280s][debug][safepoint     ] Safepoint synchronization initiated. (12 threads)
[2023-11-16T05:34:21.837+0000][2.280s][info ][safepoint     ] Application time: 0.2059568 seconds
[2023-11-16T05:34:21.837+0000][2.280s][debug][safepoint     ] Waiting for 2 thread(s) to block
[2023-11-16T05:34:21.837+0000][2.280s][info ][safepoint     ] Entering safepoint region: G1CollectForAllocation
[2023-11-16T05:34:21.837+0000][2.281s][info ][gc,start      ] GC(4) Pause Young (Normal) (G1 Evacuation Pause)
[2023-11-16T05:34:21.837+0000][2.281s][info ][gc,task       ] GC(4) Using 4 workers of 4 for evacuation
[2023-11-16T05:34:21.845+0000][2.288s][info ][gc,phases     ] GC(4)   Pre Evacuate Collection Set: 0.0ms
[2023-11-16T05:34:21.845+0000][2.288s][info ][gc,phases     ] GC(4)   Evacuate Collection Set: 5.3ms
[2023-11-16T05:34:21.845+0000][2.288s][info ][gc,phases     ] GC(4)   Post Evacuate Collection Set: 1.9ms
[2023-11-16T05:34:21.845+0000][2.288s][info ][gc,phases     ] GC(4)   Other: 0.2ms
[2023-11-16T05:34:21.845+0000][2.288s][info ][gc,heap       ] GC(4) Eden regions: 139->0(207)
[2023-11-16T05:34:21.845+0000][2.288s][info ][gc,heap       ] GC(4) Survivor regions: 4->6(18)
[2023-11-16T05:34:21.845+0000][2.288s][info ][gc,heap       ] GC(4) Old regions: 10->10
[2023-11-16T05:34:21.845+0000][2.288s][info ][gc,heap       ] GC(4) Humongous regions: 0->0
[2023-11-16T05:34:21.845+0000][2.288s][info ][gc,metaspace  ] GC(4) Metaspace: 14218K(15104K)->14218K(15104K) NonClass: 12433K(13056K)->12433K(13056K) Class: 1784K(2048K)->1784K(2048K)
[2023-11-16T05:34:21.845+0000][2.288s][info ][gc            ] GC(4) Pause Young (Normal) (G1 Evacuation Pause) 150M->13M(356M) 7.443ms
[2023-11-16T05:34:21.845+0000][2.288s][info ][gc,cpu        ] GC(4) User=0.03s Sys=0.00s Real=0.01s
[2023-11-16T05:34:21.845+0000][2.288s][info ][safepoint     ] Leaving safepoint region
[2023-11-16T05:34:21.845+0000][2.288s][info ][safepoint     ] Total time for which application threads were stopped: 0.0076909 seconds, Stopping threads took: 0.0000332 seconds
[2023-11-16T05:34:21.845+0000][2.288s][info ][gc,stringdedup] Concurrent String Deduplication (2.288s)
[2023-11-16T05:34:21.845+0000][2.289s][info ][gc,stringdedup] Concurrent String Deduplication 104.3K->28256.0B(78568.0B) avg 10.1% (2.288s, 2.289s) 0.661ms
[2023-11-16T05:34:22.065+0000][2.508s][debug][safepoint     ] Safepoint synchronization initiated. (12 threads)
[2023-11-16T05:34:22.065+0000][2.508s][info ][safepoint     ] Application time: 0.2203029 seconds
[2023-11-16T05:34:22.065+0000][2.508s][debug][safepoint     ] ... found polling page loop exception at pc = 0x00007fde84392857, stub =0x00007fde7c83ab00
[2023-11-16T05:34:22.065+0000][2.508s][debug][safepoint     ] Waiting for 2 thread(s) to block
[2023-11-16T05:34:22.065+0000][2.509s][info ][safepoint     ] Entering safepoint region: Deoptimize
[2023-11-16T05:34:22.066+0000][2.509s][info ][safepoint     ] Leaving safepoint region
[2023-11-16T05:34:22.066+0000][2.509s][info ][safepoint     ] Total time for which application threads were stopped: 0.0004927 seconds, Stopping threads took: 0.0001681 seconds
[2023-11-16T05:34:22.216+0000][2.659s][debug][safepoint     ] Safepoint synchronization initiated. (12 threads)
[2023-11-16T05:34:22.216+0000][2.659s][info ][safepoint     ] Application time: 0.1499640 seconds
[2023-11-16T05:34:22.216+0000][2.660s][debug][safepoint     ] ... found polling page return exception at pc = 0x00007fde842d161d, stub =0x00007fde7c83a800
[2023-11-16T05:34:22.216+0000][2.660s][debug][safepoint     ] Waiting for 1 thread(s) to block
[2023-11-16T05:34:22.216+0000][2.660s][info ][safepoint     ] Entering safepoint region: Deoptimize
[2023-11-16T05:34:22.217+0000][2.660s][info ][safepoint     ] Leaving safepoint region
[2023-11-16T05:34:22.217+0000][2.660s][info ][safepoint     ] Total time for which application threads were stopped: 0.0010659 seconds, Stopping threads took: 0.0007871 seconds
[2023-11-16T05:34:22.340+0000][2.783s][debug][safepoint     ] Safepoint synchronization initiated. (12 threads)
[2023-11-16T05:34:22.340+0000][2.783s][info ][safepoint     ] Application time: 0.1229201 seconds
[2023-11-16T05:34:22.340+0000][2.783s][info ][safepoint     ] Entering safepoint region: G1CollectForAllocation
[2023-11-16T05:34:22.340+0000][2.783s][info ][safepoint     ] Leaving safepoint region
[2023-11-16T05:34:22.340+0000][2.783s][info ][safepoint     ] Total time for which application threads were stopped: 0.0000656 seconds, Stopping threads took: 0.0000109 seconds
[2023-11-16T05:34:22.340+0000][2.783s][debug][safepoint     ] Safepoint synchronization initiated. (12 threads)
[2023-11-16T05:34:22.340+0000][2.783s][info ][safepoint     ] Application time: 0.0000817 seconds
[2023-11-16T05:34:22.340+0000][2.783s][info ][safepoint     ] Entering safepoint region: G1CollectForAllocation
[2023-11-16T05:34:22.340+0000][2.783s][info ][gc,start      ] GC(5) Pause Young (Normal) (GCLocker Initiated GC)
[2023-11-16T05:34:22.340+0000][2.783s][info ][gc,task       ] GC(5) Using 4 workers of 4 for evacuation
[2023-11-16T05:34:22.347+0000][2.790s][info ][gc,phases     ] GC(5)   Pre Evacuate Collection Set: 0.0ms
[2023-11-16T05:34:22.347+0000][2.790s][info ][gc,phases     ] GC(5)   Evacuate Collection Set: 5.7ms
[2023-11-16T05:34:22.347+0000][2.790s][info ][gc,phases     ] GC(5)   Post Evacuate Collection Set: 1.0ms
[2023-11-16T05:34:22.347+0000][2.790s][info ][gc,phases     ] GC(5)   Other: 0.2ms
[2023-11-16T05:34:22.347+0000][2.790s][info ][gc,heap       ] GC(5) Eden regions: 208->0(204)
[2023-11-16T05:34:22.347+0000][2.790s][info ][gc,heap       ] GC(5) Survivor regions: 6->9(27)
[2023-11-16T05:34:22.347+0000][2.790s][info ][gc,heap       ] GC(5) Old regions: 10->10
[2023-11-16T05:34:22.347+0000][2.790s][info ][gc,heap       ] GC(5) Humongous regions: 0->0
[2023-11-16T05:34:22.347+0000][2.790s][info ][gc,metaspace  ] GC(5) Metaspace: 19858K(20736K)->19858K(20736K) NonClass: 17318K(17920K)->17318K(17920K) Class: 2539K(2816K)->2539K(2816K)
[2023-11-16T05:34:22.347+0000][2.790s][info ][gc            ] GC(5) Pause Young (Normal) (GCLocker Initiated GC) 221M->16M(356M) 6.942ms
[2023-11-16T05:34:22.347+0000][2.790s][info ][gc,cpu        ] GC(5) User=0.02s Sys=0.00s Real=0.00s
[2023-11-16T05:34:22.347+0000][2.790s][info ][safepoint     ] Leaving safepoint region
[2023-11-16T05:34:22.347+0000][2.790s][info ][safepoint     ] Total time for which application threads were stopped: 0.0070324 seconds, Stopping threads took: 0.0000073 seconds
[2023-11-16T05:34:22.347+0000][2.790s][info ][gc,stringdedup] Concurrent String Deduplication (2.790s)
[2023-11-16T05:34:22.348+0000][2.791s][info ][gc,stringdedup] Concurrent String Deduplication 133.4K->45920.0B(90672.0B) avg 12.9% (2.790s, 2.791s) 0.729ms
[2023-11-16T05:34:22.376+0000][2.819s][debug][safepoint     ] Safepoint synchronization initiated. (12 threads)
[2023-11-16T05:34:22.376+0000][2.819s][info ][safepoint     ] Application time: 0.0288961 seconds
[2023-11-16T05:34:22.376+0000][2.819s][debug][safepoint     ] ... found polling page return exception at pc = 0x00007fde84355175, stub =0x00007fde7c83a800
[2023-11-16T05:34:22.376+0000][2.819s][debug][safepoint     ] Waiting for 1 thread(s) to block
[2023-11-16T05:34:22.376+0000][2.819s][info ][safepoint     ] Entering safepoint region: CollectForMetadataAllocation
[2023-11-16T05:34:22.376+0000][2.819s][info ][gc,start      ] GC(6) Pause Young (Concurrent Start) (Metadata GC Threshold)
[2023-11-16T05:34:22.376+0000][2.819s][info ][gc,task       ] GC(6) Using 4 workers of 4 for evacuation
[2023-11-16T05:34:22.387+0000][2.830s][info ][gc,phases     ] GC(6)   Pre Evacuate Collection Set: 0.0ms
[2023-11-16T05:34:22.387+0000][2.830s][info ][gc,phases     ] GC(6)   Evacuate Collection Set: 9.9ms
[2023-11-16T05:34:22.387+0000][2.830s][info ][gc,phases     ] GC(6)   Post Evacuate Collection Set: 0.9ms
[2023-11-16T05:34:22.387+0000][2.830s][info ][gc,phases     ] GC(6)   Other: 0.2ms
[2023-11-16T05:34:22.387+0000][2.830s][info ][gc,heap       ] GC(6) Eden regions: 7->0(204)
[2023-11-16T05:34:22.387+0000][2.830s][info ][gc,heap       ] GC(6) Survivor regions: 9->9(27)
[2023-11-16T05:34:22.387+0000][2.830s][info ][gc,heap       ] GC(6) Old regions: 10->10
[2023-11-16T05:34:22.387+0000][2.830s][info ][gc,heap       ] GC(6) Humongous regions: 0->0
[2023-11-16T05:34:22.387+0000][2.830s][info ][gc,metaspace  ] GC(6) Metaspace: 20270K(21248K)->20270K(21248K) NonClass: 17690K(18432K)->17690K(18432K) Class: 2579K(2816K)->2579K(2816K)
[2023-11-16T05:34:22.387+0000][2.830s][info ][gc            ] GC(6) Pause Young (Concurrent Start) (Metadata GC Threshold) 23M->16M(356M) 11.150ms
[2023-11-16T05:34:22.387+0000][2.830s][info ][gc,cpu        ] GC(6) User=0.03s Sys=0.00s Real=0.01s
[2023-11-16T05:34:22.387+0000][2.830s][info ][safepoint     ] Leaving safepoint region
[2023-11-16T05:34:22.387+0000][2.830s][info ][safepoint     ] Total time for which application threads were stopped: 0.0113842 seconds, Stopping threads took: 0.0000693 seconds
[2023-11-16T05:34:22.387+0000][2.830s][info ][gc            ] GC(7) Concurrent Cycle
[2023-11-16T05:34:22.387+0000][2.830s][info ][gc,marking    ] GC(7) Concurrent Clear Claimed Marks
[2023-11-16T05:34:22.387+0000][2.830s][info ][gc,marking    ] GC(7) Concurrent Clear Claimed Marks 0.025ms
[2023-11-16T05:34:22.387+0000][2.830s][info ][gc,marking    ] GC(7) Concurrent Scan Root Regions
[2023-11-16T05:34:22.387+0000][2.830s][info ][gc,stringdedup] Concurrent String Deduplication (2.830s)
[2023-11-16T05:34:22.393+0000][2.837s][info ][gc,marking    ] GC(7) Concurrent Scan Root Regions 6.081ms
[2023-11-16T05:34:22.393+0000][2.837s][info ][gc,marking    ] GC(7) Concurrent Mark (2.837s)
[2023-11-16T05:34:22.393+0000][2.837s][info ][gc,marking    ] GC(7) Concurrent Mark From Roots
[2023-11-16T05:34:22.393+0000][2.837s][info ][gc,task       ] GC(7) Using 1 workers of 1 for marking
[2023-11-16T05:34:22.394+0000][2.837s][info ][gc,stringdedup] Concurrent String Deduplication 181.6K->121.2K(61880.0B) avg 14.1% (2.830s, 2.837s) 6.591ms
[2023-11-16T05:34:22.404+0000][2.848s][info ][gc,marking    ] GC(7) Concurrent Mark From Roots 11.002ms
[2023-11-16T05:34:22.404+0000][2.848s][info ][gc,marking    ] GC(7) Concurrent Preclean
[2023-11-16T05:34:22.404+0000][2.848s][info ][gc,marking    ] GC(7) Concurrent Preclean 0.057ms
[2023-11-16T05:34:22.404+0000][2.848s][info ][gc,marking    ] GC(7) Concurrent Mark (2.837s, 2.848s) 11.119ms
[2023-11-16T05:34:22.404+0000][2.848s][debug][safepoint     ] Safepoint synchronization initiated. (12 threads)
[2023-11-16T05:34:22.404+0000][2.848s][info ][safepoint     ] Application time: 0.0173573 seconds
[2023-11-16T05:34:22.405+0000][2.848s][debug][safepoint     ] ... found polling page return exception at pc = 0x00007fde7cfa686a, stub =0x00007fde7c83a800
[2023-11-16T05:34:22.405+0000][2.848s][debug][safepoint     ] ... found polling page return exception at pc = 0x00007fde8442ea69, stub =0x00007fde7c83a800
[2023-11-16T05:34:22.405+0000][2.848s][debug][safepoint     ] Waiting for 2 thread(s) to block
[2023-11-16T05:34:22.405+0000][2.848s][info ][safepoint     ] Entering safepoint region: CGC_Operation
[2023-11-16T05:34:22.405+0000][2.848s][info ][gc,start      ] GC(7) Pause Remark
[2023-11-16T05:34:22.407+0000][2.850s][info ][gc,stringtable] GC(7) Cleaned string and symbol table, strings: 7587 processed, 7 removed, symbols: 54446 processed, 114 removed
[2023-11-16T05:34:22.407+0000][2.851s][info ][gc            ] GC(7) Pause Remark 20M->20M(356M) 2.445ms
[2023-11-16T05:34:22.407+0000][2.851s][info ][gc,cpu        ] GC(7) User=0.01s Sys=0.00s Real=0.00s
[2023-11-16T05:34:22.407+0000][2.851s][info ][safepoint     ] Leaving safepoint region
[2023-11-16T05:34:22.407+0000][2.851s][info ][safepoint     ] Total time for which application threads were stopped: 0.0028235 seconds, Stopping threads took: 0.0002789 seconds
[2023-11-16T05:34:22.407+0000][2.851s][info ][gc,marking    ] GC(7) Concurrent Rebuild Remembered Sets
[2023-11-16T05:34:22.413+0000][2.857s][info ][gc,marking    ] GC(7) Concurrent Rebuild Remembered Sets 6.126ms
[2023-11-16T05:34:22.413+0000][2.857s][debug][safepoint     ] Safepoint synchronization initiated. (12 threads)
[2023-11-16T05:34:22.414+0000][2.857s][info ][safepoint     ] Application time: 0.0062316 seconds
[2023-11-16T05:34:22.414+0000][2.857s][debug][safepoint     ] ... found polling page return exception at pc = 0x00007fde8430900c, stub =0x00007fde7c83a800
[2023-11-16T05:34:22.416+0000][2.859s][debug][safepoint     ] Waiting for 3 thread(s) to block
[2023-11-16T05:34:22.416+0000][2.859s][info ][safepoint     ] Entering safepoint region: CGC_Operation
[2023-11-16T05:34:22.416+0000][2.859s][info ][gc,start      ] GC(7) Pause Cleanup
[2023-11-16T05:34:22.416+0000][2.860s][info ][gc            ] GC(7) Pause Cleanup 20M->20M(356M) 0.160ms
[2023-11-16T05:34:22.416+0000][2.860s][info ][gc,cpu        ] GC(7) User=0.00s Sys=0.00s Real=0.00s
[2023-11-16T05:34:22.416+0000][2.860s][info ][safepoint     ] Leaving safepoint region
[2023-11-16T05:34:22.416+0000][2.860s][info ][safepoint     ] Total time for which application threads were stopped: 0.0028090 seconds, Stopping threads took: 0.0025395 seconds
[2023-11-16T05:34:22.416+0000][2.860s][info ][gc,marking    ] GC(7) Concurrent Cleanup for Next Mark
[2023-11-16T05:34:22.419+0000][2.862s][info ][gc,marking    ] GC(7) Concurrent Cleanup for Next Mark 2.374ms
[2023-11-16T05:34:22.419+0000][2.862s][info ][gc            ] GC(7) Concurrent Cycle 31.661ms
[2023-11-16T05:34:22.631+0000][3.074s][debug][safepoint     ] Safepoint synchronization initiated. (12 threads)
[2023-11-16T05:34:22.631+0000][3.074s][info ][safepoint     ] Application time: 0.2148456 seconds
[2023-11-16T05:34:22.631+0000][3.075s][debug][safepoint     ] ... found polling page return exception at pc = 0x00007fde84433b1f, stub =0x00007fde7c83a800
[2023-11-16T05:34:22.631+0000][3.075s][debug][safepoint     ] Waiting for 2 thread(s) to block
[2023-11-16T05:34:22.631+0000][3.075s][info ][safepoint     ] Entering safepoint region: Deoptimize
[2023-11-16T05:34:22.632+0000][3.075s][info ][safepoint     ] Leaving safepoint region
[2023-11-16T05:34:22.632+0000][3.075s][info ][safepoint     ] Total time for which application threads were stopped: 0.0004349 seconds, Stopping threads took: 0.0000695 seconds
[2023-11-16T05:34:23.159+0000][3.602s][debug][safepoint     ] Safepoint synchronization initiated. (11 threads)
[2023-11-16T05:34:23.159+0000][3.602s][info ][safepoint     ] Application time: 0.5269940 seconds
[2023-11-16T05:34:23.159+0000][3.602s][info ][safepoint     ] Entering safepoint region: G1CollectForAllocation
[2023-11-16T05:34:23.159+0000][3.602s][info ][gc,start      ] GC(8) Pause Young (Normal) (G1 Evacuation Pause)
[2023-11-16T05:34:23.159+0000][3.602s][info ][gc,task       ] GC(8) Using 4 workers of 4 for evacuation
[2023-11-16T05:34:23.175+0000][3.618s][info ][gc,phases     ] GC(8)   Pre Evacuate Collection Set: 0.0ms
[2023-11-16T05:34:23.175+0000][3.618s][info ][gc,phases     ] GC(8)   Evacuate Collection Set: 14.3ms
[2023-11-16T05:34:23.175+0000][3.618s][info ][gc,phases     ] GC(8)   Post Evacuate Collection Set: 1.3ms
[2023-11-16T05:34:23.175+0000][3.618s][info ][gc,phases     ] GC(8)   Other: 0.1ms
[2023-11-16T05:34:23.175+0000][3.618s][info ][gc,heap       ] GC(8) Eden regions: 204->0(199)
[2023-11-16T05:34:23.175+0000][3.618s][info ][gc,heap       ] GC(8) Survivor regions: 9->14(27)
[2023-11-16T05:34:23.175+0000][3.618s][info ][gc,heap       ] GC(8) Old regions: 10->10
[2023-11-16T05:34:23.175+0000][3.618s][info ][gc,heap       ] GC(8) Humongous regions: 0->0
[2023-11-16T05:34:23.175+0000][3.618s][info ][gc,metaspace  ] GC(8) Metaspace: 24139K(25216K)->24139K(25216K) NonClass: 21078K(21760K)->21078K(21760K) Class: 3060K(3456K)->3060K(3456K)
[2023-11-16T05:34:23.175+0000][3.618s][info ][gc            ] GC(8) Pause Young (Normal) (G1 Evacuation Pause) 220M->21M(356M) 15.880ms
[2023-11-16T05:34:23.175+0000][3.618s][info ][gc,cpu        ] GC(8) User=0.05s Sys=0.00s Real=0.02s
[2023-11-16T05:34:23.175+0000][3.618s][info ][safepoint     ] Leaving safepoint region
[2023-11-16T05:34:23.175+0000][3.618s][info ][safepoint     ] Total time for which application threads were stopped: 0.0160600 seconds, Stopping threads took: 0.0000098 seconds
[2023-11-16T05:34:23.175+0000][3.618s][info ][gc,stringdedup] Concurrent String Deduplication (3.618s)
[2023-11-16T05:34:23.178+0000][3.621s][info ][gc,stringdedup] Concurrent String Deduplication 901.9K->760.8K(141.0K) avg 14.5% (3.618s, 3.621s) 2.889ms
[2023-11-16T05:34:23.756+0000][4.200s][debug][safepoint     ] Safepoint synchronization initiated. (11 threads)
[2023-11-16T05:34:23.756+0000][4.200s][info ][safepoint     ] Application time: 0.5818012 seconds
[2023-11-16T05:34:23.757+0000][4.200s][info ][safepoint     ] Entering safepoint region: ICBufferFull
[2023-11-16T05:34:23.757+0000][4.200s][info ][safepoint     ] Leaving safepoint region
[2023-11-16T05:34:23.757+0000][4.200s][info ][safepoint     ] Total time for which application threads were stopped: 0.0001867 seconds, Stopping threads took: 0.0000106 seconds
[2023-11-16T05:34:23.906+0000][4.349s][debug][safepoint     ] Safepoint synchronization initiated. (11 threads)
[2023-11-16T05:34:23.906+0000][4.349s][info ][safepoint     ] Application time: 0.1491837 seconds
[2023-11-16T05:34:23.906+0000][4.349s][info ][safepoint     ] Entering safepoint region: G1CollectForAllocation
[2023-11-16T05:34:23.906+0000][4.349s][info ][gc,start      ] GC(9) Pause Young (Normal) (G1 Evacuation Pause)
[2023-11-16T05:34:23.906+0000][4.349s][info ][gc,task       ] GC(9) Using 4 workers of 4 for evacuation
[2023-11-16T05:34:23.922+0000][4.366s][info ][gc,phases     ] GC(9)   Pre Evacuate Collection Set: 0.0ms
[2023-11-16T05:34:23.922+0000][4.366s][info ][gc,phases     ] GC(9)   Evacuate Collection Set: 14.0ms
[2023-11-16T05:34:23.922+0000][4.366s][info ][gc,phases     ] GC(9)   Post Evacuate Collection Set: 2.1ms
[2023-11-16T05:34:23.922+0000][4.366s][info ][gc,phases     ] GC(9)   Other: 0.2ms
[2023-11-16T05:34:23.922+0000][4.366s][info ][gc,heap       ] GC(9) Eden regions: 199->0(237)
[2023-11-16T05:34:23.922+0000][4.366s][info ][gc,heap       ] GC(9) Survivor regions: 14->19(27)
[2023-11-16T05:34:23.922+0000][4.366s][info ][gc,heap       ] GC(9) Old regions: 10->10
[2023-11-16T05:34:23.922+0000][4.366s][info ][gc,heap       ] GC(9) Humongous regions: 0->0
[2023-11-16T05:34:23.922+0000][4.366s][info ][gc,metaspace  ] GC(9) Metaspace: 24701K(25728K)->24701K(25728K) NonClass: 21592K(22272K)->21592K(22272K) Class: 3109K(3456K)->3109K(3456K)
[2023-11-16T05:34:23.922+0000][4.366s][info ][gc            ] GC(9) Pause Young (Normal) (G1 Evacuation Pause) 220M->26M(428M) 16.406ms
[2023-11-16T05:34:23.922+0000][4.366s][info ][gc,cpu        ] GC(9) User=0.05s Sys=0.00s Real=0.02s
[2023-11-16T05:34:23.922+0000][4.366s][info ][safepoint     ] Leaving safepoint region
[2023-11-16T05:34:23.923+0000][4.366s][info ][safepoint     ] Total time for which application threads were stopped: 0.0166029 seconds, Stopping threads took: 0.0000100 seconds
[2023-11-16T05:34:23.923+0000][4.366s][info ][gc,stringdedup] Concurrent String Deduplication (4.366s)
[2023-11-16T05:34:23.923+0000][4.366s][info ][gc,stringdedup] Concurrent String Deduplication 15816.0B->8664.0B(7152.0B) avg 14.6% (4.366s, 4.366s) 0.138ms
[2023-11-16T05:34:24.329+0000][4.772s][debug][safepoint     ] Safepoint synchronization initiated. (12 threads)
[2023-11-16T05:34:24.329+0000][4.772s][info ][safepoint     ] Application time: 0.4062801 seconds
[2023-11-16T05:34:24.329+0000][4.772s][debug][safepoint     ] ... found polling page loop exception at pc = 0x00007fde84426987, stub =0x00007fde7c83ab00
[2023-11-16T05:34:24.329+0000][4.772s][debug][safepoint     ] Waiting for 2 thread(s) to block
[2023-11-16T05:34:24.329+0000][4.772s][info ][safepoint     ] Entering safepoint region: G1CollectForAllocation
[2023-11-16T05:34:24.329+0000][4.772s][info ][gc,start      ] GC(10) Pause Young (Normal) (G1 Evacuation Pause)
[2023-11-16T05:34:24.329+0000][4.772s][info ][gc,task       ] GC(10) Using 4 workers of 4 for evacuation
[2023-11-16T05:34:24.347+0000][4.790s][info ][gc,phases     ] GC(10)   Pre Evacuate Collection Set: 0.0ms
[2023-11-16T05:34:24.347+0000][4.790s][info ][gc,phases     ] GC(10)   Evacuate Collection Set: 15.9ms
[2023-11-16T05:34:24.347+0000][4.790s][info ][gc,phases     ] GC(10)   Post Evacuate Collection Set: 1.4ms
[2023-11-16T05:34:24.347+0000][4.790s][info ][gc,phases     ] GC(10)   Other: 0.2ms
[2023-11-16T05:34:24.347+0000][4.790s][info ][gc,heap       ] GC(10) Eden regions: 237->0(238)
[2023-11-16T05:34:24.347+0000][4.790s][info ][gc,heap       ] GC(10) Survivor regions: 19->18(32)
[2023-11-16T05:34:24.347+0000][4.790s][info ][gc,heap       ] GC(10) Old regions: 10->11
[2023-11-16T05:34:24.347+0000][4.790s][info ][gc,heap       ] GC(10) Humongous regions: 0->0
[2023-11-16T05:34:24.347+0000][4.790s][info ][gc,metaspace  ] GC(10) Metaspace: 26239K(27392K)->26239K(27392K) NonClass: 23016K(23808K)->23016K(23808K) Class: 3223K(3584K)->3223K(3584K)
[2023-11-16T05:34:24.347+0000][4.790s][info ][gc            ] GC(10) Pause Young (Normal) (G1 Evacuation Pause) 263M->27M(428M) 17.625ms
[2023-11-16T05:34:24.347+0000][4.790s][info ][gc,cpu        ] GC(10) User=0.05s Sys=0.00s Real=0.01s
[2023-11-16T05:34:24.347+0000][4.790s][info ][safepoint     ] Leaving safepoint region
[2023-11-16T05:34:24.347+0000][4.790s][info ][safepoint     ] Total time for which application threads were stopped: 0.0178992 seconds, Stopping threads took: 0.0000892 seconds
[2023-11-16T05:34:24.347+0000][4.790s][info ][gc,stringdedup] Concurrent String Deduplication (4.790s)
[2023-11-16T05:34:24.365+0000][4.809s][info ][gc,stringdedup] Concurrent String Deduplication 1571.8K->830.5K(741.4K) avg 24.1% (4.790s, 4.809s) 18.656ms
[2023-11-16T05:34:24.880+0000][5.324s][debug][safepoint     ] Safepoint synchronization initiated. (11 threads)
[2023-11-16T05:34:24.880+0000][5.324s][info ][safepoint     ] Application time: 0.5337441 seconds
[2023-11-16T05:34:24.880+0000][5.324s][info ][safepoint     ] Entering safepoint region: G1CollectForAllocation
[2023-11-16T05:34:24.881+0000][5.324s][info ][gc,start      ] GC(11) Pause Young (Normal) (G1 Evacuation Pause)
[2023-11-16T05:34:24.881+0000][5.324s][info ][gc,task       ] GC(11) Using 4 workers of 4 for evacuation
[2023-11-16T05:34:24.897+0000][5.341s][info ][gc,phases     ] GC(11)   Pre Evacuate Collection Set: 0.0ms
[2023-11-16T05:34:24.897+0000][5.341s][info ][gc,phases     ] GC(11)   Evacuate Collection Set: 14.2ms
[2023-11-16T05:34:24.897+0000][5.341s][info ][gc,phases     ] GC(11)   Post Evacuate Collection Set: 2.3ms
[2023-11-16T05:34:24.897+0000][5.341s][info ][gc,phases     ] GC(11)   Other: 0.2ms
[2023-11-16T05:34:24.897+0000][5.341s][info ][gc,heap       ] GC(11) Eden regions: 238->0(239)
[2023-11-16T05:34:24.897+0000][5.341s][info ][gc,heap       ] GC(11) Survivor regions: 18->17(32)
[2023-11-16T05:34:24.897+0000][5.341s][info ][gc,heap       ] GC(11) Old regions: 11->13
[2023-11-16T05:34:24.897+0000][5.341s][info ][gc,heap       ] GC(11) Humongous regions: 0->0
[2023-11-16T05:34:24.897+0000][5.341s][info ][gc,metaspace  ] GC(11) Metaspace: 30907K(32000K)->30907K(32000K) NonClass: 27193K(27904K)->27193K(27904K) Class: 3714K(4096K)->3714K(4096K)
[2023-11-16T05:34:24.897+0000][5.341s][info ][gc            ] GC(11) Pause Young (Normal) (G1 Evacuation Pause) 265M->27M(428M) 16.780ms
[2023-11-16T05:34:24.897+0000][5.341s][info ][gc,cpu        ] GC(11) User=0.06s Sys=0.00s Real=0.01s
[2023-11-16T05:34:24.897+0000][5.341s][info ][safepoint     ] Leaving safepoint region
[2023-11-16T05:34:24.897+0000][5.341s][info ][safepoint     ] Total time for which application threads were stopped: 0.0169717 seconds, Stopping threads took: 0.0000095 seconds
[2023-11-16T05:34:24.898+0000][5.341s][info ][gc,stringdedup] Concurrent String Deduplication (5.341s)
[2023-11-16T05:34:24.905+0000][5.348s][info ][gc,stringdedup] Concurrent String Deduplication 1808.2K->473.6K(1334.6K) avg 36.6% (5.341s, 5.348s) 7.160ms
[2023-11-16T05:34:25.118+0000][5.561s][debug][safepoint     ] Safepoint synchronization initiated. (11 threads)
[2023-11-16T05:34:25.118+0000][5.561s][info ][safepoint     ] Application time: 0.2204436 seconds
[2023-11-16T05:34:25.118+0000][5.561s][debug][safepoint     ] Waiting for 1 thread(s) to block
[2023-11-16T05:34:25.118+0000][5.561s][info ][safepoint     ] Entering safepoint region: ICBufferFull
[2023-11-16T05:34:25.118+0000][5.561s][info ][safepoint     ] Leaving safepoint region
[2023-11-16T05:34:25.118+0000][5.561s][info ][safepoint     ] Total time for which application threads were stopped: 0.0002136 seconds, Stopping threads took: 0.0000366 seconds
[2023-11-16T05:34:25.314+0000][5.758s][debug][safepoint     ] Safepoint synchronization initiated. (11 threads)
[2023-11-16T05:34:25.314+0000][5.758s][info ][safepoint     ] Application time: 0.1961862 seconds
[2023-11-16T05:34:25.314+0000][5.758s][info ][safepoint     ] Entering safepoint region: Deoptimize
[2023-11-16T05:34:25.315+0000][5.758s][info ][safepoint     ] Leaving safepoint region
[2023-11-16T05:34:25.315+0000][5.758s][info ][safepoint     ] Total time for which application threads were stopped: 0.0004134 seconds, Stopping threads took: 0.0000091 seconds
[2023-11-16T05:34:25.562+0000][6.006s][debug][safepoint     ] Safepoint synchronization initiated. (11 threads)
[2023-11-16T05:34:25.562+0000][6.006s][info ][safepoint     ] Application time: 0.2476866 seconds
[2023-11-16T05:34:25.562+0000][6.006s][info ][safepoint     ] Entering safepoint region: G1CollectForAllocation
[2023-11-16T05:34:25.563+0000][6.006s][info ][gc,start      ] GC(12) Pause Young (Normal) (G1 Evacuation Pause)
[2023-11-16T05:34:25.563+0000][6.006s][info ][gc,task       ] GC(12) Using 4 workers of 4 for evacuation
[2023-11-16T05:34:25.585+0000][6.029s][info ][gc,phases     ] GC(12)   Pre Evacuate Collection Set: 0.0ms
[2023-11-16T05:34:25.586+0000][6.029s][info ][gc,phases     ] GC(12)   Evacuate Collection Set: 21.1ms
[2023-11-16T05:34:25.586+0000][6.029s][info ][gc,phases     ] GC(12)   Post Evacuate Collection Set: 1.7ms
[2023-11-16T05:34:25.586+0000][6.029s][info ][gc,phases     ] GC(12)   Other: 0.2ms
[2023-11-16T05:34:25.586+0000][6.029s][info ][gc,heap       ] GC(12) Eden regions: 239->0(240)
[2023-11-16T05:34:25.586+0000][6.029s][info ][gc,heap       ] GC(12) Survivor regions: 17->16(32)
[2023-11-16T05:34:25.586+0000][6.029s][info ][gc,heap       ] GC(12) Old regions: 13->15
[2023-11-16T05:34:25.586+0000][6.029s][info ][gc,heap       ] GC(12) Humongous regions: 0->0
[2023-11-16T05:34:25.586+0000][6.029s][info ][gc,metaspace  ] GC(12) Metaspace: 32794K(34048K)->32794K(34048K) NonClass: 28836K(29696K)->28836K(29696K) Class: 3958K(4352K)->3958K(4352K)
[2023-11-16T05:34:25.586+0000][6.029s][info ][gc            ] GC(12) Pause Young (Normal) (G1 Evacuation Pause) 266M->28M(428M) 23.013ms
[2023-11-16T05:34:25.586+0000][6.029s][info ][gc,cpu        ] GC(12) User=0.09s Sys=0.00s Real=0.02s
[2023-11-16T05:34:25.586+0000][6.029s][info ][safepoint     ] Leaving safepoint region
[2023-11-16T05:34:25.586+0000][6.029s][info ][safepoint     ] Total time for which application threads were stopped: 0.0231742 seconds, Stopping threads took: 0.0000099 seconds
[2023-11-16T05:34:25.586+0000][6.029s][info ][gc,stringdedup] Concurrent String Deduplication (6.029s)
[2023-11-16T05:34:25.588+0000][6.031s][info ][gc,stringdedup] Concurrent String Deduplication 427.5K->46520.0B(382.1K) avg 39.6% (6.029s, 6.031s) 1.468ms
[2023-11-16T05:34:25.715+0000][6.158s][debug][safepoint     ] Safepoint synchronization initiated. (11 threads)
[2023-11-16T05:34:25.715+0000][6.158s][info ][safepoint     ] Application time: 0.1293947 seconds
[2023-11-16T05:34:25.715+0000][6.158s][info ][safepoint     ] Entering safepoint region: Deoptimize
[2023-11-16T05:34:25.716+0000][6.159s][info ][safepoint     ] Leaving safepoint region
[2023-11-16T05:34:25.716+0000][6.159s][info ][safepoint     ] Total time for which application threads were stopped: 0.0004995 seconds, Stopping threads took: 0.0000087 seconds
[2023-11-16T05:34:25.982+0000][6.425s][debug][safepoint     ] Safepoint synchronization initiated. (11 threads)
[2023-11-16T05:34:25.982+0000][6.425s][info ][safepoint     ] Application time: 0.2665024 seconds
[2023-11-16T05:34:25.982+0000][6.425s][info ][safepoint     ] Entering safepoint region: Deoptimize
[2023-11-16T05:34:25.983+0000][6.426s][info ][safepoint     ] Leaving safepoint region
[2023-11-16T05:34:25.983+0000][6.426s][info ][safepoint     ] Total time for which application threads were stopped: 0.0004989 seconds, Stopping threads took: 0.0000102 seconds
[2023-11-16T05:34:25.990+0000][6.433s][debug][safepoint     ] Safepoint synchronization initiated. (11 threads)
[2023-11-16T05:34:25.990+0000][6.433s][info ][safepoint     ] Application time: 0.0070018 seconds
[2023-11-16T05:34:25.990+0000][6.433s][info ][safepoint     ] Entering safepoint region: CollectForMetadataAllocation
[2023-11-16T05:34:25.990+0000][6.433s][info ][gc,start      ] GC(13) Pause Young (Concurrent Start) (Metadata GC Threshold)
[2023-11-16T05:34:25.990+0000][6.433s][info ][gc,task       ] GC(13) Using 4 workers of 4 for evacuation
[2023-11-16T05:34:26.026+0000][6.469s][info ][gc,phases     ] GC(13)   Pre Evacuate Collection Set: 0.1ms
[2023-11-16T05:34:26.026+0000][6.470s][info ][gc,phases     ] GC(13)   Evacuate Collection Set: 20.7ms
[2023-11-16T05:34:26.026+0000][6.470s][info ][gc,phases     ] GC(13)   Post Evacuate Collection Set: 15.5ms
[2023-11-16T05:34:26.026+0000][6.470s][info ][gc,phases     ] GC(13)   Other: 0.2ms
[2023-11-16T05:34:26.026+0000][6.470s][info ][gc,heap       ] GC(13) Eden regions: 148->0(312)
[2023-11-16T05:34:26.026+0000][6.470s][info ][gc,heap       ] GC(13) Survivor regions: 16->15(32)
[2023-11-16T05:34:26.026+0000][6.470s][info ][gc,heap       ] GC(13) Old regions: 15->15
[2023-11-16T05:34:26.026+0000][6.470s][info ][gc,heap       ] GC(13) Humongous regions: 0->0
[2023-11-16T05:34:26.026+0000][6.470s][info ][gc,metaspace  ] GC(13) Metaspace: 34394K(35584K)->34394K(35584K) NonClass: 30234K(30976K)->30234K(30976K) Class: 4159K(4608K)->4159K(4608K)
[2023-11-16T05:34:26.026+0000][6.470s][info ][gc            ] GC(13) Pause Young (Concurrent Start) (Metadata GC Threshold) 176M->28M(545M) 36.609ms
[2023-11-16T05:34:26.026+0000][6.470s][info ][gc,cpu        ] GC(13) User=0.09s Sys=0.00s Real=0.03s
[2023-11-16T05:34:26.026+0000][6.470s][info ][safepoint     ] Leaving safepoint region
[2023-11-16T05:34:26.026+0000][6.470s][info ][gc            ] GC(14) Concurrent Cycle
[2023-11-16T05:34:26.026+0000][6.470s][info ][gc,marking    ] GC(14) Concurrent Clear Claimed Marks
[2023-11-16T05:34:26.026+0000][6.470s][info ][gc,marking    ] GC(14) Concurrent Clear Claimed Marks 0.064ms
[2023-11-16T05:34:26.026+0000][6.470s][info ][gc,marking    ] GC(14) Concurrent Scan Root Regions
[2023-11-16T05:34:26.026+0000][6.470s][info ][safepoint     ] Total time for which application threads were stopped: 0.0367695 seconds, Stopping threads took: 0.0000092 seconds
[2023-11-16T05:34:26.027+0000][6.470s][info ][gc,stringdedup] Concurrent String Deduplication (6.470s)
[2023-11-16T05:34:26.028+0000][6.471s][info ][gc,stringdedup] Concurrent String Deduplication 114.3K->19296.0B(97768.0B) avg 40.2% (6.470s, 6.471s) 0.871ms
[2023-11-16T05:34:26.031+0000][6.475s][debug][safepoint     ] Safepoint synchronization initiated. (11 threads)
[2023-11-16T05:34:26.031+0000][6.475s][info ][safepoint     ] Application time: 0.0046662 seconds
[2023-11-16T05:34:26.031+0000][6.475s][info ][safepoint     ] Entering safepoint region: Deoptimize
[2023-11-16T05:34:26.035+0000][6.478s][info ][gc,marking    ] GC(14) Concurrent Scan Root Regions 8.599ms
[2023-11-16T05:34:26.035+0000][6.478s][info ][gc,marking    ] GC(14) Concurrent Mark (6.478s)
[2023-11-16T05:34:26.035+0000][6.478s][info ][gc,marking    ] GC(14) Concurrent Mark From Roots
[2023-11-16T05:34:26.035+0000][6.478s][info ][gc,task       ] GC(14) Using 1 workers of 1 for marking
[2023-11-16T05:34:26.035+0000][6.479s][info ][safepoint     ] Leaving safepoint region
[2023-11-16T05:34:26.035+0000][6.479s][info ][safepoint     ] Total time for which application threads were stopped: 0.0041523 seconds, Stopping threads took: 0.0000096 seconds
[2023-11-16T05:34:26.054+0000][6.498s][debug][safepoint     ] Safepoint synchronization initiated. (11 threads)
[2023-11-16T05:34:26.054+0000][6.498s][info ][safepoint     ] Application time: 0.0188743 seconds
[2023-11-16T05:34:26.054+0000][6.498s][info ][safepoint     ] Entering safepoint region: Deoptimize
[2023-11-16T05:34:26.055+0000][6.498s][info ][safepoint     ] Leaving safepoint region
[2023-11-16T05:34:26.055+0000][6.498s][info ][safepoint     ] Total time for which application threads were stopped: 0.0003909 seconds, Stopping threads took: 0.0000094 seconds
[2023-11-16T05:34:26.058+0000][6.501s][info ][gc,marking    ] GC(14) Concurrent Mark From Roots 22.568ms
[2023-11-16T05:34:26.058+0000][6.501s][info ][gc,marking    ] GC(14) Concurrent Preclean
[2023-11-16T05:34:26.058+0000][6.501s][info ][gc,marking    ] GC(14) Concurrent Preclean 0.052ms
[2023-11-16T05:34:26.058+0000][6.501s][info ][gc,marking    ] GC(14) Concurrent Mark (6.478s, 6.501s) 22.663ms
[2023-11-16T05:34:26.059+0000][6.503s][debug][safepoint     ] Safepoint synchronization initiated. (11 threads)
[2023-11-16T05:34:26.060+0000][6.503s][info ][safepoint     ] Application time: 0.0047505 seconds
[2023-11-16T05:34:26.060+0000][6.503s][debug][safepoint     ] Waiting for 1 thread(s) to block
[2023-11-16T05:34:26.060+0000][6.503s][info ][safepoint     ] Entering safepoint region: CGC_Operation
[2023-11-16T05:34:26.060+0000][6.503s][info ][gc,start      ] GC(14) Pause Remark
[2023-11-16T05:34:26.067+0000][6.511s][info ][gc,stringtable] GC(14) Cleaned string and symbol table, strings: 12153 processed, 12 removed, symbols: 119968 processed, 310 removed
[2023-11-16T05:34:26.068+0000][6.511s][info ][gc            ] GC(14) Pause Remark 31M->31M(545M) 8.139ms
[2023-11-16T05:34:26.068+0000][6.511s][info ][gc,cpu        ] GC(14) User=0.02s Sys=0.00s Real=0.01s
[2023-11-16T05:34:26.068+0000][6.511s][info ][safepoint     ] Leaving safepoint region
[2023-11-16T05:34:26.068+0000][6.511s][info ][safepoint     ] Total time for which application threads were stopped: 0.0082901 seconds, Stopping threads took: 0.0000428 seconds
[2023-11-16T05:34:26.068+0000][6.511s][info ][gc,marking    ] GC(14) Concurrent Rebuild Remembered Sets
[2023-11-16T05:34:26.080+0000][6.523s][info ][gc,marking    ] GC(14) Concurrent Rebuild Remembered Sets 12.194ms
[2023-11-16T05:34:26.080+0000][6.523s][debug][safepoint     ] Safepoint synchronization initiated. (11 threads)
[2023-11-16T05:34:26.080+0000][6.523s][info ][safepoint     ] Application time: 0.0122891 seconds
[2023-11-16T05:34:26.080+0000][6.523s][info ][safepoint     ] Entering safepoint region: CGC_Operation
[2023-11-16T05:34:26.080+0000][6.523s][info ][gc,start      ] GC(14) Pause Cleanup
[2023-11-16T05:34:26.080+0000][6.524s][info ][gc            ] GC(14) Pause Cleanup 33M->33M(545M) 0.151ms
[2023-11-16T05:34:26.080+0000][6.524s][info ][gc,cpu        ] GC(14) User=0.00s Sys=0.00s Real=0.00s
[2023-11-16T05:34:26.080+0000][6.524s][info ][safepoint     ] Leaving safepoint region
[2023-11-16T05:34:26.080+0000][6.524s][info ][safepoint     ] Total time for which application threads were stopped: 0.0002478 seconds, Stopping threads took: 0.0000099 seconds
[2023-11-16T05:34:26.080+0000][6.524s][info ][gc,marking    ] GC(14) Concurrent Cleanup for Next Mark
[2023-11-16T05:34:26.084+0000][6.527s][info ][gc,marking    ] GC(14) Concurrent Cleanup for Next Mark 3.529ms
[2023-11-16T05:34:26.084+0000][6.527s][info ][gc            ] GC(14) Concurrent Cycle 57.599ms
[2023-11-16T05:34:26.096+0000][6.539s][debug][safepoint     ] Safepoint synchronization initiated. (11 threads)
[2023-11-16T05:34:26.096+0000][6.539s][info ][safepoint     ] Application time: 0.0158015 seconds
[2023-11-16T05:34:26.096+0000][6.539s][info ][safepoint     ] Entering safepoint region: Deoptimize
[2023-11-16T05:34:26.097+0000][6.540s][info ][safepoint     ] Leaving safepoint region
[2023-11-16T05:34:26.097+0000][6.540s][info ][safepoint     ] Total time for which application threads were stopped: 0.0004131 seconds, Stopping threads took: 0.0000095 seconds
[2023-11-16T05:34:26.330+0000][6.774s][debug][safepoint     ] Safepoint synchronization initiated. (11 threads)
[2023-11-16T05:34:26.330+0000][6.774s][info ][safepoint     ] Application time: 0.2337289 seconds
[2023-11-16T05:34:26.330+0000][6.774s][info ][safepoint     ] Entering safepoint region: Deoptimize
[2023-11-16T05:34:26.331+0000][6.774s][info ][safepoint     ] Leaving safepoint region
[2023-11-16T05:34:26.331+0000][6.774s][info ][safepoint     ] Total time for which application threads were stopped: 0.0005927 seconds, Stopping threads took: 0.0000396 seconds
[2023-11-16T05:34:26.364+0000][6.807s][debug][safepoint     ] Safepoint synchronization initiated. (10 threads)
[2023-11-16T05:34:26.364+0000][6.807s][info ][safepoint     ] Application time: 0.0328284 seconds
[2023-11-16T05:34:26.364+0000][6.807s][info ][safepoint     ] Entering safepoint region: Deoptimize
[2023-11-16T05:34:26.364+0000][6.808s][info ][safepoint     ] Leaving safepoint region
[2023-11-16T05:34:26.364+0000][6.808s][info ][safepoint     ] Total time for which application threads were stopped: 0.0005827 seconds, Stopping threads took: 0.0000167 seconds
[2023-11-16T05:34:26.817+0000][7.260s][debug][safepoint     ] Safepoint synchronization initiated. (11 threads)
[2023-11-16T05:34:26.817+0000][7.260s][info ][safepoint     ] Application time: 0.4521919 seconds
[2023-11-16T05:34:26.817+0000][7.260s][debug][safepoint     ] Waiting for 1 thread(s) to block
[2023-11-16T05:34:26.817+0000][7.260s][info ][safepoint     ] Entering safepoint region: ICBufferFull
[2023-11-16T05:34:26.817+0000][7.260s][info ][safepoint     ] Leaving safepoint region
[2023-11-16T05:34:26.817+0000][7.260s][info ][safepoint     ] Total time for which application threads were stopped: 0.0002501 seconds, Stopping threads took: 0.0000481 seconds
[2023-11-16T05:34:27.096+0000][7.539s][debug][safepoint     ] Safepoint synchronization initiated. (11 threads)
[2023-11-16T05:34:27.096+0000][7.540s][info ][safepoint     ] Application time: 0.2793258 seconds
[2023-11-16T05:34:27.096+0000][7.540s][info ][safepoint     ] Entering safepoint region: G1CollectForAllocation
[2023-11-16T05:34:27.096+0000][7.540s][info ][gc,start      ] GC(15) Pause Young (Normal) (G1 Evacuation Pause)
[2023-11-16T05:34:27.096+0000][7.540s][info ][gc,task       ] GC(15) Using 4 workers of 4 for evacuation
[2023-11-16T05:34:27.121+0000][7.565s][info ][gc,phases     ] GC(15)   Pre Evacuate Collection Set: 0.0ms
[2023-11-16T05:34:27.121+0000][7.565s][info ][gc,phases     ] GC(15)   Evacuate Collection Set: 23.1ms
[2023-11-16T05:34:27.121+0000][7.565s][info ][gc,phases     ] GC(15)   Post Evacuate Collection Set: 1.7ms
[2023-11-16T05:34:27.121+0000][7.565s][info ][gc,phases     ] GC(15)   Other: 0.2ms
[2023-11-16T05:34:27.121+0000][7.565s][info ][gc,heap       ] GC(15) Eden regions: 312->0(309)
[2023-11-16T05:34:27.121+0000][7.565s][info ][gc,heap       ] GC(15) Survivor regions: 15->18(41)
[2023-11-16T05:34:27.121+0000][7.565s][info ][gc,heap       ] GC(15) Old regions: 15->15
[2023-11-16T05:34:27.122+0000][7.565s][info ][gc,heap       ] GC(15) Humongous regions: 0->0
[2023-11-16T05:34:27.122+0000][7.565s][info ][gc,metaspace  ] GC(15) Metaspace: 39125K(40576K)->39125K(40576K) NonClass: 34326K(35328K)->34326K(35328K) Class: 4798K(5248K)->4798K(5248K)
[2023-11-16T05:34:27.122+0000][7.565s][info ][gc            ] GC(15) Pause Young (Normal) (G1 Evacuation Pause) 340M->30M(545M) 25.152ms
[2023-11-16T05:34:27.122+0000][7.565s][info ][gc,cpu        ] GC(15) User=0.10s Sys=0.00s Real=0.03s
[2023-11-16T05:34:27.122+0000][7.565s][info ][safepoint     ] Leaving safepoint region
[2023-11-16T05:34:27.122+0000][7.565s][info ][safepoint     ] Total time for which application threads were stopped: 0.0253759 seconds, Stopping threads took: 0.0000098 seconds
[2023-11-16T05:34:27.122+0000][7.565s][info ][gc,stringdedup] Concurrent String Deduplication (7.565s)
[2023-11-16T05:34:27.123+0000][7.567s][info ][gc,stringdedup] Concurrent String Deduplication 483.1K->236.8K(246.3K) avg 40.9% (7.565s, 7.567s) 1.732ms
[2023-11-16T05:34:27.912+0000][8.356s][debug][safepoint     ] Safepoint synchronization initiated. (11 threads)
[2023-11-16T05:34:27.912+0000][8.356s][info ][safepoint     ] Application time: 0.7906567 seconds
[2023-11-16T05:34:27.912+0000][8.356s][info ][safepoint     ] Entering safepoint region: Deoptimize
[2023-11-16T05:34:27.913+0000][8.356s][info ][safepoint     ] Leaving safepoint region
[2023-11-16T05:34:27.913+0000][8.356s][info ][safepoint     ] Total time for which application threads were stopped: 0.0005130 seconds, Stopping threads took: 0.0000093 seconds
[2023-11-16T05:34:27.926+0000][8.369s][debug][safepoint     ] Safepoint synchronization initiated. (11 threads)
[2023-11-16T05:34:27.926+0000][8.369s][info ][safepoint     ] Application time: 0.0130217 seconds
[2023-11-16T05:34:27.926+0000][8.369s][info ][safepoint     ] Entering safepoint region: Deoptimize
[2023-11-16T05:34:27.926+0000][8.370s][info ][safepoint     ] Leaving safepoint region
[2023-11-16T05:34:27.926+0000][8.370s][info ][safepoint     ] Total time for which application threads were stopped: 0.0004680 seconds, Stopping threads took: 0.0000093 seconds
[2023-11-16T05:34:27.949+0000][8.392s][debug][safepoint     ] Safepoint synchronization initiated. (11 threads)
[2023-11-16T05:34:27.949+0000][8.392s][info ][safepoint     ] Application time: 0.0223536 seconds
[2023-11-16T05:34:27.949+0000][8.392s][info ][safepoint     ] Entering safepoint region: Deoptimize
[2023-11-16T05:34:27.949+0000][8.392s][info ][safepoint     ] Leaving safepoint region
[2023-11-16T05:34:27.949+0000][8.392s][info ][safepoint     ] Total time for which application threads were stopped: 0.0004626 seconds, Stopping threads took: 0.0000094 seconds
[2023-11-16T05:34:28.220+0000][8.663s][debug][safepoint     ] Safepoint synchronization initiated. (11 threads)
[2023-11-16T05:34:28.220+0000][8.663s][info ][safepoint     ] Application time: 0.2708735 seconds
[2023-11-16T05:34:28.220+0000][8.663s][debug][safepoint     ] Waiting for 1 thread(s) to block
[2023-11-16T05:34:28.220+0000][8.663s][info ][safepoint     ] Entering safepoint region: Deoptimize
[2023-11-16T05:34:28.221+0000][8.664s][info ][safepoint     ] Leaving safepoint region
[2023-11-16T05:34:28.221+0000][8.664s][info ][safepoint     ] Total time for which application threads were stopped: 0.0005599 seconds, Stopping threads took: 0.0000282 seconds
[2023-11-16T05:34:28.221+0000][8.665s][debug][safepoint     ] Safepoint synchronization initiated. (11 threads)
[2023-11-16T05:34:28.221+0000][8.665s][info ][safepoint     ] Application time: 0.0008784 seconds
[2023-11-16T05:34:28.221+0000][8.665s][info ][safepoint     ] Entering safepoint region: Deoptimize
[2023-11-16T05:34:28.222+0000][8.665s][info ][safepoint     ] Leaving safepoint region
[2023-11-16T05:34:28.222+0000][8.665s][info ][safepoint     ] Total time for which application threads were stopped: 0.0004216 seconds, Stopping threads took: 0.0000157 seconds
[2023-11-16T05:34:28.301+0000][8.744s][debug][safepoint     ] Safepoint synchronization initiated. (11 threads)
[2023-11-16T05:34:28.301+0000][8.744s][info ][safepoint     ] Application time: 0.0792001 seconds
[2023-11-16T05:34:28.301+0000][8.744s][debug][safepoint     ] Waiting for 1 thread(s) to block
[2023-11-16T05:34:28.301+0000][8.744s][info ][safepoint     ] Entering safepoint region: Deoptimize
[2023-11-16T05:34:28.302+0000][8.745s][info ][safepoint     ] Leaving safepoint region
[2023-11-16T05:34:28.302+0000][8.745s][info ][safepoint     ] Total time for which application threads were stopped: 0.0004944 seconds, Stopping threads took: 0.0000266 seconds
[2023-11-16T05:34:28.615+0000][9.059s][debug][safepoint     ] Safepoint synchronization initiated. (11 threads)
[2023-11-16T05:34:28.615+0000][9.059s][info ][safepoint     ] Application time: 0.3138016 seconds
[2023-11-16T05:34:28.615+0000][9.059s][debug][safepoint     ] Waiting for 1 thread(s) to block
[2023-11-16T05:34:28.615+0000][9.059s][info ][safepoint     ] Entering safepoint region: Deoptimize
[2023-11-16T05:34:28.616+0000][9.059s][info ][safepoint     ] Leaving safepoint region
[2023-11-16T05:34:28.616+0000][9.059s][info ][safepoint     ] Total time for which application threads were stopped: 0.0005969 seconds, Stopping threads took: 0.0000295 seconds
[2023-11-16T05:34:28.617+0000][9.060s][debug][safepoint     ] Safepoint synchronization initiated. (11 threads)
[2023-11-16T05:34:28.617+0000][9.060s][info ][safepoint     ] Application time: 0.0005980 seconds
[2023-11-16T05:34:28.617+0000][9.060s][debug][safepoint     ] Waiting for 1 thread(s) to block
[2023-11-16T05:34:28.617+0000][9.060s][info ][safepoint     ] Entering safepoint region: Deoptimize
[2023-11-16T05:34:28.617+0000][9.060s][info ][safepoint     ] Leaving safepoint region
[2023-11-16T05:34:28.617+0000][9.060s][info ][safepoint     ] Total time for which application threads were stopped: 0.0004719 seconds, Stopping threads took: 0.0000233 seconds
[2023-11-16T05:34:28.659+0000][9.102s][debug][safepoint     ] Safepoint synchronization initiated. (11 threads)
[2023-11-16T05:34:28.659+0000][9.102s][info ][safepoint     ] Application time: 0.0416025 seconds
[2023-11-16T05:34:28.659+0000][9.102s][debug][safepoint     ] Waiting for 1 thread(s) to block
[2023-11-16T05:34:28.659+0000][9.102s][info ][safepoint     ] Entering safepoint region: G1CollectForAllocation
[2023-11-16T05:34:28.659+0000][9.102s][info ][gc,start      ] GC(16) Pause Young (Normal) (G1 Evacuation Pause)
[2023-11-16T05:34:28.659+0000][9.102s][info ][gc,task       ] GC(16) Using 4 workers of 4 for evacuation
[2023-11-16T05:34:28.693+0000][9.136s][info ][gc,phases     ] GC(16)   Pre Evacuate Collection Set: 0.0ms
[2023-11-16T05:34:28.693+0000][9.136s][info ][gc,phases     ] GC(16)   Evacuate Collection Set: 29.5ms
[2023-11-16T05:34:28.693+0000][9.136s][info ][gc,phases     ] GC(16)   Post Evacuate Collection Set: 4.0ms
[2023-11-16T05:34:28.693+0000][9.136s][info ][gc,phases     ] GC(16)   Other: 0.2ms
[2023-11-16T05:34:28.693+0000][9.136s][info ][gc,heap       ] GC(16) Eden regions: 309->0(306)
[2023-11-16T05:34:28.693+0000][9.136s][info ][gc,heap       ] GC(16) Survivor regions: 18->21(41)
[2023-11-16T05:34:28.693+0000][9.136s][info ][gc,heap       ] GC(16) Old regions: 15->15
[2023-11-16T05:34:28.693+0000][9.136s][info ][gc,heap       ] GC(16) Humongous regions: 0->0
[2023-11-16T05:34:28.693+0000][9.136s][info ][gc,metaspace  ] GC(16) Metaspace: 46083K(47488K)->46083K(47488K) NonClass: 40351K(41216K)->40351K(41216K) Class: 5731K(6272K)->5731K(6272K)
[2023-11-16T05:34:28.693+0000][9.136s][info ][gc            ] GC(16) Pause Young (Normal) (G1 Evacuation Pause) 339M->34M(545M) 33.836ms
[2023-11-16T05:34:28.693+0000][9.136s][info ][gc,cpu        ] GC(16) User=0.13s Sys=0.00s Real=0.04s
[2023-11-16T05:34:28.693+0000][9.136s][info ][safepoint     ] Leaving safepoint region
[2023-11-16T05:34:28.693+0000][9.136s][info ][safepoint     ] Total time for which application threads were stopped: 0.0339696 seconds, Stopping threads took: 0.0000283 seconds
[2023-11-16T05:34:28.693+0000][9.136s][info ][gc,stringdedup] Concurrent String Deduplication (9.136s)
[2023-11-16T05:34:28.694+0000][9.137s][info ][gc,stringdedup] Concurrent String Deduplication 158.8K->61920.0B(100672.0B) avg 41.3% (9.136s, 9.137s) 0.859ms
[2023-11-16T05:34:28.820+0000][9.263s][debug][safepoint     ] Safepoint synchronization initiated. (11 threads)
[2023-11-16T05:34:28.820+0000][9.263s][info ][safepoint     ] Application time: 0.1271745 seconds
[2023-11-16T05:34:28.820+0000][9.263s][debug][safepoint     ] Waiting for 1 thread(s) to block
[2023-11-16T05:34:28.820+0000][9.263s][info ][safepoint     ] Entering safepoint region: Deoptimize
[2023-11-16T05:34:28.820+0000][9.264s][info ][safepoint     ] Leaving safepoint region
[2023-11-16T05:34:28.820+0000][9.264s][info ][safepoint     ] Total time for which application threads were stopped: 0.0005384 seconds, Stopping threads took: 0.0000353 seconds
[2023-11-16T05:34:28.910+0000][9.354s][debug][safepoint     ] Safepoint synchronization initiated. (11 threads)
[2023-11-16T05:34:28.910+0000][9.354s][info ][safepoint     ] Application time: 0.0900971 seconds
[2023-11-16T05:34:28.911+0000][9.354s][debug][safepoint     ] Waiting for 1 thread(s) to block
[2023-11-16T05:34:28.911+0000][9.354s][info ][safepoint     ] Entering safepoint region: ICBufferFull
[2023-11-16T05:34:28.911+0000][9.354s][info ][safepoint     ] Leaving safepoint region
[2023-11-16T05:34:28.911+0000][9.354s][info ][safepoint     ] Total time for which application threads were stopped: 0.0003867 seconds, Stopping threads took: 0.0002224 seconds
[2023-11-16T05:34:28.951+0000][9.395s][debug][safepoint     ] Safepoint synchronization initiated. (11 threads)
[2023-11-16T05:34:28.952+0000][9.395s][info ][safepoint     ] Application time: 0.0406314 seconds
[2023-11-16T05:34:28.952+0000][9.395s][debug][safepoint     ] Waiting for 1 thread(s) to block
[2023-11-16T05:34:28.952+0000][9.395s][info ][safepoint     ] Entering safepoint region: Deoptimize
[2023-11-16T05:34:28.952+0000][9.395s][info ][safepoint     ] Leaving safepoint region
[2023-11-16T05:34:28.952+0000][9.395s][info ][safepoint     ] Total time for which application threads were stopped: 0.0005271 seconds, Stopping threads took: 0.0000336 seconds
[2023-11-16T05:34:29.251+0000][9.694s][debug][safepoint     ] Safepoint synchronization initiated. (11 threads)
[2023-11-16T05:34:29.251+0000][9.695s][info ][safepoint     ] Application time: 0.2991286 seconds
[2023-11-16T05:34:29.251+0000][9.695s][info ][safepoint     ] Entering safepoint region: Deoptimize
[2023-11-16T05:34:29.252+0000][9.695s][info ][safepoint     ] Leaving safepoint region
[2023-11-16T05:34:29.252+0000][9.695s][info ][safepoint     ] Total time for which application threads were stopped: 0.0005933 seconds, Stopping threads took: 0.0000112 seconds
[2023-11-16T05:34:30.252+0000][10.695s][debug][safepoint     ] Safepoint synchronization initiated. (13 threads)
[2023-11-16T05:34:30.252+0000][10.695s][info ][safepoint     ] Application time: 1.0001530 seconds
[2023-11-16T05:34:30.252+0000][10.695s][info ][safepoint     ] Entering safepoint region: Cleanup
[2023-11-16T05:34:30.252+0000][10.695s][info ][safepoint     ] Leaving safepoint region
[2023-11-16T05:34:30.252+0000][10.695s][info ][safepoint     ] Total time for which application threads were stopped: 0.0001909 seconds, Stopping threads took: 0.0000179 seconds
[2023-11-16T05:34:30.321+0000][10.764s][debug][safepoint     ] Safepoint synchronization initiated. (12 threads)
[2023-11-16T05:34:30.321+0000][10.764s][info ][safepoint     ] Application time: 0.0685308 seconds
[2023-11-16T05:34:30.321+0000][10.764s][info ][safepoint     ] Entering safepoint region: Deoptimize
[2023-11-16T05:34:30.321+0000][10.765s][info ][safepoint     ] Leaving safepoint region
[2023-11-16T05:34:30.321+0000][10.765s][info ][safepoint     ] Total time for which application threads were stopped: 0.0006106 seconds, Stopping threads took: 0.0000115 seconds
[2023-11-16T05:34:30.392+0000][10.836s][debug][safepoint     ] Safepoint synchronization initiated. (13 threads)
[2023-11-16T05:34:30.392+0000][10.836s][info ][safepoint     ] Application time: 0.0710775 seconds
[2023-11-16T05:34:30.392+0000][10.836s][debug][safepoint     ] Waiting for 1 thread(s) to block
[2023-11-16T05:34:30.392+0000][10.836s][info ][safepoint     ] Entering safepoint region: Deoptimize
[2023-11-16T05:34:30.393+0000][10.836s][info ][safepoint     ] Leaving safepoint region
[2023-11-16T05:34:30.393+0000][10.836s][info ][safepoint     ] Total time for which application threads were stopped: 0.0006180 seconds, Stopping threads took: 0.0000331 seconds
[2023-11-16T05:34:30.635+0000][11.079s][debug][safepoint     ] Safepoint synchronization initiated. (13 threads)
[2023-11-16T05:34:30.635+0000][11.079s][info ][safepoint     ] Application time: 0.2423425 seconds
[2023-11-16T05:34:30.635+0000][11.079s][debug][safepoint     ] Waiting for 1 thread(s) to block
[2023-11-16T05:34:30.635+0000][11.079s][info ][safepoint     ] Entering safepoint region: ICBufferFull
[2023-11-16T05:34:30.636+0000][11.079s][info ][safepoint     ] Leaving safepoint region
[2023-11-16T05:34:30.636+0000][11.079s][info ][safepoint     ] Total time for which application threads were stopped: 0.0001958 seconds, Stopping threads took: 0.0000398 seconds
[2023-11-16T05:34:31.083+0000][11.527s][debug][safepoint     ] Safepoint synchronization initiated. (13 threads)
[2023-11-16T05:34:31.083+0000][11.527s][info ][safepoint     ] Application time: 0.4476341 seconds
[2023-11-16T05:34:31.083+0000][11.527s][debug][safepoint     ] Waiting for 2 thread(s) to block
[2023-11-16T05:34:31.083+0000][11.527s][info ][safepoint     ] Entering safepoint region: G1CollectForAllocation
[2023-11-16T05:34:31.083+0000][11.527s][info ][gc,start      ] GC(17) Pause Young (Normal) (G1 Evacuation Pause)
[2023-11-16T05:34:31.084+0000][11.527s][info ][gc,task       ] GC(17) Using 4 workers of 4 for evacuation
[2023-11-16T05:34:31.102+0000][11.546s][info ][gc,phases     ] GC(17)   Pre Evacuate Collection Set: 0.0ms
[2023-11-16T05:34:31.102+0000][11.546s][info ][gc,phases     ] GC(17)   Evacuate Collection Set: 16.7ms
[2023-11-16T05:34:31.102+0000][11.546s][info ][gc,phases     ] GC(17)   Post Evacuate Collection Set: 1.9ms
[2023-11-16T05:34:31.102+0000][11.546s][info ][gc,phases     ] GC(17)   Other: 0.2ms
[2023-11-16T05:34:31.102+0000][11.546s][info ][gc,heap       ] GC(17) Eden regions: 306->0(305)
[2023-11-16T05:34:31.102+0000][11.546s][info ][gc,heap       ] GC(17) Survivor regions: 21->22(41)
[2023-11-16T05:34:31.102+0000][11.546s][info ][gc,heap       ] GC(17) Old regions: 15->17
[2023-11-16T05:34:31.102+0000][11.546s][info ][gc,heap       ] GC(17) Humongous regions: 0->0
[2023-11-16T05:34:31.102+0000][11.546s][info ][gc,metaspace  ] GC(17) Metaspace: 54962K(56448K)->54962K(56448K) NonClass: 48186K(49152K)->48186K(49152K) Class: 6775K(7296K)->6775K(7296K)
[2023-11-16T05:34:31.102+0000][11.546s][info ][gc            ] GC(17) Pause Young (Normal) (G1 Evacuation Pause) 340M->37M(545M) 18.958ms
[2023-11-16T05:34:31.102+0000][11.546s][info ][gc,cpu        ] GC(17) User=0.07s Sys=0.00s Real=0.02s
[2023-11-16T05:34:31.102+0000][11.546s][info ][safepoint     ] Leaving safepoint region
[2023-11-16T05:34:31.102+0000][11.546s][info ][safepoint     ] Total time for which application threads were stopped: 0.0191865 seconds, Stopping threads took: 0.0000610 seconds
[2023-11-16T05:34:31.103+0000][11.546s][info ][gc,stringdedup] Concurrent String Deduplication (11.546s)
[2023-11-16T05:34:31.104+0000][11.548s][info ][gc,stringdedup] Concurrent String Deduplication 365.6K->92992.0B(274.8K) avg 42.7% (11.546s, 11.548s) 1.806ms
[2023-11-16T05:34:31.609+0000][12.052s][debug][safepoint     ] Safepoint synchronization initiated. (13 threads)
[2023-11-16T05:34:31.609+0000][12.052s][info ][safepoint     ] Application time: 0.5062931 seconds
[2023-11-16T05:34:31.609+0000][12.052s][info ][safepoint     ] Entering safepoint region: Deoptimize
[2023-11-16T05:34:31.609+0000][12.053s][info ][safepoint     ] Leaving safepoint region
[2023-11-16T05:34:31.609+0000][12.053s][info ][safepoint     ] Total time for which application threads were stopped: 0.0006181 seconds, Stopping threads took: 0.0000097 seconds
[2023-11-16T05:34:31.611+0000][12.054s][debug][safepoint     ] Safepoint synchronization initiated. (13 threads)
[2023-11-16T05:34:31.611+0000][12.054s][info ][safepoint     ] Application time: 0.0012161 seconds
[2023-11-16T05:34:31.611+0000][12.054s][info ][safepoint     ] Entering safepoint region: CollectForMetadataAllocation
[2023-11-16T05:34:31.611+0000][12.054s][info ][gc,start      ] GC(18) Pause Young (Concurrent Start) (Metadata GC Threshold)
[2023-11-16T05:34:31.611+0000][12.054s][info ][gc,task       ] GC(18) Using 4 workers of 4 for evacuation
[2023-11-16T05:34:31.637+0000][12.080s][info ][gc,phases     ] GC(18)   Pre Evacuate Collection Set: 0.1ms
[2023-11-16T05:34:31.637+0000][12.080s][info ][gc,phases     ] GC(18)   Evacuate Collection Set: 21.8ms
[2023-11-16T05:34:31.637+0000][12.080s][info ][gc,phases     ] GC(18)   Post Evacuate Collection Set: 3.9ms
[2023-11-16T05:34:31.637+0000][12.080s][info ][gc,phases     ] GC(18)   Other: 0.2ms
[2023-11-16T05:34:31.637+0000][12.080s][info ][gc,heap       ] GC(18) Eden regions: 175->0(400)
[2023-11-16T05:34:31.637+0000][12.080s][info ][gc,heap       ] GC(18) Survivor regions: 22->19(41)
[2023-11-16T05:34:31.637+0000][12.080s][info ][gc,heap       ] GC(18) Old regions: 17->22
[2023-11-16T05:34:31.637+0000][12.080s][info ][gc,heap       ] GC(18) Humongous regions: 0->0
[2023-11-16T05:34:31.637+0000][12.080s][info ][gc,metaspace  ] GC(18) Metaspace: 58136K(59648K)->58136K(59648K) NonClass: 50751K(51712K)->50751K(51712K) Class: 7384K(7936K)->7384K(7936K)
[2023-11-16T05:34:31.637+0000][12.080s][info ][gc            ] GC(18) Pause Young (Concurrent Start) (Metadata GC Threshold) 212M->38M(719M) 26.116ms
[2023-11-16T05:34:31.637+0000][12.080s][info ][gc,cpu        ] GC(18) User=0.09s Sys=0.00s Real=0.02s
[2023-11-16T05:34:31.637+0000][12.080s][info ][safepoint     ] Leaving safepoint region
[2023-11-16T05:34:31.637+0000][12.080s][info ][safepoint     ] Total time for which application threads were stopped: 0.0262730 seconds, Stopping threads took: 0.0000113 seconds
[2023-11-16T05:34:31.637+0000][12.080s][info ][gc            ] GC(19) Concurrent Cycle
[2023-11-16T05:34:31.637+0000][12.080s][info ][gc,marking    ] GC(19) Concurrent Clear Claimed Marks
[2023-11-16T05:34:31.637+0000][12.080s][info ][gc,stringdedup] Concurrent String Deduplication (12.080s)
[2023-11-16T05:34:31.637+0000][12.080s][info ][gc,marking    ] GC(19) Concurrent Clear Claimed Marks 0.083ms
[2023-11-16T05:34:31.637+0000][12.080s][info ][gc,marking    ] GC(19) Concurrent Scan Root Regions
[2023-11-16T05:34:31.643+0000][12.086s][info ][gc,stringdedup] Concurrent String Deduplication 318.4K->129.7K(188.6K) avg 43.3% (12.080s, 12.086s) 5.632ms
[2023-11-16T05:34:31.651+0000][12.094s][info ][gc,marking    ] GC(19) Concurrent Scan Root Regions 14.077ms
[2023-11-16T05:34:31.651+0000][12.094s][info ][gc,marking    ] GC(19) Concurrent Mark (12.094s)
[2023-11-16T05:34:31.651+0000][12.094s][info ][gc,marking    ] GC(19) Concurrent Mark From Roots
[2023-11-16T05:34:31.651+0000][12.095s][info ][gc,task       ] GC(19) Using 1 workers of 1 for marking
[2023-11-16T05:34:31.678+0000][12.122s][debug][safepoint     ] Safepoint synchronization initiated. (13 threads)
[2023-11-16T05:34:31.678+0000][12.122s][info ][safepoint     ] Application time: 0.0414551 seconds
[2023-11-16T05:34:31.678+0000][12.122s][info ][safepoint     ] Entering safepoint region: CollectForMetadataAllocation
[2023-11-16T05:34:31.679+0000][12.122s][info ][safepoint     ] Leaving safepoint region
[2023-11-16T05:34:31.679+0000][12.122s][info ][safepoint     ] Total time for which application threads were stopped: 0.0001310 seconds, Stopping threads took: 0.0000089 seconds
[2023-11-16T05:34:31.684+0000][12.128s][info ][gc,marking    ] GC(19) Concurrent Mark From Roots 33.046ms
[2023-11-16T05:34:31.684+0000][12.128s][info ][gc,marking    ] GC(19) Concurrent Preclean
[2023-11-16T05:34:31.684+0000][12.128s][info ][gc,marking    ] GC(19) Concurrent Preclean 0.110ms
[2023-11-16T05:34:31.684+0000][12.128s][info ][gc,marking    ] GC(19) Concurrent Mark (12.094s, 12.128s) 33.198ms
[2023-11-16T05:34:31.684+0000][12.128s][debug][safepoint     ] Safepoint synchronization initiated. (14 threads)
[2023-11-16T05:34:31.684+0000][12.128s][info ][safepoint     ] Application time: 0.0058825 seconds
[2023-11-16T05:34:31.684+0000][12.128s][debug][safepoint     ] ... found polling page loop exception at pc = 0x00007fde845761c2, stub =0x00007fde7c83ab00
[2023-11-16T05:34:31.684+0000][12.128s][debug][safepoint     ] Waiting for 1 thread(s) to block
[2023-11-16T05:34:31.684+0000][12.128s][info ][safepoint     ] Entering safepoint region: CGC_Operation
[2023-11-16T05:34:31.685+0000][12.128s][info ][gc,start      ] GC(19) Pause Remark
[2023-11-16T05:34:31.695+0000][12.138s][info ][gc,stringtable] GC(19) Cleaned string and symbol table, strings: 22775 processed, 14 removed, symbols: 189959 processed, 198 removed
[2023-11-16T05:34:31.695+0000][12.139s][info ][gc            ] GC(19) Pause Remark 46M->46M(719M) 10.752ms
[2023-11-16T05:34:31.695+0000][12.139s][info ][gc,cpu        ] GC(19) User=0.04s Sys=0.00s Real=0.01s
[2023-11-16T05:34:31.695+0000][12.139s][info ][safepoint     ] Leaving safepoint region
[2023-11-16T05:34:31.695+0000][12.139s][info ][safepoint     ] Total time for which application threads were stopped: 0.0109670 seconds, Stopping threads took: 0.0000732 seconds
[2023-11-16T05:34:31.695+0000][12.139s][info ][gc,marking    ] GC(19) Concurrent Rebuild Remembered Sets
[2023-11-16T05:34:31.715+0000][12.159s][info ][gc,marking    ] GC(19) Concurrent Rebuild Remembered Sets 19.815ms
[2023-11-16T05:34:31.715+0000][12.159s][debug][safepoint     ] Safepoint synchronization initiated. (14 threads)
[2023-11-16T05:34:31.715+0000][12.159s][info ][safepoint     ] Application time: 0.0198981 seconds
[2023-11-16T05:34:31.715+0000][12.159s][debug][safepoint     ] Waiting for 1 thread(s) to block
[2023-11-16T05:34:31.715+0000][12.159s][info ][safepoint     ] Entering safepoint region: CGC_Operation
[2023-11-16T05:34:31.715+0000][12.159s][info ][gc,start      ] GC(19) Pause Cleanup
[2023-11-16T05:34:31.716+0000][12.159s][info ][gc            ] GC(19) Pause Cleanup 48M->48M(719M) 0.186ms
[2023-11-16T05:34:31.716+0000][12.159s][info ][gc,cpu        ] GC(19) User=0.00s Sys=0.01s Real=0.00s
[2023-11-16T05:34:31.716+0000][12.159s][info ][safepoint     ] Leaving safepoint region
[2023-11-16T05:34:31.716+0000][12.159s][info ][safepoint     ] Total time for which application threads were stopped: 0.0003239 seconds, Stopping threads took: 0.0000417 seconds
[2023-11-16T05:34:31.716+0000][12.159s][info ][gc,marking    ] GC(19) Concurrent Cleanup for Next Mark
[2023-11-16T05:34:31.718+0000][12.162s][info ][gc,marking    ] GC(19) Concurrent Cleanup for Next Mark 2.619ms
[2023-11-16T05:34:31.718+0000][12.162s][info ][gc            ] GC(19) Concurrent Cycle 81.341ms
[2023-11-16T05:34:32.293+0000][12.736s][debug][safepoint     ] Safepoint synchronization initiated. (16 threads)
[2023-11-16T05:34:32.293+0000][12.736s][info ][safepoint     ] Application time: 0.5771222 seconds
[2023-11-16T05:34:32.293+0000][12.736s][debug][safepoint     ] Waiting for 1 thread(s) to block
[2023-11-16T05:34:32.293+0000][12.736s][info ][safepoint     ] Entering safepoint region: ICBufferFull
[2023-11-16T05:34:32.294+0000][12.737s][info ][safepoint     ] Leaving safepoint region
[2023-11-16T05:34:32.294+0000][12.737s][info ][safepoint     ] Total time for which application threads were stopped: 0.0014237 seconds, Stopping threads took: 0.0000291 seconds
[2023-11-16T05:34:32.502+0000][12.946s][debug][safepoint     ] Safepoint synchronization initiated. (16 threads)
[2023-11-16T05:34:32.502+0000][12.946s][info ][safepoint     ] Application time: 0.2082518 seconds
[2023-11-16T05:34:32.502+0000][12.946s][debug][safepoint     ] Waiting for 1 thread(s) to block
[2023-11-16T05:34:32.502+0000][12.946s][info ][safepoint     ] Entering safepoint region: Deoptimize
[2023-11-16T05:34:32.503+0000][12.946s][info ][safepoint     ] Leaving safepoint region
[2023-11-16T05:34:32.503+0000][12.946s][info ][safepoint     ] Total time for which application threads were stopped: 0.0007278 seconds, Stopping threads took: 0.0000307 seconds
[2023-11-16T05:34:32.853+0000][13.297s][debug][safepoint     ] Safepoint synchronization initiated. (16 threads)
[2023-11-16T05:34:32.853+0000][13.297s][info ][safepoint     ] Application time: 0.3502643 seconds
[2023-11-16T05:34:32.853+0000][13.297s][info ][safepoint     ] Entering safepoint region: ICBufferFull
[2023-11-16T05:34:32.854+0000][13.297s][info ][safepoint     ] Leaving safepoint region
[2023-11-16T05:34:32.854+0000][13.297s][info ][safepoint     ] Total time for which application threads were stopped: 0.0002088 seconds, Stopping threads took: 0.0000116 seconds
[2023-11-16T05:34:33.320+0000][13.763s][debug][safepoint     ] Safepoint synchronization initiated. (16 threads)
[2023-11-16T05:34:33.320+0000][13.763s][info ][safepoint     ] Application time: 0.4663762 seconds
[2023-11-16T05:34:33.320+0000][13.763s][info ][safepoint     ] Entering safepoint region: G1CollectForAllocation
[2023-11-16T05:34:33.320+0000][13.764s][info ][gc,start      ] GC(20) Pause Young (Concurrent Start) (G1 Evacuation Pause)
[2023-11-16T05:34:33.320+0000][13.764s][info ][gc,task       ] GC(20) Using 4 workers of 4 for evacuation
[2023-11-16T05:34:33.354+0000][13.797s][info ][gc,phases     ] GC(20)   Pre Evacuate Collection Set: 0.1ms
[2023-11-16T05:34:33.354+0000][13.797s][info ][gc,phases     ] GC(20)   Evacuate Collection Set: 30.8ms
[2023-11-16T05:34:33.354+0000][13.797s][info ][gc,phases     ] GC(20)   Post Evacuate Collection Set: 2.5ms
[2023-11-16T05:34:33.354+0000][13.797s][info ][gc,phases     ] GC(20)   Other: 0.2ms
[2023-11-16T05:34:33.354+0000][13.797s][info ][gc,heap       ] GC(20) Eden regions: 400->0(407)
[2023-11-16T05:34:33.354+0000][13.797s][info ][gc,heap       ] GC(20) Survivor regions: 19->24(53)
[2023-11-16T05:34:33.354+0000][13.797s][info ][gc,heap       ] GC(20) Old regions: 22->22
[2023-11-16T05:34:33.354+0000][13.797s][info ][gc,heap       ] GC(20) Humongous regions: 0->0
[2023-11-16T05:34:33.354+0000][13.797s][info ][gc,metaspace  ] GC(20) Metaspace: 68322K(70016K)->68322K(70016K) NonClass: 59529K(60672K)->59529K(60672K) Class: 8793K(9344K)->8793K(9344K)
[2023-11-16T05:34:33.354+0000][13.797s][info ][gc            ] GC(20) Pause Young (Concurrent Start) (G1 Evacuation Pause) 438M->43M(719M) 33.783ms
[2023-11-16T05:34:33.354+0000][13.797s][info ][gc,cpu        ] GC(20) User=0.10s Sys=0.00s Real=0.03s
[2023-11-16T05:34:33.354+0000][13.797s][info ][safepoint     ] Leaving safepoint region
[2023-11-16T05:34:33.354+0000][13.797s][info ][safepoint     ] Total time for which application threads were stopped: 0.0339677 seconds, Stopping threads took: 0.0000109 seconds
[2023-11-16T05:34:33.354+0000][13.797s][info ][gc            ] GC(21) Concurrent Cycle
[2023-11-16T05:34:33.354+0000][13.797s][info ][gc,marking    ] GC(21) Concurrent Clear Claimed Marks
[2023-11-16T05:34:33.354+0000][13.798s][info ][gc,marking    ] GC(21) Concurrent Clear Claimed Marks 0.102ms
[2023-11-16T05:34:33.354+0000][13.798s][info ][gc,marking    ] GC(21) Concurrent Scan Root Regions
[2023-11-16T05:34:33.355+0000][13.798s][info ][gc,stringdedup] Concurrent String Deduplication (13.798s)
[2023-11-16T05:34:33.358+0000][13.801s][info ][gc,stringdedup] Concurrent String Deduplication 425.5K->178.8K(246.6K) avg 43.9% (13.798s, 13.801s) 3.303ms
[2023-11-16T05:34:33.373+0000][13.816s][info ][gc,marking    ] GC(21) Concurrent Scan Root Regions 18.372ms
[2023-11-16T05:34:33.373+0000][13.816s][info ][gc,marking    ] GC(21) Concurrent Mark (13.816s)
[2023-11-16T05:34:33.373+0000][13.816s][info ][gc,marking    ] GC(21) Concurrent Mark From Roots
[2023-11-16T05:34:33.373+0000][13.816s][info ][gc,task       ] GC(21) Using 1 workers of 1 for marking
[2023-11-16T05:34:33.406+0000][13.849s][info ][gc,marking    ] GC(21) Concurrent Mark From Roots 32.860ms
[2023-11-16T05:34:33.406+0000][13.849s][info ][gc,marking    ] GC(21) Concurrent Preclean
[2023-11-16T05:34:33.406+0000][13.849s][info ][gc,marking    ] GC(21) Concurrent Preclean 0.109ms
[2023-11-16T05:34:33.406+0000][13.849s][info ][gc,marking    ] GC(21) Concurrent Mark (13.816s, 13.849s) 33.041ms
[2023-11-16T05:34:33.406+0000][13.849s][debug][safepoint     ] Safepoint synchronization initiated. (16 threads)
[2023-11-16T05:34:33.406+0000][13.849s][info ][safepoint     ] Application time: 0.0516891 seconds
[2023-11-16T05:34:33.406+0000][13.849s][info ][safepoint     ] Entering safepoint region: CGC_Operation
[2023-11-16T05:34:33.406+0000][13.849s][info ][gc,start      ] GC(21) Pause Remark
[2023-11-16T05:34:33.414+0000][13.857s][info ][gc,stringtable] GC(21) Cleaned string and symbol table, strings: 26692 processed, 2 removed, symbols: 213660 processed, 21 removed
[2023-11-16T05:34:33.414+0000][13.858s][info ][gc            ] GC(21) Pause Remark 55M->55M(719M) 8.468ms
[2023-11-16T05:34:33.414+0000][13.858s][info ][gc,cpu        ] GC(21) User=0.03s Sys=0.00s Real=0.01s
[2023-11-16T05:34:33.414+0000][13.858s][info ][safepoint     ] Leaving safepoint region
[2023-11-16T05:34:33.414+0000][13.858s][info ][safepoint     ] Total time for which application threads were stopped: 0.0085956 seconds, Stopping threads took: 0.0000128 seconds
[2023-11-16T05:34:33.414+0000][13.858s][info ][gc,marking    ] GC(21) Concurrent Rebuild Remembered Sets
[2023-11-16T05:34:33.434+0000][13.877s][info ][gc,marking    ] GC(21) Concurrent Rebuild Remembered Sets 19.754ms
[2023-11-16T05:34:33.436+0000][13.879s][debug][safepoint     ] Safepoint synchronization initiated. (16 threads)
[2023-11-16T05:34:33.436+0000][13.879s][info ][safepoint     ] Application time: 0.0211808 seconds
[2023-11-16T05:34:33.436+0000][13.879s][info ][safepoint     ] Entering safepoint region: CGC_Operation
[2023-11-16T05:34:33.436+0000][13.879s][info ][gc,start      ] GC(21) Pause Cleanup
[2023-11-16T05:34:33.436+0000][13.879s][info ][gc            ] GC(21) Pause Cleanup 60M->60M(719M) 0.176ms
[2023-11-16T05:34:33.436+0000][13.879s][info ][gc,cpu        ] GC(21) User=0.00s Sys=0.00s Real=0.00s
[2023-11-16T05:34:33.436+0000][13.879s][info ][safepoint     ] Leaving safepoint region
[2023-11-16T05:34:33.436+0000][13.879s][info ][safepoint     ] Total time for which application threads were stopped: 0.0003111 seconds, Stopping threads took: 0.0000103 seconds
[2023-11-16T05:34:33.436+0000][13.879s][info ][gc,marking    ] GC(21) Concurrent Cleanup for Next Mark
[2023-11-16T05:34:33.438+0000][13.881s][info ][gc,marking    ] GC(21) Concurrent Cleanup for Next Mark 1.634ms
[2023-11-16T05:34:33.438+0000][13.881s][info ][gc            ] GC(21) Concurrent Cycle 83.513ms
[2023-11-16T05:34:33.577+0000][14.020s][debug][safepoint     ] Safepoint synchronization initiated. (16 threads)
[2023-11-16T05:34:33.577+0000][14.020s][info ][safepoint     ] Application time: 0.1409905 seconds
[2023-11-16T05:34:33.577+0000][14.020s][info ][safepoint     ] Entering safepoint region: ICBufferFull
[2023-11-16T05:34:33.577+0000][14.020s][info ][safepoint     ] Leaving safepoint region
[2023-11-16T05:34:33.577+0000][14.020s][info ][safepoint     ] Total time for which application threads were stopped: 0.0001970 seconds, Stopping threads took: 0.0000106 seconds
[2023-11-16T05:34:33.636+0000][14.079s][debug][safepoint     ] Safepoint synchronization initiated. (16 threads)
[2023-11-16T05:34:33.636+0000][14.079s][info ][safepoint     ] Application time: 0.0585198 seconds
[2023-11-16T05:34:33.636+0000][14.079s][info ][safepoint     ] Entering safepoint region: ICBufferFull
[2023-11-16T05:34:33.636+0000][14.079s][info ][safepoint     ] Leaving safepoint region
[2023-11-16T05:34:33.636+0000][14.079s][info ][safepoint     ] Total time for which application threads were stopped: 0.0001777 seconds, Stopping threads took: 0.0000108 seconds
[2023-11-16T05:34:33.696+0000][14.139s][debug][safepoint     ] Safepoint synchronization initiated. (16 threads)
[2023-11-16T05:34:33.696+0000][14.140s][info ][safepoint     ] Application time: 0.0604076 seconds
[2023-11-16T05:34:33.696+0000][14.140s][debug][safepoint     ] Waiting for 1 thread(s) to block
[2023-11-16T05:34:33.696+0000][14.140s][info ][safepoint     ] Entering safepoint region: ICBufferFull
[2023-11-16T05:34:33.696+0000][14.140s][info ][safepoint     ] Leaving safepoint region
[2023-11-16T05:34:33.696+0000][14.140s][info ][safepoint     ] Total time for which application threads were stopped: 0.0002515 seconds, Stopping threads took: 0.0000919 seconds
[2023-11-16T05:34:33.812+0000][14.256s][debug][safepoint     ] Safepoint synchronization initiated. (16 threads)
[2023-11-16T05:34:33.812+0000][14.256s][info ][safepoint     ] Application time: 0.1158713 seconds
[2023-11-16T05:34:33.812+0000][14.256s][info ][safepoint     ] Entering safepoint region: ICBufferFull
[2023-11-16T05:34:33.813+0000][14.256s][info ][safepoint     ] Leaving safepoint region
[2023-11-16T05:34:33.813+0000][14.256s][info ][safepoint     ] Total time for which application threads were stopped: 0.0002019 seconds, Stopping threads took: 0.0000102 seconds
[2023-11-16T05:34:34.021+0000][14.464s][debug][safepoint     ] Safepoint synchronization initiated. (16 threads)
[2023-11-16T05:34:34.021+0000][14.464s][info ][safepoint     ] Application time: 0.2083628 seconds
[2023-11-16T05:34:34.021+0000][14.464s][debug][safepoint     ] Waiting for 1 thread(s) to block
[2023-11-16T05:34:34.021+0000][14.464s][info ][safepoint     ] Entering safepoint region: ICBufferFull
[2023-11-16T05:34:34.021+0000][14.464s][info ][safepoint     ] Leaving safepoint region
[2023-11-16T05:34:34.021+0000][14.464s][info ][safepoint     ] Total time for which application threads were stopped: 0.0001707 seconds, Stopping threads took: 0.0000283 seconds
[2023-11-16T05:34:34.410+0000][14.853s][debug][safepoint     ] Safepoint synchronization initiated. (16 threads)
[2023-11-16T05:34:34.410+0000][14.853s][info ][safepoint     ] Application time: 0.3888364 seconds
[2023-11-16T05:34:34.410+0000][14.853s][info ][safepoint     ] Entering safepoint region: Deoptimize
[2023-11-16T05:34:34.411+0000][14.854s][info ][safepoint     ] Leaving safepoint region
[2023-11-16T05:34:34.411+0000][14.854s][info ][safepoint     ] Total time for which application threads were stopped: 0.0008032 seconds, Stopping threads took: 0.0000109 seconds
[2023-11-16T05:34:34.412+0000][14.855s][debug][safepoint     ] Safepoint synchronization initiated. (16 threads)
[2023-11-16T05:34:34.412+0000][14.855s][info ][safepoint     ] Application time: 0.0011471 seconds
[2023-11-16T05:34:34.412+0000][14.855s][info ][safepoint     ] Entering safepoint region: Deoptimize
[2023-11-16T05:34:34.413+0000][14.856s][info ][safepoint     ] Leaving safepoint region
[2023-11-16T05:34:34.413+0000][14.856s][info ][safepoint     ] Total time for which application threads were stopped: 0.0006910 seconds, Stopping threads took: 0.0000091 seconds
[2023-11-16T05:34:34.685+0000][15.128s][debug][safepoint     ] Safepoint synchronization initiated. (16 threads)
[2023-11-16T05:34:34.685+0000][15.128s][info ][safepoint     ] Application time: 0.2723196 seconds
[2023-11-16T05:34:34.685+0000][15.128s][debug][safepoint     ] Waiting for 1 thread(s) to block
[2023-11-16T05:34:34.685+0000][15.128s][info ][safepoint     ] Entering safepoint region: Deoptimize
[2023-11-16T05:34:34.686+0000][15.129s][info ][safepoint     ] Leaving safepoint region
[2023-11-16T05:34:34.686+0000][15.129s][info ][safepoint     ] Total time for which application threads were stopped: 0.0008459 seconds, Stopping threads took: 0.0000304 seconds
[2023-11-16T05:34:34.886+0000][15.329s][debug][safepoint     ] Safepoint synchronization initiated. (16 threads)
[2023-11-16T05:34:34.886+0000][15.329s][info ][safepoint     ] Application time: 0.1999984 seconds
[2023-11-16T05:34:34.886+0000][15.329s][info ][safepoint     ] Entering safepoint region: Deoptimize
[2023-11-16T05:34:34.887+0000][15.330s][info ][safepoint     ] Leaving safepoint region
[2023-11-16T05:34:34.887+0000][15.330s][info ][safepoint     ] Total time for which application threads were stopped: 0.0007943 seconds, Stopping threads took: 0.0000116 seconds
[2023-11-16T05:34:35.031+0000][15.475s][debug][safepoint     ] Safepoint synchronization initiated. (16 threads)
[2023-11-16T05:34:35.032+0000][15.475s][info ][safepoint     ] Application time: 0.1449230 seconds
[2023-11-16T05:34:35.032+0000][15.475s][info ][safepoint     ] Entering safepoint region: Deoptimize
[2023-11-16T05:34:35.032+0000][15.476s][info ][safepoint     ] Leaving safepoint region
[2023-11-16T05:34:35.032+0000][15.476s][info ][safepoint     ] Total time for which application threads were stopped: 0.0007743 seconds, Stopping threads took: 0.0000118 seconds
[2023-11-16T05:34:35.305+0000][15.748s][debug][safepoint     ] Safepoint synchronization initiated. (16 threads)
[2023-11-16T05:34:35.305+0000][15.748s][info ][safepoint     ] Application time: 0.2723107 seconds
[2023-11-16T05:34:35.305+0000][15.748s][info ][safepoint     ] Entering safepoint region: ICBufferFull
[2023-11-16T05:34:35.305+0000][15.748s][info ][safepoint     ] Leaving safepoint region
[2023-11-16T05:34:35.305+0000][15.748s][info ][safepoint     ] Total time for which application threads were stopped: 0.0001812 seconds, Stopping threads took: 0.0000106 seconds
[2023-11-16T05:34:35.406+0000][15.849s][debug][safepoint     ] Safepoint synchronization initiated. (16 threads)
[2023-11-16T05:34:35.406+0000][15.849s][info ][safepoint     ] Application time: 0.1009565 seconds
[2023-11-16T05:34:35.406+0000][15.849s][info ][safepoint     ] Entering safepoint region: G1CollectForAllocation
[2023-11-16T05:34:35.406+0000][15.849s][info ][gc,start      ] GC(22) Pause Young (Normal) (G1 Evacuation Pause)
[2023-11-16T05:34:35.406+0000][15.849s][info ][gc,task       ] GC(22) Using 4 workers of 4 for evacuation
[2023-11-16T05:34:35.431+0000][15.874s][info ][gc,phases     ] GC(22)   Pre Evacuate Collection Set: 0.0ms
[2023-11-16T05:34:35.431+0000][15.874s][info ][gc,phases     ] GC(22)   Evacuate Collection Set: 22.5ms
[2023-11-16T05:34:35.431+0000][15.874s][info ][gc,phases     ] GC(22)   Post Evacuate Collection Set: 2.1ms
[2023-11-16T05:34:35.431+0000][15.874s][info ][gc,phases     ] GC(22)   Other: 0.2ms
[2023-11-16T05:34:35.431+0000][15.874s][info ][gc,heap       ] GC(22) Eden regions: 407->0(406)
[2023-11-16T05:34:35.431+0000][15.874s][info ][gc,heap       ] GC(22) Survivor regions: 24->25(54)
[2023-11-16T05:34:35.431+0000][15.874s][info ][gc,heap       ] GC(22) Old regions: 22->24
[2023-11-16T05:34:35.431+0000][15.874s][info ][gc,heap       ] GC(22) Humongous regions: 0->0
[2023-11-16T05:34:35.431+0000][15.874s][info ][gc,metaspace  ] GC(22) Metaspace: 77151K(79232K)->77151K(79232K) NonClass: 67308K(68608K)->67308K(68608K) Class: 9843K(10624K)->9843K(10624K)
[2023-11-16T05:34:35.431+0000][15.874s][info ][gc            ] GC(22) Pause Young (Normal) (G1 Evacuation Pause) 450M->47M(719M) 24.963ms
[2023-11-16T05:34:35.431+0000][15.874s][info ][gc,cpu        ] GC(22) User=0.10s Sys=0.00s Real=0.03s
[2023-11-16T05:34:35.431+0000][15.874s][info ][safepoint     ] Leaving safepoint region
[2023-11-16T05:34:35.431+0000][15.874s][info ][safepoint     ] Total time for which application threads were stopped: 0.0251058 seconds, Stopping threads took: 0.0000112 seconds
[2023-11-16T05:34:35.433+0000][15.876s][info ][gc,stringdedup] Concurrent String Deduplication (15.876s)
[2023-11-16T05:34:35.434+0000][15.877s][info ][gc,stringdedup] Concurrent String Deduplication 73288.0B->14704.0B(58584.0B) avg 44.2% (15.876s, 15.877s) 0.543ms
[2023-11-16T05:34:36.121+0000][16.564s][debug][safepoint     ] Safepoint synchronization initiated. (16 threads)
[2023-11-16T05:34:36.121+0000][16.564s][info ][safepoint     ] Application time: 0.6896735 seconds
[2023-11-16T05:34:36.121+0000][16.564s][info ][safepoint     ] Entering safepoint region: ICBufferFull
[2023-11-16T05:34:36.121+0000][16.564s][info ][safepoint     ] Leaving safepoint region
[2023-11-16T05:34:36.121+0000][16.564s][info ][safepoint     ] Total time for which application threads were stopped: 0.0002114 seconds, Stopping threads took: 0.0000113 seconds
[2023-11-16T05:34:36.548+0000][16.991s][debug][safepoint     ] Safepoint synchronization initiated. (16 threads)
[2023-11-16T05:34:36.548+0000][16.991s][info ][safepoint     ] Application time: 0.4271007 seconds
[2023-11-16T05:34:36.548+0000][16.991s][debug][safepoint     ] Waiting for 2 thread(s) to block
[2023-11-16T05:34:36.548+0000][16.991s][info ][safepoint     ] Entering safepoint region: ICBufferFull
[2023-11-16T05:34:36.548+0000][16.992s][info ][safepoint     ] Leaving safepoint region
[2023-11-16T05:34:36.548+0000][16.992s][info ][safepoint     ] Total time for which application threads were stopped: 0.0002365 seconds, Stopping threads took: 0.0000431 seconds
[2023-11-16T05:34:36.788+0000][17.232s][debug][safepoint     ] Safepoint synchronization initiated. (16 threads)
[2023-11-16T05:34:36.788+0000][17.232s][info ][safepoint     ] Application time: 0.2402583 seconds
[2023-11-16T05:34:36.788+0000][17.232s][info ][safepoint     ] Entering safepoint region: ICBufferFull
[2023-11-16T05:34:36.789+0000][17.232s][info ][safepoint     ] Leaving safepoint region
[2023-11-16T05:34:36.789+0000][17.232s][info ][safepoint     ] Total time for which application threads were stopped: 0.0002285 seconds, Stopping threads took: 0.0000126 seconds
[2023-11-16T05:34:37.165+0000][17.608s][debug][safepoint     ] Safepoint synchronization initiated. (15 threads)
[2023-11-16T05:34:37.165+0000][17.608s][info ][safepoint     ] Application time: 0.3758421 seconds
[2023-11-16T05:34:37.165+0000][17.608s][debug][safepoint     ] Waiting for 1 thread(s) to block
[2023-11-16T05:34:37.165+0000][17.608s][info ][safepoint     ] Entering safepoint region: ICBufferFull
[2023-11-16T05:34:37.165+0000][17.608s][info ][safepoint     ] Leaving safepoint region
[2023-11-16T05:34:37.165+0000][17.608s][info ][safepoint     ] Total time for which application threads were stopped: 0.0001862 seconds, Stopping threads took: 0.0000306 seconds
[2023-11-16T05:34:37.400+0000][17.844s][debug][safepoint     ] Safepoint synchronization initiated. (15 threads)
[2023-11-16T05:34:37.400+0000][17.844s][info ][safepoint     ] Application time: 0.2355018 seconds
[2023-11-16T05:34:37.400+0000][17.844s][debug][safepoint     ] Waiting for 2 thread(s) to block
[2023-11-16T05:34:37.400+0000][17.844s][info ][safepoint     ] Entering safepoint region: Deoptimize
[2023-11-16T05:34:37.401+0000][17.845s][info ][safepoint     ] Leaving safepoint region
[2023-11-16T05:34:37.401+0000][17.845s][info ][safepoint     ] Total time for which application threads were stopped: 0.0009538 seconds, Stopping threads took: 0.0000873 seconds
[2023-11-16T05:34:37.747+0000][18.191s][debug][safepoint     ] Safepoint synchronization initiated. (15 threads)
[2023-11-16T05:34:37.747+0000][18.191s][info ][safepoint     ] Application time: 0.3459856 seconds
[2023-11-16T05:34:37.747+0000][18.191s][info ][safepoint     ] Entering safepoint region: G1CollectForAllocation
[2023-11-16T05:34:37.747+0000][18.191s][info ][gc,start      ] GC(23) Pause Young (Normal) (G1 Evacuation Pause)
[2023-11-16T05:34:37.747+0000][18.191s][info ][gc,task       ] GC(23) Using 4 workers of 4 for evacuation
[2023-11-16T05:34:37.788+0000][18.232s][info ][gc,phases     ] GC(23)   Pre Evacuate Collection Set: 0.0ms
[2023-11-16T05:34:37.788+0000][18.232s][info ][gc,phases     ] GC(23)   Evacuate Collection Set: 38.2ms
[2023-11-16T05:34:37.788+0000][18.232s][info ][gc,phases     ] GC(23)   Post Evacuate Collection Set: 2.6ms
[2023-11-16T05:34:37.788+0000][18.232s][info ][gc,phases     ] GC(23)   Other: 0.2ms
[2023-11-16T05:34:37.788+0000][18.232s][info ][gc,heap       ] GC(23) Eden regions: 406->0(396)
[2023-11-16T05:34:37.788+0000][18.232s][info ][gc,heap       ] GC(23) Survivor regions: 25->35(54)
[2023-11-16T05:34:37.788+0000][18.232s][info ][gc,heap       ] GC(23) Old regions: 24->25
[2023-11-16T05:34:37.788+0000][18.232s][info ][gc,heap       ] GC(23) Humongous regions: 0->0
[2023-11-16T05:34:37.788+0000][18.232s][info ][gc,metaspace  ] GC(23) Metaspace: 80834K(82944K)->80834K(82944K) NonClass: 70787K(72192K)->70787K(72192K) Class: 10047K(10752K)->10047K(10752K)
[2023-11-16T05:34:37.789+0000][18.232s][info ][gc            ] GC(23) Pause Young (Normal) (G1 Evacuation Pause) 453M->57M(719M) 41.153ms
[2023-11-16T05:34:37.789+0000][18.232s][info ][gc,cpu        ] GC(23) User=0.15s Sys=0.00s Real=0.05s
[2023-11-16T05:34:37.789+0000][18.232s][info ][safepoint     ] Leaving safepoint region
[2023-11-16T05:34:37.789+0000][18.232s][info ][safepoint     ] Total time for which application threads were stopped: 0.0413270 seconds, Stopping threads took: 0.0000111 seconds
[2023-11-16T05:34:37.791+0000][18.234s][info ][gc,stringdedup] Concurrent String Deduplication (18.234s)
[2023-11-16T05:34:37.793+0000][18.237s][info ][gc,stringdedup] Concurrent String Deduplication 380.1K->103.5K(276.6K) avg 45.3% (18.234s, 18.237s) 2.744ms
[2023-11-16T05:34:38.317+0000][18.761s][debug][safepoint     ] Safepoint synchronization initiated. (19 threads)
[2023-11-16T05:34:38.317+0000][18.761s][info ][safepoint     ] Application time: 0.5287530 seconds
[2023-11-16T05:34:38.317+0000][18.761s][debug][safepoint     ] Waiting for 1 thread(s) to block
[2023-11-16T05:34:38.317+0000][18.761s][info ][safepoint     ] Entering safepoint region: ICBufferFull
[2023-11-16T05:34:38.318+0000][18.761s][info ][safepoint     ] Leaving safepoint region
[2023-11-16T05:34:38.318+0000][18.761s][info ][safepoint     ] Total time for which application threads were stopped: 0.0002423 seconds, Stopping threads took: 0.0000309 seconds
[2023-11-16T05:34:38.937+0000][19.381s][debug][safepoint     ] Safepoint synchronization initiated. (19 threads)
[2023-11-16T05:34:38.937+0000][19.381s][info ][safepoint     ] Application time: 0.6197612 seconds
[2023-11-16T05:34:38.937+0000][19.381s][info ][safepoint     ] Entering safepoint region: ICBufferFull
[2023-11-16T05:34:38.938+0000][19.381s][info ][safepoint     ] Leaving safepoint region
[2023-11-16T05:34:38.938+0000][19.381s][info ][safepoint     ] Total time for which application threads were stopped: 0.0001832 seconds, Stopping threads took: 0.0000114 seconds
[2023-11-16T05:34:39.293+0000][19.736s][debug][safepoint     ] Safepoint synchronization initiated. (19 threads)
[2023-11-16T05:34:39.293+0000][19.736s][info ][safepoint     ] Application time: 0.3552779 seconds
[2023-11-16T05:34:39.293+0000][19.736s][debug][safepoint     ] Waiting for 1 thread(s) to block
[2023-11-16T05:34:39.293+0000][19.736s][info ][safepoint     ] Entering safepoint region: ICBufferFull
[2023-11-16T05:34:39.293+0000][19.736s][info ][safepoint     ] Leaving safepoint region
[2023-11-16T05:34:39.293+0000][19.736s][info ][safepoint     ] Total time for which application threads were stopped: 0.0001372 seconds, Stopping threads took: 0.0000299 seconds
[2023-11-16T05:34:39.435+0000][19.878s][debug][safepoint     ] Safepoint synchronization initiated. (19 threads)
[2023-11-16T05:34:39.435+0000][19.878s][info ][safepoint     ] Application time: 0.1419987 seconds
[2023-11-16T05:34:39.435+0000][19.878s][debug][safepoint     ] Waiting for 1 thread(s) to block
[2023-11-16T05:34:39.435+0000][19.878s][info ][safepoint     ] Entering safepoint region: Deoptimize
[2023-11-16T05:34:39.436+0000][19.879s][info ][safepoint     ] Leaving safepoint region
[2023-11-16T05:34:39.436+0000][19.879s][info ][safepoint     ] Total time for which application threads were stopped: 0.0010154 seconds, Stopping threads took: 0.0000280 seconds
[2023-11-16T05:34:39.551+0000][19.994s][debug][safepoint     ] Safepoint synchronization initiated. (20 threads)
[2023-11-16T05:34:39.551+0000][19.994s][info ][safepoint     ] Application time: 0.1147209 seconds
[2023-11-16T05:34:39.551+0000][19.994s][info ][safepoint     ] Entering safepoint region: Deoptimize
[2023-11-16T05:34:39.552+0000][19.995s][info ][safepoint     ] Leaving safepoint region
[2023-11-16T05:34:39.552+0000][19.995s][info ][safepoint     ] Total time for which application threads were stopped: 0.0009845 seconds, Stopping threads took: 0.0000112 seconds
[2023-11-16T05:34:39.722+0000][20.165s][debug][safepoint     ] Safepoint synchronization initiated. (20 threads)
[2023-11-16T05:34:39.722+0000][20.165s][info ][safepoint     ] Application time: 0.1703201 seconds
[2023-11-16T05:34:39.722+0000][20.165s][info ][safepoint     ] Entering safepoint region: G1CollectForAllocation
[2023-11-16T05:34:39.722+0000][20.166s][info ][gc,start      ] GC(24) Pause Young (Normal) (G1 Evacuation Pause)
[2023-11-16T05:34:39.722+0000][20.166s][info ][gc,task       ] GC(24) Using 4 workers of 4 for evacuation
[2023-11-16T05:34:39.762+0000][20.205s][info ][gc,phases     ] GC(24)   Pre Evacuate Collection Set: 0.0ms
[2023-11-16T05:34:39.762+0000][20.205s][info ][gc,phases     ] GC(24)   Evacuate Collection Set: 36.6ms
[2023-11-16T05:34:39.762+0000][20.205s][info ][gc,phases     ] GC(24)   Post Evacuate Collection Set: 2.7ms
[2023-11-16T05:34:39.762+0000][20.205s][info ][gc,phases     ] GC(24)   Other: 0.2ms
[2023-11-16T05:34:39.762+0000][20.205s][info ][gc,heap       ] GC(24) Eden regions: 396->0(398)
[2023-11-16T05:34:39.762+0000][20.205s][info ][gc,heap       ] GC(24) Survivor regions: 35->33(54)
[2023-11-16T05:34:39.762+0000][20.205s][info ][gc,heap       ] GC(24) Old regions: 25->34
[2023-11-16T05:34:39.762+0000][20.205s][info ][gc,heap       ] GC(24) Humongous regions: 0->0
[2023-11-16T05:34:39.762+0000][20.205s][info ][gc,metaspace  ] GC(24) Metaspace: 86774K(89216K)->86774K(89216K) NonClass: 76050K(77568K)->76050K(77568K) Class: 10724K(11648K)->10724K(11648K)
[2023-11-16T05:34:39.762+0000][20.205s][info ][gc            ] GC(24) Pause Young (Normal) (G1 Evacuation Pause) 453M->65M(719M) 39.701ms
[2023-11-16T05:34:39.762+0000][20.205s][info ][gc,cpu        ] GC(24) User=0.12s Sys=0.00s Real=0.04s
[2023-11-16T05:34:39.762+0000][20.205s][info ][safepoint     ] Leaving safepoint region
[2023-11-16T05:34:39.762+0000][20.205s][info ][safepoint     ] Total time for which application threads were stopped: 0.0398919 seconds, Stopping threads took: 0.0000249 seconds
[2023-11-16T05:34:39.767+0000][20.210s][info ][gc,stringdedup] Concurrent String Deduplication (20.210s)
[2023-11-16T05:34:39.770+0000][20.213s][info ][gc,stringdedup] Concurrent String Deduplication 470.8K->246.2K(224.5K) avg 45.4% (20.210s, 20.213s) 3.428ms
[2023-11-16T05:34:39.785+0000][20.228s][debug][safepoint     ] Safepoint synchronization initiated. (20 threads)
[2023-11-16T05:34:39.785+0000][20.228s][info ][safepoint     ] Application time: 0.0231829 seconds
[2023-11-16T05:34:39.785+0000][20.229s][debug][safepoint     ] ... found polling page return exception at pc = 0x00007fde84546089, stub =0x00007fde7c83a800
[2023-11-16T05:34:39.785+0000][20.229s][debug][safepoint     ] Waiting for 2 thread(s) to block
[2023-11-16T05:34:39.785+0000][20.229s][info ][safepoint     ] Entering safepoint region: Deoptimize
[2023-11-16T05:34:39.786+0000][20.230s][info ][safepoint     ] Leaving safepoint region
[2023-11-16T05:34:39.786+0000][20.230s][info ][safepoint     ] Total time for which application threads were stopped: 0.0011604 seconds, Stopping threads took: 0.0002538 seconds
[2023-11-16T05:34:40.400+0000][20.843s][debug][safepoint     ] Safepoint synchronization initiated. (22 threads)
[2023-11-16T05:34:40.400+0000][20.843s][info ][safepoint     ] Application time: 0.6137818 seconds
[2023-11-16T05:34:40.400+0000][20.843s][debug][safepoint     ] Waiting for 1 thread(s) to block
[2023-11-16T05:34:40.400+0000][20.843s][info ][safepoint     ] Entering safepoint region: Deoptimize
[2023-11-16T05:34:40.401+0000][20.844s][info ][safepoint     ] Leaving safepoint region
[2023-11-16T05:34:40.401+0000][20.844s][info ][safepoint     ] Total time for which application threads were stopped: 0.0010560 seconds, Stopping threads took: 0.0000292 seconds
[2023-11-16T05:34:40.456+0000][20.899s][debug][safepoint     ] Safepoint synchronization initiated. (22 threads)
[2023-11-16T05:34:40.456+0000][20.899s][info ][safepoint     ] Application time: 0.0549550 seconds
[2023-11-16T05:34:40.456+0000][20.899s][debug][safepoint     ] Waiting for 1 thread(s) to block
[2023-11-16T05:34:40.456+0000][20.899s][info ][safepoint     ] Entering safepoint region: Deoptimize
[2023-11-16T05:34:40.457+0000][20.900s][info ][safepoint     ] Leaving safepoint region
[2023-11-16T05:34:40.457+0000][20.900s][info ][safepoint     ] Total time for which application threads were stopped: 0.0009721 seconds, Stopping threads took: 0.0000323 seconds
[2023-11-16T05:34:40.509+0000][20.952s][debug][safepoint     ] Safepoint synchronization initiated. (22 threads)
[2023-11-16T05:34:40.509+0000][20.952s][info ][safepoint     ] Application time: 0.0517541 seconds
[2023-11-16T05:34:40.509+0000][20.952s][debug][safepoint     ] Waiting for 1 thread(s) to block
[2023-11-16T05:34:40.509+0000][20.952s][info ][safepoint     ] Entering safepoint region: Deoptimize
[2023-11-16T05:34:40.510+0000][20.953s][info ][safepoint     ] Leaving safepoint region
[2023-11-16T05:34:40.510+0000][20.953s][info ][safepoint     ] Total time for which application threads were stopped: 0.0009553 seconds, Stopping threads took: 0.0000317 seconds
[2023-11-16T05:34:40.518+0000][20.961s][debug][safepoint     ] Safepoint synchronization initiated. (22 threads)
[2023-11-16T05:34:40.518+0000][20.961s][info ][safepoint     ] Application time: 0.0079046 seconds
[2023-11-16T05:34:40.518+0000][20.961s][debug][safepoint     ] Waiting for 1 thread(s) to block
[2023-11-16T05:34:40.518+0000][20.961s][info ][safepoint     ] Entering safepoint region: Deoptimize
[2023-11-16T05:34:40.519+0000][20.962s][info ][safepoint     ] Leaving safepoint region
[2023-11-16T05:34:40.519+0000][20.962s][info ][safepoint     ] Total time for which application threads were stopped: 0.0009234 seconds, Stopping threads took: 0.0000295 seconds
[2023-11-16T05:34:40.562+0000][21.005s][debug][safepoint     ] Safepoint synchronization initiated. (22 threads)
[2023-11-16T05:34:40.562+0000][21.005s][info ][safepoint     ] Application time: 0.0434109 seconds
[2023-11-16T05:34:40.562+0000][21.005s][debug][safepoint     ] Waiting for 1 thread(s) to block
[2023-11-16T05:34:40.562+0000][21.005s][info ][safepoint     ] Entering safepoint region: Deoptimize
[2023-11-16T05:34:40.563+0000][21.006s][info ][safepoint     ] Leaving safepoint region
[2023-11-16T05:34:40.563+0000][21.006s][info ][safepoint     ] Total time for which application threads were stopped: 0.0009529 seconds, Stopping threads took: 0.0000306 seconds
[2023-11-16T05:34:41.011+0000][21.455s][debug][safepoint     ] Safepoint synchronization initiated. (28 threads)
[2023-11-16T05:34:41.011+0000][21.455s][info ][safepoint     ] Application time: 0.4482790 seconds
[2023-11-16T05:34:41.011+0000][21.455s][debug][safepoint     ] Waiting for 2 thread(s) to block
[2023-11-16T05:34:41.011+0000][21.455s][info ][safepoint     ] Entering safepoint region: ICBufferFull
[2023-11-16T05:34:41.012+0000][21.455s][info ][safepoint     ] Leaving safepoint region
[2023-11-16T05:34:41.012+0000][21.455s][info ][safepoint     ] Total time for which application threads were stopped: 0.0002136 seconds, Stopping threads took: 0.0000344 seconds
[2023-11-16T05:34:41.444+0000][21.888s][debug][safepoint     ] Safepoint synchronization initiated. (33 threads)
[2023-11-16T05:34:41.444+0000][21.888s][info ][safepoint     ] Application time: 0.4328582 seconds
[2023-11-16T05:34:41.445+0000][21.888s][info ][safepoint     ] Entering safepoint region: Deoptimize
[2023-11-16T05:34:41.446+0000][21.889s][info ][safepoint     ] Leaving safepoint region
[2023-11-16T05:34:41.446+0000][21.889s][info ][safepoint     ] Total time for which application threads were stopped: 0.0010406 seconds, Stopping threads took: 0.0000161 seconds
[2023-11-16T05:34:41.737+0000][22.180s][debug][safepoint     ] Safepoint synchronization initiated. (35 threads)
[2023-11-16T05:34:41.737+0000][22.180s][info ][safepoint     ] Application time: 0.2915629 seconds
[2023-11-16T05:34:41.737+0000][22.180s][debug][safepoint     ] Waiting for 1 thread(s) to block
[2023-11-16T05:34:41.737+0000][22.180s][info ][safepoint     ] Entering safepoint region: G1CollectForAllocation
[2023-11-16T05:34:41.737+0000][22.181s][info ][gc,start      ] GC(25) Pause Young (Normal) (G1 Evacuation Pause)
[2023-11-16T05:34:41.737+0000][22.181s][info ][gc,task       ] GC(25) Using 4 workers of 4 for evacuation
[2023-11-16T05:34:41.780+0000][22.224s][info ][gc,phases     ] GC(25)   Pre Evacuate Collection Set: 0.0ms
[2023-11-16T05:34:41.780+0000][22.224s][info ][gc,phases     ] GC(25)   Evacuate Collection Set: 39.8ms
[2023-11-16T05:34:41.780+0000][22.224s][info ][gc,phases     ] GC(25)   Post Evacuate Collection Set: 3.1ms
[2023-11-16T05:34:41.780+0000][22.224s][info ][gc,phases     ] GC(25)   Other: 0.2ms
[2023-11-16T05:34:41.780+0000][22.224s][info ][gc,heap       ] GC(25) Eden regions: 398->0(397)
[2023-11-16T05:34:41.780+0000][22.224s][info ][gc,heap       ] GC(25) Survivor regions: 33->34(54)
[2023-11-16T05:34:41.780+0000][22.224s][info ][gc,heap       ] GC(25) Old regions: 34->42
[2023-11-16T05:34:41.780+0000][22.224s][info ][gc,heap       ] GC(25) Humongous regions: 0->0
[2023-11-16T05:34:41.780+0000][22.224s][info ][gc,metaspace  ] GC(25) Metaspace: 95947K(98944K)->95947K(98944K) NonClass: 84158K(86016K)->84158K(86016K) Class: 11789K(12928K)->11789K(12928K)
[2023-11-16T05:34:41.780+0000][22.224s][info ][gc            ] GC(25) Pause Young (Normal) (G1 Evacuation Pause) 463M->73M(719M) 43.183ms
[2023-11-16T05:34:41.780+0000][22.224s][info ][gc,cpu        ] GC(25) User=0.16s Sys=0.00s Real=0.05s
[2023-11-16T05:34:41.780+0000][22.224s][info ][safepoint     ] Leaving safepoint region
[2023-11-16T05:34:41.780+0000][22.224s][info ][safepoint     ] Total time for which application threads were stopped: 0.0433612 seconds, Stopping threads took: 0.0000296 seconds
[2023-11-16T05:34:41.781+0000][22.225s][info ][gc,stringdedup] Concurrent String Deduplication (22.225s)
[2023-11-16T05:34:41.786+0000][22.229s][info ][gc,stringdedup] Concurrent String Deduplication 1035.7K->245.5K(790.3K) avg 48.2% (22.225s, 22.229s) 4.684ms
[2023-11-16T05:34:42.033+0000][22.476s][debug][safepoint     ] Safepoint synchronization initiated. (38 threads)
[2023-11-16T05:34:42.033+0000][22.476s][info ][safepoint     ] Application time: 0.2522269 seconds
[2023-11-16T05:34:42.033+0000][22.476s][info ][safepoint     ] Entering safepoint region: Deoptimize
[2023-11-16T05:34:42.034+0000][22.477s][info ][safepoint     ] Leaving safepoint region
[2023-11-16T05:34:42.034+0000][22.477s][info ][safepoint     ] Total time for which application threads were stopped: 0.0010028 seconds, Stopping threads took: 0.0000122 seconds
[2023-11-16T05:34:42.095+0000][22.539s][debug][safepoint     ] Safepoint synchronization initiated. (38 threads)
[2023-11-16T05:34:42.095+0000][22.539s][info ][safepoint     ] Application time: 0.0615291 seconds
[2023-11-16T05:34:42.095+0000][22.539s][info ][safepoint     ] Entering safepoint region: Deoptimize
[2023-11-16T05:34:42.096+0000][22.540s][info ][safepoint     ] Leaving safepoint region
[2023-11-16T05:34:42.096+0000][22.540s][info ][safepoint     ] Total time for which application threads were stopped: 0.0010194 seconds, Stopping threads took: 0.0000143 seconds
[2023-11-16T05:34:42.098+0000][22.541s][debug][safepoint     ] Safepoint synchronization initiated. (38 threads)
[2023-11-16T05:34:42.098+0000][22.541s][info ][safepoint     ] Application time: 0.0013933 seconds
[2023-11-16T05:34:42.098+0000][22.541s][info ][safepoint     ] Entering safepoint region: Deoptimize
[2023-11-16T05:34:42.099+0000][22.542s][info ][safepoint     ] Leaving safepoint region
[2023-11-16T05:34:42.099+0000][22.542s][info ][safepoint     ] Total time for which application threads were stopped: 0.0008478 seconds, Stopping threads took: 0.0000124 seconds
[2023-11-16T05:34:42.154+0000][22.597s][debug][safepoint     ] Safepoint synchronization initiated. (38 threads)
[2023-11-16T05:34:42.154+0000][22.597s][info ][safepoint     ] Application time: 0.0550960 seconds
[2023-11-16T05:34:42.154+0000][22.597s][info ][safepoint     ] Entering safepoint region: Deoptimize
[2023-11-16T05:34:42.155+0000][22.598s][info ][safepoint     ] Leaving safepoint region
[2023-11-16T05:34:42.155+0000][22.598s][info ][safepoint     ] Total time for which application threads were stopped: 0.0010426 seconds, Stopping threads took: 0.0000137 seconds
[2023-11-16T05:34:43.054+0000][23.497s][debug][safepoint     ] Safepoint synchronization initiated. (38 threads)
[2023-11-16T05:34:43.054+0000][23.498s][info ][safepoint     ] Application time: 0.8994753 seconds
[2023-11-16T05:34:43.056+0000][23.499s][debug][safepoint     ] ... found polling page return exception at pc = 0x00007fde84b5a0f5, stub =0x00007fde7c83a800
[2023-11-16T05:34:43.056+0000][23.499s][debug][safepoint     ] Waiting for 1 thread(s) to block
[2023-11-16T05:34:43.056+0000][23.499s][info ][safepoint     ] Entering safepoint region: ICBufferFull
[2023-11-16T05:34:43.056+0000][23.499s][info ][safepoint     ] Leaving safepoint region
[2023-11-16T05:34:43.056+0000][23.499s][info ][safepoint     ] Total time for which application threads were stopped: 0.0018949 seconds, Stopping threads took: 0.0013794 seconds
[2023-11-16T05:34:43.355+0000][23.798s][debug][safepoint     ] Safepoint synchronization initiated. (38 threads)
[2023-11-16T05:34:43.355+0000][23.798s][info ][safepoint     ] Application time: 0.2989049 seconds
[2023-11-16T05:34:43.355+0000][23.798s][info ][safepoint     ] Entering safepoint region: ICBufferFull
[2023-11-16T05:34:43.355+0000][23.799s][info ][safepoint     ] Leaving safepoint region
[2023-11-16T05:34:43.355+0000][23.799s][info ][safepoint     ] Total time for which application threads were stopped: 0.0002024 seconds, Stopping threads took: 0.0000133 seconds
[2023-11-16T05:34:43.573+0000][24.016s][debug][safepoint     ] Safepoint synchronization initiated. (38 threads)
[2023-11-16T05:34:43.573+0000][24.016s][info ][safepoint     ] Application time: 0.2178144 seconds
[2023-11-16T05:34:43.573+0000][24.016s][info ][safepoint     ] Entering safepoint region: G1CollectForAllocation
[2023-11-16T05:34:43.573+0000][24.017s][info ][gc,start      ] GC(26) Pause Young (Normal) (G1 Evacuation Pause)
[2023-11-16T05:34:43.573+0000][24.017s][info ][gc,task       ] GC(26) Using 4 workers of 4 for evacuation
[2023-11-16T05:34:43.606+0000][24.049s][info ][gc,phases     ] GC(26)   Pre Evacuate Collection Set: 0.0ms
[2023-11-16T05:34:43.606+0000][24.049s][info ][gc,phases     ] GC(26)   Evacuate Collection Set: 29.3ms
[2023-11-16T05:34:43.606+0000][24.049s][info ][gc,phases     ] GC(26)   Post Evacuate Collection Set: 3.3ms
[2023-11-16T05:34:43.606+0000][24.049s][info ][gc,phases     ] GC(26)   Other: 0.2ms
[2023-11-16T05:34:43.606+0000][24.049s][info ][gc,heap       ] GC(26) Eden regions: 397->0(404)
[2023-11-16T05:34:43.606+0000][24.049s][info ][gc,heap       ] GC(26) Survivor regions: 34->27(54)
[2023-11-16T05:34:43.606+0000][24.049s][info ][gc,heap       ] GC(26) Old regions: 42->58
[2023-11-16T05:34:43.606+0000][24.049s][info ][gc,heap       ] GC(26) Humongous regions: 1->0
[2023-11-16T05:34:43.606+0000][24.049s][info ][gc,metaspace  ] GC(26) Metaspace: 103044K(106240K)->103044K(106240K) NonClass: 90628K(92672K)->90628K(92672K) Class: 12416K(13568K)->12416K(13568K)
[2023-11-16T05:34:43.606+0000][24.050s][info ][gc            ] GC(26) Pause Young (Normal) (G1 Evacuation Pause) 471M->82M(719M) 32.956ms
[2023-11-16T05:34:43.606+0000][24.050s][info ][gc,cpu        ] GC(26) User=0.12s Sys=0.00s Real=0.03s
[2023-11-16T05:34:43.606+0000][24.050s][info ][safepoint     ] Leaving safepoint region
[2023-11-16T05:34:43.606+0000][24.050s][info ][safepoint     ] Total time for which application threads were stopped: 0.0331821 seconds, Stopping threads took: 0.0000131 seconds
[2023-11-16T05:34:43.606+0000][24.050s][info ][gc,stringdedup] Concurrent String Deduplication (24.050s)
[2023-11-16T05:34:43.609+0000][24.053s][info ][gc,stringdedup] Concurrent String Deduplication 634.8K->184.1K(450.7K) avg 49.4% (24.050s, 24.053s) 3.030ms
[2023-11-16T05:34:43.626+0000][24.069s][debug][safepoint     ] Safepoint synchronization initiated. (38 threads)
[2023-11-16T05:34:43.626+0000][24.069s][info ][safepoint     ] Application time: 0.0195122 seconds
[2023-11-16T05:34:43.626+0000][24.069s][debug][safepoint     ] Waiting for 1 thread(s) to block
[2023-11-16T05:34:43.626+0000][24.069s][info ][safepoint     ] Entering safepoint region: Deoptimize
[2023-11-16T05:34:43.627+0000][24.070s][info ][safepoint     ] Leaving safepoint region
[2023-11-16T05:34:43.627+0000][24.070s][info ][safepoint     ] Total time for which application threads were stopped: 0.0010020 seconds, Stopping threads took: 0.0000309 seconds
[2023-11-16T05:34:43.680+0000][24.123s][debug][safepoint     ] Safepoint synchronization initiated. (38 threads)
[2023-11-16T05:34:43.680+0000][24.123s][info ][safepoint     ] Application time: 0.0530282 seconds
[2023-11-16T05:34:43.680+0000][24.123s][debug][safepoint     ] Waiting for 1 thread(s) to block
[2023-11-16T05:34:43.680+0000][24.123s][info ][safepoint     ] Entering safepoint region: Deoptimize
[2023-11-16T05:34:43.681+0000][24.124s][info ][safepoint     ] Leaving safepoint region
[2023-11-16T05:34:43.681+0000][24.124s][info ][safepoint     ] Total time for which application threads were stopped: 0.0010576 seconds, Stopping threads took: 0.0000304 seconds
[2023-11-16T05:34:44.147+0000][24.591s][debug][safepoint     ] Safepoint synchronization initiated. (41 threads)
[2023-11-16T05:34:44.147+0000][24.591s][info ][safepoint     ] Application time: 0.4665314 seconds
[2023-11-16T05:34:44.147+0000][24.591s][debug][safepoint     ] Waiting for 1 thread(s) to block
[2023-11-16T05:34:44.147+0000][24.591s][info ][safepoint     ] Entering safepoint region: Deoptimize
[2023-11-16T05:34:44.149+0000][24.592s][info ][safepoint     ] Leaving safepoint region
[2023-11-16T05:34:44.149+0000][24.592s][info ][safepoint     ] Total time for which application threads were stopped: 0.0011132 seconds, Stopping threads took: 0.0000436 seconds
[2023-11-16T05:34:44.367+0000][24.811s][debug][safepoint     ] Safepoint synchronization initiated. (41 threads)
[2023-11-16T05:34:44.367+0000][24.811s][info ][safepoint     ] Application time: 0.2187752 seconds
[2023-11-16T05:34:44.367+0000][24.811s][info ][safepoint     ] Entering safepoint region: ICBufferFull
[2023-11-16T05:34:44.368+0000][24.811s][info ][safepoint     ] Leaving safepoint region
[2023-11-16T05:34:44.368+0000][24.811s][info ][safepoint     ] Total time for which application threads were stopped: 0.0002096 seconds, Stopping threads took: 0.0000140 seconds
[2023-11-16T05:34:44.478+0000][24.921s][debug][safepoint     ] Safepoint synchronization initiated. (41 threads)
[2023-11-16T05:34:44.478+0000][24.921s][info ][safepoint     ] Application time: 0.1105290 seconds
[2023-11-16T05:34:44.478+0000][24.921s][info ][safepoint     ] Entering safepoint region: ICBufferFull
[2023-11-16T05:34:44.478+0000][24.922s][info ][safepoint     ] Leaving safepoint region
[2023-11-16T05:34:44.478+0000][24.922s][info ][safepoint     ] Total time for which application threads were stopped: 0.0002077 seconds, Stopping threads took: 0.0000132 seconds
[2023-11-16T05:34:44.656+0000][25.099s][debug][safepoint     ] Safepoint synchronization initiated. (41 threads)
[2023-11-16T05:34:44.656+0000][25.099s][info ][safepoint     ] Application time: 0.1773677 seconds
[2023-11-16T05:34:44.656+0000][25.099s][info ][safepoint     ] Entering safepoint region: Deoptimize
[2023-11-16T05:34:44.657+0000][25.100s][info ][safepoint     ] Leaving safepoint region
[2023-11-16T05:34:44.657+0000][25.100s][info ][safepoint     ] Total time for which application threads were stopped: 0.0011427 seconds, Stopping threads took: 0.0000135 seconds
[2023-11-16T05:34:44.718+0000][25.161s][debug][safepoint     ] Safepoint synchronization initiated. (41 threads)
[2023-11-16T05:34:44.718+0000][25.161s][info ][safepoint     ] Application time: 0.0612841 seconds
[2023-11-16T05:34:44.718+0000][25.161s][info ][safepoint     ] Entering safepoint region: Deoptimize
[2023-11-16T05:34:44.719+0000][25.162s][info ][safepoint     ] Leaving safepoint region
[2023-11-16T05:34:44.719+0000][25.162s][info ][safepoint     ] Total time for which application threads were stopped: 0.0010277 seconds, Stopping threads took: 0.0000145 seconds
[2023-11-16T05:34:44.749+0000][25.192s][debug][safepoint     ] Safepoint synchronization initiated. (41 threads)
[2023-11-16T05:34:44.749+0000][25.192s][info ][safepoint     ] Application time: 0.0299180 seconds
[2023-11-16T05:34:44.749+0000][25.192s][info ][safepoint     ] Entering safepoint region: Deoptimize
[2023-11-16T05:34:44.750+0000][25.193s][info ][safepoint     ] Leaving safepoint region
[2023-11-16T05:34:44.750+0000][25.193s][info ][safepoint     ] Total time for which application threads were stopped: 0.0010244 seconds, Stopping threads took: 0.0000288 seconds
[2023-11-16T05:34:44.787+0000][25.230s][debug][safepoint     ] Safepoint synchronization initiated. (41 threads)
[2023-11-16T05:34:44.787+0000][25.230s][info ][safepoint     ] Application time: 0.0367172 seconds
[2023-11-16T05:34:44.787+0000][25.230s][info ][safepoint     ] Entering safepoint region: Deoptimize
[2023-11-16T05:34:44.788+0000][25.232s][info ][safepoint     ] Leaving safepoint region
[2023-11-16T05:34:44.788+0000][25.232s][info ][safepoint     ] Total time for which application threads were stopped: 0.0013811 seconds, Stopping threads took: 0.0000143 seconds
[2023-11-16T05:34:44.935+0000][25.378s][debug][safepoint     ] Safepoint synchronization initiated. (41 threads)
[2023-11-16T05:34:44.935+0000][25.378s][info ][safepoint     ] Application time: 0.1465629 seconds
[2023-11-16T05:34:44.935+0000][25.378s][info ][safepoint     ] Entering safepoint region: Deoptimize
[2023-11-16T05:34:44.936+0000][25.379s][info ][safepoint     ] Leaving safepoint region
[2023-11-16T05:34:44.936+0000][25.379s][info ][safepoint     ] Total time for which application threads were stopped: 0.0011087 seconds, Stopping threads took: 0.0000141 seconds
[2023-11-16T05:34:44.937+0000][25.380s][debug][safepoint     ] Safepoint synchronization initiated. (41 threads)
[2023-11-16T05:34:44.937+0000][25.380s][info ][safepoint     ] Application time: 0.0012009 seconds
[2023-11-16T05:34:44.937+0000][25.380s][info ][safepoint     ] Entering safepoint region: Deoptimize
[2023-11-16T05:34:44.938+0000][25.381s][info ][safepoint     ] Leaving safepoint region
[2023-11-16T05:34:44.938+0000][25.381s][info ][safepoint     ] Total time for which application threads were stopped: 0.0008666 seconds, Stopping threads took: 0.0000125 seconds
[2023-11-16T05:34:45.270+0000][25.714s][debug][safepoint     ] Safepoint synchronization initiated. (41 threads)
[2023-11-16T05:34:45.270+0000][25.714s][info ][safepoint     ] Application time: 0.3322569 seconds
[2023-11-16T05:34:45.270+0000][25.714s][info ][safepoint     ] Entering safepoint region: ICBufferFull
[2023-11-16T05:34:45.270+0000][25.714s][info ][safepoint     ] Leaving safepoint region
[2023-11-16T05:34:45.270+0000][25.714s][info ][safepoint     ] Total time for which application threads were stopped: 0.0001789 seconds, Stopping threads took: 0.0000146 seconds
[2023-11-16T05:34:45.462+0000][25.905s][debug][safepoint     ] Safepoint synchronization initiated. (41 threads)
[2023-11-16T05:34:45.462+0000][25.905s][info ][safepoint     ] Application time: 0.1911951 seconds
[2023-11-16T05:34:45.462+0000][25.905s][debug][safepoint     ] Waiting for 1 thread(s) to block
[2023-11-16T05:34:45.462+0000][25.905s][info ][safepoint     ] Entering safepoint region: CollectForMetadataAllocation
[2023-11-16T05:34:45.462+0000][25.905s][info ][gc,start      ] GC(27) Pause Young (Concurrent Start) (Metadata GC Threshold)
[2023-11-16T05:34:45.462+0000][25.905s][info ][gc,task       ] GC(27) Using 4 workers of 4 for evacuation
[2023-11-16T05:34:45.519+0000][25.962s][info ][gc,phases     ] GC(27)   Pre Evacuate Collection Set: 0.2ms
[2023-11-16T05:34:45.519+0000][25.962s][info ][gc,phases     ] GC(27)   Evacuate Collection Set: 53.0ms
[2023-11-16T05:34:45.519+0000][25.962s][info ][gc,phases     ] GC(27)   Post Evacuate Collection Set: 3.5ms
[2023-11-16T05:34:45.519+0000][25.962s][info ][gc,phases     ] GC(27)   Other: 0.3ms
[2023-11-16T05:34:45.519+0000][25.962s][info ][gc,heap       ] GC(27) Eden regions: 288->0(398)
[2023-11-16T05:34:45.519+0000][25.962s][info ][gc,heap       ] GC(27) Survivor regions: 27->33(54)
[2023-11-16T05:34:45.519+0000][25.962s][info ][gc,heap       ] GC(27) Old regions: 58->58
[2023-11-16T05:34:45.519+0000][25.962s][info ][gc,heap       ] GC(27) Humongous regions: 0->0
[2023-11-16T05:34:45.519+0000][25.962s][info ][gc,metaspace  ] GC(27) Metaspace: 114144K(117336K)->114144K(117336K) NonClass: 100433K(102360K)->100433K(102360K) Class: 13711K(14976K)->13711K(14976K)
[2023-11-16T05:34:45.519+0000][25.962s][info ][gc            ] GC(27) Pause Young (Concurrent Start) (Metadata GC Threshold) 370M->89M(719M) 57.080ms
[2023-11-16T05:34:45.519+0000][25.962s][info ][gc,cpu        ] GC(27) User=0.19s Sys=0.00s Real=0.05s
[2023-11-16T05:34:45.519+0000][25.962s][info ][safepoint     ] Leaving safepoint region
[2023-11-16T05:34:45.519+0000][25.962s][info ][safepoint     ] Total time for which application threads were stopped: 0.0573916 seconds, Stopping threads took: 0.0000420 seconds
[2023-11-16T05:34:45.519+0000][25.962s][info ][gc            ] GC(28) Concurrent Cycle
[2023-11-16T05:34:45.519+0000][25.962s][info ][gc,marking    ] GC(28) Concurrent Clear Claimed Marks
[2023-11-16T05:34:45.519+0000][25.963s][info ][gc,marking    ] GC(28) Concurrent Clear Claimed Marks 0.206ms
[2023-11-16T05:34:45.519+0000][25.963s][info ][gc,marking    ] GC(28) Concurrent Scan Root Regions
[2023-11-16T05:34:45.528+0000][25.971s][info ][gc,stringdedup] Concurrent String Deduplication (25.971s)
[2023-11-16T05:34:45.540+0000][25.984s][info ][gc,stringdedup] Concurrent String Deduplication 862.2K->417.1K(445.1K) avg 49.6% (25.971s, 25.983s) 12.578ms
[2023-11-16T05:34:45.548+0000][25.991s][debug][safepoint     ] Safepoint synchronization initiated. (41 threads)
[2023-11-16T05:34:45.548+0000][25.991s][info ][safepoint     ] Application time: 0.0290876 seconds
[2023-11-16T05:34:45.548+0000][25.992s][debug][safepoint     ] Waiting for 1 thread(s) to block
[2023-11-16T05:34:45.548+0000][25.992s][info ][safepoint     ] Entering safepoint region: CollectForMetadataAllocation
[2023-11-16T05:34:45.548+0000][25.992s][info ][safepoint     ] Leaving safepoint region
[2023-11-16T05:34:45.548+0000][25.992s][info ][safepoint     ] Total time for which application threads were stopped: 0.0001551 seconds, Stopping threads took: 0.0000328 seconds
[2023-11-16T05:34:45.566+0000][26.009s][info ][gc,marking    ] GC(28) Concurrent Scan Root Regions 46.483ms
[2023-11-16T05:34:45.566+0000][26.009s][info ][gc,marking    ] GC(28) Concurrent Mark (26.009s)
[2023-11-16T05:34:45.566+0000][26.009s][info ][gc,marking    ] GC(28) Concurrent Mark From Roots
[2023-11-16T05:34:45.566+0000][26.009s][info ][gc,task       ] GC(28) Using 1 workers of 1 for marking
[2023-11-16T05:34:45.676+0000][26.119s][info ][gc,marking    ] GC(28) Concurrent Mark From Roots 109.984ms
[2023-11-16T05:34:45.676+0000][26.119s][info ][gc,marking    ] GC(28) Concurrent Preclean
[2023-11-16T05:34:45.676+0000][26.119s][info ][gc,marking    ] GC(28) Concurrent Preclean 0.125ms
[2023-11-16T05:34:45.676+0000][26.119s][info ][gc,marking    ] GC(28) Concurrent Mark (26.009s, 26.119s) 110.176ms
[2023-11-16T05:34:45.676+0000][26.119s][debug][safepoint     ] Safepoint synchronization initiated. (41 threads)
[2023-11-16T05:34:45.676+0000][26.119s][info ][safepoint     ] Application time: 0.1277439 seconds
[2023-11-16T05:34:45.676+0000][26.119s][debug][safepoint     ] Waiting for 1 thread(s) to block
[2023-11-16T05:34:45.676+0000][26.119s][info ][safepoint     ] Entering safepoint region: CGC_Operation
[2023-11-16T05:34:45.676+0000][26.120s][info ][gc,start      ] GC(28) Pause Remark
[2023-11-16T05:34:45.705+0000][26.148s][info ][gc,stringtable] GC(28) Cleaned string and symbol table, strings: 54390 processed, 68 removed, symbols: 315449 processed, 388 removed
[2023-11-16T05:34:45.705+0000][26.148s][info ][gc            ] GC(28) Pause Remark 112M->112M(719M) 28.646ms
[2023-11-16T05:34:45.705+0000][26.148s][info ][gc,cpu        ] GC(28) User=0.11s Sys=0.00s Real=0.03s
[2023-11-16T05:34:45.705+0000][26.148s][info ][safepoint     ] Leaving safepoint region
[2023-11-16T05:34:45.705+0000][26.148s][info ][safepoint     ] Total time for which application threads were stopped: 0.0288613 seconds, Stopping threads took: 0.0000733 seconds
[2023-11-16T05:34:45.705+0000][26.148s][info ][gc,marking    ] GC(28) Concurrent Rebuild Remembered Sets
[2023-11-16T05:34:45.778+0000][26.221s][info ][gc,marking    ] GC(28) Concurrent Rebuild Remembered Sets 72.671ms
[2023-11-16T05:34:45.778+0000][26.221s][debug][safepoint     ] Safepoint synchronization initiated. (41 threads)
[2023-11-16T05:34:45.778+0000][26.221s][info ][safepoint     ] Application time: 0.0727789 seconds
[2023-11-16T05:34:45.779+0000][26.223s][debug][safepoint     ] ... found polling page return exception at pc = 0x00007fde84636e60, stub =0x00007fde7c83a800
[2023-11-16T05:34:45.780+0000][26.224s][debug][safepoint     ] Waiting for 1 thread(s) to block
[2023-11-16T05:34:45.780+0000][26.224s][info ][safepoint     ] Entering safepoint region: CGC_Operation
[2023-11-16T05:34:45.780+0000][26.224s][info ][gc,start      ] GC(28) Pause Cleanup
[2023-11-16T05:34:45.781+0000][26.224s][info ][gc            ] GC(28) Pause Cleanup 127M->127M(719M) 0.186ms
[2023-11-16T05:34:45.781+0000][26.224s][info ][gc,cpu        ] GC(28) User=0.00s Sys=0.00s Real=0.00s
[2023-11-16T05:34:45.781+0000][26.224s][info ][safepoint     ] Leaving safepoint region
[2023-11-16T05:34:45.781+0000][26.224s][info ][safepoint     ] Total time for which application threads were stopped: 0.0029355 seconds, Stopping threads took: 0.0026265 seconds
[2023-11-16T05:34:45.781+0000][26.224s][info ][gc,marking    ] GC(28) Concurrent Cleanup for Next Mark
[2023-11-16T05:34:45.782+0000][26.225s][info ][gc,marking    ] GC(28) Concurrent Cleanup for Next Mark 0.816ms
[2023-11-16T05:34:45.782+0000][26.225s][info ][gc            ] GC(28) Concurrent Cycle 262.465ms
[2023-11-16T05:34:46.781+0000][27.224s][debug][safepoint     ] Safepoint synchronization initiated. (42 threads)
[2023-11-16T05:34:46.781+0000][27.224s][info ][safepoint     ] Application time: 1.0001185 seconds
[2023-11-16T05:34:46.781+0000][27.224s][debug][safepoint     ] ... found polling page loop exception at pc = 0x00007fde8492c195, stub =0x00007fde7c83ab00
[2023-11-16T05:34:46.781+0000][27.224s][debug][safepoint     ] Waiting for 1 thread(s) to block
[2023-11-16T05:34:46.781+0000][27.224s][info ][safepoint     ] Entering safepoint region: Cleanup
[2023-11-16T05:34:46.781+0000][27.224s][info ][safepoint     ] Leaving safepoint region
[2023-11-16T05:34:46.781+0000][27.224s][info ][safepoint     ] Total time for which application threads were stopped: 0.0002400 seconds, Stopping threads took: 0.0000812 seconds
[2023-11-16T05:34:46.888+0000][27.331s][debug][safepoint     ] Safepoint synchronization initiated. (42 threads)
[2023-11-16T05:34:46.888+0000][27.331s][info ][safepoint     ] Application time: 0.1065932 seconds
[2023-11-16T05:34:46.888+0000][27.331s][info ][safepoint     ] Entering safepoint region: Deoptimize
[2023-11-16T05:34:46.889+0000][27.332s][info ][safepoint     ] Leaving safepoint region
[2023-11-16T05:34:46.889+0000][27.332s][info ][safepoint     ] Total time for which application threads were stopped: 0.0011116 seconds, Stopping threads took: 0.0000141 seconds
[2023-11-16T05:34:47.121+0000][27.564s][debug][safepoint     ] Safepoint synchronization initiated. (42 threads)
[2023-11-16T05:34:47.121+0000][27.564s][info ][safepoint     ] Application time: 0.2317786 seconds
[2023-11-16T05:34:47.121+0000][27.564s][info ][safepoint     ] Entering safepoint region: Deoptimize
[2023-11-16T05:34:47.122+0000][27.565s][info ][safepoint     ] Leaving safepoint region
[2023-11-16T05:34:47.122+0000][27.565s][info ][safepoint     ] Total time for which application threads were stopped: 0.0010122 seconds, Stopping threads took: 0.0000135 seconds
[2023-11-16T05:34:47.246+0000][27.690s][debug][safepoint     ] Safepoint synchronization initiated. (43 threads)
[2023-11-16T05:34:47.246+0000][27.690s][info ][safepoint     ] Application time: 0.1248470 seconds
[2023-11-16T05:34:47.246+0000][27.690s][info ][safepoint     ] Entering safepoint region: G1CollectForAllocation
[2023-11-16T05:34:47.247+0000][27.690s][info ][gc,start      ] GC(29) Pause Young (Concurrent Start) (G1 Evacuation Pause)
[2023-11-16T05:34:47.247+0000][27.690s][info ][gc,task       ] GC(29) Using 4 workers of 4 for evacuation
[2023-11-16T05:34:47.286+0000][27.729s][info ][gc,phases     ] GC(29)   Pre Evacuate Collection Set: 0.2ms
[2023-11-16T05:34:47.286+0000][27.729s][info ][gc,phases     ] GC(29)   Evacuate Collection Set: 34.3ms
[2023-11-16T05:34:47.286+0000][27.729s][info ][gc,phases     ] GC(29)   Post Evacuate Collection Set: 4.5ms
[2023-11-16T05:34:47.286+0000][27.729s][info ][gc,phases     ] GC(29)   Other: 0.3ms
[2023-11-16T05:34:47.286+0000][27.729s][info ][gc,heap       ] GC(29) Eden regions: 398->0(475)
[2023-11-16T05:34:47.286+0000][27.729s][info ][gc,heap       ] GC(29) Survivor regions: 33->34(54)
[2023-11-16T05:34:47.286+0000][27.729s][info ][gc,heap       ] GC(29) Old regions: 58->66
[2023-11-16T05:34:47.286+0000][27.729s][info ][gc,heap       ] GC(29) Humongous regions: 0->0
[2023-11-16T05:34:47.286+0000][27.729s][info ][gc,metaspace  ] GC(29) Metaspace: 123349K(126936K)->123349K(126936K) NonClass: 108837K(111064K)->108837K(111064K) Class: 14512K(15872K)->14512K(15872K)
[2023-11-16T05:34:47.286+0000][27.729s][info ][gc            ] GC(29) Pause Young (Concurrent Start) (G1 Evacuation Pause) 487M->97M(849M) 39.507ms
[2023-11-16T05:34:47.286+0000][27.729s][info ][gc,cpu        ] GC(29) User=0.14s Sys=0.00s Real=0.04s
[2023-11-16T05:34:47.286+0000][27.729s][info ][safepoint     ] Leaving safepoint region
[2023-11-16T05:34:47.286+0000][27.729s][info ][safepoint     ] Total time for which application threads were stopped: 0.0396703 seconds, Stopping threads took: 0.0000144 seconds
[2023-11-16T05:34:47.286+0000][27.729s][info ][gc            ] GC(30) Concurrent Cycle
[2023-11-16T05:34:47.286+0000][27.729s][info ][gc,marking    ] GC(30) Concurrent Clear Claimed Marks
[2023-11-16T05:34:47.286+0000][27.730s][info ][gc,marking    ] GC(30) Concurrent Clear Claimed Marks 0.234ms
[2023-11-16T05:34:47.286+0000][27.730s][info ][gc,marking    ] GC(30) Concurrent Scan Root Regions
[2023-11-16T05:34:47.299+0000][27.743s][info ][gc,stringdedup] Concurrent String Deduplication (27.743s)
[2023-11-16T05:34:47.314+0000][27.757s][info ][gc,marking    ] GC(30) Concurrent Scan Root Regions 27.670ms
[2023-11-16T05:34:47.314+0000][27.757s][info ][gc,marking    ] GC(30) Concurrent Mark (27.757s)
[2023-11-16T05:34:47.314+0000][27.757s][info ][gc,marking    ] GC(30) Concurrent Mark From Roots
[2023-11-16T05:34:47.314+0000][27.757s][info ][gc,task       ] GC(30) Using 1 workers of 1 for marking
[2023-11-16T05:34:47.317+0000][27.760s][info ][gc,stringdedup] Concurrent String Deduplication 975.4K->506.1K(469.3K) avg 49.5% (27.743s, 27.760s) 17.326ms
[2023-11-16T05:34:47.447+0000][27.890s][info ][gc,marking    ] GC(30) Concurrent Mark From Roots 132.879ms
[2023-11-16T05:34:47.447+0000][27.890s][info ][gc,marking    ] GC(30) Concurrent Preclean
[2023-11-16T05:34:47.447+0000][27.891s][info ][gc,marking    ] GC(30) Concurrent Preclean 0.133ms
[2023-11-16T05:34:47.447+0000][27.891s][info ][gc,marking    ] GC(30) Concurrent Mark (27.757s, 27.891s) 133.075ms
[2023-11-16T05:34:47.447+0000][27.891s][debug][safepoint     ] Safepoint synchronization initiated. (43 threads)
[2023-11-16T05:34:47.447+0000][27.891s][info ][safepoint     ] Application time: 0.1611111 seconds
[2023-11-16T05:34:47.447+0000][27.891s][debug][safepoint     ] ... found polling page return exception at pc = 0x00007fde84d00b9c, stub =0x00007fde7c83a800
[2023-11-16T05:34:47.447+0000][27.891s][debug][safepoint     ] Waiting for 1 thread(s) to block
[2023-11-16T05:34:47.447+0000][27.891s][info ][safepoint     ] Entering safepoint region: CGC_Operation
[2023-11-16T05:34:47.447+0000][27.891s][info ][gc,start      ] GC(30) Pause Remark
[2023-11-16T05:34:47.463+0000][27.906s][info ][gc,stringtable] GC(30) Cleaned string and symbol table, strings: 59825 processed, 0 removed, symbols: 332651 processed, 20 removed
[2023-11-16T05:34:47.463+0000][27.907s][info ][gc            ] GC(30) Pause Remark 117M->117M(849M) 15.877ms
[2023-11-16T05:34:47.463+0000][27.907s][info ][gc,cpu        ] GC(30) User=0.06s Sys=0.00s Real=0.02s
[2023-11-16T05:34:47.463+0000][27.907s][info ][safepoint     ] Leaving safepoint region
[2023-11-16T05:34:47.463+0000][27.907s][info ][safepoint     ] Total time for which application threads were stopped: 0.0161720 seconds, Stopping threads took: 0.0001025 seconds
[2023-11-16T05:34:47.464+0000][27.907s][info ][gc,marking    ] GC(30) Concurrent Rebuild Remembered Sets
[2023-11-16T05:34:47.550+0000][27.993s][info ][gc,marking    ] GC(30) Concurrent Rebuild Remembered Sets 86.074ms
[2023-11-16T05:34:47.550+0000][27.993s][debug][safepoint     ] Safepoint synchronization initiated. (43 threads)
[2023-11-16T05:34:47.550+0000][27.993s][info ][safepoint     ] Application time: 0.0861955 seconds
[2023-11-16T05:34:47.550+0000][27.993s][debug][safepoint     ] ... found polling page loop exception at pc = 0x00007fde84a7a492, stub =0x00007fde7c83ab00
[2023-11-16T05:34:47.550+0000][27.993s][debug][safepoint     ] Waiting for 1 thread(s) to block
[2023-11-16T05:34:47.550+0000][27.993s][info ][safepoint     ] Entering safepoint region: CGC_Operation
[2023-11-16T05:34:47.550+0000][27.993s][info ][gc,start      ] GC(30) Pause Cleanup
[2023-11-16T05:34:47.550+0000][27.993s][info ][gc            ] GC(30) Pause Cleanup 127M->127M(849M) 0.202ms
[2023-11-16T05:34:47.550+0000][27.993s][info ][gc,cpu        ] GC(30) User=0.00s Sys=0.00s Real=0.00s
[2023-11-16T05:34:47.550+0000][27.993s][info ][safepoint     ] Leaving safepoint region
[2023-11-16T05:34:47.550+0000][27.993s][info ][safepoint     ] Total time for which application threads were stopped: 0.0004390 seconds, Stopping threads took: 0.0001234 seconds
[2023-11-16T05:34:47.550+0000][27.993s][info ][gc,marking    ] GC(30) Concurrent Cleanup for Next Mark
[2023-11-16T05:34:47.552+0000][27.995s][info ][gc,marking    ] GC(30) Concurrent Cleanup for Next Mark 1.554ms
[2023-11-16T05:34:47.552+0000][27.995s][info ][gc            ] GC(30) Concurrent Cycle 265.560ms
[2023-11-16T05:34:48.550+0000][28.994s][debug][safepoint     ] Safepoint synchronization initiated. (53 threads)
[2023-11-16T05:34:48.550+0000][28.994s][info ][safepoint     ] Application time: 1.0001123 seconds
[2023-11-16T05:34:48.550+0000][28.994s][info ][safepoint     ] Entering safepoint region: Cleanup
[2023-11-16T05:34:48.550+0000][28.994s][info ][safepoint     ] Leaving safepoint region
[2023-11-16T05:34:48.550+0000][28.994s][info ][safepoint     ] Total time for which application threads were stopped: 0.0001917 seconds, Stopping threads took: 0.0000167 seconds
[2023-11-16T05:34:48.857+0000][29.300s][debug][safepoint     ] Safepoint synchronization initiated. (53 threads)
[2023-11-16T05:34:48.857+0000][29.300s][info ][safepoint     ] Application time: 0.3061295 seconds
[2023-11-16T05:34:48.857+0000][29.300s][info ][safepoint     ] Entering safepoint region: Deoptimize
[2023-11-16T05:34:48.858+0000][29.301s][info ][safepoint     ] Leaving safepoint region
[2023-11-16T05:34:48.858+0000][29.301s][info ][safepoint     ] Total time for which application threads were stopped: 0.0011736 seconds, Stopping threads took: 0.0000170 seconds
[2023-11-16T05:34:49.394+0000][29.837s][debug][safepoint     ] Safepoint synchronization initiated. (65 threads)
[2023-11-16T05:34:49.394+0000][29.837s][info ][safepoint     ] Application time: 0.5362665 seconds
[2023-11-16T05:34:49.394+0000][29.837s][info ][safepoint     ] Entering safepoint region: ICBufferFull
[2023-11-16T05:34:49.394+0000][29.838s][info ][safepoint     ] Leaving safepoint region
[2023-11-16T05:34:49.394+0000][29.838s][info ][safepoint     ] Total time for which application threads were stopped: 0.0001897 seconds, Stopping threads took: 0.0000183 seconds
[2023-11-16T05:34:49.510+0000][29.953s][debug][safepoint     ] Safepoint synchronization initiated. (65 threads)
[2023-11-16T05:34:49.510+0000][29.953s][info ][safepoint     ] Application time: 0.1154435 seconds
[2023-11-16T05:34:49.510+0000][29.953s][debug][safepoint     ] Waiting for 1 thread(s) to block
[2023-11-16T05:34:49.510+0000][29.953s][info ][safepoint     ] Entering safepoint region: Deoptimize
[2023-11-16T05:34:49.511+0000][29.954s][info ][safepoint     ] Leaving safepoint region
[2023-11-16T05:34:49.511+0000][29.954s][info ][safepoint     ] Total time for which application threads were stopped: 0.0011103 seconds, Stopping threads took: 0.0000380 seconds
[2023-11-16T05:34:49.511+0000][29.954s][debug][safepoint     ] Safepoint synchronization initiated. (65 threads)
[2023-11-16T05:34:49.511+0000][29.954s][info ][safepoint     ] Application time: 0.0001239 seconds
[2023-11-16T05:34:49.511+0000][29.954s][debug][safepoint     ] Waiting for 1 thread(s) to block
[2023-11-16T05:34:49.511+0000][29.954s][info ][safepoint     ] Entering safepoint region: Deoptimize
[2023-11-16T05:34:49.512+0000][29.955s][info ][safepoint     ] Leaving safepoint region
[2023-11-16T05:34:49.512+0000][29.955s][info ][safepoint     ] Total time for which application threads were stopped: 0.0010427 seconds, Stopping threads took: 0.0000269 seconds
[2023-11-16T05:34:49.513+0000][29.956s][debug][safepoint     ] Safepoint synchronization initiated. (65 threads)
[2023-11-16T05:34:49.513+0000][29.956s][info ][safepoint     ] Application time: 0.0008896 seconds
[2023-11-16T05:34:49.513+0000][29.956s][debug][safepoint     ] Waiting for 1 thread(s) to block
[2023-11-16T05:34:49.513+0000][29.956s][info ][safepoint     ] Entering safepoint region: Deoptimize
[2023-11-16T05:34:49.514+0000][29.957s][info ][safepoint     ] Leaving safepoint region
[2023-11-16T05:34:49.514+0000][29.957s][info ][safepoint     ] Total time for which application threads were stopped: 0.0010269 seconds, Stopping threads took: 0.0000281 seconds
[2023-11-16T05:34:49.535+0000][29.979s][debug][safepoint     ] Safepoint synchronization initiated. (65 threads)
[2023-11-16T05:34:49.535+0000][29.979s][info ][safepoint     ] Application time: 0.0215418 seconds
[2023-11-16T05:34:49.536+0000][29.979s][debug][safepoint     ] Waiting for 1 thread(s) to block
[2023-11-16T05:34:49.536+0000][29.979s][info ][safepoint     ] Entering safepoint region: Deoptimize
[2023-11-16T05:34:49.537+0000][29.980s][info ][safepoint     ] Leaving safepoint region
[2023-11-16T05:34:49.537+0000][29.980s][info ][safepoint     ] Total time for which application threads were stopped: 0.0011114 seconds, Stopping threads took: 0.0000362 seconds
[2023-11-16T05:34:49.733+0000][30.176s][debug][safepoint     ] Safepoint synchronization initiated. (65 threads)
[2023-11-16T05:34:49.733+0000][30.176s][info ][safepoint     ] Application time: 0.1964722 seconds
[2023-11-16T05:34:49.733+0000][30.176s][debug][safepoint     ] Waiting for 1 thread(s) to block
[2023-11-16T05:34:49.733+0000][30.176s][info ][safepoint     ] Entering safepoint region: Deoptimize
[2023-11-16T05:34:49.734+0000][30.178s][info ][safepoint     ] Leaving safepoint region
[2023-11-16T05:34:49.734+0000][30.178s][info ][safepoint     ] Total time for which application threads were stopped: 0.0011740 seconds, Stopping threads took: 0.0000371 seconds
[2023-11-16T05:34:49.892+0000][30.335s][debug][safepoint     ] Safepoint synchronization initiated. (65 threads)
[2023-11-16T05:34:49.892+0000][30.335s][info ][safepoint     ] Application time: 0.1575281 seconds
[2023-11-16T05:34:49.892+0000][30.335s][debug][safepoint     ] Waiting for 1 thread(s) to block
[2023-11-16T05:34:49.892+0000][30.335s][info ][safepoint     ] Entering safepoint region: G1CollectForAllocation
[2023-11-16T05:34:49.892+0000][30.335s][info ][gc,start      ] GC(31) Pause Young (Normal) (G1 Evacuation Pause)
[2023-11-16T05:34:49.892+0000][30.335s][info ][gc,task       ] GC(31) Using 4 workers of 4 for evacuation
[2023-11-16T05:34:49.943+0000][30.386s][info ][gc,phases     ] GC(31)   Pre Evacuate Collection Set: 0.0ms
[2023-11-16T05:34:49.943+0000][30.386s][info ][gc,phases     ] GC(31)   Evacuate Collection Set: 45.2ms
[2023-11-16T05:34:49.943+0000][30.386s][info ][gc,phases     ] GC(31)   Post Evacuate Collection Set: 5.5ms
[2023-11-16T05:34:49.943+0000][30.386s][info ][gc,phases     ] GC(31)   Other: 0.3ms
[2023-11-16T05:34:49.943+0000][30.386s][info ][gc,heap       ] GC(31) Eden regions: 475->0(472)
[2023-11-16T05:34:49.943+0000][30.386s][info ][gc,heap       ] GC(31) Survivor regions: 34->37(64)
[2023-11-16T05:34:49.943+0000][30.386s][info ][gc,heap       ] GC(31) Old regions: 66->74
[2023-11-16T05:34:49.943+0000][30.386s][info ][gc,heap       ] GC(31) Humongous regions: 0->0
[2023-11-16T05:34:49.943+0000][30.386s][info ][gc,metaspace  ] GC(31) Metaspace: 135511K(139224K)->135511K(139224K) NonClass: 119792K(122072K)->119792K(122072K) Class: 15719K(17152K)->15719K(17152K)
[2023-11-16T05:34:49.943+0000][30.386s][info ][gc            ] GC(31) Pause Young (Normal) (G1 Evacuation Pause) 572M->108M(849M) 51.146ms
[2023-11-16T05:34:49.943+0000][30.386s][info ][gc,cpu        ] GC(31) User=0.19s Sys=0.00s Real=0.05s
[2023-11-16T05:34:49.943+0000][30.386s][info ][safepoint     ] Leaving safepoint region
[2023-11-16T05:34:49.943+0000][30.386s][info ][safepoint     ] Total time for which application threads were stopped: 0.0513623 seconds, Stopping threads took: 0.0000368 seconds
[2023-11-16T05:34:49.943+0000][30.387s][info ][gc,stringdedup] Concurrent String Deduplication (30.387s)
[2023-11-16T05:34:49.948+0000][30.391s][info ][gc,stringdedup] Concurrent String Deduplication 692.6K->261.9K(430.7K) avg 50.1% (30.387s, 30.391s) 4.292ms
[2023-11-16T05:34:50.560+0000][31.003s][debug][safepoint     ] Safepoint synchronization initiated. (65 threads)
[2023-11-16T05:34:50.560+0000][31.003s][info ][safepoint     ] Application time: 0.6166145 seconds
[2023-11-16T05:34:50.560+0000][31.003s][debug][safepoint     ] Waiting for 1 thread(s) to block
[2023-11-16T05:34:50.560+0000][31.003s][info ][safepoint     ] Entering safepoint region: Deoptimize
[2023-11-16T05:34:50.561+0000][31.004s][info ][safepoint     ] Leaving safepoint region
[2023-11-16T05:34:50.561+0000][31.004s][info ][safepoint     ] Total time for which application threads were stopped: 0.0011625 seconds, Stopping threads took: 0.0000369 seconds
[2023-11-16T05:34:50.884+0000][31.328s][debug][safepoint     ] Safepoint synchronization initiated. (65 threads)
[2023-11-16T05:34:50.884+0000][31.328s][info ][safepoint     ] Application time: 0.3234818 seconds
[2023-11-16T05:34:50.884+0000][31.328s][info ][safepoint     ] Entering safepoint region: Deoptimize
[2023-11-16T05:34:50.886+0000][31.329s][info ][safepoint     ] Leaving safepoint region
[2023-11-16T05:34:50.886+0000][31.329s][info ][safepoint     ] Total time for which application threads were stopped: 0.0012122 seconds, Stopping threads took: 0.0000199 seconds
[2023-11-16T05:34:50.938+0000][31.381s][debug][safepoint     ] Safepoint synchronization initiated. (65 threads)
[2023-11-16T05:34:50.938+0000][31.381s][info ][safepoint     ] Application time: 0.0522359 seconds
[2023-11-16T05:34:50.938+0000][31.381s][info ][safepoint     ] Entering safepoint region: Deoptimize
[2023-11-16T05:34:50.939+0000][31.382s][info ][safepoint     ] Leaving safepoint region
[2023-11-16T05:34:50.939+0000][31.382s][info ][safepoint     ] Total time for which application threads were stopped: 0.0011782 seconds, Stopping threads took: 0.0000214 seconds
[2023-11-16T05:34:51.709+0000][32.153s][debug][safepoint     ] Safepoint synchronization initiated. (71 threads)
[2023-11-16T05:34:51.709+0000][32.153s][info ][safepoint     ] Application time: 0.7703424 seconds
[2023-11-16T05:34:51.709+0000][32.153s][info ][safepoint     ] Entering safepoint region: Deoptimize
[2023-11-16T05:34:51.711+0000][32.154s][info ][safepoint     ] Leaving safepoint region
[2023-11-16T05:34:51.711+0000][32.154s][info ][safepoint     ] Total time for which application threads were stopped: 0.0011803 seconds, Stopping threads took: 0.0000173 seconds
[2023-11-16T05:34:51.717+0000][32.161s][debug][safepoint     ] Safepoint synchronization initiated. (77 threads)
[2023-11-16T05:34:51.717+0000][32.161s][info ][safepoint     ] Application time: 0.0068037 seconds
[2023-11-16T05:34:51.720+0000][32.164s][info ][safepoint     ] Entering safepoint region: G1CollectForAllocation
[2023-11-16T05:34:51.720+0000][32.164s][info ][gc,start      ] GC(32) Pause Young (Normal) (G1 Evacuation Pause)
[2023-11-16T05:34:51.720+0000][32.164s][info ][gc,task       ] GC(32) Using 4 workers of 4 for evacuation
[2023-11-16T05:34:51.761+0000][32.205s][info ][gc,phases     ] GC(32)   Pre Evacuate Collection Set: 0.0ms
[2023-11-16T05:34:51.762+0000][32.205s][info ][gc,phases     ] GC(32)   Evacuate Collection Set: 37.4ms
[2023-11-16T05:34:51.762+0000][32.205s][info ][gc,phases     ] GC(32)   Post Evacuate Collection Set: 3.4ms
[2023-11-16T05:34:51.762+0000][32.205s][info ][gc,phases     ] GC(32)   Other: 0.2ms
[2023-11-16T05:34:51.762+0000][32.205s][info ][gc,heap       ] GC(32) Eden regions: 472->0(474)
[2023-11-16T05:34:51.762+0000][32.205s][info ][gc,heap       ] GC(32) Survivor regions: 37->35(64)
[2023-11-16T05:34:51.762+0000][32.205s][info ][gc,heap       ] GC(32) Old regions: 74->82
[2023-11-16T05:34:51.762+0000][32.205s][info ][gc,heap       ] GC(32) Humongous regions: 0->0
[2023-11-16T05:34:51.762+0000][32.205s][info ][gc,metaspace  ] GC(32) Metaspace: 140281K(144088K)->140281K(144088K) NonClass: 123848K(126168K)->123848K(126168K) Class: 16432K(17920K)->16432K(17920K)
[2023-11-16T05:34:51.762+0000][32.205s][info ][gc            ] GC(32) Pause Young (Normal) (G1 Evacuation Pause) 580M->115M(849M) 41.188ms
[2023-11-16T05:34:51.762+0000][32.205s][info ][gc,cpu        ] GC(32) User=0.14s Sys=0.01s Real=0.04s
[2023-11-16T05:34:51.762+0000][32.205s][info ][safepoint     ] Leaving safepoint region
[2023-11-16T05:34:51.762+0000][32.205s][info ][safepoint     ] Total time for which application threads were stopped: 0.0442005 seconds, Stopping threads took: 0.0028373 seconds
[2023-11-16T05:34:51.762+0000][32.205s][info ][gc,stringdedup] Concurrent String Deduplication (32.205s)
[2023-11-16T05:34:51.765+0000][32.208s][info ][gc,stringdedup] Concurrent String Deduplication 533.3K->123.0K(410.3K) avg 51.0% (32.205s, 32.208s) 3.135ms
[2023-11-16T05:34:52.335+0000][32.778s][debug][safepoint     ] Safepoint synchronization initiated. (83 threads)
[2023-11-16T05:34:52.335+0000][32.778s][info ][safepoint     ] Application time: 0.5734118 seconds
[2023-11-16T05:34:52.335+0000][32.778s][info ][safepoint     ] Entering safepoint region: ICBufferFull
[2023-11-16T05:34:52.335+0000][32.779s][info ][safepoint     ] Leaving safepoint region
[2023-11-16T05:34:52.335+0000][32.779s][info ][safepoint     ] Total time for which application threads were stopped: 0.0002305 seconds, Stopping threads took: 0.0000220 seconds
[2023-11-16T05:34:52.641+0000][33.084s][debug][safepoint     ] Safepoint synchronization initiated. (83 threads)
[2023-11-16T05:34:52.641+0000][33.084s][info ][safepoint     ] Application time: 0.3056600 seconds
[2023-11-16T05:34:52.641+0000][33.084s][info ][safepoint     ] Entering safepoint region: ICBufferFull
[2023-11-16T05:34:52.641+0000][33.085s][info ][safepoint     ] Leaving safepoint region
[2023-11-16T05:34:52.641+0000][33.085s][info ][safepoint     ] Total time for which application threads were stopped: 0.0002421 seconds, Stopping threads took: 0.0000220 seconds
[2023-11-16T05:34:52.971+0000][33.414s][debug][safepoint     ] Safepoint synchronization initiated. (83 threads)
[2023-11-16T05:34:52.971+0000][33.414s][info ][safepoint     ] Application time: 0.3295473 seconds
[2023-11-16T05:34:52.971+0000][33.414s][info ][safepoint     ] Entering safepoint region: ICBufferFull
[2023-11-16T05:34:52.971+0000][33.414s][info ][safepoint     ] Leaving safepoint region
[2023-11-16T05:34:52.971+0000][33.414s][info ][safepoint     ] Total time for which application threads were stopped: 0.0001958 seconds, Stopping threads took: 0.0000221 seconds
[2023-11-16T05:34:53.159+0000][33.602s][debug][safepoint     ] Safepoint synchronization initiated. (83 threads)
[2023-11-16T05:34:53.159+0000][33.603s][info ][safepoint     ] Application time: 0.1881688 seconds
[2023-11-16T05:34:53.159+0000][33.603s][debug][safepoint     ] Waiting for 1 thread(s) to block
[2023-11-16T05:34:53.159+0000][33.603s][info ][safepoint     ] Entering safepoint region: ICBufferFull
[2023-11-16T05:34:53.159+0000][33.603s][info ][safepoint     ] Leaving safepoint region
[2023-11-16T05:34:53.159+0000][33.603s][info ][safepoint     ] Total time for which application threads were stopped: 0.0002596 seconds, Stopping threads took: 0.0000749 seconds
[2023-11-16T05:34:53.211+0000][33.655s][debug][safepoint     ] Safepoint synchronization initiated. (83 threads)
[2023-11-16T05:34:53.211+0000][33.655s][info ][safepoint     ] Application time: 0.0518947 seconds
[2023-11-16T05:34:53.211+0000][33.655s][debug][safepoint     ] ... found polling page return exception at pc = 0x00007fde8498d131, stub =0x00007fde7c83a800
[2023-11-16T05:34:53.211+0000][33.655s][debug][safepoint     ] Waiting for 3 thread(s) to block
[2023-11-16T05:34:53.211+0000][33.655s][info ][safepoint     ] Entering safepoint region: ICBufferFull
[2023-11-16T05:34:53.212+0000][33.655s][info ][safepoint     ] Leaving safepoint region
[2023-11-16T05:34:53.212+0000][33.655s][info ][safepoint     ] Total time for which application threads were stopped: 0.0003023 seconds, Stopping threads took: 0.0000959 seconds
[2023-11-16T05:34:53.318+0000][33.761s][debug][safepoint     ] Safepoint synchronization initiated. (83 threads)
[2023-11-16T05:34:53.318+0000][33.761s][info ][safepoint     ] Application time: 0.1061764 seconds
[2023-11-16T05:34:53.318+0000][33.761s][debug][safepoint     ] Waiting for 1 thread(s) to block
[2023-11-16T05:34:53.318+0000][33.761s][info ][safepoint     ] Entering safepoint region: ICBufferFull
[2023-11-16T05:34:53.318+0000][33.761s][info ][safepoint     ] Leaving safepoint region
[2023-11-16T05:34:53.318+0000][33.762s][info ][safepoint     ] Total time for which application threads were stopped: 0.0003103 seconds, Stopping threads took: 0.0000730 seconds
[2023-11-16T05:34:53.781+0000][34.225s][debug][safepoint     ] Safepoint synchronization initiated. (83 threads)
[2023-11-16T05:34:53.781+0000][34.225s][info ][safepoint     ] Application time: 0.4630861 seconds
[2023-11-16T05:34:53.781+0000][34.225s][debug][safepoint     ] Waiting for 1 thread(s) to block
[2023-11-16T05:34:53.781+0000][34.225s][info ][safepoint     ] Entering safepoint region: ICBufferFull
[2023-11-16T05:34:53.782+0000][34.225s][info ][safepoint     ] Leaving safepoint region
[2023-11-16T05:34:53.782+0000][34.225s][info ][safepoint     ] Total time for which application threads were stopped: 0.0002401 seconds, Stopping threads took: 0.0000403 seconds
[2023-11-16T05:34:54.214+0000][34.658s][debug][safepoint     ] Safepoint synchronization initiated. (83 threads)
[2023-11-16T05:34:54.215+0000][34.658s][info ][safepoint     ] Application time: 0.4329640 seconds
[2023-11-16T05:34:54.215+0000][34.658s][debug][safepoint     ] Waiting for 3 thread(s) to block
[2023-11-16T05:34:54.215+0000][34.658s][info ][safepoint     ] Entering safepoint region: ICBufferFull
[2023-11-16T05:34:54.215+0000][34.658s][info ][safepoint     ] Leaving safepoint region
[2023-11-16T05:34:54.215+0000][34.658s][info ][safepoint     ] Total time for which application threads were stopped: 0.0002950 seconds, Stopping threads took: 0.0000962 seconds
[2023-11-16T05:34:54.299+0000][34.742s][debug][safepoint     ] Safepoint synchronization initiated. (83 threads)
[2023-11-16T05:34:54.299+0000][34.742s][info ][safepoint     ] Application time: 0.0842710 seconds
[2023-11-16T05:34:54.299+0000][34.742s][debug][safepoint     ] Waiting for 1 thread(s) to block
[2023-11-16T05:34:54.299+0000][34.742s][info ][safepoint     ] Entering safepoint region: G1CollectForAllocation
[2023-11-16T05:34:54.299+0000][34.743s][info ][gc,start      ] GC(33) Pause Young (Normal) (G1 Evacuation Pause)
[2023-11-16T05:34:54.299+0000][34.743s][info ][gc,task       ] GC(33) Using 4 workers of 4 for evacuation
[2023-11-16T05:34:54.351+0000][34.794s][info ][gc,phases     ] GC(33)   Pre Evacuate Collection Set: 0.0ms
[2023-11-16T05:34:54.351+0000][34.794s][info ][gc,phases     ] GC(33)   Evacuate Collection Set: 47.3ms
[2023-11-16T05:34:54.351+0000][34.794s][info ][gc,phases     ] GC(33)   Post Evacuate Collection Set: 3.8ms
[2023-11-16T05:34:54.351+0000][34.794s][info ][gc,phases     ] GC(33)   Other: 0.2ms
[2023-11-16T05:34:54.351+0000][34.794s][info ][gc,heap       ] GC(33) Eden regions: 474->0(469)
[2023-11-16T05:34:54.351+0000][34.794s][info ][gc,heap       ] GC(33) Survivor regions: 35->40(64)
[2023-11-16T05:34:54.351+0000][34.794s][info ][gc,heap       ] GC(33) Old regions: 82->90
[2023-11-16T05:34:54.351+0000][34.794s][info ][gc,heap       ] GC(33) Humongous regions: 0->0
[2023-11-16T05:34:54.351+0000][34.794s][info ][gc,metaspace  ] GC(33) Metaspace: 143682K(148056K)->143682K(148056K) NonClass: 126853K(129496K)->126853K(129496K) Class: 16828K(18560K)->16828K(18560K)
[2023-11-16T05:34:54.351+0000][34.794s][info ][gc            ] GC(33) Pause Young (Normal) (G1 Evacuation Pause) 589M->128M(849M) 51.468ms
[2023-11-16T05:34:54.351+0000][34.794s][info ][gc,cpu        ] GC(33) User=0.14s Sys=0.01s Real=0.06s
[2023-11-16T05:34:54.351+0000][34.794s][info ][safepoint     ] Leaving safepoint region
[2023-11-16T05:34:54.351+0000][34.794s][info ][safepoint     ] Total time for which application threads were stopped: 0.0517026 seconds, Stopping threads took: 0.0000407 seconds
[2023-11-16T05:34:54.351+0000][34.794s][info ][gc,stringdedup] Concurrent String Deduplication (34.794s)
[2023-11-16T05:34:54.357+0000][34.800s][info ][gc,stringdedup] Concurrent String Deduplication 973.4K->372.2K(601.1K) avg 51.7% (34.794s, 34.800s) 6.018ms
[2023-11-16T05:34:55.362+0000][35.805s][debug][safepoint     ] Safepoint synchronization initiated. (83 threads)
[2023-11-16T05:34:55.362+0000][35.805s][info ][safepoint     ] Application time: 1.0112484 seconds
[2023-11-16T05:34:55.362+0000][35.805s][debug][safepoint     ] Waiting for 1 thread(s) to block
[2023-11-16T05:34:55.362+0000][35.805s][info ][safepoint     ] Entering safepoint region: Cleanup
[2023-11-16T05:34:55.362+0000][35.806s][info ][safepoint     ] Leaving safepoint region
[2023-11-16T05:34:55.362+0000][35.806s][info ][safepoint     ] Total time for which application threads were stopped: 0.0003607 seconds, Stopping threads took: 0.0001168 seconds
[2023-11-16T05:34:55.817+0000][36.260s][debug][safepoint     ] Safepoint synchronization initiated. (83 threads)
[2023-11-16T05:34:55.817+0000][36.260s][info ][safepoint     ] Application time: 0.4546445 seconds
[2023-11-16T05:34:55.817+0000][36.260s][info ][safepoint     ] Entering safepoint region: G1CollectForAllocation
[2023-11-16T05:34:55.817+0000][36.261s][info ][gc,start      ] GC(34) Pause Young (Normal) (G1 Evacuation Pause)
[2023-11-16T05:34:55.817+0000][36.261s][info ][gc,task       ] GC(34) Using 4 workers of 4 for evacuation
[2023-11-16T05:34:55.867+0000][36.311s][info ][gc,phases     ] GC(34)   Pre Evacuate Collection Set: 0.0ms
[2023-11-16T05:34:55.867+0000][36.311s][info ][gc,phases     ] GC(34)   Evacuate Collection Set: 46.2ms
[2023-11-16T05:34:55.867+0000][36.311s][info ][gc,phases     ] GC(34)   Post Evacuate Collection Set: 3.5ms
[2023-11-16T05:34:55.867+0000][36.311s][info ][gc,phases     ] GC(34)   Other: 0.2ms
[2023-11-16T05:34:55.867+0000][36.311s][info ][gc,heap       ] GC(34) Eden regions: 469->0(471)
[2023-11-16T05:34:55.867+0000][36.311s][info ][gc,heap       ] GC(34) Survivor regions: 40->38(64)
[2023-11-16T05:34:55.867+0000][36.311s][info ][gc,heap       ] GC(34) Old regions: 90->98
[2023-11-16T05:34:55.867+0000][36.311s][info ][gc,heap       ] GC(34) Humongous regions: 0->0
[2023-11-16T05:34:55.867+0000][36.311s][info ][gc,metaspace  ] GC(34) Metaspace: 144108K(148568K)->144108K(148568K) NonClass: 127249K(130008K)->127249K(130008K) Class: 16858K(18560K)->16858K(18560K)
[2023-11-16T05:34:55.867+0000][36.311s][info ][gc            ] GC(34) Pause Young (Normal) (G1 Evacuation Pause) 597M->134M(849M) 50.015ms
[2023-11-16T05:34:55.867+0000][36.311s][info ][gc,cpu        ] GC(34) User=0.18s Sys=0.00s Real=0.05s
[2023-11-16T05:34:55.867+0000][36.311s][info ][safepoint     ] Leaving safepoint region
[2023-11-16T05:34:55.867+0000][36.311s][info ][safepoint     ] Total time for which application threads were stopped: 0.0502863 seconds, Stopping threads took: 0.0000215 seconds
[2023-11-16T05:34:55.867+0000][36.311s][info ][gc,stringdedup] Concurrent String Deduplication (36.311s)
[2023-11-16T05:34:55.870+0000][36.313s][info ][gc,stringdedup] Concurrent String Deduplication 490.7K->203.4K(287.3K) avg 51.9% (36.311s, 36.313s) 2.677ms
[2023-11-16T05:34:56.867+0000][37.311s][debug][safepoint     ] Safepoint synchronization initiated. (83 threads)
[2023-11-16T05:34:56.868+0000][37.311s][info ][safepoint     ] Application time: 1.0001518 seconds
[2023-11-16T05:34:56.868+0000][37.311s][info ][safepoint     ] Entering safepoint region: Cleanup
[2023-11-16T05:34:56.868+0000][37.311s][info ][safepoint     ] Leaving safepoint region
[2023-11-16T05:34:56.868+0000][37.311s][info ][safepoint     ] Total time for which application threads were stopped: 0.0002394 seconds, Stopping threads took: 0.0000213 seconds
[2023-11-16T05:34:56.868+0000][37.311s][debug][safepoint     ] Safepoint synchronization initiated. (83 threads)
[2023-11-16T05:34:56.868+0000][37.311s][info ][safepoint     ] Application time: 0.0000215 seconds
[2023-11-16T05:34:56.868+0000][37.311s][info ][safepoint     ] Entering safepoint region: ICBufferFull
[2023-11-16T05:34:56.868+0000][37.311s][info ][safepoint     ] Leaving safepoint region
[2023-11-16T05:34:56.868+0000][37.311s][info ][safepoint     ] Total time for which application threads were stopped: 0.0001034 seconds, Stopping threads took: 0.0000088 seconds
[2023-11-16T05:34:57.090+0000][37.533s][debug][safepoint     ] Safepoint synchronization initiated. (83 threads)
[2023-11-16T05:34:57.090+0000][37.534s][info ][safepoint     ] Application time: 0.2222874 seconds
[2023-11-16T05:34:57.090+0000][37.534s][info ][safepoint     ] Entering safepoint region: G1CollectForAllocation
[2023-11-16T05:34:57.090+0000][37.534s][info ][gc,start      ] GC(35) Pause Young (Normal) (G1 Evacuation Pause)
[2023-11-16T05:34:57.090+0000][37.534s][info ][gc,task       ] GC(35) Using 4 workers of 4 for evacuation
[2023-11-16T05:34:57.132+0000][37.575s][info ][gc,phases     ] GC(35)   Pre Evacuate Collection Set: 0.0ms
[2023-11-16T05:34:57.132+0000][37.575s][info ][gc,phases     ] GC(35)   Evacuate Collection Set: 37.9ms
[2023-11-16T05:34:57.132+0000][37.575s][info ][gc,phases     ] GC(35)   Post Evacuate Collection Set: 3.5ms
[2023-11-16T05:34:57.132+0000][37.575s][info ][gc,phases     ] GC(35)   Other: 0.2ms
[2023-11-16T05:34:57.132+0000][37.575s][info ][gc,heap       ] GC(35) Eden regions: 471->0(478)
[2023-11-16T05:34:57.132+0000][37.575s][info ][gc,heap       ] GC(35) Survivor regions: 38->31(64)
[2023-11-16T05:34:57.132+0000][37.575s][info ][gc,heap       ] GC(35) Old regions: 98->110
[2023-11-16T05:34:57.132+0000][37.575s][info ][gc,heap       ] GC(35) Humongous regions: 0->0
[2023-11-16T05:34:57.132+0000][37.576s][info ][gc,metaspace  ] GC(35) Metaspace: 144392K(148952K)->144392K(148952K) NonClass: 127497K(130264K)->127497K(130264K) Class: 16895K(18688K)->16895K(18688K)
[2023-11-16T05:34:57.132+0000][37.576s][info ][gc            ] GC(35) Pause Young (Normal) (G1 Evacuation Pause) 605M->139M(849M) 41.806ms
[2023-11-16T05:34:57.132+0000][37.576s][info ][gc,cpu        ] GC(35) User=0.14s Sys=0.00s Real=0.04s
[2023-11-16T05:34:57.132+0000][37.576s][info ][safepoint     ] Leaving safepoint region
[2023-11-16T05:34:57.132+0000][37.576s][info ][safepoint     ] Total time for which application threads were stopped: 0.0420336 seconds, Stopping threads took: 0.0000235 seconds
[2023-11-16T05:34:57.132+0000][37.576s][info ][gc,stringdedup] Concurrent String Deduplication (37.576s)
[2023-11-16T05:34:57.138+0000][37.582s][info ][gc,stringdedup] Concurrent String Deduplication 1239.7K->378.4K(861.4K) avg 53.1% (37.576s, 37.582s) 5.978ms
[2023-11-16T05:34:58.132+0000][38.576s][debug][safepoint     ] Safepoint synchronization initiated. (87 threads)
[2023-11-16T05:34:58.132+0000][38.576s][info ][safepoint     ] Application time: 1.0001145 seconds
[2023-11-16T05:34:58.132+0000][38.576s][debug][safepoint     ] Waiting for 1 thread(s) to block
[2023-11-16T05:34:58.132+0000][38.576s][info ][safepoint     ] Entering safepoint region: Cleanup
[2023-11-16T05:34:58.133+0000][38.576s][info ][safepoint     ] Leaving safepoint region
[2023-11-16T05:34:58.133+0000][38.576s][info ][safepoint     ] Total time for which application threads were stopped: 0.0002047 seconds, Stopping threads took: 0.0000447 seconds
[2023-11-16T05:34:58.170+0000][38.613s][debug][safepoint     ] Safepoint synchronization initiated. (87 threads)
[2023-11-16T05:34:58.170+0000][38.614s][info ][safepoint     ] Application time: 0.0375672 seconds
[2023-11-16T05:34:58.170+0000][38.614s][info ][safepoint     ] Entering safepoint region: Deoptimize
[2023-11-16T05:34:58.172+0000][38.615s][info ][safepoint     ] Leaving safepoint region
[2023-11-16T05:34:58.172+0000][38.615s][info ][safepoint     ] Total time for which application threads were stopped: 0.0013405 seconds, Stopping threads took: 0.0000213 seconds
[2023-11-16T05:34:58.292+0000][38.736s][debug][safepoint     ] Safepoint synchronization initiated. (91 threads)
[2023-11-16T05:34:58.292+0000][38.736s][info ][safepoint     ] Application time: 0.1209334 seconds
[2023-11-16T05:34:58.293+0000][38.736s][debug][safepoint     ] Waiting for 3 thread(s) to block
[2023-11-16T05:34:58.293+0000][38.736s][info ][safepoint     ] Entering safepoint region: Deoptimize
[2023-11-16T05:34:58.294+0000][38.737s][info ][safepoint     ] Leaving safepoint region
[2023-11-16T05:34:58.294+0000][38.737s][info ][safepoint     ] Total time for which application threads were stopped: 0.0015171 seconds, Stopping threads took: 0.0001445 seconds
[2023-11-16T05:34:58.583+0000][39.026s][debug][safepoint     ] Safepoint synchronization initiated. (111 threads)
[2023-11-16T05:34:58.583+0000][39.026s][info ][safepoint     ] Application time: 0.2890035 seconds
[2023-11-16T05:34:58.583+0000][39.026s][debug][safepoint     ] ... found polling page return exception at pc = 0x00007fde84446114, stub =0x00007fde7c83a800
[2023-11-16T05:34:58.583+0000][39.026s][debug][safepoint     ] Waiting for 3 thread(s) to block
[2023-11-16T05:34:58.583+0000][39.027s][info ][safepoint     ] Entering safepoint region: G1CollectForAllocation
[2023-11-16T05:34:58.583+0000][39.027s][info ][gc,start      ] GC(36) Pause Young (Normal) (G1 Evacuation Pause)
[2023-11-16T05:34:58.583+0000][39.027s][info ][gc,task       ] GC(36) Using 4 workers of 4 for evacuation
[2023-11-16T05:34:58.616+0000][39.060s][info ][gc,phases     ] GC(36)   Pre Evacuate Collection Set: 0.0ms
[2023-11-16T05:34:58.616+0000][39.060s][info ][gc,phases     ] GC(36)   Evacuate Collection Set: 29.7ms
[2023-11-16T05:34:58.616+0000][39.060s][info ][gc,phases     ] GC(36)   Post Evacuate Collection Set: 3.0ms
[2023-11-16T05:34:58.616+0000][39.060s][info ][gc,phases     ] GC(36)   Other: 0.2ms
[2023-11-16T05:34:58.616+0000][39.060s][info ][gc,heap       ] GC(36) Eden regions: 478->0(474)
[2023-11-16T05:34:58.616+0000][39.060s][info ][gc,heap       ] GC(36) Survivor regions: 31->35(64)
[2023-11-16T05:34:58.616+0000][39.060s][info ][gc,heap       ] GC(36) Old regions: 110->110
[2023-11-16T05:34:58.616+0000][39.060s][info ][gc,heap       ] GC(36) Humongous regions: 0->0
[2023-11-16T05:34:58.616+0000][39.060s][info ][gc,metaspace  ] GC(36) Metaspace: 149465K(154200K)->149465K(154200K) NonClass: 132019K(134872K)->132019K(134872K) Class: 17445K(19328K)->17445K(19328K)
[2023-11-16T05:34:58.616+0000][39.060s][info ][gc            ] GC(36) Pause Young (Normal) (G1 Evacuation Pause) 617M->143M(849M) 33.051ms
[2023-11-16T05:34:58.617+0000][39.060s][info ][gc,cpu        ] GC(36) User=0.12s Sys=0.00s Real=0.03s
[2023-11-16T05:34:58.617+0000][39.060s][info ][safepoint     ] Leaving safepoint region
[2023-11-16T05:34:58.617+0000][39.060s][info ][safepoint     ] Total time for which application threads were stopped: 0.0335117 seconds, Stopping threads took: 0.0001929 seconds
[2023-11-16T05:34:58.617+0000][39.060s][info ][gc,stringdedup] Concurrent String Deduplication (39.060s)
[2023-11-16T05:34:58.633+0000][39.077s][info ][gc,stringdedup] Concurrent String Deduplication 691.3K->216.4K(474.9K) avg 53.7% (39.060s, 39.077s) 16.655ms
[2023-11-16T05:34:58.743+0000][39.186s][debug][safepoint     ] Safepoint synchronization initiated. (129 threads)
[2023-11-16T05:34:58.743+0000][39.186s][info ][safepoint     ] Application time: 0.1262539 seconds
[2023-11-16T05:34:58.743+0000][39.186s][debug][safepoint     ] ... found polling page return exception at pc = 0x00007fde8496599f, stub =0x00007fde7c83a800
[2023-11-16T05:34:58.743+0000][39.186s][debug][safepoint     ] ... found polling page return exception at pc = 0x00007fde8433031f, stub =0x00007fde7c83a800
[2023-11-16T05:34:58.743+0000][39.186s][debug][safepoint     ] Waiting for 2 thread(s) to block
[2023-11-16T05:34:58.743+0000][39.186s][info ][safepoint     ] Entering safepoint region: Deoptimize
[2023-11-16T05:34:58.745+0000][39.188s][info ][safepoint     ] Leaving safepoint region
[2023-11-16T05:34:58.745+0000][39.188s][info ][safepoint     ] Total time for which application threads were stopped: 0.0017032 seconds, Stopping threads took: 0.0001665 seconds
[2023-11-16T05:34:58.790+0000][39.234s][debug][safepoint     ] Safepoint synchronization initiated. (131 threads)
[2023-11-16T05:34:58.790+0000][39.234s][info ][safepoint     ] Application time: 0.0458937 seconds
[2023-11-16T05:34:58.794+0000][39.237s][info ][safepoint     ] Entering safepoint region: Deoptimize
[2023-11-16T05:34:58.795+0000][39.239s][info ][safepoint     ] Leaving safepoint region
[2023-11-16T05:34:58.795+0000][39.239s][info ][safepoint     ] Total time for which application threads were stopped: 0.0048531 seconds, Stopping threads took: 0.0034103 seconds
[2023-11-16T05:34:58.924+0000][39.368s][debug][safepoint     ] Safepoint synchronization initiated. (140 threads)
[2023-11-16T05:34:58.924+0000][39.368s][info ][safepoint     ] Application time: 0.1290205 seconds
[2023-11-16T05:34:58.924+0000][39.368s][info ][safepoint     ] Entering safepoint region: Deoptimize
[2023-11-16T05:34:58.926+0000][39.369s][info ][safepoint     ] Leaving safepoint region
[2023-11-16T05:34:58.926+0000][39.369s][info ][safepoint     ] Total time for which application threads were stopped: 0.0014354 seconds, Stopping threads took: 0.0000294 seconds
[2023-11-16T05:34:59.926+0000][40.369s][debug][safepoint     ] Safepoint synchronization initiated. (174 threads)
[2023-11-16T05:34:59.926+0000][40.369s][info ][safepoint     ] Application time: 1.0001420 seconds
[2023-11-16T05:34:59.926+0000][40.369s][info ][safepoint     ] Entering safepoint region: Cleanup
[2023-11-16T05:34:59.926+0000][40.370s][info ][safepoint     ] Leaving safepoint region
[2023-11-16T05:34:59.926+0000][40.370s][info ][safepoint     ] Total time for which application threads were stopped: 0.0003974 seconds, Stopping threads took: 0.0000475 seconds
[2023-11-16T05:35:00.926+0000][41.370s][debug][safepoint     ] Safepoint synchronization initiated. (173 threads)
[2023-11-16T05:35:00.926+0000][41.370s][info ][safepoint     ] Application time: 1.0001462 seconds
[2023-11-16T05:35:00.927+0000][41.370s][info ][safepoint     ] Entering safepoint region: Cleanup
[2023-11-16T05:35:00.927+0000][41.370s][info ][safepoint     ] Leaving safepoint region
[2023-11-16T05:35:00.927+0000][41.370s][info ][safepoint     ] Total time for which application threads were stopped: 0.0003213 seconds, Stopping threads took: 0.0000484 seconds
[2023-11-16T05:35:01.927+0000][42.370s][debug][safepoint     ] Safepoint synchronization initiated. (174 threads)
[2023-11-16T05:35:01.927+0000][42.370s][info ][safepoint     ] Application time: 1.0001095 seconds
[2023-11-16T05:35:01.927+0000][42.370s][info ][safepoint     ] Entering safepoint region: Cleanup
[2023-11-16T05:35:01.927+0000][42.371s][info ][safepoint     ] Leaving safepoint region
[2023-11-16T05:35:01.927+0000][42.371s][info ][safepoint     ] Total time for which application threads were stopped: 0.0002839 seconds, Stopping threads took: 0.0000360 seconds
[2023-11-16T05:35:02.927+0000][43.371s][debug][safepoint     ] Safepoint synchronization initiated. (174 threads)
[2023-11-16T05:35:02.927+0000][43.371s][info ][safepoint     ] Application time: 1.0001304 seconds
[2023-11-16T05:35:02.927+0000][43.371s][info ][safepoint     ] Entering safepoint region: Cleanup
[2023-11-16T05:35:02.928+0000][43.371s][info ][safepoint     ] Leaving safepoint region
[2023-11-16T05:35:02.928+0000][43.371s][info ][safepoint     ] Total time for which application threads were stopped: 0.0002773 seconds, Stopping threads took: 0.0000683 seconds
[2023-11-16T05:35:03.928+0000][44.371s][debug][safepoint     ] Safepoint synchronization initiated. (174 threads)
[2023-11-16T05:35:03.928+0000][44.371s][info ][safepoint     ] Application time: 1.0001380 seconds
[2023-11-16T05:35:03.928+0000][44.371s][info ][safepoint     ] Entering safepoint region: Cleanup
[2023-11-16T05:35:03.928+0000][44.371s][info ][safepoint     ] Leaving safepoint region
[2023-11-16T05:35:03.928+0000][44.372s][info ][safepoint     ] Total time for which application threads were stopped: 0.0003178 seconds, Stopping threads took: 0.0000456 seconds
[2023-11-16T05:35:04.928+0000][45.372s][debug][safepoint     ] Safepoint synchronization initiated. (174 threads)
[2023-11-16T05:35:04.928+0000][45.372s][info ][safepoint     ] Application time: 1.0001589 seconds
[2023-11-16T05:35:04.928+0000][45.372s][info ][safepoint     ] Entering safepoint region: Cleanup
[2023-11-16T05:35:04.929+0000][45.372s][info ][safepoint     ] Leaving safepoint region
[2023-11-16T05:35:04.929+0000][45.372s][info ][safepoint     ] Total time for which application threads were stopped: 0.0003071 seconds, Stopping threads took: 0.0000460 seconds
[2023-11-16T05:35:05.929+0000][46.372s][debug][safepoint     ] Safepoint synchronization initiated. (174 threads)
[2023-11-16T05:35:05.929+0000][46.372s][info ][safepoint     ] Application time: 1.0001687 seconds
[2023-11-16T05:35:05.929+0000][46.372s][info ][safepoint     ] Entering safepoint region: Cleanup
[2023-11-16T05:35:05.929+0000][46.372s][info ][safepoint     ] Leaving safepoint region
[2023-11-16T05:35:05.929+0000][46.373s][info ][safepoint     ] Total time for which application threads were stopped: 0.0003107 seconds, Stopping threads took: 0.0000462 seconds
[2023-11-16T05:35:06.929+0000][47.373s][debug][safepoint     ] Safepoint synchronization initiated. (174 threads)
[2023-11-16T05:35:06.929+0000][47.373s][info ][safepoint     ] Application time: 1.0001645 seconds
[2023-11-16T05:35:06.929+0000][47.373s][info ][safepoint     ] Entering safepoint region: Cleanup
[2023-11-16T05:35:06.930+0000][47.373s][info ][safepoint     ] Leaving safepoint region
[2023-11-16T05:35:06.930+0000][47.373s][info ][safepoint     ] Total time for which application threads were stopped: 0.0003147 seconds, Stopping threads took: 0.0000475 seconds
[2023-11-16T05:35:07.930+0000][48.373s][debug][safepoint     ] Safepoint synchronization initiated. (174 threads)
[2023-11-16T05:35:07.930+0000][48.373s][info ][safepoint     ] Application time: 1.0001790 seconds
[2023-11-16T05:35:07.930+0000][48.373s][info ][safepoint     ] Entering safepoint region: Cleanup
[2023-11-16T05:35:07.930+0000][48.374s][info ][safepoint     ] Leaving safepoint region
[2023-11-16T05:35:07.930+0000][48.374s][info ][safepoint     ] Total time for which application threads were stopped: 0.0002894 seconds, Stopping threads took: 0.0000484 seconds
[2023-11-16T05:35:08.904+0000][49.348s][debug][safepoint     ] Safepoint synchronization initiated. (174 threads)
[2023-11-16T05:35:08.904+0000][49.348s][info ][safepoint     ] Application time: 0.9741896 seconds
[2023-11-16T05:35:08.904+0000][49.348s][info ][safepoint     ] Entering safepoint region: Deoptimize
[2023-11-16T05:35:08.906+0000][49.350s][info ][safepoint     ] Leaving safepoint region
[2023-11-16T05:35:08.906+0000][49.350s][info ][safepoint     ] Total time for which application threads were stopped: 0.0018909 seconds, Stopping threads took: 0.0000463 seconds
[2023-11-16T05:35:08.992+0000][49.435s][debug][safepoint     ] Safepoint synchronization initiated. (174 threads)
[2023-11-16T05:35:08.992+0000][49.435s][info ][safepoint     ] Application time: 0.0856919 seconds
[2023-11-16T05:35:08.992+0000][49.435s][info ][safepoint     ] Entering safepoint region: Deoptimize
[2023-11-16T05:35:08.994+0000][49.437s][info ][safepoint     ] Leaving safepoint region
[2023-11-16T05:35:08.994+0000][49.437s][info ][safepoint     ] Total time for which application threads were stopped: 0.0020272 seconds, Stopping threads took: 0.0000481 seconds
[2023-11-16T05:35:09.851+0000][50.295s][debug][safepoint     ] Safepoint synchronization initiated. (175 threads)
[2023-11-16T05:35:09.852+0000][50.295s][info ][safepoint     ] Application time: 0.8573685 seconds
[2023-11-16T05:35:09.852+0000][50.295s][debug][safepoint     ] Waiting for 1 thread(s) to block
[2023-11-16T05:35:09.852+0000][50.295s][info ][safepoint     ] Entering safepoint region: ICBufferFull
[2023-11-16T05:35:09.852+0000][50.295s][info ][safepoint     ] Leaving safepoint region
[2023-11-16T05:35:09.852+0000][50.295s][info ][safepoint     ] Total time for which application threads were stopped: 0.0003750 seconds, Stopping threads took: 0.0001077 seconds
[2023-11-16T05:35:10.447+0000][50.890s][debug][safepoint     ] Safepoint synchronization initiated. (174 threads)
[2023-11-16T05:35:10.447+0000][50.890s][info ][safepoint     ] Application time: 0.5947705 seconds
[2023-11-16T05:35:10.447+0000][50.890s][info ][safepoint     ] Entering safepoint region: Deoptimize
[2023-11-16T05:35:10.449+0000][50.892s][info ][safepoint     ] Leaving safepoint region
[2023-11-16T05:35:10.449+0000][50.892s][info ][safepoint     ] Total time for which application threads were stopped: 0.0020693 seconds, Stopping threads took: 0.0000682 seconds
[2023-11-16T05:35:10.472+0000][50.916s][debug][safepoint     ] Safepoint synchronization initiated. (175 threads)
[2023-11-16T05:35:10.472+0000][50.916s][info ][safepoint     ] Application time: 0.0236507 seconds
[2023-11-16T05:35:10.472+0000][50.916s][debug][safepoint     ] Waiting for 2 thread(s) to block
[2023-11-16T05:35:10.472+0000][50.916s][info ][safepoint     ] Entering safepoint region: ICBufferFull
[2023-11-16T05:35:10.473+0000][50.916s][info ][safepoint     ] Leaving safepoint region
[2023-11-16T05:35:10.473+0000][50.916s][info ][safepoint     ] Total time for which application threads were stopped: 0.0003833 seconds, Stopping threads took: 0.0000729 seconds
[2023-11-16T05:35:11.113+0000][51.556s][debug][safepoint     ] Safepoint synchronization initiated. (175 threads)
[2023-11-16T05:35:11.113+0000][51.556s][info ][safepoint     ] Application time: 0.6400816 seconds
[2023-11-16T05:35:11.113+0000][51.556s][info ][safepoint     ] Entering safepoint region: ICBufferFull
[2023-11-16T05:35:11.113+0000][51.557s][info ][safepoint     ] Leaving safepoint region
[2023-11-16T05:35:11.113+0000][51.557s][info ][safepoint     ] Total time for which application threads were stopped: 0.0003371 seconds, Stopping threads took: 0.0000342 seconds
[2023-11-16T05:35:11.957+0000][52.400s][debug][safepoint     ] Safepoint synchronization initiated. (179 threads)
[2023-11-16T05:35:11.957+0000][52.400s][info ][safepoint     ] Application time: 0.8434504 seconds
[2023-11-16T05:35:11.957+0000][52.400s][debug][safepoint     ] Waiting for 1 thread(s) to block
[2023-11-16T05:35:11.957+0000][52.400s][info ][safepoint     ] Entering safepoint region: ICBufferFull
[2023-11-16T05:35:11.957+0000][52.400s][info ][safepoint     ] Leaving safepoint region
[2023-11-16T05:35:11.957+0000][52.400s][info ][safepoint     ] Total time for which application threads were stopped: 0.0003548 seconds, Stopping threads took: 0.0000566 seconds
[2023-11-16T05:35:12.292+0000][52.735s][debug][safepoint     ] Safepoint synchronization initiated. (179 threads)
[2023-11-16T05:35:12.292+0000][52.735s][info ][safepoint     ] Application time: 0.3350171 seconds
[2023-11-16T05:35:12.292+0000][52.735s][info ][safepoint     ] Entering safepoint region: Deoptimize
[2023-11-16T05:35:12.294+0000][52.737s][info ][safepoint     ] Leaving safepoint region
[2023-11-16T05:35:12.294+0000][52.737s][info ][safepoint     ] Total time for which application threads were stopped: 0.0016206 seconds, Stopping threads took: 0.0000369 seconds
[2023-11-16T05:35:13.294+0000][53.737s][debug][safepoint     ] Safepoint synchronization initiated. (181 threads)
[2023-11-16T05:35:13.294+0000][53.737s][info ][safepoint     ] Application time: 1.0001555 seconds
[2023-11-16T05:35:13.294+0000][53.737s][info ][safepoint     ] Entering safepoint region: Cleanup
[2023-11-16T05:35:13.294+0000][53.738s][info ][safepoint     ] Leaving safepoint region
[2023-11-16T05:35:13.294+0000][53.738s][info ][safepoint     ] Total time for which application threads were stopped: 0.0003816 seconds, Stopping threads took: 0.0000504 seconds
[2023-11-16T05:35:14.294+0000][54.738s][debug][safepoint     ] Safepoint synchronization initiated. (181 threads)
[2023-11-16T05:35:14.295+0000][54.738s][info ][safepoint     ] Application time: 1.0001735 seconds
[2023-11-16T05:35:14.295+0000][54.738s][info ][safepoint     ] Entering safepoint region: Cleanup
[2023-11-16T05:35:14.295+0000][54.738s][info ][safepoint     ] Leaving safepoint region
[2023-11-16T05:35:14.295+0000][54.738s][info ][safepoint     ] Total time for which application threads were stopped: 0.0003398 seconds, Stopping threads took: 0.0000513 seconds
[2023-11-16T05:35:15.295+0000][55.738s][debug][safepoint     ] Safepoint synchronization initiated. (181 threads)
[2023-11-16T05:35:15.295+0000][55.738s][info ][safepoint     ] Application time: 1.0001697 seconds
[2023-11-16T05:35:15.295+0000][55.738s][info ][safepoint     ] Entering safepoint region: Cleanup
[2023-11-16T05:35:15.295+0000][55.739s][info ][safepoint     ] Leaving safepoint region
[2023-11-16T05:35:15.295+0000][55.739s][info ][safepoint     ] Total time for which application threads were stopped: 0.0003027 seconds, Stopping threads took: 0.0000508 seconds
[2023-11-16T05:35:16.296+0000][56.739s][debug][safepoint     ] Safepoint synchronization initiated. (181 threads)
[2023-11-16T05:35:16.296+0000][56.739s][info ][safepoint     ] Application time: 1.0001721 seconds
[2023-11-16T05:35:16.296+0000][56.739s][info ][safepoint     ] Entering safepoint region: Cleanup
[2023-11-16T05:35:16.296+0000][56.739s][info ][safepoint     ] Leaving safepoint region
[2023-11-16T05:35:16.296+0000][56.739s][info ][safepoint     ] Total time for which application threads were stopped: 0.0005263 seconds, Stopping threads took: 0.0002392 seconds
[2023-11-16T05:35:17.296+0000][57.740s][debug][safepoint     ] Safepoint synchronization initiated. (180 threads)
[2023-11-16T05:35:17.296+0000][57.740s][info ][safepoint     ] Application time: 1.0001486 seconds
[2023-11-16T05:35:17.296+0000][57.740s][info ][safepoint     ] Entering safepoint region: Cleanup
[2023-11-16T05:35:17.297+0000][57.740s][info ][safepoint     ] Leaving safepoint region
[2023-11-16T05:35:17.297+0000][57.740s][info ][safepoint     ] Total time for which application threads were stopped: 0.0003289 seconds, Stopping threads took: 0.0000498 seconds
[2023-11-16T05:35:18.297+0000][58.740s][debug][safepoint     ] Safepoint synchronization initiated. (182 threads)
[2023-11-16T05:35:18.297+0000][58.740s][info ][safepoint     ] Application time: 1.0001691 seconds
[2023-11-16T05:35:18.297+0000][58.740s][info ][safepoint     ] Entering safepoint region: Cleanup
[2023-11-16T05:35:18.297+0000][58.740s][info ][safepoint     ] Leaving safepoint region
[2023-11-16T05:35:18.297+0000][58.740s][info ][safepoint     ] Total time for which application threads were stopped: 0.0002515 seconds, Stopping threads took: 0.0000512 seconds
[2023-11-16T05:35:19.297+0000][59.741s][debug][safepoint     ] Safepoint synchronization initiated. (182 threads)
[2023-11-16T05:35:19.297+0000][59.741s][info ][safepoint     ] Application time: 1.0001706 seconds
[2023-11-16T05:35:19.297+0000][59.741s][info ][safepoint     ] Entering safepoint region: Cleanup
[2023-11-16T05:35:19.298+0000][59.741s][info ][safepoint     ] Leaving safepoint region
[2023-11-16T05:35:19.298+0000][59.741s][info ][safepoint     ] Total time for which application threads were stopped: 0.0002416 seconds, Stopping threads took: 0.0000524 seconds
[2023-11-16T05:35:20.298+0000][60.741s][debug][safepoint     ] Safepoint synchronization initiated. (182 threads)
[2023-11-16T05:35:20.298+0000][60.741s][info ][safepoint     ] Application time: 1.0001770 seconds
[2023-11-16T05:35:20.298+0000][60.741s][info ][safepoint     ] Entering safepoint region: Cleanup
[2023-11-16T05:35:20.298+0000][60.741s][info ][safepoint     ] Leaving safepoint region
[2023-11-16T05:35:20.298+0000][60.741s][info ][safepoint     ] Total time for which application threads were stopped: 0.0002592 seconds, Stopping threads took: 0.0000551 seconds
[2023-11-16T05:35:21.298+0000][61.741s][debug][safepoint     ] Safepoint synchronization initiated. (182 threads)
[2023-11-16T05:35:21.298+0000][61.742s][info ][safepoint     ] Application time: 1.0001635 seconds
[2023-11-16T05:35:21.298+0000][61.742s][info ][safepoint     ] Entering safepoint region: Cleanup
[2023-11-16T05:35:21.298+0000][61.742s][info ][safepoint     ] Leaving safepoint region
[2023-11-16T05:35:21.299+0000][61.742s][info ][safepoint     ] Total time for which application threads were stopped: 0.0002569 seconds, Stopping threads took: 0.0000534 seconds
[2023-11-16T05:35:22.299+0000][62.742s][debug][safepoint     ] Safepoint synchronization initiated. (183 threads)
[2023-11-16T05:35:22.299+0000][62.742s][info ][safepoint     ] Application time: 1.0001549 seconds
[2023-11-16T05:35:22.299+0000][62.742s][debug][safepoint     ] ... found polling page return exception at pc = 0x00007fde84febef3, stub =0x00007fde7c83a800
[2023-11-16T05:35:22.299+0000][62.742s][debug][safepoint     ] Waiting for 1 thread(s) to block
[2023-11-16T05:35:22.299+0000][62.742s][info ][safepoint     ] Entering safepoint region: Cleanup
[2023-11-16T05:35:22.299+0000][62.742s][info ][safepoint     ] Leaving safepoint region
[2023-11-16T05:35:22.299+0000][62.742s][info ][safepoint     ] Total time for which application threads were stopped: 0.0003825 seconds, Stopping threads took: 0.0001803 seconds
[2023-11-16T05:35:23.299+0000][63.743s][debug][safepoint     ] Safepoint synchronization initiated. (183 threads)
[2023-11-16T05:35:23.299+0000][63.743s][info ][safepoint     ] Application time: 1.0001541 seconds
[2023-11-16T05:35:23.299+0000][63.743s][info ][safepoint     ] Entering safepoint region: Cleanup
[2023-11-16T05:35:23.300+0000][63.743s][info ][safepoint     ] Leaving safepoint region
[2023-11-16T05:35:23.300+0000][63.743s][info ][safepoint     ] Total time for which application threads were stopped: 0.0005861 seconds, Stopping threads took: 0.0003576 seconds
[2023-11-16T05:35:24.300+0000][64.743s][debug][safepoint     ] Safepoint synchronization initiated. (183 threads)
[2023-11-16T05:35:24.300+0000][64.743s][info ][safepoint     ] Application time: 1.0001657 seconds
[2023-11-16T05:35:24.300+0000][64.743s][info ][safepoint     ] Entering safepoint region: Cleanup
[2023-11-16T05:35:24.300+0000][64.744s][info ][safepoint     ] Leaving safepoint region
[2023-11-16T05:35:24.300+0000][64.744s][info ][safepoint     ] Total time for which application threads were stopped: 0.0003421 seconds, Stopping threads took: 0.0000537 seconds
[2023-11-16T05:35:25.301+0000][65.744s][debug][safepoint     ] Safepoint synchronization initiated. (183 threads)
[2023-11-16T05:35:25.301+0000][65.744s][info ][safepoint     ] Application time: 1.0001569 seconds
[2023-11-16T05:35:25.301+0000][65.744s][info ][safepoint     ] Entering safepoint region: Cleanup
[2023-11-16T05:35:25.301+0000][65.744s][info ][safepoint     ] Leaving safepoint region
[2023-11-16T05:35:25.301+0000][65.744s][info ][safepoint     ] Total time for which application threads were stopped: 0.0002623 seconds, Stopping threads took: 0.0000554 seconds
[2023-11-16T05:35:26.301+0000][66.744s][debug][safepoint     ] Safepoint synchronization initiated. (183 threads)
[2023-11-16T05:35:26.301+0000][66.744s][info ][safepoint     ] Application time: 1.0001564 seconds
[2023-11-16T05:35:26.301+0000][66.744s][info ][safepoint     ] Entering safepoint region: Cleanup
[2023-11-16T05:35:26.301+0000][66.745s][info ][safepoint     ] Leaving safepoint region
[2023-11-16T05:35:26.301+0000][66.745s][info ][safepoint     ] Total time for which application threads were stopped: 0.0003446 seconds, Stopping threads took: 0.0000545 seconds
[2023-11-16T05:35:27.302+0000][67.745s][debug][safepoint     ] Safepoint synchronization initiated. (183 threads)
[2023-11-16T05:35:27.302+0000][67.745s][info ][safepoint     ] Application time: 1.0001903 seconds
[2023-11-16T05:35:27.302+0000][67.745s][info ][safepoint     ] Entering safepoint region: Cleanup
[2023-11-16T05:35:27.302+0000][67.745s][info ][safepoint     ] Leaving safepoint region
[2023-11-16T05:35:27.302+0000][67.745s][debug][safepoint     ] ... found polling page return exception at pc = 0x00007fde84fe1026, stub =0x00007fde7c83a800
[2023-11-16T05:35:27.302+0000][67.745s][info ][safepoint     ] Total time for which application threads were stopped: 0.0003294 seconds, Stopping threads took: 0.0000544 seconds
[2023-11-16T05:35:27.302+0000][67.745s][debug][safepoint     ] ... found polling page return exception at pc = 0x00007fde84fe1026, stub =0x00007fde7c83a800
[2023-11-16T05:35:28.302+0000][68.745s][debug][safepoint     ] Safepoint synchronization initiated. (183 threads)
[2023-11-16T05:35:28.302+0000][68.745s][info ][safepoint     ] Application time: 1.0001539 seconds
[2023-11-16T05:35:28.302+0000][68.746s][info ][safepoint     ] Entering safepoint region: Cleanup
[2023-11-16T05:35:28.303+0000][68.746s][info ][safepoint     ] Leaving safepoint region
[2023-11-16T05:35:28.303+0000][68.746s][info ][safepoint     ] Total time for which application threads were stopped: 0.0004220 seconds, Stopping threads took: 0.0001673 seconds
[2023-11-16T05:35:29.303+0000][69.746s][debug][safepoint     ] Safepoint synchronization initiated. (182 threads)
[2023-11-16T05:35:29.303+0000][69.746s][info ][safepoint     ] Application time: 1.0001599 seconds
[2023-11-16T05:35:29.303+0000][69.746s][info ][safepoint     ] Entering safepoint region: Cleanup
[2023-11-16T05:35:29.303+0000][69.746s][info ][safepoint     ] Leaving safepoint region
[2023-11-16T05:35:29.303+0000][69.746s][info ][safepoint     ] Total time for which application threads were stopped: 0.0003032 seconds, Stopping threads took: 0.0000501 seconds
[2023-11-16T05:35:30.303+0000][70.747s][debug][safepoint     ] Safepoint synchronization initiated. (182 threads)
[2023-11-16T05:35:30.303+0000][70.747s][info ][safepoint     ] Application time: 1.0001724 seconds
[2023-11-16T05:35:30.303+0000][70.747s][info ][safepoint     ] Entering safepoint region: Cleanup
[2023-11-16T05:35:30.304+0000][70.747s][info ][safepoint     ] Leaving safepoint region
[2023-11-16T05:35:30.304+0000][70.747s][info ][safepoint     ] Total time for which application threads were stopped: 0.0002943 seconds, Stopping threads took: 0.0000512 seconds
[2023-11-16T05:35:31.304+0000][71.747s][debug][safepoint     ] Safepoint synchronization initiated. (182 threads)
[2023-11-16T05:35:31.304+0000][71.747s][info ][safepoint     ] Application time: 1.0001380 seconds
[2023-11-16T05:35:31.304+0000][71.747s][info ][safepoint     ] Entering safepoint region: Cleanup
[2023-11-16T05:35:31.304+0000][71.747s][info ][safepoint     ] Leaving safepoint region
[2023-11-16T05:35:31.304+0000][71.747s][info ][safepoint     ] Total time for which application threads were stopped: 0.0002157 seconds, Stopping threads took: 0.0000527 seconds
[2023-11-16T05:35:32.304+0000][72.747s][debug][safepoint     ] Safepoint synchronization initiated. (183 threads)
[2023-11-16T05:35:32.304+0000][72.747s][info ][safepoint     ] Application time: 1.0001506 seconds
[2023-11-16T05:35:32.304+0000][72.748s][info ][safepoint     ] Entering safepoint region: Cleanup
[2023-11-16T05:35:32.304+0000][72.748s][info ][safepoint     ] Leaving safepoint region
[2023-11-16T05:35:32.304+0000][72.748s][info ][safepoint     ] Total time for which application threads were stopped: 0.0003323 seconds, Stopping threads took: 0.0000521 seconds
[2023-11-16T05:35:33.305+0000][73.748s][debug][safepoint     ] Safepoint synchronization initiated. (183 threads)
[2023-11-16T05:35:33.305+0000][73.748s][info ][safepoint     ] Application time: 1.0001769 seconds
[2023-11-16T05:35:33.305+0000][73.748s][debug][safepoint     ] ... found polling page return exception at pc = 0x00007fde84a2c980, stub =0x00007fde7c83a800
[2023-11-16T05:35:33.305+0000][73.748s][debug][safepoint     ] ... found polling page return exception at pc = 0x00007fde84febef3, stub =0x00007fde7c83a800
[2023-11-16T05:35:33.305+0000][73.748s][debug][safepoint     ] ... found polling page return exception at pc = 0x00007fde8498a944, stub =0x00007fde7c83a800
[2023-11-16T05:35:33.305+0000][73.748s][debug][safepoint     ] Waiting for 3 thread(s) to block
[2023-11-16T05:35:33.305+0000][73.748s][info ][safepoint     ] Entering safepoint region: Cleanup
[2023-11-16T05:35:33.305+0000][73.749s][info ][safepoint     ] Leaving safepoint region
[2023-11-16T05:35:33.305+0000][73.749s][info ][safepoint     ] Total time for which application threads were stopped: 0.0005969 seconds, Stopping threads took: 0.0004014 seconds
[2023-11-16T05:35:34.305+0000][74.749s][debug][safepoint     ] Safepoint synchronization initiated. (183 threads)
[2023-11-16T05:35:34.305+0000][74.749s][info ][safepoint     ] Application time: 1.0001607 seconds
[2023-11-16T05:35:34.306+0000][74.749s][info ][safepoint     ] Entering safepoint region: Cleanup
[2023-11-16T05:35:34.306+0000][74.749s][info ][safepoint     ] Leaving safepoint region
[2023-11-16T05:35:34.306+0000][74.749s][info ][safepoint     ] Total time for which application threads were stopped: 0.0002651 seconds, Stopping threads took: 0.0000505 seconds
[2023-11-16T05:35:35.306+0000][75.749s][debug][safepoint     ] Safepoint synchronization initiated. (183 threads)
[2023-11-16T05:35:35.306+0000][75.749s][info ][safepoint     ] Application time: 1.0001488 seconds
[2023-11-16T05:35:35.306+0000][75.749s][info ][safepoint     ] Entering safepoint region: Cleanup
[2023-11-16T05:35:35.306+0000][75.750s][info ][safepoint     ] Leaving safepoint region
[2023-11-16T05:35:35.306+0000][75.750s][info ][safepoint     ] Total time for which application threads were stopped: 0.0003316 seconds, Stopping threads took: 0.0000507 seconds
[2023-11-16T05:35:36.306+0000][76.750s][debug][safepoint     ] Safepoint synchronization initiated. (183 threads)
[2023-11-16T05:35:36.306+0000][76.750s][info ][safepoint     ] Application time: 1.0001550 seconds
[2023-11-16T05:35:36.306+0000][76.750s][info ][safepoint     ] Entering safepoint region: Cleanup
[2023-11-16T05:35:36.307+0000][76.750s][info ][safepoint     ] Leaving safepoint region
[2023-11-16T05:35:36.307+0000][76.750s][info ][safepoint     ] Total time for which application threads were stopped: 0.0002978 seconds, Stopping threads took: 0.0000602 seconds
[2023-11-16T05:35:37.307+0000][77.750s][debug][safepoint     ] Safepoint synchronization initiated. (183 threads)
[2023-11-16T05:35:37.307+0000][77.750s][info ][safepoint     ] Application time: 1.0001594 seconds
[2023-11-16T05:35:37.307+0000][77.750s][info ][safepoint     ] Entering safepoint region: Cleanup
[2023-11-16T05:35:37.307+0000][77.750s][info ][safepoint     ] Leaving safepoint region
[2023-11-16T05:35:37.307+0000][77.751s][info ][safepoint     ] Total time for which application threads were stopped: 0.0002463 seconds, Stopping threads took: 0.0000531 seconds
[2023-11-16T05:35:38.307+0000][78.751s][debug][safepoint     ] Safepoint synchronization initiated. (183 threads)
[2023-11-16T05:35:38.307+0000][78.751s][info ][safepoint     ] Application time: 1.0001475 seconds
[2023-11-16T05:35:38.307+0000][78.751s][info ][safepoint     ] Entering safepoint region: Cleanup
[2023-11-16T05:35:38.308+0000][78.751s][info ][safepoint     ] Leaving safepoint region
[2023-11-16T05:35:38.308+0000][78.751s][info ][safepoint     ] Total time for which application threads were stopped: 0.0002519 seconds, Stopping threads took: 0.0000517 seconds
[2023-11-16T05:35:39.308+0000][79.751s][debug][safepoint     ] Safepoint synchronization initiated. (183 threads)
[2023-11-16T05:35:39.308+0000][79.751s][info ][safepoint     ] Application time: 1.0001620 seconds
[2023-11-16T05:35:39.308+0000][79.751s][info ][safepoint     ] Entering safepoint region: Cleanup
[2023-11-16T05:35:39.308+0000][79.751s][info ][safepoint     ] Leaving safepoint region
[2023-11-16T05:35:39.308+0000][79.751s][info ][safepoint     ] Total time for which application threads were stopped: 0.0003294 seconds, Stopping threads took: 0.0000542 seconds
[2023-11-16T05:35:40.308+0000][80.752s][debug][safepoint     ] Safepoint synchronization initiated. (183 threads)
[2023-11-16T05:35:40.308+0000][80.752s][info ][safepoint     ] Application time: 1.0001595 seconds
[2023-11-16T05:35:40.308+0000][80.752s][info ][safepoint     ] Entering safepoint region: Cleanup
[2023-11-16T05:35:40.309+0000][80.752s][info ][safepoint     ] Leaving safepoint region
[2023-11-16T05:35:40.309+0000][80.752s][info ][safepoint     ] Total time for which application threads were stopped: 0.0003049 seconds, Stopping threads took: 0.0000504 seconds
[2023-11-16T05:35:41.309+0000][81.752s][debug][safepoint     ] Safepoint synchronization initiated. (183 threads)
[2023-11-16T05:35:41.309+0000][81.752s][info ][safepoint     ] Application time: 1.0001733 seconds
[2023-11-16T05:35:41.309+0000][81.752s][info ][safepoint     ] Entering safepoint region: Cleanup
[2023-11-16T05:35:41.309+0000][81.753s][info ][safepoint     ] Leaving safepoint region
[2023-11-16T05:35:41.309+0000][81.753s][info ][safepoint     ] Total time for which application threads were stopped: 0.0003372 seconds, Stopping threads took: 0.0000490 seconds
[2023-11-16T05:35:42.309+0000][82.753s][debug][safepoint     ] Safepoint synchronization initiated. (182 threads)
[2023-11-16T05:35:42.309+0000][82.753s][info ][safepoint     ] Application time: 1.0001391 seconds
[2023-11-16T05:35:42.309+0000][82.753s][info ][safepoint     ] Entering safepoint region: Cleanup
[2023-11-16T05:35:42.310+0000][82.753s][info ][safepoint     ] Leaving safepoint region
[2023-11-16T05:35:42.310+0000][82.753s][info ][safepoint     ] Total time for which application threads were stopped: 0.0003229 seconds, Stopping threads took: 0.0000481 seconds
[2023-11-16T05:35:43.310+0000][83.753s][debug][safepoint     ] Safepoint synchronization initiated. (182 threads)
[2023-11-16T05:35:43.310+0000][83.753s][info ][safepoint     ] Application time: 1.0001486 seconds
[2023-11-16T05:35:43.310+0000][83.753s][info ][safepoint     ] Entering safepoint region: Cleanup
[2023-11-16T05:35:43.310+0000][83.753s][info ][safepoint     ] Leaving safepoint region
[2023-11-16T05:35:43.310+0000][83.753s][info ][safepoint     ] Total time for which application threads were stopped: 0.0002518 seconds, Stopping threads took: 0.0000495 seconds
[2023-11-16T05:35:44.310+0000][84.754s][debug][safepoint     ] Safepoint synchronization initiated. (182 threads)
[2023-11-16T05:35:44.310+0000][84.754s][info ][safepoint     ] Application time: 1.0001688 seconds
[2023-11-16T05:35:44.310+0000][84.754s][info ][safepoint     ] Entering safepoint region: Cleanup
[2023-11-16T05:35:44.311+0000][84.754s][info ][safepoint     ] Leaving safepoint region
[2023-11-16T05:35:44.311+0000][84.754s][info ][safepoint     ] Total time for which application threads were stopped: 0.0003334 seconds, Stopping threads took: 0.0000506 seconds
[2023-11-16T05:35:45.311+0000][85.754s][debug][safepoint     ] Safepoint synchronization initiated. (182 threads)
[2023-11-16T05:35:45.311+0000][85.754s][info ][safepoint     ] Application time: 1.0001770 seconds
[2023-11-16T05:35:45.311+0000][85.754s][info ][safepoint     ] Entering safepoint region: Cleanup
[2023-11-16T05:35:45.311+0000][85.755s][info ][safepoint     ] Leaving safepoint region
[2023-11-16T05:35:45.311+0000][85.755s][info ][safepoint     ] Total time for which application threads were stopped: 0.0003788 seconds, Stopping threads took: 0.0000567 seconds
[2023-11-16T05:35:46.311+0000][86.755s][debug][safepoint     ] Safepoint synchronization initiated. (182 threads)
[2023-11-16T05:35:46.311+0000][86.755s][info ][safepoint     ] Application time: 1.0001564 seconds
[2023-11-16T05:35:46.312+0000][86.755s][info ][safepoint     ] Entering safepoint region: Cleanup
[2023-11-16T05:35:46.312+0000][86.755s][info ][safepoint     ] Leaving safepoint region
[2023-11-16T05:35:46.312+0000][86.755s][info ][safepoint     ] Total time for which application threads were stopped: 0.0002920 seconds, Stopping threads took: 0.0000506 seconds
[2023-11-16T05:35:47.312+0000][87.755s][debug][safepoint     ] Safepoint synchronization initiated. (182 threads)
[2023-11-16T05:35:47.312+0000][87.755s][info ][safepoint     ] Application time: 1.0001931 seconds
[2023-11-16T05:35:47.312+0000][87.755s][info ][safepoint     ] Entering safepoint region: Cleanup
[2023-11-16T05:35:47.312+0000][87.756s][info ][safepoint     ] Leaving safepoint region
[2023-11-16T05:35:47.312+0000][87.756s][info ][safepoint     ] Total time for which application threads were stopped: 0.0002769 seconds, Stopping threads took: 0.0000524 seconds
[2023-11-16T05:35:48.312+0000][88.756s][debug][safepoint     ] Safepoint synchronization initiated. (182 threads)
[2023-11-16T05:35:48.312+0000][88.756s][info ][safepoint     ] Application time: 1.0001561 seconds
[2023-11-16T05:35:48.313+0000][88.756s][info ][safepoint     ] Entering safepoint region: Cleanup
[2023-11-16T05:35:48.313+0000][88.756s][info ][safepoint     ] Leaving safepoint region
[2023-11-16T05:35:48.313+0000][88.756s][info ][safepoint     ] Total time for which application threads were stopped: 0.0003314 seconds, Stopping threads took: 0.0000487 seconds
[2023-11-16T05:35:49.313+0000][89.756s][debug][safepoint     ] Safepoint synchronization initiated. (182 threads)
[2023-11-16T05:35:49.313+0000][89.756s][info ][safepoint     ] Application time: 1.0001640 seconds
[2023-11-16T05:35:49.313+0000][89.756s][info ][safepoint     ] Entering safepoint region: Cleanup
[2023-11-16T05:35:49.313+0000][89.757s][info ][safepoint     ] Leaving safepoint region
[2023-11-16T05:35:49.313+0000][89.757s][info ][safepoint     ] Total time for which application threads were stopped: 0.0003341 seconds, Stopping threads took: 0.0000519 seconds
[2023-11-16T05:35:50.313+0000][90.757s][debug][safepoint     ] Safepoint synchronization initiated. (182 threads)
[2023-11-16T05:35:50.314+0000][90.757s][info ][safepoint     ] Application time: 1.0001729 seconds
[2023-11-16T05:35:50.314+0000][90.757s][info ][safepoint     ] Entering safepoint region: Cleanup
[2023-11-16T05:35:50.314+0000][90.757s][info ][safepoint     ] Leaving safepoint region
[2023-11-16T05:35:50.314+0000][90.757s][info ][safepoint     ] Total time for which application threads were stopped: 0.0003303 seconds, Stopping threads took: 0.0000528 seconds
[2023-11-16T05:35:51.314+0000][91.757s][debug][safepoint     ] Safepoint synchronization initiated. (182 threads)
[2023-11-16T05:35:51.314+0000][91.757s][info ][safepoint     ] Application time: 1.0001492 seconds
[2023-11-16T05:35:51.314+0000][91.757s][info ][safepoint     ] Entering safepoint region: Cleanup
[2023-11-16T05:35:51.314+0000][91.758s][info ][safepoint     ] Leaving safepoint region
[2023-11-16T05:35:51.314+0000][91.758s][debug][safepoint     ] ... found polling page return exception at pc = 0x00007fde849bede6, stub =0x00007fde7c83a800
[2023-11-16T05:35:51.314+0000][91.758s][info ][safepoint     ] Total time for which application threads were stopped: 0.0002418 seconds, Stopping threads took: 0.0000525 seconds
[2023-11-16T05:35:52.315+0000][92.758s][debug][safepoint     ] Safepoint synchronization initiated. (182 threads)
[2023-11-16T05:35:52.315+0000][92.758s][info ][safepoint     ] Application time: 1.0001427 seconds
[2023-11-16T05:35:52.315+0000][92.758s][info ][safepoint     ] Entering safepoint region: Cleanup
[2023-11-16T05:35:52.315+0000][92.758s][info ][safepoint     ] Leaving safepoint region
[2023-11-16T05:35:52.315+0000][92.758s][info ][safepoint     ] Total time for which application threads were stopped: 0.0002741 seconds, Stopping threads took: 0.0000544 seconds
[2023-11-16T05:35:53.315+0000][93.758s][debug][safepoint     ] Safepoint synchronization initiated. (182 threads)
[2023-11-16T05:35:53.315+0000][93.758s][info ][safepoint     ] Application time: 1.0001738 seconds
[2023-11-16T05:35:53.315+0000][93.758s][info ][safepoint     ] Entering safepoint region: Cleanup
[2023-11-16T05:35:53.315+0000][93.759s][info ][safepoint     ] Leaving safepoint region
[2023-11-16T05:35:53.315+0000][93.759s][info ][safepoint     ] Total time for which application threads were stopped: 0.0002812 seconds, Stopping threads took: 0.0000546 seconds
[2023-11-16T05:35:54.315+0000][94.759s][debug][safepoint     ] Safepoint synchronization initiated. (182 threads)
[2023-11-16T05:35:54.316+0000][94.759s][info ][safepoint     ] Application time: 1.0001629 seconds
[2023-11-16T05:35:54.316+0000][94.759s][info ][safepoint     ] Entering safepoint region: Cleanup
[2023-11-16T05:35:54.316+0000][94.759s][info ][safepoint     ] Leaving safepoint region
[2023-11-16T05:35:54.316+0000][94.759s][info ][safepoint     ] Total time for which application threads were stopped: 0.0002590 seconds, Stopping threads took: 0.0000522 seconds
[2023-11-16T05:35:55.316+0000][95.759s][debug][safepoint     ] Safepoint synchronization initiated. (182 threads)
[2023-11-16T05:35:55.316+0000][95.759s][info ][safepoint     ] Application time: 1.0001731 seconds
[2023-11-16T05:35:55.316+0000][95.759s][info ][safepoint     ] Entering safepoint region: Cleanup
[2023-11-16T05:35:55.316+0000][95.760s][info ][safepoint     ] Leaving safepoint region
[2023-11-16T05:35:55.316+0000][95.760s][info ][safepoint     ] Total time for which application threads were stopped: 0.0003467 seconds, Stopping threads took: 0.0000528 seconds
[2023-11-16T05:35:56.316+0000][96.760s][debug][safepoint     ] Safepoint synchronization initiated. (182 threads)
[2023-11-16T05:35:56.317+0000][96.760s][info ][safepoint     ] Application time: 1.0001542 seconds
[2023-11-16T05:35:56.317+0000][96.760s][info ][safepoint     ] Entering safepoint region: Cleanup
[2023-11-16T05:35:56.317+0000][96.760s][info ][safepoint     ] Leaving safepoint region
[2023-11-16T05:35:56.317+0000][96.760s][info ][safepoint     ] Total time for which application threads were stopped: 0.0003431 seconds, Stopping threads took: 0.0000528 seconds
[2023-11-16T05:35:57.317+0000][97.760s][debug][safepoint     ] Safepoint synchronization initiated. (182 threads)
[2023-11-16T05:35:57.317+0000][97.760s][info ][safepoint     ] Application time: 1.0001479 seconds
[2023-11-16T05:35:57.317+0000][97.760s][info ][safepoint     ] Entering safepoint region: Cleanup
[2023-11-16T05:35:57.317+0000][97.761s][info ][safepoint     ] Leaving safepoint region
[2023-11-16T05:35:57.317+0000][97.761s][info ][safepoint     ] Total time for which application threads were stopped: 0.0002687 seconds, Stopping threads took: 0.0000511 seconds
[2023-11-16T05:35:58.317+0000][98.761s][debug][safepoint     ] Safepoint synchronization initiated. (182 threads)
[2023-11-16T05:35:58.318+0000][98.761s][info ][safepoint     ] Application time: 1.0001334 seconds
[2023-11-16T05:35:58.318+0000][98.761s][info ][safepoint     ] Entering safepoint region: Cleanup
[2023-11-16T05:35:58.318+0000][98.761s][info ][safepoint     ] Leaving safepoint region
[2023-11-16T05:35:58.318+0000][98.761s][info ][safepoint     ] Total time for which application threads were stopped: 0.0004762 seconds, Stopping threads took: 0.0002190 seconds
[2023-11-16T05:35:59.318+0000][99.761s][debug][safepoint     ] Safepoint synchronization initiated. (179 threads)
[2023-11-16T05:35:59.318+0000][99.761s][info ][safepoint     ] Application time: 1.0001551 seconds
[2023-11-16T05:35:59.318+0000][99.762s][info ][safepoint     ] Entering safepoint region: Cleanup
[2023-11-16T05:35:59.318+0000][99.762s][info ][safepoint     ] Leaving safepoint region
[2023-11-16T05:35:59.319+0000][99.762s][info ][safepoint     ] Total time for which application threads were stopped: 0.0003384 seconds, Stopping threads took: 0.0000514 seconds
[2023-11-16T05:35:59.318+0000][99.762s][debug][safepoint     ] ... found polling page return exception at pc = 0x00007fde849bede6, stub =0x00007fde7c83a800
[2023-11-16T05:36:00.319+0000][100.762s][debug][safepoint     ] Safepoint synchronization initiated. (179 threads)
[2023-11-16T05:36:00.319+0000][100.762s][info ][safepoint     ] Application time: 1.0001281 seconds
[2023-11-16T05:36:00.319+0000][100.762s][info ][safepoint     ] Entering safepoint region: Cleanup
[2023-11-16T05:36:00.319+0000][100.762s][info ][safepoint     ] Leaving safepoint region
[2023-11-16T05:36:00.319+0000][100.762s][info ][safepoint     ] Total time for which application threads were stopped: 0.0002710 seconds, Stopping threads took: 0.0000743 seconds
[2023-11-16T05:36:01.319+0000][101.762s][debug][safepoint     ] Safepoint synchronization initiated. (179 threads)
[2023-11-16T05:36:01.319+0000][101.762s][info ][safepoint     ] Application time: 1.0001753 seconds
[2023-11-16T05:36:01.319+0000][101.763s][info ][safepoint     ] Entering safepoint region: Cleanup
[2023-11-16T05:36:01.319+0000][101.763s][info ][safepoint     ] Leaving safepoint region
[2023-11-16T05:36:01.319+0000][101.763s][info ][safepoint     ] Total time for which application threads were stopped: 0.0002528 seconds, Stopping threads took: 0.0000528 seconds
[2023-11-16T05:36:02.319+0000][102.763s][debug][safepoint     ] Safepoint synchronization initiated. (179 threads)
[2023-11-16T05:36:02.320+0000][102.763s][info ][safepoint     ] Application time: 1.0000905 seconds
[2023-11-16T05:36:02.320+0000][102.763s][info ][safepoint     ] Entering safepoint region: Cleanup
[2023-11-16T05:36:02.320+0000][102.763s][info ][safepoint     ] Leaving safepoint region
[2023-11-16T05:36:02.320+0000][102.763s][info ][safepoint     ] Total time for which application threads were stopped: 0.0002044 seconds, Stopping threads took: 0.0000376 seconds
[2023-11-16T05:36:03.320+0000][103.763s][debug][safepoint     ] Safepoint synchronization initiated. (179 threads)
[2023-11-16T05:36:03.320+0000][103.763s][info ][safepoint     ] Application time: 1.0001492 seconds
[2023-11-16T05:36:03.320+0000][103.763s][info ][safepoint     ] Entering safepoint region: Cleanup
[2023-11-16T05:36:03.320+0000][103.763s][info ][safepoint     ] Leaving safepoint region
[2023-11-16T05:36:03.320+0000][103.763s][info ][safepoint     ] Total time for which application threads were stopped: 0.0002465 seconds, Stopping threads took: 0.0000488 seconds
[2023-11-16T05:36:04.320+0000][104.764s][debug][safepoint     ] Safepoint synchronization initiated. (179 threads)
[2023-11-16T05:36:04.320+0000][104.764s][info ][safepoint     ] Application time: 1.0001512 seconds
[2023-11-16T05:36:04.320+0000][104.764s][info ][safepoint     ] Entering safepoint region: Cleanup
[2023-11-16T05:36:04.321+0000][104.764s][info ][safepoint     ] Leaving safepoint region
[2023-11-16T05:36:04.321+0000][104.764s][info ][safepoint     ] Total time for which application threads were stopped: 0.0003382 seconds, Stopping threads took: 0.0000508 seconds
[2023-11-16T05:36:05.321+0000][105.764s][debug][safepoint     ] Safepoint synchronization initiated. (179 threads)
[2023-11-16T05:36:05.321+0000][105.764s][info ][safepoint     ] Application time: 1.0001520 seconds
[2023-11-16T05:36:05.321+0000][105.764s][info ][safepoint     ] Entering safepoint region: Cleanup
[2023-11-16T05:36:05.321+0000][105.764s][info ][safepoint     ] Leaving safepoint region
[2023-11-16T05:36:05.321+0000][105.765s][info ][safepoint     ] Total time for which application threads were stopped: 0.0003343 seconds, Stopping threads took: 0.0000507 seconds
[2023-11-16T05:36:06.321+0000][106.765s][debug][safepoint     ] Safepoint synchronization initiated. (179 threads)
[2023-11-16T05:36:06.321+0000][106.765s][info ][safepoint     ] Application time: 1.0001681 seconds
[2023-11-16T05:36:06.321+0000][106.765s][info ][safepoint     ] Entering safepoint region: Cleanup
[2023-11-16T05:36:06.322+0000][106.765s][info ][safepoint     ] Leaving safepoint region
[2023-11-16T05:36:06.322+0000][106.765s][info ][safepoint     ] Total time for which application threads were stopped: 0.0003366 seconds, Stopping threads took: 0.0000498 seconds
[2023-11-16T05:36:07.322+0000][107.765s][debug][safepoint     ] Safepoint synchronization initiated. (179 threads)
[2023-11-16T05:36:07.322+0000][107.765s][info ][safepoint     ] Application time: 1.0001610 seconds
[2023-11-16T05:36:07.322+0000][107.765s][info ][safepoint     ] Entering safepoint region: Cleanup
[2023-11-16T05:36:07.322+0000][107.766s][info ][safepoint     ] Leaving safepoint region
[2023-11-16T05:36:07.322+0000][107.766s][info ][safepoint     ] Total time for which application threads were stopped: 0.0002798 seconds, Stopping threads took: 0.0000737 seconds
[2023-11-16T05:36:08.322+0000][108.766s][debug][safepoint     ] Safepoint synchronization initiated. (179 threads)
[2023-11-16T05:36:08.322+0000][108.766s][info ][safepoint     ] Application time: 1.0001858 seconds
[2023-11-16T05:36:08.322+0000][108.766s][info ][safepoint     ] Entering safepoint region: Cleanup
[2023-11-16T05:36:08.323+0000][108.766s][info ][safepoint     ] Leaving safepoint region
[2023-11-16T05:36:08.323+0000][108.766s][info ][safepoint     ] Total time for which application threads were stopped: 0.0002500 seconds, Stopping threads took: 0.0000482 seconds
[2023-11-16T05:36:09.323+0000][109.766s][debug][safepoint     ] Safepoint synchronization initiated. (179 threads)
[2023-11-16T05:36:09.323+0000][109.766s][info ][safepoint     ] Application time: 1.0001672 seconds
[2023-11-16T05:36:09.323+0000][109.766s][info ][safepoint     ] Entering safepoint region: Cleanup
[2023-11-16T05:36:09.323+0000][109.767s][info ][safepoint     ] Leaving safepoint region
[2023-11-16T05:36:09.323+0000][109.767s][info ][safepoint     ] Total time for which application threads were stopped: 0.0003420 seconds, Stopping threads took: 0.0000508 seconds
[2023-11-16T05:36:10.323+0000][110.767s][debug][safepoint     ] Safepoint synchronization initiated. (179 threads)
[2023-11-16T05:36:10.323+0000][110.767s][info ][safepoint     ] Application time: 1.0001512 seconds
[2023-11-16T05:36:10.323+0000][110.767s][info ][safepoint     ] Entering safepoint region: Cleanup
[2023-11-16T05:36:10.324+0000][110.767s][info ][safepoint     ] Leaving safepoint region
[2023-11-16T05:36:10.324+0000][110.767s][info ][safepoint     ] Total time for which application threads were stopped: 0.0003594 seconds, Stopping threads took: 0.0000750 seconds
[2023-11-16T05:36:11.324+0000][111.767s][debug][safepoint     ] Safepoint synchronization initiated. (179 threads)
[2023-11-16T05:36:11.324+0000][111.767s][info ][safepoint     ] Application time: 1.0001512 seconds
[2023-11-16T05:36:11.324+0000][111.767s][info ][safepoint     ] Entering safepoint region: Cleanup
[2023-11-16T05:36:11.324+0000][111.768s][info ][safepoint     ] Leaving safepoint region
[2023-11-16T05:36:11.324+0000][111.768s][info ][safepoint     ] Total time for which application threads were stopped: 0.0002530 seconds, Stopping threads took: 0.0000511 seconds
[2023-11-16T05:36:12.324+0000][112.768s][debug][safepoint     ] Safepoint synchronization initiated. (179 threads)
[2023-11-16T05:36:12.324+0000][112.768s][info ][safepoint     ] Application time: 1.0001630 seconds
[2023-11-16T05:36:12.324+0000][112.768s][info ][safepoint     ] Entering safepoint region: Cleanup
[2023-11-16T05:36:12.325+0000][112.768s][info ][safepoint     ] Leaving safepoint region
[2023-11-16T05:36:12.325+0000][112.768s][info ][safepoint     ] Total time for which application threads were stopped: 0.0003351 seconds, Stopping threads took: 0.0000518 seconds
[2023-11-16T05:36:13.325+0000][113.768s][debug][safepoint     ] Safepoint synchronization initiated. (179 threads)
[2023-11-16T05:36:13.325+0000][113.768s][info ][safepoint     ] Application time: 1.0001536 seconds
[2023-11-16T05:36:13.325+0000][113.768s][info ][safepoint     ] Entering safepoint region: Cleanup
[2023-11-16T05:36:13.325+0000][113.769s][info ][safepoint     ] Leaving safepoint region
[2023-11-16T05:36:13.325+0000][113.769s][info ][safepoint     ] Total time for which application threads were stopped: 0.0003372 seconds, Stopping threads took: 0.0000507 seconds
[2023-11-16T05:36:14.325+0000][114.769s][debug][safepoint     ] Safepoint synchronization initiated. (179 threads)
[2023-11-16T05:36:14.325+0000][114.769s][info ][safepoint     ] Application time: 1.0001638 seconds
[2023-11-16T05:36:14.326+0000][114.769s][info ][safepoint     ] Entering safepoint region: Cleanup
[2023-11-16T05:36:14.326+0000][114.769s][info ][safepoint     ] Leaving safepoint region
[2023-11-16T05:36:14.326+0000][114.769s][info ][safepoint     ] Total time for which application threads were stopped: 0.0002759 seconds, Stopping threads took: 0.0000726 seconds
[2023-11-16T05:36:15.326+0000][115.769s][debug][safepoint     ] Safepoint synchronization initiated. (179 threads)
[2023-11-16T05:36:15.326+0000][115.769s][info ][safepoint     ] Application time: 1.0001640 seconds
[2023-11-16T05:36:15.326+0000][115.769s][info ][safepoint     ] Entering safepoint region: Cleanup
[2023-11-16T05:36:15.326+0000][115.770s][info ][safepoint     ] Leaving safepoint region
[2023-11-16T05:36:15.326+0000][115.770s][info ][safepoint     ] Total time for which application threads were stopped: 0.0003091 seconds, Stopping threads took: 0.0000516 seconds
[2023-11-16T05:36:16.326+0000][116.770s][debug][safepoint     ] Safepoint synchronization initiated. (179 threads)
[2023-11-16T05:36:16.326+0000][116.770s][info ][safepoint     ] Application time: 1.0001725 seconds
[2023-11-16T05:36:16.327+0000][116.770s][info ][safepoint     ] Entering safepoint region: Cleanup
[2023-11-16T05:36:16.327+0000][116.770s][info ][safepoint     ] Leaving safepoint region
[2023-11-16T05:36:16.327+0000][116.770s][info ][safepoint     ] Total time for which application threads were stopped: 0.0003318 seconds, Stopping threads took: 0.0000514 seconds
[2023-11-16T05:36:17.327+0000][117.770s][debug][safepoint     ] Safepoint synchronization initiated. (179 threads)
[2023-11-16T05:36:17.327+0000][117.770s][info ][safepoint     ] Application time: 1.0001666 seconds
[2023-11-16T05:36:17.327+0000][117.770s][info ][safepoint     ] Entering safepoint region: Cleanup
[2023-11-16T05:36:17.327+0000][117.771s][info ][safepoint     ] Leaving safepoint region
[2023-11-16T05:36:17.327+0000][117.771s][info ][safepoint     ] Total time for which application threads were stopped: 0.0003963 seconds, Stopping threads took: 0.0002021 seconds
[2023-11-16T05:36:18.328+0000][118.771s][debug][safepoint     ] Safepoint synchronization initiated. (179 threads)
[2023-11-16T05:36:18.328+0000][118.771s][info ][safepoint     ] Application time: 1.0001537 seconds
[2023-11-16T05:36:18.328+0000][118.771s][info ][safepoint     ] Entering safepoint region: Cleanup
[2023-11-16T05:36:18.328+0000][118.771s][info ][safepoint     ] Leaving safepoint region
[2023-11-16T05:36:18.328+0000][118.771s][info ][safepoint     ] Total time for which application threads were stopped: 0.0003299 seconds, Stopping threads took: 0.0000485 seconds
[2023-11-16T05:36:19.328+0000][119.771s][debug][safepoint     ] Safepoint synchronization initiated. (179 threads)
[2023-11-16T05:36:19.328+0000][119.771s][info ][safepoint     ] Application time: 1.0001526 seconds
[2023-11-16T05:36:19.328+0000][119.771s][info ][safepoint     ] Entering safepoint region: Cleanup
[2023-11-16T05:36:19.328+0000][119.772s][info ][safepoint     ] Leaving safepoint region
[2023-11-16T05:36:19.328+0000][119.772s][info ][safepoint     ] Total time for which application threads were stopped: 0.0003330 seconds, Stopping threads took: 0.0000507 seconds
[2023-11-16T05:36:20.329+0000][120.772s][debug][safepoint     ] Safepoint synchronization initiated. (179 threads)
[2023-11-16T05:36:20.329+0000][120.772s][info ][safepoint     ] Application time: 1.0001617 seconds
[2023-11-16T05:36:20.329+0000][120.772s][info ][safepoint     ] Entering safepoint region: Cleanup
[2023-11-16T05:36:20.329+0000][120.772s][info ][safepoint     ] Leaving safepoint region
[2023-11-16T05:36:20.329+0000][120.772s][info ][safepoint     ] Total time for which application threads were stopped: 0.0002416 seconds, Stopping threads took: 0.0000335 seconds
[2023-11-16T05:36:21.329+0000][121.772s][debug][safepoint     ] Safepoint synchronization initiated. (179 threads)
[2023-11-16T05:36:21.329+0000][121.772s][info ][safepoint     ] Application time: 1.0001653 seconds
[2023-11-16T05:36:21.329+0000][121.772s][info ][safepoint     ] Entering safepoint region: Cleanup
[2023-11-16T05:36:21.329+0000][121.773s][info ][safepoint     ] Leaving safepoint region
[2023-11-16T05:36:21.329+0000][121.773s][info ][safepoint     ] Total time for which application threads were stopped: 0.0003564 seconds, Stopping threads took: 0.0000512 seconds
[2023-11-16T05:36:22.330+0000][122.773s][debug][safepoint     ] Safepoint synchronization initiated. (179 threads)
[2023-11-16T05:36:22.330+0000][122.773s][info ][safepoint     ] Application time: 1.0001806 seconds
[2023-11-16T05:36:22.330+0000][122.773s][info ][safepoint     ] Entering safepoint region: Cleanup
[2023-11-16T05:36:22.330+0000][122.773s][info ][safepoint     ] Leaving safepoint region
[2023-11-16T05:36:22.330+0000][122.773s][info ][safepoint     ] Total time for which application threads were stopped: 0.0005281 seconds, Stopping threads took: 0.0003228 seconds
[2023-11-16T05:36:23.330+0000][123.774s][debug][safepoint     ] Safepoint synchronization initiated. (179 threads)
[2023-11-16T05:36:23.330+0000][123.774s][info ][safepoint     ] Application time: 1.0001767 seconds
[2023-11-16T05:36:23.330+0000][123.774s][info ][safepoint     ] Entering safepoint region: Cleanup
[2023-11-16T05:36:23.331+0000][123.774s][info ][safepoint     ] Leaving safepoint region
[2023-11-16T05:36:23.331+0000][123.774s][info ][safepoint     ] Total time for which application threads were stopped: 0.0002427 seconds, Stopping threads took: 0.0000489 seconds
[2023-11-16T05:36:24.331+0000][124.774s][debug][safepoint     ] Safepoint synchronization initiated. (179 threads)
[2023-11-16T05:36:24.331+0000][124.774s][info ][safepoint     ] Application time: 1.0001606 seconds
[2023-11-16T05:36:24.331+0000][124.774s][info ][safepoint     ] Entering safepoint region: Cleanup
[2023-11-16T05:36:24.331+0000][124.774s][info ][safepoint     ] Leaving safepoint region
[2023-11-16T05:36:24.331+0000][124.774s][info ][safepoint     ] Total time for which application threads were stopped: 0.0003358 seconds, Stopping threads took: 0.0000501 seconds
[2023-11-16T05:36:25.331+0000][125.775s][debug][safepoint     ] Safepoint synchronization initiated. (179 threads)
[2023-11-16T05:36:25.331+0000][125.775s][info ][safepoint     ] Application time: 1.0001491 seconds
[2023-11-16T05:36:25.331+0000][125.775s][info ][safepoint     ] Entering safepoint region: Cleanup
[2023-11-16T05:36:25.332+0000][125.775s][info ][safepoint     ] Leaving safepoint region
[2023-11-16T05:36:25.332+0000][125.775s][info ][safepoint     ] Total time for which application threads were stopped: 0.0002753 seconds, Stopping threads took: 0.0000499 seconds
[2023-11-16T05:36:26.332+0000][126.775s][debug][safepoint     ] Safepoint synchronization initiated. (179 threads)
[2023-11-16T05:36:26.332+0000][126.775s][info ][safepoint     ] Application time: 1.0001457 seconds
[2023-11-16T05:36:26.332+0000][126.775s][info ][safepoint     ] Entering safepoint region: Cleanup
[2023-11-16T05:36:26.332+0000][126.775s][info ][safepoint     ] Leaving safepoint region
[2023-11-16T05:36:26.332+0000][126.775s][info ][safepoint     ] Total time for which application threads were stopped: 0.0003318 seconds, Stopping threads took: 0.0000500 seconds
[2023-11-16T05:36:27.332+0000][127.776s][debug][safepoint     ] Safepoint synchronization initiated. (179 threads)
[2023-11-16T05:36:27.332+0000][127.776s][info ][safepoint     ] Application time: 1.0001631 seconds
[2023-11-16T05:36:27.332+0000][127.776s][info ][safepoint     ] Entering safepoint region: Cleanup
[2023-11-16T05:36:27.333+0000][127.776s][info ][safepoint     ] Leaving safepoint region
[2023-11-16T05:36:27.333+0000][127.776s][info ][safepoint     ] Total time for which application threads were stopped: 0.0005304 seconds, Stopping threads took: 0.0002725 seconds
[2023-11-16T05:36:28.333+0000][128.776s][debug][safepoint     ] Safepoint synchronization initiated. (179 threads)
[2023-11-16T05:36:28.333+0000][128.776s][info ][safepoint     ] Application time: 1.0001935 seconds
[2023-11-16T05:36:28.333+0000][128.776s][info ][safepoint     ] Entering safepoint region: Cleanup
[2023-11-16T05:36:28.333+0000][128.777s][info ][safepoint     ] Leaving safepoint region
[2023-11-16T05:36:28.333+0000][128.777s][info ][safepoint     ] Total time for which application threads were stopped: 0.0003606 seconds, Stopping threads took: 0.0000514 seconds
[2023-11-16T05:36:29.334+0000][129.777s][debug][safepoint     ] Safepoint synchronization initiated. (179 threads)
[2023-11-16T05:36:29.334+0000][129.777s][info ][safepoint     ] Application time: 1.0001751 seconds
[2023-11-16T05:36:29.334+0000][129.777s][info ][safepoint     ] Entering safepoint region: Cleanup
[2023-11-16T05:36:29.334+0000][129.777s][info ][safepoint     ] Leaving safepoint region
[2023-11-16T05:36:29.334+0000][129.777s][info ][safepoint     ] Total time for which application threads were stopped: 0.0002542 seconds, Stopping threads took: 0.0000527 seconds
[2023-11-16T05:36:30.334+0000][130.777s][debug][safepoint     ] Safepoint synchronization initiated. (179 threads)
[2023-11-16T05:36:30.334+0000][130.777s][info ][safepoint     ] Application time: 1.0001616 seconds
[2023-11-16T05:36:30.334+0000][130.777s][info ][safepoint     ] Entering safepoint region: Cleanup
[2023-11-16T05:36:30.334+0000][130.778s][info ][safepoint     ] Leaving safepoint region
[2023-11-16T05:36:30.334+0000][130.778s][info ][safepoint     ] Total time for which application threads were stopped: 0.0002493 seconds, Stopping threads took: 0.0000529 seconds
[2023-11-16T05:36:31.334+0000][131.778s][debug][safepoint     ] Safepoint synchronization initiated. (179 threads)
[2023-11-16T05:36:31.335+0000][131.778s][info ][safepoint     ] Application time: 1.0001707 seconds
[2023-11-16T05:36:31.335+0000][131.778s][info ][safepoint     ] Entering safepoint region: Cleanup
[2023-11-16T05:36:31.335+0000][131.778s][info ][safepoint     ] Leaving safepoint region
[2023-11-16T05:36:31.335+0000][131.778s][info ][safepoint     ] Total time for which application threads were stopped: 0.0002521 seconds, Stopping threads took: 0.0000508 seconds
[2023-11-16T05:36:32.335+0000][132.778s][debug][safepoint     ] Safepoint synchronization initiated. (179 threads)
[2023-11-16T05:36:32.335+0000][132.779s][info ][safepoint     ] Application time: 1.0003866 seconds
[2023-11-16T05:36:32.335+0000][132.779s][info ][safepoint     ] Entering safepoint region: Cleanup
[2023-11-16T05:36:32.335+0000][132.779s][info ][safepoint     ] Leaving safepoint region
[2023-11-16T05:36:32.335+0000][132.779s][info ][safepoint     ] Total time for which application threads were stopped: 0.0002650 seconds, Stopping threads took: 0.0000590 seconds
[2023-11-16T05:36:33.336+0000][133.779s][debug][safepoint     ] Safepoint synchronization initiated. (179 threads)
[2023-11-16T05:36:33.336+0000][133.779s][info ][safepoint     ] Application time: 1.0001613 seconds
[2023-11-16T05:36:33.336+0000][133.779s][debug][safepoint     ] ... found polling page return exception at pc = 0x00007fde849a690c, stub =0x00007fde7c83a800
[2023-11-16T05:36:33.336+0000][133.779s][debug][safepoint     ] Waiting for 1 thread(s) to block
[2023-11-16T05:36:33.336+0000][133.779s][info ][safepoint     ] Entering safepoint region: Cleanup
[2023-11-16T05:36:33.336+0000][133.780s][info ][safepoint     ] Leaving safepoint region
[2023-11-16T05:36:33.336+0000][133.780s][info ][safepoint     ] Total time for which application threads were stopped: 0.0005560 seconds, Stopping threads took: 0.0002730 seconds
[2023-11-16T05:36:34.336+0000][134.780s][debug][safepoint     ] Safepoint synchronization initiated. (179 threads)
[2023-11-16T05:36:34.336+0000][134.780s][info ][safepoint     ] Application time: 1.0001919 seconds
[2023-11-16T05:36:34.337+0000][134.780s][info ][safepoint     ] Entering safepoint region: Cleanup
[2023-11-16T05:36:34.337+0000][134.780s][info ][safepoint     ] Leaving safepoint region
[2023-11-16T05:36:34.337+0000][134.780s][info ][safepoint     ] Total time for which application threads were stopped: 0.0003344 seconds, Stopping threads took: 0.0000532 seconds
[2023-11-16T05:36:35.337+0000][135.780s][debug][safepoint     ] Safepoint synchronization initiated. (179 threads)
[2023-11-16T05:36:35.337+0000][135.780s][info ][safepoint     ] Application time: 1.0001621 seconds
[2023-11-16T05:36:35.337+0000][135.780s][info ][safepoint     ] Entering safepoint region: Cleanup
[2023-11-16T05:36:35.337+0000][135.781s][info ][safepoint     ] Leaving safepoint region
[2023-11-16T05:36:35.337+0000][135.781s][info ][safepoint     ] Total time for which application threads were stopped: 0.0002556 seconds, Stopping threads took: 0.0000542 seconds
[2023-11-16T05:36:36.337+0000][136.781s][debug][safepoint     ] Safepoint synchronization initiated. (179 threads)
[2023-11-16T05:36:36.337+0000][136.781s][info ][safepoint     ] Application time: 1.0001751 seconds
[2023-11-16T05:36:36.338+0000][136.781s][info ][safepoint     ] Entering safepoint region: Cleanup
[2023-11-16T05:36:36.338+0000][136.781s][info ][safepoint     ] Leaving safepoint region
[2023-11-16T05:36:36.338+0000][136.781s][info ][safepoint     ] Total time for which application threads were stopped: 0.0003424 seconds, Stopping threads took: 0.0000522 seconds
[2023-11-16T05:36:37.338+0000][137.781s][debug][safepoint     ] Safepoint synchronization initiated. (179 threads)
[2023-11-16T05:36:37.338+0000][137.781s][info ][safepoint     ] Application time: 1.0001573 seconds
[2023-11-16T05:36:37.338+0000][137.781s][info ][safepoint     ] Entering safepoint region: Cleanup
[2023-11-16T05:36:37.339+0000][137.782s][info ][safepoint     ] Leaving safepoint region
[2023-11-16T05:36:37.339+0000][137.782s][info ][safepoint     ] Total time for which application threads were stopped: 0.0005962 seconds, Stopping threads took: 0.0002668 seconds
[2023-11-16T05:36:38.339+0000][138.782s][debug][safepoint     ] Safepoint synchronization initiated. (178 threads)
[2023-11-16T05:36:38.339+0000][138.782s][info ][safepoint     ] Application time: 1.0001667 seconds
[2023-11-16T05:36:38.339+0000][138.782s][info ][safepoint     ] Entering safepoint region: Cleanup
[2023-11-16T05:36:38.339+0000][138.782s][info ][safepoint     ] Leaving safepoint region
[2023-11-16T05:36:38.339+0000][138.782s][info ][safepoint     ] Total time for which application threads were stopped: 0.0003118 seconds, Stopping threads took: 0.0000502 seconds
[2023-11-16T05:36:39.339+0000][139.783s][debug][safepoint     ] Safepoint synchronization initiated. (178 threads)
[2023-11-16T05:36:39.339+0000][139.783s][info ][safepoint     ] Application time: 1.0001611 seconds
[2023-11-16T05:36:39.339+0000][139.783s][info ][safepoint     ] Entering safepoint region: Cleanup
[2023-11-16T05:36:39.340+0000][139.783s][info ][safepoint     ] Leaving safepoint region
[2023-11-16T05:36:39.340+0000][139.783s][info ][safepoint     ] Total time for which application threads were stopped: 0.0002739 seconds, Stopping threads took: 0.0000527 seconds
[2023-11-16T05:36:40.340+0000][140.783s][debug][safepoint     ] Safepoint synchronization initiated. (178 threads)
[2023-11-16T05:36:40.340+0000][140.783s][info ][safepoint     ] Application time: 1.0001614 seconds
[2023-11-16T05:36:40.340+0000][140.783s][info ][safepoint     ] Entering safepoint region: Cleanup
[2023-11-16T05:36:40.340+0000][140.783s][info ][safepoint     ] Leaving safepoint region
[2023-11-16T05:36:40.340+0000][140.783s][info ][safepoint     ] Total time for which application threads were stopped: 0.0002421 seconds, Stopping threads took: 0.0000527 seconds
[2023-11-16T05:36:41.340+0000][141.784s][debug][safepoint     ] Safepoint synchronization initiated. (178 threads)
[2023-11-16T05:36:41.340+0000][141.784s][info ][safepoint     ] Application time: 1.0001646 seconds
[2023-11-16T05:36:41.340+0000][141.784s][info ][safepoint     ] Entering safepoint region: Cleanup
[2023-11-16T05:36:41.340+0000][141.784s][info ][safepoint     ] Leaving safepoint region
[2023-11-16T05:36:41.341+0000][141.784s][info ][safepoint     ] Total time for which application threads were stopped: 0.0002443 seconds, Stopping threads took: 0.0000519 seconds
[2023-11-16T05:36:42.341+0000][142.784s][debug][safepoint     ] Safepoint synchronization initiated. (178 threads)
[2023-11-16T05:36:42.341+0000][142.784s][info ][safepoint     ] Application time: 1.0001647 seconds
[2023-11-16T05:36:42.341+0000][142.784s][info ][safepoint     ] Entering safepoint region: Cleanup
[2023-11-16T05:36:42.341+0000][142.784s][info ][safepoint     ] Leaving safepoint region
[2023-11-16T05:36:42.341+0000][142.784s][info ][safepoint     ] Total time for which application threads were stopped: 0.0002527 seconds, Stopping threads took: 0.0000529 seconds
[2023-11-16T05:36:43.341+0000][143.784s][debug][safepoint     ] Safepoint synchronization initiated. (178 threads)
[2023-11-16T05:36:43.341+0000][143.784s][info ][safepoint     ] Application time: 1.0001598 seconds
[2023-11-16T05:36:43.341+0000][143.785s][info ][safepoint     ] Entering safepoint region: Cleanup
[2023-11-16T05:36:43.341+0000][143.785s][info ][safepoint     ] Leaving safepoint region
[2023-11-16T05:36:43.341+0000][143.785s][info ][safepoint     ] Total time for which application threads were stopped: 0.0003031 seconds, Stopping threads took: 0.0000508 seconds
[2023-11-16T05:36:44.342+0000][144.785s][debug][safepoint     ] Safepoint synchronization initiated. (178 threads)
[2023-11-16T05:36:44.342+0000][144.785s][info ][safepoint     ] Application time: 1.0001909 seconds
[2023-11-16T05:36:44.342+0000][144.785s][info ][safepoint     ] Entering safepoint region: Cleanup
[2023-11-16T05:36:44.342+0000][144.785s][info ][safepoint     ] Leaving safepoint region
[2023-11-16T05:36:44.342+0000][144.785s][info ][safepoint     ] Total time for which application threads were stopped: 0.0003331 seconds, Stopping threads took: 0.0000505 seconds
[2023-11-16T05:36:45.342+0000][145.785s][debug][safepoint     ] Safepoint synchronization initiated. (178 threads)
[2023-11-16T05:36:45.342+0000][145.786s][info ][safepoint     ] Application time: 1.0001632 seconds
[2023-11-16T05:36:45.342+0000][145.786s][info ][safepoint     ] Entering safepoint region: Cleanup
[2023-11-16T05:36:45.343+0000][145.786s][info ][safepoint     ] Leaving safepoint region
[2023-11-16T05:36:45.343+0000][145.786s][info ][safepoint     ] Total time for which application threads were stopped: 0.0003319 seconds, Stopping threads took: 0.0000507 seconds
[2023-11-16T05:36:46.343+0000][146.786s][debug][safepoint     ] Safepoint synchronization initiated. (178 threads)
[2023-11-16T05:36:46.343+0000][146.786s][info ][safepoint     ] Application time: 1.0001767 seconds
[2023-11-16T05:36:46.343+0000][146.786s][info ][safepoint     ] Entering safepoint region: Cleanup
[2023-11-16T05:36:46.343+0000][146.786s][info ][safepoint     ] Leaving safepoint region
[2023-11-16T05:36:46.343+0000][146.786s][info ][safepoint     ] Total time for which application threads were stopped: 0.0002723 seconds, Stopping threads took: 0.0000515 seconds
[2023-11-16T05:36:47.343+0000][147.786s][debug][safepoint     ] Safepoint synchronization initiated. (178 threads)
[2023-11-16T05:36:47.343+0000][147.787s][info ][safepoint     ] Application time: 1.0001468 seconds
[2023-11-16T05:36:47.343+0000][147.787s][info ][safepoint     ] Entering safepoint region: Cleanup
[2023-11-16T05:36:47.343+0000][147.787s][info ][safepoint     ] Leaving safepoint region
[2023-11-16T05:36:47.344+0000][147.787s][info ][safepoint     ] Total time for which application threads were stopped: 0.0002694 seconds, Stopping threads took: 0.0000504 seconds
[2023-11-16T05:36:48.344+0000][148.787s][debug][safepoint     ] Safepoint synchronization initiated. (178 threads)
[2023-11-16T05:36:48.344+0000][148.787s][info ][safepoint     ] Application time: 1.0001448 seconds
[2023-11-16T05:36:48.344+0000][148.787s][info ][safepoint     ] Entering safepoint region: Cleanup
[2023-11-16T05:36:48.344+0000][148.787s][info ][safepoint     ] Leaving safepoint region
[2023-11-16T05:36:48.344+0000][148.787s][info ][safepoint     ] Total time for which application threads were stopped: 0.0003337 seconds, Stopping threads took: 0.0000495 seconds
[2023-11-16T05:36:49.344+0000][149.787s][debug][safepoint     ] Safepoint synchronization initiated. (178 threads)
[2023-11-16T05:36:49.344+0000][149.788s][info ][safepoint     ] Application time: 1.0001527 seconds
[2023-11-16T05:36:49.344+0000][149.788s][info ][safepoint     ] Entering safepoint region: Cleanup
[2023-11-16T05:36:49.345+0000][149.788s][info ][safepoint     ] Leaving safepoint region
[2023-11-16T05:36:49.345+0000][149.788s][info ][safepoint     ] Total time for which application threads were stopped: 0.0003277 seconds, Stopping threads took: 0.0000519 seconds
[2023-11-16T05:36:50.345+0000][150.788s][debug][safepoint     ] Safepoint synchronization initiated. (178 threads)
[2023-11-16T05:36:50.345+0000][150.788s][info ][safepoint     ] Application time: 1.0001515 seconds
[2023-11-16T05:36:50.345+0000][150.788s][info ][safepoint     ] Entering safepoint region: Cleanup
[2023-11-16T05:36:50.345+0000][150.788s][info ][safepoint     ] Leaving safepoint region
[2023-11-16T05:36:50.345+0000][150.788s][info ][safepoint     ] Total time for which application threads were stopped: 0.0003255 seconds, Stopping threads took: 0.0000502 seconds
[2023-11-16T05:36:51.345+0000][151.789s][debug][safepoint     ] Safepoint synchronization initiated. (178 threads)
[2023-11-16T05:36:51.345+0000][151.789s][info ][safepoint     ] Application time: 1.0001525 seconds
[2023-11-16T05:36:51.345+0000][151.789s][info ][safepoint     ] Entering safepoint region: Cleanup
[2023-11-16T05:36:51.346+0000][151.789s][info ][safepoint     ] Leaving safepoint region
[2023-11-16T05:36:51.346+0000][151.789s][info ][safepoint     ] Total time for which application threads were stopped: 0.0003227 seconds, Stopping threads took: 0.0000505 seconds
[2023-11-16T05:36:52.346+0000][152.789s][debug][safepoint     ] Safepoint synchronization initiated. (178 threads)
[2023-11-16T05:36:52.346+0000][152.789s][info ][safepoint     ] Application time: 1.0001729 seconds
[2023-11-16T05:36:52.346+0000][152.789s][info ][safepoint     ] Entering safepoint region: Cleanup
[2023-11-16T05:36:52.346+0000][152.789s][info ][safepoint     ] Leaving safepoint region
[2023-11-16T05:36:52.346+0000][152.789s][info ][safepoint     ] Total time for which application threads were stopped: 0.0002896 seconds, Stopping threads took: 0.0000498 seconds
[2023-11-16T05:36:53.346+0000][153.790s][debug][safepoint     ] Safepoint synchronization initiated. (178 threads)
[2023-11-16T05:36:53.346+0000][153.790s][info ][safepoint     ] Application time: 1.0001648 seconds
[2023-11-16T05:36:53.346+0000][153.790s][info ][safepoint     ] Entering safepoint region: Cleanup
[2023-11-16T05:36:53.347+0000][153.790s][info ][safepoint     ] Leaving safepoint region
[2023-11-16T05:36:53.347+0000][153.790s][info ][safepoint     ] Total time for which application threads were stopped: 0.0002795 seconds, Stopping threads took: 0.0000489 seconds
[2023-11-16T05:36:54.347+0000][154.790s][debug][safepoint     ] Safepoint synchronization initiated. (178 threads)
[2023-11-16T05:36:54.347+0000][154.790s][info ][safepoint     ] Application time: 1.0001455 seconds
[2023-11-16T05:36:54.347+0000][154.790s][info ][safepoint     ] Entering safepoint region: Cleanup
[2023-11-16T05:36:54.347+0000][154.790s][info ][safepoint     ] Leaving safepoint region
[2023-11-16T05:36:54.347+0000][154.790s][info ][safepoint     ] Total time for which application threads were stopped: 0.0002117 seconds, Stopping threads took: 0.0000361 seconds
[2023-11-16T05:36:55.347+0000][155.790s][debug][safepoint     ] Safepoint synchronization initiated. (178 threads)
[2023-11-16T05:36:55.347+0000][155.790s][info ][safepoint     ] Application time: 1.0001592 seconds
[2023-11-16T05:36:55.347+0000][155.791s][info ][safepoint     ] Entering safepoint region: Cleanup
[2023-11-16T05:36:55.347+0000][155.791s][info ][safepoint     ] Leaving safepoint region
[2023-11-16T05:36:55.347+0000][155.791s][info ][safepoint     ] Total time for which application threads were stopped: 0.0003212 seconds, Stopping threads took: 0.0000515 seconds
[2023-11-16T05:36:56.348+0000][156.791s][debug][safepoint     ] Safepoint synchronization initiated. (178 threads)
[2023-11-16T05:36:56.348+0000][156.791s][info ][safepoint     ] Application time: 1.0001462 seconds
[2023-11-16T05:36:56.348+0000][156.791s][info ][safepoint     ] Entering safepoint region: Cleanup
[2023-11-16T05:36:56.348+0000][156.791s][info ][safepoint     ] Leaving safepoint region
[2023-11-16T05:36:56.348+0000][156.791s][info ][safepoint     ] Total time for which application threads were stopped: 0.0003328 seconds, Stopping threads took: 0.0000534 seconds
[2023-11-16T05:36:57.348+0000][157.791s][debug][safepoint     ] Safepoint synchronization initiated. (178 threads)
[2023-11-16T05:36:57.348+0000][157.792s][info ][safepoint     ] Application time: 1.0001660 seconds
[2023-11-16T05:36:57.348+0000][157.792s][info ][safepoint     ] Entering safepoint region: Cleanup
[2023-11-16T05:36:57.349+0000][157.792s][info ][safepoint     ] Leaving safepoint region
[2023-11-16T05:36:57.349+0000][157.792s][info ][safepoint     ] Total time for which application threads were stopped: 0.0003282 seconds, Stopping threads took: 0.0000510 seconds
[2023-11-16T05:36:58.349+0000][158.792s][debug][safepoint     ] Safepoint synchronization initiated. (178 threads)
[2023-11-16T05:36:58.349+0000][158.792s][info ][safepoint     ] Application time: 1.0001514 seconds
[2023-11-16T05:36:58.349+0000][158.792s][info ][safepoint     ] Entering safepoint region: Cleanup
[2023-11-16T05:36:58.349+0000][158.792s][info ][safepoint     ] Leaving safepoint region
[2023-11-16T05:36:58.349+0000][158.792s][info ][safepoint     ] Total time for which application threads were stopped: 0.0003241 seconds, Stopping threads took: 0.0000478 seconds
[2023-11-16T05:36:59.349+0000][159.792s][debug][safepoint     ] Safepoint synchronization initiated. (175 threads)
[2023-11-16T05:36:59.349+0000][159.793s][info ][safepoint     ] Application time: 1.0001706 seconds
[2023-11-16T05:36:59.349+0000][159.793s][info ][safepoint     ] Entering safepoint region: Cleanup
[2023-11-16T05:36:59.350+0000][159.793s][info ][safepoint     ] Leaving safepoint region
[2023-11-16T05:36:59.350+0000][159.793s][info ][safepoint     ] Total time for which application threads were stopped: 0.0002524 seconds, Stopping threads took: 0.0000493 seconds
[2023-11-16T05:37:00.350+0000][160.793s][debug][safepoint     ] Safepoint synchronization initiated. (175 threads)
[2023-11-16T05:37:00.350+0000][160.793s][info ][safepoint     ] Application time: 1.0001497 seconds
[2023-11-16T05:37:00.350+0000][160.793s][info ][safepoint     ] Entering safepoint region: Cleanup
[2023-11-16T05:37:00.350+0000][160.793s][info ][safepoint     ] Leaving safepoint region
[2023-11-16T05:37:00.350+0000][160.793s][info ][safepoint     ] Total time for which application threads were stopped: 0.0002638 seconds, Stopping threads took: 0.0000513 seconds
[2023-11-16T05:37:01.350+0000][161.793s][debug][safepoint     ] Safepoint synchronization initiated. (175 threads)
[2023-11-16T05:37:01.350+0000][161.793s][info ][safepoint     ] Application time: 1.0001675 seconds
[2023-11-16T05:37:01.350+0000][161.794s][info ][safepoint     ] Entering safepoint region: Cleanup
[2023-11-16T05:37:01.350+0000][161.794s][info ][safepoint     ] Leaving safepoint region
[2023-11-16T05:37:01.351+0000][161.794s][info ][safepoint     ] Total time for which application threads were stopped: 0.0003396 seconds, Stopping threads took: 0.0000561 seconds
[2023-11-16T05:37:02.351+0000][162.794s][debug][safepoint     ] Safepoint synchronization initiated. (175 threads)
[2023-11-16T05:37:02.351+0000][162.794s][info ][safepoint     ] Application time: 1.0001127 seconds
[2023-11-16T05:37:02.351+0000][162.794s][info ][safepoint     ] Entering safepoint region: Cleanup
[2023-11-16T05:37:02.351+0000][162.794s][info ][safepoint     ] Leaving safepoint region
[2023-11-16T05:37:02.351+0000][162.794s][info ][safepoint     ] Total time for which application threads were stopped: 0.0002966 seconds, Stopping threads took: 0.0000385 seconds
[2023-11-16T05:37:03.351+0000][163.794s][debug][safepoint     ] Safepoint synchronization initiated. (175 threads)
[2023-11-16T05:37:03.351+0000][163.794s][info ][safepoint     ] Application time: 1.0001666 seconds
[2023-11-16T05:37:03.351+0000][163.795s][info ][safepoint     ] Entering safepoint region: Cleanup
[2023-11-16T05:37:03.351+0000][163.795s][info ][safepoint     ] Leaving safepoint region
[2023-11-16T05:37:03.351+0000][163.795s][info ][safepoint     ] Total time for which application threads were stopped: 0.0003143 seconds, Stopping threads took: 0.0000499 seconds
[2023-11-16T05:37:04.352+0000][164.795s][debug][safepoint     ] Safepoint synchronization initiated. (175 threads)
[2023-11-16T05:37:04.352+0000][164.795s][info ][safepoint     ] Application time: 1.0001448 seconds
[2023-11-16T05:37:04.352+0000][164.795s][info ][safepoint     ] Entering safepoint region: Cleanup
[2023-11-16T05:37:04.352+0000][164.795s][info ][safepoint     ] Leaving safepoint region
[2023-11-16T05:37:04.352+0000][164.795s][info ][safepoint     ] Total time for which application threads were stopped: 0.0002582 seconds, Stopping threads took: 0.0000501 seconds
[2023-11-16T05:37:05.352+0000][165.795s][debug][safepoint     ] Safepoint synchronization initiated. (175 threads)
[2023-11-16T05:37:05.352+0000][165.795s][info ][safepoint     ] Application time: 1.0001449 seconds
[2023-11-16T05:37:05.352+0000][165.795s][info ][safepoint     ] Entering safepoint region: Cleanup
[2023-11-16T05:37:05.352+0000][165.796s][info ][safepoint     ] Leaving safepoint region
[2023-11-16T05:37:05.352+0000][165.796s][info ][safepoint     ] Total time for which application threads were stopped: 0.0003299 seconds, Stopping threads took: 0.0000527 seconds
[2023-11-16T05:37:06.353+0000][166.796s][debug][safepoint     ] Safepoint synchronization initiated. (175 threads)
[2023-11-16T05:37:06.353+0000][166.796s][info ][safepoint     ] Application time: 1.0001784 seconds
[2023-11-16T05:37:06.353+0000][166.796s][info ][safepoint     ] Entering safepoint region: Cleanup
[2023-11-16T05:37:06.353+0000][166.796s][info ][safepoint     ] Leaving safepoint region
[2023-11-16T05:37:06.353+0000][166.796s][info ][safepoint     ] Total time for which application threads were stopped: 0.0003270 seconds, Stopping threads took: 0.0000509 seconds
[2023-11-16T05:37:07.353+0000][167.796s][debug][safepoint     ] Safepoint synchronization initiated. (175 threads)
[2023-11-16T05:37:07.353+0000][167.796s][info ][safepoint     ] Application time: 1.0001641 seconds
[2023-11-16T05:37:07.353+0000][167.797s][info ][safepoint     ] Entering safepoint region: Cleanup
[2023-11-16T05:37:07.353+0000][167.797s][info ][safepoint     ] Leaving safepoint region
[2023-11-16T05:37:07.353+0000][167.797s][info ][safepoint     ] Total time for which application threads were stopped: 0.0003281 seconds, Stopping threads took: 0.0000522 seconds
[2023-11-16T05:37:08.354+0000][168.797s][debug][safepoint     ] Safepoint synchronization initiated. (175 threads)
[2023-11-16T05:37:08.354+0000][168.797s][info ][safepoint     ] Application time: 1.0001540 seconds
[2023-11-16T05:37:08.354+0000][168.797s][info ][safepoint     ] Entering safepoint region: Cleanup
[2023-11-16T05:37:08.354+0000][168.797s][info ][safepoint     ] Leaving safepoint region
[2023-11-16T05:37:08.354+0000][168.797s][info ][safepoint     ] Total time for which application threads were stopped: 0.0003234 seconds, Stopping threads took: 0.0000495 seconds
[2023-11-16T05:37:09.354+0000][169.797s][debug][safepoint     ] Safepoint synchronization initiated. (175 threads)
[2023-11-16T05:37:09.354+0000][169.798s][info ][safepoint     ] Application time: 1.0001697 seconds
[2023-11-16T05:37:09.354+0000][169.798s][info ][safepoint     ] Entering safepoint region: Cleanup
[2023-11-16T05:37:09.354+0000][169.798s][info ][safepoint     ] Leaving safepoint region
[2023-11-16T05:37:09.355+0000][169.798s][info ][safepoint     ] Total time for which application threads were stopped: 0.0003244 seconds, Stopping threads took: 0.0000502 seconds
[2023-11-16T05:37:10.355+0000][170.798s][debug][safepoint     ] Safepoint synchronization initiated. (175 threads)
[2023-11-16T05:37:10.355+0000][170.798s][info ][safepoint     ] Application time: 1.0001533 seconds
[2023-11-16T05:37:10.355+0000][170.798s][info ][safepoint     ] Entering safepoint region: Cleanup
[2023-11-16T05:37:10.355+0000][170.798s][info ][safepoint     ] Leaving safepoint region
[2023-11-16T05:37:10.355+0000][170.798s][info ][safepoint     ] Total time for which application threads were stopped: 0.0003492 seconds, Stopping threads took: 0.0000733 seconds
[2023-11-16T05:37:11.355+0000][171.799s][debug][safepoint     ] Safepoint synchronization initiated. (175 threads)
[2023-11-16T05:37:11.355+0000][171.799s][info ][safepoint     ] Application time: 1.0001506 seconds
[2023-11-16T05:37:11.355+0000][171.799s][info ][safepoint     ] Entering safepoint region: Cleanup
[2023-11-16T05:37:11.356+0000][171.799s][info ][safepoint     ] Leaving safepoint region
[2023-11-16T05:37:11.356+0000][171.799s][info ][safepoint     ] Total time for which application threads were stopped: 0.0002961 seconds, Stopping threads took: 0.0000505 seconds
[2023-11-16T05:37:12.356+0000][172.799s][debug][safepoint     ] Safepoint synchronization initiated. (175 threads)
[2023-11-16T05:37:12.356+0000][172.799s][info ][safepoint     ] Application time: 1.0001364 seconds
[2023-11-16T05:37:12.356+0000][172.799s][info ][safepoint     ] Entering safepoint region: Cleanup
[2023-11-16T05:37:12.356+0000][172.799s][info ][safepoint     ] Leaving safepoint region
[2023-11-16T05:37:12.356+0000][172.799s][info ][safepoint     ] Total time for which application threads were stopped: 0.0002349 seconds, Stopping threads took: 0.0000497 seconds
[2023-11-16T05:37:13.356+0000][173.799s][debug][safepoint     ] Safepoint synchronization initiated. (175 threads)
[2023-11-16T05:37:13.356+0000][173.799s][info ][safepoint     ] Application time: 1.0001784 seconds
[2023-11-16T05:37:13.356+0000][173.800s][info ][safepoint     ] Entering safepoint region: Cleanup
[2023-11-16T05:37:13.356+0000][173.800s][info ][safepoint     ] Leaving safepoint region
[2023-11-16T05:37:13.356+0000][173.800s][info ][safepoint     ] Total time for which application threads were stopped: 0.0002508 seconds, Stopping threads took: 0.0000539 seconds
[2023-11-16T05:37:14.357+0000][174.800s][debug][safepoint     ] Safepoint synchronization initiated. (175 threads)
[2023-11-16T05:37:14.357+0000][174.800s][info ][safepoint     ] Application time: 1.0001603 seconds
[2023-11-16T05:37:14.357+0000][174.800s][info ][safepoint     ] Entering safepoint region: Cleanup
[2023-11-16T05:37:14.357+0000][174.800s][info ][safepoint     ] Leaving safepoint region
[2023-11-16T05:37:14.357+0000][174.800s][info ][safepoint     ] Total time for which application threads were stopped: 0.0003322 seconds, Stopping threads took: 0.0000509 seconds
[2023-11-16T05:37:15.357+0000][175.800s][debug][safepoint     ] Safepoint synchronization initiated. (175 threads)
[2023-11-16T05:37:15.357+0000][175.800s][info ][safepoint     ] Application time: 1.0001681 seconds
[2023-11-16T05:37:15.357+0000][175.801s][info ][safepoint     ] Entering safepoint region: Cleanup
[2023-11-16T05:37:15.357+0000][175.801s][info ][safepoint     ] Leaving safepoint region
[2023-11-16T05:37:15.357+0000][175.801s][info ][safepoint     ] Total time for which application threads were stopped: 0.0003246 seconds, Stopping threads took: 0.0000501 seconds
[2023-11-16T05:37:16.358+0000][176.801s][debug][safepoint     ] Safepoint synchronization initiated. (175 threads)
[2023-11-16T05:37:16.358+0000][176.801s][info ][safepoint     ] Application time: 1.0001684 seconds
[2023-11-16T05:37:16.358+0000][176.801s][info ][safepoint     ] Entering safepoint region: Cleanup
[2023-11-16T05:37:16.358+0000][176.801s][info ][safepoint     ] Leaving safepoint region
[2023-11-16T05:37:16.358+0000][176.801s][info ][safepoint     ] Total time for which application threads were stopped: 0.0003278 seconds, Stopping threads took: 0.0000504 seconds
[2023-11-16T05:37:17.358+0000][177.801s][debug][safepoint     ] Safepoint synchronization initiated. (175 threads)
[2023-11-16T05:37:17.358+0000][177.802s][info ][safepoint     ] Application time: 1.0001660 seconds
[2023-11-16T05:37:17.358+0000][177.802s][info ][safepoint     ] Entering safepoint region: Cleanup
[2023-11-16T05:37:17.359+0000][177.802s][info ][safepoint     ] Leaving safepoint region
[2023-11-16T05:37:17.359+0000][177.802s][info ][safepoint     ] Total time for which application threads were stopped: 0.0003486 seconds, Stopping threads took: 0.0000745 seconds
[2023-11-16T05:37:18.359+0000][178.802s][debug][safepoint     ] Safepoint synchronization initiated. (175 threads)
[2023-11-16T05:37:18.359+0000][178.802s][info ][safepoint     ] Application time: 1.0001808 seconds
[2023-11-16T05:37:18.359+0000][178.802s][info ][safepoint     ] Entering safepoint region: Cleanup
[2023-11-16T05:37:18.359+0000][178.803s][info ][safepoint     ] Leaving safepoint region
[2023-11-16T05:37:18.359+0000][178.803s][info ][safepoint     ] Total time for which application threads were stopped: 0.0005845 seconds, Stopping threads took: 0.0003014 seconds
[2023-11-16T05:37:19.359+0000][179.803s][debug][safepoint     ] Safepoint synchronization initiated. (175 threads)
[2023-11-16T05:37:19.360+0000][179.803s][info ][safepoint     ] Application time: 1.0001746 seconds
[2023-11-16T05:37:19.360+0000][179.803s][info ][safepoint     ] Entering safepoint region: Cleanup
[2023-11-16T05:37:19.360+0000][179.803s][info ][safepoint     ] Leaving safepoint region
[2023-11-16T05:37:19.360+0000][179.803s][info ][safepoint     ] Total time for which application threads were stopped: 0.0003268 seconds, Stopping threads took: 0.0000512 seconds
[2023-11-16T05:37:20.360+0000][180.803s][debug][safepoint     ] Safepoint synchronization initiated. (175 threads)
[2023-11-16T05:37:20.360+0000][180.803s][info ][safepoint     ] Application time: 1.0001572 seconds
[2023-11-16T05:37:20.360+0000][180.803s][info ][safepoint     ] Entering safepoint region: Cleanup
[2023-11-16T05:37:20.360+0000][180.804s][info ][safepoint     ] Leaving safepoint region
[2023-11-16T05:37:20.360+0000][180.804s][info ][safepoint     ] Total time for which application threads were stopped: 0.0003311 seconds, Stopping threads took: 0.0000507 seconds
[2023-11-16T05:37:21.361+0000][181.804s][debug][safepoint     ] Safepoint synchronization initiated. (175 threads)
[2023-11-16T05:37:21.361+0000][181.804s][info ][safepoint     ] Application time: 1.0001549 seconds
[2023-11-16T05:37:21.361+0000][181.804s][info ][safepoint     ] Entering safepoint region: Cleanup
[2023-11-16T05:37:21.361+0000][181.804s][info ][safepoint     ] Leaving safepoint region
[2023-11-16T05:37:21.361+0000][181.804s][info ][safepoint     ] Total time for which application threads were stopped: 0.0003258 seconds, Stopping threads took: 0.0000506 seconds
[2023-11-16T05:37:22.361+0000][182.804s][debug][safepoint     ] Safepoint synchronization initiated. (175 threads)
[2023-11-16T05:37:22.361+0000][182.804s][info ][safepoint     ] Application time: 1.0001637 seconds
[2023-11-16T05:37:22.361+0000][182.804s][info ][safepoint     ] Entering safepoint region: Cleanup
[2023-11-16T05:37:22.361+0000][182.805s][info ][safepoint     ] Leaving safepoint region
[2023-11-16T05:37:22.361+0000][182.805s][info ][safepoint     ] Total time for which application threads were stopped: 0.0003250 seconds, Stopping threads took: 0.0000501 seconds
[2023-11-16T05:37:23.362+0000][183.805s][debug][safepoint     ] Safepoint synchronization initiated. (175 threads)
[2023-11-16T05:37:23.362+0000][183.805s][info ][safepoint     ] Application time: 1.0001686 seconds
[2023-11-16T05:37:23.362+0000][183.805s][info ][safepoint     ] Entering safepoint region: Cleanup
[2023-11-16T05:37:23.362+0000][183.805s][info ][safepoint     ] Leaving safepoint region
[2023-11-16T05:37:23.362+0000][183.805s][info ][safepoint     ] Total time for which application threads were stopped: 0.0002365 seconds, Stopping threads took: 0.0000494 seconds
[2023-11-16T05:37:24.362+0000][184.805s][debug][safepoint     ] Safepoint synchronization initiated. (175 threads)
[2023-11-16T05:37:24.362+0000][184.805s][info ][safepoint     ] Application time: 1.0001638 seconds
[2023-11-16T05:37:24.362+0000][184.805s][info ][safepoint     ] Entering safepoint region: Cleanup
[2023-11-16T05:37:24.362+0000][184.806s][info ][safepoint     ] Leaving safepoint region
[2023-11-16T05:37:24.362+0000][184.806s][info ][safepoint     ] Total time for which application threads were stopped: 0.0002767 seconds, Stopping threads took: 0.0000757 seconds
[2023-11-16T05:37:25.362+0000][185.806s][debug][safepoint     ] Safepoint synchronization initiated. (175 threads)
[2023-11-16T05:37:25.363+0000][185.806s][info ][safepoint     ] Application time: 1.0001929 seconds
[2023-11-16T05:37:25.363+0000][185.806s][debug][safepoint     ] ... found polling page return exception at pc = 0x00007fde84a2c980, stub =0x00007fde7c83a800
[2023-11-16T05:37:25.363+0000][185.806s][debug][safepoint     ] ... found polling page return exception at pc = 0x00007fde845d0bf5, stub =0x00007fde7c83a800
[2023-11-16T05:37:25.363+0000][185.806s][debug][safepoint     ] Waiting for 3 thread(s) to block
[2023-11-16T05:37:25.363+0000][185.806s][info ][safepoint     ] Entering safepoint region: Cleanup
[2023-11-16T05:37:25.363+0000][185.807s][info ][safepoint     ] Leaving safepoint region
[2023-11-16T05:37:25.363+0000][185.807s][info ][safepoint     ] Total time for which application threads were stopped: 0.0006297 seconds, Stopping threads took: 0.0003502 seconds
[2023-11-16T05:37:26.363+0000][186.807s][debug][safepoint     ] Safepoint synchronization initiated. (175 threads)
[2023-11-16T05:37:26.363+0000][186.807s][info ][safepoint     ] Application time: 1.0001718 seconds
[2023-11-16T05:37:26.363+0000][186.807s][info ][safepoint     ] Entering safepoint region: Cleanup
[2023-11-16T05:37:26.364+0000][186.807s][info ][safepoint     ] Leaving safepoint region
[2023-11-16T05:37:26.364+0000][186.807s][info ][safepoint     ] Total time for which application threads were stopped: 0.0002722 seconds, Stopping threads took: 0.0000715 seconds
[2023-11-16T05:37:27.364+0000][187.807s][debug][safepoint     ] Safepoint synchronization initiated. (175 threads)
[2023-11-16T05:37:27.364+0000][187.807s][info ][safepoint     ] Application time: 1.0001518 seconds
[2023-11-16T05:37:27.364+0000][187.807s][info ][safepoint     ] Entering safepoint region: Cleanup
[2023-11-16T05:37:27.364+0000][187.808s][info ][safepoint     ] Leaving safepoint region
[2023-11-16T05:37:27.364+0000][187.808s][info ][safepoint     ] Total time for which application threads were stopped: 0.0003321 seconds, Stopping threads took: 0.0000519 seconds
[2023-11-16T05:37:28.364+0000][188.808s][debug][safepoint     ] Safepoint synchronization initiated. (175 threads)
[2023-11-16T05:37:28.364+0000][188.808s][info ][safepoint     ] Application time: 1.0001557 seconds
[2023-11-16T05:37:28.364+0000][188.808s][info ][safepoint     ] Entering safepoint region: Cleanup
[2023-11-16T05:37:28.365+0000][188.808s][info ][safepoint     ] Leaving safepoint region
[2023-11-16T05:37:28.365+0000][188.808s][info ][safepoint     ] Total time for which application threads were stopped: 0.0003153 seconds, Stopping threads took: 0.0000499 seconds
[2023-11-16T05:37:29.365+0000][189.808s][debug][safepoint     ] Safepoint synchronization initiated. (175 threads)
[2023-11-16T05:37:29.365+0000][189.808s][info ][safepoint     ] Application time: 1.0001573 seconds
[2023-11-16T05:37:29.365+0000][189.808s][info ][safepoint     ] Entering safepoint region: Cleanup
[2023-11-16T05:37:29.365+0000][189.809s][info ][safepoint     ] Leaving safepoint region
[2023-11-16T05:37:29.365+0000][189.809s][info ][safepoint     ] Total time for which application threads were stopped: 0.0003304 seconds, Stopping threads took: 0.0000512 seconds
[2023-11-16T05:37:30.365+0000][190.809s][debug][safepoint     ] Safepoint synchronization initiated. (175 threads)
[2023-11-16T05:37:30.365+0000][190.809s][info ][safepoint     ] Application time: 1.0001726 seconds
[2023-11-16T05:37:30.366+0000][190.809s][info ][safepoint     ] Entering safepoint region: Cleanup
[2023-11-16T05:37:30.366+0000][190.809s][info ][safepoint     ] Leaving safepoint region
[2023-11-16T05:37:30.366+0000][190.809s][info ][safepoint     ] Total time for which application threads were stopped: 0.0002469 seconds, Stopping threads took: 0.0000520 seconds
[2023-11-16T05:37:31.366+0000][191.809s][debug][safepoint     ] Safepoint synchronization initiated. (175 threads)
[2023-11-16T05:37:31.366+0000][191.809s][info ][safepoint     ] Application time: 1.0001718 seconds
[2023-11-16T05:37:31.366+0000][191.809s][info ][safepoint     ] Entering safepoint region: Cleanup
[2023-11-16T05:37:31.366+0000][191.810s][info ][safepoint     ] Leaving safepoint region
[2023-11-16T05:37:31.366+0000][191.810s][info ][safepoint     ] Total time for which application threads were stopped: 0.0003334 seconds, Stopping threads took: 0.0000521 seconds
[2023-11-16T05:37:32.366+0000][192.810s][debug][safepoint     ] Safepoint synchronization initiated. (175 threads)
[2023-11-16T05:37:32.366+0000][192.810s][info ][safepoint     ] Application time: 1.0001770 seconds
[2023-11-16T05:37:32.367+0000][192.810s][info ][safepoint     ] Entering safepoint region: Cleanup
[2023-11-16T05:37:32.367+0000][192.810s][info ][safepoint     ] Leaving safepoint region
[2023-11-16T05:37:32.367+0000][192.810s][info ][safepoint     ] Total time for which application threads were stopped: 0.0003392 seconds, Stopping threads took: 0.0000540 seconds
[2023-11-16T05:37:33.367+0000][193.810s][debug][safepoint     ] Safepoint synchronization initiated. (175 threads)
[2023-11-16T05:37:33.367+0000][193.810s][info ][safepoint     ] Application time: 1.0001578 seconds
[2023-11-16T05:37:33.367+0000][193.810s][info ][safepoint     ] Entering safepoint region: Cleanup
[2023-11-16T05:37:33.367+0000][193.811s][info ][safepoint     ] Leaving safepoint region
[2023-11-16T05:37:33.367+0000][193.811s][info ][safepoint     ] Total time for which application threads were stopped: 0.0003315 seconds, Stopping threads took: 0.0000514 seconds
[2023-11-16T05:37:34.368+0000][194.811s][debug][safepoint     ] Safepoint synchronization initiated. (175 threads)
[2023-11-16T05:37:34.368+0000][194.811s][info ][safepoint     ] Application time: 1.0001894 seconds
[2023-11-16T05:37:34.368+0000][194.811s][info ][safepoint     ] Entering safepoint region: Cleanup
[2023-11-16T05:37:34.368+0000][194.811s][info ][safepoint     ] Leaving safepoint region
[2023-11-16T05:37:34.368+0000][194.811s][info ][safepoint     ] Total time for which application threads were stopped: 0.0003393 seconds, Stopping threads took: 0.0000515 seconds
[2023-11-16T05:37:35.368+0000][195.811s][debug][safepoint     ] Safepoint synchronization initiated. (175 threads)
[2023-11-16T05:37:35.368+0000][195.811s][info ][safepoint     ] Application time: 1.0001532 seconds
[2023-11-16T05:37:35.368+0000][195.811s][info ][safepoint     ] Entering safepoint region: Cleanup
[2023-11-16T05:37:35.368+0000][195.812s][info ][safepoint     ] Leaving safepoint region
[2023-11-16T05:37:35.368+0000][195.812s][info ][safepoint     ] Total time for which application threads were stopped: 0.0003341 seconds, Stopping threads took: 0.0000506 seconds
[2023-11-16T05:37:36.369+0000][196.812s][debug][safepoint     ] Safepoint synchronization initiated. (175 threads)
[2023-11-16T05:37:36.369+0000][196.812s][info ][safepoint     ] Application time: 1.0001613 seconds
[2023-11-16T05:37:36.369+0000][196.812s][info ][safepoint     ] Entering safepoint region: Cleanup
[2023-11-16T05:37:36.369+0000][196.812s][info ][safepoint     ] Leaving safepoint region
[2023-11-16T05:37:36.369+0000][196.812s][info ][safepoint     ] Total time for which application threads were stopped: 0.0002741 seconds, Stopping threads took: 0.0000402 seconds
[2023-11-16T05:37:37.369+0000][197.812s][debug][safepoint     ] Safepoint synchronization initiated. (175 threads)
[2023-11-16T05:37:37.369+0000][197.812s][info ][safepoint     ] Application time: 1.0001635 seconds
[2023-11-16T05:37:37.369+0000][197.812s][info ][safepoint     ] Entering safepoint region: Cleanup
[2023-11-16T05:37:37.369+0000][197.813s][info ][safepoint     ] Leaving safepoint region
[2023-11-16T05:37:37.369+0000][197.813s][info ][safepoint     ] Total time for which application threads were stopped: 0.0002551 seconds, Stopping threads took: 0.0000510 seconds
[2023-11-16T05:37:38.369+0000][198.813s][debug][safepoint     ] Safepoint synchronization initiated. (174 threads)
[2023-11-16T05:37:38.370+0000][198.813s][info ][safepoint     ] Application time: 1.0001486 seconds
[2023-11-16T05:37:38.370+0000][198.813s][info ][safepoint     ] Entering safepoint region: Cleanup
[2023-11-16T05:37:38.370+0000][198.813s][info ][safepoint     ] Leaving safepoint region
[2023-11-16T05:37:38.370+0000][198.813s][info ][safepoint     ] Total time for which application threads were stopped: 0.0003186 seconds, Stopping threads took: 0.0000483 seconds
[2023-11-16T05:37:39.370+0000][199.813s][debug][safepoint     ] Safepoint synchronization initiated. (174 threads)
[2023-11-16T05:37:39.370+0000][199.813s][info ][safepoint     ] Application time: 1.0001721 seconds
[2023-11-16T05:37:39.370+0000][199.813s][info ][safepoint     ] Entering safepoint region: Cleanup
[2023-11-16T05:37:39.370+0000][199.814s][info ][safepoint     ] Leaving safepoint region
[2023-11-16T05:37:39.370+0000][199.814s][info ][safepoint     ] Total time for which application threads were stopped: 0.0003235 seconds, Stopping threads took: 0.0000506 seconds
[2023-11-16T05:37:40.371+0000][200.814s][debug][safepoint     ] Safepoint synchronization initiated. (174 threads)
[2023-11-16T05:37:40.371+0000][200.814s][info ][safepoint     ] Application time: 1.0001789 seconds
[2023-11-16T05:37:40.371+0000][200.814s][info ][safepoint     ] Entering safepoint region: Cleanup
[2023-11-16T05:37:40.371+0000][200.814s][info ][safepoint     ] Leaving safepoint region
[2023-11-16T05:37:40.371+0000][200.814s][info ][safepoint     ] Total time for which application threads were stopped: 0.0003487 seconds, Stopping threads took: 0.0000509 seconds
[2023-11-16T05:37:41.371+0000][201.814s][debug][safepoint     ] Safepoint synchronization initiated. (174 threads)
[2023-11-16T05:37:41.371+0000][201.814s][info ][safepoint     ] Application time: 1.0001601 seconds
[2023-11-16T05:37:41.371+0000][201.815s][info ][safepoint     ] Entering safepoint region: Cleanup
[2023-11-16T05:37:41.371+0000][201.815s][info ][safepoint     ] Leaving safepoint region
[2023-11-16T05:37:41.372+0000][201.815s][info ][safepoint     ] Total time for which application threads were stopped: 0.0003539 seconds, Stopping threads took: 0.0000504 seconds
[2023-11-16T05:37:42.372+0000][202.815s][debug][safepoint     ] Safepoint synchronization initiated. (174 threads)
[2023-11-16T05:37:42.372+0000][202.815s][info ][safepoint     ] Application time: 1.0001481 seconds
[2023-11-16T05:37:42.372+0000][202.815s][info ][safepoint     ] Entering safepoint region: Cleanup
[2023-11-16T05:37:42.372+0000][202.815s][info ][safepoint     ] Leaving safepoint region
[2023-11-16T05:37:42.372+0000][202.815s][info ][safepoint     ] Total time for which application threads were stopped: 0.0003295 seconds, Stopping threads took: 0.0000508 seconds
[2023-11-16T05:37:43.372+0000][203.815s][debug][safepoint     ] Safepoint synchronization initiated. (174 threads)
[2023-11-16T05:37:43.372+0000][203.816s][info ][safepoint     ] Application time: 1.0001442 seconds
[2023-11-16T05:37:43.372+0000][203.816s][info ][safepoint     ] Entering safepoint region: Cleanup
[2023-11-16T05:37:43.372+0000][203.816s][info ][safepoint     ] Leaving safepoint region
[2023-11-16T05:37:43.372+0000][203.816s][info ][safepoint     ] Total time for which application threads were stopped: 0.0002446 seconds, Stopping threads took: 0.0000510 seconds
[2023-11-16T05:37:44.373+0000][204.816s][debug][safepoint     ] Safepoint synchronization initiated. (174 threads)
[2023-11-16T05:37:44.373+0000][204.816s][info ][safepoint     ] Application time: 1.0001660 seconds
[2023-11-16T05:37:44.373+0000][204.816s][info ][safepoint     ] Entering safepoint region: Cleanup
[2023-11-16T05:37:44.373+0000][204.816s][info ][safepoint     ] Leaving safepoint region
[2023-11-16T05:37:44.373+0000][204.816s][info ][safepoint     ] Total time for which application threads were stopped: 0.0002351 seconds, Stopping threads took: 0.0000491 seconds
[2023-11-16T05:37:45.373+0000][205.816s][debug][safepoint     ] Safepoint synchronization initiated. (174 threads)
[2023-11-16T05:37:45.373+0000][205.816s][info ][safepoint     ] Application time: 1.0001753 seconds
[2023-11-16T05:37:45.373+0000][205.816s][info ][safepoint     ] Entering safepoint region: Cleanup
[2023-11-16T05:37:45.373+0000][205.817s][info ][safepoint     ] Leaving safepoint region
[2023-11-16T05:37:45.373+0000][205.817s][info ][safepoint     ] Total time for which application threads were stopped: 0.0002778 seconds, Stopping threads took: 0.0000497 seconds
[2023-11-16T05:37:46.374+0000][206.817s][debug][safepoint     ] Safepoint synchronization initiated. (174 threads)
[2023-11-16T05:37:46.374+0000][206.817s][info ][safepoint     ] Application time: 1.0001830 seconds
[2023-11-16T05:37:46.374+0000][206.817s][info ][safepoint     ] Entering safepoint region: Cleanup
[2023-11-16T05:37:46.374+0000][206.817s][info ][safepoint     ] Leaving safepoint region
[2023-11-16T05:37:46.374+0000][206.817s][info ][safepoint     ] Total time for which application threads were stopped: 0.0003341 seconds, Stopping threads took: 0.0000524 seconds
[2023-11-16T05:37:47.374+0000][207.817s][debug][safepoint     ] Safepoint synchronization initiated. (174 threads)
[2023-11-16T05:37:47.374+0000][207.817s][info ][safepoint     ] Application time: 1.0001784 seconds
[2023-11-16T05:37:47.374+0000][207.818s][info ][safepoint     ] Entering safepoint region: Cleanup
[2023-11-16T05:37:47.374+0000][207.818s][info ][safepoint     ] Leaving safepoint region
[2023-11-16T05:37:47.375+0000][207.818s][info ][safepoint     ] Total time for which application threads were stopped: 0.0003328 seconds, Stopping threads took: 0.0000541 seconds
[2023-11-16T05:37:48.375+0000][208.818s][debug][safepoint     ] Safepoint synchronization initiated. (174 threads)
[2023-11-16T05:37:48.375+0000][208.818s][info ][safepoint     ] Application time: 1.0001735 seconds
[2023-11-16T05:37:48.375+0000][208.818s][info ][safepoint     ] Entering safepoint region: Cleanup
[2023-11-16T05:37:48.375+0000][208.818s][info ][safepoint     ] Leaving safepoint region
[2023-11-16T05:37:48.375+0000][208.818s][info ][safepoint     ] Total time for which application threads were stopped: 0.0003298 seconds, Stopping threads took: 0.0000499 seconds
[2023-11-16T05:37:49.375+0000][209.818s][debug][safepoint     ] Safepoint synchronization initiated. (174 threads)
[2023-11-16T05:37:49.375+0000][209.819s][info ][safepoint     ] Application time: 1.0001578 seconds
[2023-11-16T05:37:49.375+0000][209.819s][info ][safepoint     ] Entering safepoint region: Cleanup
[2023-11-16T05:37:49.376+0000][209.819s][info ][safepoint     ] Leaving safepoint region
[2023-11-16T05:37:49.376+0000][209.819s][info ][safepoint     ] Total time for which application threads were stopped: 0.0003341 seconds, Stopping threads took: 0.0000527 seconds
[2023-11-16T05:37:50.376+0000][210.819s][debug][safepoint     ] Safepoint synchronization initiated. (174 threads)
[2023-11-16T05:37:50.376+0000][210.819s][info ][safepoint     ] Application time: 1.0001486 seconds
[2023-11-16T05:37:50.376+0000][210.819s][info ][safepoint     ] Entering safepoint region: Cleanup
[2023-11-16T05:37:50.376+0000][210.820s][info ][safepoint     ] Leaving safepoint region
[2023-11-16T05:37:50.376+0000][210.820s][info ][safepoint     ] Total time for which application threads were stopped: 0.0006532 seconds, Stopping threads took: 0.0003843 seconds
[2023-11-16T05:37:51.377+0000][211.820s][debug][safepoint     ] Safepoint synchronization initiated. (174 threads)
[2023-11-16T05:37:51.377+0000][211.820s][info ][safepoint     ] Application time: 1.0001802 seconds
[2023-11-16T05:37:51.377+0000][211.820s][debug][safepoint     ] ... found polling page return exception at pc = 0x00007fde84feba89, stub =0x00007fde7c83a800
[2023-11-16T05:37:51.377+0000][211.820s][debug][safepoint     ] Waiting for 1 thread(s) to block
[2023-11-16T05:37:51.377+0000][211.820s][info ][safepoint     ] Entering safepoint region: Cleanup
[2023-11-16T05:37:51.377+0000][211.820s][info ][safepoint     ] Leaving safepoint region
[2023-11-16T05:37:51.377+0000][211.820s][info ][safepoint     ] Total time for which application threads were stopped: 0.0004575 seconds, Stopping threads took: 0.0002354 seconds
[2023-11-16T05:37:52.377+0000][212.821s][debug][safepoint     ] Safepoint synchronization initiated. (174 threads)
[2023-11-16T05:37:52.377+0000][212.821s][info ][safepoint     ] Application time: 1.0001931 seconds
[2023-11-16T05:37:52.377+0000][212.821s][info ][safepoint     ] Entering safepoint region: Cleanup
[2023-11-16T05:37:52.378+0000][212.821s][info ][safepoint     ] Leaving safepoint region
[2023-11-16T05:37:52.378+0000][212.821s][info ][safepoint     ] Total time for which application threads were stopped: 0.0002466 seconds, Stopping threads took: 0.0000494 seconds
[2023-11-16T05:37:53.378+0000][213.821s][debug][safepoint     ] Safepoint synchronization initiated. (174 threads)
[2023-11-16T05:37:53.378+0000][213.821s][info ][safepoint     ] Application time: 1.0001661 seconds
[2023-11-16T05:37:53.378+0000][213.821s][info ][safepoint     ] Entering safepoint region: Cleanup
[2023-11-16T05:37:53.378+0000][213.821s][info ][safepoint     ] Leaving safepoint region
[2023-11-16T05:37:53.378+0000][213.821s][info ][safepoint     ] Total time for which application threads were stopped: 0.0003290 seconds, Stopping threads took: 0.0000495 seconds
[2023-11-16T05:37:54.378+0000][214.822s][debug][safepoint     ] Safepoint synchronization initiated. (174 threads)
[2023-11-16T05:37:54.378+0000][214.822s][info ][safepoint     ] Application time: 1.0001546 seconds
[2023-11-16T05:37:54.378+0000][214.822s][info ][safepoint     ] Entering safepoint region: Cleanup
[2023-11-16T05:37:54.379+0000][214.822s][info ][safepoint     ] Leaving safepoint region
[2023-11-16T05:37:54.379+0000][214.822s][info ][safepoint     ] Total time for which application threads were stopped: 0.0003292 seconds, Stopping threads took: 0.0000500 seconds
[2023-11-16T05:37:55.379+0000][215.822s][debug][safepoint     ] Safepoint synchronization initiated. (174 threads)
[2023-11-16T05:37:55.379+0000][215.822s][info ][safepoint     ] Application time: 1.0001614 seconds
[2023-11-16T05:37:55.379+0000][215.822s][info ][safepoint     ] Entering safepoint region: Cleanup
[2023-11-16T05:37:55.379+0000][215.822s][info ][safepoint     ] Leaving safepoint region
[2023-11-16T05:37:55.379+0000][215.823s][info ][safepoint     ] Total time for which application threads were stopped: 0.0003916 seconds, Stopping threads took: 0.0001714 seconds
[2023-11-16T05:37:56.379+0000][216.823s][debug][safepoint     ] Safepoint synchronization initiated. (174 threads)
[2023-11-16T05:37:56.379+0000][216.823s][info ][safepoint     ] Application time: 1.0001527 seconds
[2023-11-16T05:37:56.379+0000][216.823s][info ][safepoint     ] Entering safepoint region: Cleanup
[2023-11-16T05:37:56.380+0000][216.823s][info ][safepoint     ] Leaving safepoint region
[2023-11-16T05:37:56.380+0000][216.823s][info ][safepoint     ] Total time for which application threads were stopped: 0.0002401 seconds, Stopping threads took: 0.0000500 seconds
[2023-11-16T05:37:57.380+0000][217.823s][debug][safepoint     ] Safepoint synchronization initiated. (174 threads)
[2023-11-16T05:37:57.380+0000][217.823s][info ][safepoint     ] Application time: 1.0001429 seconds
[2023-11-16T05:37:57.380+0000][217.823s][info ][safepoint     ] Entering safepoint region: Cleanup
[2023-11-16T05:37:57.380+0000][217.823s][info ][safepoint     ] Leaving safepoint region
[2023-11-16T05:37:57.380+0000][217.823s][info ][safepoint     ] Total time for which application threads were stopped: 0.0002428 seconds, Stopping threads took: 0.0000509 seconds
[2023-11-16T05:37:58.380+0000][218.823s][debug][safepoint     ] Safepoint synchronization initiated. (174 threads)
[2023-11-16T05:37:58.380+0000][218.824s][info ][safepoint     ] Application time: 1.0001831 seconds
[2023-11-16T05:37:58.380+0000][218.824s][info ][safepoint     ] Entering safepoint region: Cleanup
[2023-11-16T05:37:58.381+0000][218.824s][info ][safepoint     ] Leaving safepoint region
[2023-11-16T05:37:58.381+0000][218.824s][info ][safepoint     ] Total time for which application threads were stopped: 0.0003468 seconds, Stopping threads took: 0.0000697 seconds
[2023-11-16T05:37:59.381+0000][219.824s][debug][safepoint     ] Safepoint synchronization initiated. (172 threads)
[2023-11-16T05:37:59.381+0000][219.824s][info ][safepoint     ] Application time: 1.0001626 seconds
[2023-11-16T05:37:59.381+0000][219.824s][info ][safepoint     ] Entering safepoint region: Cleanup
[2023-11-16T05:37:59.381+0000][219.824s][info ][safepoint     ] Leaving safepoint region
[2023-11-16T05:37:59.381+0000][219.824s][info ][safepoint     ] Total time for which application threads were stopped: 0.0003280 seconds, Stopping threads took: 0.0000477 seconds
[2023-11-16T05:38:00.381+0000][220.825s][debug][safepoint     ] Safepoint synchronization initiated. (172 threads)
[2023-11-16T05:38:00.381+0000][220.825s][info ][safepoint     ] Application time: 1.0001716 seconds
[2023-11-16T05:38:00.381+0000][220.825s][info ][safepoint     ] Entering safepoint region: Cleanup
[2023-11-16T05:38:00.382+0000][220.825s][info ][safepoint     ] Leaving safepoint region
[2023-11-16T05:38:00.382+0000][220.825s][info ][safepoint     ] Total time for which application threads were stopped: 0.0006705 seconds, Stopping threads took: 0.0003435 seconds
[2023-11-16T05:38:01.382+0000][221.825s][debug][safepoint     ] Safepoint synchronization initiated. (172 threads)
[2023-11-16T05:38:01.382+0000][221.826s][info ][safepoint     ] Application time: 1.0001612 seconds
[2023-11-16T05:38:01.382+0000][221.826s][info ][safepoint     ] Entering safepoint region: Cleanup
[2023-11-16T05:38:01.383+0000][221.826s][info ][safepoint     ] Leaving safepoint region
[2023-11-16T05:38:01.383+0000][221.826s][info ][safepoint     ] Total time for which application threads were stopped: 0.0003350 seconds, Stopping threads took: 0.0000500 seconds
[2023-11-16T05:38:02.383+0000][222.826s][debug][safepoint     ] Safepoint synchronization initiated. (172 threads)
[2023-11-16T05:38:02.383+0000][222.826s][info ][safepoint     ] Application time: 1.0001590 seconds
[2023-11-16T05:38:02.383+0000][222.826s][info ][safepoint     ] Entering safepoint region: Cleanup
[2023-11-16T05:38:02.383+0000][222.826s][info ][safepoint     ] Leaving safepoint region
[2023-11-16T05:38:02.383+0000][222.826s][info ][safepoint     ] Total time for which application threads were stopped: 0.0003340 seconds, Stopping threads took: 0.0000487 seconds
[2023-11-16T05:38:03.383+0000][223.827s][debug][safepoint     ] Safepoint synchronization initiated. (172 threads)
[2023-11-16T05:38:03.383+0000][223.827s][info ][safepoint     ] Application time: 1.0001616 seconds
[2023-11-16T05:38:03.383+0000][223.827s][info ][safepoint     ] Entering safepoint region: Cleanup
[2023-11-16T05:38:03.384+0000][223.827s][info ][safepoint     ] Leaving safepoint region
[2023-11-16T05:38:03.384+0000][223.827s][info ][safepoint     ] Total time for which application threads were stopped: 0.0002881 seconds, Stopping threads took: 0.0000497 seconds
[2023-11-16T05:38:04.384+0000][224.827s][debug][safepoint     ] Safepoint synchronization initiated. (172 threads)
[2023-11-16T05:38:04.384+0000][224.827s][info ][safepoint     ] Application time: 1.0001511 seconds
[2023-11-16T05:38:04.384+0000][224.827s][info ][safepoint     ] Entering safepoint region: Cleanup
[2023-11-16T05:38:04.384+0000][224.827s][info ][safepoint     ] Leaving safepoint region
[2023-11-16T05:38:04.384+0000][224.827s][info ][safepoint     ] Total time for which application threads were stopped: 0.0003232 seconds, Stopping threads took: 0.0000493 seconds
[2023-11-16T05:38:05.384+0000][225.828s][debug][safepoint     ] Safepoint synchronization initiated. (172 threads)
[2023-11-16T05:38:05.384+0000][225.828s][info ][safepoint     ] Application time: 1.0001562 seconds
[2023-11-16T05:38:05.384+0000][225.828s][info ][safepoint     ] Entering safepoint region: Cleanup
[2023-11-16T05:38:05.385+0000][225.828s][info ][safepoint     ] Leaving safepoint region
[2023-11-16T05:38:05.385+0000][225.828s][info ][safepoint     ] Total time for which application threads were stopped: 0.0003479 seconds, Stopping threads took: 0.0000501 seconds
[2023-11-16T05:38:06.385+0000][226.828s][debug][safepoint     ] Safepoint synchronization initiated. (172 threads)
[2023-11-16T05:38:06.385+0000][226.828s][info ][safepoint     ] Application time: 1.0001514 seconds
[2023-11-16T05:38:06.385+0000][226.828s][info ][safepoint     ] Entering safepoint region: Cleanup
[2023-11-16T05:38:06.385+0000][226.828s][info ][safepoint     ] Leaving safepoint region
[2023-11-16T05:38:06.385+0000][226.828s][info ][safepoint     ] Total time for which application threads were stopped: 0.0002933 seconds, Stopping threads took: 0.0000494 seconds
[2023-11-16T05:38:07.385+0000][227.829s][debug][safepoint     ] Safepoint synchronization initiated. (172 threads)
[2023-11-16T05:38:07.385+0000][227.829s][info ][safepoint     ] Application time: 1.0001559 seconds
[2023-11-16T05:38:07.385+0000][227.829s][info ][safepoint     ] Entering safepoint region: Cleanup
[2023-11-16T05:38:07.386+0000][227.829s][info ][safepoint     ] Leaving safepoint region
[2023-11-16T05:38:07.386+0000][227.829s][info ][safepoint     ] Total time for which application threads were stopped: 0.0003237 seconds, Stopping threads took: 0.0000507 seconds
[2023-11-16T05:38:08.386+0000][228.829s][debug][safepoint     ] Safepoint synchronization initiated. (172 threads)
[2023-11-16T05:38:08.386+0000][228.829s][info ][safepoint     ] Application time: 1.0001576 seconds
[2023-11-16T05:38:08.386+0000][228.829s][info ][safepoint     ] Entering safepoint region: Cleanup
[2023-11-16T05:38:08.386+0000][228.829s][info ][safepoint     ] Leaving safepoint region
[2023-11-16T05:38:08.386+0000][228.829s][info ][safepoint     ] Total time for which application threads were stopped: 0.0003047 seconds, Stopping threads took: 0.0000554 seconds
[2023-11-16T05:38:09.386+0000][229.830s][debug][safepoint     ] Safepoint synchronization initiated. (172 threads)
[2023-11-16T05:38:09.386+0000][229.830s][info ][safepoint     ] Application time: 1.0001646 seconds
[2023-11-16T05:38:09.386+0000][229.830s][info ][safepoint     ] Entering safepoint region: Cleanup
[2023-11-16T05:38:09.387+0000][229.830s][info ][safepoint     ] Leaving safepoint region
[2023-11-16T05:38:09.387+0000][229.830s][info ][safepoint     ] Total time for which application threads were stopped: 0.0003245 seconds, Stopping threads took: 0.0000495 seconds
[2023-11-16T05:38:10.387+0000][230.830s][debug][safepoint     ] Safepoint synchronization initiated. (172 threads)
[2023-11-16T05:38:10.387+0000][230.830s][info ][safepoint     ] Application time: 1.0001565 seconds
[2023-11-16T05:38:10.387+0000][230.830s][info ][safepoint     ] Entering safepoint region: Cleanup
[2023-11-16T05:38:10.387+0000][230.830s][info ][safepoint     ] Leaving safepoint region
[2023-11-16T05:38:10.387+0000][230.830s][info ][safepoint     ] Total time for which application threads were stopped: 0.0002455 seconds, Stopping threads took: 0.0000497 seconds
[2023-11-16T05:38:11.387+0000][231.830s][debug][safepoint     ] Safepoint synchronization initiated. (172 threads)
[2023-11-16T05:38:11.387+0000][231.831s][info ][safepoint     ] Application time: 1.0001549 seconds
[2023-11-16T05:38:11.387+0000][231.831s][info ][safepoint     ] Entering safepoint region: Cleanup
[2023-11-16T05:38:11.388+0000][231.831s][info ][safepoint     ] Leaving safepoint region
[2023-11-16T05:38:11.388+0000][231.831s][info ][safepoint     ] Total time for which application threads were stopped: 0.0003102 seconds, Stopping threads took: 0.0000500 seconds
[2023-11-16T05:38:12.388+0000][232.831s][debug][safepoint     ] Safepoint synchronization initiated. (172 threads)
[2023-11-16T05:38:12.388+0000][232.831s][info ][safepoint     ] Application time: 1.0001441 seconds
[2023-11-16T05:38:12.388+0000][232.831s][info ][safepoint     ] Entering safepoint region: Cleanup
[2023-11-16T05:38:12.388+0000][232.831s][info ][safepoint     ] Leaving safepoint region
[2023-11-16T05:38:12.388+0000][232.831s][info ][safepoint     ] Total time for which application threads were stopped: 0.0003376 seconds, Stopping threads took: 0.0000479 seconds
[2023-11-16T05:38:13.388+0000][233.832s][debug][safepoint     ] Safepoint synchronization initiated. (172 threads)
[2023-11-16T05:38:13.388+0000][233.832s][info ][safepoint     ] Application time: 1.0001608 seconds
[2023-11-16T05:38:13.388+0000][233.832s][info ][safepoint     ] Entering safepoint region: Cleanup
[2023-11-16T05:38:13.389+0000][233.832s][info ][safepoint     ] Leaving safepoint region
[2023-11-16T05:38:13.389+0000][233.832s][info ][safepoint     ] Total time for which application threads were stopped: 0.0003270 seconds, Stopping threads took: 0.0000486 seconds
[2023-11-16T05:38:14.389+0000][234.832s][debug][safepoint     ] Safepoint synchronization initiated. (172 threads)
[2023-11-16T05:38:14.389+0000][234.832s][info ][safepoint     ] Application time: 1.0001537 seconds
[2023-11-16T05:38:14.389+0000][234.832s][info ][safepoint     ] Entering safepoint region: Cleanup
[2023-11-16T05:38:14.389+0000][234.832s][info ][safepoint     ] Leaving safepoint region
[2023-11-16T05:38:14.389+0000][234.832s][info ][safepoint     ] Total time for which application threads were stopped: 0.0003262 seconds, Stopping threads took: 0.0000482 seconds
[2023-11-16T05:38:15.389+0000][235.833s][debug][safepoint     ] Safepoint synchronization initiated. (172 threads)
[2023-11-16T05:38:15.389+0000][235.833s][info ][safepoint     ] Application time: 1.0001611 seconds
[2023-11-16T05:38:15.389+0000][235.833s][info ][safepoint     ] Entering safepoint region: Cleanup
[2023-11-16T05:38:15.390+0000][235.833s][info ][safepoint     ] Leaving safepoint region
[2023-11-16T05:38:15.390+0000][235.833s][info ][safepoint     ] Total time for which application threads were stopped: 0.0003228 seconds, Stopping threads took: 0.0000492 seconds
[2023-11-16T05:38:16.390+0000][236.833s][debug][safepoint     ] Safepoint synchronization initiated. (172 threads)
[2023-11-16T05:38:16.390+0000][236.833s][info ][safepoint     ] Application time: 1.0001713 seconds
[2023-11-16T05:38:16.390+0000][236.833s][info ][safepoint     ] Entering safepoint region: Cleanup
[2023-11-16T05:38:16.390+0000][236.833s][info ][safepoint     ] Leaving safepoint region
[2023-11-16T05:38:16.390+0000][236.833s][info ][safepoint     ] Total time for which application threads were stopped: 0.0003301 seconds, Stopping threads took: 0.0000489 seconds
[2023-11-16T05:38:17.390+0000][237.834s][debug][safepoint     ] Safepoint synchronization initiated. (172 threads)
[2023-11-16T05:38:17.390+0000][237.834s][info ][safepoint     ] Application time: 1.0001999 seconds
[2023-11-16T05:38:17.390+0000][237.834s][debug][safepoint     ] ... found polling page return exception at pc = 0x00007fde84feba89, stub =0x00007fde7c83a800
[2023-11-16T05:38:17.391+0000][237.834s][debug][safepoint     ] Waiting for 1 thread(s) to block
[2023-11-16T05:38:17.391+0000][237.834s][info ][safepoint     ] Entering safepoint region: Cleanup
[2023-11-16T05:38:17.391+0000][237.834s][info ][safepoint     ] Leaving safepoint region
[2023-11-16T05:38:17.391+0000][237.834s][info ][safepoint     ] Total time for which application threads were stopped: 0.0004442 seconds, Stopping threads took: 0.0001661 seconds
[2023-11-16T05:38:18.391+0000][238.834s][debug][safepoint     ] Safepoint synchronization initiated. (172 threads)
[2023-11-16T05:38:18.391+0000][238.834s][info ][safepoint     ] Application time: 1.0001787 seconds
[2023-11-16T05:38:18.391+0000][238.834s][info ][safepoint     ] Entering safepoint region: Cleanup
[2023-11-16T05:38:18.391+0000][238.835s][info ][safepoint     ] Leaving safepoint region
[2023-11-16T05:38:18.391+0000][238.835s][info ][safepoint     ] Total time for which application threads were stopped: 0.0003616 seconds, Stopping threads took: 0.0001622 seconds
[2023-11-16T05:38:19.392+0000][239.835s][debug][safepoint     ] Safepoint synchronization initiated. (172 threads)
[2023-11-16T05:38:19.392+0000][239.835s][info ][safepoint     ] Application time: 1.0001620 seconds
[2023-11-16T05:38:19.392+0000][239.835s][info ][safepoint     ] Entering safepoint region: Cleanup
[2023-11-16T05:38:19.392+0000][239.835s][info ][safepoint     ] Leaving safepoint region
[2023-11-16T05:38:19.392+0000][239.835s][info ][safepoint     ] Total time for which application threads were stopped: 0.0003302 seconds, Stopping threads took: 0.0000496 seconds
[2023-11-16T05:38:20.392+0000][240.835s][debug][safepoint     ] Safepoint synchronization initiated. (172 threads)
[2023-11-16T05:38:20.392+0000][240.835s][info ][safepoint     ] Application time: 1.0001522 seconds
[2023-11-16T05:38:20.392+0000][240.835s][info ][safepoint     ] Entering safepoint region: Cleanup
[2023-11-16T05:38:20.392+0000][240.836s][info ][safepoint     ] Leaving safepoint region
[2023-11-16T05:38:20.392+0000][240.836s][info ][safepoint     ] Total time for which application threads were stopped: 0.0003267 seconds, Stopping threads took: 0.0000499 seconds
[2023-11-16T05:38:21.393+0000][241.836s][debug][safepoint     ] Safepoint synchronization initiated. (172 threads)
[2023-11-16T05:38:21.393+0000][241.836s][info ][safepoint     ] Application time: 1.0001637 seconds
[2023-11-16T05:38:21.393+0000][241.836s][info ][safepoint     ] Entering safepoint region: Cleanup
[2023-11-16T05:38:21.393+0000][241.836s][info ][safepoint     ] Leaving safepoint region
[2023-11-16T05:38:21.393+0000][241.836s][info ][safepoint     ] Total time for which application threads were stopped: 0.0003290 seconds, Stopping threads took: 0.0000504 seconds
[2023-11-16T05:38:22.393+0000][242.836s][debug][safepoint     ] Safepoint synchronization initiated. (172 threads)
[2023-11-16T05:38:22.393+0000][242.836s][info ][safepoint     ] Application time: 1.0001575 seconds
[2023-11-16T05:38:22.393+0000][242.837s][info ][safepoint     ] Entering safepoint region: Cleanup
[2023-11-16T05:38:22.393+0000][242.837s][info ][safepoint     ] Leaving safepoint region
[2023-11-16T05:38:22.394+0000][242.837s][info ][safepoint     ] Total time for which application threads were stopped: 0.0003236 seconds, Stopping threads took: 0.0000499 seconds
[2023-11-16T05:38:23.394+0000][243.837s][debug][safepoint     ] Safepoint synchronization initiated. (172 threads)
[2023-11-16T05:38:23.394+0000][243.837s][info ][safepoint     ] Application time: 1.0001613 seconds
[2023-11-16T05:38:23.394+0000][243.837s][info ][safepoint     ] Entering safepoint region: Cleanup
[2023-11-16T05:38:23.394+0000][243.838s][info ][safepoint     ] Leaving safepoint region
[2023-11-16T05:38:23.394+0000][243.838s][info ][safepoint     ] Total time for which application threads were stopped: 0.0006440 seconds, Stopping threads took: 0.0003675 seconds
[2023-11-16T05:38:24.394+0000][244.838s][debug][safepoint     ] Safepoint synchronization initiated. (172 threads)
[2023-11-16T05:38:24.395+0000][244.838s][info ][safepoint     ] Application time: 1.0001516 seconds
[2023-11-16T05:38:24.395+0000][244.838s][info ][safepoint     ] Entering safepoint region: Cleanup
[2023-11-16T05:38:24.395+0000][244.838s][info ][safepoint     ] Leaving safepoint region
[2023-11-16T05:38:24.395+0000][244.838s][info ][safepoint     ] Total time for which application threads were stopped: 0.0003183 seconds, Stopping threads took: 0.0000485 seconds
[2023-11-16T05:38:25.395+0000][245.838s][debug][safepoint     ] Safepoint synchronization initiated. (172 threads)
[2023-11-16T05:38:25.395+0000][245.838s][info ][safepoint     ] Application time: 1.0001491 seconds
[2023-11-16T05:38:25.395+0000][245.838s][info ][safepoint     ] Entering safepoint region: Cleanup
[2023-11-16T05:38:25.395+0000][245.839s][info ][safepoint     ] Leaving safepoint region
[2023-11-16T05:38:25.395+0000][245.839s][info ][safepoint     ] Total time for which application threads were stopped: 0.0002926 seconds, Stopping threads took: 0.0000502 seconds
[2023-11-16T05:38:26.395+0000][246.839s][debug][safepoint     ] Safepoint synchronization initiated. (172 threads)
[2023-11-16T05:38:26.396+0000][246.839s][info ][safepoint     ] Application time: 1.0001518 seconds
[2023-11-16T05:38:26.396+0000][246.839s][info ][safepoint     ] Entering safepoint region: Cleanup
[2023-11-16T05:38:26.396+0000][246.839s][info ][safepoint     ] Leaving safepoint region
[2023-11-16T05:38:26.396+0000][246.839s][info ][safepoint     ] Total time for which application threads were stopped: 0.0003240 seconds, Stopping threads took: 0.0000524 seconds
[2023-11-16T05:38:27.396+0000][247.839s][debug][safepoint     ] Safepoint synchronization initiated. (172 threads)
[2023-11-16T05:38:27.396+0000][247.839s][info ][safepoint     ] Application time: 1.0001562 seconds
[2023-11-16T05:38:27.396+0000][247.839s][info ][safepoint     ] Entering safepoint region: Cleanup
[2023-11-16T05:38:27.396+0000][247.840s][info ][safepoint     ] Leaving safepoint region
[2023-11-16T05:38:27.396+0000][247.840s][info ][safepoint     ] Total time for which application threads were stopped: 0.0002493 seconds, Stopping threads took: 0.0000504 seconds
[2023-11-16T05:38:28.396+0000][248.840s][debug][safepoint     ] Safepoint synchronization initiated. (172 threads)
[2023-11-16T05:38:28.396+0000][248.840s][info ][safepoint     ] Application time: 1.0001598 seconds
[2023-11-16T05:38:28.397+0000][248.840s][info ][safepoint     ] Entering safepoint region: Cleanup
[2023-11-16T05:38:28.397+0000][248.840s][info ][safepoint     ] Leaving safepoint region
[2023-11-16T05:38:28.397+0000][248.840s][info ][safepoint     ] Total time for which application threads were stopped: 0.0003642 seconds, Stopping threads took: 0.0001728 seconds
[2023-11-16T05:38:29.397+0000][249.840s][debug][safepoint     ] Safepoint synchronization initiated. (172 threads)
[2023-11-16T05:38:29.397+0000][249.840s][info ][safepoint     ] Application time: 1.0001702 seconds
[2023-11-16T05:38:29.397+0000][249.840s][info ][safepoint     ] Entering safepoint region: Cleanup
[2023-11-16T05:38:29.397+0000][249.841s][info ][safepoint     ] Leaving safepoint region
[2023-11-16T05:38:29.397+0000][249.841s][info ][safepoint     ] Total time for which application threads were stopped: 0.0003255 seconds, Stopping threads took: 0.0000501 seconds
[2023-11-16T05:38:30.398+0000][250.841s][debug][safepoint     ] Safepoint synchronization initiated. (172 threads)
[2023-11-16T05:38:30.398+0000][250.841s][info ][safepoint     ] Application time: 1.0001590 seconds
[2023-11-16T05:38:30.398+0000][250.841s][info ][safepoint     ] Entering safepoint region: Cleanup
[2023-11-16T05:38:30.398+0000][250.841s][info ][safepoint     ] Leaving safepoint region
[2023-11-16T05:38:30.398+0000][250.841s][info ][safepoint     ] Total time for which application threads were stopped: 0.0002451 seconds, Stopping threads took: 0.0000498 seconds
[2023-11-16T05:38:31.398+0000][251.841s][debug][safepoint     ] Safepoint synchronization initiated. (172 threads)
[2023-11-16T05:38:31.398+0000][251.841s][info ][safepoint     ] Application time: 1.0001404 seconds
[2023-11-16T05:38:31.398+0000][251.841s][info ][safepoint     ] Entering safepoint region: Cleanup
[2023-11-16T05:38:31.398+0000][251.842s][info ][safepoint     ] Leaving safepoint region
[2023-11-16T05:38:31.398+0000][251.842s][info ][safepoint     ] Total time for which application threads were stopped: 0.0003319 seconds, Stopping threads took: 0.0000501 seconds
[2023-11-16T05:38:32.398+0000][252.842s][debug][safepoint     ] Safepoint synchronization initiated. (172 threads)
[2023-11-16T05:38:32.399+0000][252.842s][info ][safepoint     ] Application time: 1.0001554 seconds
[2023-11-16T05:38:32.399+0000][252.842s][info ][safepoint     ] Entering safepoint region: Cleanup
[2023-11-16T05:38:32.399+0000][252.842s][info ][safepoint     ] Leaving safepoint region
[2023-11-16T05:38:32.399+0000][252.842s][info ][safepoint     ] Total time for which application threads were stopped: 0.0002766 seconds, Stopping threads took: 0.0000498 seconds
[2023-11-16T05:38:33.399+0000][253.842s][debug][safepoint     ] Safepoint synchronization initiated. (172 threads)
[2023-11-16T05:38:33.399+0000][253.842s][info ][safepoint     ] Application time: 1.0001741 seconds
[2023-11-16T05:38:33.399+0000][253.842s][info ][safepoint     ] Entering safepoint region: Cleanup
[2023-11-16T05:38:33.399+0000][253.843s][info ][safepoint     ] Leaving safepoint region
[2023-11-16T05:38:33.399+0000][253.843s][info ][safepoint     ] Total time for which application threads were stopped: 0.0003262 seconds, Stopping threads took: 0.0000503 seconds
[2023-11-16T05:38:34.399+0000][254.843s][debug][safepoint     ] Safepoint synchronization initiated. (172 threads)
[2023-11-16T05:38:34.400+0000][254.843s][info ][safepoint     ] Application time: 1.0001739 seconds
[2023-11-16T05:38:34.400+0000][254.843s][info ][safepoint     ] Entering safepoint region: Cleanup
[2023-11-16T05:38:34.400+0000][254.843s][info ][safepoint     ] Leaving safepoint region
[2023-11-16T05:38:34.400+0000][254.843s][info ][safepoint     ] Total time for which application threads were stopped: 0.0003224 seconds, Stopping threads took: 0.0000494 seconds
[2023-11-16T05:38:35.400+0000][255.843s][debug][safepoint     ] Safepoint synchronization initiated. (172 threads)
[2023-11-16T05:38:35.400+0000][255.843s][info ][safepoint     ] Application time: 1.0001533 seconds
[2023-11-16T05:38:35.400+0000][255.843s][info ][safepoint     ] Entering safepoint region: Cleanup
[2023-11-16T05:38:35.400+0000][255.844s][info ][safepoint     ] Leaving safepoint region
[2023-11-16T05:38:35.400+0000][255.844s][info ][safepoint     ] Total time for which application threads were stopped: 0.0003243 seconds, Stopping threads took: 0.0000498 seconds
[2023-11-16T05:38:36.401+0000][256.844s][debug][safepoint     ] Safepoint synchronization initiated. (172 threads)
[2023-11-16T05:38:36.401+0000][256.844s][info ][safepoint     ] Application time: 1.0001390 seconds
[2023-11-16T05:38:36.401+0000][256.844s][info ][safepoint     ] Entering safepoint region: Cleanup
[2023-11-16T05:38:36.401+0000][256.844s][info ][safepoint     ] Leaving safepoint region
[2023-11-16T05:38:36.401+0000][256.844s][info ][safepoint     ] Total time for which application threads were stopped: 0.0003208 seconds, Stopping threads took: 0.0000501 seconds
[2023-11-16T05:38:37.401+0000][257.844s][debug][safepoint     ] Safepoint synchronization initiated. (172 threads)
[2023-11-16T05:38:37.401+0000][257.844s][info ][safepoint     ] Application time: 1.0001704 seconds
[2023-11-16T05:38:37.401+0000][257.844s][info ][safepoint     ] Entering safepoint region: Cleanup
[2023-11-16T05:38:37.401+0000][257.845s][info ][safepoint     ] Leaving safepoint region
[2023-11-16T05:38:37.401+0000][257.845s][info ][safepoint     ] Total time for which application threads were stopped: 0.0003187 seconds, Stopping threads took: 0.0000494 seconds
[2023-11-16T05:38:38.402+0000][258.845s][debug][safepoint     ] Safepoint synchronization initiated. (172 threads)
[2023-11-16T05:38:38.402+0000][258.845s][info ][safepoint     ] Application time: 1.0001742 seconds
[2023-11-16T05:38:38.402+0000][258.845s][info ][safepoint     ] Entering safepoint region: Cleanup
[2023-11-16T05:38:38.402+0000][258.845s][info ][safepoint     ] Leaving safepoint region
[2023-11-16T05:38:38.402+0000][258.846s][info ][safepoint     ] Total time for which application threads were stopped: 0.0004799 seconds, Stopping threads took: 0.0001944 seconds
[2023-11-16T05:38:39.402+0000][259.846s][debug][safepoint     ] Safepoint synchronization initiated. (172 threads)
[2023-11-16T05:38:39.402+0000][259.846s][info ][safepoint     ] Application time: 1.0001635 seconds
[2023-11-16T05:38:39.402+0000][259.846s][info ][safepoint     ] Entering safepoint region: Cleanup
[2023-11-16T05:38:39.403+0000][259.846s][info ][safepoint     ] Leaving safepoint region
[2023-11-16T05:38:39.403+0000][259.846s][info ][safepoint     ] Total time for which application threads were stopped: 0.0003312 seconds, Stopping threads took: 0.0000504 seconds
[2023-11-16T05:38:40.403+0000][260.846s][debug][safepoint     ] Safepoint synchronization initiated. (172 threads)
[2023-11-16T05:38:40.403+0000][260.846s][info ][safepoint     ] Application time: 1.0001551 seconds
[2023-11-16T05:38:40.403+0000][260.846s][info ][safepoint     ] Entering safepoint region: Cleanup
[2023-11-16T05:38:40.403+0000][260.847s][info ][safepoint     ] Leaving safepoint region
[2023-11-16T05:38:40.403+0000][260.847s][info ][safepoint     ] Total time for which application threads were stopped: 0.0003291 seconds, Stopping threads took: 0.0000521 seconds
[2023-11-16T05:38:41.403+0000][261.847s][debug][safepoint     ] Safepoint synchronization initiated. (172 threads)
[2023-11-16T05:38:41.403+0000][261.847s][info ][safepoint     ] Application time: 1.0001716 seconds
[2023-11-16T05:38:41.404+0000][261.847s][info ][safepoint     ] Entering safepoint region: Cleanup
[2023-11-16T05:38:41.404+0000][261.847s][info ][safepoint     ] Leaving safepoint region
[2023-11-16T05:38:41.404+0000][261.847s][info ][safepoint     ] Total time for which application threads were stopped: 0.0002688 seconds, Stopping threads took: 0.0000511 seconds
[2023-11-16T05:38:42.404+0000][262.847s][debug][safepoint     ] Safepoint synchronization initiated. (172 threads)
[2023-11-16T05:38:42.404+0000][262.847s][info ][safepoint     ] Application time: 1.0001617 seconds
[2023-11-16T05:38:42.404+0000][262.847s][info ][safepoint     ] Entering safepoint region: Cleanup
[2023-11-16T05:38:42.404+0000][262.848s][info ][safepoint     ] Leaving safepoint region
[2023-11-16T05:38:42.404+0000][262.848s][info ][safepoint     ] Total time for which application threads were stopped: 0.0003296 seconds, Stopping threads took: 0.0000486 seconds
[2023-11-16T05:38:43.404+0000][263.848s][debug][safepoint     ] Safepoint synchronization initiated. (172 threads)
[2023-11-16T05:38:43.404+0000][263.848s][info ][safepoint     ] Application time: 1.0001579 seconds
[2023-11-16T05:38:43.405+0000][263.848s][info ][safepoint     ] Entering safepoint region: Cleanup
[2023-11-16T05:38:43.405+0000][263.848s][info ][safepoint     ] Leaving safepoint region
[2023-11-16T05:38:43.405+0000][263.848s][info ][safepoint     ] Total time for which application threads were stopped: 0.0005675 seconds, Stopping threads took: 0.0002876 seconds
[2023-11-16T05:38:44.405+0000][264.849s][debug][safepoint     ] Safepoint synchronization initiated. (172 threads)
[2023-11-16T05:38:44.405+0000][264.849s][info ][safepoint     ] Application time: 1.0001701 seconds
[2023-11-16T05:38:44.405+0000][264.849s][info ][safepoint     ] Entering safepoint region: Cleanup
[2023-11-16T05:38:44.406+0000][264.849s][info ][safepoint     ] Leaving safepoint region
[2023-11-16T05:38:44.406+0000][264.849s][info ][safepoint     ] Total time for which application threads were stopped: 0.0003263 seconds, Stopping threads took: 0.0000503 seconds
[2023-11-16T05:38:45.406+0000][265.849s][debug][safepoint     ] Safepoint synchronization initiated. (172 threads)
[2023-11-16T05:38:45.406+0000][265.849s][info ][safepoint     ] Application time: 1.0001415 seconds
[2023-11-16T05:38:45.406+0000][265.849s][info ][safepoint     ] Entering safepoint region: Cleanup
[2023-11-16T05:38:45.406+0000][265.849s][info ][safepoint     ] Leaving safepoint region
[2023-11-16T05:38:45.406+0000][265.849s][info ][safepoint     ] Total time for which application threads were stopped: 0.0003289 seconds, Stopping threads took: 0.0000497 seconds
[2023-11-16T05:38:46.406+0000][266.850s][debug][safepoint     ] Safepoint synchronization initiated. (172 threads)
[2023-11-16T05:38:46.406+0000][266.850s][info ][safepoint     ] Application time: 1.0001544 seconds
[2023-11-16T05:38:46.406+0000][266.850s][info ][safepoint     ] Entering safepoint region: Cleanup
[2023-11-16T05:38:46.407+0000][266.850s][info ][safepoint     ] Leaving safepoint region
[2023-11-16T05:38:46.407+0000][266.850s][info ][safepoint     ] Total time for which application threads were stopped: 0.0003227 seconds, Stopping threads took: 0.0000499 seconds
[2023-11-16T05:38:47.407+0000][267.850s][debug][safepoint     ] Safepoint synchronization initiated. (172 threads)
[2023-11-16T05:38:47.407+0000][267.850s][info ][safepoint     ] Application time: 1.0001690 seconds
[2023-11-16T05:38:47.407+0000][267.850s][info ][safepoint     ] Entering safepoint region: Cleanup
[2023-11-16T05:38:47.407+0000][267.850s][info ][safepoint     ] Leaving safepoint region
[2023-11-16T05:38:47.407+0000][267.850s][info ][safepoint     ] Total time for which application threads were stopped: 0.0003256 seconds, Stopping threads took: 0.0000520 seconds
[2023-11-16T05:38:48.407+0000][268.851s][debug][safepoint     ] Safepoint synchronization initiated. (172 threads)
[2023-11-16T05:38:48.407+0000][268.851s][info ][safepoint     ] Application time: 1.0001721 seconds
[2023-11-16T05:38:48.407+0000][268.851s][info ][safepoint     ] Entering safepoint region: Cleanup
[2023-11-16T05:38:48.408+0000][268.851s][info ][safepoint     ] Leaving safepoint region
[2023-11-16T05:38:48.408+0000][268.851s][info ][safepoint     ] Total time for which application threads were stopped: 0.0003942 seconds, Stopping threads took: 0.0001913 seconds
[2023-11-16T05:38:49.408+0000][269.851s][debug][safepoint     ] Safepoint synchronization initiated. (172 threads)
[2023-11-16T05:38:49.408+0000][269.851s][info ][safepoint     ] Application time: 1.0001539 seconds
[2023-11-16T05:38:49.408+0000][269.851s][info ][safepoint     ] Entering safepoint region: Cleanup
[2023-11-16T05:38:49.408+0000][269.852s][info ][safepoint     ] Leaving safepoint region
[2023-11-16T05:38:49.408+0000][269.852s][info ][safepoint     ] Total time for which application threads were stopped: 0.0003312 seconds, Stopping threads took: 0.0000493 seconds
[2023-11-16T05:38:50.408+0000][270.852s][debug][safepoint     ] Safepoint synchronization initiated. (172 threads)
[2023-11-16T05:38:50.408+0000][270.852s][info ][safepoint     ] Application time: 1.0001538 seconds
[2023-11-16T05:38:50.409+0000][270.852s][info ][safepoint     ] Entering safepoint region: Cleanup
[2023-11-16T05:38:50.409+0000][270.852s][info ][safepoint     ] Leaving safepoint region
[2023-11-16T05:38:50.409+0000][270.852s][info ][safepoint     ] Total time for which application threads were stopped: 0.0002446 seconds, Stopping threads took: 0.0000500 seconds
[2023-11-16T05:38:51.409+0000][271.852s][debug][safepoint     ] Safepoint synchronization initiated. (172 threads)
[2023-11-16T05:38:51.409+0000][271.852s][info ][safepoint     ] Application time: 1.0001512 seconds
[2023-11-16T05:38:51.409+0000][271.852s][info ][safepoint     ] Entering safepoint region: Cleanup
[2023-11-16T05:38:51.409+0000][271.853s][info ][safepoint     ] Leaving safepoint region
[2023-11-16T05:38:51.409+0000][271.853s][info ][safepoint     ] Total time for which application threads were stopped: 0.0003812 seconds, Stopping threads took: 0.0000515 seconds
[2023-11-16T05:38:52.409+0000][272.853s][debug][safepoint     ] Safepoint synchronization initiated. (172 threads)
[2023-11-16T05:38:52.409+0000][272.853s][info ][safepoint     ] Application time: 1.0001710 seconds
[2023-11-16T05:38:52.410+0000][272.853s][info ][safepoint     ] Entering safepoint region: Cleanup
[2023-11-16T05:38:52.410+0000][272.853s][info ][safepoint     ] Leaving safepoint region
[2023-11-16T05:38:52.410+0000][272.853s][info ][safepoint     ] Total time for which application threads were stopped: 0.0003308 seconds, Stopping threads took: 0.0000496 seconds
[2023-11-16T05:38:53.410+0000][273.853s][debug][safepoint     ] Safepoint synchronization initiated. (172 threads)
[2023-11-16T05:38:53.410+0000][273.853s][info ][safepoint     ] Application time: 1.0001603 seconds
[2023-11-16T05:38:53.410+0000][273.853s][info ][safepoint     ] Entering safepoint region: Cleanup
[2023-11-16T05:38:53.411+0000][273.854s][info ][safepoint     ] Leaving safepoint region
[2023-11-16T05:38:53.411+0000][273.854s][info ][safepoint     ] Total time for which application threads were stopped: 0.0006155 seconds, Stopping threads took: 0.0004077 seconds
[2023-11-16T05:38:54.411+0000][274.854s][debug][safepoint     ] Safepoint synchronization initiated. (172 threads)
[2023-11-16T05:38:54.411+0000][274.854s][info ][safepoint     ] Application time: 1.0001685 seconds
[2023-11-16T05:38:54.411+0000][274.854s][info ][safepoint     ] Entering safepoint region: Cleanup
[2023-11-16T05:38:54.411+0000][274.854s][info ][safepoint     ] Leaving safepoint region
[2023-11-16T05:38:54.411+0000][274.854s][info ][safepoint     ] Total time for which application threads were stopped: 0.0002770 seconds, Stopping threads took: 0.0000746 seconds
[2023-11-16T05:38:55.411+0000][275.855s][debug][safepoint     ] Safepoint synchronization initiated. (172 threads)
[2023-11-16T05:38:55.411+0000][275.855s][info ][safepoint     ] Application time: 1.0001736 seconds
[2023-11-16T05:38:55.411+0000][275.855s][info ][safepoint     ] Entering safepoint region: Cleanup
[2023-11-16T05:38:55.412+0000][275.855s][info ][safepoint     ] Leaving safepoint region
[2023-11-16T05:38:55.412+0000][275.855s][info ][safepoint     ] Total time for which application threads were stopped: 0.0003159 seconds, Stopping threads took: 0.0000501 seconds
[2023-11-16T05:38:56.412+0000][276.855s][debug][safepoint     ] Safepoint synchronization initiated. (172 threads)
[2023-11-16T05:38:56.412+0000][276.855s][info ][safepoint     ] Application time: 1.0001676 seconds
[2023-11-16T05:38:56.412+0000][276.855s][info ][safepoint     ] Entering safepoint region: Cleanup
[2023-11-16T05:38:56.412+0000][276.855s][info ][safepoint     ] Leaving safepoint region
[2023-11-16T05:38:56.412+0000][276.855s][info ][safepoint     ] Total time for which application threads were stopped: 0.0003247 seconds, Stopping threads took: 0.0000501 seconds
[2023-11-16T05:38:57.412+0000][277.856s][debug][safepoint     ] Safepoint synchronization initiated. (172 threads)
[2023-11-16T05:38:57.412+0000][277.856s][info ][safepoint     ] Application time: 1.0001562 seconds
[2023-11-16T05:38:57.412+0000][277.856s][info ][safepoint     ] Entering safepoint region: Cleanup
[2023-11-16T05:38:57.413+0000][277.856s][info ][safepoint     ] Leaving safepoint region
[2023-11-16T05:38:57.413+0000][277.856s][info ][safepoint     ] Total time for which application threads were stopped: 0.0003238 seconds, Stopping threads took: 0.0000495 seconds
[2023-11-16T05:38:58.413+0000][278.856s][debug][safepoint     ] Safepoint synchronization initiated. (172 threads)
[2023-11-16T05:38:58.413+0000][278.856s][info ][safepoint     ] Application time: 1.0001485 seconds
[2023-11-16T05:38:58.413+0000][278.856s][info ][safepoint     ] Entering safepoint region: Cleanup
[2023-11-16T05:38:58.413+0000][278.856s][info ][safepoint     ] Leaving safepoint region
[2023-11-16T05:38:58.413+0000][278.856s][info ][safepoint     ] Total time for which application threads were stopped: 0.0003253 seconds, Stopping threads took: 0.0000491 seconds
[2023-11-16T05:38:59.413+0000][279.857s][debug][safepoint     ] Safepoint synchronization initiated. (171 threads)
[2023-11-16T05:38:59.413+0000][279.857s][info ][safepoint     ] Application time: 1.0001699 seconds
[2023-11-16T05:38:59.413+0000][279.857s][info ][safepoint     ] Entering safepoint region: Cleanup
[2023-11-16T05:38:59.414+0000][279.857s][info ][safepoint     ] Leaving safepoint region
[2023-11-16T05:38:59.414+0000][279.857s][info ][safepoint     ] Total time for which application threads were stopped: 0.0002469 seconds, Stopping threads took: 0.0000508 seconds
[2023-11-16T05:39:00.414+0000][280.857s][debug][safepoint     ] Safepoint synchronization initiated. (171 threads)
[2023-11-16T05:39:00.414+0000][280.857s][info ][safepoint     ] Application time: 1.0001638 seconds
[2023-11-16T05:39:00.414+0000][280.857s][info ][safepoint     ] Entering safepoint region: Cleanup
[2023-11-16T05:39:00.414+0000][280.857s][info ][safepoint     ] Leaving safepoint region
[2023-11-16T05:39:00.414+0000][280.857s][info ][safepoint     ] Total time for which application threads were stopped: 0.0003357 seconds, Stopping threads took: 0.0000495 seconds
[2023-11-16T05:39:01.414+0000][281.858s][debug][safepoint     ] Safepoint synchronization initiated. (171 threads)
[2023-11-16T05:39:01.414+0000][281.858s][info ][safepoint     ] Application time: 1.0001870 seconds
[2023-11-16T05:39:01.414+0000][281.858s][info ][safepoint     ] Entering safepoint region: Cleanup
[2023-11-16T05:39:01.415+0000][281.858s][info ][safepoint     ] Leaving safepoint region
[2023-11-16T05:39:01.415+0000][281.858s][info ][safepoint     ] Total time for which application threads were stopped: 0.0004947 seconds, Stopping threads took: 0.0002269 seconds
[2023-11-16T05:39:02.415+0000][282.858s][debug][safepoint     ] Safepoint synchronization initiated. (171 threads)
[2023-11-16T05:39:02.415+0000][282.858s][info ][safepoint     ] Application time: 1.0001403 seconds
[2023-11-16T05:39:02.415+0000][282.858s][info ][safepoint     ] Entering safepoint region: Cleanup
[2023-11-16T05:39:02.415+0000][282.859s][info ][safepoint     ] Leaving safepoint region
[2023-11-16T05:39:02.415+0000][282.859s][info ][safepoint     ] Total time for which application threads were stopped: 0.0003106 seconds, Stopping threads took: 0.0000471 seconds
[2023-11-16T05:39:03.416+0000][283.859s][debug][safepoint     ] Safepoint synchronization initiated. (171 threads)
[2023-11-16T05:39:03.416+0000][283.859s][info ][safepoint     ] Application time: 1.0002192 seconds
[2023-11-16T05:39:03.416+0000][283.859s][debug][safepoint     ] Waiting for 1 thread(s) to block
[2023-11-16T05:39:03.416+0000][283.859s][info ][safepoint     ] Entering safepoint region: Cleanup
[2023-11-16T05:39:03.416+0000][283.859s][info ][safepoint     ] Leaving safepoint region
[2023-11-16T05:39:03.416+0000][283.859s][info ][safepoint     ] Total time for which application threads were stopped: 0.0004068 seconds, Stopping threads took: 0.0001311 seconds
[2023-11-16T05:39:04.416+0000][284.859s][debug][safepoint     ] Safepoint synchronization initiated. (171 threads)
[2023-11-16T05:39:04.416+0000][284.860s][info ][safepoint     ] Application time: 1.0001735 seconds
[2023-11-16T05:39:04.416+0000][284.860s][info ][safepoint     ] Entering safepoint region: Cleanup
[2023-11-16T05:39:04.417+0000][284.860s][info ][safepoint     ] Leaving safepoint region
[2023-11-16T05:39:04.417+0000][284.860s][info ][safepoint     ] Total time for which application threads were stopped: 0.0003360 seconds, Stopping threads took: 0.0000539 seconds
[2023-11-16T05:39:05.417+0000][285.860s][debug][safepoint     ] Safepoint synchronization initiated. (171 threads)
[2023-11-16T05:39:05.417+0000][285.860s][info ][safepoint     ] Application time: 1.0001684 seconds
[2023-11-16T05:39:05.417+0000][285.860s][info ][safepoint     ] Entering safepoint region: Cleanup
[2023-11-16T05:39:05.417+0000][285.860s][info ][safepoint     ] Leaving safepoint region
[2023-11-16T05:39:05.417+0000][285.860s][info ][safepoint     ] Total time for which application threads were stopped: 0.0003276 seconds, Stopping threads took: 0.0000504 seconds
[2023-11-16T05:39:06.417+0000][286.861s][debug][safepoint     ] Safepoint synchronization initiated. (171 threads)
[2023-11-16T05:39:06.417+0000][286.861s][info ][safepoint     ] Application time: 1.0001713 seconds
[2023-11-16T05:39:06.417+0000][286.861s][info ][safepoint     ] Entering safepoint region: Cleanup
[2023-11-16T05:39:06.418+0000][286.861s][info ][safepoint     ] Leaving safepoint region
[2023-11-16T05:39:06.418+0000][286.861s][info ][safepoint     ] Total time for which application threads were stopped: 0.0003081 seconds, Stopping threads took: 0.0000516 seconds
[2023-11-16T05:39:07.418+0000][287.861s][debug][safepoint     ] Safepoint synchronization initiated. (171 threads)
[2023-11-16T05:39:07.418+0000][287.861s][info ][safepoint     ] Application time: 1.0001775 seconds
[2023-11-16T05:39:07.418+0000][287.861s][info ][safepoint     ] Entering safepoint region: Cleanup
[2023-11-16T05:39:07.418+0000][287.861s][info ][safepoint     ] Leaving safepoint region
[2023-11-16T05:39:07.418+0000][287.861s][info ][safepoint     ] Total time for which application threads were stopped: 0.0003188 seconds, Stopping threads took: 0.0000524 seconds
[2023-11-16T05:39:08.418+0000][288.862s][debug][safepoint     ] Safepoint synchronization initiated. (171 threads)
[2023-11-16T05:39:08.418+0000][288.862s][info ][safepoint     ] Application time: 1.0001625 seconds
[2023-11-16T05:39:08.418+0000][288.862s][info ][safepoint     ] Entering safepoint region: Cleanup
[2023-11-16T05:39:08.419+0000][288.862s][info ][safepoint     ] Leaving safepoint region
[2023-11-16T05:39:08.419+0000][288.862s][info ][safepoint     ] Total time for which application threads were stopped: 0.0003103 seconds, Stopping threads took: 0.0000528 seconds
[2023-11-16T05:39:09.419+0000][289.862s][debug][safepoint     ] Safepoint synchronization initiated. (171 threads)
[2023-11-16T05:39:09.419+0000][289.862s][info ][safepoint     ] Application time: 1.0001279 seconds
[2023-11-16T05:39:09.419+0000][289.862s][info ][safepoint     ] Entering safepoint region: Cleanup
[2023-11-16T05:39:09.419+0000][289.862s][info ][safepoint     ] Leaving safepoint region
[2023-11-16T05:39:09.419+0000][289.862s][info ][safepoint     ] Total time for which application threads were stopped: 0.0002492 seconds, Stopping threads took: 0.0000510 seconds
[2023-11-16T05:39:10.419+0000][290.863s][debug][safepoint     ] Safepoint synchronization initiated. (171 threads)
[2023-11-16T05:39:10.419+0000][290.863s][info ][safepoint     ] Application time: 1.0001638 seconds
[2023-11-16T05:39:10.419+0000][290.863s][info ][safepoint     ] Entering safepoint region: Cleanup
[2023-11-16T05:39:10.420+0000][290.863s][info ][safepoint     ] Leaving safepoint region
[2023-11-16T05:39:10.420+0000][290.863s][info ][safepoint     ] Total time for which application threads were stopped: 0.0002960 seconds, Stopping threads took: 0.0000511 seconds
[2023-11-16T05:39:11.420+0000][291.863s][debug][safepoint     ] Safepoint synchronization initiated. (171 threads)
[2023-11-16T05:39:11.420+0000][291.863s][info ][safepoint     ] Application time: 1.0001683 seconds
[2023-11-16T05:39:11.420+0000][291.863s][info ][safepoint     ] Entering safepoint region: Cleanup
[2023-11-16T05:39:11.420+0000][291.863s][info ][safepoint     ] Leaving safepoint region
[2023-11-16T05:39:11.420+0000][291.863s][info ][safepoint     ] Total time for which application threads were stopped: 0.0003401 seconds, Stopping threads took: 0.0000540 seconds
[2023-11-16T05:39:12.180+0000][292.623s][debug][safepoint     ] Safepoint synchronization initiated. (171 threads)
[2023-11-16T05:39:12.180+0000][292.623s][info ][safepoint     ] Application time: 0.7594539 seconds
[2023-11-16T05:39:12.181+0000][292.624s][debug][safepoint     ] ... found polling page return exception at pc = 0x00007fde84e8b15c, stub =0x00007fde7c83a800
[2023-11-16T05:39:12.181+0000][292.625s][debug][safepoint     ] Waiting for 1 thread(s) to block
[2023-11-16T05:39:12.181+0000][292.625s][info ][safepoint     ] Entering safepoint region: G1CollectForAllocation
[2023-11-16T05:39:12.182+0000][292.625s][info ][gc,start      ] GC(37) Pause Young (Normal) (G1 Evacuation Pause)
[2023-11-16T05:39:12.182+0000][292.625s][info ][gc,task       ] GC(37) Using 4 workers of 4 for evacuation
[2023-11-16T05:39:12.241+0000][292.685s][info ][gc,phases     ] GC(37)   Pre Evacuate Collection Set: 0.0ms
[2023-11-16T05:39:12.241+0000][292.685s][info ][gc,phases     ] GC(37)   Evacuate Collection Set: 54.8ms
[2023-11-16T05:39:12.241+0000][292.685s][info ][gc,phases     ] GC(37)   Post Evacuate Collection Set: 4.4ms
[2023-11-16T05:39:12.241+0000][292.685s][info ][gc,phases     ] GC(37)   Other: 0.4ms
[2023-11-16T05:39:12.241+0000][292.685s][info ][gc,heap       ] GC(37) Eden regions: 474->0(474)
[2023-11-16T05:39:12.241+0000][292.685s][info ][gc,heap       ] GC(37) Survivor regions: 35->35(64)
[2023-11-16T05:39:12.241+0000][292.685s][info ][gc,heap       ] GC(37) Old regions: 110->116
[2023-11-16T05:39:12.241+0000][292.685s][info ][gc,heap       ] GC(37) Humongous regions: 0->0
[2023-11-16T05:39:12.241+0000][292.685s][info ][gc,metaspace  ] GC(37) Metaspace: 157158K(162392K)->157158K(162392K) NonClass: 138819K(142040K)->138819K(142040K) Class: 18338K(20352K)->18338K(20352K)
[2023-11-16T05:39:12.241+0000][292.685s][info ][gc            ] GC(37) Pause Young (Normal) (G1 Evacuation Pause) 617M->149M(849M) 59.821ms
[2023-11-16T05:39:12.242+0000][292.685s][info ][gc,cpu        ] GC(37) User=0.23s Sys=0.00s Real=0.06s
[2023-11-16T05:39:12.242+0000][292.685s][info ][safepoint     ] Leaving safepoint region
[2023-11-16T05:39:12.242+0000][292.685s][info ][safepoint     ] Total time for which application threads were stopped: 0.0619864 seconds, Stopping threads took: 0.0017399 seconds
[2023-11-16T05:39:12.242+0000][292.685s][info ][gc,stringdedup] Concurrent String Deduplication (292.685s)
[2023-11-16T05:39:12.245+0000][292.688s][info ][gc,stringdedup] Concurrent String Deduplication 528.0K->184.0K(344.0K) avg 54.0% (292.685s, 292.688s) 2.768ms
[2023-11-16T05:39:13.242+0000][293.685s][debug][safepoint     ] Safepoint synchronization initiated. (171 threads)
[2023-11-16T05:39:13.242+0000][293.685s][info ][safepoint     ] Application time: 1.0001833 seconds
[2023-11-16T05:39:13.242+0000][293.685s][info ][safepoint     ] Entering safepoint region: Cleanup
[2023-11-16T05:39:13.242+0000][293.685s][info ][safepoint     ] Leaving safepoint region
[2023-11-16T05:39:13.242+0000][293.686s][info ][safepoint     ] Total time for which application threads were stopped: 0.0003520 seconds, Stopping threads took: 0.0000539 seconds
[2023-11-16T05:39:14.242+0000][294.686s][debug][safepoint     ] Safepoint synchronization initiated. (171 threads)
[2023-11-16T05:39:14.242+0000][294.686s][info ][safepoint     ] Application time: 1.0001783 seconds
[2023-11-16T05:39:14.242+0000][294.686s][info ][safepoint     ] Entering safepoint region: Cleanup
[2023-11-16T05:39:14.243+0000][294.686s][info ][safepoint     ] Leaving safepoint region
[2023-11-16T05:39:14.243+0000][294.686s][info ][safepoint     ] Total time for which application threads were stopped: 0.0003318 seconds, Stopping threads took: 0.0000532 seconds
[2023-11-16T05:39:15.243+0000][295.686s][debug][safepoint     ] Safepoint synchronization initiated. (171 threads)
[2023-11-16T05:39:15.243+0000][295.686s][info ][safepoint     ] Application time: 1.0001810 seconds
[2023-11-16T05:39:15.243+0000][295.686s][info ][safepoint     ] Entering safepoint region: Cleanup
[2023-11-16T05:39:15.243+0000][295.687s][info ][safepoint     ] Leaving safepoint region
[2023-11-16T05:39:15.243+0000][295.687s][info ][safepoint     ] Total time for which application threads were stopped: 0.0003361 seconds, Stopping threads took: 0.0000535 seconds
[2023-11-16T05:39:16.243+0000][296.687s][debug][safepoint     ] Safepoint synchronization initiated. (171 threads)
[2023-11-16T05:39:16.244+0000][296.687s][info ][safepoint     ] Application time: 1.0001967 seconds
[2023-11-16T05:39:16.244+0000][296.687s][info ][safepoint     ] Entering safepoint region: Cleanup
[2023-11-16T05:39:16.244+0000][296.687s][info ][safepoint     ] Leaving safepoint region
[2023-11-16T05:39:16.244+0000][296.687s][info ][safepoint     ] Total time for which application threads were stopped: 0.0003322 seconds, Stopping threads took: 0.0000530 seconds
[2023-11-16T05:39:17.244+0000][297.687s][debug][safepoint     ] Safepoint synchronization initiated. (171 threads)
[2023-11-16T05:39:17.244+0000][297.687s][info ][safepoint     ] Application time: 1.0001584 seconds
[2023-11-16T05:39:17.244+0000][297.687s][info ][safepoint     ] Entering safepoint region: Cleanup
[2023-11-16T05:39:17.244+0000][297.688s][info ][safepoint     ] Leaving safepoint region
[2023-11-16T05:39:17.244+0000][297.688s][info ][safepoint     ] Total time for which application threads were stopped: 0.0003313 seconds, Stopping threads took: 0.0000528 seconds
[2023-11-16T05:39:18.245+0000][298.688s][debug][safepoint     ] Safepoint synchronization initiated. (171 threads)
[2023-11-16T05:39:18.245+0000][298.688s][info ][safepoint     ] Application time: 1.0001720 seconds
[2023-11-16T05:39:18.245+0000][298.688s][info ][safepoint     ] Entering safepoint region: Cleanup
[2023-11-16T05:39:18.245+0000][298.688s][info ][safepoint     ] Leaving safepoint region
[2023-11-16T05:39:18.245+0000][298.688s][info ][safepoint     ] Total time for which application threads were stopped: 0.0003277 seconds, Stopping threads took: 0.0000501 seconds
[2023-11-16T05:39:19.245+0000][299.688s][debug][safepoint     ] Safepoint synchronization initiated. (171 threads)
[2023-11-16T05:39:19.245+0000][299.688s][info ][safepoint     ] Application time: 1.0001834 seconds
[2023-11-16T05:39:19.245+0000][299.689s][info ][safepoint     ] Entering safepoint region: Cleanup
[2023-11-16T05:39:19.246+0000][299.689s][info ][safepoint     ] Leaving safepoint region
[2023-11-16T05:39:19.246+0000][299.689s][info ][safepoint     ] Total time for which application threads were stopped: 0.0003676 seconds, Stopping threads took: 0.0001740 seconds
[2023-11-16T05:39:20.246+0000][300.689s][debug][safepoint     ] Safepoint synchronization initiated. (171 threads)
[2023-11-16T05:39:20.246+0000][300.689s][info ][safepoint     ] Application time: 1.0001644 seconds
[2023-11-16T05:39:20.246+0000][300.689s][info ][safepoint     ] Entering safepoint region: Cleanup
[2023-11-16T05:39:20.246+0000][300.689s][info ][safepoint     ] Leaving safepoint region
[2023-11-16T05:39:20.246+0000][300.689s][info ][safepoint     ] Total time for which application threads were stopped: 0.0003309 seconds, Stopping threads took: 0.0000528 seconds
[2023-11-16T05:39:21.246+0000][301.690s][debug][safepoint     ] Safepoint synchronization initiated. (171 threads)
[2023-11-16T05:39:21.246+0000][301.690s][info ][safepoint     ] Application time: 1.0001693 seconds
[2023-11-16T05:39:21.246+0000][301.690s][info ][safepoint     ] Entering safepoint region: Cleanup
[2023-11-16T05:39:21.247+0000][301.690s][info ][safepoint     ] Leaving safepoint region
[2023-11-16T05:39:21.247+0000][301.690s][info ][safepoint     ] Total time for which application threads were stopped: 0.0003173 seconds, Stopping threads took: 0.0000527 seconds
[2023-11-16T05:39:22.247+0000][302.690s][debug][safepoint     ] Safepoint synchronization initiated. (171 threads)
[2023-11-16T05:39:22.247+0000][302.690s][info ][safepoint     ] Application time: 1.0001636 seconds
[2023-11-16T05:39:22.247+0000][302.690s][info ][safepoint     ] Entering safepoint region: Cleanup
[2023-11-16T05:39:22.247+0000][302.690s][info ][safepoint     ] Leaving safepoint region
[2023-11-16T05:39:22.247+0000][302.690s][info ][safepoint     ] Total time for which application threads were stopped: 0.0003388 seconds, Stopping threads took: 0.0000540 seconds
[2023-11-16T05:39:23.247+0000][303.691s][debug][safepoint     ] Safepoint synchronization initiated. (171 threads)
[2023-11-16T05:39:23.247+0000][303.691s][info ][safepoint     ] Application time: 1.0001513 seconds
[2023-11-16T05:39:23.247+0000][303.691s][info ][safepoint     ] Entering safepoint region: Cleanup
[2023-11-16T05:39:23.248+0000][303.691s][info ][safepoint     ] Leaving safepoint region
[2023-11-16T05:39:23.248+0000][303.691s][info ][safepoint     ] Total time for which application threads were stopped: 0.0002764 seconds, Stopping threads took: 0.0000528 seconds
[2023-11-16T05:39:24.248+0000][304.691s][debug][safepoint     ] Safepoint synchronization initiated. (171 threads)
[2023-11-16T05:39:24.248+0000][304.691s][info ][safepoint     ] Application time: 1.0001373 seconds
[2023-11-16T05:39:24.248+0000][304.691s][info ][safepoint     ] Entering safepoint region: Cleanup
[2023-11-16T05:39:24.248+0000][304.691s][info ][safepoint     ] Leaving safepoint region
[2023-11-16T05:39:24.248+0000][304.691s][info ][safepoint     ] Total time for which application threads were stopped: 0.0003351 seconds, Stopping threads took: 0.0000529 seconds
[2023-11-16T05:39:25.248+0000][305.692s][debug][safepoint     ] Safepoint synchronization initiated. (171 threads)
[2023-11-16T05:39:25.248+0000][305.692s][info ][safepoint     ] Application time: 1.0001536 seconds
[2023-11-16T05:39:25.248+0000][305.692s][info ][safepoint     ] Entering safepoint region: Cleanup
[2023-11-16T05:39:25.249+0000][305.692s][info ][safepoint     ] Leaving safepoint region
[2023-11-16T05:39:25.249+0000][305.692s][info ][safepoint     ] Total time for which application threads were stopped: 0.0003288 seconds, Stopping threads took: 0.0000524 seconds
[2023-11-16T05:39:26.249+0000][306.692s][debug][safepoint     ] Safepoint synchronization initiated. (171 threads)
[2023-11-16T05:39:26.249+0000][306.692s][info ][safepoint     ] Application time: 1.0001649 seconds
[2023-11-16T05:39:26.249+0000][306.692s][info ][safepoint     ] Entering safepoint region: Cleanup
[2023-11-16T05:39:26.249+0000][306.692s][info ][safepoint     ] Leaving safepoint region
[2023-11-16T05:39:26.249+0000][306.693s][info ][safepoint     ] Total time for which application threads were stopped: 0.0003287 seconds, Stopping threads took: 0.0000522 seconds
[2023-11-16T05:39:27.249+0000][307.693s][debug][safepoint     ] Safepoint synchronization initiated. (171 threads)
[2023-11-16T05:39:27.249+0000][307.693s][info ][safepoint     ] Application time: 1.0001722 seconds
[2023-11-16T05:39:27.249+0000][307.693s][info ][safepoint     ] Entering safepoint region: Cleanup
[2023-11-16T05:39:27.250+0000][307.693s][info ][safepoint     ] Leaving safepoint region
[2023-11-16T05:39:27.250+0000][307.693s][info ][safepoint     ] Total time for which application threads were stopped: 0.0003335 seconds, Stopping threads took: 0.0000523 seconds
[2023-11-16T05:39:28.250+0000][308.693s][debug][safepoint     ] Safepoint synchronization initiated. (171 threads)
[2023-11-16T05:39:28.250+0000][308.693s][info ][safepoint     ] Application time: 1.0001910 seconds
[2023-11-16T05:39:28.250+0000][308.693s][info ][safepoint     ] Entering safepoint region: Cleanup
[2023-11-16T05:39:28.250+0000][308.694s][info ][safepoint     ] Leaving safepoint region
[2023-11-16T05:39:28.250+0000][308.694s][info ][safepoint     ] Total time for which application threads were stopped: 0.0003298 seconds, Stopping threads took: 0.0000502 seconds
[2023-11-16T05:39:29.250+0000][309.694s][debug][safepoint     ] Safepoint synchronization initiated. (171 threads)
[2023-11-16T05:39:29.250+0000][309.694s][info ][safepoint     ] Application time: 1.0001507 seconds
[2023-11-16T05:39:29.251+0000][309.694s][info ][safepoint     ] Entering safepoint region: Cleanup
[2023-11-16T05:39:29.251+0000][309.694s][info ][safepoint     ] Leaving safepoint region
[2023-11-16T05:39:29.251+0000][309.694s][info ][safepoint     ] Total time for which application threads were stopped: 0.0002473 seconds, Stopping threads took: 0.0000552 seconds
[2023-11-16T05:39:30.251+0000][310.694s][debug][safepoint     ] Safepoint synchronization initiated. (171 threads)
[2023-11-16T05:39:30.251+0000][310.694s][info ][safepoint     ] Application time: 1.0001741 seconds
[2023-11-16T05:39:30.251+0000][310.694s][info ][safepoint     ] Entering safepoint region: Cleanup
[2023-11-16T05:39:30.251+0000][310.694s][info ][safepoint     ] Leaving safepoint region
[2023-11-16T05:39:30.251+0000][310.695s][info ][safepoint     ] Total time for which application threads were stopped: 0.0002502 seconds, Stopping threads took: 0.0000530 seconds
[2023-11-16T05:39:31.251+0000][311.695s][debug][safepoint     ] Safepoint synchronization initiated. (171 threads)
[2023-11-16T05:39:31.251+0000][311.695s][info ][safepoint     ] Application time: 1.0001688 seconds
[2023-11-16T05:39:31.251+0000][311.695s][info ][safepoint     ] Entering safepoint region: Cleanup
[2023-11-16T05:39:31.252+0000][311.695s][info ][safepoint     ] Leaving safepoint region
[2023-11-16T05:39:31.252+0000][311.695s][info ][safepoint     ] Total time for which application threads were stopped: 0.0003332 seconds, Stopping threads took: 0.0000535 seconds
[2023-11-16T05:39:32.252+0000][312.695s][debug][safepoint     ] Safepoint synchronization initiated. (171 threads)
[2023-11-16T05:39:32.252+0000][312.695s][info ][safepoint     ] Application time: 1.0001673 seconds
[2023-11-16T05:39:32.252+0000][312.695s][info ][safepoint     ] Entering safepoint region: Cleanup
[2023-11-16T05:39:32.252+0000][312.696s][info ][safepoint     ] Leaving safepoint region
[2023-11-16T05:39:32.252+0000][312.696s][info ][safepoint     ] Total time for which application threads were stopped: 0.0002531 seconds, Stopping threads took: 0.0000556 seconds
[2023-11-16T05:39:33.252+0000][313.696s][debug][safepoint     ] Safepoint synchronization initiated. (171 threads)
[2023-11-16T05:39:33.252+0000][313.696s][info ][safepoint     ] Application time: 1.0002013 seconds
[2023-11-16T05:39:33.252+0000][313.696s][info ][safepoint     ] Entering safepoint region: Cleanup
[2023-11-16T05:39:33.253+0000][313.696s][info ][safepoint     ] Leaving safepoint region
[2023-11-16T05:39:33.253+0000][313.696s][info ][safepoint     ] Total time for which application threads were stopped: 0.0002566 seconds, Stopping threads took: 0.0000523 seconds
[2023-11-16T05:39:34.253+0000][314.696s][debug][safepoint     ] Safepoint synchronization initiated. (171 threads)
[2023-11-16T05:39:34.253+0000][314.696s][info ][safepoint     ] Application time: 1.0001845 seconds
[2023-11-16T05:39:34.253+0000][314.696s][info ][safepoint     ] Entering safepoint region: Cleanup
[2023-11-16T05:39:34.253+0000][314.697s][info ][safepoint     ] Leaving safepoint region
[2023-11-16T05:39:34.253+0000][314.697s][info ][safepoint     ] Total time for which application threads were stopped: 0.0003335 seconds, Stopping threads took: 0.0000520 seconds
[2023-11-16T05:39:35.253+0000][315.697s][debug][safepoint     ] Safepoint synchronization initiated. (171 threads)
[2023-11-16T05:39:35.253+0000][315.697s][info ][safepoint     ] Application time: 1.0001762 seconds
[2023-11-16T05:39:35.254+0000][315.697s][info ][safepoint     ] Entering safepoint region: Cleanup
[2023-11-16T05:39:35.254+0000][315.697s][info ][safepoint     ] Leaving safepoint region
[2023-11-16T05:39:35.254+0000][315.697s][info ][safepoint     ] Total time for which application threads were stopped: 0.0003373 seconds, Stopping threads took: 0.0000533 seconds
[2023-11-16T05:39:36.254+0000][316.697s][debug][safepoint     ] Safepoint synchronization initiated. (171 threads)
[2023-11-16T05:39:36.254+0000][316.697s][info ][safepoint     ] Application time: 1.0001735 seconds
[2023-11-16T05:39:36.254+0000][316.697s][info ][safepoint     ] Entering safepoint region: Cleanup
[2023-11-16T05:39:36.254+0000][316.698s][info ][safepoint     ] Leaving safepoint region
[2023-11-16T05:39:36.254+0000][316.698s][info ][safepoint     ] Total time for which application threads were stopped: 0.0003382 seconds, Stopping threads took: 0.0000529 seconds
[2023-11-16T05:39:37.254+0000][317.698s][debug][safepoint     ] Safepoint synchronization initiated. (171 threads)
[2023-11-16T05:39:37.255+0000][317.698s][info ][safepoint     ] Application time: 1.0001625 seconds
[2023-11-16T05:39:37.255+0000][317.698s][info ][safepoint     ] Entering safepoint region: Cleanup
[2023-11-16T05:39:37.255+0000][317.698s][info ][safepoint     ] Leaving safepoint region
[2023-11-16T05:39:37.255+0000][317.698s][info ][safepoint     ] Total time for which application threads were stopped: 0.0005132 seconds, Stopping threads took: 0.0003106 seconds
[2023-11-16T05:39:38.255+0000][318.698s][debug][safepoint     ] Safepoint synchronization initiated. (171 threads)
[2023-11-16T05:39:38.255+0000][318.699s][info ][safepoint     ] Application time: 1.0001571 seconds
[2023-11-16T05:39:38.255+0000][318.699s][info ][safepoint     ] Entering safepoint region: Cleanup
[2023-11-16T05:39:38.255+0000][318.699s][info ][safepoint     ] Leaving safepoint region
[2023-11-16T05:39:38.256+0000][318.699s][info ][safepoint     ] Total time for which application threads were stopped: 0.0002620 seconds, Stopping threads took: 0.0000502 seconds
[2023-11-16T05:39:39.256+0000][319.699s][debug][safepoint     ] Safepoint synchronization initiated. (171 threads)
[2023-11-16T05:39:39.256+0000][319.699s][info ][safepoint     ] Application time: 1.0001523 seconds
[2023-11-16T05:39:39.256+0000][319.699s][info ][safepoint     ] Entering safepoint region: Cleanup
[2023-11-16T05:39:39.256+0000][319.699s][info ][safepoint     ] Leaving safepoint region
[2023-11-16T05:39:39.256+0000][319.699s][info ][safepoint     ] Total time for which application threads were stopped: 0.0002409 seconds, Stopping threads took: 0.0000531 seconds
[2023-11-16T05:39:40.256+0000][320.699s][debug][safepoint     ] Safepoint synchronization initiated. (171 threads)
[2023-11-16T05:39:40.256+0000][320.699s][info ][safepoint     ] Application time: 1.0001872 seconds
[2023-11-16T05:39:40.256+0000][320.700s][info ][safepoint     ] Entering safepoint region: Cleanup
[2023-11-16T05:39:40.256+0000][320.700s][info ][safepoint     ] Leaving safepoint region
[2023-11-16T05:39:40.256+0000][320.700s][info ][safepoint     ] Total time for which application threads were stopped: 0.0003155 seconds, Stopping threads took: 0.0000536 seconds
[2023-11-16T05:39:41.257+0000][321.700s][debug][safepoint     ] Safepoint synchronization initiated. (171 threads)
[2023-11-16T05:39:41.257+0000][321.700s][info ][safepoint     ] Application time: 1.0001728 seconds
[2023-11-16T05:39:41.257+0000][321.700s][info ][safepoint     ] Entering safepoint region: Cleanup
[2023-11-16T05:39:41.257+0000][321.700s][info ][safepoint     ] Leaving safepoint region
[2023-11-16T05:39:41.257+0000][321.700s][info ][safepoint     ] Total time for which application threads were stopped: 0.0003096 seconds, Stopping threads took: 0.0000526 seconds
[2023-11-16T05:39:42.257+0000][322.700s][debug][safepoint     ] Safepoint synchronization initiated. (171 threads)
[2023-11-16T05:39:42.257+0000][322.701s][info ][safepoint     ] Application time: 1.0001707 seconds
[2023-11-16T05:39:42.257+0000][322.701s][info ][safepoint     ] Entering safepoint region: Cleanup
[2023-11-16T05:39:42.258+0000][322.701s][info ][safepoint     ] Leaving safepoint region
[2023-11-16T05:39:42.258+0000][322.701s][info ][safepoint     ] Total time for which application threads were stopped: 0.0003507 seconds, Stopping threads took: 0.0001614 seconds
[2023-11-16T05:39:43.258+0000][323.701s][debug][safepoint     ] Safepoint synchronization initiated. (171 threads)
[2023-11-16T05:39:43.258+0000][323.701s][info ][safepoint     ] Application time: 1.0001790 seconds
[2023-11-16T05:39:43.258+0000][323.701s][info ][safepoint     ] Entering safepoint region: Cleanup
[2023-11-16T05:39:43.258+0000][323.701s][info ][safepoint     ] Leaving safepoint region
[2023-11-16T05:39:43.258+0000][323.701s][info ][safepoint     ] Total time for which application threads were stopped: 0.0003303 seconds, Stopping threads took: 0.0000532 seconds
[2023-11-16T05:39:44.258+0000][324.702s][debug][safepoint     ] Safepoint synchronization initiated. (171 threads)
[2023-11-16T05:39:44.258+0000][324.702s][info ][safepoint     ] Application time: 1.0001816 seconds
[2023-11-16T05:39:44.258+0000][324.702s][info ][safepoint     ] Entering safepoint region: Cleanup
[2023-11-16T05:39:44.259+0000][324.702s][info ][safepoint     ] Leaving safepoint region
[2023-11-16T05:39:44.259+0000][324.702s][info ][safepoint     ] Total time for which application threads were stopped: 0.0003274 seconds, Stopping threads took: 0.0000517 seconds
[2023-11-16T05:39:45.259+0000][325.702s][debug][safepoint     ] Safepoint synchronization initiated. (171 threads)
[2023-11-16T05:39:45.259+0000][325.702s][info ][safepoint     ] Application time: 1.0001718 seconds
[2023-11-16T05:39:45.259+0000][325.702s][info ][safepoint     ] Entering safepoint region: Cleanup
[2023-11-16T05:39:45.259+0000][325.702s][info ][safepoint     ] Leaving safepoint region
[2023-11-16T05:39:45.259+0000][325.703s][info ][safepoint     ] Total time for which application threads were stopped: 0.0003288 seconds, Stopping threads took: 0.0000530 seconds
[2023-11-16T05:39:46.259+0000][326.703s][debug][safepoint     ] Safepoint synchronization initiated. (171 threads)
[2023-11-16T05:39:46.259+0000][326.703s][info ][safepoint     ] Application time: 1.0001590 seconds
[2023-11-16T05:39:46.259+0000][326.703s][info ][safepoint     ] Entering safepoint region: Cleanup
[2023-11-16T05:39:46.260+0000][326.703s][info ][safepoint     ] Leaving safepoint region
[2023-11-16T05:39:46.260+0000][326.703s][info ][safepoint     ] Total time for which application threads were stopped: 0.0003153 seconds, Stopping threads took: 0.0000525 seconds
[2023-11-16T05:39:47.260+0000][327.703s][debug][safepoint     ] Safepoint synchronization initiated. (171 threads)
[2023-11-16T05:39:47.260+0000][327.703s][info ][safepoint     ] Application time: 1.0001860 seconds
[2023-11-16T05:39:47.260+0000][327.703s][info ][safepoint     ] Entering safepoint region: Cleanup
[2023-11-16T05:39:47.260+0000][327.704s][info ][safepoint     ] Leaving safepoint region
[2023-11-16T05:39:47.260+0000][327.704s][info ][safepoint     ] Total time for which application threads were stopped: 0.0003218 seconds, Stopping threads took: 0.0000588 seconds
[2023-11-16T05:39:48.260+0000][328.704s][debug][safepoint     ] Safepoint synchronization initiated. (171 threads)
[2023-11-16T05:39:48.260+0000][328.704s][info ][safepoint     ] Application time: 1.0001642 seconds
[2023-11-16T05:39:48.260+0000][328.704s][info ][safepoint     ] Entering safepoint region: Cleanup
[2023-11-16T05:39:48.261+0000][328.704s][info ][safepoint     ] Leaving safepoint region
[2023-11-16T05:39:48.261+0000][328.704s][info ][safepoint     ] Total time for which application threads were stopped: 0.0003272 seconds, Stopping threads took: 0.0000485 seconds
[2023-11-16T05:39:49.261+0000][329.704s][debug][safepoint     ] Safepoint synchronization initiated. (171 threads)
[2023-11-16T05:39:49.261+0000][329.704s][info ][safepoint     ] Application time: 1.0001593 seconds
[2023-11-16T05:39:49.261+0000][329.704s][info ][safepoint     ] Entering safepoint region: Cleanup
[2023-11-16T05:39:49.261+0000][329.705s][info ][safepoint     ] Leaving safepoint region
[2023-11-16T05:39:49.261+0000][329.705s][info ][safepoint     ] Total time for which application threads were stopped: 0.0003349 seconds, Stopping threads took: 0.0000512 seconds
[2023-11-16T05:39:50.261+0000][330.705s][debug][safepoint     ] Safepoint synchronization initiated. (171 threads)
[2023-11-16T05:39:50.261+0000][330.705s][info ][safepoint     ] Application time: 1.0001662 seconds
[2023-11-16T05:39:50.262+0000][330.705s][info ][safepoint     ] Entering safepoint region: Cleanup
[2023-11-16T05:39:50.262+0000][330.705s][info ][safepoint     ] Leaving safepoint region
[2023-11-16T05:39:50.262+0000][330.705s][info ][safepoint     ] Total time for which application threads were stopped: 0.0002419 seconds, Stopping threads took: 0.0000530 seconds
[2023-11-16T05:39:51.262+0000][331.705s][debug][safepoint     ] Safepoint synchronization initiated. (171 threads)
[2023-11-16T05:39:51.262+0000][331.705s][info ][safepoint     ] Application time: 1.0001455 seconds
[2023-11-16T05:39:51.262+0000][331.705s][info ][safepoint     ] Entering safepoint region: Cleanup
[2023-11-16T05:39:51.262+0000][331.706s][info ][safepoint     ] Leaving safepoint region
[2023-11-16T05:39:51.262+0000][331.706s][info ][safepoint     ] Total time for which application threads were stopped: 0.0002798 seconds, Stopping threads took: 0.0000530 seconds
[2023-11-16T05:39:52.262+0000][332.706s][debug][safepoint     ] Safepoint synchronization initiated. (171 threads)
[2023-11-16T05:39:52.262+0000][332.706s][info ][safepoint     ] Application time: 1.0001487 seconds
[2023-11-16T05:39:52.262+0000][332.706s][info ][safepoint     ] Entering safepoint region: Cleanup
[2023-11-16T05:39:52.263+0000][332.706s][info ][safepoint     ] Leaving safepoint region
[2023-11-16T05:39:52.263+0000][332.706s][info ][safepoint     ] Total time for which application threads were stopped: 0.0005433 seconds, Stopping threads took: 0.0003299 seconds
[2023-11-16T05:39:53.263+0000][333.706s][debug][safepoint     ] Safepoint synchronization initiated. (171 threads)
[2023-11-16T05:39:53.263+0000][333.706s][info ][safepoint     ] Application time: 1.0001590 seconds
[2023-11-16T05:39:53.263+0000][333.706s][info ][safepoint     ] Entering safepoint region: Cleanup
[2023-11-16T05:39:53.263+0000][333.707s][info ][safepoint     ] Leaving safepoint region
[2023-11-16T05:39:53.263+0000][333.707s][info ][safepoint     ] Total time for which application threads were stopped: 0.0002404 seconds, Stopping threads took: 0.0000534 seconds
[2023-11-16T05:39:54.263+0000][334.707s][debug][safepoint     ] Safepoint synchronization initiated. (171 threads)
[2023-11-16T05:39:54.264+0000][334.707s][info ][safepoint     ] Application time: 1.0002064 seconds
[2023-11-16T05:39:54.264+0000][334.707s][info ][safepoint     ] Entering safepoint region: Cleanup
[2023-11-16T05:39:54.264+0000][334.707s][info ][safepoint     ] Leaving safepoint region
[2023-11-16T05:39:54.264+0000][334.707s][info ][safepoint     ] Total time for which application threads were stopped: 0.0003400 seconds, Stopping threads took: 0.0000531 seconds
[2023-11-16T05:39:55.264+0000][335.707s][debug][safepoint     ] Safepoint synchronization initiated. (171 threads)
[2023-11-16T05:39:55.264+0000][335.707s][info ][safepoint     ] Application time: 1.0001875 seconds
[2023-11-16T05:39:55.264+0000][335.708s][info ][safepoint     ] Entering safepoint region: Cleanup
[2023-11-16T05:39:55.264+0000][335.708s][info ][safepoint     ] Leaving safepoint region
[2023-11-16T05:39:55.265+0000][335.708s][info ][safepoint     ] Total time for which application threads were stopped: 0.0003330 seconds, Stopping threads took: 0.0000516 seconds
[2023-11-16T05:39:56.265+0000][336.708s][debug][safepoint     ] Safepoint synchronization initiated. (171 threads)
[2023-11-16T05:39:56.265+0000][336.708s][info ][safepoint     ] Application time: 1.0001586 seconds
[2023-11-16T05:39:56.265+0000][336.708s][info ][safepoint     ] Entering safepoint region: Cleanup
[2023-11-16T05:39:56.265+0000][336.708s][info ][safepoint     ] Leaving safepoint region
[2023-11-16T05:39:56.265+0000][336.708s][info ][safepoint     ] Total time for which application threads were stopped: 0.0003312 seconds, Stopping threads took: 0.0000519 seconds
[2023-11-16T05:39:57.265+0000][337.708s][debug][safepoint     ] Safepoint synchronization initiated. (171 threads)
[2023-11-16T05:39:57.265+0000][337.709s][info ][safepoint     ] Application time: 1.0001924 seconds
[2023-11-16T05:39:57.265+0000][337.709s][info ][safepoint     ] Entering safepoint region: Cleanup
[2023-11-16T05:39:57.266+0000][337.709s][info ][safepoint     ] Leaving safepoint region
[2023-11-16T05:39:57.266+0000][337.709s][info ][safepoint     ] Total time for which application threads were stopped: 0.0003637 seconds, Stopping threads took: 0.0000533 seconds
[2023-11-16T05:39:58.266+0000][338.709s][debug][safepoint     ] Safepoint synchronization initiated. (171 threads)
[2023-11-16T05:39:58.266+0000][338.709s][info ][safepoint     ] Application time: 1.0001487 seconds
[2023-11-16T05:39:58.266+0000][338.709s][info ][safepoint     ] Entering safepoint region: Cleanup
[2023-11-16T05:39:58.266+0000][338.709s][info ][safepoint     ] Leaving safepoint region
[2023-11-16T05:39:58.266+0000][338.709s][info ][safepoint     ] Total time for which application threads were stopped: 0.0002457 seconds, Stopping threads took: 0.0000501 seconds
[2023-11-16T05:39:59.266+0000][339.710s][debug][safepoint     ] Safepoint synchronization initiated. (170 threads)
[2023-11-16T05:39:59.266+0000][339.710s][info ][safepoint     ] Application time: 1.0001644 seconds
[2023-11-16T05:39:59.266+0000][339.710s][info ][safepoint     ] Entering safepoint region: Cleanup
[2023-11-16T05:39:59.266+0000][339.710s][info ][safepoint     ] Leaving safepoint region
[2023-11-16T05:39:59.267+0000][339.710s][info ][safepoint     ] Total time for which application threads were stopped: 0.0002436 seconds, Stopping threads took: 0.0000526 seconds
[2023-11-16T05:40:00.267+0000][340.710s][debug][safepoint     ] Safepoint synchronization initiated. (170 threads)
[2023-11-16T05:40:00.267+0000][340.710s][info ][safepoint     ] Application time: 1.0001458 seconds
[2023-11-16T05:40:00.267+0000][340.710s][info ][safepoint     ] Entering safepoint region: Cleanup
[2023-11-16T05:40:00.267+0000][340.710s][info ][safepoint     ] Leaving safepoint region
[2023-11-16T05:40:00.267+0000][340.710s][info ][safepoint     ] Total time for which application threads were stopped: 0.0002784 seconds, Stopping threads took: 0.0000528 seconds
[2023-11-16T05:40:01.267+0000][341.710s][debug][safepoint     ] Safepoint synchronization initiated. (170 threads)
[2023-11-16T05:40:01.267+0000][341.710s][info ][safepoint     ] Application time: 1.0001933 seconds
[2023-11-16T05:40:01.267+0000][341.711s][info ][safepoint     ] Entering safepoint region: Cleanup
[2023-11-16T05:40:01.267+0000][341.711s][info ][safepoint     ] Leaving safepoint region
[2023-11-16T05:40:01.267+0000][341.711s][info ][safepoint     ] Total time for which application threads were stopped: 0.0003058 seconds, Stopping threads took: 0.0000522 seconds
[2023-11-16T05:40:02.268+0000][342.711s][debug][safepoint     ] Safepoint synchronization initiated. (170 threads)
[2023-11-16T05:40:02.268+0000][342.711s][info ][safepoint     ] Application time: 1.0001234 seconds
[2023-11-16T05:40:02.268+0000][342.711s][info ][safepoint     ] Entering safepoint region: Cleanup
[2023-11-16T05:40:02.268+0000][342.711s][info ][safepoint     ] Leaving safepoint region
[2023-11-16T05:40:02.268+0000][342.711s][info ][safepoint     ] Total time for which application threads were stopped: 0.0002594 seconds, Stopping threads took: 0.0000443 seconds
[2023-11-16T05:40:03.268+0000][343.711s][debug][safepoint     ] Safepoint synchronization initiated. (170 threads)
[2023-11-16T05:40:03.268+0000][343.711s][info ][safepoint     ] Application time: 1.0001366 seconds
[2023-11-16T05:40:03.268+0000][343.711s][info ][safepoint     ] Entering safepoint region: Cleanup
[2023-11-16T05:40:03.268+0000][343.712s][info ][safepoint     ] Leaving safepoint region
[2023-11-16T05:40:03.268+0000][343.712s][info ][safepoint     ] Total time for which application threads were stopped: 0.0002685 seconds, Stopping threads took: 0.0000505 seconds
[2023-11-16T05:40:04.268+0000][344.712s][debug][safepoint     ] Safepoint synchronization initiated. (170 threads)
[2023-11-16T05:40:04.269+0000][344.712s][info ][safepoint     ] Application time: 1.0001530 seconds
[2023-11-16T05:40:04.269+0000][344.712s][info ][safepoint     ] Entering safepoint region: Cleanup
[2023-11-16T05:40:04.269+0000][344.712s][info ][safepoint     ] Leaving safepoint region
[2023-11-16T05:40:04.269+0000][344.712s][info ][safepoint     ] Total time for which application threads were stopped: 0.0003242 seconds, Stopping threads took: 0.0000497 seconds
[2023-11-16T05:40:05.269+0000][345.712s][debug][safepoint     ] Safepoint synchronization initiated. (170 threads)
[2023-11-16T05:40:05.269+0000][345.712s][info ][safepoint     ] Application time: 1.0001561 seconds
[2023-11-16T05:40:05.269+0000][345.712s][info ][safepoint     ] Entering safepoint region: Cleanup
[2023-11-16T05:40:05.269+0000][345.713s][info ][safepoint     ] Leaving safepoint region
[2023-11-16T05:40:05.269+0000][345.713s][info ][safepoint     ] Total time for which application threads were stopped: 0.0002603 seconds, Stopping threads took: 0.0000510 seconds
[2023-11-16T05:40:05.269+0000][345.713s][debug][safepoint     ] ... found polling page return exception at pc = 0x00007fde849bede6, stub =0x00007fde7c83a800
[2023-11-16T05:40:05.269+0000][345.713s][debug][safepoint     ] ... found polling page return exception at pc = 0x00007fde849bede6, stub =0x00007fde7c83a800
[2023-11-16T05:40:06.269+0000][346.713s][debug][safepoint     ] Safepoint synchronization initiated. (170 threads)
[2023-11-16T05:40:06.269+0000][346.713s][info ][safepoint     ] Application time: 1.0001663 seconds
[2023-11-16T05:40:06.270+0000][346.713s][info ][safepoint     ] Entering safepoint region: Cleanup
[2023-11-16T05:40:06.270+0000][346.713s][info ][safepoint     ] Leaving safepoint region
[2023-11-16T05:40:06.270+0000][346.713s][info ][safepoint     ] Total time for which application threads were stopped: 0.0003325 seconds, Stopping threads took: 0.0000501 seconds
[2023-11-16T05:40:07.270+0000][347.713s][debug][safepoint     ] Safepoint synchronization initiated. (170 threads)
[2023-11-16T05:40:07.270+0000][347.713s][info ][safepoint     ] Application time: 1.0001727 seconds
[2023-11-16T05:40:07.270+0000][347.713s][info ][safepoint     ] Entering safepoint region: Cleanup
[2023-11-16T05:40:07.270+0000][347.714s][info ][safepoint     ] Leaving safepoint region
[2023-11-16T05:40:07.270+0000][347.714s][info ][safepoint     ] Total time for which application threads were stopped: 0.0003510 seconds, Stopping threads took: 0.0000487 seconds
[2023-11-16T05:40:08.271+0000][348.714s][debug][safepoint     ] Safepoint synchronization initiated. (170 threads)
[2023-11-16T05:40:08.271+0000][348.714s][info ][safepoint     ] Application time: 1.0001624 seconds
[2023-11-16T05:40:08.271+0000][348.714s][info ][safepoint     ] Entering safepoint region: Cleanup
[2023-11-16T05:40:08.271+0000][348.714s][info ][safepoint     ] Leaving safepoint region
[2023-11-16T05:40:08.271+0000][348.714s][info ][safepoint     ] Total time for which application threads were stopped: 0.0003231 seconds, Stopping threads took: 0.0000485 seconds
[2023-11-16T05:40:09.271+0000][349.714s][debug][safepoint     ] Safepoint synchronization initiated. (170 threads)
[2023-11-16T05:40:09.271+0000][349.714s][info ][safepoint     ] Application time: 1.0001684 seconds
[2023-11-16T05:40:09.271+0000][349.714s][info ][safepoint     ] Entering safepoint region: Cleanup
[2023-11-16T05:40:09.271+0000][349.715s][info ][safepoint     ] Leaving safepoint region
[2023-11-16T05:40:09.271+0000][349.715s][info ][safepoint     ] Total time for which application threads were stopped: 0.0002938 seconds, Stopping threads took: 0.0000501 seconds
[2023-11-16T05:40:10.272+0000][350.715s][debug][safepoint     ] Safepoint synchronization initiated. (170 threads)
[2023-11-16T05:40:10.272+0000][350.715s][info ][safepoint     ] Application time: 1.0001549 seconds
[2023-11-16T05:40:10.272+0000][350.715s][info ][safepoint     ] Entering safepoint region: Cleanup
[2023-11-16T05:40:10.272+0000][350.715s][info ][safepoint     ] Leaving safepoint region
[2023-11-16T05:40:10.272+0000][350.715s][info ][safepoint     ] Total time for which application threads were stopped: 0.0003258 seconds, Stopping threads took: 0.0000498 seconds
[2023-11-16T05:40:11.272+0000][351.715s][debug][safepoint     ] Safepoint synchronization initiated. (170 threads)
[2023-11-16T05:40:11.272+0000][351.715s][info ][safepoint     ] Application time: 1.0001559 seconds
[2023-11-16T05:40:11.272+0000][351.715s][info ][safepoint     ] Entering safepoint region: Cleanup
[2023-11-16T05:40:11.272+0000][351.716s][info ][safepoint     ] Leaving safepoint region
[2023-11-16T05:40:11.272+0000][351.716s][info ][safepoint     ] Total time for which application threads were stopped: 0.0003311 seconds, Stopping threads took: 0.0000523 seconds
[2023-11-16T05:40:12.273+0000][352.716s][debug][safepoint     ] Safepoint synchronization initiated. (170 threads)
[2023-11-16T05:40:12.273+0000][352.716s][info ][safepoint     ] Application time: 1.0001722 seconds
[2023-11-16T05:40:12.273+0000][352.716s][info ][safepoint     ] Entering safepoint region: Cleanup
[2023-11-16T05:40:12.273+0000][352.716s][info ][safepoint     ] Leaving safepoint region
[2023-11-16T05:40:12.273+0000][352.716s][info ][safepoint     ] Total time for which application threads were stopped: 0.0003275 seconds, Stopping threads took: 0.0000497 seconds
[2023-11-16T05:40:13.273+0000][353.716s][debug][safepoint     ] Safepoint synchronization initiated. (170 threads)
[2023-11-16T05:40:13.273+0000][353.716s][info ][safepoint     ] Application time: 1.0001706 seconds
[2023-11-16T05:40:13.273+0000][353.717s][info ][safepoint     ] Entering safepoint region: Cleanup
[2023-11-16T05:40:13.274+0000][353.717s][info ][safepoint     ] Leaving safepoint region
[2023-11-16T05:40:13.274+0000][353.717s][info ][safepoint     ] Total time for which application threads were stopped: 0.0005225 seconds, Stopping threads took: 0.0002015 seconds
[2023-11-16T05:40:14.274+0000][354.717s][debug][safepoint     ] Safepoint synchronization initiated. (170 threads)
[2023-11-16T05:40:14.274+0000][354.717s][info ][safepoint     ] Application time: 1.0001704 seconds
[2023-11-16T05:40:14.274+0000][354.717s][info ][safepoint     ] Entering safepoint region: Cleanup
[2023-11-16T05:40:14.274+0000][354.718s][info ][safepoint     ] Leaving safepoint region
[2023-11-16T05:40:14.274+0000][354.718s][info ][safepoint     ] Total time for which application threads were stopped: 0.0003293 seconds, Stopping threads took: 0.0000499 seconds
[2023-11-16T05:40:15.274+0000][355.718s][debug][safepoint     ] Safepoint synchronization initiated. (170 threads)
[2023-11-16T05:40:15.274+0000][355.718s][info ][safepoint     ] Application time: 1.0001518 seconds
[2023-11-16T05:40:15.275+0000][355.718s][info ][safepoint     ] Entering safepoint region: Cleanup
[2023-11-16T05:40:15.275+0000][355.718s][info ][safepoint     ] Leaving safepoint region
[2023-11-16T05:40:15.275+0000][355.718s][info ][safepoint     ] Total time for which application threads were stopped: 0.0003288 seconds, Stopping threads took: 0.0000498 seconds
[2023-11-16T05:40:16.275+0000][356.718s][debug][safepoint     ] Safepoint synchronization initiated. (170 threads)
[2023-11-16T05:40:16.275+0000][356.718s][info ][safepoint     ] Application time: 1.0001580 seconds
[2023-11-16T05:40:16.275+0000][356.718s][info ][safepoint     ] Entering safepoint region: Cleanup
[2023-11-16T05:40:16.275+0000][356.719s][info ][safepoint     ] Leaving safepoint region
[2023-11-16T05:40:16.275+0000][356.719s][info ][safepoint     ] Total time for which application threads were stopped: 0.0003279 seconds, Stopping threads took: 0.0000505 seconds
[2023-11-16T05:40:17.275+0000][357.719s][debug][safepoint     ] Safepoint synchronization initiated. (170 threads)
[2023-11-16T05:40:17.276+0000][357.719s][info ][safepoint     ] Application time: 1.0001886 seconds
[2023-11-16T05:40:17.276+0000][357.719s][info ][safepoint     ] Entering safepoint region: Cleanup
[2023-11-16T05:40:17.276+0000][357.719s][info ][safepoint     ] Leaving safepoint region
[2023-11-16T05:40:17.276+0000][357.719s][info ][safepoint     ] Total time for which application threads were stopped: 0.0003224 seconds, Stopping threads took: 0.0000478 seconds
[2023-11-16T05:40:18.276+0000][358.719s][debug][safepoint     ] Safepoint synchronization initiated. (170 threads)
[2023-11-16T05:40:18.276+0000][358.719s][info ][safepoint     ] Application time: 1.0001374 seconds
[2023-11-16T05:40:18.276+0000][358.719s][info ][safepoint     ] Entering safepoint region: Cleanup
[2023-11-16T05:40:18.277+0000][358.720s][info ][safepoint     ] Leaving safepoint region
[2023-11-16T05:40:18.277+0000][358.720s][info ][safepoint     ] Total time for which application threads were stopped: 0.0005914 seconds, Stopping threads took: 0.0002702 seconds
[2023-11-16T05:40:19.277+0000][359.720s][debug][safepoint     ] Safepoint synchronization initiated. (170 threads)
[2023-11-16T05:40:19.277+0000][359.720s][info ][safepoint     ] Application time: 1.0001700 seconds
[2023-11-16T05:40:19.277+0000][359.720s][info ][safepoint     ] Entering safepoint region: Cleanup
[2023-11-16T05:40:19.277+0000][359.720s][info ][safepoint     ] Leaving safepoint region
[2023-11-16T05:40:19.277+0000][359.720s][info ][safepoint     ] Total time for which application threads were stopped: 0.0003301 seconds, Stopping threads took: 0.0000504 seconds
[2023-11-16T05:40:20.277+0000][360.721s][debug][safepoint     ] Safepoint synchronization initiated. (170 threads)
[2023-11-16T05:40:20.277+0000][360.721s][info ][safepoint     ] Application time: 1.0001686 seconds
[2023-11-16T05:40:20.277+0000][360.721s][info ][safepoint     ] Entering safepoint region: Cleanup
[2023-11-16T05:40:20.278+0000][360.721s][info ][safepoint     ] Leaving safepoint region
[2023-11-16T05:40:20.278+0000][360.721s][info ][safepoint     ] Total time for which application threads were stopped: 0.0003278 seconds, Stopping threads took: 0.0000490 seconds
[2023-11-16T05:40:21.278+0000][361.721s][debug][safepoint     ] Safepoint synchronization initiated. (170 threads)
[2023-11-16T05:40:21.278+0000][361.721s][info ][safepoint     ] Application time: 1.0001533 seconds
[2023-11-16T05:40:21.278+0000][361.721s][info ][safepoint     ] Entering safepoint region: Cleanup
[2023-11-16T05:40:21.278+0000][361.721s][info ][safepoint     ] Leaving safepoint region
[2023-11-16T05:40:21.278+0000][361.722s][info ][safepoint     ] Total time for which application threads were stopped: 0.0003221 seconds, Stopping threads took: 0.0000497 seconds
[2023-11-16T05:40:22.278+0000][362.722s][debug][safepoint     ] Safepoint synchronization initiated. (170 threads)
[2023-11-16T05:40:22.278+0000][362.722s][info ][safepoint     ] Application time: 1.0001678 seconds
[2023-11-16T05:40:22.278+0000][362.722s][info ][safepoint     ] Entering safepoint region: Cleanup
[2023-11-16T05:40:22.279+0000][362.722s][info ][safepoint     ] Leaving safepoint region
[2023-11-16T05:40:22.279+0000][362.722s][info ][safepoint     ] Total time for which application threads were stopped: 0.0003243 seconds, Stopping threads took: 0.0000499 seconds
[2023-11-16T05:40:23.279+0000][363.722s][debug][safepoint     ] Safepoint synchronization initiated. (170 threads)
[2023-11-16T05:40:23.279+0000][363.722s][info ][safepoint     ] Application time: 1.0001560 seconds
[2023-11-16T05:40:23.279+0000][363.722s][info ][safepoint     ] Entering safepoint region: Cleanup
[2023-11-16T05:40:23.280+0000][363.723s][info ][safepoint     ] Leaving safepoint region
[2023-11-16T05:40:23.280+0000][363.723s][info ][safepoint     ] Total time for which application threads were stopped: 0.0006191 seconds, Stopping threads took: 0.0003119 seconds
[2023-11-16T05:40:24.280+0000][364.723s][debug][safepoint     ] Safepoint synchronization initiated. (170 threads)
[2023-11-16T05:40:24.280+0000][364.723s][info ][safepoint     ] Application time: 1.0001482 seconds
[2023-11-16T05:40:24.280+0000][364.723s][info ][safepoint     ] Entering safepoint region: Cleanup
[2023-11-16T05:40:24.280+0000][364.723s][info ][safepoint     ] Leaving safepoint region
[2023-11-16T05:40:24.280+0000][364.723s][info ][safepoint     ] Total time for which application threads were stopped: 0.0002403 seconds, Stopping threads took: 0.0000499 seconds
[2023-11-16T05:40:25.280+0000][365.723s][debug][safepoint     ] Safepoint synchronization initiated. (170 threads)
[2023-11-16T05:40:25.280+0000][365.723s][info ][safepoint     ] Application time: 1.0001605 seconds
[2023-11-16T05:40:25.280+0000][365.724s][info ][safepoint     ] Entering safepoint region: Cleanup
[2023-11-16T05:40:25.280+0000][365.724s][info ][safepoint     ] Leaving safepoint region
[2023-11-16T05:40:25.280+0000][365.724s][info ][safepoint     ] Total time for which application threads were stopped: 0.0002828 seconds, Stopping threads took: 0.0000498 seconds
[2023-11-16T05:40:26.281+0000][366.724s][debug][safepoint     ] Safepoint synchronization initiated. (170 threads)
[2023-11-16T05:40:26.281+0000][366.724s][info ][safepoint     ] Application time: 1.0001440 seconds
[2023-11-16T05:40:26.281+0000][366.724s][info ][safepoint     ] Entering safepoint region: Cleanup
[2023-11-16T05:40:26.281+0000][366.724s][info ][safepoint     ] Leaving safepoint region
[2023-11-16T05:40:26.281+0000][366.724s][info ][safepoint     ] Total time for which application threads were stopped: 0.0002493 seconds, Stopping threads took: 0.0000487 seconds
[2023-11-16T05:40:27.281+0000][367.724s][debug][safepoint     ] Safepoint synchronization initiated. (170 threads)
[2023-11-16T05:40:27.281+0000][367.724s][info ][safepoint     ] Application time: 1.0001781 seconds
[2023-11-16T05:40:27.281+0000][367.724s][info ][safepoint     ] Entering safepoint region: Cleanup
[2023-11-16T05:40:27.281+0000][367.725s][info ][safepoint     ] Leaving safepoint region
[2023-11-16T05:40:27.281+0000][367.725s][info ][safepoint     ] Total time for which application threads were stopped: 0.0003320 seconds, Stopping threads took: 0.0000515 seconds
[2023-11-16T05:40:28.282+0000][368.725s][debug][safepoint     ] Safepoint synchronization initiated. (170 threads)
[2023-11-16T05:40:28.282+0000][368.725s][info ][safepoint     ] Application time: 1.0001632 seconds
[2023-11-16T05:40:28.282+0000][368.725s][info ][safepoint     ] Entering safepoint region: Cleanup
[2023-11-16T05:40:28.282+0000][368.725s][info ][safepoint     ] Leaving safepoint region
[2023-11-16T05:40:28.282+0000][368.725s][info ][safepoint     ] Total time for which application threads were stopped: 0.0004784 seconds, Stopping threads took: 0.0001547 seconds
[2023-11-16T05:40:29.282+0000][369.726s][debug][safepoint     ] Safepoint synchronization initiated. (170 threads)
[2023-11-16T05:40:29.282+0000][369.726s][info ][safepoint     ] Application time: 1.0001661 seconds
[2023-11-16T05:40:29.282+0000][369.726s][info ][safepoint     ] Entering safepoint region: Cleanup
[2023-11-16T05:40:29.283+0000][369.726s][info ][safepoint     ] Leaving safepoint region
[2023-11-16T05:40:29.283+0000][369.726s][info ][safepoint     ] Total time for which application threads were stopped: 0.0003346 seconds, Stopping threads took: 0.0000526 seconds
[2023-11-16T05:40:30.283+0000][370.726s][debug][safepoint     ] Safepoint synchronization initiated. (170 threads)
[2023-11-16T05:40:30.283+0000][370.726s][info ][safepoint     ] Application time: 1.0001713 seconds
[2023-11-16T05:40:30.283+0000][370.726s][info ][safepoint     ] Entering safepoint region: Cleanup
[2023-11-16T05:40:30.283+0000][370.726s][info ][safepoint     ] Leaving safepoint region
[2023-11-16T05:40:30.283+0000][370.726s][info ][safepoint     ] Total time for which application threads were stopped: 0.0002501 seconds, Stopping threads took: 0.0000504 seconds
[2023-11-16T05:40:31.283+0000][371.727s][debug][safepoint     ] Safepoint synchronization initiated. (170 threads)
[2023-11-16T05:40:31.283+0000][371.727s][info ][safepoint     ] Application time: 1.0001586 seconds
[2023-11-16T05:40:31.283+0000][371.727s][info ][safepoint     ] Entering safepoint region: Cleanup
[2023-11-16T05:40:31.284+0000][371.727s][info ][safepoint     ] Leaving safepoint region
[2023-11-16T05:40:31.284+0000][371.727s][info ][safepoint     ] Total time for which application threads were stopped: 0.0003242 seconds, Stopping threads took: 0.0000598 seconds
[2023-11-16T05:40:32.284+0000][372.727s][debug][safepoint     ] Safepoint synchronization initiated. (170 threads)
[2023-11-16T05:40:32.284+0000][372.727s][info ][safepoint     ] Application time: 1.0001631 seconds
[2023-11-16T05:40:32.284+0000][372.727s][info ][safepoint     ] Entering safepoint region: Cleanup
[2023-11-16T05:40:32.284+0000][372.727s][info ][safepoint     ] Leaving safepoint region
[2023-11-16T05:40:32.284+0000][372.727s][info ][safepoint     ] Total time for which application threads were stopped: 0.0002859 seconds, Stopping threads took: 0.0000508 seconds
[2023-11-16T05:40:33.284+0000][373.728s][debug][safepoint     ] Safepoint synchronization initiated. (170 threads)
[2023-11-16T05:40:33.284+0000][373.728s][info ][safepoint     ] Application time: 1.0001637 seconds
[2023-11-16T05:40:33.284+0000][373.728s][info ][safepoint     ] Entering safepoint region: Cleanup
[2023-11-16T05:40:33.285+0000][373.728s][info ][safepoint     ] Leaving safepoint region
[2023-11-16T05:40:33.285+0000][373.728s][info ][safepoint     ] Total time for which application threads were stopped: 0.0004980 seconds, Stopping threads took: 0.0002815 seconds
[2023-11-16T05:40:34.285+0000][374.728s][debug][safepoint     ] Safepoint synchronization initiated. (170 threads)
[2023-11-16T05:40:34.285+0000][374.728s][info ][safepoint     ] Application time: 1.0001614 seconds
[2023-11-16T05:40:34.285+0000][374.728s][info ][safepoint     ] Entering safepoint region: Cleanup
[2023-11-16T05:40:34.285+0000][374.729s][info ][safepoint     ] Leaving safepoint region
[2023-11-16T05:40:34.285+0000][374.729s][info ][safepoint     ] Total time for which application threads were stopped: 0.0002952 seconds, Stopping threads took: 0.0000519 seconds
[2023-11-16T05:40:35.285+0000][375.729s][debug][safepoint     ] Safepoint synchronization initiated. (170 threads)
[2023-11-16T05:40:35.286+0000][375.729s][info ][safepoint     ] Application time: 1.0001576 seconds
[2023-11-16T05:40:35.286+0000][375.729s][info ][safepoint     ] Entering safepoint region: Cleanup
[2023-11-16T05:40:35.286+0000][375.729s][info ][safepoint     ] Leaving safepoint region
[2023-11-16T05:40:35.286+0000][375.729s][info ][safepoint     ] Total time for which application threads were stopped: 0.0003059 seconds, Stopping threads took: 0.0000496 seconds
[2023-11-16T05:40:36.286+0000][376.729s][debug][safepoint     ] Safepoint synchronization initiated. (170 threads)
[2023-11-16T05:40:36.286+0000][376.729s][info ][safepoint     ] Application time: 1.0001523 seconds
[2023-11-16T05:40:36.286+0000][376.729s][info ][safepoint     ] Entering safepoint region: Cleanup
[2023-11-16T05:40:36.286+0000][376.730s][info ][safepoint     ] Leaving safepoint region
[2023-11-16T05:40:36.286+0000][376.730s][info ][safepoint     ] Total time for which application threads were stopped: 0.0002573 seconds, Stopping threads took: 0.0000501 seconds
[2023-11-16T05:40:37.286+0000][377.730s][debug][safepoint     ] Safepoint synchronization initiated. (170 threads)
[2023-11-16T05:40:37.286+0000][377.730s][info ][safepoint     ] Application time: 1.0001337 seconds
[2023-11-16T05:40:37.287+0000][377.730s][info ][safepoint     ] Entering safepoint region: Cleanup
[2023-11-16T05:40:37.287+0000][377.730s][info ][safepoint     ] Leaving safepoint region
[2023-11-16T05:40:37.287+0000][377.730s][info ][safepoint     ] Total time for which application threads were stopped: 0.0003095 seconds, Stopping threads took: 0.0000508 seconds
[2023-11-16T05:40:38.287+0000][378.730s][debug][safepoint     ] Safepoint synchronization initiated. (170 threads)
[2023-11-16T05:40:38.287+0000][378.730s][info ][safepoint     ] Application time: 1.0001587 seconds
[2023-11-16T05:40:38.287+0000][378.730s][info ][safepoint     ] Entering safepoint region: Cleanup
[2023-11-16T05:40:38.287+0000][378.731s][info ][safepoint     ] Leaving safepoint region
[2023-11-16T05:40:38.287+0000][378.731s][info ][safepoint     ] Total time for which application threads were stopped: 0.0004468 seconds, Stopping threads took: 0.0002027 seconds
[2023-11-16T05:40:39.288+0000][379.731s][debug][safepoint     ] Safepoint synchronization initiated. (170 threads)
[2023-11-16T05:40:39.288+0000][379.731s][info ][safepoint     ] Application time: 1.0001672 seconds
[2023-11-16T05:40:39.288+0000][379.731s][info ][safepoint     ] Entering safepoint region: Cleanup
[2023-11-16T05:40:39.288+0000][379.731s][info ][safepoint     ] Leaving safepoint region
[2023-11-16T05:40:39.288+0000][379.731s][info ][safepoint     ] Total time for which application threads were stopped: 0.0003573 seconds, Stopping threads took: 0.0000499 seconds
[2023-11-16T05:40:40.288+0000][380.731s][debug][safepoint     ] Safepoint synchronization initiated. (170 threads)
[2023-11-16T05:40:40.288+0000][380.731s][info ][safepoint     ] Application time: 1.0001460 seconds
[2023-11-16T05:40:40.288+0000][380.732s][info ][safepoint     ] Entering safepoint region: Cleanup
[2023-11-16T05:40:40.289+0000][380.732s][info ][safepoint     ] Leaving safepoint region
[2023-11-16T05:40:40.289+0000][380.732s][info ][safepoint     ] Total time for which application threads were stopped: 0.0004580 seconds, Stopping threads took: 0.0000509 seconds
[2023-11-16T05:40:41.289+0000][381.732s][debug][safepoint     ] Safepoint synchronization initiated. (170 threads)
[2023-11-16T05:40:41.289+0000][381.732s][info ][safepoint     ] Application time: 1.0001586 seconds
[2023-11-16T05:40:41.289+0000][381.732s][info ][safepoint     ] Entering safepoint region: Cleanup
[2023-11-16T05:40:41.289+0000][381.732s][info ][safepoint     ] Leaving safepoint region
[2023-11-16T05:40:41.289+0000][381.732s][info ][safepoint     ] Total time for which application threads were stopped: 0.0003625 seconds, Stopping threads took: 0.0000510 seconds
[2023-11-16T05:40:42.289+0000][382.733s][debug][safepoint     ] Safepoint synchronization initiated. (170 threads)
[2023-11-16T05:40:42.289+0000][382.733s][info ][safepoint     ] Application time: 1.0001510 seconds
[2023-11-16T05:40:42.289+0000][382.733s][info ][safepoint     ] Entering safepoint region: Cleanup
[2023-11-16T05:40:42.290+0000][382.733s][info ][safepoint     ] Leaving safepoint region
[2023-11-16T05:40:42.290+0000][382.733s][info ][safepoint     ] Total time for which application threads were stopped: 0.0003085 seconds, Stopping threads took: 0.0000478 seconds
[2023-11-16T05:40:43.290+0000][383.733s][debug][safepoint     ] Safepoint synchronization initiated. (170 threads)
[2023-11-16T05:40:43.290+0000][383.733s][info ][safepoint     ] Application time: 1.0001544 seconds
[2023-11-16T05:40:43.290+0000][383.733s][info ][safepoint     ] Entering safepoint region: Cleanup
[2023-11-16T05:40:43.290+0000][383.733s][info ][safepoint     ] Leaving safepoint region
[2023-11-16T05:40:43.290+0000][383.733s][info ][safepoint     ] Total time for which application threads were stopped: 0.0002893 seconds, Stopping threads took: 0.0000511 seconds
[2023-11-16T05:40:44.290+0000][384.734s][debug][safepoint     ] Safepoint synchronization initiated. (170 threads)
[2023-11-16T05:40:44.290+0000][384.734s][info ][safepoint     ] Application time: 1.0001581 seconds
[2023-11-16T05:40:44.290+0000][384.734s][info ][safepoint     ] Entering safepoint region: Cleanup
[2023-11-16T05:40:44.291+0000][384.734s][info ][safepoint     ] Leaving safepoint region
[2023-11-16T05:40:44.291+0000][384.734s][info ][safepoint     ] Total time for which application threads were stopped: 0.0003001 seconds, Stopping threads took: 0.0000510 seconds
[2023-11-16T05:40:45.291+0000][385.734s][debug][safepoint     ] Safepoint synchronization initiated. (170 threads)
[2023-11-16T05:40:45.291+0000][385.734s][info ][safepoint     ] Application time: 1.0001596 seconds
[2023-11-16T05:40:45.291+0000][385.734s][info ][safepoint     ] Entering safepoint region: Cleanup
[2023-11-16T05:40:45.291+0000][385.734s][info ][safepoint     ] Leaving safepoint region
[2023-11-16T05:40:45.291+0000][385.735s][info ][safepoint     ] Total time for which application threads were stopped: 0.0003343 seconds, Stopping threads took: 0.0000513 seconds
[2023-11-16T05:40:46.291+0000][386.735s][debug][safepoint     ] Safepoint synchronization initiated. (170 threads)
[2023-11-16T05:40:46.291+0000][386.735s][info ][safepoint     ] Application time: 1.0001766 seconds
[2023-11-16T05:40:46.291+0000][386.735s][info ][safepoint     ] Entering safepoint region: Cleanup
[2023-11-16T05:40:46.292+0000][386.735s][info ][safepoint     ] Leaving safepoint region
[2023-11-16T05:40:46.292+0000][386.735s][info ][safepoint     ] Total time for which application threads were stopped: 0.0003676 seconds, Stopping threads took: 0.0001656 seconds
[2023-11-16T05:40:47.292+0000][387.735s][debug][safepoint     ] Safepoint synchronization initiated. (170 threads)
[2023-11-16T05:40:47.292+0000][387.735s][info ][safepoint     ] Application time: 1.0001624 seconds
[2023-11-16T05:40:47.292+0000][387.735s][info ][safepoint     ] Entering safepoint region: Cleanup
[2023-11-16T05:40:47.292+0000][387.736s][info ][safepoint     ] Leaving safepoint region
[2023-11-16T05:40:47.292+0000][387.736s][info ][safepoint     ] Total time for which application threads were stopped: 0.0003382 seconds, Stopping threads took: 0.0000518 seconds
[2023-11-16T05:40:48.292+0000][388.736s][debug][safepoint     ] Safepoint synchronization initiated. (170 threads)
[2023-11-16T05:40:48.293+0000][388.736s][info ][safepoint     ] Application time: 1.0001710 seconds
[2023-11-16T05:40:48.293+0000][388.736s][info ][safepoint     ] Entering safepoint region: Cleanup
[2023-11-16T05:40:48.293+0000][388.736s][info ][safepoint     ] Leaving safepoint region
[2023-11-16T05:40:48.293+0000][388.736s][info ][safepoint     ] Total time for which application threads were stopped: 0.0003845 seconds, Stopping threads took: 0.0000574 seconds
[2023-11-16T05:40:49.293+0000][389.736s][debug][safepoint     ] Safepoint synchronization initiated. (170 threads)
[2023-11-16T05:40:49.293+0000][389.736s][info ][safepoint     ] Application time: 1.0001574 seconds
[2023-11-16T05:40:49.293+0000][389.736s][info ][safepoint     ] Entering safepoint region: Cleanup
[2023-11-16T05:40:49.293+0000][389.737s][info ][safepoint     ] Leaving safepoint region
[2023-11-16T05:40:49.293+0000][389.737s][info ][safepoint     ] Total time for which application threads were stopped: 0.0003379 seconds, Stopping threads took: 0.0000522 seconds
[2023-11-16T05:40:50.294+0000][390.737s][debug][safepoint     ] Safepoint synchronization initiated. (170 threads)
[2023-11-16T05:40:50.294+0000][390.737s][info ][safepoint     ] Application time: 1.0001583 seconds
[2023-11-16T05:40:50.294+0000][390.737s][info ][safepoint     ] Entering safepoint region: Cleanup
[2023-11-16T05:40:50.294+0000][390.737s][info ][safepoint     ] Leaving safepoint region
[2023-11-16T05:40:50.294+0000][390.737s][info ][safepoint     ] Total time for which application threads were stopped: 0.0003245 seconds, Stopping threads took: 0.0000504 seconds
[2023-11-16T05:40:51.294+0000][391.737s][debug][safepoint     ] Safepoint synchronization initiated. (170 threads)
[2023-11-16T05:40:51.294+0000][391.737s][info ][safepoint     ] Application time: 1.0001626 seconds
[2023-11-16T05:40:51.294+0000][391.738s][info ][safepoint     ] Entering safepoint region: Cleanup
[2023-11-16T05:40:51.295+0000][391.738s][info ][safepoint     ] Leaving safepoint region
[2023-11-16T05:40:51.295+0000][391.738s][info ][safepoint     ] Total time for which application threads were stopped: 0.0004777 seconds, Stopping threads took: 0.0002694 seconds
[2023-11-16T05:40:52.295+0000][392.738s][debug][safepoint     ] Safepoint synchronization initiated. (170 threads)
[2023-11-16T05:40:52.295+0000][392.738s][info ][safepoint     ] Application time: 1.0001788 seconds
[2023-11-16T05:40:52.295+0000][392.738s][info ][safepoint     ] Entering safepoint region: Cleanup
[2023-11-16T05:40:52.295+0000][392.738s][info ][safepoint     ] Leaving safepoint region
[2023-11-16T05:40:52.295+0000][392.738s][info ][safepoint     ] Total time for which application threads were stopped: 0.0002435 seconds, Stopping threads took: 0.0000519 seconds
[2023-11-16T05:40:53.295+0000][393.739s][debug][safepoint     ] Safepoint synchronization initiated. (170 threads)
[2023-11-16T05:40:53.295+0000][393.739s][info ][safepoint     ] Application time: 1.0001718 seconds
[2023-11-16T05:40:53.295+0000][393.739s][info ][safepoint     ] Entering safepoint region: Cleanup
[2023-11-16T05:40:53.296+0000][393.739s][info ][safepoint     ] Leaving safepoint region
[2023-11-16T05:40:53.296+0000][393.739s][info ][safepoint     ] Total time for which application threads were stopped: 0.0002795 seconds, Stopping threads took: 0.0000518 seconds
[2023-11-16T05:40:54.296+0000][394.739s][debug][safepoint     ] Safepoint synchronization initiated. (170 threads)
[2023-11-16T05:40:54.296+0000][394.739s][info ][safepoint     ] Application time: 1.0001523 seconds
[2023-11-16T05:40:54.296+0000][394.739s][info ][safepoint     ] Entering safepoint region: Cleanup
[2023-11-16T05:40:54.296+0000][394.739s][info ][safepoint     ] Leaving safepoint region
[2023-11-16T05:40:54.296+0000][394.739s][info ][safepoint     ] Total time for which application threads were stopped: 0.0003359 seconds, Stopping threads took: 0.0000510 seconds
[2023-11-16T05:40:55.296+0000][395.740s][debug][safepoint     ] Safepoint synchronization initiated. (170 threads)
[2023-11-16T05:40:55.296+0000][395.740s][info ][safepoint     ] Application time: 1.0001647 seconds
[2023-11-16T05:40:55.296+0000][395.740s][info ][safepoint     ] Entering safepoint region: Cleanup
[2023-11-16T05:40:55.297+0000][395.740s][info ][safepoint     ] Leaving safepoint region
[2023-11-16T05:40:55.297+0000][395.740s][info ][safepoint     ] Total time for which application threads were stopped: 0.0003279 seconds, Stopping threads took: 0.0000518 seconds
[2023-11-16T05:40:56.297+0000][396.740s][debug][safepoint     ] Safepoint synchronization initiated. (170 threads)
[2023-11-16T05:40:56.297+0000][396.740s][info ][safepoint     ] Application time: 1.0001738 seconds
[2023-11-16T05:40:56.297+0000][396.740s][info ][safepoint     ] Entering safepoint region: Cleanup
[2023-11-16T05:40:56.297+0000][396.741s][info ][safepoint     ] Leaving safepoint region
[2023-11-16T05:40:56.297+0000][396.741s][info ][safepoint     ] Total time for which application threads were stopped: 0.0004167 seconds, Stopping threads took: 0.0001720 seconds
[2023-11-16T05:40:57.297+0000][397.741s][debug][safepoint     ] Safepoint synchronization initiated. (170 threads)
[2023-11-16T05:40:57.297+0000][397.741s][info ][safepoint     ] Application time: 1.0001528 seconds
[2023-11-16T05:40:57.298+0000][397.741s][info ][safepoint     ] Entering safepoint region: Cleanup
[2023-11-16T05:40:57.298+0000][397.741s][info ][safepoint     ] Leaving safepoint region
[2023-11-16T05:40:57.298+0000][397.741s][info ][safepoint     ] Total time for which application threads were stopped: 0.0002429 seconds, Stopping threads took: 0.0000502 seconds
[2023-11-16T05:40:58.298+0000][398.741s][debug][safepoint     ] Safepoint synchronization initiated. (170 threads)
[2023-11-16T05:40:58.298+0000][398.741s][info ][safepoint     ] Application time: 1.0001471 seconds
[2023-11-16T05:40:58.298+0000][398.741s][info ][safepoint     ] Entering safepoint region: Cleanup
[2023-11-16T05:40:58.298+0000][398.742s][info ][safepoint     ] Leaving safepoint region
[2023-11-16T05:40:58.298+0000][398.742s][info ][safepoint     ] Total time for which application threads were stopped: 0.0003280 seconds, Stopping threads took: 0.0000479 seconds
[2023-11-16T05:41:02.299+0000][402.742s][debug][safepoint     ] Safepoint synchronization initiated. (169 threads)
[2023-11-16T05:41:02.299+0000][402.742s][info ][safepoint     ] Application time: 4.0004048 seconds
[2023-11-16T05:41:02.299+0000][402.742s][info ][safepoint     ] Entering safepoint region: Cleanup
[2023-11-16T05:41:02.299+0000][402.742s][info ][safepoint     ] Leaving safepoint region
[2023-11-16T05:41:02.299+0000][402.742s][info ][safepoint     ] Total time for which application threads were stopped: 0.0003421 seconds, Stopping threads took: 0.0000481 seconds
[2023-11-16T05:41:03.299+0000][403.742s][debug][safepoint     ] Safepoint synchronization initiated. (169 threads)
[2023-11-16T05:41:03.299+0000][403.743s][info ][safepoint     ] Application time: 1.0001719 seconds
[2023-11-16T05:41:03.299+0000][403.743s][info ][safepoint     ] Entering safepoint region: Cleanup
[2023-11-16T05:41:03.300+0000][403.743s][info ][safepoint     ] Leaving safepoint region
[2023-11-16T05:41:03.300+0000][403.743s][info ][safepoint     ] Total time for which application threads were stopped: 0.0003296 seconds, Stopping threads took: 0.0000496 seconds
[2023-11-16T05:41:06.300+0000][406.743s][debug][safepoint     ] Safepoint synchronization initiated. (169 threads)
[2023-11-16T05:41:06.300+0000][406.743s][info ][safepoint     ] Application time: 3.0003075 seconds
[2023-11-16T05:41:06.300+0000][406.743s][info ][safepoint     ] Entering safepoint region: Cleanup
[2023-11-16T05:41:06.300+0000][406.744s][info ][safepoint     ] Leaving safepoint region
[2023-11-16T05:41:06.300+0000][406.744s][info ][safepoint     ] Total time for which application threads were stopped: 0.0003346 seconds, Stopping threads took: 0.0000486 seconds
[2023-11-16T05:41:11.301+0000][411.744s][debug][safepoint     ] Safepoint synchronization initiated. (169 threads)
[2023-11-16T05:41:11.301+0000][411.744s][info ][safepoint     ] Application time: 5.0005114 seconds
[2023-11-16T05:41:11.301+0000][411.744s][info ][safepoint     ] Entering safepoint region: Cleanup
[2023-11-16T05:41:11.301+0000][411.744s][info ][safepoint     ] Leaving safepoint region
[2023-11-16T05:41:11.301+0000][411.744s][info ][safepoint     ] Total time for which application threads were stopped: 0.0003380 seconds, Stopping threads took: 0.0000497 seconds
[2023-11-16T05:41:45.304+0000][445.748s][debug][safepoint     ] Safepoint synchronization initiated. (169 threads)
[2023-11-16T05:41:45.304+0000][445.748s][info ][safepoint     ] Application time: 34.0032067 seconds
[2023-11-16T05:41:45.304+0000][445.748s][info ][safepoint     ] Entering safepoint region: Cleanup
[2023-11-16T05:41:45.305+0000][445.748s][info ][safepoint     ] Leaving safepoint region
[2023-11-16T05:41:45.305+0000][445.748s][info ][safepoint     ] Total time for which application threads were stopped: 0.0002490 seconds, Stopping threads took: 0.0000499 seconds
[2023-11-16T05:41:53.305+0000][453.749s][debug][safepoint     ] Safepoint synchronization initiated. (169 threads)
[2023-11-16T05:41:53.306+0000][453.749s][info ][safepoint     ] Application time: 8.0008774 seconds
[2023-11-16T05:41:53.306+0000][453.749s][info ][safepoint     ] Entering safepoint region: Cleanup
[2023-11-16T05:41:53.306+0000][453.749s][info ][safepoint     ] Leaving safepoint region
[2023-11-16T05:41:53.306+0000][453.749s][info ][safepoint     ] Total time for which application threads were stopped: 0.0003334 seconds, Stopping threads took: 0.0000489 seconds
[2023-11-16T05:42:02.307+0000][462.750s][debug][safepoint     ] Safepoint synchronization initiated. (168 threads)
[2023-11-16T05:42:02.307+0000][462.750s][info ][safepoint     ] Application time: 9.0008965 seconds
[2023-11-16T05:42:02.307+0000][462.750s][info ][safepoint     ] Entering safepoint region: Cleanup
[2023-11-16T05:42:02.307+0000][462.750s][info ][safepoint     ] Leaving safepoint region
[2023-11-16T05:42:02.307+0000][462.750s][info ][safepoint     ] Total time for which application threads were stopped: 0.0003287 seconds, Stopping threads took: 0.0000490 seconds
[2023-11-16T05:42:03.307+0000][463.751s][debug][safepoint     ] Safepoint synchronization initiated. (168 threads)
[2023-11-16T05:42:03.307+0000][463.751s][info ][safepoint     ] Application time: 1.0001753 seconds
[2023-11-16T05:42:03.307+0000][463.751s][info ][safepoint     ] Entering safepoint region: Cleanup
[2023-11-16T05:42:03.308+0000][463.751s][info ][safepoint     ] Leaving safepoint region
[2023-11-16T05:42:03.308+0000][463.751s][info ][safepoint     ] Total time for which application threads were stopped: 0.0002526 seconds, Stopping threads took: 0.0000481 seconds
[2023-11-16T05:42:07.308+0000][467.751s][debug][safepoint     ] Safepoint synchronization initiated. (168 threads)
[2023-11-16T05:42:07.308+0000][467.751s][info ][safepoint     ] Application time: 4.0003928 seconds
[2023-11-16T05:42:07.308+0000][467.751s][info ][safepoint     ] Entering safepoint region: Cleanup
[2023-11-16T05:42:07.308+0000][467.752s][info ][safepoint     ] Leaving safepoint region
[2023-11-16T05:42:07.308+0000][467.752s][info ][safepoint     ] Total time for which application threads were stopped: 0.0003397 seconds, Stopping threads took: 0.0000494 seconds
[2023-11-16T05:42:38.311+0000][498.755s][debug][safepoint     ] Safepoint synchronization initiated. (168 threads)
[2023-11-16T05:42:38.311+0000][498.755s][info ][safepoint     ] Application time: 31.0030259 seconds
[2023-11-16T05:42:38.312+0000][498.755s][info ][safepoint     ] Entering safepoint region: Cleanup
[2023-11-16T05:42:38.312+0000][498.755s][info ][safepoint     ] Leaving safepoint region
[2023-11-16T05:42:38.312+0000][498.755s][info ][safepoint     ] Total time for which application threads were stopped: 0.0003307 seconds, Stopping threads took: 0.0000494 seconds
[2023-11-16T05:43:02.314+0000][522.757s][debug][safepoint     ] Safepoint synchronization initiated. (166 threads)
[2023-11-16T05:43:02.314+0000][522.757s][info ][safepoint     ] Application time: 24.0021419 seconds
[2023-11-16T05:43:02.314+0000][522.757s][info ][safepoint     ] Entering safepoint region: Cleanup
[2023-11-16T05:43:02.314+0000][522.758s][info ][safepoint     ] Leaving safepoint region
[2023-11-16T05:43:02.314+0000][522.758s][info ][safepoint     ] Total time for which application threads were stopped: 0.0002753 seconds, Stopping threads took: 0.0000467 seconds
[2023-11-16T05:43:08.315+0000][528.758s][debug][safepoint     ] Safepoint synchronization initiated. (166 threads)
[2023-11-16T05:43:08.315+0000][528.758s][info ][safepoint     ] Application time: 6.0006257 seconds
[2023-11-16T05:43:08.315+0000][528.758s][info ][safepoint     ] Entering safepoint region: Cleanup
[2023-11-16T05:43:08.315+0000][528.758s][info ][safepoint     ] Leaving safepoint region
[2023-11-16T05:43:08.315+0000][528.758s][info ][safepoint     ] Total time for which application threads were stopped: 0.0002463 seconds, Stopping threads took: 0.0000471 seconds
[2023-11-16T05:43:19.316+0000][539.759s][debug][safepoint     ] Safepoint synchronization initiated. (166 threads)
[2023-11-16T05:43:19.316+0000][539.760s][info ][safepoint     ] Application time: 11.0011254 seconds
[2023-11-16T05:43:19.316+0000][539.760s][info ][safepoint     ] Entering safepoint region: Cleanup
[2023-11-16T05:43:19.317+0000][539.760s][info ][safepoint     ] Leaving safepoint region
[2023-11-16T05:43:19.317+0000][539.760s][info ][safepoint     ] Total time for which application threads were stopped: 0.0003423 seconds, Stopping threads took: 0.0000510 seconds
[2023-11-16T05:43:58.320+0000][578.763s][debug][safepoint     ] Safepoint synchronization initiated. (166 threads)
[2023-11-16T05:43:58.320+0000][578.764s][info ][safepoint     ] Application time: 39.0034980 seconds
[2023-11-16T05:43:58.320+0000][578.764s][info ][safepoint     ] Entering safepoint region: Cleanup
[2023-11-16T05:43:58.321+0000][578.764s][info ][safepoint     ] Leaving safepoint region
[2023-11-16T05:43:58.321+0000][578.764s][info ][safepoint     ] Total time for which application threads were stopped: 0.0003298 seconds, Stopping threads took: 0.0000475 seconds
[2023-11-16T05:44:02.321+0000][582.764s][debug][safepoint     ] Safepoint synchronization initiated. (164 threads)
[2023-11-16T05:44:02.321+0000][582.764s][info ][safepoint     ] Application time: 4.0004300 seconds
[2023-11-16T05:44:02.321+0000][582.764s][info ][safepoint     ] Entering safepoint region: Cleanup
[2023-11-16T05:44:02.321+0000][582.765s][info ][safepoint     ] Leaving safepoint region
[2023-11-16T05:44:02.321+0000][582.765s][info ][safepoint     ] Total time for which application threads were stopped: 0.0003267 seconds, Stopping threads took: 0.0000465 seconds
[2023-11-16T05:44:03.321+0000][583.765s][debug][safepoint     ] Safepoint synchronization initiated. (164 threads)
[2023-11-16T05:44:03.322+0000][583.765s][info ][safepoint     ] Application time: 1.0001695 seconds
[2023-11-16T05:44:03.322+0000][583.765s][info ][safepoint     ] Entering safepoint region: Cleanup
[2023-11-16T05:44:03.322+0000][583.765s][info ][safepoint     ] Leaving safepoint region
[2023-11-16T05:44:03.322+0000][583.765s][info ][safepoint     ] Total time for which application threads were stopped: 0.0003298 seconds, Stopping threads took: 0.0000482 seconds
[2023-11-16T05:44:09.322+0000][589.766s][debug][safepoint     ] Safepoint synchronization initiated. (164 threads)
[2023-11-16T05:44:09.323+0000][589.766s][info ][safepoint     ] Application time: 6.0006253 seconds
[2023-11-16T05:44:09.323+0000][589.766s][info ][safepoint     ] Entering safepoint region: Cleanup
[2023-11-16T05:44:09.323+0000][589.766s][info ][safepoint     ] Leaving safepoint region
[2023-11-16T05:44:09.323+0000][589.766s][info ][safepoint     ] Total time for which application threads were stopped: 0.0003832 seconds, Stopping threads took: 0.0000559 seconds
[2023-11-16T05:44:11.323+0000][591.766s][debug][safepoint     ] Safepoint synchronization initiated. (165 threads)
[2023-11-16T05:44:11.323+0000][591.766s][info ][safepoint     ] Application time: 2.0002283 seconds
[2023-11-16T05:44:11.323+0000][591.767s][info ][safepoint     ] Entering safepoint region: Cleanup
[2023-11-16T05:44:11.323+0000][591.767s][info ][safepoint     ] Leaving safepoint region
[2023-11-16T05:44:11.323+0000][591.767s][info ][safepoint     ] Total time for which application threads were stopped: 0.0002954 seconds, Stopping threads took: 0.0000499 seconds
[2023-11-16T05:44:12.324+0000][592.767s][debug][safepoint     ] Safepoint synchronization initiated. (164 threads)
[2023-11-16T05:44:12.324+0000][592.767s][info ][safepoint     ] Application time: 1.0001345 seconds
[2023-11-16T05:44:12.324+0000][592.767s][info ][safepoint     ] Entering safepoint region: Cleanup
[2023-11-16T05:44:12.324+0000][592.767s][info ][safepoint     ] Leaving safepoint region
[2023-11-16T05:44:12.324+0000][592.767s][info ][safepoint     ] Total time for which application threads were stopped: 0.0004066 seconds, Stopping threads took: 0.0000469 seconds
[2023-11-16T05:44:13.324+0000][593.768s][debug][safepoint     ] Safepoint synchronization initiated. (167 threads)
[2023-11-16T05:44:13.324+0000][593.768s][info ][safepoint     ] Application time: 1.0001816 seconds
[2023-11-16T05:44:13.324+0000][593.768s][info ][safepoint     ] Entering safepoint region: Cleanup
[2023-11-16T05:44:13.325+0000][593.768s][info ][safepoint     ] Leaving safepoint region
[2023-11-16T05:44:13.325+0000][593.768s][info ][safepoint     ] Total time for which application threads were stopped: 0.0003946 seconds, Stopping threads took: 0.0000479 seconds
[2023-11-16T05:44:14.325+0000][594.768s][debug][safepoint     ] Safepoint synchronization initiated. (166 threads)
[2023-11-16T05:44:14.325+0000][594.768s][info ][safepoint     ] Application time: 1.0001564 seconds
[2023-11-16T05:44:14.325+0000][594.768s][info ][safepoint     ] Entering safepoint region: Cleanup
[2023-11-16T05:44:14.325+0000][594.769s][info ][safepoint     ] Leaving safepoint region
[2023-11-16T05:44:14.325+0000][594.769s][info ][safepoint     ] Total time for which application threads were stopped: 0.0003770 seconds, Stopping threads took: 0.0000496 seconds
[2023-11-16T05:44:15.325+0000][595.769s][debug][safepoint     ] Safepoint synchronization initiated. (166 threads)
[2023-11-16T05:44:15.325+0000][595.769s][info ][safepoint     ] Application time: 1.0001588 seconds
[2023-11-16T05:44:15.325+0000][595.769s][info ][safepoint     ] Entering safepoint region: Cleanup
[2023-11-16T05:44:15.326+0000][595.769s][info ][safepoint     ] Leaving safepoint region
[2023-11-16T05:44:15.326+0000][595.769s][info ][safepoint     ] Total time for which application threads were stopped: 0.0003338 seconds, Stopping threads took: 0.0000486 seconds
[2023-11-16T05:44:16.326+0000][596.769s][debug][safepoint     ] Safepoint synchronization initiated. (166 threads)
[2023-11-16T05:44:16.326+0000][596.769s][info ][safepoint     ] Application time: 1.0001760 seconds
[2023-11-16T05:44:16.326+0000][596.769s][info ][safepoint     ] Entering safepoint region: Cleanup
[2023-11-16T05:44:16.326+0000][596.770s][info ][safepoint     ] Leaving safepoint region
[2023-11-16T05:44:16.326+0000][596.770s][info ][safepoint     ] Total time for which application threads were stopped: 0.0003683 seconds, Stopping threads took: 0.0000488 seconds
[2023-11-16T05:44:17.326+0000][597.770s][debug][safepoint     ] Safepoint synchronization initiated. (166 threads)
[2023-11-16T05:44:17.327+0000][597.770s][info ][safepoint     ] Application time: 1.0001424 seconds
[2023-11-16T05:44:17.327+0000][597.770s][debug][safepoint     ] Waiting for 1 thread(s) to block
[2023-11-16T05:44:17.327+0000][597.770s][info ][safepoint     ] Entering safepoint region: Cleanup
[2023-11-16T05:44:17.327+0000][597.770s][info ][safepoint     ] Leaving safepoint region
[2023-11-16T05:44:17.327+0000][597.770s][info ][safepoint     ] Total time for which application threads were stopped: 0.0002600 seconds, Stopping threads took: 0.0000614 seconds
[2023-11-16T05:44:17.379+0000][597.823s][debug][safepoint     ] Safepoint synchronization initiated. (166 threads)
[2023-11-16T05:44:17.379+0000][597.823s][info ][safepoint     ] Application time: 0.0525538 seconds
[2023-11-16T05:44:17.379+0000][597.823s][info ][safepoint     ] Entering safepoint region: Deoptimize
[2023-11-16T05:44:17.381+0000][597.824s][info ][safepoint     ] Leaving safepoint region
[2023-11-16T05:44:17.381+0000][597.824s][info ][safepoint     ] Total time for which application threads were stopped: 0.0015616 seconds, Stopping threads took: 0.0000348 seconds
[2023-11-16T05:44:17.410+0000][597.854s][debug][safepoint     ] Safepoint synchronization initiated. (167 threads)
[2023-11-16T05:44:17.410+0000][597.854s][info ][safepoint     ] Application time: 0.0294438 seconds
[2023-11-16T05:44:17.410+0000][597.854s][info ][safepoint     ] Entering safepoint region: Deoptimize
[2023-11-16T05:44:17.412+0000][597.855s][info ][safepoint     ] Leaving safepoint region
[2023-11-16T05:44:17.412+0000][597.855s][info ][safepoint     ] Total time for which application threads were stopped: 0.0015866 seconds, Stopping threads took: 0.0000328 seconds
[2023-11-16T05:44:17.413+0000][597.856s][debug][safepoint     ] Safepoint synchronization initiated. (167 threads)
[2023-11-16T05:44:17.413+0000][597.856s][info ][safepoint     ] Application time: 0.0006989 seconds
[2023-11-16T05:44:17.413+0000][597.856s][info ][safepoint     ] Entering safepoint region: Deoptimize
[2023-11-16T05:44:17.414+0000][597.857s][info ][safepoint     ] Leaving safepoint region
[2023-11-16T05:44:17.414+0000][597.858s][info ][safepoint     ] Total time for which application threads were stopped: 0.0014867 seconds, Stopping threads took: 0.0000239 seconds
[2023-11-16T05:44:17.417+0000][597.860s][debug][safepoint     ] Safepoint synchronization initiated. (167 threads)
[2023-11-16T05:44:17.417+0000][597.860s][info ][safepoint     ] Application time: 0.0027731 seconds
[2023-11-16T05:44:17.417+0000][597.860s][info ][safepoint     ] Entering safepoint region: Deoptimize
[2023-11-16T05:44:17.419+0000][597.862s][info ][safepoint     ] Leaving safepoint region
[2023-11-16T05:44:17.419+0000][597.862s][info ][safepoint     ] Total time for which application threads were stopped: 0.0016579 seconds, Stopping threads took: 0.0000250 seconds
[2023-11-16T05:44:17.478+0000][597.921s][debug][safepoint     ] Safepoint synchronization initiated. (167 threads)
[2023-11-16T05:44:17.478+0000][597.921s][info ][safepoint     ] Application time: 0.0590345 seconds
[2023-11-16T05:44:17.478+0000][597.921s][debug][safepoint     ] Waiting for 1 thread(s) to block
[2023-11-16T05:44:17.478+0000][597.921s][info ][safepoint     ] Entering safepoint region: Deoptimize
[2023-11-16T05:44:17.479+0000][597.923s][info ][safepoint     ] Leaving safepoint region
[2023-11-16T05:44:17.479+0000][597.923s][info ][safepoint     ] Total time for which application threads were stopped: 0.0015814 seconds, Stopping threads took: 0.0000537 seconds
[2023-11-16T05:44:17.484+0000][597.928s][debug][safepoint     ] Safepoint synchronization initiated. (167 threads)
[2023-11-16T05:44:17.484+0000][597.928s][info ][safepoint     ] Application time: 0.0051040 seconds
[2023-11-16T05:44:17.484+0000][597.928s][info ][safepoint     ] Entering safepoint region: Deoptimize
[2023-11-16T05:44:17.486+0000][597.929s][info ][safepoint     ] Leaving safepoint region
[2023-11-16T05:44:17.486+0000][597.929s][info ][safepoint     ] Total time for which application threads were stopped: 0.0015581 seconds, Stopping threads took: 0.0000317 seconds
[2023-11-16T05:44:17.502+0000][597.945s][debug][safepoint     ] Safepoint synchronization initiated. (167 threads)
[2023-11-16T05:44:17.502+0000][597.945s][info ][safepoint     ] Application time: 0.0161948 seconds
[2023-11-16T05:44:17.502+0000][597.946s][info ][safepoint     ] Entering safepoint region: Deoptimize
[2023-11-16T05:44:17.504+0000][597.947s][info ][safepoint     ] Leaving safepoint region
[2023-11-16T05:44:17.504+0000][597.947s][info ][safepoint     ] Total time for which application threads were stopped: 0.0016256 seconds, Stopping threads took: 0.0000341 seconds
[2023-11-16T05:44:17.523+0000][597.966s][debug][safepoint     ] Safepoint synchronization initiated. (167 threads)
[2023-11-16T05:44:17.523+0000][597.966s][info ][safepoint     ] Application time: 0.0190547 seconds
[2023-11-16T05:44:17.523+0000][597.966s][debug][safepoint     ] Waiting for 1 thread(s) to block
[2023-11-16T05:44:17.523+0000][597.966s][info ][safepoint     ] Entering safepoint region: Deoptimize
[2023-11-16T05:44:17.524+0000][597.968s][info ][safepoint     ] Leaving safepoint region
[2023-11-16T05:44:17.524+0000][597.968s][info ][safepoint     ] Total time for which application threads were stopped: 0.0016255 seconds, Stopping threads took: 0.0000680 seconds
[2023-11-16T05:44:18.525+0000][598.968s][debug][safepoint     ] Safepoint synchronization initiated. (182 threads)
[2023-11-16T05:44:18.525+0000][598.968s][info ][safepoint     ] Application time: 1.0001680 seconds
[2023-11-16T05:44:18.525+0000][598.968s][info ][safepoint     ] Entering safepoint region: Cleanup
[2023-11-16T05:44:18.525+0000][598.968s][info ][safepoint     ] Leaving safepoint region
[2023-11-16T05:44:18.525+0000][598.968s][info ][safepoint     ] Total time for which application threads were stopped: 0.0004243 seconds, Stopping threads took: 0.0000557 seconds
[2023-11-16T05:44:19.525+0000][599.969s][debug][safepoint     ] Safepoint synchronization initiated. (182 threads)
[2023-11-16T05:44:19.525+0000][599.969s][info ][safepoint     ] Application time: 1.0001777 seconds
[2023-11-16T05:44:19.525+0000][599.969s][info ][safepoint     ] Entering safepoint region: Cleanup
[2023-11-16T05:44:19.526+0000][599.969s][info ][safepoint     ] Leaving safepoint region
[2023-11-16T05:44:19.526+0000][599.969s][info ][safepoint     ] Total time for which application threads were stopped: 0.0002275 seconds, Stopping threads took: 0.0000549 seconds
[2023-11-16T05:44:20.526+0000][600.969s][debug][safepoint     ] Safepoint synchronization initiated. (182 threads)
[2023-11-16T05:44:20.526+0000][600.969s][info ][safepoint     ] Application time: 1.0001756 seconds
[2023-11-16T05:44:20.526+0000][600.969s][info ][safepoint     ] Entering safepoint region: Cleanup
[2023-11-16T05:44:20.526+0000][600.969s][info ][safepoint     ] Leaving safepoint region
[2023-11-16T05:44:20.526+0000][600.969s][info ][safepoint     ] Total time for which application threads were stopped: 0.0002658 seconds, Stopping threads took: 0.0000536 seconds
[2023-11-16T05:44:21.526+0000][601.969s][debug][safepoint     ] Safepoint synchronization initiated. (182 threads)
[2023-11-16T05:44:21.526+0000][601.970s][info ][safepoint     ] Application time: 1.0001724 seconds
[2023-11-16T05:44:21.526+0000][601.970s][info ][safepoint     ] Entering safepoint region: Cleanup
[2023-11-16T05:44:21.526+0000][601.970s][info ][safepoint     ] Leaving safepoint region
[2023-11-16T05:44:21.527+0000][601.970s][info ][safepoint     ] Total time for which application threads were stopped: 0.0003012 seconds, Stopping threads took: 0.0000533 seconds
[2023-11-16T05:44:22.527+0000][602.970s][debug][safepoint     ] Safepoint synchronization initiated. (181 threads)
[2023-11-16T05:44:22.527+0000][602.970s][info ][safepoint     ] Application time: 1.0001804 seconds
[2023-11-16T05:44:22.527+0000][602.970s][info ][safepoint     ] Entering safepoint region: Cleanup
[2023-11-16T05:44:22.527+0000][602.970s][info ][safepoint     ] Leaving safepoint region
[2023-11-16T05:44:22.527+0000][602.970s][info ][safepoint     ] Total time for which application threads were stopped: 0.0002971 seconds, Stopping threads took: 0.0000531 seconds
[2023-11-16T05:44:23.527+0000][603.970s][debug][safepoint     ] Safepoint synchronization initiated. (180 threads)
[2023-11-16T05:44:23.527+0000][603.971s][info ][safepoint     ] Application time: 1.0001552 seconds
[2023-11-16T05:44:23.527+0000][603.971s][info ][safepoint     ] Entering safepoint region: Cleanup
[2023-11-16T05:44:23.527+0000][603.971s][info ][safepoint     ] Leaving safepoint region
[2023-11-16T05:44:23.528+0000][603.971s][info ][safepoint     ] Total time for which application threads were stopped: 0.0002577 seconds, Stopping threads took: 0.0000545 seconds
[2023-11-16T05:44:24.528+0000][604.971s][debug][safepoint     ] Safepoint synchronization initiated. (180 threads)
[2023-11-16T05:44:24.528+0000][604.971s][info ][safepoint     ] Application time: 1.0001606 seconds
[2023-11-16T05:44:24.528+0000][604.971s][info ][safepoint     ] Entering safepoint region: Cleanup
[2023-11-16T05:44:24.528+0000][604.971s][info ][safepoint     ] Leaving safepoint region
[2023-11-16T05:44:24.528+0000][604.971s][info ][safepoint     ] Total time for which application threads were stopped: 0.0003080 seconds, Stopping threads took: 0.0000567 seconds
[2023-11-16T05:44:25.528+0000][605.971s][debug][safepoint     ] Safepoint synchronization initiated. (180 threads)
[2023-11-16T05:44:25.528+0000][605.971s][info ][safepoint     ] Application time: 1.0001566 seconds
[2023-11-16T05:44:25.528+0000][605.972s][info ][safepoint     ] Entering safepoint region: Cleanup
[2023-11-16T05:44:25.529+0000][605.972s][info ][safepoint     ] Leaving safepoint region
[2023-11-16T05:44:25.529+0000][605.972s][info ][safepoint     ] Total time for which application threads were stopped: 0.0003699 seconds, Stopping threads took: 0.0000540 seconds
[2023-11-16T05:44:26.529+0000][606.972s][debug][safepoint     ] Safepoint synchronization initiated. (180 threads)
[2023-11-16T05:44:26.529+0000][606.972s][info ][safepoint     ] Application time: 1.0001752 seconds
[2023-11-16T05:44:26.529+0000][606.972s][info ][safepoint     ] Entering safepoint region: Cleanup
[2023-11-16T05:44:26.529+0000][606.972s][info ][safepoint     ] Leaving safepoint region
[2023-11-16T05:44:26.529+0000][606.972s][info ][safepoint     ] Total time for which application threads were stopped: 0.0003429 seconds, Stopping threads took: 0.0000538 seconds
[2023-11-16T05:44:27.529+0000][607.973s][debug][safepoint     ] Safepoint synchronization initiated. (180 threads)
[2023-11-16T05:44:27.529+0000][607.973s][info ][safepoint     ] Application time: 1.0001725 seconds
[2023-11-16T05:44:27.529+0000][607.973s][info ][safepoint     ] Entering safepoint region: Cleanup
[2023-11-16T05:44:27.530+0000][607.973s][info ][safepoint     ] Leaving safepoint region
[2023-11-16T05:44:27.530+0000][607.973s][info ][safepoint     ] Total time for which application threads were stopped: 0.0003175 seconds, Stopping threads took: 0.0000615 seconds
[2023-11-16T05:44:28.530+0000][608.973s][debug][safepoint     ] Safepoint synchronization initiated. (180 threads)
[2023-11-16T05:44:28.530+0000][608.973s][info ][safepoint     ] Application time: 1.0001696 seconds
[2023-11-16T05:44:28.530+0000][608.973s][info ][safepoint     ] Entering safepoint region: Cleanup
[2023-11-16T05:44:28.530+0000][608.973s][info ][safepoint     ] Leaving safepoint region
[2023-11-16T05:44:28.530+0000][608.973s][info ][safepoint     ] Total time for which application threads were stopped: 0.0003031 seconds, Stopping threads took: 0.0000531 seconds
[2023-11-16T05:44:29.530+0000][609.974s][debug][safepoint     ] Safepoint synchronization initiated. (180 threads)
[2023-11-16T05:44:29.530+0000][609.974s][info ][safepoint     ] Application time: 1.0001537 seconds
[2023-11-16T05:44:29.530+0000][609.974s][info ][safepoint     ] Entering safepoint region: Cleanup
[2023-11-16T05:44:29.531+0000][609.974s][info ][safepoint     ] Leaving safepoint region
[2023-11-16T05:44:29.531+0000][609.974s][info ][safepoint     ] Total time for which application threads were stopped: 0.0002984 seconds, Stopping threads took: 0.0000530 seconds
[2023-11-16T05:44:30.531+0000][610.974s][debug][safepoint     ] Safepoint synchronization initiated. (180 threads)
[2023-11-16T05:44:30.531+0000][610.974s][info ][safepoint     ] Application time: 1.0001606 seconds
[2023-11-16T05:44:30.531+0000][610.974s][info ][safepoint     ] Entering safepoint region: Cleanup
[2023-11-16T05:44:30.531+0000][610.974s][info ][safepoint     ] Leaving safepoint region
[2023-11-16T05:44:30.531+0000][610.974s][info ][safepoint     ] Total time for which application threads were stopped: 0.0002504 seconds, Stopping threads took: 0.0000563 seconds
[2023-11-16T05:44:31.531+0000][611.975s][debug][safepoint     ] Safepoint synchronization initiated. (180 threads)
[2023-11-16T05:44:31.531+0000][611.975s][info ][safepoint     ] Application time: 1.0001722 seconds
[2023-11-16T05:44:31.531+0000][611.975s][info ][safepoint     ] Entering safepoint region: Cleanup
[2023-11-16T05:44:31.532+0000][611.975s][info ][safepoint     ] Leaving safepoint region
[2023-11-16T05:44:31.532+0000][611.975s][info ][safepoint     ] Total time for which application threads were stopped: 0.0003012 seconds, Stopping threads took: 0.0000539 seconds
[2023-11-16T05:44:32.532+0000][612.975s][debug][safepoint     ] Safepoint synchronization initiated. (180 threads)
[2023-11-16T05:44:32.532+0000][612.975s][info ][safepoint     ] Application time: 1.0001629 seconds
[2023-11-16T05:44:32.532+0000][612.975s][info ][safepoint     ] Entering safepoint region: Cleanup
[2023-11-16T05:44:32.532+0000][612.975s][info ][safepoint     ] Leaving safepoint region
[2023-11-16T05:44:32.532+0000][612.976s][info ][safepoint     ] Total time for which application threads were stopped: 0.0003847 seconds, Stopping threads took: 0.0000557 seconds
[2023-11-16T05:44:33.532+0000][613.976s][debug][safepoint     ] Safepoint synchronization initiated. (180 threads)
[2023-11-16T05:44:33.532+0000][613.976s][info ][safepoint     ] Application time: 1.0001712 seconds
[2023-11-16T05:44:33.532+0000][613.976s][info ][safepoint     ] Entering safepoint region: Cleanup
[2023-11-16T05:44:33.533+0000][613.976s][info ][safepoint     ] Leaving safepoint region
[2023-11-16T05:44:33.533+0000][613.976s][info ][safepoint     ] Total time for which application threads were stopped: 0.0003199 seconds, Stopping threads took: 0.0000536 seconds
[2023-11-16T05:44:34.533+0000][614.976s][debug][safepoint     ] Safepoint synchronization initiated. (180 threads)
[2023-11-16T05:44:34.533+0000][614.976s][info ][safepoint     ] Application time: 1.0001545 seconds
[2023-11-16T05:44:34.533+0000][614.976s][info ][safepoint     ] Entering safepoint region: Cleanup
[2023-11-16T05:44:34.533+0000][614.977s][info ][safepoint     ] Leaving safepoint region
[2023-11-16T05:44:34.533+0000][614.977s][info ][safepoint     ] Total time for which application threads were stopped: 0.0003396 seconds, Stopping threads took: 0.0000520 seconds
[2023-11-16T05:44:35.533+0000][615.977s][debug][safepoint     ] Safepoint synchronization initiated. (180 threads)
[2023-11-16T05:44:35.533+0000][615.977s][info ][safepoint     ] Application time: 1.0001702 seconds
[2023-11-16T05:44:35.533+0000][615.977s][info ][safepoint     ] Entering safepoint region: Cleanup
[2023-11-16T05:44:35.534+0000][615.977s][info ][safepoint     ] Leaving safepoint region
[2023-11-16T05:44:35.534+0000][615.977s][info ][safepoint     ] Total time for which application threads were stopped: 0.0004656 seconds, Stopping threads took: 0.0000605 seconds
[2023-11-16T05:44:36.534+0000][616.977s][debug][safepoint     ] Safepoint synchronization initiated. (180 threads)
[2023-11-16T05:44:36.534+0000][616.977s][info ][safepoint     ] Application time: 1.0001650 seconds
[2023-11-16T05:44:36.534+0000][616.977s][info ][safepoint     ] Entering safepoint region: Cleanup
[2023-11-16T05:44:36.534+0000][616.978s][info ][safepoint     ] Leaving safepoint region
[2023-11-16T05:44:36.534+0000][616.978s][info ][safepoint     ] Total time for which application threads were stopped: 0.0003030 seconds, Stopping threads took: 0.0000538 seconds
[2023-11-16T05:44:36.534+0000][616.978s][debug][safepoint     ] ... found polling page return exception at pc = 0x00007fde849bede6, stub =0x00007fde7c83a800
[2023-11-16T05:44:37.535+0000][617.978s][debug][safepoint     ] Safepoint synchronization initiated. (180 threads)
[2023-11-16T05:44:37.535+0000][617.978s][info ][safepoint     ] Application time: 1.0001788 seconds
[2023-11-16T05:44:37.535+0000][617.978s][info ][safepoint     ] Entering safepoint region: Cleanup
[2023-11-16T05:44:37.535+0000][617.978s][info ][safepoint     ] Leaving safepoint region
[2023-11-16T05:44:37.535+0000][617.978s][info ][safepoint     ] Total time for which application threads were stopped: 0.0003002 seconds, Stopping threads took: 0.0000528 seconds
[2023-11-16T05:44:38.535+0000][618.978s][debug][safepoint     ] Safepoint synchronization initiated. (180 threads)
[2023-11-16T05:44:38.535+0000][618.978s][info ][safepoint     ] Application time: 1.0001754 seconds
[2023-11-16T05:44:38.535+0000][618.978s][info ][safepoint     ] Entering safepoint region: Cleanup
[2023-11-16T05:44:38.535+0000][618.979s][info ][safepoint     ] Leaving safepoint region
[2023-11-16T05:44:38.535+0000][618.979s][info ][safepoint     ] Total time for which application threads were stopped: 0.0002915 seconds, Stopping threads took: 0.0000344 seconds
[2023-11-16T05:44:39.536+0000][619.979s][debug][safepoint     ] Safepoint synchronization initiated. (180 threads)
[2023-11-16T05:44:39.536+0000][619.979s][info ][safepoint     ] Application time: 1.0003571 seconds
[2023-11-16T05:44:39.536+0000][619.979s][info ][safepoint     ] Entering safepoint region: Cleanup
[2023-11-16T05:44:39.536+0000][619.979s][info ][safepoint     ] Leaving safepoint region
[2023-11-16T05:44:39.536+0000][619.980s][info ][safepoint     ] Total time for which application threads were stopped: 0.0003662 seconds, Stopping threads took: 0.0000788 seconds
[2023-11-16T05:44:40.536+0000][620.980s][debug][safepoint     ] Safepoint synchronization initiated. (180 threads)
[2023-11-16T05:44:40.536+0000][620.980s][info ][safepoint     ] Application time: 1.0001627 seconds
[2023-11-16T05:44:40.536+0000][620.980s][info ][safepoint     ] Entering safepoint region: Cleanup
[2023-11-16T05:44:40.537+0000][620.980s][info ][safepoint     ] Leaving safepoint region
[2023-11-16T05:44:40.537+0000][620.980s][info ][safepoint     ] Total time for which application threads were stopped: 0.0003207 seconds, Stopping threads took: 0.0000348 seconds
[2023-11-16T05:44:41.537+0000][621.980s][debug][safepoint     ] Safepoint synchronization initiated. (180 threads)
[2023-11-16T05:44:41.537+0000][621.980s][info ][safepoint     ] Application time: 1.0001679 seconds
[2023-11-16T05:44:41.537+0000][621.980s][info ][safepoint     ] Entering safepoint region: Cleanup
[2023-11-16T05:44:41.537+0000][621.981s][info ][safepoint     ] Leaving safepoint region
[2023-11-16T05:44:41.537+0000][621.981s][info ][safepoint     ] Total time for which application threads were stopped: 0.0005472 seconds, Stopping threads took: 0.0001681 seconds
[2023-11-16T05:44:42.538+0000][622.981s][debug][safepoint     ] Safepoint synchronization initiated. (180 threads)
[2023-11-16T05:44:42.538+0000][622.981s][info ][safepoint     ] Application time: 1.0001643 seconds
[2023-11-16T05:44:42.538+0000][622.981s][info ][safepoint     ] Entering safepoint region: Cleanup
[2023-11-16T05:44:42.538+0000][622.981s][info ][safepoint     ] Leaving safepoint region
[2023-11-16T05:44:42.538+0000][622.981s][info ][safepoint     ] Total time for which application threads were stopped: 0.0003200 seconds, Stopping threads took: 0.0000337 seconds
[2023-11-16T05:44:43.538+0000][623.981s][debug][safepoint     ] Safepoint synchronization initiated. (180 threads)
[2023-11-16T05:44:43.538+0000][623.981s][info ][safepoint     ] Application time: 1.0001744 seconds
[2023-11-16T05:44:43.538+0000][623.981s][info ][safepoint     ] Entering safepoint region: Cleanup
[2023-11-16T05:44:43.538+0000][623.982s][info ][safepoint     ] Leaving safepoint region
[2023-11-16T05:44:43.538+0000][623.982s][info ][safepoint     ] Total time for which application threads were stopped: 0.0003321 seconds, Stopping threads took: 0.0000348 seconds
[2023-11-16T05:44:44.539+0000][624.982s][debug][safepoint     ] Safepoint synchronization initiated. (180 threads)
[2023-11-16T05:44:44.539+0000][624.982s][info ][safepoint     ] Application time: 1.0001544 seconds
[2023-11-16T05:44:44.539+0000][624.982s][info ][safepoint     ] Entering safepoint region: Cleanup
[2023-11-16T05:44:44.539+0000][624.982s][info ][safepoint     ] Leaving safepoint region
[2023-11-16T05:44:44.539+0000][624.982s][info ][safepoint     ] Total time for which application threads were stopped: 0.0003262 seconds, Stopping threads took: 0.0000334 seconds
[2023-11-16T05:44:45.539+0000][625.982s][debug][safepoint     ] Safepoint synchronization initiated. (180 threads)
[2023-11-16T05:44:45.539+0000][625.982s][info ][safepoint     ] Application time: 1.0001650 seconds
[2023-11-16T05:44:45.539+0000][625.983s][info ][safepoint     ] Entering safepoint region: Cleanup
[2023-11-16T05:44:45.539+0000][625.983s][info ][safepoint     ] Leaving safepoint region
[2023-11-16T05:44:45.540+0000][625.983s][info ][safepoint     ] Total time for which application threads were stopped: 0.0003332 seconds, Stopping threads took: 0.0000348 seconds
[2023-11-16T05:44:46.540+0000][626.983s][debug][safepoint     ] Safepoint synchronization initiated. (180 threads)
[2023-11-16T05:44:46.540+0000][626.983s][info ][safepoint     ] Application time: 1.0001487 seconds
[2023-11-16T05:44:46.540+0000][626.983s][info ][safepoint     ] Entering safepoint region: Cleanup
[2023-11-16T05:44:46.540+0000][626.983s][info ][safepoint     ] Leaving safepoint region
[2023-11-16T05:44:46.540+0000][626.983s][info ][safepoint     ] Total time for which application threads were stopped: 0.0003618 seconds, Stopping threads took: 0.0001746 seconds
[2023-11-16T05:44:47.540+0000][627.983s][debug][safepoint     ] Safepoint synchronization initiated. (180 threads)
[2023-11-16T05:44:47.540+0000][627.984s][info ][safepoint     ] Application time: 1.0001580 seconds
[2023-11-16T05:44:47.540+0000][627.984s][info ][safepoint     ] Entering safepoint region: Cleanup
[2023-11-16T05:44:47.540+0000][627.984s][info ][safepoint     ] Leaving safepoint region
[2023-11-16T05:44:47.540+0000][627.984s][info ][safepoint     ] Total time for which application threads were stopped: 0.0002535 seconds, Stopping threads took: 0.0000538 seconds
[2023-11-16T05:44:48.541+0000][628.984s][debug][safepoint     ] Safepoint synchronization initiated. (180 threads)
[2023-11-16T05:44:48.541+0000][628.984s][info ][safepoint     ] Application time: 1.0001681 seconds
[2023-11-16T05:44:48.541+0000][628.984s][info ][safepoint     ] Entering safepoint region: Cleanup
[2023-11-16T05:44:48.541+0000][628.984s][info ][safepoint     ] Leaving safepoint region
[2023-11-16T05:44:48.541+0000][628.984s][info ][safepoint     ] Total time for which application threads were stopped: 0.0002292 seconds, Stopping threads took: 0.0000526 seconds
[2023-11-16T05:44:49.541+0000][629.984s][debug][safepoint     ] Safepoint synchronization initiated. (180 threads)
[2023-11-16T05:44:49.541+0000][629.984s][info ][safepoint     ] Application time: 1.0001565 seconds
[2023-11-16T05:44:49.541+0000][629.984s][info ][safepoint     ] Entering safepoint region: Cleanup
[2023-11-16T05:44:49.541+0000][629.985s][info ][safepoint     ] Leaving safepoint region
[2023-11-16T05:44:49.541+0000][629.985s][info ][safepoint     ] Total time for which application threads were stopped: 0.0003137 seconds, Stopping threads took: 0.0000539 seconds
[2023-11-16T05:44:50.542+0000][630.985s][debug][safepoint     ] Safepoint synchronization initiated. (180 threads)
[2023-11-16T05:44:50.542+0000][630.985s][info ][safepoint     ] Application time: 1.0001701 seconds
[2023-11-16T05:44:50.542+0000][630.985s][info ][safepoint     ] Entering safepoint region: Cleanup
[2023-11-16T05:44:50.542+0000][630.985s][info ][safepoint     ] Leaving safepoint region
[2023-11-16T05:44:50.542+0000][630.985s][info ][safepoint     ] Total time for which application threads were stopped: 0.0002992 seconds, Stopping threads took: 0.0000531 seconds
[2023-11-16T05:44:51.542+0000][631.985s][debug][safepoint     ] Safepoint synchronization initiated. (180 threads)
[2023-11-16T05:44:51.542+0000][631.985s][info ][safepoint     ] Application time: 1.0001713 seconds
[2023-11-16T05:44:51.542+0000][631.985s][info ][safepoint     ] Entering safepoint region: Cleanup
[2023-11-16T05:44:51.542+0000][631.986s][info ][safepoint     ] Leaving safepoint region
[2023-11-16T05:44:51.542+0000][631.986s][info ][safepoint     ] Total time for which application threads were stopped: 0.0002574 seconds, Stopping threads took: 0.0000603 seconds
[2023-11-16T05:44:52.543+0000][632.986s][debug][safepoint     ] Safepoint synchronization initiated. (180 threads)
[2023-11-16T05:44:52.543+0000][632.986s][info ][safepoint     ] Application time: 1.0001746 seconds
[2023-11-16T05:44:52.543+0000][632.986s][info ][safepoint     ] Entering safepoint region: Cleanup
[2023-11-16T05:44:52.543+0000][632.986s][info ][safepoint     ] Leaving safepoint region
[2023-11-16T05:44:52.543+0000][632.986s][info ][safepoint     ] Total time for which application threads were stopped: 0.0002269 seconds, Stopping threads took: 0.0000551 seconds
[2023-11-16T05:44:53.543+0000][633.986s][debug][safepoint     ] Safepoint synchronization initiated. (180 threads)
[2023-11-16T05:44:53.543+0000][633.986s][info ][safepoint     ] Application time: 1.0001598 seconds
[2023-11-16T05:44:53.543+0000][633.986s][info ][safepoint     ] Entering safepoint region: Cleanup
[2023-11-16T05:44:53.543+0000][633.987s][info ][safepoint     ] Leaving safepoint region
[2023-11-16T05:44:53.543+0000][633.987s][info ][safepoint     ] Total time for which application threads were stopped: 0.0002862 seconds, Stopping threads took: 0.0000743 seconds
[2023-11-16T05:44:54.543+0000][634.987s][debug][safepoint     ] Safepoint synchronization initiated. (180 threads)
[2023-11-16T05:44:54.543+0000][634.987s][info ][safepoint     ] Application time: 1.0001675 seconds
[2023-11-16T05:44:54.544+0000][634.987s][info ][safepoint     ] Entering safepoint region: Cleanup
[2023-11-16T05:44:54.544+0000][634.987s][info ][safepoint     ] Leaving safepoint region
[2023-11-16T05:44:54.544+0000][634.987s][info ][safepoint     ] Total time for which application threads were stopped: 0.0003463 seconds, Stopping threads took: 0.0000539 seconds
[2023-11-16T05:44:55.544+0000][635.987s][debug][safepoint     ] Safepoint synchronization initiated. (180 threads)
[2023-11-16T05:44:55.544+0000][635.987s][info ][safepoint     ] Application time: 1.0001458 seconds
[2023-11-16T05:44:55.544+0000][635.987s][info ][safepoint     ] Entering safepoint region: Cleanup
[2023-11-16T05:44:55.544+0000][635.988s][info ][safepoint     ] Leaving safepoint region
[2023-11-16T05:44:55.544+0000][635.988s][info ][safepoint     ] Total time for which application threads were stopped: 0.0003576 seconds, Stopping threads took: 0.0000539 seconds
[2023-11-16T05:44:56.545+0000][636.988s][debug][safepoint     ] Safepoint synchronization initiated. (180 threads)
[2023-11-16T05:44:56.545+0000][636.988s][info ][safepoint     ] Application time: 1.0001837 seconds
[2023-11-16T05:44:56.545+0000][636.988s][info ][safepoint     ] Entering safepoint region: Cleanup
[2023-11-16T05:44:56.545+0000][636.988s][info ][safepoint     ] Leaving safepoint region
[2023-11-16T05:44:56.545+0000][636.988s][info ][safepoint     ] Total time for which application threads were stopped: 0.0002504 seconds, Stopping threads took: 0.0000544 seconds
[2023-11-16T05:44:57.545+0000][637.988s][debug][safepoint     ] Safepoint synchronization initiated. (180 threads)
[2023-11-16T05:44:57.545+0000][637.988s][info ][safepoint     ] Application time: 1.0001744 seconds
[2023-11-16T05:44:57.545+0000][637.988s][info ][safepoint     ] Entering safepoint region: Cleanup
[2023-11-16T05:44:57.545+0000][637.989s][info ][safepoint     ] Leaving safepoint region
[2023-11-16T05:44:57.545+0000][637.989s][info ][safepoint     ] Total time for which application threads were stopped: 0.0002567 seconds, Stopping threads took: 0.0000560 seconds
[2023-11-16T05:44:58.545+0000][638.989s][debug][safepoint     ] Safepoint synchronization initiated. (180 threads)
[2023-11-16T05:44:58.546+0000][638.989s][info ][safepoint     ] Application time: 1.0001837 seconds
[2023-11-16T05:44:58.546+0000][638.989s][info ][safepoint     ] Entering safepoint region: Cleanup
[2023-11-16T05:44:58.546+0000][638.989s][info ][safepoint     ] Leaving safepoint region
[2023-11-16T05:44:58.546+0000][638.989s][info ][safepoint     ] Total time for which application threads were stopped: 0.0002410 seconds, Stopping threads took: 0.0000566 seconds
[2023-11-16T05:44:59.546+0000][639.989s][debug][safepoint     ] Safepoint synchronization initiated. (180 threads)
[2023-11-16T05:44:59.546+0000][639.989s][info ][safepoint     ] Application time: 1.0001721 seconds
[2023-11-16T05:44:59.546+0000][639.989s][info ][safepoint     ] Entering safepoint region: Cleanup
[2023-11-16T05:44:59.546+0000][639.989s][info ][safepoint     ] Leaving safepoint region
[2023-11-16T05:44:59.546+0000][639.989s][info ][safepoint     ] Total time for which application threads were stopped: 0.0001659 seconds, Stopping threads took: 0.0000342 seconds
[2023-11-16T05:45:00.546+0000][640.990s][debug][safepoint     ] Safepoint synchronization initiated. (180 threads)
[2023-11-16T05:45:00.546+0000][640.990s][info ][safepoint     ] Application time: 1.0001762 seconds
[2023-11-16T05:45:00.546+0000][640.990s][info ][safepoint     ] Entering safepoint region: Cleanup
[2023-11-16T05:45:00.547+0000][640.990s][info ][safepoint     ] Leaving safepoint region
[2023-11-16T05:45:00.547+0000][640.990s][info ][safepoint     ] Total time for which application threads were stopped: 0.0002943 seconds, Stopping threads took: 0.0000835 seconds
[2023-11-16T05:45:01.547+0000][641.990s][debug][safepoint     ] Safepoint synchronization initiated. (180 threads)
[2023-11-16T05:45:01.547+0000][641.990s][info ][safepoint     ] Application time: 1.0001762 seconds
[2023-11-16T05:45:01.547+0000][641.990s][info ][safepoint     ] Entering safepoint region: Cleanup
[2023-11-16T05:45:01.547+0000][641.990s][info ][safepoint     ] Leaving safepoint region
[2023-11-16T05:45:01.547+0000][641.991s][info ][safepoint     ] Total time for which application threads were stopped: 0.0003520 seconds, Stopping threads took: 0.0000555 seconds
[2023-11-16T05:45:02.547+0000][642.991s][debug][safepoint     ] Safepoint synchronization initiated. (180 threads)
[2023-11-16T05:45:02.547+0000][642.991s][info ][safepoint     ] Application time: 1.0001993 seconds
[2023-11-16T05:45:02.548+0000][642.991s][debug][safepoint     ] ... found polling page return exception at pc = 0x00007fde844d8668, stub =0x00007fde7c83a800
[2023-11-16T05:45:02.548+0000][642.991s][debug][safepoint     ] ... found polling page return exception at pc = 0x00007fde84fe7e46, stub =0x00007fde7c83a800
[2023-11-16T05:45:02.548+0000][642.991s][debug][safepoint     ] Waiting for 2 thread(s) to block
[2023-11-16T05:45:02.548+0000][642.991s][info ][safepoint     ] Entering safepoint region: Cleanup
[2023-11-16T05:45:02.548+0000][642.991s][info ][safepoint     ] Leaving safepoint region
[2023-11-16T05:45:02.548+0000][642.991s][info ][safepoint     ] Total time for which application threads were stopped: 0.0006174 seconds, Stopping threads took: 0.0003230 seconds
[2023-11-16T05:45:03.548+0000][643.992s][debug][safepoint     ] Safepoint synchronization initiated. (180 threads)
[2023-11-16T05:45:03.548+0000][643.992s][info ][safepoint     ] Application time: 1.0001649 seconds
[2023-11-16T05:45:03.548+0000][643.992s][info ][safepoint     ] Entering safepoint region: Cleanup
[2023-11-16T05:45:03.549+0000][643.992s][info ][safepoint     ] Leaving safepoint region
[2023-11-16T05:45:03.549+0000][643.992s][info ][safepoint     ] Total time for which application threads were stopped: 0.0003495 seconds, Stopping threads took: 0.0000554 seconds
[2023-11-16T05:45:04.549+0000][644.992s][debug][safepoint     ] Safepoint synchronization initiated. (180 threads)
[2023-11-16T05:45:04.549+0000][644.992s][info ][safepoint     ] Application time: 1.0001776 seconds
[2023-11-16T05:45:04.549+0000][644.992s][info ][safepoint     ] Entering safepoint region: Cleanup
[2023-11-16T05:45:04.549+0000][644.992s][info ][safepoint     ] Leaving safepoint region
[2023-11-16T05:45:04.549+0000][644.993s][info ][safepoint     ] Total time for which application threads were stopped: 0.0003558 seconds, Stopping threads took: 0.0000554 seconds
[2023-11-16T05:45:05.549+0000][645.993s][debug][safepoint     ] Safepoint synchronization initiated. (180 threads)
[2023-11-16T05:45:05.549+0000][645.993s][info ][safepoint     ] Application time: 1.0001810 seconds
[2023-11-16T05:45:05.549+0000][645.993s][info ][safepoint     ] Entering safepoint region: Cleanup
[2023-11-16T05:45:05.550+0000][645.993s][info ][safepoint     ] Leaving safepoint region
[2023-11-16T05:45:05.550+0000][645.993s][info ][safepoint     ] Total time for which application threads were stopped: 0.0002636 seconds, Stopping threads took: 0.0000545 seconds
[2023-11-16T05:45:06.550+0000][646.993s][debug][safepoint     ] Safepoint synchronization initiated. (180 threads)
[2023-11-16T05:45:06.550+0000][646.993s][info ][safepoint     ] Application time: 1.0001763 seconds
[2023-11-16T05:45:06.550+0000][646.993s][info ][safepoint     ] Entering safepoint region: Cleanup
[2023-11-16T05:45:06.550+0000][646.993s][info ][safepoint     ] Leaving safepoint region
[2023-11-16T05:45:06.550+0000][646.993s][info ][safepoint     ] Total time for which application threads were stopped: 0.0002642 seconds, Stopping threads took: 0.0000546 seconds
[2023-11-16T05:45:07.550+0000][647.994s][debug][safepoint     ] Safepoint synchronization initiated. (180 threads)
[2023-11-16T05:45:07.550+0000][647.994s][info ][safepoint     ] Application time: 1.0001740 seconds
[2023-11-16T05:45:07.550+0000][647.994s][info ][safepoint     ] Entering safepoint region: Cleanup
[2023-11-16T05:45:07.551+0000][647.994s][info ][safepoint     ] Leaving safepoint region
[2023-11-16T05:45:07.551+0000][647.994s][info ][safepoint     ] Total time for which application threads were stopped: 0.0002649 seconds, Stopping threads took: 0.0000539 seconds
[2023-11-16T05:45:08.551+0000][648.994s][debug][safepoint     ] Safepoint synchronization initiated. (180 threads)
[2023-11-16T05:45:08.551+0000][648.994s][info ][safepoint     ] Application time: 1.0001183 seconds
[2023-11-16T05:45:08.551+0000][648.994s][info ][safepoint     ] Entering safepoint region: Cleanup
[2023-11-16T05:45:08.551+0000][648.994s][info ][safepoint     ] Leaving safepoint region
[2023-11-16T05:45:08.551+0000][648.994s][info ][safepoint     ] Total time for which application threads were stopped: 0.0003442 seconds, Stopping threads took: 0.0000542 seconds
[2023-11-16T05:45:09.551+0000][649.995s][debug][safepoint     ] Safepoint synchronization initiated. (180 threads)
[2023-11-16T05:45:09.551+0000][649.995s][info ][safepoint     ] Application time: 1.0001451 seconds
[2023-11-16T05:45:09.551+0000][649.995s][info ][safepoint     ] Entering safepoint region: Cleanup
[2023-11-16T05:45:09.552+0000][649.995s][info ][safepoint     ] Leaving safepoint region
[2023-11-16T05:45:09.552+0000][649.995s][info ][safepoint     ] Total time for which application threads were stopped: 0.0002823 seconds, Stopping threads took: 0.0000554 seconds
[2023-11-16T05:45:10.552+0000][650.995s][debug][safepoint     ] Safepoint synchronization initiated. (180 threads)
[2023-11-16T05:45:10.552+0000][650.995s][info ][safepoint     ] Application time: 1.0001710 seconds
[2023-11-16T05:45:10.552+0000][650.995s][info ][safepoint     ] Entering safepoint region: Cleanup
[2023-11-16T05:45:10.552+0000][650.995s][info ][safepoint     ] Leaving safepoint region
[2023-11-16T05:45:10.552+0000][650.995s][info ][safepoint     ] Total time for which application threads were stopped: 0.0003145 seconds, Stopping threads took: 0.0000638 seconds
[2023-11-16T05:45:11.552+0000][651.996s][debug][safepoint     ] Safepoint synchronization initiated. (180 threads)
[2023-11-16T05:45:11.552+0000][651.996s][info ][safepoint     ] Application time: 1.0001724 seconds
[2023-11-16T05:45:11.552+0000][651.996s][info ][safepoint     ] Entering safepoint region: Cleanup
[2023-11-16T05:45:11.553+0000][651.996s][info ][safepoint     ] Leaving safepoint region
[2023-11-16T05:45:11.553+0000][651.996s][info ][safepoint     ] Total time for which application threads were stopped: 0.0003447 seconds, Stopping threads took: 0.0000520 seconds
[2023-11-16T05:45:12.553+0000][652.996s][debug][safepoint     ] Safepoint synchronization initiated. (180 threads)
[2023-11-16T05:45:12.553+0000][652.996s][info ][safepoint     ] Application time: 1.0001677 seconds
[2023-11-16T05:45:12.553+0000][652.996s][info ][safepoint     ] Entering safepoint region: Cleanup
[2023-11-16T05:45:12.553+0000][652.996s][info ][safepoint     ] Leaving safepoint region
[2023-11-16T05:45:12.553+0000][652.997s][info ][safepoint     ] Total time for which application threads were stopped: 0.0002826 seconds, Stopping threads took: 0.0000539 seconds
[2023-11-16T05:45:13.553+0000][653.997s][debug][safepoint     ] Safepoint synchronization initiated. (180 threads)
[2023-11-16T05:45:13.553+0000][653.997s][info ][safepoint     ] Application time: 1.0001661 seconds
[2023-11-16T05:45:13.553+0000][653.997s][info ][safepoint     ] Entering safepoint region: Cleanup
[2023-11-16T05:45:13.554+0000][653.997s][info ][safepoint     ] Leaving safepoint region
[2023-11-16T05:45:13.554+0000][653.997s][info ][safepoint     ] Total time for which application threads were stopped: 0.0002591 seconds, Stopping threads took: 0.0000529 seconds
[2023-11-16T05:45:14.554+0000][654.997s][debug][safepoint     ] Safepoint synchronization initiated. (180 threads)
[2023-11-16T05:45:14.554+0000][654.997s][info ][safepoint     ] Application time: 1.0001656 seconds
[2023-11-16T05:45:14.554+0000][654.997s][info ][safepoint     ] Entering safepoint region: Cleanup
[2023-11-16T05:45:14.554+0000][654.997s][info ][safepoint     ] Leaving safepoint region
[2023-11-16T05:45:14.554+0000][654.997s][info ][safepoint     ] Total time for which application threads were stopped: 0.0003065 seconds, Stopping threads took: 0.0000523 seconds
[2023-11-16T05:45:15.554+0000][655.998s][debug][safepoint     ] Safepoint synchronization initiated. (180 threads)
[2023-11-16T05:45:15.554+0000][655.998s][info ][safepoint     ] Application time: 1.0001555 seconds
[2023-11-16T05:45:15.554+0000][655.998s][info ][safepoint     ] Entering safepoint region: Cleanup
[2023-11-16T05:45:15.555+0000][655.998s][info ][safepoint     ] Leaving safepoint region
[2023-11-16T05:45:15.555+0000][655.998s][info ][safepoint     ] Total time for which application threads were stopped: 0.0003742 seconds, Stopping threads took: 0.0001989 seconds
[2023-11-16T05:45:16.555+0000][656.998s][debug][safepoint     ] Safepoint synchronization initiated. (180 threads)
[2023-11-16T05:45:16.555+0000][656.998s][info ][safepoint     ] Application time: 1.0001579 seconds
[2023-11-16T05:45:16.555+0000][656.998s][info ][safepoint     ] Entering safepoint region: Cleanup
[2023-11-16T05:45:16.555+0000][656.998s][info ][safepoint     ] Leaving safepoint region
[2023-11-16T05:45:16.555+0000][656.998s][info ][safepoint     ] Total time for which application threads were stopped: 0.0002297 seconds, Stopping threads took: 0.0000522 seconds
[2023-11-16T05:45:17.555+0000][657.999s][debug][safepoint     ] Safepoint synchronization initiated. (180 threads)
[2023-11-16T05:45:17.555+0000][657.999s][info ][safepoint     ] Application time: 1.0001410 seconds
[2023-11-16T05:45:17.555+0000][657.999s][info ][safepoint     ] Entering safepoint region: Cleanup
[2023-11-16T05:45:17.556+0000][657.999s][info ][safepoint     ] Leaving safepoint region
[2023-11-16T05:45:17.556+0000][657.999s][info ][safepoint     ] Total time for which application threads were stopped: 0.0002738 seconds, Stopping threads took: 0.0000516 seconds
[2023-11-16T05:45:17.556+0000][657.999s][debug][safepoint     ] ... found polling page return exception at pc = 0x00007fde849bede6, stub =0x00007fde7c83a800
[2023-11-16T05:45:34.557+0000][675.000s][debug][safepoint     ] Safepoint synchronization initiated. (178 threads)
[2023-11-16T05:45:34.557+0000][675.001s][info ][safepoint     ] Application time: 17.0015628 seconds
[2023-11-16T05:45:34.557+0000][675.001s][info ][safepoint     ] Entering safepoint region: Cleanup
[2023-11-16T05:45:34.557+0000][675.001s][info ][safepoint     ] Leaving safepoint region
[2023-11-16T05:45:34.557+0000][675.001s][info ][safepoint     ] Total time for which application threads were stopped: 0.0002778 seconds, Stopping threads took: 0.0000531 seconds
[2023-11-16T05:45:44.558+0000][685.002s][debug][safepoint     ] Safepoint synchronization initiated. (178 threads)
[2023-11-16T05:45:44.559+0000][685.002s][info ][safepoint     ] Application time: 10.0010308 seconds
[2023-11-16T05:45:44.559+0000][685.002s][info ][safepoint     ] Entering safepoint region: Cleanup
[2023-11-16T05:45:44.559+0000][685.002s][info ][safepoint     ] Leaving safepoint region
[2023-11-16T05:45:44.559+0000][685.002s][info ][safepoint     ] Total time for which application threads were stopped: 0.0003502 seconds, Stopping threads took: 0.0000508 seconds
[2023-11-16T05:46:02.560+0000][703.004s][debug][safepoint     ] Safepoint synchronization initiated. (178 threads)
[2023-11-16T05:46:02.561+0000][703.004s][info ][safepoint     ] Application time: 18.0016094 seconds
[2023-11-16T05:46:02.561+0000][703.004s][info ][safepoint     ] Entering safepoint region: Cleanup
[2023-11-16T05:46:02.561+0000][703.004s][info ][safepoint     ] Leaving safepoint region
[2023-11-16T05:46:02.561+0000][703.004s][info ][safepoint     ] Total time for which application threads were stopped: 0.0003351 seconds, Stopping threads took: 0.0000521 seconds
[2023-11-16T05:46:10.562+0000][711.005s][debug][safepoint     ] Safepoint synchronization initiated. (178 threads)
[2023-11-16T05:46:10.562+0000][711.005s][info ][safepoint     ] Application time: 8.0008183 seconds
[2023-11-16T05:46:10.562+0000][711.005s][info ][safepoint     ] Entering safepoint region: Cleanup
[2023-11-16T05:46:10.562+0000][711.005s][info ][safepoint     ] Leaving safepoint region
[2023-11-16T05:46:10.562+0000][711.005s][info ][safepoint     ] Total time for which application threads were stopped: 0.0003503 seconds, Stopping threads took: 0.0000515 seconds
[2023-11-16T05:46:12.562+0000][713.006s][debug][safepoint     ] Safepoint synchronization initiated. (178 threads)
[2023-11-16T05:46:12.562+0000][713.006s][info ][safepoint     ] Application time: 2.0002691 seconds
[2023-11-16T05:46:12.562+0000][713.006s][info ][safepoint     ] Entering safepoint region: Cleanup
[2023-11-16T05:46:12.563+0000][713.006s][info ][safepoint     ] Leaving safepoint region
[2023-11-16T05:46:12.563+0000][713.006s][info ][safepoint     ] Total time for which application threads were stopped: 0.0003413 seconds, Stopping threads took: 0.0000515 seconds
[2023-11-16T05:46:25.882+0000][726.326s][debug][safepoint     ] Safepoint synchronization initiated. (176 threads)
[2023-11-16T05:46:25.882+0000][726.326s][info ][safepoint     ] Application time: 13.3197247 seconds
[2023-11-16T05:46:25.883+0000][726.326s][info ][safepoint     ] Entering safepoint region: G1CollectForAllocation
[2023-11-16T05:46:25.883+0000][726.326s][info ][gc,start      ] GC(38) Pause Young (Normal) (G1 Evacuation Pause)
[2023-11-16T05:46:25.883+0000][726.326s][info ][gc,task       ] GC(38) Using 4 workers of 4 for evacuation
[2023-11-16T05:46:25.934+0000][726.377s][info ][gc,phases     ] GC(38)   Pre Evacuate Collection Set: 0.0ms
[2023-11-16T05:46:25.934+0000][726.377s][info ][gc,phases     ] GC(38)   Evacuate Collection Set: 46.0ms
[2023-11-16T05:46:25.934+0000][726.377s][info ][gc,phases     ] GC(38)   Post Evacuate Collection Set: 4.3ms
[2023-11-16T05:46:25.934+0000][726.377s][info ][gc,phases     ] GC(38)   Other: 0.4ms
[2023-11-16T05:46:25.934+0000][726.377s][info ][gc,heap       ] GC(38) Eden regions: 474->0(485)
[2023-11-16T05:46:25.934+0000][726.377s][info ][gc,heap       ] GC(38) Survivor regions: 35->24(64)
[2023-11-16T05:46:25.934+0000][726.377s][info ][gc,heap       ] GC(38) Old regions: 116->128
[2023-11-16T05:46:25.934+0000][726.377s][info ][gc,heap       ] GC(38) Humongous regions: 0->0
[2023-11-16T05:46:25.934+0000][726.377s][info ][gc,metaspace  ] GC(38) Metaspace: 160247K(165592K)->160247K(165592K) NonClass: 141605K(144856K)->141605K(144856K) Class: 18641K(20736K)->18641K(20736K)
[2023-11-16T05:46:25.934+0000][726.377s][info ][gc            ] GC(38) Pause Young (Normal) (G1 Evacuation Pause) 623M->150M(849M) 51.003ms
[2023-11-16T05:46:25.934+0000][726.377s][info ][gc,cpu        ] GC(38) User=0.19s Sys=0.01s Real=0.05s
[2023-11-16T05:46:25.934+0000][726.377s][info ][safepoint     ] Leaving safepoint region
[2023-11-16T05:46:25.934+0000][726.377s][info ][safepoint     ] Total time for which application threads were stopped: 0.0514778 seconds, Stopping threads took: 0.0000506 seconds
[2023-11-16T05:46:25.934+0000][726.377s][info ][gc,stringdedup] Concurrent String Deduplication (726.377s)
[2023-11-16T05:46:25.939+0000][726.382s][info ][gc,stringdedup] Concurrent String Deduplication 595.8K->293.0K(302.7K) avg 53.9% (726.377s, 726.382s) 4.869ms
[2023-11-16T05:46:26.934+0000][727.377s][debug][safepoint     ] Safepoint synchronization initiated. (176 threads)
[2023-11-16T05:46:26.934+0000][727.377s][info ][safepoint     ] Application time: 1.0001843 seconds
[2023-11-16T05:46:26.934+0000][727.378s][info ][safepoint     ] Entering safepoint region: Cleanup
[2023-11-16T05:46:26.934+0000][727.378s][info ][safepoint     ] Leaving safepoint region
[2023-11-16T05:46:26.935+0000][727.378s][info ][safepoint     ] Total time for which application threads were stopped: 0.0003398 seconds, Stopping threads took: 0.0000491 seconds
[2023-11-16T05:47:02.938+0000][763.381s][debug][safepoint     ] Safepoint synchronization initiated. (175 threads)
[2023-11-16T05:47:02.938+0000][763.381s][info ][safepoint     ] Application time: 36.0034328 seconds
[2023-11-16T05:47:02.938+0000][763.381s][info ][safepoint     ] Entering safepoint region: Cleanup
[2023-11-16T05:47:02.938+0000][763.382s][info ][safepoint     ] Leaving safepoint region
[2023-11-16T05:47:02.938+0000][763.382s][info ][safepoint     ] Total time for which application threads were stopped: 0.0003093 seconds, Stopping threads took: 0.0000492 seconds
[2023-11-16T05:47:11.939+0000][772.382s][debug][safepoint     ] Safepoint synchronization initiated. (175 threads)
[2023-11-16T05:47:11.939+0000][772.382s][info ][safepoint     ] Application time: 9.0008243 seconds
[2023-11-16T05:47:11.939+0000][772.383s][info ][safepoint     ] Entering safepoint region: Cleanup
[2023-11-16T05:47:11.939+0000][772.383s][info ][safepoint     ] Leaving safepoint region
[2023-11-16T05:47:11.940+0000][772.383s][info ][safepoint     ] Total time for which application threads were stopped: 0.0003504 seconds, Stopping threads took: 0.0000497 seconds
[2023-11-16T05:47:28.941+0000][789.384s][debug][safepoint     ] Safepoint synchronization initiated. (174 threads)
[2023-11-16T05:47:28.941+0000][789.384s][info ][safepoint     ] Application time: 17.0015113 seconds
[2023-11-16T05:47:28.941+0000][789.384s][info ][safepoint     ] Entering safepoint region: Cleanup
[2023-11-16T05:47:28.941+0000][789.385s][info ][safepoint     ] Leaving safepoint region
[2023-11-16T05:47:28.941+0000][789.385s][info ][safepoint     ] Total time for which application threads were stopped: 0.0003333 seconds, Stopping threads took: 0.0000472 seconds
[2023-11-16T05:47:38.942+0000][799.386s][debug][safepoint     ] Safepoint synchronization initiated. (174 threads)
[2023-11-16T05:47:38.942+0000][799.386s][info ][safepoint     ] Application time: 10.0009531 seconds
[2023-11-16T05:47:38.942+0000][799.386s][info ][safepoint     ] Entering safepoint region: Cleanup
[2023-11-16T05:47:38.943+0000][799.386s][info ][safepoint     ] Leaving safepoint region
[2023-11-16T05:47:38.943+0000][799.386s][info ][safepoint     ] Total time for which application threads were stopped: 0.0003350 seconds, Stopping threads took: 0.0000469 seconds
[2023-11-16T05:47:42.943+0000][803.386s][debug][safepoint     ] Safepoint synchronization initiated. (174 threads)
[2023-11-16T05:47:42.943+0000][803.386s][info ][safepoint     ] Application time: 4.0004030 seconds
[2023-11-16T05:47:42.943+0000][803.387s][info ][safepoint     ] Entering safepoint region: Cleanup
[2023-11-16T05:47:42.943+0000][803.387s][info ][safepoint     ] Leaving safepoint region
[2023-11-16T05:47:42.944+0000][803.387s][info ][safepoint     ] Total time for which application threads were stopped: 0.0003310 seconds, Stopping threads took: 0.0000486 seconds
[2023-11-16T05:47:58.945+0000][819.388s][debug][safepoint     ] Safepoint synchronization initiated. (175 threads)
[2023-11-16T05:47:58.945+0000][819.388s][info ][safepoint     ] Application time: 16.0014394 seconds
[2023-11-16T05:47:58.945+0000][819.388s][info ][safepoint     ] Entering safepoint region: Cleanup
[2023-11-16T05:47:58.945+0000][819.389s][info ][safepoint     ] Leaving safepoint region
[2023-11-16T05:47:58.945+0000][819.389s][info ][safepoint     ] Total time for which application threads were stopped: 0.0003221 seconds, Stopping threads took: 0.0000437 seconds
[2023-11-16T05:48:02.946+0000][823.389s][debug][safepoint     ] Safepoint synchronization initiated. (175 threads)
[2023-11-16T05:48:02.946+0000][823.389s][info ][safepoint     ] Application time: 4.0004241 seconds
[2023-11-16T05:48:02.946+0000][823.389s][info ][safepoint     ] Entering safepoint region: Cleanup
[2023-11-16T05:48:02.946+0000][823.389s][info ][safepoint     ] Leaving safepoint region
[2023-11-16T05:48:02.946+0000][823.389s][info ][safepoint     ] Total time for which application threads were stopped: 0.0003329 seconds, Stopping threads took: 0.0000475 seconds
[2023-11-16T05:48:12.947+0000][833.390s][debug][safepoint     ] Safepoint synchronization initiated. (175 threads)
[2023-11-16T05:48:12.947+0000][833.390s][info ][safepoint     ] Application time: 10.0009609 seconds
[2023-11-16T05:48:12.947+0000][833.390s][info ][safepoint     ] Entering safepoint region: Cleanup
[2023-11-16T05:48:12.947+0000][833.391s][info ][safepoint     ] Leaving safepoint region
[2023-11-16T05:48:12.947+0000][833.391s][info ][safepoint     ] Total time for which application threads were stopped: 0.0003074 seconds, Stopping threads took: 0.0000489 seconds
[2023-11-16T05:49:02.952+0000][883.395s][debug][safepoint     ] Safepoint synchronization initiated. (173 threads)
[2023-11-16T05:49:02.952+0000][883.395s][info ][safepoint     ] Application time: 50.0046166 seconds
[2023-11-16T05:49:02.952+0000][883.395s][info ][safepoint     ] Entering safepoint region: Cleanup
[2023-11-16T05:49:02.952+0000][883.396s][info ][safepoint     ] Leaving safepoint region
[2023-11-16T05:49:02.952+0000][883.396s][info ][safepoint     ] Total time for which application threads were stopped: 0.0003399 seconds, Stopping threads took: 0.0000491 seconds
[2023-11-16T05:49:04.953+0000][885.396s][debug][safepoint     ] Safepoint synchronization initiated. (173 threads)
[2023-11-16T05:49:04.953+0000][885.396s][info ][safepoint     ] Application time: 2.0002326 seconds
[2023-11-16T05:49:04.953+0000][885.396s][info ][safepoint     ] Entering safepoint region: Cleanup
[2023-11-16T05:49:04.953+0000][885.396s][info ][safepoint     ] Leaving safepoint region
[2023-11-16T05:49:04.953+0000][885.396s][info ][safepoint     ] Total time for which application threads were stopped: 0.0002580 seconds, Stopping threads took: 0.0000503 seconds
[2023-11-16T05:49:13.954+0000][894.397s][debug][safepoint     ] Safepoint synchronization initiated. (173 threads)
[2023-11-16T05:49:13.954+0000][894.397s][info ][safepoint     ] Application time: 9.0008951 seconds
[2023-11-16T05:49:13.954+0000][894.397s][info ][safepoint     ] Entering safepoint region: Cleanup
[2023-11-16T05:49:13.954+0000][894.398s][info ][safepoint     ] Leaving safepoint region
[2023-11-16T05:49:13.954+0000][894.398s][info ][safepoint     ] Total time for which application threads were stopped: 0.0003244 seconds, Stopping threads took: 0.0000493 seconds
[2023-11-16T05:49:20.955+0000][901.398s][debug][safepoint     ] Safepoint synchronization initiated. (172 threads)
[2023-11-16T05:49:20.955+0000][901.398s][info ][safepoint     ] Application time: 7.0007220 seconds
[2023-11-16T05:49:20.955+0000][901.398s][info ][safepoint     ] Entering safepoint region: Cleanup
[2023-11-16T05:49:20.955+0000][901.399s][info ][safepoint     ] Leaving safepoint region
[2023-11-16T05:49:20.955+0000][901.399s][info ][safepoint     ] Total time for which application threads were stopped: 0.0003405 seconds, Stopping threads took: 0.0000482 seconds
[2023-11-16T05:49:38.957+0000][919.400s][debug][safepoint     ] Safepoint synchronization initiated. (172 threads)
[2023-11-16T05:49:38.957+0000][919.400s][info ][safepoint     ] Application time: 18.0016614 seconds
[2023-11-16T05:49:38.957+0000][919.400s][info ][safepoint     ] Entering safepoint region: Cleanup
[2023-11-16T05:49:38.957+0000][919.401s][info ][safepoint     ] Leaving safepoint region
[2023-11-16T05:49:38.957+0000][919.401s][info ][safepoint     ] Total time for which application threads were stopped: 0.0003358 seconds, Stopping threads took: 0.0000475 seconds
[2023-11-16T05:49:51.959+0000][932.402s][debug][safepoint     ] Safepoint synchronization initiated. (172 threads)
[2023-11-16T05:49:51.959+0000][932.402s][info ][safepoint     ] Application time: 13.0012483 seconds
[2023-11-16T05:49:51.959+0000][932.402s][info ][safepoint     ] Entering safepoint region: Cleanup
[2023-11-16T05:49:51.959+0000][932.402s][info ][safepoint     ] Leaving safepoint region
[2023-11-16T05:49:51.959+0000][932.402s][info ][safepoint     ] Total time for which application threads were stopped: 0.0003372 seconds, Stopping threads took: 0.0000491 seconds
[2023-11-16T05:49:52.959+0000][933.402s][debug][safepoint     ] Safepoint synchronization initiated. (172 threads)
[2023-11-16T05:49:52.959+0000][933.403s][info ][safepoint     ] Application time: 1.0001711 seconds
[2023-11-16T05:49:52.959+0000][933.403s][info ][safepoint     ] Entering safepoint region: Cleanup
[2023-11-16T05:49:52.959+0000][933.403s][info ][safepoint     ] Leaving safepoint region
[2023-11-16T05:49:52.959+0000][933.403s][info ][safepoint     ] Total time for which application threads were stopped: 0.0002636 seconds, Stopping threads took: 0.0000495 seconds
[2023-11-16T05:50:14.961+0000][955.405s][debug][safepoint     ] Safepoint synchronization initiated. (173 threads)
[2023-11-16T05:50:14.962+0000][955.405s][info ][safepoint     ] Application time: 22.0020439 seconds
[2023-11-16T05:50:14.962+0000][955.405s][info ][safepoint     ] Entering safepoint region: Cleanup
[2023-11-16T05:50:14.962+0000][955.405s][info ][safepoint     ] Leaving safepoint region
[2023-11-16T05:50:14.962+0000][955.405s][info ][safepoint     ] Total time for which application threads were stopped: 0.0003463 seconds, Stopping threads took: 0.0000513 seconds
[2023-11-16T05:50:15.962+0000][956.405s][debug][safepoint     ] Safepoint synchronization initiated. (180 threads)
[2023-11-16T05:50:15.962+0000][956.405s][info ][safepoint     ] Application time: 1.0001742 seconds
[2023-11-16T05:50:15.962+0000][956.405s][info ][safepoint     ] Entering safepoint region: Cleanup
[2023-11-16T05:50:15.962+0000][956.406s][info ][safepoint     ] Leaving safepoint region
[2023-11-16T05:50:15.962+0000][956.406s][info ][safepoint     ] Total time for which application threads were stopped: 0.0003753 seconds, Stopping threads took: 0.0000532 seconds
[2023-11-16T05:50:31.964+0000][972.407s][debug][safepoint     ] Safepoint synchronization initiated. (182 threads)
[2023-11-16T05:50:31.964+0000][972.407s][info ][safepoint     ] Application time: 16.0015499 seconds
[2023-11-16T05:50:31.964+0000][972.407s][info ][safepoint     ] Entering safepoint region: Cleanup
[2023-11-16T05:50:31.964+0000][972.408s][info ][safepoint     ] Leaving safepoint region
[2023-11-16T05:50:31.965+0000][972.408s][info ][safepoint     ] Total time for which application threads were stopped: 0.0004425 seconds, Stopping threads took: 0.0001600 seconds
[2023-11-16T05:50:32.930+0000][973.373s][debug][safepoint     ] Safepoint synchronization initiated. (187 threads)
[2023-11-16T05:50:32.930+0000][973.373s][info ][safepoint     ] Application time: 0.9651004 seconds
[2023-11-16T05:50:32.930+0000][973.373s][info ][safepoint     ] Entering safepoint region: Deoptimize
[2023-11-16T05:50:32.931+0000][973.375s][info ][safepoint     ] Leaving safepoint region
[2023-11-16T05:50:32.931+0000][973.375s][info ][safepoint     ] Total time for which application threads were stopped: 0.0016763 seconds, Stopping threads took: 0.0000369 seconds
[2023-11-16T05:50:33.931+0000][974.375s][debug][safepoint     ] Safepoint synchronization initiated. (188 threads)
[2023-11-16T05:50:33.932+0000][974.375s][info ][safepoint     ] Application time: 1.0001815 seconds
[2023-11-16T05:50:33.932+0000][974.375s][info ][safepoint     ] Entering safepoint region: Cleanup
[2023-11-16T05:50:33.932+0000][974.375s][info ][safepoint     ] Leaving safepoint region
[2023-11-16T05:50:33.932+0000][974.375s][info ][safepoint     ] Total time for which application threads were stopped: 0.0004487 seconds, Stopping threads took: 0.0000533 seconds
[2023-11-16T05:50:34.932+0000][975.375s][debug][safepoint     ] Safepoint synchronization initiated. (191 threads)
[2023-11-16T05:50:34.932+0000][975.375s][info ][safepoint     ] Application time: 1.0001503 seconds
[2023-11-16T05:50:34.932+0000][975.376s][info ][safepoint     ] Entering safepoint region: Cleanup
[2023-11-16T05:50:34.933+0000][975.376s][info ][safepoint     ] Leaving safepoint region
[2023-11-16T05:50:34.933+0000][975.376s][info ][safepoint     ] Total time for which application threads were stopped: 0.0003775 seconds, Stopping threads took: 0.0000551 seconds
[2023-11-16T05:50:35.933+0000][976.376s][debug][safepoint     ] Safepoint synchronization initiated. (191 threads)
[2023-11-16T05:50:35.933+0000][976.376s][info ][safepoint     ] Application time: 1.0001618 seconds
[2023-11-16T05:50:35.933+0000][976.376s][info ][safepoint     ] Entering safepoint region: Cleanup
[2023-11-16T05:50:35.933+0000][976.376s][info ][safepoint     ] Leaving safepoint region
[2023-11-16T05:50:35.933+0000][976.376s][info ][safepoint     ] Total time for which application threads were stopped: 0.0003562 seconds, Stopping threads took: 0.0000540 seconds
[2023-11-16T05:50:36.933+0000][977.377s][debug][safepoint     ] Safepoint synchronization initiated. (190 threads)
[2023-11-16T05:50:36.933+0000][977.377s][info ][safepoint     ] Application time: 1.0001735 seconds
[2023-11-16T05:50:36.933+0000][977.377s][info ][safepoint     ] Entering safepoint region: Cleanup
[2023-11-16T05:50:36.934+0000][977.377s][info ][safepoint     ] Leaving safepoint region
[2023-11-16T05:50:36.934+0000][977.377s][info ][safepoint     ] Total time for which application threads were stopped: 0.0003553 seconds, Stopping threads took: 0.0000551 seconds
[2023-11-16T05:50:37.934+0000][978.377s][debug][safepoint     ] Safepoint synchronization initiated. (190 threads)
[2023-11-16T05:50:37.934+0000][978.377s][info ][safepoint     ] Application time: 1.0001869 seconds
[2023-11-16T05:50:37.934+0000][978.377s][info ][safepoint     ] Entering safepoint region: Cleanup
[2023-11-16T05:50:37.934+0000][978.378s][info ][safepoint     ] Leaving safepoint region
[2023-11-16T05:50:37.934+0000][978.378s][info ][safepoint     ] Total time for which application threads were stopped: 0.0003573 seconds, Stopping threads took: 0.0000544 seconds
[2023-11-16T05:50:38.934+0000][979.378s][debug][safepoint     ] Safepoint synchronization initiated. (190 threads)
[2023-11-16T05:50:38.934+0000][979.378s][info ][safepoint     ] Application time: 1.0001778 seconds
[2023-11-16T05:50:38.935+0000][979.378s][info ][safepoint     ] Entering safepoint region: Cleanup
[2023-11-16T05:50:38.935+0000][979.378s][info ][safepoint     ] Leaving safepoint region
[2023-11-16T05:50:38.935+0000][979.378s][info ][safepoint     ] Total time for which application threads were stopped: 0.0003512 seconds, Stopping threads took: 0.0000531 seconds
[2023-11-16T05:50:42.935+0000][983.379s][debug][safepoint     ] Safepoint synchronization initiated. (190 threads)
[2023-11-16T05:50:42.935+0000][983.379s][info ][safepoint     ] Application time: 4.0003872 seconds
[2023-11-16T05:50:42.935+0000][983.379s][info ][safepoint     ] Entering safepoint region: Cleanup
[2023-11-16T05:50:42.936+0000][983.379s][info ][safepoint     ] Leaving safepoint region
[2023-11-16T05:50:42.936+0000][983.379s][info ][safepoint     ] Total time for which application threads were stopped: 0.0003207 seconds, Stopping threads took: 0.0000551 seconds
[2023-11-16T05:50:53.937+0000][994.380s][debug][safepoint     ] Safepoint synchronization initiated. (190 threads)
[2023-11-16T05:50:53.937+0000][994.380s][info ][safepoint     ] Application time: 11.0009864 seconds
[2023-11-16T05:50:53.937+0000][994.380s][info ][safepoint     ] Entering safepoint region: Cleanup
[2023-11-16T05:50:53.937+0000][994.380s][info ][safepoint     ] Leaving safepoint region
[2023-11-16T05:50:53.937+0000][994.380s][info ][safepoint     ] Total time for which application threads were stopped: 0.0002770 seconds, Stopping threads took: 0.0000599 seconds
[2023-11-16T05:50:58.937+0000][999.381s][debug][safepoint     ] Safepoint synchronization initiated. (191 threads)
[2023-11-16T05:50:58.937+0000][999.381s][info ][safepoint     ] Application time: 5.0005117 seconds
[2023-11-16T05:50:58.938+0000][999.381s][info ][safepoint     ] Entering safepoint region: Cleanup
[2023-11-16T05:50:58.938+0000][999.381s][info ][safepoint     ] Leaving safepoint region
[2023-11-16T05:50:58.938+0000][999.381s][info ][safepoint     ] Total time for which application threads were stopped: 0.0006571 seconds, Stopping threads took: 0.0003447 seconds
[2023-11-16T05:51:02.939+0000][1003.382s][debug][safepoint     ] Safepoint synchronization initiated. (191 threads)
[2023-11-16T05:51:02.939+0000][1003.382s][info ][safepoint     ] Application time: 4.0004204 seconds
[2023-11-16T05:51:02.939+0000][1003.382s][info ][safepoint     ] Entering safepoint region: Cleanup
[2023-11-16T05:51:02.939+0000][1003.382s][info ][safepoint     ] Leaving safepoint region
[2023-11-16T05:51:02.939+0000][1003.382s][info ][safepoint     ] Total time for which application threads were stopped: 0.0003439 seconds, Stopping threads took: 0.0000539 seconds
[2023-11-16T05:51:15.940+0000][1016.383s][debug][safepoint     ] Safepoint synchronization initiated. (190 threads)
[2023-11-16T05:51:15.940+0000][1016.383s][info ][safepoint     ] Application time: 13.0011595 seconds
[2023-11-16T05:51:15.940+0000][1016.384s][info ][safepoint     ] Entering safepoint region: Cleanup
[2023-11-16T05:51:15.940+0000][1016.384s][info ][safepoint     ] Leaving safepoint region
[2023-11-16T05:51:15.941+0000][1016.384s][info ][safepoint     ] Total time for which application threads were stopped: 0.0003640 seconds, Stopping threads took: 0.0000542 seconds
[2023-11-16T05:51:29.942+0000][1030.385s][debug][safepoint     ] Safepoint synchronization initiated. (191 threads)
[2023-11-16T05:51:29.942+0000][1030.385s][info ][safepoint     ] Application time: 14.0012983 seconds
[2023-11-16T05:51:29.942+0000][1030.385s][info ][safepoint     ] Entering safepoint region: Cleanup
[2023-11-16T05:51:29.942+0000][1030.386s][info ][safepoint     ] Leaving safepoint region
[2023-11-16T05:51:29.942+0000][1030.386s][info ][safepoint     ] Total time for which application threads were stopped: 0.0003792 seconds, Stopping threads took: 0.0000512 seconds
[2023-11-16T05:51:54.944+0000][1055.388s][debug][safepoint     ] Safepoint synchronization initiated. (190 threads)
[2023-11-16T05:51:54.945+0000][1055.388s][info ][safepoint     ] Application time: 25.0022841 seconds
[2023-11-16T05:51:54.945+0000][1055.388s][info ][safepoint     ] Entering safepoint region: Cleanup
[2023-11-16T05:51:54.945+0000][1055.388s][info ][safepoint     ] Leaving safepoint region
[2023-11-16T05:51:54.945+0000][1055.388s][info ][safepoint     ] Total time for which application threads were stopped: 0.0003392 seconds, Stopping threads took: 0.0000533 seconds
[2023-11-16T05:51:55.945+0000][1056.388s][debug][safepoint     ] Safepoint synchronization initiated. (190 threads)
[2023-11-16T05:51:55.945+0000][1056.388s][info ][safepoint     ] Application time: 1.0001479 seconds
[2023-11-16T05:51:55.945+0000][1056.388s][debug][safepoint     ] ... found polling page loop exception at pc = 0x00007fde848c932b, stub =0x00007fde7c83ab00
[2023-11-16T05:51:55.945+0000][1056.388s][debug][safepoint     ] ... found polling page return exception at pc = 0x00007fde846e287a, stub =0x00007fde7c83a800
[2023-11-16T05:51:55.945+0000][1056.389s][debug][safepoint     ] Waiting for 3 thread(s) to block
[2023-11-16T05:51:55.945+0000][1056.389s][info ][safepoint     ] Entering safepoint region: Cleanup
[2023-11-16T05:51:55.946+0000][1056.389s][info ][safepoint     ] Leaving safepoint region
[2023-11-16T05:51:55.946+0000][1056.389s][info ][safepoint     ] Total time for which application threads were stopped: 0.0007367 seconds, Stopping threads took: 0.0003441 seconds
[2023-11-16T05:51:56.501+0000][1056.944s][debug][safepoint     ] Safepoint synchronization initiated. (190 threads)
[2023-11-16T05:51:56.501+0000][1056.944s][info ][safepoint     ] Application time: 0.5550382 seconds
[2023-11-16T05:51:56.501+0000][1056.944s][info ][safepoint     ] Entering safepoint region: ICBufferFull
[2023-11-16T05:51:56.501+0000][1056.945s][info ][safepoint     ] Leaving safepoint region
[2023-11-16T05:51:56.501+0000][1056.945s][info ][safepoint     ] Total time for which application threads were stopped: 0.0005153 seconds, Stopping threads took: 0.0000394 seconds
[2023-11-16T05:51:57.502+0000][1057.945s][debug][safepoint     ] Safepoint synchronization initiated. (190 threads)
[2023-11-16T05:51:57.502+0000][1057.945s][info ][safepoint     ] Application time: 1.0001807 seconds
[2023-11-16T05:51:57.502+0000][1057.945s][info ][safepoint     ] Entering safepoint region: Cleanup
[2023-11-16T05:51:57.502+0000][1057.945s][info ][safepoint     ] Leaving safepoint region
[2023-11-16T05:51:57.502+0000][1057.945s][info ][safepoint     ] Total time for which application threads were stopped: 0.0004848 seconds, Stopping threads took: 0.0000562 seconds
[2023-11-16T05:51:58.502+0000][1058.946s][debug][safepoint     ] Safepoint synchronization initiated. (189 threads)
[2023-11-16T05:51:58.502+0000][1058.946s][info ][safepoint     ] Application time: 1.0001565 seconds
[2023-11-16T05:51:58.502+0000][1058.946s][info ][safepoint     ] Entering safepoint region: Cleanup
[2023-11-16T05:51:58.503+0000][1058.946s][info ][safepoint     ] Leaving safepoint region
[2023-11-16T05:51:58.503+0000][1058.946s][info ][safepoint     ] Total time for which application threads were stopped: 0.0004123 seconds, Stopping threads took: 0.0000553 seconds
[2023-11-16T05:51:59.503+0000][1059.946s][debug][safepoint     ] Safepoint synchronization initiated. (188 threads)
[2023-11-16T05:51:59.503+0000][1059.946s][info ][safepoint     ] Application time: 1.0001638 seconds
[2023-11-16T05:51:59.503+0000][1059.946s][info ][safepoint     ] Entering safepoint region: Cleanup
[2023-11-16T05:51:59.503+0000][1059.947s][info ][safepoint     ] Leaving safepoint region
[2023-11-16T05:51:59.503+0000][1059.947s][info ][safepoint     ] Total time for which application threads were stopped: 0.0004079 seconds, Stopping threads took: 0.0000584 seconds
[2023-11-16T05:52:00.503+0000][1060.947s][debug][safepoint     ] Safepoint synchronization initiated. (188 threads)
[2023-11-16T05:52:00.504+0000][1060.947s][info ][safepoint     ] Application time: 1.0001787 seconds
[2023-11-16T05:52:00.504+0000][1060.947s][info ][safepoint     ] Entering safepoint region: Cleanup
[2023-11-16T05:52:00.504+0000][1060.947s][info ][safepoint     ] Leaving safepoint region
[2023-11-16T05:52:00.504+0000][1060.947s][info ][safepoint     ] Total time for which application threads were stopped: 0.0004039 seconds, Stopping threads took: 0.0000577 seconds
[2023-11-16T05:52:01.504+0000][1061.947s][debug][safepoint     ] Safepoint synchronization initiated. (188 threads)
[2023-11-16T05:52:01.504+0000][1061.947s][info ][safepoint     ] Application time: 1.0001645 seconds
[2023-11-16T05:52:01.504+0000][1061.948s][info ][safepoint     ] Entering safepoint region: Cleanup
[2023-11-16T05:52:01.504+0000][1061.948s][info ][safepoint     ] Leaving safepoint region
[2023-11-16T05:52:01.504+0000][1061.948s][info ][safepoint     ] Total time for which application threads were stopped: 0.0002834 seconds, Stopping threads took: 0.0000576 seconds
[2023-11-16T05:52:02.505+0000][1062.948s][debug][safepoint     ] Safepoint synchronization initiated. (188 threads)
[2023-11-16T05:52:02.505+0000][1062.948s][info ][safepoint     ] Application time: 1.0001464 seconds
[2023-11-16T05:52:02.505+0000][1062.948s][info ][safepoint     ] Entering safepoint region: Cleanup
[2023-11-16T05:52:02.505+0000][1062.948s][info ][safepoint     ] Leaving safepoint region
[2023-11-16T05:52:02.505+0000][1062.948s][info ][safepoint     ] Total time for which application threads were stopped: 0.0003092 seconds, Stopping threads took: 0.0000571 seconds
[2023-11-16T05:52:03.505+0000][1063.948s][debug][safepoint     ] Safepoint synchronization initiated. (188 threads)
[2023-11-16T05:52:03.505+0000][1063.948s][info ][safepoint     ] Application time: 1.0001201 seconds
[2023-11-16T05:52:03.505+0000][1063.948s][info ][safepoint     ] Entering safepoint region: Cleanup
[2023-11-16T05:52:03.505+0000][1063.949s][info ][safepoint     ] Leaving safepoint region
[2023-11-16T05:52:03.505+0000][1063.949s][info ][safepoint     ] Total time for which application threads were stopped: 0.0002211 seconds, Stopping threads took: 0.0000415 seconds
[2023-11-16T05:52:04.505+0000][1064.949s][debug][safepoint     ] Safepoint synchronization initiated. (188 threads)
[2023-11-16T05:52:04.505+0000][1064.949s][info ][safepoint     ] Application time: 1.0001894 seconds
[2023-11-16T05:52:04.506+0000][1064.949s][info ][safepoint     ] Entering safepoint region: Cleanup
[2023-11-16T05:52:04.506+0000][1064.949s][info ][safepoint     ] Leaving safepoint region
[2023-11-16T05:52:04.506+0000][1064.949s][info ][safepoint     ] Total time for which application threads were stopped: 0.0003040 seconds, Stopping threads took: 0.0000616 seconds
[2023-11-16T05:52:05.506+0000][1065.949s][debug][safepoint     ] Safepoint synchronization initiated. (188 threads)
[2023-11-16T05:52:05.506+0000][1065.949s][info ][safepoint     ] Application time: 1.0001629 seconds
[2023-11-16T05:52:05.506+0000][1065.949s][info ][safepoint     ] Entering safepoint region: Cleanup
[2023-11-16T05:52:05.506+0000][1065.950s][info ][safepoint     ] Leaving safepoint region
[2023-11-16T05:52:05.506+0000][1065.950s][info ][safepoint     ] Total time for which application threads were stopped: 0.0002902 seconds, Stopping threads took: 0.0000598 seconds
[2023-11-16T05:52:06.506+0000][1066.950s][debug][safepoint     ] Safepoint synchronization initiated. (188 threads)
[2023-11-16T05:52:06.506+0000][1066.950s][info ][safepoint     ] Application time: 1.0001622 seconds
[2023-11-16T05:52:06.507+0000][1066.950s][info ][safepoint     ] Entering safepoint region: Cleanup
[2023-11-16T05:52:06.507+0000][1066.950s][info ][safepoint     ] Leaving safepoint region
[2023-11-16T05:52:06.507+0000][1066.950s][info ][safepoint     ] Total time for which application threads were stopped: 0.0002836 seconds, Stopping threads took: 0.0000598 seconds
[2023-11-16T05:52:07.507+0000][1067.950s][debug][safepoint     ] Safepoint synchronization initiated. (188 threads)
[2023-11-16T05:52:07.507+0000][1067.950s][info ][safepoint     ] Application time: 1.0001654 seconds
[2023-11-16T05:52:07.507+0000][1067.950s][info ][safepoint     ] Entering safepoint region: Cleanup
[2023-11-16T05:52:07.507+0000][1067.951s][info ][safepoint     ] Leaving safepoint region
[2023-11-16T05:52:07.507+0000][1067.951s][info ][safepoint     ] Total time for which application threads were stopped: 0.0002840 seconds, Stopping threads took: 0.0000592 seconds
[2023-11-16T05:52:08.507+0000][1068.951s][debug][safepoint     ] Safepoint synchronization initiated. (188 threads)
[2023-11-16T05:52:08.507+0000][1068.951s][info ][safepoint     ] Application time: 1.0001685 seconds
[2023-11-16T05:52:08.508+0000][1068.951s][info ][safepoint     ] Entering safepoint region: Cleanup
[2023-11-16T05:52:08.508+0000][1068.951s][info ][safepoint     ] Leaving safepoint region
[2023-11-16T05:52:08.508+0000][1068.951s][info ][safepoint     ] Total time for which application threads were stopped: 0.0003474 seconds, Stopping threads took: 0.0000686 seconds
[2023-11-16T05:52:09.508+0000][1069.951s][debug][safepoint     ] Safepoint synchronization initiated. (188 threads)
[2023-11-16T05:52:09.508+0000][1069.951s][info ][safepoint     ] Application time: 1.0001627 seconds
[2023-11-16T05:52:09.508+0000][1069.951s][info ][safepoint     ] Entering safepoint region: Cleanup
[2023-11-16T05:52:09.508+0000][1069.952s][info ][safepoint     ] Leaving safepoint region
[2023-11-16T05:52:09.508+0000][1069.952s][info ][safepoint     ] Total time for which application threads were stopped: 0.0003159 seconds, Stopping threads took: 0.0000618 seconds
[2023-11-16T05:52:10.508+0000][1070.952s][debug][safepoint     ] Safepoint synchronization initiated. (188 threads)
[2023-11-16T05:52:10.509+0000][1070.952s][info ][safepoint     ] Application time: 1.0001581 seconds
[2023-11-16T05:52:10.509+0000][1070.952s][info ][safepoint     ] Entering safepoint region: Cleanup
[2023-11-16T05:52:10.509+0000][1070.952s][info ][safepoint     ] Leaving safepoint region
[2023-11-16T05:52:10.509+0000][1070.952s][info ][safepoint     ] Total time for which application threads were stopped: 0.0003222 seconds, Stopping threads took: 0.0000571 seconds
[2023-11-16T05:52:11.509+0000][1071.952s][debug][safepoint     ] Safepoint synchronization initiated. (188 threads)
[2023-11-16T05:52:11.509+0000][1071.952s][info ][safepoint     ] Application time: 1.0001968 seconds
[2023-11-16T05:52:11.509+0000][1071.952s][info ][safepoint     ] Entering safepoint region: Cleanup
[2023-11-16T05:52:11.509+0000][1071.953s][info ][safepoint     ] Leaving safepoint region
[2023-11-16T05:52:11.509+0000][1071.953s][info ][safepoint     ] Total time for which application threads were stopped: 0.0002980 seconds, Stopping threads took: 0.0000608 seconds
[2023-11-16T05:52:12.509+0000][1072.953s][debug][safepoint     ] Safepoint synchronization initiated. (188 threads)
[2023-11-16T05:52:12.510+0000][1072.953s][info ][safepoint     ] Application time: 1.0001567 seconds
[2023-11-16T05:52:12.510+0000][1072.953s][info ][safepoint     ] Entering safepoint region: Cleanup
[2023-11-16T05:52:12.510+0000][1072.953s][info ][safepoint     ] Leaving safepoint region
[2023-11-16T05:52:12.510+0000][1072.953s][info ][safepoint     ] Total time for which application threads were stopped: 0.0002985 seconds, Stopping threads took: 0.0000605 seconds
[2023-11-16T05:52:13.510+0000][1073.953s][debug][safepoint     ] Safepoint synchronization initiated. (188 threads)
[2023-11-16T05:52:13.510+0000][1073.953s][info ][safepoint     ] Application time: 1.0001681 seconds
[2023-11-16T05:52:13.510+0000][1073.953s][info ][safepoint     ] Entering safepoint region: Cleanup
[2023-11-16T05:52:13.511+0000][1073.954s][info ][safepoint     ] Leaving safepoint region
[2023-11-16T05:52:13.511+0000][1073.954s][info ][safepoint     ] Total time for which application threads were stopped: 0.0005059 seconds, Stopping threads took: 0.0002691 seconds
[2023-11-16T05:52:14.511+0000][1074.954s][debug][safepoint     ] Safepoint synchronization initiated. (188 threads)
[2023-11-16T05:52:14.511+0000][1074.954s][info ][safepoint     ] Application time: 1.0001554 seconds
[2023-11-16T05:52:14.511+0000][1074.954s][info ][safepoint     ] Entering safepoint region: Cleanup
[2023-11-16T05:52:14.511+0000][1074.954s][info ][safepoint     ] Leaving safepoint region
[2023-11-16T05:52:14.511+0000][1074.954s][info ][safepoint     ] Total time for which application threads were stopped: 0.0002671 seconds, Stopping threads took: 0.0000576 seconds
[2023-11-16T05:52:15.511+0000][1075.954s][debug][safepoint     ] Safepoint synchronization initiated. (188 threads)
[2023-11-16T05:52:15.511+0000][1075.955s][info ][safepoint     ] Application time: 1.0001606 seconds
[2023-11-16T05:52:15.511+0000][1075.955s][info ][safepoint     ] Entering safepoint region: Cleanup
[2023-11-16T05:52:15.512+0000][1075.955s][info ][safepoint     ] Leaving safepoint region
[2023-11-16T05:52:15.512+0000][1075.955s][info ][safepoint     ] Total time for which application threads were stopped: 0.0003401 seconds, Stopping threads took: 0.0000606 seconds
[2023-11-16T05:52:16.512+0000][1076.955s][debug][safepoint     ] Safepoint synchronization initiated. (188 threads)
[2023-11-16T05:52:16.512+0000][1076.955s][info ][safepoint     ] Application time: 1.0001451 seconds
[2023-11-16T05:52:16.512+0000][1076.955s][info ][safepoint     ] Entering safepoint region: Cleanup
[2023-11-16T05:52:16.512+0000][1076.955s][info ][safepoint     ] Leaving safepoint region
[2023-11-16T05:52:16.512+0000][1076.955s][info ][safepoint     ] Total time for which application threads were stopped: 0.0004110 seconds, Stopping threads took: 0.0000584 seconds
[2023-11-16T05:52:17.512+0000][1077.956s][debug][safepoint     ] Safepoint synchronization initiated. (188 threads)
[2023-11-16T05:52:17.512+0000][1077.956s][info ][safepoint     ] Application time: 1.0001594 seconds
[2023-11-16T05:52:17.512+0000][1077.956s][info ][safepoint     ] Entering safepoint region: Cleanup
[2023-11-16T05:52:17.513+0000][1077.956s][info ][safepoint     ] Leaving safepoint region
[2023-11-16T05:52:17.513+0000][1077.956s][info ][safepoint     ] Total time for which application threads were stopped: 0.0004140 seconds, Stopping threads took: 0.0000608 seconds
[2023-11-16T05:52:18.513+0000][1078.956s][debug][safepoint     ] Safepoint synchronization initiated. (188 threads)
[2023-11-16T05:52:18.513+0000][1078.956s][info ][safepoint     ] Application time: 1.0001919 seconds
[2023-11-16T05:52:18.513+0000][1078.957s][info ][safepoint     ] Entering safepoint region: Cleanup
[2023-11-16T05:52:18.514+0000][1078.957s][info ][safepoint     ] Leaving safepoint region
[2023-11-16T05:52:18.514+0000][1078.957s][info ][safepoint     ] Total time for which application threads were stopped: 0.0003997 seconds, Stopping threads took: 0.0000630 seconds
[2023-11-16T05:52:19.514+0000][1079.957s][debug][safepoint     ] Safepoint synchronization initiated. (188 threads)
[2023-11-16T05:52:19.514+0000][1079.957s][info ][safepoint     ] Application time: 1.0001639 seconds
[2023-11-16T05:52:19.514+0000][1079.957s][info ][safepoint     ] Entering safepoint region: Cleanup
[2023-11-16T05:52:19.514+0000][1079.957s][info ][safepoint     ] Leaving safepoint region
[2023-11-16T05:52:19.514+0000][1079.957s][info ][safepoint     ] Total time for which application threads were stopped: 0.0004134 seconds, Stopping threads took: 0.0000607 seconds
[2023-11-16T05:52:20.514+0000][1080.958s][debug][safepoint     ] Safepoint synchronization initiated. (188 threads)
[2023-11-16T05:52:20.514+0000][1080.958s][info ][safepoint     ] Application time: 1.0001576 seconds
[2023-11-16T05:52:20.514+0000][1080.958s][info ][safepoint     ] Entering safepoint region: Cleanup
[2023-11-16T05:52:20.515+0000][1080.958s][info ][safepoint     ] Leaving safepoint region
[2023-11-16T05:52:20.515+0000][1080.958s][info ][safepoint     ] Total time for which application threads were stopped: 0.0004140 seconds, Stopping threads took: 0.0000598 seconds
[2023-11-16T05:52:21.515+0000][1081.958s][debug][safepoint     ] Safepoint synchronization initiated. (188 threads)
[2023-11-16T05:52:21.515+0000][1081.958s][info ][safepoint     ] Application time: 1.0001644 seconds
[2023-11-16T05:52:21.515+0000][1081.958s][info ][safepoint     ] Entering safepoint region: Cleanup
[2023-11-16T05:52:21.515+0000][1081.959s][info ][safepoint     ] Leaving safepoint region
[2023-11-16T05:52:21.515+0000][1081.959s][info ][safepoint     ] Total time for which application threads were stopped: 0.0003258 seconds, Stopping threads took: 0.0000616 seconds
[2023-11-16T05:52:21.515+0000][1081.959s][debug][safepoint     ] ... found polling page return exception at pc = 0x00007fde849bede6, stub =0x00007fde7c83a800
[2023-11-16T05:52:21.515+0000][1081.959s][debug][safepoint     ] ... found polling page return exception at pc = 0x00007fde849bede6, stub =0x00007fde7c83a800
[2023-11-16T05:52:22.515+0000][1082.959s][debug][safepoint     ] Safepoint synchronization initiated. (188 threads)
[2023-11-16T05:52:22.516+0000][1082.959s][info ][safepoint     ] Application time: 1.0001910 seconds
[2023-11-16T05:52:22.516+0000][1082.959s][info ][safepoint     ] Entering safepoint region: Cleanup
[2023-11-16T05:52:22.516+0000][1082.959s][info ][safepoint     ] Leaving safepoint region
[2023-11-16T05:52:22.516+0000][1082.959s][info ][safepoint     ] Total time for which application threads were stopped: 0.0003084 seconds, Stopping threads took: 0.0000603 seconds
[2023-11-16T05:52:23.516+0000][1083.959s][debug][safepoint     ] Safepoint synchronization initiated. (188 threads)
[2023-11-16T05:52:23.516+0000][1083.959s][info ][safepoint     ] Application time: 1.0001573 seconds
[2023-11-16T05:52:23.516+0000][1083.959s][info ][safepoint     ] Entering safepoint region: Cleanup
[2023-11-16T05:52:23.517+0000][1083.960s][info ][safepoint     ] Leaving safepoint region
[2023-11-16T05:52:23.517+0000][1083.960s][info ][safepoint     ] Total time for which application threads were stopped: 0.0005985 seconds, Stopping threads took: 0.0003735 seconds
[2023-11-16T05:52:24.517+0000][1084.960s][debug][safepoint     ] Safepoint synchronization initiated. (188 threads)
[2023-11-16T05:52:24.517+0000][1084.960s][info ][safepoint     ] Application time: 1.0001599 seconds
[2023-11-16T05:52:24.517+0000][1084.960s][info ][safepoint     ] Entering safepoint region: Cleanup
[2023-11-16T05:52:24.517+0000][1084.960s][info ][safepoint     ] Leaving safepoint region
[2023-11-16T05:52:24.517+0000][1084.960s][info ][safepoint     ] Total time for which application threads were stopped: 0.0003166 seconds, Stopping threads took: 0.0000851 seconds
[2023-11-16T05:52:25.517+0000][1085.961s][debug][safepoint     ] Safepoint synchronization initiated. (188 threads)
[2023-11-16T05:52:25.517+0000][1085.961s][info ][safepoint     ] Application time: 1.0001676 seconds
[2023-11-16T05:52:25.517+0000][1085.961s][info ][safepoint     ] Entering safepoint region: Cleanup
[2023-11-16T05:52:25.518+0000][1085.961s][info ][safepoint     ] Leaving safepoint region
[2023-11-16T05:52:25.518+0000][1085.961s][info ][safepoint     ] Total time for which application threads were stopped: 0.0002900 seconds, Stopping threads took: 0.0000602 seconds
[2023-11-16T05:52:26.518+0000][1086.961s][debug][safepoint     ] Safepoint synchronization initiated. (188 threads)
[2023-11-16T05:52:26.518+0000][1086.961s][info ][safepoint     ] Application time: 1.0001619 seconds
[2023-11-16T05:52:26.518+0000][1086.961s][info ][safepoint     ] Entering safepoint region: Cleanup
[2023-11-16T05:52:26.518+0000][1086.961s][info ][safepoint     ] Leaving safepoint region
[2023-11-16T05:52:26.518+0000][1086.961s][info ][safepoint     ] Total time for which application threads were stopped: 0.0002900 seconds, Stopping threads took: 0.0000597 seconds
[2023-11-16T05:52:27.518+0000][1087.962s][debug][safepoint     ] Safepoint synchronization initiated. (188 threads)
[2023-11-16T05:52:27.518+0000][1087.962s][info ][safepoint     ] Application time: 1.0001535 seconds
[2023-11-16T05:52:27.518+0000][1087.962s][info ][safepoint     ] Entering safepoint region: Cleanup
[2023-11-16T05:52:27.519+0000][1087.962s][info ][safepoint     ] Leaving safepoint region
[2023-11-16T05:52:27.519+0000][1087.962s][info ][safepoint     ] Total time for which application threads were stopped: 0.0002896 seconds, Stopping threads took: 0.0000583 seconds
[2023-11-16T05:52:28.519+0000][1088.962s][debug][safepoint     ] Safepoint synchronization initiated. (187 threads)
[2023-11-16T05:52:28.519+0000][1088.962s][info ][safepoint     ] Application time: 1.0001594 seconds
[2023-11-16T05:52:28.519+0000][1088.962s][info ][safepoint     ] Entering safepoint region: Cleanup
[2023-11-16T05:52:28.519+0000][1088.962s][info ][safepoint     ] Leaving safepoint region
[2023-11-16T05:52:28.519+0000][1088.962s][info ][safepoint     ] Total time for which application threads were stopped: 0.0002904 seconds, Stopping threads took: 0.0000591 seconds
[2023-11-16T05:52:29.519+0000][1089.962s][debug][safepoint     ] Safepoint synchronization initiated. (186 threads)
[2023-11-16T05:52:29.519+0000][1089.963s][info ][safepoint     ] Application time: 1.0001544 seconds
[2023-11-16T05:52:29.519+0000][1089.963s][info ][safepoint     ] Entering safepoint region: Cleanup
[2023-11-16T05:52:29.520+0000][1089.963s][info ][safepoint     ] Leaving safepoint region
[2023-11-16T05:52:29.520+0000][1089.963s][info ][safepoint     ] Total time for which application threads were stopped: 0.0003156 seconds, Stopping threads took: 0.0000548 seconds
[2023-11-16T05:52:30.520+0000][1090.963s][debug][safepoint     ] Safepoint synchronization initiated. (186 threads)
[2023-11-16T05:52:30.520+0000][1090.963s][info ][safepoint     ] Application time: 1.0001497 seconds
[2023-11-16T05:52:30.520+0000][1090.963s][info ][safepoint     ] Entering safepoint region: Cleanup
[2023-11-16T05:52:30.520+0000][1090.963s][info ][safepoint     ] Leaving safepoint region
[2023-11-16T05:52:30.520+0000][1090.963s][info ][safepoint     ] Total time for which application threads were stopped: 0.0002764 seconds, Stopping threads took: 0.0000551 seconds
[2023-11-16T05:52:31.520+0000][1091.963s][debug][safepoint     ] Safepoint synchronization initiated. (186 threads)
[2023-11-16T05:52:31.520+0000][1091.964s][info ][safepoint     ] Application time: 1.0001633 seconds
[2023-11-16T05:52:31.520+0000][1091.964s][info ][safepoint     ] Entering safepoint region: Cleanup
[2023-11-16T05:52:31.521+0000][1091.964s][info ][safepoint     ] Leaving safepoint region
[2023-11-16T05:52:31.521+0000][1091.964s][info ][safepoint     ] Total time for which application threads were stopped: 0.0003751 seconds, Stopping threads took: 0.0000831 seconds
[2023-11-16T05:52:32.521+0000][1092.964s][debug][safepoint     ] Safepoint synchronization initiated. (186 threads)
[2023-11-16T05:52:32.521+0000][1092.964s][info ][safepoint     ] Application time: 1.0001326 seconds
[2023-11-16T05:52:32.521+0000][1092.964s][info ][safepoint     ] Entering safepoint region: Cleanup
[2023-11-16T05:52:32.521+0000][1092.964s][info ][safepoint     ] Leaving safepoint region
[2023-11-16T05:52:32.521+0000][1092.964s][info ][safepoint     ] Total time for which application threads were stopped: 0.0002046 seconds, Stopping threads took: 0.0000472 seconds
[2023-11-16T05:52:33.521+0000][1093.964s][debug][safepoint     ] Safepoint synchronization initiated. (186 threads)
[2023-11-16T05:52:33.521+0000][1093.964s][info ][safepoint     ] Application time: 1.0001578 seconds
[2023-11-16T05:52:33.521+0000][1093.965s][info ][safepoint     ] Entering safepoint region: Cleanup
[2023-11-16T05:52:33.521+0000][1093.965s][info ][safepoint     ] Leaving safepoint region
[2023-11-16T05:52:33.521+0000][1093.965s][info ][safepoint     ] Total time for which application threads were stopped: 0.0001855 seconds, Stopping threads took: 0.0000362 seconds
[2023-11-16T05:52:34.521+0000][1094.965s][debug][safepoint     ] Safepoint synchronization initiated. (186 threads)
[2023-11-16T05:52:34.522+0000][1094.965s][info ][safepoint     ] Application time: 1.0001499 seconds
[2023-11-16T05:52:34.522+0000][1094.965s][info ][safepoint     ] Entering safepoint region: Cleanup
[2023-11-16T05:52:34.522+0000][1094.965s][info ][safepoint     ] Leaving safepoint region
[2023-11-16T05:52:34.522+0000][1094.965s][info ][safepoint     ] Total time for which application threads were stopped: 0.0001850 seconds, Stopping threads took: 0.0000362 seconds
[2023-11-16T05:52:35.522+0000][1095.965s][debug][safepoint     ] Safepoint synchronization initiated. (186 threads)
[2023-11-16T05:52:35.522+0000][1095.965s][info ][safepoint     ] Application time: 1.0001535 seconds
[2023-11-16T05:52:35.522+0000][1095.965s][info ][safepoint     ] Entering safepoint region: Cleanup
[2023-11-16T05:52:35.522+0000][1095.965s][info ][safepoint     ] Leaving safepoint region
[2023-11-16T05:52:35.522+0000][1095.965s][info ][safepoint     ] Total time for which application threads were stopped: 0.0001892 seconds, Stopping threads took: 0.0000366 seconds
[2023-11-16T05:52:36.522+0000][1096.965s][debug][safepoint     ] Safepoint synchronization initiated. (186 threads)
[2023-11-16T05:52:36.522+0000][1096.966s][info ][safepoint     ] Application time: 1.0001512 seconds
[2023-11-16T05:52:36.522+0000][1096.966s][info ][safepoint     ] Entering safepoint region: Cleanup
[2023-11-16T05:52:36.522+0000][1096.966s][info ][safepoint     ] Leaving safepoint region
[2023-11-16T05:52:36.522+0000][1096.966s][info ][safepoint     ] Total time for which application threads were stopped: 0.0001951 seconds, Stopping threads took: 0.0000377 seconds
[2023-11-16T05:52:37.523+0000][1097.966s][debug][safepoint     ] Safepoint synchronization initiated. (186 threads)
[2023-11-16T05:52:37.523+0000][1097.966s][info ][safepoint     ] Application time: 1.0001660 seconds
[2023-11-16T05:52:37.523+0000][1097.966s][info ][safepoint     ] Entering safepoint region: Cleanup
[2023-11-16T05:52:37.523+0000][1097.966s][info ][safepoint     ] Leaving safepoint region
[2023-11-16T05:52:37.523+0000][1097.966s][info ][safepoint     ] Total time for which application threads were stopped: 0.0002270 seconds, Stopping threads took: 0.0000414 seconds
[2023-11-16T05:52:38.523+0000][1098.966s][debug][safepoint     ] Safepoint synchronization initiated. (186 threads)
[2023-11-16T05:52:38.523+0000][1098.966s][info ][safepoint     ] Application time: 1.0001531 seconds
[2023-11-16T05:52:38.523+0000][1098.966s][info ][safepoint     ] Entering safepoint region: Cleanup
[2023-11-16T05:52:38.523+0000][1098.967s][info ][safepoint     ] Leaving safepoint region
[2023-11-16T05:52:38.523+0000][1098.967s][info ][safepoint     ] Total time for which application threads were stopped: 0.0003936 seconds, Stopping threads took: 0.0000523 seconds
[2023-11-16T05:52:39.523+0000][1099.967s][debug][safepoint     ] Safepoint synchronization initiated. (186 threads)
[2023-11-16T05:52:39.524+0000][1099.967s][info ][safepoint     ] Application time: 1.0001208 seconds
[2023-11-16T05:52:39.524+0000][1099.967s][info ][safepoint     ] Entering safepoint region: Cleanup
[2023-11-16T05:52:39.524+0000][1099.967s][info ][safepoint     ] Leaving safepoint region
[2023-11-16T05:52:39.524+0000][1099.967s][info ][safepoint     ] Total time for which application threads were stopped: 0.0002750 seconds, Stopping threads took: 0.0000365 seconds
[2023-11-16T05:52:40.524+0000][1100.967s][debug][safepoint     ] Safepoint synchronization initiated. (186 threads)
[2023-11-16T05:52:40.524+0000][1100.967s][info ][safepoint     ] Application time: 1.0001430 seconds
[2023-11-16T05:52:40.524+0000][1100.967s][info ][safepoint     ] Entering safepoint region: Cleanup
[2023-11-16T05:52:40.524+0000][1100.968s][info ][safepoint     ] Leaving safepoint region
[2023-11-16T05:52:40.524+0000][1100.968s][info ][safepoint     ] Total time for which application threads were stopped: 0.0002888 seconds, Stopping threads took: 0.0000389 seconds
[2023-11-16T05:52:41.524+0000][1101.968s][debug][safepoint     ] Safepoint synchronization initiated. (186 threads)
[2023-11-16T05:52:41.524+0000][1101.968s][info ][safepoint     ] Application time: 1.0001237 seconds
[2023-11-16T05:52:41.524+0000][1101.968s][info ][safepoint     ] Entering safepoint region: Cleanup
[2023-11-16T05:52:41.525+0000][1101.968s][info ][safepoint     ] Leaving safepoint region
[2023-11-16T05:52:41.525+0000][1101.968s][info ][safepoint     ] Total time for which application threads were stopped: 0.0002869 seconds, Stopping threads took: 0.0000410 seconds
[2023-11-16T05:52:42.525+0000][1102.968s][debug][safepoint     ] Safepoint synchronization initiated. (186 threads)
[2023-11-16T05:52:42.525+0000][1102.968s][info ][safepoint     ] Application time: 1.0001340 seconds
[2023-11-16T05:52:42.525+0000][1102.968s][info ][safepoint     ] Entering safepoint region: Cleanup
[2023-11-16T05:52:42.525+0000][1102.968s][info ][safepoint     ] Leaving safepoint region
[2023-11-16T05:52:42.525+0000][1102.968s][info ][safepoint     ] Total time for which application threads were stopped: 0.0002016 seconds, Stopping threads took: 0.0000432 seconds
[2023-11-16T05:52:43.525+0000][1103.968s][debug][safepoint     ] Safepoint synchronization initiated. (186 threads)
[2023-11-16T05:52:43.525+0000][1103.969s][info ][safepoint     ] Application time: 1.0001254 seconds
[2023-11-16T05:52:43.525+0000][1103.969s][info ][safepoint     ] Entering safepoint region: Cleanup
[2023-11-16T05:52:43.525+0000][1103.969s][info ][safepoint     ] Leaving safepoint region
[2023-11-16T05:52:43.525+0000][1103.969s][info ][safepoint     ] Total time for which application threads were stopped: 0.0002043 seconds, Stopping threads took: 0.0000422 seconds
[2023-11-16T05:52:44.526+0000][1104.969s][debug][safepoint     ] Safepoint synchronization initiated. (186 threads)
[2023-11-16T05:52:44.526+0000][1104.969s][info ][safepoint     ] Application time: 1.0001613 seconds
[2023-11-16T05:52:44.526+0000][1104.969s][info ][safepoint     ] Entering safepoint region: Cleanup
[2023-11-16T05:52:44.526+0000][1104.969s][info ][safepoint     ] Leaving safepoint region
[2023-11-16T05:52:44.526+0000][1104.969s][info ][safepoint     ] Total time for which application threads were stopped: 0.0001934 seconds, Stopping threads took: 0.0000395 seconds
[2023-11-16T05:52:45.526+0000][1105.969s][debug][safepoint     ] Safepoint synchronization initiated. (186 threads)
[2023-11-16T05:52:45.526+0000][1105.969s][info ][safepoint     ] Application time: 1.0001302 seconds
[2023-11-16T05:52:45.526+0000][1105.969s][info ][safepoint     ] Entering safepoint region: Cleanup
[2023-11-16T05:52:45.526+0000][1105.969s][info ][safepoint     ] Leaving safepoint region
[2023-11-16T05:52:45.526+0000][1105.969s][info ][safepoint     ] Total time for which application threads were stopped: 0.0002093 seconds, Stopping threads took: 0.0000543 seconds
[2023-11-16T05:52:46.526+0000][1106.970s][debug][safepoint     ] Safepoint synchronization initiated. (186 threads)
[2023-11-16T05:52:46.526+0000][1106.970s][info ][safepoint     ] Application time: 1.0001221 seconds
[2023-11-16T05:52:46.526+0000][1106.970s][info ][safepoint     ] Entering safepoint region: Cleanup
[2023-11-16T05:52:46.526+0000][1106.970s][info ][safepoint     ] Leaving safepoint region
[2023-11-16T05:52:46.526+0000][1106.970s][info ][safepoint     ] Total time for which application threads were stopped: 0.0001912 seconds, Stopping threads took: 0.0000392 seconds
[2023-11-16T05:52:47.527+0000][1107.970s][debug][safepoint     ] Safepoint synchronization initiated. (186 threads)
[2023-11-16T05:52:47.527+0000][1107.970s][info ][safepoint     ] Application time: 1.0001664 seconds
[2023-11-16T05:52:47.527+0000][1107.970s][info ][safepoint     ] Entering safepoint region: Cleanup
[2023-11-16T05:52:47.527+0000][1107.970s][info ][safepoint     ] Leaving safepoint region
[2023-11-16T05:52:47.527+0000][1107.970s][info ][safepoint     ] Total time for which application threads were stopped: 0.0004404 seconds, Stopping threads took: 0.0002078 seconds
[2023-11-16T05:52:48.527+0000][1108.971s][debug][safepoint     ] Safepoint synchronization initiated. (186 threads)
[2023-11-16T05:52:48.527+0000][1108.971s][info ][safepoint     ] Application time: 1.0001609 seconds
[2023-11-16T05:52:48.527+0000][1108.971s][info ][safepoint     ] Entering safepoint region: Cleanup
[2023-11-16T05:52:48.528+0000][1108.971s][info ][safepoint     ] Leaving safepoint region
[2023-11-16T05:52:48.528+0000][1108.971s][info ][safepoint     ] Total time for which application threads were stopped: 0.0002636 seconds, Stopping threads took: 0.0000578 seconds
[2023-11-16T05:52:49.528+0000][1109.971s][debug][safepoint     ] Safepoint synchronization initiated. (186 threads)
[2023-11-16T05:52:49.528+0000][1109.971s][info ][safepoint     ] Application time: 1.0001569 seconds
[2023-11-16T05:52:49.528+0000][1109.971s][info ][safepoint     ] Entering safepoint region: Cleanup
[2023-11-16T05:52:49.528+0000][1109.971s][info ][safepoint     ] Leaving safepoint region
[2023-11-16T05:52:49.528+0000][1109.971s][info ][safepoint     ] Total time for which application threads were stopped: 0.0003138 seconds, Stopping threads took: 0.0000606 seconds
[2023-11-16T05:52:50.528+0000][1110.972s][debug][safepoint     ] Safepoint synchronization initiated. (186 threads)
[2023-11-16T05:52:50.528+0000][1110.972s][info ][safepoint     ] Application time: 1.0001706 seconds
[2023-11-16T05:52:50.528+0000][1110.972s][info ][safepoint     ] Entering safepoint region: Cleanup
[2023-11-16T05:52:50.529+0000][1110.972s][info ][safepoint     ] Leaving safepoint region
[2023-11-16T05:52:50.529+0000][1110.972s][info ][safepoint     ] Total time for which application threads were stopped: 0.0003192 seconds, Stopping threads took: 0.0000625 seconds
[2023-11-16T05:52:51.529+0000][1111.972s][debug][safepoint     ] Safepoint synchronization initiated. (186 threads)
[2023-11-16T05:52:51.529+0000][1111.972s][info ][safepoint     ] Application time: 1.0001664 seconds
[2023-11-16T05:52:51.529+0000][1111.972s][info ][safepoint     ] Entering safepoint region: Cleanup
[2023-11-16T05:52:51.529+0000][1111.972s][info ][safepoint     ] Leaving safepoint region
[2023-11-16T05:52:51.529+0000][1111.972s][info ][safepoint     ] Total time for which application threads were stopped: 0.0003103 seconds, Stopping threads took: 0.0000574 seconds
[2023-11-16T05:52:52.529+0000][1112.973s][debug][safepoint     ] Safepoint synchronization initiated. (186 threads)
[2023-11-16T05:52:52.529+0000][1112.973s][info ][safepoint     ] Application time: 1.0001753 seconds
[2023-11-16T05:52:52.529+0000][1112.973s][info ][safepoint     ] Entering safepoint region: Cleanup
[2023-11-16T05:52:52.530+0000][1112.973s][info ][safepoint     ] Leaving safepoint region
[2023-11-16T05:52:52.530+0000][1112.973s][info ][safepoint     ] Total time for which application threads were stopped: 0.0005095 seconds, Stopping threads took: 0.0003498 seconds
[2023-11-16T05:52:53.530+0000][1113.973s][debug][safepoint     ] Safepoint synchronization initiated. (186 threads)
[2023-11-16T05:52:53.530+0000][1113.973s][info ][safepoint     ] Application time: 1.0001539 seconds
[2023-11-16T05:52:53.530+0000][1113.973s][info ][safepoint     ] Entering safepoint region: Cleanup
[2023-11-16T05:52:53.530+0000][1113.974s][info ][safepoint     ] Leaving safepoint region
[2023-11-16T05:52:53.530+0000][1113.974s][info ][safepoint     ] Total time for which application threads were stopped: 0.0002359 seconds, Stopping threads took: 0.0000550 seconds
[2023-11-16T05:52:54.530+0000][1114.974s][debug][safepoint     ] Safepoint synchronization initiated. (186 threads)
[2023-11-16T05:52:54.530+0000][1114.974s][info ][safepoint     ] Application time: 1.0001663 seconds
[2023-11-16T05:52:54.530+0000][1114.974s][info ][safepoint     ] Entering safepoint region: Cleanup
[2023-11-16T05:52:54.531+0000][1114.974s][info ][safepoint     ] Leaving safepoint region
[2023-11-16T05:52:54.531+0000][1114.974s][info ][safepoint     ] Total time for which application threads were stopped: 0.0002967 seconds, Stopping threads took: 0.0000581 seconds
[2023-11-16T05:52:55.531+0000][1115.974s][debug][safepoint     ] Safepoint synchronization initiated. (186 threads)
[2023-11-16T05:52:55.531+0000][1115.974s][info ][safepoint     ] Application time: 1.0001687 seconds
[2023-11-16T05:52:55.531+0000][1115.974s][info ][safepoint     ] Entering safepoint region: Cleanup
[2023-11-16T05:52:55.531+0000][1115.975s][info ][safepoint     ] Leaving safepoint region
[2023-11-16T05:52:55.531+0000][1115.975s][info ][safepoint     ] Total time for which application threads were stopped: 0.0003161 seconds, Stopping threads took: 0.0000565 seconds
[2023-11-16T05:52:56.531+0000][1116.975s][debug][safepoint     ] Safepoint synchronization initiated. (186 threads)
[2023-11-16T05:52:56.531+0000][1116.975s][info ][safepoint     ] Application time: 1.0001869 seconds
[2023-11-16T05:52:56.532+0000][1116.975s][info ][safepoint     ] Entering safepoint region: Cleanup
[2023-11-16T05:52:56.532+0000][1116.975s][info ][safepoint     ] Leaving safepoint region
[2023-11-16T05:52:56.532+0000][1116.975s][info ][safepoint     ] Total time for which application threads were stopped: 0.0002105 seconds, Stopping threads took: 0.0000564 seconds
[2023-11-16T05:52:57.532+0000][1117.975s][debug][safepoint     ] Safepoint synchronization initiated. (186 threads)
[2023-11-16T05:52:57.532+0000][1117.975s][info ][safepoint     ] Application time: 1.0001616 seconds
[2023-11-16T05:52:57.532+0000][1117.975s][info ][safepoint     ] Entering safepoint region: Cleanup
[2023-11-16T05:52:57.532+0000][1117.975s][info ][safepoint     ] Leaving safepoint region
[2023-11-16T05:52:57.532+0000][1117.976s][info ][safepoint     ] Total time for which application threads were stopped: 0.0002793 seconds, Stopping threads took: 0.0000622 seconds
[2023-11-16T05:52:58.532+0000][1118.976s][debug][safepoint     ] Safepoint synchronization initiated. (186 threads)
[2023-11-16T05:52:58.532+0000][1118.976s][info ][safepoint     ] Application time: 1.0001541 seconds
[2023-11-16T05:52:58.532+0000][1118.976s][info ][safepoint     ] Entering safepoint region: Cleanup
[2023-11-16T05:52:58.533+0000][1118.976s][info ][safepoint     ] Leaving safepoint region
[2023-11-16T05:52:58.533+0000][1118.976s][info ][safepoint     ] Total time for which application threads were stopped: 0.0002613 seconds, Stopping threads took: 0.0000350 seconds
[2023-11-16T05:52:59.533+0000][1119.976s][debug][safepoint     ] Safepoint synchronization initiated. (185 threads)
[2023-11-16T05:52:59.533+0000][1119.976s][info ][safepoint     ] Application time: 1.0001655 seconds
[2023-11-16T05:52:59.533+0000][1119.976s][info ][safepoint     ] Entering safepoint region: Cleanup
[2023-11-16T05:52:59.533+0000][1119.976s][info ][safepoint     ] Leaving safepoint region
[2023-11-16T05:52:59.533+0000][1119.976s][info ][safepoint     ] Total time for which application threads were stopped: 0.0002359 seconds, Stopping threads took: 0.0000359 seconds
[2023-11-16T05:53:00.533+0000][1120.977s][debug][safepoint     ] Safepoint synchronization initiated. (185 threads)
[2023-11-16T05:53:00.533+0000][1120.977s][info ][safepoint     ] Application time: 1.0001765 seconds
[2023-11-16T05:53:00.533+0000][1120.977s][info ][safepoint     ] Entering safepoint region: Cleanup
[2023-11-16T05:53:00.534+0000][1120.977s][info ][safepoint     ] Leaving safepoint region
[2023-11-16T05:53:00.534+0000][1120.977s][info ][safepoint     ] Total time for which application threads were stopped: 0.0003063 seconds, Stopping threads took: 0.0000569 seconds
[2023-11-16T05:53:01.534+0000][1121.977s][debug][safepoint     ] Safepoint synchronization initiated. (185 threads)
[2023-11-16T05:53:01.534+0000][1121.977s][info ][safepoint     ] Application time: 1.0001656 seconds
[2023-11-16T05:53:01.534+0000][1121.977s][info ][safepoint     ] Entering safepoint region: Cleanup
[2023-11-16T05:53:01.534+0000][1121.977s][info ][safepoint     ] Leaving safepoint region
[2023-11-16T05:53:01.534+0000][1121.977s][info ][safepoint     ] Total time for which application threads were stopped: 0.0003055 seconds, Stopping threads took: 0.0000566 seconds
[2023-11-16T05:53:02.534+0000][1122.978s][debug][safepoint     ] Safepoint synchronization initiated. (185 threads)
[2023-11-16T05:53:02.534+0000][1122.978s][info ][safepoint     ] Application time: 1.0001669 seconds
[2023-11-16T05:53:02.534+0000][1122.978s][info ][safepoint     ] Entering safepoint region: Cleanup
[2023-11-16T05:53:02.535+0000][1122.978s][info ][safepoint     ] Leaving safepoint region
[2023-11-16T05:53:02.535+0000][1122.978s][info ][safepoint     ] Total time for which application threads were stopped: 0.0004696 seconds, Stopping threads took: 0.0002969 seconds
[2023-11-16T05:53:03.535+0000][1123.978s][debug][safepoint     ] Safepoint synchronization initiated. (185 threads)
[2023-11-16T05:53:03.535+0000][1123.978s][info ][safepoint     ] Application time: 1.0001789 seconds
[2023-11-16T05:53:03.535+0000][1123.978s][info ][safepoint     ] Entering safepoint region: Cleanup
[2023-11-16T05:53:03.535+0000][1123.978s][info ][safepoint     ] Leaving safepoint region
[2023-11-16T05:53:03.535+0000][1123.978s][info ][safepoint     ] Total time for which application threads were stopped: 0.0001685 seconds, Stopping threads took: 0.0000354 seconds
[2023-11-16T05:53:04.535+0000][1124.979s][debug][safepoint     ] Safepoint synchronization initiated. (185 threads)
[2023-11-16T05:53:04.535+0000][1124.979s][info ][safepoint     ] Application time: 1.0001499 seconds
[2023-11-16T05:53:04.535+0000][1124.979s][info ][safepoint     ] Entering safepoint region: Cleanup
[2023-11-16T05:53:04.535+0000][1124.979s][info ][safepoint     ] Leaving safepoint region
[2023-11-16T05:53:04.535+0000][1124.979s][info ][safepoint     ] Total time for which application threads were stopped: 0.0001809 seconds, Stopping threads took: 0.0000368 seconds
[2023-11-16T05:53:05.536+0000][1125.979s][debug][safepoint     ] Safepoint synchronization initiated. (185 threads)
[2023-11-16T05:53:05.536+0000][1125.979s][info ][safepoint     ] Application time: 1.0001465 seconds
[2023-11-16T05:53:05.536+0000][1125.979s][info ][safepoint     ] Entering safepoint region: Cleanup
[2023-11-16T05:53:05.536+0000][1125.979s][info ][safepoint     ] Leaving safepoint region
[2023-11-16T05:53:05.536+0000][1125.979s][info ][safepoint     ] Total time for which application threads were stopped: 0.0003479 seconds, Stopping threads took: 0.0000542 seconds
[2023-11-16T05:53:06.536+0000][1126.979s][debug][safepoint     ] Safepoint synchronization initiated. (185 threads)
[2023-11-16T05:53:06.536+0000][1126.979s][info ][safepoint     ] Application time: 1.0001318 seconds
[2023-11-16T05:53:06.536+0000][1126.980s][info ][safepoint     ] Entering safepoint region: Cleanup
[2023-11-16T05:53:06.536+0000][1126.980s][info ][safepoint     ] Leaving safepoint region
[2023-11-16T05:53:06.537+0000][1126.980s][info ][safepoint     ] Total time for which application threads were stopped: 0.0003444 seconds, Stopping threads took: 0.0000538 seconds
[2023-11-16T05:53:07.537+0000][1127.980s][debug][safepoint     ] Safepoint synchronization initiated. (185 threads)
[2023-11-16T05:53:07.537+0000][1127.980s][info ][safepoint     ] Application time: 1.0001646 seconds
[2023-11-16T05:53:07.537+0000][1127.980s][info ][safepoint     ] Entering safepoint region: Cleanup
[2023-11-16T05:53:07.537+0000][1127.980s][info ][safepoint     ] Leaving safepoint region
[2023-11-16T05:53:07.537+0000][1127.980s][info ][safepoint     ] Total time for which application threads were stopped: 0.0003510 seconds, Stopping threads took: 0.0000558 seconds
[2023-11-16T05:53:08.537+0000][1128.981s][debug][safepoint     ] Safepoint synchronization initiated. (185 threads)
[2023-11-16T05:53:08.537+0000][1128.981s][info ][safepoint     ] Application time: 1.0001685 seconds
[2023-11-16T05:53:08.537+0000][1128.981s][info ][safepoint     ] Entering safepoint region: Cleanup
[2023-11-16T05:53:08.538+0000][1128.981s][info ][safepoint     ] Leaving safepoint region
[2023-11-16T05:53:08.538+0000][1128.981s][info ][safepoint     ] Total time for which application threads were stopped: 0.0003281 seconds, Stopping threads took: 0.0000355 seconds
[2023-11-16T05:53:09.538+0000][1129.981s][debug][safepoint     ] Safepoint synchronization initiated. (185 threads)
[2023-11-16T05:53:09.538+0000][1129.981s][info ][safepoint     ] Application time: 1.0001704 seconds
[2023-11-16T05:53:09.538+0000][1129.981s][info ][safepoint     ] Entering safepoint region: Cleanup
[2023-11-16T05:53:09.538+0000][1129.981s][info ][safepoint     ] Leaving safepoint region
[2023-11-16T05:53:09.538+0000][1129.981s][info ][safepoint     ] Total time for which application threads were stopped: 0.0002970 seconds, Stopping threads took: 0.0000353 seconds
[2023-11-16T05:53:10.538+0000][1130.982s][debug][safepoint     ] Safepoint synchronization initiated. (185 threads)
[2023-11-16T05:53:10.538+0000][1130.982s][info ][safepoint     ] Application time: 1.0001738 seconds
[2023-11-16T05:53:10.538+0000][1130.982s][info ][safepoint     ] Entering safepoint region: Cleanup
[2023-11-16T05:53:10.539+0000][1130.982s][info ][safepoint     ] Leaving safepoint region
[2023-11-16T05:53:10.539+0000][1130.982s][info ][safepoint     ] Total time for which application threads were stopped: 0.0003445 seconds, Stopping threads took: 0.0000375 seconds
[2023-11-16T05:53:11.539+0000][1131.982s][debug][safepoint     ] Safepoint synchronization initiated. (185 threads)
[2023-11-16T05:53:11.539+0000][1131.982s][info ][safepoint     ] Application time: 1.0001675 seconds
[2023-11-16T05:53:11.539+0000][1131.982s][info ][safepoint     ] Entering safepoint region: Cleanup
[2023-11-16T05:53:11.539+0000][1131.982s][info ][safepoint     ] Leaving safepoint region
[2023-11-16T05:53:11.539+0000][1131.983s][info ][safepoint     ] Total time for which application threads were stopped: 0.0003505 seconds, Stopping threads took: 0.0000564 seconds
[2023-11-16T05:53:12.539+0000][1132.983s][debug][safepoint     ] Safepoint synchronization initiated. (185 threads)
[2023-11-16T05:53:12.539+0000][1132.983s][info ][safepoint     ] Application time: 1.0001718 seconds
[2023-11-16T05:53:12.539+0000][1132.983s][info ][safepoint     ] Entering safepoint region: Cleanup
[2023-11-16T05:53:12.540+0000][1132.983s][info ][safepoint     ] Leaving safepoint region
[2023-11-16T05:53:12.540+0000][1132.983s][info ][safepoint     ] Total time for which application threads were stopped: 0.0002971 seconds, Stopping threads took: 0.0000727 seconds
[2023-11-16T05:53:13.540+0000][1133.983s][debug][safepoint     ] Safepoint synchronization initiated. (185 threads)
[2023-11-16T05:53:13.540+0000][1133.983s][info ][safepoint     ] Application time: 1.0001700 seconds
[2023-11-16T05:53:13.540+0000][1133.983s][info ][safepoint     ] Entering safepoint region: Cleanup
[2023-11-16T05:53:13.540+0000][1133.983s][info ][safepoint     ] Leaving safepoint region
[2023-11-16T05:53:13.540+0000][1133.984s][info ][safepoint     ] Total time for which application threads were stopped: 0.0002726 seconds, Stopping threads took: 0.0000611 seconds
[2023-11-16T05:53:14.540+0000][1134.984s][debug][safepoint     ] Safepoint synchronization initiated. (185 threads)
[2023-11-16T05:53:14.540+0000][1134.984s][info ][safepoint     ] Application time: 1.0001718 seconds
[2023-11-16T05:53:14.540+0000][1134.984s][info ][safepoint     ] Entering safepoint region: Cleanup
[2023-11-16T05:53:14.541+0000][1134.984s][info ][safepoint     ] Leaving safepoint region
[2023-11-16T05:53:14.541+0000][1134.984s][info ][safepoint     ] Total time for which application threads were stopped: 0.0003594 seconds, Stopping threads took: 0.0000584 seconds
[2023-11-16T05:53:15.541+0000][1135.984s][debug][safepoint     ] Safepoint synchronization initiated. (185 threads)
[2023-11-16T05:53:15.541+0000][1135.984s][info ][safepoint     ] Application time: 1.0001891 seconds
[2023-11-16T05:53:15.541+0000][1135.984s][info ][safepoint     ] Entering safepoint region: Cleanup
[2023-11-16T05:53:15.541+0000][1135.985s][info ][safepoint     ] Leaving safepoint region
[2023-11-16T05:53:15.541+0000][1135.985s][info ][safepoint     ] Total time for which application threads were stopped: 0.0003532 seconds, Stopping threads took: 0.0000568 seconds
[2023-11-16T05:53:16.541+0000][1136.985s][debug][safepoint     ] Safepoint synchronization initiated. (185 threads)
[2023-11-16T05:53:16.542+0000][1136.985s][info ][safepoint     ] Application time: 1.0001678 seconds
[2023-11-16T05:53:16.542+0000][1136.985s][info ][safepoint     ] Entering safepoint region: Cleanup
[2023-11-16T05:53:16.542+0000][1136.985s][info ][safepoint     ] Leaving safepoint region
[2023-11-16T05:53:16.542+0000][1136.985s][info ][safepoint     ] Total time for which application threads were stopped: 0.0002407 seconds, Stopping threads took: 0.0000349 seconds
[2023-11-16T05:53:17.542+0000][1137.985s][debug][safepoint     ] Safepoint synchronization initiated. (185 threads)
[2023-11-16T05:53:17.542+0000][1137.985s][info ][safepoint     ] Application time: 1.0001535 seconds
[2023-11-16T05:53:17.542+0000][1137.985s][info ][safepoint     ] Entering safepoint region: Cleanup
[2023-11-16T05:53:17.542+0000][1137.986s][info ][safepoint     ] Leaving safepoint region
[2023-11-16T05:53:17.542+0000][1137.986s][info ][safepoint     ] Total time for which application threads were stopped: 0.0003103 seconds, Stopping threads took: 0.0000565 seconds
[2023-11-16T05:53:18.542+0000][1138.986s][debug][safepoint     ] Safepoint synchronization initiated. (184 threads)
[2023-11-16T05:53:18.542+0000][1138.986s][info ][safepoint     ] Application time: 1.0001757 seconds
[2023-11-16T05:53:18.543+0000][1138.986s][info ][safepoint     ] Entering safepoint region: Cleanup
[2023-11-16T05:53:18.543+0000][1138.986s][info ][safepoint     ] Leaving safepoint region
[2023-11-16T05:53:18.543+0000][1138.986s][info ][safepoint     ] Total time for which application threads were stopped: 0.0002228 seconds, Stopping threads took: 0.0000568 seconds
[2023-11-16T05:53:19.543+0000][1139.986s][debug][safepoint     ] Safepoint synchronization initiated. (184 threads)
[2023-11-16T05:53:19.543+0000][1139.986s][info ][safepoint     ] Application time: 1.0001814 seconds
[2023-11-16T05:53:19.543+0000][1139.986s][info ][safepoint     ] Entering safepoint region: Cleanup
[2023-11-16T05:53:19.543+0000][1139.987s][info ][safepoint     ] Leaving safepoint region
[2023-11-16T05:53:19.543+0000][1139.987s][info ][safepoint     ] Total time for which application threads were stopped: 0.0002575 seconds, Stopping threads took: 0.0000465 seconds
[2023-11-16T05:53:20.543+0000][1140.987s][debug][safepoint     ] Safepoint synchronization initiated. (184 threads)
[2023-11-16T05:53:20.543+0000][1140.987s][info ][safepoint     ] Application time: 1.0001573 seconds
[2023-11-16T05:53:20.543+0000][1140.987s][info ][safepoint     ] Entering safepoint region: Cleanup
[2023-11-16T05:53:20.544+0000][1140.987s][info ][safepoint     ] Leaving safepoint region
[2023-11-16T05:53:20.544+0000][1140.987s][info ][safepoint     ] Total time for which application threads were stopped: 0.0002500 seconds, Stopping threads took: 0.0000591 seconds
[2023-11-16T05:53:21.544+0000][1141.987s][debug][safepoint     ] Safepoint synchronization initiated. (184 threads)
[2023-11-16T05:53:21.544+0000][1141.987s][info ][safepoint     ] Application time: 1.0001536 seconds
[2023-11-16T05:53:21.544+0000][1141.987s][info ][safepoint     ] Entering safepoint region: Cleanup
[2023-11-16T05:53:21.544+0000][1141.987s][info ][safepoint     ] Leaving safepoint region
[2023-11-16T05:53:21.544+0000][1141.987s][info ][safepoint     ] Total time for which application threads were stopped: 0.0002410 seconds, Stopping threads took: 0.0000364 seconds
[2023-11-16T05:53:22.544+0000][1142.987s][debug][safepoint     ] Safepoint synchronization initiated. (184 threads)
[2023-11-16T05:53:22.544+0000][1142.988s][info ][safepoint     ] Application time: 1.0001542 seconds
[2023-11-16T05:53:22.544+0000][1142.988s][info ][safepoint     ] Entering safepoint region: Cleanup
[2023-11-16T05:53:22.544+0000][1142.988s][info ][safepoint     ] Leaving safepoint region
[2023-11-16T05:53:22.544+0000][1142.988s][info ][safepoint     ] Total time for which application threads were stopped: 0.0002357 seconds, Stopping threads took: 0.0000349 seconds
[2023-11-16T05:53:23.545+0000][1143.988s][debug][safepoint     ] Safepoint synchronization initiated. (184 threads)
[2023-11-16T05:53:23.545+0000][1143.988s][info ][safepoint     ] Application time: 1.0001740 seconds
[2023-11-16T05:53:23.545+0000][1143.988s][info ][safepoint     ] Entering safepoint region: Cleanup
[2023-11-16T05:53:23.545+0000][1143.988s][info ][safepoint     ] Leaving safepoint region
[2023-11-16T05:53:23.545+0000][1143.988s][info ][safepoint     ] Total time for which application threads were stopped: 0.0003142 seconds, Stopping threads took: 0.0000557 seconds
[2023-11-16T05:53:24.545+0000][1144.988s][debug][safepoint     ] Safepoint synchronization initiated. (184 threads)
[2023-11-16T05:53:24.545+0000][1144.989s][info ][safepoint     ] Application time: 1.0001634 seconds
[2023-11-16T05:53:24.545+0000][1144.989s][info ][safepoint     ] Entering safepoint region: Cleanup
[2023-11-16T05:53:24.546+0000][1144.989s][info ][safepoint     ] Leaving safepoint region
[2023-11-16T05:53:24.546+0000][1144.989s][info ][safepoint     ] Total time for which application threads were stopped: 0.0006468 seconds, Stopping threads took: 0.0004090 seconds
[2023-11-16T05:53:25.546+0000][1145.989s][debug][safepoint     ] Safepoint synchronization initiated. (184 threads)
[2023-11-16T05:53:25.546+0000][1145.989s][info ][safepoint     ] Application time: 1.0001719 seconds
[2023-11-16T05:53:25.546+0000][1145.989s][info ][safepoint     ] Entering safepoint region: Cleanup
[2023-11-16T05:53:25.546+0000][1145.990s][info ][safepoint     ] Leaving safepoint region
[2023-11-16T05:53:25.546+0000][1145.990s][info ][safepoint     ] Total time for which application threads were stopped: 0.0002564 seconds, Stopping threads took: 0.0000537 seconds
[2023-11-16T05:53:26.546+0000][1146.990s][debug][safepoint     ] Safepoint synchronization initiated. (184 threads)
[2023-11-16T05:53:26.547+0000][1146.990s][info ][safepoint     ] Application time: 1.0001769 seconds
[2023-11-16T05:53:26.547+0000][1146.990s][info ][safepoint     ] Entering safepoint region: Cleanup
[2023-11-16T05:53:26.547+0000][1146.990s][info ][safepoint     ] Leaving safepoint region
[2023-11-16T05:53:26.547+0000][1146.990s][info ][safepoint     ] Total time for which application threads were stopped: 0.0003514 seconds, Stopping threads took: 0.0000562 seconds
[2023-11-16T05:53:27.547+0000][1147.990s][debug][safepoint     ] Safepoint synchronization initiated. (184 threads)
[2023-11-16T05:53:27.547+0000][1147.990s][info ][safepoint     ] Application time: 1.0001594 seconds
[2023-11-16T05:53:27.547+0000][1147.990s][info ][safepoint     ] Entering safepoint region: Cleanup
[2023-11-16T05:53:27.547+0000][1147.991s][info ][safepoint     ] Leaving safepoint region
[2023-11-16T05:53:27.547+0000][1147.991s][info ][safepoint     ] Total time for which application threads were stopped: 0.0002797 seconds, Stopping threads took: 0.0000552 seconds
[2023-11-16T05:53:28.548+0000][1148.991s][debug][safepoint     ] Safepoint synchronization initiated. (184 threads)
[2023-11-16T05:53:28.548+0000][1148.991s][info ][safepoint     ] Application time: 1.0001701 seconds
[2023-11-16T05:53:28.548+0000][1148.991s][info ][safepoint     ] Entering safepoint region: Cleanup
[2023-11-16T05:53:28.548+0000][1148.991s][info ][safepoint     ] Leaving safepoint region
[2023-11-16T05:53:28.548+0000][1148.991s][info ][safepoint     ] Total time for which application threads were stopped: 0.0002448 seconds, Stopping threads took: 0.0000540 seconds
[2023-11-16T05:53:29.548+0000][1149.991s][debug][safepoint     ] Safepoint synchronization initiated. (183 threads)
[2023-11-16T05:53:29.548+0000][1149.991s][info ][safepoint     ] Application time: 1.0001467 seconds
[2023-11-16T05:53:29.548+0000][1149.991s][info ][safepoint     ] Entering safepoint region: Cleanup
[2023-11-16T05:53:29.548+0000][1149.992s][info ][safepoint     ] Leaving safepoint region
[2023-11-16T05:53:29.548+0000][1149.992s][info ][safepoint     ] Total time for which application threads were stopped: 0.0002494 seconds, Stopping threads took: 0.0000526 seconds
[2023-11-16T05:53:30.548+0000][1150.992s][debug][safepoint     ] Safepoint synchronization initiated. (183 threads)
[2023-11-16T05:53:30.548+0000][1150.992s][info ][safepoint     ] Application time: 1.0001572 seconds
[2023-11-16T05:53:30.548+0000][1150.992s][info ][safepoint     ] Entering safepoint region: Cleanup
[2023-11-16T05:53:30.549+0000][1150.992s][info ][safepoint     ] Leaving safepoint region
[2023-11-16T05:53:30.549+0000][1150.992s][info ][safepoint     ] Total time for which application threads were stopped: 0.0002831 seconds, Stopping threads took: 0.0000520 seconds
[2023-11-16T05:53:31.549+0000][1151.992s][debug][safepoint     ] Safepoint synchronization initiated. (183 threads)
[2023-11-16T05:53:31.549+0000][1151.992s][info ][safepoint     ] Application time: 1.0001628 seconds
[2023-11-16T05:53:31.549+0000][1151.992s][info ][safepoint     ] Entering safepoint region: Cleanup
[2023-11-16T05:53:31.549+0000][1151.993s][info ][safepoint     ] Leaving safepoint region
[2023-11-16T05:53:31.549+0000][1151.993s][info ][safepoint     ] Total time for which application threads were stopped: 0.0003395 seconds, Stopping threads took: 0.0000522 seconds
[2023-11-16T05:53:32.549+0000][1152.993s][debug][safepoint     ] Safepoint synchronization initiated. (183 threads)
[2023-11-16T05:53:32.549+0000][1152.993s][info ][safepoint     ] Application time: 1.0000823 seconds
[2023-11-16T05:53:32.549+0000][1152.993s][info ][safepoint     ] Entering safepoint region: Cleanup
[2023-11-16T05:53:32.550+0000][1152.993s][info ][safepoint     ] Leaving safepoint region
[2023-11-16T05:53:32.550+0000][1152.993s][info ][safepoint     ] Total time for which application threads were stopped: 0.0002464 seconds, Stopping threads took: 0.0000642 seconds
[2023-11-16T05:53:33.550+0000][1153.993s][debug][safepoint     ] Safepoint synchronization initiated. (183 threads)
[2023-11-16T05:53:33.550+0000][1153.993s][info ][safepoint     ] Application time: 1.0001800 seconds
[2023-11-16T05:53:33.550+0000][1153.993s][info ][safepoint     ] Entering safepoint region: Cleanup
[2023-11-16T05:53:33.550+0000][1153.993s][info ][safepoint     ] Leaving safepoint region
[2023-11-16T05:53:33.550+0000][1153.993s][info ][safepoint     ] Total time for which application threads were stopped: 0.0003025 seconds, Stopping threads took: 0.0000533 seconds
[2023-11-16T05:53:34.550+0000][1154.994s][debug][safepoint     ] Safepoint synchronization initiated. (183 threads)
[2023-11-16T05:53:34.550+0000][1154.994s][info ][safepoint     ] Application time: 1.0001713 seconds
[2023-11-16T05:53:34.550+0000][1154.994s][info ][safepoint     ] Entering safepoint region: Cleanup
[2023-11-16T05:53:34.551+0000][1154.994s][info ][safepoint     ] Leaving safepoint region
[2023-11-16T05:53:34.551+0000][1154.994s][info ][safepoint     ] Total time for which application threads were stopped: 0.0002981 seconds, Stopping threads took: 0.0000541 seconds
[2023-11-16T05:53:35.551+0000][1155.994s][debug][safepoint     ] Safepoint synchronization initiated. (183 threads)
[2023-11-16T05:53:35.551+0000][1155.994s][info ][safepoint     ] Application time: 1.0001699 seconds
[2023-11-16T05:53:35.551+0000][1155.994s][info ][safepoint     ] Entering safepoint region: Cleanup
[2023-11-16T05:53:35.551+0000][1155.995s][info ][safepoint     ] Leaving safepoint region
[2023-11-16T05:53:35.551+0000][1155.995s][info ][safepoint     ] Total time for which application threads were stopped: 0.0003400 seconds, Stopping threads took: 0.0000532 seconds
[2023-11-16T05:53:36.551+0000][1156.995s][debug][safepoint     ] Safepoint synchronization initiated. (183 threads)
[2023-11-16T05:53:36.551+0000][1156.995s][info ][safepoint     ] Application time: 1.0001654 seconds
[2023-11-16T05:53:36.551+0000][1156.995s][info ][safepoint     ] Entering safepoint region: Cleanup
[2023-11-16T05:53:36.552+0000][1156.995s][info ][safepoint     ] Leaving safepoint region
[2023-11-16T05:53:36.552+0000][1156.995s][info ][safepoint     ] Total time for which application threads were stopped: 0.0002253 seconds, Stopping threads took: 0.0000663 seconds
[2023-11-16T05:53:37.552+0000][1157.995s][debug][safepoint     ] Safepoint synchronization initiated. (183 threads)
[2023-11-16T05:53:37.552+0000][1157.995s][info ][safepoint     ] Application time: 1.0001613 seconds
[2023-11-16T05:53:37.552+0000][1157.995s][info ][safepoint     ] Entering safepoint region: Cleanup
[2023-11-16T05:53:37.552+0000][1157.996s][info ][safepoint     ] Leaving safepoint region
[2023-11-16T05:53:37.552+0000][1157.996s][info ][safepoint     ] Total time for which application threads were stopped: 0.0005151 seconds, Stopping threads took: 0.0003002 seconds
[2023-11-16T05:53:38.552+0000][1158.996s][debug][safepoint     ] Safepoint synchronization initiated. (183 threads)
[2023-11-16T05:53:38.553+0000][1158.996s][info ][safepoint     ] Application time: 1.0001770 seconds
[2023-11-16T05:53:38.553+0000][1158.996s][info ][safepoint     ] Entering safepoint region: Cleanup
[2023-11-16T05:53:38.553+0000][1158.996s][info ][safepoint     ] Leaving safepoint region
[2023-11-16T05:53:38.553+0000][1158.996s][info ][safepoint     ] Total time for which application threads were stopped: 0.0002719 seconds, Stopping threads took: 0.0000523 seconds
[2023-11-16T05:53:39.553+0000][1159.996s][debug][safepoint     ] Safepoint synchronization initiated. (183 threads)
[2023-11-16T05:53:39.553+0000][1159.996s][info ][safepoint     ] Application time: 1.0001556 seconds
[2023-11-16T05:53:39.553+0000][1159.996s][info ][safepoint     ] Entering safepoint region: Cleanup
[2023-11-16T05:53:39.553+0000][1159.997s][info ][safepoint     ] Leaving safepoint region
[2023-11-16T05:53:39.553+0000][1159.997s][info ][safepoint     ] Total time for which application threads were stopped: 0.0002687 seconds, Stopping threads took: 0.0000524 seconds
[2023-11-16T05:53:40.553+0000][1160.997s][debug][safepoint     ] Safepoint synchronization initiated. (183 threads)
[2023-11-16T05:53:40.553+0000][1160.997s][info ][safepoint     ] Application time: 1.0001568 seconds
[2023-11-16T05:53:40.554+0000][1160.997s][info ][safepoint     ] Entering safepoint region: Cleanup
[2023-11-16T05:53:40.554+0000][1160.997s][info ][safepoint     ] Leaving safepoint region
[2023-11-16T05:53:40.554+0000][1160.997s][info ][safepoint     ] Total time for which application threads were stopped: 0.0002739 seconds, Stopping threads took: 0.0000532 seconds
[2023-11-16T05:53:41.554+0000][1161.997s][debug][safepoint     ] Safepoint synchronization initiated. (183 threads)
[2023-11-16T05:53:41.554+0000][1161.997s][info ][safepoint     ] Application time: 1.0001548 seconds
[2023-11-16T05:53:41.554+0000][1161.997s][info ][safepoint     ] Entering safepoint region: Cleanup
[2023-11-16T05:53:41.554+0000][1161.997s][info ][safepoint     ] Leaving safepoint region
[2023-11-16T05:53:41.554+0000][1161.997s][info ][safepoint     ] Total time for which application threads were stopped: 0.0001798 seconds, Stopping threads took: 0.0000586 seconds
[2023-11-16T05:53:42.554+0000][1162.998s][debug][safepoint     ] Safepoint synchronization initiated. (183 threads)
[2023-11-16T05:53:42.554+0000][1162.998s][info ][safepoint     ] Application time: 1.0001636 seconds
[2023-11-16T05:53:42.554+0000][1162.998s][info ][safepoint     ] Entering safepoint region: Cleanup
[2023-11-16T05:53:42.555+0000][1162.998s][info ][safepoint     ] Leaving safepoint region
[2023-11-16T05:53:42.555+0000][1162.998s][info ][safepoint     ] Total time for which application threads were stopped: 0.0004862 seconds, Stopping threads took: 0.0001587 seconds
[2023-11-16T05:53:43.555+0000][1163.998s][debug][safepoint     ] Safepoint synchronization initiated. (183 threads)
[2023-11-16T05:53:43.555+0000][1163.998s][info ][safepoint     ] Application time: 1.0001538 seconds
[2023-11-16T05:53:43.555+0000][1163.998s][info ][safepoint     ] Entering safepoint region: Cleanup
[2023-11-16T05:53:43.555+0000][1163.999s][info ][safepoint     ] Leaving safepoint region
[2023-11-16T05:53:43.555+0000][1163.999s][info ][safepoint     ] Total time for which application threads were stopped: 0.0002768 seconds, Stopping threads took: 0.0000537 seconds
[2023-11-16T05:53:44.555+0000][1164.999s][debug][safepoint     ] Safepoint synchronization initiated. (183 threads)
[2023-11-16T05:53:44.555+0000][1164.999s][info ][safepoint     ] Application time: 1.0001742 seconds
[2023-11-16T05:53:44.556+0000][1164.999s][info ][safepoint     ] Entering safepoint region: Cleanup
[2023-11-16T05:53:44.556+0000][1164.999s][info ][safepoint     ] Leaving safepoint region
[2023-11-16T05:53:44.556+0000][1164.999s][info ][safepoint     ] Total time for which application threads were stopped: 0.0002676 seconds, Stopping threads took: 0.0000539 seconds
[2023-11-16T05:53:45.556+0000][1165.999s][debug][safepoint     ] Safepoint synchronization initiated. (183 threads)
[2023-11-16T05:53:45.556+0000][1165.999s][info ][safepoint     ] Application time: 1.0001566 seconds
[2023-11-16T05:53:45.556+0000][1165.999s][info ][safepoint     ] Entering safepoint region: Cleanup
[2023-11-16T05:53:45.556+0000][1166.000s][info ][safepoint     ] Leaving safepoint region
[2023-11-16T05:53:45.556+0000][1166.000s][info ][safepoint     ] Total time for which application threads were stopped: 0.0003427 seconds, Stopping threads took: 0.0000531 seconds
[2023-11-16T05:53:46.556+0000][1167.000s][debug][safepoint     ] Safepoint synchronization initiated. (183 threads)
[2023-11-16T05:53:46.557+0000][1167.000s][info ][safepoint     ] Application time: 1.0001620 seconds
[2023-11-16T05:53:46.557+0000][1167.000s][info ][safepoint     ] Entering safepoint region: Cleanup
[2023-11-16T05:53:46.557+0000][1167.000s][info ][safepoint     ] Leaving safepoint region
[2023-11-16T05:53:46.557+0000][1167.000s][info ][safepoint     ] Total time for which application threads were stopped: 0.0003317 seconds, Stopping threads took: 0.0000537 seconds
[2023-11-16T05:53:47.311+0000][1167.754s][debug][safepoint     ] Safepoint synchronization initiated. (183 threads)
[2023-11-16T05:53:47.311+0000][1167.755s][info ][safepoint     ] Application time: 0.7543110 seconds
[2023-11-16T05:53:47.311+0000][1167.755s][info ][safepoint     ] Entering safepoint region: G1CollectForAllocation
[2023-11-16T05:53:47.312+0000][1167.755s][info ][gc,start      ] GC(39) Pause Young (Normal) (G1 Evacuation Pause)
[2023-11-16T05:53:47.312+0000][1167.755s][info ][gc,task       ] GC(39) Using 4 workers of 4 for evacuation
[2023-11-16T05:53:47.351+0000][1167.795s][info ][gc,phases     ] GC(39)   Pre Evacuate Collection Set: 0.0ms
[2023-11-16T05:53:47.351+0000][1167.795s][info ][gc,phases     ] GC(39)   Evacuate Collection Set: 35.2ms
[2023-11-16T05:53:47.351+0000][1167.795s][info ][gc,phases     ] GC(39)   Post Evacuate Collection Set: 4.1ms
[2023-11-16T05:53:47.351+0000][1167.795s][info ][gc,phases     ] GC(39)   Other: 0.4ms
[2023-11-16T05:53:47.351+0000][1167.795s][info ][gc,heap       ] GC(39) Eden regions: 485->0(483)
[2023-11-16T05:53:47.351+0000][1167.795s][info ][gc,heap       ] GC(39) Survivor regions: 24->26(64)
[2023-11-16T05:53:47.351+0000][1167.795s][info ][gc,heap       ] GC(39) Old regions: 128->128
[2023-11-16T05:53:47.351+0000][1167.795s][info ][gc,heap       ] GC(39) Humongous regions: 0->0
[2023-11-16T05:53:47.351+0000][1167.795s][info ][gc,metaspace  ] GC(39) Metaspace: 163411K(169048K)->163411K(169048K) NonClass: 144454K(147928K)->144454K(147928K) Class: 18956K(21120K)->18956K(21120K)
[2023-11-16T05:53:47.351+0000][1167.795s][info ][gc            ] GC(39) Pause Young (Normal) (G1 Evacuation Pause) 635M->152M(849M) 39.953ms
[2023-11-16T05:53:47.352+0000][1167.795s][info ][gc,cpu        ] GC(39) User=0.16s Sys=0.00s Real=0.04s
[2023-11-16T05:53:47.352+0000][1167.795s][info ][safepoint     ] Leaving safepoint region
[2023-11-16T05:53:47.352+0000][1167.795s][info ][safepoint     ] Total time for which application threads were stopped: 0.0404313 seconds, Stopping threads took: 0.0000520 seconds
[2023-11-16T05:53:47.352+0000][1167.795s][info ][gc,stringdedup] Concurrent String Deduplication (1167.795s)
[2023-11-16T05:53:47.356+0000][1167.800s][info ][gc,stringdedup] Concurrent String Deduplication 566.5K->314.9K(251.6K) avg 53.6% (1167.795s, 1167.800s) 4.601ms
[2023-11-16T05:53:48.352+0000][1168.795s][debug][safepoint     ] Safepoint synchronization initiated. (183 threads)
[2023-11-16T05:53:48.352+0000][1168.795s][info ][safepoint     ] Application time: 1.0001678 seconds
[2023-11-16T05:53:48.352+0000][1168.795s][info ][safepoint     ] Entering safepoint region: Cleanup
[2023-11-16T05:53:48.352+0000][1168.795s][info ][safepoint     ] Leaving safepoint region
[2023-11-16T05:53:48.352+0000][1168.796s][info ][safepoint     ] Total time for which application threads were stopped: 0.0003515 seconds, Stopping threads took: 0.0000522 seconds
[2023-11-16T05:53:49.352+0000][1169.796s][debug][safepoint     ] Safepoint synchronization initiated. (183 threads)
[2023-11-16T05:53:49.352+0000][1169.796s][info ][safepoint     ] Application time: 1.0001570 seconds
[2023-11-16T05:53:49.352+0000][1169.796s][info ][safepoint     ] Entering safepoint region: Cleanup
[2023-11-16T05:53:49.353+0000][1169.796s][info ][safepoint     ] Leaving safepoint region
[2023-11-16T05:53:49.353+0000][1169.796s][info ][safepoint     ] Total time for which application threads were stopped: 0.0003397 seconds, Stopping threads took: 0.0000536 seconds
[2023-11-16T05:53:50.353+0000][1170.796s][debug][safepoint     ] Safepoint synchronization initiated. (183 threads)
[2023-11-16T05:53:50.353+0000][1170.796s][info ][safepoint     ] Application time: 1.0001649 seconds
[2023-11-16T05:53:50.353+0000][1170.796s][info ][safepoint     ] Entering safepoint region: Cleanup
[2023-11-16T05:53:50.353+0000][1170.797s][info ][safepoint     ] Leaving safepoint region
[2023-11-16T05:53:50.353+0000][1170.797s][info ][safepoint     ] Total time for which application threads were stopped: 0.0003409 seconds, Stopping threads took: 0.0000527 seconds
[2023-11-16T05:53:51.353+0000][1171.797s][debug][safepoint     ] Safepoint synchronization initiated. (183 threads)
[2023-11-16T05:53:51.353+0000][1171.797s][info ][safepoint     ] Application time: 1.0001524 seconds
[2023-11-16T05:53:51.353+0000][1171.797s][info ][safepoint     ] Entering safepoint region: Cleanup
[2023-11-16T05:53:51.354+0000][1171.797s][info ][safepoint     ] Leaving safepoint region
[2023-11-16T05:53:51.354+0000][1171.797s][info ][safepoint     ] Total time for which application threads were stopped: 0.0003442 seconds, Stopping threads took: 0.0000531 seconds
[2023-11-16T05:53:52.354+0000][1172.797s][debug][safepoint     ] Safepoint synchronization initiated. (183 threads)
[2023-11-16T05:53:52.354+0000][1172.797s][info ][safepoint     ] Application time: 1.0001552 seconds
[2023-11-16T05:53:52.354+0000][1172.797s][info ][safepoint     ] Entering safepoint region: Cleanup
[2023-11-16T05:53:52.354+0000][1172.798s][info ][safepoint     ] Leaving safepoint region
[2023-11-16T05:53:52.354+0000][1172.798s][info ][safepoint     ] Total time for which application threads were stopped: 0.0003384 seconds, Stopping threads took: 0.0000540 seconds
[2023-11-16T05:53:53.354+0000][1173.798s][debug][safepoint     ] Safepoint synchronization initiated. (183 threads)
[2023-11-16T05:53:53.355+0000][1173.798s][info ][safepoint     ] Application time: 1.0001366 seconds
[2023-11-16T05:53:53.355+0000][1173.798s][info ][safepoint     ] Entering safepoint region: Cleanup
[2023-11-16T05:53:53.355+0000][1173.798s][info ][safepoint     ] Leaving safepoint region
[2023-11-16T05:53:53.355+0000][1173.798s][info ][safepoint     ] Total time for which application threads were stopped: 0.0006352 seconds, Stopping threads took: 0.0003289 seconds
[2023-11-16T05:53:54.355+0000][1174.799s][debug][safepoint     ] Safepoint synchronization initiated. (183 threads)
[2023-11-16T05:53:54.355+0000][1174.799s][info ][safepoint     ] Application time: 1.0001782 seconds
[2023-11-16T05:53:54.355+0000][1174.799s][info ][safepoint     ] Entering safepoint region: Cleanup
[2023-11-16T05:53:54.356+0000][1174.799s][info ][safepoint     ] Leaving safepoint region
[2023-11-16T05:53:54.356+0000][1174.799s][info ][safepoint     ] Total time for which application threads were stopped: 0.0003446 seconds, Stopping threads took: 0.0000530 seconds
[2023-11-16T05:53:55.356+0000][1175.799s][debug][safepoint     ] Safepoint synchronization initiated. (183 threads)
[2023-11-16T05:53:55.356+0000][1175.799s][info ][safepoint     ] Application time: 1.0001598 seconds
[2023-11-16T05:53:55.356+0000][1175.799s][info ][safepoint     ] Entering safepoint region: Cleanup
[2023-11-16T05:53:55.356+0000][1175.800s][info ][safepoint     ] Leaving safepoint region
[2023-11-16T05:53:55.356+0000][1175.800s][info ][safepoint     ] Total time for which application threads were stopped: 0.0003412 seconds, Stopping threads took: 0.0000533 seconds
[2023-11-16T05:53:56.356+0000][1176.800s][debug][safepoint     ] Safepoint synchronization initiated. (183 threads)
[2023-11-16T05:53:56.356+0000][1176.800s][info ][safepoint     ] Application time: 1.0001529 seconds
[2023-11-16T05:53:56.356+0000][1176.800s][info ][safepoint     ] Entering safepoint region: Cleanup
[2023-11-16T05:53:56.357+0000][1176.800s][info ][safepoint     ] Leaving safepoint region
[2023-11-16T05:53:56.357+0000][1176.800s][info ][safepoint     ] Total time for which application threads were stopped: 0.0003444 seconds, Stopping threads took: 0.0000530 seconds
[2023-11-16T05:53:57.357+0000][1177.800s][debug][safepoint     ] Safepoint synchronization initiated. (183 threads)
[2023-11-16T05:53:57.357+0000][1177.800s][info ][safepoint     ] Application time: 1.0001590 seconds
[2023-11-16T05:53:57.357+0000][1177.800s][info ][safepoint     ] Entering safepoint region: Cleanup
[2023-11-16T05:53:57.357+0000][1177.801s][info ][safepoint     ] Leaving safepoint region
[2023-11-16T05:53:57.357+0000][1177.801s][info ][safepoint     ] Total time for which application threads were stopped: 0.0003434 seconds, Stopping threads took: 0.0000519 seconds
[2023-11-16T05:53:58.357+0000][1178.801s][debug][safepoint     ] Safepoint synchronization initiated. (183 threads)
[2023-11-16T05:53:58.358+0000][1178.801s][info ][safepoint     ] Application time: 1.0001771 seconds
[2023-11-16T05:53:58.358+0000][1178.801s][info ][safepoint     ] Entering safepoint region: Cleanup
[2023-11-16T05:53:58.358+0000][1178.801s][info ][safepoint     ] Leaving safepoint region
[2023-11-16T05:53:58.358+0000][1178.801s][info ][safepoint     ] Total time for which application threads were stopped: 0.0002583 seconds, Stopping threads took: 0.0000513 seconds
[2023-11-16T05:53:59.358+0000][1179.801s][debug][safepoint     ] Safepoint synchronization initiated. (185 threads)
[2023-11-16T05:53:59.358+0000][1179.801s][info ][safepoint     ] Application time: 1.0001762 seconds
[2023-11-16T05:53:59.358+0000][1179.801s][info ][safepoint     ] Entering safepoint region: Cleanup
[2023-11-16T05:53:59.358+0000][1179.802s][info ][safepoint     ] Leaving safepoint region
[2023-11-16T05:53:59.358+0000][1179.802s][info ][safepoint     ] Total time for which application threads were stopped: 0.0002587 seconds, Stopping threads took: 0.0000532 seconds
[2023-11-16T05:54:00.358+0000][1180.802s][debug][safepoint     ] Safepoint synchronization initiated. (185 threads)
[2023-11-16T05:54:00.358+0000][1180.802s][info ][safepoint     ] Application time: 1.0001751 seconds
[2023-11-16T05:54:00.359+0000][1180.802s][info ][safepoint     ] Entering safepoint region: Cleanup
[2023-11-16T05:54:00.359+0000][1180.802s][info ][safepoint     ] Leaving safepoint region
[2023-11-16T05:54:00.359+0000][1180.802s][info ][safepoint     ] Total time for which application threads were stopped: 0.0005372 seconds, Stopping threads took: 0.0001924 seconds
[2023-11-16T05:54:01.359+0000][1181.802s][debug][safepoint     ] Safepoint synchronization initiated. (185 threads)
[2023-11-16T05:54:01.359+0000][1181.803s][info ][safepoint     ] Application time: 1.0001662 seconds
[2023-11-16T05:54:01.359+0000][1181.803s][info ][safepoint     ] Entering safepoint region: Cleanup
[2023-11-16T05:54:01.360+0000][1181.803s][info ][safepoint     ] Leaving safepoint region
[2023-11-16T05:54:01.360+0000][1181.803s][info ][safepoint     ] Total time for which application threads were stopped: 0.0003323 seconds, Stopping threads took: 0.0000530 seconds
[2023-11-16T05:54:02.360+0000][1182.803s][debug][safepoint     ] Safepoint synchronization initiated. (185 threads)
[2023-11-16T05:54:02.360+0000][1182.803s][info ][safepoint     ] Application time: 1.0001549 seconds
[2023-11-16T05:54:02.360+0000][1182.803s][info ][safepoint     ] Entering safepoint region: Cleanup
[2023-11-16T05:54:02.360+0000][1182.803s][info ][safepoint     ] Leaving safepoint region
[2023-11-16T05:54:02.360+0000][1182.803s][info ][safepoint     ] Total time for which application threads were stopped: 0.0003482 seconds, Stopping threads took: 0.0000522 seconds
[2023-11-16T05:54:03.360+0000][1183.804s][debug][safepoint     ] Safepoint synchronization initiated. (185 threads)
[2023-11-16T05:54:03.360+0000][1183.804s][info ][safepoint     ] Application time: 1.0001690 seconds
[2023-11-16T05:54:03.360+0000][1183.804s][info ][safepoint     ] Entering safepoint region: Cleanup
[2023-11-16T05:54:03.361+0000][1183.804s][info ][safepoint     ] Leaving safepoint region
[2023-11-16T05:54:03.361+0000][1183.804s][info ][safepoint     ] Total time for which application threads were stopped: 0.0002606 seconds, Stopping threads took: 0.0000526 seconds
[2023-11-16T05:54:04.361+0000][1184.804s][debug][safepoint     ] Safepoint synchronization initiated. (185 threads)
[2023-11-16T05:54:04.361+0000][1184.804s][info ][safepoint     ] Application time: 1.0001695 seconds
[2023-11-16T05:54:04.361+0000][1184.804s][info ][safepoint     ] Entering safepoint region: Cleanup
[2023-11-16T05:54:04.361+0000][1184.804s][info ][safepoint     ] Leaving safepoint region
[2023-11-16T05:54:04.361+0000][1184.804s][info ][safepoint     ] Total time for which application threads were stopped: 0.0003418 seconds, Stopping threads took: 0.0000527 seconds
[2023-11-16T05:54:05.361+0000][1185.805s][debug][safepoint     ] Safepoint synchronization initiated. (185 threads)
[2023-11-16T05:54:05.361+0000][1185.805s][info ][safepoint     ] Application time: 1.0001454 seconds
[2023-11-16T05:54:05.361+0000][1185.805s][info ][safepoint     ] Entering safepoint region: Cleanup
[2023-11-16T05:54:05.362+0000][1185.805s][info ][safepoint     ] Leaving safepoint region
[2023-11-16T05:54:05.362+0000][1185.805s][info ][safepoint     ] Total time for which application threads were stopped: 0.0003429 seconds, Stopping threads took: 0.0000532 seconds
[2023-11-16T05:54:06.362+0000][1186.805s][debug][safepoint     ] Safepoint synchronization initiated. (185 threads)
[2023-11-16T05:54:06.362+0000][1186.805s][info ][safepoint     ] Application time: 1.0001689 seconds
[2023-11-16T05:54:06.362+0000][1186.805s][info ][safepoint     ] Entering safepoint region: Cleanup
[2023-11-16T05:54:06.362+0000][1186.805s][info ][safepoint     ] Leaving safepoint region
[2023-11-16T05:54:06.362+0000][1186.805s][info ][safepoint     ] Total time for which application threads were stopped: 0.0003424 seconds, Stopping threads took: 0.0000535 seconds
[2023-11-16T05:54:07.362+0000][1187.806s][debug][safepoint     ] Safepoint synchronization initiated. (185 threads)
[2023-11-16T05:54:07.362+0000][1187.806s][info ][safepoint     ] Application time: 1.0001696 seconds
[2023-11-16T05:54:07.362+0000][1187.806s][info ][safepoint     ] Entering safepoint region: Cleanup
[2023-11-16T05:54:07.363+0000][1187.806s][info ][safepoint     ] Leaving safepoint region
[2023-11-16T05:54:07.363+0000][1187.806s][info ][safepoint     ] Total time for which application threads were stopped: 0.0003423 seconds, Stopping threads took: 0.0000526 seconds
[2023-11-16T05:54:08.363+0000][1188.806s][debug][safepoint     ] Safepoint synchronization initiated. (185 threads)
[2023-11-16T05:54:08.363+0000][1188.806s][info ][safepoint     ] Application time: 1.0001467 seconds
[2023-11-16T05:54:08.363+0000][1188.806s][info ][safepoint     ] Entering safepoint region: Cleanup
[2023-11-16T05:54:08.363+0000][1188.807s][info ][safepoint     ] Leaving safepoint region
[2023-11-16T05:54:08.363+0000][1188.807s][info ][safepoint     ] Total time for which application threads were stopped: 0.0003541 seconds, Stopping threads took: 0.0000418 seconds
[2023-11-16T05:54:09.363+0000][1189.807s][debug][safepoint     ] Safepoint synchronization initiated. (185 threads)
[2023-11-16T05:54:09.363+0000][1189.807s][info ][safepoint     ] Application time: 1.0001692 seconds
[2023-11-16T05:54:09.364+0000][1189.807s][info ][safepoint     ] Entering safepoint region: Cleanup
[2023-11-16T05:54:09.364+0000][1189.807s][info ][safepoint     ] Leaving safepoint region
[2023-11-16T05:54:09.364+0000][1189.807s][info ][safepoint     ] Total time for which application threads were stopped: 0.0003479 seconds, Stopping threads took: 0.0000573 seconds
[2023-11-16T05:54:10.364+0000][1190.807s][debug][safepoint     ] Safepoint synchronization initiated. (185 threads)
[2023-11-16T05:54:10.364+0000][1190.807s][info ][safepoint     ] Application time: 1.0001530 seconds
[2023-11-16T05:54:10.364+0000][1190.807s][info ][safepoint     ] Entering safepoint region: Cleanup
[2023-11-16T05:54:10.364+0000][1190.808s][info ][safepoint     ] Leaving safepoint region
[2023-11-16T05:54:10.364+0000][1190.808s][info ][safepoint     ] Total time for which application threads were stopped: 0.0003434 seconds, Stopping threads took: 0.0000533 seconds
[2023-11-16T05:54:11.364+0000][1191.808s][debug][safepoint     ] Safepoint synchronization initiated. (185 threads)
[2023-11-16T05:54:11.365+0000][1191.808s][info ][safepoint     ] Application time: 1.0001675 seconds
[2023-11-16T05:54:11.365+0000][1191.808s][info ][safepoint     ] Entering safepoint region: Cleanup
[2023-11-16T05:54:11.365+0000][1191.808s][info ][safepoint     ] Leaving safepoint region
[2023-11-16T05:54:11.365+0000][1191.808s][info ][safepoint     ] Total time for which application threads were stopped: 0.0002595 seconds, Stopping threads took: 0.0000526 seconds
[2023-11-16T05:54:12.365+0000][1192.808s][debug][safepoint     ] Safepoint synchronization initiated. (185 threads)
[2023-11-16T05:54:12.365+0000][1192.808s][info ][safepoint     ] Application time: 1.0001645 seconds
[2023-11-16T05:54:12.365+0000][1192.808s][info ][safepoint     ] Entering safepoint region: Cleanup
[2023-11-16T05:54:12.365+0000][1192.809s][info ][safepoint     ] Leaving safepoint region
[2023-11-16T05:54:12.365+0000][1192.809s][info ][safepoint     ] Total time for which application threads were stopped: 0.0003444 seconds, Stopping threads took: 0.0000514 seconds
[2023-11-16T05:54:13.365+0000][1193.809s][debug][safepoint     ] Safepoint synchronization initiated. (185 threads)
[2023-11-16T05:54:13.366+0000][1193.809s][info ][safepoint     ] Application time: 1.0001920 seconds
[2023-11-16T05:54:13.366+0000][1193.809s][info ][safepoint     ] Entering safepoint region: Cleanup
[2023-11-16T05:54:13.366+0000][1193.809s][info ][safepoint     ] Leaving safepoint region
[2023-11-16T05:54:13.366+0000][1193.809s][info ][safepoint     ] Total time for which application threads were stopped: 0.0003452 seconds, Stopping threads took: 0.0000527 seconds
[2023-11-16T05:54:14.366+0000][1194.809s][debug][safepoint     ] Safepoint synchronization initiated. (185 threads)
[2023-11-16T05:54:14.366+0000][1194.809s][info ][safepoint     ] Application time: 1.0001843 seconds
[2023-11-16T05:54:14.366+0000][1194.810s][info ][safepoint     ] Entering safepoint region: Cleanup
[2023-11-16T05:54:14.367+0000][1194.810s][info ][safepoint     ] Leaving safepoint region
[2023-11-16T05:54:14.367+0000][1194.810s][info ][safepoint     ] Total time for which application threads were stopped: 0.0004757 seconds, Stopping threads took: 0.0002752 seconds
[2023-11-16T05:54:15.367+0000][1195.810s][debug][safepoint     ] Safepoint synchronization initiated. (185 threads)
[2023-11-16T05:54:15.367+0000][1195.810s][info ][safepoint     ] Application time: 1.0001632 seconds
[2023-11-16T05:54:15.367+0000][1195.810s][info ][safepoint     ] Entering safepoint region: Cleanup
[2023-11-16T05:54:15.367+0000][1195.810s][info ][safepoint     ] Leaving safepoint region
[2023-11-16T05:54:15.367+0000][1195.810s][info ][safepoint     ] Total time for which application threads were stopped: 0.0002631 seconds, Stopping threads took: 0.0000527 seconds
[2023-11-16T05:54:16.367+0000][1196.811s][debug][safepoint     ] Safepoint synchronization initiated. (185 threads)
[2023-11-16T05:54:16.367+0000][1196.811s][info ][safepoint     ] Application time: 1.0001687 seconds
[2023-11-16T05:54:16.367+0000][1196.811s][info ][safepoint     ] Entering safepoint region: Cleanup
[2023-11-16T05:54:16.368+0000][1196.811s][info ][safepoint     ] Leaving safepoint region
[2023-11-16T05:54:16.368+0000][1196.811s][info ][safepoint     ] Total time for which application threads were stopped: 0.0003081 seconds, Stopping threads took: 0.0000529 seconds
[2023-11-16T05:54:17.368+0000][1197.811s][debug][safepoint     ] Safepoint synchronization initiated. (185 threads)
[2023-11-16T05:54:17.368+0000][1197.811s][info ][safepoint     ] Application time: 1.0001315 seconds
[2023-11-16T05:54:17.368+0000][1197.811s][info ][safepoint     ] Entering safepoint region: Cleanup
[2023-11-16T05:54:17.368+0000][1197.811s][info ][safepoint     ] Leaving safepoint region
[2023-11-16T05:54:17.368+0000][1197.811s][info ][safepoint     ] Total time for which application threads were stopped: 0.0003441 seconds, Stopping threads took: 0.0000513 seconds
[2023-11-16T05:54:18.368+0000][1198.812s][debug][safepoint     ] Safepoint synchronization initiated. (184 threads)
[2023-11-16T05:54:18.368+0000][1198.812s][info ][safepoint     ] Application time: 1.0001399 seconds
[2023-11-16T05:54:18.368+0000][1198.812s][info ][safepoint     ] Entering safepoint region: Cleanup
[2023-11-16T05:54:18.369+0000][1198.812s][info ][safepoint     ] Leaving safepoint region
[2023-11-16T05:54:18.369+0000][1198.812s][info ][safepoint     ] Total time for which application threads were stopped: 0.0003873 seconds, Stopping threads took: 0.0000526 seconds
[2023-11-16T05:54:19.369+0000][1199.812s][debug][safepoint     ] Safepoint synchronization initiated. (184 threads)
[2023-11-16T05:54:19.369+0000][1199.812s][info ][safepoint     ] Application time: 1.0001872 seconds
[2023-11-16T05:54:19.369+0000][1199.812s][info ][safepoint     ] Entering safepoint region: Cleanup
[2023-11-16T05:54:19.369+0000][1199.812s][info ][safepoint     ] Leaving safepoint region
[2023-11-16T05:54:19.369+0000][1199.813s][info ][safepoint     ] Total time for which application threads were stopped: 0.0003131 seconds, Stopping threads took: 0.0000606 seconds
[2023-11-16T05:54:19.369+0000][1199.813s][debug][safepoint     ] ... found polling page return exception at pc = 0x00007fde849bede6, stub =0x00007fde7c83a800
[2023-11-16T05:54:20.369+0000][1200.813s][debug][safepoint     ] Safepoint synchronization initiated. (184 threads)
[2023-11-16T05:54:20.369+0000][1200.813s][info ][safepoint     ] Application time: 1.0001652 seconds
[2023-11-16T05:54:20.369+0000][1200.813s][info ][safepoint     ] Entering safepoint region: Cleanup
[2023-11-16T05:54:20.370+0000][1200.813s][info ][safepoint     ] Leaving safepoint region
[2023-11-16T05:54:20.370+0000][1200.813s][info ][safepoint     ] Total time for which application threads were stopped: 0.0002509 seconds, Stopping threads took: 0.0000528 seconds
[2023-11-16T05:54:21.370+0000][1201.813s][debug][safepoint     ] Safepoint synchronization initiated. (184 threads)
[2023-11-16T05:54:21.370+0000][1201.813s][info ][safepoint     ] Application time: 1.0001658 seconds
[2023-11-16T05:54:21.370+0000][1201.813s][info ][safepoint     ] Entering safepoint region: Cleanup
[2023-11-16T05:54:21.370+0000][1201.813s][info ][safepoint     ] Leaving safepoint region
[2023-11-16T05:54:21.370+0000][1201.813s][info ][safepoint     ] Total time for which application threads were stopped: 0.0002480 seconds, Stopping threads took: 0.0000533 seconds
[2023-11-16T05:54:22.370+0000][1202.814s][debug][safepoint     ] Safepoint synchronization initiated. (184 threads)
[2023-11-16T05:54:22.370+0000][1202.814s][info ][safepoint     ] Application time: 1.0001427 seconds
[2023-11-16T05:54:22.370+0000][1202.814s][info ][safepoint     ] Entering safepoint region: Cleanup
[2023-11-16T05:54:22.371+0000][1202.814s][info ][safepoint     ] Leaving safepoint region
[2023-11-16T05:54:22.371+0000][1202.814s][info ][safepoint     ] Total time for which application threads were stopped: 0.0002583 seconds, Stopping threads took: 0.0000524 seconds
[2023-11-16T05:54:23.371+0000][1203.814s][debug][safepoint     ] Safepoint synchronization initiated. (184 threads)
[2023-11-16T05:54:23.371+0000][1203.814s][info ][safepoint     ] Application time: 1.0001642 seconds
[2023-11-16T05:54:23.371+0000][1203.814s][info ][safepoint     ] Entering safepoint region: Cleanup
[2023-11-16T05:54:23.371+0000][1203.814s][info ][safepoint     ] Leaving safepoint region
[2023-11-16T05:54:23.371+0000][1203.814s][info ][safepoint     ] Total time for which application threads were stopped: 0.0002787 seconds, Stopping threads took: 0.0000514 seconds
[2023-11-16T05:54:24.371+0000][1204.814s][debug][safepoint     ] Safepoint synchronization initiated. (184 threads)
[2023-11-16T05:54:24.371+0000][1204.814s][info ][safepoint     ] Application time: 1.0001696 seconds
[2023-11-16T05:54:24.371+0000][1204.815s][info ][safepoint     ] Entering safepoint region: Cleanup
[2023-11-16T05:54:24.372+0000][1204.815s][info ][safepoint     ] Leaving safepoint region
[2023-11-16T05:54:24.372+0000][1204.815s][info ][safepoint     ] Total time for which application threads were stopped: 0.0003504 seconds, Stopping threads took: 0.0000529 seconds
[2023-11-16T05:54:25.372+0000][1205.815s][debug][safepoint     ] Safepoint synchronization initiated. (184 threads)
[2023-11-16T05:54:25.372+0000][1205.815s][info ][safepoint     ] Application time: 1.0001505 seconds
[2023-11-16T05:54:25.372+0000][1205.815s][info ][safepoint     ] Entering safepoint region: Cleanup
[2023-11-16T05:54:25.372+0000][1205.815s][info ][safepoint     ] Leaving safepoint region
[2023-11-16T05:54:25.372+0000][1205.815s][info ][safepoint     ] Total time for which application threads were stopped: 0.0003367 seconds, Stopping threads took: 0.0000528 seconds
[2023-11-16T05:54:26.372+0000][1206.816s][debug][safepoint     ] Safepoint synchronization initiated. (184 threads)
[2023-11-16T05:54:26.372+0000][1206.816s][info ][safepoint     ] Application time: 1.0001557 seconds
[2023-11-16T05:54:26.372+0000][1206.816s][info ][safepoint     ] Entering safepoint region: Cleanup
[2023-11-16T05:54:26.373+0000][1206.816s][info ][safepoint     ] Leaving safepoint region
[2023-11-16T05:54:26.373+0000][1206.816s][info ][safepoint     ] Total time for which application threads were stopped: 0.0003369 seconds, Stopping threads took: 0.0000522 seconds
[2023-11-16T05:54:27.373+0000][1207.816s][debug][safepoint     ] Safepoint synchronization initiated. (184 threads)
[2023-11-16T05:54:27.373+0000][1207.816s][info ][safepoint     ] Application time: 1.0001778 seconds
[2023-11-16T05:54:27.373+0000][1207.816s][info ][safepoint     ] Entering safepoint region: Cleanup
[2023-11-16T05:54:27.373+0000][1207.816s][info ][safepoint     ] Leaving safepoint region
[2023-11-16T05:54:27.373+0000][1207.816s][info ][safepoint     ] Total time for which application threads were stopped: 0.0003419 seconds, Stopping threads took: 0.0000527 seconds
[2023-11-16T05:54:28.373+0000][1208.817s][debug][safepoint     ] Safepoint synchronization initiated. (184 threads)
[2023-11-16T05:54:28.373+0000][1208.817s][info ][safepoint     ] Application time: 1.0001684 seconds
[2023-11-16T05:54:28.373+0000][1208.817s][info ][safepoint     ] Entering safepoint region: Cleanup
[2023-11-16T05:54:28.374+0000][1208.817s][info ][safepoint     ] Leaving safepoint region
[2023-11-16T05:54:28.374+0000][1208.817s][info ][safepoint     ] Total time for which application threads were stopped: 0.0003430 seconds, Stopping threads took: 0.0000512 seconds
[2023-11-16T05:54:29.374+0000][1209.817s][debug][safepoint     ] Safepoint synchronization initiated. (183 threads)
[2023-11-16T05:54:29.374+0000][1209.817s][info ][safepoint     ] Application time: 1.0001720 seconds
[2023-11-16T05:54:29.374+0000][1209.817s][info ][safepoint     ] Entering safepoint region: Cleanup
[2023-11-16T05:54:29.374+0000][1209.818s][info ][safepoint     ] Leaving safepoint region
[2023-11-16T05:54:29.374+0000][1209.818s][info ][safepoint     ] Total time for which application threads were stopped: 0.0003453 seconds, Stopping threads took: 0.0000528 seconds
[2023-11-16T05:54:30.374+0000][1210.818s][debug][safepoint     ] Safepoint synchronization initiated. (183 threads)
[2023-11-16T05:54:30.374+0000][1210.818s][info ][safepoint     ] Application time: 1.0001870 seconds
[2023-11-16T05:54:30.375+0000][1210.818s][info ][safepoint     ] Entering safepoint region: Cleanup
[2023-11-16T05:54:30.375+0000][1210.818s][info ][safepoint     ] Leaving safepoint region
[2023-11-16T05:54:30.375+0000][1210.818s][info ][safepoint     ] Total time for which application threads were stopped: 0.0006503 seconds, Stopping threads took: 0.0003048 seconds
[2023-11-16T05:54:31.375+0000][1211.819s][debug][safepoint     ] Safepoint synchronization initiated. (183 threads)
[2023-11-16T05:54:31.375+0000][1211.819s][info ][safepoint     ] Application time: 1.0001546 seconds
[2023-11-16T05:54:31.375+0000][1211.819s][info ][safepoint     ] Entering safepoint region: Cleanup
[2023-11-16T05:54:31.376+0000][1211.819s][info ][safepoint     ] Leaving safepoint region
[2023-11-16T05:54:31.376+0000][1211.819s][info ][safepoint     ] Total time for which application threads were stopped: 0.0003149 seconds, Stopping threads took: 0.0000530 seconds
[2023-11-16T05:54:32.376+0000][1212.819s][debug][safepoint     ] Safepoint synchronization initiated. (183 threads)
[2023-11-16T05:54:32.376+0000][1212.819s][info ][safepoint     ] Application time: 1.0001899 seconds
[2023-11-16T05:54:32.376+0000][1212.819s][debug][safepoint     ] ... found polling page return exception at pc = 0x00007fde84fea1fb, stub =0x00007fde7c83a800
[2023-11-16T05:54:32.376+0000][1212.819s][debug][safepoint     ] Waiting for 1 thread(s) to block
[2023-11-16T05:54:32.376+0000][1212.819s][info ][safepoint     ] Entering safepoint region: Cleanup
[2023-11-16T05:54:32.376+0000][1212.820s][info ][safepoint     ] Leaving safepoint region
[2023-11-16T05:54:32.376+0000][1212.820s][info ][safepoint     ] Total time for which application threads were stopped: 0.0005249 seconds, Stopping threads took: 0.0002290 seconds
[2023-11-16T05:54:33.377+0000][1213.820s][debug][safepoint     ] Safepoint synchronization initiated. (183 threads)
[2023-11-16T05:54:33.377+0000][1213.820s][info ][safepoint     ] Application time: 1.0001637 seconds
[2023-11-16T05:54:33.377+0000][1213.820s][info ][safepoint     ] Entering safepoint region: Cleanup
[2023-11-16T05:54:33.377+0000][1213.820s][info ][safepoint     ] Leaving safepoint region
[2023-11-16T05:54:33.377+0000][1213.820s][info ][safepoint     ] Total time for which application threads were stopped: 0.0003442 seconds, Stopping threads took: 0.0000553 seconds
[2023-11-16T05:54:34.377+0000][1214.820s][debug][safepoint     ] Safepoint synchronization initiated. (183 threads)
[2023-11-16T05:54:34.377+0000][1214.821s][info ][safepoint     ] Application time: 1.0001869 seconds
[2023-11-16T05:54:34.377+0000][1214.821s][info ][safepoint     ] Entering safepoint region: Cleanup
[2023-11-16T05:54:34.378+0000][1214.821s][info ][safepoint     ] Leaving safepoint region
[2023-11-16T05:54:34.378+0000][1214.821s][info ][safepoint     ] Total time for which application threads were stopped: 0.0003428 seconds, Stopping threads took: 0.0000519 seconds
[2023-11-16T05:54:35.378+0000][1215.821s][debug][safepoint     ] Safepoint synchronization initiated. (183 threads)
[2023-11-16T05:54:35.378+0000][1215.821s][info ][safepoint     ] Application time: 1.0001799 seconds
[2023-11-16T05:54:35.378+0000][1215.821s][info ][safepoint     ] Entering safepoint region: Cleanup
[2023-11-16T05:54:35.378+0000][1215.822s][info ][safepoint     ] Leaving safepoint region
[2023-11-16T05:54:35.378+0000][1215.822s][info ][safepoint     ] Total time for which application threads were stopped: 0.0005454 seconds, Stopping threads took: 0.0002557 seconds
[2023-11-16T05:54:36.378+0000][1216.822s][debug][safepoint     ] Safepoint synchronization initiated. (183 threads)
[2023-11-16T05:54:36.379+0000][1216.822s][info ][safepoint     ] Application time: 1.0001705 seconds
[2023-11-16T05:54:36.379+0000][1216.822s][info ][safepoint     ] Entering safepoint region: Cleanup
[2023-11-16T05:54:36.379+0000][1216.822s][info ][safepoint     ] Leaving safepoint region
[2023-11-16T05:54:36.379+0000][1216.822s][info ][safepoint     ] Total time for which application threads were stopped: 0.0003458 seconds, Stopping threads took: 0.0000530 seconds
[2023-11-16T05:54:37.379+0000][1217.822s][debug][safepoint     ] Safepoint synchronization initiated. (183 threads)
[2023-11-16T05:54:37.379+0000][1217.822s][info ][safepoint     ] Application time: 1.0001609 seconds
[2023-11-16T05:54:37.379+0000][1217.822s][info ][safepoint     ] Entering safepoint region: Cleanup
[2023-11-16T05:54:37.379+0000][1217.823s][info ][safepoint     ] Leaving safepoint region
[2023-11-16T05:54:37.379+0000][1217.823s][info ][safepoint     ] Total time for which application threads were stopped: 0.0003458 seconds, Stopping threads took: 0.0000520 seconds
[2023-11-16T05:54:38.380+0000][1218.823s][debug][safepoint     ] Safepoint synchronization initiated. (183 threads)
[2023-11-16T05:54:38.380+0000][1218.823s][info ][safepoint     ] Application time: 1.0001550 seconds
[2023-11-16T05:54:38.380+0000][1218.823s][info ][safepoint     ] Entering safepoint region: Cleanup
[2023-11-16T05:54:38.380+0000][1218.823s][info ][safepoint     ] Leaving safepoint region
[2023-11-16T05:54:38.380+0000][1218.823s][info ][safepoint     ] Total time for which application threads were stopped: 0.0003367 seconds, Stopping threads took: 0.0000519 seconds
[2023-11-16T05:54:39.380+0000][1219.823s][debug][safepoint     ] Safepoint synchronization initiated. (183 threads)
[2023-11-16T05:54:39.380+0000][1219.823s][info ][safepoint     ] Application time: 1.0001749 seconds
[2023-11-16T05:54:39.380+0000][1219.824s][info ][safepoint     ] Entering safepoint region: Cleanup
[2023-11-16T05:54:39.380+0000][1219.824s][info ][safepoint     ] Leaving safepoint region
[2023-11-16T05:54:39.380+0000][1219.824s][info ][safepoint     ] Total time for which application threads were stopped: 0.0003405 seconds, Stopping threads took: 0.0000527 seconds
[2023-11-16T05:54:40.381+0000][1220.824s][debug][safepoint     ] Safepoint synchronization initiated. (183 threads)
[2023-11-16T05:54:40.381+0000][1220.824s][info ][safepoint     ] Application time: 1.0001590 seconds
[2023-11-16T05:54:40.381+0000][1220.824s][info ][safepoint     ] Entering safepoint region: Cleanup
[2023-11-16T05:54:40.381+0000][1220.824s][info ][safepoint     ] Leaving safepoint region
[2023-11-16T05:54:40.381+0000][1220.824s][info ][safepoint     ] Total time for which application threads were stopped: 0.0002509 seconds, Stopping threads took: 0.0000582 seconds
[2023-11-16T05:54:41.381+0000][1221.825s][debug][safepoint     ] Safepoint synchronization initiated. (183 threads)
[2023-11-16T05:54:41.381+0000][1221.825s][info ][safepoint     ] Application time: 1.0001696 seconds
[2023-11-16T05:54:41.381+0000][1221.825s][info ][safepoint     ] Entering safepoint region: Cleanup
[2023-11-16T05:54:41.382+0000][1221.825s][info ][safepoint     ] Leaving safepoint region
[2023-11-16T05:54:41.382+0000][1221.825s][info ][safepoint     ] Total time for which application threads were stopped: 0.0002896 seconds, Stopping threads took: 0.0000528 seconds
[2023-11-16T05:54:42.382+0000][1222.825s][debug][safepoint     ] Safepoint synchronization initiated. (183 threads)
[2023-11-16T05:54:42.382+0000][1222.825s][info ][safepoint     ] Application time: 1.0001714 seconds
[2023-11-16T05:54:42.382+0000][1222.825s][info ][safepoint     ] Entering safepoint region: Cleanup
[2023-11-16T05:54:42.382+0000][1222.825s][info ][safepoint     ] Leaving safepoint region
[2023-11-16T05:54:42.382+0000][1222.825s][info ][safepoint     ] Total time for which application threads were stopped: 0.0003447 seconds, Stopping threads took: 0.0000516 seconds
[2023-11-16T05:54:43.382+0000][1223.826s][debug][safepoint     ] Safepoint synchronization initiated. (183 threads)
[2023-11-16T05:54:43.382+0000][1223.826s][info ][safepoint     ] Application time: 1.0001543 seconds
[2023-11-16T05:54:43.382+0000][1223.826s][info ][safepoint     ] Entering safepoint region: Cleanup
[2023-11-16T05:54:43.383+0000][1223.826s][info ][safepoint     ] Leaving safepoint region
[2023-11-16T05:54:43.383+0000][1223.826s][info ][safepoint     ] Total time for which application threads were stopped: 0.0003373 seconds, Stopping threads took: 0.0000527 seconds
[2023-11-16T05:54:44.383+0000][1224.826s][debug][safepoint     ] Safepoint synchronization initiated. (183 threads)
[2023-11-16T05:54:44.383+0000][1224.826s][info ][safepoint     ] Application time: 1.0001660 seconds
[2023-11-16T05:54:44.383+0000][1224.826s][info ][safepoint     ] Entering safepoint region: Cleanup
[2023-11-16T05:54:44.383+0000][1224.826s][info ][safepoint     ] Leaving safepoint region
[2023-11-16T05:54:44.383+0000][1224.827s][info ][safepoint     ] Total time for which application threads were stopped: 0.0003418 seconds, Stopping threads took: 0.0000514 seconds
[2023-11-16T05:54:45.383+0000][1225.827s][debug][safepoint     ] Safepoint synchronization initiated. (183 threads)
[2023-11-16T05:54:45.383+0000][1225.827s][info ][safepoint     ] Application time: 1.0001549 seconds
[2023-11-16T05:54:45.383+0000][1225.827s][info ][safepoint     ] Entering safepoint region: Cleanup
[2023-11-16T05:54:45.384+0000][1225.827s][info ][safepoint     ] Leaving safepoint region
[2023-11-16T05:54:45.384+0000][1225.827s][info ][safepoint     ] Total time for which application threads were stopped: 0.0004416 seconds, Stopping threads took: 0.0002122 seconds
[2023-11-16T05:54:46.384+0000][1226.827s][debug][safepoint     ] Safepoint synchronization initiated. (183 threads)
[2023-11-16T05:54:46.384+0000][1226.827s][info ][safepoint     ] Application time: 1.0001484 seconds
[2023-11-16T05:54:46.384+0000][1226.827s][info ][safepoint     ] Entering safepoint region: Cleanup
[2023-11-16T05:54:46.384+0000][1226.828s][info ][safepoint     ] Leaving safepoint region
[2023-11-16T05:54:46.384+0000][1226.828s][info ][safepoint     ] Total time for which application threads were stopped: 0.0002995 seconds, Stopping threads took: 0.0000526 seconds
[2023-11-16T05:54:47.384+0000][1227.828s][debug][safepoint     ] Safepoint synchronization initiated. (183 threads)
[2023-11-16T05:54:47.384+0000][1227.828s][info ][safepoint     ] Application time: 1.0001370 seconds
[2023-11-16T05:54:47.385+0000][1227.828s][info ][safepoint     ] Entering safepoint region: Cleanup
[2023-11-16T05:54:47.385+0000][1227.828s][info ][safepoint     ] Leaving safepoint region
[2023-11-16T05:54:47.385+0000][1227.828s][info ][safepoint     ] Total time for which application threads were stopped: 0.0003476 seconds, Stopping threads took: 0.0000541 seconds
[2023-11-16T05:54:48.385+0000][1228.828s][debug][safepoint     ] Safepoint synchronization initiated. (183 threads)
[2023-11-16T05:54:48.385+0000][1228.828s][info ][safepoint     ] Application time: 1.0001515 seconds
[2023-11-16T05:54:48.385+0000][1228.828s][info ][safepoint     ] Entering safepoint region: Cleanup
[2023-11-16T05:54:48.385+0000][1228.829s][info ][safepoint     ] Leaving safepoint region
[2023-11-16T05:54:48.385+0000][1228.829s][info ][safepoint     ] Total time for which application threads were stopped: 0.0003416 seconds, Stopping threads took: 0.0000515 seconds
[2023-11-16T05:54:49.386+0000][1229.829s][debug][safepoint     ] Safepoint synchronization initiated. (183 threads)
[2023-11-16T05:54:49.386+0000][1229.829s][info ][safepoint     ] Application time: 1.0001671 seconds
[2023-11-16T05:54:49.386+0000][1229.829s][info ][safepoint     ] Entering safepoint region: Cleanup
[2023-11-16T05:54:49.386+0000][1229.829s][info ][safepoint     ] Leaving safepoint region
[2023-11-16T05:54:49.386+0000][1229.829s][info ][safepoint     ] Total time for which application threads were stopped: 0.0003409 seconds, Stopping threads took: 0.0000520 seconds
[2023-11-16T05:54:50.386+0000][1230.829s][debug][safepoint     ] Safepoint synchronization initiated. (183 threads)
[2023-11-16T05:54:50.386+0000][1230.829s][info ][safepoint     ] Application time: 1.0001520 seconds
[2023-11-16T05:54:50.386+0000][1230.829s][info ][safepoint     ] Entering safepoint region: Cleanup
[2023-11-16T05:54:50.387+0000][1230.830s][info ][safepoint     ] Leaving safepoint region
[2023-11-16T05:54:50.387+0000][1230.830s][info ][safepoint     ] Total time for which application threads were stopped: 0.0007427 seconds, Stopping threads took: 0.0003788 seconds
[2023-11-16T05:54:51.387+0000][1231.830s][debug][safepoint     ] Safepoint synchronization initiated. (183 threads)
[2023-11-16T05:54:51.387+0000][1231.830s][info ][safepoint     ] Application time: 1.0001516 seconds
[2023-11-16T05:54:51.387+0000][1231.830s][info ][safepoint     ] Entering safepoint region: Cleanup
[2023-11-16T05:54:51.387+0000][1231.831s][info ][safepoint     ] Leaving safepoint region
[2023-11-16T05:54:51.387+0000][1231.831s][info ][safepoint     ] Total time for which application threads were stopped: 0.0003441 seconds, Stopping threads took: 0.0000522 seconds
[2023-11-16T05:54:52.388+0000][1232.831s][debug][safepoint     ] Safepoint synchronization initiated. (183 threads)
[2023-11-16T05:54:52.388+0000][1232.831s][info ][safepoint     ] Application time: 1.0001464 seconds
[2023-11-16T05:54:52.388+0000][1232.831s][info ][safepoint     ] Entering safepoint region: Cleanup
[2023-11-16T05:54:52.388+0000][1232.831s][info ][safepoint     ] Leaving safepoint region
[2023-11-16T05:54:52.388+0000][1232.831s][info ][safepoint     ] Total time for which application threads were stopped: 0.0003383 seconds, Stopping threads took: 0.0000529 seconds
[2023-11-16T05:54:53.388+0000][1233.831s][debug][safepoint     ] Safepoint synchronization initiated. (183 threads)
[2023-11-16T05:54:53.388+0000][1233.831s][info ][safepoint     ] Application time: 1.0001558 seconds
[2023-11-16T05:54:53.388+0000][1233.832s][info ][safepoint     ] Entering safepoint region: Cleanup
[2023-11-16T05:54:53.388+0000][1233.832s][info ][safepoint     ] Leaving safepoint region
[2023-11-16T05:54:53.389+0000][1233.832s][info ][safepoint     ] Total time for which application threads were stopped: 0.0003379 seconds, Stopping threads took: 0.0000538 seconds
[2023-11-16T05:54:54.389+0000][1234.832s][debug][safepoint     ] Safepoint synchronization initiated. (183 threads)
[2023-11-16T05:54:54.389+0000][1234.832s][info ][safepoint     ] Application time: 1.0001536 seconds
[2023-11-16T05:54:54.389+0000][1234.832s][info ][safepoint     ] Entering safepoint region: Cleanup
[2023-11-16T05:54:54.389+0000][1234.832s][info ][safepoint     ] Leaving safepoint region
[2023-11-16T05:54:54.389+0000][1234.832s][info ][safepoint     ] Total time for which application threads were stopped: 0.0003415 seconds, Stopping threads took: 0.0000539 seconds
[2023-11-16T05:54:55.389+0000][1235.833s][debug][safepoint     ] Safepoint synchronization initiated. (183 threads)
[2023-11-16T05:54:55.389+0000][1235.833s][info ][safepoint     ] Application time: 1.0001574 seconds
[2023-11-16T05:54:55.389+0000][1235.833s][info ][safepoint     ] Entering safepoint region: Cleanup
[2023-11-16T05:54:55.390+0000][1235.833s][info ][safepoint     ] Leaving safepoint region
[2023-11-16T05:54:55.390+0000][1235.833s][info ][safepoint     ] Total time for which application threads were stopped: 0.0004403 seconds, Stopping threads took: 0.0001620 seconds
[2023-11-16T05:54:56.390+0000][1236.833s][debug][safepoint     ] Safepoint synchronization initiated. (183 threads)
[2023-11-16T05:54:56.390+0000][1236.833s][info ][safepoint     ] Application time: 1.0001693 seconds
[2023-11-16T05:54:56.390+0000][1236.833s][info ][safepoint     ] Entering safepoint region: Cleanup
[2023-11-16T05:54:56.390+0000][1236.833s][info ][safepoint     ] Leaving safepoint region
[2023-11-16T05:54:56.390+0000][1236.834s][info ][safepoint     ] Total time for which application threads were stopped: 0.0002797 seconds, Stopping threads took: 0.0000534 seconds
[2023-11-16T05:54:57.390+0000][1237.834s][debug][safepoint     ] Safepoint synchronization initiated. (183 threads)
[2023-11-16T05:54:57.390+0000][1237.834s][info ][safepoint     ] Application time: 1.0001731 seconds
[2023-11-16T05:54:57.390+0000][1237.834s][info ][safepoint     ] Entering safepoint region: Cleanup
[2023-11-16T05:54:57.391+0000][1237.834s][info ][safepoint     ] Leaving safepoint region
[2023-11-16T05:54:57.391+0000][1237.834s][info ][safepoint     ] Total time for which application threads were stopped: 0.0003417 seconds, Stopping threads took: 0.0000527 seconds
[2023-11-16T05:54:58.391+0000][1238.834s][debug][safepoint     ] Safepoint synchronization initiated. (183 threads)
[2023-11-16T05:54:58.391+0000][1238.834s][info ][safepoint     ] Application time: 1.0001612 seconds
[2023-11-16T05:54:58.391+0000][1238.834s][info ][safepoint     ] Entering safepoint region: Cleanup
[2023-11-16T05:54:58.391+0000][1238.835s][info ][safepoint     ] Leaving safepoint region
[2023-11-16T05:54:58.391+0000][1238.835s][info ][safepoint     ] Total time for which application threads were stopped: 0.0003339 seconds, Stopping threads took: 0.0000502 seconds
[2023-11-16T05:54:59.391+0000][1239.835s][debug][safepoint     ] Safepoint synchronization initiated. (182 threads)
[2023-11-16T05:54:59.392+0000][1239.835s][info ][safepoint     ] Application time: 1.0002082 seconds
[2023-11-16T05:54:59.392+0000][1239.835s][info ][safepoint     ] Entering safepoint region: Cleanup
[2023-11-16T05:54:59.392+0000][1239.835s][info ][safepoint     ] Leaving safepoint region
[2023-11-16T05:54:59.392+0000][1239.835s][info ][safepoint     ] Total time for which application threads were stopped: 0.0003394 seconds, Stopping threads took: 0.0000528 seconds
[2023-11-16T05:55:00.392+0000][1240.835s][debug][safepoint     ] Safepoint synchronization initiated. (182 threads)
[2023-11-16T05:55:00.392+0000][1240.835s][info ][safepoint     ] Application time: 1.0001531 seconds
[2023-11-16T05:55:00.392+0000][1240.835s][info ][safepoint     ] Entering safepoint region: Cleanup
[2023-11-16T05:55:00.393+0000][1240.836s][info ][safepoint     ] Leaving safepoint region
[2023-11-16T05:55:00.393+0000][1240.836s][info ][safepoint     ] Total time for which application threads were stopped: 0.0005427 seconds, Stopping threads took: 0.0002307 seconds
[2023-11-16T05:55:01.393+0000][1241.836s][debug][safepoint     ] Safepoint synchronization initiated. (182 threads)
[2023-11-16T05:55:01.393+0000][1241.836s][info ][safepoint     ] Application time: 1.0001347 seconds
[2023-11-16T05:55:01.393+0000][1241.836s][info ][safepoint     ] Entering safepoint region: Cleanup
[2023-11-16T05:55:01.393+0000][1241.836s][info ][safepoint     ] Leaving safepoint region
[2023-11-16T05:55:01.393+0000][1241.836s][info ][safepoint     ] Total time for which application threads were stopped: 0.0002235 seconds, Stopping threads took: 0.0000374 seconds
[2023-11-16T05:55:02.393+0000][1242.836s][debug][safepoint     ] Safepoint synchronization initiated. (182 threads)
[2023-11-16T05:55:02.393+0000][1242.836s][info ][safepoint     ] Application time: 1.0001628 seconds
[2023-11-16T05:55:02.393+0000][1242.837s][info ][safepoint     ] Entering safepoint region: Cleanup
[2023-11-16T05:55:02.393+0000][1242.837s][info ][safepoint     ] Leaving safepoint region
[2023-11-16T05:55:02.393+0000][1242.837s][info ][safepoint     ] Total time for which application threads were stopped: 0.0002520 seconds, Stopping threads took: 0.0000503 seconds
[2023-11-16T05:55:03.394+0000][1243.837s][debug][safepoint     ] Safepoint synchronization initiated. (182 threads)
[2023-11-16T05:55:03.394+0000][1243.837s][info ][safepoint     ] Application time: 1.0001541 seconds
[2023-11-16T05:55:03.394+0000][1243.837s][info ][safepoint     ] Entering safepoint region: Cleanup
[2023-11-16T05:55:03.394+0000][1243.837s][info ][safepoint     ] Leaving safepoint region
[2023-11-16T05:55:03.394+0000][1243.837s][info ][safepoint     ] Total time for which application threads were stopped: 0.0002866 seconds, Stopping threads took: 0.0000511 seconds
[2023-11-16T05:55:04.394+0000][1244.837s][debug][safepoint     ] Safepoint synchronization initiated. (182 threads)
[2023-11-16T05:55:04.394+0000][1244.837s][info ][safepoint     ] Application time: 1.0001486 seconds
[2023-11-16T05:55:04.394+0000][1244.837s][info ][safepoint     ] Entering safepoint region: Cleanup
[2023-11-16T05:55:04.394+0000][1244.838s][info ][safepoint     ] Leaving safepoint region
[2023-11-16T05:55:04.394+0000][1244.838s][info ][safepoint     ] Total time for which application threads were stopped: 0.0003450 seconds, Stopping threads took: 0.0000519 seconds
[2023-11-16T05:55:05.395+0000][1245.838s][debug][safepoint     ] Safepoint synchronization initiated. (182 threads)
[2023-11-16T05:55:05.395+0000][1245.838s][info ][safepoint     ] Application time: 1.0001576 seconds
[2023-11-16T05:55:05.395+0000][1245.838s][info ][safepoint     ] Entering safepoint region: Cleanup
[2023-11-16T05:55:05.395+0000][1245.838s][info ][safepoint     ] Leaving safepoint region
[2023-11-16T05:55:05.395+0000][1245.838s][info ][safepoint     ] Total time for which application threads were stopped: 0.0003410 seconds, Stopping threads took: 0.0000538 seconds
[2023-11-16T05:55:06.395+0000][1246.838s][debug][safepoint     ] Safepoint synchronization initiated. (182 threads)
[2023-11-16T05:55:06.395+0000][1246.838s][info ][safepoint     ] Application time: 1.0001536 seconds
[2023-11-16T05:55:06.395+0000][1246.839s][info ][safepoint     ] Entering safepoint region: Cleanup
[2023-11-16T05:55:06.395+0000][1246.839s][info ][safepoint     ] Leaving safepoint region
[2023-11-16T05:55:06.395+0000][1246.839s][info ][safepoint     ] Total time for which application threads were stopped: 0.0002586 seconds, Stopping threads took: 0.0000521 seconds
[2023-11-16T05:55:07.396+0000][1247.839s][debug][safepoint     ] Safepoint synchronization initiated. (182 threads)
[2023-11-16T05:55:07.396+0000][1247.839s][info ][safepoint     ] Application time: 1.0001548 seconds
[2023-11-16T05:55:07.396+0000][1247.839s][info ][safepoint     ] Entering safepoint region: Cleanup
[2023-11-16T05:55:07.396+0000][1247.839s][info ][safepoint     ] Leaving safepoint region
[2023-11-16T05:55:07.396+0000][1247.839s][info ][safepoint     ] Total time for which application threads were stopped: 0.0003387 seconds, Stopping threads took: 0.0000514 seconds
[2023-11-16T05:55:08.396+0000][1248.839s][debug][safepoint     ] Safepoint synchronization initiated. (182 threads)
[2023-11-16T05:55:08.396+0000][1248.839s][info ][safepoint     ] Application time: 1.0001606 seconds
[2023-11-16T05:55:08.396+0000][1248.840s][info ][safepoint     ] Entering safepoint region: Cleanup
[2023-11-16T05:55:08.396+0000][1248.840s][info ][safepoint     ] Leaving safepoint region
[2023-11-16T05:55:08.397+0000][1248.840s][info ][safepoint     ] Total time for which application threads were stopped: 0.0003494 seconds, Stopping threads took: 0.0000555 seconds
[2023-11-16T05:55:09.397+0000][1249.840s][debug][safepoint     ] Safepoint synchronization initiated. (182 threads)
[2023-11-16T05:55:09.397+0000][1249.840s][info ][safepoint     ] Application time: 1.0001691 seconds
[2023-11-16T05:55:09.397+0000][1249.840s][info ][safepoint     ] Entering safepoint region: Cleanup
[2023-11-16T05:55:09.397+0000][1249.840s][info ][safepoint     ] Leaving safepoint region
[2023-11-16T05:55:09.397+0000][1249.840s][info ][safepoint     ] Total time for which application threads were stopped: 0.0003429 seconds, Stopping threads took: 0.0000530 seconds
[2023-11-16T05:55:10.397+0000][1250.841s][debug][safepoint     ] Safepoint synchronization initiated. (182 threads)
[2023-11-16T05:55:10.397+0000][1250.841s][info ][safepoint     ] Application time: 1.0001705 seconds
[2023-11-16T05:55:10.397+0000][1250.841s][info ][safepoint     ] Entering safepoint region: Cleanup
[2023-11-16T05:55:10.398+0000][1250.841s][info ][safepoint     ] Leaving safepoint region
[2023-11-16T05:55:10.398+0000][1250.841s][info ][safepoint     ] Total time for which application threads were stopped: 0.0003440 seconds, Stopping threads took: 0.0000512 seconds
[2023-11-16T05:55:11.398+0000][1251.841s][debug][safepoint     ] Safepoint synchronization initiated. (182 threads)
[2023-11-16T05:55:11.398+0000][1251.841s][info ][safepoint     ] Application time: 1.0001525 seconds
[2023-11-16T05:55:11.398+0000][1251.841s][info ][safepoint     ] Entering safepoint region: Cleanup
[2023-11-16T05:55:11.398+0000][1251.841s][info ][safepoint     ] Leaving safepoint region
[2023-11-16T05:55:11.398+0000][1251.841s][info ][safepoint     ] Total time for which application threads were stopped: 0.0003437 seconds, Stopping threads took: 0.0000518 seconds
[2023-11-16T05:55:12.398+0000][1252.842s][debug][safepoint     ] Safepoint synchronization initiated. (182 threads)
[2023-11-16T05:55:12.398+0000][1252.842s][info ][safepoint     ] Application time: 1.0001562 seconds
[2023-11-16T05:55:12.398+0000][1252.842s][info ][safepoint     ] Entering safepoint region: Cleanup
[2023-11-16T05:55:12.399+0000][1252.842s][info ][safepoint     ] Leaving safepoint region
[2023-11-16T05:55:12.399+0000][1252.842s][info ][safepoint     ] Total time for which application threads were stopped: 0.0003387 seconds, Stopping threads took: 0.0000520 seconds
[2023-11-16T05:55:13.399+0000][1253.842s][debug][safepoint     ] Safepoint synchronization initiated. (182 threads)
[2023-11-16T05:55:13.399+0000][1253.842s][info ][safepoint     ] Application time: 1.0001653 seconds
[2023-11-16T05:55:13.399+0000][1253.842s][info ][safepoint     ] Entering safepoint region: Cleanup
[2023-11-16T05:55:13.399+0000][1253.842s][info ][safepoint     ] Leaving safepoint region
[2023-11-16T05:55:13.399+0000][1253.843s][info ][safepoint     ] Total time for which application threads were stopped: 0.0003451 seconds, Stopping threads took: 0.0000506 seconds
[2023-11-16T05:55:14.399+0000][1254.843s][debug][safepoint     ] Safepoint synchronization initiated. (182 threads)
[2023-11-16T05:55:14.399+0000][1254.843s][info ][safepoint     ] Application time: 1.0001852 seconds
[2023-11-16T05:55:14.399+0000][1254.843s][info ][safepoint     ] Entering safepoint region: Cleanup
[2023-11-16T05:55:14.400+0000][1254.843s][info ][safepoint     ] Leaving safepoint region
[2023-11-16T05:55:14.400+0000][1254.843s][info ][safepoint     ] Total time for which application threads were stopped: 0.0005643 seconds, Stopping threads took: 0.0002219 seconds
[2023-11-16T05:55:15.400+0000][1255.843s][debug][safepoint     ] Safepoint synchronization initiated. (182 threads)
[2023-11-16T05:55:15.400+0000][1255.844s][info ][safepoint     ] Application time: 1.0001666 seconds
[2023-11-16T05:55:15.400+0000][1255.844s][info ][safepoint     ] Entering safepoint region: Cleanup
[2023-11-16T05:55:15.401+0000][1255.844s][info ][safepoint     ] Leaving safepoint region
[2023-11-16T05:55:15.401+0000][1255.844s][info ][safepoint     ] Total time for which application threads were stopped: 0.0003454 seconds, Stopping threads took: 0.0000540 seconds
[2023-11-16T05:55:16.401+0000][1256.844s][debug][safepoint     ] Safepoint synchronization initiated. (182 threads)
[2023-11-16T05:55:16.401+0000][1256.844s][info ][safepoint     ] Application time: 1.0001607 seconds
[2023-11-16T05:55:16.401+0000][1256.844s][info ][safepoint     ] Entering safepoint region: Cleanup
[2023-11-16T05:55:16.401+0000][1256.844s][info ][safepoint     ] Leaving safepoint region
[2023-11-16T05:55:16.401+0000][1256.844s][info ][safepoint     ] Total time for which application threads were stopped: 0.0003371 seconds, Stopping threads took: 0.0000530 seconds
[2023-11-16T05:55:17.401+0000][1257.845s][debug][safepoint     ] Safepoint synchronization initiated. (182 threads)
[2023-11-16T05:55:17.401+0000][1257.845s][info ][safepoint     ] Application time: 1.0001638 seconds
[2023-11-16T05:55:17.401+0000][1257.845s][info ][safepoint     ] Entering safepoint region: Cleanup
[2023-11-16T05:55:17.402+0000][1257.845s][info ][safepoint     ] Leaving safepoint region
[2023-11-16T05:55:17.402+0000][1257.845s][info ][safepoint     ] Total time for which application threads were stopped: 0.0002439 seconds, Stopping threads took: 0.0000517 seconds
[2023-11-16T05:55:18.402+0000][1258.845s][debug][safepoint     ] Safepoint synchronization initiated. (182 threads)
[2023-11-16T05:55:18.402+0000][1258.845s][info ][safepoint     ] Application time: 1.0001467 seconds
[2023-11-16T05:55:18.402+0000][1258.845s][info ][safepoint     ] Entering safepoint region: Cleanup
[2023-11-16T05:55:18.402+0000][1258.845s][info ][safepoint     ] Leaving safepoint region
[2023-11-16T05:55:18.402+0000][1258.845s][info ][safepoint     ] Total time for which application threads were stopped: 0.0002539 seconds, Stopping threads took: 0.0000496 seconds
[2023-11-16T05:55:19.402+0000][1259.845s][debug][safepoint     ] Safepoint synchronization initiated. (182 threads)
[2023-11-16T05:55:19.402+0000][1259.845s][info ][safepoint     ] Application time: 1.0001418 seconds
[2023-11-16T05:55:19.402+0000][1259.846s][info ][safepoint     ] Entering safepoint region: Cleanup
[2023-11-16T05:55:19.403+0000][1259.846s][info ][safepoint     ] Leaving safepoint region
[2023-11-16T05:55:19.403+0000][1259.846s][info ][safepoint     ] Total time for which application threads were stopped: 0.0004939 seconds, Stopping threads took: 0.0002333 seconds
[2023-11-16T05:55:20.403+0000][1260.846s][debug][safepoint     ] Safepoint synchronization initiated. (182 threads)
[2023-11-16T05:55:20.403+0000][1260.846s][info ][safepoint     ] Application time: 1.0001614 seconds
[2023-11-16T05:55:20.403+0000][1260.846s][info ][safepoint     ] Entering safepoint region: Cleanup
[2023-11-16T05:55:20.403+0000][1260.846s][info ][safepoint     ] Leaving safepoint region
[2023-11-16T05:55:20.403+0000][1260.847s][info ][safepoint     ] Total time for which application threads were stopped: 0.0003432 seconds, Stopping threads took: 0.0000524 seconds
[2023-11-16T05:55:21.403+0000][1261.847s][debug][safepoint     ] Safepoint synchronization initiated. (182 threads)
[2023-11-16T05:55:21.403+0000][1261.847s][info ][safepoint     ] Application time: 1.0001583 seconds
[2023-11-16T05:55:21.403+0000][1261.847s][info ][safepoint     ] Entering safepoint region: Cleanup
[2023-11-16T05:55:21.404+0000][1261.847s][info ][safepoint     ] Leaving safepoint region
[2023-11-16T05:55:21.404+0000][1261.847s][info ][safepoint     ] Total time for which application threads were stopped: 0.0002982 seconds, Stopping threads took: 0.0000785 seconds
[2023-11-16T05:55:22.404+0000][1262.847s][debug][safepoint     ] Safepoint synchronization initiated. (182 threads)
[2023-11-16T05:55:22.404+0000][1262.847s][info ][safepoint     ] Application time: 1.0001558 seconds
[2023-11-16T05:55:22.404+0000][1262.847s][info ][safepoint     ] Entering safepoint region: Cleanup
[2023-11-16T05:55:22.404+0000][1262.848s][info ][safepoint     ] Leaving safepoint region
[2023-11-16T05:55:22.404+0000][1262.848s][info ][safepoint     ] Total time for which application threads were stopped: 0.0003457 seconds, Stopping threads took: 0.0000530 seconds
[2023-11-16T05:55:23.404+0000][1263.848s][debug][safepoint     ] Safepoint synchronization initiated. (182 threads)
[2023-11-16T05:55:23.404+0000][1263.848s][info ][safepoint     ] Application time: 1.0001698 seconds
[2023-11-16T05:55:23.405+0000][1263.848s][info ][safepoint     ] Entering safepoint region: Cleanup
[2023-11-16T05:55:23.405+0000][1263.848s][info ][safepoint     ] Leaving safepoint region
[2023-11-16T05:55:23.405+0000][1263.848s][info ][safepoint     ] Total time for which application threads were stopped: 0.0003423 seconds, Stopping threads took: 0.0000518 seconds
[2023-11-16T05:55:24.405+0000][1264.848s][debug][safepoint     ] Safepoint synchronization initiated. (182 threads)
[2023-11-16T05:55:24.405+0000][1264.848s][info ][safepoint     ] Application time: 1.0001820 seconds
[2023-11-16T05:55:24.405+0000][1264.848s][info ][safepoint     ] Entering safepoint region: Cleanup
[2023-11-16T05:55:24.406+0000][1264.849s][info ][safepoint     ] Leaving safepoint region
[2023-11-16T05:55:24.406+0000][1264.849s][info ][safepoint     ] Total time for which application threads were stopped: 0.0007022 seconds, Stopping threads took: 0.0003594 seconds
[2023-11-16T05:55:25.406+0000][1265.849s][debug][safepoint     ] Safepoint synchronization initiated. (182 threads)
[2023-11-16T05:55:25.406+0000][1265.849s][info ][safepoint     ] Application time: 1.0001575 seconds
[2023-11-16T05:55:25.406+0000][1265.849s][info ][safepoint     ] Entering safepoint region: Cleanup
[2023-11-16T05:55:25.406+0000][1265.850s][info ][safepoint     ] Leaving safepoint region
[2023-11-16T05:55:25.406+0000][1265.850s][info ][safepoint     ] Total time for which application threads were stopped: 0.0003412 seconds, Stopping threads took: 0.0000516 seconds
[2023-11-16T05:55:26.406+0000][1266.850s][debug][safepoint     ] Safepoint synchronization initiated. (182 threads)
[2023-11-16T05:55:26.406+0000][1266.850s][info ][safepoint     ] Application time: 1.0001709 seconds
[2023-11-16T05:55:26.407+0000][1266.850s][info ][safepoint     ] Entering safepoint region: Cleanup
[2023-11-16T05:55:26.407+0000][1266.850s][info ][safepoint     ] Leaving safepoint region
[2023-11-16T05:55:26.407+0000][1266.850s][info ][safepoint     ] Total time for which application threads were stopped: 0.0003402 seconds, Stopping threads took: 0.0000517 seconds
[2023-11-16T05:55:27.407+0000][1267.850s][debug][safepoint     ] Safepoint synchronization initiated. (182 threads)
[2023-11-16T05:55:27.407+0000][1267.850s][info ][safepoint     ] Application time: 1.0001547 seconds
[2023-11-16T05:55:27.407+0000][1267.850s][info ][safepoint     ] Entering safepoint region: Cleanup
[2023-11-16T05:55:27.407+0000][1267.851s][info ][safepoint     ] Leaving safepoint region
[2023-11-16T05:55:27.407+0000][1267.851s][info ][safepoint     ] Total time for which application threads were stopped: 0.0003457 seconds, Stopping threads took: 0.0000524 seconds
[2023-11-16T05:55:28.407+0000][1268.851s][debug][safepoint     ] Safepoint synchronization initiated. (182 threads)
[2023-11-16T05:55:28.408+0000][1268.851s][info ][safepoint     ] Application time: 1.0001806 seconds
[2023-11-16T05:55:28.408+0000][1268.851s][info ][safepoint     ] Entering safepoint region: Cleanup
[2023-11-16T05:55:28.408+0000][1268.851s][info ][safepoint     ] Leaving safepoint region
[2023-11-16T05:55:28.408+0000][1268.851s][info ][safepoint     ] Total time for which application threads were stopped: 0.0003430 seconds, Stopping threads took: 0.0000513 seconds
[2023-11-16T05:55:29.408+0000][1269.851s][debug][safepoint     ] Safepoint synchronization initiated. (181 threads)
[2023-11-16T05:55:29.408+0000][1269.851s][info ][safepoint     ] Application time: 1.0001763 seconds
[2023-11-16T05:55:29.408+0000][1269.851s][info ][safepoint     ] Entering safepoint region: Cleanup
[2023-11-16T05:55:29.408+0000][1269.852s][info ][safepoint     ] Leaving safepoint region
[2023-11-16T05:55:29.409+0000][1269.852s][info ][safepoint     ] Total time for which application threads were stopped: 0.0003957 seconds, Stopping threads took: 0.0000545 seconds
[2023-11-16T05:55:30.409+0000][1270.852s][debug][safepoint     ] Safepoint synchronization initiated. (181 threads)
[2023-11-16T05:55:30.409+0000][1270.852s][info ][safepoint     ] Application time: 1.0001522 seconds
[2023-11-16T05:55:30.409+0000][1270.852s][info ][safepoint     ] Entering safepoint region: Cleanup
[2023-11-16T05:55:30.409+0000][1270.852s][info ][safepoint     ] Leaving safepoint region
[2023-11-16T05:55:30.409+0000][1270.852s][info ][safepoint     ] Total time for which application threads were stopped: 0.0003440 seconds, Stopping threads took: 0.0000522 seconds
[2023-11-16T05:55:31.409+0000][1271.852s][debug][safepoint     ] Safepoint synchronization initiated. (181 threads)
[2023-11-16T05:55:31.409+0000][1271.853s][info ][safepoint     ] Application time: 1.0001475 seconds
[2023-11-16T05:55:31.409+0000][1271.853s][info ][safepoint     ] Entering safepoint region: Cleanup
[2023-11-16T05:55:31.410+0000][1271.853s][info ][safepoint     ] Leaving safepoint region
[2023-11-16T05:55:31.410+0000][1271.853s][info ][safepoint     ] Total time for which application threads were stopped: 0.0003942 seconds, Stopping threads took: 0.0000533 seconds
[2023-11-16T05:55:32.410+0000][1272.853s][debug][safepoint     ] Safepoint synchronization initiated. (181 threads)
[2023-11-16T05:55:32.410+0000][1272.853s][info ][safepoint     ] Application time: 1.0001658 seconds
[2023-11-16T05:55:32.410+0000][1272.853s][info ][safepoint     ] Entering safepoint region: Cleanup
[2023-11-16T05:55:32.410+0000][1272.853s][info ][safepoint     ] Leaving safepoint region
[2023-11-16T05:55:32.410+0000][1272.853s][info ][safepoint     ] Total time for which application threads were stopped: 0.0002894 seconds, Stopping threads took: 0.0000525 seconds
[2023-11-16T05:55:33.410+0000][1273.854s][debug][safepoint     ] Safepoint synchronization initiated. (181 threads)
[2023-11-16T05:55:33.410+0000][1273.854s][info ][safepoint     ] Application time: 1.0001769 seconds
[2023-11-16T05:55:33.410+0000][1273.854s][info ][safepoint     ] Entering safepoint region: Cleanup
[2023-11-16T05:55:33.411+0000][1273.854s][info ][safepoint     ] Leaving safepoint region
[2023-11-16T05:55:33.411+0000][1273.854s][info ][safepoint     ] Total time for which application threads were stopped: 0.0003401 seconds, Stopping threads took: 0.0000527 seconds
[2023-11-16T05:55:34.411+0000][1274.854s][debug][safepoint     ] Safepoint synchronization initiated. (181 threads)
[2023-11-16T05:55:34.411+0000][1274.854s][info ][safepoint     ] Application time: 1.0001388 seconds
[2023-11-16T05:55:34.411+0000][1274.854s][info ][safepoint     ] Entering safepoint region: Cleanup
[2023-11-16T05:55:34.411+0000][1274.854s][info ][safepoint     ] Leaving safepoint region
[2023-11-16T05:55:34.411+0000][1274.854s][info ][safepoint     ] Total time for which application threads were stopped: 0.0002952 seconds, Stopping threads took: 0.0000610 seconds
[2023-11-16T05:55:35.411+0000][1275.855s][debug][safepoint     ] Safepoint synchronization initiated. (181 threads)
[2023-11-16T05:55:35.411+0000][1275.855s][info ][safepoint     ] Application time: 1.0001690 seconds
[2023-11-16T05:55:35.411+0000][1275.855s][info ][safepoint     ] Entering safepoint region: Cleanup
[2023-11-16T05:55:35.412+0000][1275.855s][info ][safepoint     ] Leaving safepoint region
[2023-11-16T05:55:35.412+0000][1275.855s][info ][safepoint     ] Total time for which application threads were stopped: 0.0002894 seconds, Stopping threads took: 0.0000517 seconds
[2023-11-16T05:55:36.412+0000][1276.855s][debug][safepoint     ] Safepoint synchronization initiated. (181 threads)
[2023-11-16T05:55:36.412+0000][1276.855s][info ][safepoint     ] Application time: 1.0001717 seconds
[2023-11-16T05:55:36.412+0000][1276.855s][info ][safepoint     ] Entering safepoint region: Cleanup
[2023-11-16T05:55:36.412+0000][1276.855s][info ][safepoint     ] Leaving safepoint region
[2023-11-16T05:55:36.412+0000][1276.855s][info ][safepoint     ] Total time for which application threads were stopped: 0.0002573 seconds, Stopping threads took: 0.0000529 seconds
[2023-11-16T05:55:37.412+0000][1277.856s][debug][safepoint     ] Safepoint synchronization initiated. (181 threads)
[2023-11-16T05:55:37.412+0000][1277.856s][info ][safepoint     ] Application time: 1.0001643 seconds
[2023-11-16T05:55:37.412+0000][1277.856s][info ][safepoint     ] Entering safepoint region: Cleanup
[2023-11-16T05:55:37.413+0000][1277.856s][info ][safepoint     ] Leaving safepoint region
[2023-11-16T05:55:37.413+0000][1277.856s][info ][safepoint     ] Total time for which application threads were stopped: 0.0003064 seconds, Stopping threads took: 0.0000516 seconds
[2023-11-16T05:55:38.413+0000][1278.856s][debug][safepoint     ] Safepoint synchronization initiated. (181 threads)
[2023-11-16T05:55:38.413+0000][1278.856s][info ][safepoint     ] Application time: 1.0001816 seconds
[2023-11-16T05:55:38.413+0000][1278.856s][info ][safepoint     ] Entering safepoint region: Cleanup
[2023-11-16T05:55:38.413+0000][1278.856s][info ][safepoint     ] Leaving safepoint region
[2023-11-16T05:55:38.413+0000][1278.856s][info ][safepoint     ] Total time for which application threads were stopped: 0.0003351 seconds, Stopping threads took: 0.0000515 seconds
[2023-11-16T05:55:39.413+0000][1279.857s][debug][safepoint     ] Safepoint synchronization initiated. (181 threads)
[2023-11-16T05:55:39.413+0000][1279.857s][info ][safepoint     ] Application time: 1.0001575 seconds
[2023-11-16T05:55:39.413+0000][1279.857s][info ][safepoint     ] Entering safepoint region: Cleanup
[2023-11-16T05:55:39.414+0000][1279.857s][info ][safepoint     ] Leaving safepoint region
[2023-11-16T05:55:39.414+0000][1279.857s][info ][safepoint     ] Total time for which application threads were stopped: 0.0005057 seconds, Stopping threads took: 0.0001685 seconds
[2023-11-16T05:55:40.414+0000][1280.857s][debug][safepoint     ] Safepoint synchronization initiated. (181 threads)
[2023-11-16T05:55:40.414+0000][1280.857s][info ][safepoint     ] Application time: 1.0001704 seconds
[2023-11-16T05:55:40.414+0000][1280.857s][info ][safepoint     ] Entering safepoint region: Cleanup
[2023-11-16T05:55:40.414+0000][1280.858s][info ][safepoint     ] Leaving safepoint region
[2023-11-16T05:55:40.414+0000][1280.858s][info ][safepoint     ] Total time for which application threads were stopped: 0.0003423 seconds, Stopping threads took: 0.0000525 seconds
[2023-11-16T05:55:41.415+0000][1281.858s][debug][safepoint     ] Safepoint synchronization initiated. (181 threads)
[2023-11-16T05:55:41.415+0000][1281.858s][info ][safepoint     ] Application time: 1.0001704 seconds
[2023-11-16T05:55:41.415+0000][1281.858s][info ][safepoint     ] Entering safepoint region: Cleanup
[2023-11-16T05:55:41.415+0000][1281.858s][info ][safepoint     ] Leaving safepoint region
[2023-11-16T05:55:41.415+0000][1281.858s][info ][safepoint     ] Total time for which application threads were stopped: 0.0002487 seconds, Stopping threads took: 0.0000532 seconds
[2023-11-16T05:55:42.415+0000][1282.858s][debug][safepoint     ] Safepoint synchronization initiated. (181 threads)
[2023-11-16T05:55:42.415+0000][1282.858s][info ][safepoint     ] Application time: 1.0001666 seconds
[2023-11-16T05:55:42.415+0000][1282.858s][info ][safepoint     ] Entering safepoint region: Cleanup
[2023-11-16T05:55:42.415+0000][1282.859s][info ][safepoint     ] Leaving safepoint region
[2023-11-16T05:55:42.415+0000][1282.859s][info ][safepoint     ] Total time for which application threads were stopped: 0.0002553 seconds, Stopping threads took: 0.0000517 seconds
[2023-11-16T05:55:43.415+0000][1283.859s][debug][safepoint     ] Safepoint synchronization initiated. (181 threads)
[2023-11-16T05:55:43.416+0000][1283.859s][info ][safepoint     ] Application time: 1.0002116 seconds
[2023-11-16T05:55:43.416+0000][1283.859s][info ][safepoint     ] Entering safepoint region: Cleanup
[2023-11-16T05:55:43.416+0000][1283.859s][info ][safepoint     ] Leaving safepoint region
[2023-11-16T05:55:43.416+0000][1283.859s][info ][safepoint     ] Total time for which application threads were stopped: 0.0003125 seconds, Stopping threads took: 0.0000519 seconds
[2023-11-16T05:55:44.416+0000][1284.859s][debug][safepoint     ] Safepoint synchronization initiated. (181 threads)
[2023-11-16T05:55:44.416+0000][1284.859s][info ][safepoint     ] Application time: 1.0001651 seconds
[2023-11-16T05:55:44.416+0000][1284.859s][info ][safepoint     ] Entering safepoint region: Cleanup
[2023-11-16T05:55:44.417+0000][1284.860s][info ][safepoint     ] Leaving safepoint region
[2023-11-16T05:55:44.417+0000][1284.860s][info ][safepoint     ] Total time for which application threads were stopped: 0.0005097 seconds, Stopping threads took: 0.0002921 seconds
[2023-11-16T05:55:45.417+0000][1285.860s][debug][safepoint     ] Safepoint synchronization initiated. (181 threads)
[2023-11-16T05:55:45.417+0000][1285.860s][info ][safepoint     ] Application time: 1.0001820 seconds
[2023-11-16T05:55:45.417+0000][1285.860s][info ][safepoint     ] Entering safepoint region: Cleanup
[2023-11-16T05:55:45.417+0000][1285.860s][info ][safepoint     ] Leaving safepoint region
[2023-11-16T05:55:45.417+0000][1285.860s][info ][safepoint     ] Total time for which application threads were stopped: 0.0003406 seconds, Stopping threads took: 0.0000515 seconds
[2023-11-16T05:55:46.417+0000][1286.861s][debug][safepoint     ] Safepoint synchronization initiated. (181 threads)
[2023-11-16T05:55:46.417+0000][1286.861s][info ][safepoint     ] Application time: 1.0001586 seconds
[2023-11-16T05:55:46.417+0000][1286.861s][info ][safepoint     ] Entering safepoint region: Cleanup
[2023-11-16T05:55:46.418+0000][1286.861s][info ][safepoint     ] Leaving safepoint region
[2023-11-16T05:55:46.418+0000][1286.861s][info ][safepoint     ] Total time for which application threads were stopped: 0.0003831 seconds, Stopping threads took: 0.0000516 seconds
[2023-11-16T05:55:47.418+0000][1287.861s][debug][safepoint     ] Safepoint synchronization initiated. (181 threads)
[2023-11-16T05:55:47.418+0000][1287.861s][info ][safepoint     ] Application time: 1.0001436 seconds
[2023-11-16T05:55:47.418+0000][1287.861s][info ][safepoint     ] Entering safepoint region: Cleanup
[2023-11-16T05:55:47.418+0000][1287.862s][info ][safepoint     ] Leaving safepoint region
[2023-11-16T05:55:47.418+0000][1287.862s][info ][safepoint     ] Total time for which application threads were stopped: 0.0003422 seconds, Stopping threads took: 0.0000510 seconds
[2023-11-16T05:55:48.418+0000][1288.862s][debug][safepoint     ] Safepoint synchronization initiated. (181 threads)
[2023-11-16T05:55:48.418+0000][1288.862s][info ][safepoint     ] Application time: 1.0001573 seconds
[2023-11-16T05:55:48.418+0000][1288.862s][info ][safepoint     ] Entering safepoint region: Cleanup
[2023-11-16T05:55:48.419+0000][1288.862s][info ][safepoint     ] Leaving safepoint region
[2023-11-16T05:55:48.419+0000][1288.862s][info ][safepoint     ] Total time for which application threads were stopped: 0.0003287 seconds, Stopping threads took: 0.0000502 seconds
[2023-11-16T05:55:49.419+0000][1289.862s][debug][safepoint     ] Safepoint synchronization initiated. (181 threads)
[2023-11-16T05:55:49.419+0000][1289.862s][info ][safepoint     ] Application time: 1.0001583 seconds
[2023-11-16T05:55:49.419+0000][1289.862s][info ][safepoint     ] Entering safepoint region: Cleanup
[2023-11-16T05:55:49.419+0000][1289.863s][info ][safepoint     ] Leaving safepoint region
[2023-11-16T05:55:49.419+0000][1289.863s][info ][safepoint     ] Total time for which application threads were stopped: 0.0004105 seconds, Stopping threads took: 0.0001619 seconds
[2023-11-16T05:55:50.420+0000][1290.863s][debug][safepoint     ] Safepoint synchronization initiated. (181 threads)
[2023-11-16T05:55:50.420+0000][1290.863s][info ][safepoint     ] Application time: 1.0002118 seconds
[2023-11-16T05:55:50.420+0000][1290.863s][info ][safepoint     ] Entering safepoint region: Cleanup
[2023-11-16T05:55:50.420+0000][1290.863s][info ][safepoint     ] Leaving safepoint region
[2023-11-16T05:55:50.420+0000][1290.863s][info ][safepoint     ] Total time for which application threads were stopped: 0.0003370 seconds, Stopping threads took: 0.0000525 seconds
[2023-11-16T05:55:51.420+0000][1291.863s][debug][safepoint     ] Safepoint synchronization initiated. (181 threads)
[2023-11-16T05:55:51.420+0000][1291.863s][info ][safepoint     ] Application time: 1.0001557 seconds
[2023-11-16T05:55:51.420+0000][1291.863s][info ][safepoint     ] Entering safepoint region: Cleanup
[2023-11-16T05:55:51.420+0000][1291.864s][info ][safepoint     ] Leaving safepoint region
[2023-11-16T05:55:51.420+0000][1291.864s][info ][safepoint     ] Total time for which application threads were stopped: 0.0003415 seconds, Stopping threads took: 0.0000536 seconds
[2023-11-16T05:55:52.421+0000][1292.864s][debug][safepoint     ] Safepoint synchronization initiated. (181 threads)
[2023-11-16T05:55:52.421+0000][1292.864s][info ][safepoint     ] Application time: 1.0001715 seconds
[2023-11-16T05:55:52.421+0000][1292.864s][info ][safepoint     ] Entering safepoint region: Cleanup
[2023-11-16T05:55:52.421+0000][1292.864s][info ][safepoint     ] Leaving safepoint region
[2023-11-16T05:55:52.421+0000][1292.864s][info ][safepoint     ] Total time for which application threads were stopped: 0.0003406 seconds, Stopping threads took: 0.0000510 seconds
[2023-11-16T05:55:53.421+0000][1293.864s][debug][safepoint     ] Safepoint synchronization initiated. (181 threads)
[2023-11-16T05:55:53.421+0000][1293.865s][info ][safepoint     ] Application time: 1.0001732 seconds
[2023-11-16T05:55:53.421+0000][1293.865s][info ][safepoint     ] Entering safepoint region: Cleanup
[2023-11-16T05:55:53.422+0000][1293.865s][info ][safepoint     ] Leaving safepoint region
[2023-11-16T05:55:53.422+0000][1293.865s][info ][safepoint     ] Total time for which application threads were stopped: 0.0003430 seconds, Stopping threads took: 0.0000520 seconds
[2023-11-16T05:55:54.422+0000][1294.865s][debug][safepoint     ] Safepoint synchronization initiated. (181 threads)
[2023-11-16T05:55:54.422+0000][1294.865s][info ][safepoint     ] Application time: 1.0001748 seconds
[2023-11-16T05:55:54.422+0000][1294.865s][info ][safepoint     ] Entering safepoint region: Cleanup
[2023-11-16T05:55:54.422+0000][1294.866s][info ][safepoint     ] Leaving safepoint region
[2023-11-16T05:55:54.422+0000][1294.866s][info ][safepoint     ] Total time for which application threads were stopped: 0.0006302 seconds, Stopping threads took: 0.0002880 seconds
[2023-11-16T05:55:55.423+0000][1295.866s][debug][safepoint     ] Safepoint synchronization initiated. (181 threads)
[2023-11-16T05:55:55.423+0000][1295.866s][info ][safepoint     ] Application time: 1.0001713 seconds
[2023-11-16T05:55:55.423+0000][1295.866s][info ][safepoint     ] Entering safepoint region: Cleanup
[2023-11-16T05:55:55.423+0000][1295.866s][info ][safepoint     ] Leaving safepoint region
[2023-11-16T05:55:55.423+0000][1295.866s][info ][safepoint     ] Total time for which application threads were stopped: 0.0003450 seconds, Stopping threads took: 0.0000523 seconds
[2023-11-16T05:55:56.423+0000][1296.866s][debug][safepoint     ] Safepoint synchronization initiated. (181 threads)
[2023-11-16T05:55:56.423+0000][1296.867s][info ][safepoint     ] Application time: 1.0001556 seconds
[2023-11-16T05:55:56.423+0000][1296.867s][info ][safepoint     ] Entering safepoint region: Cleanup
[2023-11-16T05:55:56.424+0000][1296.867s][info ][safepoint     ] Leaving safepoint region
[2023-11-16T05:55:56.424+0000][1296.867s][info ][safepoint     ] Total time for which application threads were stopped: 0.0003298 seconds, Stopping threads took: 0.0000514 seconds
[2023-11-16T05:55:57.424+0000][1297.867s][debug][safepoint     ] Safepoint synchronization initiated. (181 threads)
[2023-11-16T05:55:57.424+0000][1297.867s][info ][safepoint     ] Application time: 1.0001673 seconds
[2023-11-16T05:55:57.424+0000][1297.867s][info ][safepoint     ] Entering safepoint region: Cleanup
[2023-11-16T05:55:57.424+0000][1297.867s][info ][safepoint     ] Leaving safepoint region
[2023-11-16T05:55:57.424+0000][1297.867s][info ][safepoint     ] Total time for which application threads were stopped: 0.0002549 seconds, Stopping threads took: 0.0000523 seconds
[2023-11-16T05:55:58.424+0000][1298.867s][debug][safepoint     ] Safepoint synchronization initiated. (181 threads)
[2023-11-16T05:55:58.424+0000][1298.868s][info ][safepoint     ] Application time: 1.0001621 seconds
[2023-11-16T05:55:58.424+0000][1298.868s][info ][safepoint     ] Entering safepoint region: Cleanup
[2023-11-16T05:55:58.425+0000][1298.868s][info ][safepoint     ] Leaving safepoint region
[2023-11-16T05:55:58.425+0000][1298.868s][info ][safepoint     ] Total time for which application threads were stopped: 0.0003395 seconds, Stopping threads took: 0.0000513 seconds
[2023-11-16T05:55:59.425+0000][1299.868s][debug][safepoint     ] Safepoint synchronization initiated. (182 threads)
[2023-11-16T05:55:59.425+0000][1299.868s][info ][safepoint     ] Application time: 1.0001751 seconds
[2023-11-16T05:55:59.425+0000][1299.868s][info ][safepoint     ] Entering safepoint region: Cleanup
[2023-11-16T05:55:59.425+0000][1299.869s][info ][safepoint     ] Leaving safepoint region
[2023-11-16T05:55:59.425+0000][1299.869s][info ][safepoint     ] Total time for which application threads were stopped: 0.0005159 seconds, Stopping threads took: 0.0001743 seconds
[2023-11-16T05:56:00.425+0000][1300.869s][debug][safepoint     ] Safepoint synchronization initiated. (182 threads)
[2023-11-16T05:56:00.425+0000][1300.869s][info ][safepoint     ] Application time: 1.0001573 seconds
[2023-11-16T05:56:00.426+0000][1300.869s][info ][safepoint     ] Entering safepoint region: Cleanup
[2023-11-16T05:56:00.426+0000][1300.869s][info ][safepoint     ] Leaving safepoint region
[2023-11-16T05:56:00.426+0000][1300.869s][info ][safepoint     ] Total time for which application threads were stopped: 0.0003471 seconds, Stopping threads took: 0.0000516 seconds
[2023-11-16T05:56:01.426+0000][1301.869s][debug][safepoint     ] Safepoint synchronization initiated. (182 threads)
[2023-11-16T05:56:01.426+0000][1301.869s][info ][safepoint     ] Application time: 1.0001695 seconds
[2023-11-16T05:56:01.426+0000][1301.869s][info ][safepoint     ] Entering safepoint region: Cleanup
[2023-11-16T05:56:01.426+0000][1301.870s][info ][safepoint     ] Leaving safepoint region
[2023-11-16T05:56:01.426+0000][1301.870s][info ][safepoint     ] Total time for which application threads were stopped: 0.0003435 seconds, Stopping threads took: 0.0000523 seconds
[2023-11-16T05:56:02.426+0000][1302.870s][debug][safepoint     ] Safepoint synchronization initiated. (182 threads)
[2023-11-16T05:56:02.427+0000][1302.870s][info ][safepoint     ] Application time: 1.0001453 seconds
[2023-11-16T05:56:02.427+0000][1302.870s][info ][safepoint     ] Entering safepoint region: Cleanup
[2023-11-16T05:56:02.427+0000][1302.870s][info ][safepoint     ] Leaving safepoint region
[2023-11-16T05:56:02.427+0000][1302.870s][info ][safepoint     ] Total time for which application threads were stopped: 0.0003473 seconds, Stopping threads took: 0.0000495 seconds
[2023-11-16T05:56:03.427+0000][1303.870s][debug][safepoint     ] Safepoint synchronization initiated. (182 threads)
[2023-11-16T05:56:03.427+0000][1303.870s][info ][safepoint     ] Application time: 1.0001533 seconds
[2023-11-16T05:56:03.427+0000][1303.870s][info ][safepoint     ] Entering safepoint region: Cleanup
[2023-11-16T05:56:03.427+0000][1303.871s][info ][safepoint     ] Leaving safepoint region
[2023-11-16T05:56:03.427+0000][1303.871s][info ][safepoint     ] Total time for which application threads were stopped: 0.0003521 seconds, Stopping threads took: 0.0000513 seconds
[2023-11-16T05:56:04.428+0000][1304.871s][debug][safepoint     ] Safepoint synchronization initiated. (182 threads)
[2023-11-16T05:56:04.428+0000][1304.871s][info ][safepoint     ] Application time: 1.0001996 seconds
[2023-11-16T05:56:04.428+0000][1304.871s][debug][safepoint     ] ... found polling page return exception at pc = 0x00007fde8433769d, stub =0x00007fde7c83a800
[2023-11-16T05:56:04.428+0000][1304.871s][debug][safepoint     ] Waiting for 1 thread(s) to block
[2023-11-16T05:56:04.428+0000][1304.871s][info ][safepoint     ] Entering safepoint region: Cleanup
[2023-11-16T05:56:04.428+0000][1304.871s][info ][safepoint     ] Leaving safepoint region
[2023-11-16T05:56:04.428+0000][1304.871s][info ][safepoint     ] Total time for which application threads were stopped: 0.0004616 seconds, Stopping threads took: 0.0001751 seconds
[2023-11-16T05:56:05.428+0000][1305.872s][debug][safepoint     ] Safepoint synchronization initiated. (182 threads)
[2023-11-16T05:56:05.428+0000][1305.872s][info ][safepoint     ] Application time: 1.0001567 seconds
[2023-11-16T05:56:05.428+0000][1305.872s][info ][safepoint     ] Entering safepoint region: Cleanup
[2023-11-16T05:56:05.429+0000][1305.872s][info ][safepoint     ] Leaving safepoint region
[2023-11-16T05:56:05.429+0000][1305.872s][info ][safepoint     ] Total time for which application threads were stopped: 0.0003386 seconds, Stopping threads took: 0.0000519 seconds
[2023-11-16T05:56:06.429+0000][1306.872s][debug][safepoint     ] Safepoint synchronization initiated. (182 threads)
[2023-11-16T05:56:06.429+0000][1306.872s][info ][safepoint     ] Application time: 1.0001663 seconds
[2023-11-16T05:56:06.429+0000][1306.872s][info ][safepoint     ] Entering safepoint region: Cleanup
[2023-11-16T05:56:06.429+0000][1306.873s][info ][safepoint     ] Leaving safepoint region
[2023-11-16T05:56:06.429+0000][1306.873s][info ][safepoint     ] Total time for which application threads were stopped: 0.0003459 seconds, Stopping threads took: 0.0000521 seconds
[2023-11-16T05:56:07.429+0000][1307.873s][debug][safepoint     ] Safepoint synchronization initiated. (182 threads)
[2023-11-16T05:56:07.429+0000][1307.873s][info ][safepoint     ] Application time: 1.0001651 seconds
[2023-11-16T05:56:07.429+0000][1307.873s][info ][safepoint     ] Entering safepoint region: Cleanup
[2023-11-16T05:56:07.430+0000][1307.873s][info ][safepoint     ] Leaving safepoint region
[2023-11-16T05:56:07.430+0000][1307.873s][info ][safepoint     ] Total time for which application threads were stopped: 0.0002584 seconds, Stopping threads took: 0.0000527 seconds
[2023-11-16T05:56:08.430+0000][1308.873s][debug][safepoint     ] Safepoint synchronization initiated. (182 threads)
[2023-11-16T05:56:08.430+0000][1308.873s][info ][safepoint     ] Application time: 1.0001672 seconds
[2023-11-16T05:56:08.430+0000][1308.873s][info ][safepoint     ] Entering safepoint region: Cleanup
[2023-11-16T05:56:08.430+0000][1308.874s][info ][safepoint     ] Leaving safepoint region
[2023-11-16T05:56:08.430+0000][1308.874s][info ][safepoint     ] Total time for which application threads were stopped: 0.0003443 seconds, Stopping threads took: 0.0000510 seconds
[2023-11-16T05:56:09.430+0000][1309.874s][debug][safepoint     ] Safepoint synchronization initiated. (182 threads)
[2023-11-16T05:56:09.430+0000][1309.874s][info ][safepoint     ] Application time: 1.0001571 seconds
[2023-11-16T05:56:09.430+0000][1309.874s][info ][safepoint     ] Entering safepoint region: Cleanup
[2023-11-16T05:56:09.431+0000][1309.874s][info ][safepoint     ] Leaving safepoint region
[2023-11-16T05:56:09.431+0000][1309.874s][info ][safepoint     ] Total time for which application threads were stopped: 0.0003385 seconds, Stopping threads took: 0.0000515 seconds
[2023-11-16T05:56:10.431+0000][1310.874s][debug][safepoint     ] Safepoint synchronization initiated. (182 threads)
[2023-11-16T05:56:10.431+0000][1310.874s][info ][safepoint     ] Application time: 1.0001458 seconds
[2023-11-16T05:56:10.431+0000][1310.874s][info ][safepoint     ] Entering safepoint region: Cleanup
[2023-11-16T05:56:10.431+0000][1310.875s][info ][safepoint     ] Leaving safepoint region
[2023-11-16T05:56:10.431+0000][1310.875s][info ][safepoint     ] Total time for which application threads were stopped: 0.0003640 seconds, Stopping threads took: 0.0000523 seconds
[2023-11-16T05:56:11.431+0000][1311.875s][debug][safepoint     ] Safepoint synchronization initiated. (182 threads)
[2023-11-16T05:56:11.432+0000][1311.875s][info ][safepoint     ] Application time: 1.0001756 seconds
[2023-11-16T05:56:11.432+0000][1311.875s][info ][safepoint     ] Entering safepoint region: Cleanup
[2023-11-16T05:56:11.432+0000][1311.875s][info ][safepoint     ] Leaving safepoint region
[2023-11-16T05:56:11.432+0000][1311.875s][info ][safepoint     ] Total time for which application threads were stopped: 0.0003394 seconds, Stopping threads took: 0.0000530 seconds
[2023-11-16T05:56:12.432+0000][1312.875s][debug][safepoint     ] Safepoint synchronization initiated. (182 threads)
[2023-11-16T05:56:12.432+0000][1312.875s][info ][safepoint     ] Application time: 1.0001552 seconds
[2023-11-16T05:56:12.432+0000][1312.875s][info ][safepoint     ] Entering safepoint region: Cleanup
[2023-11-16T05:56:12.432+0000][1312.876s][info ][safepoint     ] Leaving safepoint region
[2023-11-16T05:56:12.432+0000][1312.876s][info ][safepoint     ] Total time for which application threads were stopped: 0.0003366 seconds, Stopping threads took: 0.0000510 seconds
[2023-11-16T05:56:13.433+0000][1313.876s][debug][safepoint     ] Safepoint synchronization initiated. (182 threads)
[2023-11-16T05:56:13.433+0000][1313.876s][info ][safepoint     ] Application time: 1.0001566 seconds
[2023-11-16T05:56:13.433+0000][1313.876s][info ][safepoint     ] Entering safepoint region: Cleanup
[2023-11-16T05:56:13.433+0000][1313.876s][info ][safepoint     ] Leaving safepoint region
[2023-11-16T05:56:13.433+0000][1313.876s][info ][safepoint     ] Total time for which application threads were stopped: 0.0003960 seconds, Stopping threads took: 0.0000533 seconds
[2023-11-16T05:56:14.433+0000][1314.876s][debug][safepoint     ] Safepoint synchronization initiated. (182 threads)
[2023-11-16T05:56:14.433+0000][1314.876s][info ][safepoint     ] Application time: 1.0001596 seconds
[2023-11-16T05:56:14.433+0000][1314.877s][info ][safepoint     ] Entering safepoint region: Cleanup
[2023-11-16T05:56:14.434+0000][1314.877s][info ][safepoint     ] Leaving safepoint region
[2023-11-16T05:56:14.434+0000][1314.877s][info ][safepoint     ] Total time for which application threads were stopped: 0.0005109 seconds, Stopping threads took: 0.0002829 seconds
[2023-11-16T05:56:15.434+0000][1315.877s][debug][safepoint     ] Safepoint synchronization initiated. (182 threads)
[2023-11-16T05:56:15.434+0000][1315.877s][info ][safepoint     ] Application time: 1.0001452 seconds
[2023-11-16T05:56:15.434+0000][1315.877s][info ][safepoint     ] Entering safepoint region: Cleanup
[2023-11-16T05:56:15.434+0000][1315.877s][info ][safepoint     ] Leaving safepoint region
[2023-11-16T05:56:15.434+0000][1315.877s][info ][safepoint     ] Total time for which application threads were stopped: 0.0002710 seconds, Stopping threads took: 0.0000522 seconds
[2023-11-16T05:56:16.434+0000][1316.878s][debug][safepoint     ] Safepoint synchronization initiated. (182 threads)
[2023-11-16T05:56:16.434+0000][1316.878s][info ][safepoint     ] Application time: 1.0001568 seconds
[2023-11-16T05:56:16.434+0000][1316.878s][info ][safepoint     ] Entering safepoint region: Cleanup
[2023-11-16T05:56:16.435+0000][1316.878s][info ][safepoint     ] Leaving safepoint region
[2023-11-16T05:56:16.435+0000][1316.878s][info ][safepoint     ] Total time for which application threads were stopped: 0.0002726 seconds, Stopping threads took: 0.0000532 seconds
[2023-11-16T05:56:17.435+0000][1317.878s][debug][safepoint     ] Safepoint synchronization initiated. (182 threads)
[2023-11-16T05:56:17.435+0000][1317.878s][info ][safepoint     ] Application time: 1.0001522 seconds
[2023-11-16T05:56:17.435+0000][1317.878s][info ][safepoint     ] Entering safepoint region: Cleanup
[2023-11-16T05:56:17.435+0000][1317.878s][info ][safepoint     ] Leaving safepoint region
[2023-11-16T05:56:17.435+0000][1317.878s][info ][safepoint     ] Total time for which application threads were stopped: 0.0003134 seconds, Stopping threads took: 0.0000530 seconds
[2023-11-16T05:56:18.435+0000][1318.879s][debug][safepoint     ] Safepoint synchronization initiated. (182 threads)
[2023-11-16T05:56:18.435+0000][1318.879s][info ][safepoint     ] Application time: 1.0001441 seconds
[2023-11-16T05:56:18.435+0000][1318.879s][info ][safepoint     ] Entering safepoint region: Cleanup
[2023-11-16T05:56:18.436+0000][1318.879s][info ][safepoint     ] Leaving safepoint region
[2023-11-16T05:56:18.436+0000][1318.879s][info ][safepoint     ] Total time for which application threads were stopped: 0.0003307 seconds, Stopping threads took: 0.0000522 seconds
[2023-11-16T05:56:19.436+0000][1319.879s][debug][safepoint     ] Safepoint synchronization initiated. (182 threads)
[2023-11-16T05:56:19.436+0000][1319.879s][info ][safepoint     ] Application time: 1.0001444 seconds
[2023-11-16T05:56:19.436+0000][1319.879s][info ][safepoint     ] Entering safepoint region: Cleanup
[2023-11-16T05:56:19.436+0000][1319.879s][info ][safepoint     ] Leaving safepoint region
[2023-11-16T05:56:19.436+0000][1319.879s][info ][safepoint     ] Total time for which application threads were stopped: 0.0003616 seconds, Stopping threads took: 0.0001497 seconds
[2023-11-16T05:56:20.436+0000][1320.880s][debug][safepoint     ] Safepoint synchronization initiated. (182 threads)
[2023-11-16T05:56:20.436+0000][1320.880s][info ][safepoint     ] Application time: 1.0001419 seconds
[2023-11-16T05:56:20.436+0000][1320.880s][info ][safepoint     ] Entering safepoint region: Cleanup
[2023-11-16T05:56:20.437+0000][1320.880s][info ][safepoint     ] Leaving safepoint region
[2023-11-16T05:56:20.437+0000][1320.880s][info ][safepoint     ] Total time for which application threads were stopped: 0.0002650 seconds, Stopping threads took: 0.0000502 seconds
[2023-11-16T05:56:21.437+0000][1321.880s][debug][safepoint     ] Safepoint synchronization initiated. (182 threads)
[2023-11-16T05:56:21.437+0000][1321.880s][info ][safepoint     ] Application time: 1.0001535 seconds
[2023-11-16T05:56:21.437+0000][1321.880s][info ][safepoint     ] Entering safepoint region: Cleanup
[2023-11-16T05:56:21.437+0000][1321.880s][info ][safepoint     ] Leaving safepoint region
[2023-11-16T05:56:21.437+0000][1321.880s][info ][safepoint     ] Total time for which application threads were stopped: 0.0002676 seconds, Stopping threads took: 0.0000528 seconds
[2023-11-16T05:56:22.437+0000][1322.880s][debug][safepoint     ] Safepoint synchronization initiated. (182 threads)
[2023-11-16T05:56:22.437+0000][1322.881s][info ][safepoint     ] Application time: 1.0001570 seconds
[2023-11-16T05:56:22.437+0000][1322.881s][info ][safepoint     ] Entering safepoint region: Cleanup
[2023-11-16T05:56:22.437+0000][1322.881s][info ][safepoint     ] Leaving safepoint region
[2023-11-16T05:56:22.438+0000][1322.881s][info ][safepoint     ] Total time for which application threads were stopped: 0.0002765 seconds, Stopping threads took: 0.0000553 seconds
[2023-11-16T05:56:23.438+0000][1323.881s][debug][safepoint     ] Safepoint synchronization initiated. (182 threads)
[2023-11-16T05:56:23.438+0000][1323.881s][info ][safepoint     ] Application time: 1.0001690 seconds
[2023-11-16T05:56:23.438+0000][1323.881s][info ][safepoint     ] Entering safepoint region: Cleanup
[2023-11-16T05:56:23.438+0000][1323.881s][info ][safepoint     ] Leaving safepoint region
[2023-11-16T05:56:23.438+0000][1323.881s][info ][safepoint     ] Total time for which application threads were stopped: 0.0003110 seconds, Stopping threads took: 0.0000527 seconds
[2023-11-16T05:56:23.438+0000][1323.881s][debug][safepoint     ] ... found polling page return exception at pc = 0x00007fde849bede6, stub =0x00007fde7c83a800
[2023-11-16T05:56:23.438+0000][1323.881s][debug][safepoint     ] ... found polling page return exception at pc = 0x00007fde849bede6, stub =0x00007fde7c83a800
[2023-11-16T05:56:24.438+0000][1324.881s][debug][safepoint     ] Safepoint synchronization initiated. (182 threads)
[2023-11-16T05:56:24.438+0000][1324.882s][info ][safepoint     ] Application time: 1.0001925 seconds
[2023-11-16T05:56:24.439+0000][1324.882s][info ][safepoint     ] Entering safepoint region: Cleanup
[2023-11-16T05:56:24.439+0000][1324.882s][info ][safepoint     ] Leaving safepoint region
[2023-11-16T05:56:24.439+0000][1324.882s][info ][safepoint     ] Total time for which application threads were stopped: 0.0003210 seconds, Stopping threads took: 0.0000575 seconds
[2023-11-16T05:56:25.439+0000][1325.882s][debug][safepoint     ] Safepoint synchronization initiated. (182 threads)
[2023-11-16T05:56:25.439+0000][1325.882s][info ][safepoint     ] Application time: 1.0001606 seconds
[2023-11-16T05:56:25.439+0000][1325.882s][info ][safepoint     ] Entering safepoint region: Cleanup
[2023-11-16T05:56:25.439+0000][1325.883s][info ][safepoint     ] Leaving safepoint region
[2023-11-16T05:56:25.439+0000][1325.883s][info ][safepoint     ] Total time for which application threads were stopped: 0.0002812 seconds, Stopping threads took: 0.0000519 seconds
[2023-11-16T05:56:26.439+0000][1326.883s][debug][safepoint     ] Safepoint synchronization initiated. (182 threads)
[2023-11-16T05:56:26.439+0000][1326.883s][info ][safepoint     ] Application time: 1.0001740 seconds
[2023-11-16T05:56:26.440+0000][1326.883s][info ][safepoint     ] Entering safepoint region: Cleanup
[2023-11-16T05:56:26.440+0000][1326.883s][info ][safepoint     ] Leaving safepoint region
[2023-11-16T05:56:26.440+0000][1326.883s][info ][safepoint     ] Total time for which application threads were stopped: 0.0002687 seconds, Stopping threads took: 0.0000518 seconds
[2023-11-16T05:56:27.440+0000][1327.883s][debug][safepoint     ] Safepoint synchronization initiated. (182 threads)
[2023-11-16T05:56:27.440+0000][1327.883s][info ][safepoint     ] Application time: 1.0001536 seconds
[2023-11-16T05:56:27.440+0000][1327.883s][info ][safepoint     ] Entering safepoint region: Cleanup
[2023-11-16T05:56:27.440+0000][1327.884s][info ][safepoint     ] Leaving safepoint region
[2023-11-16T05:56:27.440+0000][1327.884s][info ][safepoint     ] Total time for which application threads were stopped: 0.0002884 seconds, Stopping threads took: 0.0000528 seconds
[2023-11-16T05:56:28.440+0000][1328.884s][debug][safepoint     ] Safepoint synchronization initiated. (182 threads)
[2023-11-16T05:56:28.440+0000][1328.884s][info ][safepoint     ] Application time: 1.0001566 seconds
[2023-11-16T05:56:28.440+0000][1328.884s][info ][safepoint     ] Entering safepoint region: Cleanup
[2023-11-16T05:56:28.441+0000][1328.884s][info ][safepoint     ] Leaving safepoint region
[2023-11-16T05:56:28.441+0000][1328.884s][info ][safepoint     ] Total time for which application threads were stopped: 0.0003984 seconds, Stopping threads took: 0.0000526 seconds
[2023-11-16T05:56:29.441+0000][1329.884s][debug][safepoint     ] Safepoint synchronization initiated. (181 threads)
[2023-11-16T05:56:29.441+0000][1329.884s][info ][safepoint     ] Application time: 1.0001558 seconds
[2023-11-16T05:56:29.441+0000][1329.884s][info ][safepoint     ] Entering safepoint region: Cleanup
[2023-11-16T05:56:29.441+0000][1329.885s][info ][safepoint     ] Leaving safepoint region
[2023-11-16T05:56:29.442+0000][1329.885s][info ][safepoint     ] Total time for which application threads were stopped: 0.0004845 seconds, Stopping threads took: 0.0002508 seconds
[2023-11-16T05:56:30.442+0000][1330.885s][debug][safepoint     ] Safepoint synchronization initiated. (181 threads)
[2023-11-16T05:56:30.442+0000][1330.885s][info ][safepoint     ] Application time: 1.0001621 seconds
[2023-11-16T05:56:30.442+0000][1330.885s][info ][safepoint     ] Entering safepoint region: Cleanup
[2023-11-16T05:56:30.442+0000][1330.885s][info ][safepoint     ] Leaving safepoint region
[2023-11-16T05:56:30.442+0000][1330.885s][info ][safepoint     ] Total time for which application threads were stopped: 0.0003249 seconds, Stopping threads took: 0.0000528 seconds
[2023-11-16T05:56:31.442+0000][1331.885s][debug][safepoint     ] Safepoint synchronization initiated. (181 threads)
[2023-11-16T05:56:31.442+0000][1331.886s][info ][safepoint     ] Application time: 1.0001966 seconds
[2023-11-16T05:56:31.442+0000][1331.886s][info ][safepoint     ] Entering safepoint region: Cleanup
[2023-11-16T05:56:31.443+0000][1331.886s][info ][safepoint     ] Leaving safepoint region
[2023-11-16T05:56:31.443+0000][1331.886s][info ][safepoint     ] Total time for which application threads were stopped: 0.0003446 seconds, Stopping threads took: 0.0000531 seconds
[2023-11-16T05:56:32.443+0000][1332.886s][debug][safepoint     ] Safepoint synchronization initiated. (181 threads)
[2023-11-16T05:56:32.443+0000][1332.886s][info ][safepoint     ] Application time: 1.0001594 seconds
[2023-11-16T05:56:32.443+0000][1332.886s][info ][safepoint     ] Entering safepoint region: Cleanup
[2023-11-16T05:56:32.443+0000][1332.886s][info ][safepoint     ] Leaving safepoint region
[2023-11-16T05:56:32.443+0000][1332.886s][info ][safepoint     ] Total time for which application threads were stopped: 0.0003079 seconds, Stopping threads took: 0.0000533 seconds
[2023-11-16T05:56:33.443+0000][1333.887s][debug][safepoint     ] Safepoint synchronization initiated. (181 threads)
[2023-11-16T05:56:33.443+0000][1333.887s][info ][safepoint     ] Application time: 1.0001657 seconds
[2023-11-16T05:56:33.443+0000][1333.887s][info ][safepoint     ] Entering safepoint region: Cleanup
[2023-11-16T05:56:33.444+0000][1333.887s][info ][safepoint     ] Leaving safepoint region
[2023-11-16T05:56:33.444+0000][1333.887s][info ][safepoint     ] Total time for which application threads were stopped: 0.0003345 seconds, Stopping threads took: 0.0000533 seconds
[2023-11-16T05:56:34.444+0000][1334.887s][debug][safepoint     ] Safepoint synchronization initiated. (181 threads)
[2023-11-16T05:56:34.444+0000][1334.887s][info ][safepoint     ] Application time: 1.0001483 seconds
[2023-11-16T05:56:34.444+0000][1334.887s][info ][safepoint     ] Entering safepoint region: Cleanup
[2023-11-16T05:56:34.444+0000][1334.887s][info ][safepoint     ] Leaving safepoint region
[2023-11-16T05:56:34.444+0000][1334.888s][info ][safepoint     ] Total time for which application threads were stopped: 0.0003721 seconds, Stopping threads took: 0.0000623 seconds
[2023-11-16T05:56:35.444+0000][1335.888s][debug][safepoint     ] Safepoint synchronization initiated. (181 threads)
[2023-11-16T05:56:35.444+0000][1335.888s][info ][safepoint     ] Application time: 1.0001595 seconds
[2023-11-16T05:56:35.444+0000][1335.888s][info ][safepoint     ] Entering safepoint region: Cleanup
[2023-11-16T05:56:35.445+0000][1335.888s][info ][safepoint     ] Leaving safepoint region
[2023-11-16T05:56:35.445+0000][1335.888s][info ][safepoint     ] Total time for which application threads were stopped: 0.0002566 seconds, Stopping threads took: 0.0000523 seconds
[2023-11-16T05:56:36.445+0000][1336.888s][debug][safepoint     ] Safepoint synchronization initiated. (181 threads)
[2023-11-16T05:56:36.445+0000][1336.888s][info ][safepoint     ] Application time: 1.0001683 seconds
[2023-11-16T05:56:36.445+0000][1336.888s][info ][safepoint     ] Entering safepoint region: Cleanup
[2023-11-16T05:56:36.445+0000][1336.888s][info ][safepoint     ] Leaving safepoint region
[2023-11-16T05:56:36.445+0000][1336.888s][info ][safepoint     ] Total time for which application threads were stopped: 0.0002796 seconds, Stopping threads took: 0.0000530 seconds
[2023-11-16T05:56:37.445+0000][1337.889s][debug][safepoint     ] Safepoint synchronization initiated. (181 threads)
[2023-11-16T05:56:37.445+0000][1337.889s][info ][safepoint     ] Application time: 1.0001604 seconds
[2023-11-16T05:56:37.445+0000][1337.889s][info ][safepoint     ] Entering safepoint region: Cleanup
[2023-11-16T05:56:37.446+0000][1337.889s][info ][safepoint     ] Leaving safepoint region
[2023-11-16T05:56:37.446+0000][1337.889s][info ][safepoint     ] Total time for which application threads were stopped: 0.0003412 seconds, Stopping threads took: 0.0000527 seconds
[2023-11-16T05:56:38.446+0000][1338.889s][debug][safepoint     ] Safepoint synchronization initiated. (181 threads)
[2023-11-16T05:56:38.446+0000][1338.889s][info ][safepoint     ] Application time: 1.0001710 seconds
[2023-11-16T05:56:38.446+0000][1338.889s][info ][safepoint     ] Entering safepoint region: Cleanup
[2023-11-16T05:56:38.446+0000][1338.890s][info ][safepoint     ] Leaving safepoint region
[2023-11-16T05:56:38.446+0000][1338.890s][info ][safepoint     ] Total time for which application threads were stopped: 0.0003468 seconds, Stopping threads took: 0.0000535 seconds
[2023-11-16T05:56:39.446+0000][1339.890s][debug][safepoint     ] Safepoint synchronization initiated. (181 threads)
[2023-11-16T05:56:39.446+0000][1339.890s][info ][safepoint     ] Application time: 1.0001696 seconds
[2023-11-16T05:56:39.446+0000][1339.890s][info ][safepoint     ] Entering safepoint region: Cleanup
[2023-11-16T05:56:39.447+0000][1339.890s][info ][safepoint     ] Leaving safepoint region
[2023-11-16T05:56:39.447+0000][1339.890s][info ][safepoint     ] Total time for which application threads were stopped: 0.0003880 seconds, Stopping threads took: 0.0001645 seconds
[2023-11-16T05:56:40.447+0000][1340.890s][debug][safepoint     ] Safepoint synchronization initiated. (181 threads)
[2023-11-16T05:56:40.447+0000][1340.890s][info ][safepoint     ] Application time: 1.0001691 seconds
[2023-11-16T05:56:40.447+0000][1340.890s][info ][safepoint     ] Entering safepoint region: Cleanup
[2023-11-16T05:56:40.447+0000][1340.891s][info ][safepoint     ] Leaving safepoint region
[2023-11-16T05:56:40.447+0000][1340.891s][info ][safepoint     ] Total time for which application threads were stopped: 0.0003484 seconds, Stopping threads took: 0.0000522 seconds
[2023-11-16T05:56:41.448+0000][1341.891s][debug][safepoint     ] Safepoint synchronization initiated. (181 threads)
[2023-11-16T05:56:41.448+0000][1341.891s][info ][safepoint     ] Application time: 1.0001743 seconds
[2023-11-16T05:56:41.448+0000][1341.891s][info ][safepoint     ] Entering safepoint region: Cleanup
[2023-11-16T05:56:41.448+0000][1341.891s][info ][safepoint     ] Leaving safepoint region
[2023-11-16T05:56:41.448+0000][1341.891s][info ][safepoint     ] Total time for which application threads were stopped: 0.0003247 seconds, Stopping threads took: 0.0000524 seconds
[2023-11-16T05:56:42.448+0000][1342.891s][debug][safepoint     ] Safepoint synchronization initiated. (181 threads)
[2023-11-16T05:56:42.448+0000][1342.891s][info ][safepoint     ] Application time: 1.0001718 seconds
[2023-11-16T05:56:42.448+0000][1342.891s][info ][safepoint     ] Entering safepoint region: Cleanup
[2023-11-16T05:56:42.448+0000][1342.892s][info ][safepoint     ] Leaving safepoint region
[2023-11-16T05:56:42.448+0000][1342.892s][info ][safepoint     ] Total time for which application threads were stopped: 0.0003469 seconds, Stopping threads took: 0.0000535 seconds
[2023-11-16T05:56:43.449+0000][1343.892s][debug][safepoint     ] Safepoint synchronization initiated. (181 threads)
[2023-11-16T05:56:43.449+0000][1343.892s][info ][safepoint     ] Application time: 1.0001702 seconds
[2023-11-16T05:56:43.449+0000][1343.892s][info ][safepoint     ] Entering safepoint region: Cleanup
[2023-11-16T05:56:43.449+0000][1343.892s][info ][safepoint     ] Leaving safepoint region
[2023-11-16T05:56:43.449+0000][1343.892s][info ][safepoint     ] Total time for which application threads were stopped: 0.0003386 seconds, Stopping threads took: 0.0000519 seconds
[2023-11-16T05:56:44.449+0000][1344.892s][debug][safepoint     ] Safepoint synchronization initiated. (181 threads)
[2023-11-16T05:56:44.449+0000][1344.893s][info ][safepoint     ] Application time: 1.0001608 seconds
[2023-11-16T05:56:44.449+0000][1344.893s][info ][safepoint     ] Entering safepoint region: Cleanup
[2023-11-16T05:56:44.450+0000][1344.893s][info ][safepoint     ] Leaving safepoint region
[2023-11-16T05:56:44.450+0000][1344.893s][info ][safepoint     ] Total time for which application threads were stopped: 0.0004940 seconds, Stopping threads took: 0.0002575 seconds
[2023-11-16T05:56:45.450+0000][1345.893s][debug][safepoint     ] Safepoint synchronization initiated. (181 threads)
[2023-11-16T05:56:45.450+0000][1345.893s][info ][safepoint     ] Application time: 1.0001725 seconds
[2023-11-16T05:56:45.450+0000][1345.893s][info ][safepoint     ] Entering safepoint region: Cleanup
[2023-11-16T05:56:45.450+0000][1345.894s][info ][safepoint     ] Leaving safepoint region
[2023-11-16T05:56:45.450+0000][1345.894s][info ][safepoint     ] Total time for which application threads were stopped: 0.0003407 seconds, Stopping threads took: 0.0000525 seconds
[2023-11-16T05:56:46.450+0000][1346.894s][debug][safepoint     ] Safepoint synchronization initiated. (181 threads)
[2023-11-16T05:56:46.450+0000][1346.894s][info ][safepoint     ] Application time: 1.0001530 seconds
[2023-11-16T05:56:46.451+0000][1346.894s][info ][safepoint     ] Entering safepoint region: Cleanup
[2023-11-16T05:56:46.451+0000][1346.894s][info ][safepoint     ] Leaving safepoint region
[2023-11-16T05:56:46.451+0000][1346.894s][info ][safepoint     ] Total time for which application threads were stopped: 0.0003439 seconds, Stopping threads took: 0.0000518 seconds
[2023-11-16T05:56:47.451+0000][1347.894s][debug][safepoint     ] Safepoint synchronization initiated. (181 threads)
[2023-11-16T05:56:47.451+0000][1347.894s][info ][safepoint     ] Application time: 1.0001662 seconds
[2023-11-16T05:56:47.451+0000][1347.894s][info ][safepoint     ] Entering safepoint region: Cleanup
[2023-11-16T05:56:47.451+0000][1347.895s][info ][safepoint     ] Leaving safepoint region
[2023-11-16T05:56:47.451+0000][1347.895s][info ][safepoint     ] Total time for which application threads were stopped: 0.0003441 seconds, Stopping threads took: 0.0000520 seconds
[2023-11-16T05:56:48.451+0000][1348.895s][debug][safepoint     ] Safepoint synchronization initiated. (181 threads)
[2023-11-16T05:56:48.452+0000][1348.895s][info ][safepoint     ] Application time: 1.0001574 seconds
[2023-11-16T05:56:48.452+0000][1348.895s][info ][safepoint     ] Entering safepoint region: Cleanup
[2023-11-16T05:56:48.452+0000][1348.895s][info ][safepoint     ] Leaving safepoint region
[2023-11-16T05:56:48.452+0000][1348.895s][info ][safepoint     ] Total time for which application threads were stopped: 0.0003433 seconds, Stopping threads took: 0.0000514 seconds
[2023-11-16T05:56:49.452+0000][1349.895s][debug][safepoint     ] Safepoint synchronization initiated. (181 threads)
[2023-11-16T05:56:49.452+0000][1349.895s][info ][safepoint     ] Application time: 1.0001615 seconds
[2023-11-16T05:56:49.452+0000][1349.895s][info ][safepoint     ] Entering safepoint region: Cleanup
[2023-11-16T05:56:49.453+0000][1349.896s][info ][safepoint     ] Leaving safepoint region
[2023-11-16T05:56:49.453+0000][1349.896s][info ][safepoint     ] Total time for which application threads were stopped: 0.0005339 seconds, Stopping threads took: 0.0001718 seconds
[2023-11-16T05:56:50.453+0000][1350.896s][debug][safepoint     ] Safepoint synchronization initiated. (181 threads)
[2023-11-16T05:56:50.453+0000][1350.896s][info ][safepoint     ] Application time: 1.0001680 seconds
[2023-11-16T05:56:50.453+0000][1350.896s][info ][safepoint     ] Entering safepoint region: Cleanup
[2023-11-16T05:56:50.453+0000][1350.896s][info ][safepoint     ] Leaving safepoint region
[2023-11-16T05:56:50.453+0000][1350.896s][info ][safepoint     ] Total time for which application threads were stopped: 0.0003417 seconds, Stopping threads took: 0.0000520 seconds
[2023-11-16T05:56:51.453+0000][1351.897s][debug][safepoint     ] Safepoint synchronization initiated. (181 threads)
[2023-11-16T05:56:51.453+0000][1351.897s][info ][safepoint     ] Application time: 1.0001567 seconds
[2023-11-16T05:56:51.453+0000][1351.897s][info ][safepoint     ] Entering safepoint region: Cleanup
[2023-11-16T05:56:51.454+0000][1351.897s][info ][safepoint     ] Leaving safepoint region
[2023-11-16T05:56:51.454+0000][1351.897s][info ][safepoint     ] Total time for which application threads were stopped: 0.0003115 seconds, Stopping threads took: 0.0000528 seconds
[2023-11-16T05:56:52.454+0000][1352.897s][debug][safepoint     ] Safepoint synchronization initiated. (181 threads)
[2023-11-16T05:56:52.454+0000][1352.897s][info ][safepoint     ] Application time: 1.0001523 seconds
[2023-11-16T05:56:52.454+0000][1352.897s][info ][safepoint     ] Entering safepoint region: Cleanup
[2023-11-16T05:56:52.454+0000][1352.897s][info ][safepoint     ] Leaving safepoint region
[2023-11-16T05:56:52.454+0000][1352.897s][info ][safepoint     ] Total time for which application threads were stopped: 0.0002487 seconds, Stopping threads took: 0.0000526 seconds
[2023-11-16T05:56:53.454+0000][1353.898s][debug][safepoint     ] Safepoint synchronization initiated. (181 threads)
[2023-11-16T05:56:53.454+0000][1353.898s][info ][safepoint     ] Application time: 1.0001559 seconds
[2023-11-16T05:56:53.454+0000][1353.898s][info ][safepoint     ] Entering safepoint region: Cleanup
[2023-11-16T05:56:53.455+0000][1353.898s][info ][safepoint     ] Leaving safepoint region
[2023-11-16T05:56:53.455+0000][1353.898s][info ][safepoint     ] Total time for which application threads were stopped: 0.0002626 seconds, Stopping threads took: 0.0000536 seconds
[2023-11-16T05:56:54.455+0000][1354.898s][debug][safepoint     ] Safepoint synchronization initiated. (181 threads)
[2023-11-16T05:56:54.455+0000][1354.898s][info ][safepoint     ] Application time: 1.0001715 seconds
[2023-11-16T05:56:54.455+0000][1354.898s][info ][safepoint     ] Entering safepoint region: Cleanup
[2023-11-16T05:56:54.455+0000][1354.899s][info ][safepoint     ] Leaving safepoint region
[2023-11-16T05:56:54.455+0000][1354.899s][info ][safepoint     ] Total time for which application threads were stopped: 0.0005831 seconds, Stopping threads took: 0.0003806 seconds
[2023-11-16T05:56:55.456+0000][1355.899s][debug][safepoint     ] Safepoint synchronization initiated. (181 threads)
[2023-11-16T05:56:55.456+0000][1355.899s][info ][safepoint     ] Application time: 1.0001811 seconds
[2023-11-16T05:56:55.456+0000][1355.899s][info ][safepoint     ] Entering safepoint region: Cleanup
[2023-11-16T05:56:55.456+0000][1355.899s][info ][safepoint     ] Leaving safepoint region
[2023-11-16T05:56:55.456+0000][1355.899s][info ][safepoint     ] Total time for which application threads were stopped: 0.0004274 seconds, Stopping threads took: 0.0000520 seconds
[2023-11-16T05:56:56.456+0000][1356.899s][debug][safepoint     ] Safepoint synchronization initiated. (181 threads)
[2023-11-16T05:56:56.456+0000][1356.900s][info ][safepoint     ] Application time: 1.0001527 seconds
[2023-11-16T05:56:56.456+0000][1356.900s][info ][safepoint     ] Entering safepoint region: Cleanup
[2023-11-16T05:56:56.456+0000][1356.900s][info ][safepoint     ] Leaving safepoint region
[2023-11-16T05:56:56.456+0000][1356.900s][info ][safepoint     ] Total time for which application threads were stopped: 0.0002514 seconds, Stopping threads took: 0.0000517 seconds
[2023-11-16T05:56:57.457+0000][1357.900s][debug][safepoint     ] Safepoint synchronization initiated. (181 threads)
[2023-11-16T05:56:57.457+0000][1357.900s][info ][safepoint     ] Application time: 1.0001421 seconds
[2023-11-16T05:56:57.457+0000][1357.900s][info ][safepoint     ] Entering safepoint region: Cleanup
[2023-11-16T05:56:57.457+0000][1357.900s][info ][safepoint     ] Leaving safepoint region
[2023-11-16T05:56:57.457+0000][1357.900s][info ][safepoint     ] Total time for which application threads were stopped: 0.0003394 seconds, Stopping threads took: 0.0000523 seconds
[2023-11-16T05:56:58.457+0000][1358.900s][debug][safepoint     ] Safepoint synchronization initiated. (181 threads)
[2023-11-16T05:56:58.457+0000][1358.900s][info ][safepoint     ] Application time: 1.0001686 seconds
[2023-11-16T05:56:58.457+0000][1358.901s][info ][safepoint     ] Entering safepoint region: Cleanup
[2023-11-16T05:56:58.457+0000][1358.901s][info ][safepoint     ] Leaving safepoint region
[2023-11-16T05:56:58.458+0000][1358.901s][info ][safepoint     ] Total time for which application threads were stopped: 0.0003444 seconds, Stopping threads took: 0.0000518 seconds
[2023-11-16T05:56:59.458+0000][1359.901s][debug][safepoint     ] Safepoint synchronization initiated. (181 threads)
[2023-11-16T05:56:59.458+0000][1359.901s][info ][safepoint     ] Application time: 1.0001582 seconds
[2023-11-16T05:56:59.458+0000][1359.901s][info ][safepoint     ] Entering safepoint region: Cleanup
[2023-11-16T05:56:59.458+0000][1359.902s][info ][safepoint     ] Leaving safepoint region
[2023-11-16T05:56:59.458+0000][1359.902s][info ][safepoint     ] Total time for which application threads were stopped: 0.0005050 seconds, Stopping threads took: 0.0001903 seconds
[2023-11-16T05:57:00.458+0000][1360.902s][debug][safepoint     ] Safepoint synchronization initiated. (181 threads)
[2023-11-16T05:57:00.458+0000][1360.902s][info ][safepoint     ] Application time: 1.0001590 seconds
[2023-11-16T05:57:00.458+0000][1360.902s][info ][safepoint     ] Entering safepoint region: Cleanup
[2023-11-16T05:57:00.459+0000][1360.902s][info ][safepoint     ] Leaving safepoint region
[2023-11-16T05:57:00.459+0000][1360.902s][info ][safepoint     ] Total time for which application threads were stopped: 0.0002701 seconds, Stopping threads took: 0.0000522 seconds
[2023-11-16T05:57:01.459+0000][1361.902s][debug][safepoint     ] Safepoint synchronization initiated. (181 threads)
[2023-11-16T05:57:01.459+0000][1361.902s][info ][safepoint     ] Application time: 1.0001646 seconds
[2023-11-16T05:57:01.459+0000][1361.902s][info ][safepoint     ] Entering safepoint region: Cleanup
[2023-11-16T05:57:01.459+0000][1361.902s][info ][safepoint     ] Leaving safepoint region
[2023-11-16T05:57:01.459+0000][1361.902s][info ][safepoint     ] Total time for which application threads were stopped: 0.0002487 seconds, Stopping threads took: 0.0000526 seconds
[2023-11-16T05:57:02.459+0000][1362.903s][debug][safepoint     ] Safepoint synchronization initiated. (181 threads)
[2023-11-16T05:57:02.459+0000][1362.903s][info ][safepoint     ] Application time: 1.0001657 seconds
[2023-11-16T05:57:02.459+0000][1362.903s][info ][safepoint     ] Entering safepoint region: Cleanup
[2023-11-16T05:57:02.460+0000][1362.903s][info ][safepoint     ] Leaving safepoint region
[2023-11-16T05:57:02.460+0000][1362.903s][info ][safepoint     ] Total time for which application threads were stopped: 0.0002667 seconds, Stopping threads took: 0.0000521 seconds
[2023-11-16T05:57:03.460+0000][1363.903s][debug][safepoint     ] Safepoint synchronization initiated. (181 threads)
[2023-11-16T05:57:03.460+0000][1363.903s][info ][safepoint     ] Application time: 1.0001514 seconds
[2023-11-16T05:57:03.460+0000][1363.903s][info ][safepoint     ] Entering safepoint region: Cleanup
[2023-11-16T05:57:03.460+0000][1363.903s][info ][safepoint     ] Leaving safepoint region
[2023-11-16T05:57:03.460+0000][1363.903s][info ][safepoint     ] Total time for which application threads were stopped: 0.0003458 seconds, Stopping threads took: 0.0000523 seconds
[2023-11-16T05:57:04.460+0000][1364.904s][debug][safepoint     ] Safepoint synchronization initiated. (181 threads)
[2023-11-16T05:57:04.460+0000][1364.904s][info ][safepoint     ] Application time: 1.0001558 seconds
[2023-11-16T05:57:04.460+0000][1364.904s][info ][safepoint     ] Entering safepoint region: Cleanup
[2023-11-16T05:57:04.461+0000][1364.904s][info ][safepoint     ] Leaving safepoint region
[2023-11-16T05:57:04.461+0000][1364.904s][info ][safepoint     ] Total time for which application threads were stopped: 0.0003646 seconds, Stopping threads took: 0.0000531 seconds
[2023-11-16T05:57:05.461+0000][1365.904s][debug][safepoint     ] Safepoint synchronization initiated. (181 threads)
[2023-11-16T05:57:05.461+0000][1365.904s][info ][safepoint     ] Application time: 1.0001577 seconds
[2023-11-16T05:57:05.461+0000][1365.904s][info ][safepoint     ] Entering safepoint region: Cleanup
[2023-11-16T05:57:05.461+0000][1365.905s][info ][safepoint     ] Leaving safepoint region
[2023-11-16T05:57:05.461+0000][1365.905s][info ][safepoint     ] Total time for which application threads were stopped: 0.0003462 seconds, Stopping threads took: 0.0000522 seconds
[2023-11-16T05:57:06.461+0000][1366.905s][debug][safepoint     ] Safepoint synchronization initiated. (181 threads)
[2023-11-16T05:57:06.461+0000][1366.905s][info ][safepoint     ] Application time: 1.0001795 seconds
[2023-11-16T05:57:06.462+0000][1366.905s][info ][safepoint     ] Entering safepoint region: Cleanup
[2023-11-16T05:57:06.462+0000][1366.905s][info ][safepoint     ] Leaving safepoint region
[2023-11-16T05:57:06.462+0000][1366.905s][info ][safepoint     ] Total time for which application threads were stopped: 0.0003403 seconds, Stopping threads took: 0.0000528 seconds
[2023-11-16T05:57:07.462+0000][1367.905s][debug][safepoint     ] Safepoint synchronization initiated. (181 threads)
[2023-11-16T05:57:07.462+0000][1367.905s][info ][safepoint     ] Application time: 1.0001703 seconds
[2023-11-16T05:57:07.462+0000][1367.905s][info ][safepoint     ] Entering safepoint region: Cleanup
[2023-11-16T05:57:07.462+0000][1367.906s][info ][safepoint     ] Leaving safepoint region
[2023-11-16T05:57:07.462+0000][1367.906s][info ][safepoint     ] Total time for which application threads were stopped: 0.0003421 seconds, Stopping threads took: 0.0000510 seconds
[2023-11-16T05:57:08.463+0000][1368.906s][debug][safepoint     ] Safepoint synchronization initiated. (181 threads)
[2023-11-16T05:57:08.463+0000][1368.906s][info ][safepoint     ] Application time: 1.0001709 seconds
[2023-11-16T05:57:08.463+0000][1368.906s][info ][safepoint     ] Entering safepoint region: Cleanup
[2023-11-16T05:57:08.463+0000][1368.906s][info ][safepoint     ] Leaving safepoint region
[2023-11-16T05:57:08.463+0000][1368.906s][info ][safepoint     ] Total time for which application threads were stopped: 0.0003375 seconds, Stopping threads took: 0.0000515 seconds
[2023-11-16T05:57:09.463+0000][1369.906s][debug][safepoint     ] Safepoint synchronization initiated. (181 threads)
[2023-11-16T05:57:09.463+0000][1369.906s][info ][safepoint     ] Application time: 1.0001737 seconds
[2023-11-16T05:57:09.463+0000][1369.906s][info ][safepoint     ] Entering safepoint region: Cleanup
[2023-11-16T05:57:09.463+0000][1369.907s][info ][safepoint     ] Leaving safepoint region
[2023-11-16T05:57:09.464+0000][1369.907s][info ][safepoint     ] Total time for which application threads were stopped: 0.0003691 seconds, Stopping threads took: 0.0000527 seconds
[2023-11-16T05:57:10.464+0000][1370.907s][debug][safepoint     ] Safepoint synchronization initiated. (181 threads)
[2023-11-16T05:57:10.464+0000][1370.907s][info ][safepoint     ] Application time: 1.0001460 seconds
[2023-11-16T05:57:10.464+0000][1370.907s][info ][safepoint     ] Entering safepoint region: Cleanup
[2023-11-16T05:57:10.464+0000][1370.907s][info ][safepoint     ] Leaving safepoint region
[2023-11-16T05:57:10.464+0000][1370.907s][info ][safepoint     ] Total time for which application threads were stopped: 0.0003356 seconds, Stopping threads took: 0.0000520 seconds
[2023-11-16T05:57:11.464+0000][1371.907s][debug][safepoint     ] Safepoint synchronization initiated. (181 threads)
[2023-11-16T05:57:11.464+0000][1371.908s][info ][safepoint     ] Application time: 1.0001536 seconds
[2023-11-16T05:57:11.464+0000][1371.908s][info ][safepoint     ] Entering safepoint region: Cleanup
[2023-11-16T05:57:11.465+0000][1371.908s][info ][safepoint     ] Leaving safepoint region
[2023-11-16T05:57:11.465+0000][1371.908s][info ][safepoint     ] Total time for which application threads were stopped: 0.0003363 seconds, Stopping threads took: 0.0000523 seconds
[2023-11-16T05:57:12.465+0000][1372.908s][debug][safepoint     ] Safepoint synchronization initiated. (181 threads)
[2023-11-16T05:57:12.465+0000][1372.908s][info ][safepoint     ] Application time: 1.0001699 seconds
[2023-11-16T05:57:12.465+0000][1372.908s][info ][safepoint     ] Entering safepoint region: Cleanup
[2023-11-16T05:57:12.465+0000][1372.908s][info ][safepoint     ] Leaving safepoint region
[2023-11-16T05:57:12.465+0000][1372.908s][info ][safepoint     ] Total time for which application threads were stopped: 0.0003448 seconds, Stopping threads took: 0.0000523 seconds
[2023-11-16T05:57:13.465+0000][1373.909s][debug][safepoint     ] Safepoint synchronization initiated. (181 threads)
[2023-11-16T05:57:13.465+0000][1373.909s][info ][safepoint     ] Application time: 1.0001696 seconds
[2023-11-16T05:57:13.465+0000][1373.909s][info ][safepoint     ] Entering safepoint region: Cleanup
[2023-11-16T05:57:13.466+0000][1373.909s][info ][safepoint     ] Leaving safepoint region
[2023-11-16T05:57:13.466+0000][1373.909s][info ][safepoint     ] Total time for which application threads were stopped: 0.0003415 seconds, Stopping threads took: 0.0000520 seconds
[2023-11-16T05:57:14.466+0000][1374.909s][debug][safepoint     ] Safepoint synchronization initiated. (181 threads)
[2023-11-16T05:57:14.466+0000][1374.909s][info ][safepoint     ] Application time: 1.0001712 seconds
[2023-11-16T05:57:14.466+0000][1374.909s][info ][safepoint     ] Entering safepoint region: Cleanup
[2023-11-16T05:57:14.466+0000][1374.910s][info ][safepoint     ] Leaving safepoint region
[2023-11-16T05:57:14.466+0000][1374.910s][info ][safepoint     ] Total time for which application threads were stopped: 0.0005937 seconds, Stopping threads took: 0.0003067 seconds
[2023-11-16T05:57:15.467+0000][1375.910s][debug][safepoint     ] Safepoint synchronization initiated. (181 threads)
[2023-11-16T05:57:15.467+0000][1375.910s][info ][safepoint     ] Application time: 1.0001685 seconds
[2023-11-16T05:57:15.467+0000][1375.910s][info ][safepoint     ] Entering safepoint region: Cleanup
[2023-11-16T05:57:15.467+0000][1375.910s][info ][safepoint     ] Leaving safepoint region
[2023-11-16T05:57:15.467+0000][1375.910s][info ][safepoint     ] Total time for which application threads were stopped: 0.0003400 seconds, Stopping threads took: 0.0000514 seconds
[2023-11-16T05:57:16.467+0000][1376.910s][debug][safepoint     ] Safepoint synchronization initiated. (181 threads)
[2023-11-16T05:57:16.467+0000][1376.911s][info ][safepoint     ] Application time: 1.0001672 seconds
[2023-11-16T05:57:16.467+0000][1376.911s][info ][safepoint     ] Entering safepoint region: Cleanup
[2023-11-16T05:57:16.468+0000][1376.911s][info ][safepoint     ] Leaving safepoint region
[2023-11-16T05:57:16.468+0000][1376.911s][info ][safepoint     ] Total time for which application threads were stopped: 0.0003448 seconds, Stopping threads took: 0.0000526 seconds
[2023-11-16T05:57:17.468+0000][1377.911s][debug][safepoint     ] Safepoint synchronization initiated. (181 threads)
[2023-11-16T05:57:17.468+0000][1377.911s][info ][safepoint     ] Application time: 1.0001441 seconds
[2023-11-16T05:57:17.468+0000][1377.911s][info ][safepoint     ] Entering safepoint region: Cleanup
[2023-11-16T05:57:17.468+0000][1377.911s][info ][safepoint     ] Leaving safepoint region
[2023-11-16T05:57:17.468+0000][1377.911s][info ][safepoint     ] Total time for which application threads were stopped: 0.0002544 seconds, Stopping threads took: 0.0000514 seconds
[2023-11-16T05:57:18.468+0000][1378.911s][debug][safepoint     ] Safepoint synchronization initiated. (181 threads)
[2023-11-16T05:57:18.468+0000][1378.911s][info ][safepoint     ] Application time: 1.0001556 seconds
[2023-11-16T05:57:18.468+0000][1378.912s][info ][safepoint     ] Entering safepoint region: Cleanup
[2023-11-16T05:57:18.468+0000][1378.912s][info ][safepoint     ] Leaving safepoint region
[2023-11-16T05:57:18.468+0000][1378.912s][info ][safepoint     ] Total time for which application threads were stopped: 0.0002605 seconds, Stopping threads took: 0.0000511 seconds
[2023-11-16T05:57:19.469+0000][1379.912s][debug][safepoint     ] Safepoint synchronization initiated. (181 threads)
[2023-11-16T05:57:19.469+0000][1379.912s][info ][safepoint     ] Application time: 1.0001623 seconds
[2023-11-16T05:57:19.469+0000][1379.912s][info ][safepoint     ] Entering safepoint region: Cleanup
[2023-11-16T05:57:19.469+0000][1379.912s][info ][safepoint     ] Leaving safepoint region
[2023-11-16T05:57:19.469+0000][1379.912s][info ][safepoint     ] Total time for which application threads were stopped: 0.0004395 seconds, Stopping threads took: 0.0001857 seconds
[2023-11-16T05:57:20.469+0000][1380.913s][debug][safepoint     ] Safepoint synchronization initiated. (181 threads)
[2023-11-16T05:57:20.469+0000][1380.913s][info ][safepoint     ] Application time: 1.0001748 seconds
[2023-11-16T05:57:20.469+0000][1380.913s][info ][safepoint     ] Entering safepoint region: Cleanup
[2023-11-16T05:57:20.470+0000][1380.913s][info ][safepoint     ] Leaving safepoint region
[2023-11-16T05:57:20.470+0000][1380.913s][info ][safepoint     ] Total time for which application threads were stopped: 0.0003513 seconds, Stopping threads took: 0.0000538 seconds
[2023-11-16T05:57:21.470+0000][1381.913s][debug][safepoint     ] Safepoint synchronization initiated. (181 threads)
[2023-11-16T05:57:21.470+0000][1381.913s][info ][safepoint     ] Application time: 1.0001565 seconds
[2023-11-16T05:57:21.470+0000][1381.913s][info ][safepoint     ] Entering safepoint region: Cleanup
[2023-11-16T05:57:21.470+0000][1381.913s][info ][safepoint     ] Leaving safepoint region
[2023-11-16T05:57:21.470+0000][1381.914s][info ][safepoint     ] Total time for which application threads were stopped: 0.0003538 seconds, Stopping threads took: 0.0000536 seconds
[2023-11-16T05:57:22.470+0000][1382.914s][debug][safepoint     ] Safepoint synchronization initiated. (181 threads)
[2023-11-16T05:57:22.470+0000][1382.914s][info ][safepoint     ] Application time: 1.0001785 seconds
[2023-11-16T05:57:22.470+0000][1382.914s][info ][safepoint     ] Entering safepoint region: Cleanup
[2023-11-16T05:57:22.471+0000][1382.914s][info ][safepoint     ] Leaving safepoint region
[2023-11-16T05:57:22.471+0000][1382.914s][info ][safepoint     ] Total time for which application threads were stopped: 0.0002635 seconds, Stopping threads took: 0.0000534 seconds
[2023-11-16T05:57:23.471+0000][1383.914s][debug][safepoint     ] Safepoint synchronization initiated. (181 threads)
[2023-11-16T05:57:23.471+0000][1383.914s][info ][safepoint     ] Application time: 1.0001560 seconds
[2023-11-16T05:57:23.471+0000][1383.914s][info ][safepoint     ] Entering safepoint region: Cleanup
[2023-11-16T05:57:23.471+0000][1383.915s][info ][safepoint     ] Leaving safepoint region
[2023-11-16T05:57:23.471+0000][1383.915s][info ][safepoint     ] Total time for which application threads were stopped: 0.0003480 seconds, Stopping threads took: 0.0000539 seconds
[2023-11-16T05:57:24.471+0000][1384.915s][debug][safepoint     ] Safepoint synchronization initiated. (181 threads)
[2023-11-16T05:57:24.472+0000][1384.915s][info ][safepoint     ] Application time: 1.0005647 seconds
[2023-11-16T05:57:24.472+0000][1384.915s][info ][safepoint     ] Entering safepoint region: Cleanup
[2023-11-16T05:57:24.472+0000][1384.915s][info ][safepoint     ] Leaving safepoint region
[2023-11-16T05:57:24.472+0000][1384.915s][info ][safepoint     ] Total time for which application threads were stopped: 0.0002470 seconds, Stopping threads took: 0.0000556 seconds
[2023-11-16T05:57:25.472+0000][1385.916s][debug][safepoint     ] Safepoint synchronization initiated. (181 threads)
[2023-11-16T05:57:25.472+0000][1385.916s][info ][safepoint     ] Application time: 1.0001594 seconds
[2023-11-16T05:57:25.472+0000][1385.916s][info ][safepoint     ] Entering safepoint region: Cleanup
[2023-11-16T05:57:25.473+0000][1385.916s][info ][safepoint     ] Leaving safepoint region
[2023-11-16T05:57:25.473+0000][1385.916s][info ][safepoint     ] Total time for which application threads were stopped: 0.0003455 seconds, Stopping threads took: 0.0000543 seconds
[2023-11-16T05:57:26.473+0000][1386.916s][debug][safepoint     ] Safepoint synchronization initiated. (181 threads)
[2023-11-16T05:57:26.473+0000][1386.916s][info ][safepoint     ] Application time: 1.0001703 seconds
[2023-11-16T05:57:26.473+0000][1386.916s][info ][safepoint     ] Entering safepoint region: Cleanup
[2023-11-16T05:57:26.473+0000][1386.916s][info ][safepoint     ] Leaving safepoint region
[2023-11-16T05:57:26.473+0000][1386.916s][info ][safepoint     ] Total time for which application threads were stopped: 0.0003307 seconds, Stopping threads took: 0.0000537 seconds
[2023-11-16T05:57:27.473+0000][1387.917s][debug][safepoint     ] Safepoint synchronization initiated. (181 threads)
[2023-11-16T05:57:27.473+0000][1387.917s][info ][safepoint     ] Application time: 1.0001576 seconds
[2023-11-16T05:57:27.473+0000][1387.917s][info ][safepoint     ] Entering safepoint region: Cleanup
[2023-11-16T05:57:27.474+0000][1387.917s][info ][safepoint     ] Leaving safepoint region
[2023-11-16T05:57:27.474+0000][1387.917s][info ][safepoint     ] Total time for which application threads were stopped: 0.0002463 seconds, Stopping threads took: 0.0000526 seconds
[2023-11-16T05:57:28.474+0000][1388.917s][debug][safepoint     ] Safepoint synchronization initiated. (181 threads)
[2023-11-16T05:57:28.474+0000][1388.917s][info ][safepoint     ] Application time: 1.0001704 seconds
[2023-11-16T05:57:28.474+0000][1388.917s][info ][safepoint     ] Entering safepoint region: Cleanup
[2023-11-16T05:57:28.474+0000][1388.917s][info ][safepoint     ] Leaving safepoint region
[2023-11-16T05:57:28.474+0000][1388.917s][info ][safepoint     ] Total time for which application threads were stopped: 0.0003383 seconds, Stopping threads took: 0.0000504 seconds
[2023-11-16T05:57:29.474+0000][1389.918s][debug][safepoint     ] Safepoint synchronization initiated. (180 threads)
[2023-11-16T05:57:29.474+0000][1389.918s][info ][safepoint     ] Application time: 1.0001708 seconds
[2023-11-16T05:57:29.474+0000][1389.918s][info ][safepoint     ] Entering safepoint region: Cleanup
[2023-11-16T05:57:29.475+0000][1389.918s][info ][safepoint     ] Leaving safepoint region
[2023-11-16T05:57:29.475+0000][1389.918s][info ][safepoint     ] Total time for which application threads were stopped: 0.0005060 seconds, Stopping threads took: 0.0002284 seconds
[2023-11-16T05:57:30.475+0000][1390.918s][debug][safepoint     ] Safepoint synchronization initiated. (180 threads)
[2023-11-16T05:57:30.475+0000][1390.918s][info ][safepoint     ] Application time: 1.0001755 seconds
[2023-11-16T05:57:30.475+0000][1390.918s][debug][safepoint     ] ... found polling page return exception at pc = 0x00007fde842ef9f6, stub =0x00007fde7c83a800
[2023-11-16T05:57:30.475+0000][1390.918s][debug][safepoint     ] ... found polling page return exception at pc = 0x00007fde84fe987b, stub =0x00007fde7c83a800
[2023-11-16T05:57:30.475+0000][1390.919s][debug][safepoint     ] Waiting for 2 thread(s) to block
[2023-11-16T05:57:30.475+0000][1390.919s][info ][safepoint     ] Entering safepoint region: Cleanup
[2023-11-16T05:57:30.476+0000][1390.919s][info ][safepoint     ] Leaving safepoint region
[2023-11-16T05:57:30.476+0000][1390.919s][info ][safepoint     ] Total time for which application threads were stopped: 0.0004961 seconds, Stopping threads took: 0.0002818 seconds
[2023-11-16T05:57:31.476+0000][1391.919s][debug][safepoint     ] Safepoint synchronization initiated. (180 threads)
[2023-11-16T05:57:31.476+0000][1391.919s][info ][safepoint     ] Application time: 1.0001502 seconds
[2023-11-16T05:57:31.476+0000][1391.919s][info ][safepoint     ] Entering safepoint region: Cleanup
[2023-11-16T05:57:31.476+0000][1391.919s][info ][safepoint     ] Leaving safepoint region
[2023-11-16T05:57:31.476+0000][1391.919s][info ][safepoint     ] Total time for which application threads were stopped: 0.0002695 seconds, Stopping threads took: 0.0000518 seconds
[2023-11-16T05:57:32.476+0000][1392.919s][debug][safepoint     ] Safepoint synchronization initiated. (180 threads)
[2023-11-16T05:57:32.476+0000][1392.920s][info ][safepoint     ] Application time: 1.0001501 seconds
[2023-11-16T05:57:32.476+0000][1392.920s][info ][safepoint     ] Entering safepoint region: Cleanup
[2023-11-16T05:57:32.476+0000][1392.920s][info ][safepoint     ] Leaving safepoint region
[2023-11-16T05:57:32.477+0000][1392.920s][info ][safepoint     ] Total time for which application threads were stopped: 0.0002720 seconds, Stopping threads took: 0.0000516 seconds
[2023-11-16T05:57:33.477+0000][1393.920s][debug][safepoint     ] Safepoint synchronization initiated. (180 threads)
[2023-11-16T05:57:33.477+0000][1393.920s][info ][safepoint     ] Application time: 1.0001780 seconds
[2023-11-16T05:57:33.477+0000][1393.920s][info ][safepoint     ] Entering safepoint region: Cleanup
[2023-11-16T05:57:33.477+0000][1393.920s][info ][safepoint     ] Leaving safepoint region
[2023-11-16T05:57:33.477+0000][1393.920s][info ][safepoint     ] Total time for which application threads were stopped: 0.0003396 seconds, Stopping threads took: 0.0000516 seconds
[2023-11-16T05:57:34.477+0000][1394.920s][debug][safepoint     ] Safepoint synchronization initiated. (180 threads)
[2023-11-16T05:57:34.477+0000][1394.921s][info ][safepoint     ] Application time: 1.0001443 seconds
[2023-11-16T05:57:34.477+0000][1394.921s][info ][safepoint     ] Entering safepoint region: Cleanup
[2023-11-16T05:57:34.478+0000][1394.921s][info ][safepoint     ] Leaving safepoint region
[2023-11-16T05:57:34.478+0000][1394.921s][info ][safepoint     ] Total time for which application threads were stopped: 0.0004394 seconds, Stopping threads took: 0.0002295 seconds
[2023-11-16T05:57:35.478+0000][1395.921s][debug][safepoint     ] Safepoint synchronization initiated. (180 threads)
[2023-11-16T05:57:35.478+0000][1395.921s][info ][safepoint     ] Application time: 1.0001558 seconds
[2023-11-16T05:57:35.478+0000][1395.921s][info ][safepoint     ] Entering safepoint region: Cleanup
[2023-11-16T05:57:35.478+0000][1395.921s][info ][safepoint     ] Leaving safepoint region
[2023-11-16T05:57:35.478+0000][1395.921s][info ][safepoint     ] Total time for which application threads were stopped: 0.0002636 seconds, Stopping threads took: 0.0000514 seconds
[2023-11-16T05:57:36.478+0000][1396.922s][debug][safepoint     ] Safepoint synchronization initiated. (180 threads)
[2023-11-16T05:57:36.478+0000][1396.922s][info ][safepoint     ] Application time: 1.0001813 seconds
[2023-11-16T05:57:36.478+0000][1396.922s][info ][safepoint     ] Entering safepoint region: Cleanup
[2023-11-16T05:57:36.479+0000][1396.922s][info ][safepoint     ] Leaving safepoint region
[2023-11-16T05:57:36.479+0000][1396.922s][info ][safepoint     ] Total time for which application threads were stopped: 0.0003452 seconds, Stopping threads took: 0.0000522 seconds
[2023-11-16T05:57:37.479+0000][1397.922s][debug][safepoint     ] Safepoint synchronization initiated. (180 threads)
[2023-11-16T05:57:37.479+0000][1397.922s][info ][safepoint     ] Application time: 1.0001467 seconds
[2023-11-16T05:57:37.479+0000][1397.922s][info ][safepoint     ] Entering safepoint region: Cleanup
[2023-11-16T05:57:37.479+0000][1397.922s][info ][safepoint     ] Leaving safepoint region
[2023-11-16T05:57:37.479+0000][1397.923s][info ][safepoint     ] Total time for which application threads were stopped: 0.0003335 seconds, Stopping threads took: 0.0000518 seconds
[2023-11-16T05:57:38.479+0000][1398.923s][debug][safepoint     ] Safepoint synchronization initiated. (180 threads)
[2023-11-16T05:57:38.479+0000][1398.923s][info ][safepoint     ] Application time: 1.0001688 seconds
[2023-11-16T05:57:38.479+0000][1398.923s][info ][safepoint     ] Entering safepoint region: Cleanup
[2023-11-16T05:57:38.480+0000][1398.923s][info ][safepoint     ] Leaving safepoint region
[2023-11-16T05:57:38.480+0000][1398.923s][info ][safepoint     ] Total time for which application threads were stopped: 0.0003659 seconds, Stopping threads took: 0.0000767 seconds
[2023-11-16T05:57:39.480+0000][1399.923s][debug][safepoint     ] Safepoint synchronization initiated. (180 threads)
[2023-11-16T05:57:39.480+0000][1399.923s][info ][safepoint     ] Application time: 1.0001534 seconds
[2023-11-16T05:57:39.480+0000][1399.923s][info ][safepoint     ] Entering safepoint region: Cleanup
[2023-11-16T05:57:39.480+0000][1399.924s][info ][safepoint     ] Leaving safepoint region
[2023-11-16T05:57:39.480+0000][1399.924s][info ][safepoint     ] Total time for which application threads were stopped: 0.0005188 seconds, Stopping threads took: 0.0003047 seconds
[2023-11-16T05:57:40.481+0000][1400.924s][debug][safepoint     ] Safepoint synchronization initiated. (180 threads)
[2023-11-16T05:57:40.481+0000][1400.924s][info ][safepoint     ] Application time: 1.0001615 seconds
[2023-11-16T05:57:40.481+0000][1400.924s][info ][safepoint     ] Entering safepoint region: Cleanup
[2023-11-16T05:57:40.481+0000][1400.924s][info ][safepoint     ] Leaving safepoint region
[2023-11-16T05:57:40.481+0000][1400.924s][info ][safepoint     ] Total time for which application threads were stopped: 0.0002587 seconds, Stopping threads took: 0.0000517 seconds
[2023-11-16T05:57:41.481+0000][1401.924s][debug][safepoint     ] Safepoint synchronization initiated. (180 threads)
[2023-11-16T05:57:41.481+0000][1401.924s][info ][safepoint     ] Application time: 1.0001725 seconds
[2023-11-16T05:57:41.481+0000][1401.924s][info ][safepoint     ] Entering safepoint region: Cleanup
[2023-11-16T05:57:41.481+0000][1401.925s][info ][safepoint     ] Leaving safepoint region
[2023-11-16T05:57:41.481+0000][1401.925s][info ][safepoint     ] Total time for which application threads were stopped: 0.0003423 seconds, Stopping threads took: 0.0000516 seconds
[2023-11-16T05:57:42.482+0000][1402.925s][debug][safepoint     ] Safepoint synchronization initiated. (180 threads)
[2023-11-16T05:57:42.482+0000][1402.925s][info ][safepoint     ] Application time: 1.0001578 seconds
[2023-11-16T05:57:42.482+0000][1402.925s][info ][safepoint     ] Entering safepoint region: Cleanup
[2023-11-16T05:57:42.482+0000][1402.925s][info ][safepoint     ] Leaving safepoint region
[2023-11-16T05:57:42.482+0000][1402.925s][info ][safepoint     ] Total time for which application threads were stopped: 0.0003408 seconds, Stopping threads took: 0.0000517 seconds
[2023-11-16T05:57:43.482+0000][1403.925s][debug][safepoint     ] Safepoint synchronization initiated. (180 threads)
[2023-11-16T05:57:43.482+0000][1403.926s][info ][safepoint     ] Application time: 1.0001505 seconds
[2023-11-16T05:57:43.482+0000][1403.926s][info ][safepoint     ] Entering safepoint region: Cleanup
[2023-11-16T05:57:43.483+0000][1403.926s][info ][safepoint     ] Leaving safepoint region
[2023-11-16T05:57:43.483+0000][1403.926s][info ][safepoint     ] Total time for which application threads were stopped: 0.0003448 seconds, Stopping threads took: 0.0000514 seconds
[2023-11-16T05:57:44.483+0000][1404.926s][debug][safepoint     ] Safepoint synchronization initiated. (180 threads)
[2023-11-16T05:57:44.483+0000][1404.926s][info ][safepoint     ] Application time: 1.0001734 seconds
[2023-11-16T05:57:44.483+0000][1404.926s][info ][safepoint     ] Entering safepoint region: Cleanup
[2023-11-16T05:57:44.483+0000][1404.926s][info ][safepoint     ] Leaving safepoint region
[2023-11-16T05:57:44.483+0000][1404.927s][info ][safepoint     ] Total time for which application threads were stopped: 0.0004196 seconds, Stopping threads took: 0.0001434 seconds
[2023-11-16T05:57:45.483+0000][1405.927s][debug][safepoint     ] Safepoint synchronization initiated. (180 threads)
[2023-11-16T05:57:45.483+0000][1405.927s][info ][safepoint     ] Application time: 1.0001570 seconds
[2023-11-16T05:57:45.484+0000][1405.927s][info ][safepoint     ] Entering safepoint region: Cleanup
[2023-11-16T05:57:45.484+0000][1405.927s][info ][safepoint     ] Leaving safepoint region
[2023-11-16T05:57:45.484+0000][1405.927s][info ][safepoint     ] Total time for which application threads were stopped: 0.0003441 seconds, Stopping threads took: 0.0000534 seconds
[2023-11-16T05:57:46.484+0000][1406.927s][debug][safepoint     ] Safepoint synchronization initiated. (180 threads)
[2023-11-16T05:57:46.484+0000][1406.927s][info ][safepoint     ] Application time: 1.0001656 seconds
[2023-11-16T05:57:46.484+0000][1406.927s][info ][safepoint     ] Entering safepoint region: Cleanup
[2023-11-16T05:57:46.484+0000][1406.928s][info ][safepoint     ] Leaving safepoint region
[2023-11-16T05:57:46.484+0000][1406.928s][info ][safepoint     ] Total time for which application threads were stopped: 0.0002595 seconds, Stopping threads took: 0.0000515 seconds
[2023-11-16T05:57:47.484+0000][1407.928s][debug][safepoint     ] Safepoint synchronization initiated. (180 threads)
[2023-11-16T05:57:47.484+0000][1407.928s][info ][safepoint     ] Application time: 1.0001779 seconds
[2023-11-16T05:57:47.485+0000][1407.928s][info ][safepoint     ] Entering safepoint region: Cleanup
[2023-11-16T05:57:47.485+0000][1407.928s][info ][safepoint     ] Leaving safepoint region
[2023-11-16T05:57:47.485+0000][1407.928s][info ][safepoint     ] Total time for which application threads were stopped: 0.0002710 seconds, Stopping threads took: 0.0000524 seconds
[2023-11-16T05:57:48.485+0000][1408.928s][debug][safepoint     ] Safepoint synchronization initiated. (180 threads)
[2023-11-16T05:57:48.485+0000][1408.928s][info ][safepoint     ] Application time: 1.0001589 seconds
[2023-11-16T05:57:48.485+0000][1408.928s][info ][safepoint     ] Entering safepoint region: Cleanup
[2023-11-16T05:57:48.485+0000][1408.929s][info ][safepoint     ] Leaving safepoint region
[2023-11-16T05:57:48.485+0000][1408.929s][info ][safepoint     ] Total time for which application threads were stopped: 0.0002684 seconds, Stopping threads took: 0.0000520 seconds
[2023-11-16T05:57:49.485+0000][1409.929s][debug][safepoint     ] Safepoint synchronization initiated. (180 threads)
[2023-11-16T05:57:49.485+0000][1409.929s][info ][safepoint     ] Application time: 1.0001572 seconds
[2023-11-16T05:57:49.485+0000][1409.929s][info ][safepoint     ] Entering safepoint region: Cleanup
[2023-11-16T05:57:49.486+0000][1409.929s][info ][safepoint     ] Leaving safepoint region
[2023-11-16T05:57:49.486+0000][1409.929s][info ][safepoint     ] Total time for which application threads were stopped: 0.0005076 seconds, Stopping threads took: 0.0003025 seconds
[2023-11-16T05:57:50.486+0000][1410.929s][debug][safepoint     ] Safepoint synchronization initiated. (180 threads)
[2023-11-16T05:57:50.486+0000][1410.929s][info ][safepoint     ] Application time: 1.0001556 seconds
[2023-11-16T05:57:50.486+0000][1410.929s][info ][safepoint     ] Entering safepoint region: Cleanup
[2023-11-16T05:57:50.486+0000][1410.930s][info ][safepoint     ] Leaving safepoint region
[2023-11-16T05:57:50.486+0000][1410.930s][info ][safepoint     ] Total time for which application threads were stopped: 0.0002511 seconds, Stopping threads took: 0.0000519 seconds
[2023-11-16T05:57:51.486+0000][1411.930s][debug][safepoint     ] Safepoint synchronization initiated. (180 threads)
[2023-11-16T05:57:51.487+0000][1411.930s][info ][safepoint     ] Application time: 1.0001562 seconds
[2023-11-16T05:57:51.487+0000][1411.930s][info ][safepoint     ] Entering safepoint region: Cleanup
[2023-11-16T05:57:51.487+0000][1411.930s][info ][safepoint     ] Leaving safepoint region
[2023-11-16T05:57:51.487+0000][1411.930s][info ][safepoint     ] Total time for which application threads were stopped: 0.0003441 seconds, Stopping threads took: 0.0000525 seconds
[2023-11-16T05:57:52.487+0000][1412.930s][debug][safepoint     ] Safepoint synchronization initiated. (180 threads)
[2023-11-16T05:57:52.487+0000][1412.930s][info ][safepoint     ] Application time: 1.0001735 seconds
[2023-11-16T05:57:52.487+0000][1412.930s][info ][safepoint     ] Entering safepoint region: Cleanup
[2023-11-16T05:57:52.487+0000][1412.931s][info ][safepoint     ] Leaving safepoint region
[2023-11-16T05:57:52.487+0000][1412.931s][info ][safepoint     ] Total time for which application threads were stopped: 0.0002556 seconds, Stopping threads took: 0.0000516 seconds
[2023-11-16T05:57:53.487+0000][1413.931s][debug][safepoint     ] Safepoint synchronization initiated. (180 threads)
[2023-11-16T05:57:53.488+0000][1413.931s][info ][safepoint     ] Application time: 1.0001746 seconds
[2023-11-16T05:57:53.488+0000][1413.931s][info ][safepoint     ] Entering safepoint region: Cleanup
[2023-11-16T05:57:53.488+0000][1413.931s][info ][safepoint     ] Leaving safepoint region
[2023-11-16T05:57:53.488+0000][1413.931s][info ][safepoint     ] Total time for which application threads were stopped: 0.0002589 seconds, Stopping threads took: 0.0000519 seconds
[2023-11-16T05:57:54.488+0000][1414.931s][debug][safepoint     ] Safepoint synchronization initiated. (180 threads)
[2023-11-16T05:57:54.488+0000][1414.931s][info ][safepoint     ] Application time: 1.0002025 seconds
[2023-11-16T05:57:54.488+0000][1414.932s][info ][safepoint     ] Entering safepoint region: Cleanup
[2023-11-16T05:57:54.489+0000][1414.932s][info ][safepoint     ] Leaving safepoint region
[2023-11-16T05:57:54.489+0000][1414.932s][info ][safepoint     ] Total time for which application threads were stopped: 0.0003464 seconds, Stopping threads took: 0.0000705 seconds
[2023-11-16T05:57:55.489+0000][1415.932s][debug][safepoint     ] Safepoint synchronization initiated. (180 threads)
[2023-11-16T05:57:55.489+0000][1415.932s][info ][safepoint     ] Application time: 1.0001535 seconds
[2023-11-16T05:57:55.489+0000][1415.932s][info ][safepoint     ] Entering safepoint region: Cleanup
[2023-11-16T05:57:55.489+0000][1415.933s][info ][safepoint     ] Leaving safepoint region
[2023-11-16T05:57:55.489+0000][1415.933s][info ][safepoint     ] Total time for which application threads were stopped: 0.0003414 seconds, Stopping threads took: 0.0000515 seconds
[2023-11-16T05:57:56.489+0000][1416.933s][debug][safepoint     ] Safepoint synchronization initiated. (180 threads)
[2023-11-16T05:57:56.489+0000][1416.933s][info ][safepoint     ] Application time: 1.0001790 seconds
[2023-11-16T05:57:56.490+0000][1416.933s][info ][safepoint     ] Entering safepoint region: Cleanup
[2023-11-16T05:57:56.490+0000][1416.933s][info ][safepoint     ] Leaving safepoint region
[2023-11-16T05:57:56.490+0000][1416.933s][info ][safepoint     ] Total time for which application threads were stopped: 0.0003369 seconds, Stopping threads took: 0.0000515 seconds
[2023-11-16T05:57:57.490+0000][1417.933s][debug][safepoint     ] Safepoint synchronization initiated. (180 threads)
[2023-11-16T05:57:57.490+0000][1417.933s][info ][safepoint     ] Application time: 1.0001462 seconds
[2023-11-16T05:57:57.490+0000][1417.933s][info ][safepoint     ] Entering safepoint region: Cleanup
[2023-11-16T05:57:57.490+0000][1417.934s][info ][safepoint     ] Leaving safepoint region
[2023-11-16T05:57:57.490+0000][1417.934s][info ][safepoint     ] Total time for which application threads were stopped: 0.0003337 seconds, Stopping threads took: 0.0000519 seconds
[2023-11-16T05:57:58.490+0000][1418.934s][debug][safepoint     ] Safepoint synchronization initiated. (180 threads)
[2023-11-16T05:57:58.491+0000][1418.934s][info ][safepoint     ] Application time: 1.0001707 seconds
[2023-11-16T05:57:58.491+0000][1418.934s][info ][safepoint     ] Entering safepoint region: Cleanup
[2023-11-16T05:57:58.491+0000][1418.934s][info ][safepoint     ] Leaving safepoint region
[2023-11-16T05:57:58.491+0000][1418.934s][info ][safepoint     ] Total time for which application threads were stopped: 0.0003112 seconds, Stopping threads took: 0.0000520 seconds
[2023-11-16T05:57:59.491+0000][1419.934s][debug][safepoint     ] Safepoint synchronization initiated. (180 threads)
[2023-11-16T05:57:59.491+0000][1419.934s][info ][safepoint     ] Application time: 1.0001731 seconds
[2023-11-16T05:57:59.491+0000][1419.934s][info ][safepoint     ] Entering safepoint region: Cleanup
[2023-11-16T05:57:59.491+0000][1419.935s][info ][safepoint     ] Leaving safepoint region
[2023-11-16T05:57:59.492+0000][1419.935s][info ][safepoint     ] Total time for which application threads were stopped: 0.0004579 seconds, Stopping threads took: 0.0001909 seconds
[2023-11-16T05:58:00.492+0000][1420.935s][debug][safepoint     ] Safepoint synchronization initiated. (180 threads)
[2023-11-16T05:58:00.492+0000][1420.935s][info ][safepoint     ] Application time: 1.0001514 seconds
[2023-11-16T05:58:00.492+0000][1420.935s][info ][safepoint     ] Entering safepoint region: Cleanup
[2023-11-16T05:58:00.492+0000][1420.935s][info ][safepoint     ] Leaving safepoint region
[2023-11-16T05:58:00.492+0000][1420.935s][info ][safepoint     ] Total time for which application threads were stopped: 0.0002853 seconds, Stopping threads took: 0.0000516 seconds
[2023-11-16T05:58:01.492+0000][1421.935s][debug][safepoint     ] Safepoint synchronization initiated. (180 threads)
[2023-11-16T05:58:01.492+0000][1421.936s][info ][safepoint     ] Application time: 1.0001779 seconds
[2023-11-16T05:58:01.492+0000][1421.936s][info ][safepoint     ] Entering safepoint region: Cleanup
[2023-11-16T05:58:01.492+0000][1421.936s][info ][safepoint     ] Leaving safepoint region
[2023-11-16T05:58:01.493+0000][1421.936s][info ][safepoint     ] Total time for which application threads were stopped: 0.0003143 seconds, Stopping threads took: 0.0000532 seconds
[2023-11-16T05:58:02.493+0000][1422.936s][debug][safepoint     ] Safepoint synchronization initiated. (180 threads)
[2023-11-16T05:58:02.493+0000][1422.936s][info ][safepoint     ] Application time: 1.0001477 seconds
[2023-11-16T05:58:02.493+0000][1422.936s][info ][safepoint     ] Entering safepoint region: Cleanup
[2023-11-16T05:58:02.493+0000][1422.936s][info ][safepoint     ] Leaving safepoint region
[2023-11-16T05:58:02.493+0000][1422.936s][info ][safepoint     ] Total time for which application threads were stopped: 0.0002948 seconds, Stopping threads took: 0.0000544 seconds
[2023-11-16T05:58:03.493+0000][1423.936s][debug][safepoint     ] Safepoint synchronization initiated. (180 threads)
[2023-11-16T05:58:03.493+0000][1423.936s][info ][safepoint     ] Application time: 1.0001622 seconds
[2023-11-16T05:58:03.493+0000][1423.937s][info ][safepoint     ] Entering safepoint region: Cleanup
[2023-11-16T05:58:03.493+0000][1423.937s][info ][safepoint     ] Leaving safepoint region
[2023-11-16T05:58:03.493+0000][1423.937s][info ][safepoint     ] Total time for which application threads were stopped: 0.0002871 seconds, Stopping threads took: 0.0000541 seconds
[2023-11-16T05:58:04.494+0000][1424.937s][debug][safepoint     ] Safepoint synchronization initiated. (180 threads)
[2023-11-16T05:58:04.494+0000][1424.937s][info ][safepoint     ] Application time: 1.0001721 seconds
[2023-11-16T05:58:04.494+0000][1424.937s][info ][safepoint     ] Entering safepoint region: Cleanup
[2023-11-16T05:58:04.494+0000][1424.937s][info ][safepoint     ] Leaving safepoint region
[2023-11-16T05:58:04.494+0000][1424.937s][info ][safepoint     ] Total time for which application threads were stopped: 0.0003302 seconds, Stopping threads took: 0.0000548 seconds
[2023-11-16T05:58:05.494+0000][1425.937s][debug][safepoint     ] Safepoint synchronization initiated. (180 threads)
[2023-11-16T05:58:05.494+0000][1425.938s][info ][safepoint     ] Application time: 1.0001651 seconds
[2023-11-16T05:58:05.494+0000][1425.938s][info ][safepoint     ] Entering safepoint region: Cleanup
[2023-11-16T05:58:05.494+0000][1425.938s][info ][safepoint     ] Leaving safepoint region
[2023-11-16T05:58:05.494+0000][1425.938s][info ][safepoint     ] Total time for which application threads were stopped: 0.0002711 seconds, Stopping threads took: 0.0000521 seconds
[2023-11-16T05:58:06.495+0000][1426.938s][debug][safepoint     ] Safepoint synchronization initiated. (180 threads)
[2023-11-16T05:58:06.495+0000][1426.938s][info ][safepoint     ] Application time: 1.0001569 seconds
[2023-11-16T05:58:06.495+0000][1426.938s][info ][safepoint     ] Entering safepoint region: Cleanup
[2023-11-16T05:58:06.495+0000][1426.938s][info ][safepoint     ] Leaving safepoint region
[2023-11-16T05:58:06.495+0000][1426.938s][info ][safepoint     ] Total time for which application threads were stopped: 0.0002702 seconds, Stopping threads took: 0.0000524 seconds
[2023-11-16T05:58:07.495+0000][1427.938s][debug][safepoint     ] Safepoint synchronization initiated. (180 threads)
[2023-11-16T05:58:07.495+0000][1427.938s][info ][safepoint     ] Application time: 1.0001528 seconds
[2023-11-16T05:58:07.495+0000][1427.938s][info ][safepoint     ] Entering safepoint region: Cleanup
[2023-11-16T05:58:07.495+0000][1427.939s][info ][safepoint     ] Leaving safepoint region
[2023-11-16T05:58:07.495+0000][1427.939s][info ][safepoint     ] Total time for which application threads were stopped: 0.0002906 seconds, Stopping threads took: 0.0000527 seconds
[2023-11-16T05:58:08.496+0000][1428.939s][debug][safepoint     ] Safepoint synchronization initiated. (180 threads)
[2023-11-16T05:58:08.496+0000][1428.939s][info ][safepoint     ] Application time: 1.0001461 seconds
[2023-11-16T05:58:08.496+0000][1428.939s][info ][safepoint     ] Entering safepoint region: Cleanup
[2023-11-16T05:58:08.496+0000][1428.939s][info ][safepoint     ] Leaving safepoint region
[2023-11-16T05:58:08.496+0000][1428.939s][info ][safepoint     ] Total time for which application threads were stopped: 0.0002702 seconds, Stopping threads took: 0.0000521 seconds
[2023-11-16T05:58:09.496+0000][1429.939s][debug][safepoint     ] Safepoint synchronization initiated. (180 threads)
[2023-11-16T05:58:09.496+0000][1429.939s][info ][safepoint     ] Application time: 1.0001549 seconds
[2023-11-16T05:58:09.496+0000][1429.939s][info ][safepoint     ] Entering safepoint region: Cleanup
[2023-11-16T05:58:09.496+0000][1429.940s][info ][safepoint     ] Leaving safepoint region
[2023-11-16T05:58:09.496+0000][1429.940s][info ][safepoint     ] Total time for which application threads were stopped: 0.0003137 seconds, Stopping threads took: 0.0000589 seconds
[2023-11-16T05:58:10.496+0000][1430.940s][debug][safepoint     ] Safepoint synchronization initiated. (180 threads)
[2023-11-16T05:58:10.497+0000][1430.940s][info ][safepoint     ] Application time: 1.0001364 seconds
[2023-11-16T05:58:10.497+0000][1430.940s][debug][safepoint     ] Waiting for 1 thread(s) to block
[2023-11-16T05:58:10.497+0000][1430.940s][info ][safepoint     ] Entering safepoint region: Cleanup
[2023-11-16T05:58:10.497+0000][1430.940s][info ][safepoint     ] Leaving safepoint region
[2023-11-16T05:58:10.497+0000][1430.940s][info ][safepoint     ] Total time for which application threads were stopped: 0.0003780 seconds, Stopping threads took: 0.0001525 seconds
[2023-11-16T05:58:11.497+0000][1431.940s][debug][safepoint     ] Safepoint synchronization initiated. (180 threads)
[2023-11-16T05:58:11.497+0000][1431.940s][info ][safepoint     ] Application time: 1.0001596 seconds
[2023-11-16T05:58:11.497+0000][1431.940s][info ][safepoint     ] Entering safepoint region: Cleanup
[2023-11-16T05:58:11.497+0000][1431.941s][info ][safepoint     ] Leaving safepoint region
[2023-11-16T05:58:11.497+0000][1431.941s][info ][safepoint     ] Total time for which application threads were stopped: 0.0002693 seconds, Stopping threads took: 0.0000555 seconds
[2023-11-16T05:58:12.498+0000][1432.941s][debug][safepoint     ] Safepoint synchronization initiated. (180 threads)
[2023-11-16T05:58:12.498+0000][1432.941s][info ][safepoint     ] Application time: 1.0001581 seconds
[2023-11-16T05:58:12.498+0000][1432.941s][info ][safepoint     ] Entering safepoint region: Cleanup
[2023-11-16T05:58:12.498+0000][1432.941s][info ][safepoint     ] Leaving safepoint region
[2023-11-16T05:58:12.498+0000][1432.941s][info ][safepoint     ] Total time for which application threads were stopped: 0.0002830 seconds, Stopping threads took: 0.0000528 seconds
[2023-11-16T05:58:13.498+0000][1433.941s][debug][safepoint     ] Safepoint synchronization initiated. (180 threads)
[2023-11-16T05:58:13.498+0000][1433.941s][info ][safepoint     ] Application time: 1.0001693 seconds
[2023-11-16T05:58:13.498+0000][1433.941s][info ][safepoint     ] Entering safepoint region: Cleanup
[2023-11-16T05:58:13.498+0000][1433.942s][info ][safepoint     ] Leaving safepoint region
[2023-11-16T05:58:13.498+0000][1433.942s][info ][safepoint     ] Total time for which application threads were stopped: 0.0003902 seconds, Stopping threads took: 0.0000531 seconds
[2023-11-16T05:58:14.499+0000][1434.942s][debug][safepoint     ] Safepoint synchronization initiated. (180 threads)
[2023-11-16T05:58:14.499+0000][1434.942s][info ][safepoint     ] Application time: 1.0001586 seconds
[2023-11-16T05:58:14.499+0000][1434.942s][info ][safepoint     ] Entering safepoint region: Cleanup
[2023-11-16T05:58:14.499+0000][1434.942s][info ][safepoint     ] Leaving safepoint region
[2023-11-16T05:58:14.499+0000][1434.943s][info ][safepoint     ] Total time for which application threads were stopped: 0.0005375 seconds, Stopping threads took: 0.0003225 seconds
[2023-11-16T05:58:15.499+0000][1435.943s][debug][safepoint     ] Safepoint synchronization initiated. (180 threads)
[2023-11-16T05:58:15.499+0000][1435.943s][info ][safepoint     ] Application time: 1.0001639 seconds
[2023-11-16T05:58:15.499+0000][1435.943s][info ][safepoint     ] Entering safepoint region: Cleanup
[2023-11-16T05:58:15.500+0000][1435.943s][info ][safepoint     ] Leaving safepoint region
[2023-11-16T05:58:15.500+0000][1435.943s][info ][safepoint     ] Total time for which application threads were stopped: 0.0002899 seconds, Stopping threads took: 0.0000763 seconds
[2023-11-16T05:58:16.500+0000][1436.943s][debug][safepoint     ] Safepoint synchronization initiated. (180 threads)
[2023-11-16T05:58:16.500+0000][1436.943s][info ][safepoint     ] Application time: 1.0001558 seconds
[2023-11-16T05:58:16.500+0000][1436.943s][info ][safepoint     ] Entering safepoint region: Cleanup
[2023-11-16T05:58:16.500+0000][1436.943s][info ][safepoint     ] Leaving safepoint region
[2023-11-16T05:58:16.500+0000][1436.943s][info ][safepoint     ] Total time for which application threads were stopped: 0.0002733 seconds, Stopping threads took: 0.0000551 seconds
[2023-11-16T05:58:17.500+0000][1437.944s][debug][safepoint     ] Safepoint synchronization initiated. (180 threads)
[2023-11-16T05:58:17.500+0000][1437.944s][info ][safepoint     ] Application time: 1.0001586 seconds
[2023-11-16T05:58:17.500+0000][1437.944s][info ][safepoint     ] Entering safepoint region: Cleanup
[2023-11-16T05:58:17.501+0000][1437.944s][info ][safepoint     ] Leaving safepoint region
[2023-11-16T05:58:17.501+0000][1437.944s][info ][safepoint     ] Total time for which application threads were stopped: 0.0002739 seconds, Stopping threads took: 0.0000564 seconds
[2023-11-16T05:58:18.501+0000][1438.944s][debug][safepoint     ] Safepoint synchronization initiated. (180 threads)
[2023-11-16T05:58:18.501+0000][1438.944s][info ][safepoint     ] Application time: 1.0001606 seconds
[2023-11-16T05:58:18.501+0000][1438.944s][info ][safepoint     ] Entering safepoint region: Cleanup
[2023-11-16T05:58:18.501+0000][1438.944s][info ][safepoint     ] Leaving safepoint region
[2023-11-16T05:58:18.501+0000][1438.944s][info ][safepoint     ] Total time for which application threads were stopped: 0.0002839 seconds, Stopping threads took: 0.0000586 seconds
[2023-11-16T05:58:19.501+0000][1439.945s][debug][safepoint     ] Safepoint synchronization initiated. (180 threads)
[2023-11-16T05:58:19.501+0000][1439.945s][info ][safepoint     ] Application time: 1.0001689 seconds
[2023-11-16T05:58:19.501+0000][1439.945s][info ][safepoint     ] Entering safepoint region: Cleanup
[2023-11-16T05:58:19.502+0000][1439.945s][info ][safepoint     ] Leaving safepoint region
[2023-11-16T05:58:19.502+0000][1439.945s][info ][safepoint     ] Total time for which application threads were stopped: 0.0004389 seconds, Stopping threads took: 0.0001406 seconds
[2023-11-16T05:58:20.502+0000][1440.945s][debug][safepoint     ] Safepoint synchronization initiated. (180 threads)
[2023-11-16T05:58:20.502+0000][1440.945s][info ][safepoint     ] Application time: 1.0001573 seconds
[2023-11-16T05:58:20.502+0000][1440.945s][info ][safepoint     ] Entering safepoint region: Cleanup
[2023-11-16T05:58:20.502+0000][1440.946s][info ][safepoint     ] Leaving safepoint region
[2023-11-16T05:58:20.502+0000][1440.946s][info ][safepoint     ] Total time for which application threads were stopped: 0.0003907 seconds, Stopping threads took: 0.0000536 seconds
[2023-11-16T05:58:21.502+0000][1441.946s][debug][safepoint     ] Safepoint synchronization initiated. (180 threads)
[2023-11-16T05:58:21.503+0000][1441.946s][info ][safepoint     ] Application time: 1.0001554 seconds
[2023-11-16T05:58:21.503+0000][1441.946s][info ][safepoint     ] Entering safepoint region: Cleanup
[2023-11-16T05:58:21.503+0000][1441.946s][info ][safepoint     ] Leaving safepoint region
[2023-11-16T05:58:21.503+0000][1441.946s][info ][safepoint     ] Total time for which application threads were stopped: 0.0003903 seconds, Stopping threads took: 0.0000523 seconds
[2023-11-16T05:58:22.503+0000][1442.946s][debug][safepoint     ] Safepoint synchronization initiated. (180 threads)
[2023-11-16T05:58:22.503+0000][1442.946s][info ][safepoint     ] Application time: 1.0001535 seconds
[2023-11-16T05:58:22.503+0000][1442.946s][info ][safepoint     ] Entering safepoint region: Cleanup
[2023-11-16T05:58:22.503+0000][1442.947s][info ][safepoint     ] Leaving safepoint region
[2023-11-16T05:58:22.504+0000][1442.947s][info ][safepoint     ] Total time for which application threads were stopped: 0.0003853 seconds, Stopping threads took: 0.0000531 seconds
[2023-11-16T05:58:23.504+0000][1443.947s][debug][safepoint     ] Safepoint synchronization initiated. (180 threads)
[2023-11-16T05:58:23.504+0000][1443.947s][info ][safepoint     ] Application time: 1.0001383 seconds
[2023-11-16T05:58:23.504+0000][1443.947s][info ][safepoint     ] Entering safepoint region: Cleanup
[2023-11-16T05:58:23.504+0000][1443.947s][info ][safepoint     ] Leaving safepoint region
[2023-11-16T05:58:23.504+0000][1443.947s][info ][safepoint     ] Total time for which application threads were stopped: 0.0003896 seconds, Stopping threads took: 0.0000531 seconds
[2023-11-16T05:58:24.504+0000][1444.948s][debug][safepoint     ] Safepoint synchronization initiated. (180 threads)
[2023-11-16T05:58:24.504+0000][1444.948s][info ][safepoint     ] Application time: 1.0001631 seconds
[2023-11-16T05:58:24.504+0000][1444.948s][info ][safepoint     ] Entering safepoint region: Cleanup
[2023-11-16T05:58:24.505+0000][1444.948s][info ][safepoint     ] Leaving safepoint region
[2023-11-16T05:58:24.505+0000][1444.948s][info ][safepoint     ] Total time for which application threads were stopped: 0.0005245 seconds, Stopping threads took: 0.0003098 seconds
[2023-11-16T05:58:25.505+0000][1445.948s][debug][safepoint     ] Safepoint synchronization initiated. (180 threads)
[2023-11-16T05:58:25.505+0000][1445.948s][info ][safepoint     ] Application time: 1.0001583 seconds
[2023-11-16T05:58:25.505+0000][1445.948s][info ][safepoint     ] Entering safepoint region: Cleanup
[2023-11-16T05:58:25.505+0000][1445.949s][info ][safepoint     ] Leaving safepoint region
[2023-11-16T05:58:25.505+0000][1445.949s][info ][safepoint     ] Total time for which application threads were stopped: 0.0002722 seconds, Stopping threads took: 0.0000541 seconds
[2023-11-16T05:58:26.505+0000][1446.949s][debug][safepoint     ] Safepoint synchronization initiated. (180 threads)
[2023-11-16T05:58:26.505+0000][1446.949s][info ][safepoint     ] Application time: 1.0001578 seconds
[2023-11-16T05:58:26.505+0000][1446.949s][info ][safepoint     ] Entering safepoint region: Cleanup
[2023-11-16T05:58:26.506+0000][1446.949s][info ][safepoint     ] Leaving safepoint region
[2023-11-16T05:58:26.506+0000][1446.949s][info ][safepoint     ] Total time for which application threads were stopped: 0.0002719 seconds, Stopping threads took: 0.0000539 seconds
[2023-11-16T05:58:27.506+0000][1447.949s][debug][safepoint     ] Safepoint synchronization initiated. (180 threads)
[2023-11-16T05:58:27.506+0000][1447.949s][info ][safepoint     ] Application time: 1.0001608 seconds
[2023-11-16T05:58:27.506+0000][1447.949s][info ][safepoint     ] Entering safepoint region: Cleanup
[2023-11-16T05:58:27.506+0000][1447.949s][info ][safepoint     ] Leaving safepoint region
[2023-11-16T05:58:27.506+0000][1447.950s][info ][safepoint     ] Total time for which application threads were stopped: 0.0002909 seconds, Stopping threads took: 0.0000533 seconds
[2023-11-16T05:58:28.506+0000][1448.950s][debug][safepoint     ] Safepoint synchronization initiated. (180 threads)
[2023-11-16T05:58:28.506+0000][1448.950s][info ][safepoint     ] Application time: 1.0001542 seconds
[2023-11-16T05:58:28.506+0000][1448.950s][info ][safepoint     ] Entering safepoint region: Cleanup
[2023-11-16T05:58:28.507+0000][1448.950s][info ][safepoint     ] Leaving safepoint region
[2023-11-16T05:58:28.507+0000][1448.950s][info ][safepoint     ] Total time for which application threads were stopped: 0.0002726 seconds, Stopping threads took: 0.0000528 seconds
[2023-11-16T05:58:29.507+0000][1449.950s][debug][safepoint     ] Safepoint synchronization initiated. (179 threads)
[2023-11-16T05:58:29.507+0000][1449.950s][info ][safepoint     ] Application time: 1.0001414 seconds
[2023-11-16T05:58:29.507+0000][1449.950s][info ][safepoint     ] Entering safepoint region: Cleanup
[2023-11-16T05:58:29.507+0000][1449.951s][info ][safepoint     ] Leaving safepoint region
[2023-11-16T05:58:29.507+0000][1449.951s][info ][safepoint     ] Total time for which application threads were stopped: 0.0003772 seconds, Stopping threads took: 0.0001615 seconds
[2023-11-16T05:58:30.507+0000][1450.951s][debug][safepoint     ] Safepoint synchronization initiated. (179 threads)
[2023-11-16T05:58:30.507+0000][1450.951s][info ][safepoint     ] Application time: 1.0001596 seconds
[2023-11-16T05:58:30.507+0000][1450.951s][info ][safepoint     ] Entering safepoint region: Cleanup
[2023-11-16T05:58:30.508+0000][1450.951s][info ][safepoint     ] Leaving safepoint region
[2023-11-16T05:58:30.508+0000][1450.951s][info ][safepoint     ] Total time for which application threads were stopped: 0.0004273 seconds, Stopping threads took: 0.0000824 seconds
[2023-11-16T05:58:31.508+0000][1451.951s][debug][safepoint     ] Safepoint synchronization initiated. (179 threads)
[2023-11-16T05:58:31.508+0000][1451.951s][info ][safepoint     ] Application time: 1.0001591 seconds
[2023-11-16T05:58:31.508+0000][1451.951s][info ][safepoint     ] Entering safepoint region: Cleanup
[2023-11-16T05:58:31.508+0000][1451.952s][info ][safepoint     ] Leaving safepoint region
[2023-11-16T05:58:31.508+0000][1451.952s][info ][safepoint     ] Total time for which application threads were stopped: 0.0003977 seconds, Stopping threads took: 0.0000543 seconds
[2023-11-16T05:58:32.509+0000][1452.952s][debug][safepoint     ] Safepoint synchronization initiated. (179 threads)
[2023-11-16T05:58:32.509+0000][1452.952s][info ][safepoint     ] Application time: 1.0001467 seconds
[2023-11-16T05:58:32.509+0000][1452.952s][info ][safepoint     ] Entering safepoint region: Cleanup
[2023-11-16T05:58:32.509+0000][1452.952s][info ][safepoint     ] Leaving safepoint region
[2023-11-16T05:58:32.509+0000][1452.952s][info ][safepoint     ] Total time for which application threads were stopped: 0.0004019 seconds, Stopping threads took: 0.0000542 seconds
[2023-11-16T05:58:33.509+0000][1453.952s][debug][safepoint     ] Safepoint synchronization initiated. (179 threads)
[2023-11-16T05:58:33.509+0000][1453.953s][info ][safepoint     ] Application time: 1.0001520 seconds
[2023-11-16T05:58:33.509+0000][1453.953s][info ][safepoint     ] Entering safepoint region: Cleanup
[2023-11-16T05:58:33.510+0000][1453.953s][info ][safepoint     ] Leaving safepoint region
[2023-11-16T05:58:33.510+0000][1453.953s][info ][safepoint     ] Total time for which application threads were stopped: 0.0003961 seconds, Stopping threads took: 0.0000544 seconds
[2023-11-16T05:58:34.510+0000][1454.953s][debug][safepoint     ] Safepoint synchronization initiated. (179 threads)
[2023-11-16T05:58:34.510+0000][1454.953s][info ][safepoint     ] Application time: 1.0001614 seconds
[2023-11-16T05:58:34.510+0000][1454.953s][info ][safepoint     ] Entering safepoint region: Cleanup
[2023-11-16T05:58:34.510+0000][1454.953s][info ][safepoint     ] Leaving safepoint region
[2023-11-16T05:58:34.510+0000][1454.953s][info ][safepoint     ] Total time for which application threads were stopped: 0.0003499 seconds, Stopping threads took: 0.0000601 seconds
[2023-11-16T05:58:35.510+0000][1455.954s][debug][safepoint     ] Safepoint synchronization initiated. (179 threads)
[2023-11-16T05:58:35.510+0000][1455.954s][info ][safepoint     ] Application time: 1.0001619 seconds
[2023-11-16T05:58:35.510+0000][1455.954s][info ][safepoint     ] Entering safepoint region: Cleanup
[2023-11-16T05:58:35.511+0000][1455.954s][info ][safepoint     ] Leaving safepoint region
[2023-11-16T05:58:35.511+0000][1455.954s][info ][safepoint     ] Total time for which application threads were stopped: 0.0002704 seconds, Stopping threads took: 0.0000530 seconds
[2023-11-16T05:58:36.511+0000][1456.954s][debug][safepoint     ] Safepoint synchronization initiated. (179 threads)
[2023-11-16T05:58:36.511+0000][1456.954s][info ][safepoint     ] Application time: 1.0001552 seconds
[2023-11-16T05:58:36.511+0000][1456.954s][info ][safepoint     ] Entering safepoint region: Cleanup
[2023-11-16T05:58:36.511+0000][1456.954s][info ][safepoint     ] Leaving safepoint region
[2023-11-16T05:58:36.511+0000][1456.954s][info ][safepoint     ] Total time for which application threads were stopped: 0.0002725 seconds, Stopping threads took: 0.0000531 seconds
[2023-11-16T05:58:37.511+0000][1457.955s][debug][safepoint     ] Safepoint synchronization initiated. (179 threads)
[2023-11-16T05:58:37.511+0000][1457.955s][info ][safepoint     ] Application time: 1.0001620 seconds
[2023-11-16T05:58:37.511+0000][1457.955s][info ][safepoint     ] Entering safepoint region: Cleanup
[2023-11-16T05:58:37.512+0000][1457.955s][info ][safepoint     ] Leaving safepoint region
[2023-11-16T05:58:37.512+0000][1457.955s][info ][safepoint     ] Total time for which application threads were stopped: 0.0003079 seconds, Stopping threads took: 0.0000539 seconds
[2023-11-16T05:58:38.512+0000][1458.955s][debug][safepoint     ] Safepoint synchronization initiated. (179 threads)
[2023-11-16T05:58:38.512+0000][1458.955s][info ][safepoint     ] Application time: 1.0001577 seconds
[2023-11-16T05:58:38.512+0000][1458.955s][info ][safepoint     ] Entering safepoint region: Cleanup
[2023-11-16T05:58:38.512+0000][1458.955s][info ][safepoint     ] Leaving safepoint region
[2023-11-16T05:58:38.512+0000][1458.955s][info ][safepoint     ] Total time for which application threads were stopped: 0.0002754 seconds, Stopping threads took: 0.0000540 seconds
[2023-11-16T05:58:39.512+0000][1459.955s][debug][safepoint     ] Safepoint synchronization initiated. (179 threads)
[2023-11-16T05:58:39.512+0000][1459.956s][info ][safepoint     ] Application time: 1.0001472 seconds
[2023-11-16T05:58:39.512+0000][1459.956s][info ][safepoint     ] Entering safepoint region: Cleanup
[2023-11-16T05:58:39.513+0000][1459.956s][info ][safepoint     ] Leaving safepoint region
[2023-11-16T05:58:39.513+0000][1459.956s][info ][safepoint     ] Total time for which application threads were stopped: 0.0003203 seconds, Stopping threads took: 0.0000664 seconds
[2023-11-16T05:58:40.513+0000][1460.956s][debug][safepoint     ] Safepoint synchronization initiated. (179 threads)
[2023-11-16T05:58:40.513+0000][1460.956s][info ][safepoint     ] Application time: 1.0001617 seconds
[2023-11-16T05:58:40.513+0000][1460.956s][info ][safepoint     ] Entering safepoint region: Cleanup
[2023-11-16T05:58:40.513+0000][1460.956s][info ][safepoint     ] Leaving safepoint region
[2023-11-16T05:58:40.513+0000][1460.956s][info ][safepoint     ] Total time for which application threads were stopped: 0.0002797 seconds, Stopping threads took: 0.0000557 seconds
[2023-11-16T05:58:41.513+0000][1461.956s][debug][safepoint     ] Safepoint synchronization initiated. (179 threads)
[2023-11-16T05:58:41.513+0000][1461.957s][info ][safepoint     ] Application time: 1.0001575 seconds
[2023-11-16T05:58:41.513+0000][1461.957s][info ][safepoint     ] Entering safepoint region: Cleanup
[2023-11-16T05:58:41.513+0000][1461.957s][info ][safepoint     ] Leaving safepoint region
[2023-11-16T05:58:41.514+0000][1461.957s][info ][safepoint     ] Total time for which application threads were stopped: 0.0002773 seconds, Stopping threads took: 0.0000557 seconds
[2023-11-16T05:58:42.514+0000][1462.957s][debug][safepoint     ] Safepoint synchronization initiated. (179 threads)
[2023-11-16T05:58:42.514+0000][1462.957s][info ][safepoint     ] Application time: 1.0001369 seconds
[2023-11-16T05:58:42.514+0000][1462.957s][info ][safepoint     ] Entering safepoint region: Cleanup
[2023-11-16T05:58:42.514+0000][1462.957s][info ][safepoint     ] Leaving safepoint region
[2023-11-16T05:58:42.514+0000][1462.957s][info ][safepoint     ] Total time for which application threads were stopped: 0.0002701 seconds, Stopping threads took: 0.0000539 seconds
[2023-11-16T05:58:43.514+0000][1463.957s][debug][safepoint     ] Safepoint synchronization initiated. (179 threads)
[2023-11-16T05:58:43.514+0000][1463.957s][info ][safepoint     ] Application time: 1.0001425 seconds
[2023-11-16T05:58:43.514+0000][1463.957s][info ][safepoint     ] Entering safepoint region: Cleanup
[2023-11-16T05:58:43.514+0000][1463.958s][info ][safepoint     ] Leaving safepoint region
[2023-11-16T05:58:43.514+0000][1463.958s][info ][safepoint     ] Total time for which application threads were stopped: 0.0002945 seconds, Stopping threads took: 0.0000581 seconds
[2023-11-16T05:58:44.515+0000][1464.958s][debug][safepoint     ] Safepoint synchronization initiated. (179 threads)
[2023-11-16T05:58:44.515+0000][1464.958s][info ][safepoint     ] Application time: 1.0001715 seconds
[2023-11-16T05:58:44.515+0000][1464.958s][info ][safepoint     ] Entering safepoint region: Cleanup
[2023-11-16T05:58:44.515+0000][1464.958s][info ][safepoint     ] Leaving safepoint region
[2023-11-16T05:58:44.515+0000][1464.958s][info ][safepoint     ] Total time for which application threads were stopped: 0.0005130 seconds, Stopping threads took: 0.0002775 seconds
[2023-11-16T05:58:45.515+0000][1465.959s][debug][safepoint     ] Safepoint synchronization initiated. (179 threads)
[2023-11-16T05:58:45.515+0000][1465.959s][info ][safepoint     ] Application time: 1.0001628 seconds
[2023-11-16T05:58:45.515+0000][1465.959s][info ][safepoint     ] Entering safepoint region: Cleanup
[2023-11-16T05:58:45.516+0000][1465.959s][info ][safepoint     ] Leaving safepoint region
[2023-11-16T05:58:45.516+0000][1465.959s][info ][safepoint     ] Total time for which application threads were stopped: 0.0003077 seconds, Stopping threads took: 0.0000579 seconds
[2023-11-16T05:58:46.516+0000][1466.959s][debug][safepoint     ] Safepoint synchronization initiated. (179 threads)
[2023-11-16T05:58:46.516+0000][1466.959s][info ][safepoint     ] Application time: 1.0001583 seconds
[2023-11-16T05:58:46.516+0000][1466.959s][info ][safepoint     ] Entering safepoint region: Cleanup
[2023-11-16T05:58:46.516+0000][1466.959s][info ][safepoint     ] Leaving safepoint region
[2023-11-16T05:58:46.516+0000][1466.959s][info ][safepoint     ] Total time for which application threads were stopped: 0.0002715 seconds, Stopping threads took: 0.0000527 seconds
[2023-11-16T05:58:47.516+0000][1467.960s][debug][safepoint     ] Safepoint synchronization initiated. (179 threads)
[2023-11-16T05:58:47.516+0000][1467.960s][info ][safepoint     ] Application time: 1.0001627 seconds
[2023-11-16T05:58:47.516+0000][1467.960s][info ][safepoint     ] Entering safepoint region: Cleanup
[2023-11-16T05:58:47.517+0000][1467.960s][info ][safepoint     ] Leaving safepoint region
[2023-11-16T05:58:47.517+0000][1467.960s][info ][safepoint     ] Total time for which application threads were stopped: 0.0002759 seconds, Stopping threads took: 0.0000560 seconds
[2023-11-16T05:58:48.517+0000][1468.960s][debug][safepoint     ] Safepoint synchronization initiated. (179 threads)
[2023-11-16T05:58:48.517+0000][1468.960s][info ][safepoint     ] Application time: 1.0001591 seconds
[2023-11-16T05:58:48.517+0000][1468.960s][info ][safepoint     ] Entering safepoint region: Cleanup
[2023-11-16T05:58:48.517+0000][1468.960s][info ][safepoint     ] Leaving safepoint region
[2023-11-16T05:58:48.517+0000][1468.960s][info ][safepoint     ] Total time for which application threads were stopped: 0.0002781 seconds, Stopping threads took: 0.0000557 seconds
[2023-11-16T05:58:49.517+0000][1469.960s][debug][safepoint     ] Safepoint synchronization initiated. (179 threads)
[2023-11-16T05:58:49.517+0000][1469.961s][info ][safepoint     ] Application time: 1.0003056 seconds
[2023-11-16T05:58:49.517+0000][1469.961s][info ][safepoint     ] Entering safepoint region: Cleanup
[2023-11-16T05:58:49.518+0000][1469.961s][info ][safepoint     ] Leaving safepoint region
[2023-11-16T05:58:49.518+0000][1469.961s][info ][safepoint     ] Total time for which application threads were stopped: 0.0002575 seconds, Stopping threads took: 0.0000541 seconds
[2023-11-16T05:58:50.518+0000][1470.961s][debug][safepoint     ] Safepoint synchronization initiated. (179 threads)
[2023-11-16T05:58:50.518+0000][1470.961s][info ][safepoint     ] Application time: 1.0001607 seconds
[2023-11-16T05:58:50.518+0000][1470.961s][info ][safepoint     ] Entering safepoint region: Cleanup
[2023-11-16T05:58:50.518+0000][1470.961s][info ][safepoint     ] Leaving safepoint region
[2023-11-16T05:58:50.518+0000][1470.961s][info ][safepoint     ] Total time for which application threads were stopped: 0.0002766 seconds, Stopping threads took: 0.0000572 seconds
[2023-11-16T05:58:51.518+0000][1471.962s][debug][safepoint     ] Safepoint synchronization initiated. (179 threads)
[2023-11-16T05:58:51.518+0000][1471.962s][info ][safepoint     ] Application time: 1.0001549 seconds
[2023-11-16T05:58:51.518+0000][1471.962s][info ][safepoint     ] Entering safepoint region: Cleanup
[2023-11-16T05:58:51.519+0000][1471.962s][info ][safepoint     ] Leaving safepoint region
[2023-11-16T05:58:51.519+0000][1471.962s][info ][safepoint     ] Total time for which application threads were stopped: 0.0002732 seconds, Stopping threads took: 0.0000543 seconds
[2023-11-16T05:58:52.519+0000][1472.962s][debug][safepoint     ] Safepoint synchronization initiated. (179 threads)
[2023-11-16T05:58:52.519+0000][1472.962s][info ][safepoint     ] Application time: 1.0001592 seconds
[2023-11-16T05:58:52.519+0000][1472.962s][info ][safepoint     ] Entering safepoint region: Cleanup
[2023-11-16T05:58:52.519+0000][1472.962s][info ][safepoint     ] Leaving safepoint region
[2023-11-16T05:58:52.519+0000][1472.962s][info ][safepoint     ] Total time for which application threads were stopped: 0.0002815 seconds, Stopping threads took: 0.0000564 seconds
[2023-11-16T05:58:53.519+0000][1473.963s][debug][safepoint     ] Safepoint synchronization initiated. (179 threads)
[2023-11-16T05:58:53.519+0000][1473.963s][info ][safepoint     ] Application time: 1.0001633 seconds
[2023-11-16T05:58:53.519+0000][1473.963s][info ][safepoint     ] Entering safepoint region: Cleanup
[2023-11-16T05:58:53.520+0000][1473.963s][info ][safepoint     ] Leaving safepoint region
[2023-11-16T05:58:53.520+0000][1473.963s][info ][safepoint     ] Total time for which application threads were stopped: 0.0003244 seconds, Stopping threads took: 0.0000564 seconds
[2023-11-16T05:58:54.520+0000][1474.963s][debug][safepoint     ] Safepoint synchronization initiated. (179 threads)
[2023-11-16T05:58:54.520+0000][1474.963s][info ][safepoint     ] Application time: 1.0001506 seconds
[2023-11-16T05:58:54.520+0000][1474.963s][info ][safepoint     ] Entering safepoint region: Cleanup
[2023-11-16T05:58:54.520+0000][1474.964s][info ][safepoint     ] Leaving safepoint region
[2023-11-16T05:58:54.520+0000][1474.964s][info ][safepoint     ] Total time for which application threads were stopped: 0.0006059 seconds, Stopping threads took: 0.0003762 seconds
[2023-11-16T05:58:55.520+0000][1475.964s][debug][safepoint     ] Safepoint synchronization initiated. (179 threads)
[2023-11-16T05:58:55.521+0000][1475.964s][info ][safepoint     ] Application time: 1.0001566 seconds
[2023-11-16T05:58:55.521+0000][1475.964s][info ][safepoint     ] Entering safepoint region: Cleanup
[2023-11-16T05:58:55.521+0000][1475.964s][info ][safepoint     ] Leaving safepoint region
[2023-11-16T05:58:55.521+0000][1475.964s][info ][safepoint     ] Total time for which application threads were stopped: 0.0002690 seconds, Stopping threads took: 0.0000522 seconds
[2023-11-16T05:58:56.521+0000][1476.964s][debug][safepoint     ] Safepoint synchronization initiated. (179 threads)
[2023-11-16T05:58:56.521+0000][1476.964s][info ][safepoint     ] Application time: 1.0001597 seconds
[2023-11-16T05:58:56.521+0000][1476.964s][info ][safepoint     ] Entering safepoint region: Cleanup
[2023-11-16T05:58:56.521+0000][1476.965s][info ][safepoint     ] Leaving safepoint region
[2023-11-16T05:58:56.521+0000][1476.965s][info ][safepoint     ] Total time for which application threads were stopped: 0.0003007 seconds, Stopping threads took: 0.0000568 seconds
[2023-11-16T05:58:57.521+0000][1477.965s][debug][safepoint     ] Safepoint synchronization initiated. (179 threads)
[2023-11-16T05:58:57.522+0000][1477.965s][info ][safepoint     ] Application time: 1.0001619 seconds
[2023-11-16T05:58:57.522+0000][1477.965s][info ][safepoint     ] Entering safepoint region: Cleanup
[2023-11-16T05:58:57.522+0000][1477.965s][info ][safepoint     ] Leaving safepoint region
[2023-11-16T05:58:57.522+0000][1477.965s][info ][safepoint     ] Total time for which application threads were stopped: 0.0002771 seconds, Stopping threads took: 0.0000564 seconds
[2023-11-16T05:58:58.522+0000][1478.965s][debug][safepoint     ] Safepoint synchronization initiated. (179 threads)
[2023-11-16T05:58:58.522+0000][1478.965s][info ][safepoint     ] Application time: 1.0001597 seconds
[2023-11-16T05:58:58.522+0000][1478.965s][info ][safepoint     ] Entering safepoint region: Cleanup
[2023-11-16T05:58:58.522+0000][1478.966s][info ][safepoint     ] Leaving safepoint region
[2023-11-16T05:58:58.522+0000][1478.966s][info ][safepoint     ] Total time for which application threads were stopped: 0.0002925 seconds, Stopping threads took: 0.0000558 seconds
[2023-11-16T05:58:59.522+0000][1479.966s][debug][safepoint     ] Safepoint synchronization initiated. (178 threads)
[2023-11-16T05:58:59.522+0000][1479.966s][info ][safepoint     ] Application time: 1.0001648 seconds
[2023-11-16T05:58:59.523+0000][1479.966s][info ][safepoint     ] Entering safepoint region: Cleanup
[2023-11-16T05:58:59.523+0000][1479.966s][info ][safepoint     ] Leaving safepoint region
[2023-11-16T05:58:59.523+0000][1479.966s][info ][safepoint     ] Total time for which application threads were stopped: 0.0004509 seconds, Stopping threads took: 0.0002131 seconds
[2023-11-16T05:59:00.523+0000][1480.966s][debug][safepoint     ] Safepoint synchronization initiated. (178 threads)
[2023-11-16T05:59:00.523+0000][1480.966s][info ][safepoint     ] Application time: 1.0001668 seconds
[2023-11-16T05:59:00.523+0000][1480.966s][info ][safepoint     ] Entering safepoint region: Cleanup
[2023-11-16T05:59:00.523+0000][1480.967s][info ][safepoint     ] Leaving safepoint region
[2023-11-16T05:59:00.523+0000][1480.967s][info ][safepoint     ] Total time for which application threads were stopped: 0.0003680 seconds, Stopping threads took: 0.0000564 seconds
[2023-11-16T05:59:01.524+0000][1481.967s][debug][safepoint     ] Safepoint synchronization initiated. (178 threads)
[2023-11-16T05:59:01.524+0000][1481.967s][info ][safepoint     ] Application time: 1.0001453 seconds
[2023-11-16T05:59:01.524+0000][1481.967s][info ][safepoint     ] Entering safepoint region: Cleanup
[2023-11-16T05:59:01.524+0000][1481.967s][info ][safepoint     ] Leaving safepoint region
[2023-11-16T05:59:01.524+0000][1481.967s][info ][safepoint     ] Total time for which application threads were stopped: 0.0002786 seconds, Stopping threads took: 0.0000544 seconds
[2023-11-16T05:59:02.524+0000][1482.967s][debug][safepoint     ] Safepoint synchronization initiated. (178 threads)
[2023-11-16T05:59:02.524+0000][1482.967s][info ][safepoint     ] Application time: 1.0001543 seconds
[2023-11-16T05:59:02.524+0000][1482.967s][info ][safepoint     ] Entering safepoint region: Cleanup
[2023-11-16T05:59:02.524+0000][1482.968s][info ][safepoint     ] Leaving safepoint region
[2023-11-16T05:59:02.524+0000][1482.968s][info ][safepoint     ] Total time for which application threads were stopped: 0.0002942 seconds, Stopping threads took: 0.0000534 seconds
[2023-11-16T05:59:03.525+0000][1483.968s][debug][safepoint     ] Safepoint synchronization initiated. (178 threads)
[2023-11-16T05:59:03.525+0000][1483.968s][info ][safepoint     ] Application time: 1.0001583 seconds
[2023-11-16T05:59:03.525+0000][1483.968s][info ][safepoint     ] Entering safepoint region: Cleanup
[2023-11-16T05:59:03.525+0000][1483.968s][info ][safepoint     ] Leaving safepoint region
[2023-11-16T05:59:03.525+0000][1483.968s][info ][safepoint     ] Total time for which application threads were stopped: 0.0003085 seconds, Stopping threads took: 0.0000582 seconds
[2023-11-16T05:59:04.525+0000][1484.968s][debug][safepoint     ] Safepoint synchronization initiated. (178 threads)
[2023-11-16T05:59:04.525+0000][1484.968s][info ][safepoint     ] Application time: 1.0001567 seconds
[2023-11-16T05:59:04.525+0000][1484.968s][info ][safepoint     ] Entering safepoint region: Cleanup
[2023-11-16T05:59:04.525+0000][1484.969s][info ][safepoint     ] Leaving safepoint region
[2023-11-16T05:59:04.525+0000][1484.969s][info ][safepoint     ] Total time for which application threads were stopped: 0.0002727 seconds, Stopping threads took: 0.0000557 seconds
[2023-11-16T05:59:05.525+0000][1485.969s][debug][safepoint     ] Safepoint synchronization initiated. (178 threads)
[2023-11-16T05:59:05.526+0000][1485.969s][info ][safepoint     ] Application time: 1.0001557 seconds
[2023-11-16T05:59:05.526+0000][1485.969s][info ][safepoint     ] Entering safepoint region: Cleanup
[2023-11-16T05:59:05.526+0000][1485.969s][info ][safepoint     ] Leaving safepoint region
[2023-11-16T05:59:05.526+0000][1485.969s][info ][safepoint     ] Total time for which application threads were stopped: 0.0002812 seconds, Stopping threads took: 0.0000590 seconds
[2023-11-16T05:59:06.526+0000][1486.969s][debug][safepoint     ] Safepoint synchronization initiated. (178 threads)
[2023-11-16T05:59:06.526+0000][1486.969s][info ][safepoint     ] Application time: 1.0001609 seconds
[2023-11-16T05:59:06.526+0000][1486.969s][info ][safepoint     ] Entering safepoint region: Cleanup
[2023-11-16T05:59:06.526+0000][1486.970s][info ][safepoint     ] Leaving safepoint region
[2023-11-16T05:59:06.526+0000][1486.970s][info ][safepoint     ] Total time for which application threads were stopped: 0.0002747 seconds, Stopping threads took: 0.0000555 seconds
[2023-11-16T05:59:07.526+0000][1487.970s][debug][safepoint     ] Safepoint synchronization initiated. (178 threads)
[2023-11-16T05:59:07.526+0000][1487.970s][info ][safepoint     ] Application time: 1.0001559 seconds
[2023-11-16T05:59:07.527+0000][1487.970s][info ][safepoint     ] Entering safepoint region: Cleanup
[2023-11-16T05:59:07.527+0000][1487.970s][info ][safepoint     ] Leaving safepoint region
[2023-11-16T05:59:07.527+0000][1487.970s][info ][safepoint     ] Total time for which application threads were stopped: 0.0002732 seconds, Stopping threads took: 0.0000553 seconds
[2023-11-16T05:59:08.527+0000][1488.970s][debug][safepoint     ] Safepoint synchronization initiated. (178 threads)
[2023-11-16T05:59:08.527+0000][1488.970s][info ][safepoint     ] Application time: 1.0001566 seconds
[2023-11-16T05:59:08.527+0000][1488.970s][info ][safepoint     ] Entering safepoint region: Cleanup
[2023-11-16T05:59:08.527+0000][1488.971s][info ][safepoint     ] Leaving safepoint region
[2023-11-16T05:59:08.527+0000][1488.971s][info ][safepoint     ] Total time for which application threads were stopped: 0.0002669 seconds, Stopping threads took: 0.0000534 seconds
[2023-11-16T05:59:09.527+0000][1489.971s][debug][safepoint     ] Safepoint synchronization initiated. (178 threads)
[2023-11-16T05:59:09.527+0000][1489.971s][info ][safepoint     ] Application time: 1.0001601 seconds
[2023-11-16T05:59:09.527+0000][1489.971s][info ][safepoint     ] Entering safepoint region: Cleanup
[2023-11-16T05:59:09.528+0000][1489.971s][info ][safepoint     ] Leaving safepoint region
[2023-11-16T05:59:09.528+0000][1489.971s][info ][safepoint     ] Total time for which application threads were stopped: 0.0003673 seconds, Stopping threads took: 0.0000868 seconds
[2023-11-16T05:59:10.528+0000][1490.971s][debug][safepoint     ] Safepoint synchronization initiated. (178 threads)
[2023-11-16T05:59:10.528+0000][1490.971s][info ][safepoint     ] Application time: 1.0001508 seconds
[2023-11-16T05:59:10.528+0000][1490.971s][info ][safepoint     ] Entering safepoint region: Cleanup
[2023-11-16T05:59:10.528+0000][1490.972s][info ][safepoint     ] Leaving safepoint region
[2023-11-16T05:59:10.528+0000][1490.972s][info ][safepoint     ] Total time for which application threads were stopped: 0.0003017 seconds, Stopping threads took: 0.0000555 seconds
[2023-11-16T05:59:11.528+0000][1491.972s][debug][safepoint     ] Safepoint synchronization initiated. (178 threads)
[2023-11-16T05:59:11.528+0000][1491.972s][info ][safepoint     ] Application time: 1.0001908 seconds
[2023-11-16T05:59:11.529+0000][1491.972s][info ][safepoint     ] Entering safepoint region: Cleanup
[2023-11-16T05:59:11.529+0000][1491.972s][info ][safepoint     ] Leaving safepoint region
[2023-11-16T05:59:11.529+0000][1491.972s][info ][safepoint     ] Total time for which application threads were stopped: 0.0002645 seconds, Stopping threads took: 0.0000626 seconds
[2023-11-16T05:59:12.529+0000][1492.972s][debug][safepoint     ] Safepoint synchronization initiated. (178 threads)
[2023-11-16T05:59:12.529+0000][1492.972s][info ][safepoint     ] Application time: 1.0001526 seconds
[2023-11-16T05:59:12.529+0000][1492.972s][info ][safepoint     ] Entering safepoint region: Cleanup
[2023-11-16T05:59:12.529+0000][1492.973s][info ][safepoint     ] Leaving safepoint region
[2023-11-16T05:59:12.529+0000][1492.973s][info ][safepoint     ] Total time for which application threads were stopped: 0.0003602 seconds, Stopping threads took: 0.0000560 seconds
[2023-11-16T05:59:13.529+0000][1493.973s][debug][safepoint     ] Safepoint synchronization initiated. (178 threads)
[2023-11-16T05:59:13.530+0000][1493.973s][info ][safepoint     ] Application time: 1.0001747 seconds
[2023-11-16T05:59:13.530+0000][1493.973s][info ][safepoint     ] Entering safepoint region: Cleanup
[2023-11-16T05:59:13.530+0000][1493.973s][info ][safepoint     ] Leaving safepoint region
[2023-11-16T05:59:13.530+0000][1493.973s][info ][safepoint     ] Total time for which application threads were stopped: 0.0003565 seconds, Stopping threads took: 0.0000554 seconds
[2023-11-16T05:59:14.530+0000][1494.973s][debug][safepoint     ] Safepoint synchronization initiated. (178 threads)
[2023-11-16T05:59:14.530+0000][1494.973s][info ][safepoint     ] Application time: 1.0001909 seconds
[2023-11-16T05:59:14.530+0000][1494.973s][info ][safepoint     ] Entering safepoint region: Cleanup
[2023-11-16T05:59:14.531+0000][1494.974s][info ][safepoint     ] Leaving safepoint region
[2023-11-16T05:59:14.531+0000][1494.974s][info ][safepoint     ] Total time for which application threads were stopped: 0.0004927 seconds, Stopping threads took: 0.0002073 seconds
[2023-11-16T05:59:15.531+0000][1495.974s][debug][safepoint     ] Safepoint synchronization initiated. (178 threads)
[2023-11-16T05:59:15.531+0000][1495.974s][info ][safepoint     ] Application time: 1.0001782 seconds
[2023-11-16T05:59:15.531+0000][1495.974s][info ][safepoint     ] Entering safepoint region: Cleanup
[2023-11-16T05:59:15.531+0000][1495.974s][info ][safepoint     ] Leaving safepoint region
[2023-11-16T05:59:15.531+0000][1495.974s][info ][safepoint     ] Total time for which application threads were stopped: 0.0003483 seconds, Stopping threads took: 0.0000550 seconds
[2023-11-16T05:59:16.531+0000][1496.975s][debug][safepoint     ] Safepoint synchronization initiated. (178 threads)
[2023-11-16T05:59:16.531+0000][1496.975s][info ][safepoint     ] Application time: 1.0001505 seconds
[2023-11-16T05:59:16.531+0000][1496.975s][info ][safepoint     ] Entering safepoint region: Cleanup
[2023-11-16T05:59:16.532+0000][1496.975s][info ][safepoint     ] Leaving safepoint region
[2023-11-16T05:59:16.532+0000][1496.975s][info ][safepoint     ] Total time for which application threads were stopped: 0.0002961 seconds, Stopping threads took: 0.0000555 seconds
[2023-11-16T05:59:17.532+0000][1497.975s][debug][safepoint     ] Safepoint synchronization initiated. (178 threads)
[2023-11-16T05:59:17.532+0000][1497.975s][info ][safepoint     ] Application time: 1.0001518 seconds
[2023-11-16T05:59:17.532+0000][1497.975s][info ][safepoint     ] Entering safepoint region: Cleanup
[2023-11-16T05:59:17.532+0000][1497.975s][info ][safepoint     ] Leaving safepoint region
[2023-11-16T05:59:17.532+0000][1497.976s][info ][safepoint     ] Total time for which application threads were stopped: 0.0003816 seconds, Stopping threads took: 0.0000569 seconds
[2023-11-16T05:59:18.532+0000][1498.976s][debug][safepoint     ] Safepoint synchronization initiated. (178 threads)
[2023-11-16T05:59:18.532+0000][1498.976s][info ][safepoint     ] Application time: 1.0001761 seconds
[2023-11-16T05:59:18.532+0000][1498.976s][info ][safepoint     ] Entering safepoint region: Cleanup
[2023-11-16T05:59:18.533+0000][1498.976s][info ][safepoint     ] Leaving safepoint region
[2023-11-16T05:59:18.533+0000][1498.976s][info ][safepoint     ] Total time for which application threads were stopped: 0.0003138 seconds, Stopping threads took: 0.0000560 seconds
[2023-11-16T05:59:19.533+0000][1499.976s][debug][safepoint     ] Safepoint synchronization initiated. (178 threads)
[2023-11-16T05:59:19.533+0000][1499.976s][info ][safepoint     ] Application time: 1.0001752 seconds
[2023-11-16T05:59:19.533+0000][1499.976s][info ][safepoint     ] Entering safepoint region: Cleanup
[2023-11-16T05:59:19.533+0000][1499.977s][info ][safepoint     ] Leaving safepoint region
[2023-11-16T05:59:19.533+0000][1499.977s][info ][safepoint     ] Total time for which application threads were stopped: 0.0003127 seconds, Stopping threads took: 0.0000575 seconds
[2023-11-16T05:59:20.533+0000][1500.977s][debug][safepoint     ] Safepoint synchronization initiated. (178 threads)
[2023-11-16T05:59:20.533+0000][1500.977s][info ][safepoint     ] Application time: 1.0001659 seconds
[2023-11-16T05:59:20.534+0000][1500.977s][info ][safepoint     ] Entering safepoint region: Cleanup
[2023-11-16T05:59:20.534+0000][1500.977s][info ][safepoint     ] Leaving safepoint region
[2023-11-16T05:59:20.534+0000][1500.977s][info ][safepoint     ] Total time for which application threads were stopped: 0.0003554 seconds, Stopping threads took: 0.0000593 seconds
[2023-11-16T05:59:21.534+0000][1501.977s][debug][safepoint     ] Safepoint synchronization initiated. (178 threads)
[2023-11-16T05:59:21.534+0000][1501.977s][info ][safepoint     ] Application time: 1.0001773 seconds
[2023-11-16T05:59:21.534+0000][1501.977s][info ][safepoint     ] Entering safepoint region: Cleanup
[2023-11-16T05:59:21.534+0000][1501.978s][info ][safepoint     ] Leaving safepoint region
[2023-11-16T05:59:21.534+0000][1501.978s][info ][safepoint     ] Total time for which application threads were stopped: 0.0002524 seconds, Stopping threads took: 0.0000538 seconds
[2023-11-16T05:59:22.534+0000][1502.978s][debug][safepoint     ] Safepoint synchronization initiated. (178 threads)
[2023-11-16T05:59:22.534+0000][1502.978s][info ][safepoint     ] Application time: 1.0001576 seconds
[2023-11-16T05:59:22.535+0000][1502.978s][info ][safepoint     ] Entering safepoint region: Cleanup
[2023-11-16T05:59:22.535+0000][1502.978s][info ][safepoint     ] Leaving safepoint region
[2023-11-16T05:59:22.535+0000][1502.978s][info ][safepoint     ] Total time for which application threads were stopped: 0.0003497 seconds, Stopping threads took: 0.0000588 seconds
[2023-11-16T05:59:23.535+0000][1503.978s][debug][safepoint     ] Safepoint synchronization initiated. (178 threads)
[2023-11-16T05:59:23.535+0000][1503.978s][info ][safepoint     ] Application time: 1.0001661 seconds
[2023-11-16T05:59:23.535+0000][1503.978s][info ][safepoint     ] Entering safepoint region: Cleanup
[2023-11-16T05:59:23.535+0000][1503.979s][info ][safepoint     ] Leaving safepoint region
[2023-11-16T05:59:23.535+0000][1503.979s][info ][safepoint     ] Total time for which application threads were stopped: 0.0003522 seconds, Stopping threads took: 0.0000575 seconds
[2023-11-16T05:59:24.536+0000][1504.979s][debug][safepoint     ] Safepoint synchronization initiated. (178 threads)
[2023-11-16T05:59:24.536+0000][1504.979s][info ][safepoint     ] Application time: 1.0001504 seconds
[2023-11-16T05:59:24.536+0000][1504.979s][info ][safepoint     ] Entering safepoint region: Cleanup
[2023-11-16T05:59:24.536+0000][1504.979s][info ][safepoint     ] Leaving safepoint region
[2023-11-16T05:59:24.536+0000][1504.979s][info ][safepoint     ] Total time for which application threads were stopped: 0.0003744 seconds, Stopping threads took: 0.0000566 seconds
[2023-11-16T05:59:25.536+0000][1505.979s][debug][safepoint     ] Safepoint synchronization initiated. (178 threads)
[2023-11-16T05:59:25.536+0000][1505.979s][info ][safepoint     ] Application time: 1.0001675 seconds
[2023-11-16T05:59:25.536+0000][1505.980s][info ][safepoint     ] Entering safepoint region: Cleanup
[2023-11-16T05:59:25.536+0000][1505.980s][info ][safepoint     ] Leaving safepoint region
[2023-11-16T05:59:25.537+0000][1505.980s][info ][safepoint     ] Total time for which application threads were stopped: 0.0003484 seconds, Stopping threads took: 0.0000587 seconds
[2023-11-16T05:59:26.537+0000][1506.980s][debug][safepoint     ] Safepoint synchronization initiated. (178 threads)
[2023-11-16T05:59:26.537+0000][1506.980s][info ][safepoint     ] Application time: 1.0001679 seconds
[2023-11-16T05:59:26.537+0000][1506.980s][info ][safepoint     ] Entering safepoint region: Cleanup
[2023-11-16T05:59:26.537+0000][1506.980s][info ][safepoint     ] Leaving safepoint region
[2023-11-16T05:59:26.537+0000][1506.980s][info ][safepoint     ] Total time for which application threads were stopped: 0.0003450 seconds, Stopping threads took: 0.0000550 seconds
[2023-11-16T05:59:27.537+0000][1507.981s][debug][safepoint     ] Safepoint synchronization initiated. (178 threads)
[2023-11-16T05:59:27.537+0000][1507.981s][info ][safepoint     ] Application time: 1.0001811 seconds
[2023-11-16T05:59:27.537+0000][1507.981s][info ][safepoint     ] Entering safepoint region: Cleanup
[2023-11-16T05:59:27.538+0000][1507.981s][info ][safepoint     ] Leaving safepoint region
[2023-11-16T05:59:27.538+0000][1507.981s][info ][safepoint     ] Total time for which application threads were stopped: 0.0004015 seconds, Stopping threads took: 0.0001768 seconds
[2023-11-16T05:59:28.538+0000][1508.981s][debug][safepoint     ] Safepoint synchronization initiated. (178 threads)
[2023-11-16T05:59:28.538+0000][1508.981s][info ][safepoint     ] Application time: 1.0001755 seconds
[2023-11-16T05:59:28.538+0000][1508.981s][info ][safepoint     ] Entering safepoint region: Cleanup
[2023-11-16T05:59:28.538+0000][1508.981s][info ][safepoint     ] Leaving safepoint region
[2023-11-16T05:59:28.538+0000][1508.981s][info ][safepoint     ] Total time for which application threads were stopped: 0.0002507 seconds, Stopping threads took: 0.0000545 seconds
[2023-11-16T05:59:29.538+0000][1509.982s][debug][safepoint     ] Safepoint synchronization initiated. (177 threads)
[2023-11-16T05:59:29.538+0000][1509.982s][info ][safepoint     ] Application time: 1.0001673 seconds
[2023-11-16T05:59:29.538+0000][1509.982s][info ][safepoint     ] Entering safepoint region: Cleanup
[2023-11-16T05:59:29.539+0000][1509.982s][info ][safepoint     ] Leaving safepoint region
[2023-11-16T05:59:29.539+0000][1509.982s][info ][safepoint     ] Total time for which application threads were stopped: 0.0002531 seconds, Stopping threads took: 0.0000545 seconds
[2023-11-16T05:59:30.539+0000][1510.982s][debug][safepoint     ] Safepoint synchronization initiated. (177 threads)
[2023-11-16T05:59:30.539+0000][1510.982s][info ][safepoint     ] Application time: 1.0001660 seconds
[2023-11-16T05:59:30.539+0000][1510.982s][info ][safepoint     ] Entering safepoint region: Cleanup
[2023-11-16T05:59:30.539+0000][1510.982s][info ][safepoint     ] Leaving safepoint region
[2023-11-16T05:59:30.539+0000][1510.982s][info ][safepoint     ] Total time for which application threads were stopped: 0.0003517 seconds, Stopping threads took: 0.0000571 seconds
[2023-11-16T05:59:31.539+0000][1511.983s][debug][safepoint     ] Safepoint synchronization initiated. (177 threads)
[2023-11-16T05:59:31.539+0000][1511.983s][info ][safepoint     ] Application time: 1.0001621 seconds
[2023-11-16T05:59:31.539+0000][1511.983s][info ][safepoint     ] Entering safepoint region: Cleanup
[2023-11-16T05:59:31.540+0000][1511.983s][info ][safepoint     ] Leaving safepoint region
[2023-11-16T05:59:31.540+0000][1511.983s][info ][safepoint     ] Total time for which application threads were stopped: 0.0003777 seconds, Stopping threads took: 0.0000557 seconds
[2023-11-16T05:59:32.540+0000][1512.983s][debug][safepoint     ] Safepoint synchronization initiated. (177 threads)
[2023-11-16T05:59:32.540+0000][1512.983s][info ][safepoint     ] Application time: 1.0001577 seconds
[2023-11-16T05:59:32.540+0000][1512.983s][info ][safepoint     ] Entering safepoint region: Cleanup
[2023-11-16T05:59:32.540+0000][1512.984s][info ][safepoint     ] Leaving safepoint region
[2023-11-16T05:59:32.540+0000][1512.984s][info ][safepoint     ] Total time for which application threads were stopped: 0.0002668 seconds, Stopping threads took: 0.0000607 seconds
[2023-11-16T05:59:33.540+0000][1513.984s][debug][safepoint     ] Safepoint synchronization initiated. (177 threads)
[2023-11-16T05:59:33.540+0000][1513.984s][info ][safepoint     ] Application time: 1.0001624 seconds
[2023-11-16T05:59:33.540+0000][1513.984s][info ][safepoint     ] Entering safepoint region: Cleanup
[2023-11-16T05:59:33.541+0000][1513.984s][info ][safepoint     ] Leaving safepoint region
[2023-11-16T05:59:33.541+0000][1513.984s][info ][safepoint     ] Total time for which application threads were stopped: 0.0002583 seconds, Stopping threads took: 0.0000537 seconds
[2023-11-16T05:59:34.541+0000][1514.984s][debug][safepoint     ] Safepoint synchronization initiated. (177 threads)
[2023-11-16T05:59:34.541+0000][1514.984s][info ][safepoint     ] Application time: 1.0001506 seconds
[2023-11-16T05:59:34.541+0000][1514.984s][info ][safepoint     ] Entering safepoint region: Cleanup
[2023-11-16T05:59:34.541+0000][1514.984s][info ][safepoint     ] Leaving safepoint region
[2023-11-16T05:59:34.541+0000][1514.984s][info ][safepoint     ] Total time for which application threads were stopped: 0.0002587 seconds, Stopping threads took: 0.0000553 seconds
[2023-11-16T05:59:35.541+0000][1515.985s][debug][safepoint     ] Safepoint synchronization initiated. (177 threads)
[2023-11-16T05:59:35.541+0000][1515.985s][info ][safepoint     ] Application time: 1.0001655 seconds
[2023-11-16T05:59:35.541+0000][1515.985s][info ][safepoint     ] Entering safepoint region: Cleanup
[2023-11-16T05:59:35.542+0000][1515.985s][info ][safepoint     ] Leaving safepoint region
[2023-11-16T05:59:35.542+0000][1515.985s][info ][safepoint     ] Total time for which application threads were stopped: 0.0003426 seconds, Stopping threads took: 0.0000542 seconds
[2023-11-16T05:59:36.542+0000][1516.985s][debug][safepoint     ] Safepoint synchronization initiated. (177 threads)
[2023-11-16T05:59:36.542+0000][1516.985s][info ][safepoint     ] Application time: 1.0001716 seconds
[2023-11-16T05:59:36.542+0000][1516.985s][info ][safepoint     ] Entering safepoint region: Cleanup
[2023-11-16T05:59:36.542+0000][1516.986s][info ][safepoint     ] Leaving safepoint region
[2023-11-16T05:59:36.542+0000][1516.986s][info ][safepoint     ] Total time for which application threads were stopped: 0.0003511 seconds, Stopping threads took: 0.0000575 seconds
[2023-11-16T05:59:37.542+0000][1517.986s][debug][safepoint     ] Safepoint synchronization initiated. (177 threads)
[2023-11-16T05:59:37.542+0000][1517.986s][info ][safepoint     ] Application time: 1.0001685 seconds
[2023-11-16T05:59:37.542+0000][1517.986s][info ][safepoint     ] Entering safepoint region: Cleanup
[2023-11-16T05:59:37.543+0000][1517.986s][info ][safepoint     ] Leaving safepoint region
[2023-11-16T05:59:37.543+0000][1517.986s][info ][safepoint     ] Total time for which application threads were stopped: 0.0003533 seconds, Stopping threads took: 0.0001462 seconds
[2023-11-16T05:59:38.543+0000][1518.986s][debug][safepoint     ] Safepoint synchronization initiated. (177 threads)
[2023-11-16T05:59:38.543+0000][1518.986s][info ][safepoint     ] Application time: 1.0001482 seconds
[2023-11-16T05:59:38.543+0000][1518.986s][info ][safepoint     ] Entering safepoint region: Cleanup
[2023-11-16T05:59:38.543+0000][1518.987s][info ][safepoint     ] Leaving safepoint region
[2023-11-16T05:59:38.543+0000][1518.987s][info ][safepoint     ] Total time for which application threads were stopped: 0.0003281 seconds, Stopping threads took: 0.0000560 seconds
[2023-11-16T05:59:39.543+0000][1519.987s][debug][safepoint     ] Safepoint synchronization initiated. (177 threads)
[2023-11-16T05:59:39.544+0000][1519.987s][info ][safepoint     ] Application time: 1.0001785 seconds
[2023-11-16T05:59:39.544+0000][1519.987s][info ][safepoint     ] Entering safepoint region: Cleanup
[2023-11-16T05:59:39.544+0000][1519.987s][info ][safepoint     ] Leaving safepoint region
[2023-11-16T05:59:39.544+0000][1519.987s][info ][safepoint     ] Total time for which application threads were stopped: 0.0002554 seconds, Stopping threads took: 0.0000536 seconds
[2023-11-16T05:59:40.544+0000][1520.987s][debug][safepoint     ] Safepoint synchronization initiated. (177 threads)
[2023-11-16T05:59:40.544+0000][1520.987s][info ][safepoint     ] Application time: 1.0001545 seconds
[2023-11-16T05:59:40.544+0000][1520.987s][info ][safepoint     ] Entering safepoint region: Cleanup
[2023-11-16T05:59:40.544+0000][1520.988s][info ][safepoint     ] Leaving safepoint region
[2023-11-16T05:59:40.544+0000][1520.988s][info ][safepoint     ] Total time for which application threads were stopped: 0.0002564 seconds, Stopping threads took: 0.0000536 seconds
[2023-11-16T05:59:41.544+0000][1521.988s][debug][safepoint     ] Safepoint synchronization initiated. (177 threads)
[2023-11-16T05:59:41.544+0000][1521.988s][info ][safepoint     ] Application time: 1.0001555 seconds
[2023-11-16T05:59:41.544+0000][1521.988s][info ][safepoint     ] Entering safepoint region: Cleanup
[2023-11-16T05:59:41.545+0000][1521.988s][info ][safepoint     ] Leaving safepoint region
[2023-11-16T05:59:41.545+0000][1521.988s][info ][safepoint     ] Total time for which application threads were stopped: 0.0003397 seconds, Stopping threads took: 0.0000529 seconds
[2023-11-16T05:59:42.545+0000][1522.988s][debug][safepoint     ] Safepoint synchronization initiated. (177 threads)
[2023-11-16T05:59:42.545+0000][1522.988s][info ][safepoint     ] Application time: 1.0001619 seconds
[2023-11-16T05:59:42.545+0000][1522.988s][info ][safepoint     ] Entering safepoint region: Cleanup
[2023-11-16T05:59:42.545+0000][1522.989s][info ][safepoint     ] Leaving safepoint region
[2023-11-16T05:59:42.545+0000][1522.989s][info ][safepoint     ] Total time for which application threads were stopped: 0.0003802 seconds, Stopping threads took: 0.0001856 seconds
[2023-11-16T05:59:43.545+0000][1523.989s][debug][safepoint     ] Safepoint synchronization initiated. (177 threads)
[2023-11-16T05:59:43.546+0000][1523.989s][info ][safepoint     ] Application time: 1.0001756 seconds
[2023-11-16T05:59:43.546+0000][1523.989s][info ][safepoint     ] Entering safepoint region: Cleanup
[2023-11-16T05:59:43.546+0000][1523.989s][info ][safepoint     ] Leaving safepoint region
[2023-11-16T05:59:43.546+0000][1523.989s][info ][safepoint     ] Total time for which application threads were stopped: 0.0003281 seconds, Stopping threads took: 0.0000562 seconds
[2023-11-16T05:59:44.546+0000][1524.989s][debug][safepoint     ] Safepoint synchronization initiated. (177 threads)
[2023-11-16T05:59:44.546+0000][1524.989s][info ][safepoint     ] Application time: 1.0001170 seconds
[2023-11-16T05:59:44.546+0000][1524.989s][info ][safepoint     ] Entering safepoint region: Cleanup
[2023-11-16T05:59:44.546+0000][1524.990s][info ][safepoint     ] Leaving safepoint region
[2023-11-16T05:59:44.546+0000][1524.990s][info ][safepoint     ] Total time for which application threads were stopped: 0.0002364 seconds, Stopping threads took: 0.0000341 seconds
[2023-11-16T05:59:45.546+0000][1525.990s][debug][safepoint     ] Safepoint synchronization initiated. (177 threads)
[2023-11-16T05:59:45.546+0000][1525.990s][info ][safepoint     ] Application time: 1.0001507 seconds
[2023-11-16T05:59:45.546+0000][1525.990s][info ][safepoint     ] Entering safepoint region: Cleanup
[2023-11-16T05:59:45.547+0000][1525.990s][info ][safepoint     ] Leaving safepoint region
[2023-11-16T05:59:45.547+0000][1525.990s][info ][safepoint     ] Total time for which application threads were stopped: 0.0002479 seconds, Stopping threads took: 0.0000502 seconds
[2023-11-16T05:59:46.547+0000][1526.990s][debug][safepoint     ] Safepoint synchronization initiated. (177 threads)
[2023-11-16T05:59:46.547+0000][1526.990s][info ][safepoint     ] Application time: 1.0001556 seconds
[2023-11-16T05:59:46.547+0000][1526.990s][info ][safepoint     ] Entering safepoint region: Cleanup
[2023-11-16T05:59:46.547+0000][1526.990s][info ][safepoint     ] Leaving safepoint region
[2023-11-16T05:59:46.547+0000][1526.990s][info ][safepoint     ] Total time for which application threads were stopped: 0.0002096 seconds, Stopping threads took: 0.0000346 seconds
[2023-11-16T05:59:47.547+0000][1527.990s][debug][safepoint     ] Safepoint synchronization initiated. (177 threads)
[2023-11-16T05:59:47.547+0000][1527.991s][info ][safepoint     ] Application time: 1.0001754 seconds
[2023-11-16T05:59:47.547+0000][1527.991s][info ][safepoint     ] Entering safepoint region: Cleanup
[2023-11-16T05:59:47.548+0000][1527.991s][info ][safepoint     ] Leaving safepoint region
[2023-11-16T05:59:47.548+0000][1527.991s][info ][safepoint     ] Total time for which application threads were stopped: 0.0006457 seconds, Stopping threads took: 0.0004101 seconds
[2023-11-16T05:59:48.548+0000][1528.991s][debug][safepoint     ] Safepoint synchronization initiated. (177 threads)
[2023-11-16T05:59:48.548+0000][1528.991s][info ][safepoint     ] Application time: 1.0001605 seconds
[2023-11-16T05:59:48.548+0000][1528.991s][info ][safepoint     ] Entering safepoint region: Cleanup
[2023-11-16T05:59:48.548+0000][1528.992s][info ][safepoint     ] Leaving safepoint region
[2023-11-16T05:59:48.548+0000][1528.992s][info ][safepoint     ] Total time for which application threads were stopped: 0.0002930 seconds, Stopping threads took: 0.0000519 seconds
[2023-11-16T05:59:49.548+0000][1529.992s][debug][safepoint     ] Safepoint synchronization initiated. (177 threads)
[2023-11-16T05:59:49.549+0000][1529.992s][info ][safepoint     ] Application time: 1.0001576 seconds
[2023-11-16T05:59:49.549+0000][1529.992s][info ][safepoint     ] Entering safepoint region: Cleanup
[2023-11-16T05:59:49.549+0000][1529.992s][info ][safepoint     ] Leaving safepoint region
[2023-11-16T05:59:49.549+0000][1529.992s][info ][safepoint     ] Total time for which application threads were stopped: 0.0003067 seconds, Stopping threads took: 0.0000529 seconds
[2023-11-16T05:59:50.549+0000][1530.992s][debug][safepoint     ] Safepoint synchronization initiated. (177 threads)
[2023-11-16T05:59:50.549+0000][1530.992s][info ][safepoint     ] Application time: 1.0001567 seconds
[2023-11-16T05:59:50.549+0000][1530.992s][info ][safepoint     ] Entering safepoint region: Cleanup
[2023-11-16T05:59:50.549+0000][1530.993s][info ][safepoint     ] Leaving safepoint region
[2023-11-16T05:59:50.549+0000][1530.993s][info ][safepoint     ] Total time for which application threads were stopped: 0.0003027 seconds, Stopping threads took: 0.0000540 seconds
[2023-11-16T05:59:51.550+0000][1531.993s][debug][safepoint     ] Safepoint synchronization initiated. (177 threads)
[2023-11-16T05:59:51.550+0000][1531.993s][info ][safepoint     ] Application time: 1.0001700 seconds
[2023-11-16T05:59:51.550+0000][1531.993s][info ][safepoint     ] Entering safepoint region: Cleanup
[2023-11-16T05:59:51.550+0000][1531.993s][info ][safepoint     ] Leaving safepoint region
[2023-11-16T05:59:51.550+0000][1531.993s][info ][safepoint     ] Total time for which application threads were stopped: 0.0002946 seconds, Stopping threads took: 0.0000519 seconds
[2023-11-16T05:59:52.550+0000][1532.993s][debug][safepoint     ] Safepoint synchronization initiated. (177 threads)
[2023-11-16T05:59:52.550+0000][1532.993s][info ][safepoint     ] Application time: 1.0001761 seconds
[2023-11-16T05:59:52.550+0000][1532.993s][info ][safepoint     ] Entering safepoint region: Cleanup
[2023-11-16T05:59:52.551+0000][1532.994s][info ][safepoint     ] Leaving safepoint region
[2023-11-16T05:59:52.551+0000][1532.994s][info ][safepoint     ] Total time for which application threads were stopped: 0.0006228 seconds, Stopping threads took: 0.0003386 seconds
[2023-11-16T05:59:53.551+0000][1533.994s][debug][safepoint     ] Safepoint synchronization initiated. (177 threads)
[2023-11-16T05:59:53.551+0000][1533.994s][info ][safepoint     ] Application time: 1.0001537 seconds
[2023-11-16T05:59:53.551+0000][1533.994s][info ][safepoint     ] Entering safepoint region: Cleanup
[2023-11-16T05:59:53.551+0000][1533.994s][info ][safepoint     ] Leaving safepoint region
[2023-11-16T05:59:53.551+0000][1533.995s][info ][safepoint     ] Total time for which application threads were stopped: 0.0002979 seconds, Stopping threads took: 0.0000519 seconds
[2023-11-16T05:59:54.551+0000][1534.995s][debug][safepoint     ] Safepoint synchronization initiated. (177 threads)
[2023-11-16T05:59:54.551+0000][1534.995s][info ][safepoint     ] Application time: 1.0001716 seconds
[2023-11-16T05:59:54.552+0000][1534.995s][info ][safepoint     ] Entering safepoint region: Cleanup
[2023-11-16T05:59:54.552+0000][1534.995s][info ][safepoint     ] Leaving safepoint region
[2023-11-16T05:59:54.552+0000][1534.995s][info ][safepoint     ] Total time for which application threads were stopped: 0.0004310 seconds, Stopping threads took: 0.0001859 seconds
[2023-11-16T05:59:55.552+0000][1535.995s][debug][safepoint     ] Safepoint synchronization initiated. (177 threads)
[2023-11-16T05:59:55.552+0000][1535.995s][info ][safepoint     ] Application time: 1.0001519 seconds
[2023-11-16T05:59:55.552+0000][1535.995s][info ][safepoint     ] Entering safepoint region: Cleanup
[2023-11-16T05:59:55.552+0000][1535.996s][info ][safepoint     ] Leaving safepoint region
[2023-11-16T05:59:55.552+0000][1535.996s][info ][safepoint     ] Total time for which application threads were stopped: 0.0003107 seconds, Stopping threads took: 0.0000531 seconds
[2023-11-16T05:59:56.552+0000][1536.996s][debug][safepoint     ] Safepoint synchronization initiated. (177 threads)
[2023-11-16T05:59:56.553+0000][1536.996s][info ][safepoint     ] Application time: 1.0001540 seconds
[2023-11-16T05:59:56.553+0000][1536.996s][info ][safepoint     ] Entering safepoint region: Cleanup
[2023-11-16T05:59:56.553+0000][1536.996s][info ][safepoint     ] Leaving safepoint region
[2023-11-16T05:59:56.553+0000][1536.996s][info ][safepoint     ] Total time for which application threads were stopped: 0.0002690 seconds, Stopping threads took: 0.0000524 seconds
[2023-11-16T05:59:57.553+0000][1537.996s][debug][safepoint     ] Safepoint synchronization initiated. (177 threads)
[2023-11-16T05:59:57.553+0000][1537.996s][info ][safepoint     ] Application time: 1.0001729 seconds
[2023-11-16T05:59:57.553+0000][1537.996s][info ][safepoint     ] Entering safepoint region: Cleanup
[2023-11-16T05:59:57.553+0000][1537.997s][info ][safepoint     ] Leaving safepoint region
[2023-11-16T05:59:57.554+0000][1537.997s][info ][safepoint     ] Total time for which application threads were stopped: 0.0004781 seconds, Stopping threads took: 0.0002995 seconds
[2023-11-16T05:59:58.554+0000][1538.997s][debug][safepoint     ] Safepoint synchronization initiated. (177 threads)
[2023-11-16T05:59:58.554+0000][1538.997s][info ][safepoint     ] Application time: 1.0001433 seconds
[2023-11-16T05:59:58.554+0000][1538.997s][info ][safepoint     ] Entering safepoint region: Cleanup
[2023-11-16T05:59:58.554+0000][1538.997s][info ][safepoint     ] Leaving safepoint region
[2023-11-16T05:59:58.554+0000][1538.997s][info ][safepoint     ] Total time for which application threads were stopped: 0.0001978 seconds, Stopping threads took: 0.0000352 seconds
[2023-11-16T05:59:59.554+0000][1539.997s][debug][safepoint     ] Safepoint synchronization initiated. (178 threads)
[2023-11-16T05:59:59.554+0000][1539.997s][info ][safepoint     ] Application time: 1.0001461 seconds
[2023-11-16T05:59:59.554+0000][1539.997s][info ][safepoint     ] Entering safepoint region: Cleanup
[2023-11-16T05:59:59.554+0000][1539.998s][info ][safepoint     ] Leaving safepoint region
[2023-11-16T05:59:59.554+0000][1539.998s][info ][safepoint     ] Total time for which application threads were stopped: 0.0002472 seconds, Stopping threads took: 0.0000505 seconds
[2023-11-16T06:00:00.554+0000][1540.998s][debug][safepoint     ] Safepoint synchronization initiated. (178 threads)
[2023-11-16T06:00:00.554+0000][1540.998s][info ][safepoint     ] Application time: 1.0001713 seconds
[2023-11-16T06:00:00.554+0000][1540.998s][info ][safepoint     ] Entering safepoint region: Cleanup
[2023-11-16T06:00:00.555+0000][1540.998s][info ][safepoint     ] Leaving safepoint region
[2023-11-16T06:00:00.555+0000][1540.998s][info ][safepoint     ] Total time for which application threads were stopped: 0.0002324 seconds, Stopping threads took: 0.0000344 seconds
[2023-11-16T06:00:01.555+0000][1541.998s][debug][safepoint     ] Safepoint synchronization initiated. (178 threads)
[2023-11-16T06:00:01.555+0000][1541.998s][info ][safepoint     ] Application time: 1.0001429 seconds
[2023-11-16T06:00:01.555+0000][1541.998s][debug][safepoint     ] ... found polling page return exception at pc = 0x00007fde84c26c9c, stub =0x00007fde7c83a800
[2023-11-16T06:00:01.555+0000][1541.998s][debug][safepoint     ] Waiting for 1 thread(s) to block
[2023-11-16T06:00:01.555+0000][1541.998s][info ][safepoint     ] Entering safepoint region: Cleanup
[2023-11-16T06:00:01.555+0000][1541.998s][info ][safepoint     ] Leaving safepoint region
[2023-11-16T06:00:01.555+0000][1541.998s][info ][safepoint     ] Total time for which application threads were stopped: 0.0003180 seconds, Stopping threads took: 0.0001813 seconds
[2023-11-16T06:00:02.555+0000][1542.999s][debug][safepoint     ] Safepoint synchronization initiated. (178 threads)
[2023-11-16T06:00:02.555+0000][1542.999s][info ][safepoint     ] Application time: 1.0001658 seconds
[2023-11-16T06:00:02.555+0000][1542.999s][info ][safepoint     ] Entering safepoint region: Cleanup
[2023-11-16T06:00:02.556+0000][1542.999s][info ][safepoint     ] Leaving safepoint region
[2023-11-16T06:00:02.556+0000][1542.999s][info ][safepoint     ] Total time for which application threads were stopped: 0.0001741 seconds, Stopping threads took: 0.0000350 seconds
[2023-11-16T06:00:03.556+0000][1543.999s][debug][safepoint     ] Safepoint synchronization initiated. (178 threads)
[2023-11-16T06:00:03.556+0000][1543.999s][info ][safepoint     ] Application time: 1.0001677 seconds
[2023-11-16T06:00:03.556+0000][1543.999s][info ][safepoint     ] Entering safepoint region: Cleanup
[2023-11-16T06:00:03.556+0000][1543.999s][info ][safepoint     ] Leaving safepoint region
[2023-11-16T06:00:03.556+0000][1543.999s][info ][safepoint     ] Total time for which application threads were stopped: 0.0002477 seconds, Stopping threads took: 0.0000538 seconds
[2023-11-16T06:00:04.556+0000][1544.999s][debug][safepoint     ] Safepoint synchronization initiated. (178 threads)
[2023-11-16T06:00:04.556+0000][1544.999s][info ][safepoint     ] Application time: 1.0001616 seconds
[2023-11-16T06:00:04.556+0000][1544.999s][info ][safepoint     ] Entering safepoint region: Cleanup
[2023-11-16T06:00:04.556+0000][1545.000s][info ][safepoint     ] Leaving safepoint region
[2023-11-16T06:00:04.556+0000][1545.000s][info ][safepoint     ] Total time for which application threads were stopped: 0.0001636 seconds, Stopping threads took: 0.0000352 seconds
[2023-11-16T06:00:05.556+0000][1546.000s][debug][safepoint     ] Safepoint synchronization initiated. (178 threads)
[2023-11-16T06:00:05.556+0000][1546.000s][info ][safepoint     ] Application time: 1.0001611 seconds
[2023-11-16T06:00:05.557+0000][1546.000s][info ][safepoint     ] Entering safepoint region: Cleanup
[2023-11-16T06:00:05.557+0000][1546.000s][info ][safepoint     ] Leaving safepoint region
[2023-11-16T06:00:05.557+0000][1546.000s][info ][safepoint     ] Total time for which application threads were stopped: 0.0003259 seconds, Stopping threads took: 0.0000359 seconds
[2023-11-16T06:00:06.557+0000][1547.000s][debug][safepoint     ] Safepoint synchronization initiated. (178 threads)
[2023-11-16T06:00:06.557+0000][1547.000s][info ][safepoint     ] Application time: 1.0001723 seconds
[2023-11-16T06:00:06.557+0000][1547.000s][info ][safepoint     ] Entering safepoint region: Cleanup
[2023-11-16T06:00:06.557+0000][1547.000s][info ][safepoint     ] Leaving safepoint region
[2023-11-16T06:00:06.557+0000][1547.001s][info ][safepoint     ] Total time for which application threads were stopped: 0.0001706 seconds, Stopping threads took: 0.0000356 seconds
[2023-11-16T06:00:07.557+0000][1548.001s][debug][safepoint     ] Safepoint synchronization initiated. (178 threads)
[2023-11-16T06:00:07.557+0000][1548.001s][info ][safepoint     ] Application time: 1.0001607 seconds
[2023-11-16T06:00:07.557+0000][1548.001s][info ][safepoint     ] Entering safepoint region: Cleanup
[2023-11-16T06:00:07.558+0000][1548.001s][info ][safepoint     ] Leaving safepoint region
[2023-11-16T06:00:07.558+0000][1548.001s][info ][safepoint     ] Total time for which application threads were stopped: 0.0002078 seconds, Stopping threads took: 0.0000551 seconds
[2023-11-16T06:00:08.558+0000][1549.001s][debug][safepoint     ] Safepoint synchronization initiated. (178 threads)
[2023-11-16T06:00:08.558+0000][1549.001s][info ][safepoint     ] Application time: 1.0001511 seconds
[2023-11-16T06:00:08.558+0000][1549.001s][info ][safepoint     ] Entering safepoint region: Cleanup
[2023-11-16T06:00:08.558+0000][1549.001s][info ][safepoint     ] Leaving safepoint region
[2023-11-16T06:00:08.558+0000][1549.001s][info ][safepoint     ] Total time for which application threads were stopped: 0.0001632 seconds, Stopping threads took: 0.0000357 seconds
[2023-11-16T06:00:09.558+0000][1550.001s][debug][safepoint     ] Safepoint synchronization initiated. (178 threads)
[2023-11-16T06:00:09.558+0000][1550.001s][info ][safepoint     ] Application time: 1.0001653 seconds
[2023-11-16T06:00:09.558+0000][1550.001s][info ][safepoint     ] Entering safepoint region: Cleanup
[2023-11-16T06:00:09.558+0000][1550.002s][info ][safepoint     ] Leaving safepoint region
[2023-11-16T06:00:09.558+0000][1550.002s][info ][safepoint     ] Total time for which application threads were stopped: 0.0003381 seconds, Stopping threads took: 0.0002169 seconds
[2023-11-16T06:00:10.559+0000][1551.002s][debug][safepoint     ] Safepoint synchronization initiated. (178 threads)
[2023-11-16T06:00:10.559+0000][1551.002s][info ][safepoint     ] Application time: 1.0001786 seconds
[2023-11-16T06:00:10.559+0000][1551.002s][info ][safepoint     ] Entering safepoint region: Cleanup
[2023-11-16T06:00:10.559+0000][1551.002s][info ][safepoint     ] Leaving safepoint region
[2023-11-16T06:00:10.559+0000][1551.002s][info ][safepoint     ] Total time for which application threads were stopped: 0.0003329 seconds, Stopping threads took: 0.0000548 seconds
[2023-11-16T06:00:11.559+0000][1552.002s][debug][safepoint     ] Safepoint synchronization initiated. (178 threads)
[2023-11-16T06:00:11.559+0000][1552.003s][info ][safepoint     ] Application time: 1.0001895 seconds
[2023-11-16T06:00:11.559+0000][1552.003s][info ][safepoint     ] Entering safepoint region: Cleanup
[2023-11-16T06:00:11.560+0000][1552.003s][info ][safepoint     ] Leaving safepoint region
[2023-11-16T06:00:11.560+0000][1552.003s][info ][safepoint     ] Total time for which application threads were stopped: 0.0003131 seconds, Stopping threads took: 0.0000526 seconds
[2023-11-16T06:00:12.560+0000][1553.003s][debug][safepoint     ] Safepoint synchronization initiated. (178 threads)
[2023-11-16T06:00:12.560+0000][1553.003s][info ][safepoint     ] Application time: 1.0001490 seconds
[2023-11-16T06:00:12.560+0000][1553.003s][info ][safepoint     ] Entering safepoint region: Cleanup
[2023-11-16T06:00:12.560+0000][1553.003s][info ][safepoint     ] Leaving safepoint region
[2023-11-16T06:00:12.560+0000][1553.003s][info ][safepoint     ] Total time for which application threads were stopped: 0.0002449 seconds, Stopping threads took: 0.0000525 seconds
[2023-11-16T06:00:13.560+0000][1554.003s][debug][safepoint     ] Safepoint synchronization initiated. (178 threads)
[2023-11-16T06:00:13.560+0000][1554.003s][info ][safepoint     ] Application time: 1.0001538 seconds
[2023-11-16T06:00:13.560+0000][1554.004s][info ][safepoint     ] Entering safepoint region: Cleanup
[2023-11-16T06:00:13.560+0000][1554.004s][info ][safepoint     ] Leaving safepoint region
[2023-11-16T06:00:13.560+0000][1554.004s][info ][safepoint     ] Total time for which application threads were stopped: 0.0002570 seconds, Stopping threads took: 0.0000520 seconds
[2023-11-16T06:00:14.561+0000][1555.004s][debug][safepoint     ] Safepoint synchronization initiated. (178 threads)
[2023-11-16T06:00:14.561+0000][1555.004s][info ][safepoint     ] Application time: 1.0001630 seconds
[2023-11-16T06:00:14.561+0000][1555.004s][info ][safepoint     ] Entering safepoint region: Cleanup
[2023-11-16T06:00:14.561+0000][1555.004s][info ][safepoint     ] Leaving safepoint region
[2023-11-16T06:00:14.561+0000][1555.004s][info ][safepoint     ] Total time for which application threads were stopped: 0.0005088 seconds, Stopping threads took: 0.0003120 seconds
[2023-11-16T06:00:15.561+0000][1556.005s][debug][safepoint     ] Safepoint synchronization initiated. (178 threads)
[2023-11-16T06:00:15.561+0000][1556.005s][info ][safepoint     ] Application time: 1.0001728 seconds
[2023-11-16T06:00:15.561+0000][1556.005s][info ][safepoint     ] Entering safepoint region: Cleanup
[2023-11-16T06:00:15.562+0000][1556.005s][info ][safepoint     ] Leaving safepoint region
[2023-11-16T06:00:15.562+0000][1556.005s][info ][safepoint     ] Total time for which application threads were stopped: 0.0003388 seconds, Stopping threads took: 0.0000522 seconds
[2023-11-16T06:00:16.562+0000][1557.005s][debug][safepoint     ] Safepoint synchronization initiated. (178 threads)
[2023-11-16T06:00:16.562+0000][1557.005s][info ][safepoint     ] Application time: 1.0001619 seconds
[2023-11-16T06:00:16.562+0000][1557.005s][info ][safepoint     ] Entering safepoint region: Cleanup
[2023-11-16T06:00:16.562+0000][1557.005s][info ][safepoint     ] Leaving safepoint region
[2023-11-16T06:00:16.562+0000][1557.006s][info ][safepoint     ] Total time for which application threads were stopped: 0.0003189 seconds, Stopping threads took: 0.0000512 seconds
[2023-11-16T06:00:17.562+0000][1558.006s][debug][safepoint     ] Safepoint synchronization initiated. (178 threads)
[2023-11-16T06:00:17.562+0000][1558.006s][info ][safepoint     ] Application time: 1.0001841 seconds
[2023-11-16T06:00:17.562+0000][1558.006s][info ][safepoint     ] Entering safepoint region: Cleanup
[2023-11-16T06:00:17.563+0000][1558.006s][info ][safepoint     ] Leaving safepoint region
[2023-11-16T06:00:17.563+0000][1558.006s][info ][safepoint     ] Total time for which application threads were stopped: 0.0003309 seconds, Stopping threads took: 0.0000521 seconds
[2023-11-16T06:00:18.563+0000][1559.006s][debug][safepoint     ] Safepoint synchronization initiated. (178 threads)
[2023-11-16T06:00:18.563+0000][1559.006s][info ][safepoint     ] Application time: 1.0001714 seconds
[2023-11-16T06:00:18.563+0000][1559.006s][info ][safepoint     ] Entering safepoint region: Cleanup
[2023-11-16T06:00:18.563+0000][1559.006s][info ][safepoint     ] Leaving safepoint region
[2023-11-16T06:00:18.563+0000][1559.007s][info ][safepoint     ] Total time for which application threads were stopped: 0.0002520 seconds, Stopping threads took: 0.0000539 seconds
[2023-11-16T06:00:19.563+0000][1560.007s][debug][safepoint     ] Safepoint synchronization initiated. (178 threads)
[2023-11-16T06:00:19.563+0000][1560.007s][info ][safepoint     ] Application time: 1.0001732 seconds
[2023-11-16T06:00:19.563+0000][1560.007s][info ][safepoint     ] Entering safepoint region: Cleanup
[2023-11-16T06:00:19.564+0000][1560.007s][info ][safepoint     ] Leaving safepoint region
[2023-11-16T06:00:19.564+0000][1560.007s][info ][safepoint     ] Total time for which application threads were stopped: 0.0005682 seconds, Stopping threads took: 0.0003524 seconds
[2023-11-16T06:00:20.564+0000][1561.007s][debug][safepoint     ] Safepoint synchronization initiated. (178 threads)
[2023-11-16T06:00:20.564+0000][1561.007s][info ][safepoint     ] Application time: 1.0001615 seconds
[2023-11-16T06:00:20.564+0000][1561.008s][info ][safepoint     ] Entering safepoint region: Cleanup
[2023-11-16T06:00:20.564+0000][1561.008s][info ][safepoint     ] Leaving safepoint region
[2023-11-16T06:00:20.564+0000][1561.008s][info ][safepoint     ] Total time for which application threads were stopped: 0.0002557 seconds, Stopping threads took: 0.0000536 seconds
[2023-11-16T06:00:21.565+0000][1562.008s][debug][safepoint     ] Safepoint synchronization initiated. (178 threads)
[2023-11-16T06:00:21.565+0000][1562.008s][info ][safepoint     ] Application time: 1.0001532 seconds
[2023-11-16T06:00:21.565+0000][1562.008s][info ][safepoint     ] Entering safepoint region: Cleanup
[2023-11-16T06:00:21.565+0000][1562.008s][info ][safepoint     ] Leaving safepoint region
[2023-11-16T06:00:21.565+0000][1562.008s][info ][safepoint     ] Total time for which application threads were stopped: 0.0002615 seconds, Stopping threads took: 0.0000533 seconds
[2023-11-16T06:00:22.565+0000][1563.008s][debug][safepoint     ] Safepoint synchronization initiated. (178 threads)
[2023-11-16T06:00:22.565+0000][1563.008s][info ][safepoint     ] Application time: 1.0001955 seconds
[2023-11-16T06:00:22.565+0000][1563.008s][debug][safepoint     ] ... found polling page return exception at pc = 0x00007fde84a2c980, stub =0x00007fde7c83a800
[2023-11-16T06:00:22.565+0000][1563.009s][debug][safepoint     ] Waiting for 1 thread(s) to block
[2023-11-16T06:00:22.565+0000][1563.009s][info ][safepoint     ] Entering safepoint region: Cleanup
[2023-11-16T06:00:22.566+0000][1563.009s][info ][safepoint     ] Leaving safepoint region
[2023-11-16T06:00:22.566+0000][1563.009s][info ][safepoint     ] Total time for which application threads were stopped: 0.0004509 seconds, Stopping threads took: 0.0001582 seconds
[2023-11-16T06:00:23.566+0000][1564.009s][debug][safepoint     ] Safepoint synchronization initiated. (178 threads)
[2023-11-16T06:00:23.566+0000][1564.009s][info ][safepoint     ] Application time: 1.0001879 seconds
[2023-11-16T06:00:23.566+0000][1564.009s][info ][safepoint     ] Entering safepoint region: Cleanup
[2023-11-16T06:00:23.566+0000][1564.009s][info ][safepoint     ] Leaving safepoint region
[2023-11-16T06:00:23.566+0000][1564.009s][info ][safepoint     ] Total time for which application threads were stopped: 0.0003457 seconds, Stopping threads took: 0.0000531 seconds
[2023-11-16T06:00:24.566+0000][1565.010s][debug][safepoint     ] Safepoint synchronization initiated. (178 threads)
[2023-11-16T06:00:24.566+0000][1565.010s][info ][safepoint     ] Application time: 1.0001780 seconds
[2023-11-16T06:00:24.566+0000][1565.010s][info ][safepoint     ] Entering safepoint region: Cleanup
[2023-11-16T06:00:24.567+0000][1565.010s][info ][safepoint     ] Leaving safepoint region
[2023-11-16T06:00:24.567+0000][1565.010s][info ][safepoint     ] Total time for which application threads were stopped: 0.0007028 seconds, Stopping threads took: 0.0003632 seconds
[2023-11-16T06:00:25.567+0000][1566.011s][debug][safepoint     ] Safepoint synchronization initiated. (178 threads)
[2023-11-16T06:00:25.567+0000][1566.011s][info ][safepoint     ] Application time: 1.0001630 seconds
[2023-11-16T06:00:25.567+0000][1566.011s][info ][safepoint     ] Entering safepoint region: Cleanup
[2023-11-16T06:00:25.568+0000][1566.011s][info ][safepoint     ] Leaving safepoint region
[2023-11-16T06:00:25.568+0000][1566.011s][info ][safepoint     ] Total time for which application threads were stopped: 0.0003049 seconds, Stopping threads took: 0.0000540 seconds
[2023-11-16T06:00:26.568+0000][1567.011s][debug][safepoint     ] Safepoint synchronization initiated. (178 threads)
[2023-11-16T06:00:26.568+0000][1567.011s][info ][safepoint     ] Application time: 1.0001785 seconds
[2023-11-16T06:00:26.568+0000][1567.011s][info ][safepoint     ] Entering safepoint region: Cleanup
[2023-11-16T06:00:26.568+0000][1567.011s][info ][safepoint     ] Leaving safepoint region
[2023-11-16T06:00:26.568+0000][1567.011s][info ][safepoint     ] Total time for which application threads were stopped: 0.0003712 seconds, Stopping threads took: 0.0000798 seconds
[2023-11-16T06:00:27.568+0000][1568.012s][debug][safepoint     ] Safepoint synchronization initiated. (178 threads)
[2023-11-16T06:00:27.568+0000][1568.012s][info ][safepoint     ] Application time: 1.0001612 seconds
[2023-11-16T06:00:27.568+0000][1568.012s][info ][safepoint     ] Entering safepoint region: Cleanup
[2023-11-16T06:00:27.569+0000][1568.012s][info ][safepoint     ] Leaving safepoint region
[2023-11-16T06:00:27.569+0000][1568.012s][info ][safepoint     ] Total time for which application threads were stopped: 0.0003425 seconds, Stopping threads took: 0.0000531 seconds
[2023-11-16T06:00:28.569+0000][1569.012s][debug][safepoint     ] Safepoint synchronization initiated. (178 threads)
[2023-11-16T06:00:28.569+0000][1569.012s][info ][safepoint     ] Application time: 1.0001599 seconds
[2023-11-16T06:00:28.569+0000][1569.012s][info ][safepoint     ] Entering safepoint region: Cleanup
[2023-11-16T06:00:28.569+0000][1569.013s][info ][safepoint     ] Leaving safepoint region
[2023-11-16T06:00:28.569+0000][1569.013s][info ][safepoint     ] Total time for which application threads were stopped: 0.0003462 seconds, Stopping threads took: 0.0000526 seconds
[2023-11-16T06:00:29.569+0000][1570.013s][debug][safepoint     ] Safepoint synchronization initiated. (177 threads)
[2023-11-16T06:00:29.569+0000][1570.013s][info ][safepoint     ] Application time: 1.0001831 seconds
[2023-11-16T06:00:29.570+0000][1570.013s][info ][safepoint     ] Entering safepoint region: Cleanup
[2023-11-16T06:00:29.570+0000][1570.013s][info ][safepoint     ] Leaving safepoint region
[2023-11-16T06:00:29.570+0000][1570.013s][info ][safepoint     ] Total time for which application threads were stopped: 0.0003092 seconds, Stopping threads took: 0.0000538 seconds
[2023-11-16T06:00:30.570+0000][1571.013s][debug][safepoint     ] Safepoint synchronization initiated. (177 threads)
[2023-11-16T06:00:30.570+0000][1571.013s][info ][safepoint     ] Application time: 1.0001460 seconds
[2023-11-16T06:00:30.570+0000][1571.013s][info ][safepoint     ] Entering safepoint region: Cleanup
[2023-11-16T06:00:30.570+0000][1571.014s][info ][safepoint     ] Leaving safepoint region
[2023-11-16T06:00:30.570+0000][1571.014s][info ][safepoint     ] Total time for which application threads were stopped: 0.0003381 seconds, Stopping threads took: 0.0000340 seconds
[2023-11-16T06:00:31.570+0000][1572.014s][debug][safepoint     ] Safepoint synchronization initiated. (177 threads)
[2023-11-16T06:00:31.570+0000][1572.014s][info ][safepoint     ] Application time: 1.0001775 seconds
[2023-11-16T06:00:31.571+0000][1572.014s][info ][safepoint     ] Entering safepoint region: Cleanup
[2023-11-16T06:00:31.571+0000][1572.014s][info ][safepoint     ] Leaving safepoint region
[2023-11-16T06:00:31.571+0000][1572.014s][info ][safepoint     ] Total time for which application threads were stopped: 0.0003031 seconds, Stopping threads took: 0.0000538 seconds
[2023-11-16T06:00:32.571+0000][1573.014s][debug][safepoint     ] Safepoint synchronization initiated. (177 threads)
[2023-11-16T06:00:32.571+0000][1573.014s][info ][safepoint     ] Application time: 1.0001778 seconds
[2023-11-16T06:00:32.571+0000][1573.014s][info ][safepoint     ] Entering safepoint region: Cleanup
[2023-11-16T06:00:32.571+0000][1573.015s][info ][safepoint     ] Leaving safepoint region
[2023-11-16T06:00:32.571+0000][1573.015s][info ][safepoint     ] Total time for which application threads were stopped: 0.0003469 seconds, Stopping threads took: 0.0000537 seconds
[2023-11-16T06:00:33.571+0000][1574.015s][debug][safepoint     ] Safepoint synchronization initiated. (177 threads)
[2023-11-16T06:00:33.572+0000][1574.015s][info ][safepoint     ] Application time: 1.0001673 seconds
[2023-11-16T06:00:33.572+0000][1574.015s][info ][safepoint     ] Entering safepoint region: Cleanup
[2023-11-16T06:00:33.572+0000][1574.015s][info ][safepoint     ] Leaving safepoint region
[2023-11-16T06:00:33.572+0000][1574.015s][info ][safepoint     ] Total time for which application threads were stopped: 0.0003416 seconds, Stopping threads took: 0.0000786 seconds
[2023-11-16T06:00:34.572+0000][1575.015s][debug][safepoint     ] Safepoint synchronization initiated. (177 threads)
[2023-11-16T06:00:34.572+0000][1575.015s][info ][safepoint     ] Application time: 1.0001570 seconds
[2023-11-16T06:00:34.572+0000][1575.015s][info ][safepoint     ] Entering safepoint region: Cleanup
[2023-11-16T06:00:34.572+0000][1575.016s][info ][safepoint     ] Leaving safepoint region
[2023-11-16T06:00:34.572+0000][1575.016s][info ][safepoint     ] Total time for which application threads were stopped: 0.0003427 seconds, Stopping threads took: 0.0000537 seconds
[2023-11-16T06:00:35.573+0000][1576.016s][debug][safepoint     ] Safepoint synchronization initiated. (177 threads)
[2023-11-16T06:00:35.573+0000][1576.016s][info ][safepoint     ] Application time: 1.0001717 seconds
[2023-11-16T06:00:35.573+0000][1576.016s][info ][safepoint     ] Entering safepoint region: Cleanup
[2023-11-16T06:00:35.573+0000][1576.016s][info ][safepoint     ] Leaving safepoint region
[2023-11-16T06:00:35.573+0000][1576.016s][info ][safepoint     ] Total time for which application threads were stopped: 0.0003501 seconds, Stopping threads took: 0.0000540 seconds
[2023-11-16T06:00:36.573+0000][1577.016s][debug][safepoint     ] Safepoint synchronization initiated. (177 threads)
[2023-11-16T06:00:36.573+0000][1577.017s][info ][safepoint     ] Application time: 1.0001749 seconds
[2023-11-16T06:00:36.573+0000][1577.017s][info ][safepoint     ] Entering safepoint region: Cleanup
[2023-11-16T06:00:36.573+0000][1577.017s][info ][safepoint     ] Leaving safepoint region
[2023-11-16T06:00:36.573+0000][1577.017s][info ][safepoint     ] Total time for which application threads were stopped: 0.0001920 seconds, Stopping threads took: 0.0000386 seconds
[2023-11-16T06:00:37.574+0000][1578.017s][debug][safepoint     ] Safepoint synchronization initiated. (177 threads)
[2023-11-16T06:00:37.574+0000][1578.017s][info ][safepoint     ] Application time: 1.0001579 seconds
[2023-11-16T06:00:37.574+0000][1578.017s][info ][safepoint     ] Entering safepoint region: Cleanup
[2023-11-16T06:00:37.574+0000][1578.017s][info ][safepoint     ] Leaving safepoint region
[2023-11-16T06:00:37.574+0000][1578.017s][info ][safepoint     ] Total time for which application threads were stopped: 0.0002462 seconds, Stopping threads took: 0.0000528 seconds
[2023-11-16T06:00:38.574+0000][1579.017s][debug][safepoint     ] Safepoint synchronization initiated. (177 threads)
[2023-11-16T06:00:38.574+0000][1579.017s][info ][safepoint     ] Application time: 1.0001723 seconds
[2023-11-16T06:00:38.574+0000][1579.017s][info ][safepoint     ] Entering safepoint region: Cleanup
[2023-11-16T06:00:38.574+0000][1579.018s][info ][safepoint     ] Leaving safepoint region
[2023-11-16T06:00:38.574+0000][1579.018s][info ][safepoint     ] Total time for which application threads were stopped: 0.0002460 seconds, Stopping threads took: 0.0000531 seconds
[2023-11-16T06:00:39.574+0000][1580.018s][debug][safepoint     ] Safepoint synchronization initiated. (177 threads)
[2023-11-16T06:00:39.574+0000][1580.018s][info ][safepoint     ] Application time: 1.0001587 seconds
[2023-11-16T06:00:39.575+0000][1580.018s][info ][safepoint     ] Entering safepoint region: Cleanup
[2023-11-16T06:00:39.575+0000][1580.018s][info ][safepoint     ] Leaving safepoint region
[2023-11-16T06:00:39.575+0000][1580.018s][info ][safepoint     ] Total time for which application threads were stopped: 0.0002601 seconds, Stopping threads took: 0.0000541 seconds
[2023-11-16T06:00:40.575+0000][1581.018s][debug][safepoint     ] Safepoint synchronization initiated. (177 threads)
[2023-11-16T06:00:40.575+0000][1581.018s][info ][safepoint     ] Application time: 1.0001449 seconds
[2023-11-16T06:00:40.575+0000][1581.018s][info ][safepoint     ] Entering safepoint region: Cleanup
[2023-11-16T06:00:40.575+0000][1581.018s][info ][safepoint     ] Leaving safepoint region
[2023-11-16T06:00:40.575+0000][1581.019s][info ][safepoint     ] Total time for which application threads were stopped: 0.0002740 seconds, Stopping threads took: 0.0000775 seconds
[2023-11-16T06:00:41.575+0000][1582.019s][debug][safepoint     ] Safepoint synchronization initiated. (177 threads)
[2023-11-16T06:00:41.575+0000][1582.019s][info ][safepoint     ] Application time: 1.0001704 seconds
[2023-11-16T06:00:41.575+0000][1582.019s][info ][safepoint     ] Entering safepoint region: Cleanup
[2023-11-16T06:00:41.576+0000][1582.019s][info ][safepoint     ] Leaving safepoint region
[2023-11-16T06:00:41.576+0000][1582.019s][info ][safepoint     ] Total time for which application threads were stopped: 0.0004140 seconds, Stopping threads took: 0.0002058 seconds
[2023-11-16T06:00:42.576+0000][1583.019s][debug][safepoint     ] Safepoint synchronization initiated. (177 threads)
[2023-11-16T06:00:42.576+0000][1583.019s][info ][safepoint     ] Application time: 1.0001581 seconds
[2023-11-16T06:00:42.576+0000][1583.019s][info ][safepoint     ] Entering safepoint region: Cleanup
[2023-11-16T06:00:42.576+0000][1583.020s][info ][safepoint     ] Leaving safepoint region
[2023-11-16T06:00:42.576+0000][1583.020s][info ][safepoint     ] Total time for which application threads were stopped: 0.0003508 seconds, Stopping threads took: 0.0000528 seconds
[2023-11-16T06:00:43.576+0000][1584.020s][debug][safepoint     ] Safepoint synchronization initiated. (177 threads)
[2023-11-16T06:00:43.577+0000][1584.020s][info ][safepoint     ] Application time: 1.0001598 seconds
[2023-11-16T06:00:43.577+0000][1584.020s][info ][safepoint     ] Entering safepoint region: Cleanup
[2023-11-16T06:00:43.577+0000][1584.020s][info ][safepoint     ] Leaving safepoint region
[2023-11-16T06:00:43.577+0000][1584.020s][info ][safepoint     ] Total time for which application threads were stopped: 0.0002528 seconds, Stopping threads took: 0.0000534 seconds
[2023-11-16T06:00:44.577+0000][1585.020s][debug][safepoint     ] Safepoint synchronization initiated. (177 threads)
[2023-11-16T06:00:44.577+0000][1585.020s][info ][safepoint     ] Application time: 1.0001924 seconds
[2023-11-16T06:00:44.577+0000][1585.020s][info ][safepoint     ] Entering safepoint region: Cleanup
[2023-11-16T06:00:44.577+0000][1585.021s][info ][safepoint     ] Leaving safepoint region
[2023-11-16T06:00:44.577+0000][1585.021s][info ][safepoint     ] Total time for which application threads were stopped: 0.0002628 seconds, Stopping threads took: 0.0000544 seconds
[2023-11-16T06:00:45.577+0000][1586.021s][debug][safepoint     ] Safepoint synchronization initiated. (177 threads)
[2023-11-16T06:00:45.577+0000][1586.021s][info ][safepoint     ] Application time: 1.0001641 seconds
[2023-11-16T06:00:45.578+0000][1586.021s][info ][safepoint     ] Entering safepoint region: Cleanup
[2023-11-16T06:00:45.578+0000][1586.021s][info ][safepoint     ] Leaving safepoint region
[2023-11-16T06:00:45.578+0000][1586.021s][info ][safepoint     ] Total time for which application threads were stopped: 0.0003490 seconds, Stopping threads took: 0.0000530 seconds
[2023-11-16T06:00:46.578+0000][1587.021s][debug][safepoint     ] Safepoint synchronization initiated. (177 threads)
[2023-11-16T06:00:46.578+0000][1587.021s][info ][safepoint     ] Application time: 1.0001899 seconds
[2023-11-16T06:00:46.578+0000][1587.021s][info ][safepoint     ] Entering safepoint region: Cleanup
[2023-11-16T06:00:46.578+0000][1587.022s][info ][safepoint     ] Leaving safepoint region
[2023-11-16T06:00:46.579+0000][1587.022s][info ][safepoint     ] Total time for which application threads were stopped: 0.0004298 seconds, Stopping threads took: 0.0002132 seconds
[2023-11-16T06:00:47.579+0000][1588.022s][debug][safepoint     ] Safepoint synchronization initiated. (177 threads)
[2023-11-16T06:00:47.579+0000][1588.022s][info ][safepoint     ] Application time: 1.0001758 seconds
[2023-11-16T06:00:47.579+0000][1588.022s][info ][safepoint     ] Entering safepoint region: Cleanup
[2023-11-16T06:00:47.579+0000][1588.022s][info ][safepoint     ] Leaving safepoint region
[2023-11-16T06:00:47.579+0000][1588.022s][info ][safepoint     ] Total time for which application threads were stopped: 0.0003646 seconds, Stopping threads took: 0.0000831 seconds
[2023-11-16T06:00:48.579+0000][1589.023s][debug][safepoint     ] Safepoint synchronization initiated. (177 threads)
[2023-11-16T06:00:48.579+0000][1589.023s][info ][safepoint     ] Application time: 1.0001464 seconds
[2023-11-16T06:00:48.579+0000][1589.023s][info ][safepoint     ] Entering safepoint region: Cleanup
[2023-11-16T06:00:48.580+0000][1589.023s][info ][safepoint     ] Leaving safepoint region
[2023-11-16T06:00:48.580+0000][1589.023s][info ][safepoint     ] Total time for which application threads were stopped: 0.0002599 seconds, Stopping threads took: 0.0000521 seconds
[2023-11-16T06:00:48.580+0000][1589.023s][debug][safepoint     ] ... found polling page return exception at pc = 0x00007fde849bede6, stub =0x00007fde7c83a800
[2023-11-16T06:00:48.580+0000][1589.023s][debug][safepoint     ] ... found polling page return exception at pc = 0x00007fde849bede6, stub =0x00007fde7c83a800
[2023-11-16T06:00:49.580+0000][1590.023s][debug][safepoint     ] Safepoint synchronization initiated. (177 threads)
[2023-11-16T06:00:49.580+0000][1590.023s][info ][safepoint     ] Application time: 1.0001507 seconds
[2023-11-16T06:00:49.580+0000][1590.023s][info ][safepoint     ] Entering safepoint region: Cleanup
[2023-11-16T06:00:49.580+0000][1590.023s][info ][safepoint     ] Leaving safepoint region
[2023-11-16T06:00:49.580+0000][1590.023s][info ][safepoint     ] Total time for which application threads were stopped: 0.0002929 seconds, Stopping threads took: 0.0000519 seconds
[2023-11-16T06:00:50.580+0000][1591.023s][debug][safepoint     ] Safepoint synchronization initiated. (177 threads)
[2023-11-16T06:00:50.580+0000][1591.024s][info ][safepoint     ] Application time: 1.0001725 seconds
[2023-11-16T06:00:50.580+0000][1591.024s][info ][safepoint     ] Entering safepoint region: Cleanup
[2023-11-16T06:00:50.581+0000][1591.024s][info ][safepoint     ] Leaving safepoint region
[2023-11-16T06:00:50.581+0000][1591.024s][info ][safepoint     ] Total time for which application threads were stopped: 0.0003436 seconds, Stopping threads took: 0.0000517 seconds
[2023-11-16T06:00:51.581+0000][1592.024s][debug][safepoint     ] Safepoint synchronization initiated. (177 threads)
[2023-11-16T06:00:51.581+0000][1592.024s][info ][safepoint     ] Application time: 1.0001603 seconds
[2023-11-16T06:00:51.581+0000][1592.024s][info ][safepoint     ] Entering safepoint region: Cleanup
[2023-11-16T06:00:51.581+0000][1592.025s][info ][safepoint     ] Leaving safepoint region
[2023-11-16T06:00:51.581+0000][1592.025s][info ][safepoint     ] Total time for which application threads were stopped: 0.0005503 seconds, Stopping threads took: 0.0003185 seconds
[2023-11-16T06:00:52.581+0000][1593.025s][debug][safepoint     ] Safepoint synchronization initiated. (177 threads)
[2023-11-16T06:00:52.581+0000][1593.025s][info ][safepoint     ] Application time: 1.0001790 seconds
[2023-11-16T06:00:52.582+0000][1593.025s][info ][safepoint     ] Entering safepoint region: Cleanup
[2023-11-16T06:00:52.582+0000][1593.025s][info ][safepoint     ] Leaving safepoint region
[2023-11-16T06:00:52.582+0000][1593.025s][info ][safepoint     ] Total time for which application threads were stopped: 0.0002627 seconds, Stopping threads took: 0.0000545 seconds
[2023-11-16T06:00:53.582+0000][1594.025s][debug][safepoint     ] Safepoint synchronization initiated. (177 threads)
[2023-11-16T06:00:53.582+0000][1594.025s][info ][safepoint     ] Application time: 1.0001610 seconds
[2023-11-16T06:00:53.582+0000][1594.025s][info ][safepoint     ] Entering safepoint region: Cleanup
[2023-11-16T06:00:53.582+0000][1594.026s][info ][safepoint     ] Leaving safepoint region
[2023-11-16T06:00:53.582+0000][1594.026s][info ][safepoint     ] Total time for which application threads were stopped: 0.0003576 seconds, Stopping threads took: 0.0000549 seconds
[2023-11-16T06:00:54.582+0000][1595.026s][debug][safepoint     ] Safepoint synchronization initiated. (177 threads)
[2023-11-16T06:00:54.583+0000][1595.026s][info ][safepoint     ] Application time: 1.0001863 seconds
[2023-11-16T06:00:54.583+0000][1595.026s][info ][safepoint     ] Entering safepoint region: Cleanup
[2023-11-16T06:00:54.583+0000][1595.026s][info ][safepoint     ] Leaving safepoint region
[2023-11-16T06:00:54.583+0000][1595.026s][info ][safepoint     ] Total time for which application threads were stopped: 0.0003491 seconds, Stopping threads took: 0.0000553 seconds
[2023-11-16T06:00:55.583+0000][1596.026s][debug][safepoint     ] Safepoint synchronization initiated. (177 threads)
[2023-11-16T06:00:55.583+0000][1596.026s][info ][safepoint     ] Application time: 1.0001639 seconds
[2023-11-16T06:00:55.583+0000][1596.026s][info ][safepoint     ] Entering safepoint region: Cleanup
[2023-11-16T06:00:55.583+0000][1596.027s][info ][safepoint     ] Leaving safepoint region
[2023-11-16T06:00:55.583+0000][1596.027s][info ][safepoint     ] Total time for which application threads were stopped: 0.0003124 seconds, Stopping threads took: 0.0000537 seconds
[2023-11-16T06:00:56.584+0000][1597.027s][debug][safepoint     ] Safepoint synchronization initiated. (177 threads)
[2023-11-16T06:00:56.584+0000][1597.027s][info ][safepoint     ] Application time: 1.0001851 seconds
[2023-11-16T06:00:56.584+0000][1597.027s][info ][safepoint     ] Entering safepoint region: Cleanup
[2023-11-16T06:00:56.584+0000][1597.027s][info ][safepoint     ] Leaving safepoint region
[2023-11-16T06:00:56.584+0000][1597.028s][info ][safepoint     ] Total time for which application threads were stopped: 0.0005390 seconds, Stopping threads took: 0.0002541 seconds
[2023-11-16T06:00:57.584+0000][1598.028s][debug][safepoint     ] Safepoint synchronization initiated. (177 threads)
[2023-11-16T06:00:57.584+0000][1598.028s][info ][safepoint     ] Application time: 1.0001647 seconds
[2023-11-16T06:00:57.584+0000][1598.028s][info ][safepoint     ] Entering safepoint region: Cleanup
[2023-11-16T06:00:57.585+0000][1598.028s][info ][safepoint     ] Leaving safepoint region
[2023-11-16T06:00:57.585+0000][1598.028s][info ][safepoint     ] Total time for which application threads were stopped: 0.0003466 seconds, Stopping threads took: 0.0000530 seconds
[2023-11-16T06:00:58.585+0000][1599.028s][debug][safepoint     ] Safepoint synchronization initiated. (177 threads)
[2023-11-16T06:00:58.585+0000][1599.028s][info ][safepoint     ] Application time: 1.0001772 seconds
[2023-11-16T06:00:58.585+0000][1599.028s][info ][safepoint     ] Entering safepoint region: Cleanup
[2023-11-16T06:00:58.585+0000][1599.029s][info ][safepoint     ] Leaving safepoint region
[2023-11-16T06:00:58.585+0000][1599.029s][info ][safepoint     ] Total time for which application threads were stopped: 0.0003441 seconds, Stopping threads took: 0.0000540 seconds
[2023-11-16T06:00:59.585+0000][1600.029s][debug][safepoint     ] Safepoint synchronization initiated. (176 threads)
[2023-11-16T06:00:59.586+0000][1600.029s][info ][safepoint     ] Application time: 1.0001801 seconds
[2023-11-16T06:00:59.586+0000][1600.029s][info ][safepoint     ] Entering safepoint region: Cleanup
[2023-11-16T06:00:59.586+0000][1600.029s][info ][safepoint     ] Leaving safepoint region
[2023-11-16T06:00:59.586+0000][1600.029s][info ][safepoint     ] Total time for which application threads were stopped: 0.0003444 seconds, Stopping threads took: 0.0000537 seconds
[2023-11-16T06:01:00.586+0000][1601.029s][debug][safepoint     ] Safepoint synchronization initiated. (176 threads)
[2023-11-16T06:01:00.586+0000][1601.029s][info ][safepoint     ] Application time: 1.0001756 seconds
[2023-11-16T06:01:00.586+0000][1601.029s][info ][safepoint     ] Entering safepoint region: Cleanup
[2023-11-16T06:01:00.586+0000][1601.030s][info ][safepoint     ] Leaving safepoint region
[2023-11-16T06:01:00.586+0000][1601.030s][info ][safepoint     ] Total time for which application threads were stopped: 0.0003419 seconds, Stopping threads took: 0.0000541 seconds
[2023-11-16T06:01:01.587+0000][1602.030s][debug][safepoint     ] Safepoint synchronization initiated. (176 threads)
[2023-11-16T06:01:01.587+0000][1602.030s][info ][safepoint     ] Application time: 1.0001538 seconds
[2023-11-16T06:01:01.587+0000][1602.030s][info ][safepoint     ] Entering safepoint region: Cleanup
[2023-11-16T06:01:01.587+0000][1602.030s][info ][safepoint     ] Leaving safepoint region
[2023-11-16T06:01:01.587+0000][1602.030s][info ][safepoint     ] Total time for which application threads were stopped: 0.0002617 seconds, Stopping threads took: 0.0000569 seconds
[2023-11-16T06:01:02.587+0000][1603.030s][debug][safepoint     ] Safepoint synchronization initiated. (176 threads)
[2023-11-16T06:01:02.587+0000][1603.030s][info ][safepoint     ] Application time: 1.0001611 seconds
[2023-11-16T06:01:02.587+0000][1603.031s][info ][safepoint     ] Entering safepoint region: Cleanup
[2023-11-16T06:01:02.587+0000][1603.031s][info ][safepoint     ] Leaving safepoint region
[2023-11-16T06:01:02.587+0000][1603.031s][info ][safepoint     ] Total time for which application threads were stopped: 0.0003426 seconds, Stopping threads took: 0.0000544 seconds
[2023-11-16T06:01:03.588+0000][1604.031s][debug][safepoint     ] Safepoint synchronization initiated. (176 threads)
[2023-11-16T06:01:03.588+0000][1604.031s][info ][safepoint     ] Application time: 1.0001549 seconds
[2023-11-16T06:01:03.588+0000][1604.031s][info ][safepoint     ] Entering safepoint region: Cleanup
[2023-11-16T06:01:03.588+0000][1604.031s][info ][safepoint     ] Leaving safepoint region
[2023-11-16T06:01:03.588+0000][1604.031s][info ][safepoint     ] Total time for which application threads were stopped: 0.0003130 seconds, Stopping threads took: 0.0000538 seconds
[2023-11-16T06:01:04.588+0000][1605.031s][debug][safepoint     ] Safepoint synchronization initiated. (176 threads)
[2023-11-16T06:01:04.588+0000][1605.032s][info ][safepoint     ] Application time: 1.0001845 seconds
[2023-11-16T06:01:04.588+0000][1605.032s][info ][safepoint     ] Entering safepoint region: Cleanup
[2023-11-16T06:01:04.588+0000][1605.032s][info ][safepoint     ] Leaving safepoint region
[2023-11-16T06:01:04.589+0000][1605.032s][info ][safepoint     ] Total time for which application threads were stopped: 0.0002780 seconds, Stopping threads took: 0.0000540 seconds
[2023-11-16T06:01:05.589+0000][1606.032s][debug][safepoint     ] Safepoint synchronization initiated. (176 threads)
[2023-11-16T06:01:05.589+0000][1606.032s][info ][safepoint     ] Application time: 1.0001078 seconds
[2023-11-16T06:01:05.589+0000][1606.032s][info ][safepoint     ] Entering safepoint region: Cleanup
[2023-11-16T06:01:05.589+0000][1606.032s][info ][safepoint     ] Leaving safepoint region
[2023-11-16T06:01:05.589+0000][1606.032s][info ][safepoint     ] Total time for which application threads were stopped: 0.0001779 seconds, Stopping threads took: 0.0000401 seconds
[2023-11-16T06:01:06.589+0000][1607.032s][debug][safepoint     ] Safepoint synchronization initiated. (176 threads)
[2023-11-16T06:01:06.589+0000][1607.032s][info ][safepoint     ] Application time: 1.0001571 seconds
[2023-11-16T06:01:06.589+0000][1607.032s][info ][safepoint     ] Entering safepoint region: Cleanup
[2023-11-16T06:01:06.589+0000][1607.033s][info ][safepoint     ] Leaving safepoint region
[2023-11-16T06:01:06.589+0000][1607.033s][info ][safepoint     ] Total time for which application threads were stopped: 0.0002612 seconds, Stopping threads took: 0.0000545 seconds
[2023-11-16T06:01:07.589+0000][1608.033s][debug][safepoint     ] Safepoint synchronization initiated. (176 threads)
[2023-11-16T06:01:07.589+0000][1608.033s][info ][safepoint     ] Application time: 1.0001609 seconds
[2023-11-16T06:01:07.589+0000][1608.033s][info ][safepoint     ] Entering safepoint region: Cleanup
[2023-11-16T06:01:07.590+0000][1608.033s][info ][safepoint     ] Leaving safepoint region
[2023-11-16T06:01:07.590+0000][1608.033s][info ][safepoint     ] Total time for which application threads were stopped: 0.0003876 seconds, Stopping threads took: 0.0000604 seconds
[2023-11-16T06:01:08.590+0000][1609.033s][debug][safepoint     ] Safepoint synchronization initiated. (176 threads)
[2023-11-16T06:01:08.590+0000][1609.033s][info ][safepoint     ] Application time: 1.0001648 seconds
[2023-11-16T06:01:08.590+0000][1609.033s][info ][safepoint     ] Entering safepoint region: Cleanup
[2023-11-16T06:01:08.590+0000][1609.034s][info ][safepoint     ] Leaving safepoint region
[2023-11-16T06:01:08.590+0000][1609.034s][info ][safepoint     ] Total time for which application threads were stopped: 0.0003334 seconds, Stopping threads took: 0.0000504 seconds
[2023-11-16T06:01:09.591+0000][1610.034s][debug][safepoint     ] Safepoint synchronization initiated. (176 threads)
[2023-11-16T06:01:09.591+0000][1610.034s][info ][safepoint     ] Application time: 1.0001698 seconds
[2023-11-16T06:01:09.591+0000][1610.034s][info ][safepoint     ] Entering safepoint region: Cleanup
[2023-11-16T06:01:09.591+0000][1610.034s][info ][safepoint     ] Leaving safepoint region
[2023-11-16T06:01:09.591+0000][1610.034s][info ][safepoint     ] Total time for which application threads were stopped: 0.0003375 seconds, Stopping threads took: 0.0000509 seconds
[2023-11-16T06:01:10.591+0000][1611.034s][debug][safepoint     ] Safepoint synchronization initiated. (176 threads)
[2023-11-16T06:01:10.591+0000][1611.034s][info ][safepoint     ] Application time: 1.0001719 seconds
[2023-11-16T06:01:10.591+0000][1611.035s][info ][safepoint     ] Entering safepoint region: Cleanup
[2023-11-16T06:01:10.591+0000][1611.035s][info ][safepoint     ] Leaving safepoint region
[2023-11-16T06:01:10.592+0000][1611.035s][info ][safepoint     ] Total time for which application threads were stopped: 0.0003645 seconds, Stopping threads took: 0.0000508 seconds
[2023-11-16T06:01:11.592+0000][1612.035s][debug][safepoint     ] Safepoint synchronization initiated. (176 threads)
[2023-11-16T06:01:11.592+0000][1612.035s][info ][safepoint     ] Application time: 1.0001532 seconds
[2023-11-16T06:01:11.592+0000][1612.035s][info ][safepoint     ] Entering safepoint region: Cleanup
[2023-11-16T06:01:11.592+0000][1612.035s][info ][safepoint     ] Leaving safepoint region
[2023-11-16T06:01:11.592+0000][1612.035s][info ][safepoint     ] Total time for which application threads were stopped: 0.0003384 seconds, Stopping threads took: 0.0000506 seconds
[2023-11-16T06:01:12.592+0000][1613.035s][debug][safepoint     ] Safepoint synchronization initiated. (176 threads)
[2023-11-16T06:01:12.592+0000][1613.036s][info ][safepoint     ] Application time: 1.0001547 seconds
[2023-11-16T06:01:12.592+0000][1613.036s][info ][safepoint     ] Entering safepoint region: Cleanup
[2023-11-16T06:01:12.593+0000][1613.036s][info ][safepoint     ] Leaving safepoint region
[2023-11-16T06:01:12.593+0000][1613.036s][info ][safepoint     ] Total time for which application threads were stopped: 0.0003423 seconds, Stopping threads took: 0.0000510 seconds
[2023-11-16T06:01:13.593+0000][1614.036s][debug][safepoint     ] Safepoint synchronization initiated. (176 threads)
[2023-11-16T06:01:13.593+0000][1614.036s][info ][safepoint     ] Application time: 1.0001528 seconds
[2023-11-16T06:01:13.593+0000][1614.036s][info ][safepoint     ] Entering safepoint region: Cleanup
[2023-11-16T06:01:13.593+0000][1614.036s][info ][safepoint     ] Leaving safepoint region
[2023-11-16T06:01:13.593+0000][1614.036s][info ][safepoint     ] Total time for which application threads were stopped: 0.0003182 seconds, Stopping threads took: 0.0000503 seconds
[2023-11-16T06:01:14.593+0000][1615.037s][debug][safepoint     ] Safepoint synchronization initiated. (176 threads)
[2023-11-16T06:01:14.593+0000][1615.037s][info ][safepoint     ] Application time: 1.0001493 seconds
[2023-11-16T06:01:14.593+0000][1615.037s][info ][safepoint     ] Entering safepoint region: Cleanup
[2023-11-16T06:01:14.594+0000][1615.037s][info ][safepoint     ] Leaving safepoint region
[2023-11-16T06:01:14.594+0000][1615.037s][info ][safepoint     ] Total time for which application threads were stopped: 0.0003387 seconds, Stopping threads took: 0.0000502 seconds
[2023-11-16T06:01:15.594+0000][1616.037s][debug][safepoint     ] Safepoint synchronization initiated. (176 threads)
[2023-11-16T06:01:15.594+0000][1616.037s][info ][safepoint     ] Application time: 1.0001498 seconds
[2023-11-16T06:01:15.594+0000][1616.037s][info ][safepoint     ] Entering safepoint region: Cleanup
[2023-11-16T06:01:15.594+0000][1616.037s][info ][safepoint     ] Leaving safepoint region
[2023-11-16T06:01:15.594+0000][1616.037s][info ][safepoint     ] Total time for which application threads were stopped: 0.0003353 seconds, Stopping threads took: 0.0000510 seconds
[2023-11-16T06:01:16.594+0000][1617.038s][debug][safepoint     ] Safepoint synchronization initiated. (176 threads)
[2023-11-16T06:01:16.594+0000][1617.038s][info ][safepoint     ] Application time: 1.0001720 seconds
[2023-11-16T06:01:16.594+0000][1617.038s][info ][safepoint     ] Entering safepoint region: Cleanup
[2023-11-16T06:01:16.595+0000][1617.038s][info ][safepoint     ] Leaving safepoint region
[2023-11-16T06:01:16.595+0000][1617.038s][info ][safepoint     ] Total time for which application threads were stopped: 0.0005127 seconds, Stopping threads took: 0.0002987 seconds
[2023-11-16T06:01:17.595+0000][1618.038s][debug][safepoint     ] Safepoint synchronization initiated. (177 threads)
[2023-11-16T06:01:17.595+0000][1618.038s][info ][safepoint     ] Application time: 1.0001653 seconds
[2023-11-16T06:01:17.595+0000][1618.038s][info ][safepoint     ] Entering safepoint region: Cleanup
[2023-11-16T06:01:17.595+0000][1618.039s][info ][safepoint     ] Leaving safepoint region
[2023-11-16T06:01:17.595+0000][1618.039s][info ][safepoint     ] Total time for which application threads were stopped: 0.0002812 seconds, Stopping threads took: 0.0000502 seconds
[2023-11-16T06:01:18.595+0000][1619.039s][debug][safepoint     ] Safepoint synchronization initiated. (177 threads)
[2023-11-16T06:01:18.596+0000][1619.039s][info ][safepoint     ] Application time: 1.0001791 seconds
[2023-11-16T06:01:18.596+0000][1619.039s][info ][safepoint     ] Entering safepoint region: Cleanup
[2023-11-16T06:01:18.596+0000][1619.039s][info ][safepoint     ] Leaving safepoint region
[2023-11-16T06:01:18.596+0000][1619.039s][info ][safepoint     ] Total time for which application threads were stopped: 0.0003372 seconds, Stopping threads took: 0.0000499 seconds
[2023-11-16T06:01:19.596+0000][1620.039s][debug][safepoint     ] Safepoint synchronization initiated. (177 threads)
[2023-11-16T06:01:19.596+0000][1620.039s][info ][safepoint     ] Application time: 1.0001586 seconds
[2023-11-16T06:01:19.596+0000][1620.039s][info ][safepoint     ] Entering safepoint region: Cleanup
[2023-11-16T06:01:19.596+0000][1620.040s][info ][safepoint     ] Leaving safepoint region
[2023-11-16T06:01:19.596+0000][1620.040s][info ][safepoint     ] Total time for which application threads were stopped: 0.0003047 seconds, Stopping threads took: 0.0000506 seconds
[2023-11-16T06:01:20.597+0000][1621.040s][debug][safepoint     ] Safepoint synchronization initiated. (177 threads)
[2023-11-16T06:01:20.597+0000][1621.040s][info ][safepoint     ] Application time: 1.0001583 seconds
[2023-11-16T06:01:20.597+0000][1621.040s][info ][safepoint     ] Entering safepoint region: Cleanup
[2023-11-16T06:01:20.597+0000][1621.040s][info ][safepoint     ] Leaving safepoint region
[2023-11-16T06:01:20.597+0000][1621.040s][info ][safepoint     ] Total time for which application threads were stopped: 0.0003354 seconds, Stopping threads took: 0.0000511 seconds
[2023-11-16T06:01:21.597+0000][1622.040s][debug][safepoint     ] Safepoint synchronization initiated. (177 threads)
[2023-11-16T06:01:21.597+0000][1622.040s][info ][safepoint     ] Application time: 1.0001765 seconds
[2023-11-16T06:01:21.597+0000][1622.040s][info ][safepoint     ] Entering safepoint region: Cleanup
[2023-11-16T06:01:21.598+0000][1622.041s][info ][safepoint     ] Leaving safepoint region
[2023-11-16T06:01:21.598+0000][1622.041s][info ][safepoint     ] Total time for which application threads were stopped: 0.0006523 seconds, Stopping threads took: 0.0003105 seconds
[2023-11-16T06:01:22.598+0000][1623.041s][debug][safepoint     ] Safepoint synchronization initiated. (177 threads)
[2023-11-16T06:01:22.598+0000][1623.041s][info ][safepoint     ] Application time: 1.0001816 seconds
[2023-11-16T06:01:22.598+0000][1623.041s][info ][safepoint     ] Entering safepoint region: Cleanup
[2023-11-16T06:01:22.598+0000][1623.042s][info ][safepoint     ] Leaving safepoint region
[2023-11-16T06:01:22.598+0000][1623.042s][info ][safepoint     ] Total time for which application threads were stopped: 0.0002582 seconds, Stopping threads took: 0.0000504 seconds
[2023-11-16T06:01:23.598+0000][1624.042s][debug][safepoint     ] Safepoint synchronization initiated. (177 threads)
[2023-11-16T06:01:23.598+0000][1624.042s][info ][safepoint     ] Application time: 1.0001772 seconds
[2023-11-16T06:01:23.599+0000][1624.042s][info ][safepoint     ] Entering safepoint region: Cleanup
[2023-11-16T06:01:23.599+0000][1624.042s][info ][safepoint     ] Leaving safepoint region
[2023-11-16T06:01:23.599+0000][1624.042s][info ][safepoint     ] Total time for which application threads were stopped: 0.0002842 seconds, Stopping threads took: 0.0000510 seconds
[2023-11-16T06:01:24.599+0000][1625.042s][debug][safepoint     ] Safepoint synchronization initiated. (177 threads)
[2023-11-16T06:01:24.599+0000][1625.042s][info ][safepoint     ] Application time: 1.0001598 seconds
[2023-11-16T06:01:24.599+0000][1625.042s][info ][safepoint     ] Entering safepoint region: Cleanup
[2023-11-16T06:01:24.599+0000][1625.043s][info ][safepoint     ] Leaving safepoint region
[2023-11-16T06:01:24.599+0000][1625.043s][info ][safepoint     ] Total time for which application threads were stopped: 0.0003404 seconds, Stopping threads took: 0.0000517 seconds
[2023-11-16T06:01:25.599+0000][1626.043s][debug][safepoint     ] Safepoint synchronization initiated. (177 threads)
[2023-11-16T06:01:25.600+0000][1626.043s][info ][safepoint     ] Application time: 1.0001984 seconds
[2023-11-16T06:01:25.600+0000][1626.043s][info ][safepoint     ] Entering safepoint region: Cleanup
[2023-11-16T06:01:25.600+0000][1626.043s][info ][safepoint     ] Leaving safepoint region
[2023-11-16T06:01:25.600+0000][1626.043s][info ][safepoint     ] Total time for which application threads were stopped: 0.0002580 seconds, Stopping threads took: 0.0000517 seconds
[2023-11-16T06:01:26.600+0000][1627.043s][debug][safepoint     ] Safepoint synchronization initiated. (177 threads)
[2023-11-16T06:01:26.600+0000][1627.043s][info ][safepoint     ] Application time: 1.0001538 seconds
[2023-11-16T06:01:26.600+0000][1627.043s][info ][safepoint     ] Entering safepoint region: Cleanup
[2023-11-16T06:01:26.600+0000][1627.044s][info ][safepoint     ] Leaving safepoint region
[2023-11-16T06:01:26.600+0000][1627.044s][info ][safepoint     ] Total time for which application threads were stopped: 0.0003389 seconds, Stopping threads took: 0.0000507 seconds
[2023-11-16T06:01:27.600+0000][1628.044s][debug][safepoint     ] Safepoint synchronization initiated. (177 threads)
[2023-11-16T06:01:27.601+0000][1628.044s][info ][safepoint     ] Application time: 1.0001509 seconds
[2023-11-16T06:01:27.601+0000][1628.044s][info ][safepoint     ] Entering safepoint region: Cleanup
[2023-11-16T06:01:27.601+0000][1628.044s][info ][safepoint     ] Leaving safepoint region
[2023-11-16T06:01:27.601+0000][1628.044s][info ][safepoint     ] Total time for which application threads were stopped: 0.0003314 seconds, Stopping threads took: 0.0000510 seconds
[2023-11-16T06:01:28.601+0000][1629.044s][debug][safepoint     ] Safepoint synchronization initiated. (177 threads)
[2023-11-16T06:01:28.601+0000][1629.044s][info ][safepoint     ] Application time: 1.0001644 seconds
[2023-11-16T06:01:28.601+0000][1629.044s][info ][safepoint     ] Entering safepoint region: Cleanup
[2023-11-16T06:01:28.601+0000][1629.045s][info ][safepoint     ] Leaving safepoint region
[2023-11-16T06:01:28.601+0000][1629.045s][info ][safepoint     ] Total time for which application threads were stopped: 0.0003323 seconds, Stopping threads took: 0.0000503 seconds
[2023-11-16T06:01:29.602+0000][1630.045s][debug][safepoint     ] Safepoint synchronization initiated. (176 threads)
[2023-11-16T06:01:29.602+0000][1630.045s][info ][safepoint     ] Application time: 1.0001585 seconds
[2023-11-16T06:01:29.602+0000][1630.045s][info ][safepoint     ] Entering safepoint region: Cleanup
[2023-11-16T06:01:29.602+0000][1630.045s][info ][safepoint     ] Leaving safepoint region
[2023-11-16T06:01:29.602+0000][1630.045s][info ][safepoint     ] Total time for which application threads were stopped: 0.0003419 seconds, Stopping threads took: 0.0000513 seconds
[2023-11-16T06:01:30.602+0000][1631.045s][debug][safepoint     ] Safepoint synchronization initiated. (176 threads)
[2023-11-16T06:01:30.602+0000][1631.045s][info ][safepoint     ] Application time: 1.0001708 seconds
[2023-11-16T06:01:30.602+0000][1631.046s][info ][safepoint     ] Entering safepoint region: Cleanup
[2023-11-16T06:01:30.603+0000][1631.046s][info ][safepoint     ] Leaving safepoint region
[2023-11-16T06:01:30.603+0000][1631.046s][info ][safepoint     ] Total time for which application threads were stopped: 0.0006112 seconds, Stopping threads took: 0.0002678 seconds
[2023-11-16T06:01:31.603+0000][1632.046s][debug][safepoint     ] Safepoint synchronization initiated. (176 threads)
[2023-11-16T06:01:31.603+0000][1632.046s][info ][safepoint     ] Application time: 1.0001576 seconds
[2023-11-16T06:01:31.603+0000][1632.046s][info ][safepoint     ] Entering safepoint region: Cleanup
[2023-11-16T06:01:31.603+0000][1632.047s][info ][safepoint     ] Leaving safepoint region
[2023-11-16T06:01:31.603+0000][1632.047s][info ][safepoint     ] Total time for which application threads were stopped: 0.0003383 seconds, Stopping threads took: 0.0000513 seconds
[2023-11-16T06:01:32.603+0000][1633.047s][debug][safepoint     ] Safepoint synchronization initiated. (176 threads)
[2023-11-16T06:01:32.604+0000][1633.047s][info ][safepoint     ] Application time: 1.0001814 seconds
[2023-11-16T06:01:32.604+0000][1633.047s][info ][safepoint     ] Entering safepoint region: Cleanup
[2023-11-16T06:01:32.604+0000][1633.047s][info ][safepoint     ] Leaving safepoint region
[2023-11-16T06:01:32.604+0000][1633.047s][info ][safepoint     ] Total time for which application threads were stopped: 0.0002188 seconds, Stopping threads took: 0.0000514 seconds
[2023-11-16T06:01:33.604+0000][1634.047s][debug][safepoint     ] Safepoint synchronization initiated. (176 threads)
[2023-11-16T06:01:33.604+0000][1634.047s][info ][safepoint     ] Application time: 1.0001589 seconds
[2023-11-16T06:01:33.604+0000][1634.047s][info ][safepoint     ] Entering safepoint region: Cleanup
[2023-11-16T06:01:33.604+0000][1634.047s][info ][safepoint     ] Leaving safepoint region
[2023-11-16T06:01:33.604+0000][1634.048s][info ][safepoint     ] Total time for which application threads were stopped: 0.0002706 seconds, Stopping threads took: 0.0000506 seconds
[2023-11-16T06:01:34.604+0000][1635.048s][debug][safepoint     ] Safepoint synchronization initiated. (176 threads)
[2023-11-16T06:01:34.604+0000][1635.048s][info ][safepoint     ] Application time: 1.0001682 seconds
[2023-11-16T06:01:34.604+0000][1635.048s][info ][safepoint     ] Entering safepoint region: Cleanup
[2023-11-16T06:01:34.605+0000][1635.048s][info ][safepoint     ] Leaving safepoint region
[2023-11-16T06:01:34.605+0000][1635.048s][info ][safepoint     ] Total time for which application threads were stopped: 0.0003513 seconds, Stopping threads took: 0.0000502 seconds
[2023-11-16T06:01:35.605+0000][1636.048s][debug][safepoint     ] Safepoint synchronization initiated. (176 threads)
[2023-11-16T06:01:35.605+0000][1636.048s][info ][safepoint     ] Application time: 1.0001746 seconds
[2023-11-16T06:01:35.605+0000][1636.048s][info ][safepoint     ] Entering safepoint region: Cleanup
[2023-11-16T06:01:35.606+0000][1636.049s][info ][safepoint     ] Leaving safepoint region
[2023-11-16T06:01:35.606+0000][1636.049s][info ][safepoint     ] Total time for which application threads were stopped: 0.0006576 seconds, Stopping threads took: 0.0003074 seconds
[2023-11-16T06:01:36.606+0000][1637.049s][debug][safepoint     ] Safepoint synchronization initiated. (176 threads)
[2023-11-16T06:01:36.606+0000][1637.049s][info ][safepoint     ] Application time: 1.0001528 seconds
[2023-11-16T06:01:36.606+0000][1637.049s][info ][safepoint     ] Entering safepoint region: Cleanup
[2023-11-16T06:01:36.606+0000][1637.049s][info ][safepoint     ] Leaving safepoint region
[2023-11-16T06:01:36.606+0000][1637.049s][info ][safepoint     ] Total time for which application threads were stopped: 0.0003490 seconds, Stopping threads took: 0.0000521 seconds
[2023-11-16T06:01:37.606+0000][1638.050s][debug][safepoint     ] Safepoint synchronization initiated. (176 threads)
[2023-11-16T06:01:37.606+0000][1638.050s][info ][safepoint     ] Application time: 1.0001750 seconds
[2023-11-16T06:01:37.606+0000][1638.050s][info ][safepoint     ] Entering safepoint region: Cleanup
[2023-11-16T06:01:37.607+0000][1638.050s][info ][safepoint     ] Leaving safepoint region
[2023-11-16T06:01:37.607+0000][1638.050s][info ][safepoint     ] Total time for which application threads were stopped: 0.0003452 seconds, Stopping threads took: 0.0000526 seconds
[2023-11-16T06:01:38.607+0000][1639.050s][debug][safepoint     ] Safepoint synchronization initiated. (176 threads)
[2023-11-16T06:01:38.607+0000][1639.050s][info ][safepoint     ] Application time: 1.0001675 seconds
[2023-11-16T06:01:38.607+0000][1639.050s][info ][safepoint     ] Entering safepoint region: Cleanup
[2023-11-16T06:01:38.607+0000][1639.051s][info ][safepoint     ] Leaving safepoint region
[2023-11-16T06:01:38.607+0000][1639.051s][info ][safepoint     ] Total time for which application threads were stopped: 0.0003375 seconds, Stopping threads took: 0.0000510 seconds
[2023-11-16T06:01:39.607+0000][1640.051s][debug][safepoint     ] Safepoint synchronization initiated. (176 threads)
[2023-11-16T06:01:39.607+0000][1640.051s][info ][safepoint     ] Application time: 1.0001999 seconds
[2023-11-16T06:01:39.608+0000][1640.051s][info ][safepoint     ] Entering safepoint region: Cleanup
[2023-11-16T06:01:39.608+0000][1640.051s][info ][safepoint     ] Leaving safepoint region
[2023-11-16T06:01:39.608+0000][1640.051s][info ][safepoint     ] Total time for which application threads were stopped: 0.0003384 seconds, Stopping threads took: 0.0000512 seconds
[2023-11-16T06:01:40.608+0000][1641.051s][debug][safepoint     ] Safepoint synchronization initiated. (176 threads)
[2023-11-16T06:01:40.608+0000][1641.051s][info ][safepoint     ] Application time: 1.0001549 seconds
[2023-11-16T06:01:40.608+0000][1641.051s][info ][safepoint     ] Entering safepoint region: Cleanup
[2023-11-16T06:01:40.608+0000][1641.052s][info ][safepoint     ] Leaving safepoint region
[2023-11-16T06:01:40.608+0000][1641.052s][info ][safepoint     ] Total time for which application threads were stopped: 0.0003007 seconds, Stopping threads took: 0.0000575 seconds
[2023-11-16T06:01:41.608+0000][1642.052s][debug][safepoint     ] Safepoint synchronization initiated. (176 threads)
[2023-11-16T06:01:41.609+0000][1642.052s][info ][safepoint     ] Application time: 1.0001479 seconds
[2023-11-16T06:01:41.609+0000][1642.052s][info ][safepoint     ] Entering safepoint region: Cleanup
[2023-11-16T06:01:41.609+0000][1642.052s][info ][safepoint     ] Leaving safepoint region
[2023-11-16T06:01:41.609+0000][1642.052s][info ][safepoint     ] Total time for which application threads were stopped: 0.0003349 seconds, Stopping threads took: 0.0000510 seconds
[2023-11-16T06:01:42.609+0000][1643.052s][debug][safepoint     ] Safepoint synchronization initiated. (176 threads)
[2023-11-16T06:01:42.609+0000][1643.052s][info ][safepoint     ] Application time: 1.0001841 seconds
[2023-11-16T06:01:42.609+0000][1643.052s][info ][safepoint     ] Entering safepoint region: Cleanup
[2023-11-16T06:01:42.609+0000][1643.053s][info ][safepoint     ] Leaving safepoint region
[2023-11-16T06:01:42.609+0000][1643.053s][info ][safepoint     ] Total time for which application threads were stopped: 0.0003351 seconds, Stopping threads took: 0.0000504 seconds
[2023-11-16T06:01:43.610+0000][1644.053s][debug][safepoint     ] Safepoint synchronization initiated. (176 threads)
[2023-11-16T06:01:43.610+0000][1644.053s][info ][safepoint     ] Application time: 1.0001741 seconds
[2023-11-16T06:01:43.610+0000][1644.053s][info ][safepoint     ] Entering safepoint region: Cleanup
[2023-11-16T06:01:43.610+0000][1644.053s][info ][safepoint     ] Leaving safepoint region
[2023-11-16T06:01:43.610+0000][1644.053s][info ][safepoint     ] Total time for which application threads were stopped: 0.0003344 seconds, Stopping threads took: 0.0000511 seconds
[2023-11-16T06:01:44.610+0000][1645.053s][debug][safepoint     ] Safepoint synchronization initiated. (176 threads)
[2023-11-16T06:01:44.610+0000][1645.053s][info ][safepoint     ] Application time: 1.0001599 seconds
[2023-11-16T06:01:44.610+0000][1645.054s][info ][safepoint     ] Entering safepoint region: Cleanup
[2023-11-16T06:01:44.610+0000][1645.054s][info ][safepoint     ] Leaving safepoint region
[2023-11-16T06:01:44.611+0000][1645.054s][info ][safepoint     ] Total time for which application threads were stopped: 0.0003341 seconds, Stopping threads took: 0.0000508 seconds
[2023-11-16T06:01:45.611+0000][1646.054s][debug][safepoint     ] Safepoint synchronization initiated. (176 threads)
[2023-11-16T06:01:45.611+0000][1646.054s][info ][safepoint     ] Application time: 1.0001589 seconds
[2023-11-16T06:01:45.611+0000][1646.054s][info ][safepoint     ] Entering safepoint region: Cleanup
[2023-11-16T06:01:45.611+0000][1646.054s][info ][safepoint     ] Leaving safepoint region
[2023-11-16T06:01:45.611+0000][1646.055s][info ][safepoint     ] Total time for which application threads were stopped: 0.0004984 seconds, Stopping threads took: 0.0002187 seconds
[2023-11-16T06:01:46.611+0000][1647.055s][debug][safepoint     ] Safepoint synchronization initiated. (176 threads)
[2023-11-16T06:01:46.611+0000][1647.055s][info ][safepoint     ] Application time: 1.0001551 seconds
[2023-11-16T06:01:46.611+0000][1647.055s][info ][safepoint     ] Entering safepoint region: Cleanup
[2023-11-16T06:01:46.612+0000][1647.055s][info ][safepoint     ] Leaving safepoint region
[2023-11-16T06:01:46.612+0000][1647.055s][info ][safepoint     ] Total time for which application threads were stopped: 0.0004550 seconds, Stopping threads took: 0.0000655 seconds
[2023-11-16T06:01:47.612+0000][1648.055s][debug][safepoint     ] Safepoint synchronization initiated. (176 threads)
[2023-11-16T06:01:47.612+0000][1648.055s][info ][safepoint     ] Application time: 1.0001532 seconds
[2023-11-16T06:01:47.612+0000][1648.055s][info ][safepoint     ] Entering safepoint region: Cleanup
[2023-11-16T06:01:47.612+0000][1648.056s][info ][safepoint     ] Leaving safepoint region
[2023-11-16T06:01:47.612+0000][1648.056s][info ][safepoint     ] Total time for which application threads were stopped: 0.0003451 seconds, Stopping threads took: 0.0000520 seconds
[2023-11-16T06:01:48.612+0000][1649.056s][debug][safepoint     ] Safepoint synchronization initiated. (176 threads)
[2023-11-16T06:01:48.613+0000][1649.056s][info ][safepoint     ] Application time: 1.0001393 seconds
[2023-11-16T06:01:48.613+0000][1649.056s][info ][safepoint     ] Entering safepoint region: Cleanup
[2023-11-16T06:01:48.613+0000][1649.056s][info ][safepoint     ] Leaving safepoint region
[2023-11-16T06:01:48.613+0000][1649.056s][info ][safepoint     ] Total time for which application threads were stopped: 0.0003454 seconds, Stopping threads took: 0.0000541 seconds
[2023-11-16T06:01:49.613+0000][1650.056s][debug][safepoint     ] Safepoint synchronization initiated. (176 threads)
[2023-11-16T06:01:49.613+0000][1650.056s][info ][safepoint     ] Application time: 1.0001489 seconds
[2023-11-16T06:01:49.613+0000][1650.056s][info ][safepoint     ] Entering safepoint region: Cleanup
[2023-11-16T06:01:49.613+0000][1650.057s][info ][safepoint     ] Leaving safepoint region
[2023-11-16T06:01:49.613+0000][1650.057s][info ][safepoint     ] Total time for which application threads were stopped: 0.0003417 seconds, Stopping threads took: 0.0000514 seconds
[2023-11-16T06:01:50.614+0000][1651.057s][debug][safepoint     ] Safepoint synchronization initiated. (176 threads)
[2023-11-16T06:01:50.614+0000][1651.057s][info ][safepoint     ] Application time: 1.0001677 seconds
[2023-11-16T06:01:50.614+0000][1651.057s][info ][safepoint     ] Entering safepoint region: Cleanup
[2023-11-16T06:01:50.614+0000][1651.057s][info ][safepoint     ] Leaving safepoint region
[2023-11-16T06:01:50.614+0000][1651.057s][info ][safepoint     ] Total time for which application threads were stopped: 0.0002713 seconds, Stopping threads took: 0.0000518 seconds
[2023-11-16T06:01:51.614+0000][1652.057s][debug][safepoint     ] Safepoint synchronization initiated. (176 threads)
[2023-11-16T06:01:51.614+0000][1652.057s][info ][safepoint     ] Application time: 1.0001544 seconds
[2023-11-16T06:01:51.614+0000][1652.057s][info ][safepoint     ] Entering safepoint region: Cleanup
[2023-11-16T06:01:51.614+0000][1652.058s][info ][safepoint     ] Leaving safepoint region
[2023-11-16T06:01:51.614+0000][1652.058s][info ][safepoint     ] Total time for which application threads were stopped: 0.0001775 seconds, Stopping threads took: 0.0000390 seconds
[2023-11-16T06:01:52.614+0000][1653.058s][debug][safepoint     ] Safepoint synchronization initiated. (176 threads)
[2023-11-16T06:01:52.614+0000][1653.058s][info ][safepoint     ] Application time: 1.0001669 seconds
[2023-11-16T06:01:52.615+0000][1653.058s][info ][safepoint     ] Entering safepoint region: Cleanup
[2023-11-16T06:01:52.615+0000][1653.058s][info ][safepoint     ] Leaving safepoint region
[2023-11-16T06:01:52.615+0000][1653.058s][info ][safepoint     ] Total time for which application threads were stopped: 0.0002513 seconds, Stopping threads took: 0.0000523 seconds
[2023-11-16T06:01:53.615+0000][1654.058s][debug][safepoint     ] Safepoint synchronization initiated. (176 threads)
[2023-11-16T06:01:53.615+0000][1654.058s][info ][safepoint     ] Application time: 1.0001674 seconds
[2023-11-16T06:01:53.615+0000][1654.058s][info ][safepoint     ] Entering safepoint region: Cleanup
[2023-11-16T06:01:53.615+0000][1654.058s][info ][safepoint     ] Leaving safepoint region
[2023-11-16T06:01:53.615+0000][1654.059s][info ][safepoint     ] Total time for which application threads were stopped: 0.0002586 seconds, Stopping threads took: 0.0000518 seconds
[2023-11-16T06:01:54.615+0000][1655.059s][debug][safepoint     ] Safepoint synchronization initiated. (176 threads)
[2023-11-16T06:01:54.615+0000][1655.059s][info ][safepoint     ] Application time: 1.0001533 seconds
[2023-11-16T06:01:54.615+0000][1655.059s][info ][safepoint     ] Entering safepoint region: Cleanup
[2023-11-16T06:01:54.616+0000][1655.059s][info ][safepoint     ] Leaving safepoint region
[2023-11-16T06:01:54.616+0000][1655.059s][info ][safepoint     ] Total time for which application threads were stopped: 0.0002591 seconds, Stopping threads took: 0.0000516 seconds
[2023-11-16T06:01:55.616+0000][1656.059s][debug][safepoint     ] Safepoint synchronization initiated. (176 threads)
[2023-11-16T06:01:55.616+0000][1656.059s][info ][safepoint     ] Application time: 1.0001542 seconds
[2023-11-16T06:01:55.616+0000][1656.059s][info ][safepoint     ] Entering safepoint region: Cleanup
[2023-11-16T06:01:55.616+0000][1656.059s][info ][safepoint     ] Leaving safepoint region
[2023-11-16T06:01:55.616+0000][1656.059s][info ][safepoint     ] Total time for which application threads were stopped: 0.0002508 seconds, Stopping threads took: 0.0000519 seconds
[2023-11-16T06:01:56.616+0000][1657.059s][debug][safepoint     ] Safepoint synchronization initiated. (176 threads)
[2023-11-16T06:01:56.616+0000][1657.060s][info ][safepoint     ] Application time: 1.0001405 seconds
[2023-11-16T06:01:56.616+0000][1657.060s][info ][safepoint     ] Entering safepoint region: Cleanup
[2023-11-16T06:01:56.617+0000][1657.060s][info ][safepoint     ] Leaving safepoint region
[2023-11-16T06:01:56.617+0000][1657.060s][info ][safepoint     ] Total time for which application threads were stopped: 0.0003660 seconds, Stopping threads took: 0.0000520 seconds
[2023-11-16T06:01:57.617+0000][1658.060s][debug][safepoint     ] Safepoint synchronization initiated. (176 threads)
[2023-11-16T06:01:57.617+0000][1658.060s][info ][safepoint     ] Application time: 1.0001824 seconds
[2023-11-16T06:01:57.617+0000][1658.060s][info ][safepoint     ] Entering safepoint region: Cleanup
[2023-11-16T06:01:57.617+0000][1658.060s][info ][safepoint     ] Leaving safepoint region
[2023-11-16T06:01:57.617+0000][1658.060s][info ][safepoint     ] Total time for which application threads were stopped: 0.0003414 seconds, Stopping threads took: 0.0000592 seconds
[2023-11-16T06:01:58.617+0000][1659.061s][debug][safepoint     ] Safepoint synchronization initiated. (176 threads)
[2023-11-16T06:01:58.617+0000][1659.061s][info ][safepoint     ] Application time: 1.0001729 seconds
[2023-11-16T06:01:58.617+0000][1659.061s][info ][safepoint     ] Entering safepoint region: Cleanup
[2023-11-16T06:01:58.618+0000][1659.061s][info ][safepoint     ] Leaving safepoint region
[2023-11-16T06:01:58.618+0000][1659.061s][info ][safepoint     ] Total time for which application threads were stopped: 0.0003418 seconds, Stopping threads took: 0.0000506 seconds
[2023-11-16T06:01:59.618+0000][1660.061s][debug][safepoint     ] Safepoint synchronization initiated. (176 threads)
[2023-11-16T06:01:59.618+0000][1660.061s][info ][safepoint     ] Application time: 1.0001705 seconds
[2023-11-16T06:01:59.618+0000][1660.061s][info ][safepoint     ] Entering safepoint region: Cleanup
[2023-11-16T06:01:59.618+0000][1660.061s][info ][safepoint     ] Leaving safepoint region
[2023-11-16T06:01:59.618+0000][1660.062s][info ][safepoint     ] Total time for which application threads were stopped: 0.0002564 seconds, Stopping threads took: 0.0000514 seconds
[2023-11-16T06:02:00.618+0000][1661.062s][debug][safepoint     ] Safepoint synchronization initiated. (176 threads)
[2023-11-16T06:02:00.618+0000][1661.062s][info ][safepoint     ] Application time: 1.0001526 seconds
[2023-11-16T06:02:00.618+0000][1661.062s][info ][safepoint     ] Entering safepoint region: Cleanup
[2023-11-16T06:02:00.619+0000][1661.062s][info ][safepoint     ] Leaving safepoint region
[2023-11-16T06:02:00.619+0000][1661.062s][info ][safepoint     ] Total time for which application threads were stopped: 0.0002516 seconds, Stopping threads took: 0.0000511 seconds
[2023-11-16T06:02:01.619+0000][1662.062s][debug][safepoint     ] Safepoint synchronization initiated. (176 threads)
[2023-11-16T06:02:01.619+0000][1662.062s][info ][safepoint     ] Application time: 1.0001678 seconds
[2023-11-16T06:02:01.619+0000][1662.062s][info ][safepoint     ] Entering safepoint region: Cleanup
[2023-11-16T06:02:01.619+0000][1662.062s][info ][safepoint     ] Leaving safepoint region
[2023-11-16T06:02:01.619+0000][1662.062s][info ][safepoint     ] Total time for which application threads were stopped: 0.0002530 seconds, Stopping threads took: 0.0000511 seconds
[2023-11-16T06:02:02.619+0000][1663.063s][debug][safepoint     ] Safepoint synchronization initiated. (176 threads)
[2023-11-16T06:02:02.619+0000][1663.063s][info ][safepoint     ] Application time: 1.0001745 seconds
[2023-11-16T06:02:02.619+0000][1663.063s][info ][safepoint     ] Entering safepoint region: Cleanup
[2023-11-16T06:02:02.620+0000][1663.063s][info ][safepoint     ] Leaving safepoint region
[2023-11-16T06:02:02.620+0000][1663.063s][info ][safepoint     ] Total time for which application threads were stopped: 0.0006704 seconds, Stopping threads took: 0.0003119 seconds
[2023-11-16T06:02:03.620+0000][1664.063s][debug][safepoint     ] Safepoint synchronization initiated. (176 threads)
[2023-11-16T06:02:03.620+0000][1664.063s][info ][safepoint     ] Application time: 1.0001600 seconds
[2023-11-16T06:02:03.620+0000][1664.064s][info ][safepoint     ] Entering safepoint region: Cleanup
[2023-11-16T06:02:03.620+0000][1664.064s][info ][safepoint     ] Leaving safepoint region
[2023-11-16T06:02:03.621+0000][1664.064s][info ][safepoint     ] Total time for which application threads were stopped: 0.0003673 seconds, Stopping threads took: 0.0000510 seconds
[2023-11-16T06:02:04.621+0000][1665.064s][debug][safepoint     ] Safepoint synchronization initiated. (176 threads)
[2023-11-16T06:02:04.621+0000][1665.064s][info ][safepoint     ] Application time: 1.0001702 seconds
[2023-11-16T06:02:04.621+0000][1665.064s][info ][safepoint     ] Entering safepoint region: Cleanup
[2023-11-16T06:02:04.621+0000][1665.064s][info ][safepoint     ] Leaving safepoint region
[2023-11-16T06:02:04.621+0000][1665.064s][info ][safepoint     ] Total time for which application threads were stopped: 0.0003438 seconds, Stopping threads took: 0.0000506 seconds
[2023-11-16T06:02:05.621+0000][1666.065s][debug][safepoint     ] Safepoint synchronization initiated. (176 threads)
[2023-11-16T06:02:05.621+0000][1666.065s][info ][safepoint     ] Application time: 1.0001692 seconds
[2023-11-16T06:02:05.621+0000][1666.065s][info ][safepoint     ] Entering safepoint region: Cleanup
[2023-11-16T06:02:05.622+0000][1666.065s][info ][safepoint     ] Leaving safepoint region
[2023-11-16T06:02:05.622+0000][1666.065s][info ][safepoint     ] Total time for which application threads were stopped: 0.0002542 seconds, Stopping threads took: 0.0000508 seconds
[2023-11-16T06:02:06.622+0000][1667.065s][debug][safepoint     ] Safepoint synchronization initiated. (176 threads)
[2023-11-16T06:02:06.622+0000][1667.065s][info ][safepoint     ] Application time: 1.0001596 seconds
[2023-11-16T06:02:06.622+0000][1667.065s][info ][safepoint     ] Entering safepoint region: Cleanup
[2023-11-16T06:02:06.622+0000][1667.065s][info ][safepoint     ] Leaving safepoint region
[2023-11-16T06:02:06.622+0000][1667.065s][info ][safepoint     ] Total time for which application threads were stopped: 0.0003381 seconds, Stopping threads took: 0.0000513 seconds
[2023-11-16T06:02:07.622+0000][1668.065s][debug][safepoint     ] Safepoint synchronization initiated. (176 threads)
[2023-11-16T06:02:07.622+0000][1668.066s][info ][safepoint     ] Application time: 1.0001389 seconds
[2023-11-16T06:02:07.622+0000][1668.066s][info ][safepoint     ] Entering safepoint region: Cleanup
[2023-11-16T06:02:07.623+0000][1668.066s][info ][safepoint     ] Leaving safepoint region
[2023-11-16T06:02:07.623+0000][1668.066s][info ][safepoint     ] Total time for which application threads were stopped: 0.0003328 seconds, Stopping threads took: 0.0000514 seconds
[2023-11-16T06:02:08.623+0000][1669.066s][debug][safepoint     ] Safepoint synchronization initiated. (176 threads)
[2023-11-16T06:02:08.623+0000][1669.066s][info ][safepoint     ] Application time: 1.0001621 seconds
[2023-11-16T06:02:08.623+0000][1669.066s][info ][safepoint     ] Entering safepoint region: Cleanup
[2023-11-16T06:02:08.623+0000][1669.066s][info ][safepoint     ] Leaving safepoint region
[2023-11-16T06:02:08.623+0000][1669.066s][info ][safepoint     ] Total time for which application threads were stopped: 0.0002589 seconds, Stopping threads took: 0.0000680 seconds
[2023-11-16T06:02:09.623+0000][1670.066s][debug][safepoint     ] Safepoint synchronization initiated. (176 threads)
[2023-11-16T06:02:09.623+0000][1670.067s][info ][safepoint     ] Application time: 1.0001477 seconds
[2023-11-16T06:02:09.623+0000][1670.067s][info ][safepoint     ] Entering safepoint region: Cleanup
[2023-11-16T06:02:09.623+0000][1670.067s][info ][safepoint     ] Leaving safepoint region
[2023-11-16T06:02:09.623+0000][1670.067s][info ][safepoint     ] Total time for which application threads were stopped: 0.0002678 seconds, Stopping threads took: 0.0000512 seconds
[2023-11-16T06:02:10.624+0000][1671.067s][debug][safepoint     ] Safepoint synchronization initiated. (176 threads)
[2023-11-16T06:02:10.624+0000][1671.067s][info ][safepoint     ] Application time: 1.0001485 seconds
[2023-11-16T06:02:10.624+0000][1671.067s][info ][safepoint     ] Entering safepoint region: Cleanup
[2023-11-16T06:02:10.624+0000][1671.067s][info ][safepoint     ] Leaving safepoint region
[2023-11-16T06:02:10.624+0000][1671.067s][info ][safepoint     ] Total time for which application threads were stopped: 0.0003654 seconds, Stopping threads took: 0.0000505 seconds
[2023-11-16T06:02:11.624+0000][1672.067s][debug][safepoint     ] Safepoint synchronization initiated. (176 threads)
[2023-11-16T06:02:11.624+0000][1672.068s][info ][safepoint     ] Application time: 1.0001512 seconds
[2023-11-16T06:02:11.624+0000][1672.068s][info ][safepoint     ] Entering safepoint region: Cleanup
[2023-11-16T06:02:11.625+0000][1672.068s][info ][safepoint     ] Leaving safepoint region
[2023-11-16T06:02:11.625+0000][1672.068s][info ][safepoint     ] Total time for which application threads were stopped: 0.0003359 seconds, Stopping threads took: 0.0000514 seconds
[2023-11-16T06:02:12.625+0000][1673.068s][debug][safepoint     ] Safepoint synchronization initiated. (176 threads)
[2023-11-16T06:02:12.625+0000][1673.068s][info ][safepoint     ] Application time: 1.0001675 seconds
[2023-11-16T06:02:12.625+0000][1673.068s][info ][safepoint     ] Entering safepoint region: Cleanup
[2023-11-16T06:02:12.625+0000][1673.068s][info ][safepoint     ] Leaving safepoint region
[2023-11-16T06:02:12.625+0000][1673.068s][info ][safepoint     ] Total time for which application threads were stopped: 0.0003373 seconds, Stopping threads took: 0.0000505 seconds
[2023-11-16T06:02:13.625+0000][1674.069s][debug][safepoint     ] Safepoint synchronization initiated. (176 threads)
[2023-11-16T06:02:13.625+0000][1674.069s][info ][safepoint     ] Application time: 1.0001672 seconds
[2023-11-16T06:02:13.625+0000][1674.069s][info ][safepoint     ] Entering safepoint region: Cleanup
[2023-11-16T06:02:13.626+0000][1674.069s][info ][safepoint     ] Leaving safepoint region
[2023-11-16T06:02:13.626+0000][1674.069s][info ][safepoint     ] Total time for which application threads were stopped: 0.0003347 seconds, Stopping threads took: 0.0000510 seconds
[2023-11-16T06:02:14.626+0000][1675.069s][debug][safepoint     ] Safepoint synchronization initiated. (176 threads)
[2023-11-16T06:02:14.626+0000][1675.069s][info ][safepoint     ] Application time: 1.0001542 seconds
[2023-11-16T06:02:14.626+0000][1675.069s][info ][safepoint     ] Entering safepoint region: Cleanup
[2023-11-16T06:02:14.626+0000][1675.070s][info ][safepoint     ] Leaving safepoint region
[2023-11-16T06:02:14.626+0000][1675.070s][info ][safepoint     ] Total time for which application threads were stopped: 0.0006555 seconds, Stopping threads took: 0.0003215 seconds
[2023-11-16T06:02:15.627+0000][1676.070s][debug][safepoint     ] Safepoint synchronization initiated. (176 threads)
[2023-11-16T06:02:15.627+0000][1676.070s][info ][safepoint     ] Application time: 1.0001671 seconds
[2023-11-16T06:02:15.627+0000][1676.070s][info ][safepoint     ] Entering safepoint region: Cleanup
[2023-11-16T06:02:15.627+0000][1676.070s][info ][safepoint     ] Leaving safepoint region
[2023-11-16T06:02:15.627+0000][1676.070s][info ][safepoint     ] Total time for which application threads were stopped: 0.0003394 seconds, Stopping threads took: 0.0000511 seconds
[2023-11-16T06:02:16.627+0000][1677.070s][debug][safepoint     ] Safepoint synchronization initiated. (176 threads)
[2023-11-16T06:02:16.627+0000][1677.071s][info ][safepoint     ] Application time: 1.0001663 seconds
[2023-11-16T06:02:16.627+0000][1677.071s][info ][safepoint     ] Entering safepoint region: Cleanup
[2023-11-16T06:02:16.628+0000][1677.071s][info ][safepoint     ] Leaving safepoint region
[2023-11-16T06:02:16.628+0000][1677.071s][info ][safepoint     ] Total time for which application threads were stopped: 0.0003428 seconds, Stopping threads took: 0.0000511 seconds
[2023-11-16T06:02:17.628+0000][1678.071s][debug][safepoint     ] Safepoint synchronization initiated. (176 threads)
[2023-11-16T06:02:17.628+0000][1678.071s][info ][safepoint     ] Application time: 1.0001531 seconds
[2023-11-16T06:02:17.628+0000][1678.071s][info ][safepoint     ] Entering safepoint region: Cleanup
[2023-11-16T06:02:17.628+0000][1678.071s][info ][safepoint     ] Leaving safepoint region
[2023-11-16T06:02:17.628+0000][1678.071s][info ][safepoint     ] Total time for which application threads were stopped: 0.0002751 seconds, Stopping threads took: 0.0000523 seconds
[2023-11-16T06:02:18.628+0000][1679.071s][debug][safepoint     ] Safepoint synchronization initiated. (176 threads)
[2023-11-16T06:02:18.628+0000][1679.072s][info ][safepoint     ] Application time: 1.0001578 seconds
[2023-11-16T06:02:18.628+0000][1679.072s][info ][safepoint     ] Entering safepoint region: Cleanup
[2023-11-16T06:02:18.628+0000][1679.072s][info ][safepoint     ] Leaving safepoint region
[2023-11-16T06:02:18.628+0000][1679.072s][info ][safepoint     ] Total time for which application threads were stopped: 0.0002572 seconds, Stopping threads took: 0.0000531 seconds
[2023-11-16T06:02:19.629+0000][1680.072s][debug][safepoint     ] Safepoint synchronization initiated. (176 threads)
[2023-11-16T06:02:19.629+0000][1680.072s][info ][safepoint     ] Application time: 1.0001690 seconds
[2023-11-16T06:02:19.629+0000][1680.072s][info ][safepoint     ] Entering safepoint region: Cleanup
[2023-11-16T06:02:19.629+0000][1680.072s][info ][safepoint     ] Leaving safepoint region
[2023-11-16T06:02:19.629+0000][1680.072s][info ][safepoint     ] Total time for which application threads were stopped: 0.0004176 seconds, Stopping threads took: 0.0002089 seconds
[2023-11-16T06:02:20.629+0000][1681.073s][debug][safepoint     ] Safepoint synchronization initiated. (176 threads)
[2023-11-16T06:02:20.629+0000][1681.073s][info ][safepoint     ] Application time: 1.0001737 seconds
[2023-11-16T06:02:20.629+0000][1681.073s][info ][safepoint     ] Entering safepoint region: Cleanup
[2023-11-16T06:02:20.630+0000][1681.073s][info ][safepoint     ] Leaving safepoint region
[2023-11-16T06:02:20.630+0000][1681.073s][info ][safepoint     ] Total time for which application threads were stopped: 0.0002844 seconds, Stopping threads took: 0.0000524 seconds
[2023-11-16T06:02:21.630+0000][1682.073s][debug][safepoint     ] Safepoint synchronization initiated. (176 threads)
[2023-11-16T06:02:21.630+0000][1682.073s][info ][safepoint     ] Application time: 1.0001384 seconds
[2023-11-16T06:02:21.630+0000][1682.073s][info ][safepoint     ] Entering safepoint region: Cleanup
[2023-11-16T06:02:21.630+0000][1682.073s][info ][safepoint     ] Leaving safepoint region
[2023-11-16T06:02:21.630+0000][1682.073s][info ][safepoint     ] Total time for which application threads were stopped: 0.0002494 seconds, Stopping threads took: 0.0000513 seconds
[2023-11-16T06:02:22.630+0000][1683.073s][debug][safepoint     ] Safepoint synchronization initiated. (176 threads)
[2023-11-16T06:02:22.630+0000][1683.074s][info ][safepoint     ] Application time: 1.0001728 seconds
[2023-11-16T06:02:22.630+0000][1683.074s][info ][safepoint     ] Entering safepoint region: Cleanup
[2023-11-16T06:02:22.631+0000][1683.074s][info ][safepoint     ] Leaving safepoint region
[2023-11-16T06:02:22.631+0000][1683.074s][info ][safepoint     ] Total time for which application threads were stopped: 0.0003408 seconds, Stopping threads took: 0.0000515 seconds
[2023-11-16T06:02:23.631+0000][1684.074s][debug][safepoint     ] Safepoint synchronization initiated. (176 threads)
[2023-11-16T06:02:23.631+0000][1684.074s][info ][safepoint     ] Application time: 1.0001646 seconds
[2023-11-16T06:02:23.631+0000][1684.074s][info ][safepoint     ] Entering safepoint region: Cleanup
[2023-11-16T06:02:23.631+0000][1684.074s][info ][safepoint     ] Leaving safepoint region
[2023-11-16T06:02:23.631+0000][1684.074s][info ][safepoint     ] Total time for which application threads were stopped: 0.0003389 seconds, Stopping threads took: 0.0000507 seconds
[2023-11-16T06:02:24.241+0000][1684.684s][debug][safepoint     ] Safepoint synchronization initiated. (176 threads)
[2023-11-16T06:02:24.241+0000][1684.684s][info ][safepoint     ] Application time: 0.6099560 seconds
[2023-11-16T06:02:24.241+0000][1684.684s][info ][safepoint     ] Entering safepoint region: G1CollectForAllocation
[2023-11-16T06:02:24.241+0000][1684.685s][info ][gc,start      ] GC(40) Pause Young (Normal) (G1 Evacuation Pause)
[2023-11-16T06:02:24.241+0000][1684.685s][info ][gc,task       ] GC(40) Using 4 workers of 4 for evacuation
[2023-11-16T06:02:24.279+0000][1684.722s][info ][gc,phases     ] GC(40)   Pre Evacuate Collection Set: 0.0ms
[2023-11-16T06:02:24.279+0000][1684.723s][info ][gc,phases     ] GC(40)   Evacuate Collection Set: 32.9ms
[2023-11-16T06:02:24.279+0000][1684.723s][info ][gc,phases     ] GC(40)   Post Evacuate Collection Set: 4.4ms
[2023-11-16T06:02:24.279+0000][1684.723s][info ][gc,phases     ] GC(40)   Other: 0.4ms
[2023-11-16T06:02:24.279+0000][1684.723s][info ][gc,heap       ] GC(40) Eden regions: 483->0(484)
[2023-11-16T06:02:24.279+0000][1684.723s][info ][gc,heap       ] GC(40) Survivor regions: 26->25(64)
[2023-11-16T06:02:24.279+0000][1684.723s][info ][gc,heap       ] GC(40) Old regions: 128->128
[2023-11-16T06:02:24.279+0000][1684.723s][info ][gc,heap       ] GC(40) Humongous regions: 0->0
[2023-11-16T06:02:24.279+0000][1684.723s][info ][gc,metaspace  ] GC(40) Metaspace: 163634K(169048K)->163634K(169048K) NonClass: 144674K(147928K)->144674K(147928K) Class: 18960K(21120K)->18960K(21120K)
[2023-11-16T06:02:24.279+0000][1684.723s][info ][gc            ] GC(40) Pause Young (Normal) (G1 Evacuation Pause) 635M->151M(849M) 37.935ms
[2023-11-16T06:02:24.279+0000][1684.723s][info ][gc,cpu        ] GC(40) User=0.15s Sys=0.00s Real=0.03s
[2023-11-16T06:02:24.279+0000][1684.723s][info ][safepoint     ] Leaving safepoint region
[2023-11-16T06:02:24.279+0000][1684.723s][info ][safepoint     ] Total time for which application threads were stopped: 0.0383430 seconds, Stopping threads took: 0.0000509 seconds
[2023-11-16T06:02:24.280+0000][1684.723s][info ][gc,stringdedup] Concurrent String Deduplication (1684.723s)
[2023-11-16T06:02:24.281+0000][1684.724s][info ][gc,stringdedup] Concurrent String Deduplication 104.1K->48760.0B(57856.0B) avg 53.6% (1684.723s, 1684.724s) 1.017ms
[2023-11-16T06:02:25.280+0000][1685.723s][debug][safepoint     ] Safepoint synchronization initiated. (176 threads)
[2023-11-16T06:02:25.280+0000][1685.723s][info ][safepoint     ] Application time: 1.0001901 seconds
[2023-11-16T06:02:25.280+0000][1685.723s][info ][safepoint     ] Entering safepoint region: Cleanup
[2023-11-16T06:02:25.280+0000][1685.723s][info ][safepoint     ] Leaving safepoint region
[2023-11-16T06:02:25.280+0000][1685.723s][info ][safepoint     ] Total time for which application threads were stopped: 0.0003429 seconds, Stopping threads took: 0.0000510 seconds
[2023-11-16T06:02:26.280+0000][1686.723s][debug][safepoint     ] Safepoint synchronization initiated. (176 threads)
[2023-11-16T06:02:26.280+0000][1686.723s][info ][safepoint     ] Application time: 1.0001551 seconds
[2023-11-16T06:02:26.280+0000][1686.724s][info ][safepoint     ] Entering safepoint region: Cleanup
[2023-11-16T06:02:26.280+0000][1686.724s][info ][safepoint     ] Leaving safepoint region
[2023-11-16T06:02:26.281+0000][1686.724s][info ][safepoint     ] Total time for which application threads were stopped: 0.0003417 seconds, Stopping threads took: 0.0000509 seconds
[2023-11-16T06:02:27.281+0000][1687.724s][debug][safepoint     ] Safepoint synchronization initiated. (176 threads)
[2023-11-16T06:02:27.281+0000][1687.724s][info ][safepoint     ] Application time: 1.0001435 seconds
[2023-11-16T06:02:27.281+0000][1687.724s][info ][safepoint     ] Entering safepoint region: Cleanup
[2023-11-16T06:02:27.281+0000][1687.724s][info ][safepoint     ] Leaving safepoint region
[2023-11-16T06:02:27.281+0000][1687.724s][info ][safepoint     ] Total time for which application threads were stopped: 0.0003535 seconds, Stopping threads took: 0.0000513 seconds
[2023-11-16T06:02:28.281+0000][1688.724s][debug][safepoint     ] Safepoint synchronization initiated. (176 threads)
[2023-11-16T06:02:28.281+0000][1688.725s][info ][safepoint     ] Application time: 1.0001539 seconds
[2023-11-16T06:02:28.281+0000][1688.725s][info ][safepoint     ] Entering safepoint region: Cleanup
[2023-11-16T06:02:28.282+0000][1688.725s][info ][safepoint     ] Leaving safepoint region
[2023-11-16T06:02:28.282+0000][1688.725s][info ][safepoint     ] Total time for which application threads were stopped: 0.0003654 seconds, Stopping threads took: 0.0000501 seconds
[2023-11-16T06:02:29.282+0000][1689.725s][debug][safepoint     ] Safepoint synchronization initiated. (175 threads)
[2023-11-16T06:02:29.282+0000][1689.725s][info ][safepoint     ] Application time: 1.0001619 seconds
[2023-11-16T06:02:29.282+0000][1689.725s][info ][safepoint     ] Entering safepoint region: Cleanup
[2023-11-16T06:02:29.282+0000][1689.725s][info ][safepoint     ] Leaving safepoint region
[2023-11-16T06:02:29.282+0000][1689.725s][info ][safepoint     ] Total time for which application threads were stopped: 0.0003000 seconds, Stopping threads took: 0.0000472 seconds
[2023-11-16T06:02:30.282+0000][1690.726s][debug][safepoint     ] Safepoint synchronization initiated. (175 threads)
[2023-11-16T06:02:30.282+0000][1690.726s][info ][safepoint     ] Application time: 1.0001718 seconds
[2023-11-16T06:02:30.282+0000][1690.726s][info ][safepoint     ] Entering safepoint region: Cleanup
[2023-11-16T06:02:30.283+0000][1690.726s][info ][safepoint     ] Leaving safepoint region
[2023-11-16T06:02:30.283+0000][1690.726s][info ][safepoint     ] Total time for which application threads were stopped: 0.0002547 seconds, Stopping threads took: 0.0000527 seconds
[2023-11-16T06:02:31.283+0000][1691.726s][debug][safepoint     ] Safepoint synchronization initiated. (175 threads)
[2023-11-16T06:02:31.283+0000][1691.726s][info ][safepoint     ] Application time: 1.0001526 seconds
[2023-11-16T06:02:31.283+0000][1691.726s][info ][safepoint     ] Entering safepoint region: Cleanup
[2023-11-16T06:02:31.283+0000][1691.726s][info ][safepoint     ] Leaving safepoint region
[2023-11-16T06:02:31.283+0000][1691.726s][info ][safepoint     ] Total time for which application threads were stopped: 0.0003377 seconds, Stopping threads took: 0.0000512 seconds
[2023-11-16T06:02:32.283+0000][1692.727s][debug][safepoint     ] Safepoint synchronization initiated. (175 threads)
[2023-11-16T06:02:32.283+0000][1692.727s][info ][safepoint     ] Application time: 1.0001669 seconds
[2023-11-16T06:02:32.283+0000][1692.727s][info ][safepoint     ] Entering safepoint region: Cleanup
[2023-11-16T06:02:32.284+0000][1692.727s][info ][safepoint     ] Leaving safepoint region
[2023-11-16T06:02:32.284+0000][1692.727s][info ][safepoint     ] Total time for which application threads were stopped: 0.0002967 seconds, Stopping threads took: 0.0000505 seconds
[2023-11-16T06:02:33.284+0000][1693.727s][debug][safepoint     ] Safepoint synchronization initiated. (175 threads)
[2023-11-16T06:02:33.284+0000][1693.727s][info ][safepoint     ] Application time: 1.0001339 seconds
[2023-11-16T06:02:33.284+0000][1693.727s][info ][safepoint     ] Entering safepoint region: Cleanup
[2023-11-16T06:02:33.284+0000][1693.727s][info ][safepoint     ] Leaving safepoint region
[2023-11-16T06:02:33.284+0000][1693.727s][info ][safepoint     ] Total time for which application threads were stopped: 0.0003250 seconds, Stopping threads took: 0.0000528 seconds
[2023-11-16T06:02:34.284+0000][1694.728s][debug][safepoint     ] Safepoint synchronization initiated. (175 threads)
[2023-11-16T06:02:34.284+0000][1694.728s][info ][safepoint     ] Application time: 1.0001447 seconds
[2023-11-16T06:02:34.284+0000][1694.728s][info ][safepoint     ] Entering safepoint region: Cleanup
[2023-11-16T06:02:34.284+0000][1694.728s][info ][safepoint     ] Leaving safepoint region
[2023-11-16T06:02:34.284+0000][1694.728s][info ][safepoint     ] Total time for which application threads were stopped: 0.0001919 seconds, Stopping threads took: 0.0000626 seconds
[2023-11-16T06:02:35.285+0000][1695.728s][debug][safepoint     ] Safepoint synchronization initiated. (175 threads)
[2023-11-16T06:02:35.285+0000][1695.728s][info ][safepoint     ] Application time: 1.0001086 seconds
[2023-11-16T06:02:35.285+0000][1695.728s][info ][safepoint     ] Entering safepoint region: Cleanup
[2023-11-16T06:02:35.285+0000][1695.728s][info ][safepoint     ] Leaving safepoint region
[2023-11-16T06:02:35.285+0000][1695.728s][info ][safepoint     ] Total time for which application threads were stopped: 0.0002511 seconds, Stopping threads took: 0.0000372 seconds
[2023-11-16T06:02:36.285+0000][1696.728s][debug][safepoint     ] Safepoint synchronization initiated. (175 threads)
[2023-11-16T06:02:36.285+0000][1696.728s][info ][safepoint     ] Application time: 1.0001036 seconds
[2023-11-16T06:02:36.285+0000][1696.728s][info ][safepoint     ] Entering safepoint region: Cleanup
[2023-11-16T06:02:36.285+0000][1696.728s][info ][safepoint     ] Leaving safepoint region
[2023-11-16T06:02:36.285+0000][1696.728s][info ][safepoint     ] Total time for which application threads were stopped: 0.0001903 seconds, Stopping threads took: 0.0000391 seconds
[2023-11-16T06:02:37.285+0000][1697.729s][debug][safepoint     ] Safepoint synchronization initiated. (175 threads)
[2023-11-16T06:02:37.285+0000][1697.729s][info ][safepoint     ] Application time: 1.0002208 seconds
[2023-11-16T06:02:37.285+0000][1697.729s][info ][safepoint     ] Entering safepoint region: Cleanup
[2023-11-16T06:02:37.286+0000][1697.729s][info ][safepoint     ] Leaving safepoint region
[2023-11-16T06:02:37.286+0000][1697.729s][info ][safepoint     ] Total time for which application threads were stopped: 0.0003155 seconds, Stopping threads took: 0.0000556 seconds
[2023-11-16T06:02:38.286+0000][1698.729s][debug][safepoint     ] Safepoint synchronization initiated. (175 threads)
[2023-11-16T06:02:38.286+0000][1698.729s][info ][safepoint     ] Application time: 1.0001517 seconds
[2023-11-16T06:02:38.286+0000][1698.729s][info ][safepoint     ] Entering safepoint region: Cleanup
[2023-11-16T06:02:38.286+0000][1698.730s][info ][safepoint     ] Leaving safepoint region
[2023-11-16T06:02:38.286+0000][1698.730s][info ][safepoint     ] Total time for which application threads were stopped: 0.0003427 seconds, Stopping threads took: 0.0000533 seconds
[2023-11-16T06:02:39.286+0000][1699.730s][debug][safepoint     ] Safepoint synchronization initiated. (175 threads)
[2023-11-16T06:02:39.286+0000][1699.730s][info ][safepoint     ] Application time: 1.0001558 seconds
[2023-11-16T06:02:39.286+0000][1699.730s][info ][safepoint     ] Entering safepoint region: Cleanup
[2023-11-16T06:02:39.287+0000][1699.730s][info ][safepoint     ] Leaving safepoint region
[2023-11-16T06:02:39.287+0000][1699.730s][info ][safepoint     ] Total time for which application threads were stopped: 0.0002545 seconds, Stopping threads took: 0.0000529 seconds
[2023-11-16T06:02:40.287+0000][1700.730s][debug][safepoint     ] Safepoint synchronization initiated. (175 threads)
[2023-11-16T06:02:40.287+0000][1700.730s][info ][safepoint     ] Application time: 1.0001597 seconds
[2023-11-16T06:02:40.287+0000][1700.730s][info ][safepoint     ] Entering safepoint region: Cleanup
[2023-11-16T06:02:40.287+0000][1700.730s][info ][safepoint     ] Leaving safepoint region
[2023-11-16T06:02:40.287+0000][1700.731s][info ][safepoint     ] Total time for which application threads were stopped: 0.0003190 seconds, Stopping threads took: 0.0000530 seconds
[2023-11-16T06:02:41.287+0000][1701.731s][debug][safepoint     ] Safepoint synchronization initiated. (175 threads)
[2023-11-16T06:02:41.287+0000][1701.731s][info ][safepoint     ] Application time: 1.0001552 seconds
[2023-11-16T06:02:41.287+0000][1701.731s][info ][safepoint     ] Entering safepoint region: Cleanup
[2023-11-16T06:02:41.288+0000][1701.731s][info ][safepoint     ] Leaving safepoint region
[2023-11-16T06:02:41.288+0000][1701.731s][info ][safepoint     ] Total time for which application threads were stopped: 0.0002557 seconds, Stopping threads took: 0.0000506 seconds
[2023-11-16T06:02:42.288+0000][1702.731s][debug][safepoint     ] Safepoint synchronization initiated. (175 threads)
[2023-11-16T06:02:42.288+0000][1702.731s][info ][safepoint     ] Application time: 1.0001439 seconds
[2023-11-16T06:02:42.288+0000][1702.731s][info ][safepoint     ] Entering safepoint region: Cleanup
[2023-11-16T06:02:42.288+0000][1702.731s][info ][safepoint     ] Leaving safepoint region
[2023-11-16T06:02:42.288+0000][1702.731s][info ][safepoint     ] Total time for which application threads were stopped: 0.0002924 seconds, Stopping threads took: 0.0000736 seconds
[2023-11-16T06:02:43.288+0000][1703.732s][debug][safepoint     ] Safepoint synchronization initiated. (175 threads)
[2023-11-16T06:02:43.288+0000][1703.732s][info ][safepoint     ] Application time: 1.0001729 seconds
[2023-11-16T06:02:43.288+0000][1703.732s][info ][safepoint     ] Entering safepoint region: Cleanup
[2023-11-16T06:02:43.289+0000][1703.732s][info ][safepoint     ] Leaving safepoint region
[2023-11-16T06:02:43.289+0000][1703.732s][info ][safepoint     ] Total time for which application threads were stopped: 0.0003490 seconds, Stopping threads took: 0.0000524 seconds
[2023-11-16T06:02:44.289+0000][1704.732s][debug][safepoint     ] Safepoint synchronization initiated. (175 threads)
[2023-11-16T06:02:44.289+0000][1704.732s][info ][safepoint     ] Application time: 1.0001476 seconds
[2023-11-16T06:02:44.289+0000][1704.732s][info ][safepoint     ] Entering safepoint region: Cleanup
[2023-11-16T06:02:44.289+0000][1704.732s][info ][safepoint     ] Leaving safepoint region
[2023-11-16T06:02:44.289+0000][1704.732s][info ][safepoint     ] Total time for which application threads were stopped: 0.0002665 seconds, Stopping threads took: 0.0000523 seconds
[2023-11-16T06:02:45.289+0000][1705.733s][debug][safepoint     ] Safepoint synchronization initiated. (175 threads)
[2023-11-16T06:02:45.289+0000][1705.733s][info ][safepoint     ] Application time: 1.0001550 seconds
[2023-11-16T06:02:45.289+0000][1705.733s][info ][safepoint     ] Entering safepoint region: Cleanup
[2023-11-16T06:02:45.290+0000][1705.733s][info ][safepoint     ] Leaving safepoint region
[2023-11-16T06:02:45.290+0000][1705.733s][info ][safepoint     ] Total time for which application threads were stopped: 0.0002807 seconds, Stopping threads took: 0.0000517 seconds
[2023-11-16T06:02:46.290+0000][1706.733s][debug][safepoint     ] Safepoint synchronization initiated. (175 threads)
[2023-11-16T06:02:46.290+0000][1706.733s][info ][safepoint     ] Application time: 1.0001482 seconds
[2023-11-16T06:02:46.290+0000][1706.733s][info ][safepoint     ] Entering safepoint region: Cleanup
[2023-11-16T06:02:46.290+0000][1706.733s][info ][safepoint     ] Leaving safepoint region
[2023-11-16T06:02:46.290+0000][1706.733s][info ][safepoint     ] Total time for which application threads were stopped: 0.0003088 seconds, Stopping threads took: 0.0000554 seconds
[2023-11-16T06:02:47.290+0000][1707.733s][debug][safepoint     ] Safepoint synchronization initiated. (175 threads)
[2023-11-16T06:02:47.290+0000][1707.734s][info ][safepoint     ] Application time: 1.0001499 seconds
[2023-11-16T06:02:47.290+0000][1707.734s][info ][safepoint     ] Entering safepoint region: Cleanup
[2023-11-16T06:02:47.291+0000][1707.734s][info ][safepoint     ] Leaving safepoint region
[2023-11-16T06:02:47.291+0000][1707.734s][info ][safepoint     ] Total time for which application threads were stopped: 0.0002965 seconds, Stopping threads took: 0.0000509 seconds
[2023-11-16T06:02:48.291+0000][1708.734s][debug][safepoint     ] Safepoint synchronization initiated. (175 threads)
[2023-11-16T06:02:48.291+0000][1708.734s][info ][safepoint     ] Application time: 1.0001781 seconds
[2023-11-16T06:02:48.291+0000][1708.734s][info ][safepoint     ] Entering safepoint region: Cleanup
[2023-11-16T06:02:48.291+0000][1708.735s][info ][safepoint     ] Leaving safepoint region
[2023-11-16T06:02:48.291+0000][1708.735s][info ][safepoint     ] Total time for which application threads were stopped: 0.0004688 seconds, Stopping threads took: 0.0001285 seconds
[2023-11-16T06:02:49.291+0000][1709.735s][debug][safepoint     ] Safepoint synchronization initiated. (175 threads)
[2023-11-16T06:02:49.291+0000][1709.735s][info ][safepoint     ] Application time: 1.0001479 seconds
[2023-11-16T06:02:49.291+0000][1709.735s][info ][safepoint     ] Entering safepoint region: Cleanup
[2023-11-16T06:02:49.292+0000][1709.735s][info ][safepoint     ] Leaving safepoint region
[2023-11-16T06:02:49.292+0000][1709.735s][info ][safepoint     ] Total time for which application threads were stopped: 0.0003912 seconds, Stopping threads took: 0.0001017 seconds
[2023-11-16T06:02:50.292+0000][1710.735s][debug][safepoint     ] Safepoint synchronization initiated. (175 threads)
[2023-11-16T06:02:50.292+0000][1710.735s][info ][safepoint     ] Application time: 1.0001365 seconds
[2023-11-16T06:02:50.292+0000][1710.735s][info ][safepoint     ] Entering safepoint region: Cleanup
[2023-11-16T06:02:50.292+0000][1710.736s][info ][safepoint     ] Leaving safepoint region
[2023-11-16T06:02:50.292+0000][1710.736s][info ][safepoint     ] Total time for which application threads were stopped: 0.0003133 seconds, Stopping threads took: 0.0000521 seconds
[2023-11-16T06:02:51.292+0000][1711.736s][debug][safepoint     ] Safepoint synchronization initiated. (175 threads)
[2023-11-16T06:02:51.292+0000][1711.736s][info ][safepoint     ] Application time: 1.0001376 seconds
[2023-11-16T06:02:51.293+0000][1711.736s][info ][safepoint     ] Entering safepoint region: Cleanup
[2023-11-16T06:02:51.293+0000][1711.736s][info ][safepoint     ] Leaving safepoint region
[2023-11-16T06:02:51.293+0000][1711.736s][info ][safepoint     ] Total time for which application threads were stopped: 0.0002962 seconds, Stopping threads took: 0.0000514 seconds
[2023-11-16T06:02:52.293+0000][1712.736s][debug][safepoint     ] Safepoint synchronization initiated. (175 threads)
[2023-11-16T06:02:52.293+0000][1712.736s][info ][safepoint     ] Application time: 1.0001479 seconds
[2023-11-16T06:02:52.293+0000][1712.736s][info ][safepoint     ] Entering safepoint region: Cleanup
[2023-11-16T06:02:52.293+0000][1712.736s][info ][safepoint     ] Leaving safepoint region
[2023-11-16T06:02:52.293+0000][1712.737s][info ][safepoint     ] Total time for which application threads were stopped: 0.0002430 seconds, Stopping threads took: 0.0000515 seconds
[2023-11-16T06:02:53.293+0000][1713.737s][debug][safepoint     ] Safepoint synchronization initiated. (175 threads)
[2023-11-16T06:02:53.293+0000][1713.737s][info ][safepoint     ] Application time: 1.0001620 seconds
[2023-11-16T06:02:53.293+0000][1713.737s][info ][safepoint     ] Entering safepoint region: Cleanup
[2023-11-16T06:02:53.294+0000][1713.737s][info ][safepoint     ] Leaving safepoint region
[2023-11-16T06:02:53.294+0000][1713.737s][info ][safepoint     ] Total time for which application threads were stopped: 0.0005071 seconds, Stopping threads took: 0.0002999 seconds
[2023-11-16T06:02:54.294+0000][1714.737s][debug][safepoint     ] Safepoint synchronization initiated. (175 threads)
[2023-11-16T06:02:54.294+0000][1714.737s][info ][safepoint     ] Application time: 1.0001556 seconds
[2023-11-16T06:02:54.294+0000][1714.737s][info ][safepoint     ] Entering safepoint region: Cleanup
[2023-11-16T06:02:54.294+0000][1714.738s][info ][safepoint     ] Leaving safepoint region
[2023-11-16T06:02:54.294+0000][1714.738s][info ][safepoint     ] Total time for which application threads were stopped: 0.0003403 seconds, Stopping threads took: 0.0000514 seconds
[2023-11-16T06:02:55.295+0000][1715.738s][debug][safepoint     ] Safepoint synchronization initiated. (175 threads)
[2023-11-16T06:02:55.295+0000][1715.738s][info ][safepoint     ] Application time: 1.0001708 seconds
[2023-11-16T06:02:55.295+0000][1715.738s][info ][safepoint     ] Entering safepoint region: Cleanup
[2023-11-16T06:02:55.295+0000][1715.738s][info ][safepoint     ] Leaving safepoint region
[2023-11-16T06:02:55.295+0000][1715.738s][info ][safepoint     ] Total time for which application threads were stopped: 0.0003343 seconds, Stopping threads took: 0.0000510 seconds
[2023-11-16T06:02:56.295+0000][1716.738s][debug][safepoint     ] Safepoint synchronization initiated. (175 threads)
[2023-11-16T06:02:56.295+0000][1716.738s][info ][safepoint     ] Application time: 1.0001705 seconds
[2023-11-16T06:02:56.295+0000][1716.739s][info ][safepoint     ] Entering safepoint region: Cleanup
[2023-11-16T06:02:56.295+0000][1716.739s][info ][safepoint     ] Leaving safepoint region
[2023-11-16T06:02:56.295+0000][1716.739s][info ][safepoint     ] Total time for which application threads were stopped: 0.0003286 seconds, Stopping threads took: 0.0000745 seconds
[2023-11-16T06:02:57.296+0000][1717.739s][debug][safepoint     ] Safepoint synchronization initiated. (175 threads)
[2023-11-16T06:02:57.296+0000][1717.739s][info ][safepoint     ] Application time: 1.0001446 seconds
[2023-11-16T06:02:57.296+0000][1717.739s][info ][safepoint     ] Entering safepoint region: Cleanup
[2023-11-16T06:02:57.296+0000][1717.739s][info ][safepoint     ] Leaving safepoint region
[2023-11-16T06:02:57.296+0000][1717.739s][info ][safepoint     ] Total time for which application threads were stopped: 0.0003357 seconds, Stopping threads took: 0.0000511 seconds
[2023-11-16T06:02:58.296+0000][1718.739s][debug][safepoint     ] Safepoint synchronization initiated. (175 threads)
[2023-11-16T06:02:58.296+0000][1718.739s][info ][safepoint     ] Application time: 1.0001501 seconds
[2023-11-16T06:02:58.296+0000][1718.740s][info ][safepoint     ] Entering safepoint region: Cleanup
[2023-11-16T06:02:58.297+0000][1718.740s][info ][safepoint     ] Leaving safepoint region
[2023-11-16T06:02:58.297+0000][1718.740s][info ][safepoint     ] Total time for which application threads were stopped: 0.0003508 seconds, Stopping threads took: 0.0000573 seconds
[2023-11-16T06:02:59.297+0000][1719.740s][debug][safepoint     ] Safepoint synchronization initiated. (174 threads)
[2023-11-16T06:02:59.297+0000][1719.740s][info ][safepoint     ] Application time: 1.0001700 seconds
[2023-11-16T06:02:59.297+0000][1719.740s][info ][safepoint     ] Entering safepoint region: Cleanup
[2023-11-16T06:02:59.297+0000][1719.740s][info ][safepoint     ] Leaving safepoint region
[2023-11-16T06:02:59.297+0000][1719.740s][info ][safepoint     ] Total time for which application threads were stopped: 0.0003364 seconds, Stopping threads took: 0.0000509 seconds
[2023-11-16T06:03:00.297+0000][1720.741s][debug][safepoint     ] Safepoint synchronization initiated. (174 threads)
[2023-11-16T06:03:00.297+0000][1720.741s][info ][safepoint     ] Application time: 1.0001722 seconds
[2023-11-16T06:03:00.297+0000][1720.741s][info ][safepoint     ] Entering safepoint region: Cleanup
[2023-11-16T06:03:00.298+0000][1720.741s][info ][safepoint     ] Leaving safepoint region
[2023-11-16T06:03:00.298+0000][1720.741s][info ][safepoint     ] Total time for which application threads were stopped: 0.0003439 seconds, Stopping threads took: 0.0000605 seconds
[2023-11-16T06:03:01.298+0000][1721.741s][debug][safepoint     ] Safepoint synchronization initiated. (174 threads)
[2023-11-16T06:03:01.298+0000][1721.741s][info ][safepoint     ] Application time: 1.0001565 seconds
[2023-11-16T06:03:01.298+0000][1721.741s][info ][safepoint     ] Entering safepoint region: Cleanup
[2023-11-16T06:03:01.298+0000][1721.741s][info ][safepoint     ] Leaving safepoint region
[2023-11-16T06:03:01.298+0000][1721.741s][info ][safepoint     ] Total time for which application threads were stopped: 0.0003338 seconds, Stopping threads took: 0.0000622 seconds
[2023-11-16T06:03:02.298+0000][1722.742s][debug][safepoint     ] Safepoint synchronization initiated. (174 threads)
[2023-11-16T06:03:02.298+0000][1722.742s][info ][safepoint     ] Application time: 1.0001443 seconds
[2023-11-16T06:03:02.298+0000][1722.742s][info ][safepoint     ] Entering safepoint region: Cleanup
[2023-11-16T06:03:02.299+0000][1722.742s][info ][safepoint     ] Leaving safepoint region
[2023-11-16T06:03:02.299+0000][1722.742s][info ][safepoint     ] Total time for which application threads were stopped: 0.0003322 seconds, Stopping threads took: 0.0000507 seconds
[2023-11-16T06:03:03.299+0000][1723.742s][debug][safepoint     ] Safepoint synchronization initiated. (174 threads)
[2023-11-16T06:03:03.299+0000][1723.742s][info ][safepoint     ] Application time: 1.0001662 seconds
[2023-11-16T06:03:03.299+0000][1723.742s][info ][safepoint     ] Entering safepoint region: Cleanup
[2023-11-16T06:03:03.299+0000][1723.743s][info ][safepoint     ] Leaving safepoint region
[2023-11-16T06:03:03.299+0000][1723.743s][info ][safepoint     ] Total time for which application threads were stopped: 0.0003503 seconds, Stopping threads took: 0.0000796 seconds
[2023-11-16T06:03:04.299+0000][1724.743s][debug][safepoint     ] Safepoint synchronization initiated. (174 threads)
[2023-11-16T06:03:04.299+0000][1724.743s][info ][safepoint     ] Application time: 1.0001277 seconds
[2023-11-16T06:03:04.299+0000][1724.743s][info ][safepoint     ] Entering safepoint region: Cleanup
[2023-11-16T06:03:04.300+0000][1724.743s][info ][safepoint     ] Leaving safepoint region
[2023-11-16T06:03:04.300+0000][1724.743s][info ][safepoint     ] Total time for which application threads were stopped: 0.0001530 seconds, Stopping threads took: 0.0000363 seconds
[2023-11-16T06:03:05.300+0000][1725.743s][debug][safepoint     ] Safepoint synchronization initiated. (174 threads)
[2023-11-16T06:03:05.300+0000][1725.743s][info ][safepoint     ] Application time: 1.0001477 seconds
[2023-11-16T06:03:05.300+0000][1725.743s][info ][safepoint     ] Entering safepoint region: Cleanup
[2023-11-16T06:03:05.300+0000][1725.743s][info ][safepoint     ] Leaving safepoint region
[2023-11-16T06:03:05.300+0000][1725.743s][info ][safepoint     ] Total time for which application threads were stopped: 0.0003374 seconds, Stopping threads took: 0.0000514 seconds
[2023-11-16T06:03:06.300+0000][1726.743s][debug][safepoint     ] Safepoint synchronization initiated. (174 threads)
[2023-11-16T06:03:06.300+0000][1726.744s][info ][safepoint     ] Application time: 1.0001697 seconds
[2023-11-16T06:03:06.300+0000][1726.744s][info ][safepoint     ] Entering safepoint region: Cleanup
[2023-11-16T06:03:06.301+0000][1726.744s][info ][safepoint     ] Leaving safepoint region
[2023-11-16T06:03:06.301+0000][1726.744s][info ][safepoint     ] Total time for which application threads were stopped: 0.0003343 seconds, Stopping threads took: 0.0000513 seconds
[2023-11-16T06:03:07.301+0000][1727.744s][debug][safepoint     ] Safepoint synchronization initiated. (174 threads)
[2023-11-16T06:03:07.301+0000][1727.744s][info ][safepoint     ] Application time: 1.0001610 seconds
[2023-11-16T06:03:07.301+0000][1727.744s][info ][safepoint     ] Entering safepoint region: Cleanup
[2023-11-16T06:03:07.301+0000][1727.744s][info ][safepoint     ] Leaving safepoint region
[2023-11-16T06:03:07.301+0000][1727.744s][info ][safepoint     ] Total time for which application threads were stopped: 0.0002529 seconds, Stopping threads took: 0.0000517 seconds
[2023-11-16T06:03:08.301+0000][1728.744s][debug][safepoint     ] Safepoint synchronization initiated. (174 threads)
[2023-11-16T06:03:08.301+0000][1728.745s][info ][safepoint     ] Application time: 1.0001653 seconds
[2023-11-16T06:03:08.301+0000][1728.745s][info ][safepoint     ] Entering safepoint region: Cleanup
[2023-11-16T06:03:08.302+0000][1728.745s][info ][safepoint     ] Leaving safepoint region
[2023-11-16T06:03:08.302+0000][1728.745s][info ][safepoint     ] Total time for which application threads were stopped: 0.0003375 seconds, Stopping threads took: 0.0000492 seconds
[2023-11-16T06:03:09.302+0000][1729.745s][debug][safepoint     ] Safepoint synchronization initiated. (174 threads)
[2023-11-16T06:03:09.302+0000][1729.745s][info ][safepoint     ] Application time: 1.0001808 seconds
[2023-11-16T06:03:09.302+0000][1729.745s][info ][safepoint     ] Entering safepoint region: Cleanup
[2023-11-16T06:03:09.302+0000][1729.745s][info ][safepoint     ] Leaving safepoint region
[2023-11-16T06:03:09.302+0000][1729.745s][info ][safepoint     ] Total time for which application threads were stopped: 0.0002813 seconds, Stopping threads took: 0.0000589 seconds
[2023-11-16T06:03:10.302+0000][1730.746s][debug][safepoint     ] Safepoint synchronization initiated. (174 threads)
[2023-11-16T06:03:10.302+0000][1730.746s][info ][safepoint     ] Application time: 1.0001534 seconds
[2023-11-16T06:03:10.302+0000][1730.746s][info ][safepoint     ] Entering safepoint region: Cleanup
[2023-11-16T06:03:10.303+0000][1730.746s][info ][safepoint     ] Leaving safepoint region
[2023-11-16T06:03:10.303+0000][1730.746s][info ][safepoint     ] Total time for which application threads were stopped: 0.0002670 seconds, Stopping threads took: 0.0000748 seconds
[2023-11-16T06:03:11.303+0000][1731.746s][debug][safepoint     ] Safepoint synchronization initiated. (174 threads)
[2023-11-16T06:03:11.303+0000][1731.746s][info ][safepoint     ] Application time: 1.0001592 seconds
[2023-11-16T06:03:11.303+0000][1731.746s][info ][safepoint     ] Entering safepoint region: Cleanup
[2023-11-16T06:03:11.303+0000][1731.746s][info ][safepoint     ] Leaving safepoint region
[2023-11-16T06:03:11.303+0000][1731.746s][info ][safepoint     ] Total time for which application threads were stopped: 0.0002525 seconds, Stopping threads took: 0.0000504 seconds
[2023-11-16T06:03:12.303+0000][1732.746s][debug][safepoint     ] Safepoint synchronization initiated. (174 threads)
[2023-11-16T06:03:12.303+0000][1732.746s][info ][safepoint     ] Application time: 1.0001525 seconds
[2023-11-16T06:03:12.303+0000][1732.747s][info ][safepoint     ] Entering safepoint region: Cleanup
[2023-11-16T06:03:12.303+0000][1732.747s][info ][safepoint     ] Leaving safepoint region
[2023-11-16T06:03:12.303+0000][1732.747s][info ][safepoint     ] Total time for which application threads were stopped: 0.0003354 seconds, Stopping threads took: 0.0000517 seconds
[2023-11-16T06:03:13.304+0000][1733.747s][debug][safepoint     ] Safepoint synchronization initiated. (174 threads)
[2023-11-16T06:03:13.304+0000][1733.747s][info ][safepoint     ] Application time: 1.0001429 seconds
[2023-11-16T06:03:13.304+0000][1733.747s][info ][safepoint     ] Entering safepoint region: Cleanup
[2023-11-16T06:03:13.304+0000][1733.747s][info ][safepoint     ] Leaving safepoint region
[2023-11-16T06:03:13.304+0000][1733.747s][info ][safepoint     ] Total time for which application threads were stopped: 0.0003346 seconds, Stopping threads took: 0.0000510 seconds
[2023-11-16T06:03:14.304+0000][1734.747s][debug][safepoint     ] Safepoint synchronization initiated. (174 threads)
[2023-11-16T06:03:14.304+0000][1734.748s][info ][safepoint     ] Application time: 1.0001756 seconds
[2023-11-16T06:03:14.304+0000][1734.748s][info ][safepoint     ] Entering safepoint region: Cleanup
[2023-11-16T06:03:14.305+0000][1734.748s][info ][safepoint     ] Leaving safepoint region
[2023-11-16T06:03:14.305+0000][1734.748s][info ][safepoint     ] Total time for which application threads were stopped: 0.0005403 seconds, Stopping threads took: 0.0002056 seconds
[2023-11-16T06:03:15.305+0000][1735.748s][debug][safepoint     ] Safepoint synchronization initiated. (174 threads)
[2023-11-16T06:03:15.305+0000][1735.748s][info ][safepoint     ] Application time: 1.0001673 seconds
[2023-11-16T06:03:15.305+0000][1735.748s][info ][safepoint     ] Entering safepoint region: Cleanup
[2023-11-16T06:03:15.305+0000][1735.749s][info ][safepoint     ] Leaving safepoint region
[2023-11-16T06:03:15.305+0000][1735.749s][info ][safepoint     ] Total time for which application threads were stopped: 0.0003071 seconds, Stopping threads took: 0.0000512 seconds
[2023-11-16T06:03:16.305+0000][1736.749s][debug][safepoint     ] Safepoint synchronization initiated. (174 threads)
[2023-11-16T06:03:16.305+0000][1736.749s][info ][safepoint     ] Application time: 1.0001689 seconds
[2023-11-16T06:03:16.306+0000][1736.749s][info ][safepoint     ] Entering safepoint region: Cleanup
[2023-11-16T06:03:16.306+0000][1736.749s][info ][safepoint     ] Leaving safepoint region
[2023-11-16T06:03:16.306+0000][1736.749s][info ][safepoint     ] Total time for which application threads were stopped: 0.0002855 seconds, Stopping threads took: 0.0000517 seconds
[2023-11-16T06:03:17.306+0000][1737.749s][debug][safepoint     ] Safepoint synchronization initiated. (174 threads)
[2023-11-16T06:03:17.306+0000][1737.749s][info ][safepoint     ] Application time: 1.0001429 seconds
[2023-11-16T06:03:17.306+0000][1737.749s][info ][safepoint     ] Entering safepoint region: Cleanup
[2023-11-16T06:03:17.306+0000][1737.749s][info ][safepoint     ] Leaving safepoint region
[2023-11-16T06:03:17.306+0000][1737.749s][info ][safepoint     ] Total time for which application threads were stopped: 0.0001694 seconds, Stopping threads took: 0.0000461 seconds
[2023-11-16T06:03:18.306+0000][1738.750s][debug][safepoint     ] Safepoint synchronization initiated. (174 threads)
[2023-11-16T06:03:18.306+0000][1738.750s][info ][safepoint     ] Application time: 1.0001614 seconds
[2023-11-16T06:03:18.306+0000][1738.750s][info ][safepoint     ] Entering safepoint region: Cleanup
[2023-11-16T06:03:18.307+0000][1738.750s][info ][safepoint     ] Leaving safepoint region
[2023-11-16T06:03:18.307+0000][1738.750s][info ][safepoint     ] Total time for which application threads were stopped: 0.0003380 seconds, Stopping threads took: 0.0000501 seconds
[2023-11-16T06:03:19.307+0000][1739.750s][debug][safepoint     ] Safepoint synchronization initiated. (174 threads)
[2023-11-16T06:03:19.307+0000][1739.750s][info ][safepoint     ] Application time: 1.0001567 seconds
[2023-11-16T06:03:19.307+0000][1739.750s][info ][safepoint     ] Entering safepoint region: Cleanup
[2023-11-16T06:03:19.307+0000][1739.750s][info ][safepoint     ] Leaving safepoint region
[2023-11-16T06:03:19.307+0000][1739.750s][info ][safepoint     ] Total time for which application threads were stopped: 0.0003315 seconds, Stopping threads took: 0.0000513 seconds
[2023-11-16T06:03:20.307+0000][1740.751s][debug][safepoint     ] Safepoint synchronization initiated. (174 threads)
[2023-11-16T06:03:20.307+0000][1740.751s][info ][safepoint     ] Application time: 1.0001613 seconds
[2023-11-16T06:03:20.307+0000][1740.751s][info ][safepoint     ] Entering safepoint region: Cleanup
[2023-11-16T06:03:20.308+0000][1740.751s][info ][safepoint     ] Leaving safepoint region
[2023-11-16T06:03:20.308+0000][1740.751s][info ][safepoint     ] Total time for which application threads were stopped: 0.0002742 seconds, Stopping threads took: 0.0000530 seconds
[2023-11-16T06:03:21.308+0000][1741.751s][debug][safepoint     ] Safepoint synchronization initiated. (174 threads)
[2023-11-16T06:03:21.308+0000][1741.751s][info ][safepoint     ] Application time: 1.0001573 seconds
[2023-11-16T06:03:21.308+0000][1741.751s][info ][safepoint     ] Entering safepoint region: Cleanup
[2023-11-16T06:03:21.308+0000][1741.751s][info ][safepoint     ] Leaving safepoint region
[2023-11-16T06:03:21.308+0000][1741.751s][info ][safepoint     ] Total time for which application threads were stopped: 0.0003125 seconds, Stopping threads took: 0.0000450 seconds
[2023-11-16T06:03:22.308+0000][1742.752s][debug][safepoint     ] Safepoint synchronization initiated. (174 threads)
[2023-11-16T06:03:22.308+0000][1742.752s][info ][safepoint     ] Application time: 1.0001693 seconds
[2023-11-16T06:03:22.308+0000][1742.752s][info ][safepoint     ] Entering safepoint region: Cleanup
[2023-11-16T06:03:22.309+0000][1742.752s][info ][safepoint     ] Leaving safepoint region
[2023-11-16T06:03:22.309+0000][1742.752s][info ][safepoint     ] Total time for which application threads were stopped: 0.0003419 seconds, Stopping threads took: 0.0000533 seconds
[2023-11-16T06:03:23.309+0000][1743.752s][debug][safepoint     ] Safepoint synchronization initiated. (174 threads)
[2023-11-16T06:03:23.309+0000][1743.752s][info ][safepoint     ] Application time: 1.0001708 seconds
[2023-11-16T06:03:23.309+0000][1743.752s][info ][safepoint     ] Entering safepoint region: Cleanup
[2023-11-16T06:03:23.309+0000][1743.752s][info ][safepoint     ] Leaving safepoint region
[2023-11-16T06:03:23.309+0000][1743.753s][info ][safepoint     ] Total time for which application threads were stopped: 0.0003375 seconds, Stopping threads took: 0.0000510 seconds
[2023-11-16T06:03:24.309+0000][1744.753s][debug][safepoint     ] Safepoint synchronization initiated. (174 threads)
[2023-11-16T06:03:24.309+0000][1744.753s][info ][safepoint     ] Application time: 1.0001594 seconds
[2023-11-16T06:03:24.309+0000][1744.753s][info ][safepoint     ] Entering safepoint region: Cleanup
[2023-11-16T06:03:24.310+0000][1744.753s][info ][safepoint     ] Leaving safepoint region
[2023-11-16T06:03:24.310+0000][1744.753s][info ][safepoint     ] Total time for which application threads were stopped: 0.0003649 seconds, Stopping threads took: 0.0000788 seconds
[2023-11-16T06:03:25.310+0000][1745.753s][debug][safepoint     ] Safepoint synchronization initiated. (174 threads)
[2023-11-16T06:03:25.310+0000][1745.753s][info ][safepoint     ] Application time: 1.0001619 seconds
[2023-11-16T06:03:25.310+0000][1745.753s][info ][safepoint     ] Entering safepoint region: Cleanup
[2023-11-16T06:03:25.310+0000][1745.754s][info ][safepoint     ] Leaving safepoint region
[2023-11-16T06:03:25.310+0000][1745.754s][info ][safepoint     ] Total time for which application threads were stopped: 0.0003438 seconds, Stopping threads took: 0.0000534 seconds
[2023-11-16T06:03:26.310+0000][1746.754s][debug][safepoint     ] Safepoint synchronization initiated. (174 threads)
[2023-11-16T06:03:26.311+0000][1746.754s][info ][safepoint     ] Application time: 1.0001741 seconds
[2023-11-16T06:03:26.311+0000][1746.754s][info ][safepoint     ] Entering safepoint region: Cleanup
[2023-11-16T06:03:26.311+0000][1746.754s][info ][safepoint     ] Leaving safepoint region
[2023-11-16T06:03:26.311+0000][1746.754s][info ][safepoint     ] Total time for which application threads were stopped: 0.0003387 seconds, Stopping threads took: 0.0000529 seconds
[2023-11-16T06:03:27.311+0000][1747.754s][debug][safepoint     ] Safepoint synchronization initiated. (174 threads)
[2023-11-16T06:03:27.311+0000][1747.754s][info ][safepoint     ] Application time: 1.0001832 seconds
[2023-11-16T06:03:27.311+0000][1747.754s][info ][safepoint     ] Entering safepoint region: Cleanup
[2023-11-16T06:03:27.311+0000][1747.755s][info ][safepoint     ] Leaving safepoint region
[2023-11-16T06:03:27.311+0000][1747.755s][info ][safepoint     ] Total time for which application threads were stopped: 0.0003073 seconds, Stopping threads took: 0.0000532 seconds
[2023-11-16T06:03:28.312+0000][1748.755s][debug][safepoint     ] Safepoint synchronization initiated. (174 threads)
[2023-11-16T06:03:28.312+0000][1748.755s][info ][safepoint     ] Application time: 1.0001840 seconds
[2023-11-16T06:03:28.312+0000][1748.755s][info ][safepoint     ] Entering safepoint region: Cleanup
[2023-11-16T06:03:28.312+0000][1748.755s][info ][safepoint     ] Leaving safepoint region
[2023-11-16T06:03:28.312+0000][1748.755s][info ][safepoint     ] Total time for which application threads were stopped: 0.0003136 seconds, Stopping threads took: 0.0000510 seconds
[2023-11-16T06:03:29.312+0000][1749.755s][debug][safepoint     ] Safepoint synchronization initiated. (173 threads)
[2023-11-16T06:03:29.312+0000][1749.755s][info ][safepoint     ] Application time: 1.0001633 seconds
[2023-11-16T06:03:29.312+0000][1749.755s][info ][safepoint     ] Entering safepoint region: Cleanup
[2023-11-16T06:03:29.312+0000][1749.756s][info ][safepoint     ] Leaving safepoint region
[2023-11-16T06:03:29.312+0000][1749.756s][info ][safepoint     ] Total time for which application threads were stopped: 0.0003383 seconds, Stopping threads took: 0.0000508 seconds
[2023-11-16T06:03:30.313+0000][1750.756s][debug][safepoint     ] Safepoint synchronization initiated. (173 threads)
[2023-11-16T06:03:30.313+0000][1750.756s][info ][safepoint     ] Application time: 1.0001769 seconds
[2023-11-16T06:03:30.313+0000][1750.756s][debug][safepoint     ] ... found polling page return exception at pc = 0x00007fde84fec5d1, stub =0x00007fde7c83a800
[2023-11-16T06:03:30.313+0000][1750.756s][debug][safepoint     ] Waiting for 1 thread(s) to block
[2023-11-16T06:03:30.313+0000][1750.756s][info ][safepoint     ] Entering safepoint region: Cleanup
[2023-11-16T06:03:30.313+0000][1750.756s][info ][safepoint     ] Leaving safepoint region
[2023-11-16T06:03:30.313+0000][1750.756s][info ][safepoint     ] Total time for which application threads were stopped: 0.0003835 seconds, Stopping threads took: 0.0001826 seconds
[2023-11-16T06:03:31.313+0000][1751.757s][debug][safepoint     ] Safepoint synchronization initiated. (173 threads)
[2023-11-16T06:03:31.313+0000][1751.757s][info ][safepoint     ] Application time: 1.0001753 seconds
[2023-11-16T06:03:31.313+0000][1751.757s][info ][safepoint     ] Entering safepoint region: Cleanup
[2023-11-16T06:03:31.314+0000][1751.757s][info ][safepoint     ] Leaving safepoint region
[2023-11-16T06:03:31.314+0000][1751.757s][info ][safepoint     ] Total time for which application threads were stopped: 0.0002486 seconds, Stopping threads took: 0.0000529 seconds
[2023-11-16T06:03:32.314+0000][1752.757s][debug][safepoint     ] Safepoint synchronization initiated. (173 threads)
[2023-11-16T06:03:32.314+0000][1752.757s][info ][safepoint     ] Application time: 1.0001812 seconds
[2023-11-16T06:03:32.314+0000][1752.757s][info ][safepoint     ] Entering safepoint region: Cleanup
[2023-11-16T06:03:32.314+0000][1752.758s][info ][safepoint     ] Leaving safepoint region
[2023-11-16T06:03:32.314+0000][1752.758s][info ][safepoint     ] Total time for which application threads were stopped: 0.0005799 seconds, Stopping threads took: 0.0003613 seconds
[2023-11-16T06:03:33.314+0000][1753.758s][debug][safepoint     ] Safepoint synchronization initiated. (173 threads)
[2023-11-16T06:03:33.315+0000][1753.758s][info ][safepoint     ] Application time: 1.0001814 seconds
[2023-11-16T06:03:33.315+0000][1753.758s][info ][safepoint     ] Entering safepoint region: Cleanup
[2023-11-16T06:03:33.315+0000][1753.758s][info ][safepoint     ] Leaving safepoint region
[2023-11-16T06:03:33.315+0000][1753.758s][info ][safepoint     ] Total time for which application threads were stopped: 0.0002558 seconds, Stopping threads took: 0.0000527 seconds
[2023-11-16T06:03:34.315+0000][1754.758s][debug][safepoint     ] Safepoint synchronization initiated. (173 threads)
[2023-11-16T06:03:34.315+0000][1754.758s][info ][safepoint     ] Application time: 1.0001757 seconds
[2023-11-16T06:03:34.315+0000][1754.758s][info ][safepoint     ] Entering safepoint region: Cleanup
[2023-11-16T06:03:34.315+0000][1754.759s][info ][safepoint     ] Leaving safepoint region
[2023-11-16T06:03:34.315+0000][1754.759s][info ][safepoint     ] Total time for which application threads were stopped: 0.0003480 seconds, Stopping threads took: 0.0000526 seconds
[2023-11-16T06:03:35.316+0000][1755.759s][debug][safepoint     ] Safepoint synchronization initiated. (173 threads)
[2023-11-16T06:03:35.316+0000][1755.759s][info ][safepoint     ] Application time: 1.0001680 seconds
[2023-11-16T06:03:35.316+0000][1755.759s][info ][safepoint     ] Entering safepoint region: Cleanup
[2023-11-16T06:03:35.316+0000][1755.759s][info ][safepoint     ] Leaving safepoint region
[2023-11-16T06:03:35.316+0000][1755.759s][info ][safepoint     ] Total time for which application threads were stopped: 0.0002487 seconds, Stopping threads took: 0.0000529 seconds
[2023-11-16T06:03:36.316+0000][1756.759s][debug][safepoint     ] Safepoint synchronization initiated. (173 threads)
[2023-11-16T06:03:36.316+0000][1756.759s][info ][safepoint     ] Application time: 1.0001501 seconds
[2023-11-16T06:03:36.316+0000][1756.759s][info ][safepoint     ] Entering safepoint region: Cleanup
[2023-11-16T06:03:36.316+0000][1756.760s][info ][safepoint     ] Leaving safepoint region
[2023-11-16T06:03:36.316+0000][1756.760s][info ][safepoint     ] Total time for which application threads were stopped: 0.0002462 seconds, Stopping threads took: 0.0000532 seconds
[2023-11-16T06:03:37.316+0000][1757.760s][debug][safepoint     ] Safepoint synchronization initiated. (173 threads)
[2023-11-16T06:03:37.316+0000][1757.760s][info ][safepoint     ] Application time: 1.0001766 seconds
[2023-11-16T06:03:37.317+0000][1757.760s][info ][safepoint     ] Entering safepoint region: Cleanup
[2023-11-16T06:03:37.317+0000][1757.760s][info ][safepoint     ] Leaving safepoint region
[2023-11-16T06:03:37.317+0000][1757.760s][info ][safepoint     ] Total time for which application threads were stopped: 0.0004903 seconds, Stopping threads took: 0.0002854 seconds
[2023-11-16T06:03:38.317+0000][1758.760s][debug][safepoint     ] Safepoint synchronization initiated. (173 threads)
[2023-11-16T06:03:38.317+0000][1758.760s][info ][safepoint     ] Application time: 1.0001418 seconds
[2023-11-16T06:03:38.317+0000][1758.761s][info ][safepoint     ] Entering safepoint region: Cleanup
[2023-11-16T06:03:38.317+0000][1758.761s][info ][safepoint     ] Leaving safepoint region
[2023-11-16T06:03:38.318+0000][1758.761s][info ][safepoint     ] Total time for which application threads were stopped: 0.0003430 seconds, Stopping threads took: 0.0000511 seconds
[2023-11-16T06:03:39.318+0000][1759.761s][debug][safepoint     ] Safepoint synchronization initiated. (173 threads)
[2023-11-16T06:03:39.318+0000][1759.761s][info ][safepoint     ] Application time: 1.0001624 seconds
[2023-11-16T06:03:39.318+0000][1759.761s][info ][safepoint     ] Entering safepoint region: Cleanup
[2023-11-16T06:03:39.318+0000][1759.761s][info ][safepoint     ] Leaving safepoint region
[2023-11-16T06:03:39.318+0000][1759.761s][info ][safepoint     ] Total time for which application threads were stopped: 0.0003362 seconds, Stopping threads took: 0.0000523 seconds
[2023-11-16T06:03:40.318+0000][1760.762s][debug][safepoint     ] Safepoint synchronization initiated. (173 threads)
[2023-11-16T06:03:40.318+0000][1760.762s][info ][safepoint     ] Application time: 1.0001735 seconds
[2023-11-16T06:03:40.318+0000][1760.762s][info ][safepoint     ] Entering safepoint region: Cleanup
[2023-11-16T06:03:40.319+0000][1760.762s][info ][safepoint     ] Leaving safepoint region
[2023-11-16T06:03:40.319+0000][1760.762s][info ][safepoint     ] Total time for which application threads were stopped: 0.0003407 seconds, Stopping threads took: 0.0000520 seconds
[2023-11-16T06:03:41.319+0000][1761.762s][debug][safepoint     ] Safepoint synchronization initiated. (173 threads)
[2023-11-16T06:03:41.319+0000][1761.762s][info ][safepoint     ] Application time: 1.0001707 seconds
[2023-11-16T06:03:41.319+0000][1761.762s][info ][safepoint     ] Entering safepoint region: Cleanup
[2023-11-16T06:03:41.319+0000][1761.762s][info ][safepoint     ] Leaving safepoint region
[2023-11-16T06:03:41.319+0000][1761.762s][info ][safepoint     ] Total time for which application threads were stopped: 0.0003433 seconds, Stopping threads took: 0.0000534 seconds
[2023-11-16T06:03:42.319+0000][1762.763s][debug][safepoint     ] Safepoint synchronization initiated. (173 threads)
[2023-11-16T06:03:42.319+0000][1762.763s][info ][safepoint     ] Application time: 1.0001485 seconds
[2023-11-16T06:03:42.319+0000][1762.763s][info ][safepoint     ] Entering safepoint region: Cleanup
[2023-11-16T06:03:42.320+0000][1762.763s][info ][safepoint     ] Leaving safepoint region
[2023-11-16T06:03:42.320+0000][1762.763s][info ][safepoint     ] Total time for which application threads were stopped: 0.0004050 seconds, Stopping threads took: 0.0001953 seconds
[2023-11-16T06:03:43.320+0000][1763.763s][debug][safepoint     ] Safepoint synchronization initiated. (173 threads)
[2023-11-16T06:03:43.320+0000][1763.763s][info ][safepoint     ] Application time: 1.0001582 seconds
[2023-11-16T06:03:43.320+0000][1763.763s][info ][safepoint     ] Entering safepoint region: Cleanup
[2023-11-16T06:03:43.320+0000][1763.764s][info ][safepoint     ] Leaving safepoint region
[2023-11-16T06:03:43.320+0000][1763.764s][info ][safepoint     ] Total time for which application threads were stopped: 0.0003422 seconds, Stopping threads took: 0.0000534 seconds
[2023-11-16T06:03:44.320+0000][1764.764s][debug][safepoint     ] Safepoint synchronization initiated. (173 threads)
[2023-11-16T06:03:44.320+0000][1764.764s][info ][safepoint     ] Application time: 1.0001787 seconds
[2023-11-16T06:03:44.321+0000][1764.764s][info ][safepoint     ] Entering safepoint region: Cleanup
[2023-11-16T06:03:44.321+0000][1764.764s][info ][safepoint     ] Leaving safepoint region
[2023-11-16T06:03:44.321+0000][1764.764s][info ][safepoint     ] Total time for which application threads were stopped: 0.0003420 seconds, Stopping threads took: 0.0000524 seconds
[2023-11-16T06:03:45.321+0000][1765.764s][debug][safepoint     ] Safepoint synchronization initiated. (173 threads)
[2023-11-16T06:03:45.321+0000][1765.764s][info ][safepoint     ] Application time: 1.0001736 seconds
[2023-11-16T06:03:45.321+0000][1765.764s][info ][safepoint     ] Entering safepoint region: Cleanup
[2023-11-16T06:03:45.321+0000][1765.765s][info ][safepoint     ] Leaving safepoint region
[2023-11-16T06:03:45.321+0000][1765.765s][info ][safepoint     ] Total time for which application threads were stopped: 0.0003433 seconds, Stopping threads took: 0.0000526 seconds
[2023-11-16T06:03:46.322+0000][1766.765s][debug][safepoint     ] Safepoint synchronization initiated. (173 threads)
[2023-11-16T06:03:46.322+0000][1766.765s][info ][safepoint     ] Application time: 1.0001730 seconds
[2023-11-16T06:03:46.322+0000][1766.765s][info ][safepoint     ] Entering safepoint region: Cleanup
[2023-11-16T06:03:46.322+0000][1766.765s][info ][safepoint     ] Leaving safepoint region
[2023-11-16T06:03:46.322+0000][1766.765s][info ][safepoint     ] Total time for which application threads were stopped: 0.0003438 seconds, Stopping threads took: 0.0000528 seconds
[2023-11-16T06:03:47.322+0000][1767.765s][debug][safepoint     ] Safepoint synchronization initiated. (173 threads)
[2023-11-16T06:03:47.322+0000][1767.766s][info ][safepoint     ] Application time: 1.0001739 seconds
[2023-11-16T06:03:47.322+0000][1767.766s][info ][safepoint     ] Entering safepoint region: Cleanup
[2023-11-16T06:03:47.323+0000][1767.766s][info ][safepoint     ] Leaving safepoint region
[2023-11-16T06:03:47.323+0000][1767.766s][info ][safepoint     ] Total time for which application threads were stopped: 0.0003526 seconds, Stopping threads took: 0.0000525 seconds
[2023-11-16T06:03:48.323+0000][1768.766s][debug][safepoint     ] Safepoint synchronization initiated. (173 threads)
[2023-11-16T06:03:48.323+0000][1768.766s][info ][safepoint     ] Application time: 1.0001632 seconds
[2023-11-16T06:03:48.323+0000][1768.766s][info ][safepoint     ] Entering safepoint region: Cleanup
[2023-11-16T06:03:48.323+0000][1768.767s][info ][safepoint     ] Leaving safepoint region
[2023-11-16T06:03:48.323+0000][1768.767s][info ][safepoint     ] Total time for which application threads were stopped: 0.0005217 seconds, Stopping threads took: 0.0002706 seconds
[2023-11-16T06:03:49.323+0000][1769.767s][debug][safepoint     ] Safepoint synchronization initiated. (173 threads)
[2023-11-16T06:03:49.323+0000][1769.767s][info ][safepoint     ] Application time: 1.0001852 seconds
[2023-11-16T06:03:49.324+0000][1769.767s][info ][safepoint     ] Entering safepoint region: Cleanup
[2023-11-16T06:03:49.324+0000][1769.767s][info ][safepoint     ] Leaving safepoint region
[2023-11-16T06:03:49.324+0000][1769.767s][info ][safepoint     ] Total time for which application threads were stopped: 0.0003347 seconds, Stopping threads took: 0.0000510 seconds
[2023-11-16T06:03:50.324+0000][1770.767s][debug][safepoint     ] Safepoint synchronization initiated. (173 threads)
[2023-11-16T06:03:50.324+0000][1770.767s][info ][safepoint     ] Application time: 1.0001120 seconds
[2023-11-16T06:03:50.324+0000][1770.767s][info ][safepoint     ] Entering safepoint region: Cleanup
[2023-11-16T06:03:50.324+0000][1770.768s][info ][safepoint     ] Leaving safepoint region
[2023-11-16T06:03:50.324+0000][1770.768s][info ][safepoint     ] Total time for which application threads were stopped: 0.0002918 seconds, Stopping threads took: 0.0000423 seconds
[2023-11-16T06:03:51.324+0000][1771.768s][debug][safepoint     ] Safepoint synchronization initiated. (173 threads)
[2023-11-16T06:03:51.324+0000][1771.768s][info ][safepoint     ] Application time: 1.0001606 seconds
[2023-11-16T06:03:51.325+0000][1771.768s][info ][safepoint     ] Entering safepoint region: Cleanup
[2023-11-16T06:03:51.325+0000][1771.768s][info ][safepoint     ] Leaving safepoint region
[2023-11-16T06:03:51.325+0000][1771.768s][info ][safepoint     ] Total time for which application threads were stopped: 0.0003370 seconds, Stopping threads took: 0.0000503 seconds
[2023-11-16T06:03:52.325+0000][1772.768s][debug][safepoint     ] Safepoint synchronization initiated. (173 threads)
[2023-11-16T06:03:52.325+0000][1772.768s][info ][safepoint     ] Application time: 1.0001551 seconds
[2023-11-16T06:03:52.325+0000][1772.768s][info ][safepoint     ] Entering safepoint region: Cleanup
[2023-11-16T06:03:52.325+0000][1772.769s][info ][safepoint     ] Leaving safepoint region
[2023-11-16T06:03:52.325+0000][1772.769s][info ][safepoint     ] Total time for which application threads were stopped: 0.0003404 seconds, Stopping threads took: 0.0000507 seconds
[2023-11-16T06:03:53.325+0000][1773.769s][debug][safepoint     ] Safepoint synchronization initiated. (173 threads)
[2023-11-16T06:03:53.326+0000][1773.769s][info ][safepoint     ] Application time: 1.0001764 seconds
[2023-11-16T06:03:53.326+0000][1773.769s][info ][safepoint     ] Entering safepoint region: Cleanup
[2023-11-16T06:03:53.326+0000][1773.769s][info ][safepoint     ] Leaving safepoint region
[2023-11-16T06:03:53.326+0000][1773.769s][info ][safepoint     ] Total time for which application threads were stopped: 0.0002757 seconds, Stopping threads took: 0.0000588 seconds
[2023-11-16T06:03:54.326+0000][1774.769s][debug][safepoint     ] Safepoint synchronization initiated. (175 threads)
[2023-11-16T06:03:54.326+0000][1774.769s][info ][safepoint     ] Application time: 1.0001704 seconds
[2023-11-16T06:03:54.326+0000][1774.769s][info ][safepoint     ] Entering safepoint region: Cleanup
[2023-11-16T06:03:54.326+0000][1774.770s][info ][safepoint     ] Leaving safepoint region
[2023-11-16T06:03:54.326+0000][1774.770s][info ][safepoint     ] Total time for which application threads were stopped: 0.0002693 seconds, Stopping threads took: 0.0000516 seconds
[2023-11-16T06:03:55.326+0000][1775.770s][debug][safepoint     ] Safepoint synchronization initiated. (175 threads)
[2023-11-16T06:03:55.327+0000][1775.770s][info ][safepoint     ] Application time: 1.0002181 seconds
[2023-11-16T06:03:55.327+0000][1775.770s][info ][safepoint     ] Entering safepoint region: Cleanup
[2023-11-16T06:03:55.327+0000][1775.770s][info ][safepoint     ] Leaving safepoint region
[2023-11-16T06:03:55.327+0000][1775.770s][info ][safepoint     ] Total time for which application threads were stopped: 0.0003399 seconds, Stopping threads took: 0.0000516 seconds
[2023-11-16T06:03:56.327+0000][1776.770s][debug][safepoint     ] Safepoint synchronization initiated. (175 threads)
[2023-11-16T06:03:56.327+0000][1776.770s][info ][safepoint     ] Application time: 1.0001551 seconds
[2023-11-16T06:03:56.327+0000][1776.770s][info ][safepoint     ] Entering safepoint region: Cleanup
[2023-11-16T06:03:56.327+0000][1776.771s][info ][safepoint     ] Leaving safepoint region
[2023-11-16T06:03:56.327+0000][1776.771s][info ][safepoint     ] Total time for which application threads were stopped: 0.0003033 seconds, Stopping threads took: 0.0000506 seconds
[2023-11-16T06:03:57.328+0000][1777.771s][debug][safepoint     ] Safepoint synchronization initiated. (175 threads)
[2023-11-16T06:03:57.328+0000][1777.771s][info ][safepoint     ] Application time: 1.0001465 seconds
[2023-11-16T06:03:57.328+0000][1777.771s][info ][safepoint     ] Entering safepoint region: Cleanup
[2023-11-16T06:03:57.328+0000][1777.771s][info ][safepoint     ] Leaving safepoint region
[2023-11-16T06:03:57.328+0000][1777.771s][info ][safepoint     ] Total time for which application threads were stopped: 0.0003381 seconds, Stopping threads took: 0.0000503 seconds
[2023-11-16T06:03:58.328+0000][1778.771s][debug][safepoint     ] Safepoint synchronization initiated. (175 threads)
[2023-11-16T06:03:58.328+0000][1778.771s][info ][safepoint     ] Application time: 1.0001549 seconds
[2023-11-16T06:03:58.328+0000][1778.771s][info ][safepoint     ] Entering safepoint region: Cleanup
[2023-11-16T06:03:58.329+0000][1778.772s][info ][safepoint     ] Leaving safepoint region
[2023-11-16T06:03:58.329+0000][1778.772s][info ][safepoint     ] Total time for which application threads were stopped: 0.0005690 seconds, Stopping threads took: 0.0002721 seconds
[2023-11-16T06:04:02.329+0000][1782.772s][debug][safepoint     ] Safepoint synchronization initiated. (177 threads)
[2023-11-16T06:04:02.329+0000][1782.772s][info ][safepoint     ] Application time: 4.0004517 seconds
[2023-11-16T06:04:02.329+0000][1782.773s][info ][safepoint     ] Entering safepoint region: Cleanup
[2023-11-16T06:04:02.329+0000][1782.773s][info ][safepoint     ] Leaving safepoint region
[2023-11-16T06:04:02.329+0000][1782.773s][info ][safepoint     ] Total time for which application threads were stopped: 0.0002058 seconds, Stopping threads took: 0.0000390 seconds
[2023-11-16T06:04:23.331+0000][1803.775s][debug][safepoint     ] Safepoint synchronization initiated. (177 threads)
[2023-11-16T06:04:23.331+0000][1803.775s][info ][safepoint     ] Application time: 21.0019986 seconds
[2023-11-16T06:04:23.331+0000][1803.775s][info ][safepoint     ] Entering safepoint region: Cleanup
[2023-11-16T06:04:23.332+0000][1803.775s][info ][safepoint     ] Leaving safepoint region
[2023-11-16T06:04:23.332+0000][1803.775s][info ][safepoint     ] Total time for which application threads were stopped: 0.0003117 seconds, Stopping threads took: 0.0000764 seconds
[2023-11-16T06:04:24.332+0000][1804.775s][debug][safepoint     ] Safepoint synchronization initiated. (177 threads)
[2023-11-16T06:04:24.332+0000][1804.775s][info ][safepoint     ] Application time: 1.0001566 seconds
[2023-11-16T06:04:24.332+0000][1804.775s][info ][safepoint     ] Entering safepoint region: Cleanup
[2023-11-16T06:04:24.332+0000][1804.776s][info ][safepoint     ] Leaving safepoint region
[2023-11-16T06:04:24.332+0000][1804.776s][info ][safepoint     ] Total time for which application threads were stopped: 0.0003509 seconds, Stopping threads took: 0.0000501 seconds
[2023-11-16T06:04:29.333+0000][1809.776s][debug][safepoint     ] Safepoint synchronization initiated. (175 threads)
[2023-11-16T06:04:29.333+0000][1809.776s][info ][safepoint     ] Application time: 5.0005444 seconds
[2023-11-16T06:04:29.333+0000][1809.776s][info ][safepoint     ] Entering safepoint region: Cleanup
[2023-11-16T06:04:29.333+0000][1809.776s][info ][safepoint     ] Leaving safepoint region
[2023-11-16T06:04:29.333+0000][1809.777s][info ][safepoint     ] Total time for which application threads were stopped: 0.0003348 seconds, Stopping threads took: 0.0000480 seconds
[2023-11-16T06:04:55.336+0000][1835.779s][debug][safepoint     ] Safepoint synchronization initiated. (174 threads)
[2023-11-16T06:04:55.336+0000][1835.779s][info ][safepoint     ] Application time: 26.0024059 seconds
[2023-11-16T06:04:55.336+0000][1835.779s][info ][safepoint     ] Entering safepoint region: Cleanup
[2023-11-16T06:04:55.336+0000][1835.780s][info ][safepoint     ] Leaving safepoint region
[2023-11-16T06:04:55.336+0000][1835.780s][info ][safepoint     ] Total time for which application threads were stopped: 0.0006057 seconds, Stopping threads took: 0.0003153 seconds
[2023-11-16T06:05:02.337+0000][1842.780s][debug][safepoint     ] Safepoint synchronization initiated. (174 threads)
[2023-11-16T06:05:02.337+0000][1842.780s][info ][safepoint     ] Application time: 7.0006529 seconds
[2023-11-16T06:05:02.337+0000][1842.780s][debug][safepoint     ] ... found polling page return exception at pc = 0x00007fde849a5d5f, stub =0x00007fde7c83a800
[2023-11-16T06:05:02.337+0000][1842.780s][debug][safepoint     ] Waiting for 1 thread(s) to block
[2023-11-16T06:05:02.337+0000][1842.780s][info ][safepoint     ] Entering safepoint region: Cleanup
[2023-11-16T06:05:02.337+0000][1842.781s][info ][safepoint     ] Leaving safepoint region
[2023-11-16T06:05:02.337+0000][1842.781s][info ][safepoint     ] Total time for which application threads were stopped: 0.0003513 seconds, Stopping threads took: 0.0001076 seconds
[2023-11-16T06:05:03.337+0000][1843.781s][debug][safepoint     ] Safepoint synchronization initiated. (174 threads)
[2023-11-16T06:05:03.337+0000][1843.781s][info ][safepoint     ] Application time: 1.0001623 seconds
[2023-11-16T06:05:03.338+0000][1843.781s][info ][safepoint     ] Entering safepoint region: Cleanup
[2023-11-16T06:05:03.338+0000][1843.781s][info ][safepoint     ] Leaving safepoint region
[2023-11-16T06:05:03.338+0000][1843.781s][info ][safepoint     ] Total time for which application threads were stopped: 0.0003603 seconds, Stopping threads took: 0.0000737 seconds
[2023-11-16T06:05:11.339+0000][1851.782s][debug][safepoint     ] Safepoint synchronization initiated. (174 threads)
[2023-11-16T06:05:11.339+0000][1851.782s][info ][safepoint     ] Application time: 8.0007741 seconds
[2023-11-16T06:05:11.339+0000][1851.782s][info ][safepoint     ] Entering safepoint region: Cleanup
[2023-11-16T06:05:11.339+0000][1851.782s][info ][safepoint     ] Leaving safepoint region
[2023-11-16T06:05:11.339+0000][1851.782s][info ][safepoint     ] Total time for which application threads were stopped: 0.0002519 seconds, Stopping threads took: 0.0000531 seconds
[2023-11-16T06:05:30.341+0000][1870.784s][debug][safepoint     ] Safepoint synchronization initiated. (173 threads)
[2023-11-16T06:05:30.341+0000][1870.784s][info ][safepoint     ] Application time: 19.0017688 seconds
[2023-11-16T06:05:30.341+0000][1870.784s][info ][safepoint     ] Entering safepoint region: Cleanup
[2023-11-16T06:05:30.341+0000][1870.784s][info ][safepoint     ] Leaving safepoint region
[2023-11-16T06:05:30.341+0000][1870.784s][info ][safepoint     ] Total time for which application threads were stopped: 0.0003616 seconds, Stopping threads took: 0.0000529 seconds
[2023-11-16T06:05:42.342+0000][1882.785s][debug][safepoint     ] Safepoint synchronization initiated. (173 threads)
[2023-11-16T06:05:42.342+0000][1882.786s][info ][safepoint     ] Application time: 12.0011249 seconds
[2023-11-16T06:05:42.342+0000][1882.786s][info ][safepoint     ] Entering safepoint region: Cleanup
[2023-11-16T06:05:42.342+0000][1882.786s][info ][safepoint     ] Leaving safepoint region
[2023-11-16T06:05:42.342+0000][1882.786s][info ][safepoint     ] Total time for which application threads were stopped: 0.0002588 seconds, Stopping threads took: 0.0000505 seconds
[2023-11-16T06:05:59.344+0000][1899.787s][debug][safepoint     ] Safepoint synchronization initiated. (172 threads)
[2023-11-16T06:05:59.344+0000][1899.787s][info ][safepoint     ] Application time: 17.0015396 seconds
[2023-11-16T06:05:59.344+0000][1899.787s][info ][safepoint     ] Entering safepoint region: Cleanup
[2023-11-16T06:05:59.344+0000][1899.788s][info ][safepoint     ] Leaving safepoint region
[2023-11-16T06:05:59.344+0000][1899.788s][info ][safepoint     ] Total time for which application threads were stopped: 0.0003463 seconds, Stopping threads took: 0.0000524 seconds
[2023-11-16T06:06:00.345+0000][1900.788s][debug][safepoint     ] Safepoint synchronization initiated. (172 threads)
[2023-11-16T06:06:00.345+0000][1900.788s][info ][safepoint     ] Application time: 1.0001611 seconds
[2023-11-16T06:06:00.345+0000][1900.788s][info ][safepoint     ] Entering safepoint region: Cleanup
[2023-11-16T06:06:00.345+0000][1900.788s][info ][safepoint     ] Leaving safepoint region
[2023-11-16T06:06:00.345+0000][1900.788s][info ][safepoint     ] Total time for which application threads were stopped: 0.0003415 seconds, Stopping threads took: 0.0000525 seconds
[2023-11-16T06:06:01.345+0000][1901.788s][debug][safepoint     ] Safepoint synchronization initiated. (172 threads)
[2023-11-16T06:06:01.345+0000][1901.788s][info ][safepoint     ] Application time: 1.0001735 seconds
[2023-11-16T06:06:01.345+0000][1901.789s][info ][safepoint     ] Entering safepoint region: Cleanup
[2023-11-16T06:06:01.345+0000][1901.789s][info ][safepoint     ] Leaving safepoint region
[2023-11-16T06:06:01.346+0000][1901.789s][info ][safepoint     ] Total time for which application threads were stopped: 0.0003440 seconds, Stopping threads took: 0.0000528 seconds
[2023-11-16T06:06:02.346+0000][1902.789s][debug][safepoint     ] Safepoint synchronization initiated. (172 threads)
[2023-11-16T06:06:02.346+0000][1902.789s][info ][safepoint     ] Application time: 1.0001003 seconds
[2023-11-16T06:06:02.346+0000][1902.789s][info ][safepoint     ] Entering safepoint region: Cleanup
[2023-11-16T06:06:02.346+0000][1902.789s][info ][safepoint     ] Leaving safepoint region
[2023-11-16T06:06:02.346+0000][1902.789s][info ][safepoint     ] Total time for which application threads were stopped: 0.0003433 seconds, Stopping threads took: 0.0000515 seconds
[2023-11-16T06:06:03.346+0000][1903.789s][debug][safepoint     ] Safepoint synchronization initiated. (172 threads)
[2023-11-16T06:06:03.346+0000][1903.790s][info ][safepoint     ] Application time: 1.0001850 seconds
[2023-11-16T06:06:03.346+0000][1903.790s][info ][safepoint     ] Entering safepoint region: Cleanup
[2023-11-16T06:06:03.346+0000][1903.790s][info ][safepoint     ] Leaving safepoint region
[2023-11-16T06:06:03.347+0000][1903.790s][info ][safepoint     ] Total time for which application threads were stopped: 0.0002792 seconds, Stopping threads took: 0.0000598 seconds
[2023-11-16T06:06:04.347+0000][1904.790s][debug][safepoint     ] Safepoint synchronization initiated. (172 threads)
[2023-11-16T06:06:04.347+0000][1904.790s][info ][safepoint     ] Application time: 1.0001656 seconds
[2023-11-16T06:06:04.347+0000][1904.790s][info ][safepoint     ] Entering safepoint region: Cleanup
[2023-11-16T06:06:04.347+0000][1904.790s][info ][safepoint     ] Leaving safepoint region
[2023-11-16T06:06:04.347+0000][1904.790s][info ][safepoint     ] Total time for which application threads were stopped: 0.0003448 seconds, Stopping threads took: 0.0000518 seconds
[2023-11-16T06:06:05.347+0000][1905.791s][debug][safepoint     ] Safepoint synchronization initiated. (172 threads)
[2023-11-16T06:06:05.347+0000][1905.791s][info ][safepoint     ] Application time: 1.0001742 seconds
[2023-11-16T06:06:05.347+0000][1905.791s][info ][safepoint     ] Entering safepoint region: Cleanup
[2023-11-16T06:06:05.348+0000][1905.791s][info ][safepoint     ] Leaving safepoint region
[2023-11-16T06:06:05.348+0000][1905.791s][info ][safepoint     ] Total time for which application threads were stopped: 0.0003063 seconds, Stopping threads took: 0.0000523 seconds
[2023-11-16T06:06:06.348+0000][1906.791s][debug][safepoint     ] Safepoint synchronization initiated. (172 threads)
[2023-11-16T06:06:06.348+0000][1906.791s][info ][safepoint     ] Application time: 1.0001635 seconds
[2023-11-16T06:06:06.348+0000][1906.791s][info ][safepoint     ] Entering safepoint region: Cleanup
[2023-11-16T06:06:06.348+0000][1906.791s][info ][safepoint     ] Leaving safepoint region
[2023-11-16T06:06:06.348+0000][1906.791s][info ][safepoint     ] Total time for which application threads were stopped: 0.0003442 seconds, Stopping threads took: 0.0000522 seconds
[2023-11-16T06:06:07.348+0000][1907.792s][debug][safepoint     ] Safepoint synchronization initiated. (172 threads)
[2023-11-16T06:06:07.348+0000][1907.792s][info ][safepoint     ] Application time: 1.0001580 seconds
[2023-11-16T06:06:07.348+0000][1907.792s][info ][safepoint     ] Entering safepoint region: Cleanup
[2023-11-16T06:06:07.349+0000][1907.792s][info ][safepoint     ] Leaving safepoint region
[2023-11-16T06:06:07.349+0000][1907.792s][info ][safepoint     ] Total time for which application threads were stopped: 0.0003398 seconds, Stopping threads took: 0.0000519 seconds
[2023-11-16T06:06:08.349+0000][1908.792s][debug][safepoint     ] Safepoint synchronization initiated. (172 threads)
[2023-11-16T06:06:08.349+0000][1908.792s][info ][safepoint     ] Application time: 1.0001590 seconds
[2023-11-16T06:06:08.349+0000][1908.792s][info ][safepoint     ] Entering safepoint region: Cleanup
[2023-11-16T06:06:08.349+0000][1908.792s][info ][safepoint     ] Leaving safepoint region
[2023-11-16T06:06:08.349+0000][1908.793s][info ][safepoint     ] Total time for which application threads were stopped: 0.0003331 seconds, Stopping threads took: 0.0000506 seconds
[2023-11-16T06:06:09.349+0000][1909.793s][debug][safepoint     ] Safepoint synchronization initiated. (172 threads)
[2023-11-16T06:06:09.349+0000][1909.793s][info ][safepoint     ] Application time: 1.0001754 seconds
[2023-11-16T06:06:09.349+0000][1909.793s][info ][safepoint     ] Entering safepoint region: Cleanup
[2023-11-16T06:06:09.350+0000][1909.793s][info ][safepoint     ] Leaving safepoint region
[2023-11-16T06:06:09.350+0000][1909.793s][info ][safepoint     ] Total time for which application threads were stopped: 0.0003297 seconds, Stopping threads took: 0.0000540 seconds
[2023-11-16T06:06:10.350+0000][1910.793s][debug][safepoint     ] Safepoint synchronization initiated. (172 threads)
[2023-11-16T06:06:10.350+0000][1910.793s][info ][safepoint     ] Application time: 1.0001577 seconds
[2023-11-16T06:06:10.350+0000][1910.793s][info ][safepoint     ] Entering safepoint region: Cleanup
[2023-11-16T06:06:10.350+0000][1910.794s][info ][safepoint     ] Leaving safepoint region
[2023-11-16T06:06:10.350+0000][1910.794s][info ][safepoint     ] Total time for which application threads were stopped: 0.0003861 seconds, Stopping threads took: 0.0000514 seconds
[2023-11-16T06:06:11.350+0000][1911.794s][debug][safepoint     ] Safepoint synchronization initiated. (172 threads)
[2023-11-16T06:06:11.351+0000][1911.794s][info ][safepoint     ] Application time: 1.0001561 seconds
[2023-11-16T06:06:11.351+0000][1911.794s][info ][safepoint     ] Entering safepoint region: Cleanup
[2023-11-16T06:06:11.351+0000][1911.794s][info ][safepoint     ] Leaving safepoint region
[2023-11-16T06:06:11.351+0000][1911.794s][info ][safepoint     ] Total time for which application threads were stopped: 0.0003855 seconds, Stopping threads took: 0.0000516 seconds
[2023-11-16T06:06:12.351+0000][1912.794s][debug][safepoint     ] Safepoint synchronization initiated. (172 threads)
[2023-11-16T06:06:12.351+0000][1912.794s][info ][safepoint     ] Application time: 1.0001522 seconds
[2023-11-16T06:06:12.351+0000][1912.794s][info ][safepoint     ] Entering safepoint region: Cleanup
[2023-11-16T06:06:12.351+0000][1912.795s][info ][safepoint     ] Leaving safepoint region
[2023-11-16T06:06:12.351+0000][1912.795s][info ][safepoint     ] Total time for which application threads were stopped: 0.0003663 seconds, Stopping threads took: 0.0000501 seconds
[2023-11-16T06:06:13.352+0000][1913.795s][debug][safepoint     ] Safepoint synchronization initiated. (172 threads)
[2023-11-16T06:06:13.352+0000][1913.795s][info ][safepoint     ] Application time: 1.0001432 seconds
[2023-11-16T06:06:13.352+0000][1913.795s][info ][safepoint     ] Entering safepoint region: Cleanup
[2023-11-16T06:06:13.352+0000][1913.795s][info ][safepoint     ] Leaving safepoint region
[2023-11-16T06:06:13.352+0000][1913.795s][info ][safepoint     ] Total time for which application threads were stopped: 0.0003843 seconds, Stopping threads took: 0.0000504 seconds
[2023-11-16T06:06:14.352+0000][1914.795s][debug][safepoint     ] Safepoint synchronization initiated. (172 threads)
[2023-11-16T06:06:14.352+0000][1914.796s][info ][safepoint     ] Application time: 1.0001552 seconds
[2023-11-16T06:06:14.352+0000][1914.796s][info ][safepoint     ] Entering safepoint region: Cleanup
[2023-11-16T06:06:14.353+0000][1914.796s][info ][safepoint     ] Leaving safepoint region
[2023-11-16T06:06:14.353+0000][1914.796s][info ][safepoint     ] Total time for which application threads were stopped: 0.0003408 seconds, Stopping threads took: 0.0000537 seconds
[2023-11-16T06:06:15.353+0000][1915.796s][debug][safepoint     ] Safepoint synchronization initiated. (172 threads)
[2023-11-16T06:06:15.353+0000][1915.796s][info ][safepoint     ] Application time: 1.0001683 seconds
[2023-11-16T06:06:15.353+0000][1915.796s][info ][safepoint     ] Entering safepoint region: Cleanup
[2023-11-16T06:06:15.353+0000][1915.797s][info ][safepoint     ] Leaving safepoint region
[2023-11-16T06:06:15.353+0000][1915.797s][info ][safepoint     ] Total time for which application threads were stopped: 0.0006175 seconds, Stopping threads took: 0.0003099 seconds
[2023-11-16T06:06:16.354+0000][1916.797s][debug][safepoint     ] Safepoint synchronization initiated. (172 threads)
[2023-11-16T06:06:16.354+0000][1916.797s][info ][safepoint     ] Application time: 1.0001799 seconds
[2023-11-16T06:06:16.354+0000][1916.797s][info ][safepoint     ] Entering safepoint region: Cleanup
[2023-11-16T06:06:16.354+0000][1916.797s][info ][safepoint     ] Leaving safepoint region
[2023-11-16T06:06:16.354+0000][1916.797s][info ][safepoint     ] Total time for which application threads were stopped: 0.0003399 seconds, Stopping threads took: 0.0000523 seconds
[2023-11-16T06:06:17.354+0000][1917.797s][debug][safepoint     ] Safepoint synchronization initiated. (172 threads)
[2023-11-16T06:06:17.354+0000][1917.797s][info ][safepoint     ] Application time: 1.0001715 seconds
[2023-11-16T06:06:17.354+0000][1917.798s][info ][safepoint     ] Entering safepoint region: Cleanup
[2023-11-16T06:06:17.354+0000][1917.798s][info ][safepoint     ] Leaving safepoint region
[2023-11-16T06:06:17.355+0000][1917.798s][info ][safepoint     ] Total time for which application threads were stopped: 0.0003380 seconds, Stopping threads took: 0.0000517 seconds
[2023-11-16T06:06:18.355+0000][1918.798s][debug][safepoint     ] Safepoint synchronization initiated. (172 threads)
[2023-11-16T06:06:18.355+0000][1918.798s][info ][safepoint     ] Application time: 1.0001771 seconds
[2023-11-16T06:06:18.355+0000][1918.798s][info ][safepoint     ] Entering safepoint region: Cleanup
[2023-11-16T06:06:18.355+0000][1918.798s][info ][safepoint     ] Leaving safepoint region
[2023-11-16T06:06:18.355+0000][1918.798s][info ][safepoint     ] Total time for which application threads were stopped: 0.0003356 seconds, Stopping threads took: 0.0000498 seconds
[2023-11-16T06:06:19.355+0000][1919.799s][debug][safepoint     ] Safepoint synchronization initiated. (172 threads)
[2023-11-16T06:06:19.355+0000][1919.799s][info ][safepoint     ] Application time: 1.0001710 seconds
[2023-11-16T06:06:19.355+0000][1919.799s][info ][safepoint     ] Entering safepoint region: Cleanup
[2023-11-16T06:06:19.356+0000][1919.799s][info ][safepoint     ] Leaving safepoint region
[2023-11-16T06:06:19.356+0000][1919.799s][info ][safepoint     ] Total time for which application threads were stopped: 0.0003064 seconds, Stopping threads took: 0.0000511 seconds
[2023-11-16T06:06:20.356+0000][1920.799s][debug][safepoint     ] Safepoint synchronization initiated. (172 threads)
[2023-11-16T06:06:20.356+0000][1920.799s][info ][safepoint     ] Application time: 1.0001525 seconds
[2023-11-16T06:06:20.356+0000][1920.799s][info ][safepoint     ] Entering safepoint region: Cleanup
[2023-11-16T06:06:20.356+0000][1920.799s][info ][safepoint     ] Leaving safepoint region
[2023-11-16T06:06:20.356+0000][1920.799s][info ][safepoint     ] Total time for which application threads were stopped: 0.0003345 seconds, Stopping threads took: 0.0000632 seconds
[2023-11-16T06:06:21.356+0000][1921.800s][debug][safepoint     ] Safepoint synchronization initiated. (172 threads)
[2023-11-16T06:06:21.356+0000][1921.800s][info ][safepoint     ] Application time: 1.0001516 seconds
[2023-11-16T06:06:21.356+0000][1921.800s][info ][safepoint     ] Entering safepoint region: Cleanup
[2023-11-16T06:06:21.357+0000][1921.800s][info ][safepoint     ] Leaving safepoint region
[2023-11-16T06:06:21.357+0000][1921.800s][info ][safepoint     ] Total time for which application threads were stopped: 0.0003391 seconds, Stopping threads took: 0.0000503 seconds
[2023-11-16T06:06:22.357+0000][1922.800s][debug][safepoint     ] Safepoint synchronization initiated. (172 threads)
[2023-11-16T06:06:22.357+0000][1922.800s][info ][safepoint     ] Application time: 1.0001234 seconds
[2023-11-16T06:06:22.357+0000][1922.800s][info ][safepoint     ] Entering safepoint region: Cleanup
[2023-11-16T06:06:22.357+0000][1922.800s][info ][safepoint     ] Leaving safepoint region
[2023-11-16T06:06:22.357+0000][1922.800s][info ][safepoint     ] Total time for which application threads were stopped: 0.0002507 seconds, Stopping threads took: 0.0000531 seconds
[2023-11-16T06:06:23.357+0000][1923.800s][debug][safepoint     ] Safepoint synchronization initiated. (172 threads)
[2023-11-16T06:06:23.357+0000][1923.801s][info ][safepoint     ] Application time: 1.0001792 seconds
[2023-11-16T06:06:23.357+0000][1923.801s][info ][safepoint     ] Entering safepoint region: Cleanup
[2023-11-16T06:06:23.358+0000][1923.801s][info ][safepoint     ] Leaving safepoint region
[2023-11-16T06:06:23.358+0000][1923.801s][info ][safepoint     ] Total time for which application threads were stopped: 0.0002593 seconds, Stopping threads took: 0.0000531 seconds
[2023-11-16T06:06:24.358+0000][1924.801s][debug][safepoint     ] Safepoint synchronization initiated. (172 threads)
[2023-11-16T06:06:24.358+0000][1924.801s][info ][safepoint     ] Application time: 1.0001704 seconds
[2023-11-16T06:06:24.358+0000][1924.801s][info ][safepoint     ] Entering safepoint region: Cleanup
[2023-11-16T06:06:24.358+0000][1924.801s][info ][safepoint     ] Leaving safepoint region
[2023-11-16T06:06:24.358+0000][1924.801s][info ][safepoint     ] Total time for which application threads were stopped: 0.0003563 seconds, Stopping threads took: 0.0000548 seconds
[2023-11-16T06:06:25.358+0000][1925.802s][debug][safepoint     ] Safepoint synchronization initiated. (172 threads)
[2023-11-16T06:06:25.358+0000][1925.802s][info ][safepoint     ] Application time: 1.0001676 seconds
[2023-11-16T06:06:25.358+0000][1925.802s][info ][safepoint     ] Entering safepoint region: Cleanup
[2023-11-16T06:06:25.359+0000][1925.802s][info ][safepoint     ] Leaving safepoint region
[2023-11-16T06:06:25.359+0000][1925.802s][info ][safepoint     ] Total time for which application threads were stopped: 0.0002915 seconds, Stopping threads took: 0.0000515 seconds
[2023-11-16T06:06:26.359+0000][1926.802s][debug][safepoint     ] Safepoint synchronization initiated. (172 threads)
[2023-11-16T06:06:26.359+0000][1926.802s][info ][safepoint     ] Application time: 1.0001707 seconds
[2023-11-16T06:06:26.359+0000][1926.802s][info ][safepoint     ] Entering safepoint region: Cleanup
[2023-11-16T06:06:26.359+0000][1926.802s][info ][safepoint     ] Leaving safepoint region
[2023-11-16T06:06:26.359+0000][1926.802s][info ][safepoint     ] Total time for which application threads were stopped: 0.0003414 seconds, Stopping threads took: 0.0000523 seconds
[2023-11-16T06:06:27.359+0000][1927.803s][debug][safepoint     ] Safepoint synchronization initiated. (172 threads)
[2023-11-16T06:06:27.359+0000][1927.803s][info ][safepoint     ] Application time: 1.0001707 seconds
[2023-11-16T06:06:27.359+0000][1927.803s][info ][safepoint     ] Entering safepoint region: Cleanup
[2023-11-16T06:06:27.359+0000][1927.803s][info ][safepoint     ] Leaving safepoint region
[2023-11-16T06:06:27.360+0000][1927.803s][info ][safepoint     ] Total time for which application threads were stopped: 0.0001741 seconds, Stopping threads took: 0.0000359 seconds
[2023-11-16T06:06:28.360+0000][1928.803s][debug][safepoint     ] Safepoint synchronization initiated. (172 threads)
[2023-11-16T06:06:28.360+0000][1928.803s][info ][safepoint     ] Application time: 1.0001423 seconds
[2023-11-16T06:06:28.360+0000][1928.803s][info ][safepoint     ] Entering safepoint region: Cleanup
[2023-11-16T06:06:28.360+0000][1928.803s][info ][safepoint     ] Leaving safepoint region
[2023-11-16T06:06:28.360+0000][1928.803s][info ][safepoint     ] Total time for which application threads were stopped: 0.0002826 seconds, Stopping threads took: 0.0000522 seconds
[2023-11-16T06:06:29.360+0000][1929.803s][debug][safepoint     ] Safepoint synchronization initiated. (172 threads)
[2023-11-16T06:06:29.360+0000][1929.803s][info ][safepoint     ] Application time: 1.0001608 seconds
[2023-11-16T06:06:29.360+0000][1929.804s][info ][safepoint     ] Entering safepoint region: Cleanup
[2023-11-16T06:06:29.360+0000][1929.804s][info ][safepoint     ] Leaving safepoint region
[2023-11-16T06:06:29.360+0000][1929.804s][info ][safepoint     ] Total time for which application threads were stopped: 0.0003139 seconds, Stopping threads took: 0.0000508 seconds
[2023-11-16T06:06:30.361+0000][1930.804s][debug][safepoint     ] Safepoint synchronization initiated. (186 threads)
[2023-11-16T06:06:30.361+0000][1930.804s][info ][safepoint     ] Application time: 1.0001668 seconds
[2023-11-16T06:06:30.361+0000][1930.804s][info ][safepoint     ] Entering safepoint region: Cleanup
[2023-11-16T06:06:30.361+0000][1930.804s][info ][safepoint     ] Leaving safepoint region
[2023-11-16T06:06:30.361+0000][1930.804s][info ][safepoint     ] Total time for which application threads were stopped: 0.0003266 seconds, Stopping threads took: 0.0000552 seconds
[2023-11-16T06:06:31.361+0000][1931.804s][debug][safepoint     ] Safepoint synchronization initiated. (186 threads)
[2023-11-16T06:06:31.361+0000][1931.805s][info ][safepoint     ] Application time: 1.0001650 seconds
[2023-11-16T06:06:31.361+0000][1931.805s][info ][safepoint     ] Entering safepoint region: Cleanup
[2023-11-16T06:06:31.362+0000][1931.805s][info ][safepoint     ] Leaving safepoint region
[2023-11-16T06:06:31.362+0000][1931.805s][info ][safepoint     ] Total time for which application threads were stopped: 0.0003293 seconds, Stopping threads took: 0.0000551 seconds
[2023-11-16T06:06:32.362+0000][1932.805s][debug][safepoint     ] Safepoint synchronization initiated. (186 threads)
[2023-11-16T06:06:32.362+0000][1932.805s][info ][safepoint     ] Application time: 1.0001704 seconds
[2023-11-16T06:06:32.362+0000][1932.805s][info ][safepoint     ] Entering safepoint region: Cleanup
[2023-11-16T06:06:32.362+0000][1932.805s][info ][safepoint     ] Leaving safepoint region
[2023-11-16T06:06:32.362+0000][1932.805s][info ][safepoint     ] Total time for which application threads were stopped: 0.0003636 seconds, Stopping threads took: 0.0000551 seconds
[2023-11-16T06:06:33.362+0000][1933.806s][debug][safepoint     ] Safepoint synchronization initiated. (186 threads)
[2023-11-16T06:06:33.362+0000][1933.806s][info ][safepoint     ] Application time: 1.0001666 seconds
[2023-11-16T06:06:33.362+0000][1933.806s][info ][safepoint     ] Entering safepoint region: Cleanup
[2023-11-16T06:06:33.363+0000][1933.806s][info ][safepoint     ] Leaving safepoint region
[2023-11-16T06:06:33.363+0000][1933.806s][info ][safepoint     ] Total time for which application threads were stopped: 0.0003485 seconds, Stopping threads took: 0.0000539 seconds
[2023-11-16T06:06:34.363+0000][1934.806s][debug][safepoint     ] Safepoint synchronization initiated. (186 threads)
[2023-11-16T06:06:34.363+0000][1934.806s][info ][safepoint     ] Application time: 1.0001721 seconds
[2023-11-16T06:06:34.363+0000][1934.806s][info ][safepoint     ] Entering safepoint region: Cleanup
[2023-11-16T06:06:34.363+0000][1934.806s][info ][safepoint     ] Leaving safepoint region
[2023-11-16T06:06:34.363+0000][1934.807s][info ][safepoint     ] Total time for which application threads were stopped: 0.0002926 seconds, Stopping threads took: 0.0000537 seconds
[2023-11-16T06:06:35.363+0000][1935.807s][debug][safepoint     ] Safepoint synchronization initiated. (184 threads)
[2023-11-16T06:06:35.363+0000][1935.807s][info ][safepoint     ] Application time: 1.0001567 seconds
[2023-11-16T06:06:35.363+0000][1935.807s][info ][safepoint     ] Entering safepoint region: Cleanup
[2023-11-16T06:06:35.364+0000][1935.807s][info ][safepoint     ] Leaving safepoint region
[2023-11-16T06:06:35.364+0000][1935.807s][info ][safepoint     ] Total time for which application threads were stopped: 0.0002959 seconds, Stopping threads took: 0.0000516 seconds
[2023-11-16T06:06:36.364+0000][1936.807s][debug][safepoint     ] Safepoint synchronization initiated. (184 threads)
[2023-11-16T06:06:36.364+0000][1936.807s][info ][safepoint     ] Application time: 1.0001577 seconds
[2023-11-16T06:06:36.364+0000][1936.807s][debug][safepoint     ] Waiting for 1 thread(s) to block
[2023-11-16T06:06:36.364+0000][1936.807s][info ][safepoint     ] Entering safepoint region: Cleanup
[2023-11-16T06:06:36.364+0000][1936.808s][info ][safepoint     ] Leaving safepoint region
[2023-11-16T06:06:36.364+0000][1936.808s][info ][safepoint     ] Total time for which application threads were stopped: 0.0004303 seconds, Stopping threads took: 0.0001023 seconds
[2023-11-16T06:06:37.364+0000][1937.808s][debug][safepoint     ] Safepoint synchronization initiated. (185 threads)
[2023-11-16T06:06:37.365+0000][1937.808s][info ][safepoint     ] Application time: 1.0001862 seconds
[2023-11-16T06:06:37.365+0000][1937.808s][info ][safepoint     ] Entering safepoint region: Cleanup
[2023-11-16T06:06:37.365+0000][1937.808s][info ][safepoint     ] Leaving safepoint region
[2023-11-16T06:06:37.365+0000][1937.808s][info ][safepoint     ] Total time for which application threads were stopped: 0.0003463 seconds, Stopping threads took: 0.0000534 seconds
[2023-11-16T06:06:38.365+0000][1938.808s][debug][safepoint     ] Safepoint synchronization initiated. (187 threads)
[2023-11-16T06:06:38.365+0000][1938.808s][info ][safepoint     ] Application time: 1.0001633 seconds
[2023-11-16T06:06:38.365+0000][1938.808s][info ][safepoint     ] Entering safepoint region: Cleanup
[2023-11-16T06:06:38.365+0000][1938.809s][info ][safepoint     ] Leaving safepoint region
[2023-11-16T06:06:38.365+0000][1938.809s][info ][safepoint     ] Total time for which application threads were stopped: 0.0003470 seconds, Stopping threads took: 0.0000521 seconds
[2023-11-16T06:06:39.366+0000][1939.809s][debug][safepoint     ] Safepoint synchronization initiated. (187 threads)
[2023-11-16T06:06:39.366+0000][1939.809s][info ][safepoint     ] Application time: 1.0001641 seconds
[2023-11-16T06:06:39.366+0000][1939.809s][info ][safepoint     ] Entering safepoint region: Cleanup
[2023-11-16T06:06:39.366+0000][1939.809s][info ][safepoint     ] Leaving safepoint region
[2023-11-16T06:06:39.366+0000][1939.809s][info ][safepoint     ] Total time for which application threads were stopped: 0.0003466 seconds, Stopping threads took: 0.0000535 seconds
[2023-11-16T06:06:40.366+0000][1940.809s][debug][safepoint     ] Safepoint synchronization initiated. (187 threads)
[2023-11-16T06:06:40.366+0000][1940.809s][info ][safepoint     ] Application time: 1.0001506 seconds
[2023-11-16T06:06:40.366+0000][1940.810s][info ][safepoint     ] Entering safepoint region: Cleanup
[2023-11-16T06:06:40.367+0000][1940.810s][info ][safepoint     ] Leaving safepoint region
[2023-11-16T06:06:40.367+0000][1940.810s][info ][safepoint     ] Total time for which application threads were stopped: 0.0003992 seconds, Stopping threads took: 0.0000532 seconds
[2023-11-16T06:06:41.367+0000][1941.810s][debug][safepoint     ] Safepoint synchronization initiated. (187 threads)
[2023-11-16T06:06:41.367+0000][1941.810s][info ][safepoint     ] Application time: 1.0001392 seconds
[2023-11-16T06:06:41.367+0000][1941.810s][info ][safepoint     ] Entering safepoint region: Cleanup
[2023-11-16T06:06:41.367+0000][1941.810s][info ][safepoint     ] Leaving safepoint region
[2023-11-16T06:06:41.367+0000][1941.811s][info ][safepoint     ] Total time for which application threads were stopped: 0.0004831 seconds, Stopping threads took: 0.0002261 seconds
[2023-11-16T06:06:42.367+0000][1942.811s][debug][safepoint     ] Safepoint synchronization initiated. (187 threads)
[2023-11-16T06:06:42.367+0000][1942.811s][info ][safepoint     ] Application time: 1.0001602 seconds
[2023-11-16T06:06:42.367+0000][1942.811s][debug][safepoint     ] ... found polling page return exception at pc = 0x00007fde846d921d, stub =0x00007fde7c83a800
[2023-11-16T06:06:42.368+0000][1942.811s][debug][safepoint     ] Waiting for 1 thread(s) to block
[2023-11-16T06:06:42.368+0000][1942.811s][info ][safepoint     ] Entering safepoint region: Cleanup
[2023-11-16T06:06:42.368+0000][1942.811s][info ][safepoint     ] Leaving safepoint region
[2023-11-16T06:06:42.368+0000][1942.811s][info ][safepoint     ] Total time for which application threads were stopped: 0.0004130 seconds, Stopping threads took: 0.0001747 seconds
[2023-11-16T06:06:42.368+0000][1942.811s][debug][safepoint     ] ... found polling page return exception at pc = 0x00007fde849bede6, stub =0x00007fde7c83a800
[2023-11-16T06:06:42.368+0000][1942.811s][debug][safepoint     ] ... found polling page return exception at pc = 0x00007fde849bede6, stub =0x00007fde7c83a800
[2023-11-16T06:06:42.368+0000][1942.811s][debug][safepoint     ] ... found polling page return exception at pc = 0x00007fde849bede6, stub =0x00007fde7c83a800
[2023-11-16T06:06:43.368+0000][1943.811s][debug][safepoint     ] Safepoint synchronization initiated. (187 threads)
[2023-11-16T06:06:43.368+0000][1943.811s][info ][safepoint     ] Application time: 1.0001683 seconds
[2023-11-16T06:06:43.368+0000][1943.811s][info ][safepoint     ] Entering safepoint region: Cleanup
[2023-11-16T06:06:43.368+0000][1943.812s][info ][safepoint     ] Leaving safepoint region
[2023-11-16T06:06:43.368+0000][1943.812s][info ][safepoint     ] Total time for which application threads were stopped: 0.0002512 seconds, Stopping threads took: 0.0000539 seconds
[2023-11-16T06:06:44.368+0000][1944.812s][debug][safepoint     ] Safepoint synchronization initiated. (187 threads)
[2023-11-16T06:06:44.368+0000][1944.812s][info ][safepoint     ] Application time: 1.0001663 seconds
[2023-11-16T06:06:44.369+0000][1944.812s][info ][safepoint     ] Entering safepoint region: Cleanup
[2023-11-16T06:06:44.369+0000][1944.812s][info ][safepoint     ] Leaving safepoint region
[2023-11-16T06:06:44.369+0000][1944.812s][info ][safepoint     ] Total time for which application threads were stopped: 0.0002544 seconds, Stopping threads took: 0.0000554 seconds
[2023-11-16T06:06:45.369+0000][1945.812s][debug][safepoint     ] Safepoint synchronization initiated. (189 threads)
[2023-11-16T06:06:45.369+0000][1945.812s][info ][safepoint     ] Application time: 1.0001672 seconds
[2023-11-16T06:06:45.369+0000][1945.812s][info ][safepoint     ] Entering safepoint region: Cleanup
[2023-11-16T06:06:45.369+0000][1945.812s][info ][safepoint     ] Leaving safepoint region
[2023-11-16T06:06:45.369+0000][1945.813s][info ][safepoint     ] Total time for which application threads were stopped: 0.0002611 seconds, Stopping threads took: 0.0000537 seconds
[2023-11-16T06:06:46.369+0000][1946.813s][debug][safepoint     ] Safepoint synchronization initiated. (189 threads)
[2023-11-16T06:06:46.369+0000][1946.813s][info ][safepoint     ] Application time: 1.0001563 seconds
[2023-11-16T06:06:46.369+0000][1946.813s][info ][safepoint     ] Entering safepoint region: Cleanup
[2023-11-16T06:06:46.370+0000][1946.813s][info ][safepoint     ] Leaving safepoint region
[2023-11-16T06:06:46.370+0000][1946.813s][info ][safepoint     ] Total time for which application threads were stopped: 0.0002867 seconds, Stopping threads took: 0.0000622 seconds
[2023-11-16T06:06:47.370+0000][1947.813s][debug][safepoint     ] Safepoint synchronization initiated. (189 threads)
[2023-11-16T06:06:47.370+0000][1947.813s][info ][safepoint     ] Application time: 1.0001653 seconds
[2023-11-16T06:06:47.370+0000][1947.813s][info ][safepoint     ] Entering safepoint region: Cleanup
[2023-11-16T06:06:47.370+0000][1947.814s][info ][safepoint     ] Leaving safepoint region
[2023-11-16T06:06:47.370+0000][1947.814s][info ][safepoint     ] Total time for which application threads were stopped: 0.0003500 seconds, Stopping threads took: 0.0000530 seconds
[2023-11-16T06:06:48.370+0000][1948.814s][debug][safepoint     ] Safepoint synchronization initiated. (189 threads)
[2023-11-16T06:06:48.370+0000][1948.814s][info ][safepoint     ] Application time: 1.0001651 seconds
[2023-11-16T06:06:48.371+0000][1948.814s][info ][safepoint     ] Entering safepoint region: Cleanup
[2023-11-16T06:06:48.371+0000][1948.814s][info ][safepoint     ] Leaving safepoint region
[2023-11-16T06:06:48.371+0000][1948.814s][info ][safepoint     ] Total time for which application threads were stopped: 0.0003422 seconds, Stopping threads took: 0.0000531 seconds
[2023-11-16T06:06:49.371+0000][1949.814s][debug][safepoint     ] Safepoint synchronization initiated. (189 threads)
[2023-11-16T06:06:49.371+0000][1949.814s][info ][safepoint     ] Application time: 1.0001641 seconds
[2023-11-16T06:06:49.371+0000][1949.814s][info ][safepoint     ] Entering safepoint region: Cleanup
[2023-11-16T06:06:49.371+0000][1949.815s][info ][safepoint     ] Leaving safepoint region
[2023-11-16T06:06:49.371+0000][1949.815s][info ][safepoint     ] Total time for which application threads were stopped: 0.0003503 seconds, Stopping threads took: 0.0000535 seconds
[2023-11-16T06:06:50.371+0000][1950.815s][debug][safepoint     ] Safepoint synchronization initiated. (189 threads)
[2023-11-16T06:06:50.372+0000][1950.815s][info ][safepoint     ] Application time: 1.0001292 seconds
[2023-11-16T06:06:50.372+0000][1950.815s][info ][safepoint     ] Entering safepoint region: Cleanup
[2023-11-16T06:06:50.372+0000][1950.815s][info ][safepoint     ] Leaving safepoint region
[2023-11-16T06:06:50.372+0000][1950.815s][info ][safepoint     ] Total time for which application threads were stopped: 0.0003417 seconds, Stopping threads took: 0.0000548 seconds
[2023-11-16T06:06:51.372+0000][1951.815s][debug][safepoint     ] Safepoint synchronization initiated. (189 threads)
[2023-11-16T06:06:51.372+0000][1951.815s][info ][safepoint     ] Application time: 1.0001717 seconds
[2023-11-16T06:06:51.372+0000][1951.815s][info ][safepoint     ] Entering safepoint region: Cleanup
[2023-11-16T06:06:51.372+0000][1951.816s][info ][safepoint     ] Leaving safepoint region
[2023-11-16T06:06:51.372+0000][1951.816s][info ][safepoint     ] Total time for which application threads were stopped: 0.0003265 seconds, Stopping threads took: 0.0000534 seconds
[2023-11-16T06:06:52.373+0000][1952.816s][debug][safepoint     ] Safepoint synchronization initiated. (189 threads)
[2023-11-16T06:06:52.373+0000][1952.816s][info ][safepoint     ] Application time: 1.0001634 seconds
[2023-11-16T06:06:52.373+0000][1952.816s][info ][safepoint     ] Entering safepoint region: Cleanup
[2023-11-16T06:06:52.373+0000][1952.816s][info ][safepoint     ] Leaving safepoint region
[2023-11-16T06:06:52.373+0000][1952.816s][info ][safepoint     ] Total time for which application threads were stopped: 0.0003454 seconds, Stopping threads took: 0.0000534 seconds
[2023-11-16T06:06:53.373+0000][1953.816s][debug][safepoint     ] Safepoint synchronization initiated. (189 threads)
[2023-11-16T06:06:53.373+0000][1953.816s][info ][safepoint     ] Application time: 1.0001864 seconds
[2023-11-16T06:06:53.373+0000][1953.817s][info ][safepoint     ] Entering safepoint region: Cleanup
[2023-11-16T06:06:53.374+0000][1953.817s][info ][safepoint     ] Leaving safepoint region
[2023-11-16T06:06:53.374+0000][1953.817s][info ][safepoint     ] Total time for which application threads were stopped: 0.0003485 seconds, Stopping threads took: 0.0000532 seconds
[2023-11-16T06:06:54.374+0000][1954.817s][debug][safepoint     ] Safepoint synchronization initiated. (189 threads)
[2023-11-16T06:06:54.374+0000][1954.817s][info ][safepoint     ] Application time: 1.0001743 seconds
[2023-11-16T06:06:54.374+0000][1954.817s][info ][safepoint     ] Entering safepoint region: Cleanup
[2023-11-16T06:06:54.374+0000][1954.818s][info ][safepoint     ] Leaving safepoint region
[2023-11-16T06:06:54.374+0000][1954.818s][info ][safepoint     ] Total time for which application threads were stopped: 0.0005375 seconds, Stopping threads took: 0.0003347 seconds
[2023-11-16T06:06:55.374+0000][1955.818s][debug][safepoint     ] Safepoint synchronization initiated. (189 threads)
[2023-11-16T06:06:55.374+0000][1955.818s][info ][safepoint     ] Application time: 1.0001749 seconds
[2023-11-16T06:06:55.375+0000][1955.818s][info ][safepoint     ] Entering safepoint region: Cleanup
[2023-11-16T06:06:55.375+0000][1955.818s][info ][safepoint     ] Leaving safepoint region
[2023-11-16T06:06:55.375+0000][1955.818s][info ][safepoint     ] Total time for which application threads were stopped: 0.0002849 seconds, Stopping threads took: 0.0000559 seconds
[2023-11-16T06:06:56.375+0000][1956.818s][debug][safepoint     ] Safepoint synchronization initiated. (189 threads)
[2023-11-16T06:06:56.375+0000][1956.818s][info ][safepoint     ] Application time: 1.0001900 seconds
[2023-11-16T06:06:56.375+0000][1956.818s][info ][safepoint     ] Entering safepoint region: Cleanup
[2023-11-16T06:06:56.375+0000][1956.819s][info ][safepoint     ] Leaving safepoint region
[2023-11-16T06:06:56.375+0000][1956.819s][info ][safepoint     ] Total time for which application threads were stopped: 0.0003524 seconds, Stopping threads took: 0.0000538 seconds
[2023-11-16T06:06:57.376+0000][1957.819s][debug][safepoint     ] Safepoint synchronization initiated. (188 threads)
[2023-11-16T06:06:57.376+0000][1957.819s][info ][safepoint     ] Application time: 1.0001658 seconds
[2023-11-16T06:06:57.376+0000][1957.819s][info ][safepoint     ] Entering safepoint region: Cleanup
[2023-11-16T06:06:57.376+0000][1957.819s][info ][safepoint     ] Leaving safepoint region
[2023-11-16T06:06:57.376+0000][1957.819s][info ][safepoint     ] Total time for which application threads were stopped: 0.0003508 seconds, Stopping threads took: 0.0000534 seconds
[2023-11-16T06:06:58.376+0000][1958.819s][debug][safepoint     ] Safepoint synchronization initiated. (188 threads)
[2023-11-16T06:06:58.376+0000][1958.819s][info ][safepoint     ] Application time: 1.0001499 seconds
[2023-11-16T06:06:58.376+0000][1958.819s][info ][safepoint     ] Entering safepoint region: Cleanup
[2023-11-16T06:06:58.376+0000][1958.820s][info ][safepoint     ] Leaving safepoint region
[2023-11-16T06:06:58.376+0000][1958.820s][info ][safepoint     ] Total time for which application threads were stopped: 0.0002614 seconds, Stopping threads took: 0.0000524 seconds
[2023-11-16T06:06:59.376+0000][1959.820s][debug][safepoint     ] Safepoint synchronization initiated. (188 threads)
[2023-11-16T06:06:59.377+0000][1959.820s][info ][safepoint     ] Application time: 1.0001581 seconds
[2023-11-16T06:06:59.377+0000][1959.820s][info ][safepoint     ] Entering safepoint region: Cleanup
[2023-11-16T06:06:59.377+0000][1959.820s][info ][safepoint     ] Leaving safepoint region
[2023-11-16T06:06:59.377+0000][1959.820s][info ][safepoint     ] Total time for which application threads were stopped: 0.0002659 seconds, Stopping threads took: 0.0000535 seconds
[2023-11-16T06:07:00.377+0000][1960.820s][debug][safepoint     ] Safepoint synchronization initiated. (188 threads)
[2023-11-16T06:07:00.377+0000][1960.820s][info ][safepoint     ] Application time: 1.0001670 seconds
[2023-11-16T06:07:00.377+0000][1960.820s][info ][safepoint     ] Entering safepoint region: Cleanup
[2023-11-16T06:07:00.377+0000][1960.821s][info ][safepoint     ] Leaving safepoint region
[2023-11-16T06:07:00.377+0000][1960.821s][info ][safepoint     ] Total time for which application threads were stopped: 0.0003343 seconds, Stopping threads took: 0.0000534 seconds
[2023-11-16T06:07:01.378+0000][1961.821s][debug][safepoint     ] Safepoint synchronization initiated. (188 threads)
[2023-11-16T06:07:01.378+0000][1961.821s][info ][safepoint     ] Application time: 1.0001765 seconds
[2023-11-16T06:07:01.378+0000][1961.821s][info ][safepoint     ] Entering safepoint region: Cleanup
[2023-11-16T06:07:01.378+0000][1961.821s][info ][safepoint     ] Leaving safepoint region
[2023-11-16T06:07:01.378+0000][1961.821s][info ][safepoint     ] Total time for which application threads were stopped: 0.0003328 seconds, Stopping threads took: 0.0000607 seconds
[2023-11-16T06:07:02.378+0000][1962.821s][debug][safepoint     ] Safepoint synchronization initiated. (188 threads)
[2023-11-16T06:07:02.378+0000][1962.821s][info ][safepoint     ] Application time: 1.0001694 seconds
[2023-11-16T06:07:02.378+0000][1962.821s][info ][safepoint     ] Entering safepoint region: Cleanup
[2023-11-16T06:07:02.378+0000][1962.822s][info ][safepoint     ] Leaving safepoint region
[2023-11-16T06:07:02.378+0000][1962.822s][info ][safepoint     ] Total time for which application threads were stopped: 0.0002678 seconds, Stopping threads took: 0.0000538 seconds
[2023-11-16T06:07:03.379+0000][1963.822s][debug][safepoint     ] Safepoint synchronization initiated. (188 threads)
[2023-11-16T06:07:03.379+0000][1963.822s][info ][safepoint     ] Application time: 1.0001668 seconds
[2023-11-16T06:07:03.379+0000][1963.822s][info ][safepoint     ] Entering safepoint region: Cleanup
[2023-11-16T06:07:03.379+0000][1963.822s][info ][safepoint     ] Leaving safepoint region
[2023-11-16T06:07:03.379+0000][1963.822s][info ][safepoint     ] Total time for which application threads were stopped: 0.0003549 seconds, Stopping threads took: 0.0000550 seconds
[2023-11-16T06:07:04.379+0000][1964.822s][debug][safepoint     ] Safepoint synchronization initiated. (188 threads)
[2023-11-16T06:07:04.379+0000][1964.822s][info ][safepoint     ] Application time: 1.0001765 seconds
[2023-11-16T06:07:04.379+0000][1964.823s][info ][safepoint     ] Entering safepoint region: Cleanup
[2023-11-16T06:07:04.379+0000][1964.823s][info ][safepoint     ] Leaving safepoint region
[2023-11-16T06:07:04.380+0000][1964.823s][info ][safepoint     ] Total time for which application threads were stopped: 0.0003243 seconds, Stopping threads took: 0.0000555 seconds
[2023-11-16T06:07:05.380+0000][1965.823s][debug][safepoint     ] Safepoint synchronization initiated. (188 threads)
[2023-11-16T06:07:05.380+0000][1965.823s][info ][safepoint     ] Application time: 1.0001531 seconds
[2023-11-16T06:07:05.380+0000][1965.823s][info ][safepoint     ] Entering safepoint region: Cleanup
[2023-11-16T06:07:05.380+0000][1965.823s][info ][safepoint     ] Leaving safepoint region
[2023-11-16T06:07:05.380+0000][1965.823s][info ][safepoint     ] Total time for which application threads were stopped: 0.0003541 seconds, Stopping threads took: 0.0000558 seconds
[2023-11-16T06:07:06.380+0000][1966.823s][debug][safepoint     ] Safepoint synchronization initiated. (188 threads)
[2023-11-16T06:07:06.380+0000][1966.824s][info ][safepoint     ] Application time: 1.0001594 seconds
[2023-11-16T06:07:06.380+0000][1966.824s][info ][safepoint     ] Entering safepoint region: Cleanup
[2023-11-16T06:07:06.381+0000][1966.824s][info ][safepoint     ] Leaving safepoint region
[2023-11-16T06:07:06.381+0000][1966.824s][info ][safepoint     ] Total time for which application threads were stopped: 0.0003512 seconds, Stopping threads took: 0.0000563 seconds
[2023-11-16T06:07:07.381+0000][1967.824s][debug][safepoint     ] Safepoint synchronization initiated. (188 threads)
[2023-11-16T06:07:07.381+0000][1967.824s][info ][safepoint     ] Application time: 1.0001698 seconds
[2023-11-16T06:07:07.381+0000][1967.824s][info ][safepoint     ] Entering safepoint region: Cleanup
[2023-11-16T06:07:07.381+0000][1967.824s][info ][safepoint     ] Leaving safepoint region
[2023-11-16T06:07:07.381+0000][1967.824s][info ][safepoint     ] Total time for which application threads were stopped: 0.0003537 seconds, Stopping threads took: 0.0000551 seconds
[2023-11-16T06:07:08.381+0000][1968.825s][debug][safepoint     ] Safepoint synchronization initiated. (188 threads)
[2023-11-16T06:07:08.381+0000][1968.825s][info ][safepoint     ] Application time: 1.0001421 seconds
[2023-11-16T06:07:08.381+0000][1968.825s][info ][safepoint     ] Entering safepoint region: Cleanup
[2023-11-16T06:07:08.382+0000][1968.825s][info ][safepoint     ] Leaving safepoint region
[2023-11-16T06:07:08.382+0000][1968.825s][info ][safepoint     ] Total time for which application threads were stopped: 0.0002896 seconds, Stopping threads took: 0.0000548 seconds
[2023-11-16T06:07:09.382+0000][1969.825s][debug][safepoint     ] Safepoint synchronization initiated. (188 threads)
[2023-11-16T06:07:09.382+0000][1969.825s][info ][safepoint     ] Application time: 1.0001728 seconds
[2023-11-16T06:07:09.382+0000][1969.825s][info ][safepoint     ] Entering safepoint region: Cleanup
[2023-11-16T06:07:09.382+0000][1969.825s][info ][safepoint     ] Leaving safepoint region
[2023-11-16T06:07:09.382+0000][1969.826s][info ][safepoint     ] Total time for which application threads were stopped: 0.0003561 seconds, Stopping threads took: 0.0000553 seconds
[2023-11-16T06:07:10.382+0000][1970.826s][debug][safepoint     ] Safepoint synchronization initiated. (188 threads)
[2023-11-16T06:07:10.382+0000][1970.826s][info ][safepoint     ] Application time: 1.0001764 seconds
[2023-11-16T06:07:10.382+0000][1970.826s][info ][safepoint     ] Entering safepoint region: Cleanup
[2023-11-16T06:07:10.383+0000][1970.826s][info ][safepoint     ] Leaving safepoint region
[2023-11-16T06:07:10.383+0000][1970.826s][info ][safepoint     ] Total time for which application threads were stopped: 0.0003503 seconds, Stopping threads took: 0.0000547 seconds
[2023-11-16T06:07:11.383+0000][1971.826s][debug][safepoint     ] Safepoint synchronization initiated. (188 threads)
[2023-11-16T06:07:11.383+0000][1971.826s][info ][safepoint     ] Application time: 1.0001734 seconds
[2023-11-16T06:07:11.383+0000][1971.826s][info ][safepoint     ] Entering safepoint region: Cleanup
[2023-11-16T06:07:11.383+0000][1971.827s][info ][safepoint     ] Leaving safepoint region
[2023-11-16T06:07:11.383+0000][1971.827s][info ][safepoint     ] Total time for which application threads were stopped: 0.0003560 seconds, Stopping threads took: 0.0000560 seconds
[2023-11-16T06:07:12.383+0000][1972.827s][debug][safepoint     ] Safepoint synchronization initiated. (188 threads)
[2023-11-16T06:07:12.384+0000][1972.827s][info ][safepoint     ] Application time: 1.0001899 seconds
[2023-11-16T06:07:12.384+0000][1972.827s][info ][safepoint     ] Entering safepoint region: Cleanup
[2023-11-16T06:07:12.384+0000][1972.827s][info ][safepoint     ] Leaving safepoint region
[2023-11-16T06:07:12.384+0000][1972.827s][info ][safepoint     ] Total time for which application threads were stopped: 0.0003557 seconds, Stopping threads took: 0.0000552 seconds
[2023-11-16T06:07:13.384+0000][1973.827s][debug][safepoint     ] Safepoint synchronization initiated. (188 threads)
[2023-11-16T06:07:13.384+0000][1973.827s][info ][safepoint     ] Application time: 1.0001725 seconds
[2023-11-16T06:07:13.384+0000][1973.828s][info ][safepoint     ] Entering safepoint region: Cleanup
[2023-11-16T06:07:13.384+0000][1973.828s][info ][safepoint     ] Leaving safepoint region
[2023-11-16T06:07:13.385+0000][1973.828s][info ][safepoint     ] Total time for which application threads were stopped: 0.0003500 seconds, Stopping threads took: 0.0000556 seconds
[2023-11-16T06:07:14.385+0000][1974.828s][debug][safepoint     ] Safepoint synchronization initiated. (188 threads)
[2023-11-16T06:07:14.385+0000][1974.828s][info ][safepoint     ] Application time: 1.0001416 seconds
[2023-11-16T06:07:14.385+0000][1974.828s][info ][safepoint     ] Entering safepoint region: Cleanup
[2023-11-16T06:07:14.385+0000][1974.828s][info ][safepoint     ] Leaving safepoint region
[2023-11-16T06:07:14.385+0000][1974.828s][info ][safepoint     ] Total time for which application threads were stopped: 0.0003467 seconds, Stopping threads took: 0.0000559 seconds
[2023-11-16T06:07:15.385+0000][1975.828s][debug][safepoint     ] Safepoint synchronization initiated. (188 threads)
[2023-11-16T06:07:15.385+0000][1975.829s][info ][safepoint     ] Application time: 1.0001474 seconds
[2023-11-16T06:07:15.385+0000][1975.829s][info ][safepoint     ] Entering safepoint region: Cleanup
[2023-11-16T06:07:15.386+0000][1975.829s][info ][safepoint     ] Leaving safepoint region
[2023-11-16T06:07:15.386+0000][1975.829s][info ][safepoint     ] Total time for which application threads were stopped: 0.0003473 seconds, Stopping threads took: 0.0000558 seconds
[2023-11-16T06:07:16.386+0000][1976.829s][debug][safepoint     ] Safepoint synchronization initiated. (188 threads)
[2023-11-16T06:07:16.386+0000][1976.829s][info ][safepoint     ] Application time: 1.0001729 seconds
[2023-11-16T06:07:16.386+0000][1976.829s][info ][safepoint     ] Entering safepoint region: Cleanup
[2023-11-16T06:07:16.386+0000][1976.829s][info ][safepoint     ] Leaving safepoint region
[2023-11-16T06:07:16.386+0000][1976.829s][info ][safepoint     ] Total time for which application threads were stopped: 0.0003530 seconds, Stopping threads took: 0.0000556 seconds
[2023-11-16T06:07:17.386+0000][1977.830s][debug][safepoint     ] Safepoint synchronization initiated. (188 threads)
[2023-11-16T06:07:17.386+0000][1977.830s][info ][safepoint     ] Application time: 1.0001868 seconds
[2023-11-16T06:07:17.386+0000][1977.830s][info ][safepoint     ] Entering safepoint region: Cleanup
[2023-11-16T06:07:17.387+0000][1977.830s][info ][safepoint     ] Leaving safepoint region
[2023-11-16T06:07:17.387+0000][1977.830s][info ][safepoint     ] Total time for which application threads were stopped: 0.0003512 seconds, Stopping threads took: 0.0000559 seconds
[2023-11-16T06:07:18.387+0000][1978.830s][debug][safepoint     ] Safepoint synchronization initiated. (188 threads)
[2023-11-16T06:07:18.387+0000][1978.830s][info ][safepoint     ] Application time: 1.0001700 seconds
[2023-11-16T06:07:18.387+0000][1978.830s][info ][safepoint     ] Entering safepoint region: Cleanup
[2023-11-16T06:07:18.387+0000][1978.831s][info ][safepoint     ] Leaving safepoint region
[2023-11-16T06:07:18.387+0000][1978.831s][info ][safepoint     ] Total time for which application threads were stopped: 0.0003465 seconds, Stopping threads took: 0.0000545 seconds
[2023-11-16T06:07:19.387+0000][1979.831s][debug][safepoint     ] Safepoint synchronization initiated. (188 threads)
[2023-11-16T06:07:19.388+0000][1979.831s][info ][safepoint     ] Application time: 1.0001965 seconds
[2023-11-16T06:07:19.388+0000][1979.831s][info ][safepoint     ] Entering safepoint region: Cleanup
[2023-11-16T06:07:19.388+0000][1979.831s][info ][safepoint     ] Leaving safepoint region
[2023-11-16T06:07:19.388+0000][1979.831s][info ][safepoint     ] Total time for which application threads were stopped: 0.0003548 seconds, Stopping threads took: 0.0000560 seconds
[2023-11-16T06:07:20.388+0000][1980.831s][debug][safepoint     ] Safepoint synchronization initiated. (188 threads)
[2023-11-16T06:07:20.388+0000][1980.832s][info ][safepoint     ] Application time: 1.0003220 seconds
[2023-11-16T06:07:20.388+0000][1980.832s][info ][safepoint     ] Entering safepoint region: Cleanup
[2023-11-16T06:07:20.388+0000][1980.832s][info ][safepoint     ] Leaving safepoint region
[2023-11-16T06:07:20.389+0000][1980.832s][info ][safepoint     ] Total time for which application threads were stopped: 0.0002760 seconds, Stopping threads took: 0.0000553 seconds
[2023-11-16T06:07:21.389+0000][1981.832s][debug][safepoint     ] Safepoint synchronization initiated. (188 threads)
[2023-11-16T06:07:21.389+0000][1981.832s][info ][safepoint     ] Application time: 1.0001369 seconds
[2023-11-16T06:07:21.389+0000][1981.832s][info ][safepoint     ] Entering safepoint region: Cleanup
[2023-11-16T06:07:21.389+0000][1981.832s][info ][safepoint     ] Leaving safepoint region
[2023-11-16T06:07:21.389+0000][1981.832s][info ][safepoint     ] Total time for which application threads were stopped: 0.0003474 seconds, Stopping threads took: 0.0000531 seconds
[2023-11-16T06:07:22.389+0000][1982.832s][debug][safepoint     ] Safepoint synchronization initiated. (188 threads)
[2023-11-16T06:07:22.389+0000][1982.833s][info ][safepoint     ] Application time: 1.0001719 seconds
[2023-11-16T06:07:22.389+0000][1982.833s][info ][safepoint     ] Entering safepoint region: Cleanup
[2023-11-16T06:07:22.390+0000][1982.833s][info ][safepoint     ] Leaving safepoint region
[2023-11-16T06:07:22.390+0000][1982.833s][info ][safepoint     ] Total time for which application threads were stopped: 0.0003426 seconds, Stopping threads took: 0.0000532 seconds
[2023-11-16T06:07:23.390+0000][1983.833s][debug][safepoint     ] Safepoint synchronization initiated. (188 threads)
[2023-11-16T06:07:23.390+0000][1983.833s][info ][safepoint     ] Application time: 1.0001762 seconds
[2023-11-16T06:07:23.390+0000][1983.833s][info ][safepoint     ] Entering safepoint region: Cleanup
[2023-11-16T06:07:23.390+0000][1983.833s][info ][safepoint     ] Leaving safepoint region
[2023-11-16T06:07:23.390+0000][1983.833s][info ][safepoint     ] Total time for which application threads were stopped: 0.0003466 seconds, Stopping threads took: 0.0000530 seconds
[2023-11-16T06:07:24.390+0000][1984.834s][debug][safepoint     ] Safepoint synchronization initiated. (188 threads)
[2023-11-16T06:07:24.390+0000][1984.834s][info ][safepoint     ] Application time: 1.0001701 seconds
[2023-11-16T06:07:24.390+0000][1984.834s][info ][safepoint     ] Entering safepoint region: Cleanup
[2023-11-16T06:07:24.391+0000][1984.834s][info ][safepoint     ] Leaving safepoint region
[2023-11-16T06:07:24.391+0000][1984.834s][info ][safepoint     ] Total time for which application threads were stopped: 0.0003693 seconds, Stopping threads took: 0.0000538 seconds
[2023-11-16T06:07:25.391+0000][1985.834s][debug][safepoint     ] Safepoint synchronization initiated. (188 threads)
[2023-11-16T06:07:25.391+0000][1985.834s][info ][safepoint     ] Application time: 1.0001711 seconds
[2023-11-16T06:07:25.391+0000][1985.834s][info ][safepoint     ] Entering safepoint region: Cleanup
[2023-11-16T06:07:25.391+0000][1985.835s][info ][safepoint     ] Leaving safepoint region
[2023-11-16T06:07:25.391+0000][1985.835s][info ][safepoint     ] Total time for which application threads were stopped: 0.0004216 seconds, Stopping threads took: 0.0000618 seconds
[2023-11-16T06:07:26.391+0000][1986.835s][debug][safepoint     ] Safepoint synchronization initiated. (188 threads)
[2023-11-16T06:07:26.392+0000][1986.835s][info ][safepoint     ] Application time: 1.0001842 seconds
[2023-11-16T06:07:26.392+0000][1986.835s][info ][safepoint     ] Entering safepoint region: Cleanup
[2023-11-16T06:07:26.392+0000][1986.835s][info ][safepoint     ] Leaving safepoint region
[2023-11-16T06:07:26.392+0000][1986.835s][info ][safepoint     ] Total time for which application threads were stopped: 0.0003441 seconds, Stopping threads took: 0.0000534 seconds
[2023-11-16T06:07:27.392+0000][1987.835s][debug][safepoint     ] Safepoint synchronization initiated. (188 threads)
[2023-11-16T06:07:27.392+0000][1987.835s][info ][safepoint     ] Application time: 1.0001502 seconds
[2023-11-16T06:07:27.392+0000][1987.835s][info ][safepoint     ] Entering safepoint region: Cleanup
[2023-11-16T06:07:27.392+0000][1987.836s][info ][safepoint     ] Leaving safepoint region
[2023-11-16T06:07:27.392+0000][1987.836s][info ][safepoint     ] Total time for which application threads were stopped: 0.0002991 seconds, Stopping threads took: 0.0000539 seconds
[2023-11-16T06:07:28.393+0000][1988.836s][debug][safepoint     ] Safepoint synchronization initiated. (188 threads)
[2023-11-16T06:07:28.393+0000][1988.836s][info ][safepoint     ] Application time: 1.0001798 seconds
[2023-11-16T06:07:28.393+0000][1988.836s][info ][safepoint     ] Entering safepoint region: Cleanup
[2023-11-16T06:07:28.393+0000][1988.836s][info ][safepoint     ] Leaving safepoint region
[2023-11-16T06:07:28.393+0000][1988.836s][info ][safepoint     ] Total time for which application threads were stopped: 0.0002752 seconds, Stopping threads took: 0.0000606 seconds
[2023-11-16T06:07:29.393+0000][1989.836s][debug][safepoint     ] Safepoint synchronization initiated. (188 threads)
[2023-11-16T06:07:29.393+0000][1989.836s][info ][safepoint     ] Application time: 1.0001603 seconds
[2023-11-16T06:07:29.393+0000][1989.836s][info ][safepoint     ] Entering safepoint region: Cleanup
[2023-11-16T06:07:29.393+0000][1989.837s][info ][safepoint     ] Leaving safepoint region
[2023-11-16T06:07:29.393+0000][1989.837s][info ][safepoint     ] Total time for which application threads were stopped: 0.0002658 seconds, Stopping threads took: 0.0000532 seconds
[2023-11-16T06:07:30.393+0000][1990.837s][debug][safepoint     ] Safepoint synchronization initiated. (188 threads)
[2023-11-16T06:07:30.394+0000][1990.837s][info ][safepoint     ] Application time: 1.0001563 seconds
[2023-11-16T06:07:30.394+0000][1990.837s][info ][safepoint     ] Entering safepoint region: Cleanup
[2023-11-16T06:07:30.394+0000][1990.837s][info ][safepoint     ] Leaving safepoint region
[2023-11-16T06:07:30.394+0000][1990.837s][info ][safepoint     ] Total time for which application threads were stopped: 0.0003791 seconds, Stopping threads took: 0.0000627 seconds
[2023-11-16T06:07:31.394+0000][1991.837s][debug][safepoint     ] Safepoint synchronization initiated. (188 threads)
[2023-11-16T06:07:31.394+0000][1991.837s][info ][safepoint     ] Application time: 1.0001435 seconds
[2023-11-16T06:07:31.394+0000][1991.837s][info ][safepoint     ] Entering safepoint region: Cleanup
[2023-11-16T06:07:31.394+0000][1991.838s][info ][safepoint     ] Leaving safepoint region
[2023-11-16T06:07:31.394+0000][1991.838s][info ][safepoint     ] Total time for which application threads were stopped: 0.0003730 seconds, Stopping threads took: 0.0000513 seconds
[2023-11-16T06:07:32.395+0000][1992.838s][debug][safepoint     ] Safepoint synchronization initiated. (188 threads)
[2023-11-16T06:07:32.395+0000][1992.838s][info ][safepoint     ] Application time: 1.0001683 seconds
[2023-11-16T06:07:32.395+0000][1992.838s][info ][safepoint     ] Entering safepoint region: Cleanup
[2023-11-16T06:07:32.395+0000][1992.838s][info ][safepoint     ] Leaving safepoint region
[2023-11-16T06:07:32.395+0000][1992.838s][info ][safepoint     ] Total time for which application threads were stopped: 0.0003451 seconds, Stopping threads took: 0.0000533 seconds
[2023-11-16T06:07:33.395+0000][1993.838s][debug][safepoint     ] Safepoint synchronization initiated. (188 threads)
[2023-11-16T06:07:33.395+0000][1993.839s][info ][safepoint     ] Application time: 1.0001793 seconds
[2023-11-16T06:07:33.395+0000][1993.839s][info ][safepoint     ] Entering safepoint region: Cleanup
[2023-11-16T06:07:33.396+0000][1993.839s][info ][safepoint     ] Leaving safepoint region
[2023-11-16T06:07:33.396+0000][1993.839s][info ][safepoint     ] Total time for which application threads were stopped: 0.0003510 seconds, Stopping threads took: 0.0000540 seconds
[2023-11-16T06:07:34.396+0000][1994.839s][debug][safepoint     ] Safepoint synchronization initiated. (188 threads)
[2023-11-16T06:07:34.396+0000][1994.839s][info ][safepoint     ] Application time: 1.0001527 seconds
[2023-11-16T06:07:34.396+0000][1994.839s][info ][safepoint     ] Entering safepoint region: Cleanup
[2023-11-16T06:07:34.396+0000][1994.839s][info ][safepoint     ] Leaving safepoint region
[2023-11-16T06:07:34.396+0000][1994.839s][info ][safepoint     ] Total time for which application threads were stopped: 0.0002470 seconds, Stopping threads took: 0.0000528 seconds
[2023-11-16T06:07:35.396+0000][1995.839s][debug][safepoint     ] Safepoint synchronization initiated. (188 threads)
[2023-11-16T06:07:35.396+0000][1995.840s][info ][safepoint     ] Application time: 1.0001569 seconds
[2023-11-16T06:07:35.396+0000][1995.840s][info ][safepoint     ] Entering safepoint region: Cleanup
[2023-11-16T06:07:35.397+0000][1995.840s][info ][safepoint     ] Leaving safepoint region
[2023-11-16T06:07:35.397+0000][1995.840s][info ][safepoint     ] Total time for which application threads were stopped: 0.0005171 seconds, Stopping threads took: 0.0002618 seconds
[2023-11-16T06:07:36.397+0000][1996.840s][debug][safepoint     ] Safepoint synchronization initiated. (188 threads)
[2023-11-16T06:07:36.397+0000][1996.840s][info ][safepoint     ] Application time: 1.0001752 seconds
[2023-11-16T06:07:36.397+0000][1996.840s][info ][safepoint     ] Entering safepoint region: Cleanup
[2023-11-16T06:07:36.397+0000][1996.840s][info ][safepoint     ] Leaving safepoint region
[2023-11-16T06:07:36.397+0000][1996.841s][info ][safepoint     ] Total time for which application threads were stopped: 0.0002699 seconds, Stopping threads took: 0.0000552 seconds
[2023-11-16T06:07:37.397+0000][1997.841s][debug][safepoint     ] Safepoint synchronization initiated. (188 threads)
[2023-11-16T06:07:37.397+0000][1997.841s][info ][safepoint     ] Application time: 1.0001632 seconds
[2023-11-16T06:07:37.397+0000][1997.841s][info ][safepoint     ] Entering safepoint region: Cleanup
[2023-11-16T06:07:37.398+0000][1997.841s][info ][safepoint     ] Leaving safepoint region
[2023-11-16T06:07:37.398+0000][1997.841s][info ][safepoint     ] Total time for which application threads were stopped: 0.0003125 seconds, Stopping threads took: 0.0000550 seconds
[2023-11-16T06:07:38.398+0000][1998.841s][debug][safepoint     ] Safepoint synchronization initiated. (188 threads)
[2023-11-16T06:07:38.398+0000][1998.841s][info ][safepoint     ] Application time: 1.0001631 seconds
[2023-11-16T06:07:38.398+0000][1998.841s][info ][safepoint     ] Entering safepoint region: Cleanup
[2023-11-16T06:07:38.398+0000][1998.841s][info ][safepoint     ] Leaving safepoint region
[2023-11-16T06:07:38.398+0000][1998.842s][info ][safepoint     ] Total time for which application threads were stopped: 0.0002885 seconds, Stopping threads took: 0.0000545 seconds
[2023-11-16T06:07:39.398+0000][1999.842s][debug][safepoint     ] Safepoint synchronization initiated. (188 threads)
[2023-11-16T06:07:39.398+0000][1999.842s][info ][safepoint     ] Application time: 1.0001684 seconds
[2023-11-16T06:07:39.398+0000][1999.842s][info ][safepoint     ] Entering safepoint region: Cleanup
[2023-11-16T06:07:39.399+0000][1999.842s][info ][safepoint     ] Leaving safepoint region
[2023-11-16T06:07:39.399+0000][1999.842s][info ][safepoint     ] Total time for which application threads were stopped: 0.0003537 seconds, Stopping threads took: 0.0000554 seconds
[2023-11-16T06:07:40.399+0000][2000.842s][debug][safepoint     ] Safepoint synchronization initiated. (188 threads)
[2023-11-16T06:07:40.399+0000][2000.842s][info ][safepoint     ] Application time: 1.0001900 seconds
[2023-11-16T06:07:40.399+0000][2000.842s][info ][safepoint     ] Entering safepoint region: Cleanup
[2023-11-16T06:07:40.399+0000][2000.843s][info ][safepoint     ] Leaving safepoint region
[2023-11-16T06:07:40.399+0000][2000.843s][info ][safepoint     ] Total time for which application threads were stopped: 0.0003920 seconds, Stopping threads took: 0.0001756 seconds
[2023-11-16T06:07:41.400+0000][2001.843s][debug][safepoint     ] Safepoint synchronization initiated. (188 threads)
[2023-11-16T06:07:41.400+0000][2001.843s][info ][safepoint     ] Application time: 1.0002007 seconds
[2023-11-16T06:07:41.400+0000][2001.843s][debug][safepoint     ] Waiting for 1 thread(s) to block
[2023-11-16T06:07:41.400+0000][2001.843s][info ][safepoint     ] Entering safepoint region: Cleanup
[2023-11-16T06:07:41.400+0000][2001.843s][info ][safepoint     ] Leaving safepoint region
[2023-11-16T06:07:41.400+0000][2001.843s][info ][safepoint     ] Total time for which application threads were stopped: 0.0004936 seconds, Stopping threads took: 0.0001952 seconds
[2023-11-16T06:07:42.400+0000][2002.844s][debug][safepoint     ] Safepoint synchronization initiated. (188 threads)
[2023-11-16T06:07:42.400+0000][2002.844s][info ][safepoint     ] Application time: 1.0001631 seconds
[2023-11-16T06:07:42.400+0000][2002.844s][info ][safepoint     ] Entering safepoint region: Cleanup
[2023-11-16T06:07:42.401+0000][2002.844s][info ][safepoint     ] Leaving safepoint region
[2023-11-16T06:07:42.401+0000][2002.844s][info ][safepoint     ] Total time for which application threads were stopped: 0.0003490 seconds, Stopping threads took: 0.0000542 seconds
[2023-11-16T06:07:43.401+0000][2003.844s][debug][safepoint     ] Safepoint synchronization initiated. (188 threads)
[2023-11-16T06:07:43.401+0000][2003.844s][info ][safepoint     ] Application time: 1.0001758 seconds
[2023-11-16T06:07:43.401+0000][2003.844s][info ][safepoint     ] Entering safepoint region: Cleanup
[2023-11-16T06:07:43.401+0000][2003.845s][info ][safepoint     ] Leaving safepoint region
[2023-11-16T06:07:43.401+0000][2003.845s][info ][safepoint     ] Total time for which application threads were stopped: 0.0003530 seconds, Stopping threads took: 0.0000562 seconds
[2023-11-16T06:07:44.401+0000][2004.845s][debug][safepoint     ] Safepoint synchronization initiated. (188 threads)
[2023-11-16T06:07:44.401+0000][2004.845s][info ][safepoint     ] Application time: 1.0001706 seconds
[2023-11-16T06:07:44.401+0000][2004.845s][info ][safepoint     ] Entering safepoint region: Cleanup
[2023-11-16T06:07:44.402+0000][2004.845s][info ][safepoint     ] Leaving safepoint region
[2023-11-16T06:07:44.402+0000][2004.845s][info ][safepoint     ] Total time for which application threads were stopped: 0.0003389 seconds, Stopping threads took: 0.0000555 seconds
[2023-11-16T06:07:45.402+0000][2005.845s][debug][safepoint     ] Safepoint synchronization initiated. (187 threads)
[2023-11-16T06:07:45.402+0000][2005.845s][info ][safepoint     ] Application time: 1.0001524 seconds
[2023-11-16T06:07:45.402+0000][2005.845s][info ][safepoint     ] Entering safepoint region: Cleanup
[2023-11-16T06:07:45.402+0000][2005.846s][info ][safepoint     ] Leaving safepoint region
[2023-11-16T06:07:45.403+0000][2005.846s][info ][safepoint     ] Total time for which application threads were stopped: 0.0005560 seconds, Stopping threads took: 0.0003200 seconds
[2023-11-16T06:07:46.403+0000][2006.846s][debug][safepoint     ] Safepoint synchronization initiated. (187 threads)
[2023-11-16T06:07:46.403+0000][2006.846s][info ][safepoint     ] Application time: 1.0001619 seconds
[2023-11-16T06:07:46.403+0000][2006.846s][info ][safepoint     ] Entering safepoint region: Cleanup
[2023-11-16T06:07:46.403+0000][2006.846s][info ][safepoint     ] Leaving safepoint region
[2023-11-16T06:07:46.403+0000][2006.846s][info ][safepoint     ] Total time for which application threads were stopped: 0.0002683 seconds, Stopping threads took: 0.0000555 seconds
[2023-11-16T06:07:47.403+0000][2007.846s][debug][safepoint     ] Safepoint synchronization initiated. (187 threads)
[2023-11-16T06:07:47.403+0000][2007.846s][info ][safepoint     ] Application time: 1.0001577 seconds
[2023-11-16T06:07:47.403+0000][2007.847s][info ][safepoint     ] Entering safepoint region: Cleanup
[2023-11-16T06:07:47.403+0000][2007.847s][info ][safepoint     ] Leaving safepoint region
[2023-11-16T06:07:47.404+0000][2007.847s][info ][safepoint     ] Total time for which application threads were stopped: 0.0003611 seconds, Stopping threads took: 0.0000562 seconds
[2023-11-16T06:07:48.404+0000][2008.847s][debug][safepoint     ] Safepoint synchronization initiated. (186 threads)
[2023-11-16T06:07:48.404+0000][2008.847s][info ][safepoint     ] Application time: 1.0001509 seconds
[2023-11-16T06:07:48.404+0000][2008.847s][info ][safepoint     ] Entering safepoint region: Cleanup
[2023-11-16T06:07:48.404+0000][2008.847s][info ][safepoint     ] Leaving safepoint region
[2023-11-16T06:07:48.404+0000][2008.847s][info ][safepoint     ] Total time for which application threads were stopped: 0.0002384 seconds, Stopping threads took: 0.0000551 seconds
[2023-11-16T06:07:49.404+0000][2009.847s][debug][safepoint     ] Safepoint synchronization initiated. (186 threads)
[2023-11-16T06:07:49.404+0000][2009.847s][info ][safepoint     ] Application time: 1.0001599 seconds
[2023-11-16T06:07:49.404+0000][2009.848s][info ][safepoint     ] Entering safepoint region: Cleanup
[2023-11-16T06:07:49.404+0000][2009.848s][info ][safepoint     ] Leaving safepoint region
[2023-11-16T06:07:49.404+0000][2009.848s][info ][safepoint     ] Total time for which application threads were stopped: 0.0002529 seconds, Stopping threads took: 0.0000553 seconds
[2023-11-16T06:07:50.405+0000][2010.848s][debug][safepoint     ] Safepoint synchronization initiated. (186 threads)
[2023-11-16T06:07:50.405+0000][2010.848s][info ][safepoint     ] Application time: 1.0001418 seconds
[2023-11-16T06:07:50.405+0000][2010.848s][info ][safepoint     ] Entering safepoint region: Cleanup
[2023-11-16T06:07:50.405+0000][2010.848s][info ][safepoint     ] Leaving safepoint region
[2023-11-16T06:07:50.405+0000][2010.848s][info ][safepoint     ] Total time for which application threads were stopped: 0.0002985 seconds, Stopping threads took: 0.0000562 seconds
[2023-11-16T06:07:51.405+0000][2011.848s][debug][safepoint     ] Safepoint synchronization initiated. (186 threads)
[2023-11-16T06:07:51.405+0000][2011.848s][info ][safepoint     ] Application time: 1.0001532 seconds
[2023-11-16T06:07:51.405+0000][2011.848s][info ][safepoint     ] Entering safepoint region: Cleanup
[2023-11-16T06:07:51.405+0000][2011.849s][info ][safepoint     ] Leaving safepoint region
[2023-11-16T06:07:51.405+0000][2011.849s][info ][safepoint     ] Total time for which application threads were stopped: 0.0002803 seconds, Stopping threads took: 0.0000533 seconds
[2023-11-16T06:07:52.405+0000][2012.849s][debug][safepoint     ] Safepoint synchronization initiated. (186 threads)
[2023-11-16T06:07:52.406+0000][2012.849s][info ][safepoint     ] Application time: 1.0001431 seconds
[2023-11-16T06:07:52.406+0000][2012.849s][info ][safepoint     ] Entering safepoint region: Cleanup
[2023-11-16T06:07:52.406+0000][2012.849s][info ][safepoint     ] Leaving safepoint region
[2023-11-16T06:07:52.406+0000][2012.849s][info ][safepoint     ] Total time for which application threads were stopped: 0.0003745 seconds, Stopping threads took: 0.0000778 seconds
[2023-11-16T06:07:53.406+0000][2013.849s][debug][safepoint     ] Safepoint synchronization initiated. (186 threads)
[2023-11-16T06:07:53.406+0000][2013.849s][info ][safepoint     ] Application time: 1.0001718 seconds
[2023-11-16T06:07:53.406+0000][2013.849s][info ][safepoint     ] Entering safepoint region: Cleanup
[2023-11-16T06:07:53.406+0000][2013.850s][info ][safepoint     ] Leaving safepoint region
[2023-11-16T06:07:53.406+0000][2013.850s][info ][safepoint     ] Total time for which application threads were stopped: 0.0002633 seconds, Stopping threads took: 0.0000524 seconds
[2023-11-16T06:07:54.406+0000][2014.850s][debug][safepoint     ] Safepoint synchronization initiated. (186 threads)
[2023-11-16T06:07:54.406+0000][2014.850s][info ][safepoint     ] Application time: 1.0001048 seconds
[2023-11-16T06:07:54.407+0000][2014.850s][info ][safepoint     ] Entering safepoint region: Cleanup
[2023-11-16T06:07:54.407+0000][2014.850s][info ][safepoint     ] Leaving safepoint region
[2023-11-16T06:07:54.407+0000][2014.850s][info ][safepoint     ] Total time for which application threads were stopped: 0.0003504 seconds, Stopping threads took: 0.0000550 seconds
[2023-11-16T06:07:55.407+0000][2015.850s][debug][safepoint     ] Safepoint synchronization initiated. (186 threads)
[2023-11-16T06:07:55.407+0000][2015.850s][info ][safepoint     ] Application time: 1.0001525 seconds
[2023-11-16T06:07:55.407+0000][2015.850s][info ][safepoint     ] Entering safepoint region: Cleanup
[2023-11-16T06:07:55.407+0000][2015.851s][info ][safepoint     ] Leaving safepoint region
[2023-11-16T06:07:55.407+0000][2015.851s][info ][safepoint     ] Total time for which application threads were stopped: 0.0003126 seconds, Stopping threads took: 0.0000532 seconds
[2023-11-16T06:07:56.407+0000][2016.851s][debug][safepoint     ] Safepoint synchronization initiated. (186 threads)
[2023-11-16T06:07:56.408+0000][2016.851s][info ][safepoint     ] Application time: 1.0001665 seconds
[2023-11-16T06:07:56.408+0000][2016.851s][info ][safepoint     ] Entering safepoint region: Cleanup
[2023-11-16T06:07:56.408+0000][2016.851s][info ][safepoint     ] Leaving safepoint region
[2023-11-16T06:07:56.408+0000][2016.851s][info ][safepoint     ] Total time for which application threads were stopped: 0.0003417 seconds, Stopping threads took: 0.0000531 seconds
[2023-11-16T06:07:57.408+0000][2017.851s][debug][safepoint     ] Safepoint synchronization initiated. (186 threads)
[2023-11-16T06:07:57.408+0000][2017.851s][info ][safepoint     ] Application time: 1.0001462 seconds
[2023-11-16T06:07:57.408+0000][2017.851s][info ][safepoint     ] Entering safepoint region: Cleanup
[2023-11-16T06:07:57.408+0000][2017.852s][info ][safepoint     ] Leaving safepoint region
[2023-11-16T06:07:57.408+0000][2017.852s][info ][safepoint     ] Total time for which application threads were stopped: 0.0002612 seconds, Stopping threads took: 0.0000538 seconds
[2023-11-16T06:07:58.408+0000][2018.852s][debug][safepoint     ] Safepoint synchronization initiated. (186 threads)
[2023-11-16T06:07:58.409+0000][2018.852s][info ][safepoint     ] Application time: 1.0001509 seconds
[2023-11-16T06:07:58.409+0000][2018.852s][info ][safepoint     ] Entering safepoint region: Cleanup
[2023-11-16T06:07:58.409+0000][2018.852s][info ][safepoint     ] Leaving safepoint region
[2023-11-16T06:07:58.409+0000][2018.852s][info ][safepoint     ] Total time for which application threads were stopped: 0.0003508 seconds, Stopping threads took: 0.0000531 seconds
[2023-11-16T06:07:59.409+0000][2019.852s][debug][safepoint     ] Safepoint synchronization initiated. (185 threads)
[2023-11-16T06:07:59.409+0000][2019.852s][info ][safepoint     ] Application time: 1.0001186 seconds
[2023-11-16T06:07:59.409+0000][2019.852s][info ][safepoint     ] Entering safepoint region: Cleanup
[2023-11-16T06:07:59.409+0000][2019.853s][info ][safepoint     ] Leaving safepoint region
[2023-11-16T06:07:59.409+0000][2019.853s][info ][safepoint     ] Total time for which application threads were stopped: 0.0003145 seconds, Stopping threads took: 0.0000757 seconds
[2023-11-16T06:08:00.409+0000][2020.853s][debug][safepoint     ] Safepoint synchronization initiated. (185 threads)
[2023-11-16T06:08:00.409+0000][2020.853s][info ][safepoint     ] Application time: 1.0001294 seconds
[2023-11-16T06:08:00.410+0000][2020.853s][info ][safepoint     ] Entering safepoint region: Cleanup
[2023-11-16T06:08:00.410+0000][2020.853s][info ][safepoint     ] Leaving safepoint region
[2023-11-16T06:08:00.410+0000][2020.853s][info ][safepoint     ] Total time for which application threads were stopped: 0.0002596 seconds, Stopping threads took: 0.0000527 seconds
[2023-11-16T06:08:01.410+0000][2021.853s][debug][safepoint     ] Safepoint synchronization initiated. (185 threads)
[2023-11-16T06:08:01.410+0000][2021.853s][info ][safepoint     ] Application time: 1.0001607 seconds
[2023-11-16T06:08:01.410+0000][2021.853s][info ][safepoint     ] Entering safepoint region: Cleanup
[2023-11-16T06:08:01.410+0000][2021.854s][info ][safepoint     ] Leaving safepoint region
[2023-11-16T06:08:01.410+0000][2021.854s][info ][safepoint     ] Total time for which application threads were stopped: 0.0002947 seconds, Stopping threads took: 0.0000539 seconds
[2023-11-16T06:08:02.410+0000][2022.854s][debug][safepoint     ] Safepoint synchronization initiated. (185 threads)
[2023-11-16T06:08:02.410+0000][2022.854s][info ][safepoint     ] Application time: 1.0001386 seconds
[2023-11-16T06:08:02.410+0000][2022.854s][info ][safepoint     ] Entering safepoint region: Cleanup
[2023-11-16T06:08:02.411+0000][2022.854s][info ][safepoint     ] Leaving safepoint region
[2023-11-16T06:08:02.411+0000][2022.854s][info ][safepoint     ] Total time for which application threads were stopped: 0.0002460 seconds, Stopping threads took: 0.0000523 seconds
[2023-11-16T06:08:03.411+0000][2023.854s][debug][safepoint     ] Safepoint synchronization initiated. (185 threads)
[2023-11-16T06:08:03.411+0000][2023.854s][info ][safepoint     ] Application time: 1.0001492 seconds
[2023-11-16T06:08:03.411+0000][2023.854s][info ][safepoint     ] Entering safepoint region: Cleanup
[2023-11-16T06:08:03.411+0000][2023.854s][info ][safepoint     ] Leaving safepoint region
[2023-11-16T06:08:03.411+0000][2023.854s][info ][safepoint     ] Total time for which application threads were stopped: 0.0002640 seconds, Stopping threads took: 0.0000555 seconds
[2023-11-16T06:08:04.411+0000][2024.855s][debug][safepoint     ] Safepoint synchronization initiated. (185 threads)
[2023-11-16T06:08:04.411+0000][2024.855s][info ][safepoint     ] Application time: 1.0001726 seconds
[2023-11-16T06:08:04.411+0000][2024.855s][info ][safepoint     ] Entering safepoint region: Cleanup
[2023-11-16T06:08:04.412+0000][2024.855s][info ][safepoint     ] Leaving safepoint region
[2023-11-16T06:08:04.412+0000][2024.855s][info ][safepoint     ] Total time for which application threads were stopped: 0.0002952 seconds, Stopping threads took: 0.0000566 seconds
[2023-11-16T06:08:05.412+0000][2025.855s][debug][safepoint     ] Safepoint synchronization initiated. (185 threads)
[2023-11-16T06:08:05.412+0000][2025.855s][info ][safepoint     ] Application time: 1.0001664 seconds
[2023-11-16T06:08:05.412+0000][2025.855s][info ][safepoint     ] Entering safepoint region: Cleanup
[2023-11-16T06:08:05.412+0000][2025.855s][info ][safepoint     ] Leaving safepoint region
[2023-11-16T06:08:05.412+0000][2025.855s][info ][safepoint     ] Total time for which application threads were stopped: 0.0003466 seconds, Stopping threads took: 0.0000527 seconds
[2023-11-16T06:08:06.412+0000][2026.856s][debug][safepoint     ] Safepoint synchronization initiated. (185 threads)
[2023-11-16T06:08:06.412+0000][2026.856s][info ][safepoint     ] Application time: 1.0001358 seconds
[2023-11-16T06:08:06.412+0000][2026.856s][info ][safepoint     ] Entering safepoint region: Cleanup
[2023-11-16T06:08:06.413+0000][2026.856s][info ][safepoint     ] Leaving safepoint region
[2023-11-16T06:08:06.413+0000][2026.856s][info ][safepoint     ] Total time for which application threads were stopped: 0.0003667 seconds, Stopping threads took: 0.0000764 seconds
[2023-11-16T06:08:07.413+0000][2027.856s][debug][safepoint     ] Safepoint synchronization initiated. (185 threads)
[2023-11-16T06:08:07.413+0000][2027.856s][info ][safepoint     ] Application time: 1.0001417 seconds
[2023-11-16T06:08:07.413+0000][2027.856s][info ][safepoint     ] Entering safepoint region: Cleanup
[2023-11-16T06:08:07.413+0000][2027.856s][info ][safepoint     ] Leaving safepoint region
[2023-11-16T06:08:07.413+0000][2027.857s][info ][safepoint     ] Total time for which application threads were stopped: 0.0003424 seconds, Stopping threads took: 0.0000536 seconds
[2023-11-16T06:08:08.413+0000][2028.857s][debug][safepoint     ] Safepoint synchronization initiated. (185 threads)
[2023-11-16T06:08:08.413+0000][2028.857s][info ][safepoint     ] Application time: 1.0001375 seconds
[2023-11-16T06:08:08.413+0000][2028.857s][info ][safepoint     ] Entering safepoint region: Cleanup
[2023-11-16T06:08:08.414+0000][2028.857s][info ][safepoint     ] Leaving safepoint region
[2023-11-16T06:08:08.414+0000][2028.857s][info ][safepoint     ] Total time for which application threads were stopped: 0.0003345 seconds, Stopping threads took: 0.0000520 seconds
[2023-11-16T06:08:09.414+0000][2029.857s][debug][safepoint     ] Safepoint synchronization initiated. (185 threads)
[2023-11-16T06:08:09.414+0000][2029.857s][info ][safepoint     ] Application time: 1.0001556 seconds
[2023-11-16T06:08:09.414+0000][2029.857s][info ][safepoint     ] Entering safepoint region: Cleanup
[2023-11-16T06:08:09.414+0000][2029.858s][info ][safepoint     ] Leaving safepoint region
[2023-11-16T06:08:09.414+0000][2029.858s][info ][safepoint     ] Total time for which application threads were stopped: 0.0003153 seconds, Stopping threads took: 0.0000533 seconds
[2023-11-16T06:08:10.414+0000][2030.858s][debug][safepoint     ] Safepoint synchronization initiated. (185 threads)
[2023-11-16T06:08:10.414+0000][2030.858s][info ][safepoint     ] Application time: 1.0001830 seconds
[2023-11-16T06:08:10.414+0000][2030.858s][info ][safepoint     ] Entering safepoint region: Cleanup
[2023-11-16T06:08:10.415+0000][2030.858s][info ][safepoint     ] Leaving safepoint region
[2023-11-16T06:08:10.415+0000][2030.858s][info ][safepoint     ] Total time for which application threads were stopped: 0.0003495 seconds, Stopping threads took: 0.0000526 seconds
[2023-11-16T06:08:11.415+0000][2031.858s][debug][safepoint     ] Safepoint synchronization initiated. (185 threads)
[2023-11-16T06:08:11.415+0000][2031.858s][info ][safepoint     ] Application time: 1.0001670 seconds
[2023-11-16T06:08:11.415+0000][2031.858s][info ][safepoint     ] Entering safepoint region: Cleanup
[2023-11-16T06:08:11.415+0000][2031.859s][info ][safepoint     ] Leaving safepoint region
[2023-11-16T06:08:11.415+0000][2031.859s][info ][safepoint     ] Total time for which application threads were stopped: 0.0002744 seconds, Stopping threads took: 0.0000527 seconds
[2023-11-16T06:08:12.415+0000][2032.859s][debug][safepoint     ] Safepoint synchronization initiated. (185 threads)
[2023-11-16T06:08:12.415+0000][2032.859s][info ][safepoint     ] Application time: 1.0001576 seconds
[2023-11-16T06:08:12.416+0000][2032.859s][info ][safepoint     ] Entering safepoint region: Cleanup
[2023-11-16T06:08:12.416+0000][2032.859s][info ][safepoint     ] Leaving safepoint region
[2023-11-16T06:08:12.416+0000][2032.859s][info ][safepoint     ] Total time for which application threads were stopped: 0.0002640 seconds, Stopping threads took: 0.0000557 seconds
[2023-11-16T06:08:13.416+0000][2033.859s][debug][safepoint     ] Safepoint synchronization initiated. (185 threads)
[2023-11-16T06:08:13.416+0000][2033.859s][info ][safepoint     ] Application time: 1.0001485 seconds
[2023-11-16T06:08:13.416+0000][2033.859s][info ][safepoint     ] Entering safepoint region: Cleanup
[2023-11-16T06:08:13.416+0000][2033.860s][info ][safepoint     ] Leaving safepoint region
[2023-11-16T06:08:13.416+0000][2033.860s][info ][safepoint     ] Total time for which application threads were stopped: 0.0003680 seconds, Stopping threads took: 0.0000732 seconds
[2023-11-16T06:08:14.416+0000][2034.860s][debug][safepoint     ] Safepoint synchronization initiated. (185 threads)
[2023-11-16T06:08:14.416+0000][2034.860s][info ][safepoint     ] Application time: 1.0001747 seconds
[2023-11-16T06:08:14.417+0000][2034.860s][info ][safepoint     ] Entering safepoint region: Cleanup
[2023-11-16T06:08:14.417+0000][2034.860s][info ][safepoint     ] Leaving safepoint region
[2023-11-16T06:08:14.417+0000][2034.860s][info ][safepoint     ] Total time for which application threads were stopped: 0.0003410 seconds, Stopping threads took: 0.0000534 seconds
[2023-11-16T06:08:15.417+0000][2035.860s][debug][safepoint     ] Safepoint synchronization initiated. (185 threads)
[2023-11-16T06:08:15.417+0000][2035.860s][info ][safepoint     ] Application time: 1.0001580 seconds
[2023-11-16T06:08:15.417+0000][2035.860s][info ][safepoint     ] Entering safepoint region: Cleanup
[2023-11-16T06:08:15.417+0000][2035.861s][info ][safepoint     ] Leaving safepoint region
[2023-11-16T06:08:15.418+0000][2035.861s][info ][safepoint     ] Total time for which application threads were stopped: 0.0004824 seconds, Stopping threads took: 0.0002239 seconds
[2023-11-16T06:08:16.418+0000][2036.861s][debug][safepoint     ] Safepoint synchronization initiated. (185 threads)
[2023-11-16T06:08:16.418+0000][2036.861s][info ][safepoint     ] Application time: 1.0001586 seconds
[2023-11-16T06:08:16.418+0000][2036.861s][info ][safepoint     ] Entering safepoint region: Cleanup
[2023-11-16T06:08:16.418+0000][2036.861s][info ][safepoint     ] Leaving safepoint region
[2023-11-16T06:08:16.418+0000][2036.861s][info ][safepoint     ] Total time for which application threads were stopped: 0.0003518 seconds, Stopping threads took: 0.0000552 seconds
[2023-11-16T06:08:17.418+0000][2037.861s][debug][safepoint     ] Safepoint synchronization initiated. (185 threads)
[2023-11-16T06:08:17.418+0000][2037.862s][info ][safepoint     ] Application time: 1.0001609 seconds
[2023-11-16T06:08:17.418+0000][2037.862s][info ][safepoint     ] Entering safepoint region: Cleanup
[2023-11-16T06:08:17.419+0000][2037.862s][info ][safepoint     ] Leaving safepoint region
[2023-11-16T06:08:17.419+0000][2037.862s][info ][safepoint     ] Total time for which application threads were stopped: 0.0003232 seconds, Stopping threads took: 0.0000552 seconds
[2023-11-16T06:08:18.419+0000][2038.862s][debug][safepoint     ] Safepoint synchronization initiated. (185 threads)
[2023-11-16T06:08:18.419+0000][2038.862s][info ][safepoint     ] Application time: 1.0001638 seconds
[2023-11-16T06:08:18.419+0000][2038.862s][info ][safepoint     ] Entering safepoint region: Cleanup
[2023-11-16T06:08:18.419+0000][2038.862s][info ][safepoint     ] Leaving safepoint region
[2023-11-16T06:08:18.419+0000][2038.862s][info ][safepoint     ] Total time for which application threads were stopped: 0.0002628 seconds, Stopping threads took: 0.0000551 seconds
[2023-11-16T06:08:19.419+0000][2039.862s][debug][safepoint     ] Safepoint synchronization initiated. (185 threads)
[2023-11-16T06:08:19.419+0000][2039.863s][info ][safepoint     ] Application time: 1.0001664 seconds
[2023-11-16T06:08:19.419+0000][2039.863s][info ][safepoint     ] Entering safepoint region: Cleanup
[2023-11-16T06:08:19.420+0000][2039.863s][info ][safepoint     ] Leaving safepoint region
[2023-11-16T06:08:19.420+0000][2039.863s][info ][safepoint     ] Total time for which application threads were stopped: 0.0003789 seconds, Stopping threads took: 0.0000547 seconds
[2023-11-16T06:08:20.420+0000][2040.863s][debug][safepoint     ] Safepoint synchronization initiated. (185 threads)
[2023-11-16T06:08:20.420+0000][2040.863s][info ][safepoint     ] Application time: 1.0001475 seconds
[2023-11-16T06:08:20.420+0000][2040.863s][info ][safepoint     ] Entering safepoint region: Cleanup
[2023-11-16T06:08:20.420+0000][2040.863s][info ][safepoint     ] Leaving safepoint region
[2023-11-16T06:08:20.420+0000][2040.864s][info ][safepoint     ] Total time for which application threads were stopped: 0.0003494 seconds, Stopping threads took: 0.0000571 seconds
[2023-11-16T06:08:21.420+0000][2041.864s][debug][safepoint     ] Safepoint synchronization initiated. (185 threads)
[2023-11-16T06:08:21.420+0000][2041.864s][info ][safepoint     ] Application time: 1.0001638 seconds
[2023-11-16T06:08:21.420+0000][2041.864s][info ][safepoint     ] Entering safepoint region: Cleanup
[2023-11-16T06:08:21.421+0000][2041.864s][info ][safepoint     ] Leaving safepoint region
[2023-11-16T06:08:21.421+0000][2041.864s][info ][safepoint     ] Total time for which application threads were stopped: 0.0003358 seconds, Stopping threads took: 0.0000584 seconds
[2023-11-16T06:08:22.421+0000][2042.864s][debug][safepoint     ] Safepoint synchronization initiated. (185 threads)
[2023-11-16T06:08:22.421+0000][2042.864s][info ][safepoint     ] Application time: 1.0001638 seconds
[2023-11-16T06:08:22.421+0000][2042.864s][info ][safepoint     ] Entering safepoint region: Cleanup
[2023-11-16T06:08:22.421+0000][2042.865s][info ][safepoint     ] Leaving safepoint region
[2023-11-16T06:08:22.421+0000][2042.865s][info ][safepoint     ] Total time for which application threads were stopped: 0.0003469 seconds, Stopping threads took: 0.0000541 seconds
[2023-11-16T06:08:23.421+0000][2043.865s][debug][safepoint     ] Safepoint synchronization initiated. (185 threads)
[2023-11-16T06:08:23.421+0000][2043.865s][info ][safepoint     ] Application time: 1.0001839 seconds
[2023-11-16T06:08:23.422+0000][2043.865s][info ][safepoint     ] Entering safepoint region: Cleanup
[2023-11-16T06:08:23.422+0000][2043.865s][info ][safepoint     ] Leaving safepoint region
[2023-11-16T06:08:23.422+0000][2043.865s][info ][safepoint     ] Total time for which application threads were stopped: 0.0003525 seconds, Stopping threads took: 0.0000551 seconds
[2023-11-16T06:08:24.422+0000][2044.865s][debug][safepoint     ] Safepoint synchronization initiated. (185 threads)
[2023-11-16T06:08:24.422+0000][2044.865s][info ][safepoint     ] Application time: 1.0001890 seconds
[2023-11-16T06:08:24.422+0000][2044.865s][info ][safepoint     ] Entering safepoint region: Cleanup
[2023-11-16T06:08:24.422+0000][2044.866s][info ][safepoint     ] Leaving safepoint region
[2023-11-16T06:08:24.422+0000][2044.866s][info ][safepoint     ] Total time for which application threads were stopped: 0.0002672 seconds, Stopping threads took: 0.0000545 seconds
[2023-11-16T06:08:25.422+0000][2045.866s][debug][safepoint     ] Safepoint synchronization initiated. (185 threads)
[2023-11-16T06:08:25.423+0000][2045.866s][info ][safepoint     ] Application time: 1.0001569 seconds
[2023-11-16T06:08:25.423+0000][2045.866s][info ][safepoint     ] Entering safepoint region: Cleanup
[2023-11-16T06:08:25.423+0000][2045.866s][info ][safepoint     ] Leaving safepoint region
[2023-11-16T06:08:25.423+0000][2045.866s][info ][safepoint     ] Total time for which application threads were stopped: 0.0003572 seconds, Stopping threads took: 0.0000552 seconds
[2023-11-16T06:08:26.423+0000][2046.866s][debug][safepoint     ] Safepoint synchronization initiated. (185 threads)
[2023-11-16T06:08:26.423+0000][2046.866s][info ][safepoint     ] Application time: 1.0001612 seconds
[2023-11-16T06:08:26.423+0000][2046.866s][info ][safepoint     ] Entering safepoint region: Cleanup
[2023-11-16T06:08:26.423+0000][2046.867s][info ][safepoint     ] Leaving safepoint region
[2023-11-16T06:08:26.423+0000][2046.867s][info ][safepoint     ] Total time for which application threads were stopped: 0.0003147 seconds, Stopping threads took: 0.0000550 seconds
[2023-11-16T06:08:27.423+0000][2047.867s][debug][safepoint     ] Safepoint synchronization initiated. (185 threads)
[2023-11-16T06:08:27.424+0000][2047.867s][info ][safepoint     ] Application time: 1.0001339 seconds
[2023-11-16T06:08:27.424+0000][2047.867s][info ][safepoint     ] Entering safepoint region: Cleanup
[2023-11-16T06:08:27.424+0000][2047.867s][info ][safepoint     ] Leaving safepoint region
[2023-11-16T06:08:27.424+0000][2047.867s][info ][safepoint     ] Total time for which application threads were stopped: 0.0003529 seconds, Stopping threads took: 0.0000575 seconds
[2023-11-16T06:08:28.424+0000][2048.867s][debug][safepoint     ] Safepoint synchronization initiated. (185 threads)
[2023-11-16T06:08:28.424+0000][2048.867s][info ][safepoint     ] Application time: 1.0001708 seconds
[2023-11-16T06:08:28.424+0000][2048.868s][info ][safepoint     ] Entering safepoint region: Cleanup
[2023-11-16T06:08:28.425+0000][2048.868s][info ][safepoint     ] Leaving safepoint region
[2023-11-16T06:08:28.425+0000][2048.868s][info ][safepoint     ] Total time for which application threads were stopped: 0.0004522 seconds, Stopping threads took: 0.0001514 seconds
[2023-11-16T06:08:29.425+0000][2049.868s][debug][safepoint     ] Safepoint synchronization initiated. (185 threads)
[2023-11-16T06:08:29.425+0000][2049.868s][info ][safepoint     ] Application time: 1.0001848 seconds
[2023-11-16T06:08:29.425+0000][2049.868s][info ][safepoint     ] Entering safepoint region: Cleanup
[2023-11-16T06:08:29.425+0000][2049.868s][info ][safepoint     ] Leaving safepoint region
[2023-11-16T06:08:29.425+0000][2049.868s][info ][safepoint     ] Total time for which application threads were stopped: 0.0002810 seconds, Stopping threads took: 0.0000550 seconds
[2023-11-16T06:08:30.425+0000][2050.869s][debug][safepoint     ] Safepoint synchronization initiated. (185 threads)
[2023-11-16T06:08:30.425+0000][2050.869s][info ][safepoint     ] Application time: 1.0001735 seconds
[2023-11-16T06:08:30.425+0000][2050.869s][info ][safepoint     ] Entering safepoint region: Cleanup
[2023-11-16T06:08:30.426+0000][2050.869s][info ][safepoint     ] Leaving safepoint region
[2023-11-16T06:08:30.426+0000][2050.869s][info ][safepoint     ] Total time for which application threads were stopped: 0.0003503 seconds, Stopping threads took: 0.0000546 seconds
[2023-11-16T06:08:31.426+0000][2051.869s][debug][safepoint     ] Safepoint synchronization initiated. (185 threads)
[2023-11-16T06:08:31.426+0000][2051.869s][info ][safepoint     ] Application time: 1.0001752 seconds
[2023-11-16T06:08:31.426+0000][2051.869s][info ][safepoint     ] Entering safepoint region: Cleanup
[2023-11-16T06:08:31.426+0000][2051.870s][info ][safepoint     ] Leaving safepoint region
[2023-11-16T06:08:31.426+0000][2051.870s][info ][safepoint     ] Total time for which application threads were stopped: 0.0003495 seconds, Stopping threads took: 0.0000548 seconds
[2023-11-16T06:08:32.426+0000][2052.870s][debug][safepoint     ] Safepoint synchronization initiated. (185 threads)
[2023-11-16T06:08:32.426+0000][2052.870s][info ][safepoint     ] Application time: 1.0001426 seconds
[2023-11-16T06:08:32.426+0000][2052.870s][info ][safepoint     ] Entering safepoint region: Cleanup
[2023-11-16T06:08:32.427+0000][2052.870s][info ][safepoint     ] Leaving safepoint region
[2023-11-16T06:08:32.427+0000][2052.870s][info ][safepoint     ] Total time for which application threads were stopped: 0.0003459 seconds, Stopping threads took: 0.0000523 seconds
[2023-11-16T06:08:33.427+0000][2053.870s][debug][safepoint     ] Safepoint synchronization initiated. (185 threads)
[2023-11-16T06:08:33.427+0000][2053.870s][info ][safepoint     ] Application time: 1.0001626 seconds
[2023-11-16T06:08:33.427+0000][2053.870s][info ][safepoint     ] Entering safepoint region: Cleanup
[2023-11-16T06:08:33.427+0000][2053.871s][info ][safepoint     ] Leaving safepoint region
[2023-11-16T06:08:33.427+0000][2053.871s][info ][safepoint     ] Total time for which application threads were stopped: 0.0004961 seconds, Stopping threads took: 0.0002703 seconds
[2023-11-16T06:08:34.428+0000][2054.871s][debug][safepoint     ] Safepoint synchronization initiated. (185 threads)
[2023-11-16T06:08:34.428+0000][2054.871s][info ][safepoint     ] Application time: 1.0001508 seconds
[2023-11-16T06:08:34.428+0000][2054.871s][info ][safepoint     ] Entering safepoint region: Cleanup
[2023-11-16T06:08:34.428+0000][2054.871s][info ][safepoint     ] Leaving safepoint region
[2023-11-16T06:08:34.428+0000][2054.871s][info ][safepoint     ] Total time for which application threads were stopped: 0.0002662 seconds, Stopping threads took: 0.0000566 seconds
[2023-11-16T06:08:35.428+0000][2055.871s][debug][safepoint     ] Safepoint synchronization initiated. (185 threads)
[2023-11-16T06:08:35.428+0000][2055.871s][info ][safepoint     ] Application time: 1.0001454 seconds
[2023-11-16T06:08:35.428+0000][2055.871s][info ][safepoint     ] Entering safepoint region: Cleanup
[2023-11-16T06:08:35.428+0000][2055.872s][info ][safepoint     ] Leaving safepoint region
[2023-11-16T06:08:35.428+0000][2055.872s][info ][safepoint     ] Total time for which application threads were stopped: 0.0003501 seconds, Stopping threads took: 0.0000544 seconds
[2023-11-16T06:08:36.429+0000][2056.872s][debug][safepoint     ] Safepoint synchronization initiated. (185 threads)
[2023-11-16T06:08:36.429+0000][2056.872s][info ][safepoint     ] Application time: 1.0001781 seconds
[2023-11-16T06:08:36.429+0000][2056.872s][info ][safepoint     ] Entering safepoint region: Cleanup
[2023-11-16T06:08:36.429+0000][2056.872s][info ][safepoint     ] Leaving safepoint region
[2023-11-16T06:08:36.429+0000][2056.872s][info ][safepoint     ] Total time for which application threads were stopped: 0.0003059 seconds, Stopping threads took: 0.0000577 seconds
[2023-11-16T06:08:37.429+0000][2057.872s][debug][safepoint     ] Safepoint synchronization initiated. (185 threads)
[2023-11-16T06:08:37.429+0000][2057.873s][info ][safepoint     ] Application time: 1.0001760 seconds
[2023-11-16T06:08:37.429+0000][2057.873s][info ][safepoint     ] Entering safepoint region: Cleanup
[2023-11-16T06:08:37.429+0000][2057.873s][info ][safepoint     ] Leaving safepoint region
[2023-11-16T06:08:37.429+0000][2057.873s][info ][safepoint     ] Total time for which application threads were stopped: 0.0002658 seconds, Stopping threads took: 0.0000541 seconds
[2023-11-16T06:08:38.430+0000][2058.873s][debug][safepoint     ] Safepoint synchronization initiated. (185 threads)
[2023-11-16T06:08:38.430+0000][2058.873s][info ][safepoint     ] Application time: 1.0001733 seconds
[2023-11-16T06:08:38.430+0000][2058.873s][info ][safepoint     ] Entering safepoint region: Cleanup
[2023-11-16T06:08:38.430+0000][2058.873s][info ][safepoint     ] Leaving safepoint region
[2023-11-16T06:08:38.430+0000][2058.873s][info ][safepoint     ] Total time for which application threads were stopped: 0.0004315 seconds, Stopping threads took: 0.0001873 seconds
[2023-11-16T06:08:39.430+0000][2059.874s][debug][safepoint     ] Safepoint synchronization initiated. (185 threads)
[2023-11-16T06:08:39.430+0000][2059.874s][info ][safepoint     ] Application time: 1.0001577 seconds
[2023-11-16T06:08:39.430+0000][2059.874s][info ][safepoint     ] Entering safepoint region: Cleanup
[2023-11-16T06:08:39.431+0000][2059.874s][info ][safepoint     ] Leaving safepoint region
[2023-11-16T06:08:39.431+0000][2059.874s][info ][safepoint     ] Total time for which application threads were stopped: 0.0002742 seconds, Stopping threads took: 0.0000553 seconds
[2023-11-16T06:08:40.431+0000][2060.874s][debug][safepoint     ] Safepoint synchronization initiated. (185 threads)
[2023-11-16T06:08:40.431+0000][2060.874s][info ][safepoint     ] Application time: 1.0001610 seconds
[2023-11-16T06:08:40.431+0000][2060.874s][info ][safepoint     ] Entering safepoint region: Cleanup
[2023-11-16T06:08:40.431+0000][2060.874s][info ][safepoint     ] Leaving safepoint region
[2023-11-16T06:08:40.431+0000][2060.874s][info ][safepoint     ] Total time for which application threads were stopped: 0.0002667 seconds, Stopping threads took: 0.0000553 seconds
[2023-11-16T06:08:41.431+0000][2061.874s][debug][safepoint     ] Safepoint synchronization initiated. (185 threads)
[2023-11-16T06:08:41.431+0000][2061.875s][info ][safepoint     ] Application time: 1.0001742 seconds
[2023-11-16T06:08:41.431+0000][2061.875s][info ][safepoint     ] Entering safepoint region: Cleanup
[2023-11-16T06:08:41.432+0000][2061.875s][info ][safepoint     ] Leaving safepoint region
[2023-11-16T06:08:41.432+0000][2061.875s][info ][safepoint     ] Total time for which application threads were stopped: 0.0002983 seconds, Stopping threads took: 0.0000583 seconds
[2023-11-16T06:08:42.432+0000][2062.875s][debug][safepoint     ] Safepoint synchronization initiated. (185 threads)
[2023-11-16T06:08:42.432+0000][2062.875s][info ][safepoint     ] Application time: 1.0001475 seconds
[2023-11-16T06:08:42.432+0000][2062.875s][info ][safepoint     ] Entering safepoint region: Cleanup
[2023-11-16T06:08:42.432+0000][2062.875s][info ][safepoint     ] Leaving safepoint region
[2023-11-16T06:08:42.432+0000][2062.875s][info ][safepoint     ] Total time for which application threads were stopped: 0.0002584 seconds, Stopping threads took: 0.0000532 seconds
[2023-11-16T06:08:43.432+0000][2063.875s][debug][safepoint     ] Safepoint synchronization initiated. (185 threads)
[2023-11-16T06:08:43.432+0000][2063.876s][info ][safepoint     ] Application time: 1.0001731 seconds
[2023-11-16T06:08:43.432+0000][2063.876s][info ][safepoint     ] Entering safepoint region: Cleanup
[2023-11-16T06:08:43.433+0000][2063.876s][info ][safepoint     ] Leaving safepoint region
[2023-11-16T06:08:43.433+0000][2063.876s][info ][safepoint     ] Total time for which application threads were stopped: 0.0004874 seconds, Stopping threads took: 0.0002838 seconds
[2023-11-16T06:08:44.433+0000][2064.876s][debug][safepoint     ] Safepoint synchronization initiated. (185 threads)
[2023-11-16T06:08:44.433+0000][2064.876s][info ][safepoint     ] Application time: 1.0001603 seconds
[2023-11-16T06:08:44.433+0000][2064.876s][info ][safepoint     ] Entering safepoint region: Cleanup
[2023-11-16T06:08:44.433+0000][2064.876s][info ][safepoint     ] Leaving safepoint region
[2023-11-16T06:08:44.433+0000][2064.877s][info ][safepoint     ] Total time for which application threads were stopped: 0.0002799 seconds, Stopping threads took: 0.0000554 seconds
[2023-11-16T06:08:45.433+0000][2065.877s][debug][safepoint     ] Safepoint synchronization initiated. (184 threads)
[2023-11-16T06:08:45.433+0000][2065.877s][info ][safepoint     ] Application time: 1.0001571 seconds
[2023-11-16T06:08:45.433+0000][2065.877s][info ][safepoint     ] Entering safepoint region: Cleanup
[2023-11-16T06:08:45.434+0000][2065.877s][info ][safepoint     ] Leaving safepoint region
[2023-11-16T06:08:45.434+0000][2065.877s][info ][safepoint     ] Total time for which application threads were stopped: 0.0002791 seconds, Stopping threads took: 0.0000539 seconds
[2023-11-16T06:08:46.434+0000][2066.877s][debug][safepoint     ] Safepoint synchronization initiated. (184 threads)
[2023-11-16T06:08:46.434+0000][2066.877s][info ][safepoint     ] Application time: 1.0001583 seconds
[2023-11-16T06:08:46.434+0000][2066.877s][info ][safepoint     ] Entering safepoint region: Cleanup
[2023-11-16T06:08:46.434+0000][2066.877s][info ][safepoint     ] Leaving safepoint region
[2023-11-16T06:08:46.434+0000][2066.877s][info ][safepoint     ] Total time for which application threads were stopped: 0.0002727 seconds, Stopping threads took: 0.0000548 seconds
[2023-11-16T06:08:47.434+0000][2067.878s][debug][safepoint     ] Safepoint synchronization initiated. (184 threads)
[2023-11-16T06:08:47.434+0000][2067.878s][info ][safepoint     ] Application time: 1.0001634 seconds
[2023-11-16T06:08:47.434+0000][2067.878s][info ][safepoint     ] Entering safepoint region: Cleanup
[2023-11-16T06:08:47.435+0000][2067.878s][info ][safepoint     ] Leaving safepoint region
[2023-11-16T06:08:47.435+0000][2067.878s][info ][safepoint     ] Total time for which application threads were stopped: 0.0002727 seconds, Stopping threads took: 0.0000546 seconds
[2023-11-16T06:08:48.435+0000][2068.878s][debug][safepoint     ] Safepoint synchronization initiated. (183 threads)
[2023-11-16T06:08:48.435+0000][2068.878s][info ][safepoint     ] Application time: 1.0001600 seconds
[2023-11-16T06:08:48.435+0000][2068.878s][info ][safepoint     ] Entering safepoint region: Cleanup
[2023-11-16T06:08:48.435+0000][2068.879s][info ][safepoint     ] Leaving safepoint region
[2023-11-16T06:08:48.435+0000][2068.879s][info ][safepoint     ] Total time for which application threads were stopped: 0.0002781 seconds, Stopping threads took: 0.0000623 seconds
[2023-11-16T06:08:49.435+0000][2069.879s][debug][safepoint     ] Safepoint synchronization initiated. (183 threads)
[2023-11-16T06:08:49.435+0000][2069.879s][info ][safepoint     ] Application time: 1.0001620 seconds
[2023-11-16T06:08:49.435+0000][2069.879s][info ][safepoint     ] Entering safepoint region: Cleanup
[2023-11-16T06:08:49.436+0000][2069.879s][info ][safepoint     ] Leaving safepoint region
[2023-11-16T06:08:49.436+0000][2069.879s][info ][safepoint     ] Total time for which application threads were stopped: 0.0002870 seconds, Stopping threads took: 0.0000763 seconds
[2023-11-16T06:08:50.436+0000][2070.879s][debug][safepoint     ] Safepoint synchronization initiated. (183 threads)
[2023-11-16T06:08:50.436+0000][2070.879s][info ][safepoint     ] Application time: 1.0001418 seconds
[2023-11-16T06:08:50.436+0000][2070.879s][info ][safepoint     ] Entering safepoint region: Cleanup
[2023-11-16T06:08:50.436+0000][2070.879s][info ][safepoint     ] Leaving safepoint region
[2023-11-16T06:08:50.436+0000][2070.879s][info ][safepoint     ] Total time for which application threads were stopped: 0.0002750 seconds, Stopping threads took: 0.0000554 seconds
[2023-11-16T06:08:51.436+0000][2071.880s][debug][safepoint     ] Safepoint synchronization initiated. (183 threads)
[2023-11-16T06:08:51.436+0000][2071.880s][info ][safepoint     ] Application time: 1.0001446 seconds
[2023-11-16T06:08:51.436+0000][2071.880s][info ][safepoint     ] Entering safepoint region: Cleanup
[2023-11-16T06:08:51.437+0000][2071.880s][info ][safepoint     ] Leaving safepoint region
[2023-11-16T06:08:51.437+0000][2071.880s][info ][safepoint     ] Total time for which application threads were stopped: 0.0002317 seconds, Stopping threads took: 0.0000492 seconds
[2023-11-16T06:08:52.437+0000][2072.880s][debug][safepoint     ] Safepoint synchronization initiated. (183 threads)
[2023-11-16T06:08:52.437+0000][2072.880s][info ][safepoint     ] Application time: 1.0001577 seconds
[2023-11-16T06:08:52.437+0000][2072.880s][info ][safepoint     ] Entering safepoint region: Cleanup
[2023-11-16T06:08:52.437+0000][2072.880s][info ][safepoint     ] Leaving safepoint region
[2023-11-16T06:08:52.437+0000][2072.880s][info ][safepoint     ] Total time for which application threads were stopped: 0.0002945 seconds, Stopping threads took: 0.0000550 seconds
[2023-11-16T06:08:53.437+0000][2073.880s][debug][safepoint     ] Safepoint synchronization initiated. (183 threads)
[2023-11-16T06:08:53.437+0000][2073.881s][info ][safepoint     ] Application time: 1.0001611 seconds
[2023-11-16T06:08:53.437+0000][2073.881s][info ][safepoint     ] Entering safepoint region: Cleanup
[2023-11-16T06:08:53.438+0000][2073.881s][info ][safepoint     ] Leaving safepoint region
[2023-11-16T06:08:53.438+0000][2073.881s][info ][safepoint     ] Total time for which application threads were stopped: 0.0007751 seconds, Stopping threads took: 0.0004208 seconds
[2023-11-16T06:08:54.438+0000][2074.881s][debug][safepoint     ] Safepoint synchronization initiated. (183 threads)
[2023-11-16T06:08:54.438+0000][2074.882s][info ][safepoint     ] Application time: 1.0001632 seconds
[2023-11-16T06:08:54.438+0000][2074.882s][info ][safepoint     ] Entering safepoint region: Cleanup
[2023-11-16T06:08:54.439+0000][2074.882s][info ][safepoint     ] Leaving safepoint region
[2023-11-16T06:08:54.439+0000][2074.882s][info ][safepoint     ] Total time for which application threads were stopped: 0.0003710 seconds, Stopping threads took: 0.0000572 seconds
[2023-11-16T06:08:54.439+0000][2074.882s][debug][safepoint     ] ... found polling page return exception at pc = 0x00007fde849bede6, stub =0x00007fde7c83a800
[2023-11-16T06:08:55.439+0000][2075.882s][debug][safepoint     ] Safepoint synchronization initiated. (183 threads)
[2023-11-16T06:08:55.439+0000][2075.882s][info ][safepoint     ] Application time: 1.0001407 seconds
[2023-11-16T06:08:55.439+0000][2075.882s][info ][safepoint     ] Entering safepoint region: Cleanup
[2023-11-16T06:08:55.439+0000][2075.882s][info ][safepoint     ] Leaving safepoint region
[2023-11-16T06:08:55.439+0000][2075.882s][info ][safepoint     ] Total time for which application threads were stopped: 0.0003813 seconds, Stopping threads took: 0.0000552 seconds
[2023-11-16T06:08:56.439+0000][2076.883s][debug][safepoint     ] Safepoint synchronization initiated. (183 threads)
[2023-11-16T06:08:56.439+0000][2076.883s][info ][safepoint     ] Application time: 1.0001498 seconds
[2023-11-16T06:08:56.439+0000][2076.883s][info ][safepoint     ] Entering safepoint region: Cleanup
[2023-11-16T06:08:56.440+0000][2076.883s][info ][safepoint     ] Leaving safepoint region
[2023-11-16T06:08:56.440+0000][2076.883s][info ][safepoint     ] Total time for which application threads were stopped: 0.0002937 seconds, Stopping threads took: 0.0000535 seconds
[2023-11-16T06:08:57.440+0000][2077.883s][debug][safepoint     ] Safepoint synchronization initiated. (183 threads)
[2023-11-16T06:08:57.440+0000][2077.883s][info ][safepoint     ] Application time: 1.0001501 seconds
[2023-11-16T06:08:57.440+0000][2077.883s][info ][safepoint     ] Entering safepoint region: Cleanup
[2023-11-16T06:08:57.440+0000][2077.883s][info ][safepoint     ] Leaving safepoint region
[2023-11-16T06:08:57.440+0000][2077.883s][info ][safepoint     ] Total time for which application threads were stopped: 0.0002754 seconds, Stopping threads took: 0.0000535 seconds
[2023-11-16T06:08:58.440+0000][2078.884s][debug][safepoint     ] Safepoint synchronization initiated. (183 threads)
[2023-11-16T06:08:58.440+0000][2078.884s][info ][safepoint     ] Application time: 1.0001611 seconds
[2023-11-16T06:08:58.440+0000][2078.884s][info ][safepoint     ] Entering safepoint region: Cleanup
[2023-11-16T06:08:58.441+0000][2078.884s][info ][safepoint     ] Leaving safepoint region
[2023-11-16T06:08:58.441+0000][2078.884s][info ][safepoint     ] Total time for which application threads were stopped: 0.0005739 seconds, Stopping threads took: 0.0003555 seconds
[2023-11-16T06:08:59.441+0000][2079.884s][debug][safepoint     ] Safepoint synchronization initiated. (183 threads)
[2023-11-16T06:08:59.441+0000][2079.884s][info ][safepoint     ] Application time: 1.0001616 seconds
[2023-11-16T06:08:59.441+0000][2079.884s][info ][safepoint     ] Entering safepoint region: Cleanup
[2023-11-16T06:08:59.441+0000][2079.885s][info ][safepoint     ] Leaving safepoint region
[2023-11-16T06:08:59.441+0000][2079.885s][info ][safepoint     ] Total time for which application threads were stopped: 0.0002783 seconds, Stopping threads took: 0.0000562 seconds
[2023-11-16T06:09:00.441+0000][2080.885s][debug][safepoint     ] Safepoint synchronization initiated. (183 threads)
[2023-11-16T06:09:00.442+0000][2080.885s][info ][safepoint     ] Application time: 1.0001609 seconds
[2023-11-16T06:09:00.442+0000][2080.885s][info ][safepoint     ] Entering safepoint region: Cleanup
[2023-11-16T06:09:00.442+0000][2080.885s][info ][safepoint     ] Leaving safepoint region
[2023-11-16T06:09:00.442+0000][2080.885s][info ][safepoint     ] Total time for which application threads were stopped: 0.0003467 seconds, Stopping threads took: 0.0000537 seconds
[2023-11-16T06:09:01.442+0000][2081.885s][debug][safepoint     ] Safepoint synchronization initiated. (183 threads)
[2023-11-16T06:09:01.442+0000][2081.885s][info ][safepoint     ] Application time: 1.0001581 seconds
[2023-11-16T06:09:01.442+0000][2081.885s][info ][safepoint     ] Entering safepoint region: Cleanup
[2023-11-16T06:09:01.442+0000][2081.886s][info ][safepoint     ] Leaving safepoint region
[2023-11-16T06:09:01.442+0000][2081.886s][info ][safepoint     ] Total time for which application threads were stopped: 0.0003172 seconds, Stopping threads took: 0.0000577 seconds
[2023-11-16T06:09:02.443+0000][2082.886s][debug][safepoint     ] Safepoint synchronization initiated. (183 threads)
[2023-11-16T06:09:02.443+0000][2082.886s][info ][safepoint     ] Application time: 1.0001719 seconds
[2023-11-16T06:09:02.443+0000][2082.886s][info ][safepoint     ] Entering safepoint region: Cleanup
[2023-11-16T06:09:02.443+0000][2082.886s][info ][safepoint     ] Leaving safepoint region
[2023-11-16T06:09:02.443+0000][2082.886s][info ][safepoint     ] Total time for which application threads were stopped: 0.0002810 seconds, Stopping threads took: 0.0000543 seconds
[2023-11-16T06:09:03.443+0000][2083.886s][debug][safepoint     ] Safepoint synchronization initiated. (183 threads)
[2023-11-16T06:09:03.443+0000][2083.886s][info ][safepoint     ] Application time: 1.0001588 seconds
[2023-11-16T06:09:03.443+0000][2083.886s][info ][safepoint     ] Entering safepoint region: Cleanup
[2023-11-16T06:09:03.443+0000][2083.887s][info ][safepoint     ] Leaving safepoint region
[2023-11-16T06:09:03.443+0000][2083.887s][info ][safepoint     ] Total time for which application threads were stopped: 0.0003251 seconds, Stopping threads took: 0.0000628 seconds
[2023-11-16T06:09:04.444+0000][2084.887s][debug][safepoint     ] Safepoint synchronization initiated. (183 threads)
[2023-11-16T06:09:04.444+0000][2084.887s][info ][safepoint     ] Application time: 1.0001596 seconds
[2023-11-16T06:09:04.444+0000][2084.887s][info ][safepoint     ] Entering safepoint region: Cleanup
[2023-11-16T06:09:04.444+0000][2084.887s][info ][safepoint     ] Leaving safepoint region
[2023-11-16T06:09:04.444+0000][2084.887s][info ][safepoint     ] Total time for which application threads were stopped: 0.0003497 seconds, Stopping threads took: 0.0000537 seconds
[2023-11-16T06:09:05.444+0000][2085.887s][debug][safepoint     ] Safepoint synchronization initiated. (183 threads)
[2023-11-16T06:09:05.444+0000][2085.887s][info ][safepoint     ] Application time: 1.0001598 seconds
[2023-11-16T06:09:05.444+0000][2085.888s][info ][safepoint     ] Entering safepoint region: Cleanup
[2023-11-16T06:09:05.444+0000][2085.888s][info ][safepoint     ] Leaving safepoint region
[2023-11-16T06:09:05.445+0000][2085.888s][info ][safepoint     ] Total time for which application threads were stopped: 0.0003436 seconds, Stopping threads took: 0.0000544 seconds
[2023-11-16T06:09:06.445+0000][2086.888s][debug][safepoint     ] Safepoint synchronization initiated. (183 threads)
[2023-11-16T06:09:06.445+0000][2086.888s][info ][safepoint     ] Application time: 1.0001574 seconds
[2023-11-16T06:09:06.445+0000][2086.888s][info ][safepoint     ] Entering safepoint region: Cleanup
[2023-11-16T06:09:06.445+0000][2086.888s][info ][safepoint     ] Leaving safepoint region
[2023-11-16T06:09:06.445+0000][2086.888s][info ][safepoint     ] Total time for which application threads were stopped: 0.0003428 seconds, Stopping threads took: 0.0000540 seconds
[2023-11-16T06:09:07.445+0000][2087.888s][debug][safepoint     ] Safepoint synchronization initiated. (183 threads)
[2023-11-16T06:09:07.445+0000][2087.889s][info ][safepoint     ] Application time: 1.0001685 seconds
[2023-11-16T06:09:07.445+0000][2087.889s][info ][safepoint     ] Entering safepoint region: Cleanup
[2023-11-16T06:09:07.446+0000][2087.889s][info ][safepoint     ] Leaving safepoint region
[2023-11-16T06:09:07.446+0000][2087.889s][info ][safepoint     ] Total time for which application threads were stopped: 0.0003448 seconds, Stopping threads took: 0.0000531 seconds
[2023-11-16T06:09:08.446+0000][2088.889s][debug][safepoint     ] Safepoint synchronization initiated. (183 threads)
[2023-11-16T06:09:08.446+0000][2088.889s][info ][safepoint     ] Application time: 1.0001506 seconds
[2023-11-16T06:09:08.446+0000][2088.889s][debug][safepoint     ] ... found polling page return exception at pc = 0x00007fde84feba89, stub =0x00007fde7c83a800
[2023-11-16T06:09:08.446+0000][2088.889s][debug][safepoint     ] Waiting for 1 thread(s) to block
[2023-11-16T06:09:08.446+0000][2088.889s][info ][safepoint     ] Entering safepoint region: Cleanup
[2023-11-16T06:09:08.446+0000][2088.890s][info ][safepoint     ] Leaving safepoint region
[2023-11-16T06:09:08.446+0000][2088.890s][info ][safepoint     ] Total time for which application threads were stopped: 0.0004599 seconds, Stopping threads took: 0.0002043 seconds
[2023-11-16T06:09:09.446+0000][2089.890s][debug][safepoint     ] Safepoint synchronization initiated. (183 threads)
[2023-11-16T06:09:09.446+0000][2089.890s][info ][safepoint     ] Application time: 1.0001815 seconds
[2023-11-16T06:09:09.446+0000][2089.890s][info ][safepoint     ] Entering safepoint region: Cleanup
[2023-11-16T06:09:09.447+0000][2089.890s][info ][safepoint     ] Leaving safepoint region
[2023-11-16T06:09:09.447+0000][2089.890s][info ][safepoint     ] Total time for which application threads were stopped: 0.0003418 seconds, Stopping threads took: 0.0000537 seconds
[2023-11-16T06:09:10.447+0000][2090.890s][debug][safepoint     ] Safepoint synchronization initiated. (183 threads)
[2023-11-16T06:09:10.447+0000][2090.890s][info ][safepoint     ] Application time: 1.0001711 seconds
[2023-11-16T06:09:10.447+0000][2090.890s][info ][safepoint     ] Entering safepoint region: Cleanup
[2023-11-16T06:09:10.447+0000][2090.891s][info ][safepoint     ] Leaving safepoint region
[2023-11-16T06:09:10.447+0000][2090.891s][info ][safepoint     ] Total time for which application threads were stopped: 0.0003523 seconds, Stopping threads took: 0.0000611 seconds
[2023-11-16T06:09:11.448+0000][2091.891s][debug][safepoint     ] Safepoint synchronization initiated. (183 threads)
[2023-11-16T06:09:11.448+0000][2091.891s][info ][safepoint     ] Application time: 1.0002217 seconds
[2023-11-16T06:09:11.448+0000][2091.891s][info ][safepoint     ] Entering safepoint region: Cleanup
[2023-11-16T06:09:11.448+0000][2091.891s][info ][safepoint     ] Leaving safepoint region
[2023-11-16T06:09:11.448+0000][2091.891s][info ][safepoint     ] Total time for which application threads were stopped: 0.0003283 seconds, Stopping threads took: 0.0000538 seconds
[2023-11-16T06:09:12.448+0000][2092.891s][debug][safepoint     ] Safepoint synchronization initiated. (183 threads)
[2023-11-16T06:09:12.448+0000][2092.891s][info ][safepoint     ] Application time: 1.0001634 seconds
[2023-11-16T06:09:12.448+0000][2092.891s][info ][safepoint     ] Entering safepoint region: Cleanup
[2023-11-16T06:09:12.448+0000][2092.892s][info ][safepoint     ] Leaving safepoint region
[2023-11-16T06:09:12.448+0000][2092.892s][info ][safepoint     ] Total time for which application threads were stopped: 0.0003102 seconds, Stopping threads took: 0.0000531 seconds
[2023-11-16T06:09:13.449+0000][2093.892s][debug][safepoint     ] Safepoint synchronization initiated. (183 threads)
[2023-11-16T06:09:13.449+0000][2093.892s][info ][safepoint     ] Application time: 1.0001511 seconds
[2023-11-16T06:09:13.449+0000][2093.892s][info ][safepoint     ] Entering safepoint region: Cleanup
[2023-11-16T06:09:13.449+0000][2093.892s][info ][safepoint     ] Leaving safepoint region
[2023-11-16T06:09:13.449+0000][2093.892s][info ][safepoint     ] Total time for which application threads were stopped: 0.0003497 seconds, Stopping threads took: 0.0000541 seconds
[2023-11-16T06:09:14.449+0000][2094.892s][debug][safepoint     ] Safepoint synchronization initiated. (183 threads)
[2023-11-16T06:09:14.449+0000][2094.892s][info ][safepoint     ] Application time: 1.0001528 seconds
[2023-11-16T06:09:14.449+0000][2094.893s][info ][safepoint     ] Entering safepoint region: Cleanup
[2023-11-16T06:09:14.449+0000][2094.893s][info ][safepoint     ] Leaving safepoint region
[2023-11-16T06:09:14.450+0000][2094.893s][info ][safepoint     ] Total time for which application threads were stopped: 0.0003443 seconds, Stopping threads took: 0.0000540 seconds
[2023-11-16T06:09:15.450+0000][2095.893s][debug][safepoint     ] Safepoint synchronization initiated. (183 threads)
[2023-11-16T06:09:15.450+0000][2095.893s][info ][safepoint     ] Application time: 1.0001644 seconds
[2023-11-16T06:09:15.450+0000][2095.893s][info ][safepoint     ] Entering safepoint region: Cleanup
[2023-11-16T06:09:15.450+0000][2095.893s][info ][safepoint     ] Leaving safepoint region
[2023-11-16T06:09:15.450+0000][2095.893s][info ][safepoint     ] Total time for which application threads were stopped: 0.0003803 seconds, Stopping threads took: 0.0001058 seconds
[2023-11-16T06:09:16.450+0000][2096.894s][debug][safepoint     ] Safepoint synchronization initiated. (183 threads)
[2023-11-16T06:09:16.450+0000][2096.894s][info ][safepoint     ] Application time: 1.0001772 seconds
[2023-11-16T06:09:16.450+0000][2096.894s][info ][safepoint     ] Entering safepoint region: Cleanup
[2023-11-16T06:09:16.451+0000][2096.894s][info ][safepoint     ] Leaving safepoint region
[2023-11-16T06:09:16.451+0000][2096.894s][info ][safepoint     ] Total time for which application threads were stopped: 0.0003060 seconds, Stopping threads took: 0.0000550 seconds
[2023-11-16T06:09:17.451+0000][2097.894s][debug][safepoint     ] Safepoint synchronization initiated. (183 threads)
[2023-11-16T06:09:17.451+0000][2097.894s][info ][safepoint     ] Application time: 1.0001729 seconds
[2023-11-16T06:09:17.451+0000][2097.894s][info ][safepoint     ] Entering safepoint region: Cleanup
[2023-11-16T06:09:17.451+0000][2097.894s][info ][safepoint     ] Leaving safepoint region
[2023-11-16T06:09:17.451+0000][2097.894s][info ][safepoint     ] Total time for which application threads were stopped: 0.0003178 seconds, Stopping threads took: 0.0000541 seconds
[2023-11-16T06:09:18.451+0000][2098.895s][debug][safepoint     ] Safepoint synchronization initiated. (183 threads)
[2023-11-16T06:09:18.451+0000][2098.895s][info ][safepoint     ] Application time: 1.0001542 seconds
[2023-11-16T06:09:18.451+0000][2098.895s][info ][safepoint     ] Entering safepoint region: Cleanup
[2023-11-16T06:09:18.452+0000][2098.895s][info ][safepoint     ] Leaving safepoint region
[2023-11-16T06:09:18.452+0000][2098.895s][info ][safepoint     ] Total time for which application threads were stopped: 0.0004127 seconds, Stopping threads took: 0.0000542 seconds
[2023-11-16T06:09:19.452+0000][2099.895s][debug][safepoint     ] Safepoint synchronization initiated. (183 threads)
[2023-11-16T06:09:19.452+0000][2099.895s][info ][safepoint     ] Application time: 1.0001444 seconds
[2023-11-16T06:09:19.452+0000][2099.895s][info ][safepoint     ] Entering safepoint region: Cleanup
[2023-11-16T06:09:19.452+0000][2099.896s][info ][safepoint     ] Leaving safepoint region
[2023-11-16T06:09:19.452+0000][2099.896s][info ][safepoint     ] Total time for which application threads were stopped: 0.0003433 seconds, Stopping threads took: 0.0000532 seconds
[2023-11-16T06:09:20.452+0000][2100.896s][debug][safepoint     ] Safepoint synchronization initiated. (183 threads)
[2023-11-16T06:09:20.452+0000][2100.896s][info ][safepoint     ] Application time: 1.0001425 seconds
[2023-11-16T06:09:20.452+0000][2100.896s][info ][safepoint     ] Entering safepoint region: Cleanup
[2023-11-16T06:09:20.453+0000][2100.896s][info ][safepoint     ] Leaving safepoint region
[2023-11-16T06:09:20.453+0000][2100.896s][info ][safepoint     ] Total time for which application threads were stopped: 0.0003079 seconds, Stopping threads took: 0.0000533 seconds
[2023-11-16T06:09:21.453+0000][2101.896s][debug][safepoint     ] Safepoint synchronization initiated. (183 threads)
[2023-11-16T06:09:21.453+0000][2101.896s][info ][safepoint     ] Application time: 1.0001397 seconds
[2023-11-16T06:09:21.453+0000][2101.896s][info ][safepoint     ] Entering safepoint region: Cleanup
[2023-11-16T06:09:21.453+0000][2101.897s][info ][safepoint     ] Leaving safepoint region
[2023-11-16T06:09:21.453+0000][2101.897s][info ][safepoint     ] Total time for which application threads were stopped: 0.0003450 seconds, Stopping threads took: 0.0000548 seconds
[2023-11-16T06:09:22.453+0000][2102.897s][debug][safepoint     ] Safepoint synchronization initiated. (183 threads)
[2023-11-16T06:09:22.453+0000][2102.897s][info ][safepoint     ] Application time: 1.0001576 seconds
[2023-11-16T06:09:22.454+0000][2102.897s][info ][safepoint     ] Entering safepoint region: Cleanup
[2023-11-16T06:09:22.454+0000][2102.897s][info ][safepoint     ] Leaving safepoint region
[2023-11-16T06:09:22.454+0000][2102.897s][info ][safepoint     ] Total time for which application threads were stopped: 0.0003411 seconds, Stopping threads took: 0.0000762 seconds
[2023-11-16T06:09:23.454+0000][2103.897s][debug][safepoint     ] Safepoint synchronization initiated. (183 threads)
[2023-11-16T06:09:23.454+0000][2103.897s][info ][safepoint     ] Application time: 1.0001681 seconds
[2023-11-16T06:09:23.454+0000][2103.897s][info ][safepoint     ] Entering safepoint region: Cleanup
[2023-11-16T06:09:23.454+0000][2103.898s][info ][safepoint     ] Leaving safepoint region
[2023-11-16T06:09:23.454+0000][2103.898s][info ][safepoint     ] Total time for which application threads were stopped: 0.0003465 seconds, Stopping threads took: 0.0000539 seconds
[2023-11-16T06:09:24.454+0000][2104.898s][debug][safepoint     ] Safepoint synchronization initiated. (183 threads)
[2023-11-16T06:09:24.455+0000][2104.898s][info ][safepoint     ] Application time: 1.0001740 seconds
[2023-11-16T06:09:24.455+0000][2104.898s][info ][safepoint     ] Entering safepoint region: Cleanup
[2023-11-16T06:09:24.455+0000][2104.898s][info ][safepoint     ] Leaving safepoint region
[2023-11-16T06:09:24.455+0000][2104.898s][info ][safepoint     ] Total time for which application threads were stopped: 0.0003475 seconds, Stopping threads took: 0.0000539 seconds
[2023-11-16T06:09:25.455+0000][2105.898s][debug][safepoint     ] Safepoint synchronization initiated. (183 threads)
[2023-11-16T06:09:25.455+0000][2105.898s][info ][safepoint     ] Application time: 1.0001577 seconds
[2023-11-16T06:09:25.455+0000][2105.898s][info ][safepoint     ] Entering safepoint region: Cleanup
[2023-11-16T06:09:25.455+0000][2105.899s][info ][safepoint     ] Leaving safepoint region
[2023-11-16T06:09:25.455+0000][2105.899s][info ][safepoint     ] Total time for which application threads were stopped: 0.0003164 seconds, Stopping threads took: 0.0000536 seconds
[2023-11-16T06:09:26.456+0000][2106.899s][debug][safepoint     ] Safepoint synchronization initiated. (183 threads)
[2023-11-16T06:09:26.456+0000][2106.899s][info ][safepoint     ] Application time: 1.0001491 seconds
[2023-11-16T06:09:26.456+0000][2106.899s][info ][safepoint     ] Entering safepoint region: Cleanup
[2023-11-16T06:09:26.456+0000][2106.899s][info ][safepoint     ] Leaving safepoint region
[2023-11-16T06:09:26.456+0000][2106.899s][info ][safepoint     ] Total time for which application threads were stopped: 0.0003540 seconds, Stopping threads took: 0.0000536 seconds
[2023-11-16T06:09:27.456+0000][2107.899s][debug][safepoint     ] Safepoint synchronization initiated. (183 threads)
[2023-11-16T06:09:27.456+0000][2107.899s][info ][safepoint     ] Application time: 1.0001518 seconds
[2023-11-16T06:09:27.456+0000][2107.900s][info ][safepoint     ] Entering safepoint region: Cleanup
[2023-11-16T06:09:27.457+0000][2107.900s][info ][safepoint     ] Leaving safepoint region
[2023-11-16T06:09:27.457+0000][2107.900s][info ][safepoint     ] Total time for which application threads were stopped: 0.0003974 seconds, Stopping threads took: 0.0001442 seconds
[2023-11-16T06:09:28.457+0000][2108.900s][debug][safepoint     ] Safepoint synchronization initiated. (183 threads)
[2023-11-16T06:09:28.457+0000][2108.900s][info ][safepoint     ] Application time: 1.0001522 seconds
[2023-11-16T06:09:28.457+0000][2108.900s][info ][safepoint     ] Entering safepoint region: Cleanup
[2023-11-16T06:09:28.457+0000][2108.900s][info ][safepoint     ] Leaving safepoint region
[2023-11-16T06:09:28.457+0000][2108.900s][info ][safepoint     ] Total time for which application threads were stopped: 0.0003110 seconds, Stopping threads took: 0.0000523 seconds
[2023-11-16T06:09:29.457+0000][2109.901s][debug][safepoint     ] Safepoint synchronization initiated. (183 threads)
[2023-11-16T06:09:29.457+0000][2109.901s][info ][safepoint     ] Application time: 1.0001699 seconds
[2023-11-16T06:09:29.457+0000][2109.901s][info ][safepoint     ] Entering safepoint region: Cleanup
[2023-11-16T06:09:29.458+0000][2109.901s][info ][safepoint     ] Leaving safepoint region
[2023-11-16T06:09:29.458+0000][2109.901s][info ][safepoint     ] Total time for which application threads were stopped: 0.0003716 seconds, Stopping threads took: 0.0000776 seconds
[2023-11-16T06:09:30.458+0000][2110.901s][debug][safepoint     ] Safepoint synchronization initiated. (183 threads)
[2023-11-16T06:09:30.458+0000][2110.901s][info ][safepoint     ] Application time: 1.0001508 seconds
[2023-11-16T06:09:30.458+0000][2110.901s][info ][safepoint     ] Entering safepoint region: Cleanup
[2023-11-16T06:09:30.458+0000][2110.901s][info ][safepoint     ] Leaving safepoint region
[2023-11-16T06:09:30.458+0000][2110.901s][info ][safepoint     ] Total time for which application threads were stopped: 0.0003171 seconds, Stopping threads took: 0.0000536 seconds
[2023-11-16T06:09:31.458+0000][2111.902s][debug][safepoint     ] Safepoint synchronization initiated. (183 threads)
[2023-11-16T06:09:31.458+0000][2111.902s][info ][safepoint     ] Application time: 1.0001744 seconds
[2023-11-16T06:09:31.458+0000][2111.902s][info ][safepoint     ] Entering safepoint region: Cleanup
[2023-11-16T06:09:31.459+0000][2111.902s][info ][safepoint     ] Leaving safepoint region
[2023-11-16T06:09:31.459+0000][2111.902s][info ][safepoint     ] Total time for which application threads were stopped: 0.0003548 seconds, Stopping threads took: 0.0000541 seconds
[2023-11-16T06:09:32.459+0000][2112.902s][debug][safepoint     ] Safepoint synchronization initiated. (183 threads)
[2023-11-16T06:09:32.459+0000][2112.902s][info ][safepoint     ] Application time: 1.0001607 seconds
[2023-11-16T06:09:32.459+0000][2112.902s][info ][safepoint     ] Entering safepoint region: Cleanup
[2023-11-16T06:09:32.459+0000][2112.903s][info ][safepoint     ] Leaving safepoint region
[2023-11-16T06:09:32.459+0000][2112.903s][info ][safepoint     ] Total time for which application threads were stopped: 0.0005242 seconds, Stopping threads took: 0.0003129 seconds
[2023-11-16T06:09:33.460+0000][2113.903s][debug][safepoint     ] Safepoint synchronization initiated. (183 threads)
[2023-11-16T06:09:33.460+0000][2113.903s][info ][safepoint     ] Application time: 1.0001390 seconds
[2023-11-16T06:09:33.460+0000][2113.903s][info ][safepoint     ] Entering safepoint region: Cleanup
[2023-11-16T06:09:33.460+0000][2113.903s][info ][safepoint     ] Leaving safepoint region
[2023-11-16T06:09:33.460+0000][2113.903s][info ][safepoint     ] Total time for which application threads were stopped: 0.0002588 seconds, Stopping threads took: 0.0000523 seconds
[2023-11-16T06:09:34.460+0000][2114.903s][debug][safepoint     ] Safepoint synchronization initiated. (183 threads)
[2023-11-16T06:09:34.460+0000][2114.903s][info ][safepoint     ] Application time: 1.0001665 seconds
[2023-11-16T06:09:34.460+0000][2114.903s][info ][safepoint     ] Entering safepoint region: Cleanup
[2023-11-16T06:09:34.460+0000][2114.904s][info ][safepoint     ] Leaving safepoint region
[2023-11-16T06:09:34.460+0000][2114.904s][info ][safepoint     ] Total time for which application threads were stopped: 0.0003462 seconds, Stopping threads took: 0.0000537 seconds
[2023-11-16T06:09:35.461+0000][2115.904s][debug][safepoint     ] Safepoint synchronization initiated. (183 threads)
[2023-11-16T06:09:35.461+0000][2115.904s][info ][safepoint     ] Application time: 1.0001559 seconds
[2023-11-16T06:09:35.461+0000][2115.904s][info ][safepoint     ] Entering safepoint region: Cleanup
[2023-11-16T06:09:35.461+0000][2115.904s][info ][safepoint     ] Leaving safepoint region
[2023-11-16T06:09:35.461+0000][2115.904s][info ][safepoint     ] Total time for which application threads were stopped: 0.0003392 seconds, Stopping threads took: 0.0000536 seconds
[2023-11-16T06:09:36.461+0000][2116.904s][debug][safepoint     ] Safepoint synchronization initiated. (183 threads)
[2023-11-16T06:09:36.461+0000][2116.904s][info ][safepoint     ] Application time: 1.0001572 seconds
[2023-11-16T06:09:36.461+0000][2116.905s][info ][safepoint     ] Entering safepoint region: Cleanup
[2023-11-16T06:09:36.461+0000][2116.905s][info ][safepoint     ] Leaving safepoint region
[2023-11-16T06:09:36.462+0000][2116.905s][info ][safepoint     ] Total time for which application threads were stopped: 0.0003499 seconds, Stopping threads took: 0.0000801 seconds
[2023-11-16T06:09:37.462+0000][2117.905s][debug][safepoint     ] Safepoint synchronization initiated. (183 threads)
[2023-11-16T06:09:37.462+0000][2117.905s][info ][safepoint     ] Application time: 1.0001509 seconds
[2023-11-16T06:09:37.462+0000][2117.905s][info ][safepoint     ] Entering safepoint region: Cleanup
[2023-11-16T06:09:37.462+0000][2117.905s][info ][safepoint     ] Leaving safepoint region
[2023-11-16T06:09:37.462+0000][2117.906s][info ][safepoint     ] Total time for which application threads were stopped: 0.0004891 seconds, Stopping threads took: 0.0002059 seconds
[2023-11-16T06:09:38.462+0000][2118.906s][debug][safepoint     ] Safepoint synchronization initiated. (183 threads)
[2023-11-16T06:09:38.462+0000][2118.906s][info ][safepoint     ] Application time: 1.0001555 seconds
[2023-11-16T06:09:38.462+0000][2118.906s][info ][safepoint     ] Entering safepoint region: Cleanup
[2023-11-16T06:09:38.463+0000][2118.906s][info ][safepoint     ] Leaving safepoint region
[2023-11-16T06:09:38.463+0000][2118.906s][info ][safepoint     ] Total time for which application threads were stopped: 0.0003437 seconds, Stopping threads took: 0.0000534 seconds
[2023-11-16T06:09:39.463+0000][2119.906s][debug][safepoint     ] Safepoint synchronization initiated. (183 threads)
[2023-11-16T06:09:39.463+0000][2119.906s][info ][safepoint     ] Application time: 1.0001610 seconds
[2023-11-16T06:09:39.463+0000][2119.906s][info ][safepoint     ] Entering safepoint region: Cleanup
[2023-11-16T06:09:39.463+0000][2119.907s][info ][safepoint     ] Leaving safepoint region
[2023-11-16T06:09:39.463+0000][2119.907s][info ][safepoint     ] Total time for which application threads were stopped: 0.0003450 seconds, Stopping threads took: 0.0000536 seconds
[2023-11-16T06:09:40.463+0000][2120.907s][debug][safepoint     ] Safepoint synchronization initiated. (183 threads)
[2023-11-16T06:09:40.463+0000][2120.907s][info ][safepoint     ] Application time: 1.0001911 seconds
[2023-11-16T06:09:40.464+0000][2120.907s][info ][safepoint     ] Entering safepoint region: Cleanup
[2023-11-16T06:09:40.464+0000][2120.907s][info ][safepoint     ] Leaving safepoint region
[2023-11-16T06:09:40.464+0000][2120.907s][info ][safepoint     ] Total time for which application threads were stopped: 0.0003378 seconds, Stopping threads took: 0.0000530 seconds
[2023-11-16T06:09:41.464+0000][2121.907s][debug][safepoint     ] Safepoint synchronization initiated. (183 threads)
[2023-11-16T06:09:41.464+0000][2121.907s][info ][safepoint     ] Application time: 1.0001404 seconds
[2023-11-16T06:09:41.464+0000][2121.907s][info ][safepoint     ] Entering safepoint region: Cleanup
[2023-11-16T06:09:41.464+0000][2121.908s][info ][safepoint     ] Leaving safepoint region
[2023-11-16T06:09:41.464+0000][2121.908s][info ][safepoint     ] Total time for which application threads were stopped: 0.0003411 seconds, Stopping threads took: 0.0000545 seconds
[2023-11-16T06:09:42.464+0000][2122.908s][debug][safepoint     ] Safepoint synchronization initiated. (183 threads)
[2023-11-16T06:09:42.465+0000][2122.908s][info ][safepoint     ] Application time: 1.0001729 seconds
[2023-11-16T06:09:42.465+0000][2122.908s][info ][safepoint     ] Entering safepoint region: Cleanup
[2023-11-16T06:09:42.465+0000][2122.908s][info ][safepoint     ] Leaving safepoint region
[2023-11-16T06:09:42.465+0000][2122.908s][info ][safepoint     ] Total time for which application threads were stopped: 0.0004092 seconds, Stopping threads took: 0.0002194 seconds
[2023-11-16T06:09:43.465+0000][2123.908s][debug][safepoint     ] Safepoint synchronization initiated. (183 threads)
[2023-11-16T06:09:43.465+0000][2123.908s][info ][safepoint     ] Application time: 1.0001773 seconds
[2023-11-16T06:09:43.465+0000][2123.909s][info ][safepoint     ] Entering safepoint region: Cleanup
[2023-11-16T06:09:43.465+0000][2123.909s][info ][safepoint     ] Leaving safepoint region
[2023-11-16T06:09:43.465+0000][2123.909s][info ][safepoint     ] Total time for which application threads were stopped: 0.0002833 seconds, Stopping threads took: 0.0000762 seconds
[2023-11-16T06:09:44.466+0000][2124.909s][debug][safepoint     ] Safepoint synchronization initiated. (183 threads)
[2023-11-16T06:09:44.466+0000][2124.909s][info ][safepoint     ] Application time: 1.0001749 seconds
[2023-11-16T06:09:44.466+0000][2124.909s][info ][safepoint     ] Entering safepoint region: Cleanup
[2023-11-16T06:09:44.466+0000][2124.909s][info ][safepoint     ] Leaving safepoint region
[2023-11-16T06:09:44.466+0000][2124.909s][info ][safepoint     ] Total time for which application threads were stopped: 0.0003481 seconds, Stopping threads took: 0.0000534 seconds
[2023-11-16T06:09:45.466+0000][2125.909s][debug][safepoint     ] Safepoint synchronization initiated. (182 threads)
[2023-11-16T06:09:45.466+0000][2125.910s][info ][safepoint     ] Application time: 1.0001672 seconds
[2023-11-16T06:09:45.466+0000][2125.910s][info ][safepoint     ] Entering safepoint region: Cleanup
[2023-11-16T06:09:45.467+0000][2125.910s][info ][safepoint     ] Leaving safepoint region
[2023-11-16T06:09:45.467+0000][2125.910s][info ][safepoint     ] Total time for which application threads were stopped: 0.0003401 seconds, Stopping threads took: 0.0000518 seconds
[2023-11-16T06:09:46.467+0000][2126.910s][debug][safepoint     ] Safepoint synchronization initiated. (182 threads)
[2023-11-16T06:09:46.467+0000][2126.910s][info ][safepoint     ] Application time: 1.0001688 seconds
[2023-11-16T06:09:46.467+0000][2126.910s][info ][safepoint     ] Entering safepoint region: Cleanup
[2023-11-16T06:09:46.467+0000][2126.910s][info ][safepoint     ] Leaving safepoint region
[2023-11-16T06:09:46.467+0000][2126.910s][info ][safepoint     ] Total time for which application threads were stopped: 0.0003441 seconds, Stopping threads took: 0.0000528 seconds
[2023-11-16T06:09:47.467+0000][2127.911s][debug][safepoint     ] Safepoint synchronization initiated. (182 threads)
[2023-11-16T06:09:47.467+0000][2127.911s][info ][safepoint     ] Application time: 1.0001690 seconds
[2023-11-16T06:09:47.467+0000][2127.911s][info ][safepoint     ] Entering safepoint region: Cleanup
[2023-11-16T06:09:47.468+0000][2127.911s][info ][safepoint     ] Leaving safepoint region
[2023-11-16T06:09:47.468+0000][2127.911s][info ][safepoint     ] Total time for which application threads were stopped: 0.0003002 seconds, Stopping threads took: 0.0000654 seconds
[2023-11-16T06:09:48.468+0000][2128.911s][debug][safepoint     ] Safepoint synchronization initiated. (182 threads)
[2023-11-16T06:09:48.468+0000][2128.911s][info ][safepoint     ] Application time: 1.0001519 seconds
[2023-11-16T06:09:48.468+0000][2128.911s][info ][safepoint     ] Entering safepoint region: Cleanup
[2023-11-16T06:09:48.468+0000][2128.911s][info ][safepoint     ] Leaving safepoint region
[2023-11-16T06:09:48.468+0000][2128.911s][info ][safepoint     ] Total time for which application threads were stopped: 0.0003431 seconds, Stopping threads took: 0.0000520 seconds
[2023-11-16T06:09:49.468+0000][2129.912s][debug][safepoint     ] Safepoint synchronization initiated. (182 threads)
[2023-11-16T06:09:49.468+0000][2129.912s][info ][safepoint     ] Application time: 1.0001561 seconds
[2023-11-16T06:09:49.468+0000][2129.912s][info ][safepoint     ] Entering safepoint region: Cleanup
[2023-11-16T06:09:49.469+0000][2129.912s][info ][safepoint     ] Leaving safepoint region
[2023-11-16T06:09:49.469+0000][2129.912s][info ][safepoint     ] Total time for which application threads were stopped: 0.0003417 seconds, Stopping threads took: 0.0000531 seconds
[2023-11-16T06:09:50.469+0000][2130.912s][debug][safepoint     ] Safepoint synchronization initiated. (182 threads)
[2023-11-16T06:09:50.469+0000][2130.912s][info ][safepoint     ] Application time: 1.0001699 seconds
[2023-11-16T06:09:50.469+0000][2130.912s][info ][safepoint     ] Entering safepoint region: Cleanup
[2023-11-16T06:09:50.469+0000][2130.912s][info ][safepoint     ] Leaving safepoint region
[2023-11-16T06:09:50.469+0000][2130.912s][info ][safepoint     ] Total time for which application threads were stopped: 0.0002138 seconds, Stopping threads took: 0.0000442 seconds
[2023-11-16T06:09:51.469+0000][2131.913s][debug][safepoint     ] Safepoint synchronization initiated. (182 threads)
[2023-11-16T06:09:51.469+0000][2131.913s][info ][safepoint     ] Application time: 1.0001610 seconds
[2023-11-16T06:09:51.469+0000][2131.913s][info ][safepoint     ] Entering safepoint region: Cleanup
[2023-11-16T06:09:51.470+0000][2131.913s][info ][safepoint     ] Leaving safepoint region
[2023-11-16T06:09:51.470+0000][2131.913s][info ][safepoint     ] Total time for which application threads were stopped: 0.0003464 seconds, Stopping threads took: 0.0000527 seconds
[2023-11-16T06:09:52.470+0000][2132.913s][debug][safepoint     ] Safepoint synchronization initiated. (182 threads)
[2023-11-16T06:09:52.470+0000][2132.913s][info ][safepoint     ] Application time: 1.0001703 seconds
[2023-11-16T06:09:52.470+0000][2132.913s][info ][safepoint     ] Entering safepoint region: Cleanup
[2023-11-16T06:09:52.470+0000][2132.914s][info ][safepoint     ] Leaving safepoint region
[2023-11-16T06:09:52.470+0000][2132.914s][info ][safepoint     ] Total time for which application threads were stopped: 0.0005679 seconds, Stopping threads took: 0.0003669 seconds
[2023-11-16T06:09:53.471+0000][2133.914s][debug][safepoint     ] Safepoint synchronization initiated. (182 threads)
[2023-11-16T06:09:53.471+0000][2133.914s][info ][safepoint     ] Application time: 1.0001495 seconds
[2023-11-16T06:09:53.471+0000][2133.914s][info ][safepoint     ] Entering safepoint region: Cleanup
[2023-11-16T06:09:53.471+0000][2133.914s][info ][safepoint     ] Leaving safepoint region
[2023-11-16T06:09:53.471+0000][2133.914s][info ][safepoint     ] Total time for which application threads were stopped: 0.0003438 seconds, Stopping threads took: 0.0000529 seconds
[2023-11-16T06:09:54.471+0000][2134.914s][debug][safepoint     ] Safepoint synchronization initiated. (182 threads)
[2023-11-16T06:09:54.471+0000][2134.914s][info ][safepoint     ] Application time: 1.0001381 seconds
[2023-11-16T06:09:54.471+0000][2134.914s][info ][safepoint     ] Entering safepoint region: Cleanup
[2023-11-16T06:09:54.471+0000][2134.915s][info ][safepoint     ] Leaving safepoint region
[2023-11-16T06:09:54.471+0000][2134.915s][info ][safepoint     ] Total time for which application threads were stopped: 0.0003036 seconds, Stopping threads took: 0.0000523 seconds
[2023-11-16T06:09:55.472+0000][2135.915s][debug][safepoint     ] Safepoint synchronization initiated. (182 threads)
[2023-11-16T06:09:55.472+0000][2135.915s][info ][safepoint     ] Application time: 1.0001393 seconds
[2023-11-16T06:09:55.472+0000][2135.915s][info ][safepoint     ] Entering safepoint region: Cleanup
[2023-11-16T06:09:55.472+0000][2135.915s][info ][safepoint     ] Leaving safepoint region
[2023-11-16T06:09:55.472+0000][2135.915s][info ][safepoint     ] Total time for which application threads were stopped: 0.0003407 seconds, Stopping threads took: 0.0000534 seconds
[2023-11-16T06:09:56.472+0000][2136.915s][debug][safepoint     ] Safepoint synchronization initiated. (182 threads)
[2023-11-16T06:09:56.472+0000][2136.915s][info ][safepoint     ] Application time: 1.0001645 seconds
[2023-11-16T06:09:56.472+0000][2136.915s][info ][safepoint     ] Entering safepoint region: Cleanup
[2023-11-16T06:09:56.472+0000][2136.916s][info ][safepoint     ] Leaving safepoint region
[2023-11-16T06:09:56.472+0000][2136.916s][info ][safepoint     ] Total time for which application threads were stopped: 0.0003379 seconds, Stopping threads took: 0.0000518 seconds
[2023-11-16T06:09:57.473+0000][2137.916s][debug][safepoint     ] Safepoint synchronization initiated. (182 threads)
[2023-11-16T06:09:57.473+0000][2137.916s][info ][safepoint     ] Application time: 1.0001842 seconds
[2023-11-16T06:09:57.473+0000][2137.916s][info ][safepoint     ] Entering safepoint region: Cleanup
[2023-11-16T06:09:57.473+0000][2137.916s][info ][safepoint     ] Leaving safepoint region
[2023-11-16T06:09:57.473+0000][2137.916s][info ][safepoint     ] Total time for which application threads were stopped: 0.0002963 seconds, Stopping threads took: 0.0000562 seconds
[2023-11-16T06:09:58.473+0000][2138.916s][debug][safepoint     ] Safepoint synchronization initiated. (182 threads)
[2023-11-16T06:09:58.473+0000][2138.917s][info ][safepoint     ] Application time: 1.0001595 seconds
[2023-11-16T06:09:58.473+0000][2138.917s][info ][safepoint     ] Entering safepoint region: Cleanup
[2023-11-16T06:09:58.474+0000][2138.917s][info ][safepoint     ] Leaving safepoint region
[2023-11-16T06:09:58.474+0000][2138.917s][info ][safepoint     ] Total time for which application threads were stopped: 0.0003445 seconds, Stopping threads took: 0.0000538 seconds
[2023-11-16T06:09:59.474+0000][2139.917s][debug][safepoint     ] Safepoint synchronization initiated. (183 threads)
[2023-11-16T06:09:59.474+0000][2139.917s][info ][safepoint     ] Application time: 1.0001576 seconds
[2023-11-16T06:09:59.474+0000][2139.917s][info ][safepoint     ] Entering safepoint region: Cleanup
[2023-11-16T06:09:59.474+0000][2139.917s][info ][safepoint     ] Leaving safepoint region
[2023-11-16T06:09:59.474+0000][2139.917s][info ][safepoint     ] Total time for which application threads were stopped: 0.0003481 seconds, Stopping threads took: 0.0000550 seconds
[2023-11-16T06:10:00.474+0000][2140.918s][debug][safepoint     ] Safepoint synchronization initiated. (183 threads)
[2023-11-16T06:10:00.474+0000][2140.918s][info ][safepoint     ] Application time: 1.0001744 seconds
[2023-11-16T06:10:00.474+0000][2140.918s][info ][safepoint     ] Entering safepoint region: Cleanup
[2023-11-16T06:10:00.475+0000][2140.918s][info ][safepoint     ] Leaving safepoint region
[2023-11-16T06:10:00.475+0000][2140.918s][info ][safepoint     ] Total time for which application threads were stopped: 0.0003456 seconds, Stopping threads took: 0.0000556 seconds
[2023-11-16T06:10:01.475+0000][2141.918s][debug][safepoint     ] Safepoint synchronization initiated. (183 threads)
[2023-11-16T06:10:01.475+0000][2141.918s][info ][safepoint     ] Application time: 1.0001182 seconds
[2023-11-16T06:10:01.475+0000][2141.918s][info ][safepoint     ] Entering safepoint region: Cleanup
[2023-11-16T06:10:01.475+0000][2141.918s][info ][safepoint     ] Leaving safepoint region
[2023-11-16T06:10:01.475+0000][2141.918s][info ][safepoint     ] Total time for which application threads were stopped: 0.0001852 seconds, Stopping threads took: 0.0000386 seconds
[2023-11-16T06:10:02.475+0000][2142.918s][debug][safepoint     ] Safepoint synchronization initiated. (183 threads)
[2023-11-16T06:10:02.475+0000][2142.918s][info ][safepoint     ] Application time: 1.0001555 seconds
[2023-11-16T06:10:02.475+0000][2142.919s][info ][safepoint     ] Entering safepoint region: Cleanup
[2023-11-16T06:10:02.475+0000][2142.919s][info ][safepoint     ] Leaving safepoint region
[2023-11-16T06:10:02.475+0000][2142.919s][info ][safepoint     ] Total time for which application threads were stopped: 0.0002920 seconds, Stopping threads took: 0.0000543 seconds
[2023-11-16T06:10:03.476+0000][2143.919s][debug][safepoint     ] Safepoint synchronization initiated. (183 threads)
[2023-11-16T06:10:03.476+0000][2143.919s][info ][safepoint     ] Application time: 1.0001586 seconds
[2023-11-16T06:10:03.476+0000][2143.919s][info ][safepoint     ] Entering safepoint region: Cleanup
[2023-11-16T06:10:03.476+0000][2143.919s][info ][safepoint     ] Leaving safepoint region
[2023-11-16T06:10:03.476+0000][2143.919s][info ][safepoint     ] Total time for which application threads were stopped: 0.0002864 seconds, Stopping threads took: 0.0000563 seconds
[2023-11-16T06:10:04.476+0000][2144.919s][debug][safepoint     ] Safepoint synchronization initiated. (183 threads)
[2023-11-16T06:10:04.476+0000][2144.919s][info ][safepoint     ] Application time: 1.0001608 seconds
[2023-11-16T06:10:04.476+0000][2144.920s][info ][safepoint     ] Entering safepoint region: Cleanup
[2023-11-16T06:10:04.476+0000][2144.920s][info ][safepoint     ] Leaving safepoint region
[2023-11-16T06:10:04.476+0000][2144.920s][info ][safepoint     ] Total time for which application threads were stopped: 0.0002819 seconds, Stopping threads took: 0.0000585 seconds
[2023-11-16T06:10:05.477+0000][2145.920s][debug][safepoint     ] Safepoint synchronization initiated. (183 threads)
[2023-11-16T06:10:05.477+0000][2145.920s][info ][safepoint     ] Application time: 1.0001654 seconds
[2023-11-16T06:10:05.477+0000][2145.920s][info ][safepoint     ] Entering safepoint region: Cleanup
[2023-11-16T06:10:05.477+0000][2145.920s][info ][safepoint     ] Leaving safepoint region
[2023-11-16T06:10:05.477+0000][2145.920s][info ][safepoint     ] Total time for which application threads were stopped: 0.0002755 seconds, Stopping threads took: 0.0000568 seconds
[2023-11-16T06:10:06.477+0000][2146.920s][debug][safepoint     ] Safepoint synchronization initiated. (183 threads)
[2023-11-16T06:10:06.477+0000][2146.920s][info ][safepoint     ] Application time: 1.0001612 seconds
[2023-11-16T06:10:06.477+0000][2146.920s][info ][safepoint     ] Entering safepoint region: Cleanup
[2023-11-16T06:10:06.477+0000][2146.921s][info ][safepoint     ] Leaving safepoint region
[2023-11-16T06:10:06.477+0000][2146.921s][info ][safepoint     ] Total time for which application threads were stopped: 0.0003572 seconds, Stopping threads took: 0.0000556 seconds
[2023-11-16T06:10:07.478+0000][2147.921s][debug][safepoint     ] Safepoint synchronization initiated. (183 threads)
[2023-11-16T06:10:07.478+0000][2147.921s][info ][safepoint     ] Application time: 1.0001793 seconds
[2023-11-16T06:10:07.478+0000][2147.921s][info ][safepoint     ] Entering safepoint region: Cleanup
[2023-11-16T06:10:07.478+0000][2147.921s][info ][safepoint     ] Leaving safepoint region
[2023-11-16T06:10:07.478+0000][2147.921s][info ][safepoint     ] Total time for which application threads were stopped: 0.0003019 seconds, Stopping threads took: 0.0000552 seconds
[2023-11-16T06:10:08.478+0000][2148.921s][debug][safepoint     ] Safepoint synchronization initiated. (183 threads)
[2023-11-16T06:10:08.478+0000][2148.922s][info ][safepoint     ] Application time: 1.0001698 seconds
[2023-11-16T06:10:08.478+0000][2148.922s][info ][safepoint     ] Entering safepoint region: Cleanup
[2023-11-16T06:10:08.479+0000][2148.922s][info ][safepoint     ] Leaving safepoint region
[2023-11-16T06:10:08.479+0000][2148.922s][info ][safepoint     ] Total time for which application threads were stopped: 0.0003380 seconds, Stopping threads took: 0.0000537 seconds
[2023-11-16T06:10:09.479+0000][2149.922s][debug][safepoint     ] Safepoint synchronization initiated. (183 threads)
[2023-11-16T06:10:09.479+0000][2149.922s][info ][safepoint     ] Application time: 1.0001461 seconds
[2023-11-16T06:10:09.479+0000][2149.922s][info ][safepoint     ] Entering safepoint region: Cleanup
[2023-11-16T06:10:09.479+0000][2149.922s][info ][safepoint     ] Leaving safepoint region
[2023-11-16T06:10:09.479+0000][2149.922s][info ][safepoint     ] Total time for which application threads were stopped: 0.0003429 seconds, Stopping threads took: 0.0000537 seconds
[2023-11-16T06:10:10.479+0000][2150.923s][debug][safepoint     ] Safepoint synchronization initiated. (183 threads)
[2023-11-16T06:10:10.479+0000][2150.923s][info ][safepoint     ] Application time: 1.0001783 seconds
[2023-11-16T06:10:10.479+0000][2150.923s][info ][safepoint     ] Entering safepoint region: Cleanup
[2023-11-16T06:10:10.480+0000][2150.923s][info ][safepoint     ] Leaving safepoint region
[2023-11-16T06:10:10.480+0000][2150.923s][info ][safepoint     ] Total time for which application threads were stopped: 0.0003618 seconds, Stopping threads took: 0.0000537 seconds
[2023-11-16T06:10:11.480+0000][2151.923s][debug][safepoint     ] Safepoint synchronization initiated. (183 threads)
[2023-11-16T06:10:11.480+0000][2151.923s][info ][safepoint     ] Application time: 1.0001750 seconds
[2023-11-16T06:10:11.480+0000][2151.923s][info ][safepoint     ] Entering safepoint region: Cleanup
[2023-11-16T06:10:11.480+0000][2151.924s][info ][safepoint     ] Leaving safepoint region
[2023-11-16T06:10:11.480+0000][2151.924s][info ][safepoint     ] Total time for which application threads were stopped: 0.0003563 seconds, Stopping threads took: 0.0000560 seconds
[2023-11-16T06:10:12.480+0000][2152.924s][debug][safepoint     ] Safepoint synchronization initiated. (183 threads)
[2023-11-16T06:10:12.480+0000][2152.924s][info ][safepoint     ] Application time: 1.0001564 seconds
[2023-11-16T06:10:12.480+0000][2152.924s][info ][safepoint     ] Entering safepoint region: Cleanup
[2023-11-16T06:10:12.481+0000][2152.924s][info ][safepoint     ] Leaving safepoint region
[2023-11-16T06:10:12.481+0000][2152.924s][info ][safepoint     ] Total time for which application threads were stopped: 0.0002629 seconds, Stopping threads took: 0.0000535 seconds
[2023-11-16T06:10:13.481+0000][2153.924s][debug][safepoint     ] Safepoint synchronization initiated. (183 threads)
[2023-11-16T06:10:13.481+0000][2153.924s][info ][safepoint     ] Application time: 1.0001647 seconds
[2023-11-16T06:10:13.481+0000][2153.924s][info ][safepoint     ] Entering safepoint region: Cleanup
[2023-11-16T06:10:13.481+0000][2153.925s][info ][safepoint     ] Leaving safepoint region
[2023-11-16T06:10:13.481+0000][2153.925s][info ][safepoint     ] Total time for which application threads were stopped: 0.0003496 seconds, Stopping threads took: 0.0000526 seconds
[2023-11-16T06:10:14.481+0000][2154.925s][debug][safepoint     ] Safepoint synchronization initiated. (183 threads)
[2023-11-16T06:10:14.481+0000][2154.925s][info ][safepoint     ] Application time: 1.0001586 seconds
[2023-11-16T06:10:14.481+0000][2154.925s][info ][safepoint     ] Entering safepoint region: Cleanup
[2023-11-16T06:10:14.482+0000][2154.925s][info ][safepoint     ] Leaving safepoint region
[2023-11-16T06:10:14.482+0000][2154.925s][info ][safepoint     ] Total time for which application threads were stopped: 0.0003414 seconds, Stopping threads took: 0.0000529 seconds
[2023-11-16T06:10:15.482+0000][2155.925s][debug][safepoint     ] Safepoint synchronization initiated. (183 threads)
[2023-11-16T06:10:15.482+0000][2155.925s][info ][safepoint     ] Application time: 1.0001551 seconds
[2023-11-16T06:10:15.482+0000][2155.925s][info ][safepoint     ] Entering safepoint region: Cleanup
[2023-11-16T06:10:15.482+0000][2155.926s][info ][safepoint     ] Leaving safepoint region
[2023-11-16T06:10:15.482+0000][2155.926s][info ][safepoint     ] Total time for which application threads were stopped: 0.0005198 seconds, Stopping threads took: 0.0002991 seconds
[2023-11-16T06:10:16.483+0000][2156.926s][debug][safepoint     ] Safepoint synchronization initiated. (183 threads)
[2023-11-16T06:10:16.483+0000][2156.926s][info ][safepoint     ] Application time: 1.0001711 seconds
[2023-11-16T06:10:16.483+0000][2156.926s][info ][safepoint     ] Entering safepoint region: Cleanup
[2023-11-16T06:10:16.483+0000][2156.926s][info ][safepoint     ] Leaving safepoint region
[2023-11-16T06:10:16.483+0000][2156.926s][info ][safepoint     ] Total time for which application threads were stopped: 0.0002613 seconds, Stopping threads took: 0.0000539 seconds
[2023-11-16T06:10:17.483+0000][2157.926s][debug][safepoint     ] Safepoint synchronization initiated. (183 threads)
[2023-11-16T06:10:17.483+0000][2157.926s][info ][safepoint     ] Application time: 1.0001858 seconds
[2023-11-16T06:10:17.483+0000][2157.927s][info ][safepoint     ] Entering safepoint region: Cleanup
[2023-11-16T06:10:17.483+0000][2157.927s][info ][safepoint     ] Leaving safepoint region
[2023-11-16T06:10:17.483+0000][2157.927s][info ][safepoint     ] Total time for which application threads were stopped: 0.0002651 seconds, Stopping threads took: 0.0000538 seconds
[2023-11-16T06:10:18.484+0000][2158.927s][debug][safepoint     ] Safepoint synchronization initiated. (183 threads)
[2023-11-16T06:10:18.484+0000][2158.927s][info ][safepoint     ] Application time: 1.0001559 seconds
[2023-11-16T06:10:18.484+0000][2158.927s][info ][safepoint     ] Entering safepoint region: Cleanup
[2023-11-16T06:10:18.484+0000][2158.927s][info ][safepoint     ] Leaving safepoint region
[2023-11-16T06:10:18.484+0000][2158.927s][info ][safepoint     ] Total time for which application threads were stopped: 0.0003521 seconds, Stopping threads took: 0.0000558 seconds
[2023-11-16T06:10:19.484+0000][2159.927s][debug][safepoint     ] Safepoint synchronization initiated. (183 threads)
[2023-11-16T06:10:19.484+0000][2159.928s][info ][safepoint     ] Application time: 1.0001726 seconds
[2023-11-16T06:10:19.484+0000][2159.928s][info ][safepoint     ] Entering safepoint region: Cleanup
[2023-11-16T06:10:19.484+0000][2159.928s][info ][safepoint     ] Leaving safepoint region
[2023-11-16T06:10:19.484+0000][2159.928s][info ][safepoint     ] Total time for which application threads were stopped: 0.0002618 seconds, Stopping threads took: 0.0000526 seconds
[2023-11-16T06:10:20.485+0000][2160.928s][debug][safepoint     ] Safepoint synchronization initiated. (183 threads)
[2023-11-16T06:10:20.485+0000][2160.928s][info ][safepoint     ] Application time: 1.0001399 seconds
[2023-11-16T06:10:20.485+0000][2160.928s][info ][safepoint     ] Entering safepoint region: Cleanup
[2023-11-16T06:10:20.485+0000][2160.928s][info ][safepoint     ] Leaving safepoint region
[2023-11-16T06:10:20.485+0000][2160.928s][info ][safepoint     ] Total time for which application threads were stopped: 0.0003817 seconds, Stopping threads took: 0.0000438 seconds
[2023-11-16T06:10:21.485+0000][2161.928s][debug][safepoint     ] Safepoint synchronization initiated. (183 threads)
[2023-11-16T06:10:21.485+0000][2161.929s][info ][safepoint     ] Application time: 1.0001530 seconds
[2023-11-16T06:10:21.485+0000][2161.929s][info ][safepoint     ] Entering safepoint region: Cleanup
[2023-11-16T06:10:21.486+0000][2161.929s][info ][safepoint     ] Leaving safepoint region
[2023-11-16T06:10:21.486+0000][2161.929s][info ][safepoint     ] Total time for which application threads were stopped: 0.0003942 seconds, Stopping threads took: 0.0000533 seconds
[2023-11-16T06:10:22.486+0000][2162.929s][debug][safepoint     ] Safepoint synchronization initiated. (183 threads)
[2023-11-16T06:10:22.486+0000][2162.929s][info ][safepoint     ] Application time: 1.0001517 seconds
[2023-11-16T06:10:22.486+0000][2162.929s][info ][safepoint     ] Entering safepoint region: Cleanup
[2023-11-16T06:10:22.486+0000][2162.929s][info ][safepoint     ] Leaving safepoint region
[2023-11-16T06:10:22.486+0000][2162.929s][info ][safepoint     ] Total time for which application threads were stopped: 0.0002539 seconds, Stopping threads took: 0.0000539 seconds
[2023-11-16T06:10:23.486+0000][2163.929s][debug][safepoint     ] Safepoint synchronization initiated. (183 threads)
[2023-11-16T06:10:23.486+0000][2163.930s][info ][safepoint     ] Application time: 1.0001557 seconds
[2023-11-16T06:10:23.486+0000][2163.930s][info ][safepoint     ] Entering safepoint region: Cleanup
[2023-11-16T06:10:23.486+0000][2163.930s][info ][safepoint     ] Leaving safepoint region
[2023-11-16T06:10:23.487+0000][2163.930s][info ][safepoint     ] Total time for which application threads were stopped: 0.0002655 seconds, Stopping threads took: 0.0000538 seconds
[2023-11-16T06:10:24.487+0000][2164.930s][debug][safepoint     ] Safepoint synchronization initiated. (183 threads)
[2023-11-16T06:10:24.487+0000][2164.930s][info ][safepoint     ] Application time: 1.0001582 seconds
[2023-11-16T06:10:24.487+0000][2164.930s][info ][safepoint     ] Entering safepoint region: Cleanup
[2023-11-16T06:10:24.487+0000][2164.930s][info ][safepoint     ] Leaving safepoint region
[2023-11-16T06:10:24.487+0000][2164.930s][info ][safepoint     ] Total time for which application threads were stopped: 0.0003537 seconds, Stopping threads took: 0.0000538 seconds
[2023-11-16T06:10:25.487+0000][2165.930s][debug][safepoint     ] Safepoint synchronization initiated. (183 threads)
[2023-11-16T06:10:25.487+0000][2165.931s][info ][safepoint     ] Application time: 1.0001705 seconds
[2023-11-16T06:10:25.487+0000][2165.931s][info ][safepoint     ] Entering safepoint region: Cleanup
[2023-11-16T06:10:25.488+0000][2165.931s][info ][safepoint     ] Leaving safepoint region
[2023-11-16T06:10:25.488+0000][2165.931s][info ][safepoint     ] Total time for which application threads were stopped: 0.0003831 seconds, Stopping threads took: 0.0000563 seconds
[2023-11-16T06:10:26.488+0000][2166.931s][debug][safepoint     ] Safepoint synchronization initiated. (183 threads)
[2023-11-16T06:10:26.488+0000][2166.931s][info ][safepoint     ] Application time: 1.0001469 seconds
[2023-11-16T06:10:26.488+0000][2166.931s][info ][safepoint     ] Entering safepoint region: Cleanup
[2023-11-16T06:10:26.488+0000][2166.931s][info ][safepoint     ] Leaving safepoint region
[2023-11-16T06:10:26.488+0000][2166.931s][info ][safepoint     ] Total time for which application threads were stopped: 0.0003062 seconds, Stopping threads took: 0.0000540 seconds
[2023-11-16T06:10:27.488+0000][2167.932s][debug][safepoint     ] Safepoint synchronization initiated. (183 threads)
[2023-11-16T06:10:27.488+0000][2167.932s][info ][safepoint     ] Application time: 1.0001512 seconds
[2023-11-16T06:10:27.488+0000][2167.932s][info ][safepoint     ] Entering safepoint region: Cleanup
[2023-11-16T06:10:27.489+0000][2167.932s][info ][safepoint     ] Leaving safepoint region
[2023-11-16T06:10:27.489+0000][2167.932s][info ][safepoint     ] Total time for which application threads were stopped: 0.0003152 seconds, Stopping threads took: 0.0000537 seconds
[2023-11-16T06:10:28.489+0000][2168.932s][debug][safepoint     ] Safepoint synchronization initiated. (183 threads)
[2023-11-16T06:10:28.489+0000][2168.932s][info ][safepoint     ] Application time: 1.0001578 seconds
[2023-11-16T06:10:28.489+0000][2168.932s][info ][safepoint     ] Entering safepoint region: Cleanup
[2023-11-16T06:10:28.489+0000][2168.932s][info ][safepoint     ] Leaving safepoint region
[2023-11-16T06:10:28.489+0000][2168.933s][info ][safepoint     ] Total time for which application threads were stopped: 0.0003406 seconds, Stopping threads took: 0.0000528 seconds
[2023-11-16T06:10:29.489+0000][2169.933s][debug][safepoint     ] Safepoint synchronization initiated. (183 threads)
[2023-11-16T06:10:29.489+0000][2169.933s][info ][safepoint     ] Application time: 1.0001534 seconds
[2023-11-16T06:10:29.489+0000][2169.933s][info ][safepoint     ] Entering safepoint region: Cleanup
[2023-11-16T06:10:29.490+0000][2169.933s][info ][safepoint     ] Leaving safepoint region
[2023-11-16T06:10:29.490+0000][2169.933s][info ][safepoint     ] Total time for which application threads were stopped: 0.0003416 seconds, Stopping threads took: 0.0000534 seconds
[2023-11-16T06:10:30.490+0000][2170.933s][debug][safepoint     ] Safepoint synchronization initiated. (183 threads)
[2023-11-16T06:10:30.490+0000][2170.933s][info ][safepoint     ] Application time: 1.0001564 seconds
[2023-11-16T06:10:30.490+0000][2170.933s][info ][safepoint     ] Entering safepoint region: Cleanup
[2023-11-16T06:10:30.490+0000][2170.934s][info ][safepoint     ] Leaving safepoint region
[2023-11-16T06:10:30.490+0000][2170.934s][info ][safepoint     ] Total time for which application threads were stopped: 0.0003424 seconds, Stopping threads took: 0.0001389 seconds
[2023-11-16T06:10:31.490+0000][2171.934s][debug][safepoint     ] Safepoint synchronization initiated. (183 threads)
[2023-11-16T06:10:31.490+0000][2171.934s][info ][safepoint     ] Application time: 1.0001675 seconds
[2023-11-16T06:10:31.490+0000][2171.934s][info ][safepoint     ] Entering safepoint region: Cleanup
[2023-11-16T06:10:31.491+0000][2171.934s][info ][safepoint     ] Leaving safepoint region
[2023-11-16T06:10:31.491+0000][2171.934s][info ][safepoint     ] Total time for which application threads were stopped: 0.0003140 seconds, Stopping threads took: 0.0000530 seconds
[2023-11-16T06:10:32.491+0000][2172.934s][debug][safepoint     ] Safepoint synchronization initiated. (183 threads)
[2023-11-16T06:10:32.491+0000][2172.934s][info ][safepoint     ] Application time: 1.0001716 seconds
[2023-11-16T06:10:32.491+0000][2172.934s][info ][safepoint     ] Entering safepoint region: Cleanup
[2023-11-16T06:10:32.491+0000][2172.935s][info ][safepoint     ] Leaving safepoint region
[2023-11-16T06:10:32.491+0000][2172.935s][info ][safepoint     ] Total time for which application threads were stopped: 0.0003521 seconds, Stopping threads took: 0.0000548 seconds
[2023-11-16T06:10:33.491+0000][2173.935s][debug][safepoint     ] Safepoint synchronization initiated. (183 threads)
[2023-11-16T06:10:33.492+0000][2173.935s][info ][safepoint     ] Application time: 1.0001783 seconds
[2023-11-16T06:10:33.492+0000][2173.935s][info ][safepoint     ] Entering safepoint region: Cleanup
[2023-11-16T06:10:33.492+0000][2173.935s][info ][safepoint     ] Leaving safepoint region
[2023-11-16T06:10:33.492+0000][2173.935s][info ][safepoint     ] Total time for which application threads were stopped: 0.0004062 seconds, Stopping threads took: 0.0000540 seconds
[2023-11-16T06:10:34.492+0000][2174.935s][debug][safepoint     ] Safepoint synchronization initiated. (183 threads)
[2023-11-16T06:10:34.492+0000][2174.935s][info ][safepoint     ] Application time: 1.0001472 seconds
[2023-11-16T06:10:34.492+0000][2174.936s][info ][safepoint     ] Entering safepoint region: Cleanup
[2023-11-16T06:10:34.493+0000][2174.936s][info ][safepoint     ] Leaving safepoint region
[2023-11-16T06:10:34.493+0000][2174.936s][info ][safepoint     ] Total time for which application threads were stopped: 0.0004089 seconds, Stopping threads took: 0.0000559 seconds
[2023-11-16T06:10:35.493+0000][2175.936s][debug][safepoint     ] Safepoint synchronization initiated. (183 threads)
[2023-11-16T06:10:35.493+0000][2175.936s][info ][safepoint     ] Application time: 1.0001492 seconds
[2023-11-16T06:10:35.493+0000][2175.936s][info ][safepoint     ] Entering safepoint region: Cleanup
[2023-11-16T06:10:35.493+0000][2175.937s][info ][safepoint     ] Leaving safepoint region
[2023-11-16T06:10:35.493+0000][2175.937s][info ][safepoint     ] Total time for which application threads were stopped: 0.0005089 seconds, Stopping threads took: 0.0002770 seconds
[2023-11-16T06:10:36.493+0000][2176.937s][debug][safepoint     ] Safepoint synchronization initiated. (183 threads)
[2023-11-16T06:10:36.493+0000][2176.937s][info ][safepoint     ] Application time: 1.0001444 seconds
[2023-11-16T06:10:36.493+0000][2176.937s][info ][safepoint     ] Entering safepoint region: Cleanup
[2023-11-16T06:10:36.494+0000][2176.937s][info ][safepoint     ] Leaving safepoint region
[2023-11-16T06:10:36.494+0000][2176.937s][info ][safepoint     ] Total time for which application threads were stopped: 0.0002812 seconds, Stopping threads took: 0.0000571 seconds
[2023-11-16T06:10:37.445+0000][2177.888s][debug][safepoint     ] Safepoint synchronization initiated. (183 threads)
[2023-11-16T06:10:37.445+0000][2177.888s][info ][safepoint     ] Application time: 0.9508327 seconds
[2023-11-16T06:10:37.445+0000][2177.888s][info ][safepoint     ] Entering safepoint region: G1CollectForAllocation
[2023-11-16T06:10:37.445+0000][2177.888s][info ][gc,start      ] GC(41) Pause Young (Normal) (G1 Evacuation Pause)
[2023-11-16T06:10:37.445+0000][2177.888s][info ][gc,task       ] GC(41) Using 4 workers of 4 for evacuation
[2023-11-16T06:10:37.484+0000][2177.927s][info ][gc,phases     ] GC(41)   Pre Evacuate Collection Set: 0.0ms
[2023-11-16T06:10:37.484+0000][2177.927s][info ][gc,phases     ] GC(41)   Evacuate Collection Set: 34.0ms
[2023-11-16T06:10:37.484+0000][2177.927s][info ][gc,phases     ] GC(41)   Post Evacuate Collection Set: 4.5ms
[2023-11-16T06:10:37.484+0000][2177.927s][info ][gc,phases     ] GC(41)   Other: 0.4ms
[2023-11-16T06:10:37.484+0000][2177.927s][info ][gc,heap       ] GC(41) Eden regions: 484->0(482)
[2023-11-16T06:10:37.484+0000][2177.927s][info ][gc,heap       ] GC(41) Survivor regions: 25->27(64)
[2023-11-16T06:10:37.484+0000][2177.927s][info ][gc,heap       ] GC(41) Old regions: 128->128
[2023-11-16T06:10:37.484+0000][2177.927s][info ][gc,heap       ] GC(41) Humongous regions: 0->0
[2023-11-16T06:10:37.484+0000][2177.927s][info ][gc,metaspace  ] GC(41) Metaspace: 163961K(169560K)->163961K(169560K) NonClass: 144994K(148440K)->144994K(148440K) Class: 18967K(21120K)->18967K(21120K)
[2023-11-16T06:10:37.484+0000][2177.927s][info ][gc            ] GC(41) Pause Young (Normal) (G1 Evacuation Pause) 635M->153M(849M) 39.051ms
[2023-11-16T06:10:37.484+0000][2177.927s][info ][gc,cpu        ] GC(41) User=0.15s Sys=0.00s Real=0.04s
[2023-11-16T06:10:37.484+0000][2177.927s][info ][safepoint     ] Leaving safepoint region
[2023-11-16T06:10:37.484+0000][2177.927s][info ][safepoint     ] Total time for which application threads were stopped: 0.0394380 seconds, Stopping threads took: 0.0000537 seconds
[2023-11-16T06:10:37.484+0000][2177.927s][info ][gc,stringdedup] Concurrent String Deduplication (2177.927s)
[2023-11-16T06:10:37.485+0000][2177.929s][info ][gc,stringdedup] Concurrent String Deduplication 176.0K->80704.0B(99504.0B) avg 53.6% (2177.927s, 2177.929s) 1.125ms
[2023-11-16T06:10:38.484+0000][2178.927s][debug][safepoint     ] Safepoint synchronization initiated. (183 threads)
[2023-11-16T06:10:38.484+0000][2178.928s][info ][safepoint     ] Application time: 1.0001631 seconds
[2023-11-16T06:10:38.484+0000][2178.928s][info ][safepoint     ] Entering safepoint region: Cleanup
[2023-11-16T06:10:38.485+0000][2178.928s][info ][safepoint     ] Leaving safepoint region
[2023-11-16T06:10:38.485+0000][2178.928s][info ][safepoint     ] Total time for which application threads were stopped: 0.0003490 seconds, Stopping threads took: 0.0000533 seconds
[2023-11-16T06:10:39.485+0000][2179.928s][debug][safepoint     ] Safepoint synchronization initiated. (183 threads)
[2023-11-16T06:10:39.485+0000][2179.928s][info ][safepoint     ] Application time: 1.0001439 seconds
[2023-11-16T06:10:39.485+0000][2179.928s][info ][safepoint     ] Entering safepoint region: Cleanup
[2023-11-16T06:10:39.485+0000][2179.928s][info ][safepoint     ] Leaving safepoint region
[2023-11-16T06:10:39.485+0000][2179.928s][info ][safepoint     ] Total time for which application threads were stopped: 0.0003350 seconds, Stopping threads took: 0.0000535 seconds
[2023-11-16T06:10:40.485+0000][2180.929s][debug][safepoint     ] Safepoint synchronization initiated. (183 threads)
[2023-11-16T06:10:40.485+0000][2180.929s][info ][safepoint     ] Application time: 1.0001504 seconds
[2023-11-16T06:10:40.485+0000][2180.929s][info ][safepoint     ] Entering safepoint region: Cleanup
[2023-11-16T06:10:40.486+0000][2180.929s][info ][safepoint     ] Leaving safepoint region
[2023-11-16T06:10:40.486+0000][2180.929s][info ][safepoint     ] Total time for which application threads were stopped: 0.0003967 seconds, Stopping threads took: 0.0000535 seconds
[2023-11-16T06:10:41.486+0000][2181.929s][debug][safepoint     ] Safepoint synchronization initiated. (183 threads)
[2023-11-16T06:10:41.486+0000][2181.929s][info ][safepoint     ] Application time: 1.0001577 seconds
[2023-11-16T06:10:41.486+0000][2181.929s][info ][safepoint     ] Entering safepoint region: Cleanup
[2023-11-16T06:10:41.486+0000][2181.929s][info ][safepoint     ] Leaving safepoint region
[2023-11-16T06:10:41.486+0000][2181.930s][info ][safepoint     ] Total time for which application threads were stopped: 0.0003491 seconds, Stopping threads took: 0.0000534 seconds
[2023-11-16T06:10:42.486+0000][2182.930s][debug][safepoint     ] Safepoint synchronization initiated. (183 threads)
[2023-11-16T06:10:42.486+0000][2182.930s][info ][safepoint     ] Application time: 1.0001564 seconds
[2023-11-16T06:10:42.486+0000][2182.930s][info ][safepoint     ] Entering safepoint region: Cleanup
[2023-11-16T06:10:42.487+0000][2182.930s][info ][safepoint     ] Leaving safepoint region
[2023-11-16T06:10:42.487+0000][2182.930s][info ][safepoint     ] Total time for which application threads were stopped: 0.0003436 seconds, Stopping threads took: 0.0000535 seconds
[2023-11-16T06:10:43.487+0000][2183.930s][debug][safepoint     ] Safepoint synchronization initiated. (183 threads)
[2023-11-16T06:10:43.487+0000][2183.930s][info ][safepoint     ] Application time: 1.0001618 seconds
[2023-11-16T06:10:43.487+0000][2183.930s][info ][safepoint     ] Entering safepoint region: Cleanup
[2023-11-16T06:10:43.487+0000][2183.931s][info ][safepoint     ] Leaving safepoint region
[2023-11-16T06:10:43.487+0000][2183.931s][info ][safepoint     ] Total time for which application threads were stopped: 0.0003136 seconds, Stopping threads took: 0.0000537 seconds
[2023-11-16T06:10:44.487+0000][2184.931s][debug][safepoint     ] Safepoint synchronization initiated. (183 threads)
[2023-11-16T06:10:44.487+0000][2184.931s][info ][safepoint     ] Application time: 1.0002025 seconds
[2023-11-16T06:10:44.488+0000][2184.931s][info ][safepoint     ] Entering safepoint region: Cleanup
[2023-11-16T06:10:44.488+0000][2184.931s][info ][safepoint     ] Leaving safepoint region
[2023-11-16T06:10:44.488+0000][2184.931s][info ][safepoint     ] Total time for which application threads were stopped: 0.0003471 seconds, Stopping threads took: 0.0000547 seconds
[2023-11-16T06:10:45.488+0000][2185.931s][debug][safepoint     ] Safepoint synchronization initiated. (182 threads)
[2023-11-16T06:10:45.488+0000][2185.931s][info ][safepoint     ] Application time: 1.0001507 seconds
[2023-11-16T06:10:45.488+0000][2185.931s][info ][safepoint     ] Entering safepoint region: Cleanup
[2023-11-16T06:10:45.488+0000][2185.932s][info ][safepoint     ] Leaving safepoint region
[2023-11-16T06:10:45.488+0000][2185.932s][info ][safepoint     ] Total time for which application threads were stopped: 0.0003069 seconds, Stopping threads took: 0.0000526 seconds
[2023-11-16T06:10:46.488+0000][2186.932s][debug][safepoint     ] Safepoint synchronization initiated. (182 threads)
[2023-11-16T06:10:46.489+0000][2186.932s][info ][safepoint     ] Application time: 1.0001544 seconds
[2023-11-16T06:10:46.489+0000][2186.932s][info ][safepoint     ] Entering safepoint region: Cleanup
[2023-11-16T06:10:46.489+0000][2186.932s][info ][safepoint     ] Leaving safepoint region
[2023-11-16T06:10:46.489+0000][2186.932s][info ][safepoint     ] Total time for which application threads were stopped: 0.0003499 seconds, Stopping threads took: 0.0000533 seconds
[2023-11-16T06:10:47.489+0000][2187.932s][debug][safepoint     ] Safepoint synchronization initiated. (182 threads)
[2023-11-16T06:10:47.489+0000][2187.932s][info ][safepoint     ] Application time: 1.0001582 seconds
[2023-11-16T06:10:47.489+0000][2187.932s][info ][safepoint     ] Entering safepoint region: Cleanup
[2023-11-16T06:10:47.489+0000][2187.933s][info ][safepoint     ] Leaving safepoint region
[2023-11-16T06:10:47.489+0000][2187.933s][info ][safepoint     ] Total time for which application threads were stopped: 0.0003437 seconds, Stopping threads took: 0.0000530 seconds
[2023-11-16T06:10:48.490+0000][2188.933s][debug][safepoint     ] Safepoint synchronization initiated. (182 threads)
[2023-11-16T06:10:48.490+0000][2188.933s][info ][safepoint     ] Application time: 1.0001533 seconds
[2023-11-16T06:10:48.490+0000][2188.933s][info ][safepoint     ] Entering safepoint region: Cleanup
[2023-11-16T06:10:48.490+0000][2188.933s][info ][safepoint     ] Leaving safepoint region
[2023-11-16T06:10:48.490+0000][2188.933s][info ][safepoint     ] Total time for which application threads were stopped: 0.0002659 seconds, Stopping threads took: 0.0000528 seconds
[2023-11-16T06:10:49.490+0000][2189.933s][debug][safepoint     ] Safepoint synchronization initiated. (182 threads)
[2023-11-16T06:10:49.490+0000][2189.933s][info ][safepoint     ] Application time: 1.0001525 seconds
[2023-11-16T06:10:49.490+0000][2189.933s][info ][safepoint     ] Entering safepoint region: Cleanup
[2023-11-16T06:10:49.490+0000][2189.934s][info ][safepoint     ] Leaving safepoint region
[2023-11-16T06:10:49.490+0000][2189.934s][info ][safepoint     ] Total time for which application threads were stopped: 0.0003535 seconds, Stopping threads took: 0.0000535 seconds
[2023-11-16T06:10:50.491+0000][2190.934s][debug][safepoint     ] Safepoint synchronization initiated. (182 threads)
[2023-11-16T06:10:50.491+0000][2190.934s][info ][safepoint     ] Application time: 1.0001691 seconds
[2023-11-16T06:10:50.491+0000][2190.934s][info ][safepoint     ] Entering safepoint region: Cleanup
[2023-11-16T06:10:50.491+0000][2190.934s][info ][safepoint     ] Leaving safepoint region
[2023-11-16T06:10:50.491+0000][2190.934s][info ][safepoint     ] Total time for which application threads were stopped: 0.0002968 seconds, Stopping threads took: 0.0000529 seconds
[2023-11-16T06:10:51.491+0000][2191.934s][debug][safepoint     ] Safepoint synchronization initiated. (182 threads)
[2023-11-16T06:10:51.491+0000][2191.934s][info ][safepoint     ] Application time: 1.0001701 seconds
[2023-11-16T06:10:51.491+0000][2191.934s][info ][safepoint     ] Entering safepoint region: Cleanup
[2023-11-16T06:10:51.492+0000][2191.935s][info ][safepoint     ] Leaving safepoint region
[2023-11-16T06:10:51.492+0000][2191.935s][info ][safepoint     ] Total time for which application threads were stopped: 0.0006967 seconds, Stopping threads took: 0.0003575 seconds
[2023-11-16T06:10:52.492+0000][2192.935s][debug][safepoint     ] Safepoint synchronization initiated. (182 threads)
[2023-11-16T06:10:52.492+0000][2192.935s][info ][safepoint     ] Application time: 1.0001576 seconds
[2023-11-16T06:10:52.492+0000][2192.935s][info ][safepoint     ] Entering safepoint region: Cleanup
[2023-11-16T06:10:52.492+0000][2192.936s][info ][safepoint     ] Leaving safepoint region
[2023-11-16T06:10:52.492+0000][2192.936s][info ][safepoint     ] Total time for which application threads were stopped: 0.0004020 seconds, Stopping threads took: 0.0000531 seconds
[2023-11-16T06:10:53.493+0000][2193.936s][debug][safepoint     ] Safepoint synchronization initiated. (182 threads)
[2023-11-16T06:10:53.493+0000][2193.936s][info ][safepoint     ] Application time: 1.0001618 seconds
[2023-11-16T06:10:53.493+0000][2193.936s][info ][safepoint     ] Entering safepoint region: Cleanup
[2023-11-16T06:10:53.493+0000][2193.936s][info ][safepoint     ] Leaving safepoint region
[2023-11-16T06:10:53.493+0000][2193.936s][info ][safepoint     ] Total time for which application threads were stopped: 0.0003810 seconds, Stopping threads took: 0.0000568 seconds
[2023-11-16T06:10:54.493+0000][2194.936s][debug][safepoint     ] Safepoint synchronization initiated. (182 threads)
[2023-11-16T06:10:54.493+0000][2194.936s][info ][safepoint     ] Application time: 1.0001610 seconds
[2023-11-16T06:10:54.493+0000][2194.937s][info ][safepoint     ] Entering safepoint region: Cleanup
[2023-11-16T06:10:54.493+0000][2194.937s][info ][safepoint     ] Leaving safepoint region
[2023-11-16T06:10:54.493+0000][2194.937s][info ][safepoint     ] Total time for which application threads were stopped: 0.0002963 seconds, Stopping threads took: 0.0000534 seconds
[2023-11-16T06:10:55.494+0000][2195.937s][debug][safepoint     ] Safepoint synchronization initiated. (182 threads)
[2023-11-16T06:10:55.494+0000][2195.937s][info ][safepoint     ] Application time: 1.0001542 seconds
[2023-11-16T06:10:55.494+0000][2195.937s][info ][safepoint     ] Entering safepoint region: Cleanup
[2023-11-16T06:10:55.494+0000][2195.937s][info ][safepoint     ] Leaving safepoint region
[2023-11-16T06:10:55.494+0000][2195.937s][info ][safepoint     ] Total time for which application threads were stopped: 0.0004004 seconds, Stopping threads took: 0.0000542 seconds
[2023-11-16T06:10:56.494+0000][2196.937s][debug][safepoint     ] Safepoint synchronization initiated. (182 threads)
[2023-11-16T06:10:56.494+0000][2196.938s][info ][safepoint     ] Application time: 1.0001408 seconds
[2023-11-16T06:10:56.494+0000][2196.938s][info ][safepoint     ] Entering safepoint region: Cleanup
[2023-11-16T06:10:56.495+0000][2196.938s][info ][safepoint     ] Leaving safepoint region
[2023-11-16T06:10:56.495+0000][2196.938s][info ][safepoint     ] Total time for which application threads were stopped: 0.0004460 seconds, Stopping threads took: 0.0001959 seconds
[2023-11-16T06:10:57.495+0000][2197.938s][debug][safepoint     ] Safepoint synchronization initiated. (182 threads)
[2023-11-16T06:10:57.495+0000][2197.938s][info ][safepoint     ] Application time: 1.0001828 seconds
[2023-11-16T06:10:57.495+0000][2197.938s][info ][safepoint     ] Entering safepoint region: Cleanup
[2023-11-16T06:10:57.495+0000][2197.938s][info ][safepoint     ] Leaving safepoint region
[2023-11-16T06:10:57.495+0000][2197.938s][info ][safepoint     ] Total time for which application threads were stopped: 0.0002746 seconds, Stopping threads took: 0.0000554 seconds
[2023-11-16T06:10:58.495+0000][2198.939s][debug][safepoint     ] Safepoint synchronization initiated. (182 threads)
[2023-11-16T06:10:58.495+0000][2198.939s][info ][safepoint     ] Application time: 1.0001571 seconds
[2023-11-16T06:10:58.495+0000][2198.939s][info ][safepoint     ] Entering safepoint region: Cleanup
[2023-11-16T06:10:58.496+0000][2198.939s][info ][safepoint     ] Leaving safepoint region
[2023-11-16T06:10:58.496+0000][2198.939s][info ][safepoint     ] Total time for which application threads were stopped: 0.0002814 seconds, Stopping threads took: 0.0000542 seconds
[2023-11-16T06:10:59.496+0000][2199.939s][debug][safepoint     ] Safepoint synchronization initiated. (181 threads)
[2023-11-16T06:10:59.496+0000][2199.939s][info ][safepoint     ] Application time: 1.0001480 seconds
[2023-11-16T06:10:59.496+0000][2199.939s][info ][safepoint     ] Entering safepoint region: Cleanup
[2023-11-16T06:10:59.496+0000][2199.939s][info ][safepoint     ] Leaving safepoint region
[2023-11-16T06:10:59.496+0000][2199.939s][info ][safepoint     ] Total time for which application threads were stopped: 0.0002707 seconds, Stopping threads took: 0.0000533 seconds
[2023-11-16T06:11:00.496+0000][2200.940s][debug][safepoint     ] Safepoint synchronization initiated. (181 threads)
[2023-11-16T06:11:00.496+0000][2200.940s][info ][safepoint     ] Application time: 1.0001540 seconds
[2023-11-16T06:11:00.496+0000][2200.940s][info ][safepoint     ] Entering safepoint region: Cleanup
[2023-11-16T06:11:00.497+0000][2200.940s][info ][safepoint     ] Leaving safepoint region
[2023-11-16T06:11:00.497+0000][2200.940s][info ][safepoint     ] Total time for which application threads were stopped: 0.0002685 seconds, Stopping threads took: 0.0000533 seconds
[2023-11-16T06:11:01.497+0000][2201.940s][debug][safepoint     ] Safepoint synchronization initiated. (181 threads)
[2023-11-16T06:11:01.497+0000][2201.940s][info ][safepoint     ] Application time: 1.0001602 seconds
[2023-11-16T06:11:01.497+0000][2201.940s][info ][safepoint     ] Entering safepoint region: Cleanup
[2023-11-16T06:11:01.497+0000][2201.941s][info ][safepoint     ] Leaving safepoint region
[2023-11-16T06:11:01.497+0000][2201.941s][info ][safepoint     ] Total time for which application threads were stopped: 0.0004872 seconds, Stopping threads took: 0.0001813 seconds
[2023-11-16T06:11:02.497+0000][2202.941s][debug][safepoint     ] Safepoint synchronization initiated. (181 threads)
[2023-11-16T06:11:02.497+0000][2202.941s][info ][safepoint     ] Application time: 1.0001599 seconds
[2023-11-16T06:11:02.497+0000][2202.941s][info ][safepoint     ] Entering safepoint region: Cleanup
[2023-11-16T06:11:02.498+0000][2202.941s][info ][safepoint     ] Leaving safepoint region
[2023-11-16T06:11:02.498+0000][2202.941s][info ][safepoint     ] Total time for which application threads were stopped: 0.0003448 seconds, Stopping threads took: 0.0000570 seconds
[2023-11-16T06:11:03.498+0000][2203.941s][debug][safepoint     ] Safepoint synchronization initiated. (181 threads)
[2023-11-16T06:11:03.498+0000][2203.941s][info ][safepoint     ] Application time: 1.0001576 seconds
[2023-11-16T06:11:03.498+0000][2203.941s][info ][safepoint     ] Entering safepoint region: Cleanup
[2023-11-16T06:11:03.498+0000][2203.942s][info ][safepoint     ] Leaving safepoint region
[2023-11-16T06:11:03.498+0000][2203.942s][info ][safepoint     ] Total time for which application threads were stopped: 0.0002795 seconds, Stopping threads took: 0.0000566 seconds
[2023-11-16T06:11:04.498+0000][2204.942s][debug][safepoint     ] Safepoint synchronization initiated. (181 threads)
[2023-11-16T06:11:04.498+0000][2204.942s][info ][safepoint     ] Application time: 1.0001892 seconds
[2023-11-16T06:11:04.498+0000][2204.942s][info ][safepoint     ] Entering safepoint region: Cleanup
[2023-11-16T06:11:04.499+0000][2204.942s][info ][safepoint     ] Leaving safepoint region
[2023-11-16T06:11:04.499+0000][2204.942s][info ][safepoint     ] Total time for which application threads were stopped: 0.0002785 seconds, Stopping threads took: 0.0000578 seconds
[2023-11-16T06:11:05.499+0000][2205.942s][debug][safepoint     ] Safepoint synchronization initiated. (181 threads)
[2023-11-16T06:11:05.499+0000][2205.942s][info ][safepoint     ] Application time: 1.0001652 seconds
[2023-11-16T06:11:05.499+0000][2205.942s][info ][safepoint     ] Entering safepoint region: Cleanup
[2023-11-16T06:11:05.499+0000][2205.943s][info ][safepoint     ] Leaving safepoint region
[2023-11-16T06:11:05.499+0000][2205.943s][info ][safepoint     ] Total time for which application threads were stopped: 0.0002792 seconds, Stopping threads took: 0.0000567 seconds
[2023-11-16T06:11:06.499+0000][2206.943s][debug][safepoint     ] Safepoint synchronization initiated. (181 threads)
[2023-11-16T06:11:06.499+0000][2206.943s][info ][safepoint     ] Application time: 1.0001600 seconds
[2023-11-16T06:11:06.499+0000][2206.943s][info ][safepoint     ] Entering safepoint region: Cleanup
[2023-11-16T06:11:06.500+0000][2206.943s][info ][safepoint     ] Leaving safepoint region
[2023-11-16T06:11:06.500+0000][2206.943s][info ][safepoint     ] Total time for which application threads were stopped: 0.0003071 seconds, Stopping threads took: 0.0000778 seconds
[2023-11-16T06:11:07.500+0000][2207.943s][debug][safepoint     ] Safepoint synchronization initiated. (181 threads)
[2023-11-16T06:11:07.500+0000][2207.943s][info ][safepoint     ] Application time: 1.0001546 seconds
[2023-11-16T06:11:07.500+0000][2207.943s][info ][safepoint     ] Entering safepoint region: Cleanup
[2023-11-16T06:11:07.500+0000][2207.943s][info ][safepoint     ] Leaving safepoint region
[2023-11-16T06:11:07.500+0000][2207.943s][info ][safepoint     ] Total time for which application threads were stopped: 0.0002745 seconds, Stopping threads took: 0.0000563 seconds
[2023-11-16T06:11:08.500+0000][2208.944s][debug][safepoint     ] Safepoint synchronization initiated. (181 threads)
[2023-11-16T06:11:08.500+0000][2208.944s][info ][safepoint     ] Application time: 1.0001590 seconds
[2023-11-16T06:11:08.500+0000][2208.944s][info ][safepoint     ] Entering safepoint region: Cleanup
[2023-11-16T06:11:08.501+0000][2208.944s][info ][safepoint     ] Leaving safepoint region
[2023-11-16T06:11:08.501+0000][2208.944s][info ][safepoint     ] Total time for which application threads were stopped: 0.0002756 seconds, Stopping threads took: 0.0000570 seconds
[2023-11-16T06:11:09.501+0000][2209.944s][debug][safepoint     ] Safepoint synchronization initiated. (181 threads)
[2023-11-16T06:11:09.501+0000][2209.944s][info ][safepoint     ] Application time: 1.0001635 seconds
[2023-11-16T06:11:09.501+0000][2209.944s][info ][safepoint     ] Entering safepoint region: Cleanup
[2023-11-16T06:11:09.501+0000][2209.944s][info ][safepoint     ] Leaving safepoint region
[2023-11-16T06:11:09.501+0000][2209.944s][info ][safepoint     ] Total time for which application threads were stopped: 0.0002759 seconds, Stopping threads took: 0.0000559 seconds
[2023-11-16T06:11:10.501+0000][2210.945s][debug][safepoint     ] Safepoint synchronization initiated. (181 threads)
[2023-11-16T06:11:10.501+0000][2210.945s][info ][safepoint     ] Application time: 1.0001671 seconds
[2023-11-16T06:11:10.501+0000][2210.945s][info ][safepoint     ] Entering safepoint region: Cleanup
[2023-11-16T06:11:10.502+0000][2210.945s][info ][safepoint     ] Leaving safepoint region
[2023-11-16T06:11:10.502+0000][2210.945s][info ][safepoint     ] Total time for which application threads were stopped: 0.0002761 seconds, Stopping threads took: 0.0000571 seconds
[2023-11-16T06:11:11.502+0000][2211.945s][debug][safepoint     ] Safepoint synchronization initiated. (181 threads)
[2023-11-16T06:11:11.502+0000][2211.945s][info ][safepoint     ] Application time: 1.0001835 seconds
[2023-11-16T06:11:11.502+0000][2211.945s][info ][safepoint     ] Entering safepoint region: Cleanup
[2023-11-16T06:11:11.502+0000][2211.945s][info ][safepoint     ] Leaving safepoint region
[2023-11-16T06:11:11.502+0000][2211.945s][info ][safepoint     ] Total time for which application threads were stopped: 0.0002798 seconds, Stopping threads took: 0.0000586 seconds
[2023-11-16T06:11:12.502+0000][2212.946s][debug][safepoint     ] Safepoint synchronization initiated. (181 threads)
[2023-11-16T06:11:12.502+0000][2212.946s][info ][safepoint     ] Application time: 1.0001579 seconds
[2023-11-16T06:11:12.502+0000][2212.946s][info ][safepoint     ] Entering safepoint region: Cleanup
[2023-11-16T06:11:12.503+0000][2212.946s][info ][safepoint     ] Leaving safepoint region
[2023-11-16T06:11:12.503+0000][2212.946s][info ][safepoint     ] Total time for which application threads were stopped: 0.0002801 seconds, Stopping threads took: 0.0000585 seconds
[2023-11-16T06:11:13.503+0000][2213.946s][debug][safepoint     ] Safepoint synchronization initiated. (181 threads)
[2023-11-16T06:11:13.503+0000][2213.946s][info ][safepoint     ] Application time: 1.0001589 seconds
[2023-11-16T06:11:13.503+0000][2213.946s][info ][safepoint     ] Entering safepoint region: Cleanup
[2023-11-16T06:11:13.503+0000][2213.946s][info ][safepoint     ] Leaving safepoint region
[2023-11-16T06:11:13.503+0000][2213.946s][info ][safepoint     ] Total time for which application threads were stopped: 0.0002791 seconds, Stopping threads took: 0.0000574 seconds
[2023-11-16T06:11:14.503+0000][2214.946s][debug][safepoint     ] Safepoint synchronization initiated. (181 threads)
[2023-11-16T06:11:14.503+0000][2214.947s][info ][safepoint     ] Application time: 1.0001579 seconds
[2023-11-16T06:11:14.503+0000][2214.947s][info ][safepoint     ] Entering safepoint region: Cleanup
[2023-11-16T06:11:14.503+0000][2214.947s][info ][safepoint     ] Leaving safepoint region
[2023-11-16T06:11:14.504+0000][2214.947s][info ][safepoint     ] Total time for which application threads were stopped: 0.0003020 seconds, Stopping threads took: 0.0000570 seconds
[2023-11-16T06:11:15.504+0000][2215.947s][debug][safepoint     ] Safepoint synchronization initiated. (181 threads)
[2023-11-16T06:11:15.504+0000][2215.947s][info ][safepoint     ] Application time: 1.0001542 seconds
[2023-11-16T06:11:15.504+0000][2215.947s][info ][safepoint     ] Entering safepoint region: Cleanup
[2023-11-16T06:11:15.504+0000][2215.947s][info ][safepoint     ] Leaving safepoint region
[2023-11-16T06:11:15.504+0000][2215.947s][info ][safepoint     ] Total time for which application threads were stopped: 0.0004334 seconds, Stopping threads took: 0.0000626 seconds
[2023-11-16T06:11:16.504+0000][2216.948s][debug][safepoint     ] Safepoint synchronization initiated. (181 threads)
[2023-11-16T06:11:16.504+0000][2216.948s][info ][safepoint     ] Application time: 1.0001602 seconds
[2023-11-16T06:11:16.504+0000][2216.948s][info ][safepoint     ] Entering safepoint region: Cleanup
[2023-11-16T06:11:16.505+0000][2216.948s][info ][safepoint     ] Leaving safepoint region
[2023-11-16T06:11:16.505+0000][2216.948s][info ][safepoint     ] Total time for which application threads were stopped: 0.0002782 seconds, Stopping threads took: 0.0000568 seconds
[2023-11-16T06:11:17.505+0000][2217.948s][debug][safepoint     ] Safepoint synchronization initiated. (181 threads)
[2023-11-16T06:11:17.505+0000][2217.948s][info ][safepoint     ] Application time: 1.0001632 seconds
[2023-11-16T06:11:17.505+0000][2217.948s][info ][safepoint     ] Entering safepoint region: Cleanup
[2023-11-16T06:11:17.505+0000][2217.948s][info ][safepoint     ] Leaving safepoint region
[2023-11-16T06:11:17.505+0000][2217.948s][info ][safepoint     ] Total time for which application threads were stopped: 0.0002928 seconds, Stopping threads took: 0.0000589 seconds
[2023-11-16T06:11:18.505+0000][2218.949s][debug][safepoint     ] Safepoint synchronization initiated. (181 threads)
[2023-11-16T06:11:18.505+0000][2218.949s][info ][safepoint     ] Application time: 1.0001896 seconds
[2023-11-16T06:11:18.505+0000][2218.949s][info ][safepoint     ] Entering safepoint region: Cleanup
[2023-11-16T06:11:18.506+0000][2218.949s][info ][safepoint     ] Leaving safepoint region
[2023-11-16T06:11:18.506+0000][2218.949s][info ][safepoint     ] Total time for which application threads were stopped: 0.0004054 seconds, Stopping threads took: 0.0000597 seconds
[2023-11-16T06:11:19.506+0000][2219.949s][debug][safepoint     ] Safepoint synchronization initiated. (181 threads)
[2023-11-16T06:11:19.506+0000][2219.949s][info ][safepoint     ] Application time: 1.0001628 seconds
[2023-11-16T06:11:19.506+0000][2219.949s][info ][safepoint     ] Entering safepoint region: Cleanup
[2023-11-16T06:11:19.506+0000][2219.950s][info ][safepoint     ] Leaving safepoint region
[2023-11-16T06:11:19.506+0000][2219.950s][info ][safepoint     ] Total time for which application threads were stopped: 0.0004056 seconds, Stopping threads took: 0.0000585 seconds
[2023-11-16T06:11:20.506+0000][2220.950s][debug][safepoint     ] Safepoint synchronization initiated. (181 threads)
[2023-11-16T06:11:20.507+0000][2220.950s][info ][safepoint     ] Application time: 1.0001984 seconds
[2023-11-16T06:11:20.507+0000][2220.950s][info ][safepoint     ] Entering safepoint region: Cleanup
[2023-11-16T06:11:20.507+0000][2220.950s][info ][safepoint     ] Leaving safepoint region
[2023-11-16T06:11:20.507+0000][2220.950s][info ][safepoint     ] Total time for which application threads were stopped: 0.0003304 seconds, Stopping threads took: 0.0000560 seconds
[2023-11-16T06:11:21.507+0000][2221.950s][debug][safepoint     ] Safepoint synchronization initiated. (181 threads)
[2023-11-16T06:11:21.507+0000][2221.950s][info ][safepoint     ] Application time: 1.0001583 seconds
[2023-11-16T06:11:21.507+0000][2221.950s][info ][safepoint     ] Entering safepoint region: Cleanup
[2023-11-16T06:11:21.507+0000][2221.951s][info ][safepoint     ] Leaving safepoint region
[2023-11-16T06:11:21.508+0000][2221.951s][info ][safepoint     ] Total time for which application threads were stopped: 0.0004305 seconds, Stopping threads took: 0.0000569 seconds
[2023-11-16T06:11:22.508+0000][2222.951s][debug][safepoint     ] Safepoint synchronization initiated. (181 threads)
[2023-11-16T06:11:22.508+0000][2222.951s][info ][safepoint     ] Application time: 1.0001548 seconds
[2023-11-16T06:11:22.508+0000][2222.951s][info ][safepoint     ] Entering safepoint region: Cleanup
[2023-11-16T06:11:22.508+0000][2222.951s][info ][safepoint     ] Leaving safepoint region
[2023-11-16T06:11:22.508+0000][2222.951s][info ][safepoint     ] Total time for which application threads were stopped: 0.0003992 seconds, Stopping threads took: 0.0000565 seconds
[2023-11-16T06:11:23.508+0000][2223.952s][debug][safepoint     ] Safepoint synchronization initiated. (181 threads)
[2023-11-16T06:11:23.508+0000][2223.952s][info ][safepoint     ] Application time: 1.0001629 seconds
[2023-11-16T06:11:23.508+0000][2223.952s][debug][safepoint     ] Waiting for 1 thread(s) to block
[2023-11-16T06:11:23.509+0000][2223.952s][info ][safepoint     ] Entering safepoint region: Cleanup
[2023-11-16T06:11:23.509+0000][2223.952s][info ][safepoint     ] Leaving safepoint region
[2023-11-16T06:11:23.509+0000][2223.952s][info ][safepoint     ] Total time for which application threads were stopped: 0.0006495 seconds, Stopping threads took: 0.0003083 seconds
[2023-11-16T06:11:24.509+0000][2224.952s][debug][safepoint     ] Safepoint synchronization initiated. (181 threads)
[2023-11-16T06:11:24.509+0000][2224.952s][info ][safepoint     ] Application time: 1.0001691 seconds
[2023-11-16T06:11:24.509+0000][2224.953s][info ][safepoint     ] Entering safepoint region: Cleanup
[2023-11-16T06:11:24.509+0000][2224.953s][info ][safepoint     ] Leaving safepoint region
[2023-11-16T06:11:24.509+0000][2224.953s][info ][safepoint     ] Total time for which application threads were stopped: 0.0002828 seconds, Stopping threads took: 0.0000584 seconds
[2023-11-16T06:11:25.510+0000][2225.953s][debug][safepoint     ] Safepoint synchronization initiated. (181 threads)
[2023-11-16T06:11:25.510+0000][2225.953s][info ][safepoint     ] Application time: 1.0001682 seconds
[2023-11-16T06:11:25.510+0000][2225.953s][info ][safepoint     ] Entering safepoint region: Cleanup
[2023-11-16T06:11:25.510+0000][2225.954s][info ][safepoint     ] Leaving safepoint region
[2023-11-16T06:11:25.510+0000][2225.954s][info ][safepoint     ] Total time for which application threads were stopped: 0.0005703 seconds, Stopping threads took: 0.0003546 seconds
[2023-11-16T06:11:26.510+0000][2226.954s][debug][safepoint     ] Safepoint synchronization initiated. (181 threads)
[2023-11-16T06:11:26.510+0000][2226.954s][info ][safepoint     ] Application time: 1.0001621 seconds
[2023-11-16T06:11:26.510+0000][2226.954s][info ][safepoint     ] Entering safepoint region: Cleanup
[2023-11-16T06:11:26.511+0000][2226.954s][info ][safepoint     ] Leaving safepoint region
[2023-11-16T06:11:26.511+0000][2226.954s][info ][safepoint     ] Total time for which application threads were stopped: 0.0002844 seconds, Stopping threads took: 0.0000580 seconds
[2023-11-16T06:11:27.511+0000][2227.954s][debug][safepoint     ] Safepoint synchronization initiated. (181 threads)
[2023-11-16T06:11:27.511+0000][2227.954s][info ][safepoint     ] Application time: 1.0001590 seconds
[2023-11-16T06:11:27.511+0000][2227.954s][info ][safepoint     ] Entering safepoint region: Cleanup
[2023-11-16T06:11:27.511+0000][2227.954s][info ][safepoint     ] Leaving safepoint region
[2023-11-16T06:11:27.511+0000][2227.955s][info ][safepoint     ] Total time for which application threads were stopped: 0.0002832 seconds, Stopping threads took: 0.0000570 seconds
[2023-11-16T06:11:28.511+0000][2228.955s][debug][safepoint     ] Safepoint synchronization initiated. (181 threads)
[2023-11-16T06:11:28.511+0000][2228.955s][info ][safepoint     ] Application time: 1.0001600 seconds
[2023-11-16T06:11:28.511+0000][2228.955s][info ][safepoint     ] Entering safepoint region: Cleanup
[2023-11-16T06:11:28.512+0000][2228.955s][info ][safepoint     ] Leaving safepoint region
[2023-11-16T06:11:28.512+0000][2228.955s][info ][safepoint     ] Total time for which application threads were stopped: 0.0003082 seconds, Stopping threads took: 0.0000573 seconds
[2023-11-16T06:11:29.512+0000][2229.955s][debug][safepoint     ] Safepoint synchronization initiated. (181 threads)
[2023-11-16T06:11:29.512+0000][2229.955s][info ][safepoint     ] Application time: 1.0001540 seconds
[2023-11-16T06:11:29.512+0000][2229.955s][info ][safepoint     ] Entering safepoint region: Cleanup
[2023-11-16T06:11:29.512+0000][2229.956s][info ][safepoint     ] Leaving safepoint region
[2023-11-16T06:11:29.512+0000][2229.956s][info ][safepoint     ] Total time for which application threads were stopped: 0.0003979 seconds, Stopping threads took: 0.0000579 seconds
[2023-11-16T06:11:30.512+0000][2230.956s][debug][safepoint     ] Safepoint synchronization initiated. (181 threads)
[2023-11-16T06:11:30.512+0000][2230.956s][info ][safepoint     ] Application time: 1.0001663 seconds
[2023-11-16T06:11:30.513+0000][2230.956s][info ][safepoint     ] Entering safepoint region: Cleanup
[2023-11-16T06:11:30.513+0000][2230.956s][info ][safepoint     ] Leaving safepoint region
[2023-11-16T06:11:30.513+0000][2230.956s][info ][safepoint     ] Total time for which application threads were stopped: 0.0005190 seconds, Stopping threads took: 0.0001798 seconds
[2023-11-16T06:11:31.513+0000][2231.956s][debug][safepoint     ] Safepoint synchronization initiated. (181 threads)
[2023-11-16T06:11:31.513+0000][2231.956s][info ][safepoint     ] Application time: 1.0001640 seconds
[2023-11-16T06:11:31.513+0000][2231.957s][info ][safepoint     ] Entering safepoint region: Cleanup
[2023-11-16T06:11:31.514+0000][2231.957s][info ][safepoint     ] Leaving safepoint region
[2023-11-16T06:11:31.514+0000][2231.957s][info ][safepoint     ] Total time for which application threads were stopped: 0.0004043 seconds, Stopping threads took: 0.0000593 seconds
[2023-11-16T06:11:32.514+0000][2232.957s][debug][safepoint     ] Safepoint synchronization initiated. (181 threads)
[2023-11-16T06:11:32.514+0000][2232.957s][info ][safepoint     ] Application time: 1.0001648 seconds
[2023-11-16T06:11:32.514+0000][2232.957s][info ][safepoint     ] Entering safepoint region: Cleanup
[2023-11-16T06:11:32.514+0000][2232.958s][info ][safepoint     ] Leaving safepoint region
[2023-11-16T06:11:32.514+0000][2232.958s][info ][safepoint     ] Total time for which application threads were stopped: 0.0004055 seconds, Stopping threads took: 0.0000580 seconds
[2023-11-16T06:11:33.514+0000][2233.958s][debug][safepoint     ] Safepoint synchronization initiated. (181 threads)
[2023-11-16T06:11:33.514+0000][2233.958s][info ][safepoint     ] Application time: 1.0001635 seconds
[2023-11-16T06:11:33.514+0000][2233.958s][info ][safepoint     ] Entering safepoint region: Cleanup
[2023-11-16T06:11:33.515+0000][2233.958s][info ][safepoint     ] Leaving safepoint region
[2023-11-16T06:11:33.515+0000][2233.958s][info ][safepoint     ] Total time for which application threads were stopped: 0.0003922 seconds, Stopping threads took: 0.0000583 seconds
[2023-11-16T06:11:34.515+0000][2234.958s][debug][safepoint     ] Safepoint synchronization initiated. (181 threads)
[2023-11-16T06:11:34.515+0000][2234.958s][info ][safepoint     ] Application time: 1.0001600 seconds
[2023-11-16T06:11:34.515+0000][2234.958s][info ][safepoint     ] Entering safepoint region: Cleanup
[2023-11-16T06:11:34.515+0000][2234.959s][info ][safepoint     ] Leaving safepoint region
[2023-11-16T06:11:34.515+0000][2234.959s][info ][safepoint     ] Total time for which application threads were stopped: 0.0004067 seconds, Stopping threads took: 0.0000572 seconds
[2023-11-16T06:11:35.515+0000][2235.959s][debug][safepoint     ] Safepoint synchronization initiated. (181 threads)
[2023-11-16T06:11:35.516+0000][2235.959s][info ][safepoint     ] Application time: 1.0001194 seconds
[2023-11-16T06:11:35.516+0000][2235.959s][info ][safepoint     ] Entering safepoint region: Cleanup
[2023-11-16T06:11:35.516+0000][2235.959s][info ][safepoint     ] Leaving safepoint region
[2023-11-16T06:11:35.516+0000][2235.959s][info ][safepoint     ] Total time for which application threads were stopped: 0.0003758 seconds, Stopping threads took: 0.0001431 seconds
[2023-11-16T06:11:36.516+0000][2236.959s][debug][safepoint     ] Safepoint synchronization initiated. (181 threads)
[2023-11-16T06:11:36.516+0000][2236.959s][info ][safepoint     ] Application time: 1.0001544 seconds
[2023-11-16T06:11:36.516+0000][2236.959s][info ][safepoint     ] Entering safepoint region: Cleanup
[2023-11-16T06:11:36.516+0000][2236.960s][info ][safepoint     ] Leaving safepoint region
[2023-11-16T06:11:36.516+0000][2236.960s][info ][safepoint     ] Total time for which application threads were stopped: 0.0002742 seconds, Stopping threads took: 0.0000550 seconds
[2023-11-16T06:11:37.517+0000][2237.960s][debug][safepoint     ] Safepoint synchronization initiated. (181 threads)
[2023-11-16T06:11:37.517+0000][2237.960s][info ][safepoint     ] Application time: 1.0001569 seconds
[2023-11-16T06:11:37.517+0000][2237.960s][info ][safepoint     ] Entering safepoint region: Cleanup
[2023-11-16T06:11:37.517+0000][2237.960s][info ][safepoint     ] Leaving safepoint region
[2023-11-16T06:11:37.517+0000][2237.960s][info ][safepoint     ] Total time for which application threads were stopped: 0.0002750 seconds, Stopping threads took: 0.0000549 seconds
[2023-11-16T06:11:38.517+0000][2238.960s][debug][safepoint     ] Safepoint synchronization initiated. (181 threads)
[2023-11-16T06:11:38.517+0000][2238.960s][info ][safepoint     ] Application time: 1.0001479 seconds
[2023-11-16T06:11:38.517+0000][2238.960s][info ][safepoint     ] Entering safepoint region: Cleanup
[2023-11-16T06:11:38.517+0000][2238.961s][info ][safepoint     ] Leaving safepoint region
[2023-11-16T06:11:38.517+0000][2238.961s][info ][safepoint     ] Total time for which application threads were stopped: 0.0002861 seconds, Stopping threads took: 0.0000551 seconds
[2023-11-16T06:11:39.517+0000][2239.961s][debug][safepoint     ] Safepoint synchronization initiated. (181 threads)
[2023-11-16T06:11:39.518+0000][2239.961s][info ][safepoint     ] Application time: 1.0001591 seconds
[2023-11-16T06:11:39.518+0000][2239.961s][info ][safepoint     ] Entering safepoint region: Cleanup
[2023-11-16T06:11:39.518+0000][2239.961s][info ][safepoint     ] Leaving safepoint region
[2023-11-16T06:11:39.518+0000][2239.961s][info ][safepoint     ] Total time for which application threads were stopped: 0.0003292 seconds, Stopping threads took: 0.0000543 seconds
[2023-11-16T06:11:40.518+0000][2240.961s][debug][safepoint     ] Safepoint synchronization initiated. (181 threads)
[2023-11-16T06:11:40.518+0000][2240.961s][info ][safepoint     ] Application time: 1.0001609 seconds
[2023-11-16T06:11:40.518+0000][2240.961s][info ][safepoint     ] Entering safepoint region: Cleanup
[2023-11-16T06:11:40.518+0000][2240.962s][info ][safepoint     ] Leaving safepoint region
[2023-11-16T06:11:40.519+0000][2240.962s][info ][safepoint     ] Total time for which application threads were stopped: 0.0004456 seconds, Stopping threads took: 0.0001954 seconds
[2023-11-16T06:11:41.519+0000][2241.962s][debug][safepoint     ] Safepoint synchronization initiated. (181 threads)
[2023-11-16T06:11:41.519+0000][2241.962s][info ][safepoint     ] Application time: 1.0001586 seconds
[2023-11-16T06:11:41.519+0000][2241.962s][info ][safepoint     ] Entering safepoint region: Cleanup
[2023-11-16T06:11:41.519+0000][2241.962s][info ][safepoint     ] Leaving safepoint region
[2023-11-16T06:11:41.519+0000][2241.962s][info ][safepoint     ] Total time for which application threads were stopped: 0.0002770 seconds, Stopping threads took: 0.0000536 seconds
[2023-11-16T06:11:42.519+0000][2242.962s][debug][safepoint     ] Safepoint synchronization initiated. (181 threads)
[2023-11-16T06:11:42.519+0000][2242.962s][info ][safepoint     ] Application time: 1.0001352 seconds
[2023-11-16T06:11:42.519+0000][2242.963s][info ][safepoint     ] Entering safepoint region: Cleanup
[2023-11-16T06:11:42.519+0000][2242.963s][info ][safepoint     ] Leaving safepoint region
[2023-11-16T06:11:42.520+0000][2242.963s][info ][safepoint     ] Total time for which application threads were stopped: 0.0003583 seconds, Stopping threads took: 0.0000541 seconds
[2023-11-16T06:11:43.520+0000][2243.963s][debug][safepoint     ] Safepoint synchronization initiated. (181 threads)
[2023-11-16T06:11:43.520+0000][2243.963s][info ][safepoint     ] Application time: 1.0001526 seconds
[2023-11-16T06:11:43.520+0000][2243.963s][info ][safepoint     ] Entering safepoint region: Cleanup
[2023-11-16T06:11:43.520+0000][2243.963s][info ][safepoint     ] Leaving safepoint region
[2023-11-16T06:11:43.520+0000][2243.963s][info ][safepoint     ] Total time for which application threads were stopped: 0.0003989 seconds, Stopping threads took: 0.0000551 seconds
[2023-11-16T06:11:44.520+0000][2244.964s][debug][safepoint     ] Safepoint synchronization initiated. (181 threads)
[2023-11-16T06:11:44.520+0000][2244.964s][info ][safepoint     ] Application time: 1.0001542 seconds
[2023-11-16T06:11:44.520+0000][2244.964s][info ][safepoint     ] Entering safepoint region: Cleanup
[2023-11-16T06:11:44.521+0000][2244.964s][info ][safepoint     ] Leaving safepoint region
[2023-11-16T06:11:44.521+0000][2244.964s][info ][safepoint     ] Total time for which application threads were stopped: 0.0004053 seconds, Stopping threads took: 0.0000558 seconds
[2023-11-16T06:11:45.521+0000][2245.964s][debug][safepoint     ] Safepoint synchronization initiated. (180 threads)
[2023-11-16T06:11:45.521+0000][2245.964s][info ][safepoint     ] Application time: 1.0001588 seconds
[2023-11-16T06:11:45.521+0000][2245.964s][info ][safepoint     ] Entering safepoint region: Cleanup
[2023-11-16T06:11:45.521+0000][2245.965s][info ][safepoint     ] Leaving safepoint region
[2023-11-16T06:11:45.521+0000][2245.965s][info ][safepoint     ] Total time for which application threads were stopped: 0.0004986 seconds, Stopping threads took: 0.0002607 seconds
[2023-11-16T06:11:46.522+0000][2246.965s][debug][safepoint     ] Safepoint synchronization initiated. (180 threads)
[2023-11-16T06:11:46.522+0000][2246.965s][info ][safepoint     ] Application time: 1.0001440 seconds
[2023-11-16T06:11:46.522+0000][2246.965s][info ][safepoint     ] Entering safepoint region: Cleanup
[2023-11-16T06:11:46.522+0000][2246.965s][info ][safepoint     ] Leaving safepoint region
[2023-11-16T06:11:46.522+0000][2246.965s][info ][safepoint     ] Total time for which application threads were stopped: 0.0002736 seconds, Stopping threads took: 0.0000536 seconds
[2023-11-16T06:11:47.522+0000][2247.965s][debug][safepoint     ] Safepoint synchronization initiated. (180 threads)
[2023-11-16T06:11:47.522+0000][2247.965s][info ][safepoint     ] Application time: 1.0001578 seconds
[2023-11-16T06:11:47.522+0000][2247.965s][info ][safepoint     ] Entering safepoint region: Cleanup
[2023-11-16T06:11:47.522+0000][2247.966s][info ][safepoint     ] Leaving safepoint region
[2023-11-16T06:11:47.522+0000][2247.966s][info ][safepoint     ] Total time for which application threads were stopped: 0.0002699 seconds, Stopping threads took: 0.0000526 seconds
[2023-11-16T06:11:48.522+0000][2248.966s][debug][safepoint     ] Safepoint synchronization initiated. (180 threads)
[2023-11-16T06:11:48.522+0000][2248.966s][info ][safepoint     ] Application time: 1.0001556 seconds
[2023-11-16T06:11:48.523+0000][2248.966s][info ][safepoint     ] Entering safepoint region: Cleanup
[2023-11-16T06:11:48.523+0000][2248.966s][info ][safepoint     ] Leaving safepoint region
[2023-11-16T06:11:48.523+0000][2248.966s][info ][safepoint     ] Total time for which application threads were stopped: 0.0002674 seconds, Stopping threads took: 0.0000524 seconds
[2023-11-16T06:11:49.523+0000][2249.966s][debug][safepoint     ] Safepoint synchronization initiated. (180 threads)
[2023-11-16T06:11:49.523+0000][2249.966s][info ][safepoint     ] Application time: 1.0001548 seconds
[2023-11-16T06:11:49.523+0000][2249.966s][info ][safepoint     ] Entering safepoint region: Cleanup
[2023-11-16T06:11:49.523+0000][2249.967s][info ][safepoint     ] Leaving safepoint region
[2023-11-16T06:11:49.523+0000][2249.967s][info ][safepoint     ] Total time for which application threads were stopped: 0.0002695 seconds, Stopping threads took: 0.0000526 seconds
[2023-11-16T06:11:50.523+0000][2250.967s][debug][safepoint     ] Safepoint synchronization initiated. (180 threads)
[2023-11-16T06:11:50.523+0000][2250.967s][info ][safepoint     ] Application time: 1.0001450 seconds
[2023-11-16T06:11:50.523+0000][2250.967s][info ][safepoint     ] Entering safepoint region: Cleanup
[2023-11-16T06:11:50.524+0000][2250.967s][info ][safepoint     ] Leaving safepoint region
[2023-11-16T06:11:50.524+0000][2250.967s][info ][safepoint     ] Total time for which application threads were stopped: 0.0004583 seconds, Stopping threads took: 0.0002399 seconds
[2023-11-16T06:11:51.524+0000][2251.967s][debug][safepoint     ] Safepoint synchronization initiated. (180 threads)
[2023-11-16T06:11:51.524+0000][2251.967s][info ][safepoint     ] Application time: 1.0001555 seconds
[2023-11-16T06:11:51.524+0000][2251.967s][info ][safepoint     ] Entering safepoint region: Cleanup
[2023-11-16T06:11:51.524+0000][2251.968s][info ][safepoint     ] Leaving safepoint region
[2023-11-16T06:11:51.524+0000][2251.968s][info ][safepoint     ] Total time for which application threads were stopped: 0.0003186 seconds, Stopping threads took: 0.0000558 seconds
[2023-11-16T06:11:52.524+0000][2252.968s][debug][safepoint     ] Safepoint synchronization initiated. (180 threads)
[2023-11-16T06:11:52.525+0000][2252.968s][info ][safepoint     ] Application time: 1.0001595 seconds
[2023-11-16T06:11:52.525+0000][2252.968s][info ][safepoint     ] Entering safepoint region: Cleanup
[2023-11-16T06:11:52.525+0000][2252.968s][info ][safepoint     ] Leaving safepoint region
[2023-11-16T06:11:52.525+0000][2252.968s][info ][safepoint     ] Total time for which application threads were stopped: 0.0003998 seconds, Stopping threads took: 0.0000546 seconds
[2023-11-16T06:11:53.525+0000][2253.968s][debug][safepoint     ] Safepoint synchronization initiated. (180 threads)
[2023-11-16T06:11:53.525+0000][2253.969s][info ][safepoint     ] Application time: 1.0001894 seconds
[2023-11-16T06:11:53.525+0000][2253.969s][info ][safepoint     ] Entering safepoint region: Cleanup
[2023-11-16T06:11:53.526+0000][2253.969s][info ][safepoint     ] Leaving safepoint region
[2023-11-16T06:11:53.526+0000][2253.969s][info ][safepoint     ] Total time for which application threads were stopped: 0.0004106 seconds, Stopping threads took: 0.0000594 seconds
[2023-11-16T06:11:54.526+0000][2254.969s][debug][safepoint     ] Safepoint synchronization initiated. (180 threads)
[2023-11-16T06:11:54.526+0000][2254.969s][info ][safepoint     ] Application time: 1.0001543 seconds
[2023-11-16T06:11:54.526+0000][2254.969s][info ][safepoint     ] Entering safepoint region: Cleanup
[2023-11-16T06:11:54.526+0000][2254.969s][info ][safepoint     ] Leaving safepoint region
[2023-11-16T06:11:54.526+0000][2254.969s][info ][safepoint     ] Total time for which application threads were stopped: 0.0003228 seconds, Stopping threads took: 0.0000583 seconds
[2023-11-16T06:11:55.526+0000][2255.970s][debug][safepoint     ] Safepoint synchronization initiated. (180 threads)
[2023-11-16T06:11:55.526+0000][2255.970s][info ][safepoint     ] Application time: 1.0001736 seconds
[2023-11-16T06:11:55.526+0000][2255.970s][info ][safepoint     ] Entering safepoint region: Cleanup
[2023-11-16T06:11:55.527+0000][2255.970s][info ][safepoint     ] Leaving safepoint region
[2023-11-16T06:11:55.527+0000][2255.970s][info ][safepoint     ] Total time for which application threads were stopped: 0.0005183 seconds, Stopping threads took: 0.0002652 seconds
[2023-11-16T06:11:56.527+0000][2256.970s][debug][safepoint     ] Safepoint synchronization initiated. (180 threads)
[2023-11-16T06:11:56.527+0000][2256.970s][info ][safepoint     ] Application time: 1.0001409 seconds
[2023-11-16T06:11:56.527+0000][2256.970s][debug][safepoint     ] ... found polling page return exception at pc = 0x00007fde845d0bf5, stub =0x00007fde7c83a800
[2023-11-16T06:11:56.527+0000][2256.970s][debug][safepoint     ] Waiting for 1 thread(s) to block
[2023-11-16T06:11:56.527+0000][2256.970s][info ][safepoint     ] Entering safepoint region: Cleanup
[2023-11-16T06:11:56.527+0000][2256.971s][info ][safepoint     ] Leaving safepoint region
[2023-11-16T06:11:56.527+0000][2256.971s][info ][safepoint     ] Total time for which application threads were stopped: 0.0004130 seconds, Stopping threads took: 0.0001669 seconds
[2023-11-16T06:11:57.528+0000][2257.971s][debug][safepoint     ] Safepoint synchronization initiated. (180 threads)
[2023-11-16T06:11:57.528+0000][2257.971s][info ][safepoint     ] Application time: 1.0001572 seconds
[2023-11-16T06:11:57.528+0000][2257.971s][info ][safepoint     ] Entering safepoint region: Cleanup
[2023-11-16T06:11:57.528+0000][2257.971s][info ][safepoint     ] Leaving safepoint region
[2023-11-16T06:11:57.528+0000][2257.971s][info ][safepoint     ] Total time for which application threads were stopped: 0.0002855 seconds, Stopping threads took: 0.0000566 seconds
[2023-11-16T06:11:58.528+0000][2258.971s][debug][safepoint     ] Safepoint synchronization initiated. (180 threads)
[2023-11-16T06:11:58.528+0000][2258.971s][info ][safepoint     ] Application time: 1.0001534 seconds
[2023-11-16T06:11:58.528+0000][2258.971s][info ][safepoint     ] Entering safepoint region: Cleanup
[2023-11-16T06:11:58.528+0000][2258.972s][info ][safepoint     ] Leaving safepoint region
[2023-11-16T06:11:58.528+0000][2258.972s][info ][safepoint     ] Total time for which application threads were stopped: 0.0002884 seconds, Stopping threads took: 0.0000560 seconds
[2023-11-16T06:12:02.529+0000][2262.972s][debug][safepoint     ] Safepoint synchronization initiated. (179 threads)
[2023-11-16T06:12:02.529+0000][2262.972s][info ][safepoint     ] Application time: 4.0004086 seconds
[2023-11-16T06:12:02.529+0000][2262.972s][info ][safepoint     ] Entering safepoint region: Cleanup
[2023-11-16T06:12:02.529+0000][2262.972s][info ][safepoint     ] Leaving safepoint region
[2023-11-16T06:12:02.529+0000][2262.972s][info ][safepoint     ] Total time for which application threads were stopped: 0.0002956 seconds, Stopping threads took: 0.0000548 seconds
[2023-11-16T06:12:36.532+0000][2296.976s][debug][safepoint     ] Safepoint synchronization initiated. (179 threads)
[2023-11-16T06:12:36.532+0000][2296.976s][info ][safepoint     ] Application time: 34.0030855 seconds
[2023-11-16T06:12:36.532+0000][2296.976s][info ][safepoint     ] Entering safepoint region: Cleanup
[2023-11-16T06:12:36.533+0000][2296.976s][info ][safepoint     ] Leaving safepoint region
[2023-11-16T06:12:36.533+0000][2296.976s][info ][safepoint     ] Total time for which application threads were stopped: 0.0003415 seconds, Stopping threads took: 0.0000569 seconds
[2023-11-16T06:12:41.533+0000][2301.976s][debug][safepoint     ] Safepoint synchronization initiated. (179 threads)
[2023-11-16T06:12:41.533+0000][2301.977s][info ][safepoint     ] Application time: 5.0005646 seconds
[2023-11-16T06:12:41.533+0000][2301.977s][info ][safepoint     ] Entering safepoint region: Cleanup
[2023-11-16T06:12:41.534+0000][2301.977s][info ][safepoint     ] Leaving safepoint region
[2023-11-16T06:12:41.534+0000][2301.977s][info ][safepoint     ] Total time for which application threads were stopped: 0.0003583 seconds, Stopping threads took: 0.0000556 seconds
[2023-11-16T06:13:37.539+0000][2357.982s][debug][safepoint     ] Safepoint synchronization initiated. (179 threads)
[2023-11-16T06:13:37.539+0000][2357.982s][info ][safepoint     ] Application time: 56.0051058 seconds
[2023-11-16T06:13:37.539+0000][2357.982s][info ][safepoint     ] Entering safepoint region: Cleanup
[2023-11-16T06:13:37.539+0000][2357.982s][info ][safepoint     ] Leaving safepoint region
[2023-11-16T06:13:37.539+0000][2357.982s][info ][safepoint     ] Total time for which application threads were stopped: 0.0003602 seconds, Stopping threads took: 0.0000550 seconds
[2023-11-16T06:13:42.540+0000][2362.983s][debug][safepoint     ] Safepoint synchronization initiated. (179 threads)
[2023-11-16T06:13:42.540+0000][2362.983s][info ][safepoint     ] Application time: 5.0005238 seconds
[2023-11-16T06:13:42.540+0000][2362.983s][info ][safepoint     ] Entering safepoint region: Cleanup
[2023-11-16T06:13:42.540+0000][2362.983s][info ][safepoint     ] Leaving safepoint region
[2023-11-16T06:13:42.540+0000][2362.983s][info ][safepoint     ] Total time for which application threads were stopped: 0.0002988 seconds, Stopping threads took: 0.0000628 seconds
[2023-11-16T06:13:59.542+0000][2379.985s][debug][safepoint     ] Safepoint synchronization initiated. (178 threads)
[2023-11-16T06:13:59.542+0000][2379.985s][info ][safepoint     ] Application time: 17.0017152 seconds
[2023-11-16T06:13:59.542+0000][2379.985s][info ][safepoint     ] Entering safepoint region: Cleanup
[2023-11-16T06:13:59.542+0000][2379.985s][info ][safepoint     ] Leaving safepoint region
[2023-11-16T06:13:59.542+0000][2379.985s][info ][safepoint     ] Total time for which application threads were stopped: 0.0003529 seconds, Stopping threads took: 0.0000538 seconds
[2023-11-16T06:14:00.542+0000][2380.985s][debug][safepoint     ] Safepoint synchronization initiated. (178 threads)
[2023-11-16T06:14:00.542+0000][2380.986s][info ][safepoint     ] Application time: 1.0001427 seconds
[2023-11-16T06:14:00.542+0000][2380.986s][info ][safepoint     ] Entering safepoint region: Cleanup
[2023-11-16T06:14:00.543+0000][2380.986s][info ][safepoint     ] Leaving safepoint region
[2023-11-16T06:14:00.543+0000][2380.986s][info ][safepoint     ] Total time for which application threads were stopped: 0.0003455 seconds, Stopping threads took: 0.0000546 seconds
[2023-11-16T06:14:01.543+0000][2381.986s][debug][safepoint     ] Safepoint synchronization initiated. (178 threads)
[2023-11-16T06:14:01.543+0000][2381.986s][info ][safepoint     ] Application time: 1.0001711 seconds
[2023-11-16T06:14:01.543+0000][2381.986s][info ][safepoint     ] Entering safepoint region: Cleanup
[2023-11-16T06:14:01.543+0000][2381.986s][info ][safepoint     ] Leaving safepoint region
[2023-11-16T06:14:01.543+0000][2381.986s][info ][safepoint     ] Total time for which application threads were stopped: 0.0003023 seconds, Stopping threads took: 0.0000558 seconds
[2023-11-16T06:14:02.543+0000][2382.987s][debug][safepoint     ] Safepoint synchronization initiated. (178 threads)
[2023-11-16T06:14:02.543+0000][2382.987s][info ][safepoint     ] Application time: 1.0001591 seconds
[2023-11-16T06:14:02.543+0000][2382.987s][info ][safepoint     ] Entering safepoint region: Cleanup
[2023-11-16T06:14:02.544+0000][2382.987s][info ][safepoint     ] Leaving safepoint region
[2023-11-16T06:14:02.544+0000][2382.987s][info ][safepoint     ] Total time for which application threads were stopped: 0.0003236 seconds, Stopping threads took: 0.0000535 seconds
[2023-11-16T06:14:03.544+0000][2383.987s][debug][safepoint     ] Safepoint synchronization initiated. (178 threads)
[2023-11-16T06:14:03.544+0000][2383.987s][info ][safepoint     ] Application time: 1.0001590 seconds
[2023-11-16T06:14:03.544+0000][2383.987s][info ][safepoint     ] Entering safepoint region: Cleanup
[2023-11-16T06:14:03.544+0000][2383.988s][info ][safepoint     ] Leaving safepoint region
[2023-11-16T06:14:03.544+0000][2383.988s][info ][safepoint     ] Total time for which application threads were stopped: 0.0006331 seconds, Stopping threads took: 0.0004083 seconds
[2023-11-16T06:14:04.545+0000][2384.988s][debug][safepoint     ] Safepoint synchronization initiated. (178 threads)
[2023-11-16T06:14:04.545+0000][2384.988s][info ][safepoint     ] Application time: 1.0001790 seconds
[2023-11-16T06:14:04.545+0000][2384.988s][info ][safepoint     ] Entering safepoint region: Cleanup
[2023-11-16T06:14:04.545+0000][2384.988s][info ][safepoint     ] Leaving safepoint region
[2023-11-16T06:14:04.545+0000][2384.988s][info ][safepoint     ] Total time for which application threads were stopped: 0.0002623 seconds, Stopping threads took: 0.0000530 seconds
[2023-11-16T06:14:05.545+0000][2385.988s][debug][safepoint     ] Safepoint synchronization initiated. (178 threads)
[2023-11-16T06:14:05.545+0000][2385.988s][info ][safepoint     ] Application time: 1.0001695 seconds
[2023-11-16T06:14:05.545+0000][2385.988s][info ][safepoint     ] Entering safepoint region: Cleanup
[2023-11-16T06:14:05.545+0000][2385.989s][info ][safepoint     ] Leaving safepoint region
[2023-11-16T06:14:05.545+0000][2385.989s][info ][safepoint     ] Total time for which application threads were stopped: 0.0003546 seconds, Stopping threads took: 0.0000545 seconds
[2023-11-16T06:14:06.546+0000][2386.989s][debug][safepoint     ] Safepoint synchronization initiated. (178 threads)
[2023-11-16T06:14:06.546+0000][2386.989s][info ][safepoint     ] Application time: 1.0001766 seconds
[2023-11-16T06:14:06.546+0000][2386.989s][info ][safepoint     ] Entering safepoint region: Cleanup
[2023-11-16T06:14:06.546+0000][2386.989s][info ][safepoint     ] Leaving safepoint region
[2023-11-16T06:14:06.546+0000][2386.989s][info ][safepoint     ] Total time for which application threads were stopped: 0.0003452 seconds, Stopping threads took: 0.0000530 seconds
[2023-11-16T06:14:07.546+0000][2387.989s][debug][safepoint     ] Safepoint synchronization initiated. (178 threads)
[2023-11-16T06:14:07.546+0000][2387.990s][info ][safepoint     ] Application time: 1.0001562 seconds
[2023-11-16T06:14:07.546+0000][2387.990s][info ][safepoint     ] Entering safepoint region: Cleanup
[2023-11-16T06:14:07.547+0000][2387.990s][info ][safepoint     ] Leaving safepoint region
[2023-11-16T06:14:07.547+0000][2387.990s][info ][safepoint     ] Total time for which application threads were stopped: 0.0002851 seconds, Stopping threads took: 0.0000533 seconds
[2023-11-16T06:14:08.547+0000][2388.990s][debug][safepoint     ] Safepoint synchronization initiated. (178 threads)
[2023-11-16T06:14:08.547+0000][2388.990s][info ][safepoint     ] Application time: 1.0001829 seconds
[2023-11-16T06:14:08.547+0000][2388.990s][info ][safepoint     ] Entering safepoint region: Cleanup
[2023-11-16T06:14:08.547+0000][2388.990s][info ][safepoint     ] Leaving safepoint region
[2023-11-16T06:14:08.547+0000][2388.990s][info ][safepoint     ] Total time for which application threads were stopped: 0.0003487 seconds, Stopping threads took: 0.0000551 seconds
[2023-11-16T06:14:09.547+0000][2389.991s][debug][safepoint     ] Safepoint synchronization initiated. (178 threads)
[2023-11-16T06:14:09.547+0000][2389.991s][info ][safepoint     ] Application time: 1.0001573 seconds
[2023-11-16T06:14:09.547+0000][2389.991s][info ][safepoint     ] Entering safepoint region: Cleanup
[2023-11-16T06:14:09.548+0000][2389.991s][info ][safepoint     ] Leaving safepoint region
[2023-11-16T06:14:09.548+0000][2389.991s][info ][safepoint     ] Total time for which application threads were stopped: 0.0004487 seconds, Stopping threads took: 0.0000531 seconds
[2023-11-16T06:14:10.548+0000][2390.991s][debug][safepoint     ] Safepoint synchronization initiated. (178 threads)
[2023-11-16T06:14:10.548+0000][2390.991s][info ][safepoint     ] Application time: 1.0001646 seconds
[2023-11-16T06:14:10.548+0000][2390.991s][info ][safepoint     ] Entering safepoint region: Cleanup
[2023-11-16T06:14:10.549+0000][2390.992s][info ][safepoint     ] Leaving safepoint region
[2023-11-16T06:14:10.549+0000][2390.992s][info ][safepoint     ] Total time for which application threads were stopped: 0.0006270 seconds, Stopping threads took: 0.0003989 seconds
[2023-11-16T06:14:11.549+0000][2391.992s][debug][safepoint     ] Safepoint synchronization initiated. (178 threads)
[2023-11-16T06:14:11.549+0000][2391.992s][info ][safepoint     ] Application time: 1.0001736 seconds
[2023-11-16T06:14:11.549+0000][2391.992s][info ][safepoint     ] Entering safepoint region: Cleanup
[2023-11-16T06:14:11.549+0000][2391.992s][info ][safepoint     ] Leaving safepoint region
[2023-11-16T06:14:11.549+0000][2391.992s][info ][safepoint     ] Total time for which application threads were stopped: 0.0002704 seconds, Stopping threads took: 0.0000568 seconds
[2023-11-16T06:14:12.549+0000][2392.993s][debug][safepoint     ] Safepoint synchronization initiated. (178 threads)
[2023-11-16T06:14:12.549+0000][2392.993s][info ][safepoint     ] Application time: 1.0001734 seconds
[2023-11-16T06:14:12.549+0000][2392.993s][info ][safepoint     ] Entering safepoint region: Cleanup
[2023-11-16T06:14:12.550+0000][2392.993s][info ][safepoint     ] Leaving safepoint region
[2023-11-16T06:14:12.550+0000][2392.993s][info ][safepoint     ] Total time for which application threads were stopped: 0.0003465 seconds, Stopping threads took: 0.0000528 seconds
[2023-11-16T06:14:13.550+0000][2393.993s][debug][safepoint     ] Safepoint synchronization initiated. (178 threads)
[2023-11-16T06:14:13.550+0000][2393.993s][info ][safepoint     ] Application time: 1.0001657 seconds
[2023-11-16T06:14:13.550+0000][2393.993s][info ][safepoint     ] Entering safepoint region: Cleanup
[2023-11-16T06:14:13.550+0000][2393.993s][info ][safepoint     ] Leaving safepoint region
[2023-11-16T06:14:13.550+0000][2393.993s][info ][safepoint     ] Total time for which application threads were stopped: 0.0003422 seconds, Stopping threads took: 0.0000525 seconds
[2023-11-16T06:14:14.550+0000][2394.994s][debug][safepoint     ] Safepoint synchronization initiated. (178 threads)
[2023-11-16T06:14:14.550+0000][2394.994s][info ][safepoint     ] Application time: 1.0001557 seconds
[2023-11-16T06:14:14.550+0000][2394.994s][info ][safepoint     ] Entering safepoint region: Cleanup
[2023-11-16T06:14:14.551+0000][2394.994s][info ][safepoint     ] Leaving safepoint region
[2023-11-16T06:14:14.551+0000][2394.994s][info ][safepoint     ] Total time for which application threads were stopped: 0.0003424 seconds, Stopping threads took: 0.0000523 seconds
[2023-11-16T06:14:15.551+0000][2395.994s][debug][safepoint     ] Safepoint synchronization initiated. (178 threads)
[2023-11-16T06:14:15.551+0000][2395.994s][info ][safepoint     ] Application time: 1.0001750 seconds
[2023-11-16T06:14:15.551+0000][2395.994s][info ][safepoint     ] Entering safepoint region: Cleanup
[2023-11-16T06:14:15.551+0000][2395.995s][info ][safepoint     ] Leaving safepoint region
[2023-11-16T06:14:15.551+0000][2395.995s][info ][safepoint     ] Total time for which application threads were stopped: 0.0003198 seconds, Stopping threads took: 0.0000564 seconds
[2023-11-16T06:14:16.551+0000][2396.995s][debug][safepoint     ] Safepoint synchronization initiated. (178 threads)
[2023-11-16T06:14:16.551+0000][2396.995s][info ][safepoint     ] Application time: 1.0001597 seconds
[2023-11-16T06:14:16.552+0000][2396.995s][info ][safepoint     ] Entering safepoint region: Cleanup
[2023-11-16T06:14:16.552+0000][2396.995s][info ][safepoint     ] Leaving safepoint region
[2023-11-16T06:14:16.552+0000][2396.995s][info ][safepoint     ] Total time for which application threads were stopped: 0.0003559 seconds, Stopping threads took: 0.0000573 seconds
[2023-11-16T06:14:17.552+0000][2397.995s][debug][safepoint     ] Safepoint synchronization initiated. (178 threads)
[2023-11-16T06:14:17.552+0000][2397.995s][info ][safepoint     ] Application time: 1.0001599 seconds
[2023-11-16T06:14:17.552+0000][2397.995s][info ][safepoint     ] Entering safepoint region: Cleanup
[2023-11-16T06:14:17.552+0000][2397.996s][info ][safepoint     ] Leaving safepoint region
[2023-11-16T06:14:17.552+0000][2397.996s][info ][safepoint     ] Total time for which application threads were stopped: 0.0002572 seconds, Stopping threads took: 0.0000523 seconds
[2023-11-16T06:14:18.552+0000][2398.996s][debug][safepoint     ] Safepoint synchronization initiated. (178 threads)
[2023-11-16T06:14:18.552+0000][2398.996s][info ][safepoint     ] Application time: 1.0001555 seconds
[2023-11-16T06:14:18.553+0000][2398.996s][info ][safepoint     ] Entering safepoint region: Cleanup
[2023-11-16T06:14:18.553+0000][2398.996s][info ][safepoint     ] Leaving safepoint region
[2023-11-16T06:14:18.553+0000][2398.996s][info ][safepoint     ] Total time for which application threads were stopped: 0.0002591 seconds, Stopping threads took: 0.0000527 seconds
[2023-11-16T06:14:19.553+0000][2399.996s][debug][safepoint     ] Safepoint synchronization initiated. (178 threads)
[2023-11-16T06:14:19.553+0000][2399.996s][info ][safepoint     ] Application time: 1.0001562 seconds
[2023-11-16T06:14:19.553+0000][2399.996s][info ][safepoint     ] Entering safepoint region: Cleanup
[2023-11-16T06:14:19.553+0000][2399.996s][info ][safepoint     ] Leaving safepoint region
[2023-11-16T06:14:19.553+0000][2399.997s][info ][safepoint     ] Total time for which application threads were stopped: 0.0002733 seconds, Stopping threads took: 0.0000524 seconds
[2023-11-16T06:14:20.553+0000][2400.997s][debug][safepoint     ] Safepoint synchronization initiated. (178 threads)
[2023-11-16T06:14:20.553+0000][2400.997s][info ][safepoint     ] Application time: 1.0001493 seconds
[2023-11-16T06:14:20.553+0000][2400.997s][info ][safepoint     ] Entering safepoint region: Cleanup
[2023-11-16T06:14:20.554+0000][2400.997s][info ][safepoint     ] Leaving safepoint region
[2023-11-16T06:14:20.554+0000][2400.997s][info ][safepoint     ] Total time for which application threads were stopped: 0.0003530 seconds, Stopping threads took: 0.0000525 seconds
[2023-11-16T06:14:21.554+0000][2401.997s][debug][safepoint     ] Safepoint synchronization initiated. (178 threads)
[2023-11-16T06:14:21.554+0000][2401.997s][info ][safepoint     ] Application time: 1.0001340 seconds
[2023-11-16T06:14:21.554+0000][2401.997s][info ][safepoint     ] Entering safepoint region: Cleanup
[2023-11-16T06:14:21.554+0000][2401.997s][info ][safepoint     ] Leaving safepoint region
[2023-11-16T06:14:21.554+0000][2401.997s][info ][safepoint     ] Total time for which application threads were stopped: 0.0002811 seconds, Stopping threads took: 0.0000532 seconds
[2023-11-16T06:14:22.554+0000][2402.998s][debug][safepoint     ] Safepoint synchronization initiated. (178 threads)
[2023-11-16T06:14:22.554+0000][2402.998s][info ][safepoint     ] Application time: 1.0001676 seconds
[2023-11-16T06:14:22.554+0000][2402.998s][info ][safepoint     ] Entering safepoint region: Cleanup
[2023-11-16T06:14:22.555+0000][2402.998s][info ][safepoint     ] Leaving safepoint region
[2023-11-16T06:14:22.555+0000][2402.998s][info ][safepoint     ] Total time for which application threads were stopped: 0.0002554 seconds, Stopping threads took: 0.0000572 seconds
[2023-11-16T06:14:23.555+0000][2403.998s][debug][safepoint     ] Safepoint synchronization initiated. (178 threads)
[2023-11-16T06:14:23.555+0000][2403.998s][info ][safepoint     ] Application time: 1.0001636 seconds
[2023-11-16T06:14:23.555+0000][2403.998s][info ][safepoint     ] Entering safepoint region: Cleanup
[2023-11-16T06:14:23.555+0000][2403.998s][info ][safepoint     ] Leaving safepoint region
[2023-11-16T06:14:23.555+0000][2403.998s][info ][safepoint     ] Total time for which application threads were stopped: 0.0002661 seconds, Stopping threads took: 0.0000551 seconds
[2023-11-16T06:14:24.555+0000][2404.999s][debug][safepoint     ] Safepoint synchronization initiated. (178 threads)
[2023-11-16T06:14:24.555+0000][2404.999s][info ][safepoint     ] Application time: 1.0001641 seconds
[2023-11-16T06:14:24.555+0000][2404.999s][info ][safepoint     ] Entering safepoint region: Cleanup
[2023-11-16T06:14:24.556+0000][2404.999s][info ][safepoint     ] Leaving safepoint region
[2023-11-16T06:14:24.556+0000][2404.999s][info ][safepoint     ] Total time for which application threads were stopped: 0.0002818 seconds, Stopping threads took: 0.0000567 seconds
[2023-11-16T06:14:25.556+0000][2405.999s][debug][safepoint     ] Safepoint synchronization initiated. (178 threads)
[2023-11-16T06:14:25.556+0000][2405.999s][info ][safepoint     ] Application time: 1.0001567 seconds
[2023-11-16T06:14:25.556+0000][2405.999s][info ][safepoint     ] Entering safepoint region: Cleanup
[2023-11-16T06:14:25.556+0000][2405.999s][info ][safepoint     ] Leaving safepoint region
[2023-11-16T06:14:25.556+0000][2405.999s][info ][safepoint     ] Total time for which application threads were stopped: 0.0002517 seconds, Stopping threads took: 0.0000553 seconds
[2023-11-16T06:14:26.556+0000][2406.999s][debug][safepoint     ] Safepoint synchronization initiated. (178 threads)
[2023-11-16T06:14:26.556+0000][2407.000s][info ][safepoint     ] Application time: 1.0001402 seconds
[2023-11-16T06:14:26.556+0000][2407.000s][info ][safepoint     ] Entering safepoint region: Cleanup
[2023-11-16T06:14:26.556+0000][2407.000s][info ][safepoint     ] Leaving safepoint region
[2023-11-16T06:14:26.556+0000][2407.000s][info ][safepoint     ] Total time for which application threads were stopped: 0.0002453 seconds, Stopping threads took: 0.0000537 seconds
[2023-11-16T06:14:27.557+0000][2408.000s][debug][safepoint     ] Safepoint synchronization initiated. (178 threads)
[2023-11-16T06:14:27.557+0000][2408.000s][info ][safepoint     ] Application time: 1.0001484 seconds
[2023-11-16T06:14:27.557+0000][2408.000s][info ][safepoint     ] Entering safepoint region: Cleanup
[2023-11-16T06:14:27.557+0000][2408.000s][info ][safepoint     ] Leaving safepoint region
[2023-11-16T06:14:27.557+0000][2408.000s][info ][safepoint     ] Total time for which application threads were stopped: 0.0002546 seconds, Stopping threads took: 0.0000552 seconds
[2023-11-16T06:14:28.557+0000][2409.000s][debug][safepoint     ] Safepoint synchronization initiated. (178 threads)
[2023-11-16T06:14:28.557+0000][2409.000s][info ][safepoint     ] Application time: 1.0001659 seconds
[2023-11-16T06:14:28.557+0000][2409.000s][info ][safepoint     ] Entering safepoint region: Cleanup
[2023-11-16T06:14:28.557+0000][2409.001s][info ][safepoint     ] Leaving safepoint region
[2023-11-16T06:14:28.557+0000][2409.001s][info ][safepoint     ] Total time for which application threads were stopped: 0.0002578 seconds, Stopping threads took: 0.0000544 seconds
[2023-11-16T06:14:29.557+0000][2410.001s][debug][safepoint     ] Safepoint synchronization initiated. (178 threads)
[2023-11-16T06:14:29.558+0000][2410.001s][info ][safepoint     ] Application time: 1.0001507 seconds
[2023-11-16T06:14:29.558+0000][2410.001s][info ][safepoint     ] Entering safepoint region: Cleanup
[2023-11-16T06:14:29.558+0000][2410.001s][info ][safepoint     ] Leaving safepoint region
[2023-11-16T06:14:29.558+0000][2410.001s][info ][safepoint     ] Total time for which application threads were stopped: 0.0003626 seconds, Stopping threads took: 0.0000587 seconds
[2023-11-16T06:14:30.558+0000][2411.001s][debug][safepoint     ] Safepoint synchronization initiated. (178 threads)
[2023-11-16T06:14:30.558+0000][2411.001s][info ][safepoint     ] Application time: 1.0001766 seconds
[2023-11-16T06:14:30.558+0000][2411.001s][info ][safepoint     ] Entering safepoint region: Cleanup
[2023-11-16T06:14:30.558+0000][2411.002s][info ][safepoint     ] Leaving safepoint region
[2023-11-16T06:14:30.558+0000][2411.002s][info ][safepoint     ] Total time for which application threads were stopped: 0.0003272 seconds, Stopping threads took: 0.0000547 seconds
[2023-11-16T06:14:31.559+0000][2412.002s][debug][safepoint     ] Safepoint synchronization initiated. (178 threads)
[2023-11-16T06:14:31.559+0000][2412.002s][info ][safepoint     ] Application time: 1.0001446 seconds
[2023-11-16T06:14:31.559+0000][2412.002s][info ][safepoint     ] Entering safepoint region: Cleanup
[2023-11-16T06:14:31.559+0000][2412.002s][info ][safepoint     ] Leaving safepoint region
[2023-11-16T06:14:31.559+0000][2412.002s][info ][safepoint     ] Total time for which application threads were stopped: 0.0002630 seconds, Stopping threads took: 0.0000539 seconds
[2023-11-16T06:14:32.559+0000][2413.002s][debug][safepoint     ] Safepoint synchronization initiated. (178 threads)
[2023-11-16T06:14:32.559+0000][2413.002s][info ][safepoint     ] Application time: 1.0001499 seconds
[2023-11-16T06:14:32.559+0000][2413.002s][info ][safepoint     ] Entering safepoint region: Cleanup
[2023-11-16T06:14:32.560+0000][2413.003s][info ][safepoint     ] Leaving safepoint region
[2023-11-16T06:14:32.560+0000][2413.003s][info ][safepoint     ] Total time for which application threads were stopped: 0.0004682 seconds, Stopping threads took: 0.0002425 seconds
[2023-11-16T06:14:33.560+0000][2414.003s][debug][safepoint     ] Safepoint synchronization initiated. (178 threads)
[2023-11-16T06:14:33.560+0000][2414.003s][info ][safepoint     ] Application time: 1.0001415 seconds
[2023-11-16T06:14:33.560+0000][2414.003s][info ][safepoint     ] Entering safepoint region: Cleanup
[2023-11-16T06:14:33.560+0000][2414.003s][info ][safepoint     ] Leaving safepoint region
[2023-11-16T06:14:33.560+0000][2414.003s][info ][safepoint     ] Total time for which application threads were stopped: 0.0003450 seconds, Stopping threads took: 0.0000531 seconds
[2023-11-16T06:14:34.560+0000][2415.004s][debug][safepoint     ] Safepoint synchronization initiated. (178 threads)
[2023-11-16T06:14:34.560+0000][2415.004s][info ][safepoint     ] Application time: 1.0001559 seconds
[2023-11-16T06:14:34.560+0000][2415.004s][info ][safepoint     ] Entering safepoint region: Cleanup
[2023-11-16T06:14:34.561+0000][2415.004s][info ][safepoint     ] Leaving safepoint region
[2023-11-16T06:14:34.561+0000][2415.004s][info ][safepoint     ] Total time for which application threads were stopped: 0.0003463 seconds, Stopping threads took: 0.0000532 seconds
[2023-11-16T06:14:35.561+0000][2416.004s][debug][safepoint     ] Safepoint synchronization initiated. (178 threads)
[2023-11-16T06:14:35.561+0000][2416.004s][info ][safepoint     ] Application time: 1.0001608 seconds
[2023-11-16T06:14:35.561+0000][2416.004s][info ][safepoint     ] Entering safepoint region: Cleanup
[2023-11-16T06:14:35.561+0000][2416.004s][info ][safepoint     ] Leaving safepoint region
[2023-11-16T06:14:35.561+0000][2416.004s][info ][safepoint     ] Total time for which application threads were stopped: 0.0003208 seconds, Stopping threads took: 0.0000534 seconds
[2023-11-16T06:14:36.561+0000][2417.005s][debug][safepoint     ] Safepoint synchronization initiated. (178 threads)
[2023-11-16T06:14:36.561+0000][2417.005s][info ][safepoint     ] Application time: 1.0001812 seconds
[2023-11-16T06:14:36.561+0000][2417.005s][info ][safepoint     ] Entering safepoint region: Cleanup
[2023-11-16T06:14:36.562+0000][2417.005s][info ][safepoint     ] Leaving safepoint region
[2023-11-16T06:14:36.562+0000][2417.005s][info ][safepoint     ] Total time for which application threads were stopped: 0.0003417 seconds, Stopping threads took: 0.0000547 seconds
[2023-11-16T06:14:37.562+0000][2418.005s][debug][safepoint     ] Safepoint synchronization initiated. (178 threads)
[2023-11-16T06:14:37.562+0000][2418.005s][info ][safepoint     ] Application time: 1.0001429 seconds
[2023-11-16T06:14:37.562+0000][2418.005s][info ][safepoint     ] Entering safepoint region: Cleanup
[2023-11-16T06:14:37.562+0000][2418.006s][info ][safepoint     ] Leaving safepoint region
[2023-11-16T06:14:37.562+0000][2418.006s][info ][safepoint     ] Total time for which application threads were stopped: 0.0004249 seconds, Stopping threads took: 0.0001958 seconds
[2023-11-16T06:14:38.562+0000][2419.006s][debug][safepoint     ] Safepoint synchronization initiated. (178 threads)
[2023-11-16T06:14:38.562+0000][2419.006s][info ][safepoint     ] Application time: 1.0001673 seconds
[2023-11-16T06:14:38.563+0000][2419.006s][info ][safepoint     ] Entering safepoint region: Cleanup
[2023-11-16T06:14:38.563+0000][2419.006s][info ][safepoint     ] Leaving safepoint region
[2023-11-16T06:14:38.563+0000][2419.006s][info ][safepoint     ] Total time for which application threads were stopped: 0.0002622 seconds, Stopping threads took: 0.0000528 seconds
[2023-11-16T06:14:39.563+0000][2420.006s][debug][safepoint     ] Safepoint synchronization initiated. (178 threads)
[2023-11-16T06:14:39.563+0000][2420.006s][info ][safepoint     ] Application time: 1.0001623 seconds
[2023-11-16T06:14:39.563+0000][2420.006s][info ][safepoint     ] Entering safepoint region: Cleanup
[2023-11-16T06:14:39.563+0000][2420.007s][info ][safepoint     ] Leaving safepoint region
[2023-11-16T06:14:39.563+0000][2420.007s][info ][safepoint     ] Total time for which application threads were stopped: 0.0003482 seconds, Stopping threads took: 0.0000530 seconds
[2023-11-16T06:14:40.563+0000][2421.007s][debug][safepoint     ] Safepoint synchronization initiated. (178 threads)
[2023-11-16T06:14:40.563+0000][2421.007s][info ][safepoint     ] Application time: 1.0001724 seconds
[2023-11-16T06:14:40.564+0000][2421.007s][info ][safepoint     ] Entering safepoint region: Cleanup
[2023-11-16T06:14:40.564+0000][2421.007s][info ][safepoint     ] Leaving safepoint region
[2023-11-16T06:14:40.564+0000][2421.007s][info ][safepoint     ] Total time for which application threads were stopped: 0.0003426 seconds, Stopping threads took: 0.0000527 seconds
[2023-11-16T06:14:41.564+0000][2422.007s][debug][safepoint     ] Safepoint synchronization initiated. (178 threads)
[2023-11-16T06:14:41.564+0000][2422.007s][info ][safepoint     ] Application time: 1.0001545 seconds
[2023-11-16T06:14:41.564+0000][2422.007s][info ][safepoint     ] Entering safepoint region: Cleanup
[2023-11-16T06:14:41.564+0000][2422.008s][info ][safepoint     ] Leaving safepoint region
[2023-11-16T06:14:41.564+0000][2422.008s][info ][safepoint     ] Total time for which application threads were stopped: 0.0003469 seconds, Stopping threads took: 0.0000531 seconds
[2023-11-16T06:14:42.565+0000][2423.008s][debug][safepoint     ] Safepoint synchronization initiated. (178 threads)
[2023-11-16T06:14:42.565+0000][2423.008s][info ][safepoint     ] Application time: 1.0001667 seconds
[2023-11-16T06:14:42.565+0000][2423.008s][info ][safepoint     ] Entering safepoint region: Cleanup
[2023-11-16T06:14:42.565+0000][2423.008s][info ][safepoint     ] Leaving safepoint region
[2023-11-16T06:14:42.565+0000][2423.008s][info ][safepoint     ] Total time for which application threads were stopped: 0.0005535 seconds, Stopping threads took: 0.0002500 seconds
[2023-11-16T06:14:43.565+0000][2424.009s][debug][safepoint     ] Safepoint synchronization initiated. (178 threads)
[2023-11-16T06:14:43.565+0000][2424.009s][info ][safepoint     ] Application time: 1.0001982 seconds
[2023-11-16T06:14:43.565+0000][2424.009s][info ][safepoint     ] Entering safepoint region: Cleanup
[2023-11-16T06:14:43.566+0000][2424.009s][info ][safepoint     ] Leaving safepoint region
[2023-11-16T06:14:43.566+0000][2424.009s][info ][safepoint     ] Total time for which application threads were stopped: 0.0003463 seconds, Stopping threads took: 0.0000533 seconds
[2023-11-16T06:14:44.566+0000][2425.009s][debug][safepoint     ] Safepoint synchronization initiated. (178 threads)
[2023-11-16T06:14:44.566+0000][2425.009s][info ][safepoint     ] Application time: 1.0001700 seconds
[2023-11-16T06:14:44.566+0000][2425.009s][info ][safepoint     ] Entering safepoint region: Cleanup
[2023-11-16T06:14:44.566+0000][2425.010s][info ][safepoint     ] Leaving safepoint region
[2023-11-16T06:14:44.566+0000][2425.010s][info ][safepoint     ] Total time for which application threads were stopped: 0.0003480 seconds, Stopping threads took: 0.0000527 seconds
[2023-11-16T06:14:45.566+0000][2426.010s][debug][safepoint     ] Safepoint synchronization initiated. (177 threads)
[2023-11-16T06:14:45.566+0000][2426.010s][info ][safepoint     ] Application time: 1.0001690 seconds
[2023-11-16T06:14:45.567+0000][2426.010s][info ][safepoint     ] Entering safepoint region: Cleanup
[2023-11-16T06:14:45.567+0000][2426.010s][info ][safepoint     ] Leaving safepoint region
[2023-11-16T06:14:45.567+0000][2426.010s][info ][safepoint     ] Total time for which application threads were stopped: 0.0003393 seconds, Stopping threads took: 0.0000520 seconds
[2023-11-16T06:14:46.567+0000][2427.010s][debug][safepoint     ] Safepoint synchronization initiated. (177 threads)
[2023-11-16T06:14:46.567+0000][2427.010s][info ][safepoint     ] Application time: 1.0001686 seconds
[2023-11-16T06:14:46.567+0000][2427.010s][info ][safepoint     ] Entering safepoint region: Cleanup
[2023-11-16T06:14:46.567+0000][2427.011s][info ][safepoint     ] Leaving safepoint region
[2023-11-16T06:14:46.567+0000][2427.011s][info ][safepoint     ] Total time for which application threads were stopped: 0.0003080 seconds, Stopping threads took: 0.0000525 seconds
[2023-11-16T06:14:47.567+0000][2428.011s][debug][safepoint     ] Safepoint synchronization initiated. (177 threads)
[2023-11-16T06:14:47.568+0000][2428.011s][info ][safepoint     ] Application time: 1.0001960 seconds
[2023-11-16T06:14:47.568+0000][2428.011s][info ][safepoint     ] Entering safepoint region: Cleanup
[2023-11-16T06:14:47.568+0000][2428.011s][info ][safepoint     ] Leaving safepoint region
[2023-11-16T06:14:47.568+0000][2428.011s][info ][safepoint     ] Total time for which application threads were stopped: 0.0005114 seconds, Stopping threads took: 0.0002499 seconds
[2023-11-16T06:14:47.568+0000][2428.011s][debug][safepoint     ] ... found polling page return exception at pc = 0x00007fde849bede6, stub =0x00007fde7c83a800
[2023-11-16T06:14:48.568+0000][2429.012s][debug][safepoint     ] Safepoint synchronization initiated. (177 threads)
[2023-11-16T06:14:48.568+0000][2429.012s][info ][safepoint     ] Application time: 1.0001655 seconds
[2023-11-16T06:14:48.568+0000][2429.012s][info ][safepoint     ] Entering safepoint region: Cleanup
[2023-11-16T06:14:48.569+0000][2429.012s][info ][safepoint     ] Leaving safepoint region
[2023-11-16T06:14:48.569+0000][2429.012s][info ][safepoint     ] Total time for which application threads were stopped: 0.0002662 seconds, Stopping threads took: 0.0000532 seconds
[2023-11-16T06:14:49.569+0000][2430.012s][debug][safepoint     ] Safepoint synchronization initiated. (177 threads)
[2023-11-16T06:14:49.569+0000][2430.012s][info ][safepoint     ] Application time: 1.0001708 seconds
[2023-11-16T06:14:49.569+0000][2430.012s][info ][safepoint     ] Entering safepoint region: Cleanup
[2023-11-16T06:14:49.569+0000][2430.012s][info ][safepoint     ] Leaving safepoint region
[2023-11-16T06:14:49.569+0000][2430.012s][info ][safepoint     ] Total time for which application threads were stopped: 0.0003542 seconds, Stopping threads took: 0.0000527 seconds
[2023-11-16T06:14:50.569+0000][2431.013s][debug][safepoint     ] Safepoint synchronization initiated. (177 threads)
[2023-11-16T06:14:50.569+0000][2431.013s][info ][safepoint     ] Application time: 1.0001726 seconds
[2023-11-16T06:14:50.569+0000][2431.013s][info ][safepoint     ] Entering safepoint region: Cleanup
[2023-11-16T06:14:50.570+0000][2431.013s][info ][safepoint     ] Leaving safepoint region
[2023-11-16T06:14:50.570+0000][2431.013s][info ][safepoint     ] Total time for which application threads were stopped: 0.0003416 seconds, Stopping threads took: 0.0000518 seconds
[2023-11-16T06:14:51.570+0000][2432.013s][debug][safepoint     ] Safepoint synchronization initiated. (177 threads)
[2023-11-16T06:14:51.570+0000][2432.013s][info ][safepoint     ] Application time: 1.0001564 seconds
[2023-11-16T06:14:51.570+0000][2432.013s][info ][safepoint     ] Entering safepoint region: Cleanup
[2023-11-16T06:14:51.570+0000][2432.014s][info ][safepoint     ] Leaving safepoint region
[2023-11-16T06:14:51.570+0000][2432.014s][info ][safepoint     ] Total time for which application threads were stopped: 0.0003485 seconds, Stopping threads took: 0.0000530 seconds
[2023-11-16T06:14:52.570+0000][2433.014s][debug][safepoint     ] Safepoint synchronization initiated. (177 threads)
[2023-11-16T06:14:52.570+0000][2433.014s][info ][safepoint     ] Application time: 1.0001759 seconds
[2023-11-16T06:14:52.570+0000][2433.014s][info ][safepoint     ] Entering safepoint region: Cleanup
[2023-11-16T06:14:52.571+0000][2433.014s][info ][safepoint     ] Leaving safepoint region
[2023-11-16T06:14:52.571+0000][2433.014s][info ][safepoint     ] Total time for which application threads were stopped: 0.0005556 seconds, Stopping threads took: 0.0002972 seconds
[2023-11-16T06:14:53.571+0000][2434.014s][debug][safepoint     ] Safepoint synchronization initiated. (177 threads)
[2023-11-16T06:14:53.571+0000][2434.014s][info ][safepoint     ] Application time: 1.0001600 seconds
[2023-11-16T06:14:53.571+0000][2434.015s][info ][safepoint     ] Entering safepoint region: Cleanup
[2023-11-16T06:14:53.571+0000][2434.015s][info ][safepoint     ] Leaving safepoint region
[2023-11-16T06:14:53.572+0000][2434.015s][debug][safepoint     ] ... found polling page return exception at pc = 0x00007fde849bede6, stub =0x00007fde7c83a800
[2023-11-16T06:14:53.572+0000][2434.015s][info ][safepoint     ] Total time for which application threads were stopped: 0.0003255 seconds, Stopping threads took: 0.0000521 seconds
[2023-11-16T06:14:54.572+0000][2435.015s][debug][safepoint     ] Safepoint synchronization initiated. (177 threads)
[2023-11-16T06:14:54.572+0000][2435.015s][info ][safepoint     ] Application time: 1.0001837 seconds
[2023-11-16T06:14:54.572+0000][2435.015s][info ][safepoint     ] Entering safepoint region: Cleanup
[2023-11-16T06:14:54.572+0000][2435.015s][info ][safepoint     ] Leaving safepoint region
[2023-11-16T06:14:54.572+0000][2435.015s][info ][safepoint     ] Total time for which application threads were stopped: 0.0003438 seconds, Stopping threads took: 0.0000530 seconds
[2023-11-16T06:14:55.572+0000][2436.016s][debug][safepoint     ] Safepoint synchronization initiated. (177 threads)
[2023-11-16T06:14:55.572+0000][2436.016s][info ][safepoint     ] Application time: 1.0001595 seconds
[2023-11-16T06:14:55.572+0000][2436.016s][info ][safepoint     ] Entering safepoint region: Cleanup
[2023-11-16T06:14:55.573+0000][2436.016s][info ][safepoint     ] Leaving safepoint region
[2023-11-16T06:14:55.573+0000][2436.016s][info ][safepoint     ] Total time for which application threads were stopped: 0.0003462 seconds, Stopping threads took: 0.0000525 seconds
[2023-11-16T06:14:56.573+0000][2437.016s][debug][safepoint     ] Safepoint synchronization initiated. (177 threads)
[2023-11-16T06:14:56.573+0000][2437.016s][info ][safepoint     ] Application time: 1.0001719 seconds
[2023-11-16T06:14:56.573+0000][2437.016s][info ][safepoint     ] Entering safepoint region: Cleanup
[2023-11-16T06:14:56.573+0000][2437.017s][info ][safepoint     ] Leaving safepoint region
[2023-11-16T06:14:56.573+0000][2437.017s][info ][safepoint     ] Total time for which application threads were stopped: 0.0003779 seconds, Stopping threads took: 0.0000529 seconds
[2023-11-16T06:14:57.573+0000][2438.017s][debug][safepoint     ] Safepoint synchronization initiated. (177 threads)
[2023-11-16T06:14:57.573+0000][2438.017s][info ][safepoint     ] Application time: 1.0001583 seconds
[2023-11-16T06:14:57.574+0000][2438.017s][info ][safepoint     ] Entering safepoint region: Cleanup
[2023-11-16T06:14:57.574+0000][2438.017s][info ][safepoint     ] Leaving safepoint region
[2023-11-16T06:14:57.574+0000][2438.017s][info ][safepoint     ] Total time for which application threads were stopped: 0.0004221 seconds, Stopping threads took: 0.0001610 seconds
[2023-11-16T06:14:58.574+0000][2439.017s][debug][safepoint     ] Safepoint synchronization initiated. (177 threads)
[2023-11-16T06:14:58.574+0000][2439.017s][info ][safepoint     ] Application time: 1.0001703 seconds
[2023-11-16T06:14:58.574+0000][2439.017s][info ][safepoint     ] Entering safepoint region: Cleanup
[2023-11-16T06:14:58.574+0000][2439.018s][info ][safepoint     ] Leaving safepoint region
[2023-11-16T06:14:58.574+0000][2439.018s][info ][safepoint     ] Total time for which application threads were stopped: 0.0003438 seconds, Stopping threads took: 0.0000513 seconds
[2023-11-16T06:14:59.575+0000][2440.018s][debug][safepoint     ] Safepoint synchronization initiated. (177 threads)
[2023-11-16T06:14:59.575+0000][2440.018s][info ][safepoint     ] Application time: 1.0001730 seconds
[2023-11-16T06:14:59.575+0000][2440.018s][info ][safepoint     ] Entering safepoint region: Cleanup
[2023-11-16T06:14:59.575+0000][2440.018s][info ][safepoint     ] Leaving safepoint region
[2023-11-16T06:14:59.575+0000][2440.018s][info ][safepoint     ] Total time for which application threads were stopped: 0.0003374 seconds, Stopping threads took: 0.0000518 seconds
[2023-11-16T06:15:00.575+0000][2441.018s][debug][safepoint     ] Safepoint synchronization initiated. (177 threads)
[2023-11-16T06:15:00.575+0000][2441.018s][info ][safepoint     ] Application time: 1.0001439 seconds
[2023-11-16T06:15:00.575+0000][2441.019s][info ][safepoint     ] Entering safepoint region: Cleanup
[2023-11-16T06:15:00.575+0000][2441.019s][info ][safepoint     ] Leaving safepoint region
[2023-11-16T06:15:00.576+0000][2441.019s][info ][safepoint     ] Total time for which application threads were stopped: 0.0003566 seconds, Stopping threads took: 0.0000519 seconds
[2023-11-16T06:15:01.576+0000][2442.019s][debug][safepoint     ] Safepoint synchronization initiated. (177 threads)
[2023-11-16T06:15:01.576+0000][2442.019s][info ][safepoint     ] Application time: 1.0001544 seconds
[2023-11-16T06:15:01.576+0000][2442.019s][info ][safepoint     ] Entering safepoint region: Cleanup
[2023-11-16T06:15:01.576+0000][2442.019s][info ][safepoint     ] Leaving safepoint region
[2023-11-16T06:15:01.576+0000][2442.019s][info ][safepoint     ] Total time for which application threads were stopped: 0.0003360 seconds, Stopping threads took: 0.0000516 seconds
[2023-11-16T06:15:02.576+0000][2443.019s][debug][safepoint     ] Safepoint synchronization initiated. (177 threads)
[2023-11-16T06:15:02.576+0000][2443.020s][info ][safepoint     ] Application time: 1.0001574 seconds
[2023-11-16T06:15:02.576+0000][2443.020s][info ][safepoint     ] Entering safepoint region: Cleanup
[2023-11-16T06:15:02.577+0000][2443.020s][info ][safepoint     ] Leaving safepoint region
[2023-11-16T06:15:02.577+0000][2443.020s][info ][safepoint     ] Total time for which application threads were stopped: 0.0003435 seconds, Stopping threads took: 0.0000510 seconds
[2023-11-16T06:15:03.577+0000][2444.020s][debug][safepoint     ] Safepoint synchronization initiated. (177 threads)
[2023-11-16T06:15:03.577+0000][2444.020s][info ][safepoint     ] Application time: 1.0001676 seconds
[2023-11-16T06:15:03.577+0000][2444.020s][info ][safepoint     ] Entering safepoint region: Cleanup
[2023-11-16T06:15:03.577+0000][2444.020s][info ][safepoint     ] Leaving safepoint region
[2023-11-16T06:15:03.577+0000][2444.020s][info ][safepoint     ] Total time for which application threads were stopped: 0.0003113 seconds, Stopping threads took: 0.0000518 seconds
[2023-11-16T06:15:04.577+0000][2445.021s][debug][safepoint     ] Safepoint synchronization initiated. (177 threads)
[2023-11-16T06:15:04.577+0000][2445.021s][info ][safepoint     ] Application time: 1.0001529 seconds
[2023-11-16T06:15:04.577+0000][2445.021s][info ][safepoint     ] Entering safepoint region: Cleanup
[2023-11-16T06:15:04.578+0000][2445.021s][info ][safepoint     ] Leaving safepoint region
[2023-11-16T06:15:04.578+0000][2445.021s][info ][safepoint     ] Total time for which application threads were stopped: 0.0002573 seconds, Stopping threads took: 0.0000510 seconds
[2023-11-16T06:15:05.578+0000][2446.021s][debug][safepoint     ] Safepoint synchronization initiated. (177 threads)
[2023-11-16T06:15:05.578+0000][2446.021s][info ][safepoint     ] Application time: 1.0001743 seconds
[2023-11-16T06:15:05.578+0000][2446.021s][info ][safepoint     ] Entering safepoint region: Cleanup
[2023-11-16T06:15:05.578+0000][2446.021s][info ][safepoint     ] Leaving safepoint region
[2023-11-16T06:15:05.578+0000][2446.021s][info ][safepoint     ] Total time for which application threads were stopped: 0.0003046 seconds, Stopping threads took: 0.0000514 seconds
[2023-11-16T06:15:06.578+0000][2447.022s][debug][safepoint     ] Safepoint synchronization initiated. (177 threads)
[2023-11-16T06:15:06.578+0000][2447.022s][info ][safepoint     ] Application time: 1.0001716 seconds
[2023-11-16T06:15:06.578+0000][2447.022s][info ][safepoint     ] Entering safepoint region: Cleanup
[2023-11-16T06:15:06.579+0000][2447.022s][info ][safepoint     ] Leaving safepoint region
[2023-11-16T06:15:06.579+0000][2447.022s][info ][safepoint     ] Total time for which application threads were stopped: 0.0002600 seconds, Stopping threads took: 0.0000520 seconds
[2023-11-16T06:15:07.579+0000][2448.022s][debug][safepoint     ] Safepoint synchronization initiated. (177 threads)
[2023-11-16T06:15:07.579+0000][2448.022s][info ][safepoint     ] Application time: 1.0001605 seconds
[2023-11-16T06:15:07.579+0000][2448.022s][info ][safepoint     ] Entering safepoint region: Cleanup
[2023-11-16T06:15:07.579+0000][2448.022s][info ][safepoint     ] Leaving safepoint region
[2023-11-16T06:15:07.579+0000][2448.022s][info ][safepoint     ] Total time for which application threads were stopped: 0.0003242 seconds, Stopping threads took: 0.0000408 seconds
[2023-11-16T06:15:08.579+0000][2449.022s][debug][safepoint     ] Safepoint synchronization initiated. (177 threads)
[2023-11-16T06:15:08.579+0000][2449.023s][info ][safepoint     ] Application time: 1.0001720 seconds
[2023-11-16T06:15:08.579+0000][2449.023s][info ][safepoint     ] Entering safepoint region: Cleanup
[2023-11-16T06:15:08.580+0000][2449.023s][info ][safepoint     ] Leaving safepoint region
[2023-11-16T06:15:08.580+0000][2449.023s][info ][safepoint     ] Total time for which application threads were stopped: 0.0003316 seconds, Stopping threads took: 0.0000514 seconds
[2023-11-16T06:15:09.580+0000][2450.023s][debug][safepoint     ] Safepoint synchronization initiated. (177 threads)
[2023-11-16T06:15:09.580+0000][2450.023s][info ][safepoint     ] Application time: 1.0001767 seconds
[2023-11-16T06:15:09.580+0000][2450.023s][info ][safepoint     ] Entering safepoint region: Cleanup
[2023-11-16T06:15:09.580+0000][2450.023s][info ][safepoint     ] Leaving safepoint region
[2023-11-16T06:15:09.580+0000][2450.023s][info ][safepoint     ] Total time for which application threads were stopped: 0.0003431 seconds, Stopping threads took: 0.0000516 seconds
[2023-11-16T06:15:10.580+0000][2451.024s][debug][safepoint     ] Safepoint synchronization initiated. (177 threads)
[2023-11-16T06:15:10.580+0000][2451.024s][info ][safepoint     ] Application time: 1.0001766 seconds
[2023-11-16T06:15:10.580+0000][2451.024s][info ][safepoint     ] Entering safepoint region: Cleanup
[2023-11-16T06:15:10.581+0000][2451.024s][info ][safepoint     ] Leaving safepoint region
[2023-11-16T06:15:10.581+0000][2451.024s][info ][safepoint     ] Total time for which application threads were stopped: 0.0007230 seconds, Stopping threads took: 0.0004712 seconds
[2023-11-16T06:15:11.581+0000][2452.025s][debug][safepoint     ] Safepoint synchronization initiated. (177 threads)
[2023-11-16T06:15:11.581+0000][2452.025s][info ][safepoint     ] Application time: 1.0001741 seconds
[2023-11-16T06:15:11.581+0000][2452.025s][info ][safepoint     ] Entering safepoint region: Cleanup
[2023-11-16T06:15:11.582+0000][2452.025s][info ][safepoint     ] Leaving safepoint region
[2023-11-16T06:15:11.582+0000][2452.025s][info ][safepoint     ] Total time for which application threads were stopped: 0.0003449 seconds, Stopping threads took: 0.0000520 seconds
[2023-11-16T06:15:12.582+0000][2453.025s][debug][safepoint     ] Safepoint synchronization initiated. (177 threads)
[2023-11-16T06:15:12.582+0000][2453.025s][info ][safepoint     ] Application time: 1.0001739 seconds
[2023-11-16T06:15:12.582+0000][2453.025s][info ][safepoint     ] Entering safepoint region: Cleanup
[2023-11-16T06:15:12.582+0000][2453.025s][info ][safepoint     ] Leaving safepoint region
[2023-11-16T06:15:12.582+0000][2453.025s][info ][safepoint     ] Total time for which application threads were stopped: 0.0003029 seconds, Stopping threads took: 0.0000516 seconds
[2023-11-16T06:15:13.582+0000][2454.026s][debug][safepoint     ] Safepoint synchronization initiated. (177 threads)
[2023-11-16T06:15:13.582+0000][2454.026s][info ][safepoint     ] Application time: 1.0001550 seconds
[2023-11-16T06:15:13.582+0000][2454.026s][info ][safepoint     ] Entering safepoint region: Cleanup
[2023-11-16T06:15:13.583+0000][2454.026s][info ][safepoint     ] Leaving safepoint region
[2023-11-16T06:15:13.583+0000][2454.026s][info ][safepoint     ] Total time for which application threads were stopped: 0.0003334 seconds, Stopping threads took: 0.0000512 seconds
[2023-11-16T06:15:14.583+0000][2455.026s][debug][safepoint     ] Safepoint synchronization initiated. (177 threads)
[2023-11-16T06:15:14.583+0000][2455.026s][info ][safepoint     ] Application time: 1.0001709 seconds
[2023-11-16T06:15:14.583+0000][2455.026s][info ][safepoint     ] Entering safepoint region: Cleanup
[2023-11-16T06:15:14.583+0000][2455.026s][info ][safepoint     ] Leaving safepoint region
[2023-11-16T06:15:14.583+0000][2455.027s][info ][safepoint     ] Total time for which application threads were stopped: 0.0003403 seconds, Stopping threads took: 0.0000513 seconds
[2023-11-16T06:15:15.583+0000][2456.027s][debug][safepoint     ] Safepoint synchronization initiated. (177 threads)
[2023-11-16T06:15:15.583+0000][2456.027s][info ][safepoint     ] Application time: 1.0001749 seconds
[2023-11-16T06:15:15.583+0000][2456.027s][info ][safepoint     ] Entering safepoint region: Cleanup
[2023-11-16T06:15:15.584+0000][2456.027s][info ][safepoint     ] Leaving safepoint region
[2023-11-16T06:15:15.584+0000][2456.027s][info ][safepoint     ] Total time for which application threads were stopped: 0.0003654 seconds, Stopping threads took: 0.0000729 seconds
[2023-11-16T06:15:16.584+0000][2457.027s][debug][safepoint     ] Safepoint synchronization initiated. (177 threads)
[2023-11-16T06:15:16.584+0000][2457.027s][info ][safepoint     ] Application time: 1.0001693 seconds
[2023-11-16T06:15:16.584+0000][2457.027s][info ][safepoint     ] Entering safepoint region: Cleanup
[2023-11-16T06:15:16.584+0000][2457.028s][info ][safepoint     ] Leaving safepoint region
[2023-11-16T06:15:16.584+0000][2457.028s][info ][safepoint     ] Total time for which application threads were stopped: 0.0003401 seconds, Stopping threads took: 0.0000508 seconds
[2023-11-16T06:15:17.584+0000][2458.028s][debug][safepoint     ] Safepoint synchronization initiated. (177 threads)
[2023-11-16T06:15:17.585+0000][2458.028s][info ][safepoint     ] Application time: 1.0001669 seconds
[2023-11-16T06:15:17.585+0000][2458.028s][info ][safepoint     ] Entering safepoint region: Cleanup
[2023-11-16T06:15:17.585+0000][2458.028s][info ][safepoint     ] Leaving safepoint region
[2023-11-16T06:15:17.585+0000][2458.028s][info ][safepoint     ] Total time for which application threads were stopped: 0.0005727 seconds, Stopping threads took: 0.0002935 seconds
[2023-11-16T06:15:18.585+0000][2459.029s][debug][safepoint     ] Safepoint synchronization initiated. (177 threads)
[2023-11-16T06:15:18.585+0000][2459.029s][info ][safepoint     ] Application time: 1.0001685 seconds
[2023-11-16T06:15:18.585+0000][2459.029s][info ][safepoint     ] Entering safepoint region: Cleanup
[2023-11-16T06:15:18.586+0000][2459.029s][info ][safepoint     ] Leaving safepoint region
[2023-11-16T06:15:18.586+0000][2459.029s][info ][safepoint     ] Total time for which application threads were stopped: 0.0003106 seconds, Stopping threads took: 0.0000509 seconds
[2023-11-16T06:15:19.586+0000][2460.029s][debug][safepoint     ] Safepoint synchronization initiated. (177 threads)
[2023-11-16T06:15:19.586+0000][2460.029s][info ][safepoint     ] Application time: 1.0001695 seconds
[2023-11-16T06:15:19.586+0000][2460.029s][info ][safepoint     ] Entering safepoint region: Cleanup
[2023-11-16T06:15:19.586+0000][2460.029s][info ][safepoint     ] Leaving safepoint region
[2023-11-16T06:15:19.586+0000][2460.029s][info ][safepoint     ] Total time for which application threads were stopped: 0.0003358 seconds, Stopping threads took: 0.0000511 seconds
[2023-11-16T06:15:20.586+0000][2461.030s][debug][safepoint     ] Safepoint synchronization initiated. (177 threads)
[2023-11-16T06:15:20.586+0000][2461.030s][info ][safepoint     ] Application time: 1.0001737 seconds
[2023-11-16T06:15:20.586+0000][2461.030s][info ][safepoint     ] Entering safepoint region: Cleanup
[2023-11-16T06:15:20.587+0000][2461.030s][info ][safepoint     ] Leaving safepoint region
[2023-11-16T06:15:20.587+0000][2461.030s][info ][safepoint     ] Total time for which application threads were stopped: 0.0003369 seconds, Stopping threads took: 0.0000514 seconds
[2023-11-16T06:15:21.587+0000][2462.030s][debug][safepoint     ] Safepoint synchronization initiated. (177 threads)
[2023-11-16T06:15:21.587+0000][2462.030s][info ][safepoint     ] Application time: 1.0001628 seconds
[2023-11-16T06:15:21.587+0000][2462.030s][info ][safepoint     ] Entering safepoint region: Cleanup
[2023-11-16T06:15:21.587+0000][2462.031s][info ][safepoint     ] Leaving safepoint region
[2023-11-16T06:15:21.587+0000][2462.031s][info ][safepoint     ] Total time for which application threads were stopped: 0.0003379 seconds, Stopping threads took: 0.0000517 seconds
[2023-11-16T06:15:22.587+0000][2463.031s][debug][safepoint     ] Safepoint synchronization initiated. (177 threads)
[2023-11-16T06:15:22.587+0000][2463.031s][info ][safepoint     ] Application time: 1.0001564 seconds
[2023-11-16T06:15:22.588+0000][2463.031s][info ][safepoint     ] Entering safepoint region: Cleanup
[2023-11-16T06:15:22.588+0000][2463.031s][info ][safepoint     ] Leaving safepoint region
[2023-11-16T06:15:22.588+0000][2463.031s][info ][safepoint     ] Total time for which application threads were stopped: 0.0006881 seconds, Stopping threads took: 0.0004637 seconds
[2023-11-16T06:15:23.588+0000][2464.032s][debug][safepoint     ] Safepoint synchronization initiated. (177 threads)
[2023-11-16T06:15:23.588+0000][2464.032s][info ][safepoint     ] Application time: 1.0001547 seconds
[2023-11-16T06:15:23.588+0000][2464.032s][info ][safepoint     ] Entering safepoint region: Cleanup
[2023-11-16T06:15:23.589+0000][2464.032s][info ][safepoint     ] Leaving safepoint region
[2023-11-16T06:15:23.589+0000][2464.032s][info ][safepoint     ] Total time for which application threads were stopped: 0.0003513 seconds, Stopping threads took: 0.0000526 seconds
[2023-11-16T06:15:24.589+0000][2465.032s][debug][safepoint     ] Safepoint synchronization initiated. (177 threads)
[2023-11-16T06:15:24.589+0000][2465.032s][info ][safepoint     ] Application time: 1.0001575 seconds
[2023-11-16T06:15:24.589+0000][2465.032s][info ][safepoint     ] Entering safepoint region: Cleanup
[2023-11-16T06:15:24.589+0000][2465.033s][info ][safepoint     ] Leaving safepoint region
[2023-11-16T06:15:24.589+0000][2465.033s][info ][safepoint     ] Total time for which application threads were stopped: 0.0003666 seconds, Stopping threads took: 0.0000754 seconds
[2023-11-16T06:15:25.589+0000][2466.033s][debug][safepoint     ] Safepoint synchronization initiated. (177 threads)
[2023-11-16T06:15:25.589+0000][2466.033s][info ][safepoint     ] Application time: 1.0001820 seconds
[2023-11-16T06:15:25.589+0000][2466.033s][info ][safepoint     ] Entering safepoint region: Cleanup
[2023-11-16T06:15:25.590+0000][2466.033s][info ][safepoint     ] Leaving safepoint region
[2023-11-16T06:15:25.590+0000][2466.033s][info ][safepoint     ] Total time for which application threads were stopped: 0.0003456 seconds, Stopping threads took: 0.0000519 seconds
[2023-11-16T06:15:26.590+0000][2467.033s][debug][safepoint     ] Safepoint synchronization initiated. (177 threads)
[2023-11-16T06:15:26.590+0000][2467.033s][info ][safepoint     ] Application time: 1.0001680 seconds
[2023-11-16T06:15:26.590+0000][2467.033s][info ][safepoint     ] Entering safepoint region: Cleanup
[2023-11-16T06:15:26.590+0000][2467.034s][info ][safepoint     ] Leaving safepoint region
[2023-11-16T06:15:26.590+0000][2467.034s][info ][safepoint     ] Total time for which application threads were stopped: 0.0003392 seconds, Stopping threads took: 0.0000518 seconds
[2023-11-16T06:15:27.590+0000][2468.034s][debug][safepoint     ] Safepoint synchronization initiated. (177 threads)
[2023-11-16T06:15:27.591+0000][2468.034s][info ][safepoint     ] Application time: 1.0001723 seconds
[2023-11-16T06:15:27.591+0000][2468.034s][info ][safepoint     ] Entering safepoint region: Cleanup
[2023-11-16T06:15:27.591+0000][2468.034s][info ][safepoint     ] Leaving safepoint region
[2023-11-16T06:15:27.591+0000][2468.034s][info ][safepoint     ] Total time for which application threads were stopped: 0.0004375 seconds, Stopping threads took: 0.0001542 seconds
[2023-11-16T06:15:28.591+0000][2469.034s][debug][safepoint     ] Safepoint synchronization initiated. (177 threads)
[2023-11-16T06:15:28.591+0000][2469.034s][info ][safepoint     ] Application time: 1.0001731 seconds
[2023-11-16T06:15:28.591+0000][2469.035s][info ][safepoint     ] Entering safepoint region: Cleanup
[2023-11-16T06:15:28.591+0000][2469.035s][info ][safepoint     ] Leaving safepoint region
[2023-11-16T06:15:28.592+0000][2469.035s][info ][safepoint     ] Total time for which application threads were stopped: 0.0003225 seconds, Stopping threads took: 0.0000527 seconds
[2023-11-16T06:15:29.592+0000][2470.035s][debug][safepoint     ] Safepoint synchronization initiated. (177 threads)
[2023-11-16T06:15:29.592+0000][2470.035s][info ][safepoint     ] Application time: 1.0001570 seconds
[2023-11-16T06:15:29.592+0000][2470.035s][info ][safepoint     ] Entering safepoint region: Cleanup
[2023-11-16T06:15:29.592+0000][2470.035s][info ][safepoint     ] Leaving safepoint region
[2023-11-16T06:15:29.592+0000][2470.035s][info ][safepoint     ] Total time for which application threads were stopped: 0.0003420 seconds, Stopping threads took: 0.0000520 seconds
[2023-11-16T06:15:30.592+0000][2471.035s][debug][safepoint     ] Safepoint synchronization initiated. (177 threads)
[2023-11-16T06:15:30.592+0000][2471.036s][info ][safepoint     ] Application time: 1.0001568 seconds
[2023-11-16T06:15:30.592+0000][2471.036s][info ][safepoint     ] Entering safepoint region: Cleanup
[2023-11-16T06:15:30.593+0000][2471.036s][info ][safepoint     ] Leaving safepoint region
[2023-11-16T06:15:30.593+0000][2471.036s][info ][safepoint     ] Total time for which application threads were stopped: 0.0003363 seconds, Stopping threads took: 0.0000515 seconds
[2023-11-16T06:15:31.593+0000][2472.036s][debug][safepoint     ] Safepoint synchronization initiated. (177 threads)
[2023-11-16T06:15:31.593+0000][2472.036s][info ][safepoint     ] Application time: 1.0001554 seconds
[2023-11-16T06:15:31.593+0000][2472.036s][info ][safepoint     ] Entering safepoint region: Cleanup
[2023-11-16T06:15:31.593+0000][2472.036s][info ][safepoint     ] Leaving safepoint region
[2023-11-16T06:15:31.593+0000][2472.036s][info ][safepoint     ] Total time for which application threads were stopped: 0.0002943 seconds, Stopping threads took: 0.0000763 seconds
[2023-11-16T06:15:32.593+0000][2473.036s][debug][safepoint     ] Safepoint synchronization initiated. (177 threads)
[2023-11-16T06:15:32.593+0000][2473.037s][info ][safepoint     ] Application time: 1.0001492 seconds
[2023-11-16T06:15:32.593+0000][2473.037s][info ][safepoint     ] Entering safepoint region: Cleanup
[2023-11-16T06:15:32.594+0000][2473.037s][info ][safepoint     ] Leaving safepoint region
[2023-11-16T06:15:32.594+0000][2473.037s][info ][safepoint     ] Total time for which application threads were stopped: 0.0004068 seconds, Stopping threads took: 0.0001556 seconds
[2023-11-16T06:15:33.594+0000][2474.037s][debug][safepoint     ] Safepoint synchronization initiated. (177 threads)
[2023-11-16T06:15:33.594+0000][2474.037s][info ][safepoint     ] Application time: 1.0001365 seconds
[2023-11-16T06:15:33.594+0000][2474.037s][info ][safepoint     ] Entering safepoint region: Cleanup
[2023-11-16T06:15:33.594+0000][2474.037s][info ][safepoint     ] Leaving safepoint region
[2023-11-16T06:15:33.594+0000][2474.037s][info ][safepoint     ] Total time for which application threads were stopped: 0.0003456 seconds, Stopping threads took: 0.0000527 seconds
[2023-11-16T06:15:34.594+0000][2475.038s][debug][safepoint     ] Safepoint synchronization initiated. (177 threads)
[2023-11-16T06:15:34.594+0000][2475.038s][info ][safepoint     ] Application time: 1.0001538 seconds
[2023-11-16T06:15:34.594+0000][2475.038s][info ][safepoint     ] Entering safepoint region: Cleanup
[2023-11-16T06:15:34.595+0000][2475.038s][info ][safepoint     ] Leaving safepoint region
[2023-11-16T06:15:34.595+0000][2475.038s][info ][safepoint     ] Total time for which application threads were stopped: 0.0003436 seconds, Stopping threads took: 0.0000531 seconds
[2023-11-16T06:15:35.595+0000][2476.038s][debug][safepoint     ] Safepoint synchronization initiated. (177 threads)
[2023-11-16T06:15:35.595+0000][2476.038s][info ][safepoint     ] Application time: 1.0001546 seconds
[2023-11-16T06:15:35.595+0000][2476.038s][info ][safepoint     ] Entering safepoint region: Cleanup
[2023-11-16T06:15:35.595+0000][2476.039s][info ][safepoint     ] Leaving safepoint region
[2023-11-16T06:15:35.595+0000][2476.039s][info ][safepoint     ] Total time for which application threads were stopped: 0.0003422 seconds, Stopping threads took: 0.0000526 seconds
[2023-11-16T06:15:36.595+0000][2477.039s][debug][safepoint     ] Safepoint synchronization initiated. (177 threads)
[2023-11-16T06:15:36.595+0000][2477.039s][info ][safepoint     ] Application time: 1.0001599 seconds
[2023-11-16T06:15:36.595+0000][2477.039s][info ][safepoint     ] Entering safepoint region: Cleanup
[2023-11-16T06:15:36.596+0000][2477.039s][info ][safepoint     ] Leaving safepoint region
[2023-11-16T06:15:36.596+0000][2477.039s][info ][safepoint     ] Total time for which application threads were stopped: 0.0003698 seconds, Stopping threads took: 0.0000788 seconds
[2023-11-16T06:15:37.596+0000][2478.039s][debug][safepoint     ] Safepoint synchronization initiated. (177 threads)
[2023-11-16T06:15:37.596+0000][2478.039s][info ][safepoint     ] Application time: 1.0001445 seconds
[2023-11-16T06:15:37.596+0000][2478.039s][info ][safepoint     ] Entering safepoint region: Cleanup
[2023-11-16T06:15:37.596+0000][2478.040s][info ][safepoint     ] Leaving safepoint region
[2023-11-16T06:15:37.596+0000][2478.040s][info ][safepoint     ] Total time for which application threads were stopped: 0.0003785 seconds, Stopping threads took: 0.0001704 seconds
[2023-11-16T06:15:38.596+0000][2479.040s][debug][safepoint     ] Safepoint synchronization initiated. (177 threads)
[2023-11-16T06:15:38.597+0000][2479.040s][info ][safepoint     ] Application time: 1.0001571 seconds
[2023-11-16T06:15:38.597+0000][2479.040s][info ][safepoint     ] Entering safepoint region: Cleanup
[2023-11-16T06:15:38.597+0000][2479.040s][info ][safepoint     ] Leaving safepoint region
[2023-11-16T06:15:38.597+0000][2479.040s][info ][safepoint     ] Total time for which application threads were stopped: 0.0002839 seconds, Stopping threads took: 0.0000766 seconds
[2023-11-16T06:15:39.597+0000][2480.040s][debug][safepoint     ] Safepoint synchronization initiated. (177 threads)
[2023-11-16T06:15:39.597+0000][2480.040s][info ][safepoint     ] Application time: 1.0001340 seconds
[2023-11-16T06:15:39.597+0000][2480.040s][info ][safepoint     ] Entering safepoint region: Cleanup
[2023-11-16T06:15:39.597+0000][2480.041s][info ][safepoint     ] Leaving safepoint region
[2023-11-16T06:15:39.597+0000][2480.041s][info ][safepoint     ] Total time for which application threads were stopped: 0.0003452 seconds, Stopping threads took: 0.0000518 seconds
[2023-11-16T06:15:40.597+0000][2481.041s][debug][safepoint     ] Safepoint synchronization initiated. (177 threads)
[2023-11-16T06:15:40.598+0000][2481.041s][info ][safepoint     ] Application time: 1.0001780 seconds
[2023-11-16T06:15:40.598+0000][2481.041s][info ][safepoint     ] Entering safepoint region: Cleanup
[2023-11-16T06:15:40.598+0000][2481.041s][info ][safepoint     ] Leaving safepoint region
[2023-11-16T06:15:40.598+0000][2481.041s][info ][safepoint     ] Total time for which application threads were stopped: 0.0002668 seconds, Stopping threads took: 0.0000536 seconds
[2023-11-16T06:15:41.598+0000][2482.041s][debug][safepoint     ] Safepoint synchronization initiated. (177 threads)
[2023-11-16T06:15:41.598+0000][2482.041s][info ][safepoint     ] Application time: 1.0001485 seconds
[2023-11-16T06:15:41.598+0000][2482.041s][info ][safepoint     ] Entering safepoint region: Cleanup
[2023-11-16T06:15:41.598+0000][2482.042s][info ][safepoint     ] Leaving safepoint region
[2023-11-16T06:15:41.598+0000][2482.042s][info ][safepoint     ] Total time for which application threads were stopped: 0.0002553 seconds, Stopping threads took: 0.0000534 seconds
[2023-11-16T06:15:42.598+0000][2483.042s][debug][safepoint     ] Safepoint synchronization initiated. (177 threads)
[2023-11-16T06:15:42.598+0000][2483.042s][info ][safepoint     ] Application time: 1.0001554 seconds
[2023-11-16T06:15:42.598+0000][2483.042s][info ][safepoint     ] Entering safepoint region: Cleanup
[2023-11-16T06:15:42.599+0000][2483.042s][info ][safepoint     ] Leaving safepoint region
[2023-11-16T06:15:42.599+0000][2483.042s][info ][safepoint     ] Total time for which application threads were stopped: 0.0005245 seconds, Stopping threads took: 0.0002973 seconds
[2023-11-16T06:15:43.599+0000][2484.042s][debug][safepoint     ] Safepoint synchronization initiated. (177 threads)
[2023-11-16T06:15:43.599+0000][2484.042s][info ][safepoint     ] Application time: 1.0001456 seconds
[2023-11-16T06:15:43.599+0000][2484.043s][info ][safepoint     ] Entering safepoint region: Cleanup
[2023-11-16T06:15:43.599+0000][2484.043s][info ][safepoint     ] Leaving safepoint region
[2023-11-16T06:15:43.599+0000][2484.043s][info ][safepoint     ] Total time for which application threads were stopped: 0.0003376 seconds, Stopping threads took: 0.0000524 seconds
[2023-11-16T06:15:44.600+0000][2485.043s][debug][safepoint     ] Safepoint synchronization initiated. (177 threads)
[2023-11-16T06:15:44.600+0000][2485.043s][info ][safepoint     ] Application time: 1.0001720 seconds
[2023-11-16T06:15:44.600+0000][2485.043s][info ][safepoint     ] Entering safepoint region: Cleanup
[2023-11-16T06:15:44.600+0000][2485.043s][info ][safepoint     ] Leaving safepoint region
[2023-11-16T06:15:44.600+0000][2485.043s][info ][safepoint     ] Total time for which application threads were stopped: 0.0003117 seconds, Stopping threads took: 0.0000521 seconds
[2023-11-16T06:15:45.600+0000][2486.043s][debug][safepoint     ] Safepoint synchronization initiated. (176 threads)
[2023-11-16T06:15:45.600+0000][2486.043s][info ][safepoint     ] Application time: 1.0001482 seconds
[2023-11-16T06:15:45.600+0000][2486.044s][info ][safepoint     ] Entering safepoint region: Cleanup
[2023-11-16T06:15:45.601+0000][2486.044s][info ][safepoint     ] Leaving safepoint region
[2023-11-16T06:15:45.601+0000][2486.044s][info ][safepoint     ] Total time for which application threads were stopped: 0.0003630 seconds, Stopping threads took: 0.0000757 seconds
[2023-11-16T06:15:46.601+0000][2487.044s][debug][safepoint     ] Safepoint synchronization initiated. (176 threads)
[2023-11-16T06:15:46.601+0000][2487.044s][info ][safepoint     ] Application time: 1.0001594 seconds
[2023-11-16T06:15:46.601+0000][2487.044s][debug][safepoint     ] Waiting for 1 thread(s) to block
[2023-11-16T06:15:46.601+0000][2487.044s][info ][safepoint     ] Entering safepoint region: Cleanup
[2023-11-16T06:15:46.601+0000][2487.044s][info ][safepoint     ] Leaving safepoint region
[2023-11-16T06:15:46.601+0000][2487.045s][info ][safepoint     ] Total time for which application threads were stopped: 0.0004379 seconds, Stopping threads took: 0.0001475 seconds
[2023-11-16T06:15:47.601+0000][2488.045s][debug][safepoint     ] Safepoint synchronization initiated. (176 threads)
[2023-11-16T06:15:47.601+0000][2488.045s][info ][safepoint     ] Application time: 1.0001848 seconds
[2023-11-16T06:15:47.601+0000][2488.045s][info ][safepoint     ] Entering safepoint region: Cleanup
[2023-11-16T06:15:47.602+0000][2488.045s][info ][safepoint     ] Leaving safepoint region
[2023-11-16T06:15:47.602+0000][2488.045s][info ][safepoint     ] Total time for which application threads were stopped: 0.0005982 seconds, Stopping threads took: 0.0003104 seconds
[2023-11-16T06:15:48.602+0000][2489.045s][debug][safepoint     ] Safepoint synchronization initiated. (176 threads)
[2023-11-16T06:15:48.602+0000][2489.046s][info ][safepoint     ] Application time: 1.0001773 seconds
[2023-11-16T06:15:48.602+0000][2489.046s][info ][safepoint     ] Entering safepoint region: Cleanup
[2023-11-16T06:15:48.602+0000][2489.046s][info ][safepoint     ] Leaving safepoint region
[2023-11-16T06:15:48.602+0000][2489.046s][info ][safepoint     ] Total time for which application threads were stopped: 0.0002494 seconds, Stopping threads took: 0.0000538 seconds
[2023-11-16T06:15:49.603+0000][2490.046s][debug][safepoint     ] Safepoint synchronization initiated. (176 threads)
[2023-11-16T06:15:49.603+0000][2490.046s][info ][safepoint     ] Application time: 1.0001595 seconds
[2023-11-16T06:15:49.603+0000][2490.046s][info ][safepoint     ] Entering safepoint region: Cleanup
[2023-11-16T06:15:49.603+0000][2490.046s][info ][safepoint     ] Leaving safepoint region
[2023-11-16T06:15:49.603+0000][2490.046s][info ][safepoint     ] Total time for which application threads were stopped: 0.0002649 seconds, Stopping threads took: 0.0000543 seconds
[2023-11-16T06:15:50.603+0000][2491.046s][debug][safepoint     ] Safepoint synchronization initiated. (176 threads)
[2023-11-16T06:15:50.603+0000][2491.046s][info ][safepoint     ] Application time: 1.0001625 seconds
[2023-11-16T06:15:50.603+0000][2491.046s][info ][safepoint     ] Entering safepoint region: Cleanup
[2023-11-16T06:15:50.603+0000][2491.047s][info ][safepoint     ] Leaving safepoint region
[2023-11-16T06:15:50.603+0000][2491.047s][info ][safepoint     ] Total time for which application threads were stopped: 0.0003652 seconds, Stopping threads took: 0.0000545 seconds
[2023-11-16T06:15:51.604+0000][2492.047s][debug][safepoint     ] Safepoint synchronization initiated. (176 threads)
[2023-11-16T06:15:51.604+0000][2492.047s][info ][safepoint     ] Application time: 1.0001754 seconds
[2023-11-16T06:15:51.604+0000][2492.047s][info ][safepoint     ] Entering safepoint region: Cleanup
[2023-11-16T06:15:51.604+0000][2492.047s][info ][safepoint     ] Leaving safepoint region
[2023-11-16T06:15:51.604+0000][2492.047s][info ][safepoint     ] Total time for which application threads were stopped: 0.0003456 seconds, Stopping threads took: 0.0000538 seconds
[2023-11-16T06:15:52.604+0000][2493.047s][debug][safepoint     ] Safepoint synchronization initiated. (176 threads)
[2023-11-16T06:15:52.604+0000][2493.048s][info ][safepoint     ] Application time: 1.0001652 seconds
[2023-11-16T06:15:52.605+0000][2493.048s][info ][safepoint     ] Entering safepoint region: Cleanup
[2023-11-16T06:15:52.605+0000][2493.048s][info ][safepoint     ] Leaving safepoint region
[2023-11-16T06:15:52.605+0000][2493.048s][info ][safepoint     ] Total time for which application threads were stopped: 0.0004260 seconds, Stopping threads took: 0.0000769 seconds
[2023-11-16T06:15:53.605+0000][2494.048s][debug][safepoint     ] Safepoint synchronization initiated. (176 threads)
[2023-11-16T06:15:53.605+0000][2494.048s][info ][safepoint     ] Application time: 1.0001189 seconds
[2023-11-16T06:15:53.605+0000][2494.049s][info ][safepoint     ] Entering safepoint region: Cleanup
[2023-11-16T06:15:53.605+0000][2494.049s][info ][safepoint     ] Leaving safepoint region
[2023-11-16T06:15:53.605+0000][2494.049s][info ][safepoint     ] Total time for which application threads were stopped: 0.0002088 seconds, Stopping threads took: 0.0000344 seconds
[2023-11-16T06:15:54.605+0000][2495.049s][debug][safepoint     ] Safepoint synchronization initiated. (176 threads)
[2023-11-16T06:15:54.606+0000][2495.049s][info ][safepoint     ] Application time: 1.0001606 seconds
[2023-11-16T06:15:54.606+0000][2495.049s][info ][safepoint     ] Entering safepoint region: Cleanup
[2023-11-16T06:15:54.606+0000][2495.049s][info ][safepoint     ] Leaving safepoint region
[2023-11-16T06:15:54.606+0000][2495.049s][info ][safepoint     ] Total time for which application threads were stopped: 0.0003348 seconds, Stopping threads took: 0.0000345 seconds
[2023-11-16T06:15:55.606+0000][2496.049s][debug][safepoint     ] Safepoint synchronization initiated. (176 threads)
[2023-11-16T06:15:55.606+0000][2496.049s][info ][safepoint     ] Application time: 1.0001603 seconds
[2023-11-16T06:15:55.606+0000][2496.049s][info ][safepoint     ] Entering safepoint region: Cleanup
[2023-11-16T06:15:55.606+0000][2496.050s][info ][safepoint     ] Leaving safepoint region
[2023-11-16T06:15:55.606+0000][2496.050s][info ][safepoint     ] Total time for which application threads were stopped: 0.0002391 seconds, Stopping threads took: 0.0000355 seconds
[2023-11-16T06:15:56.606+0000][2497.050s][debug][safepoint     ] Safepoint synchronization initiated. (176 threads)
[2023-11-16T06:15:56.606+0000][2497.050s][info ][safepoint     ] Application time: 1.0001664 seconds
[2023-11-16T06:15:56.607+0000][2497.050s][info ][safepoint     ] Entering safepoint region: Cleanup
[2023-11-16T06:15:56.607+0000][2497.050s][info ][safepoint     ] Leaving safepoint region
[2023-11-16T06:15:56.607+0000][2497.050s][info ][safepoint     ] Total time for which application threads were stopped: 0.0002711 seconds, Stopping threads took: 0.0000368 seconds
[2023-11-16T06:15:57.607+0000][2498.050s][debug][safepoint     ] Safepoint synchronization initiated. (176 threads)
[2023-11-16T06:15:57.607+0000][2498.050s][info ][safepoint     ] Application time: 1.0001751 seconds
[2023-11-16T06:15:57.607+0000][2498.050s][info ][safepoint     ] Entering safepoint region: Cleanup
[2023-11-16T06:15:57.608+0000][2498.051s][info ][safepoint     ] Leaving safepoint region
[2023-11-16T06:15:57.608+0000][2498.051s][info ][safepoint     ] Total time for which application threads were stopped: 0.0005948 seconds, Stopping threads took: 0.0003443 seconds
[2023-11-16T06:15:58.608+0000][2499.051s][debug][safepoint     ] Safepoint synchronization initiated. (176 threads)
[2023-11-16T06:15:58.608+0000][2499.051s][info ][safepoint     ] Application time: 1.0001509 seconds
[2023-11-16T06:15:58.608+0000][2499.051s][info ][safepoint     ] Entering safepoint region: Cleanup
[2023-11-16T06:15:58.608+0000][2499.051s][info ][safepoint     ] Leaving safepoint region
[2023-11-16T06:15:58.608+0000][2499.051s][info ][safepoint     ] Total time for which application threads were stopped: 0.0003344 seconds, Stopping threads took: 0.0000336 seconds
[2023-11-16T06:16:02.608+0000][2503.052s][debug][safepoint     ] Safepoint synchronization initiated. (176 threads)
[2023-11-16T06:16:02.609+0000][2503.052s][info ][safepoint     ] Application time: 4.0004291 seconds
[2023-11-16T06:16:02.609+0000][2503.052s][info ][safepoint     ] Entering safepoint region: Cleanup
[2023-11-16T06:16:02.609+0000][2503.052s][info ][safepoint     ] Leaving safepoint region
[2023-11-16T06:16:02.609+0000][2503.052s][info ][safepoint     ] Total time for which application threads were stopped: 0.0002059 seconds, Stopping threads took: 0.0000363 seconds
[2023-11-16T06:16:23.611+0000][2524.054s][debug][safepoint     ] Safepoint synchronization initiated. (176 threads)
[2023-11-16T06:16:23.611+0000][2524.054s][info ][safepoint     ] Application time: 21.0018410 seconds
[2023-11-16T06:16:23.611+0000][2524.054s][info ][safepoint     ] Entering safepoint region: Cleanup
[2023-11-16T06:16:23.611+0000][2524.054s][info ][safepoint     ] Leaving safepoint region
[2023-11-16T06:16:23.611+0000][2524.054s][info ][safepoint     ] Total time for which application threads were stopped: 0.0003579 seconds, Stopping threads took: 0.0000520 seconds
[2023-11-16T06:16:42.612+0000][2543.056s][debug][safepoint     ] Safepoint synchronization initiated. (176 threads)
[2023-11-16T06:16:42.612+0000][2543.056s][info ][safepoint     ] Application time: 19.0014143 seconds
[2023-11-16T06:16:42.612+0000][2543.056s][info ][safepoint     ] Entering safepoint region: Cleanup
[2023-11-16T06:16:42.613+0000][2543.056s][info ][safepoint     ] Leaving safepoint region
[2023-11-16T06:16:42.613+0000][2543.056s][info ][safepoint     ] Total time for which application threads were stopped: 0.0002938 seconds, Stopping threads took: 0.0000387 seconds
[2023-11-16T06:17:02.614+0000][2563.058s][debug][safepoint     ] Safepoint synchronization initiated. (174 threads)
[2023-11-16T06:17:02.614+0000][2563.058s][info ][safepoint     ] Application time: 20.0015563 seconds
[2023-11-16T06:17:02.614+0000][2563.058s][info ][safepoint     ] Entering safepoint region: Cleanup
[2023-11-16T06:17:02.614+0000][2563.058s][info ][safepoint     ] Leaving safepoint region
[2023-11-16T06:17:02.614+0000][2563.058s][info ][safepoint     ] Total time for which application threads were stopped: 0.0001843 seconds, Stopping threads took: 0.0000348 seconds
[2023-11-16T06:17:24.616+0000][2585.060s][debug][safepoint     ] Safepoint synchronization initiated. (174 threads)
[2023-11-16T06:17:24.616+0000][2585.060s][info ][safepoint     ] Application time: 22.0018912 seconds
[2023-11-16T06:17:24.616+0000][2585.060s][info ][safepoint     ] Entering safepoint region: Cleanup
[2023-11-16T06:17:24.617+0000][2585.060s][info ][safepoint     ] Leaving safepoint region
[2023-11-16T06:17:24.617+0000][2585.060s][info ][safepoint     ] Total time for which application threads were stopped: 0.0003130 seconds, Stopping threads took: 0.0000523 seconds
[2023-11-16T06:17:34.618+0000][2595.061s][debug][safepoint     ] Safepoint synchronization initiated. (174 threads)
[2023-11-16T06:17:34.618+0000][2595.061s][info ][safepoint     ] Application time: 10.0010363 seconds
[2023-11-16T06:17:34.618+0000][2595.061s][info ][safepoint     ] Entering safepoint region: Cleanup
[2023-11-16T06:17:34.618+0000][2595.061s][info ][safepoint     ] Leaving safepoint region
[2023-11-16T06:17:34.618+0000][2595.061s][info ][safepoint     ] Total time for which application threads were stopped: 0.0002238 seconds, Stopping threads took: 0.0000515 seconds
[2023-11-16T06:17:38.618+0000][2599.062s][debug][safepoint     ] Safepoint synchronization initiated. (174 threads)
[2023-11-16T06:17:38.619+0000][2599.062s][info ][safepoint     ] Application time: 4.0004702 seconds
[2023-11-16T06:17:38.619+0000][2599.062s][info ][safepoint     ] Entering safepoint region: Cleanup
[2023-11-16T06:17:38.619+0000][2599.062s][info ][safepoint     ] Leaving safepoint region
[2023-11-16T06:17:38.619+0000][2599.062s][info ][safepoint     ] Total time for which application threads were stopped: 0.0003501 seconds, Stopping threads took: 0.0000507 seconds
[2023-11-16T06:17:53.620+0000][2614.064s][debug][safepoint     ] Safepoint synchronization initiated. (173 threads)
[2023-11-16T06:17:53.620+0000][2614.064s][info ][safepoint     ] Application time: 15.0014339 seconds
[2023-11-16T06:17:53.620+0000][2614.064s][info ][safepoint     ] Entering safepoint region: Cleanup
[2023-11-16T06:17:53.621+0000][2614.064s][info ][safepoint     ] Leaving safepoint region
[2023-11-16T06:17:53.621+0000][2614.064s][info ][safepoint     ] Total time for which application threads were stopped: 0.0002629 seconds, Stopping threads took: 0.0000519 seconds
[2023-11-16T06:17:59.621+0000][2620.065s][debug][safepoint     ] Safepoint synchronization initiated. (173 threads)
[2023-11-16T06:17:59.621+0000][2620.065s][info ][safepoint     ] Application time: 6.0006659 seconds
[2023-11-16T06:17:59.621+0000][2620.065s][info ][safepoint     ] Entering safepoint region: Cleanup
[2023-11-16T06:17:59.622+0000][2620.065s][info ][safepoint     ] Leaving safepoint region
[2023-11-16T06:17:59.622+0000][2620.065s][info ][safepoint     ] Total time for which application threads were stopped: 0.0002590 seconds, Stopping threads took: 0.0000523 seconds
[2023-11-16T06:18:00.622+0000][2621.065s][debug][safepoint     ] Safepoint synchronization initiated. (173 threads)
[2023-11-16T06:18:00.622+0000][2621.065s][info ][safepoint     ] Application time: 1.0001717 seconds
[2023-11-16T06:18:00.622+0000][2621.065s][info ][safepoint     ] Entering safepoint region: Cleanup
[2023-11-16T06:18:00.622+0000][2621.065s][info ][safepoint     ] Leaving safepoint region
[2023-11-16T06:18:00.622+0000][2621.065s][info ][safepoint     ] Total time for which application threads were stopped: 0.0003507 seconds, Stopping threads took: 0.0000522 seconds
[2023-11-16T06:18:01.622+0000][2622.066s][debug][safepoint     ] Safepoint synchronization initiated. (173 threads)
[2023-11-16T06:18:01.622+0000][2622.066s][info ][safepoint     ] Application time: 1.0001695 seconds
[2023-11-16T06:18:01.622+0000][2622.066s][info ][safepoint     ] Entering safepoint region: Cleanup
[2023-11-16T06:18:01.623+0000][2622.066s][info ][safepoint     ] Leaving safepoint region
[2023-11-16T06:18:01.623+0000][2622.066s][info ][safepoint     ] Total time for which application threads were stopped: 0.0003488 seconds, Stopping threads took: 0.0000523 seconds
[2023-11-16T06:18:02.623+0000][2623.066s][debug][safepoint     ] Safepoint synchronization initiated. (173 threads)
[2023-11-16T06:18:02.623+0000][2623.066s][info ][safepoint     ] Application time: 1.0001614 seconds
[2023-11-16T06:18:02.623+0000][2623.066s][info ][safepoint     ] Entering safepoint region: Cleanup
[2023-11-16T06:18:02.623+0000][2623.066s][info ][safepoint     ] Leaving safepoint region
[2023-11-16T06:18:02.623+0000][2623.067s][info ][safepoint     ] Total time for which application threads were stopped: 0.0003239 seconds, Stopping threads took: 0.0000402 seconds
[2023-11-16T06:18:03.623+0000][2624.067s][debug][safepoint     ] Safepoint synchronization initiated. (173 threads)
[2023-11-16T06:18:03.623+0000][2624.067s][info ][safepoint     ] Application time: 1.0001647 seconds
[2023-11-16T06:18:03.623+0000][2624.067s][info ][safepoint     ] Entering safepoint region: Cleanup
[2023-11-16T06:18:03.624+0000][2624.067s][info ][safepoint     ] Leaving safepoint region
[2023-11-16T06:18:03.624+0000][2624.067s][info ][safepoint     ] Total time for which application threads were stopped: 0.0003096 seconds, Stopping threads took: 0.0000501 seconds
[2023-11-16T06:18:04.624+0000][2625.067s][debug][safepoint     ] Safepoint synchronization initiated. (173 threads)
[2023-11-16T06:18:04.624+0000][2625.067s][info ][safepoint     ] Application time: 1.0001567 seconds
[2023-11-16T06:18:04.624+0000][2625.067s][info ][safepoint     ] Entering safepoint region: Cleanup
[2023-11-16T06:18:04.624+0000][2625.068s][info ][safepoint     ] Leaving safepoint region
[2023-11-16T06:18:04.625+0000][2625.068s][info ][safepoint     ] Total time for which application threads were stopped: 0.0006197 seconds, Stopping threads took: 0.0003710 seconds
[2023-11-16T06:18:05.625+0000][2626.068s][debug][safepoint     ] Safepoint synchronization initiated. (173 threads)
[2023-11-16T06:18:05.625+0000][2626.068s][info ][safepoint     ] Application time: 1.0001882 seconds
[2023-11-16T06:18:05.625+0000][2626.068s][info ][safepoint     ] Entering safepoint region: Cleanup
[2023-11-16T06:18:05.625+0000][2626.068s][info ][safepoint     ] Leaving safepoint region
[2023-11-16T06:18:05.625+0000][2626.068s][info ][safepoint     ] Total time for which application threads were stopped: 0.0002541 seconds, Stopping threads took: 0.0000488 seconds
[2023-11-16T06:18:05.625+0000][2626.068s][debug][safepoint     ] ... found polling page return exception at pc = 0x00007fde849bede6, stub =0x00007fde7c83a800
[2023-11-16T06:18:05.625+0000][2626.068s][debug][safepoint     ] ... found polling page return exception at pc = 0x00007fde849bede6, stub =0x00007fde7c83a800
[2023-11-16T06:18:06.625+0000][2627.068s][debug][safepoint     ] Safepoint synchronization initiated. (173 threads)
[2023-11-16T06:18:06.625+0000][2627.068s][info ][safepoint     ] Application time: 1.0001636 seconds
[2023-11-16T06:18:06.625+0000][2627.069s][info ][safepoint     ] Entering safepoint region: Cleanup
[2023-11-16T06:18:06.625+0000][2627.069s][info ][safepoint     ] Leaving safepoint region
[2023-11-16T06:18:06.625+0000][2627.069s][info ][safepoint     ] Total time for which application threads were stopped: 0.0002764 seconds, Stopping threads took: 0.0000519 seconds
[2023-11-16T06:18:07.626+0000][2628.069s][debug][safepoint     ] Safepoint synchronization initiated. (173 threads)
[2023-11-16T06:18:07.626+0000][2628.069s][info ][safepoint     ] Application time: 1.0001785 seconds
[2023-11-16T06:18:07.626+0000][2628.069s][info ][safepoint     ] Entering safepoint region: Cleanup
[2023-11-16T06:18:07.626+0000][2628.069s][info ][safepoint     ] Leaving safepoint region
[2023-11-16T06:18:07.626+0000][2628.069s][info ][safepoint     ] Total time for which application threads were stopped: 0.0002614 seconds, Stopping threads took: 0.0000527 seconds
[2023-11-16T06:18:08.626+0000][2629.069s][debug][safepoint     ] Safepoint synchronization initiated. (173 threads)
[2023-11-16T06:18:08.626+0000][2629.069s][info ][safepoint     ] Application time: 1.0001772 seconds
[2023-11-16T06:18:08.626+0000][2629.070s][info ][safepoint     ] Entering safepoint region: Cleanup
[2023-11-16T06:18:08.626+0000][2629.070s][info ][safepoint     ] Leaving safepoint region
[2023-11-16T06:18:08.627+0000][2629.070s][info ][safepoint     ] Total time for which application threads were stopped: 0.0003461 seconds, Stopping threads took: 0.0000527 seconds
[2023-11-16T06:18:09.627+0000][2630.070s][debug][safepoint     ] Safepoint synchronization initiated. (173 threads)
[2023-11-16T06:18:09.627+0000][2630.070s][info ][safepoint     ] Application time: 1.0001538 seconds
[2023-11-16T06:18:09.627+0000][2630.070s][info ][safepoint     ] Entering safepoint region: Cleanup
[2023-11-16T06:18:09.627+0000][2630.070s][info ][safepoint     ] Leaving safepoint region
[2023-11-16T06:18:09.627+0000][2630.070s][info ][safepoint     ] Total time for which application threads were stopped: 0.0001631 seconds, Stopping threads took: 0.0000337 seconds
[2023-11-16T06:18:10.627+0000][2631.070s][debug][safepoint     ] Safepoint synchronization initiated. (173 threads)
[2023-11-16T06:18:10.627+0000][2631.070s][info ][safepoint     ] Application time: 1.0001623 seconds
[2023-11-16T06:18:10.627+0000][2631.070s][info ][safepoint     ] Entering safepoint region: Cleanup
[2023-11-16T06:18:10.628+0000][2631.071s][info ][safepoint     ] Leaving safepoint region
[2023-11-16T06:18:10.628+0000][2631.071s][info ][safepoint     ] Total time for which application threads were stopped: 0.0006623 seconds, Stopping threads took: 0.0004445 seconds
[2023-11-16T06:18:11.628+0000][2632.071s][debug][safepoint     ] Safepoint synchronization initiated. (173 threads)
[2023-11-16T06:18:11.628+0000][2632.071s][info ][safepoint     ] Application time: 1.0001417 seconds
[2023-11-16T06:18:11.628+0000][2632.071s][info ][safepoint     ] Entering safepoint region: Cleanup
[2023-11-16T06:18:11.628+0000][2632.071s][info ][safepoint     ] Leaving safepoint region
[2023-11-16T06:18:11.628+0000][2632.071s][info ][safepoint     ] Total time for which application threads were stopped: 0.0002846 seconds, Stopping threads took: 0.0000534 seconds
[2023-11-16T06:18:12.628+0000][2633.072s][debug][safepoint     ] Safepoint synchronization initiated. (173 threads)
[2023-11-16T06:18:12.628+0000][2633.072s][info ][safepoint     ] Application time: 1.0001878 seconds
[2023-11-16T06:18:12.628+0000][2633.072s][info ][safepoint     ] Entering safepoint region: Cleanup
[2023-11-16T06:18:12.629+0000][2633.072s][info ][safepoint     ] Leaving safepoint region
[2023-11-16T06:18:12.629+0000][2633.072s][info ][safepoint     ] Total time for which application threads were stopped: 0.0003529 seconds, Stopping threads took: 0.0000541 seconds
[2023-11-16T06:18:13.629+0000][2634.072s][debug][safepoint     ] Safepoint synchronization initiated. (173 threads)
[2023-11-16T06:18:13.629+0000][2634.072s][info ][safepoint     ] Application time: 1.0001706 seconds
[2023-11-16T06:18:13.629+0000][2634.072s][info ][safepoint     ] Entering safepoint region: Cleanup
[2023-11-16T06:18:13.629+0000][2634.073s][info ][safepoint     ] Leaving safepoint region
[2023-11-16T06:18:13.629+0000][2634.073s][info ][safepoint     ] Total time for which application threads were stopped: 0.0003368 seconds, Stopping threads took: 0.0000350 seconds
[2023-11-16T06:18:14.629+0000][2635.073s][debug][safepoint     ] Safepoint synchronization initiated. (173 threads)
[2023-11-16T06:18:14.629+0000][2635.073s][info ][safepoint     ] Application time: 1.0001702 seconds
[2023-11-16T06:18:14.630+0000][2635.073s][info ][safepoint     ] Entering safepoint region: Cleanup
[2023-11-16T06:18:14.630+0000][2635.073s][info ][safepoint     ] Leaving safepoint region
[2023-11-16T06:18:14.630+0000][2635.073s][info ][safepoint     ] Total time for which application threads were stopped: 0.0003541 seconds, Stopping threads took: 0.0000537 seconds
[2023-11-16T06:18:15.630+0000][2636.073s][debug][safepoint     ] Safepoint synchronization initiated. (173 threads)
[2023-11-16T06:18:15.630+0000][2636.073s][info ][safepoint     ] Application time: 1.0001657 seconds
[2023-11-16T06:18:15.630+0000][2636.073s][info ][safepoint     ] Entering safepoint region: Cleanup
[2023-11-16T06:18:15.630+0000][2636.074s][info ][safepoint     ] Leaving safepoint region
[2023-11-16T06:18:15.630+0000][2636.074s][info ][safepoint     ] Total time for which application threads were stopped: 0.0003187 seconds, Stopping threads took: 0.0000306 seconds
[2023-11-16T06:18:16.630+0000][2637.074s][debug][safepoint     ] Safepoint synchronization initiated. (173 threads)
[2023-11-16T06:18:16.631+0000][2637.074s][info ][safepoint     ] Application time: 1.0001686 seconds
[2023-11-16T06:18:16.631+0000][2637.074s][info ][safepoint     ] Entering safepoint region: Cleanup
[2023-11-16T06:18:16.631+0000][2637.074s][info ][safepoint     ] Leaving safepoint region
[2023-11-16T06:18:16.631+0000][2637.074s][info ][safepoint     ] Total time for which application threads were stopped: 0.0003421 seconds, Stopping threads took: 0.0000528 seconds
[2023-11-16T06:18:17.631+0000][2638.074s][debug][safepoint     ] Safepoint synchronization initiated. (173 threads)
[2023-11-16T06:18:17.631+0000][2638.074s][info ][safepoint     ] Application time: 1.0001796 seconds
[2023-11-16T06:18:17.631+0000][2638.074s][info ][safepoint     ] Entering safepoint region: Cleanup
[2023-11-16T06:18:17.631+0000][2638.075s][info ][safepoint     ] Leaving safepoint region
[2023-11-16T06:18:17.631+0000][2638.075s][info ][safepoint     ] Total time for which application threads were stopped: 0.0003747 seconds, Stopping threads took: 0.0000534 seconds
[2023-11-16T06:18:18.632+0000][2639.075s][debug][safepoint     ] Safepoint synchronization initiated. (173 threads)
[2023-11-16T06:18:18.632+0000][2639.075s][info ][safepoint     ] Application time: 1.0001493 seconds
[2023-11-16T06:18:18.632+0000][2639.075s][info ][safepoint     ] Entering safepoint region: Cleanup
[2023-11-16T06:18:18.632+0000][2639.075s][info ][safepoint     ] Leaving safepoint region
[2023-11-16T06:18:18.632+0000][2639.075s][info ][safepoint     ] Total time for which application threads were stopped: 0.0003660 seconds, Stopping threads took: 0.0000521 seconds
[2023-11-16T06:18:19.632+0000][2640.075s][debug][safepoint     ] Safepoint synchronization initiated. (173 threads)
[2023-11-16T06:18:19.632+0000][2640.076s][info ][safepoint     ] Application time: 1.0001620 seconds
[2023-11-16T06:18:19.632+0000][2640.076s][info ][safepoint     ] Entering safepoint region: Cleanup
[2023-11-16T06:18:19.633+0000][2640.076s][info ][safepoint     ] Leaving safepoint region
[2023-11-16T06:18:19.633+0000][2640.076s][info ][safepoint     ] Total time for which application threads were stopped: 0.0003387 seconds, Stopping threads took: 0.0000527 seconds
[2023-11-16T06:18:20.633+0000][2641.076s][debug][safepoint     ] Safepoint synchronization initiated. (173 threads)
[2023-11-16T06:18:20.633+0000][2641.076s][info ][safepoint     ] Application time: 1.0001639 seconds
[2023-11-16T06:18:20.633+0000][2641.076s][info ][safepoint     ] Entering safepoint region: Cleanup
[2023-11-16T06:18:20.633+0000][2641.076s][info ][safepoint     ] Leaving safepoint region
[2023-11-16T06:18:20.633+0000][2641.076s][info ][safepoint     ] Total time for which application threads were stopped: 0.0003413 seconds, Stopping threads took: 0.0000527 seconds
[2023-11-16T06:18:21.633+0000][2642.077s][debug][safepoint     ] Safepoint synchronization initiated. (173 threads)
[2023-11-16T06:18:21.633+0000][2642.077s][info ][safepoint     ] Application time: 1.0001647 seconds
[2023-11-16T06:18:21.633+0000][2642.077s][info ][safepoint     ] Entering safepoint region: Cleanup
[2023-11-16T06:18:21.634+0000][2642.077s][info ][safepoint     ] Leaving safepoint region
[2023-11-16T06:18:21.634+0000][2642.077s][info ][safepoint     ] Total time for which application threads were stopped: 0.0003421 seconds, Stopping threads took: 0.0000525 seconds
[2023-11-16T06:18:22.634+0000][2643.077s][debug][safepoint     ] Safepoint synchronization initiated. (173 threads)
[2023-11-16T06:18:22.634+0000][2643.077s][info ][safepoint     ] Application time: 1.0001809 seconds
[2023-11-16T06:18:22.634+0000][2643.077s][info ][safepoint     ] Entering safepoint region: Cleanup
[2023-11-16T06:18:22.635+0000][2643.078s][info ][safepoint     ] Leaving safepoint region
[2023-11-16T06:18:22.635+0000][2643.078s][info ][safepoint     ] Total time for which application threads were stopped: 0.0006731 seconds, Stopping threads took: 0.0003318 seconds
[2023-11-16T06:18:23.635+0000][2644.078s][debug][safepoint     ] Safepoint synchronization initiated. (173 threads)
[2023-11-16T06:18:23.635+0000][2644.078s][info ][safepoint     ] Application time: 1.0001788 seconds
[2023-11-16T06:18:23.635+0000][2644.078s][info ][safepoint     ] Entering safepoint region: Cleanup
[2023-11-16T06:18:23.635+0000][2644.078s][info ][safepoint     ] Leaving safepoint region
[2023-11-16T06:18:23.635+0000][2644.078s][info ][safepoint     ] Total time for which application threads were stopped: 0.0003519 seconds, Stopping threads took: 0.0000544 seconds
[2023-11-16T06:18:24.635+0000][2645.079s][debug][safepoint     ] Safepoint synchronization initiated. (173 threads)
[2023-11-16T06:18:24.635+0000][2645.079s][info ][safepoint     ] Application time: 1.0001717 seconds
[2023-11-16T06:18:24.635+0000][2645.079s][info ][safepoint     ] Entering safepoint region: Cleanup
[2023-11-16T06:18:24.636+0000][2645.079s][info ][safepoint     ] Leaving safepoint region
[2023-11-16T06:18:24.636+0000][2645.079s][info ][safepoint     ] Total time for which application threads were stopped: 0.0003260 seconds, Stopping threads took: 0.0000542 seconds
[2023-11-16T06:18:25.636+0000][2646.079s][debug][safepoint     ] Safepoint synchronization initiated. (173 threads)
[2023-11-16T06:18:25.636+0000][2646.079s][info ][safepoint     ] Application time: 1.0001417 seconds
[2023-11-16T06:18:25.636+0000][2646.079s][info ][safepoint     ] Entering safepoint region: Cleanup
[2023-11-16T06:18:25.636+0000][2646.079s][info ][safepoint     ] Leaving safepoint region
[2023-11-16T06:18:25.636+0000][2646.079s][info ][safepoint     ] Total time for which application threads were stopped: 0.0002831 seconds, Stopping threads took: 0.0000542 seconds
[2023-11-16T06:18:26.636+0000][2647.080s][debug][safepoint     ] Safepoint synchronization initiated. (173 threads)
[2023-11-16T06:18:26.636+0000][2647.080s][info ][safepoint     ] Application time: 1.0001615 seconds
[2023-11-16T06:18:26.636+0000][2647.080s][info ][safepoint     ] Entering safepoint region: Cleanup
[2023-11-16T06:18:26.637+0000][2647.080s][info ][safepoint     ] Leaving safepoint region
[2023-11-16T06:18:26.637+0000][2647.080s][info ][safepoint     ] Total time for which application threads were stopped: 0.0003525 seconds, Stopping threads took: 0.0000534 seconds
[2023-11-16T06:18:27.637+0000][2648.080s][debug][safepoint     ] Safepoint synchronization initiated. (173 threads)
[2023-11-16T06:18:27.637+0000][2648.080s][info ][safepoint     ] Application time: 1.0001724 seconds
[2023-11-16T06:18:27.637+0000][2648.080s][info ][safepoint     ] Entering safepoint region: Cleanup
[2023-11-16T06:18:27.637+0000][2648.081s][info ][safepoint     ] Leaving safepoint region
[2023-11-16T06:18:27.637+0000][2648.081s][info ][safepoint     ] Total time for which application threads were stopped: 0.0004322 seconds, Stopping threads took: 0.0001463 seconds
[2023-11-16T06:18:28.637+0000][2649.081s][debug][safepoint     ] Safepoint synchronization initiated. (173 threads)
[2023-11-16T06:18:28.638+0000][2649.081s][info ][safepoint     ] Application time: 1.0001769 seconds
[2023-11-16T06:18:28.638+0000][2649.081s][info ][safepoint     ] Entering safepoint region: Cleanup
[2023-11-16T06:18:28.638+0000][2649.081s][info ][safepoint     ] Leaving safepoint region
[2023-11-16T06:18:28.638+0000][2649.081s][info ][safepoint     ] Total time for which application threads were stopped: 0.0003505 seconds, Stopping threads took: 0.0000541 seconds
[2023-11-16T06:18:29.638+0000][2650.081s][debug][safepoint     ] Safepoint synchronization initiated. (173 threads)
[2023-11-16T06:18:29.638+0000][2650.081s][info ][safepoint     ] Application time: 1.0001737 seconds
[2023-11-16T06:18:29.638+0000][2650.081s][info ][safepoint     ] Entering safepoint region: Cleanup
[2023-11-16T06:18:29.638+0000][2650.082s][info ][safepoint     ] Leaving safepoint region
[2023-11-16T06:18:29.638+0000][2650.082s][info ][safepoint     ] Total time for which application threads were stopped: 0.0002557 seconds, Stopping threads took: 0.0000544 seconds
[2023-11-16T06:18:30.638+0000][2651.082s][debug][safepoint     ] Safepoint synchronization initiated. (173 threads)
[2023-11-16T06:18:30.639+0000][2651.082s][info ][safepoint     ] Application time: 1.0001660 seconds
[2023-11-16T06:18:30.639+0000][2651.082s][info ][safepoint     ] Entering safepoint region: Cleanup
[2023-11-16T06:18:30.639+0000][2651.082s][info ][safepoint     ] Leaving safepoint region
[2023-11-16T06:18:30.639+0000][2651.082s][info ][safepoint     ] Total time for which application threads were stopped: 0.0002688 seconds, Stopping threads took: 0.0000542 seconds
[2023-11-16T06:18:31.639+0000][2652.082s][debug][safepoint     ] Safepoint synchronization initiated. (173 threads)
[2023-11-16T06:18:31.639+0000][2652.082s][info ][safepoint     ] Application time: 1.0001566 seconds
[2023-11-16T06:18:31.639+0000][2652.082s][info ][safepoint     ] Entering safepoint region: Cleanup
[2023-11-16T06:18:31.639+0000][2652.083s][info ][safepoint     ] Leaving safepoint region
[2023-11-16T06:18:31.639+0000][2652.083s][info ][safepoint     ] Total time for which application threads were stopped: 0.0003202 seconds, Stopping threads took: 0.0000545 seconds
[2023-11-16T06:18:32.639+0000][2653.083s][debug][safepoint     ] Safepoint synchronization initiated. (173 threads)
[2023-11-16T06:18:32.640+0000][2653.083s][info ][safepoint     ] Application time: 1.0001907 seconds
[2023-11-16T06:18:32.640+0000][2653.083s][info ][safepoint     ] Entering safepoint region: Cleanup
[2023-11-16T06:18:32.640+0000][2653.083s][info ][safepoint     ] Leaving safepoint region
[2023-11-16T06:18:32.640+0000][2653.083s][info ][safepoint     ] Total time for which application threads were stopped: 0.0002914 seconds, Stopping threads took: 0.0000588 seconds
[2023-11-16T06:18:33.640+0000][2654.083s][debug][safepoint     ] Safepoint synchronization initiated. (173 threads)
[2023-11-16T06:18:33.640+0000][2654.083s][info ][safepoint     ] Application time: 1.0001782 seconds
[2023-11-16T06:18:33.640+0000][2654.083s][info ][safepoint     ] Entering safepoint region: Cleanup
[2023-11-16T06:18:33.640+0000][2654.084s][info ][safepoint     ] Leaving safepoint region
[2023-11-16T06:18:33.640+0000][2654.084s][info ][safepoint     ] Total time for which application threads were stopped: 0.0002662 seconds, Stopping threads took: 0.0000535 seconds
[2023-11-16T06:18:34.640+0000][2655.084s][debug][safepoint     ] Safepoint synchronization initiated. (173 threads)
[2023-11-16T06:18:34.641+0000][2655.084s][info ][safepoint     ] Application time: 1.0001645 seconds
[2023-11-16T06:18:34.641+0000][2655.084s][info ][safepoint     ] Entering safepoint region: Cleanup
[2023-11-16T06:18:34.641+0000][2655.084s][info ][safepoint     ] Leaving safepoint region
[2023-11-16T06:18:34.641+0000][2655.084s][info ][safepoint     ] Total time for which application threads were stopped: 0.0003488 seconds, Stopping threads took: 0.0000541 seconds
[2023-11-16T06:18:35.641+0000][2656.084s][debug][safepoint     ] Safepoint synchronization initiated. (173 threads)
[2023-11-16T06:18:35.641+0000][2656.084s][info ][safepoint     ] Application time: 1.0001775 seconds
[2023-11-16T06:18:35.641+0000][2656.084s][info ][safepoint     ] Entering safepoint region: Cleanup
[2023-11-16T06:18:35.641+0000][2656.085s][info ][safepoint     ] Leaving safepoint region
[2023-11-16T06:18:35.641+0000][2656.085s][info ][safepoint     ] Total time for which application threads were stopped: 0.0003493 seconds, Stopping threads took: 0.0000534 seconds
[2023-11-16T06:18:36.642+0000][2657.085s][debug][safepoint     ] Safepoint synchronization initiated. (173 threads)
[2023-11-16T06:18:36.642+0000][2657.085s][info ][safepoint     ] Application time: 1.0001719 seconds
[2023-11-16T06:18:36.642+0000][2657.085s][info ][safepoint     ] Entering safepoint region: Cleanup
[2023-11-16T06:18:36.642+0000][2657.085s][info ][safepoint     ] Leaving safepoint region
[2023-11-16T06:18:36.642+0000][2657.085s][info ][safepoint     ] Total time for which application threads were stopped: 0.0003285 seconds, Stopping threads took: 0.0000534 seconds
[2023-11-16T06:18:37.642+0000][2658.085s][debug][safepoint     ] Safepoint synchronization initiated. (173 threads)
[2023-11-16T06:18:37.642+0000][2658.086s][info ][safepoint     ] Application time: 1.0001765 seconds
[2023-11-16T06:18:37.642+0000][2658.086s][info ][safepoint     ] Entering safepoint region: Cleanup
[2023-11-16T06:18:37.643+0000][2658.086s][info ][safepoint     ] Leaving safepoint region
[2023-11-16T06:18:37.643+0000][2658.086s][info ][safepoint     ] Total time for which application threads were stopped: 0.0004636 seconds, Stopping threads took: 0.0001771 seconds
[2023-11-16T06:18:38.643+0000][2659.086s][debug][safepoint     ] Safepoint synchronization initiated. (173 threads)
[2023-11-16T06:18:38.643+0000][2659.086s][info ][safepoint     ] Application time: 1.0001681 seconds
[2023-11-16T06:18:38.643+0000][2659.086s][info ][safepoint     ] Entering safepoint region: Cleanup
[2023-11-16T06:18:38.643+0000][2659.086s][info ][safepoint     ] Leaving safepoint region
[2023-11-16T06:18:38.643+0000][2659.086s][info ][safepoint     ] Total time for which application threads were stopped: 0.0002529 seconds, Stopping threads took: 0.0000546 seconds
[2023-11-16T06:18:39.643+0000][2660.087s][debug][safepoint     ] Safepoint synchronization initiated. (173 threads)
[2023-11-16T06:18:39.643+0000][2660.087s][info ][safepoint     ] Application time: 1.0001604 seconds
[2023-11-16T06:18:39.643+0000][2660.087s][info ][safepoint     ] Entering safepoint region: Cleanup
[2023-11-16T06:18:39.644+0000][2660.087s][info ][safepoint     ] Leaving safepoint region
[2023-11-16T06:18:39.644+0000][2660.087s][info ][safepoint     ] Total time for which application threads were stopped: 0.0002849 seconds, Stopping threads took: 0.0000799 seconds
[2023-11-16T06:18:40.644+0000][2661.087s][debug][safepoint     ] Safepoint synchronization initiated. (173 threads)
[2023-11-16T06:18:40.644+0000][2661.087s][info ][safepoint     ] Application time: 1.0001409 seconds
[2023-11-16T06:18:40.644+0000][2661.087s][info ][safepoint     ] Entering safepoint region: Cleanup
[2023-11-16T06:18:40.644+0000][2661.087s][info ][safepoint     ] Leaving safepoint region
[2023-11-16T06:18:40.644+0000][2661.087s][info ][safepoint     ] Total time for which application threads were stopped: 0.0002241 seconds, Stopping threads took: 0.0000540 seconds
[2023-11-16T06:18:41.644+0000][2662.088s][debug][safepoint     ] Safepoint synchronization initiated. (173 threads)
[2023-11-16T06:18:41.644+0000][2662.088s][info ][safepoint     ] Application time: 1.0001925 seconds
[2023-11-16T06:18:41.644+0000][2662.088s][info ][safepoint     ] Entering safepoint region: Cleanup
[2023-11-16T06:18:41.645+0000][2662.088s][info ][safepoint     ] Leaving safepoint region
[2023-11-16T06:18:41.645+0000][2662.088s][info ][safepoint     ] Total time for which application threads were stopped: 0.0003318 seconds, Stopping threads took: 0.0000542 seconds
[2023-11-16T06:18:42.645+0000][2663.088s][debug][safepoint     ] Safepoint synchronization initiated. (173 threads)
[2023-11-16T06:18:42.645+0000][2663.088s][info ][safepoint     ] Application time: 1.0001549 seconds
[2023-11-16T06:18:42.645+0000][2663.088s][info ][safepoint     ] Entering safepoint region: Cleanup
[2023-11-16T06:18:42.645+0000][2663.088s][info ][safepoint     ] Leaving safepoint region
[2023-11-16T06:18:42.645+0000][2663.088s][info ][safepoint     ] Total time for which application threads were stopped: 0.0002579 seconds, Stopping threads took: 0.0000515 seconds
[2023-11-16T06:18:43.645+0000][2664.088s][debug][safepoint     ] Safepoint synchronization initiated. (173 threads)
[2023-11-16T06:18:43.645+0000][2664.089s][info ][safepoint     ] Application time: 1.0001655 seconds
[2023-11-16T06:18:43.645+0000][2664.089s][info ][safepoint     ] Entering safepoint region: Cleanup
[2023-11-16T06:18:43.646+0000][2664.089s][info ][safepoint     ] Leaving safepoint region
[2023-11-16T06:18:43.646+0000][2664.089s][info ][safepoint     ] Total time for which application threads were stopped: 0.0003473 seconds, Stopping threads took: 0.0000518 seconds
[2023-11-16T06:18:44.646+0000][2665.089s][debug][safepoint     ] Safepoint synchronization initiated. (173 threads)
[2023-11-16T06:18:44.646+0000][2665.089s][info ][safepoint     ] Application time: 1.0001521 seconds
[2023-11-16T06:18:44.646+0000][2665.089s][info ][safepoint     ] Entering safepoint region: Cleanup
[2023-11-16T06:18:44.646+0000][2665.089s][info ][safepoint     ] Leaving safepoint region
[2023-11-16T06:18:44.646+0000][2665.089s][info ][safepoint     ] Total time for which application threads were stopped: 0.0003451 seconds, Stopping threads took: 0.0000518 seconds
[2023-11-16T06:18:45.646+0000][2666.090s][debug][safepoint     ] Safepoint synchronization initiated. (172 threads)
[2023-11-16T06:18:45.646+0000][2666.090s][info ][safepoint     ] Application time: 1.0001694 seconds
[2023-11-16T06:18:45.646+0000][2666.090s][info ][safepoint     ] Entering safepoint region: Cleanup
[2023-11-16T06:18:45.647+0000][2666.090s][info ][safepoint     ] Leaving safepoint region
[2023-11-16T06:18:45.647+0000][2666.090s][debug][safepoint     ] ... found polling page return exception at pc = 0x00007fde849bede6, stub =0x00007fde7c83a800
[2023-11-16T06:18:45.647+0000][2666.090s][debug][safepoint     ] ... found polling page return exception at pc = 0x00007fde849bede6, stub =0x00007fde7c83a800
[2023-11-16T06:18:45.647+0000][2666.090s][info ][safepoint     ] Total time for which application threads were stopped: 0.0003212 seconds, Stopping threads took: 0.0000512 seconds
[2023-11-16T06:18:45.647+0000][2666.090s][debug][safepoint     ] ... found polling page return exception at pc = 0x00007fde849bede6, stub =0x00007fde7c83a800
[2023-11-16T06:18:46.647+0000][2667.090s][debug][safepoint     ] Safepoint synchronization initiated. (172 threads)
[2023-11-16T06:18:46.647+0000][2667.090s][info ][safepoint     ] Application time: 1.0001620 seconds
[2023-11-16T06:18:46.647+0000][2667.090s][info ][safepoint     ] Entering safepoint region: Cleanup
[2023-11-16T06:18:46.647+0000][2667.091s][info ][safepoint     ] Leaving safepoint region
[2023-11-16T06:18:46.647+0000][2667.091s][info ][safepoint     ] Total time for which application threads were stopped: 0.0003449 seconds, Stopping threads took: 0.0000517 seconds
[2023-11-16T06:18:47.647+0000][2668.091s][debug][safepoint     ] Safepoint synchronization initiated. (172 threads)
[2023-11-16T06:18:47.648+0000][2668.091s][info ][safepoint     ] Application time: 1.0001868 seconds
[2023-11-16T06:18:47.648+0000][2668.091s][info ][safepoint     ] Entering safepoint region: Cleanup
[2023-11-16T06:18:47.648+0000][2668.092s][info ][safepoint     ] Leaving safepoint region
[2023-11-16T06:18:47.648+0000][2668.092s][info ][safepoint     ] Total time for which application threads were stopped: 0.0006862 seconds, Stopping threads took: 0.0003369 seconds
[2023-11-16T06:18:48.648+0000][2669.092s][debug][safepoint     ] Safepoint synchronization initiated. (172 threads)
[2023-11-16T06:18:48.648+0000][2669.092s][info ][safepoint     ] Application time: 1.0001584 seconds
[2023-11-16T06:18:48.648+0000][2669.092s][info ][safepoint     ] Entering safepoint region: Cleanup
[2023-11-16T06:18:48.649+0000][2669.092s][info ][safepoint     ] Leaving safepoint region
[2023-11-16T06:18:48.649+0000][2669.092s][info ][safepoint     ] Total time for which application threads were stopped: 0.0003418 seconds, Stopping threads took: 0.0000509 seconds
[2023-11-16T06:18:49.649+0000][2670.092s][debug][safepoint     ] Safepoint synchronization initiated. (172 threads)
[2023-11-16T06:18:49.649+0000][2670.092s][info ][safepoint     ] Application time: 1.0001549 seconds
[2023-11-16T06:18:49.649+0000][2670.092s][info ][safepoint     ] Entering safepoint region: Cleanup
[2023-11-16T06:18:49.649+0000][2670.093s][info ][safepoint     ] Leaving safepoint region
[2023-11-16T06:18:49.649+0000][2670.093s][info ][safepoint     ] Total time for which application threads were stopped: 0.0003423 seconds, Stopping threads took: 0.0000514 seconds
[2023-11-16T06:18:50.649+0000][2671.093s][debug][safepoint     ] Safepoint synchronization initiated. (172 threads)
[2023-11-16T06:18:50.650+0000][2671.093s][info ][safepoint     ] Application time: 1.0001684 seconds
[2023-11-16T06:18:50.650+0000][2671.093s][info ][safepoint     ] Entering safepoint region: Cleanup
[2023-11-16T06:18:50.650+0000][2671.093s][info ][safepoint     ] Leaving safepoint region
[2023-11-16T06:18:50.650+0000][2671.093s][info ][safepoint     ] Total time for which application threads were stopped: 0.0003014 seconds, Stopping threads took: 0.0000499 seconds
[2023-11-16T06:18:51.650+0000][2672.093s][debug][safepoint     ] Safepoint synchronization initiated. (172 threads)
[2023-11-16T06:18:51.650+0000][2672.093s][info ][safepoint     ] Application time: 1.0001698 seconds
[2023-11-16T06:18:51.650+0000][2672.093s][info ][safepoint     ] Entering safepoint region: Cleanup
[2023-11-16T06:18:51.650+0000][2672.094s][info ][safepoint     ] Leaving safepoint region
[2023-11-16T06:18:51.650+0000][2672.094s][info ][safepoint     ] Total time for which application threads were stopped: 0.0003344 seconds, Stopping threads took: 0.0000503 seconds
[2023-11-16T06:18:52.651+0000][2673.094s][debug][safepoint     ] Safepoint synchronization initiated. (172 threads)
[2023-11-16T06:18:52.651+0000][2673.094s][info ][safepoint     ] Application time: 1.0001747 seconds
[2023-11-16T06:18:52.651+0000][2673.094s][info ][safepoint     ] Entering safepoint region: Cleanup
[2023-11-16T06:18:52.651+0000][2673.094s][info ][safepoint     ] Leaving safepoint region
[2023-11-16T06:18:52.651+0000][2673.095s][info ][safepoint     ] Total time for which application threads were stopped: 0.0006045 seconds, Stopping threads took: 0.0003323 seconds
[2023-11-16T06:18:53.651+0000][2674.095s][debug][safepoint     ] Safepoint synchronization initiated. (172 threads)
[2023-11-16T06:18:53.651+0000][2674.095s][info ][safepoint     ] Application time: 1.0001698 seconds
[2023-11-16T06:18:53.651+0000][2674.095s][info ][safepoint     ] Entering safepoint region: Cleanup
[2023-11-16T06:18:53.652+0000][2674.095s][info ][safepoint     ] Leaving safepoint region
[2023-11-16T06:18:53.652+0000][2674.095s][info ][safepoint     ] Total time for which application threads were stopped: 0.0003597 seconds, Stopping threads took: 0.0000702 seconds
[2023-11-16T06:18:54.652+0000][2675.095s][debug][safepoint     ] Safepoint synchronization initiated. (172 threads)
[2023-11-16T06:18:54.652+0000][2675.095s][info ][safepoint     ] Application time: 1.0001685 seconds
[2023-11-16T06:18:54.652+0000][2675.095s][info ][safepoint     ] Entering safepoint region: Cleanup
[2023-11-16T06:18:54.652+0000][2675.096s][info ][safepoint     ] Leaving safepoint region
[2023-11-16T06:18:54.652+0000][2675.096s][info ][safepoint     ] Total time for which application threads were stopped: 0.0003367 seconds, Stopping threads took: 0.0000510 seconds
[2023-11-16T06:18:55.652+0000][2676.096s][debug][safepoint     ] Safepoint synchronization initiated. (172 threads)
[2023-11-16T06:18:55.652+0000][2676.096s][info ][safepoint     ] Application time: 1.0001765 seconds
[2023-11-16T06:18:55.653+0000][2676.096s][info ][safepoint     ] Entering safepoint region: Cleanup
[2023-11-16T06:18:55.653+0000][2676.096s][info ][safepoint     ] Leaving safepoint region
[2023-11-16T06:18:55.653+0000][2676.096s][info ][safepoint     ] Total time for which application threads were stopped: 0.0003274 seconds, Stopping threads took: 0.0000505 seconds
[2023-11-16T06:18:56.653+0000][2677.096s][debug][safepoint     ] Safepoint synchronization initiated. (172 threads)
[2023-11-16T06:18:56.653+0000][2677.096s][info ][safepoint     ] Application time: 1.0001676 seconds
[2023-11-16T06:18:56.653+0000][2677.096s][info ][safepoint     ] Entering safepoint region: Cleanup
[2023-11-16T06:18:56.653+0000][2677.097s][info ][safepoint     ] Leaving safepoint region
[2023-11-16T06:18:56.653+0000][2677.097s][info ][safepoint     ] Total time for which application threads were stopped: 0.0003346 seconds, Stopping threads took: 0.0000500 seconds
[2023-11-16T06:18:57.654+0000][2678.097s][debug][safepoint     ] Safepoint synchronization initiated. (172 threads)
[2023-11-16T06:18:57.654+0000][2678.097s][info ][safepoint     ] Application time: 1.0001695 seconds
[2023-11-16T06:18:57.654+0000][2678.097s][info ][safepoint     ] Entering safepoint region: Cleanup
[2023-11-16T06:18:57.654+0000][2678.097s][info ][safepoint     ] Leaving safepoint region
[2023-11-16T06:18:57.654+0000][2678.097s][info ][safepoint     ] Total time for which application threads were stopped: 0.0005487 seconds, Stopping threads took: 0.0002086 seconds
[2023-11-16T06:18:58.654+0000][2679.098s][debug][safepoint     ] Safepoint synchronization initiated. (172 threads)
[2023-11-16T06:18:58.654+0000][2679.098s][info ][safepoint     ] Application time: 1.0001665 seconds
[2023-11-16T06:18:58.654+0000][2679.098s][info ][safepoint     ] Entering safepoint region: Cleanup
[2023-11-16T06:18:58.655+0000][2679.098s][info ][safepoint     ] Leaving safepoint region
[2023-11-16T06:18:58.655+0000][2679.098s][info ][safepoint     ] Total time for which application threads were stopped: 0.0003383 seconds, Stopping threads took: 0.0000489 seconds
[2023-11-16T06:18:59.655+0000][2680.098s][debug][safepoint     ] Safepoint synchronization initiated. (172 threads)
[2023-11-16T06:18:59.655+0000][2680.098s][info ][safepoint     ] Application time: 1.0001374 seconds
[2023-11-16T06:18:59.655+0000][2680.098s][info ][safepoint     ] Entering safepoint region: Cleanup
[2023-11-16T06:18:59.655+0000][2680.098s][info ][safepoint     ] Leaving safepoint region
[2023-11-16T06:18:59.655+0000][2680.099s][info ][safepoint     ] Total time for which application threads were stopped: 0.0003587 seconds, Stopping threads took: 0.0000491 seconds
[2023-11-16T06:19:00.655+0000][2681.099s][debug][safepoint     ] Safepoint synchronization initiated. (172 threads)
[2023-11-16T06:19:00.655+0000][2681.099s][info ][safepoint     ] Application time: 1.0001505 seconds
[2023-11-16T06:19:00.655+0000][2681.099s][info ][safepoint     ] Entering safepoint region: Cleanup
[2023-11-16T06:19:00.656+0000][2681.099s][info ][safepoint     ] Leaving safepoint region
[2023-11-16T06:19:00.656+0000][2681.099s][info ][safepoint     ] Total time for which application threads were stopped: 0.0003548 seconds, Stopping threads took: 0.0000493 seconds
[2023-11-16T06:19:01.656+0000][2682.099s][debug][safepoint     ] Safepoint synchronization initiated. (172 threads)
[2023-11-16T06:19:01.656+0000][2682.099s][info ][safepoint     ] Application time: 1.0001707 seconds
[2023-11-16T06:19:01.656+0000][2682.099s][info ][safepoint     ] Entering safepoint region: Cleanup
[2023-11-16T06:19:01.656+0000][2682.100s][info ][safepoint     ] Leaving safepoint region
[2023-11-16T06:19:01.656+0000][2682.100s][info ][safepoint     ] Total time for which application threads were stopped: 0.0003344 seconds, Stopping threads took: 0.0000495 seconds
[2023-11-16T06:19:02.656+0000][2683.100s][debug][safepoint     ] Safepoint synchronization initiated. (172 threads)
[2023-11-16T06:19:02.656+0000][2683.100s][info ][safepoint     ] Application time: 1.0001762 seconds
[2023-11-16T06:19:02.657+0000][2683.100s][info ][safepoint     ] Entering safepoint region: Cleanup
[2023-11-16T06:19:02.657+0000][2683.101s][info ][safepoint     ] Leaving safepoint region
[2023-11-16T06:19:02.657+0000][2683.101s][info ][safepoint     ] Total time for which application threads were stopped: 0.0007499 seconds, Stopping threads took: 0.0004538 seconds
[2023-11-16T06:19:03.657+0000][2684.101s][debug][safepoint     ] Safepoint synchronization initiated. (172 threads)
[2023-11-16T06:19:03.657+0000][2684.101s][info ][safepoint     ] Application time: 1.0001748 seconds
[2023-11-16T06:19:03.657+0000][2684.101s][info ][safepoint     ] Entering safepoint region: Cleanup
[2023-11-16T06:19:03.658+0000][2684.101s][info ][safepoint     ] Leaving safepoint region
[2023-11-16T06:19:03.658+0000][2684.101s][info ][safepoint     ] Total time for which application threads were stopped: 0.0003404 seconds, Stopping threads took: 0.0000508 seconds
[2023-11-16T06:19:04.658+0000][2685.101s][debug][safepoint     ] Safepoint synchronization initiated. (172 threads)
[2023-11-16T06:19:04.658+0000][2685.101s][info ][safepoint     ] Application time: 1.0001660 seconds
[2023-11-16T06:19:04.658+0000][2685.101s][info ][safepoint     ] Entering safepoint region: Cleanup
[2023-11-16T06:19:04.658+0000][2685.102s][info ][safepoint     ] Leaving safepoint region
[2023-11-16T06:19:04.658+0000][2685.102s][info ][safepoint     ] Total time for which application threads were stopped: 0.0003358 seconds, Stopping threads took: 0.0000498 seconds
[2023-11-16T06:19:05.658+0000][2686.102s][debug][safepoint     ] Safepoint synchronization initiated. (172 threads)
[2023-11-16T06:19:05.658+0000][2686.102s][info ][safepoint     ] Application time: 1.0001363 seconds
[2023-11-16T06:19:05.659+0000][2686.102s][info ][safepoint     ] Entering safepoint region: Cleanup
[2023-11-16T06:19:05.659+0000][2686.102s][info ][safepoint     ] Leaving safepoint region
[2023-11-16T06:19:05.659+0000][2686.102s][info ][safepoint     ] Total time for which application threads were stopped: 0.0002405 seconds, Stopping threads took: 0.0000502 seconds
[2023-11-16T06:19:06.659+0000][2687.102s][debug][safepoint     ] Safepoint synchronization initiated. (172 threads)
[2023-11-16T06:19:06.659+0000][2687.102s][info ][safepoint     ] Application time: 1.0001704 seconds
[2023-11-16T06:19:06.659+0000][2687.102s][info ][safepoint     ] Entering safepoint region: Cleanup
[2023-11-16T06:19:06.659+0000][2687.102s][info ][safepoint     ] Leaving safepoint region
[2023-11-16T06:19:06.659+0000][2687.103s][info ][safepoint     ] Total time for which application threads were stopped: 0.0002724 seconds, Stopping threads took: 0.0000491 seconds
[2023-11-16T06:19:07.659+0000][2688.103s][debug][safepoint     ] Safepoint synchronization initiated. (172 threads)
[2023-11-16T06:19:07.659+0000][2688.103s][info ][safepoint     ] Application time: 1.0001686 seconds
[2023-11-16T06:19:07.659+0000][2688.103s][info ][safepoint     ] Entering safepoint region: Cleanup
[2023-11-16T06:19:07.660+0000][2688.103s][info ][safepoint     ] Leaving safepoint region
[2023-11-16T06:19:07.660+0000][2688.103s][info ][safepoint     ] Total time for which application threads were stopped: 0.0003624 seconds, Stopping threads took: 0.0000739 seconds
[2023-11-16T06:19:08.660+0000][2689.103s][debug][safepoint     ] Safepoint synchronization initiated. (172 threads)
[2023-11-16T06:19:08.660+0000][2689.103s][info ][safepoint     ] Application time: 1.0001557 seconds
[2023-11-16T06:19:08.660+0000][2689.103s][info ][safepoint     ] Entering safepoint region: Cleanup
[2023-11-16T06:19:08.660+0000][2689.104s][info ][safepoint     ] Leaving safepoint region
[2023-11-16T06:19:08.660+0000][2689.104s][info ][safepoint     ] Total time for which application threads were stopped: 0.0003303 seconds, Stopping threads took: 0.0000515 seconds
[2023-11-16T06:19:09.660+0000][2690.104s][debug][safepoint     ] Safepoint synchronization initiated. (172 threads)
[2023-11-16T06:19:09.660+0000][2690.104s][info ][safepoint     ] Application time: 1.0001551 seconds
[2023-11-16T06:19:09.661+0000][2690.104s][info ][safepoint     ] Entering safepoint region: Cleanup
[2023-11-16T06:19:09.661+0000][2690.104s][info ][safepoint     ] Leaving safepoint region
[2023-11-16T06:19:09.661+0000][2690.104s][info ][safepoint     ] Total time for which application threads were stopped: 0.0003485 seconds, Stopping threads took: 0.0000522 seconds
[2023-11-16T06:19:10.661+0000][2691.104s][debug][safepoint     ] Safepoint synchronization initiated. (172 threads)
[2023-11-16T06:19:10.661+0000][2691.104s][info ][safepoint     ] Application time: 1.0001750 seconds
[2023-11-16T06:19:10.661+0000][2691.104s][info ][safepoint     ] Entering safepoint region: Cleanup
[2023-11-16T06:19:10.662+0000][2691.105s][info ][safepoint     ] Leaving safepoint region
[2023-11-16T06:19:10.662+0000][2691.105s][info ][safepoint     ] Total time for which application threads were stopped: 0.0005103 seconds, Stopping threads took: 0.0002938 seconds
[2023-11-16T06:19:11.662+0000][2692.105s][debug][safepoint     ] Safepoint synchronization initiated. (172 threads)
[2023-11-16T06:19:11.662+0000][2692.105s][info ][safepoint     ] Application time: 1.0001665 seconds
[2023-11-16T06:19:11.662+0000][2692.105s][info ][safepoint     ] Entering safepoint region: Cleanup
[2023-11-16T06:19:11.662+0000][2692.105s][info ][safepoint     ] Leaving safepoint region
[2023-11-16T06:19:11.662+0000][2692.105s][info ][safepoint     ] Total time for which application threads were stopped: 0.0003149 seconds, Stopping threads took: 0.0000520 seconds
[2023-11-16T06:19:12.662+0000][2693.106s][debug][safepoint     ] Safepoint synchronization initiated. (172 threads)
[2023-11-16T06:19:12.662+0000][2693.106s][info ][safepoint     ] Application time: 1.0001678 seconds
[2023-11-16T06:19:12.662+0000][2693.106s][info ][safepoint     ] Entering safepoint region: Cleanup
[2023-11-16T06:19:12.663+0000][2693.106s][info ][safepoint     ] Leaving safepoint region
[2023-11-16T06:19:12.663+0000][2693.106s][info ][safepoint     ] Total time for which application threads were stopped: 0.0003310 seconds, Stopping threads took: 0.0000497 seconds
[2023-11-16T06:19:13.663+0000][2694.106s][debug][safepoint     ] Safepoint synchronization initiated. (172 threads)
[2023-11-16T06:19:13.663+0000][2694.106s][info ][safepoint     ] Application time: 1.0001694 seconds
[2023-11-16T06:19:13.663+0000][2694.106s][info ][safepoint     ] Entering safepoint region: Cleanup
[2023-11-16T06:19:13.663+0000][2694.106s][info ][safepoint     ] Leaving safepoint region
[2023-11-16T06:19:13.663+0000][2694.107s][info ][safepoint     ] Total time for which application threads were stopped: 0.0003575 seconds, Stopping threads took: 0.0000491 seconds
[2023-11-16T06:19:14.646+0000][2695.090s][debug][safepoint     ] Safepoint synchronization initiated. (172 threads)
[2023-11-16T06:19:14.646+0000][2695.090s][info ][safepoint     ] Application time: 0.9832512 seconds
[2023-11-16T06:19:14.647+0000][2695.090s][info ][safepoint     ] Entering safepoint region: G1CollectForAllocation
[2023-11-16T06:19:14.647+0000][2695.090s][info ][gc,start      ] GC(42) Pause Young (Normal) (G1 Evacuation Pause)
[2023-11-16T06:19:14.647+0000][2695.090s][info ][gc,task       ] GC(42) Using 4 workers of 4 for evacuation
[2023-11-16T06:19:14.685+0000][2695.129s][info ][gc,phases     ] GC(42)   Pre Evacuate Collection Set: 0.0ms
[2023-11-16T06:19:14.685+0000][2695.129s][info ][gc,phases     ] GC(42)   Evacuate Collection Set: 33.4ms
[2023-11-16T06:19:14.685+0000][2695.129s][info ][gc,phases     ] GC(42)   Post Evacuate Collection Set: 4.8ms
[2023-11-16T06:19:14.685+0000][2695.129s][info ][gc,phases     ] GC(42)   Other: 0.4ms
[2023-11-16T06:19:14.685+0000][2695.129s][info ][gc,heap       ] GC(42) Eden regions: 482->0(483)
[2023-11-16T06:19:14.685+0000][2695.129s][info ][gc,heap       ] GC(42) Survivor regions: 27->26(64)
[2023-11-16T06:19:14.685+0000][2695.129s][info ][gc,heap       ] GC(42) Old regions: 128->128
[2023-11-16T06:19:14.685+0000][2695.129s][info ][gc,heap       ] GC(42) Humongous regions: 0->0
[2023-11-16T06:19:14.685+0000][2695.129s][info ][gc,metaspace  ] GC(42) Metaspace: 164066K(169560K)->164066K(169560K) NonClass: 145098K(148440K)->145098K(148440K) Class: 18968K(21120K)->18968K(21120K)
[2023-11-16T06:19:14.686+0000][2695.129s][info ][gc            ] GC(42) Pause Young (Normal) (G1 Evacuation Pause) 635M->152M(849M) 38.794ms
[2023-11-16T06:19:14.686+0000][2695.129s][info ][gc,cpu        ] GC(42) User=0.14s Sys=0.00s Real=0.04s
[2023-11-16T06:19:14.686+0000][2695.129s][info ][safepoint     ] Leaving safepoint region
[2023-11-16T06:19:14.686+0000][2695.129s][info ][safepoint     ] Total time for which application threads were stopped: 0.0391855 seconds, Stopping threads took: 0.0000495 seconds
[2023-11-16T06:19:14.686+0000][2695.129s][info ][gc,stringdedup] Concurrent String Deduplication (2695.129s)
[2023-11-16T06:19:14.686+0000][2695.129s][info ][gc,stringdedup] Concurrent String Deduplication 2936.0B->2608.0B(328.0B) avg 53.6% (2695.129s, 2695.129s) 0.088ms
[2023-11-16T06:19:15.686+0000][2696.129s][debug][safepoint     ] Safepoint synchronization initiated. (172 threads)
[2023-11-16T06:19:15.686+0000][2696.129s][info ][safepoint     ] Application time: 1.0001697 seconds
[2023-11-16T06:19:15.686+0000][2696.129s][info ][safepoint     ] Entering safepoint region: Cleanup
[2023-11-16T06:19:15.686+0000][2696.130s][info ][safepoint     ] Leaving safepoint region
[2023-11-16T06:19:15.686+0000][2696.130s][info ][safepoint     ] Total time for which application threads were stopped: 0.0006112 seconds, Stopping threads took: 0.0002749 seconds
[2023-11-16T06:19:16.687+0000][2697.130s][debug][safepoint     ] Safepoint synchronization initiated. (172 threads)
[2023-11-16T06:19:16.687+0000][2697.130s][info ][safepoint     ] Application time: 1.0001714 seconds
[2023-11-16T06:19:16.687+0000][2697.130s][info ][safepoint     ] Entering safepoint region: Cleanup
[2023-11-16T06:19:16.687+0000][2697.130s][info ][safepoint     ] Leaving safepoint region
[2023-11-16T06:19:16.687+0000][2697.130s][info ][safepoint     ] Total time for which application threads were stopped: 0.0003348 seconds, Stopping threads took: 0.0000497 seconds
[2023-11-16T06:19:17.687+0000][2698.130s][debug][safepoint     ] Safepoint synchronization initiated. (172 threads)
[2023-11-16T06:19:17.687+0000][2698.131s][info ][safepoint     ] Application time: 1.0001551 seconds
[2023-11-16T06:19:17.687+0000][2698.131s][info ][safepoint     ] Entering safepoint region: Cleanup
[2023-11-16T06:19:17.687+0000][2698.131s][info ][safepoint     ] Leaving safepoint region
[2023-11-16T06:19:17.688+0000][2698.131s][info ][safepoint     ] Total time for which application threads were stopped: 0.0003308 seconds, Stopping threads took: 0.0000507 seconds
[2023-11-16T06:19:18.688+0000][2699.131s][debug][safepoint     ] Safepoint synchronization initiated. (172 threads)
[2023-11-16T06:19:18.688+0000][2699.131s][info ][safepoint     ] Application time: 1.0001481 seconds
[2023-11-16T06:19:18.688+0000][2699.131s][info ][safepoint     ] Entering safepoint region: Cleanup
[2023-11-16T06:19:18.688+0000][2699.131s][info ][safepoint     ] Leaving safepoint region
[2023-11-16T06:19:18.688+0000][2699.131s][info ][safepoint     ] Total time for which application threads were stopped: 0.0002794 seconds, Stopping threads took: 0.0000493 seconds
[2023-11-16T06:19:19.688+0000][2700.131s][debug][safepoint     ] Safepoint synchronization initiated. (172 threads)
[2023-11-16T06:19:19.688+0000][2700.131s][info ][safepoint     ] Application time: 1.0001549 seconds
[2023-11-16T06:19:19.688+0000][2700.132s][info ][safepoint     ] Entering safepoint region: Cleanup
[2023-11-16T06:19:19.688+0000][2700.132s][info ][safepoint     ] Leaving safepoint region
[2023-11-16T06:19:19.688+0000][2700.132s][info ][safepoint     ] Total time for which application threads were stopped: 0.0002697 seconds, Stopping threads took: 0.0000511 seconds
[2023-11-16T06:19:20.689+0000][2701.132s][debug][safepoint     ] Safepoint synchronization initiated. (172 threads)
[2023-11-16T06:19:20.689+0000][2701.132s][info ][safepoint     ] Application time: 1.0001443 seconds
[2023-11-16T06:19:20.689+0000][2701.132s][info ][safepoint     ] Entering safepoint region: Cleanup
[2023-11-16T06:19:20.689+0000][2701.132s][info ][safepoint     ] Leaving safepoint region
[2023-11-16T06:19:20.689+0000][2701.132s][info ][safepoint     ] Total time for which application threads were stopped: 0.0002504 seconds, Stopping threads took: 0.0000498 seconds
[2023-11-16T06:19:21.689+0000][2702.132s][debug][safepoint     ] Safepoint synchronization initiated. (172 threads)
[2023-11-16T06:19:21.689+0000][2702.132s][info ][safepoint     ] Application time: 1.0001475 seconds
[2023-11-16T06:19:21.689+0000][2702.132s][info ][safepoint     ] Entering safepoint region: Cleanup
[2023-11-16T06:19:21.689+0000][2702.133s][info ][safepoint     ] Leaving safepoint region
[2023-11-16T06:19:21.689+0000][2702.133s][info ][safepoint     ] Total time for which application threads were stopped: 0.0002510 seconds, Stopping threads took: 0.0000496 seconds
[2023-11-16T06:19:22.689+0000][2703.133s][debug][safepoint     ] Safepoint synchronization initiated. (172 threads)
[2023-11-16T06:19:22.689+0000][2703.133s][info ][safepoint     ] Application time: 1.0001553 seconds
[2023-11-16T06:19:22.690+0000][2703.133s][info ][safepoint     ] Entering safepoint region: Cleanup
[2023-11-16T06:19:22.690+0000][2703.133s][info ][safepoint     ] Leaving safepoint region
[2023-11-16T06:19:22.690+0000][2703.133s][info ][safepoint     ] Total time for which application threads were stopped: 0.0003359 seconds, Stopping threads took: 0.0000496 seconds
[2023-11-16T06:19:23.690+0000][2704.133s][debug][safepoint     ] Safepoint synchronization initiated. (172 threads)
[2023-11-16T06:19:23.690+0000][2704.133s][info ][safepoint     ] Application time: 1.0001511 seconds
[2023-11-16T06:19:23.690+0000][2704.133s][info ][safepoint     ] Entering safepoint region: Cleanup
[2023-11-16T06:19:23.690+0000][2704.134s][info ][safepoint     ] Leaving safepoint region
[2023-11-16T06:19:23.690+0000][2704.134s][info ][safepoint     ] Total time for which application threads were stopped: 0.0003281 seconds, Stopping threads took: 0.0000487 seconds
[2023-11-16T06:19:24.690+0000][2705.134s][debug][safepoint     ] Safepoint synchronization initiated. (172 threads)
[2023-11-16T06:19:24.691+0000][2705.134s][info ][safepoint     ] Application time: 1.0001720 seconds
[2023-11-16T06:19:24.691+0000][2705.134s][info ][safepoint     ] Entering safepoint region: Cleanup
[2023-11-16T06:19:24.691+0000][2705.134s][info ][safepoint     ] Leaving safepoint region
[2023-11-16T06:19:24.691+0000][2705.134s][info ][safepoint     ] Total time for which application threads were stopped: 0.0003622 seconds, Stopping threads took: 0.0000504 seconds
[2023-11-16T06:19:25.691+0000][2706.134s][debug][safepoint     ] Safepoint synchronization initiated. (172 threads)
[2023-11-16T06:19:25.691+0000][2706.134s][info ][safepoint     ] Application time: 1.0001679 seconds
[2023-11-16T06:19:25.691+0000][2706.134s][info ][safepoint     ] Entering safepoint region: Cleanup
[2023-11-16T06:19:25.691+0000][2706.135s][info ][safepoint     ] Leaving safepoint region
[2023-11-16T06:19:25.691+0000][2706.135s][info ][safepoint     ] Total time for which application threads were stopped: 0.0002432 seconds, Stopping threads took: 0.0000506 seconds
[2023-11-16T06:19:26.691+0000][2707.135s][debug][safepoint     ] Safepoint synchronization initiated. (172 threads)
[2023-11-16T06:19:26.692+0000][2707.135s][info ][safepoint     ] Application time: 1.0001818 seconds
[2023-11-16T06:19:26.692+0000][2707.135s][info ][safepoint     ] Entering safepoint region: Cleanup
[2023-11-16T06:19:26.692+0000][2707.135s][info ][safepoint     ] Leaving safepoint region
[2023-11-16T06:19:26.692+0000][2707.135s][info ][safepoint     ] Total time for which application threads were stopped: 0.0004044 seconds, Stopping threads took: 0.0000583 seconds
[2023-11-16T06:19:27.692+0000][2708.135s][debug][safepoint     ] Safepoint synchronization initiated. (172 threads)
[2023-11-16T06:19:27.692+0000][2708.135s][info ][safepoint     ] Application time: 1.0001555 seconds
[2023-11-16T06:19:27.692+0000][2708.136s][info ][safepoint     ] Entering safepoint region: Cleanup
[2023-11-16T06:19:27.692+0000][2708.136s][info ][safepoint     ] Leaving safepoint region
[2023-11-16T06:19:27.693+0000][2708.136s][info ][safepoint     ] Total time for which application threads were stopped: 0.0003332 seconds, Stopping threads took: 0.0000500 seconds
[2023-11-16T06:19:28.693+0000][2709.136s][debug][safepoint     ] Safepoint synchronization initiated. (172 threads)
[2023-11-16T06:19:28.693+0000][2709.136s][info ][safepoint     ] Application time: 1.0001704 seconds
[2023-11-16T06:19:28.693+0000][2709.136s][info ][safepoint     ] Entering safepoint region: Cleanup
[2023-11-16T06:19:28.693+0000][2709.136s][info ][safepoint     ] Leaving safepoint region
[2023-11-16T06:19:28.693+0000][2709.136s][info ][safepoint     ] Total time for which application threads were stopped: 0.0003081 seconds, Stopping threads took: 0.0000484 seconds
[2023-11-16T06:19:29.693+0000][2710.136s][debug][safepoint     ] Safepoint synchronization initiated. (172 threads)
[2023-11-16T06:19:29.693+0000][2710.137s][info ][safepoint     ] Application time: 1.0001666 seconds
[2023-11-16T06:19:29.693+0000][2710.137s][info ][safepoint     ] Entering safepoint region: Cleanup
[2023-11-16T06:19:29.693+0000][2710.137s][info ][safepoint     ] Leaving safepoint region
[2023-11-16T06:19:29.693+0000][2710.137s][info ][safepoint     ] Total time for which application threads were stopped: 0.0002534 seconds, Stopping threads took: 0.0000494 seconds
[2023-11-16T06:19:30.694+0000][2711.137s][debug][safepoint     ] Safepoint synchronization initiated. (172 threads)
[2023-11-16T06:19:30.694+0000][2711.137s][info ][safepoint     ] Application time: 1.0001671 seconds
[2023-11-16T06:19:30.694+0000][2711.137s][info ][safepoint     ] Entering safepoint region: Cleanup
[2023-11-16T06:19:30.694+0000][2711.137s][info ][safepoint     ] Leaving safepoint region
[2023-11-16T06:19:30.694+0000][2711.137s][info ][safepoint     ] Total time for which application threads were stopped: 0.0003435 seconds, Stopping threads took: 0.0000507 seconds
[2023-11-16T06:19:31.694+0000][2712.137s][debug][safepoint     ] Safepoint synchronization initiated. (172 threads)
[2023-11-16T06:19:31.694+0000][2712.138s][info ][safepoint     ] Application time: 1.0001725 seconds
[2023-11-16T06:19:31.694+0000][2712.138s][info ][safepoint     ] Entering safepoint region: Cleanup
[2023-11-16T06:19:31.695+0000][2712.138s][info ][safepoint     ] Leaving safepoint region
[2023-11-16T06:19:31.695+0000][2712.138s][info ][safepoint     ] Total time for which application threads were stopped: 0.0005166 seconds, Stopping threads took: 0.0001590 seconds
[2023-11-16T06:19:32.695+0000][2713.138s][debug][safepoint     ] Safepoint synchronization initiated. (172 threads)
[2023-11-16T06:19:32.695+0000][2713.138s][info ][safepoint     ] Application time: 1.0001588 seconds
[2023-11-16T06:19:32.695+0000][2713.138s][info ][safepoint     ] Entering safepoint region: Cleanup
[2023-11-16T06:19:32.695+0000][2713.138s][info ][safepoint     ] Leaving safepoint region
[2023-11-16T06:19:32.695+0000][2713.139s][info ][safepoint     ] Total time for which application threads were stopped: 0.0002523 seconds, Stopping threads took: 0.0000506 seconds
[2023-11-16T06:19:33.695+0000][2714.139s][debug][safepoint     ] Safepoint synchronization initiated. (172 threads)
[2023-11-16T06:19:33.695+0000][2714.139s][info ][safepoint     ] Application time: 1.0001520 seconds
[2023-11-16T06:19:33.695+0000][2714.139s][info ][safepoint     ] Entering safepoint region: Cleanup
[2023-11-16T06:19:33.696+0000][2714.139s][info ][safepoint     ] Leaving safepoint region
[2023-11-16T06:19:33.696+0000][2714.139s][info ][safepoint     ] Total time for which application threads were stopped: 0.0002638 seconds, Stopping threads took: 0.0000507 seconds
[2023-11-16T06:19:34.696+0000][2715.139s][debug][safepoint     ] Safepoint synchronization initiated. (172 threads)
[2023-11-16T06:19:34.696+0000][2715.139s][info ][safepoint     ] Application time: 1.0001619 seconds
[2023-11-16T06:19:34.696+0000][2715.139s][info ][safepoint     ] Entering safepoint region: Cleanup
[2023-11-16T06:19:34.696+0000][2715.139s][info ][safepoint     ] Leaving safepoint region
[2023-11-16T06:19:34.696+0000][2715.139s][info ][safepoint     ] Total time for which application threads were stopped: 0.0003364 seconds, Stopping threads took: 0.0000501 seconds
[2023-11-16T06:19:35.696+0000][2716.140s][debug][safepoint     ] Safepoint synchronization initiated. (172 threads)
[2023-11-16T06:19:35.696+0000][2716.140s][info ][safepoint     ] Application time: 1.0001531 seconds
[2023-11-16T06:19:35.696+0000][2716.140s][info ][safepoint     ] Entering safepoint region: Cleanup
[2023-11-16T06:19:35.697+0000][2716.140s][info ][safepoint     ] Leaving safepoint region
[2023-11-16T06:19:35.697+0000][2716.140s][info ][safepoint     ] Total time for which application threads were stopped: 0.0003369 seconds, Stopping threads took: 0.0000501 seconds
[2023-11-16T06:19:36.697+0000][2717.140s][debug][safepoint     ] Safepoint synchronization initiated. (172 threads)
[2023-11-16T06:19:36.697+0000][2717.140s][info ][safepoint     ] Application time: 1.0001751 seconds
[2023-11-16T06:19:36.697+0000][2717.140s][info ][safepoint     ] Entering safepoint region: Cleanup
[2023-11-16T06:19:36.697+0000][2717.141s][info ][safepoint     ] Leaving safepoint region
[2023-11-16T06:19:36.697+0000][2717.141s][info ][safepoint     ] Total time for which application threads were stopped: 0.0004935 seconds, Stopping threads took: 0.0002152 seconds
[2023-11-16T06:19:37.698+0000][2718.141s][debug][safepoint     ] Safepoint synchronization initiated. (172 threads)
[2023-11-16T06:19:37.698+0000][2718.141s][info ][safepoint     ] Application time: 1.0001479 seconds
[2023-11-16T06:19:37.698+0000][2718.141s][info ][safepoint     ] Entering safepoint region: Cleanup
[2023-11-16T06:19:37.698+0000][2718.141s][info ][safepoint     ] Leaving safepoint region
[2023-11-16T06:19:37.698+0000][2718.141s][info ][safepoint     ] Total time for which application threads were stopped: 0.0003979 seconds, Stopping threads took: 0.0000521 seconds
[2023-11-16T06:19:38.698+0000][2719.141s][debug][safepoint     ] Safepoint synchronization initiated. (172 threads)
[2023-11-16T06:19:38.698+0000][2719.141s][info ][safepoint     ] Application time: 1.0001582 seconds
[2023-11-16T06:19:38.698+0000][2719.142s][info ][safepoint     ] Entering safepoint region: Cleanup
[2023-11-16T06:19:38.699+0000][2719.142s][info ][safepoint     ] Leaving safepoint region
[2023-11-16T06:19:38.699+0000][2719.142s][info ][safepoint     ] Total time for which application threads were stopped: 0.0003614 seconds, Stopping threads took: 0.0000741 seconds
[2023-11-16T06:19:39.699+0000][2720.142s][debug][safepoint     ] Safepoint synchronization initiated. (172 threads)
[2023-11-16T06:19:39.699+0000][2720.142s][info ][safepoint     ] Application time: 1.0001496 seconds
[2023-11-16T06:19:39.699+0000][2720.142s][info ][safepoint     ] Entering safepoint region: Cleanup
[2023-11-16T06:19:39.699+0000][2720.142s][info ][safepoint     ] Leaving safepoint region
[2023-11-16T06:19:39.699+0000][2720.142s][info ][safepoint     ] Total time for which application threads were stopped: 0.0003403 seconds, Stopping threads took: 0.0000511 seconds
[2023-11-16T06:19:40.699+0000][2721.143s][debug][safepoint     ] Safepoint synchronization initiated. (172 threads)
[2023-11-16T06:19:40.699+0000][2721.143s][info ][safepoint     ] Application time: 1.0001630 seconds
[2023-11-16T06:19:40.699+0000][2721.143s][info ][safepoint     ] Entering safepoint region: Cleanup
[2023-11-16T06:19:40.700+0000][2721.143s][info ][safepoint     ] Leaving safepoint region
[2023-11-16T06:19:40.700+0000][2721.143s][info ][safepoint     ] Total time for which application threads were stopped: 0.0003636 seconds, Stopping threads took: 0.0000525 seconds
[2023-11-16T06:19:41.700+0000][2722.143s][debug][safepoint     ] Safepoint synchronization initiated. (172 threads)
[2023-11-16T06:19:41.700+0000][2722.143s][info ][safepoint     ] Application time: 1.0001507 seconds
[2023-11-16T06:19:41.700+0000][2722.143s][info ][safepoint     ] Entering safepoint region: Cleanup
[2023-11-16T06:19:41.700+0000][2722.143s][info ][safepoint     ] Leaving safepoint region
[2023-11-16T06:19:41.700+0000][2722.144s][info ][safepoint     ] Total time for which application threads were stopped: 0.0003681 seconds, Stopping threads took: 0.0001572 seconds
[2023-11-16T06:19:42.700+0000][2723.144s][debug][safepoint     ] Safepoint synchronization initiated. (172 threads)
[2023-11-16T06:19:42.700+0000][2723.144s][info ][safepoint     ] Application time: 1.0001554 seconds
[2023-11-16T06:19:42.700+0000][2723.144s][info ][safepoint     ] Entering safepoint region: Cleanup
[2023-11-16T06:19:42.701+0000][2723.144s][info ][safepoint     ] Leaving safepoint region
[2023-11-16T06:19:42.701+0000][2723.144s][info ][safepoint     ] Total time for which application threads were stopped: 0.0003457 seconds, Stopping threads took: 0.0000509 seconds
[2023-11-16T06:19:43.701+0000][2724.144s][debug][safepoint     ] Safepoint synchronization initiated. (172 threads)
[2023-11-16T06:19:43.701+0000][2724.144s][info ][safepoint     ] Application time: 1.0001661 seconds
[2023-11-16T06:19:43.701+0000][2724.144s][info ][safepoint     ] Entering safepoint region: Cleanup
[2023-11-16T06:19:43.701+0000][2724.145s][info ][safepoint     ] Leaving safepoint region
[2023-11-16T06:19:43.701+0000][2724.145s][info ][safepoint     ] Total time for which application threads were stopped: 0.0003948 seconds, Stopping threads took: 0.0000509 seconds
[2023-11-16T06:19:44.701+0000][2725.145s][debug][safepoint     ] Safepoint synchronization initiated. (172 threads)
[2023-11-16T06:19:44.702+0000][2725.145s][info ][safepoint     ] Application time: 1.0001688 seconds
[2023-11-16T06:19:44.702+0000][2725.145s][info ][safepoint     ] Entering safepoint region: Cleanup
[2023-11-16T06:19:44.702+0000][2725.145s][info ][safepoint     ] Leaving safepoint region
[2023-11-16T06:19:44.702+0000][2725.145s][info ][safepoint     ] Total time for which application threads were stopped: 0.0002478 seconds, Stopping threads took: 0.0000509 seconds
[2023-11-16T06:19:45.702+0000][2726.145s][debug][safepoint     ] Safepoint synchronization initiated. (171 threads)
[2023-11-16T06:19:45.702+0000][2726.145s][info ][safepoint     ] Application time: 1.0001703 seconds
[2023-11-16T06:19:45.702+0000][2726.145s][info ][safepoint     ] Entering safepoint region: Cleanup
[2023-11-16T06:19:45.702+0000][2726.146s][info ][safepoint     ] Leaving safepoint region
[2023-11-16T06:19:45.702+0000][2726.146s][info ][safepoint     ] Total time for which application threads were stopped: 0.0002798 seconds, Stopping threads took: 0.0000751 seconds
[2023-11-16T06:19:46.702+0000][2727.146s][debug][safepoint     ] Safepoint synchronization initiated. (171 threads)
[2023-11-16T06:19:46.702+0000][2727.146s][info ][safepoint     ] Application time: 1.0001592 seconds
[2023-11-16T06:19:46.702+0000][2727.146s][info ][safepoint     ] Entering safepoint region: Cleanup
[2023-11-16T06:19:46.703+0000][2727.146s][info ][safepoint     ] Leaving safepoint region
[2023-11-16T06:19:46.703+0000][2727.146s][info ][safepoint     ] Total time for which application threads were stopped: 0.0005193 seconds, Stopping threads took: 0.0002864 seconds
[2023-11-16T06:19:47.703+0000][2728.146s][debug][safepoint     ] Safepoint synchronization initiated. (171 threads)
[2023-11-16T06:19:47.703+0000][2728.146s][info ][safepoint     ] Application time: 1.0001649 seconds
[2023-11-16T06:19:47.703+0000][2728.147s][info ][safepoint     ] Entering safepoint region: Cleanup
[2023-11-16T06:19:47.703+0000][2728.147s][info ][safepoint     ] Leaving safepoint region
[2023-11-16T06:19:47.703+0000][2728.147s][info ][safepoint     ] Total time for which application threads were stopped: 0.0003110 seconds, Stopping threads took: 0.0000511 seconds
[2023-11-16T06:19:48.704+0000][2729.147s][debug][safepoint     ] Safepoint synchronization initiated. (171 threads)
[2023-11-16T06:19:48.704+0000][2729.147s][info ][safepoint     ] Application time: 1.0001376 seconds
[2023-11-16T06:19:48.704+0000][2729.147s][info ][safepoint     ] Entering safepoint region: Cleanup
[2023-11-16T06:19:48.704+0000][2729.147s][info ][safepoint     ] Leaving safepoint region
[2023-11-16T06:19:48.704+0000][2729.147s][info ][safepoint     ] Total time for which application threads were stopped: 0.0002902 seconds, Stopping threads took: 0.0000499 seconds
[2023-11-16T06:19:49.704+0000][2730.147s][debug][safepoint     ] Safepoint synchronization initiated. (171 threads)
[2023-11-16T06:19:49.704+0000][2730.147s][info ][safepoint     ] Application time: 1.0001582 seconds
[2023-11-16T06:19:49.704+0000][2730.147s][info ][safepoint     ] Entering safepoint region: Cleanup
[2023-11-16T06:19:49.704+0000][2730.148s][info ][safepoint     ] Leaving safepoint region
[2023-11-16T06:19:49.704+0000][2730.148s][info ][safepoint     ] Total time for which application threads were stopped: 0.0003465 seconds, Stopping threads took: 0.0000520 seconds
[2023-11-16T06:19:50.705+0000][2731.148s][debug][safepoint     ] Safepoint synchronization initiated. (171 threads)
[2023-11-16T06:19:50.705+0000][2731.148s][info ][safepoint     ] Application time: 1.0001624 seconds
[2023-11-16T06:19:50.705+0000][2731.148s][info ][safepoint     ] Entering safepoint region: Cleanup
[2023-11-16T06:19:50.705+0000][2731.148s][info ][safepoint     ] Leaving safepoint region
[2023-11-16T06:19:50.705+0000][2731.148s][info ][safepoint     ] Total time for which application threads were stopped: 0.0002613 seconds, Stopping threads took: 0.0000522 seconds
[2023-11-16T06:19:51.705+0000][2732.148s][debug][safepoint     ] Safepoint synchronization initiated. (171 threads)
[2023-11-16T06:19:51.705+0000][2732.148s][info ][safepoint     ] Application time: 1.0001586 seconds
[2023-11-16T06:19:51.705+0000][2732.148s][info ][safepoint     ] Entering safepoint region: Cleanup
[2023-11-16T06:19:51.706+0000][2732.149s][info ][safepoint     ] Leaving safepoint region
[2023-11-16T06:19:51.706+0000][2732.149s][info ][safepoint     ] Total time for which application threads were stopped: 0.0006233 seconds, Stopping threads took: 0.0003364 seconds
[2023-11-16T06:19:52.706+0000][2733.149s][debug][safepoint     ] Safepoint synchronization initiated. (171 threads)
[2023-11-16T06:19:52.706+0000][2733.149s][info ][safepoint     ] Application time: 1.0001709 seconds
[2023-11-16T06:19:52.706+0000][2733.149s][info ][safepoint     ] Entering safepoint region: Cleanup
[2023-11-16T06:19:52.706+0000][2733.150s][info ][safepoint     ] Leaving safepoint region
[2023-11-16T06:19:52.706+0000][2733.150s][info ][safepoint     ] Total time for which application threads were stopped: 0.0003364 seconds, Stopping threads took: 0.0000779 seconds
[2023-11-16T06:19:53.706+0000][2734.150s][debug][safepoint     ] Safepoint synchronization initiated. (171 threads)
[2023-11-16T06:19:53.707+0000][2734.150s][info ][safepoint     ] Application time: 1.0001809 seconds
[2023-11-16T06:19:53.707+0000][2734.150s][info ][safepoint     ] Entering safepoint region: Cleanup
[2023-11-16T06:19:53.707+0000][2734.150s][info ][safepoint     ] Leaving safepoint region
[2023-11-16T06:19:53.707+0000][2734.150s][info ][safepoint     ] Total time for which application threads were stopped: 0.0003439 seconds, Stopping threads took: 0.0000519 seconds
[2023-11-16T06:19:54.707+0000][2735.150s][debug][safepoint     ] Safepoint synchronization initiated. (171 threads)
[2023-11-16T06:19:54.707+0000][2735.150s][info ][safepoint     ] Application time: 1.0001745 seconds
[2023-11-16T06:19:54.707+0000][2735.150s][info ][safepoint     ] Entering safepoint region: Cleanup
[2023-11-16T06:19:54.707+0000][2735.151s][info ][safepoint     ] Leaving safepoint region
[2023-11-16T06:19:54.707+0000][2735.151s][info ][safepoint     ] Total time for which application threads were stopped: 0.0003093 seconds, Stopping threads took: 0.0000517 seconds
[2023-11-16T06:19:55.708+0000][2736.151s][debug][safepoint     ] Safepoint synchronization initiated. (171 threads)
[2023-11-16T06:19:55.708+0000][2736.151s][info ][safepoint     ] Application time: 1.0001767 seconds
[2023-11-16T06:19:55.708+0000][2736.151s][info ][safepoint     ] Entering safepoint region: Cleanup
[2023-11-16T06:19:55.708+0000][2736.151s][info ][safepoint     ] Leaving safepoint region
[2023-11-16T06:19:55.708+0000][2736.151s][info ][safepoint     ] Total time for which application threads were stopped: 0.0003441 seconds, Stopping threads took: 0.0000520 seconds
[2023-11-16T06:19:56.708+0000][2737.151s][debug][safepoint     ] Safepoint synchronization initiated. (171 threads)
[2023-11-16T06:19:56.708+0000][2737.151s][info ][safepoint     ] Application time: 1.0001632 seconds
[2023-11-16T06:19:56.708+0000][2737.152s][info ][safepoint     ] Entering safepoint region: Cleanup
[2023-11-16T06:19:56.709+0000][2737.152s][info ][safepoint     ] Leaving safepoint region
[2023-11-16T06:19:56.709+0000][2737.152s][info ][safepoint     ] Total time for which application threads were stopped: 0.0004955 seconds, Stopping threads took: 0.0001503 seconds
[2023-11-16T06:19:57.709+0000][2738.152s][debug][safepoint     ] Safepoint synchronization initiated. (171 threads)
[2023-11-16T06:19:57.709+0000][2738.152s][info ][safepoint     ] Application time: 1.0001632 seconds
[2023-11-16T06:19:57.709+0000][2738.152s][info ][safepoint     ] Entering safepoint region: Cleanup
[2023-11-16T06:19:57.709+0000][2738.152s][info ][safepoint     ] Leaving safepoint region
[2023-11-16T06:19:57.709+0000][2738.152s][info ][safepoint     ] Total time for which application threads were stopped: 0.0003131 seconds, Stopping threads took: 0.0000534 seconds
[2023-11-16T06:19:58.709+0000][2739.153s][debug][safepoint     ] Safepoint synchronization initiated. (171 threads)
[2023-11-16T06:19:58.709+0000][2739.153s][info ][safepoint     ] Application time: 1.0001758 seconds
[2023-11-16T06:19:58.709+0000][2739.153s][info ][safepoint     ] Entering safepoint region: Cleanup
[2023-11-16T06:19:58.710+0000][2739.153s][info ][safepoint     ] Leaving safepoint region
[2023-11-16T06:19:58.710+0000][2739.153s][info ][safepoint     ] Total time for which application threads were stopped: 0.0003421 seconds, Stopping threads took: 0.0000521 seconds
[2023-11-16T06:20:36.713+0000][2777.157s][debug][safepoint     ] Safepoint synchronization initiated. (173 threads)
[2023-11-16T06:20:36.713+0000][2777.157s][info ][safepoint     ] Application time: 38.0036406 seconds
[2023-11-16T06:20:36.713+0000][2777.157s][info ][safepoint     ] Entering safepoint region: Cleanup
[2023-11-16T06:20:36.714+0000][2777.157s][info ][safepoint     ] Leaving safepoint region
[2023-11-16T06:20:36.714+0000][2777.157s][info ][safepoint     ] Total time for which application threads were stopped: 0.0003706 seconds, Stopping threads took: 0.0000760 seconds
[2023-11-16T06:20:59.716+0000][2800.159s][debug][safepoint     ] Safepoint synchronization initiated. (172 threads)
[2023-11-16T06:20:59.716+0000][2800.159s][info ][safepoint     ] Application time: 23.0022191 seconds
[2023-11-16T06:20:59.716+0000][2800.159s][info ][safepoint     ] Entering safepoint region: Cleanup
[2023-11-16T06:20:59.716+0000][2800.160s][info ][safepoint     ] Leaving safepoint region
[2023-11-16T06:20:59.716+0000][2800.160s][info ][safepoint     ] Total time for which application threads were stopped: 0.0003506 seconds, Stopping threads took: 0.0000540 seconds
[2023-11-16T06:21:00.717+0000][2801.160s][debug][safepoint     ] Safepoint synchronization initiated. (172 threads)
[2023-11-16T06:21:00.717+0000][2801.160s][info ][safepoint     ] Application time: 1.0001771 seconds
[2023-11-16T06:21:00.717+0000][2801.160s][info ][safepoint     ] Entering safepoint region: Cleanup
[2023-11-16T06:21:00.717+0000][2801.160s][info ][safepoint     ] Leaving safepoint region
[2023-11-16T06:21:00.717+0000][2801.160s][info ][safepoint     ] Total time for which application threads were stopped: 0.0002596 seconds, Stopping threads took: 0.0000529 seconds
[2023-11-16T06:21:01.717+0000][2802.160s][debug][safepoint     ] Safepoint synchronization initiated. (172 threads)
[2023-11-16T06:21:01.717+0000][2802.160s][info ][safepoint     ] Application time: 1.0001743 seconds
[2023-11-16T06:21:01.717+0000][2802.160s][info ][safepoint     ] Entering safepoint region: Cleanup
[2023-11-16T06:21:01.717+0000][2802.161s][info ][safepoint     ] Leaving safepoint region
[2023-11-16T06:21:01.717+0000][2802.161s][info ][safepoint     ] Total time for which application threads were stopped: 0.0003425 seconds, Stopping threads took: 0.0000519 seconds
[2023-11-16T06:21:02.718+0000][2803.161s][debug][safepoint     ] Safepoint synchronization initiated. (172 threads)
[2023-11-16T06:21:02.718+0000][2803.161s][info ][safepoint     ] Application time: 1.0001778 seconds
[2023-11-16T06:21:02.718+0000][2803.161s][info ][safepoint     ] Entering safepoint region: Cleanup
[2023-11-16T06:21:02.718+0000][2803.161s][info ][safepoint     ] Leaving safepoint region
[2023-11-16T06:21:02.718+0000][2803.161s][info ][safepoint     ] Total time for which application threads were stopped: 0.0002539 seconds, Stopping threads took: 0.0000530 seconds
[2023-11-16T06:21:03.718+0000][2804.161s][debug][safepoint     ] Safepoint synchronization initiated. (172 threads)
[2023-11-16T06:21:03.718+0000][2804.161s][info ][safepoint     ] Application time: 1.0001772 seconds
[2023-11-16T06:21:03.718+0000][2804.161s][info ][safepoint     ] Entering safepoint region: Cleanup
[2023-11-16T06:21:03.719+0000][2804.162s][info ][safepoint     ] Leaving safepoint region
[2023-11-16T06:21:03.719+0000][2804.162s][info ][safepoint     ] Total time for which application threads were stopped: 0.0006231 seconds, Stopping threads took: 0.0003640 seconds
[2023-11-16T06:21:04.719+0000][2805.162s][debug][safepoint     ] Safepoint synchronization initiated. (172 threads)
[2023-11-16T06:21:04.719+0000][2805.162s][info ][safepoint     ] Application time: 1.0001683 seconds
[2023-11-16T06:21:04.719+0000][2805.162s][info ][safepoint     ] Entering safepoint region: Cleanup
[2023-11-16T06:21:04.719+0000][2805.162s][info ][safepoint     ] Leaving safepoint region
[2023-11-16T06:21:04.719+0000][2805.162s][info ][safepoint     ] Total time for which application threads were stopped: 0.0002553 seconds, Stopping threads took: 0.0000507 seconds
[2023-11-16T06:21:05.719+0000][2806.163s][debug][safepoint     ] Safepoint synchronization initiated. (172 threads)
[2023-11-16T06:21:05.719+0000][2806.163s][info ][safepoint     ] Application time: 1.0001679 seconds
[2023-11-16T06:21:05.719+0000][2806.163s][info ][safepoint     ] Entering safepoint region: Cleanup
[2023-11-16T06:21:05.720+0000][2806.163s][info ][safepoint     ] Leaving safepoint region
[2023-11-16T06:21:05.720+0000][2806.163s][info ][safepoint     ] Total time for which application threads were stopped: 0.0003322 seconds, Stopping threads took: 0.0000688 seconds
[2023-11-16T06:21:06.720+0000][2807.163s][debug][safepoint     ] Safepoint synchronization initiated. (172 threads)
[2023-11-16T06:21:06.720+0000][2807.163s][info ][safepoint     ] Application time: 1.0001262 seconds
[2023-11-16T06:21:06.720+0000][2807.163s][info ][safepoint     ] Entering safepoint region: Cleanup
[2023-11-16T06:21:06.720+0000][2807.163s][info ][safepoint     ] Leaving safepoint region
[2023-11-16T06:21:06.720+0000][2807.163s][info ][safepoint     ] Total time for which application threads were stopped: 0.0001702 seconds, Stopping threads took: 0.0000383 seconds
[2023-11-16T06:21:07.720+0000][2808.163s][debug][safepoint     ] Safepoint synchronization initiated. (172 threads)
[2023-11-16T06:21:07.720+0000][2808.163s][info ][safepoint     ] Application time: 1.0001272 seconds
[2023-11-16T06:21:07.720+0000][2808.164s][info ][safepoint     ] Entering safepoint region: Cleanup
[2023-11-16T06:21:07.720+0000][2808.164s][info ][safepoint     ] Leaving safepoint region
[2023-11-16T06:21:07.721+0000][2808.164s][info ][safepoint     ] Total time for which application threads were stopped: 0.0003291 seconds, Stopping threads took: 0.0000509 seconds
[2023-11-16T06:21:08.721+0000][2809.164s][debug][safepoint     ] Safepoint synchronization initiated. (172 threads)
[2023-11-16T06:21:08.721+0000][2809.164s][info ][safepoint     ] Application time: 1.0001498 seconds
[2023-11-16T06:21:08.721+0000][2809.164s][info ][safepoint     ] Entering safepoint region: Cleanup
[2023-11-16T06:21:08.721+0000][2809.164s][info ][safepoint     ] Leaving safepoint region
[2023-11-16T06:21:08.721+0000][2809.164s][info ][safepoint     ] Total time for which application threads were stopped: 0.0002625 seconds, Stopping threads took: 0.0000440 seconds
[2023-11-16T06:21:09.721+0000][2810.164s][debug][safepoint     ] Safepoint synchronization initiated. (172 threads)
[2023-11-16T06:21:09.721+0000][2810.164s][info ][safepoint     ] Application time: 1.0001683 seconds
[2023-11-16T06:21:09.721+0000][2810.165s][info ][safepoint     ] Entering safepoint region: Cleanup
[2023-11-16T06:21:09.721+0000][2810.165s][info ][safepoint     ] Leaving safepoint region
[2023-11-16T06:21:09.722+0000][2810.165s][info ][safepoint     ] Total time for which application threads were stopped: 0.0003343 seconds, Stopping threads took: 0.0000505 seconds
[2023-11-16T06:21:10.722+0000][2811.165s][debug][safepoint     ] Safepoint synchronization initiated. (172 threads)
[2023-11-16T06:21:10.722+0000][2811.165s][info ][safepoint     ] Application time: 1.0001529 seconds
[2023-11-16T06:21:10.722+0000][2811.165s][info ][safepoint     ] Entering safepoint region: Cleanup
[2023-11-16T06:21:10.722+0000][2811.165s][info ][safepoint     ] Leaving safepoint region
[2023-11-16T06:21:10.722+0000][2811.165s][info ][safepoint     ] Total time for which application threads were stopped: 0.0003375 seconds, Stopping threads took: 0.0000496 seconds
[2023-11-16T06:21:11.722+0000][2812.165s][debug][safepoint     ] Safepoint synchronization initiated. (172 threads)
[2023-11-16T06:21:11.722+0000][2812.166s][info ][safepoint     ] Application time: 1.0001607 seconds
[2023-11-16T06:21:11.722+0000][2812.166s][info ][safepoint     ] Entering safepoint region: Cleanup
[2023-11-16T06:21:11.723+0000][2812.166s][info ][safepoint     ] Leaving safepoint region
[2023-11-16T06:21:11.723+0000][2812.166s][info ][safepoint     ] Total time for which application threads were stopped: 0.0003382 seconds, Stopping threads took: 0.0000504 seconds
[2023-11-16T06:21:12.723+0000][2813.166s][debug][safepoint     ] Safepoint synchronization initiated. (172 threads)
[2023-11-16T06:21:12.723+0000][2813.166s][info ][safepoint     ] Application time: 1.0001457 seconds
[2023-11-16T06:21:12.723+0000][2813.166s][info ][safepoint     ] Entering safepoint region: Cleanup
[2023-11-16T06:21:12.723+0000][2813.166s][info ][safepoint     ] Leaving safepoint region
[2023-11-16T06:21:12.723+0000][2813.166s][info ][safepoint     ] Total time for which application threads were stopped: 0.0003528 seconds, Stopping threads took: 0.0000695 seconds
[2023-11-16T06:21:13.723+0000][2814.167s][debug][safepoint     ] Safepoint synchronization initiated. (172 threads)
[2023-11-16T06:21:13.723+0000][2814.167s][info ][safepoint     ] Application time: 1.0001627 seconds
[2023-11-16T06:21:13.723+0000][2814.167s][info ][safepoint     ] Entering safepoint region: Cleanup
[2023-11-16T06:21:13.723+0000][2814.167s][info ][safepoint     ] Leaving safepoint region
[2023-11-16T06:21:13.723+0000][2814.167s][info ][safepoint     ] Total time for which application threads were stopped: 0.0002050 seconds, Stopping threads took: 0.0000368 seconds
[2023-11-16T06:21:14.724+0000][2815.167s][debug][safepoint     ] Safepoint synchronization initiated. (172 threads)
[2023-11-16T06:21:14.724+0000][2815.167s][info ][safepoint     ] Application time: 1.0001288 seconds
[2023-11-16T06:21:14.724+0000][2815.167s][info ][safepoint     ] Entering safepoint region: Cleanup
[2023-11-16T06:21:14.724+0000][2815.167s][info ][safepoint     ] Leaving safepoint region
[2023-11-16T06:21:14.724+0000][2815.167s][info ][safepoint     ] Total time for which application threads were stopped: 0.0002830 seconds, Stopping threads took: 0.0000502 seconds
[2023-11-16T06:21:15.724+0000][2816.167s][debug][safepoint     ] Safepoint synchronization initiated. (172 threads)
[2023-11-16T06:21:15.724+0000][2816.167s][info ][safepoint     ] Application time: 1.0001525 seconds
[2023-11-16T06:21:15.724+0000][2816.167s][info ][safepoint     ] Entering safepoint region: Cleanup
[2023-11-16T06:21:15.724+0000][2816.168s][info ][safepoint     ] Leaving safepoint region
[2023-11-16T06:21:15.724+0000][2816.168s][info ][safepoint     ] Total time for which application threads were stopped: 0.0002598 seconds, Stopping threads took: 0.0000512 seconds
[2023-11-16T06:21:16.724+0000][2817.168s][debug][safepoint     ] Safepoint synchronization initiated. (172 threads)
[2023-11-16T06:21:16.725+0000][2817.168s][info ][safepoint     ] Application time: 1.0001563 seconds
[2023-11-16T06:21:16.725+0000][2817.168s][info ][safepoint     ] Entering safepoint region: Cleanup
[2023-11-16T06:21:16.725+0000][2817.169s][info ][safepoint     ] Leaving safepoint region
[2023-11-16T06:21:16.725+0000][2817.169s][info ][safepoint     ] Total time for which application threads were stopped: 0.0007186 seconds, Stopping threads took: 0.0000529 seconds
[2023-11-16T06:21:17.725+0000][2818.169s][debug][safepoint     ] Safepoint synchronization initiated. (172 threads)
[2023-11-16T06:21:17.725+0000][2818.169s][info ][safepoint     ] Application time: 1.0001124 seconds
[2023-11-16T06:21:17.725+0000][2818.169s][info ][safepoint     ] Entering safepoint region: Cleanup
[2023-11-16T06:21:17.726+0000][2818.169s][info ][safepoint     ] Leaving safepoint region
[2023-11-16T06:21:17.726+0000][2818.169s][info ][safepoint     ] Total time for which application threads were stopped: 0.0002810 seconds, Stopping threads took: 0.0000367 seconds
[2023-11-16T06:21:18.726+0000][2819.169s][debug][safepoint     ] Safepoint synchronization initiated. (172 threads)
[2023-11-16T06:21:18.726+0000][2819.169s][info ][safepoint     ] Application time: 1.0001380 seconds
[2023-11-16T06:21:18.726+0000][2819.169s][info ][safepoint     ] Entering safepoint region: Cleanup
[2023-11-16T06:21:18.726+0000][2819.169s][info ][safepoint     ] Leaving safepoint region
[2023-11-16T06:21:18.726+0000][2819.169s][info ][safepoint     ] Total time for which application threads were stopped: 0.0001831 seconds, Stopping threads took: 0.0000330 seconds
[2023-11-16T06:21:19.726+0000][2820.169s][debug][safepoint     ] Safepoint synchronization initiated. (172 threads)
[2023-11-16T06:21:19.726+0000][2820.169s][info ][safepoint     ] Application time: 1.0001181 seconds
[2023-11-16T06:21:19.726+0000][2820.170s][info ][safepoint     ] Entering safepoint region: Cleanup
[2023-11-16T06:21:19.726+0000][2820.170s][info ][safepoint     ] Leaving safepoint region
[2023-11-16T06:21:19.726+0000][2820.170s][info ][safepoint     ] Total time for which application threads were stopped: 0.0001988 seconds, Stopping threads took: 0.0000480 seconds
[2023-11-16T06:21:20.726+0000][2821.170s][debug][safepoint     ] Safepoint synchronization initiated. (172 threads)
[2023-11-16T06:21:20.727+0000][2821.170s][info ][safepoint     ] Application time: 1.0001495 seconds
[2023-11-16T06:21:20.727+0000][2821.170s][info ][safepoint     ] Entering safepoint region: Cleanup
[2023-11-16T06:21:20.727+0000][2821.170s][info ][safepoint     ] Leaving safepoint region
[2023-11-16T06:21:20.727+0000][2821.170s][info ][safepoint     ] Total time for which application threads were stopped: 0.0002603 seconds, Stopping threads took: 0.0000509 seconds
[2023-11-16T06:21:21.727+0000][2822.170s][debug][safepoint     ] Safepoint synchronization initiated. (172 threads)
[2023-11-16T06:21:21.727+0000][2822.170s][info ][safepoint     ] Application time: 1.0001600 seconds
[2023-11-16T06:21:21.727+0000][2822.170s][info ][safepoint     ] Entering safepoint region: Cleanup
[2023-11-16T06:21:21.727+0000][2822.171s][info ][safepoint     ] Leaving safepoint region
[2023-11-16T06:21:21.727+0000][2822.171s][info ][safepoint     ] Total time for which application threads were stopped: 0.0003427 seconds, Stopping threads took: 0.0000512 seconds
[2023-11-16T06:21:22.727+0000][2823.171s][debug][safepoint     ] Safepoint synchronization initiated. (172 threads)
[2023-11-16T06:21:22.728+0000][2823.171s][info ][safepoint     ] Application time: 1.0001624 seconds
[2023-11-16T06:21:22.728+0000][2823.171s][info ][safepoint     ] Entering safepoint region: Cleanup
[2023-11-16T06:21:22.728+0000][2823.171s][info ][safepoint     ] Leaving safepoint region
[2023-11-16T06:21:22.728+0000][2823.171s][info ][safepoint     ] Total time for which application threads were stopped: 0.0002922 seconds, Stopping threads took: 0.0000505 seconds
[2023-11-16T06:21:23.728+0000][2824.171s][debug][safepoint     ] Safepoint synchronization initiated. (172 threads)
[2023-11-16T06:21:23.728+0000][2824.171s][info ][safepoint     ] Application time: 1.0001516 seconds
[2023-11-16T06:21:23.728+0000][2824.171s][info ][safepoint     ] Entering safepoint region: Cleanup
[2023-11-16T06:21:23.728+0000][2824.172s][info ][safepoint     ] Leaving safepoint region
[2023-11-16T06:21:23.728+0000][2824.172s][info ][safepoint     ] Total time for which application threads were stopped: 0.0002506 seconds, Stopping threads took: 0.0000499 seconds
[2023-11-16T06:21:24.728+0000][2825.172s][debug][safepoint     ] Safepoint synchronization initiated. (172 threads)
[2023-11-16T06:21:24.728+0000][2825.172s][info ][safepoint     ] Application time: 1.0001454 seconds
[2023-11-16T06:21:24.728+0000][2825.172s][info ][safepoint     ] Entering safepoint region: Cleanup
[2023-11-16T06:21:24.729+0000][2825.172s][info ][safepoint     ] Leaving safepoint region
[2023-11-16T06:21:24.729+0000][2825.172s][info ][safepoint     ] Total time for which application threads were stopped: 0.0003494 seconds, Stopping threads took: 0.0000514 seconds
[2023-11-16T06:21:25.729+0000][2826.172s][debug][safepoint     ] Safepoint synchronization initiated. (172 threads)
[2023-11-16T06:21:25.729+0000][2826.172s][info ][safepoint     ] Application time: 1.0001444 seconds
[2023-11-16T06:21:25.729+0000][2826.172s][info ][safepoint     ] Entering safepoint region: Cleanup
[2023-11-16T06:21:25.729+0000][2826.173s][info ][safepoint     ] Leaving safepoint region
[2023-11-16T06:21:25.729+0000][2826.173s][info ][safepoint     ] Total time for which application threads were stopped: 0.0003338 seconds, Stopping threads took: 0.0000540 seconds
[2023-11-16T06:21:26.729+0000][2827.173s][debug][safepoint     ] Safepoint synchronization initiated. (172 threads)
[2023-11-16T06:21:26.729+0000][2827.173s][info ][safepoint     ] Application time: 1.0001376 seconds
[2023-11-16T06:21:26.730+0000][2827.173s][info ][safepoint     ] Entering safepoint region: Cleanup
[2023-11-16T06:21:26.730+0000][2827.173s][info ][safepoint     ] Leaving safepoint region
[2023-11-16T06:21:26.730+0000][2827.173s][info ][safepoint     ] Total time for which application threads were stopped: 0.0003543 seconds, Stopping threads took: 0.0000525 seconds
[2023-11-16T06:21:27.730+0000][2828.173s][debug][safepoint     ] Safepoint synchronization initiated. (172 threads)
[2023-11-16T06:21:27.730+0000][2828.173s][info ][safepoint     ] Application time: 1.0001594 seconds
[2023-11-16T06:21:27.730+0000][2828.173s][info ][safepoint     ] Entering safepoint region: Cleanup
[2023-11-16T06:21:27.730+0000][2828.174s][info ][safepoint     ] Leaving safepoint region
[2023-11-16T06:21:27.730+0000][2828.174s][info ][safepoint     ] Total time for which application threads were stopped: 0.0003293 seconds, Stopping threads took: 0.0000525 seconds
[2023-11-16T06:21:28.731+0000][2829.174s][debug][safepoint     ] Safepoint synchronization initiated. (172 threads)
[2023-11-16T06:21:28.731+0000][2829.174s][info ][safepoint     ] Application time: 1.0001567 seconds
[2023-11-16T06:21:28.731+0000][2829.174s][info ][safepoint     ] Entering safepoint region: Cleanup
[2023-11-16T06:21:28.731+0000][2829.174s][info ][safepoint     ] Leaving safepoint region
[2023-11-16T06:21:28.731+0000][2829.174s][info ][safepoint     ] Total time for which application threads were stopped: 0.0003497 seconds, Stopping threads took: 0.0000530 seconds
[2023-11-16T06:21:29.731+0000][2830.174s][debug][safepoint     ] Safepoint synchronization initiated. (172 threads)
[2023-11-16T06:21:29.731+0000][2830.174s][info ][safepoint     ] Application time: 1.0001495 seconds
[2023-11-16T06:21:29.731+0000][2830.174s][info ][safepoint     ] Entering safepoint region: Cleanup
[2023-11-16T06:21:29.731+0000][2830.175s][info ][safepoint     ] Leaving safepoint region
[2023-11-16T06:21:29.731+0000][2830.175s][info ][safepoint     ] Total time for which application threads were stopped: 0.0003153 seconds, Stopping threads took: 0.0000548 seconds
[2023-11-16T06:21:30.732+0000][2831.175s][debug][safepoint     ] Safepoint synchronization initiated. (172 threads)
[2023-11-16T06:21:30.732+0000][2831.175s][info ][safepoint     ] Application time: 1.0001541 seconds
[2023-11-16T06:21:30.732+0000][2831.175s][info ][safepoint     ] Entering safepoint region: Cleanup
[2023-11-16T06:21:30.732+0000][2831.175s][info ][safepoint     ] Leaving safepoint region
[2023-11-16T06:21:30.732+0000][2831.175s][info ][safepoint     ] Total time for which application threads were stopped: 0.0002633 seconds, Stopping threads took: 0.0000543 seconds
[2023-11-16T06:21:31.732+0000][2832.175s][debug][safepoint     ] Safepoint synchronization initiated. (172 threads)
[2023-11-16T06:21:31.732+0000][2832.175s][info ][safepoint     ] Application time: 1.0001545 seconds
[2023-11-16T06:21:31.732+0000][2832.175s][info ][safepoint     ] Entering safepoint region: Cleanup
[2023-11-16T06:21:31.732+0000][2832.176s][info ][safepoint     ] Leaving safepoint region
[2023-11-16T06:21:31.732+0000][2832.176s][info ][safepoint     ] Total time for which application threads were stopped: 0.0003460 seconds, Stopping threads took: 0.0000530 seconds
[2023-11-16T06:21:32.733+0000][2833.176s][debug][safepoint     ] Safepoint synchronization initiated. (172 threads)
[2023-11-16T06:21:32.733+0000][2833.176s][info ][safepoint     ] Application time: 1.0001685 seconds
[2023-11-16T06:21:32.733+0000][2833.176s][info ][safepoint     ] Entering safepoint region: Cleanup
[2023-11-16T06:21:32.733+0000][2833.176s][info ][safepoint     ] Leaving safepoint region
[2023-11-16T06:21:32.733+0000][2833.176s][info ][safepoint     ] Total time for which application threads were stopped: 0.0003498 seconds, Stopping threads took: 0.0000532 seconds
[2023-11-16T06:21:33.733+0000][2834.176s][debug][safepoint     ] Safepoint synchronization initiated. (172 threads)
[2023-11-16T06:21:33.733+0000][2834.176s][info ][safepoint     ] Application time: 1.0001452 seconds
[2023-11-16T06:21:33.733+0000][2834.177s][info ][safepoint     ] Entering safepoint region: Cleanup
[2023-11-16T06:21:33.734+0000][2834.177s][info ][safepoint     ] Leaving safepoint region
[2023-11-16T06:21:33.734+0000][2834.177s][info ][safepoint     ] Total time for which application threads were stopped: 0.0004233 seconds, Stopping threads took: 0.0000716 seconds
[2023-11-16T06:21:34.734+0000][2835.177s][debug][safepoint     ] Safepoint synchronization initiated. (172 threads)
[2023-11-16T06:21:34.734+0000][2835.177s][info ][safepoint     ] Application time: 1.0001575 seconds
[2023-11-16T06:21:34.734+0000][2835.177s][info ][safepoint     ] Entering safepoint region: Cleanup
[2023-11-16T06:21:34.734+0000][2835.177s][info ][safepoint     ] Leaving safepoint region
[2023-11-16T06:21:34.734+0000][2835.177s][info ][safepoint     ] Total time for which application threads were stopped: 0.0003408 seconds, Stopping threads took: 0.0000542 seconds
[2023-11-16T06:21:35.734+0000][2836.178s][debug][safepoint     ] Safepoint synchronization initiated. (172 threads)
[2023-11-16T06:21:35.734+0000][2836.178s][info ][safepoint     ] Application time: 1.0001418 seconds
[2023-11-16T06:21:35.734+0000][2836.178s][info ][safepoint     ] Entering safepoint region: Cleanup
[2023-11-16T06:21:35.735+0000][2836.178s][info ][safepoint     ] Leaving safepoint region
[2023-11-16T06:21:35.735+0000][2836.178s][info ][safepoint     ] Total time for which application threads were stopped: 0.0003461 seconds, Stopping threads took: 0.0000520 seconds
[2023-11-16T06:21:36.735+0000][2837.178s][debug][safepoint     ] Safepoint synchronization initiated. (172 threads)
[2023-11-16T06:21:36.735+0000][2837.178s][info ][safepoint     ] Application time: 1.0001471 seconds
[2023-11-16T06:21:36.735+0000][2837.178s][info ][safepoint     ] Entering safepoint region: Cleanup
[2023-11-16T06:21:36.735+0000][2837.179s][info ][safepoint     ] Leaving safepoint region
[2023-11-16T06:21:36.735+0000][2837.179s][info ][safepoint     ] Total time for which application threads were stopped: 0.0003498 seconds, Stopping threads took: 0.0000513 seconds
[2023-11-16T06:21:37.735+0000][2838.179s][debug][safepoint     ] Safepoint synchronization initiated. (172 threads)
[2023-11-16T06:21:37.735+0000][2838.179s][info ][safepoint     ] Application time: 1.0001121 seconds
[2023-11-16T06:21:37.735+0000][2838.179s][info ][safepoint     ] Entering safepoint region: Cleanup
[2023-11-16T06:21:37.736+0000][2838.179s][info ][safepoint     ] Leaving safepoint region
[2023-11-16T06:21:37.736+0000][2838.179s][info ][safepoint     ] Total time for which application threads were stopped: 0.0001969 seconds, Stopping threads took: 0.0000370 seconds
[2023-11-16T06:21:38.736+0000][2839.179s][debug][safepoint     ] Safepoint synchronization initiated. (172 threads)
[2023-11-16T06:21:38.736+0000][2839.179s][info ][safepoint     ] Application time: 1.0001108 seconds
[2023-11-16T06:21:38.736+0000][2839.179s][info ][safepoint     ] Entering safepoint region: Cleanup
[2023-11-16T06:21:38.736+0000][2839.179s][info ][safepoint     ] Leaving safepoint region
[2023-11-16T06:21:38.736+0000][2839.179s][info ][safepoint     ] Total time for which application threads were stopped: 0.0002113 seconds, Stopping threads took: 0.0000433 seconds
[2023-11-16T06:21:39.736+0000][2840.179s][debug][safepoint     ] Safepoint synchronization initiated. (172 threads)
[2023-11-16T06:21:39.736+0000][2840.179s][info ][safepoint     ] Application time: 1.0000988 seconds
[2023-11-16T06:21:39.736+0000][2840.179s][info ][safepoint     ] Entering safepoint region: Cleanup
[2023-11-16T06:21:39.736+0000][2840.180s][info ][safepoint     ] Leaving safepoint region
[2023-11-16T06:21:39.736+0000][2840.180s][info ][safepoint     ] Total time for which application threads were stopped: 0.0002718 seconds, Stopping threads took: 0.0000376 seconds
[2023-11-16T06:21:40.736+0000][2841.180s][debug][safepoint     ] Safepoint synchronization initiated. (172 threads)
[2023-11-16T06:21:40.736+0000][2841.180s][info ][safepoint     ] Application time: 1.0001694 seconds
[2023-11-16T06:21:40.737+0000][2841.180s][info ][safepoint     ] Entering safepoint region: Cleanup
[2023-11-16T06:21:40.737+0000][2841.180s][info ][safepoint     ] Leaving safepoint region
[2023-11-16T06:21:40.737+0000][2841.180s][info ][safepoint     ] Total time for which application threads were stopped: 0.0003423 seconds, Stopping threads took: 0.0000532 seconds
[2023-11-16T06:21:41.737+0000][2842.180s][debug][safepoint     ] Safepoint synchronization initiated. (172 threads)
[2023-11-16T06:21:41.737+0000][2842.180s][info ][safepoint     ] Application time: 1.0000886 seconds
[2023-11-16T06:21:41.737+0000][2842.180s][info ][safepoint     ] Entering safepoint region: Cleanup
[2023-11-16T06:21:41.737+0000][2842.180s][info ][safepoint     ] Leaving safepoint region
[2023-11-16T06:21:41.737+0000][2842.181s][info ][safepoint     ] Total time for which application threads were stopped: 0.0002305 seconds, Stopping threads took: 0.0000451 seconds
[2023-11-16T06:21:42.737+0000][2843.181s][debug][safepoint     ] Safepoint synchronization initiated. (172 threads)
[2023-11-16T06:21:42.737+0000][2843.181s][info ][safepoint     ] Application time: 1.0001624 seconds
[2023-11-16T06:21:42.737+0000][2843.181s][info ][safepoint     ] Entering safepoint region: Cleanup
[2023-11-16T06:21:42.738+0000][2843.181s][info ][safepoint     ] Leaving safepoint region
[2023-11-16T06:21:42.738+0000][2843.181s][info ][safepoint     ] Total time for which application threads were stopped: 0.0002111 seconds, Stopping threads took: 0.0000513 seconds
[2023-11-16T06:21:43.738+0000][2844.181s][debug][safepoint     ] Safepoint synchronization initiated. (172 threads)
[2023-11-16T06:21:43.738+0000][2844.181s][info ][safepoint     ] Application time: 1.0001647 seconds
[2023-11-16T06:21:43.738+0000][2844.181s][info ][safepoint     ] Entering safepoint region: Cleanup
[2023-11-16T06:21:43.738+0000][2844.181s][info ][safepoint     ] Leaving safepoint region
[2023-11-16T06:21:43.738+0000][2844.181s][info ][safepoint     ] Total time for which application threads were stopped: 0.0002848 seconds, Stopping threads took: 0.0000504 seconds
[2023-11-16T06:21:44.738+0000][2845.182s][debug][safepoint     ] Safepoint synchronization initiated. (172 threads)
[2023-11-16T06:21:44.738+0000][2845.182s][info ][safepoint     ] Application time: 1.0001490 seconds
[2023-11-16T06:21:44.738+0000][2845.182s][info ][safepoint     ] Entering safepoint region: Cleanup
[2023-11-16T06:21:44.739+0000][2845.182s][info ][safepoint     ] Leaving safepoint region
[2023-11-16T06:21:44.739+0000][2845.182s][info ][safepoint     ] Total time for which application threads were stopped: 0.0003064 seconds, Stopping threads took: 0.0000516 seconds
[2023-11-16T06:21:45.739+0000][2846.182s][debug][safepoint     ] Safepoint synchronization initiated. (171 threads)
[2023-11-16T06:21:45.739+0000][2846.182s][info ][safepoint     ] Application time: 1.0001559 seconds
[2023-11-16T06:21:45.739+0000][2846.182s][info ][safepoint     ] Entering safepoint region: Cleanup
[2023-11-16T06:21:45.739+0000][2846.182s][info ][safepoint     ] Leaving safepoint region
[2023-11-16T06:21:45.739+0000][2846.182s][info ][safepoint     ] Total time for which application threads were stopped: 0.0003435 seconds, Stopping threads took: 0.0000527 seconds
[2023-11-16T06:21:46.739+0000][2847.183s][debug][safepoint     ] Safepoint synchronization initiated. (171 threads)
[2023-11-16T06:21:46.739+0000][2847.183s][info ][safepoint     ] Application time: 1.0001173 seconds
[2023-11-16T06:21:46.739+0000][2847.183s][info ][safepoint     ] Entering safepoint region: Cleanup
[2023-11-16T06:21:46.739+0000][2847.183s][info ][safepoint     ] Leaving safepoint region
[2023-11-16T06:21:46.739+0000][2847.183s][info ][safepoint     ] Total time for which application threads were stopped: 0.0001942 seconds, Stopping threads took: 0.0000398 seconds
[2023-11-16T06:21:47.740+0000][2848.183s][debug][safepoint     ] Safepoint synchronization initiated. (171 threads)
[2023-11-16T06:21:47.740+0000][2848.183s][info ][safepoint     ] Application time: 1.0001200 seconds
[2023-11-16T06:21:47.740+0000][2848.183s][info ][safepoint     ] Entering safepoint region: Cleanup
[2023-11-16T06:21:47.740+0000][2848.183s][info ][safepoint     ] Leaving safepoint region
[2023-11-16T06:21:47.740+0000][2848.183s][info ][safepoint     ] Total time for which application threads were stopped: 0.0001804 seconds, Stopping threads took: 0.0000407 seconds
[2023-11-16T06:21:48.740+0000][2849.183s][debug][safepoint     ] Safepoint synchronization initiated. (171 threads)
[2023-11-16T06:21:48.740+0000][2849.183s][info ][safepoint     ] Application time: 1.0001121 seconds
[2023-11-16T06:21:48.740+0000][2849.183s][debug][safepoint     ] ... found polling page return exception at pc = 0x00007fde8498a944, stub =0x00007fde7c83a800
[2023-11-16T06:21:48.740+0000][2849.183s][debug][safepoint     ] ... found polling page return exception at pc = 0x00007fde84e7286d, stub =0x00007fde7c83a800
[2023-11-16T06:21:48.740+0000][2849.183s][debug][safepoint     ] ... found polling page return exception at pc = 0x00007fde84a2c980, stub =0x00007fde7c83a800
[2023-11-16T06:21:48.740+0000][2849.183s][debug][safepoint     ] Waiting for 3 thread(s) to block
[2023-11-16T06:21:48.740+0000][2849.183s][info ][safepoint     ] Entering safepoint region: Cleanup
[2023-11-16T06:21:48.740+0000][2849.184s][info ][safepoint     ] Leaving safepoint region
[2023-11-16T06:21:48.740+0000][2849.184s][info ][safepoint     ] Total time for which application threads were stopped: 0.0002851 seconds, Stopping threads took: 0.0001471 seconds
[2023-11-16T06:21:49.740+0000][2850.184s][debug][safepoint     ] Safepoint synchronization initiated. (171 threads)
[2023-11-16T06:21:49.740+0000][2850.184s][info ][safepoint     ] Application time: 1.0001368 seconds
[2023-11-16T06:21:49.740+0000][2850.184s][info ][safepoint     ] Entering safepoint region: Cleanup
[2023-11-16T06:21:49.741+0000][2850.184s][info ][safepoint     ] Leaving safepoint region
[2023-11-16T06:21:49.741+0000][2850.184s][info ][safepoint     ] Total time for which application threads were stopped: 0.0002067 seconds, Stopping threads took: 0.0000400 seconds
[2023-11-16T06:21:50.741+0000][2851.184s][debug][safepoint     ] Safepoint synchronization initiated. (171 threads)
[2023-11-16T06:21:50.741+0000][2851.184s][info ][safepoint     ] Application time: 1.0001306 seconds
[2023-11-16T06:21:50.741+0000][2851.184s][info ][safepoint     ] Entering safepoint region: Cleanup
[2023-11-16T06:21:50.741+0000][2851.184s][info ][safepoint     ] Leaving safepoint region
[2023-11-16T06:21:50.741+0000][2851.184s][info ][safepoint     ] Total time for which application threads were stopped: 0.0002187 seconds, Stopping threads took: 0.0000400 seconds
[2023-11-16T06:21:51.741+0000][2852.184s][debug][safepoint     ] Safepoint synchronization initiated. (171 threads)
[2023-11-16T06:21:51.741+0000][2852.184s][info ][safepoint     ] Application time: 1.0001702 seconds
[2023-11-16T06:21:51.741+0000][2852.185s][info ][safepoint     ] Entering safepoint region: Cleanup
[2023-11-16T06:21:51.741+0000][2852.185s][info ][safepoint     ] Leaving safepoint region
[2023-11-16T06:21:51.742+0000][2852.185s][info ][safepoint     ] Total time for which application threads were stopped: 0.0003385 seconds, Stopping threads took: 0.0000515 seconds
[2023-11-16T06:21:52.742+0000][2853.185s][debug][safepoint     ] Safepoint synchronization initiated. (171 threads)
[2023-11-16T06:21:52.742+0000][2853.185s][info ][safepoint     ] Application time: 1.0001472 seconds
[2023-11-16T06:21:52.742+0000][2853.185s][info ][safepoint     ] Entering safepoint region: Cleanup
[2023-11-16T06:21:52.742+0000][2853.185s][info ][safepoint     ] Leaving safepoint region
[2023-11-16T06:21:52.742+0000][2853.185s][info ][safepoint     ] Total time for which application threads were stopped: 0.0003168 seconds, Stopping threads took: 0.0000527 seconds
[2023-11-16T06:21:53.742+0000][2854.185s][debug][safepoint     ] Safepoint synchronization initiated. (171 threads)
[2023-11-16T06:21:53.742+0000][2854.185s][info ][safepoint     ] Application time: 1.0001457 seconds
[2023-11-16T06:21:53.742+0000][2854.186s][info ][safepoint     ] Entering safepoint region: Cleanup
[2023-11-16T06:21:53.742+0000][2854.186s][info ][safepoint     ] Leaving safepoint region
[2023-11-16T06:21:53.742+0000][2854.186s][info ][safepoint     ] Total time for which application threads were stopped: 0.0002554 seconds, Stopping threads took: 0.0000402 seconds
[2023-11-16T06:21:54.743+0000][2855.186s][debug][safepoint     ] Safepoint synchronization initiated. (171 threads)
[2023-11-16T06:21:54.743+0000][2855.186s][info ][safepoint     ] Application time: 1.0001516 seconds
[2023-11-16T06:21:54.743+0000][2855.186s][info ][safepoint     ] Entering safepoint region: Cleanup
[2023-11-16T06:21:54.743+0000][2855.186s][info ][safepoint     ] Leaving safepoint region
[2023-11-16T06:21:54.743+0000][2855.186s][info ][safepoint     ] Total time for which application threads were stopped: 0.0002767 seconds, Stopping threads took: 0.0000549 seconds
[2023-11-16T06:21:55.743+0000][2856.186s][debug][safepoint     ] Safepoint synchronization initiated. (171 threads)
[2023-11-16T06:21:55.743+0000][2856.186s][info ][safepoint     ] Application time: 1.0001780 seconds
[2023-11-16T06:21:55.743+0000][2856.186s][info ][safepoint     ] Entering safepoint region: Cleanup
[2023-11-16T06:21:55.743+0000][2856.187s][info ][safepoint     ] Leaving safepoint region
[2023-11-16T06:21:55.743+0000][2856.187s][debug][safepoint     ] ... found polling page return exception at pc = 0x00007fde849bede6, stub =0x00007fde7c83a800
[2023-11-16T06:21:55.743+0000][2856.187s][info ][safepoint     ] Total time for which application threads were stopped: 0.0002756 seconds, Stopping threads took: 0.0000634 seconds
[2023-11-16T06:21:56.744+0000][2857.187s][debug][safepoint     ] Safepoint synchronization initiated. (171 threads)
[2023-11-16T06:21:56.744+0000][2857.187s][info ][safepoint     ] Application time: 1.0001513 seconds
[2023-11-16T06:21:56.744+0000][2857.187s][info ][safepoint     ] Entering safepoint region: Cleanup
[2023-11-16T06:21:56.744+0000][2857.187s][info ][safepoint     ] Leaving safepoint region
[2023-11-16T06:21:56.744+0000][2857.187s][info ][safepoint     ] Total time for which application threads were stopped: 0.0003446 seconds, Stopping threads took: 0.0000532 seconds
[2023-11-16T06:21:57.744+0000][2858.187s][debug][safepoint     ] Safepoint synchronization initiated. (171 threads)
[2023-11-16T06:21:57.744+0000][2858.187s][info ][safepoint     ] Application time: 1.0001473 seconds
[2023-11-16T06:21:57.744+0000][2858.188s][info ][safepoint     ] Entering safepoint region: Cleanup
[2023-11-16T06:21:57.744+0000][2858.188s][info ][safepoint     ] Leaving safepoint region
[2023-11-16T06:21:57.744+0000][2858.188s][info ][safepoint     ] Total time for which application threads were stopped: 0.0001663 seconds, Stopping threads took: 0.0000365 seconds
[2023-11-16T06:21:58.744+0000][2859.188s][debug][safepoint     ] Safepoint synchronization initiated. (171 threads)
[2023-11-16T06:21:58.744+0000][2859.188s][info ][safepoint     ] Application time: 1.0001366 seconds
[2023-11-16T06:21:58.745+0000][2859.188s][info ][safepoint     ] Entering safepoint region: Cleanup
[2023-11-16T06:21:58.745+0000][2859.188s][info ][safepoint     ] Leaving safepoint region
[2023-11-16T06:21:58.745+0000][2859.188s][info ][safepoint     ] Total time for which application threads were stopped: 0.0001694 seconds, Stopping threads took: 0.0000363 seconds
[2023-11-16T06:21:59.745+0000][2860.188s][debug][safepoint     ] Safepoint synchronization initiated. (170 threads)
[2023-11-16T06:21:59.745+0000][2860.188s][info ][safepoint     ] Application time: 1.0001236 seconds
[2023-11-16T06:21:59.745+0000][2860.188s][info ][safepoint     ] Entering safepoint region: Cleanup
[2023-11-16T06:21:59.745+0000][2860.188s][info ][safepoint     ] Leaving safepoint region
[2023-11-16T06:21:59.745+0000][2860.188s][info ][safepoint     ] Total time for which application threads were stopped: 0.0001813 seconds, Stopping threads took: 0.0000342 seconds
[2023-11-16T06:22:00.745+0000][2861.188s][debug][safepoint     ] Safepoint synchronization initiated. (170 threads)
[2023-11-16T06:22:00.745+0000][2861.188s][info ][safepoint     ] Application time: 1.0001880 seconds
[2023-11-16T06:22:00.745+0000][2861.189s][info ][safepoint     ] Entering safepoint region: Cleanup
[2023-11-16T06:22:00.745+0000][2861.189s][info ][safepoint     ] Leaving safepoint region
[2023-11-16T06:22:00.745+0000][2861.189s][info ][safepoint     ] Total time for which application threads were stopped: 0.0001722 seconds, Stopping threads took: 0.0000390 seconds
[2023-11-16T06:22:01.745+0000][2862.189s][debug][safepoint     ] Safepoint synchronization initiated. (170 threads)
[2023-11-16T06:22:01.746+0000][2862.189s][info ][safepoint     ] Application time: 1.0001496 seconds
[2023-11-16T06:22:01.746+0000][2862.189s][info ][safepoint     ] Entering safepoint region: Cleanup
[2023-11-16T06:22:01.746+0000][2862.189s][info ][safepoint     ] Leaving safepoint region
[2023-11-16T06:22:01.746+0000][2862.189s][info ][safepoint     ] Total time for which application threads were stopped: 0.0001800 seconds, Stopping threads took: 0.0000348 seconds
[2023-11-16T06:22:02.746+0000][2863.189s][debug][safepoint     ] Safepoint synchronization initiated. (170 threads)
[2023-11-16T06:22:02.746+0000][2863.189s][info ][safepoint     ] Application time: 1.0001169 seconds
[2023-11-16T06:22:02.746+0000][2863.189s][info ][safepoint     ] Entering safepoint region: Cleanup
[2023-11-16T06:22:02.746+0000][2863.189s][info ][safepoint     ] Leaving safepoint region
[2023-11-16T06:22:02.746+0000][2863.189s][info ][safepoint     ] Total time for which application threads were stopped: 0.0001845 seconds, Stopping threads took: 0.0000337 seconds
[2023-11-16T06:22:03.746+0000][2864.189s][debug][safepoint     ] Safepoint synchronization initiated. (170 threads)
[2023-11-16T06:22:03.746+0000][2864.189s][info ][safepoint     ] Application time: 1.0001041 seconds
[2023-11-16T06:22:03.746+0000][2864.189s][info ][safepoint     ] Entering safepoint region: Cleanup
[2023-11-16T06:22:03.746+0000][2864.190s][info ][safepoint     ] Leaving safepoint region
[2023-11-16T06:22:03.746+0000][2864.190s][info ][safepoint     ] Total time for which application threads were stopped: 0.0002239 seconds, Stopping threads took: 0.0000360 seconds
[2023-11-16T06:22:03.746+0000][2864.190s][debug][safepoint     ] ... found polling page return exception at pc = 0x00007fde849bede6, stub =0x00007fde7c83a800
[2023-11-16T06:22:04.746+0000][2865.190s][debug][safepoint     ] Safepoint synchronization initiated. (170 threads)
[2023-11-16T06:22:04.747+0000][2865.190s][info ][safepoint     ] Application time: 1.0001269 seconds
[2023-11-16T06:22:04.747+0000][2865.190s][info ][safepoint     ] Entering safepoint region: Cleanup
[2023-11-16T06:22:04.747+0000][2865.190s][info ][safepoint     ] Leaving safepoint region
[2023-11-16T06:22:04.747+0000][2865.190s][info ][safepoint     ] Total time for which application threads were stopped: 0.0001820 seconds, Stopping threads took: 0.0000370 seconds
[2023-11-16T06:22:05.747+0000][2866.190s][debug][safepoint     ] Safepoint synchronization initiated. (170 threads)
[2023-11-16T06:22:05.747+0000][2866.190s][info ][safepoint     ] Application time: 1.0001022 seconds
[2023-11-16T06:22:05.747+0000][2866.190s][info ][safepoint     ] Entering safepoint region: Cleanup
[2023-11-16T06:22:05.747+0000][2866.190s][info ][safepoint     ] Leaving safepoint region
[2023-11-16T06:22:05.747+0000][2866.190s][info ][safepoint     ] Total time for which application threads were stopped: 0.0002155 seconds, Stopping threads took: 0.0000395 seconds
[2023-11-16T06:22:06.747+0000][2867.190s][debug][safepoint     ] Safepoint synchronization initiated. (170 threads)
[2023-11-16T06:22:06.747+0000][2867.190s][info ][safepoint     ] Application time: 1.0001022 seconds
[2023-11-16T06:22:06.747+0000][2867.191s][info ][safepoint     ] Entering safepoint region: Cleanup
[2023-11-16T06:22:06.747+0000][2867.191s][info ][safepoint     ] Leaving safepoint region
[2023-11-16T06:22:06.747+0000][2867.191s][info ][safepoint     ] Total time for which application threads were stopped: 0.0002172 seconds, Stopping threads took: 0.0000386 seconds
[2023-11-16T06:22:07.747+0000][2868.191s][debug][safepoint     ] Safepoint synchronization initiated. (170 threads)
[2023-11-16T06:22:07.748+0000][2868.191s][info ][safepoint     ] Application time: 1.0001034 seconds
[2023-11-16T06:22:07.748+0000][2868.191s][info ][safepoint     ] Entering safepoint region: Cleanup
[2023-11-16T06:22:07.748+0000][2868.191s][info ][safepoint     ] Leaving safepoint region
[2023-11-16T06:22:07.748+0000][2868.191s][info ][safepoint     ] Total time for which application threads were stopped: 0.0001680 seconds, Stopping threads took: 0.0000397 seconds
[2023-11-16T06:22:08.748+0000][2869.191s][debug][safepoint     ] Safepoint synchronization initiated. (170 threads)
[2023-11-16T06:22:08.748+0000][2869.191s][info ][safepoint     ] Application time: 1.0000988 seconds
[2023-11-16T06:22:08.748+0000][2869.191s][info ][safepoint     ] Entering safepoint region: Cleanup
[2023-11-16T06:22:08.748+0000][2869.191s][info ][safepoint     ] Leaving safepoint region
[2023-11-16T06:22:08.748+0000][2869.191s][info ][safepoint     ] Total time for which application threads were stopped: 0.0002487 seconds, Stopping threads took: 0.0000368 seconds
[2023-11-16T06:22:09.748+0000][2870.191s][debug][safepoint     ] Safepoint synchronization initiated. (170 threads)
[2023-11-16T06:22:09.748+0000][2870.192s][info ][safepoint     ] Application time: 1.0001439 seconds
[2023-11-16T06:22:09.748+0000][2870.192s][info ][safepoint     ] Entering safepoint region: Cleanup
[2023-11-16T06:22:09.749+0000][2870.192s][info ][safepoint     ] Leaving safepoint region
[2023-11-16T06:22:09.749+0000][2870.192s][info ][safepoint     ] Total time for which application threads were stopped: 0.0003480 seconds, Stopping threads took: 0.0000515 seconds
[2023-11-16T06:22:10.749+0000][2871.192s][debug][safepoint     ] Safepoint synchronization initiated. (170 threads)
[2023-11-16T06:22:10.749+0000][2871.192s][info ][safepoint     ] Application time: 1.0001216 seconds
[2023-11-16T06:22:10.749+0000][2871.192s][info ][safepoint     ] Entering safepoint region: Cleanup
[2023-11-16T06:22:10.749+0000][2871.192s][info ][safepoint     ] Leaving safepoint region
[2023-11-16T06:22:10.749+0000][2871.192s][info ][safepoint     ] Total time for which application threads were stopped: 0.0002153 seconds, Stopping threads took: 0.0000381 seconds
[2023-11-16T06:22:11.749+0000][2872.192s][debug][safepoint     ] Safepoint synchronization initiated. (170 threads)
[2023-11-16T06:22:11.749+0000][2872.192s][info ][safepoint     ] Application time: 1.0001570 seconds
[2023-11-16T06:22:11.749+0000][2872.192s][info ][safepoint     ] Entering safepoint region: Cleanup
[2023-11-16T06:22:11.749+0000][2872.193s][info ][safepoint     ] Leaving safepoint region
[2023-11-16T06:22:11.749+0000][2872.193s][info ][safepoint     ] Total time for which application threads were stopped: 0.0002769 seconds, Stopping threads took: 0.0000516 seconds
[2023-11-16T06:22:12.750+0000][2873.193s][debug][safepoint     ] Safepoint synchronization initiated. (170 threads)
[2023-11-16T06:22:12.750+0000][2873.193s][info ][safepoint     ] Application time: 1.0001686 seconds
[2023-11-16T06:22:12.750+0000][2873.193s][info ][safepoint     ] Entering safepoint region: Cleanup
[2023-11-16T06:22:12.750+0000][2873.193s][info ][safepoint     ] Leaving safepoint region
[2023-11-16T06:22:12.750+0000][2873.193s][info ][safepoint     ] Total time for which application threads were stopped: 0.0002729 seconds, Stopping threads took: 0.0000504 seconds
[2023-11-16T06:22:13.750+0000][2874.193s][debug][safepoint     ] Safepoint synchronization initiated. (170 threads)
[2023-11-16T06:22:13.750+0000][2874.193s][info ][safepoint     ] Application time: 1.0001695 seconds
[2023-11-16T06:22:13.750+0000][2874.193s][info ][safepoint     ] Entering safepoint region: Cleanup
[2023-11-16T06:22:13.750+0000][2874.194s][info ][safepoint     ] Leaving safepoint region
[2023-11-16T06:22:13.750+0000][2874.194s][info ][safepoint     ] Total time for which application threads were stopped: 0.0002476 seconds, Stopping threads took: 0.0000505 seconds
[2023-11-16T06:22:14.750+0000][2875.194s][debug][safepoint     ] Safepoint synchronization initiated. (170 threads)
[2023-11-16T06:22:14.751+0000][2875.194s][info ][safepoint     ] Application time: 1.0005413 seconds
[2023-11-16T06:22:14.751+0000][2875.194s][info ][safepoint     ] Entering safepoint region: Cleanup
[2023-11-16T06:22:14.752+0000][2875.195s][info ][safepoint     ] Leaving safepoint region
[2023-11-16T06:22:14.752+0000][2875.195s][info ][safepoint     ] Total time for which application threads were stopped: 0.0010310 seconds, Stopping threads took: 0.0000404 seconds
[2023-11-16T06:22:15.752+0000][2876.195s][debug][safepoint     ] Safepoint synchronization initiated. (170 threads)
[2023-11-16T06:22:15.752+0000][2876.195s][info ][safepoint     ] Application time: 1.0001172 seconds
[2023-11-16T06:22:15.752+0000][2876.195s][info ][safepoint     ] Entering safepoint region: Cleanup
[2023-11-16T06:22:15.752+0000][2876.196s][info ][safepoint     ] Leaving safepoint region
[2023-11-16T06:22:15.752+0000][2876.196s][info ][safepoint     ] Total time for which application threads were stopped: 0.0001779 seconds, Stopping threads took: 0.0000330 seconds
[2023-11-16T06:22:16.752+0000][2877.196s][debug][safepoint     ] Safepoint synchronization initiated. (170 threads)
[2023-11-16T06:22:16.752+0000][2877.196s][info ][safepoint     ] Application time: 1.0001340 seconds
[2023-11-16T06:22:16.752+0000][2877.196s][info ][safepoint     ] Entering safepoint region: Cleanup
[2023-11-16T06:22:16.753+0000][2877.196s][info ][safepoint     ] Leaving safepoint region
[2023-11-16T06:22:16.753+0000][2877.196s][info ][safepoint     ] Total time for which application threads were stopped: 0.0002152 seconds, Stopping threads took: 0.0000371 seconds
[2023-11-16T06:22:17.753+0000][2878.196s][debug][safepoint     ] Safepoint synchronization initiated. (170 threads)
[2023-11-16T06:22:17.753+0000][2878.196s][info ][safepoint     ] Application time: 1.0001301 seconds
[2023-11-16T06:22:17.753+0000][2878.196s][info ][safepoint     ] Entering safepoint region: Cleanup
[2023-11-16T06:22:17.753+0000][2878.196s][info ][safepoint     ] Leaving safepoint region
[2023-11-16T06:22:17.753+0000][2878.196s][info ][safepoint     ] Total time for which application threads were stopped: 0.0001867 seconds, Stopping threads took: 0.0000366 seconds
[2023-11-16T06:22:18.753+0000][2879.196s][debug][safepoint     ] Safepoint synchronization initiated. (170 threads)
[2023-11-16T06:22:18.753+0000][2879.196s][info ][safepoint     ] Application time: 1.0001715 seconds
[2023-11-16T06:22:18.753+0000][2879.196s][info ][safepoint     ] Entering safepoint region: Cleanup
[2023-11-16T06:22:18.753+0000][2879.197s][info ][safepoint     ] Leaving safepoint region
[2023-11-16T06:22:18.753+0000][2879.197s][info ][safepoint     ] Total time for which application threads were stopped: 0.0002466 seconds, Stopping threads took: 0.0000515 seconds
[2023-11-16T06:22:19.753+0000][2880.197s][debug][safepoint     ] Safepoint synchronization initiated. (170 threads)
[2023-11-16T06:22:19.754+0000][2880.197s][info ][safepoint     ] Application time: 1.0001491 seconds
[2023-11-16T06:22:19.754+0000][2880.197s][info ][safepoint     ] Entering safepoint region: Cleanup
[2023-11-16T06:22:19.754+0000][2880.197s][info ][safepoint     ] Leaving safepoint region
[2023-11-16T06:22:19.754+0000][2880.197s][info ][safepoint     ] Total time for which application threads were stopped: 0.0002377 seconds, Stopping threads took: 0.0000530 seconds
[2023-11-16T06:22:20.754+0000][2881.197s][debug][safepoint     ] Safepoint synchronization initiated. (170 threads)
[2023-11-16T06:22:20.754+0000][2881.197s][info ][safepoint     ] Application time: 1.0001483 seconds
[2023-11-16T06:22:20.754+0000][2881.197s][info ][safepoint     ] Entering safepoint region: Cleanup
[2023-11-16T06:22:20.754+0000][2881.198s][info ][safepoint     ] Leaving safepoint region
[2023-11-16T06:22:20.754+0000][2881.198s][info ][safepoint     ] Total time for which application threads were stopped: 0.0002435 seconds, Stopping threads took: 0.0000334 seconds
[2023-11-16T06:22:21.754+0000][2882.198s][debug][safepoint     ] Safepoint synchronization initiated. (170 threads)
[2023-11-16T06:22:21.754+0000][2882.198s][info ][safepoint     ] Application time: 1.0001748 seconds
[2023-11-16T06:22:21.754+0000][2882.198s][info ][safepoint     ] Entering safepoint region: Cleanup
[2023-11-16T06:22:21.755+0000][2882.198s][info ][safepoint     ] Leaving safepoint region
[2023-11-16T06:22:21.755+0000][2882.198s][info ][safepoint     ] Total time for which application threads were stopped: 0.0003351 seconds, Stopping threads took: 0.0000518 seconds
[2023-11-16T06:22:22.755+0000][2883.198s][debug][safepoint     ] Safepoint synchronization initiated. (170 threads)
[2023-11-16T06:22:22.755+0000][2883.198s][info ][safepoint     ] Application time: 1.0001524 seconds
[2023-11-16T06:22:22.755+0000][2883.198s][info ][safepoint     ] Entering safepoint region: Cleanup
[2023-11-16T06:22:22.755+0000][2883.198s][info ][safepoint     ] Leaving safepoint region
[2023-11-16T06:22:22.755+0000][2883.199s][info ][safepoint     ] Total time for which application threads were stopped: 0.0002354 seconds, Stopping threads took: 0.0000414 seconds
[2023-11-16T06:22:23.755+0000][2884.199s][debug][safepoint     ] Safepoint synchronization initiated. (170 threads)
[2023-11-16T06:22:23.755+0000][2884.199s][info ][safepoint     ] Application time: 1.0001386 seconds
[2023-11-16T06:22:23.755+0000][2884.199s][info ][safepoint     ] Entering safepoint region: Cleanup
[2023-11-16T06:22:23.756+0000][2884.199s][info ][safepoint     ] Leaving safepoint region
[2023-11-16T06:22:23.756+0000][2884.199s][info ][safepoint     ] Total time for which application threads were stopped: 0.0001999 seconds, Stopping threads took: 0.0000404 seconds
[2023-11-16T06:22:24.756+0000][2885.199s][debug][safepoint     ] Safepoint synchronization initiated. (170 threads)
[2023-11-16T06:22:24.756+0000][2885.199s][info ][safepoint     ] Application time: 1.0001227 seconds
[2023-11-16T06:22:24.756+0000][2885.199s][info ][safepoint     ] Entering safepoint region: Cleanup
[2023-11-16T06:22:24.756+0000][2885.199s][info ][safepoint     ] Leaving safepoint region
[2023-11-16T06:22:24.756+0000][2885.199s][info ][safepoint     ] Total time for which application threads were stopped: 0.0002437 seconds, Stopping threads took: 0.0000366 seconds
[2023-11-16T06:22:25.756+0000][2886.199s][debug][safepoint     ] Safepoint synchronization initiated. (170 threads)
[2023-11-16T06:22:25.756+0000][2886.199s][info ][safepoint     ] Application time: 1.0001392 seconds
[2023-11-16T06:22:25.756+0000][2886.199s][info ][safepoint     ] Entering safepoint region: Cleanup
[2023-11-16T06:22:25.756+0000][2886.200s][info ][safepoint     ] Leaving safepoint region
[2023-11-16T06:22:25.756+0000][2886.200s][info ][safepoint     ] Total time for which application threads were stopped: 0.0002957 seconds, Stopping threads took: 0.0000514 seconds
[2023-11-16T06:22:26.757+0000][2887.200s][debug][safepoint     ] Safepoint synchronization initiated. (170 threads)
[2023-11-16T06:22:26.757+0000][2887.200s][info ][safepoint     ] Application time: 1.0001684 seconds
[2023-11-16T06:22:26.757+0000][2887.200s][info ][safepoint     ] Entering safepoint region: Cleanup
[2023-11-16T06:22:26.757+0000][2887.200s][info ][safepoint     ] Leaving safepoint region
[2023-11-16T06:22:26.757+0000][2887.200s][info ][safepoint     ] Total time for which application threads were stopped: 0.0002612 seconds, Stopping threads took: 0.0000546 seconds
[2023-11-16T06:22:27.757+0000][2888.200s][debug][safepoint     ] Safepoint synchronization initiated. (170 threads)
[2023-11-16T06:22:27.757+0000][2888.200s][info ][safepoint     ] Application time: 1.0001941 seconds
[2023-11-16T06:22:27.757+0000][2888.200s][debug][safepoint     ] ... found polling page return exception at pc = 0x00007fde849e6a69, stub =0x00007fde7c83a800
[2023-11-16T06:22:27.758+0000][2888.201s][debug][safepoint     ] Waiting for 1 thread(s) to block
[2023-11-16T06:22:27.758+0000][2888.201s][info ][safepoint     ] Entering safepoint region: Cleanup
[2023-11-16T06:22:27.758+0000][2888.201s][info ][safepoint     ] Leaving safepoint region
[2023-11-16T06:22:27.758+0000][2888.201s][info ][safepoint     ] Total time for which application threads were stopped: 0.0010618 seconds, Stopping threads took: 0.0008633 seconds
[2023-11-16T06:22:28.758+0000][2889.202s][debug][safepoint     ] Safepoint synchronization initiated. (170 threads)
[2023-11-16T06:22:28.758+0000][2889.202s][info ][safepoint     ] Application time: 1.0001590 seconds
[2023-11-16T06:22:28.758+0000][2889.202s][info ][safepoint     ] Entering safepoint region: Cleanup
[2023-11-16T06:22:28.759+0000][2889.202s][info ][safepoint     ] Leaving safepoint region
[2023-11-16T06:22:28.759+0000][2889.202s][info ][safepoint     ] Total time for which application threads were stopped: 0.0003461 seconds, Stopping threads took: 0.0000514 seconds
[2023-11-16T06:22:29.759+0000][2890.202s][debug][safepoint     ] Safepoint synchronization initiated. (170 threads)
[2023-11-16T06:22:29.759+0000][2890.202s][info ][safepoint     ] Application time: 1.0001624 seconds
[2023-11-16T06:22:29.759+0000][2890.202s][info ][safepoint     ] Entering safepoint region: Cleanup
[2023-11-16T06:22:29.759+0000][2890.203s][info ][safepoint     ] Leaving safepoint region
[2023-11-16T06:22:29.759+0000][2890.203s][info ][safepoint     ] Total time for which application threads were stopped: 0.0003277 seconds, Stopping threads took: 0.0000497 seconds
[2023-11-16T06:22:30.759+0000][2891.203s][debug][safepoint     ] Safepoint synchronization initiated. (170 threads)
[2023-11-16T06:22:30.759+0000][2891.203s][info ][safepoint     ] Application time: 1.0001479 seconds
[2023-11-16T06:22:30.759+0000][2891.203s][info ][safepoint     ] Entering safepoint region: Cleanup
[2023-11-16T06:22:30.760+0000][2891.203s][info ][safepoint     ] Leaving safepoint region
[2023-11-16T06:22:30.760+0000][2891.203s][info ][safepoint     ] Total time for which application threads were stopped: 0.0003218 seconds, Stopping threads took: 0.0000644 seconds
[2023-11-16T06:22:31.760+0000][2892.203s][debug][safepoint     ] Safepoint synchronization initiated. (170 threads)
[2023-11-16T06:22:31.760+0000][2892.203s][info ][safepoint     ] Application time: 1.0001552 seconds
[2023-11-16T06:22:31.760+0000][2892.203s][info ][safepoint     ] Entering safepoint region: Cleanup
[2023-11-16T06:22:31.760+0000][2892.203s][info ][safepoint     ] Leaving safepoint region
[2023-11-16T06:22:31.760+0000][2892.204s][info ][safepoint     ] Total time for which application threads were stopped: 0.0002541 seconds, Stopping threads took: 0.0000522 seconds
[2023-11-16T06:22:32.760+0000][2893.204s][debug][safepoint     ] Safepoint synchronization initiated. (170 threads)
[2023-11-16T06:22:32.760+0000][2893.204s][info ][safepoint     ] Application time: 1.0001386 seconds
[2023-11-16T06:22:32.760+0000][2893.204s][info ][safepoint     ] Entering safepoint region: Cleanup
[2023-11-16T06:22:32.761+0000][2893.204s][info ][safepoint     ] Leaving safepoint region
[2023-11-16T06:22:32.761+0000][2893.204s][info ][safepoint     ] Total time for which application threads were stopped: 0.0002528 seconds, Stopping threads took: 0.0000519 seconds
[2023-11-16T06:22:33.761+0000][2894.204s][debug][safepoint     ] Safepoint synchronization initiated. (170 threads)
[2023-11-16T06:22:33.761+0000][2894.204s][info ][safepoint     ] Application time: 1.0001614 seconds
[2023-11-16T06:22:33.761+0000][2894.204s][info ][safepoint     ] Entering safepoint region: Cleanup
[2023-11-16T06:22:33.761+0000][2894.204s][info ][safepoint     ] Leaving safepoint region
[2023-11-16T06:22:33.761+0000][2894.204s][info ][safepoint     ] Total time for which application threads were stopped: 0.0002358 seconds, Stopping threads took: 0.0000528 seconds
[2023-11-16T06:22:34.761+0000][2895.204s][debug][safepoint     ] Safepoint synchronization initiated. (170 threads)
[2023-11-16T06:22:34.761+0000][2895.205s][info ][safepoint     ] Application time: 1.0001554 seconds
[2023-11-16T06:22:34.761+0000][2895.205s][info ][safepoint     ] Entering safepoint region: Cleanup
[2023-11-16T06:22:34.761+0000][2895.205s][info ][safepoint     ] Leaving safepoint region
[2023-11-16T06:22:34.762+0000][2895.205s][info ][safepoint     ] Total time for which application threads were stopped: 0.0002658 seconds, Stopping threads took: 0.0000537 seconds
[2023-11-16T06:22:35.762+0000][2896.205s][debug][safepoint     ] Safepoint synchronization initiated. (170 threads)
[2023-11-16T06:22:35.762+0000][2896.205s][info ][safepoint     ] Application time: 1.0001638 seconds
[2023-11-16T06:22:35.762+0000][2896.205s][info ][safepoint     ] Entering safepoint region: Cleanup
[2023-11-16T06:22:35.762+0000][2896.205s][info ][safepoint     ] Leaving safepoint region
[2023-11-16T06:22:35.762+0000][2896.205s][info ][safepoint     ] Total time for which application threads were stopped: 0.0002358 seconds, Stopping threads took: 0.0000516 seconds
[2023-11-16T06:22:36.762+0000][2897.205s][debug][safepoint     ] Safepoint synchronization initiated. (170 threads)
[2023-11-16T06:22:36.762+0000][2897.205s][info ][safepoint     ] Application time: 1.0001339 seconds
[2023-11-16T06:22:36.762+0000][2897.205s][info ][safepoint     ] Entering safepoint region: Cleanup
[2023-11-16T06:22:36.762+0000][2897.206s][info ][safepoint     ] Leaving safepoint region
[2023-11-16T06:22:36.762+0000][2897.206s][info ][safepoint     ] Total time for which application threads were stopped: 0.0002851 seconds, Stopping threads took: 0.0000510 seconds
[2023-11-16T06:22:37.762+0000][2898.206s][debug][safepoint     ] Safepoint synchronization initiated. (170 threads)
[2023-11-16T06:22:37.763+0000][2898.206s][info ][safepoint     ] Application time: 1.0001175 seconds
[2023-11-16T06:22:37.763+0000][2898.206s][info ][safepoint     ] Entering safepoint region: Cleanup
[2023-11-16T06:22:37.763+0000][2898.206s][info ][safepoint     ] Leaving safepoint region
[2023-11-16T06:22:37.763+0000][2898.206s][info ][safepoint     ] Total time for which application threads were stopped: 0.0001879 seconds, Stopping threads took: 0.0000412 seconds
[2023-11-16T06:22:38.763+0000][2899.206s][debug][safepoint     ] Safepoint synchronization initiated. (170 threads)
[2023-11-16T06:22:38.763+0000][2899.206s][info ][safepoint     ] Application time: 1.0001344 seconds
[2023-11-16T06:22:38.763+0000][2899.206s][info ][safepoint     ] Entering safepoint region: Cleanup
[2023-11-16T06:22:38.763+0000][2899.206s][info ][safepoint     ] Leaving safepoint region
[2023-11-16T06:22:38.763+0000][2899.207s][info ][safepoint     ] Total time for which application threads were stopped: 0.0003020 seconds, Stopping threads took: 0.0000526 seconds
[2023-11-16T06:22:39.763+0000][2900.207s][debug][safepoint     ] Safepoint synchronization initiated. (170 threads)
[2023-11-16T06:22:39.763+0000][2900.207s][info ][safepoint     ] Application time: 1.0001206 seconds
[2023-11-16T06:22:39.763+0000][2900.207s][info ][safepoint     ] Entering safepoint region: Cleanup
[2023-11-16T06:22:39.764+0000][2900.207s][info ][safepoint     ] Leaving safepoint region
[2023-11-16T06:22:39.764+0000][2900.207s][info ][safepoint     ] Total time for which application threads were stopped: 0.0002137 seconds, Stopping threads took: 0.0000381 seconds
[2023-11-16T06:22:40.764+0000][2901.207s][debug][safepoint     ] Safepoint synchronization initiated. (170 threads)
[2023-11-16T06:22:40.764+0000][2901.207s][info ][safepoint     ] Application time: 1.0001572 seconds
[2023-11-16T06:22:40.764+0000][2901.207s][info ][safepoint     ] Entering safepoint region: Cleanup
[2023-11-16T06:22:40.764+0000][2901.207s][info ][safepoint     ] Leaving safepoint region
[2023-11-16T06:22:40.764+0000][2901.207s][info ][safepoint     ] Total time for which application threads were stopped: 0.0002853 seconds, Stopping threads took: 0.0000522 seconds
[2023-11-16T06:22:41.764+0000][2902.207s][debug][safepoint     ] Safepoint synchronization initiated. (170 threads)
[2023-11-16T06:22:41.764+0000][2902.208s][info ][safepoint     ] Application time: 1.0001893 seconds
[2023-11-16T06:22:41.764+0000][2902.208s][info ][safepoint     ] Entering safepoint region: Cleanup
[2023-11-16T06:22:41.765+0000][2902.208s][info ][safepoint     ] Leaving safepoint region
[2023-11-16T06:22:41.765+0000][2902.208s][info ][safepoint     ] Total time for which application threads were stopped: 0.0003376 seconds, Stopping threads took: 0.0000518 seconds
[2023-11-16T06:22:42.765+0000][2903.208s][debug][safepoint     ] Safepoint synchronization initiated. (170 threads)
[2023-11-16T06:22:42.765+0000][2903.208s][info ][safepoint     ] Application time: 1.0001630 seconds
[2023-11-16T06:22:42.765+0000][2903.208s][info ][safepoint     ] Entering safepoint region: Cleanup
[2023-11-16T06:22:42.765+0000][2903.208s][info ][safepoint     ] Leaving safepoint region
[2023-11-16T06:22:42.765+0000][2903.208s][info ][safepoint     ] Total time for which application threads were stopped: 0.0002712 seconds, Stopping threads took: 0.0000532 seconds
[2023-11-16T06:22:43.765+0000][2904.209s][debug][safepoint     ] Safepoint synchronization initiated. (170 threads)
[2023-11-16T06:22:43.765+0000][2904.209s][info ][safepoint     ] Application time: 1.0001753 seconds
[2023-11-16T06:22:43.765+0000][2904.209s][info ][safepoint     ] Entering safepoint region: Cleanup
[2023-11-16T06:22:43.766+0000][2904.209s][info ][safepoint     ] Leaving safepoint region
[2023-11-16T06:22:43.766+0000][2904.209s][info ][safepoint     ] Total time for which application threads were stopped: 0.0003532 seconds, Stopping threads took: 0.0000498 seconds
[2023-11-16T06:22:44.766+0000][2905.209s][debug][safepoint     ] Safepoint synchronization initiated. (170 threads)
[2023-11-16T06:22:44.766+0000][2905.209s][info ][safepoint     ] Application time: 1.0001487 seconds
[2023-11-16T06:22:44.766+0000][2905.209s][info ][safepoint     ] Entering safepoint region: Cleanup
[2023-11-16T06:22:44.766+0000][2905.209s][info ][safepoint     ] Leaving safepoint region
[2023-11-16T06:22:44.766+0000][2905.209s][info ][safepoint     ] Total time for which application threads were stopped: 0.0002293 seconds, Stopping threads took: 0.0000507 seconds
[2023-11-16T06:22:45.766+0000][2906.209s][debug][safepoint     ] Safepoint synchronization initiated. (170 threads)
[2023-11-16T06:22:45.766+0000][2906.210s][info ][safepoint     ] Application time: 1.0001647 seconds
[2023-11-16T06:22:45.766+0000][2906.210s][info ][safepoint     ] Entering safepoint region: Cleanup
[2023-11-16T06:22:45.766+0000][2906.210s][info ][safepoint     ] Leaving safepoint region
[2023-11-16T06:22:45.767+0000][2906.210s][info ][safepoint     ] Total time for which application threads were stopped: 0.0002861 seconds, Stopping threads took: 0.0000587 seconds
[2023-11-16T06:22:46.767+0000][2907.210s][debug][safepoint     ] Safepoint synchronization initiated. (170 threads)
[2023-11-16T06:22:46.767+0000][2907.210s][info ][safepoint     ] Application time: 1.0001468 seconds
[2023-11-16T06:22:46.767+0000][2907.210s][info ][safepoint     ] Entering safepoint region: Cleanup
[2023-11-16T06:22:46.767+0000][2907.210s][info ][safepoint     ] Leaving safepoint region
[2023-11-16T06:22:46.767+0000][2907.210s][info ][safepoint     ] Total time for which application threads were stopped: 0.0002475 seconds, Stopping threads took: 0.0000496 seconds
[2023-11-16T06:22:47.767+0000][2908.210s][debug][safepoint     ] Safepoint synchronization initiated. (170 threads)
[2023-11-16T06:22:47.767+0000][2908.210s][info ][safepoint     ] Application time: 1.0001591 seconds
[2023-11-16T06:22:47.767+0000][2908.210s][info ][safepoint     ] Entering safepoint region: Cleanup
[2023-11-16T06:22:47.767+0000][2908.211s][info ][safepoint     ] Leaving safepoint region
[2023-11-16T06:22:47.767+0000][2908.211s][info ][safepoint     ] Total time for which application threads were stopped: 0.0002928 seconds, Stopping threads took: 0.0000505 seconds
[2023-11-16T06:22:48.768+0000][2909.211s][debug][safepoint     ] Safepoint synchronization initiated. (170 threads)
[2023-11-16T06:22:48.768+0000][2909.211s][info ][safepoint     ] Application time: 1.0001781 seconds
[2023-11-16T06:22:48.768+0000][2909.211s][info ][safepoint     ] Entering safepoint region: Cleanup
[2023-11-16T06:22:48.768+0000][2909.211s][info ][safepoint     ] Leaving safepoint region
[2023-11-16T06:22:48.768+0000][2909.211s][info ][safepoint     ] Total time for which application threads were stopped: 0.0003305 seconds, Stopping threads took: 0.0000486 seconds
[2023-11-16T06:22:49.768+0000][2910.211s][debug][safepoint     ] Safepoint synchronization initiated. (170 threads)
[2023-11-16T06:22:49.768+0000][2910.211s][info ][safepoint     ] Application time: 1.0001845 seconds
[2023-11-16T06:22:49.768+0000][2910.212s][info ][safepoint     ] Entering safepoint region: Cleanup
[2023-11-16T06:22:49.768+0000][2910.212s][info ][safepoint     ] Leaving safepoint region
[2023-11-16T06:22:49.768+0000][2910.212s][info ][safepoint     ] Total time for which application threads were stopped: 0.0002530 seconds, Stopping threads took: 0.0000503 seconds
[2023-11-16T06:22:50.769+0000][2911.212s][debug][safepoint     ] Safepoint synchronization initiated. (170 threads)
[2023-11-16T06:22:50.769+0000][2911.212s][info ][safepoint     ] Application time: 1.0001589 seconds
[2023-11-16T06:22:50.769+0000][2911.212s][info ][safepoint     ] Entering safepoint region: Cleanup
[2023-11-16T06:22:50.769+0000][2911.212s][info ][safepoint     ] Leaving safepoint region
[2023-11-16T06:22:50.769+0000][2911.212s][info ][safepoint     ] Total time for which application threads were stopped: 0.0003011 seconds, Stopping threads took: 0.0000495 seconds
[2023-11-16T06:22:51.769+0000][2912.212s][debug][safepoint     ] Safepoint synchronization initiated. (170 threads)
[2023-11-16T06:22:51.769+0000][2912.212s][info ][safepoint     ] Application time: 1.0001556 seconds
[2023-11-16T06:22:51.769+0000][2912.212s][info ][safepoint     ] Entering safepoint region: Cleanup
[2023-11-16T06:22:51.769+0000][2912.213s][info ][safepoint     ] Leaving safepoint region
[2023-11-16T06:22:51.769+0000][2912.213s][info ][safepoint     ] Total time for which application threads were stopped: 0.0002768 seconds, Stopping threads took: 0.0000484 seconds
[2023-11-16T06:22:52.770+0000][2913.213s][debug][safepoint     ] Safepoint synchronization initiated. (170 threads)
[2023-11-16T06:22:52.770+0000][2913.213s][info ][safepoint     ] Application time: 1.0001601 seconds
[2023-11-16T06:22:52.770+0000][2913.213s][info ][safepoint     ] Entering safepoint region: Cleanup
[2023-11-16T06:22:52.770+0000][2913.213s][info ][safepoint     ] Leaving safepoint region
[2023-11-16T06:22:52.770+0000][2913.213s][info ][safepoint     ] Total time for which application threads were stopped: 0.0003234 seconds, Stopping threads took: 0.0000510 seconds
[2023-11-16T06:22:53.770+0000][2914.213s][debug][safepoint     ] Safepoint synchronization initiated. (170 threads)
[2023-11-16T06:22:53.770+0000][2914.213s][info ][safepoint     ] Application time: 1.0001423 seconds
[2023-11-16T06:22:53.770+0000][2914.213s][info ][safepoint     ] Entering safepoint region: Cleanup
[2023-11-16T06:22:53.770+0000][2914.214s][info ][safepoint     ] Leaving safepoint region
[2023-11-16T06:22:53.770+0000][2914.214s][info ][safepoint     ] Total time for which application threads were stopped: 0.0002310 seconds, Stopping threads took: 0.0000497 seconds
[2023-11-16T06:22:54.770+0000][2915.214s][debug][safepoint     ] Safepoint synchronization initiated. (170 threads)
[2023-11-16T06:22:54.771+0000][2915.214s][info ][safepoint     ] Application time: 1.0001552 seconds
[2023-11-16T06:22:54.771+0000][2915.214s][info ][safepoint     ] Entering safepoint region: Cleanup
[2023-11-16T06:22:54.771+0000][2915.214s][info ][safepoint     ] Leaving safepoint region
[2023-11-16T06:22:54.771+0000][2915.214s][info ][safepoint     ] Total time for which application threads were stopped: 0.0003556 seconds, Stopping threads took: 0.0000496 seconds
[2023-11-16T06:22:55.771+0000][2916.214s][debug][safepoint     ] Safepoint synchronization initiated. (170 threads)
[2023-11-16T06:22:55.771+0000][2916.214s][info ][safepoint     ] Application time: 1.0001847 seconds
[2023-11-16T06:22:55.771+0000][2916.214s][info ][safepoint     ] Entering safepoint region: Cleanup
[2023-11-16T06:22:55.771+0000][2916.215s][info ][safepoint     ] Leaving safepoint region
[2023-11-16T06:22:55.771+0000][2916.215s][info ][safepoint     ] Total time for which application threads were stopped: 0.0003007 seconds, Stopping threads took: 0.0000501 seconds
[2023-11-16T06:22:56.772+0000][2917.215s][debug][safepoint     ] Safepoint synchronization initiated. (170 threads)
[2023-11-16T06:22:56.772+0000][2917.215s][info ][safepoint     ] Application time: 1.0001735 seconds
[2023-11-16T06:22:56.772+0000][2917.215s][info ][safepoint     ] Entering safepoint region: Cleanup
[2023-11-16T06:22:56.772+0000][2917.215s][info ][safepoint     ] Leaving safepoint region
[2023-11-16T06:22:56.772+0000][2917.215s][info ][safepoint     ] Total time for which application threads were stopped: 0.0003338 seconds, Stopping threads took: 0.0000501 seconds
[2023-11-16T06:22:57.772+0000][2918.215s][debug][safepoint     ] Safepoint synchronization initiated. (170 threads)
[2023-11-16T06:22:57.772+0000][2918.215s][info ][safepoint     ] Application time: 1.0001593 seconds
[2023-11-16T06:22:57.772+0000][2918.215s][info ][safepoint     ] Entering safepoint region: Cleanup
[2023-11-16T06:22:57.773+0000][2918.216s][info ][safepoint     ] Leaving safepoint region
[2023-11-16T06:22:57.773+0000][2918.216s][info ][safepoint     ] Total time for which application threads were stopped: 0.0004601 seconds, Stopping threads took: 0.0001881 seconds
[2023-11-16T06:22:58.773+0000][2919.216s][debug][safepoint     ] Safepoint synchronization initiated. (170 threads)
[2023-11-16T06:22:58.773+0000][2919.216s][info ][safepoint     ] Application time: 1.0001547 seconds
[2023-11-16T06:22:58.773+0000][2919.216s][info ][safepoint     ] Entering safepoint region: Cleanup
[2023-11-16T06:22:58.773+0000][2919.216s][info ][safepoint     ] Leaving safepoint region
[2023-11-16T06:22:58.773+0000][2919.216s][info ][safepoint     ] Total time for which application threads were stopped: 0.0003259 seconds, Stopping threads took: 0.0000495 seconds
[2023-11-16T06:23:42.777+0000][2963.220s][debug][safepoint     ] Safepoint synchronization initiated. (171 threads)
[2023-11-16T06:23:42.777+0000][2963.221s][info ][safepoint     ] Application time: 44.0040784 seconds
[2023-11-16T06:23:42.777+0000][2963.221s][info ][safepoint     ] Entering safepoint region: Cleanup
[2023-11-16T06:23:42.778+0000][2963.221s][info ][safepoint     ] Leaving safepoint region
[2023-11-16T06:23:42.778+0000][2963.221s][info ][safepoint     ] Total time for which application threads were stopped: 0.0003380 seconds, Stopping threads took: 0.0000511 seconds
[2023-11-16T06:23:46.778+0000][2967.221s][debug][safepoint     ] Safepoint synchronization initiated. (171 threads)
[2023-11-16T06:23:46.778+0000][2967.221s][info ][safepoint     ] Application time: 4.0004534 seconds
[2023-11-16T06:23:46.778+0000][2967.221s][info ][safepoint     ] Entering safepoint region: Cleanup
[2023-11-16T06:23:46.778+0000][2967.222s][info ][safepoint     ] Leaving safepoint region
[2023-11-16T06:23:46.778+0000][2967.222s][info ][safepoint     ] Total time for which application threads were stopped: 0.0002676 seconds, Stopping threads took: 0.0000529 seconds
[2023-11-16T06:23:59.780+0000][2980.223s][debug][safepoint     ] Safepoint synchronization initiated. (170 threads)
[2023-11-16T06:23:59.780+0000][2980.223s][info ][safepoint     ] Application time: 13.0012882 seconds
[2023-11-16T06:23:59.780+0000][2980.223s][info ][safepoint     ] Entering safepoint region: Cleanup
[2023-11-16T06:23:59.780+0000][2980.223s][info ][safepoint     ] Leaving safepoint region
[2023-11-16T06:23:59.780+0000][2980.223s][info ][safepoint     ] Total time for which application threads were stopped: 0.0003455 seconds, Stopping threads took: 0.0000525 seconds
[2023-11-16T06:24:00.780+0000][2981.223s][debug][safepoint     ] Safepoint synchronization initiated. (170 threads)
[2023-11-16T06:24:00.780+0000][2981.224s][info ][safepoint     ] Application time: 1.0001906 seconds
[2023-11-16T06:24:00.780+0000][2981.224s][info ][safepoint     ] Entering safepoint region: Cleanup
[2023-11-16T06:24:00.781+0000][2981.224s][info ][safepoint     ] Leaving safepoint region
[2023-11-16T06:24:00.781+0000][2981.224s][info ][safepoint     ] Total time for which application threads were stopped: 0.0003438 seconds, Stopping threads took: 0.0000519 seconds
[2023-11-16T06:24:01.781+0000][2982.224s][debug][safepoint     ] Safepoint synchronization initiated. (170 threads)
[2023-11-16T06:24:01.781+0000][2982.224s][info ][safepoint     ] Application time: 1.0001879 seconds
[2023-11-16T06:24:01.781+0000][2982.224s][info ][safepoint     ] Entering safepoint region: Cleanup
[2023-11-16T06:24:01.781+0000][2982.224s][info ][safepoint     ] Leaving safepoint region
[2023-11-16T06:24:01.781+0000][2982.224s][info ][safepoint     ] Total time for which application threads were stopped: 0.0003428 seconds, Stopping threads took: 0.0000522 seconds
[2023-11-16T06:24:02.781+0000][2983.225s][debug][safepoint     ] Safepoint synchronization initiated. (170 threads)
[2023-11-16T06:24:02.781+0000][2983.225s][info ][safepoint     ] Application time: 1.0001601 seconds
[2023-11-16T06:24:02.781+0000][2983.225s][info ][safepoint     ] Entering safepoint region: Cleanup
[2023-11-16T06:24:02.782+0000][2983.225s][info ][safepoint     ] Leaving safepoint region
[2023-11-16T06:24:02.782+0000][2983.225s][info ][safepoint     ] Total time for which application threads were stopped: 0.0003467 seconds, Stopping threads took: 0.0000522 seconds
[2023-11-16T06:24:03.782+0000][2984.225s][debug][safepoint     ] Safepoint synchronization initiated. (170 threads)
[2023-11-16T06:24:03.782+0000][2984.225s][info ][safepoint     ] Application time: 1.0001719 seconds
[2023-11-16T06:24:03.782+0000][2984.225s][info ][safepoint     ] Entering safepoint region: Cleanup
[2023-11-16T06:24:03.782+0000][2984.225s][info ][safepoint     ] Leaving safepoint region
[2023-11-16T06:24:03.782+0000][2984.225s][info ][safepoint     ] Total time for which application threads were stopped: 0.0002441 seconds, Stopping threads took: 0.0000532 seconds
[2023-11-16T06:24:04.782+0000][2985.226s][debug][safepoint     ] Safepoint synchronization initiated. (170 threads)
[2023-11-16T06:24:04.782+0000][2985.226s][info ][safepoint     ] Application time: 1.0001782 seconds
[2023-11-16T06:24:04.782+0000][2985.226s][info ][safepoint     ] Entering safepoint region: Cleanup
[2023-11-16T06:24:04.783+0000][2985.226s][info ][safepoint     ] Leaving safepoint region
[2023-11-16T06:24:04.783+0000][2985.226s][info ][safepoint     ] Total time for which application threads were stopped: 0.0006885 seconds, Stopping threads took: 0.0004568 seconds
[2023-11-16T06:24:05.783+0000][2986.226s][debug][safepoint     ] Safepoint synchronization initiated. (170 threads)
[2023-11-16T06:24:05.783+0000][2986.227s][info ][safepoint     ] Application time: 1.0001726 seconds
[2023-11-16T06:24:05.783+0000][2986.227s][info ][safepoint     ] Entering safepoint region: Cleanup
[2023-11-16T06:24:05.783+0000][2986.227s][info ][safepoint     ] Leaving safepoint region
[2023-11-16T06:24:05.784+0000][2986.227s][info ][safepoint     ] Total time for which application threads were stopped: 0.0002692 seconds, Stopping threads took: 0.0000504 seconds
[2023-11-16T06:24:06.784+0000][2987.227s][debug][safepoint     ] Safepoint synchronization initiated. (170 threads)
[2023-11-16T06:24:06.784+0000][2987.227s][info ][safepoint     ] Application time: 1.0001412 seconds
[2023-11-16T06:24:06.784+0000][2987.227s][info ][safepoint     ] Entering safepoint region: Cleanup
[2023-11-16T06:24:06.784+0000][2987.227s][info ][safepoint     ] Leaving safepoint region
[2023-11-16T06:24:06.784+0000][2987.227s][info ][safepoint     ] Total time for which application threads were stopped: 0.0002877 seconds, Stopping threads took: 0.0000500 seconds
[2023-11-16T06:24:07.784+0000][2988.227s][debug][safepoint     ] Safepoint synchronization initiated. (170 threads)
[2023-11-16T06:24:07.784+0000][2988.228s][info ][safepoint     ] Application time: 1.0001913 seconds
[2023-11-16T06:24:07.784+0000][2988.228s][info ][safepoint     ] Entering safepoint region: Cleanup
[2023-11-16T06:24:07.785+0000][2988.228s][info ][safepoint     ] Leaving safepoint region
[2023-11-16T06:24:07.785+0000][2988.228s][info ][safepoint     ] Total time for which application threads were stopped: 0.0003435 seconds, Stopping threads took: 0.0000530 seconds
[2023-11-16T06:24:08.785+0000][2989.228s][debug][safepoint     ] Safepoint synchronization initiated. (170 threads)
[2023-11-16T06:24:08.785+0000][2989.228s][info ][safepoint     ] Application time: 1.0001686 seconds
[2023-11-16T06:24:08.785+0000][2989.228s][info ][safepoint     ] Entering safepoint region: Cleanup
[2023-11-16T06:24:08.785+0000][2989.228s][info ][safepoint     ] Leaving safepoint region
[2023-11-16T06:24:08.785+0000][2989.228s][info ][safepoint     ] Total time for which application threads were stopped: 0.0002604 seconds, Stopping threads took: 0.0000523 seconds
[2023-11-16T06:24:09.785+0000][2990.228s][debug][safepoint     ] Safepoint synchronization initiated. (170 threads)
[2023-11-16T06:24:09.785+0000][2990.229s][info ][safepoint     ] Application time: 1.0001711 seconds
[2023-11-16T06:24:09.785+0000][2990.229s][info ][safepoint     ] Entering safepoint region: Cleanup
[2023-11-16T06:24:09.786+0000][2990.229s][info ][safepoint     ] Leaving safepoint region
[2023-11-16T06:24:09.786+0000][2990.229s][info ][safepoint     ] Total time for which application threads were stopped: 0.0003389 seconds, Stopping threads took: 0.0000522 seconds
[2023-11-16T06:24:10.786+0000][2991.229s][debug][safepoint     ] Safepoint synchronization initiated. (170 threads)
[2023-11-16T06:24:10.786+0000][2991.229s][info ][safepoint     ] Application time: 1.0001763 seconds
[2023-11-16T06:24:10.786+0000][2991.229s][info ][safepoint     ] Entering safepoint region: Cleanup
[2023-11-16T06:24:10.786+0000][2991.229s][info ][safepoint     ] Leaving safepoint region
[2023-11-16T06:24:10.786+0000][2991.229s][info ][safepoint     ] Total time for which application threads were stopped: 0.0003375 seconds, Stopping threads took: 0.0000521 seconds
[2023-11-16T06:24:11.786+0000][2992.230s][debug][safepoint     ] Safepoint synchronization initiated. (170 threads)
[2023-11-16T06:24:11.786+0000][2992.230s][info ][safepoint     ] Application time: 1.0001532 seconds
[2023-11-16T06:24:11.786+0000][2992.230s][info ][safepoint     ] Entering safepoint region: Cleanup
[2023-11-16T06:24:11.787+0000][2992.230s][info ][safepoint     ] Leaving safepoint region
[2023-11-16T06:24:11.787+0000][2992.230s][info ][safepoint     ] Total time for which application threads were stopped: 0.0002912 seconds, Stopping threads took: 0.0000523 seconds
[2023-11-16T06:24:12.787+0000][2993.230s][debug][safepoint     ] Safepoint synchronization initiated. (170 threads)
[2023-11-16T06:24:12.787+0000][2993.230s][info ][safepoint     ] Application time: 1.0001318 seconds
[2023-11-16T06:24:12.787+0000][2993.230s][info ][safepoint     ] Entering safepoint region: Cleanup
[2023-11-16T06:24:12.787+0000][2993.230s][info ][safepoint     ] Leaving safepoint region
[2023-11-16T06:24:12.787+0000][2993.230s][info ][safepoint     ] Total time for which application threads were stopped: 0.0003278 seconds, Stopping threads took: 0.0000422 seconds
[2023-11-16T06:24:13.787+0000][2994.231s][debug][safepoint     ] Safepoint synchronization initiated. (170 threads)
[2023-11-16T06:24:13.787+0000][2994.231s][info ][safepoint     ] Application time: 1.0001135 seconds
[2023-11-16T06:24:13.787+0000][2994.231s][info ][safepoint     ] Entering safepoint region: Cleanup
[2023-11-16T06:24:13.787+0000][2994.231s][info ][safepoint     ] Leaving safepoint region
[2023-11-16T06:24:13.788+0000][2994.231s][info ][safepoint     ] Total time for which application threads were stopped: 0.0002718 seconds, Stopping threads took: 0.0000352 seconds
[2023-11-16T06:24:14.788+0000][2995.231s][debug][safepoint     ] Safepoint synchronization initiated. (170 threads)
[2023-11-16T06:24:14.788+0000][2995.231s][info ][safepoint     ] Application time: 1.0001590 seconds
[2023-11-16T06:24:14.788+0000][2995.231s][info ][safepoint     ] Entering safepoint region: Cleanup
[2023-11-16T06:24:14.788+0000][2995.231s][info ][safepoint     ] Leaving safepoint region
[2023-11-16T06:24:14.788+0000][2995.231s][info ][safepoint     ] Total time for which application threads were stopped: 0.0002888 seconds, Stopping threads took: 0.0000538 seconds
[2023-11-16T06:24:15.788+0000][2996.231s][debug][safepoint     ] Safepoint synchronization initiated. (170 threads)
[2023-11-16T06:24:15.788+0000][2996.231s][info ][safepoint     ] Application time: 1.0001627 seconds
[2023-11-16T06:24:15.788+0000][2996.232s][info ][safepoint     ] Entering safepoint region: Cleanup
[2023-11-16T06:24:15.788+0000][2996.232s][info ][safepoint     ] Leaving safepoint region
[2023-11-16T06:24:15.788+0000][2996.232s][info ][safepoint     ] Total time for which application threads were stopped: 0.0002088 seconds, Stopping threads took: 0.0000459 seconds
[2023-11-16T06:24:16.788+0000][2997.232s][debug][safepoint     ] Safepoint synchronization initiated. (170 threads)
[2023-11-16T06:24:16.789+0000][2997.232s][info ][safepoint     ] Application time: 1.0001198 seconds
[2023-11-16T06:24:16.789+0000][2997.232s][info ][safepoint     ] Entering safepoint region: Cleanup
[2023-11-16T06:24:16.789+0000][2997.232s][info ][safepoint     ] Leaving safepoint region
[2023-11-16T06:24:16.789+0000][2997.232s][info ][safepoint     ] Total time for which application threads were stopped: 0.0001872 seconds, Stopping threads took: 0.0000365 seconds
[2023-11-16T06:24:17.789+0000][2998.232s][debug][safepoint     ] Safepoint synchronization initiated. (170 threads)
[2023-11-16T06:24:17.789+0000][2998.232s][info ][safepoint     ] Application time: 1.0001213 seconds
[2023-11-16T06:24:17.789+0000][2998.232s][info ][safepoint     ] Entering safepoint region: Cleanup
[2023-11-16T06:24:17.789+0000][2998.232s][info ][safepoint     ] Leaving safepoint region
[2023-11-16T06:24:17.789+0000][2998.232s][info ][safepoint     ] Total time for which application threads were stopped: 0.0001877 seconds, Stopping threads took: 0.0000371 seconds
[2023-11-16T06:24:18.789+0000][2999.232s][debug][safepoint     ] Safepoint synchronization initiated. (170 threads)
[2023-11-16T06:24:18.789+0000][2999.233s][info ][safepoint     ] Application time: 1.0001474 seconds
[2023-11-16T06:24:18.789+0000][2999.233s][info ][safepoint     ] Entering safepoint region: Cleanup
[2023-11-16T06:24:18.789+0000][2999.233s][info ][safepoint     ] Leaving safepoint region
[2023-11-16T06:24:18.789+0000][2999.233s][info ][safepoint     ] Total time for which application threads were stopped: 0.0002421 seconds, Stopping threads took: 0.0000504 seconds
[2023-11-16T06:24:19.790+0000][3000.233s][debug][safepoint     ] Safepoint synchronization initiated. (170 threads)
[2023-11-16T06:24:19.790+0000][3000.233s][info ][safepoint     ] Application time: 1.0001403 seconds
[2023-11-16T06:24:19.790+0000][3000.233s][info ][safepoint     ] Entering safepoint region: Cleanup
[2023-11-16T06:24:19.790+0000][3000.233s][info ][safepoint     ] Leaving safepoint region
[2023-11-16T06:24:19.790+0000][3000.233s][info ][safepoint     ] Total time for which application threads were stopped: 0.0002848 seconds, Stopping threads took: 0.0000528 seconds
[2023-11-16T06:24:20.790+0000][3001.233s][debug][safepoint     ] Safepoint synchronization initiated. (170 threads)
[2023-11-16T06:24:20.790+0000][3001.233s][info ][safepoint     ] Application time: 1.0001353 seconds
[2023-11-16T06:24:20.790+0000][3001.233s][info ][safepoint     ] Entering safepoint region: Cleanup
[2023-11-16T06:24:20.790+0000][3001.234s][info ][safepoint     ] Leaving safepoint region
[2023-11-16T06:24:20.790+0000][3001.234s][info ][safepoint     ] Total time for which application threads were stopped: 0.0002487 seconds, Stopping threads took: 0.0000340 seconds
[2023-11-16T06:24:21.790+0000][3002.234s][debug][safepoint     ] Safepoint synchronization initiated. (170 threads)
[2023-11-16T06:24:21.791+0000][3002.234s][info ][safepoint     ] Application time: 1.0001751 seconds
[2023-11-16T06:24:21.791+0000][3002.234s][info ][safepoint     ] Entering safepoint region: Cleanup
[2023-11-16T06:24:21.791+0000][3002.234s][info ][safepoint     ] Leaving safepoint region
[2023-11-16T06:24:21.791+0000][3002.234s][info ][safepoint     ] Total time for which application threads were stopped: 0.0002509 seconds, Stopping threads took: 0.0000511 seconds
[2023-11-16T06:24:22.791+0000][3003.234s][debug][safepoint     ] Safepoint synchronization initiated. (170 threads)
[2023-11-16T06:24:22.791+0000][3003.234s][info ][safepoint     ] Application time: 1.0001584 seconds
[2023-11-16T06:24:22.791+0000][3003.234s][info ][safepoint     ] Entering safepoint region: Cleanup
[2023-11-16T06:24:22.791+0000][3003.235s][info ][safepoint     ] Leaving safepoint region
[2023-11-16T06:24:22.791+0000][3003.235s][info ][safepoint     ] Total time for which application threads were stopped: 0.0002578 seconds, Stopping threads took: 0.0000511 seconds
[2023-11-16T06:24:23.791+0000][3004.235s][debug][safepoint     ] Safepoint synchronization initiated. (170 threads)
[2023-11-16T06:24:23.791+0000][3004.235s][info ][safepoint     ] Application time: 1.0001603 seconds
[2023-11-16T06:24:23.791+0000][3004.235s][info ][safepoint     ] Entering safepoint region: Cleanup
[2023-11-16T06:24:23.792+0000][3004.235s][info ][safepoint     ] Leaving safepoint region
[2023-11-16T06:24:23.792+0000][3004.235s][info ][safepoint     ] Total time for which application threads were stopped: 0.0003024 seconds, Stopping threads took: 0.0000775 seconds
[2023-11-16T06:24:24.792+0000][3005.235s][debug][safepoint     ] Safepoint synchronization initiated. (170 threads)
[2023-11-16T06:24:24.792+0000][3005.235s][info ][safepoint     ] Application time: 1.0001364 seconds
[2023-11-16T06:24:24.792+0000][3005.235s][info ][safepoint     ] Entering safepoint region: Cleanup
[2023-11-16T06:24:24.792+0000][3005.235s][info ][safepoint     ] Leaving safepoint region
[2023-11-16T06:24:24.792+0000][3005.235s][info ][safepoint     ] Total time for which application threads were stopped: 0.0002593 seconds, Stopping threads took: 0.0000517 seconds
[2023-11-16T06:24:25.792+0000][3006.236s][debug][safepoint     ] Safepoint synchronization initiated. (170 threads)
[2023-11-16T06:24:25.792+0000][3006.236s][info ][safepoint     ] Application time: 1.0001522 seconds
[2023-11-16T06:24:25.792+0000][3006.236s][info ][safepoint     ] Entering safepoint region: Cleanup
[2023-11-16T06:24:25.793+0000][3006.236s][info ][safepoint     ] Leaving safepoint region
[2023-11-16T06:24:25.793+0000][3006.236s][info ][safepoint     ] Total time for which application threads were stopped: 0.0003463 seconds, Stopping threads took: 0.0000500 seconds
[2023-11-16T06:24:26.793+0000][3007.236s][debug][safepoint     ] Safepoint synchronization initiated. (170 threads)
[2023-11-16T06:24:26.793+0000][3007.236s][info ][safepoint     ] Application time: 1.0001392 seconds
[2023-11-16T06:24:26.793+0000][3007.236s][info ][safepoint     ] Entering safepoint region: Cleanup
[2023-11-16T06:24:26.793+0000][3007.236s][info ][safepoint     ] Leaving safepoint region
[2023-11-16T06:24:26.793+0000][3007.236s][info ][safepoint     ] Total time for which application threads were stopped: 0.0002746 seconds, Stopping threads took: 0.0000514 seconds
[2023-11-16T06:24:27.793+0000][3008.237s][debug][safepoint     ] Safepoint synchronization initiated. (170 threads)
[2023-11-16T06:24:27.793+0000][3008.237s][info ][safepoint     ] Application time: 1.0001402 seconds
[2023-11-16T06:24:27.793+0000][3008.237s][info ][safepoint     ] Entering safepoint region: Cleanup
[2023-11-16T06:24:27.794+0000][3008.237s][info ][safepoint     ] Leaving safepoint region
[2023-11-16T06:24:27.794+0000][3008.237s][info ][safepoint     ] Total time for which application threads were stopped: 0.0002535 seconds, Stopping threads took: 0.0000499 seconds
[2023-11-16T06:24:28.794+0000][3009.237s][debug][safepoint     ] Safepoint synchronization initiated. (170 threads)
[2023-11-16T06:24:28.794+0000][3009.237s][info ][safepoint     ] Application time: 1.0001619 seconds
[2023-11-16T06:24:28.794+0000][3009.237s][info ][safepoint     ] Entering safepoint region: Cleanup
[2023-11-16T06:24:28.794+0000][3009.237s][info ][safepoint     ] Leaving safepoint region
[2023-11-16T06:24:28.794+0000][3009.237s][info ][safepoint     ] Total time for which application threads were stopped: 0.0003403 seconds, Stopping threads took: 0.0000510 seconds
[2023-11-16T06:24:29.794+0000][3010.238s][debug][safepoint     ] Safepoint synchronization initiated. (170 threads)
[2023-11-16T06:24:29.794+0000][3010.238s][info ][safepoint     ] Application time: 1.0001522 seconds
[2023-11-16T06:24:29.794+0000][3010.238s][info ][safepoint     ] Entering safepoint region: Cleanup
[2023-11-16T06:24:29.795+0000][3010.238s][info ][safepoint     ] Leaving safepoint region
[2023-11-16T06:24:29.795+0000][3010.238s][info ][safepoint     ] Total time for which application threads were stopped: 0.0003416 seconds, Stopping threads took: 0.0000501 seconds
[2023-11-16T06:24:30.795+0000][3011.238s][debug][safepoint     ] Safepoint synchronization initiated. (170 threads)
[2023-11-16T06:24:30.795+0000][3011.238s][info ][safepoint     ] Application time: 1.0001585 seconds
[2023-11-16T06:24:30.795+0000][3011.238s][info ][safepoint     ] Entering safepoint region: Cleanup
[2023-11-16T06:24:30.795+0000][3011.238s][info ][safepoint     ] Leaving safepoint region
[2023-11-16T06:24:30.795+0000][3011.238s][info ][safepoint     ] Total time for which application threads were stopped: 0.0003374 seconds, Stopping threads took: 0.0000501 seconds
[2023-11-16T06:24:31.795+0000][3012.239s][debug][safepoint     ] Safepoint synchronization initiated. (170 threads)
[2023-11-16T06:24:31.795+0000][3012.239s][info ][safepoint     ] Application time: 1.0001439 seconds
[2023-11-16T06:24:31.795+0000][3012.239s][info ][safepoint     ] Entering safepoint region: Cleanup
[2023-11-16T06:24:31.796+0000][3012.239s][info ][safepoint     ] Leaving safepoint region
[2023-11-16T06:24:31.796+0000][3012.239s][info ][safepoint     ] Total time for which application threads were stopped: 0.0002862 seconds, Stopping threads took: 0.0000511 seconds
[2023-11-16T06:24:32.796+0000][3013.239s][debug][safepoint     ] Safepoint synchronization initiated. (170 threads)
[2023-11-16T06:24:32.796+0000][3013.239s][info ][safepoint     ] Application time: 1.0001326 seconds
[2023-11-16T06:24:32.796+0000][3013.239s][info ][safepoint     ] Entering safepoint region: Cleanup
[2023-11-16T06:24:32.796+0000][3013.239s][info ][safepoint     ] Leaving safepoint region
[2023-11-16T06:24:32.796+0000][3013.239s][info ][safepoint     ] Total time for which application threads were stopped: 0.0002282 seconds, Stopping threads took: 0.0000551 seconds
[2023-11-16T06:24:33.796+0000][3014.239s][debug][safepoint     ] Safepoint synchronization initiated. (170 threads)
[2023-11-16T06:24:33.796+0000][3014.239s][info ][safepoint     ] Application time: 1.0001260 seconds
[2023-11-16T06:24:33.796+0000][3014.240s][info ][safepoint     ] Entering safepoint region: Cleanup
[2023-11-16T06:24:33.796+0000][3014.240s][info ][safepoint     ] Leaving safepoint region
[2023-11-16T06:24:33.796+0000][3014.240s][info ][safepoint     ] Total time for which application threads were stopped: 0.0002605 seconds, Stopping threads took: 0.0000474 seconds
[2023-11-16T06:24:34.797+0000][3015.240s][debug][safepoint     ] Safepoint synchronization initiated. (170 threads)
[2023-11-16T06:24:34.797+0000][3015.240s][info ][safepoint     ] Application time: 1.0001458 seconds
[2023-11-16T06:24:34.797+0000][3015.240s][info ][safepoint     ] Entering safepoint region: Cleanup
[2023-11-16T06:24:34.797+0000][3015.240s][info ][safepoint     ] Leaving safepoint region
[2023-11-16T06:24:34.797+0000][3015.240s][info ][safepoint     ] Total time for which application threads were stopped: 0.0003324 seconds, Stopping threads took: 0.0000506 seconds
[2023-11-16T06:24:35.797+0000][3016.240s][debug][safepoint     ] Safepoint synchronization initiated. (170 threads)
[2023-11-16T06:24:35.797+0000][3016.240s][info ][safepoint     ] Application time: 1.0001601 seconds
[2023-11-16T06:24:35.797+0000][3016.240s][info ][safepoint     ] Entering safepoint region: Cleanup
[2023-11-16T06:24:35.797+0000][3016.241s][info ][safepoint     ] Leaving safepoint region
[2023-11-16T06:24:35.797+0000][3016.241s][info ][safepoint     ] Total time for which application threads were stopped: 0.0003353 seconds, Stopping threads took: 0.0000504 seconds
[2023-11-16T06:24:36.798+0000][3017.241s][debug][safepoint     ] Safepoint synchronization initiated. (170 threads)
[2023-11-16T06:24:36.798+0000][3017.241s][info ][safepoint     ] Application time: 1.0001458 seconds
[2023-11-16T06:24:36.798+0000][3017.241s][info ][safepoint     ] Entering safepoint region: Cleanup
[2023-11-16T06:24:36.798+0000][3017.241s][info ][safepoint     ] Leaving safepoint region
[2023-11-16T06:24:36.798+0000][3017.241s][info ][safepoint     ] Total time for which application threads were stopped: 0.0002641 seconds, Stopping threads took: 0.0000528 seconds
[2023-11-16T06:24:37.798+0000][3018.241s][debug][safepoint     ] Safepoint synchronization initiated. (170 threads)
[2023-11-16T06:24:37.798+0000][3018.241s][info ][safepoint     ] Application time: 1.0001127 seconds
[2023-11-16T06:24:37.798+0000][3018.241s][info ][safepoint     ] Entering safepoint region: Cleanup
[2023-11-16T06:24:37.798+0000][3018.242s][info ][safepoint     ] Leaving safepoint region
[2023-11-16T06:24:37.798+0000][3018.242s][info ][safepoint     ] Total time for which application threads were stopped: 0.0001908 seconds, Stopping threads took: 0.0000374 seconds
[2023-11-16T06:24:38.798+0000][3019.242s][debug][safepoint     ] Safepoint synchronization initiated. (170 threads)
[2023-11-16T06:24:38.798+0000][3019.242s][info ][safepoint     ] Application time: 1.0001189 seconds
[2023-11-16T06:24:38.798+0000][3019.242s][info ][safepoint     ] Entering safepoint region: Cleanup
[2023-11-16T06:24:38.799+0000][3019.242s][info ][safepoint     ] Leaving safepoint region
[2023-11-16T06:24:38.799+0000][3019.242s][info ][safepoint     ] Total time for which application threads were stopped: 0.0001808 seconds, Stopping threads took: 0.0000393 seconds
[2023-11-16T06:24:39.799+0000][3020.242s][debug][safepoint     ] Safepoint synchronization initiated. (170 threads)
[2023-11-16T06:24:39.799+0000][3020.242s][info ][safepoint     ] Application time: 1.0001101 seconds
[2023-11-16T06:24:39.799+0000][3020.242s][info ][safepoint     ] Entering safepoint region: Cleanup
[2023-11-16T06:24:39.799+0000][3020.242s][info ][safepoint     ] Leaving safepoint region
[2023-11-16T06:24:39.799+0000][3020.242s][info ][safepoint     ] Total time for which application threads were stopped: 0.0001969 seconds, Stopping threads took: 0.0000381 seconds
[2023-11-16T06:24:40.799+0000][3021.242s][debug][safepoint     ] Safepoint synchronization initiated. (170 threads)
[2023-11-16T06:24:40.799+0000][3021.242s][info ][safepoint     ] Application time: 1.0001236 seconds
[2023-11-16T06:24:40.799+0000][3021.242s][info ][safepoint     ] Entering safepoint region: Cleanup
[2023-11-16T06:24:40.799+0000][3021.243s][info ][safepoint     ] Leaving safepoint region
[2023-11-16T06:24:40.799+0000][3021.243s][info ][safepoint     ] Total time for which application threads were stopped: 0.0001936 seconds, Stopping threads took: 0.0000469 seconds
[2023-11-16T06:24:41.799+0000][3022.243s][debug][safepoint     ] Safepoint synchronization initiated. (170 threads)
[2023-11-16T06:24:41.799+0000][3022.243s][info ][safepoint     ] Application time: 1.0001132 seconds
[2023-11-16T06:24:41.799+0000][3022.243s][info ][safepoint     ] Entering safepoint region: Cleanup
[2023-11-16T06:24:41.800+0000][3022.243s][info ][safepoint     ] Leaving safepoint region
[2023-11-16T06:24:41.800+0000][3022.243s][info ][safepoint     ] Total time for which application threads were stopped: 0.0002297 seconds, Stopping threads took: 0.0000384 seconds
[2023-11-16T06:24:42.800+0000][3023.243s][debug][safepoint     ] Safepoint synchronization initiated. (170 threads)
[2023-11-16T06:24:42.800+0000][3023.243s][info ][safepoint     ] Application time: 1.0001369 seconds
[2023-11-16T06:24:42.800+0000][3023.243s][info ][safepoint     ] Entering safepoint region: Cleanup
[2023-11-16T06:24:42.800+0000][3023.243s][info ][safepoint     ] Leaving safepoint region
[2023-11-16T06:24:42.800+0000][3023.243s][info ][safepoint     ] Total time for which application threads were stopped: 0.0001859 seconds, Stopping threads took: 0.0000383 seconds
[2023-11-16T06:24:43.800+0000][3024.243s][debug][safepoint     ] Safepoint synchronization initiated. (170 threads)
[2023-11-16T06:24:43.800+0000][3024.243s][info ][safepoint     ] Application time: 1.0001472 seconds
[2023-11-16T06:24:43.800+0000][3024.243s][info ][safepoint     ] Entering safepoint region: Cleanup
[2023-11-16T06:24:43.800+0000][3024.244s][info ][safepoint     ] Leaving safepoint region
[2023-11-16T06:24:43.800+0000][3024.244s][info ][safepoint     ] Total time for which application threads were stopped: 0.0002532 seconds, Stopping threads took: 0.0000478 seconds
[2023-11-16T06:24:44.801+0000][3025.244s][debug][safepoint     ] Safepoint synchronization initiated. (170 threads)
[2023-11-16T06:24:44.801+0000][3025.244s][info ][safepoint     ] Application time: 1.0001618 seconds
[2023-11-16T06:24:44.801+0000][3025.244s][info ][safepoint     ] Entering safepoint region: Cleanup
[2023-11-16T06:24:44.801+0000][3025.244s][info ][safepoint     ] Leaving safepoint region
[2023-11-16T06:24:44.801+0000][3025.244s][info ][safepoint     ] Total time for which application threads were stopped: 0.0003337 seconds, Stopping threads took: 0.0000494 seconds
[2023-11-16T06:24:45.801+0000][3026.244s][debug][safepoint     ] Safepoint synchronization initiated. (170 threads)
[2023-11-16T06:24:45.801+0000][3026.244s][info ][safepoint     ] Application time: 1.0001477 seconds
[2023-11-16T06:24:45.801+0000][3026.244s][info ][safepoint     ] Entering safepoint region: Cleanup
[2023-11-16T06:24:45.801+0000][3026.245s][info ][safepoint     ] Leaving safepoint region
[2023-11-16T06:24:45.801+0000][3026.245s][info ][safepoint     ] Total time for which application threads were stopped: 0.0003335 seconds, Stopping threads took: 0.0000494 seconds
[2023-11-16T06:24:46.802+0000][3027.245s][debug][safepoint     ] Safepoint synchronization initiated. (170 threads)
[2023-11-16T06:24:46.802+0000][3027.245s][info ][safepoint     ] Application time: 1.0001286 seconds
[2023-11-16T06:24:46.802+0000][3027.245s][info ][safepoint     ] Entering safepoint region: Cleanup
[2023-11-16T06:24:46.802+0000][3027.245s][info ][safepoint     ] Leaving safepoint region
[2023-11-16T06:24:46.802+0000][3027.245s][info ][safepoint     ] Total time for which application threads were stopped: 0.0003079 seconds, Stopping threads took: 0.0000405 seconds
[2023-11-16T06:24:47.802+0000][3028.245s][debug][safepoint     ] Safepoint synchronization initiated. (170 threads)
[2023-11-16T06:24:47.802+0000][3028.245s][info ][safepoint     ] Application time: 1.0001130 seconds
[2023-11-16T06:24:47.802+0000][3028.245s][info ][safepoint     ] Entering safepoint region: Cleanup
[2023-11-16T06:24:47.802+0000][3028.246s][info ][safepoint     ] Leaving safepoint region
[2023-11-16T06:24:47.802+0000][3028.246s][info ][safepoint     ] Total time for which application threads were stopped: 0.0001898 seconds, Stopping threads took: 0.0000411 seconds
[2023-11-16T06:24:48.802+0000][3029.246s][debug][safepoint     ] Safepoint synchronization initiated. (170 threads)
[2023-11-16T06:24:48.802+0000][3029.246s][info ][safepoint     ] Application time: 1.0001402 seconds
[2023-11-16T06:24:48.802+0000][3029.246s][info ][safepoint     ] Entering safepoint region: Cleanup
[2023-11-16T06:24:48.803+0000][3029.246s][info ][safepoint     ] Leaving safepoint region
[2023-11-16T06:24:48.803+0000][3029.246s][info ][safepoint     ] Total time for which application threads were stopped: 0.0001828 seconds, Stopping threads took: 0.0000394 seconds
[2023-11-16T06:24:49.803+0000][3030.246s][debug][safepoint     ] Safepoint synchronization initiated. (170 threads)
[2023-11-16T06:24:49.803+0000][3030.246s][info ][safepoint     ] Application time: 1.0001415 seconds
[2023-11-16T06:24:49.803+0000][3030.246s][info ][safepoint     ] Entering safepoint region: Cleanup
[2023-11-16T06:24:49.803+0000][3030.246s][info ][safepoint     ] Leaving safepoint region
[2023-11-16T06:24:49.803+0000][3030.246s][info ][safepoint     ] Total time for which application threads were stopped: 0.0002187 seconds, Stopping threads took: 0.0000393 seconds
[2023-11-16T06:24:50.803+0000][3031.246s][debug][safepoint     ] Safepoint synchronization initiated. (170 threads)
[2023-11-16T06:24:50.803+0000][3031.246s][info ][safepoint     ] Application time: 1.0001322 seconds
[2023-11-16T06:24:50.803+0000][3031.246s][info ][safepoint     ] Entering safepoint region: Cleanup
[2023-11-16T06:24:50.803+0000][3031.247s][info ][safepoint     ] Leaving safepoint region
[2023-11-16T06:24:50.803+0000][3031.247s][info ][safepoint     ] Total time for which application threads were stopped: 0.0001751 seconds, Stopping threads took: 0.0000360 seconds
[2023-11-16T06:24:51.803+0000][3032.247s][debug][safepoint     ] Safepoint synchronization initiated. (170 threads)
[2023-11-16T06:24:51.803+0000][3032.247s][info ][safepoint     ] Application time: 1.0001821 seconds
[2023-11-16T06:24:51.804+0000][3032.247s][info ][safepoint     ] Entering safepoint region: Cleanup
[2023-11-16T06:24:51.804+0000][3032.247s][info ][safepoint     ] Leaving safepoint region
[2023-11-16T06:24:51.804+0000][3032.247s][info ][safepoint     ] Total time for which application threads were stopped: 0.0003372 seconds, Stopping threads took: 0.0000508 seconds
[2023-11-16T06:24:52.804+0000][3033.247s][debug][safepoint     ] Safepoint synchronization initiated. (170 threads)
[2023-11-16T06:24:52.804+0000][3033.247s][info ][safepoint     ] Application time: 1.0001507 seconds
[2023-11-16T06:24:52.804+0000][3033.247s][info ][safepoint     ] Entering safepoint region: Cleanup
[2023-11-16T06:24:52.804+0000][3033.248s][info ][safepoint     ] Leaving safepoint region
[2023-11-16T06:24:52.804+0000][3033.248s][info ][safepoint     ] Total time for which application threads were stopped: 0.0002146 seconds, Stopping threads took: 0.0000514 seconds
[2023-11-16T06:24:53.804+0000][3034.248s][debug][safepoint     ] Safepoint synchronization initiated. (170 threads)
[2023-11-16T06:24:53.804+0000][3034.248s][info ][safepoint     ] Application time: 1.0001477 seconds
[2023-11-16T06:24:53.804+0000][3034.248s][info ][safepoint     ] Entering safepoint region: Cleanup
[2023-11-16T06:24:53.805+0000][3034.248s][info ][safepoint     ] Leaving safepoint region
[2023-11-16T06:24:53.805+0000][3034.248s][info ][safepoint     ] Total time for which application threads were stopped: 0.0002409 seconds, Stopping threads took: 0.0000491 seconds
[2023-11-16T06:24:54.805+0000][3035.248s][debug][safepoint     ] Safepoint synchronization initiated. (170 threads)
[2023-11-16T06:24:54.805+0000][3035.248s][info ][safepoint     ] Application time: 1.0001616 seconds
[2023-11-16T06:24:54.805+0000][3035.248s][info ][safepoint     ] Entering safepoint region: Cleanup
[2023-11-16T06:24:54.805+0000][3035.248s][info ][safepoint     ] Leaving safepoint region
[2023-11-16T06:24:54.805+0000][3035.248s][info ][safepoint     ] Total time for which application threads were stopped: 0.0002574 seconds, Stopping threads took: 0.0000494 seconds
[2023-11-16T06:24:55.805+0000][3036.249s][debug][safepoint     ] Safepoint synchronization initiated. (170 threads)
[2023-11-16T06:24:55.805+0000][3036.249s][info ][safepoint     ] Application time: 1.0001633 seconds
[2023-11-16T06:24:55.805+0000][3036.249s][info ][safepoint     ] Entering safepoint region: Cleanup
[2023-11-16T06:24:55.806+0000][3036.249s][info ][safepoint     ] Leaving safepoint region
[2023-11-16T06:24:55.806+0000][3036.249s][info ][safepoint     ] Total time for which application threads were stopped: 0.0002604 seconds, Stopping threads took: 0.0000507 seconds
[2023-11-16T06:24:56.806+0000][3037.249s][debug][safepoint     ] Safepoint synchronization initiated. (170 threads)
[2023-11-16T06:24:56.806+0000][3037.249s][info ][safepoint     ] Application time: 1.0001617 seconds
[2023-11-16T06:24:56.806+0000][3037.249s][info ][safepoint     ] Entering safepoint region: Cleanup
[2023-11-16T06:24:56.806+0000][3037.249s][info ][safepoint     ] Leaving safepoint region
[2023-11-16T06:24:56.806+0000][3037.249s][info ][safepoint     ] Total time for which application threads were stopped: 0.0003424 seconds, Stopping threads took: 0.0000464 seconds
[2023-11-16T06:24:57.806+0000][3038.250s][debug][safepoint     ] Safepoint synchronization initiated. (170 threads)
[2023-11-16T06:24:57.806+0000][3038.250s][info ][safepoint     ] Application time: 1.0001388 seconds
[2023-11-16T06:24:57.806+0000][3038.250s][info ][safepoint     ] Entering safepoint region: Cleanup
[2023-11-16T06:24:57.806+0000][3038.250s][info ][safepoint     ] Leaving safepoint region
[2023-11-16T06:24:57.807+0000][3038.250s][info ][safepoint     ] Total time for which application threads were stopped: 0.0001971 seconds, Stopping threads took: 0.0000427 seconds
[2023-11-16T06:24:58.807+0000][3039.250s][debug][safepoint     ] Safepoint synchronization initiated. (170 threads)
[2023-11-16T06:24:58.807+0000][3039.250s][info ][safepoint     ] Application time: 1.0001205 seconds
[2023-11-16T06:24:58.807+0000][3039.250s][info ][safepoint     ] Entering safepoint region: Cleanup
[2023-11-16T06:24:58.807+0000][3039.250s][info ][safepoint     ] Leaving safepoint region
[2023-11-16T06:24:58.807+0000][3039.250s][info ][safepoint     ] Total time for which application threads were stopped: 0.0001918 seconds, Stopping threads took: 0.0000375 seconds
[2023-11-16T06:25:02.807+0000][3043.251s][debug][safepoint     ] Safepoint synchronization initiated. (169 threads)
[2023-11-16T06:25:02.807+0000][3043.251s][info ][safepoint     ] Application time: 4.0004054 seconds
[2023-11-16T06:25:02.807+0000][3043.251s][info ][safepoint     ] Entering safepoint region: Cleanup
[2023-11-16T06:25:02.807+0000][3043.251s][info ][safepoint     ] Leaving safepoint region
[2023-11-16T06:25:02.807+0000][3043.251s][info ][safepoint     ] Total time for which application threads were stopped: 0.0002298 seconds, Stopping threads took: 0.0000373 seconds
[2023-11-16T06:25:11.808+0000][3052.251s][debug][safepoint     ] Safepoint synchronization initiated. (169 threads)
[2023-11-16T06:25:11.808+0000][3052.252s][info ][safepoint     ] Application time: 9.0006972 seconds
[2023-11-16T06:25:11.808+0000][3052.252s][info ][safepoint     ] Entering safepoint region: Cleanup
[2023-11-16T06:25:11.808+0000][3052.252s][info ][safepoint     ] Leaving safepoint region
[2023-11-16T06:25:11.808+0000][3052.252s][info ][safepoint     ] Total time for which application threads were stopped: 0.0002563 seconds, Stopping threads took: 0.0000521 seconds
[2023-11-16T06:25:49.812+0000][3090.255s][debug][safepoint     ] Safepoint synchronization initiated. (169 threads)
[2023-11-16T06:25:49.812+0000][3090.255s][info ][safepoint     ] Application time: 38.0032102 seconds
[2023-11-16T06:25:49.812+0000][3090.255s][info ][safepoint     ] Entering safepoint region: Cleanup
[2023-11-16T06:25:49.812+0000][3090.255s][info ][safepoint     ] Leaving safepoint region
[2023-11-16T06:25:49.812+0000][3090.255s][info ][safepoint     ] Total time for which application threads were stopped: 0.0003489 seconds, Stopping threads took: 0.0000543 seconds
[2023-11-16T06:26:31.816+0000][3132.259s][debug][safepoint     ] Safepoint synchronization initiated. (169 threads)
[2023-11-16T06:26:31.816+0000][3132.259s][info ][safepoint     ] Application time: 42.0035490 seconds
[2023-11-16T06:26:31.816+0000][3132.259s][info ][safepoint     ] Entering safepoint region: Cleanup
[2023-11-16T06:26:31.816+0000][3132.259s][info ][safepoint     ] Leaving safepoint region
[2023-11-16T06:26:31.816+0000][3132.259s][info ][safepoint     ] Total time for which application threads were stopped: 0.0002619 seconds, Stopping threads took: 0.0000519 seconds
[2023-11-16T06:26:50.818+0000][3151.261s][debug][safepoint     ] Safepoint synchronization initiated. (169 threads)
[2023-11-16T06:26:50.818+0000][3151.261s][info ][safepoint     ] Application time: 19.0016721 seconds
[2023-11-16T06:26:50.818+0000][3151.261s][info ][safepoint     ] Entering safepoint region: Cleanup
[2023-11-16T06:26:50.818+0000][3151.261s][info ][safepoint     ] Leaving safepoint region
[2023-11-16T06:26:50.818+0000][3151.261s][info ][safepoint     ] Total time for which application threads were stopped: 0.0002686 seconds, Stopping threads took: 0.0000494 seconds
[2023-11-16T06:27:02.819+0000][3163.262s][debug][safepoint     ] Safepoint synchronization initiated. (169 threads)
[2023-11-16T06:27:02.819+0000][3163.262s][info ][safepoint     ] Application time: 12.0011824 seconds
[2023-11-16T06:27:02.819+0000][3163.262s][info ][safepoint     ] Entering safepoint region: Cleanup
[2023-11-16T06:27:02.819+0000][3163.263s][info ][safepoint     ] Leaving safepoint region
[2023-11-16T06:27:02.819+0000][3163.263s][info ][safepoint     ] Total time for which application threads were stopped: 0.0002489 seconds, Stopping threads took: 0.0000503 seconds
[2023-11-16T06:27:51.824+0000][3212.267s][debug][safepoint     ] Safepoint synchronization initiated. (169 threads)
[2023-11-16T06:27:51.824+0000][3212.267s][info ][safepoint     ] Application time: 49.0043401 seconds
[2023-11-16T06:27:51.824+0000][3212.267s][info ][safepoint     ] Entering safepoint region: Cleanup
[2023-11-16T06:27:51.824+0000][3212.267s][info ][safepoint     ] Leaving safepoint region
[2023-11-16T06:27:51.824+0000][3212.267s][info ][safepoint     ] Total time for which application threads were stopped: 0.0003442 seconds, Stopping threads took: 0.0000511 seconds
[2023-11-16T06:27:53.576+0000][3214.019s][debug][safepoint     ] Safepoint synchronization initiated. (169 threads)
[2023-11-16T06:27:53.576+0000][3214.019s][info ][safepoint     ] Application time: 1.7519569 seconds
[2023-11-16T06:27:53.576+0000][3214.019s][info ][safepoint     ] Entering safepoint region: G1CollectForAllocation
[2023-11-16T06:27:53.577+0000][3214.020s][info ][gc,start      ] GC(43) Pause Young (Normal) (G1 Evacuation Pause)
[2023-11-16T06:27:53.577+0000][3214.020s][info ][gc,task       ] GC(43) Using 4 workers of 4 for evacuation
[2023-11-16T06:27:53.616+0000][3214.060s][info ][gc,phases     ] GC(43)   Pre Evacuate Collection Set: 0.1ms
[2023-11-16T06:27:53.617+0000][3214.060s][info ][gc,phases     ] GC(43)   Evacuate Collection Set: 34.3ms
[2023-11-16T06:27:53.617+0000][3214.060s][info ][gc,phases     ] GC(43)   Post Evacuate Collection Set: 4.9ms
[2023-11-16T06:27:53.617+0000][3214.060s][info ][gc,phases     ] GC(43)   Other: 0.5ms
[2023-11-16T06:27:53.617+0000][3214.060s][info ][gc,heap       ] GC(43) Eden regions: 483->0(483)
[2023-11-16T06:27:53.617+0000][3214.060s][info ][gc,heap       ] GC(43) Survivor regions: 26->26(64)
[2023-11-16T06:27:53.617+0000][3214.060s][info ][gc,heap       ] GC(43) Old regions: 128->128
[2023-11-16T06:27:53.617+0000][3214.060s][info ][gc,heap       ] GC(43) Humongous regions: 0->0
[2023-11-16T06:27:53.617+0000][3214.060s][info ][gc,metaspace  ] GC(43) Metaspace: 164141K(169560K)->164141K(169560K) NonClass: 145173K(148440K)->145173K(148440K) Class: 18968K(21120K)->18968K(21120K)
[2023-11-16T06:27:53.617+0000][3214.060s][info ][gc            ] GC(43) Pause Young (Normal) (G1 Evacuation Pause) 635M->152M(849M) 39.935ms
[2023-11-16T06:27:53.617+0000][3214.060s][info ][gc,cpu        ] GC(43) User=0.15s Sys=0.00s Real=0.04s
[2023-11-16T06:27:53.617+0000][3214.060s][info ][safepoint     ] Leaving safepoint region
[2023-11-16T06:27:53.617+0000][3214.060s][info ][safepoint     ] Total time for which application threads were stopped: 0.0407642 seconds, Stopping threads took: 0.0003945 seconds
[2023-11-16T06:27:53.617+0000][3214.060s][info ][gc,stringdedup] Concurrent String Deduplication (3214.060s)
[2023-11-16T06:27:53.617+0000][3214.061s][info ][gc,stringdedup] Concurrent String Deduplication 51144.0B->1688.0B(49456.0B) avg 53.7% (3214.060s, 3214.061s) 0.399ms
[2023-11-16T06:27:57.617+0000][3218.061s][debug][safepoint     ] Safepoint synchronization initiated. (169 threads)
[2023-11-16T06:27:57.617+0000][3218.061s][info ][safepoint     ] Application time: 4.0004613 seconds
[2023-11-16T06:27:57.617+0000][3218.061s][info ][safepoint     ] Entering safepoint region: Cleanup
[2023-11-16T06:27:57.618+0000][3218.061s][info ][safepoint     ] Leaving safepoint region
[2023-11-16T06:27:57.618+0000][3218.061s][info ][safepoint     ] Total time for which application threads were stopped: 0.0003484 seconds, Stopping threads took: 0.0000515 seconds
[2023-11-16T06:27:59.618+0000][3220.061s][debug][safepoint     ] Safepoint synchronization initiated. (169 threads)
[2023-11-16T06:27:59.618+0000][3220.061s][info ][safepoint     ] Application time: 2.0002924 seconds
[2023-11-16T06:27:59.618+0000][3220.061s][debug][safepoint     ] ... found polling page return exception at pc = 0x00007fde849a5d5f, stub =0x00007fde7c83a800
[2023-11-16T06:27:59.618+0000][3220.061s][debug][safepoint     ] Waiting for 1 thread(s) to block
[2023-11-16T06:27:59.618+0000][3220.061s][info ][safepoint     ] Entering safepoint region: Cleanup
[2023-11-16T06:27:59.618+0000][3220.062s][info ][safepoint     ] Leaving safepoint region
[2023-11-16T06:27:59.618+0000][3220.062s][info ][safepoint     ] Total time for which application threads were stopped: 0.0003589 seconds, Stopping threads took: 0.0001669 seconds
[2023-11-16T06:28:00.618+0000][3221.062s][debug][safepoint     ] Safepoint synchronization initiated. (169 threads)
[2023-11-16T06:28:00.619+0000][3221.062s][info ][safepoint     ] Application time: 1.0001632 seconds
[2023-11-16T06:28:00.619+0000][3221.062s][info ][safepoint     ] Entering safepoint region: Cleanup
[2023-11-16T06:28:00.619+0000][3221.062s][info ][safepoint     ] Leaving safepoint region
[2023-11-16T06:28:00.619+0000][3221.062s][info ][safepoint     ] Total time for which application threads were stopped: 0.0003448 seconds, Stopping threads took: 0.0000512 seconds
[2023-11-16T06:28:01.619+0000][3222.062s][debug][safepoint     ] Safepoint synchronization initiated. (169 threads)
[2023-11-16T06:28:01.619+0000][3222.062s][info ][safepoint     ] Application time: 1.0001872 seconds
[2023-11-16T06:28:01.619+0000][3222.062s][info ][safepoint     ] Entering safepoint region: Cleanup
[2023-11-16T06:28:01.619+0000][3222.063s][info ][safepoint     ] Leaving safepoint region
[2023-11-16T06:28:01.620+0000][3222.063s][info ][safepoint     ] Total time for which application threads were stopped: 0.0003676 seconds, Stopping threads took: 0.0000509 seconds
[2023-11-16T06:28:02.620+0000][3223.063s][debug][safepoint     ] Safepoint synchronization initiated. (169 threads)
[2023-11-16T06:28:02.620+0000][3223.063s][info ][safepoint     ] Application time: 1.0001720 seconds
[2023-11-16T06:28:02.620+0000][3223.063s][info ][safepoint     ] Entering safepoint region: Cleanup
[2023-11-16T06:28:02.620+0000][3223.063s][info ][safepoint     ] Leaving safepoint region
[2023-11-16T06:28:02.620+0000][3223.063s][info ][safepoint     ] Total time for which application threads were stopped: 0.0003381 seconds, Stopping threads took: 0.0000501 seconds
[2023-11-16T06:28:03.620+0000][3224.064s][debug][safepoint     ] Safepoint synchronization initiated. (169 threads)
[2023-11-16T06:28:03.620+0000][3224.064s][info ][safepoint     ] Application time: 1.0001721 seconds
[2023-11-16T06:28:03.620+0000][3224.064s][info ][safepoint     ] Entering safepoint region: Cleanup
[2023-11-16T06:28:03.621+0000][3224.064s][info ][safepoint     ] Leaving safepoint region
[2023-11-16T06:28:03.621+0000][3224.064s][info ][safepoint     ] Total time for which application threads were stopped: 0.0003359 seconds, Stopping threads took: 0.0000496 seconds
[2023-11-16T06:28:04.621+0000][3225.064s][debug][safepoint     ] Safepoint synchronization initiated. (169 threads)
[2023-11-16T06:28:04.621+0000][3225.064s][info ][safepoint     ] Application time: 1.0001692 seconds
[2023-11-16T06:28:04.621+0000][3225.064s][info ][safepoint     ] Entering safepoint region: Cleanup
[2023-11-16T06:28:04.621+0000][3225.064s][info ][safepoint     ] Leaving safepoint region
[2023-11-16T06:28:04.621+0000][3225.064s][info ][safepoint     ] Total time for which application threads were stopped: 0.0003600 seconds, Stopping threads took: 0.0000743 seconds
[2023-11-16T06:28:05.621+0000][3226.065s][debug][safepoint     ] Safepoint synchronization initiated. (169 threads)
[2023-11-16T06:28:05.621+0000][3226.065s][info ][safepoint     ] Application time: 1.0001683 seconds
[2023-11-16T06:28:05.621+0000][3226.065s][info ][safepoint     ] Entering safepoint region: Cleanup
[2023-11-16T06:28:05.622+0000][3226.065s][info ][safepoint     ] Leaving safepoint region
[2023-11-16T06:28:05.622+0000][3226.065s][info ][safepoint     ] Total time for which application threads were stopped: 0.0006756 seconds, Stopping threads took: 0.0003430 seconds
[2023-11-16T06:28:06.622+0000][3227.066s][debug][safepoint     ] Safepoint synchronization initiated. (169 threads)
[2023-11-16T06:28:06.622+0000][3227.066s][info ][safepoint     ] Application time: 1.0001735 seconds
[2023-11-16T06:28:06.622+0000][3227.066s][info ][safepoint     ] Entering safepoint region: Cleanup
[2023-11-16T06:28:06.623+0000][3227.066s][info ][safepoint     ] Leaving safepoint region
[2023-11-16T06:28:06.623+0000][3227.066s][info ][safepoint     ] Total time for which application threads were stopped: 0.0003410 seconds, Stopping threads took: 0.0000503 seconds
[2023-11-16T06:28:07.623+0000][3228.066s][debug][safepoint     ] Safepoint synchronization initiated. (169 threads)
[2023-11-16T06:28:07.623+0000][3228.066s][info ][safepoint     ] Application time: 1.0001797 seconds
[2023-11-16T06:28:07.623+0000][3228.066s][info ][safepoint     ] Entering safepoint region: Cleanup
[2023-11-16T06:28:07.623+0000][3228.066s][info ][safepoint     ] Leaving safepoint region
[2023-11-16T06:28:07.623+0000][3228.066s][info ][safepoint     ] Total time for which application threads were stopped: 0.0003377 seconds, Stopping threads took: 0.0000503 seconds
[2023-11-16T06:28:08.623+0000][3229.067s][debug][safepoint     ] Safepoint synchronization initiated. (169 threads)
[2023-11-16T06:28:08.623+0000][3229.067s][info ][safepoint     ] Application time: 1.0001741 seconds
[2023-11-16T06:28:08.623+0000][3229.067s][info ][safepoint     ] Entering safepoint region: Cleanup
[2023-11-16T06:28:08.624+0000][3229.067s][info ][safepoint     ] Leaving safepoint region
[2023-11-16T06:28:08.624+0000][3229.067s][info ][safepoint     ] Total time for which application threads were stopped: 0.0003367 seconds, Stopping threads took: 0.0000505 seconds
[2023-11-16T06:28:09.624+0000][3230.067s][debug][safepoint     ] Safepoint synchronization initiated. (169 threads)
[2023-11-16T06:28:09.624+0000][3230.067s][info ][safepoint     ] Application time: 1.0001564 seconds
[2023-11-16T06:28:09.624+0000][3230.067s][info ][safepoint     ] Entering safepoint region: Cleanup
[2023-11-16T06:28:09.624+0000][3230.068s][info ][safepoint     ] Leaving safepoint region
[2023-11-16T06:28:09.624+0000][3230.068s][info ][safepoint     ] Total time for which application threads were stopped: 0.0003352 seconds, Stopping threads took: 0.0000497 seconds
[2023-11-16T06:28:10.624+0000][3231.068s][debug][safepoint     ] Safepoint synchronization initiated. (169 threads)
[2023-11-16T06:28:10.624+0000][3231.068s][info ][safepoint     ] Application time: 1.0001587 seconds
[2023-11-16T06:28:10.624+0000][3231.068s][info ][safepoint     ] Entering safepoint region: Cleanup
[2023-11-16T06:28:10.625+0000][3231.068s][info ][safepoint     ] Leaving safepoint region
[2023-11-16T06:28:10.625+0000][3231.068s][info ][safepoint     ] Total time for which application threads were stopped: 0.0003293 seconds, Stopping threads took: 0.0000501 seconds
[2023-11-16T06:28:11.625+0000][3232.068s][debug][safepoint     ] Safepoint synchronization initiated. (169 threads)
[2023-11-16T06:28:11.625+0000][3232.068s][info ][safepoint     ] Application time: 1.0001458 seconds
[2023-11-16T06:28:11.625+0000][3232.068s][info ][safepoint     ] Entering safepoint region: Cleanup
[2023-11-16T06:28:11.625+0000][3232.069s][info ][safepoint     ] Leaving safepoint region
[2023-11-16T06:28:11.625+0000][3232.069s][info ][safepoint     ] Total time for which application threads were stopped: 0.0003689 seconds, Stopping threads took: 0.0000796 seconds
[2023-11-16T06:28:12.625+0000][3233.069s][debug][safepoint     ] Safepoint synchronization initiated. (169 threads)
[2023-11-16T06:28:12.626+0000][3233.069s][info ][safepoint     ] Application time: 1.0001768 seconds
[2023-11-16T06:28:12.626+0000][3233.069s][info ][safepoint     ] Entering safepoint region: Cleanup
[2023-11-16T06:28:12.626+0000][3233.069s][info ][safepoint     ] Leaving safepoint region
[2023-11-16T06:28:12.626+0000][3233.069s][info ][safepoint     ] Total time for which application threads were stopped: 0.0006060 seconds, Stopping threads took: 0.0003296 seconds
[2023-11-16T06:28:13.626+0000][3234.070s][debug][safepoint     ] Safepoint synchronization initiated. (169 threads)
[2023-11-16T06:28:13.626+0000][3234.070s][info ][safepoint     ] Application time: 1.0001829 seconds
[2023-11-16T06:28:13.626+0000][3234.070s][info ][safepoint     ] Entering safepoint region: Cleanup
[2023-11-16T06:28:13.627+0000][3234.070s][info ][safepoint     ] Leaving safepoint region
[2023-11-16T06:28:13.627+0000][3234.070s][info ][safepoint     ] Total time for which application threads were stopped: 0.0003401 seconds, Stopping threads took: 0.0000531 seconds
[2023-11-16T06:28:14.627+0000][3235.070s][debug][safepoint     ] Safepoint synchronization initiated. (169 threads)
[2023-11-16T06:28:14.627+0000][3235.070s][info ][safepoint     ] Application time: 1.0001641 seconds
[2023-11-16T06:28:14.627+0000][3235.070s][info ][safepoint     ] Entering safepoint region: Cleanup
[2023-11-16T06:28:14.627+0000][3235.071s][info ][safepoint     ] Leaving safepoint region
[2023-11-16T06:28:14.627+0000][3235.071s][info ][safepoint     ] Total time for which application threads were stopped: 0.0003421 seconds, Stopping threads took: 0.0000528 seconds
[2023-11-16T06:28:15.627+0000][3236.071s][debug][safepoint     ] Safepoint synchronization initiated. (169 threads)
[2023-11-16T06:28:15.627+0000][3236.071s][info ][safepoint     ] Application time: 1.0001594 seconds
[2023-11-16T06:28:15.627+0000][3236.071s][info ][safepoint     ] Entering safepoint region: Cleanup
[2023-11-16T06:28:15.628+0000][3236.071s][info ][safepoint     ] Leaving safepoint region
[2023-11-16T06:28:15.628+0000][3236.071s][info ][safepoint     ] Total time for which application threads were stopped: 0.0003601 seconds, Stopping threads took: 0.0000723 seconds
[2023-11-16T06:28:16.628+0000][3237.071s][debug][safepoint     ] Safepoint synchronization initiated. (169 threads)
[2023-11-16T06:28:16.628+0000][3237.071s][info ][safepoint     ] Application time: 1.0001541 seconds
[2023-11-16T06:28:16.628+0000][3237.071s][info ][safepoint     ] Entering safepoint region: Cleanup
[2023-11-16T06:28:16.628+0000][3237.072s][info ][safepoint     ] Leaving safepoint region
[2023-11-16T06:28:16.628+0000][3237.072s][info ][safepoint     ] Total time for which application threads were stopped: 0.0003363 seconds, Stopping threads took: 0.0000514 seconds
[2023-11-16T06:28:17.628+0000][3238.072s][debug][safepoint     ] Safepoint synchronization initiated. (169 threads)
[2023-11-16T06:28:17.629+0000][3238.072s][info ][safepoint     ] Application time: 1.0001721 seconds
[2023-11-16T06:28:17.629+0000][3238.072s][info ][safepoint     ] Entering safepoint region: Cleanup
[2023-11-16T06:28:17.629+0000][3238.072s][info ][safepoint     ] Leaving safepoint region
[2023-11-16T06:28:17.629+0000][3238.073s][info ][safepoint     ] Total time for which application threads were stopped: 0.0006547 seconds, Stopping threads took: 0.0003743 seconds
[2023-11-16T06:28:18.629+0000][3239.073s][debug][safepoint     ] Safepoint synchronization initiated. (169 threads)
[2023-11-16T06:28:18.629+0000][3239.073s][info ][safepoint     ] Application time: 1.0001600 seconds
[2023-11-16T06:28:18.629+0000][3239.073s][info ][safepoint     ] Entering safepoint region: Cleanup
[2023-11-16T06:28:18.630+0000][3239.073s][info ][safepoint     ] Leaving safepoint region
[2023-11-16T06:28:18.630+0000][3239.073s][info ][safepoint     ] Total time for which application threads were stopped: 0.0003665 seconds, Stopping threads took: 0.0000756 seconds
[2023-11-16T06:28:19.630+0000][3240.073s][debug][safepoint     ] Safepoint synchronization initiated. (169 threads)
[2023-11-16T06:28:19.630+0000][3240.073s][info ][safepoint     ] Application time: 1.0001805 seconds
[2023-11-16T06:28:19.630+0000][3240.073s][info ][safepoint     ] Entering safepoint region: Cleanup
[2023-11-16T06:28:19.630+0000][3240.074s][info ][safepoint     ] Leaving safepoint region
[2023-11-16T06:28:19.630+0000][3240.074s][info ][safepoint     ] Total time for which application threads were stopped: 0.0003394 seconds, Stopping threads took: 0.0000533 seconds
[2023-11-16T06:28:20.630+0000][3241.074s][debug][safepoint     ] Safepoint synchronization initiated. (169 threads)
[2023-11-16T06:28:20.630+0000][3241.074s][info ][safepoint     ] Application time: 1.0001601 seconds
[2023-11-16T06:28:20.631+0000][3241.074s][info ][safepoint     ] Entering safepoint region: Cleanup
[2023-11-16T06:28:20.631+0000][3241.074s][info ][safepoint     ] Leaving safepoint region
[2023-11-16T06:28:20.631+0000][3241.074s][info ][safepoint     ] Total time for which application threads were stopped: 0.0003373 seconds, Stopping threads took: 0.0000523 seconds
[2023-11-16T06:28:21.631+0000][3242.074s][debug][safepoint     ] Safepoint synchronization initiated. (169 threads)
[2023-11-16T06:28:21.631+0000][3242.074s][info ][safepoint     ] Application time: 1.0001784 seconds
[2023-11-16T06:28:21.631+0000][3242.074s][info ][safepoint     ] Entering safepoint region: Cleanup
[2023-11-16T06:28:21.631+0000][3242.075s][info ][safepoint     ] Leaving safepoint region
[2023-11-16T06:28:21.631+0000][3242.075s][info ][safepoint     ] Total time for which application threads were stopped: 0.0003051 seconds, Stopping threads took: 0.0000525 seconds
[2023-11-16T06:28:22.631+0000][3243.075s][debug][safepoint     ] Safepoint synchronization initiated. (169 threads)
[2023-11-16T06:28:22.632+0000][3243.075s][info ][safepoint     ] Application time: 1.0001687 seconds
[2023-11-16T06:28:22.632+0000][3243.075s][info ][safepoint     ] Entering safepoint region: Cleanup
[2023-11-16T06:28:22.632+0000][3243.076s][info ][safepoint     ] Leaving safepoint region
[2023-11-16T06:28:22.632+0000][3243.076s][info ][safepoint     ] Total time for which application threads were stopped: 0.0006954 seconds, Stopping threads took: 0.0003584 seconds
[2023-11-16T06:28:23.632+0000][3244.076s][debug][safepoint     ] Safepoint synchronization initiated. (169 threads)
[2023-11-16T06:28:23.632+0000][3244.076s][info ][safepoint     ] Application time: 1.0001594 seconds
[2023-11-16T06:28:23.633+0000][3244.076s][info ][safepoint     ] Entering safepoint region: Cleanup
[2023-11-16T06:28:23.633+0000][3244.076s][info ][safepoint     ] Leaving safepoint region
[2023-11-16T06:28:23.633+0000][3244.076s][info ][safepoint     ] Total time for which application threads were stopped: 0.0002622 seconds, Stopping threads took: 0.0000526 seconds
[2023-11-16T06:28:24.633+0000][3245.076s][debug][safepoint     ] Safepoint synchronization initiated. (169 threads)
[2023-11-16T06:28:24.633+0000][3245.076s][info ][safepoint     ] Application time: 1.0001746 seconds
[2023-11-16T06:28:24.633+0000][3245.076s][info ][safepoint     ] Entering safepoint region: Cleanup
[2023-11-16T06:28:24.633+0000][3245.076s][info ][safepoint     ] Leaving safepoint region
[2023-11-16T06:28:24.633+0000][3245.077s][info ][safepoint     ] Total time for which application threads were stopped: 0.0002582 seconds, Stopping threads took: 0.0000527 seconds
[2023-11-16T06:28:25.633+0000][3246.077s][debug][safepoint     ] Safepoint synchronization initiated. (169 threads)
[2023-11-16T06:28:25.633+0000][3246.077s][info ][safepoint     ] Application time: 1.0001664 seconds
[2023-11-16T06:28:25.633+0000][3246.077s][info ][safepoint     ] Entering safepoint region: Cleanup
[2023-11-16T06:28:25.634+0000][3246.077s][info ][safepoint     ] Leaving safepoint region
[2023-11-16T06:28:25.634+0000][3246.077s][info ][safepoint     ] Total time for which application threads were stopped: 0.0002501 seconds, Stopping threads took: 0.0000547 seconds
[2023-11-16T06:28:26.634+0000][3247.077s][debug][safepoint     ] Safepoint synchronization initiated. (169 threads)
[2023-11-16T06:28:26.634+0000][3247.077s][info ][safepoint     ] Application time: 1.0001760 seconds
[2023-11-16T06:28:26.634+0000][3247.077s][info ][safepoint     ] Entering safepoint region: Cleanup
[2023-11-16T06:28:26.634+0000][3247.077s][info ][safepoint     ] Leaving safepoint region
[2023-11-16T06:28:26.634+0000][3247.077s][info ][safepoint     ] Total time for which application threads were stopped: 0.0002721 seconds, Stopping threads took: 0.0000532 seconds
[2023-11-16T06:28:27.634+0000][3248.078s][debug][safepoint     ] Safepoint synchronization initiated. (169 threads)
[2023-11-16T06:28:27.634+0000][3248.078s][info ][safepoint     ] Application time: 1.0001873 seconds
[2023-11-16T06:28:27.634+0000][3248.078s][info ][safepoint     ] Entering safepoint region: Cleanup
[2023-11-16T06:28:27.635+0000][3248.078s][info ][safepoint     ] Leaving safepoint region
[2023-11-16T06:28:27.635+0000][3248.078s][info ][safepoint     ] Total time for which application threads were stopped: 0.0004428 seconds, Stopping threads took: 0.0002196 seconds
[2023-11-16T06:28:28.635+0000][3249.078s][debug][safepoint     ] Safepoint synchronization initiated. (169 threads)
[2023-11-16T06:28:28.635+0000][3249.078s][info ][safepoint     ] Application time: 1.0001691 seconds
[2023-11-16T06:28:28.635+0000][3249.078s][info ][safepoint     ] Entering safepoint region: Cleanup
[2023-11-16T06:28:28.635+0000][3249.079s][info ][safepoint     ] Leaving safepoint region
[2023-11-16T06:28:28.635+0000][3249.079s][info ][safepoint     ] Total time for which application threads were stopped: 0.0002542 seconds, Stopping threads took: 0.0000502 seconds
[2023-11-16T06:28:29.635+0000][3250.079s][debug][safepoint     ] Safepoint synchronization initiated. (169 threads)
[2023-11-16T06:28:29.635+0000][3250.079s][info ][safepoint     ] Application time: 1.0001439 seconds
[2023-11-16T06:28:29.636+0000][3250.079s][info ][safepoint     ] Entering safepoint region: Cleanup
[2023-11-16T06:28:29.636+0000][3250.079s][info ][safepoint     ] Leaving safepoint region
[2023-11-16T06:28:29.636+0000][3250.079s][info ][safepoint     ] Total time for which application threads were stopped: 0.0003441 seconds, Stopping threads took: 0.0000527 seconds
[2023-11-16T06:28:30.636+0000][3251.079s][debug][safepoint     ] Safepoint synchronization initiated. (169 threads)
[2023-11-16T06:28:30.636+0000][3251.079s][info ][safepoint     ] Application time: 1.0001404 seconds
[2023-11-16T06:28:30.636+0000][3251.079s][info ][safepoint     ] Entering safepoint region: Cleanup
[2023-11-16T06:28:30.636+0000][3251.080s][info ][safepoint     ] Leaving safepoint region
[2023-11-16T06:28:30.636+0000][3251.080s][info ][safepoint     ] Total time for which application threads were stopped: 0.0002481 seconds, Stopping threads took: 0.0000504 seconds
[2023-11-16T06:28:31.636+0000][3252.080s][debug][safepoint     ] Safepoint synchronization initiated. (169 threads)
[2023-11-16T06:28:31.636+0000][3252.080s][info ][safepoint     ] Application time: 1.0001608 seconds
[2023-11-16T06:28:31.636+0000][3252.080s][info ][safepoint     ] Entering safepoint region: Cleanup
[2023-11-16T06:28:31.637+0000][3252.080s][info ][safepoint     ] Leaving safepoint region
[2023-11-16T06:28:31.637+0000][3252.080s][info ][safepoint     ] Total time for which application threads were stopped: 0.0003408 seconds, Stopping threads took: 0.0000528 seconds
[2023-11-16T06:28:32.637+0000][3253.080s][debug][safepoint     ] Safepoint synchronization initiated. (169 threads)
[2023-11-16T06:28:32.637+0000][3253.080s][info ][safepoint     ] Application time: 1.0001554 seconds
[2023-11-16T06:28:32.637+0000][3253.081s][info ][safepoint     ] Entering safepoint region: Cleanup
[2023-11-16T06:28:32.638+0000][3253.081s][info ][safepoint     ] Leaving safepoint region
[2023-11-16T06:28:32.638+0000][3253.081s][info ][safepoint     ] Total time for which application threads were stopped: 0.0003290 seconds, Stopping threads took: 0.0000585 seconds
[2023-11-16T06:28:33.638+0000][3254.081s][debug][safepoint     ] Safepoint synchronization initiated. (169 threads)
[2023-11-16T06:28:33.638+0000][3254.081s][info ][safepoint     ] Application time: 1.0001747 seconds
[2023-11-16T06:28:33.638+0000][3254.081s][info ][safepoint     ] Entering safepoint region: Cleanup
[2023-11-16T06:28:33.638+0000][3254.081s][info ][safepoint     ] Leaving safepoint region
[2023-11-16T06:28:33.638+0000][3254.081s][info ][safepoint     ] Total time for which application threads were stopped: 0.0003071 seconds, Stopping threads took: 0.0000503 seconds
[2023-11-16T06:28:34.638+0000][3255.082s][debug][safepoint     ] Safepoint synchronization initiated. (169 threads)
[2023-11-16T06:28:34.638+0000][3255.082s][info ][safepoint     ] Application time: 1.0001463 seconds
[2023-11-16T06:28:34.638+0000][3255.082s][info ][safepoint     ] Entering safepoint region: Cleanup
[2023-11-16T06:28:34.639+0000][3255.082s][info ][safepoint     ] Leaving safepoint region
[2023-11-16T06:28:34.639+0000][3255.082s][info ][safepoint     ] Total time for which application threads were stopped: 0.0003078 seconds, Stopping threads took: 0.0000509 seconds
[2023-11-16T06:28:35.639+0000][3256.082s][debug][safepoint     ] Safepoint synchronization initiated. (169 threads)
[2023-11-16T06:28:35.639+0000][3256.082s][info ][safepoint     ] Application time: 1.0001556 seconds
[2023-11-16T06:28:35.639+0000][3256.082s][info ][safepoint     ] Entering safepoint region: Cleanup
[2023-11-16T06:28:35.639+0000][3256.082s][info ][safepoint     ] Leaving safepoint region
[2023-11-16T06:28:35.639+0000][3256.082s][info ][safepoint     ] Total time for which application threads were stopped: 0.0003473 seconds, Stopping threads took: 0.0000518 seconds
[2023-11-16T06:28:36.639+0000][3257.083s][debug][safepoint     ] Safepoint synchronization initiated. (169 threads)
[2023-11-16T06:28:36.639+0000][3257.083s][info ][safepoint     ] Application time: 1.0001537 seconds
[2023-11-16T06:28:36.639+0000][3257.083s][info ][safepoint     ] Entering safepoint region: Cleanup
[2023-11-16T06:28:36.640+0000][3257.083s][info ][safepoint     ] Leaving safepoint region
[2023-11-16T06:28:36.640+0000][3257.083s][info ][safepoint     ] Total time for which application threads were stopped: 0.0003237 seconds, Stopping threads took: 0.0000511 seconds
[2023-11-16T06:28:37.640+0000][3258.083s][debug][safepoint     ] Safepoint synchronization initiated. (169 threads)
[2023-11-16T06:28:37.640+0000][3258.083s][info ][safepoint     ] Application time: 1.0001701 seconds
[2023-11-16T06:28:37.640+0000][3258.083s][info ][safepoint     ] Entering safepoint region: Cleanup
[2023-11-16T06:28:37.640+0000][3258.084s][info ][safepoint     ] Leaving safepoint region
[2023-11-16T06:28:37.640+0000][3258.084s][info ][safepoint     ] Total time for which application threads were stopped: 0.0004964 seconds, Stopping threads took: 0.0002988 seconds
[2023-11-16T06:28:38.640+0000][3259.084s][debug][safepoint     ] Safepoint synchronization initiated. (169 threads)
[2023-11-16T06:28:38.641+0000][3259.084s][info ][safepoint     ] Application time: 1.0001551 seconds
[2023-11-16T06:28:38.641+0000][3259.084s][info ][safepoint     ] Entering safepoint region: Cleanup
[2023-11-16T06:28:38.641+0000][3259.084s][info ][safepoint     ] Leaving safepoint region
[2023-11-16T06:28:38.641+0000][3259.084s][info ][safepoint     ] Total time for which application threads were stopped: 0.0002573 seconds, Stopping threads took: 0.0000516 seconds
[2023-11-16T06:28:39.641+0000][3260.084s][debug][safepoint     ] Safepoint synchronization initiated. (169 threads)
[2023-11-16T06:28:39.641+0000][3260.084s][info ][safepoint     ] Application time: 1.0001540 seconds
[2023-11-16T06:28:39.641+0000][3260.084s][info ][safepoint     ] Entering safepoint region: Cleanup
[2023-11-16T06:28:39.641+0000][3260.085s][info ][safepoint     ] Leaving safepoint region
[2023-11-16T06:28:39.641+0000][3260.085s][info ][safepoint     ] Total time for which application threads were stopped: 0.0003458 seconds, Stopping threads took: 0.0000529 seconds
[2023-11-16T06:28:40.641+0000][3261.085s][debug][safepoint     ] Safepoint synchronization initiated. (169 threads)
[2023-11-16T06:28:40.642+0000][3261.085s][info ][safepoint     ] Application time: 1.0001704 seconds
[2023-11-16T06:28:40.642+0000][3261.085s][info ][safepoint     ] Entering safepoint region: Cleanup
[2023-11-16T06:28:40.642+0000][3261.085s][info ][safepoint     ] Leaving safepoint region
[2023-11-16T06:28:40.642+0000][3261.085s][info ][safepoint     ] Total time for which application threads were stopped: 0.0003378 seconds, Stopping threads took: 0.0000509 seconds
[2023-11-16T06:28:41.642+0000][3262.085s][debug][safepoint     ] Safepoint synchronization initiated. (169 threads)
[2023-11-16T06:28:41.642+0000][3262.085s][info ][safepoint     ] Application time: 1.0001590 seconds
[2023-11-16T06:28:41.642+0000][3262.085s][info ][safepoint     ] Entering safepoint region: Cleanup
[2023-11-16T06:28:41.642+0000][3262.086s][info ][safepoint     ] Leaving safepoint region
[2023-11-16T06:28:41.642+0000][3262.086s][info ][safepoint     ] Total time for which application threads were stopped: 0.0003394 seconds, Stopping threads took: 0.0000507 seconds
[2023-11-16T06:28:42.643+0000][3263.086s][debug][safepoint     ] Safepoint synchronization initiated. (169 threads)
[2023-11-16T06:28:42.643+0000][3263.086s][info ][safepoint     ] Application time: 1.0001666 seconds
[2023-11-16T06:28:42.643+0000][3263.086s][info ][safepoint     ] Entering safepoint region: Cleanup
[2023-11-16T06:28:42.643+0000][3263.086s][info ][safepoint     ] Leaving safepoint region
[2023-11-16T06:28:42.643+0000][3263.086s][info ][safepoint     ] Total time for which application threads were stopped: 0.0004217 seconds, Stopping threads took: 0.0001672 seconds
[2023-11-16T06:28:43.643+0000][3264.086s][debug][safepoint     ] Safepoint synchronization initiated. (169 threads)
[2023-11-16T06:28:43.643+0000][3264.087s][info ][safepoint     ] Application time: 1.0001481 seconds
[2023-11-16T06:28:43.643+0000][3264.087s][info ][safepoint     ] Entering safepoint region: Cleanup
[2023-11-16T06:28:43.644+0000][3264.087s][info ][safepoint     ] Leaving safepoint region
[2023-11-16T06:28:43.644+0000][3264.087s][info ][safepoint     ] Total time for which application threads were stopped: 0.0003905 seconds, Stopping threads took: 0.0000515 seconds
[2023-11-16T06:28:44.644+0000][3265.087s][debug][safepoint     ] Safepoint synchronization initiated. (169 threads)
[2023-11-16T06:28:44.644+0000][3265.087s][info ][safepoint     ] Application time: 1.0001484 seconds
[2023-11-16T06:28:44.644+0000][3265.087s][info ][safepoint     ] Entering safepoint region: Cleanup
[2023-11-16T06:28:44.644+0000][3265.087s][info ][safepoint     ] Leaving safepoint region
[2023-11-16T06:28:44.644+0000][3265.087s][info ][safepoint     ] Total time for which application threads were stopped: 0.0003330 seconds, Stopping threads took: 0.0000515 seconds
[2023-11-16T06:28:45.644+0000][3266.088s][debug][safepoint     ] Safepoint synchronization initiated. (169 threads)
[2023-11-16T06:28:45.644+0000][3266.088s][info ][safepoint     ] Application time: 1.0001539 seconds
[2023-11-16T06:28:45.644+0000][3266.088s][info ][safepoint     ] Entering safepoint region: Cleanup
[2023-11-16T06:28:45.645+0000][3266.088s][info ][safepoint     ] Leaving safepoint region
[2023-11-16T06:28:45.645+0000][3266.088s][info ][safepoint     ] Total time for which application threads were stopped: 0.0002474 seconds, Stopping threads took: 0.0000501 seconds
[2023-11-16T06:28:45.645+0000][3266.088s][debug][safepoint     ] ... found polling page return exception at pc = 0x00007fde849bede6, stub =0x00007fde7c83a800
[2023-11-16T06:28:46.645+0000][3267.088s][debug][safepoint     ] Safepoint synchronization initiated. (169 threads)
[2023-11-16T06:28:46.645+0000][3267.088s][info ][safepoint     ] Application time: 1.0001538 seconds
[2023-11-16T06:28:46.645+0000][3267.088s][info ][safepoint     ] Entering safepoint region: Cleanup
[2023-11-16T06:28:46.645+0000][3267.088s][info ][safepoint     ] Leaving safepoint region
[2023-11-16T06:28:46.645+0000][3267.088s][info ][safepoint     ] Total time for which application threads were stopped: 0.0002526 seconds, Stopping threads took: 0.0000523 seconds
[2023-11-16T06:28:47.645+0000][3268.088s][debug][safepoint     ] Safepoint synchronization initiated. (169 threads)
[2023-11-16T06:28:47.645+0000][3268.089s][info ][safepoint     ] Application time: 1.0001747 seconds
[2023-11-16T06:28:47.645+0000][3268.089s][info ][safepoint     ] Entering safepoint region: Cleanup
[2023-11-16T06:28:47.646+0000][3268.089s][info ][safepoint     ] Leaving safepoint region
[2023-11-16T06:28:47.646+0000][3268.089s][info ][safepoint     ] Total time for which application threads were stopped: 0.0004219 seconds, Stopping threads took: 0.0002057 seconds
[2023-11-16T06:28:48.646+0000][3269.089s][debug][safepoint     ] Safepoint synchronization initiated. (169 threads)
[2023-11-16T06:28:48.646+0000][3269.089s][info ][safepoint     ] Application time: 1.0001692 seconds
[2023-11-16T06:28:48.646+0000][3269.089s][info ][safepoint     ] Entering safepoint region: Cleanup
[2023-11-16T06:28:48.646+0000][3269.089s][info ][safepoint     ] Leaving safepoint region
[2023-11-16T06:28:48.646+0000][3269.089s][info ][safepoint     ] Total time for which application threads were stopped: 0.0002550 seconds, Stopping threads took: 0.0000507 seconds
[2023-11-16T06:28:49.646+0000][3270.090s][debug][safepoint     ] Safepoint synchronization initiated. (169 threads)
[2023-11-16T06:28:49.646+0000][3270.090s][info ][safepoint     ] Application time: 1.0001803 seconds
[2023-11-16T06:28:49.646+0000][3270.090s][info ][safepoint     ] Entering safepoint region: Cleanup
[2023-11-16T06:28:49.647+0000][3270.090s][info ][safepoint     ] Leaving safepoint region
[2023-11-16T06:28:49.647+0000][3270.090s][info ][safepoint     ] Total time for which application threads were stopped: 0.0003437 seconds, Stopping threads took: 0.0000508 seconds
[2023-11-16T06:28:50.647+0000][3271.090s][debug][safepoint     ] Safepoint synchronization initiated. (169 threads)
[2023-11-16T06:28:50.647+0000][3271.090s][info ][safepoint     ] Application time: 1.0001558 seconds
[2023-11-16T06:28:50.647+0000][3271.090s][info ][safepoint     ] Entering safepoint region: Cleanup
[2023-11-16T06:28:50.647+0000][3271.090s][info ][safepoint     ] Leaving safepoint region
[2023-11-16T06:28:50.647+0000][3271.091s][info ][safepoint     ] Total time for which application threads were stopped: 0.0003412 seconds, Stopping threads took: 0.0000504 seconds
[2023-11-16T06:28:51.647+0000][3272.091s][debug][safepoint     ] Safepoint synchronization initiated. (169 threads)
[2023-11-16T06:28:51.647+0000][3272.091s][info ][safepoint     ] Application time: 1.0001537 seconds
[2023-11-16T06:28:51.647+0000][3272.091s][info ][safepoint     ] Entering safepoint region: Cleanup
[2023-11-16T06:28:51.648+0000][3272.091s][info ][safepoint     ] Leaving safepoint region
[2023-11-16T06:28:51.648+0000][3272.091s][info ][safepoint     ] Total time for which application threads were stopped: 0.0003377 seconds, Stopping threads took: 0.0000511 seconds
[2023-11-16T06:28:52.648+0000][3273.091s][debug][safepoint     ] Safepoint synchronization initiated. (169 threads)
[2023-11-16T06:28:52.648+0000][3273.091s][info ][safepoint     ] Application time: 1.0001524 seconds
[2023-11-16T06:28:52.648+0000][3273.091s][info ][safepoint     ] Entering safepoint region: Cleanup
[2023-11-16T06:28:52.648+0000][3273.092s][info ][safepoint     ] Leaving safepoint region
[2023-11-16T06:28:52.649+0000][3273.092s][info ][safepoint     ] Total time for which application threads were stopped: 0.0005921 seconds, Stopping threads took: 0.0003751 seconds
[2023-11-16T06:28:53.649+0000][3274.092s][debug][safepoint     ] Safepoint synchronization initiated. (169 threads)
[2023-11-16T06:28:53.649+0000][3274.092s][info ][safepoint     ] Application time: 1.0001669 seconds
[2023-11-16T06:28:53.649+0000][3274.092s][info ][safepoint     ] Entering safepoint region: Cleanup
[2023-11-16T06:28:53.649+0000][3274.092s][info ][safepoint     ] Leaving safepoint region
[2023-11-16T06:28:53.649+0000][3274.092s][info ][safepoint     ] Total time for which application threads were stopped: 0.0003384 seconds, Stopping threads took: 0.0000509 seconds
[2023-11-16T06:28:54.649+0000][3275.092s][debug][safepoint     ] Safepoint synchronization initiated. (169 threads)
[2023-11-16T06:28:54.649+0000][3275.093s][info ][safepoint     ] Application time: 1.0001406 seconds
[2023-11-16T06:28:54.649+0000][3275.093s][info ][safepoint     ] Entering safepoint region: Cleanup
[2023-11-16T06:28:54.650+0000][3275.093s][info ][safepoint     ] Leaving safepoint region
[2023-11-16T06:28:54.650+0000][3275.093s][info ][safepoint     ] Total time for which application threads were stopped: 0.0002870 seconds, Stopping threads took: 0.0000512 seconds
[2023-11-16T06:28:55.650+0000][3276.093s][debug][safepoint     ] Safepoint synchronization initiated. (169 threads)
[2023-11-16T06:28:55.650+0000][3276.093s][info ][safepoint     ] Application time: 1.0001682 seconds
[2023-11-16T06:28:55.650+0000][3276.093s][info ][safepoint     ] Entering safepoint region: Cleanup
[2023-11-16T06:28:55.650+0000][3276.093s][info ][safepoint     ] Leaving safepoint region
[2023-11-16T06:28:55.650+0000][3276.093s][info ][safepoint     ] Total time for which application threads were stopped: 0.0003436 seconds, Stopping threads took: 0.0000514 seconds
[2023-11-16T06:28:56.650+0000][3277.094s][debug][safepoint     ] Safepoint synchronization initiated. (169 threads)
[2023-11-16T06:28:56.650+0000][3277.094s][info ][safepoint     ] Application time: 1.0001627 seconds
[2023-11-16T06:28:56.650+0000][3277.094s][info ][safepoint     ] Entering safepoint region: Cleanup
[2023-11-16T06:28:56.651+0000][3277.094s][info ][safepoint     ] Leaving safepoint region
[2023-11-16T06:28:56.651+0000][3277.094s][info ][safepoint     ] Total time for which application threads were stopped: 0.0003447 seconds, Stopping threads took: 0.0000509 seconds
[2023-11-16T06:28:57.651+0000][3278.094s][debug][safepoint     ] Safepoint synchronization initiated. (169 threads)
[2023-11-16T06:28:57.651+0000][3278.094s][info ][safepoint     ] Application time: 1.0001700 seconds
[2023-11-16T06:28:57.651+0000][3278.094s][info ][safepoint     ] Entering safepoint region: Cleanup
[2023-11-16T06:28:57.651+0000][3278.095s][info ][safepoint     ] Leaving safepoint region
[2023-11-16T06:28:57.651+0000][3278.095s][info ][safepoint     ] Total time for which application threads were stopped: 0.0005054 seconds, Stopping threads took: 0.0002924 seconds
[2023-11-16T06:28:58.651+0000][3279.095s][debug][safepoint     ] Safepoint synchronization initiated. (169 threads)
[2023-11-16T06:28:58.651+0000][3279.095s][info ][safepoint     ] Application time: 1.0001538 seconds
[2023-11-16T06:28:58.652+0000][3279.095s][info ][safepoint     ] Entering safepoint region: Cleanup
[2023-11-16T06:28:58.652+0000][3279.095s][info ][safepoint     ] Leaving safepoint region
[2023-11-16T06:28:58.652+0000][3279.095s][info ][safepoint     ] Total time for which application threads were stopped: 0.0002309 seconds, Stopping threads took: 0.0000332 seconds
[2023-11-16T06:28:59.652+0000][3280.095s][debug][safepoint     ] Safepoint synchronization initiated. (169 threads)
[2023-11-16T06:28:59.652+0000][3280.095s][info ][safepoint     ] Application time: 1.0001635 seconds
[2023-11-16T06:28:59.652+0000][3280.095s][info ][safepoint     ] Entering safepoint region: Cleanup
[2023-11-16T06:28:59.652+0000][3280.095s][info ][safepoint     ] Leaving safepoint region
[2023-11-16T06:28:59.652+0000][3280.095s][info ][safepoint     ] Total time for which application threads were stopped: 0.0002086 seconds, Stopping threads took: 0.0000326 seconds
[2023-11-16T06:28:59.652+0000][3280.095s][debug][safepoint     ] ... found polling page return exception at pc = 0x00007fde849bede6, stub =0x00007fde7c83a800
[2023-11-16T06:29:00.652+0000][3281.096s][debug][safepoint     ] Safepoint synchronization initiated. (169 threads)
[2023-11-16T06:29:00.652+0000][3281.096s][info ][safepoint     ] Application time: 1.0001573 seconds
[2023-11-16T06:29:00.652+0000][3281.096s][info ][safepoint     ] Entering safepoint region: Cleanup
[2023-11-16T06:29:00.653+0000][3281.096s][info ][safepoint     ] Leaving safepoint region
[2023-11-16T06:29:00.653+0000][3281.096s][info ][safepoint     ] Total time for which application threads were stopped: 0.0002300 seconds, Stopping threads took: 0.0000510 seconds
[2023-11-16T06:29:01.653+0000][3282.096s][debug][safepoint     ] Safepoint synchronization initiated. (169 threads)
[2023-11-16T06:29:01.653+0000][3282.096s][info ][safepoint     ] Application time: 1.0001681 seconds
[2023-11-16T06:29:01.653+0000][3282.096s][info ][safepoint     ] Entering safepoint region: Cleanup
[2023-11-16T06:29:01.653+0000][3282.096s][info ][safepoint     ] Leaving safepoint region
[2023-11-16T06:29:01.653+0000][3282.096s][info ][safepoint     ] Total time for which application threads were stopped: 0.0002786 seconds, Stopping threads took: 0.0000580 seconds
[2023-11-16T06:29:02.653+0000][3283.096s][debug][safepoint     ] Safepoint synchronization initiated. (169 threads)
[2023-11-16T06:29:02.653+0000][3283.097s][info ][safepoint     ] Application time: 1.0001673 seconds
[2023-11-16T06:29:02.653+0000][3283.097s][info ][safepoint     ] Entering safepoint region: Cleanup
[2023-11-16T06:29:02.654+0000][3283.097s][info ][safepoint     ] Leaving safepoint region
[2023-11-16T06:29:02.654+0000][3283.097s][info ][safepoint     ] Total time for which application threads were stopped: 0.0004339 seconds, Stopping threads took: 0.0001992 seconds
[2023-11-16T06:29:03.654+0000][3284.097s][debug][safepoint     ] Safepoint synchronization initiated. (169 threads)
[2023-11-16T06:29:03.654+0000][3284.097s][info ][safepoint     ] Application time: 1.0001794 seconds
[2023-11-16T06:29:03.654+0000][3284.097s][info ][safepoint     ] Entering safepoint region: Cleanup
[2023-11-16T06:29:03.654+0000][3284.097s][info ][safepoint     ] Leaving safepoint region
[2023-11-16T06:29:03.654+0000][3284.098s][info ][safepoint     ] Total time for which application threads were stopped: 0.0003304 seconds, Stopping threads took: 0.0000338 seconds
[2023-11-16T06:29:04.654+0000][3285.098s][debug][safepoint     ] Safepoint synchronization initiated. (169 threads)
[2023-11-16T06:29:04.654+0000][3285.098s][info ][safepoint     ] Application time: 1.0001549 seconds
[2023-11-16T06:29:04.654+0000][3285.098s][info ][safepoint     ] Entering safepoint region: Cleanup
[2023-11-16T06:29:04.655+0000][3285.098s][info ][safepoint     ] Leaving safepoint region
[2023-11-16T06:29:04.655+0000][3285.098s][info ][safepoint     ] Total time for which application threads were stopped: 0.0003290 seconds, Stopping threads took: 0.0000332 seconds
[2023-11-16T06:29:05.655+0000][3286.098s][debug][safepoint     ] Safepoint synchronization initiated. (169 threads)
[2023-11-16T06:29:05.655+0000][3286.098s][info ][safepoint     ] Application time: 1.0001582 seconds
[2023-11-16T06:29:05.655+0000][3286.098s][info ][safepoint     ] Entering safepoint region: Cleanup
[2023-11-16T06:29:05.655+0000][3286.099s][info ][safepoint     ] Leaving safepoint region
[2023-11-16T06:29:05.655+0000][3286.099s][info ][safepoint     ] Total time for which application threads were stopped: 0.0003408 seconds, Stopping threads took: 0.0000345 seconds
[2023-11-16T06:29:06.655+0000][3287.099s][debug][safepoint     ] Safepoint synchronization initiated. (169 threads)
[2023-11-16T06:29:06.655+0000][3287.099s][info ][safepoint     ] Application time: 1.0001644 seconds
[2023-11-16T06:29:06.655+0000][3287.099s][info ][safepoint     ] Entering safepoint region: Cleanup
[2023-11-16T06:29:06.656+0000][3287.099s][info ][safepoint     ] Leaving safepoint region
[2023-11-16T06:29:06.656+0000][3287.099s][info ][safepoint     ] Total time for which application threads were stopped: 0.0002552 seconds, Stopping threads took: 0.0000537 seconds
[2023-11-16T06:29:07.656+0000][3288.099s][debug][safepoint     ] Safepoint synchronization initiated. (169 threads)
[2023-11-16T06:29:07.656+0000][3288.099s][info ][safepoint     ] Application time: 1.0001614 seconds
[2023-11-16T06:29:07.656+0000][3288.099s][info ][safepoint     ] Entering safepoint region: Cleanup
[2023-11-16T06:29:07.656+0000][3288.099s][info ][safepoint     ] Leaving safepoint region
[2023-11-16T06:29:07.656+0000][3288.099s][info ][safepoint     ] Total time for which application threads were stopped: 0.0003146 seconds, Stopping threads took: 0.0000337 seconds
[2023-11-16T06:29:08.656+0000][3289.100s][debug][safepoint     ] Safepoint synchronization initiated. (169 threads)
[2023-11-16T06:29:08.656+0000][3289.100s][info ][safepoint     ] Application time: 1.0001622 seconds
[2023-11-16T06:29:08.656+0000][3289.100s][info ][safepoint     ] Entering safepoint region: Cleanup
[2023-11-16T06:29:08.657+0000][3289.100s][info ][safepoint     ] Leaving safepoint region
[2023-11-16T06:29:08.657+0000][3289.100s][info ][safepoint     ] Total time for which application threads were stopped: 0.0003188 seconds, Stopping threads took: 0.0000335 seconds
[2023-11-16T06:29:09.657+0000][3290.100s][debug][safepoint     ] Safepoint synchronization initiated. (169 threads)
[2023-11-16T06:29:09.657+0000][3290.100s][info ][safepoint     ] Application time: 1.0001656 seconds
[2023-11-16T06:29:09.657+0000][3290.100s][info ][safepoint     ] Entering safepoint region: Cleanup
[2023-11-16T06:29:09.657+0000][3290.100s][info ][safepoint     ] Leaving safepoint region
[2023-11-16T06:29:09.657+0000][3290.100s][info ][safepoint     ] Total time for which application threads were stopped: 0.0002956 seconds, Stopping threads took: 0.0000336 seconds
[2023-11-16T06:29:10.657+0000][3291.101s][debug][safepoint     ] Safepoint synchronization initiated. (169 threads)
[2023-11-16T06:29:10.657+0000][3291.101s][info ][safepoint     ] Application time: 1.0001517 seconds
[2023-11-16T06:29:10.657+0000][3291.101s][info ][safepoint     ] Entering safepoint region: Cleanup
[2023-11-16T06:29:10.658+0000][3291.101s][info ][safepoint     ] Leaving safepoint region
[2023-11-16T06:29:10.658+0000][3291.101s][info ][safepoint     ] Total time for which application threads were stopped: 0.0003115 seconds, Stopping threads took: 0.0000337 seconds
[2023-11-16T06:29:11.658+0000][3292.101s][debug][safepoint     ] Safepoint synchronization initiated. (169 threads)
[2023-11-16T06:29:11.658+0000][3292.101s][info ][safepoint     ] Application time: 1.0001490 seconds
[2023-11-16T06:29:11.658+0000][3292.101s][info ][safepoint     ] Entering safepoint region: Cleanup
[2023-11-16T06:29:11.658+0000][3292.101s][info ][safepoint     ] Leaving safepoint region
[2023-11-16T06:29:11.658+0000][3292.101s][info ][safepoint     ] Total time for which application threads were stopped: 0.0003361 seconds, Stopping threads took: 0.0000341 seconds
[2023-11-16T06:29:12.658+0000][3293.102s][debug][safepoint     ] Safepoint synchronization initiated. (169 threads)
[2023-11-16T06:29:12.658+0000][3293.102s][info ][safepoint     ] Application time: 1.0001566 seconds
[2023-11-16T06:29:12.658+0000][3293.102s][info ][safepoint     ] Entering safepoint region: Cleanup
[2023-11-16T06:29:12.658+0000][3293.102s][info ][safepoint     ] Leaving safepoint region
[2023-11-16T06:29:12.659+0000][3293.102s][info ][safepoint     ] Total time for which application threads were stopped: 0.0001859 seconds, Stopping threads took: 0.0000407 seconds
[2023-11-16T06:29:13.659+0000][3294.102s][debug][safepoint     ] Safepoint synchronization initiated. (169 threads)
[2023-11-16T06:29:13.659+0000][3294.102s][info ][safepoint     ] Application time: 1.0001437 seconds
[2023-11-16T06:29:13.659+0000][3294.102s][info ][safepoint     ] Entering safepoint region: Cleanup
[2023-11-16T06:29:13.659+0000][3294.102s][info ][safepoint     ] Leaving safepoint region
[2023-11-16T06:29:13.659+0000][3294.102s][info ][safepoint     ] Total time for which application threads were stopped: 0.0003064 seconds, Stopping threads took: 0.0000512 seconds
[2023-11-16T06:29:14.659+0000][3295.102s][debug][safepoint     ] Safepoint synchronization initiated. (169 threads)
[2023-11-16T06:29:14.659+0000][3295.102s][info ][safepoint     ] Application time: 1.0001584 seconds
[2023-11-16T06:29:14.659+0000][3295.103s][info ][safepoint     ] Entering safepoint region: Cleanup
[2023-11-16T06:29:14.659+0000][3295.103s][info ][safepoint     ] Leaving safepoint region
[2023-11-16T06:29:14.660+0000][3295.103s][info ][safepoint     ] Total time for which application threads were stopped: 0.0003417 seconds, Stopping threads took: 0.0000512 seconds
[2023-11-16T06:29:15.660+0000][3296.103s][debug][safepoint     ] Safepoint synchronization initiated. (169 threads)
[2023-11-16T06:29:15.660+0000][3296.103s][info ][safepoint     ] Application time: 1.0001705 seconds
[2023-11-16T06:29:15.660+0000][3296.103s][info ][safepoint     ] Entering safepoint region: Cleanup
[2023-11-16T06:29:15.660+0000][3296.103s][info ][safepoint     ] Leaving safepoint region
[2023-11-16T06:29:15.660+0000][3296.103s][info ][safepoint     ] Total time for which application threads were stopped: 0.0003518 seconds, Stopping threads took: 0.0000520 seconds
[2023-11-16T06:29:16.660+0000][3297.103s][debug][safepoint     ] Safepoint synchronization initiated. (169 threads)
[2023-11-16T06:29:16.660+0000][3297.104s][info ][safepoint     ] Application time: 1.0001428 seconds
[2023-11-16T06:29:16.660+0000][3297.104s][info ][safepoint     ] Entering safepoint region: Cleanup
[2023-11-16T06:29:16.661+0000][3297.104s][info ][safepoint     ] Leaving safepoint region
[2023-11-16T06:29:16.661+0000][3297.104s][info ][safepoint     ] Total time for which application threads were stopped: 0.0003453 seconds, Stopping threads took: 0.0000514 seconds
[2023-11-16T06:29:17.661+0000][3298.104s][debug][safepoint     ] Safepoint synchronization initiated. (169 threads)
[2023-11-16T06:29:17.661+0000][3298.104s][info ][safepoint     ] Application time: 1.0001869 seconds
[2023-11-16T06:29:17.661+0000][3298.104s][info ][safepoint     ] Entering safepoint region: Cleanup
[2023-11-16T06:29:17.661+0000][3298.105s][info ][safepoint     ] Leaving safepoint region
[2023-11-16T06:29:17.661+0000][3298.105s][info ][safepoint     ] Total time for which application threads were stopped: 0.0006286 seconds, Stopping threads took: 0.0003373 seconds
[2023-11-16T06:29:18.662+0000][3299.105s][debug][safepoint     ] Safepoint synchronization initiated. (169 threads)
[2023-11-16T06:29:18.662+0000][3299.105s][info ][safepoint     ] Application time: 1.0001691 seconds
[2023-11-16T06:29:18.662+0000][3299.105s][info ][safepoint     ] Entering safepoint region: Cleanup
[2023-11-16T06:29:18.662+0000][3299.105s][info ][safepoint     ] Leaving safepoint region
[2023-11-16T06:29:18.662+0000][3299.105s][info ][safepoint     ] Total time for which application threads were stopped: 0.0003449 seconds, Stopping threads took: 0.0000509 seconds
[2023-11-16T06:29:19.662+0000][3300.105s][debug][safepoint     ] Safepoint synchronization initiated. (169 threads)
[2023-11-16T06:29:19.662+0000][3300.105s][info ][safepoint     ] Application time: 1.0001634 seconds
[2023-11-16T06:29:19.662+0000][3300.106s][info ][safepoint     ] Entering safepoint region: Cleanup
[2023-11-16T06:29:19.662+0000][3300.106s][info ][safepoint     ] Leaving safepoint region
[2023-11-16T06:29:19.662+0000][3300.106s][info ][safepoint     ] Total time for which application threads were stopped: 0.0002247 seconds, Stopping threads took: 0.0000501 seconds
[2023-11-16T06:29:20.663+0000][3301.106s][debug][safepoint     ] Safepoint synchronization initiated. (169 threads)
[2023-11-16T06:29:20.663+0000][3301.106s][info ][safepoint     ] Application time: 1.0001325 seconds
[2023-11-16T06:29:20.663+0000][3301.106s][info ][safepoint     ] Entering safepoint region: Cleanup
[2023-11-16T06:29:20.663+0000][3301.106s][info ][safepoint     ] Leaving safepoint region
[2023-11-16T06:29:20.663+0000][3301.106s][info ][safepoint     ] Total time for which application threads were stopped: 0.0003556 seconds, Stopping threads took: 0.0000502 seconds
[2023-11-16T06:29:21.663+0000][3302.106s][debug][safepoint     ] Safepoint synchronization initiated. (169 threads)
[2023-11-16T06:29:21.663+0000][3302.106s][info ][safepoint     ] Application time: 1.0001640 seconds
[2023-11-16T06:29:21.663+0000][3302.106s][info ][safepoint     ] Entering safepoint region: Cleanup
[2023-11-16T06:29:21.663+0000][3302.107s][info ][safepoint     ] Leaving safepoint region
[2023-11-16T06:29:21.663+0000][3302.107s][info ][safepoint     ] Total time for which application threads were stopped: 0.0003018 seconds, Stopping threads took: 0.0000495 seconds
[2023-11-16T06:29:22.664+0000][3303.107s][debug][safepoint     ] Safepoint synchronization initiated. (169 threads)
[2023-11-16T06:29:22.664+0000][3303.107s][info ][safepoint     ] Application time: 1.0001799 seconds
[2023-11-16T06:29:22.664+0000][3303.107s][info ][safepoint     ] Entering safepoint region: Cleanup
[2023-11-16T06:29:22.664+0000][3303.107s][info ][safepoint     ] Leaving safepoint region
[2023-11-16T06:29:22.664+0000][3303.107s][info ][safepoint     ] Total time for which application threads were stopped: 0.0003471 seconds, Stopping threads took: 0.0000516 seconds
[2023-11-16T06:29:23.664+0000][3304.107s][debug][safepoint     ] Safepoint synchronization initiated. (169 threads)
[2023-11-16T06:29:23.664+0000][3304.108s][info ][safepoint     ] Application time: 1.0001632 seconds
[2023-11-16T06:29:23.664+0000][3304.108s][info ][safepoint     ] Entering safepoint region: Cleanup
[2023-11-16T06:29:23.665+0000][3304.108s][info ][safepoint     ] Leaving safepoint region
[2023-11-16T06:29:23.665+0000][3304.108s][info ][safepoint     ] Total time for which application threads were stopped: 0.0003321 seconds, Stopping threads took: 0.0000517 seconds
[2023-11-16T06:29:24.665+0000][3305.108s][debug][safepoint     ] Safepoint synchronization initiated. (169 threads)
[2023-11-16T06:29:24.665+0000][3305.108s][info ][safepoint     ] Application time: 1.0001721 seconds
[2023-11-16T06:29:24.665+0000][3305.108s][info ][safepoint     ] Entering safepoint region: Cleanup
[2023-11-16T06:29:24.665+0000][3305.108s][info ][safepoint     ] Leaving safepoint region
[2023-11-16T06:29:24.665+0000][3305.108s][info ][safepoint     ] Total time for which application threads were stopped: 0.0003279 seconds, Stopping threads took: 0.0000323 seconds
[2023-11-16T06:29:25.665+0000][3306.109s][debug][safepoint     ] Safepoint synchronization initiated. (169 threads)
[2023-11-16T06:29:25.665+0000][3306.109s][info ][safepoint     ] Application time: 1.0001623 seconds
[2023-11-16T06:29:25.665+0000][3306.109s][info ][safepoint     ] Entering safepoint region: Cleanup
[2023-11-16T06:29:25.666+0000][3306.109s][info ][safepoint     ] Leaving safepoint region
[2023-11-16T06:29:25.666+0000][3306.109s][info ][safepoint     ] Total time for which application threads were stopped: 0.0003429 seconds, Stopping threads took: 0.0000509 seconds
[2023-11-16T06:29:26.666+0000][3307.109s][debug][safepoint     ] Safepoint synchronization initiated. (169 threads)
[2023-11-16T06:29:26.666+0000][3307.109s][info ][safepoint     ] Application time: 1.0001345 seconds
[2023-11-16T06:29:26.666+0000][3307.109s][info ][safepoint     ] Entering safepoint region: Cleanup
[2023-11-16T06:29:26.666+0000][3307.109s][info ][safepoint     ] Leaving safepoint region
[2023-11-16T06:29:26.666+0000][3307.109s][info ][safepoint     ] Total time for which application threads were stopped: 0.0002405 seconds, Stopping threads took: 0.0000573 seconds
[2023-11-16T06:29:27.666+0000][3308.109s][debug][safepoint     ] Safepoint synchronization initiated. (169 threads)
[2023-11-16T06:29:27.666+0000][3308.110s][info ][safepoint     ] Application time: 1.0001817 seconds
[2023-11-16T06:29:27.666+0000][3308.110s][info ][safepoint     ] Entering safepoint region: Cleanup
[2023-11-16T06:29:27.667+0000][3308.110s][info ][safepoint     ] Leaving safepoint region
[2023-11-16T06:29:27.667+0000][3308.110s][info ][safepoint     ] Total time for which application threads were stopped: 0.0004898 seconds, Stopping threads took: 0.0002103 seconds
[2023-11-16T06:29:28.667+0000][3309.110s][debug][safepoint     ] Safepoint synchronization initiated. (169 threads)
[2023-11-16T06:29:28.667+0000][3309.110s][info ][safepoint     ] Application time: 1.0001752 seconds
[2023-11-16T06:29:28.667+0000][3309.110s][info ][safepoint     ] Entering safepoint region: Cleanup
[2023-11-16T06:29:28.667+0000][3309.111s][info ][safepoint     ] Leaving safepoint region
[2023-11-16T06:29:28.667+0000][3309.111s][info ][safepoint     ] Total time for which application threads were stopped: 0.0002988 seconds, Stopping threads took: 0.0000504 seconds
[2023-11-16T06:29:29.667+0000][3310.111s][debug][safepoint     ] Safepoint synchronization initiated. (169 threads)
[2023-11-16T06:29:29.667+0000][3310.111s][info ][safepoint     ] Application time: 1.0001563 seconds
[2023-11-16T06:29:29.667+0000][3310.111s][info ][safepoint     ] Entering safepoint region: Cleanup
[2023-11-16T06:29:29.668+0000][3310.111s][info ][safepoint     ] Leaving safepoint region
[2023-11-16T06:29:29.668+0000][3310.111s][info ][safepoint     ] Total time for which application threads were stopped: 0.0003260 seconds, Stopping threads took: 0.0000743 seconds
[2023-11-16T06:29:30.668+0000][3311.111s][debug][safepoint     ] Safepoint synchronization initiated. (169 threads)
[2023-11-16T06:29:30.668+0000][3311.111s][info ][safepoint     ] Application time: 1.0001551 seconds
[2023-11-16T06:29:30.668+0000][3311.111s][info ][safepoint     ] Entering safepoint region: Cleanup
[2023-11-16T06:29:30.668+0000][3311.112s][info ][safepoint     ] Leaving safepoint region
[2023-11-16T06:29:30.668+0000][3311.112s][info ][safepoint     ] Total time for which application threads were stopped: 0.0003394 seconds, Stopping threads took: 0.0000503 seconds
[2023-11-16T06:29:31.668+0000][3312.112s][debug][safepoint     ] Safepoint synchronization initiated. (169 threads)
[2023-11-16T06:29:31.668+0000][3312.112s][info ][safepoint     ] Application time: 1.0001553 seconds
[2023-11-16T06:29:31.669+0000][3312.112s][info ][safepoint     ] Entering safepoint region: Cleanup
[2023-11-16T06:29:31.669+0000][3312.112s][info ][safepoint     ] Leaving safepoint region
[2023-11-16T06:29:31.669+0000][3312.112s][info ][safepoint     ] Total time for which application threads were stopped: 0.0003440 seconds, Stopping threads took: 0.0000509 seconds
[2023-11-16T06:29:32.669+0000][3313.112s][debug][safepoint     ] Safepoint synchronization initiated. (169 threads)
[2023-11-16T06:29:32.669+0000][3313.112s][info ][safepoint     ] Application time: 1.0001494 seconds
[2023-11-16T06:29:32.669+0000][3313.112s][info ][safepoint     ] Entering safepoint region: Cleanup
[2023-11-16T06:29:32.669+0000][3313.113s][debug][safepoint     ] ... found polling page return exception at pc = 0x00007fde849bede6, stub =0x00007fde7c83a800
[2023-11-16T06:29:32.669+0000][3313.113s][info ][safepoint     ] Leaving safepoint region
[2023-11-16T06:29:32.669+0000][3313.113s][info ][safepoint     ] Total time for which application threads were stopped: 0.0003883 seconds, Stopping threads took: 0.0000597 seconds
[2023-11-16T06:29:33.670+0000][3314.113s][debug][safepoint     ] Safepoint synchronization initiated. (169 threads)
[2023-11-16T06:29:33.670+0000][3314.113s][info ][safepoint     ] Application time: 1.0001528 seconds
[2023-11-16T06:29:33.670+0000][3314.113s][info ][safepoint     ] Entering safepoint region: Cleanup
[2023-11-16T06:29:33.670+0000][3314.113s][info ][safepoint     ] Leaving safepoint region
[2023-11-16T06:29:33.670+0000][3314.113s][info ][safepoint     ] Total time for which application threads were stopped: 0.0003387 seconds, Stopping threads took: 0.0000520 seconds
[2023-11-16T06:29:34.670+0000][3315.113s][debug][safepoint     ] Safepoint synchronization initiated. (169 threads)
[2023-11-16T06:29:34.670+0000][3315.113s][info ][safepoint     ] Application time: 1.0001731 seconds
[2023-11-16T06:29:34.670+0000][3315.114s][info ][safepoint     ] Entering safepoint region: Cleanup
[2023-11-16T06:29:34.670+0000][3315.114s][info ][safepoint     ] Leaving safepoint region
[2023-11-16T06:29:34.671+0000][3315.114s][info ][safepoint     ] Total time for which application threads were stopped: 0.0003417 seconds, Stopping threads took: 0.0000537 seconds
[2023-11-16T06:29:35.671+0000][3316.114s][debug][safepoint     ] Safepoint synchronization initiated. (169 threads)
[2023-11-16T06:29:35.671+0000][3316.114s][info ][safepoint     ] Application time: 1.0001713 seconds
[2023-11-16T06:29:35.671+0000][3316.114s][info ][safepoint     ] Entering safepoint region: Cleanup
[2023-11-16T06:29:35.671+0000][3316.114s][info ][safepoint     ] Leaving safepoint region
[2023-11-16T06:29:35.671+0000][3316.114s][info ][safepoint     ] Total time for which application threads were stopped: 0.0003415 seconds, Stopping threads took: 0.0000517 seconds
[2023-11-16T06:29:36.671+0000][3317.114s][debug][safepoint     ] Safepoint synchronization initiated. (169 threads)
[2023-11-16T06:29:36.671+0000][3317.115s][info ][safepoint     ] Application time: 1.0001544 seconds
[2023-11-16T06:29:36.671+0000][3317.115s][info ][safepoint     ] Entering safepoint region: Cleanup
[2023-11-16T06:29:36.672+0000][3317.115s][info ][safepoint     ] Leaving safepoint region
[2023-11-16T06:29:36.672+0000][3317.115s][info ][safepoint     ] Total time for which application threads were stopped: 0.0003097 seconds, Stopping threads took: 0.0000519 seconds
[2023-11-16T06:29:37.672+0000][3318.115s][debug][safepoint     ] Safepoint synchronization initiated. (169 threads)
[2023-11-16T06:29:37.672+0000][3318.115s][info ][safepoint     ] Application time: 1.0001466 seconds
[2023-11-16T06:29:37.672+0000][3318.115s][info ][safepoint     ] Entering safepoint region: Cleanup
[2023-11-16T06:29:37.672+0000][3318.115s][info ][safepoint     ] Leaving safepoint region
[2023-11-16T06:29:37.672+0000][3318.116s][info ][safepoint     ] Total time for which application threads were stopped: 0.0004619 seconds, Stopping threads took: 0.0002140 seconds
[2023-11-16T06:29:38.672+0000][3319.116s][debug][safepoint     ] Safepoint synchronization initiated. (169 threads)
[2023-11-16T06:29:38.672+0000][3319.116s][info ][safepoint     ] Application time: 1.0001629 seconds
[2023-11-16T06:29:38.672+0000][3319.116s][info ][safepoint     ] Entering safepoint region: Cleanup
[2023-11-16T06:29:38.673+0000][3319.116s][info ][safepoint     ] Leaving safepoint region
[2023-11-16T06:29:38.673+0000][3319.116s][info ][safepoint     ] Total time for which application threads were stopped: 0.0003456 seconds, Stopping threads took: 0.0000531 seconds
[2023-11-16T06:29:39.673+0000][3320.116s][debug][safepoint     ] Safepoint synchronization initiated. (169 threads)
[2023-11-16T06:29:39.673+0000][3320.116s][info ][safepoint     ] Application time: 1.0001583 seconds
[2023-11-16T06:29:39.673+0000][3320.116s][info ][safepoint     ] Entering safepoint region: Cleanup
[2023-11-16T06:29:39.673+0000][3320.117s][info ][safepoint     ] Leaving safepoint region
[2023-11-16T06:29:39.673+0000][3320.117s][info ][safepoint     ] Total time for which application threads were stopped: 0.0003484 seconds, Stopping threads took: 0.0000539 seconds
[2023-11-16T06:29:40.673+0000][3321.117s][debug][safepoint     ] Safepoint synchronization initiated. (169 threads)
[2023-11-16T06:29:40.674+0000][3321.117s][info ][safepoint     ] Application time: 1.0001913 seconds
[2023-11-16T06:29:40.674+0000][3321.117s][info ][safepoint     ] Entering safepoint region: Cleanup
[2023-11-16T06:29:40.674+0000][3321.117s][info ][safepoint     ] Leaving safepoint region
[2023-11-16T06:29:40.674+0000][3321.117s][info ][safepoint     ] Total time for which application threads were stopped: 0.0003081 seconds, Stopping threads took: 0.0000530 seconds
[2023-11-16T06:29:41.674+0000][3322.117s][debug][safepoint     ] Safepoint synchronization initiated. (169 threads)
[2023-11-16T06:29:41.674+0000][3322.117s][info ][safepoint     ] Application time: 1.0001768 seconds
[2023-11-16T06:29:41.674+0000][3322.117s][info ][safepoint     ] Entering safepoint region: Cleanup
[2023-11-16T06:29:41.674+0000][3322.118s][info ][safepoint     ] Leaving safepoint region
[2023-11-16T06:29:41.674+0000][3322.118s][info ][safepoint     ] Total time for which application threads were stopped: 0.0002699 seconds, Stopping threads took: 0.0000554 seconds
[2023-11-16T06:29:42.674+0000][3323.118s][debug][safepoint     ] Safepoint synchronization initiated. (169 threads)
[2023-11-16T06:29:42.675+0000][3323.118s][info ][safepoint     ] Application time: 1.0001766 seconds
[2023-11-16T06:29:42.675+0000][3323.118s][info ][safepoint     ] Entering safepoint region: Cleanup
[2023-11-16T06:29:42.675+0000][3323.118s][info ][safepoint     ] Leaving safepoint region
[2023-11-16T06:29:42.675+0000][3323.118s][info ][safepoint     ] Total time for which application threads were stopped: 0.0005095 seconds, Stopping threads took: 0.0002523 seconds
[2023-11-16T06:29:43.675+0000][3324.119s][debug][safepoint     ] Safepoint synchronization initiated. (169 threads)
[2023-11-16T06:29:43.675+0000][3324.119s][info ][safepoint     ] Application time: 1.0001576 seconds
[2023-11-16T06:29:43.675+0000][3324.119s][info ][safepoint     ] Entering safepoint region: Cleanup
[2023-11-16T06:29:43.676+0000][3324.119s][info ][safepoint     ] Leaving safepoint region
[2023-11-16T06:29:43.676+0000][3324.119s][info ][safepoint     ] Total time for which application threads were stopped: 0.0003160 seconds, Stopping threads took: 0.0000516 seconds
[2023-11-16T06:29:44.676+0000][3325.119s][debug][safepoint     ] Safepoint synchronization initiated. (169 threads)
[2023-11-16T06:29:44.676+0000][3325.119s][info ][safepoint     ] Application time: 1.0001425 seconds
[2023-11-16T06:29:44.676+0000][3325.119s][info ][safepoint     ] Entering safepoint region: Cleanup
[2023-11-16T06:29:44.676+0000][3325.119s][info ][safepoint     ] Leaving safepoint region
[2023-11-16T06:29:44.676+0000][3325.119s][info ][safepoint     ] Total time for which application threads were stopped: 0.0003288 seconds, Stopping threads took: 0.0000515 seconds
[2023-11-16T06:29:45.676+0000][3326.120s][debug][safepoint     ] Safepoint synchronization initiated. (169 threads)
[2023-11-16T06:29:45.676+0000][3326.120s][info ][safepoint     ] Application time: 1.0001582 seconds
[2023-11-16T06:29:45.676+0000][3326.120s][info ][safepoint     ] Entering safepoint region: Cleanup
[2023-11-16T06:29:45.677+0000][3326.120s][info ][safepoint     ] Leaving safepoint region
[2023-11-16T06:29:45.677+0000][3326.120s][info ][safepoint     ] Total time for which application threads were stopped: 0.0003293 seconds, Stopping threads took: 0.0000332 seconds
[2023-11-16T06:29:46.677+0000][3327.120s][debug][safepoint     ] Safepoint synchronization initiated. (169 threads)
[2023-11-16T06:29:46.677+0000][3327.120s][info ][safepoint     ] Application time: 1.0001430 seconds
[2023-11-16T06:29:46.677+0000][3327.120s][info ][safepoint     ] Entering safepoint region: Cleanup
[2023-11-16T06:29:46.677+0000][3327.120s][info ][safepoint     ] Leaving safepoint region
[2023-11-16T06:29:46.677+0000][3327.120s][info ][safepoint     ] Total time for which application threads were stopped: 0.0003329 seconds, Stopping threads took: 0.0000506 seconds
[2023-11-16T06:29:47.677+0000][3328.121s][debug][safepoint     ] Safepoint synchronization initiated. (169 threads)
[2023-11-16T06:29:47.677+0000][3328.121s][info ][safepoint     ] Application time: 1.0001518 seconds
[2023-11-16T06:29:47.677+0000][3328.121s][info ][safepoint     ] Entering safepoint region: Cleanup
[2023-11-16T06:29:47.678+0000][3328.121s][info ][safepoint     ] Leaving safepoint region
[2023-11-16T06:29:47.678+0000][3328.121s][info ][safepoint     ] Total time for which application threads were stopped: 0.0004775 seconds, Stopping threads took: 0.0001479 seconds
[2023-11-16T06:29:48.678+0000][3329.121s][debug][safepoint     ] Safepoint synchronization initiated. (169 threads)
[2023-11-16T06:29:48.678+0000][3329.121s][info ][safepoint     ] Application time: 1.0001794 seconds
[2023-11-16T06:29:48.678+0000][3329.121s][info ][safepoint     ] Entering safepoint region: Cleanup
[2023-11-16T06:29:48.678+0000][3329.122s][info ][safepoint     ] Leaving safepoint region
[2023-11-16T06:29:48.678+0000][3329.122s][info ][safepoint     ] Total time for which application threads were stopped: 0.0002515 seconds, Stopping threads took: 0.0000537 seconds
[2023-11-16T06:29:49.678+0000][3330.122s][debug][safepoint     ] Safepoint synchronization initiated. (169 threads)
[2023-11-16T06:29:49.678+0000][3330.122s][info ][safepoint     ] Application time: 1.0001640 seconds
[2023-11-16T06:29:49.678+0000][3330.122s][info ][safepoint     ] Entering safepoint region: Cleanup
[2023-11-16T06:29:49.679+0000][3330.122s][info ][safepoint     ] Leaving safepoint region
[2023-11-16T06:29:49.679+0000][3330.122s][info ][safepoint     ] Total time for which application threads were stopped: 0.0003380 seconds, Stopping threads took: 0.0000494 seconds
[2023-11-16T06:29:50.679+0000][3331.122s][debug][safepoint     ] Safepoint synchronization initiated. (169 threads)
[2023-11-16T06:29:50.679+0000][3331.122s][info ][safepoint     ] Application time: 1.0001752 seconds
[2023-11-16T06:29:50.679+0000][3331.122s][info ][safepoint     ] Entering safepoint region: Cleanup
[2023-11-16T06:29:50.679+0000][3331.123s][info ][safepoint     ] Leaving safepoint region
[2023-11-16T06:29:50.679+0000][3331.123s][info ][safepoint     ] Total time for which application threads were stopped: 0.0003346 seconds, Stopping threads took: 0.0000503 seconds
[2023-11-16T06:29:51.679+0000][3332.123s][debug][safepoint     ] Safepoint synchronization initiated. (169 threads)
[2023-11-16T06:29:51.680+0000][3332.123s][info ][safepoint     ] Application time: 1.0001777 seconds
[2023-11-16T06:29:51.680+0000][3332.123s][info ][safepoint     ] Entering safepoint region: Cleanup
[2023-11-16T06:29:51.680+0000][3332.123s][info ][safepoint     ] Leaving safepoint region
[2023-11-16T06:29:51.680+0000][3332.123s][info ][safepoint     ] Total time for which application threads were stopped: 0.0003419 seconds, Stopping threads took: 0.0000515 seconds
[2023-11-16T06:29:52.680+0000][3333.123s][debug][safepoint     ] Safepoint synchronization initiated. (169 threads)
[2023-11-16T06:29:52.680+0000][3333.123s][info ][safepoint     ] Application time: 1.0001620 seconds
[2023-11-16T06:29:52.680+0000][3333.123s][info ][safepoint     ] Entering safepoint region: Cleanup
[2023-11-16T06:29:52.681+0000][3333.124s][info ][safepoint     ] Leaving safepoint region
[2023-11-16T06:29:52.681+0000][3333.124s][info ][safepoint     ] Total time for which application threads were stopped: 0.0006366 seconds, Stopping threads took: 0.0003369 seconds
[2023-11-16T06:29:53.681+0000][3334.124s][debug][safepoint     ] Safepoint synchronization initiated. (169 threads)
[2023-11-16T06:29:53.681+0000][3334.124s][info ][safepoint     ] Application time: 1.0001401 seconds
[2023-11-16T06:29:53.681+0000][3334.124s][info ][safepoint     ] Entering safepoint region: Cleanup
[2023-11-16T06:29:53.681+0000][3334.125s][info ][safepoint     ] Leaving safepoint region
[2023-11-16T06:29:53.681+0000][3334.125s][info ][safepoint     ] Total time for which application threads were stopped: 0.0003345 seconds, Stopping threads took: 0.0000496 seconds
[2023-11-16T06:29:54.681+0000][3335.125s][debug][safepoint     ] Safepoint synchronization initiated. (169 threads)
[2023-11-16T06:29:54.681+0000][3335.125s][info ][safepoint     ] Application time: 1.0001765 seconds
[2023-11-16T06:29:54.681+0000][3335.125s][info ][safepoint     ] Entering safepoint region: Cleanup
[2023-11-16T06:29:54.682+0000][3335.125s][info ][safepoint     ] Leaving safepoint region
[2023-11-16T06:29:54.682+0000][3335.125s][info ][safepoint     ] Total time for which application threads were stopped: 0.0003443 seconds, Stopping threads took: 0.0000505 seconds
[2023-11-16T06:29:55.682+0000][3336.125s][debug][safepoint     ] Safepoint synchronization initiated. (169 threads)
[2023-11-16T06:29:55.682+0000][3336.125s][info ][safepoint     ] Application time: 1.0001750 seconds
[2023-11-16T06:29:55.682+0000][3336.125s][info ][safepoint     ] Entering safepoint region: Cleanup
[2023-11-16T06:29:55.682+0000][3336.126s][info ][safepoint     ] Leaving safepoint region
[2023-11-16T06:29:55.682+0000][3336.126s][info ][safepoint     ] Total time for which application threads were stopped: 0.0002873 seconds, Stopping threads took: 0.0000528 seconds
[2023-11-16T06:29:56.682+0000][3337.126s][debug][safepoint     ] Safepoint synchronization initiated. (169 threads)
[2023-11-16T06:29:56.682+0000][3337.126s][info ][safepoint     ] Application time: 1.0001581 seconds
[2023-11-16T06:29:56.683+0000][3337.126s][info ][safepoint     ] Entering safepoint region: Cleanup
[2023-11-16T06:29:56.683+0000][3337.126s][info ][safepoint     ] Leaving safepoint region
[2023-11-16T06:29:56.683+0000][3337.126s][info ][safepoint     ] Total time for which application threads were stopped: 0.0003401 seconds, Stopping threads took: 0.0000496 seconds
[2023-11-16T06:29:57.683+0000][3338.126s][debug][safepoint     ] Safepoint synchronization initiated. (169 threads)
[2023-11-16T06:29:57.683+0000][3338.126s][info ][safepoint     ] Application time: 1.0001746 seconds
[2023-11-16T06:29:57.683+0000][3338.126s][info ][safepoint     ] Entering safepoint region: Cleanup
[2023-11-16T06:29:57.683+0000][3338.127s][info ][safepoint     ] Leaving safepoint region
[2023-11-16T06:29:57.683+0000][3338.127s][info ][safepoint     ] Total time for which application threads were stopped: 0.0004299 seconds, Stopping threads took: 0.0002064 seconds
[2023-11-16T06:29:58.684+0000][3339.127s][debug][safepoint     ] Safepoint synchronization initiated. (169 threads)
[2023-11-16T06:29:58.684+0000][3339.127s][info ][safepoint     ] Application time: 1.0001462 seconds
[2023-11-16T06:29:58.684+0000][3339.127s][info ][safepoint     ] Entering safepoint region: Cleanup
[2023-11-16T06:29:58.684+0000][3339.127s][info ][safepoint     ] Leaving safepoint region
[2023-11-16T06:29:58.684+0000][3339.127s][info ][safepoint     ] Total time for which application threads were stopped: 0.0003591 seconds, Stopping threads took: 0.0000490 seconds
[2023-11-16T06:29:59.684+0000][3340.127s][debug][safepoint     ] Safepoint synchronization initiated. (169 threads)
[2023-11-16T06:29:59.684+0000][3340.128s][info ][safepoint     ] Application time: 1.0001655 seconds
[2023-11-16T06:29:59.684+0000][3340.128s][info ][safepoint     ] Entering safepoint region: Cleanup
[2023-11-16T06:29:59.684+0000][3340.128s][info ][safepoint     ] Leaving safepoint region
[2023-11-16T06:29:59.684+0000][3340.128s][info ][safepoint     ] Total time for which application threads were stopped: 0.0002552 seconds, Stopping threads took: 0.0000503 seconds
[2023-11-16T06:30:00.685+0000][3341.128s][debug][safepoint     ] Safepoint synchronization initiated. (169 threads)
[2023-11-16T06:30:00.685+0000][3341.128s][info ][safepoint     ] Application time: 1.0001632 seconds
[2023-11-16T06:30:00.685+0000][3341.128s][info ][safepoint     ] Entering safepoint region: Cleanup
[2023-11-16T06:30:00.685+0000][3341.128s][info ][safepoint     ] Leaving safepoint region
[2023-11-16T06:30:00.685+0000][3341.128s][info ][safepoint     ] Total time for which application threads were stopped: 0.0002412 seconds, Stopping threads took: 0.0000495 seconds
[2023-11-16T06:30:01.685+0000][3342.128s][debug][safepoint     ] Safepoint synchronization initiated. (169 threads)
[2023-11-16T06:30:01.685+0000][3342.128s][info ][safepoint     ] Application time: 1.0001716 seconds
[2023-11-16T06:30:01.685+0000][3342.128s][info ][safepoint     ] Entering safepoint region: Cleanup
[2023-11-16T06:30:01.685+0000][3342.129s][info ][safepoint     ] Leaving safepoint region
[2023-11-16T06:30:01.685+0000][3342.129s][info ][safepoint     ] Total time for which application threads were stopped: 0.0002522 seconds, Stopping threads took: 0.0000496 seconds
[2023-11-16T06:30:02.685+0000][3343.129s][debug][safepoint     ] Safepoint synchronization initiated. (169 threads)
[2023-11-16T06:30:02.686+0000][3343.129s][info ][safepoint     ] Application time: 1.0001343 seconds
[2023-11-16T06:30:02.686+0000][3343.129s][info ][safepoint     ] Entering safepoint region: Cleanup
[2023-11-16T06:30:02.686+0000][3343.129s][info ][safepoint     ] Leaving safepoint region
[2023-11-16T06:30:02.686+0000][3343.129s][info ][safepoint     ] Total time for which application threads were stopped: 0.0002085 seconds, Stopping threads took: 0.0000474 seconds
[2023-11-16T06:30:03.686+0000][3344.129s][debug][safepoint     ] Safepoint synchronization initiated. (169 threads)
[2023-11-16T06:30:03.686+0000][3344.129s][info ][safepoint     ] Application time: 1.0001592 seconds
[2023-11-16T06:30:03.686+0000][3344.129s][info ][safepoint     ] Entering safepoint region: Cleanup
[2023-11-16T06:30:03.686+0000][3344.129s][info ][safepoint     ] Leaving safepoint region
[2023-11-16T06:30:03.686+0000][3344.130s][info ][safepoint     ] Total time for which application threads were stopped: 0.0002531 seconds, Stopping threads took: 0.0000501 seconds
[2023-11-16T06:30:04.686+0000][3345.130s][debug][safepoint     ] Safepoint synchronization initiated. (169 threads)
[2023-11-16T06:30:04.686+0000][3345.130s][info ][safepoint     ] Application time: 1.0001700 seconds
[2023-11-16T06:30:04.686+0000][3345.130s][info ][safepoint     ] Entering safepoint region: Cleanup
[2023-11-16T06:30:04.687+0000][3345.130s][info ][safepoint     ] Leaving safepoint region
[2023-11-16T06:30:04.687+0000][3345.130s][info ][safepoint     ] Total time for which application threads were stopped: 0.0003401 seconds, Stopping threads took: 0.0000503 seconds
[2023-11-16T06:30:05.687+0000][3346.130s][debug][safepoint     ] Safepoint synchronization initiated. (169 threads)
[2023-11-16T06:30:05.687+0000][3346.130s][info ][safepoint     ] Application time: 1.0001597 seconds
[2023-11-16T06:30:05.687+0000][3346.130s][info ][safepoint     ] Entering safepoint region: Cleanup
[2023-11-16T06:30:05.687+0000][3346.131s][info ][safepoint     ] Leaving safepoint region
[2023-11-16T06:30:05.687+0000][3346.131s][info ][safepoint     ] Total time for which application threads were stopped: 0.0003317 seconds, Stopping threads took: 0.0000496 seconds
[2023-11-16T06:30:06.687+0000][3347.131s][debug][safepoint     ] Safepoint synchronization initiated. (169 threads)
[2023-11-16T06:30:06.687+0000][3347.131s][info ][safepoint     ] Application time: 1.0001686 seconds
[2023-11-16T06:30:06.688+0000][3347.131s][info ][safepoint     ] Entering safepoint region: Cleanup
[2023-11-16T06:30:06.688+0000][3347.131s][info ][safepoint     ] Leaving safepoint region
[2023-11-16T06:30:06.688+0000][3347.131s][info ][safepoint     ] Total time for which application threads were stopped: 0.0003345 seconds, Stopping threads took: 0.0000499 seconds
[2023-11-16T06:30:07.688+0000][3348.131s][debug][safepoint     ] Safepoint synchronization initiated. (169 threads)
[2023-11-16T06:30:07.688+0000][3348.131s][info ][safepoint     ] Application time: 1.0001523 seconds
[2023-11-16T06:30:07.688+0000][3348.131s][info ][safepoint     ] Entering safepoint region: Cleanup
[2023-11-16T06:30:07.688+0000][3348.132s][info ][safepoint     ] Leaving safepoint region
[2023-11-16T06:30:07.688+0000][3348.132s][info ][safepoint     ] Total time for which application threads were stopped: 0.0002780 seconds, Stopping threads took: 0.0000509 seconds
[2023-11-16T06:30:08.688+0000][3349.132s][debug][safepoint     ] Safepoint synchronization initiated. (169 threads)
[2023-11-16T06:30:08.688+0000][3349.132s][info ][safepoint     ] Application time: 1.0001606 seconds
[2023-11-16T06:30:08.689+0000][3349.132s][info ][safepoint     ] Entering safepoint region: Cleanup
[2023-11-16T06:30:08.689+0000][3349.132s][info ][safepoint     ] Leaving safepoint region
[2023-11-16T06:30:08.689+0000][3349.132s][info ][safepoint     ] Total time for which application threads were stopped: 0.0003370 seconds, Stopping threads took: 0.0000489 seconds
[2023-11-16T06:30:09.689+0000][3350.132s][debug][safepoint     ] Safepoint synchronization initiated. (169 threads)
[2023-11-16T06:30:09.689+0000][3350.132s][info ][safepoint     ] Application time: 1.0001574 seconds
[2023-11-16T06:30:09.689+0000][3350.132s][info ][safepoint     ] Entering safepoint region: Cleanup
[2023-11-16T06:30:09.689+0000][3350.133s][info ][safepoint     ] Leaving safepoint region
[2023-11-16T06:30:09.689+0000][3350.133s][info ][safepoint     ] Total time for which application threads were stopped: 0.0003346 seconds, Stopping threads took: 0.0000522 seconds
[2023-11-16T06:30:10.689+0000][3351.133s][debug][safepoint     ] Safepoint synchronization initiated. (169 threads)
[2023-11-16T06:30:10.690+0000][3351.133s][info ][safepoint     ] Application time: 1.0001554 seconds
[2023-11-16T06:30:10.690+0000][3351.133s][info ][safepoint     ] Entering safepoint region: Cleanup
[2023-11-16T06:30:10.690+0000][3351.133s][info ][safepoint     ] Leaving safepoint region
[2023-11-16T06:30:10.690+0000][3351.133s][info ][safepoint     ] Total time for which application threads were stopped: 0.0003363 seconds, Stopping threads took: 0.0000502 seconds
[2023-11-16T06:30:11.690+0000][3352.133s][debug][safepoint     ] Safepoint synchronization initiated. (169 threads)
[2023-11-16T06:30:11.690+0000][3352.133s][info ][safepoint     ] Application time: 1.0001560 seconds
[2023-11-16T06:30:11.690+0000][3352.133s][info ][safepoint     ] Entering safepoint region: Cleanup
[2023-11-16T06:30:11.690+0000][3352.134s][info ][safepoint     ] Leaving safepoint region
[2023-11-16T06:30:11.690+0000][3352.134s][info ][safepoint     ] Total time for which application threads were stopped: 0.0003313 seconds, Stopping threads took: 0.0000494 seconds
[2023-11-16T06:30:12.691+0000][3353.134s][debug][safepoint     ] Safepoint synchronization initiated. (169 threads)
[2023-11-16T06:30:12.691+0000][3353.134s][info ][safepoint     ] Application time: 1.0001508 seconds
[2023-11-16T06:30:12.691+0000][3353.134s][info ][safepoint     ] Entering safepoint region: Cleanup
[2023-11-16T06:30:12.691+0000][3353.134s][info ][safepoint     ] Leaving safepoint region
[2023-11-16T06:30:12.691+0000][3353.134s][info ][safepoint     ] Total time for which application threads were stopped: 0.0003385 seconds, Stopping threads took: 0.0000513 seconds
[2023-11-16T06:30:13.691+0000][3354.134s][debug][safepoint     ] Safepoint synchronization initiated. (169 threads)
[2023-11-16T06:30:13.691+0000][3354.134s][info ][safepoint     ] Application time: 1.0001520 seconds
[2023-11-16T06:30:13.691+0000][3354.134s][info ][safepoint     ] Entering safepoint region: Cleanup
[2023-11-16T06:30:13.691+0000][3354.135s][info ][safepoint     ] Leaving safepoint region
[2023-11-16T06:30:13.691+0000][3354.135s][info ][safepoint     ] Total time for which application threads were stopped: 0.0002939 seconds, Stopping threads took: 0.0000507 seconds
[2023-11-16T06:30:14.691+0000][3355.135s][debug][safepoint     ] Safepoint synchronization initiated. (169 threads)
[2023-11-16T06:30:14.692+0000][3355.135s][info ][safepoint     ] Application time: 1.0000991 seconds
[2023-11-16T06:30:14.692+0000][3355.135s][info ][safepoint     ] Entering safepoint region: Cleanup
[2023-11-16T06:30:14.692+0000][3355.135s][info ][safepoint     ] Leaving safepoint region
[2023-11-16T06:30:14.692+0000][3355.135s][info ][safepoint     ] Total time for which application threads were stopped: 0.0003401 seconds, Stopping threads took: 0.0000516 seconds
[2023-11-16T06:30:15.692+0000][3356.135s][debug][safepoint     ] Safepoint synchronization initiated. (169 threads)
[2023-11-16T06:30:15.692+0000][3356.135s][info ][safepoint     ] Application time: 1.0001563 seconds
[2023-11-16T06:30:15.692+0000][3356.135s][info ][safepoint     ] Entering safepoint region: Cleanup
[2023-11-16T06:30:15.692+0000][3356.136s][info ][safepoint     ] Leaving safepoint region
[2023-11-16T06:30:15.692+0000][3356.136s][info ][safepoint     ] Total time for which application threads were stopped: 0.0002561 seconds, Stopping threads took: 0.0000511 seconds
[2023-11-16T06:30:16.692+0000][3357.136s][debug][safepoint     ] Safepoint synchronization initiated. (169 threads)
[2023-11-16T06:30:16.693+0000][3357.136s][info ][safepoint     ] Application time: 1.0001851 seconds
[2023-11-16T06:30:16.693+0000][3357.136s][info ][safepoint     ] Entering safepoint region: Cleanup
[2023-11-16T06:30:16.693+0000][3357.136s][info ][safepoint     ] Leaving safepoint region
[2023-11-16T06:30:16.693+0000][3357.136s][info ][safepoint     ] Total time for which application threads were stopped: 0.0002607 seconds, Stopping threads took: 0.0000521 seconds
[2023-11-16T06:30:17.693+0000][3358.136s][debug][safepoint     ] Safepoint synchronization initiated. (169 threads)
[2023-11-16T06:30:17.693+0000][3358.136s][info ][safepoint     ] Application time: 1.0001578 seconds
[2023-11-16T06:30:17.693+0000][3358.136s][info ][safepoint     ] Entering safepoint region: Cleanup
[2023-11-16T06:30:17.693+0000][3358.137s][info ][safepoint     ] Leaving safepoint region
[2023-11-16T06:30:17.693+0000][3358.137s][info ][safepoint     ] Total time for which application threads were stopped: 0.0003680 seconds, Stopping threads took: 0.0000510 seconds
[2023-11-16T06:30:18.693+0000][3359.137s][debug][safepoint     ] Safepoint synchronization initiated. (169 threads)
[2023-11-16T06:30:18.694+0000][3359.137s][info ][safepoint     ] Application time: 1.0001507 seconds
[2023-11-16T06:30:18.694+0000][3359.137s][info ][safepoint     ] Entering safepoint region: Cleanup
[2023-11-16T06:30:18.694+0000][3359.137s][info ][safepoint     ] Leaving safepoint region
[2023-11-16T06:30:18.694+0000][3359.137s][info ][safepoint     ] Total time for which application threads were stopped: 0.0003405 seconds, Stopping threads took: 0.0000497 seconds
[2023-11-16T06:30:19.694+0000][3360.137s][debug][safepoint     ] Safepoint synchronization initiated. (169 threads)
[2023-11-16T06:30:19.694+0000][3360.137s][info ][safepoint     ] Application time: 1.0001652 seconds
[2023-11-16T06:30:19.694+0000][3360.137s][info ][safepoint     ] Entering safepoint region: Cleanup
[2023-11-16T06:30:19.694+0000][3360.138s][info ][safepoint     ] Leaving safepoint region
[2023-11-16T06:30:19.694+0000][3360.138s][info ][safepoint     ] Total time for which application threads were stopped: 0.0003365 seconds, Stopping threads took: 0.0000500 seconds
[2023-11-16T06:30:20.695+0000][3361.138s][debug][safepoint     ] Safepoint synchronization initiated. (169 threads)
[2023-11-16T06:30:20.695+0000][3361.138s][info ][safepoint     ] Application time: 1.0001781 seconds
[2023-11-16T06:30:20.695+0000][3361.138s][info ][safepoint     ] Entering safepoint region: Cleanup
[2023-11-16T06:30:20.695+0000][3361.138s][info ][safepoint     ] Leaving safepoint region
[2023-11-16T06:30:20.695+0000][3361.138s][info ][safepoint     ] Total time for which application threads were stopped: 0.0002569 seconds, Stopping threads took: 0.0000512 seconds
[2023-11-16T06:30:21.695+0000][3362.138s][debug][safepoint     ] Safepoint synchronization initiated. (169 threads)
[2023-11-16T06:30:21.695+0000][3362.138s][info ][safepoint     ] Application time: 1.0001435 seconds
[2023-11-16T06:30:21.695+0000][3362.138s][info ][safepoint     ] Entering safepoint region: Cleanup
[2023-11-16T06:30:21.696+0000][3362.139s][info ][safepoint     ] Leaving safepoint region
[2023-11-16T06:30:21.696+0000][3362.139s][info ][safepoint     ] Total time for which application threads were stopped: 0.0006388 seconds, Stopping threads took: 0.0004123 seconds
[2023-11-16T06:30:22.696+0000][3363.139s][debug][safepoint     ] Safepoint synchronization initiated. (169 threads)
[2023-11-16T06:30:22.696+0000][3363.139s][info ][safepoint     ] Application time: 1.0001600 seconds
[2023-11-16T06:30:22.696+0000][3363.139s][info ][safepoint     ] Entering safepoint region: Cleanup
[2023-11-16T06:30:22.696+0000][3363.139s][info ][safepoint     ] Leaving safepoint region
[2023-11-16T06:30:22.696+0000][3363.139s][info ][safepoint     ] Total time for which application threads were stopped: 0.0002319 seconds, Stopping threads took: 0.0000538 seconds
[2023-11-16T06:30:23.696+0000][3364.140s][debug][safepoint     ] Safepoint synchronization initiated. (169 threads)
[2023-11-16T06:30:23.696+0000][3364.140s][info ][safepoint     ] Application time: 1.0002029 seconds
[2023-11-16T06:30:23.696+0000][3364.140s][info ][safepoint     ] Entering safepoint region: Cleanup
[2023-11-16T06:30:23.697+0000][3364.140s][info ][safepoint     ] Leaving safepoint region
[2023-11-16T06:30:23.697+0000][3364.140s][info ][safepoint     ] Total time for which application threads were stopped: 0.0003455 seconds, Stopping threads took: 0.0000528 seconds
[2023-11-16T06:30:24.697+0000][3365.140s][debug][safepoint     ] Safepoint synchronization initiated. (169 threads)
[2023-11-16T06:30:24.697+0000][3365.140s][info ][safepoint     ] Application time: 1.0001503 seconds
[2023-11-16T06:30:24.697+0000][3365.140s][info ][safepoint     ] Entering safepoint region: Cleanup
[2023-11-16T06:30:24.697+0000][3365.141s][info ][safepoint     ] Leaving safepoint region
[2023-11-16T06:30:24.697+0000][3365.141s][info ][safepoint     ] Total time for which application threads were stopped: 0.0003418 seconds, Stopping threads took: 0.0000514 seconds
[2023-11-16T06:30:25.697+0000][3366.141s][debug][safepoint     ] Safepoint synchronization initiated. (169 threads)
[2023-11-16T06:30:25.697+0000][3366.141s][info ][safepoint     ] Application time: 1.0001704 seconds
[2023-11-16T06:30:25.698+0000][3366.141s][info ][safepoint     ] Entering safepoint region: Cleanup
[2023-11-16T06:30:25.698+0000][3366.141s][info ][safepoint     ] Leaving safepoint region
[2023-11-16T06:30:25.698+0000][3366.141s][info ][safepoint     ] Total time for which application threads were stopped: 0.0002908 seconds, Stopping threads took: 0.0000505 seconds
[2023-11-16T06:30:26.698+0000][3367.141s][debug][safepoint     ] Safepoint synchronization initiated. (169 threads)
[2023-11-16T06:30:26.698+0000][3367.141s][info ][safepoint     ] Application time: 1.0001588 seconds
[2023-11-16T06:30:26.698+0000][3367.141s][info ][safepoint     ] Entering safepoint region: Cleanup
[2023-11-16T06:30:26.698+0000][3367.142s][info ][safepoint     ] Leaving safepoint region
[2023-11-16T06:30:26.698+0000][3367.142s][info ][safepoint     ] Total time for which application threads were stopped: 0.0004502 seconds, Stopping threads took: 0.0001932 seconds
[2023-11-16T06:30:27.699+0000][3368.142s][debug][safepoint     ] Safepoint synchronization initiated. (169 threads)
[2023-11-16T06:30:27.699+0000][3368.142s][info ][safepoint     ] Application time: 1.0001336 seconds
[2023-11-16T06:30:27.699+0000][3368.142s][info ][safepoint     ] Entering safepoint region: Cleanup
[2023-11-16T06:30:27.699+0000][3368.142s][info ][safepoint     ] Leaving safepoint region
[2023-11-16T06:30:27.699+0000][3368.142s][info ][safepoint     ] Total time for which application threads were stopped: 0.0003386 seconds, Stopping threads took: 0.0000511 seconds
[2023-11-16T06:30:28.699+0000][3369.142s][debug][safepoint     ] Safepoint synchronization initiated. (169 threads)
[2023-11-16T06:30:28.699+0000][3369.142s][info ][safepoint     ] Application time: 1.0001669 seconds
[2023-11-16T06:30:28.699+0000][3369.142s][info ][safepoint     ] Entering safepoint region: Cleanup
[2023-11-16T06:30:28.699+0000][3369.143s][info ][safepoint     ] Leaving safepoint region
[2023-11-16T06:30:28.699+0000][3369.143s][info ][safepoint     ] Total time for which application threads were stopped: 0.0003052 seconds, Stopping threads took: 0.0000495 seconds
[2023-11-16T06:30:29.700+0000][3370.143s][debug][safepoint     ] Safepoint synchronization initiated. (169 threads)
[2023-11-16T06:30:29.700+0000][3370.143s][info ][safepoint     ] Application time: 1.0001203 seconds
[2023-11-16T06:30:29.700+0000][3370.143s][info ][safepoint     ] Entering safepoint region: Cleanup
[2023-11-16T06:30:29.700+0000][3370.143s][info ][safepoint     ] Leaving safepoint region
[2023-11-16T06:30:29.700+0000][3370.143s][info ][safepoint     ] Total time for which application threads were stopped: 0.0003234 seconds, Stopping threads took: 0.0000519 seconds
[2023-11-16T06:30:30.700+0000][3371.143s][debug][safepoint     ] Safepoint synchronization initiated. (169 threads)
[2023-11-16T06:30:30.700+0000][3371.143s][info ][safepoint     ] Application time: 1.0001900 seconds
[2023-11-16T06:30:30.700+0000][3371.144s][info ][safepoint     ] Entering safepoint region: Cleanup
[2023-11-16T06:30:30.700+0000][3371.144s][info ][safepoint     ] Leaving safepoint region
[2023-11-16T06:30:30.700+0000][3371.144s][info ][safepoint     ] Total time for which application threads were stopped: 0.0002658 seconds, Stopping threads took: 0.0000541 seconds
[2023-11-16T06:30:31.701+0000][3372.144s][debug][safepoint     ] Safepoint synchronization initiated. (169 threads)
[2023-11-16T06:30:31.701+0000][3372.144s][info ][safepoint     ] Application time: 1.0001724 seconds
[2023-11-16T06:30:31.701+0000][3372.144s][info ][safepoint     ] Entering safepoint region: Cleanup
[2023-11-16T06:30:31.701+0000][3372.144s][info ][safepoint     ] Leaving safepoint region
[2023-11-16T06:30:31.701+0000][3372.144s][info ][safepoint     ] Total time for which application threads were stopped: 0.0005289 seconds, Stopping threads took: 0.0002344 seconds
[2023-11-16T06:30:32.701+0000][3373.145s][debug][safepoint     ] Safepoint synchronization initiated. (169 threads)
[2023-11-16T06:30:32.701+0000][3373.145s][info ][safepoint     ] Application time: 1.0001646 seconds
[2023-11-16T06:30:32.701+0000][3373.145s][info ][safepoint     ] Entering safepoint region: Cleanup
[2023-11-16T06:30:32.702+0000][3373.145s][info ][safepoint     ] Leaving safepoint region
[2023-11-16T06:30:32.702+0000][3373.145s][info ][safepoint     ] Total time for which application threads were stopped: 0.0002667 seconds, Stopping threads took: 0.0000541 seconds
[2023-11-16T06:30:33.702+0000][3374.145s][debug][safepoint     ] Safepoint synchronization initiated. (169 threads)
[2023-11-16T06:30:33.702+0000][3374.145s][info ][safepoint     ] Application time: 1.0001733 seconds
[2023-11-16T06:30:33.702+0000][3374.145s][info ][safepoint     ] Entering safepoint region: Cleanup
[2023-11-16T06:30:33.702+0000][3374.145s][info ][safepoint     ] Leaving safepoint region
[2023-11-16T06:30:33.702+0000][3374.145s][info ][safepoint     ] Total time for which application threads were stopped: 0.0002633 seconds, Stopping threads took: 0.0000520 seconds
[2023-11-16T06:30:34.702+0000][3375.146s][debug][safepoint     ] Safepoint synchronization initiated. (169 threads)
[2023-11-16T06:30:34.702+0000][3375.146s][info ][safepoint     ] Application time: 1.0001718 seconds
[2023-11-16T06:30:34.702+0000][3375.146s][info ][safepoint     ] Entering safepoint region: Cleanup
[2023-11-16T06:30:34.703+0000][3375.146s][info ][safepoint     ] Leaving safepoint region
[2023-11-16T06:30:34.703+0000][3375.146s][info ][safepoint     ] Total time for which application threads were stopped: 0.0002653 seconds, Stopping threads took: 0.0000533 seconds
[2023-11-16T06:30:35.703+0000][3376.146s][debug][safepoint     ] Safepoint synchronization initiated. (169 threads)
[2023-11-16T06:30:35.703+0000][3376.146s][info ][safepoint     ] Application time: 1.0001646 seconds
[2023-11-16T06:30:35.703+0000][3376.146s][info ][safepoint     ] Entering safepoint region: Cleanup
[2023-11-16T06:30:35.703+0000][3376.146s][info ][safepoint     ] Leaving safepoint region
[2023-11-16T06:30:35.703+0000][3376.146s][info ][safepoint     ] Total time for which application threads were stopped: 0.0002705 seconds, Stopping threads took: 0.0000557 seconds
[2023-11-16T06:30:36.703+0000][3377.146s][debug][safepoint     ] Safepoint synchronization initiated. (169 threads)
[2023-11-16T06:30:36.703+0000][3377.147s][info ][safepoint     ] Application time: 1.0001649 seconds
[2023-11-16T06:30:36.703+0000][3377.147s][info ][safepoint     ] Entering safepoint region: Cleanup
[2023-11-16T06:30:36.704+0000][3377.147s][info ][safepoint     ] Leaving safepoint region
[2023-11-16T06:30:36.704+0000][3377.147s][info ][safepoint     ] Total time for which application threads were stopped: 0.0004961 seconds, Stopping threads took: 0.0001862 seconds
[2023-11-16T06:30:37.704+0000][3378.147s][debug][safepoint     ] Safepoint synchronization initiated. (169 threads)
[2023-11-16T06:30:37.704+0000][3378.147s][info ][safepoint     ] Application time: 1.0002001 seconds
[2023-11-16T06:30:37.704+0000][3378.147s][info ][safepoint     ] Entering safepoint region: Cleanup
[2023-11-16T06:30:37.704+0000][3378.148s][info ][safepoint     ] Leaving safepoint region
[2023-11-16T06:30:37.704+0000][3378.148s][info ][safepoint     ] Total time for which application threads were stopped: 0.0003477 seconds, Stopping threads took: 0.0000541 seconds
[2023-11-16T06:30:38.704+0000][3379.148s][debug][safepoint     ] Safepoint synchronization initiated. (169 threads)
[2023-11-16T06:30:38.704+0000][3379.148s][info ][safepoint     ] Application time: 1.0001414 seconds
[2023-11-16T06:30:38.705+0000][3379.148s][info ][safepoint     ] Entering safepoint region: Cleanup
[2023-11-16T06:30:38.705+0000][3379.148s][info ][safepoint     ] Leaving safepoint region
[2023-11-16T06:30:38.705+0000][3379.148s][info ][safepoint     ] Total time for which application threads were stopped: 0.0003603 seconds, Stopping threads took: 0.0000526 seconds
[2023-11-16T06:30:39.705+0000][3380.148s][debug][safepoint     ] Safepoint synchronization initiated. (169 threads)
[2023-11-16T06:30:39.705+0000][3380.148s][info ][safepoint     ] Application time: 1.0001725 seconds
[2023-11-16T06:30:39.705+0000][3380.148s][info ][safepoint     ] Entering safepoint region: Cleanup
[2023-11-16T06:30:39.705+0000][3380.149s][info ][safepoint     ] Leaving safepoint region
[2023-11-16T06:30:39.705+0000][3380.149s][info ][safepoint     ] Total time for which application threads were stopped: 0.0002807 seconds, Stopping threads took: 0.0000529 seconds
[2023-11-16T06:30:40.705+0000][3381.149s][debug][safepoint     ] Safepoint synchronization initiated. (169 threads)
[2023-11-16T06:30:40.706+0000][3381.149s][info ][safepoint     ] Application time: 1.0001707 seconds
[2023-11-16T06:30:40.706+0000][3381.149s][info ][safepoint     ] Entering safepoint region: Cleanup
[2023-11-16T06:30:40.706+0000][3381.149s][info ][safepoint     ] Leaving safepoint region
[2023-11-16T06:30:40.706+0000][3381.149s][info ][safepoint     ] Total time for which application threads were stopped: 0.0002641 seconds, Stopping threads took: 0.0000542 seconds
[2023-11-16T06:30:41.706+0000][3382.149s][debug][safepoint     ] Safepoint synchronization initiated. (169 threads)
[2023-11-16T06:30:41.706+0000][3382.149s][info ][safepoint     ] Application time: 1.0001430 seconds
[2023-11-16T06:30:41.706+0000][3382.149s][info ][safepoint     ] Entering safepoint region: Cleanup
[2023-11-16T06:30:41.706+0000][3382.150s][info ][safepoint     ] Leaving safepoint region
[2023-11-16T06:30:41.706+0000][3382.150s][info ][safepoint     ] Total time for which application threads were stopped: 0.0004029 seconds, Stopping threads took: 0.0001499 seconds
[2023-11-16T06:30:42.707+0000][3383.150s][debug][safepoint     ] Safepoint synchronization initiated. (169 threads)
[2023-11-16T06:30:42.707+0000][3383.150s][info ][safepoint     ] Application time: 1.0001597 seconds
[2023-11-16T06:30:42.707+0000][3383.150s][info ][safepoint     ] Entering safepoint region: Cleanup
[2023-11-16T06:30:42.707+0000][3383.150s][info ][safepoint     ] Leaving safepoint region
[2023-11-16T06:30:42.707+0000][3383.150s][info ][safepoint     ] Total time for which application threads were stopped: 0.0003417 seconds, Stopping threads took: 0.0000511 seconds
[2023-11-16T06:30:43.707+0000][3384.150s][debug][safepoint     ] Safepoint synchronization initiated. (169 threads)
[2023-11-16T06:30:43.707+0000][3384.150s][info ][safepoint     ] Application time: 1.0001773 seconds
[2023-11-16T06:30:43.707+0000][3384.150s][info ][safepoint     ] Entering safepoint region: Cleanup
[2023-11-16T06:30:43.707+0000][3384.151s][info ][safepoint     ] Leaving safepoint region
[2023-11-16T06:30:43.707+0000][3384.151s][info ][safepoint     ] Total time for which application threads were stopped: 0.0003308 seconds, Stopping threads took: 0.0000502 seconds
[2023-11-16T06:30:44.708+0000][3385.151s][debug][safepoint     ] Safepoint synchronization initiated. (169 threads)
[2023-11-16T06:30:44.708+0000][3385.151s][info ][safepoint     ] Application time: 1.0001751 seconds
[2023-11-16T06:30:44.708+0000][3385.151s][info ][safepoint     ] Entering safepoint region: Cleanup
[2023-11-16T06:30:44.708+0000][3385.151s][info ][safepoint     ] Leaving safepoint region
[2023-11-16T06:30:44.708+0000][3385.151s][info ][safepoint     ] Total time for which application threads were stopped: 0.0003362 seconds, Stopping threads took: 0.0000517 seconds
[2023-11-16T06:30:45.708+0000][3386.151s][debug][safepoint     ] Safepoint synchronization initiated. (169 threads)
[2023-11-16T06:30:45.708+0000][3386.152s][info ][safepoint     ] Application time: 1.0001709 seconds
[2023-11-16T06:30:45.708+0000][3386.152s][info ][safepoint     ] Entering safepoint region: Cleanup
[2023-11-16T06:30:45.709+0000][3386.152s][info ][safepoint     ] Leaving safepoint region
[2023-11-16T06:30:45.709+0000][3386.152s][info ][safepoint     ] Total time for which application threads were stopped: 0.0003378 seconds, Stopping threads took: 0.0000505 seconds
[2023-11-16T06:30:46.709+0000][3387.152s][debug][safepoint     ] Safepoint synchronization initiated. (169 threads)
[2023-11-16T06:30:46.709+0000][3387.152s][info ][safepoint     ] Application time: 1.0001724 seconds
[2023-11-16T06:30:46.709+0000][3387.152s][info ][safepoint     ] Entering safepoint region: Cleanup
[2023-11-16T06:30:46.709+0000][3387.153s][info ][safepoint     ] Leaving safepoint region
[2023-11-16T06:30:46.709+0000][3387.153s][info ][safepoint     ] Total time for which application threads were stopped: 0.0006634 seconds, Stopping threads took: 0.0003265 seconds
[2023-11-16T06:30:47.710+0000][3388.153s][debug][safepoint     ] Safepoint synchronization initiated. (169 threads)
[2023-11-16T06:30:47.710+0000][3388.153s][info ][safepoint     ] Application time: 1.0001229 seconds
[2023-11-16T06:30:47.710+0000][3388.153s][info ][safepoint     ] Entering safepoint region: Cleanup
[2023-11-16T06:30:47.710+0000][3388.153s][info ][safepoint     ] Leaving safepoint region
[2023-11-16T06:30:47.710+0000][3388.153s][info ][safepoint     ] Total time for which application threads were stopped: 0.0003178 seconds, Stopping threads took: 0.0000533 seconds
[2023-11-16T06:30:48.710+0000][3389.153s][debug][safepoint     ] Safepoint synchronization initiated. (169 threads)
[2023-11-16T06:30:48.710+0000][3389.153s][info ][safepoint     ] Application time: 1.0001690 seconds
[2023-11-16T06:30:48.710+0000][3389.153s][info ][safepoint     ] Entering safepoint region: Cleanup
[2023-11-16T06:30:48.710+0000][3389.154s][info ][safepoint     ] Leaving safepoint region
[2023-11-16T06:30:48.710+0000][3389.154s][info ][safepoint     ] Total time for which application threads were stopped: 0.0003331 seconds, Stopping threads took: 0.0000491 seconds
[2023-11-16T06:30:49.711+0000][3390.154s][debug][safepoint     ] Safepoint synchronization initiated. (169 threads)
[2023-11-16T06:30:49.711+0000][3390.154s][info ][safepoint     ] Application time: 1.0001690 seconds
[2023-11-16T06:30:49.711+0000][3390.154s][info ][safepoint     ] Entering safepoint region: Cleanup
[2023-11-16T06:30:49.711+0000][3390.154s][info ][safepoint     ] Leaving safepoint region
[2023-11-16T06:30:49.711+0000][3390.154s][info ][safepoint     ] Total time for which application threads were stopped: 0.0003342 seconds, Stopping threads took: 0.0000502 seconds
[2023-11-16T06:30:50.711+0000][3391.154s][debug][safepoint     ] Safepoint synchronization initiated. (169 threads)
[2023-11-16T06:30:50.711+0000][3391.154s][info ][safepoint     ] Application time: 1.0001674 seconds
[2023-11-16T06:30:50.711+0000][3391.155s][info ][safepoint     ] Entering safepoint region: Cleanup
[2023-11-16T06:30:50.711+0000][3391.155s][info ][safepoint     ] Leaving safepoint region
[2023-11-16T06:30:50.712+0000][3391.155s][info ][safepoint     ] Total time for which application threads were stopped: 0.0003247 seconds, Stopping threads took: 0.0000517 seconds
[2023-11-16T06:30:51.712+0000][3392.155s][debug][safepoint     ] Safepoint synchronization initiated. (169 threads)
[2023-11-16T06:30:51.712+0000][3392.155s][info ][safepoint     ] Application time: 1.0001694 seconds
[2023-11-16T06:30:51.712+0000][3392.155s][info ][safepoint     ] Entering safepoint region: Cleanup
[2023-11-16T06:30:51.712+0000][3392.155s][info ][safepoint     ] Leaving safepoint region
[2023-11-16T06:30:51.712+0000][3392.155s][info ][safepoint     ] Total time for which application threads were stopped: 0.0003323 seconds, Stopping threads took: 0.0000485 seconds
[2023-11-16T06:30:52.712+0000][3393.155s][debug][safepoint     ] Safepoint synchronization initiated. (169 threads)
[2023-11-16T06:30:52.712+0000][3393.156s][info ][safepoint     ] Application time: 1.0001487 seconds
[2023-11-16T06:30:52.712+0000][3393.156s][info ][safepoint     ] Entering safepoint region: Cleanup
[2023-11-16T06:30:52.713+0000][3393.156s][info ][safepoint     ] Leaving safepoint region
[2023-11-16T06:30:52.713+0000][3393.156s][info ][safepoint     ] Total time for which application threads were stopped: 0.0003411 seconds, Stopping threads took: 0.0000512 seconds
[2023-11-16T06:30:53.713+0000][3394.156s][debug][safepoint     ] Safepoint synchronization initiated. (169 threads)
[2023-11-16T06:30:53.713+0000][3394.156s][info ][safepoint     ] Application time: 1.0001529 seconds
[2023-11-16T06:30:53.713+0000][3394.156s][info ][safepoint     ] Entering safepoint region: Cleanup
[2023-11-16T06:30:53.713+0000][3394.156s][info ][safepoint     ] Leaving safepoint region
[2023-11-16T06:30:53.713+0000][3394.156s][info ][safepoint     ] Total time for which application threads were stopped: 0.0003432 seconds, Stopping threads took: 0.0000501 seconds
[2023-11-16T06:30:54.713+0000][3395.157s][debug][safepoint     ] Safepoint synchronization initiated. (169 threads)
[2023-11-16T06:30:54.713+0000][3395.157s][info ][safepoint     ] Application time: 1.0001669 seconds
[2023-11-16T06:30:54.713+0000][3395.157s][info ][safepoint     ] Entering safepoint region: Cleanup
[2023-11-16T06:30:54.714+0000][3395.157s][info ][safepoint     ] Leaving safepoint region
[2023-11-16T06:30:54.714+0000][3395.157s][info ][safepoint     ] Total time for which application threads were stopped: 0.0003427 seconds, Stopping threads took: 0.0000499 seconds
[2023-11-16T06:30:55.714+0000][3396.157s][debug][safepoint     ] Safepoint synchronization initiated. (169 threads)
[2023-11-16T06:30:55.714+0000][3396.157s][info ][safepoint     ] Application time: 1.0001691 seconds
[2023-11-16T06:30:55.714+0000][3396.157s][info ][safepoint     ] Entering safepoint region: Cleanup
[2023-11-16T06:30:55.714+0000][3396.157s][info ][safepoint     ] Leaving safepoint region
[2023-11-16T06:30:55.714+0000][3396.158s][info ][safepoint     ] Total time for which application threads were stopped: 0.0003423 seconds, Stopping threads took: 0.0000510 seconds
[2023-11-16T06:30:56.714+0000][3397.158s][debug][safepoint     ] Safepoint synchronization initiated. (169 threads)
[2023-11-16T06:30:56.714+0000][3397.158s][info ][safepoint     ] Application time: 1.0001545 seconds
[2023-11-16T06:30:56.714+0000][3397.158s][info ][safepoint     ] Entering safepoint region: Cleanup
[2023-11-16T06:30:56.715+0000][3397.158s][info ][safepoint     ] Leaving safepoint region
[2023-11-16T06:30:56.715+0000][3397.158s][info ][safepoint     ] Total time for which application threads were stopped: 0.0003384 seconds, Stopping threads took: 0.0000514 seconds
[2023-11-16T06:30:57.715+0000][3398.158s][debug][safepoint     ] Safepoint synchronization initiated. (169 threads)
[2023-11-16T06:30:57.715+0000][3398.158s][info ][safepoint     ] Application time: 1.0001669 seconds
[2023-11-16T06:30:57.715+0000][3398.158s][info ][safepoint     ] Entering safepoint region: Cleanup
[2023-11-16T06:30:57.715+0000][3398.159s][info ][safepoint     ] Leaving safepoint region
[2023-11-16T06:30:57.715+0000][3398.159s][info ][safepoint     ] Total time for which application threads were stopped: 0.0003400 seconds, Stopping threads took: 0.0000510 seconds
[2023-11-16T06:30:58.715+0000][3399.159s][debug][safepoint     ] Safepoint synchronization initiated. (169 threads)
[2023-11-16T06:30:58.716+0000][3399.159s][info ][safepoint     ] Application time: 1.0002110 seconds
[2023-11-16T06:30:58.716+0000][3399.159s][info ][safepoint     ] Entering safepoint region: Cleanup
[2023-11-16T06:30:58.716+0000][3399.159s][info ][safepoint     ] Leaving safepoint region
[2023-11-16T06:30:58.716+0000][3399.159s][info ][safepoint     ] Total time for which application threads were stopped: 0.0003385 seconds, Stopping threads took: 0.0000497 seconds
[2023-11-16T06:30:59.716+0000][3400.159s][debug][safepoint     ] Safepoint synchronization initiated. (169 threads)
[2023-11-16T06:30:59.716+0000][3400.159s][info ][safepoint     ] Application time: 1.0001571 seconds
[2023-11-16T06:30:59.716+0000][3400.159s][info ][safepoint     ] Entering safepoint region: Cleanup
[2023-11-16T06:30:59.716+0000][3400.160s][info ][safepoint     ] Leaving safepoint region
[2023-11-16T06:30:59.716+0000][3400.160s][info ][safepoint     ] Total time for which application threads were stopped: 0.0003452 seconds, Stopping threads took: 0.0000509 seconds
[2023-11-16T06:31:00.717+0000][3401.160s][debug][safepoint     ] Safepoint synchronization initiated. (169 threads)
[2023-11-16T06:31:00.717+0000][3401.160s][info ][safepoint     ] Application time: 1.0001535 seconds
[2023-11-16T06:31:00.717+0000][3401.160s][info ][safepoint     ] Entering safepoint region: Cleanup
[2023-11-16T06:31:00.717+0000][3401.160s][info ][safepoint     ] Leaving safepoint region
[2023-11-16T06:31:00.717+0000][3401.160s][info ][safepoint     ] Total time for which application threads were stopped: 0.0003435 seconds, Stopping threads took: 0.0000513 seconds
[2023-11-16T06:31:01.717+0000][3402.160s][debug][safepoint     ] Safepoint synchronization initiated. (169 threads)
[2023-11-16T06:31:01.717+0000][3402.160s][info ][safepoint     ] Application time: 1.0001566 seconds
[2023-11-16T06:31:01.717+0000][3402.160s][info ][safepoint     ] Entering safepoint region: Cleanup
[2023-11-16T06:31:01.717+0000][3402.161s][info ][safepoint     ] Leaving safepoint region
[2023-11-16T06:31:01.717+0000][3402.161s][info ][safepoint     ] Total time for which application threads were stopped: 0.0003389 seconds, Stopping threads took: 0.0000503 seconds
[2023-11-16T06:31:02.718+0000][3403.161s][debug][safepoint     ] Safepoint synchronization initiated. (169 threads)
[2023-11-16T06:31:02.718+0000][3403.161s][info ][safepoint     ] Application time: 1.0001425 seconds
[2023-11-16T06:31:02.718+0000][3403.161s][info ][safepoint     ] Entering safepoint region: Cleanup
[2023-11-16T06:31:02.718+0000][3403.162s][info ][safepoint     ] Leaving safepoint region
[2023-11-16T06:31:02.718+0000][3403.162s][info ][safepoint     ] Total time for which application threads were stopped: 0.0005507 seconds, Stopping threads took: 0.0003501 seconds
[2023-11-16T06:31:03.718+0000][3404.162s][debug][safepoint     ] Safepoint synchronization initiated. (169 threads)
[2023-11-16T06:31:03.718+0000][3404.162s][info ][safepoint     ] Application time: 1.0001554 seconds
[2023-11-16T06:31:03.718+0000][3404.162s][info ][safepoint     ] Entering safepoint region: Cleanup
[2023-11-16T06:31:03.719+0000][3404.162s][info ][safepoint     ] Leaving safepoint region
[2023-11-16T06:31:03.719+0000][3404.162s][info ][safepoint     ] Total time for which application threads were stopped: 0.0003136 seconds, Stopping threads took: 0.0000496 seconds
[2023-11-16T06:31:04.719+0000][3405.162s][debug][safepoint     ] Safepoint synchronization initiated. (169 threads)
[2023-11-16T06:31:04.719+0000][3405.162s][info ][safepoint     ] Application time: 1.0001684 seconds
[2023-11-16T06:31:04.719+0000][3405.162s][info ][safepoint     ] Entering safepoint region: Cleanup
[2023-11-16T06:31:04.719+0000][3405.163s][info ][safepoint     ] Leaving safepoint region
[2023-11-16T06:31:04.719+0000][3405.163s][info ][safepoint     ] Total time for which application threads were stopped: 0.0003416 seconds, Stopping threads took: 0.0000512 seconds
[2023-11-16T06:31:05.719+0000][3406.163s][debug][safepoint     ] Safepoint synchronization initiated. (169 threads)
[2023-11-16T06:31:05.719+0000][3406.163s][info ][safepoint     ] Application time: 1.0002102 seconds
[2023-11-16T06:31:05.720+0000][3406.163s][info ][safepoint     ] Entering safepoint region: Cleanup
[2023-11-16T06:31:05.720+0000][3406.163s][info ][safepoint     ] Leaving safepoint region
[2023-11-16T06:31:05.720+0000][3406.163s][info ][safepoint     ] Total time for which application threads were stopped: 0.0003402 seconds, Stopping threads took: 0.0000512 seconds
[2023-11-16T06:31:06.720+0000][3407.163s][debug][safepoint     ] Safepoint synchronization initiated. (169 threads)
[2023-11-16T06:31:06.720+0000][3407.163s][info ][safepoint     ] Application time: 1.0001549 seconds
[2023-11-16T06:31:06.720+0000][3407.163s][info ][safepoint     ] Entering safepoint region: Cleanup
[2023-11-16T06:31:06.720+0000][3407.164s][info ][safepoint     ] Leaving safepoint region
[2023-11-16T06:31:06.720+0000][3407.164s][info ][safepoint     ] Total time for which application threads were stopped: 0.0003383 seconds, Stopping threads took: 0.0000511 seconds
[2023-11-16T06:31:07.720+0000][3408.164s][debug][safepoint     ] Safepoint synchronization initiated. (169 threads)
[2023-11-16T06:31:07.721+0000][3408.164s][info ][safepoint     ] Application time: 1.0001553 seconds
[2023-11-16T06:31:07.721+0000][3408.164s][info ][safepoint     ] Entering safepoint region: Cleanup
[2023-11-16T06:31:07.721+0000][3408.164s][info ][safepoint     ] Leaving safepoint region
[2023-11-16T06:31:07.721+0000][3408.164s][info ][safepoint     ] Total time for which application threads were stopped: 0.0003066 seconds, Stopping threads took: 0.0000515 seconds
[2023-11-16T06:31:08.721+0000][3409.164s][debug][safepoint     ] Safepoint synchronization initiated. (169 threads)
[2023-11-16T06:31:08.721+0000][3409.164s][info ][safepoint     ] Application time: 1.0001709 seconds
[2023-11-16T06:31:08.721+0000][3409.164s][info ][safepoint     ] Entering safepoint region: Cleanup
[2023-11-16T06:31:08.721+0000][3409.165s][info ][safepoint     ] Leaving safepoint region
[2023-11-16T06:31:08.721+0000][3409.165s][info ][safepoint     ] Total time for which application threads were stopped: 0.0003373 seconds, Stopping threads took: 0.0000494 seconds
[2023-11-16T06:31:09.722+0000][3410.165s][debug][safepoint     ] Safepoint synchronization initiated. (169 threads)
[2023-11-16T06:31:09.722+0000][3410.165s][info ][safepoint     ] Application time: 1.0001852 seconds
[2023-11-16T06:31:09.722+0000][3410.165s][info ][safepoint     ] Entering safepoint region: Cleanup
[2023-11-16T06:31:09.722+0000][3410.165s][info ][safepoint     ] Leaving safepoint region
[2023-11-16T06:31:09.722+0000][3410.165s][info ][safepoint     ] Total time for which application threads were stopped: 0.0003351 seconds, Stopping threads took: 0.0000508 seconds
[2023-11-16T06:31:10.722+0000][3411.165s][debug][safepoint     ] Safepoint synchronization initiated. (169 threads)
[2023-11-16T06:31:10.722+0000][3411.165s][info ][safepoint     ] Application time: 1.0001839 seconds
[2023-11-16T06:31:10.722+0000][3411.166s][info ][safepoint     ] Entering safepoint region: Cleanup
[2023-11-16T06:31:10.722+0000][3411.166s][info ][safepoint     ] Leaving safepoint region
[2023-11-16T06:31:10.723+0000][3411.166s][info ][safepoint     ] Total time for which application threads were stopped: 0.0003467 seconds, Stopping threads took: 0.0000530 seconds
[2023-11-16T06:31:11.723+0000][3412.166s][debug][safepoint     ] Safepoint synchronization initiated. (169 threads)
[2023-11-16T06:31:11.723+0000][3412.166s][info ][safepoint     ] Application time: 1.0001716 seconds
[2023-11-16T06:31:11.723+0000][3412.166s][info ][safepoint     ] Entering safepoint region: Cleanup
[2023-11-16T06:31:11.723+0000][3412.166s][info ][safepoint     ] Leaving safepoint region
[2023-11-16T06:31:11.723+0000][3412.166s][info ][safepoint     ] Total time for which application threads were stopped: 0.0003482 seconds, Stopping threads took: 0.0000528 seconds
[2023-11-16T06:31:12.723+0000][3413.167s][debug][safepoint     ] Safepoint synchronization initiated. (169 threads)
[2023-11-16T06:31:12.723+0000][3413.167s][info ][safepoint     ] Application time: 1.0002099 seconds
[2023-11-16T06:31:12.723+0000][3413.167s][info ][safepoint     ] Entering safepoint region: Cleanup
[2023-11-16T06:31:12.724+0000][3413.167s][info ][safepoint     ] Leaving safepoint region
[2023-11-16T06:31:12.724+0000][3413.167s][info ][safepoint     ] Total time for which application threads were stopped: 0.0002941 seconds, Stopping threads took: 0.0000564 seconds
[2023-11-16T06:31:13.724+0000][3414.167s][debug][safepoint     ] Safepoint synchronization initiated. (169 threads)
[2023-11-16T06:31:13.724+0000][3414.167s][info ][safepoint     ] Application time: 1.0001555 seconds
[2023-11-16T06:31:13.724+0000][3414.167s][info ][safepoint     ] Entering safepoint region: Cleanup
[2023-11-16T06:31:13.724+0000][3414.167s][info ][safepoint     ] Leaving safepoint region
[2023-11-16T06:31:13.724+0000][3414.168s][info ][safepoint     ] Total time for which application threads were stopped: 0.0003467 seconds, Stopping threads took: 0.0000520 seconds
[2023-11-16T06:31:14.724+0000][3415.168s][debug][safepoint     ] Safepoint synchronization initiated. (169 threads)
[2023-11-16T06:31:14.724+0000][3415.168s][info ][safepoint     ] Application time: 1.0001579 seconds
[2023-11-16T06:31:14.724+0000][3415.168s][info ][safepoint     ] Entering safepoint region: Cleanup
[2023-11-16T06:31:14.725+0000][3415.168s][info ][safepoint     ] Leaving safepoint region
[2023-11-16T06:31:14.725+0000][3415.168s][info ][safepoint     ] Total time for which application threads were stopped: 0.0003400 seconds, Stopping threads took: 0.0000531 seconds
[2023-11-16T06:31:15.725+0000][3416.168s][debug][safepoint     ] Safepoint synchronization initiated. (169 threads)
[2023-11-16T06:31:15.725+0000][3416.168s][info ][safepoint     ] Application time: 1.0001576 seconds
[2023-11-16T06:31:15.725+0000][3416.168s][info ][safepoint     ] Entering safepoint region: Cleanup
[2023-11-16T06:31:15.725+0000][3416.169s][info ][safepoint     ] Leaving safepoint region
[2023-11-16T06:31:15.725+0000][3416.169s][info ][safepoint     ] Total time for which application threads were stopped: 0.0003433 seconds, Stopping threads took: 0.0000524 seconds
[2023-11-16T06:31:16.725+0000][3417.169s][debug][safepoint     ] Safepoint synchronization initiated. (169 threads)
[2023-11-16T06:31:16.725+0000][3417.169s][info ][safepoint     ] Application time: 1.0001892 seconds
[2023-11-16T06:31:16.726+0000][3417.169s][info ][safepoint     ] Entering safepoint region: Cleanup
[2023-11-16T06:31:16.726+0000][3417.169s][info ][safepoint     ] Leaving safepoint region
[2023-11-16T06:31:16.726+0000][3417.169s][info ][safepoint     ] Total time for which application threads were stopped: 0.0003425 seconds, Stopping threads took: 0.0000521 seconds
[2023-11-16T06:31:17.726+0000][3418.169s][debug][safepoint     ] Safepoint synchronization initiated. (169 threads)
[2023-11-16T06:31:17.726+0000][3418.169s][info ][safepoint     ] Application time: 1.0001701 seconds
[2023-11-16T06:31:17.726+0000][3418.169s][info ][safepoint     ] Entering safepoint region: Cleanup
[2023-11-16T06:31:17.726+0000][3418.170s][info ][safepoint     ] Leaving safepoint region
[2023-11-16T06:31:17.727+0000][3418.170s][info ][safepoint     ] Total time for which application threads were stopped: 0.0004790 seconds, Stopping threads took: 0.0002257 seconds
[2023-11-16T06:31:18.727+0000][3419.170s][debug][safepoint     ] Safepoint synchronization initiated. (169 threads)
[2023-11-16T06:31:18.727+0000][3419.170s][info ][safepoint     ] Application time: 1.0001697 seconds
[2023-11-16T06:31:18.727+0000][3419.170s][info ][safepoint     ] Entering safepoint region: Cleanup
[2023-11-16T06:31:18.727+0000][3419.170s][info ][safepoint     ] Leaving safepoint region
[2023-11-16T06:31:18.727+0000][3419.170s][info ][safepoint     ] Total time for which application threads were stopped: 0.0003389 seconds, Stopping threads took: 0.0000488 seconds
[2023-11-16T06:31:19.727+0000][3420.171s][debug][safepoint     ] Safepoint synchronization initiated. (169 threads)
[2023-11-16T06:31:19.727+0000][3420.171s][info ][safepoint     ] Application time: 1.0001406 seconds
[2023-11-16T06:31:19.727+0000][3420.171s][info ][safepoint     ] Entering safepoint region: Cleanup
[2023-11-16T06:31:19.728+0000][3420.171s][info ][safepoint     ] Leaving safepoint region
[2023-11-16T06:31:19.728+0000][3420.171s][info ][safepoint     ] Total time for which application threads were stopped: 0.0003423 seconds, Stopping threads took: 0.0000534 seconds
[2023-11-16T06:31:20.728+0000][3421.171s][debug][safepoint     ] Safepoint synchronization initiated. (169 threads)
[2023-11-16T06:31:20.728+0000][3421.171s][info ][safepoint     ] Application time: 1.0001449 seconds
[2023-11-16T06:31:20.728+0000][3421.171s][info ][safepoint     ] Entering safepoint region: Cleanup
[2023-11-16T06:31:20.728+0000][3421.171s][info ][safepoint     ] Leaving safepoint region
[2023-11-16T06:31:20.728+0000][3421.171s][info ][safepoint     ] Total time for which application threads were stopped: 0.0002553 seconds, Stopping threads took: 0.0000525 seconds
[2023-11-16T06:31:21.728+0000][3422.171s][debug][safepoint     ] Safepoint synchronization initiated. (169 threads)
[2023-11-16T06:31:21.728+0000][3422.172s][info ][safepoint     ] Application time: 1.0001587 seconds
[2023-11-16T06:31:21.728+0000][3422.172s][info ][safepoint     ] Entering safepoint region: Cleanup
[2023-11-16T06:31:21.729+0000][3422.172s][info ][safepoint     ] Leaving safepoint region
[2023-11-16T06:31:21.729+0000][3422.172s][info ][safepoint     ] Total time for which application threads were stopped: 0.0003121 seconds, Stopping threads took: 0.0000510 seconds
[2023-11-16T06:31:22.729+0000][3423.172s][debug][safepoint     ] Safepoint synchronization initiated. (169 threads)
[2023-11-16T06:31:22.729+0000][3423.172s][info ][safepoint     ] Application time: 1.0001746 seconds
[2023-11-16T06:31:22.729+0000][3423.172s][info ][safepoint     ] Entering safepoint region: Cleanup
[2023-11-16T06:31:22.729+0000][3423.173s][info ][safepoint     ] Leaving safepoint region
[2023-11-16T06:31:22.729+0000][3423.173s][info ][safepoint     ] Total time for which application threads were stopped: 0.0006209 seconds, Stopping threads took: 0.0003222 seconds
[2023-11-16T06:31:23.730+0000][3424.173s][debug][safepoint     ] Safepoint synchronization initiated. (169 threads)
[2023-11-16T06:31:23.730+0000][3424.173s][info ][safepoint     ] Application time: 1.0001613 seconds
[2023-11-16T06:31:23.730+0000][3424.173s][info ][safepoint     ] Entering safepoint region: Cleanup
[2023-11-16T06:31:23.730+0000][3424.173s][info ][safepoint     ] Leaving safepoint region
[2023-11-16T06:31:23.730+0000][3424.173s][info ][safepoint     ] Total time for which application threads were stopped: 0.0003408 seconds, Stopping threads took: 0.0000515 seconds
[2023-11-16T06:31:24.730+0000][3425.173s][debug][safepoint     ] Safepoint synchronization initiated. (169 threads)
[2023-11-16T06:31:24.730+0000][3425.173s][info ][safepoint     ] Application time: 1.0001769 seconds
[2023-11-16T06:31:24.730+0000][3425.173s][info ][safepoint     ] Entering safepoint region: Cleanup
[2023-11-16T06:31:24.730+0000][3425.174s][info ][safepoint     ] Leaving safepoint region
[2023-11-16T06:31:24.730+0000][3425.174s][info ][safepoint     ] Total time for which application threads were stopped: 0.0003373 seconds, Stopping threads took: 0.0000516 seconds
[2023-11-16T06:31:25.731+0000][3426.174s][debug][safepoint     ] Safepoint synchronization initiated. (169 threads)
[2023-11-16T06:31:25.731+0000][3426.174s][info ][safepoint     ] Application time: 1.0001780 seconds
[2023-11-16T06:31:25.731+0000][3426.174s][info ][safepoint     ] Entering safepoint region: Cleanup
[2023-11-16T06:31:25.731+0000][3426.174s][info ][safepoint     ] Leaving safepoint region
[2023-11-16T06:31:25.731+0000][3426.174s][info ][safepoint     ] Total time for which application threads were stopped: 0.0003411 seconds, Stopping threads took: 0.0000519 seconds
[2023-11-16T06:31:26.731+0000][3427.175s][debug][safepoint     ] Safepoint synchronization initiated. (169 threads)
[2023-11-16T06:31:26.731+0000][3427.175s][info ][safepoint     ] Application time: 1.0001756 seconds
[2023-11-16T06:31:26.731+0000][3427.175s][info ][safepoint     ] Entering safepoint region: Cleanup
[2023-11-16T06:31:26.732+0000][3427.175s][info ][safepoint     ] Leaving safepoint region
[2023-11-16T06:31:26.732+0000][3427.175s][info ][safepoint     ] Total time for which application threads were stopped: 0.0003335 seconds, Stopping threads took: 0.0000523 seconds
[2023-11-16T06:31:27.732+0000][3428.175s][debug][safepoint     ] Safepoint synchronization initiated. (169 threads)
[2023-11-16T06:31:27.732+0000][3428.175s][info ][safepoint     ] Application time: 1.0001462 seconds
[2023-11-16T06:31:27.732+0000][3428.175s][info ][safepoint     ] Entering safepoint region: Cleanup
[2023-11-16T06:31:27.732+0000][3428.176s][info ][safepoint     ] Leaving safepoint region
[2023-11-16T06:31:27.732+0000][3428.176s][info ][safepoint     ] Total time for which application threads were stopped: 0.0005262 seconds, Stopping threads took: 0.0002285 seconds
[2023-11-16T06:31:28.732+0000][3429.176s][debug][safepoint     ] Safepoint synchronization initiated. (169 threads)
[2023-11-16T06:31:28.733+0000][3429.176s][info ][safepoint     ] Application time: 1.0001887 seconds
[2023-11-16T06:31:28.733+0000][3429.176s][info ][safepoint     ] Entering safepoint region: Cleanup
[2023-11-16T06:31:28.733+0000][3429.176s][info ][safepoint     ] Leaving safepoint region
[2023-11-16T06:31:28.733+0000][3429.176s][info ][safepoint     ] Total time for which application threads were stopped: 0.0003377 seconds, Stopping threads took: 0.0000508 seconds
[2023-11-16T06:31:29.733+0000][3430.176s][debug][safepoint     ] Safepoint synchronization initiated. (169 threads)
[2023-11-16T06:31:29.733+0000][3430.176s][info ][safepoint     ] Application time: 1.0001728 seconds
[2023-11-16T06:31:29.733+0000][3430.176s][info ][safepoint     ] Entering safepoint region: Cleanup
[2023-11-16T06:31:29.733+0000][3430.177s][info ][safepoint     ] Leaving safepoint region
[2023-11-16T06:31:29.733+0000][3430.177s][info ][safepoint     ] Total time for which application threads were stopped: 0.0003419 seconds, Stopping threads took: 0.0000526 seconds
[2023-11-16T06:31:30.734+0000][3431.177s][debug][safepoint     ] Safepoint synchronization initiated. (169 threads)
[2023-11-16T06:31:30.734+0000][3431.177s][info ][safepoint     ] Application time: 1.0001764 seconds
[2023-11-16T06:31:30.734+0000][3431.177s][info ][safepoint     ] Entering safepoint region: Cleanup
[2023-11-16T06:31:30.734+0000][3431.177s][info ][safepoint     ] Leaving safepoint region
[2023-11-16T06:31:30.734+0000][3431.177s][info ][safepoint     ] Total time for which application threads were stopped: 0.0003393 seconds, Stopping threads took: 0.0000521 seconds
[2023-11-16T06:31:31.734+0000][3432.177s][debug][safepoint     ] Safepoint synchronization initiated. (169 threads)
[2023-11-16T06:31:31.734+0000][3432.177s][info ][safepoint     ] Application time: 1.0001523 seconds
[2023-11-16T06:31:31.734+0000][3432.178s][info ][safepoint     ] Entering safepoint region: Cleanup
[2023-11-16T06:31:31.734+0000][3432.178s][info ][safepoint     ] Leaving safepoint region
[2023-11-16T06:31:31.734+0000][3432.178s][info ][safepoint     ] Total time for which application threads were stopped: 0.0001635 seconds, Stopping threads took: 0.0000344 seconds
[2023-11-16T06:31:32.734+0000][3433.178s][debug][safepoint     ] Safepoint synchronization initiated. (169 threads)
[2023-11-16T06:31:32.735+0000][3433.178s][info ][safepoint     ] Application time: 1.0001745 seconds
[2023-11-16T06:31:32.735+0000][3433.178s][info ][safepoint     ] Entering safepoint region: Cleanup
[2023-11-16T06:31:32.735+0000][3433.178s][info ][safepoint     ] Leaving safepoint region
[2023-11-16T06:31:32.735+0000][3433.178s][info ][safepoint     ] Total time for which application threads were stopped: 0.0003403 seconds, Stopping threads took: 0.0000527 seconds
[2023-11-16T06:31:33.735+0000][3434.178s][debug][safepoint     ] Safepoint synchronization initiated. (169 threads)
[2023-11-16T06:31:33.735+0000][3434.178s][info ][safepoint     ] Application time: 1.0001756 seconds
[2023-11-16T06:31:33.735+0000][3434.178s][info ][safepoint     ] Entering safepoint region: Cleanup
[2023-11-16T06:31:33.736+0000][3434.179s][info ][safepoint     ] Leaving safepoint region
[2023-11-16T06:31:33.736+0000][3434.179s][info ][safepoint     ] Total time for which application threads were stopped: 0.0005431 seconds, Stopping threads took: 0.0003384 seconds
[2023-11-16T06:31:34.736+0000][3435.179s][debug][safepoint     ] Safepoint synchronization initiated. (169 threads)
[2023-11-16T06:31:34.736+0000][3435.179s][info ][safepoint     ] Application time: 1.0001556 seconds
[2023-11-16T06:31:34.736+0000][3435.179s][info ][safepoint     ] Entering safepoint region: Cleanup
[2023-11-16T06:31:34.736+0000][3435.179s][info ][safepoint     ] Leaving safepoint region
[2023-11-16T06:31:34.736+0000][3435.180s][info ][safepoint     ] Total time for which application threads were stopped: 0.0003381 seconds, Stopping threads took: 0.0000521 seconds
[2023-11-16T06:31:35.736+0000][3436.180s][debug][safepoint     ] Safepoint synchronization initiated. (169 threads)
[2023-11-16T06:31:35.736+0000][3436.180s][info ][safepoint     ] Application time: 1.0001711 seconds
[2023-11-16T06:31:35.736+0000][3436.180s][info ][safepoint     ] Entering safepoint region: Cleanup
[2023-11-16T06:31:35.737+0000][3436.180s][info ][safepoint     ] Leaving safepoint region
[2023-11-16T06:31:35.737+0000][3436.180s][info ][safepoint     ] Total time for which application threads were stopped: 0.0003392 seconds, Stopping threads took: 0.0000520 seconds
[2023-11-16T06:31:36.737+0000][3437.180s][debug][safepoint     ] Safepoint synchronization initiated. (169 threads)
[2023-11-16T06:31:36.737+0000][3437.180s][info ][safepoint     ] Application time: 1.0001561 seconds
[2023-11-16T06:31:36.737+0000][3437.180s][info ][safepoint     ] Entering safepoint region: Cleanup
[2023-11-16T06:31:36.737+0000][3437.181s][info ][safepoint     ] Leaving safepoint region
[2023-11-16T06:31:36.737+0000][3437.181s][info ][safepoint     ] Total time for which application threads were stopped: 0.0003362 seconds, Stopping threads took: 0.0000519 seconds
[2023-11-16T06:31:37.737+0000][3438.181s][debug][safepoint     ] Safepoint synchronization initiated. (169 threads)
[2023-11-16T06:31:37.737+0000][3438.181s][info ][safepoint     ] Application time: 1.0001783 seconds
[2023-11-16T06:31:37.738+0000][3438.181s][info ][safepoint     ] Entering safepoint region: Cleanup
[2023-11-16T06:31:37.738+0000][3438.181s][info ][safepoint     ] Leaving safepoint region
[2023-11-16T06:31:37.738+0000][3438.181s][info ][safepoint     ] Total time for which application threads were stopped: 0.0003415 seconds, Stopping threads took: 0.0000523 seconds
[2023-11-16T06:31:38.738+0000][3439.181s][debug][safepoint     ] Safepoint synchronization initiated. (169 threads)
[2023-11-16T06:31:38.738+0000][3439.181s][info ][safepoint     ] Application time: 1.0001383 seconds
[2023-11-16T06:31:38.738+0000][3439.181s][info ][safepoint     ] Entering safepoint region: Cleanup
[2023-11-16T06:31:38.738+0000][3439.182s][info ][safepoint     ] Leaving safepoint region
[2023-11-16T06:31:38.738+0000][3439.182s][info ][safepoint     ] Total time for which application threads were stopped: 0.0003070 seconds, Stopping threads took: 0.0000505 seconds
[2023-11-16T06:31:39.738+0000][3440.182s][debug][safepoint     ] Safepoint synchronization initiated. (169 threads)
[2023-11-16T06:31:39.739+0000][3440.182s][info ][safepoint     ] Application time: 1.0001696 seconds
[2023-11-16T06:31:39.739+0000][3440.182s][info ][safepoint     ] Entering safepoint region: Cleanup
[2023-11-16T06:31:39.739+0000][3440.182s][info ][safepoint     ] Leaving safepoint region
[2023-11-16T06:31:39.739+0000][3440.182s][info ][safepoint     ] Total time for which application threads were stopped: 0.0003474 seconds, Stopping threads took: 0.0000522 seconds
[2023-11-16T06:31:40.739+0000][3441.182s][debug][safepoint     ] Safepoint synchronization initiated. (169 threads)
[2023-11-16T06:31:40.739+0000][3441.182s][info ][safepoint     ] Application time: 1.0001630 seconds
[2023-11-16T06:31:40.739+0000][3441.182s][info ][safepoint     ] Entering safepoint region: Cleanup
[2023-11-16T06:31:40.739+0000][3441.183s][info ][safepoint     ] Leaving safepoint region
[2023-11-16T06:31:40.739+0000][3441.183s][info ][safepoint     ] Total time for which application threads were stopped: 0.0003440 seconds, Stopping threads took: 0.0000527 seconds
[2023-11-16T06:31:41.740+0000][3442.183s][debug][safepoint     ] Safepoint synchronization initiated. (169 threads)
[2023-11-16T06:31:41.740+0000][3442.183s][info ][safepoint     ] Application time: 1.0001438 seconds
[2023-11-16T06:31:41.740+0000][3442.183s][info ][safepoint     ] Entering safepoint region: Cleanup
[2023-11-16T06:31:41.740+0000][3442.183s][info ][safepoint     ] Leaving safepoint region
[2023-11-16T06:31:41.740+0000][3442.183s][info ][safepoint     ] Total time for which application threads were stopped: 0.0003347 seconds, Stopping threads took: 0.0000511 seconds
[2023-11-16T06:31:42.740+0000][3443.183s][debug][safepoint     ] Safepoint synchronization initiated. (169 threads)
[2023-11-16T06:31:42.740+0000][3443.183s][info ][safepoint     ] Application time: 1.0001645 seconds
[2023-11-16T06:31:42.740+0000][3443.184s][info ][safepoint     ] Entering safepoint region: Cleanup
[2023-11-16T06:31:42.740+0000][3443.184s][info ][safepoint     ] Leaving safepoint region
[2023-11-16T06:31:42.741+0000][3443.184s][info ][safepoint     ] Total time for which application threads were stopped: 0.0003407 seconds, Stopping threads took: 0.0000527 seconds
[2023-11-16T06:31:43.741+0000][3444.184s][debug][safepoint     ] Safepoint synchronization initiated. (169 threads)
[2023-11-16T06:31:43.741+0000][3444.184s][info ][safepoint     ] Application time: 1.0001635 seconds
[2023-11-16T06:31:43.741+0000][3444.184s][info ][safepoint     ] Entering safepoint region: Cleanup
[2023-11-16T06:31:43.741+0000][3444.185s][info ][safepoint     ] Leaving safepoint region
[2023-11-16T06:31:43.741+0000][3444.185s][info ][safepoint     ] Total time for which application threads were stopped: 0.0005746 seconds, Stopping threads took: 0.0002387 seconds
[2023-11-16T06:31:44.741+0000][3445.185s][debug][safepoint     ] Safepoint synchronization initiated. (169 threads)
[2023-11-16T06:31:44.742+0000][3445.185s][info ][safepoint     ] Application time: 1.0001736 seconds
[2023-11-16T06:31:44.742+0000][3445.185s][info ][safepoint     ] Entering safepoint region: Cleanup
[2023-11-16T06:31:44.742+0000][3445.185s][info ][safepoint     ] Leaving safepoint region
[2023-11-16T06:31:44.742+0000][3445.185s][info ][safepoint     ] Total time for which application threads were stopped: 0.0003433 seconds, Stopping threads took: 0.0000519 seconds
[2023-11-16T06:31:45.742+0000][3446.185s][debug][safepoint     ] Safepoint synchronization initiated. (169 threads)
[2023-11-16T06:31:45.742+0000][3446.185s][info ][safepoint     ] Application time: 1.0001739 seconds
[2023-11-16T06:31:45.742+0000][3446.185s][info ][safepoint     ] Entering safepoint region: Cleanup
[2023-11-16T06:31:45.742+0000][3446.186s][info ][safepoint     ] Leaving safepoint region
[2023-11-16T06:31:45.742+0000][3446.186s][info ][safepoint     ] Total time for which application threads were stopped: 0.0002555 seconds, Stopping threads took: 0.0000514 seconds
[2023-11-16T06:31:46.742+0000][3447.186s][debug][safepoint     ] Safepoint synchronization initiated. (169 threads)
[2023-11-16T06:31:46.743+0000][3447.186s][info ][safepoint     ] Application time: 1.0001699 seconds
[2023-11-16T06:31:46.743+0000][3447.186s][info ][safepoint     ] Entering safepoint region: Cleanup
[2023-11-16T06:31:46.743+0000][3447.186s][info ][safepoint     ] Leaving safepoint region
[2023-11-16T06:31:46.743+0000][3447.186s][info ][safepoint     ] Total time for which application threads were stopped: 0.0003119 seconds, Stopping threads took: 0.0000523 seconds
[2023-11-16T06:31:47.743+0000][3448.186s][debug][safepoint     ] Safepoint synchronization initiated. (169 threads)
[2023-11-16T06:31:47.743+0000][3448.186s][info ][safepoint     ] Application time: 1.0001603 seconds
[2023-11-16T06:31:47.743+0000][3448.186s][info ][safepoint     ] Entering safepoint region: Cleanup
[2023-11-16T06:31:47.743+0000][3448.187s][info ][safepoint     ] Leaving safepoint region
[2023-11-16T06:31:47.743+0000][3448.187s][info ][safepoint     ] Total time for which application threads were stopped: 0.0003159 seconds, Stopping threads took: 0.0000514 seconds
[2023-11-16T06:31:48.744+0000][3449.187s][debug][safepoint     ] Safepoint synchronization initiated. (169 threads)
[2023-11-16T06:31:48.744+0000][3449.187s][info ][safepoint     ] Application time: 1.0001665 seconds
[2023-11-16T06:31:48.744+0000][3449.187s][info ][safepoint     ] Entering safepoint region: Cleanup
[2023-11-16T06:31:48.744+0000][3449.187s][info ][safepoint     ] Leaving safepoint region
[2023-11-16T06:31:48.744+0000][3449.187s][info ][safepoint     ] Total time for which application threads were stopped: 0.0005215 seconds, Stopping threads took: 0.0001890 seconds
[2023-11-16T06:31:49.744+0000][3450.188s][debug][safepoint     ] Safepoint synchronization initiated. (169 threads)
[2023-11-16T06:31:49.744+0000][3450.188s][info ][safepoint     ] Application time: 1.0001591 seconds
[2023-11-16T06:31:49.744+0000][3450.188s][info ][safepoint     ] Entering safepoint region: Cleanup
[2023-11-16T06:31:49.745+0000][3450.188s][info ][safepoint     ] Leaving safepoint region
[2023-11-16T06:31:49.745+0000][3450.188s][info ][safepoint     ] Total time for which application threads were stopped: 0.0002580 seconds, Stopping threads took: 0.0000518 seconds
[2023-11-16T06:31:50.745+0000][3451.188s][debug][safepoint     ] Safepoint synchronization initiated. (169 threads)
[2023-11-16T06:31:50.745+0000][3451.188s][info ][safepoint     ] Application time: 1.0001426 seconds
[2023-11-16T06:31:50.745+0000][3451.188s][info ][safepoint     ] Entering safepoint region: Cleanup
[2023-11-16T06:31:50.745+0000][3451.188s][info ][safepoint     ] Leaving safepoint region
[2023-11-16T06:31:50.745+0000][3451.188s][info ][safepoint     ] Total time for which application threads were stopped: 0.0003419 seconds, Stopping threads took: 0.0000519 seconds
[2023-11-16T06:31:51.745+0000][3452.189s][debug][safepoint     ] Safepoint synchronization initiated. (169 threads)
[2023-11-16T06:31:51.745+0000][3452.189s][info ][safepoint     ] Application time: 1.0001780 seconds
[2023-11-16T06:31:51.745+0000][3452.189s][info ][safepoint     ] Entering safepoint region: Cleanup
[2023-11-16T06:31:51.746+0000][3452.189s][info ][safepoint     ] Leaving safepoint region
[2023-11-16T06:31:51.746+0000][3452.189s][info ][safepoint     ] Total time for which application threads were stopped: 0.0003437 seconds, Stopping threads took: 0.0000528 seconds
[2023-11-16T06:31:52.746+0000][3453.189s][debug][safepoint     ] Safepoint synchronization initiated. (169 threads)
[2023-11-16T06:31:52.746+0000][3453.189s][info ][safepoint     ] Application time: 1.0001895 seconds
[2023-11-16T06:31:52.746+0000][3453.189s][info ][safepoint     ] Entering safepoint region: Cleanup
[2023-11-16T06:31:52.746+0000][3453.189s][info ][safepoint     ] Leaving safepoint region
[2023-11-16T06:31:52.746+0000][3453.190s][info ][safepoint     ] Total time for which application threads were stopped: 0.0003387 seconds, Stopping threads took: 0.0000519 seconds
[2023-11-16T06:31:53.746+0000][3454.190s][debug][safepoint     ] Safepoint synchronization initiated. (169 threads)
[2023-11-16T06:31:53.746+0000][3454.190s][info ][safepoint     ] Application time: 1.0001779 seconds
[2023-11-16T06:31:53.746+0000][3454.190s][info ][safepoint     ] Entering safepoint region: Cleanup
[2023-11-16T06:31:53.747+0000][3454.190s][info ][safepoint     ] Leaving safepoint region
[2023-11-16T06:31:53.747+0000][3454.190s][info ][safepoint     ] Total time for which application threads were stopped: 0.0006406 seconds, Stopping threads took: 0.0003509 seconds
[2023-11-16T06:31:54.747+0000][3455.191s][debug][safepoint     ] Safepoint synchronization initiated. (169 threads)
[2023-11-16T06:31:54.747+0000][3455.191s][info ][safepoint     ] Application time: 1.0001586 seconds
[2023-11-16T06:31:54.747+0000][3455.191s][info ][safepoint     ] Entering safepoint region: Cleanup
[2023-11-16T06:31:54.748+0000][3455.191s][info ][safepoint     ] Leaving safepoint region
[2023-11-16T06:31:54.748+0000][3455.191s][info ][safepoint     ] Total time for which application threads were stopped: 0.0002836 seconds, Stopping threads took: 0.0000526 seconds
[2023-11-16T06:31:55.748+0000][3456.191s][debug][safepoint     ] Safepoint synchronization initiated. (169 threads)
[2023-11-16T06:31:55.748+0000][3456.191s][info ][safepoint     ] Application time: 1.0001587 seconds
[2023-11-16T06:31:55.748+0000][3456.191s][info ][safepoint     ] Entering safepoint region: Cleanup
[2023-11-16T06:31:55.748+0000][3456.191s][info ][safepoint     ] Leaving safepoint region
[2023-11-16T06:31:55.748+0000][3456.191s][info ][safepoint     ] Total time for which application threads were stopped: 0.0003368 seconds, Stopping threads took: 0.0000524 seconds
[2023-11-16T06:31:56.748+0000][3457.192s][debug][safepoint     ] Safepoint synchronization initiated. (169 threads)
[2023-11-16T06:31:56.748+0000][3457.192s][info ][safepoint     ] Application time: 1.0001644 seconds
[2023-11-16T06:31:56.748+0000][3457.192s][info ][safepoint     ] Entering safepoint region: Cleanup
[2023-11-16T06:31:56.749+0000][3457.192s][info ][safepoint     ] Leaving safepoint region
[2023-11-16T06:31:56.749+0000][3457.192s][info ][safepoint     ] Total time for which application threads were stopped: 0.0003373 seconds, Stopping threads took: 0.0000517 seconds
[2023-11-16T06:31:57.749+0000][3458.192s][debug][safepoint     ] Safepoint synchronization initiated. (169 threads)
[2023-11-16T06:31:57.749+0000][3458.192s][info ][safepoint     ] Application time: 1.0001740 seconds
[2023-11-16T06:31:57.749+0000][3458.192s][info ][safepoint     ] Entering safepoint region: Cleanup
[2023-11-16T06:31:57.749+0000][3458.192s][info ][safepoint     ] Leaving safepoint region
[2023-11-16T06:31:57.749+0000][3458.193s][info ][safepoint     ] Total time for which application threads were stopped: 0.0003408 seconds, Stopping threads took: 0.0000525 seconds
[2023-11-16T06:31:58.749+0000][3459.193s][debug][safepoint     ] Safepoint synchronization initiated. (169 threads)
[2023-11-16T06:31:58.749+0000][3459.193s][info ][safepoint     ] Application time: 1.0001796 seconds
[2023-11-16T06:31:58.749+0000][3459.193s][info ][safepoint     ] Entering safepoint region: Cleanup
[2023-11-16T06:31:58.750+0000][3459.193s][info ][safepoint     ] Leaving safepoint region
[2023-11-16T06:31:58.750+0000][3459.193s][info ][safepoint     ] Total time for which application threads were stopped: 0.0005502 seconds, Stopping threads took: 0.0002100 seconds
[2023-11-16T06:31:59.750+0000][3460.193s][debug][safepoint     ] Safepoint synchronization initiated. (169 threads)
[2023-11-16T06:31:59.750+0000][3460.193s][info ][safepoint     ] Application time: 1.0001816 seconds
[2023-11-16T06:31:59.750+0000][3460.194s][info ][safepoint     ] Entering safepoint region: Cleanup
[2023-11-16T06:31:59.751+0000][3460.194s][info ][safepoint     ] Leaving safepoint region
[2023-11-16T06:31:59.751+0000][3460.194s][info ][safepoint     ] Total time for which application threads were stopped: 0.0003484 seconds, Stopping threads took: 0.0000525 seconds
[2023-11-16T06:32:00.751+0000][3461.194s][debug][safepoint     ] Safepoint synchronization initiated. (169 threads)
[2023-11-16T06:32:00.751+0000][3461.194s][info ][safepoint     ] Application time: 1.0001798 seconds
[2023-11-16T06:32:00.751+0000][3461.194s][info ][safepoint     ] Entering safepoint region: Cleanup
[2023-11-16T06:32:00.751+0000][3461.194s][info ][safepoint     ] Leaving safepoint region
[2023-11-16T06:32:00.751+0000][3461.194s][info ][safepoint     ] Total time for which application threads were stopped: 0.0003418 seconds, Stopping threads took: 0.0000516 seconds
[2023-11-16T06:32:01.751+0000][3462.195s][debug][safepoint     ] Safepoint synchronization initiated. (169 threads)
[2023-11-16T06:32:01.751+0000][3462.195s][info ][safepoint     ] Application time: 1.0001502 seconds
[2023-11-16T06:32:01.751+0000][3462.195s][info ][safepoint     ] Entering safepoint region: Cleanup
[2023-11-16T06:32:01.752+0000][3462.195s][info ][safepoint     ] Leaving safepoint region
[2023-11-16T06:32:01.752+0000][3462.195s][info ][safepoint     ] Total time for which application threads were stopped: 0.0003027 seconds, Stopping threads took: 0.0000514 seconds
[2023-11-16T06:32:02.752+0000][3463.195s][debug][safepoint     ] Safepoint synchronization initiated. (169 threads)
[2023-11-16T06:32:02.752+0000][3463.195s][info ][safepoint     ] Application time: 1.0001778 seconds
[2023-11-16T06:32:02.752+0000][3463.195s][info ][safepoint     ] Entering safepoint region: Cleanup
[2023-11-16T06:32:02.752+0000][3463.195s][info ][safepoint     ] Leaving safepoint region
[2023-11-16T06:32:02.752+0000][3463.195s][info ][safepoint     ] Total time for which application threads were stopped: 0.0003413 seconds, Stopping threads took: 0.0000525 seconds
[2023-11-16T06:32:03.752+0000][3464.196s][debug][safepoint     ] Safepoint synchronization initiated. (169 threads)
[2023-11-16T06:32:03.752+0000][3464.196s][info ][safepoint     ] Application time: 1.0001633 seconds
[2023-11-16T06:32:03.752+0000][3464.196s][info ][safepoint     ] Entering safepoint region: Cleanup
[2023-11-16T06:32:03.753+0000][3464.196s][info ][safepoint     ] Leaving safepoint region
[2023-11-16T06:32:03.753+0000][3464.196s][info ][safepoint     ] Total time for which application threads were stopped: 0.0006230 seconds, Stopping threads took: 0.0003379 seconds
[2023-11-16T06:32:04.753+0000][3465.196s][debug][safepoint     ] Safepoint synchronization initiated. (169 threads)
[2023-11-16T06:32:04.753+0000][3465.197s][info ][safepoint     ] Application time: 1.0001614 seconds
[2023-11-16T06:32:04.753+0000][3465.197s][info ][safepoint     ] Entering safepoint region: Cleanup
[2023-11-16T06:32:04.754+0000][3465.197s][info ][safepoint     ] Leaving safepoint region
[2023-11-16T06:32:04.754+0000][3465.197s][info ][safepoint     ] Total time for which application threads were stopped: 0.0003428 seconds, Stopping threads took: 0.0000522 seconds
[2023-11-16T06:32:05.754+0000][3466.197s][debug][safepoint     ] Safepoint synchronization initiated. (169 threads)
[2023-11-16T06:32:05.754+0000][3466.197s][info ][safepoint     ] Application time: 1.0001504 seconds
[2023-11-16T06:32:05.754+0000][3466.197s][info ][safepoint     ] Entering safepoint region: Cleanup
[2023-11-16T06:32:05.754+0000][3466.197s][info ][safepoint     ] Leaving safepoint region
[2023-11-16T06:32:05.754+0000][3466.197s][info ][safepoint     ] Total time for which application threads were stopped: 0.0003402 seconds, Stopping threads took: 0.0000526 seconds
[2023-11-16T06:32:06.754+0000][3467.198s][debug][safepoint     ] Safepoint synchronization initiated. (169 threads)
[2023-11-16T06:32:06.754+0000][3467.198s][info ][safepoint     ] Application time: 1.0001837 seconds
[2023-11-16T06:32:06.754+0000][3467.198s][info ][safepoint     ] Entering safepoint region: Cleanup
[2023-11-16T06:32:06.755+0000][3467.198s][info ][safepoint     ] Leaving safepoint region
[2023-11-16T06:32:06.755+0000][3467.198s][info ][safepoint     ] Total time for which application threads were stopped: 0.0003281 seconds, Stopping threads took: 0.0000541 seconds
[2023-11-16T06:32:07.755+0000][3468.198s][debug][safepoint     ] Safepoint synchronization initiated. (169 threads)
[2023-11-16T06:32:07.755+0000][3468.198s][info ][safepoint     ] Application time: 1.0001702 seconds
[2023-11-16T06:32:07.755+0000][3468.198s][info ][safepoint     ] Entering safepoint region: Cleanup
[2023-11-16T06:32:07.755+0000][3468.198s][info ][safepoint     ] Leaving safepoint region
[2023-11-16T06:32:07.755+0000][3468.198s][info ][safepoint     ] Total time for which application threads were stopped: 0.0003353 seconds, Stopping threads took: 0.0000506 seconds
[2023-11-16T06:32:08.755+0000][3469.199s][debug][safepoint     ] Safepoint synchronization initiated. (169 threads)
[2023-11-16T06:32:08.755+0000][3469.199s][info ][safepoint     ] Application time: 1.0001572 seconds
[2023-11-16T06:32:08.755+0000][3469.199s][info ][safepoint     ] Entering safepoint region: Cleanup
[2023-11-16T06:32:08.756+0000][3469.199s][info ][safepoint     ] Leaving safepoint region
[2023-11-16T06:32:08.756+0000][3469.199s][info ][safepoint     ] Total time for which application threads were stopped: 0.0003311 seconds, Stopping threads took: 0.0000494 seconds
[2023-11-16T06:32:09.756+0000][3470.199s][debug][safepoint     ] Safepoint synchronization initiated. (169 threads)
[2023-11-16T06:32:09.756+0000][3470.199s][info ][safepoint     ] Application time: 1.0001608 seconds
[2023-11-16T06:32:09.756+0000][3470.199s][info ][safepoint     ] Entering safepoint region: Cleanup
[2023-11-16T06:32:09.756+0000][3470.200s][info ][safepoint     ] Leaving safepoint region
[2023-11-16T06:32:09.756+0000][3470.200s][info ][safepoint     ] Total time for which application threads were stopped: 0.0003355 seconds, Stopping threads took: 0.0000503 seconds
[2023-11-16T06:32:10.756+0000][3471.200s][debug][safepoint     ] Safepoint synchronization initiated. (169 threads)
[2023-11-16T06:32:10.756+0000][3471.200s][info ][safepoint     ] Application time: 1.0001449 seconds
[2023-11-16T06:32:10.756+0000][3471.200s][info ][safepoint     ] Entering safepoint region: Cleanup
[2023-11-16T06:32:10.757+0000][3471.200s][info ][safepoint     ] Leaving safepoint region
[2023-11-16T06:32:10.757+0000][3471.200s][info ][safepoint     ] Total time for which application threads were stopped: 0.0003029 seconds, Stopping threads took: 0.0000500 seconds
[2023-11-16T06:32:11.757+0000][3472.200s][debug][safepoint     ] Safepoint synchronization initiated. (169 threads)
[2023-11-16T06:32:11.757+0000][3472.200s][info ][safepoint     ] Application time: 1.0001705 seconds
[2023-11-16T06:32:11.757+0000][3472.200s][info ][safepoint     ] Entering safepoint region: Cleanup
[2023-11-16T06:32:11.757+0000][3472.201s][info ][safepoint     ] Leaving safepoint region
[2023-11-16T06:32:11.757+0000][3472.201s][info ][safepoint     ] Total time for which application threads were stopped: 0.0003347 seconds, Stopping threads took: 0.0000485 seconds
[2023-11-16T06:32:12.757+0000][3473.201s][debug][safepoint     ] Safepoint synchronization initiated. (169 threads)
[2023-11-16T06:32:12.757+0000][3473.201s][info ][safepoint     ] Application time: 1.0001560 seconds
[2023-11-16T06:32:12.758+0000][3473.201s][info ][safepoint     ] Entering safepoint region: Cleanup
[2023-11-16T06:32:12.758+0000][3473.201s][info ][safepoint     ] Leaving safepoint region
[2023-11-16T06:32:12.758+0000][3473.201s][info ][safepoint     ] Total time for which application threads were stopped: 0.0003176 seconds, Stopping threads took: 0.0000585 seconds
[2023-11-16T06:32:13.758+0000][3474.201s][debug][safepoint     ] Safepoint synchronization initiated. (169 threads)
[2023-11-16T06:32:13.758+0000][3474.201s][info ][safepoint     ] Application time: 1.0001685 seconds
[2023-11-16T06:32:13.758+0000][3474.201s][info ][safepoint     ] Entering safepoint region: Cleanup
[2023-11-16T06:32:13.758+0000][3474.202s][info ][safepoint     ] Leaving safepoint region
[2023-11-16T06:32:13.758+0000][3474.202s][info ][safepoint     ] Total time for which application threads were stopped: 0.0003350 seconds, Stopping threads took: 0.0000481 seconds
[2023-11-16T06:32:14.758+0000][3475.202s][debug][safepoint     ] Safepoint synchronization initiated. (169 threads)
[2023-11-16T06:32:14.759+0000][3475.202s][info ][safepoint     ] Application time: 1.0001686 seconds
[2023-11-16T06:32:14.759+0000][3475.202s][info ][safepoint     ] Entering safepoint region: Cleanup
[2023-11-16T06:32:14.759+0000][3475.202s][info ][safepoint     ] Leaving safepoint region
[2023-11-16T06:32:14.759+0000][3475.202s][info ][safepoint     ] Total time for which application threads were stopped: 0.0003168 seconds, Stopping threads took: 0.0000500 seconds
[2023-11-16T06:32:14.759+0000][3475.202s][debug][safepoint     ] ... found polling page return exception at pc = 0x00007fde849bede6, stub =0x00007fde7c83a800
[2023-11-16T06:32:15.759+0000][3476.202s][debug][safepoint     ] Safepoint synchronization initiated. (169 threads)
[2023-11-16T06:32:15.759+0000][3476.202s][info ][safepoint     ] Application time: 1.0001731 seconds
[2023-11-16T06:32:15.759+0000][3476.202s][info ][safepoint     ] Entering safepoint region: Cleanup
[2023-11-16T06:32:15.759+0000][3476.203s][info ][safepoint     ] Leaving safepoint region
[2023-11-16T06:32:15.759+0000][3476.203s][info ][safepoint     ] Total time for which application threads were stopped: 0.0002548 seconds, Stopping threads took: 0.0000498 seconds
[2023-11-16T06:32:16.759+0000][3477.203s][debug][safepoint     ] Safepoint synchronization initiated. (169 threads)
[2023-11-16T06:32:16.760+0000][3477.203s][info ][safepoint     ] Application time: 1.0001875 seconds
[2023-11-16T06:32:16.760+0000][3477.203s][info ][safepoint     ] Entering safepoint region: Cleanup
[2023-11-16T06:32:16.760+0000][3477.203s][info ][safepoint     ] Leaving safepoint region
[2023-11-16T06:32:16.760+0000][3477.203s][info ][safepoint     ] Total time for which application threads were stopped: 0.0003326 seconds, Stopping threads took: 0.0000476 seconds
[2023-11-16T06:32:17.760+0000][3478.203s][debug][safepoint     ] Safepoint synchronization initiated. (169 threads)
[2023-11-16T06:32:17.760+0000][3478.203s][info ][safepoint     ] Application time: 1.0001573 seconds
[2023-11-16T06:32:17.760+0000][3478.203s][info ][safepoint     ] Entering safepoint region: Cleanup
[2023-11-16T06:32:17.761+0000][3478.204s][info ][safepoint     ] Leaving safepoint region
[2023-11-16T06:32:17.761+0000][3478.204s][info ][safepoint     ] Total time for which application threads were stopped: 0.0005012 seconds, Stopping threads took: 0.0002625 seconds
[2023-11-16T06:32:18.761+0000][3479.204s][debug][safepoint     ] Safepoint synchronization initiated. (169 threads)
[2023-11-16T06:32:18.761+0000][3479.204s][info ][safepoint     ] Application time: 1.0001524 seconds
[2023-11-16T06:32:18.761+0000][3479.204s][info ][safepoint     ] Entering safepoint region: Cleanup
[2023-11-16T06:32:18.761+0000][3479.204s][info ][safepoint     ] Leaving safepoint region
[2023-11-16T06:32:18.761+0000][3479.204s][info ][safepoint     ] Total time for which application threads were stopped: 0.0002434 seconds, Stopping threads took: 0.0000501 seconds
[2023-11-16T06:32:19.761+0000][3480.204s][debug][safepoint     ] Safepoint synchronization initiated. (169 threads)
[2023-11-16T06:32:19.761+0000][3480.204s][info ][safepoint     ] Application time: 1.0001408 seconds
[2023-11-16T06:32:19.761+0000][3480.205s][info ][safepoint     ] Entering safepoint region: Cleanup
[2023-11-16T06:32:19.761+0000][3480.205s][info ][safepoint     ] Leaving safepoint region
[2023-11-16T06:32:19.762+0000][3480.205s][info ][safepoint     ] Total time for which application threads were stopped: 0.0003415 seconds, Stopping threads took: 0.0000506 seconds
[2023-11-16T06:32:20.762+0000][3481.205s][debug][safepoint     ] Safepoint synchronization initiated. (169 threads)
[2023-11-16T06:32:20.762+0000][3481.205s][info ][safepoint     ] Application time: 1.0001522 seconds
[2023-11-16T06:32:20.762+0000][3481.205s][info ][safepoint     ] Entering safepoint region: Cleanup
[2023-11-16T06:32:20.762+0000][3481.205s][info ][safepoint     ] Leaving safepoint region
[2023-11-16T06:32:20.762+0000][3481.205s][info ][safepoint     ] Total time for which application threads were stopped: 0.0002917 seconds, Stopping threads took: 0.0000508 seconds
[2023-11-16T06:32:21.762+0000][3482.205s][debug][safepoint     ] Safepoint synchronization initiated. (169 threads)
[2023-11-16T06:32:21.762+0000][3482.205s][info ][safepoint     ] Application time: 1.0001560 seconds
[2023-11-16T06:32:21.762+0000][3482.206s][info ][safepoint     ] Entering safepoint region: Cleanup
[2023-11-16T06:32:21.763+0000][3482.206s][info ][safepoint     ] Leaving safepoint region
[2023-11-16T06:32:21.763+0000][3482.206s][info ][safepoint     ] Total time for which application threads were stopped: 0.0003550 seconds, Stopping threads took: 0.0000742 seconds
[2023-11-16T06:32:22.763+0000][3483.206s][debug][safepoint     ] Safepoint synchronization initiated. (169 threads)
[2023-11-16T06:32:22.763+0000][3483.206s][info ][safepoint     ] Application time: 1.0001544 seconds
[2023-11-16T06:32:22.763+0000][3483.206s][info ][safepoint     ] Entering safepoint region: Cleanup
[2023-11-16T06:32:22.763+0000][3483.207s][info ][safepoint     ] Leaving safepoint region
[2023-11-16T06:32:22.763+0000][3483.207s][info ][safepoint     ] Total time for which application threads were stopped: 0.0006077 seconds, Stopping threads took: 0.0003279 seconds
[2023-11-16T06:32:23.763+0000][3484.207s][debug][safepoint     ] Safepoint synchronization initiated. (169 threads)
[2023-11-16T06:32:23.764+0000][3484.207s][info ][safepoint     ] Application time: 1.0001716 seconds
[2023-11-16T06:32:23.764+0000][3484.207s][info ][safepoint     ] Entering safepoint region: Cleanup
[2023-11-16T06:32:23.764+0000][3484.207s][info ][safepoint     ] Leaving safepoint region
[2023-11-16T06:32:23.764+0000][3484.207s][info ][safepoint     ] Total time for which application threads were stopped: 0.0002733 seconds, Stopping threads took: 0.0000507 seconds
[2023-11-16T06:32:24.764+0000][3485.207s][debug][safepoint     ] Safepoint synchronization initiated. (169 threads)
[2023-11-16T06:32:24.764+0000][3485.207s][info ][safepoint     ] Application time: 1.0001521 seconds
[2023-11-16T06:32:24.764+0000][3485.207s][info ][safepoint     ] Entering safepoint region: Cleanup
[2023-11-16T06:32:24.764+0000][3485.208s][info ][safepoint     ] Leaving safepoint region
[2023-11-16T06:32:24.764+0000][3485.208s][info ][safepoint     ] Total time for which application threads were stopped: 0.0003440 seconds, Stopping threads took: 0.0000508 seconds
[2023-11-16T06:32:25.764+0000][3486.208s][debug][safepoint     ] Safepoint synchronization initiated. (169 threads)
[2023-11-16T06:32:25.765+0000][3486.208s][info ][safepoint     ] Application time: 1.0001534 seconds
[2023-11-16T06:32:25.765+0000][3486.208s][info ][safepoint     ] Entering safepoint region: Cleanup
[2023-11-16T06:32:25.765+0000][3486.208s][info ][safepoint     ] Leaving safepoint region
[2023-11-16T06:32:25.765+0000][3486.208s][info ][safepoint     ] Total time for which application threads were stopped: 0.0002841 seconds, Stopping threads took: 0.0000514 seconds
[2023-11-16T06:32:26.765+0000][3487.208s][debug][safepoint     ] Safepoint synchronization initiated. (169 threads)
[2023-11-16T06:32:26.765+0000][3487.208s][info ][safepoint     ] Application time: 1.0001683 seconds
[2023-11-16T06:32:26.765+0000][3487.208s][info ][safepoint     ] Entering safepoint region: Cleanup
[2023-11-16T06:32:26.765+0000][3487.209s][info ][safepoint     ] Leaving safepoint region
[2023-11-16T06:32:26.765+0000][3487.209s][info ][safepoint     ] Total time for which application threads were stopped: 0.0003419 seconds, Stopping threads took: 0.0000538 seconds
[2023-11-16T06:32:27.765+0000][3488.209s][debug][safepoint     ] Safepoint synchronization initiated. (169 threads)
[2023-11-16T06:32:27.766+0000][3488.209s][info ][safepoint     ] Application time: 1.0001951 seconds
[2023-11-16T06:32:27.766+0000][3488.209s][info ][safepoint     ] Entering safepoint region: Cleanup
[2023-11-16T06:32:27.766+0000][3488.209s][info ][safepoint     ] Leaving safepoint region
[2023-11-16T06:32:27.766+0000][3488.209s][info ][safepoint     ] Total time for which application threads were stopped: 0.0002517 seconds, Stopping threads took: 0.0000530 seconds
[2023-11-16T06:32:28.766+0000][3489.209s][debug][safepoint     ] Safepoint synchronization initiated. (169 threads)
[2023-11-16T06:32:28.766+0000][3489.209s][info ][safepoint     ] Application time: 1.0001603 seconds
[2023-11-16T06:32:28.766+0000][3489.209s][info ][safepoint     ] Entering safepoint region: Cleanup
[2023-11-16T06:32:28.766+0000][3489.210s][info ][safepoint     ] Leaving safepoint region
[2023-11-16T06:32:28.766+0000][3489.210s][info ][safepoint     ] Total time for which application threads were stopped: 0.0002868 seconds, Stopping threads took: 0.0000778 seconds
[2023-11-16T06:32:29.766+0000][3490.210s][debug][safepoint     ] Safepoint synchronization initiated. (169 threads)
[2023-11-16T06:32:29.767+0000][3490.210s][info ][safepoint     ] Application time: 1.0001665 seconds
[2023-11-16T06:32:29.767+0000][3490.210s][info ][safepoint     ] Entering safepoint region: Cleanup
[2023-11-16T06:32:29.767+0000][3490.210s][info ][safepoint     ] Leaving safepoint region
[2023-11-16T06:32:29.767+0000][3490.210s][info ][safepoint     ] Total time for which application threads were stopped: 0.0002491 seconds, Stopping threads took: 0.0000528 seconds
[2023-11-16T06:32:30.767+0000][3491.210s][debug][safepoint     ] Safepoint synchronization initiated. (169 threads)
[2023-11-16T06:32:30.767+0000][3491.210s][info ][safepoint     ] Application time: 1.0001825 seconds
[2023-11-16T06:32:30.767+0000][3491.210s][info ][safepoint     ] Entering safepoint region: Cleanup
[2023-11-16T06:32:30.767+0000][3491.211s][info ][safepoint     ] Leaving safepoint region
[2023-11-16T06:32:30.767+0000][3491.211s][info ][safepoint     ] Total time for which application threads were stopped: 0.0003428 seconds, Stopping threads took: 0.0000523 seconds
[2023-11-16T06:32:31.767+0000][3492.211s][debug][safepoint     ] Safepoint synchronization initiated. (169 threads)
[2023-11-16T06:32:31.768+0000][3492.211s][info ][safepoint     ] Application time: 1.0001872 seconds
[2023-11-16T06:32:31.768+0000][3492.211s][info ][safepoint     ] Entering safepoint region: Cleanup
[2023-11-16T06:32:31.768+0000][3492.211s][info ][safepoint     ] Leaving safepoint region
[2023-11-16T06:32:31.768+0000][3492.211s][info ][safepoint     ] Total time for which application threads were stopped: 0.0003276 seconds, Stopping threads took: 0.0000522 seconds
[2023-11-16T06:32:32.768+0000][3493.211s][debug][safepoint     ] Safepoint synchronization initiated. (169 threads)
[2023-11-16T06:32:32.768+0000][3493.211s][info ][safepoint     ] Application time: 1.0001606 seconds
[2023-11-16T06:32:32.768+0000][3493.211s][info ][safepoint     ] Entering safepoint region: Cleanup
[2023-11-16T06:32:32.769+0000][3493.212s][info ][safepoint     ] Leaving safepoint region
[2023-11-16T06:32:32.769+0000][3493.212s][info ][safepoint     ] Total time for which application threads were stopped: 0.0004239 seconds, Stopping threads took: 0.0001809 seconds
[2023-11-16T06:32:33.769+0000][3494.212s][debug][safepoint     ] Safepoint synchronization initiated. (169 threads)
[2023-11-16T06:32:33.769+0000][3494.212s][info ][safepoint     ] Application time: 1.0001634 seconds
[2023-11-16T06:32:33.769+0000][3494.212s][info ][safepoint     ] Entering safepoint region: Cleanup
[2023-11-16T06:32:33.769+0000][3494.212s][info ][safepoint     ] Leaving safepoint region
[2023-11-16T06:32:33.769+0000][3494.212s][info ][safepoint     ] Total time for which application threads were stopped: 0.0002441 seconds, Stopping threads took: 0.0000595 seconds
[2023-11-16T06:32:34.769+0000][3495.212s][debug][safepoint     ] Safepoint synchronization initiated. (169 threads)
[2023-11-16T06:32:34.769+0000][3495.212s][info ][safepoint     ] Application time: 1.0001648 seconds
[2023-11-16T06:32:34.769+0000][3495.213s][info ][safepoint     ] Entering safepoint region: Cleanup
[2023-11-16T06:32:34.769+0000][3495.213s][info ][safepoint     ] Leaving safepoint region
[2023-11-16T06:32:34.769+0000][3495.213s][info ][safepoint     ] Total time for which application threads were stopped: 0.0002940 seconds, Stopping threads took: 0.0000527 seconds
[2023-11-16T06:32:35.770+0000][3496.213s][debug][safepoint     ] Safepoint synchronization initiated. (169 threads)
[2023-11-16T06:32:35.770+0000][3496.213s][info ][safepoint     ] Application time: 1.0001694 seconds
[2023-11-16T06:32:35.770+0000][3496.213s][info ][safepoint     ] Entering safepoint region: Cleanup
[2023-11-16T06:32:35.770+0000][3496.213s][info ][safepoint     ] Leaving safepoint region
[2023-11-16T06:32:35.770+0000][3496.213s][info ][safepoint     ] Total time for which application threads were stopped: 0.0003677 seconds, Stopping threads took: 0.0000785 seconds
[2023-11-16T06:32:36.770+0000][3497.213s][debug][safepoint     ] Safepoint synchronization initiated. (169 threads)
[2023-11-16T06:32:36.770+0000][3497.214s][info ][safepoint     ] Application time: 1.0001624 seconds
[2023-11-16T06:32:36.770+0000][3497.214s][info ][safepoint     ] Entering safepoint region: Cleanup
[2023-11-16T06:32:36.770+0000][3497.214s][info ][safepoint     ] Leaving safepoint region
[2023-11-16T06:32:36.771+0000][3497.214s][info ][safepoint     ] Total time for which application threads were stopped: 0.0002729 seconds, Stopping threads took: 0.0000519 seconds
[2023-11-16T06:32:37.771+0000][3498.214s][debug][safepoint     ] Safepoint synchronization initiated. (169 threads)
[2023-11-16T06:32:37.771+0000][3498.214s][info ][safepoint     ] Application time: 1.0001619 seconds
[2023-11-16T06:32:37.771+0000][3498.214s][info ][safepoint     ] Entering safepoint region: Cleanup
[2023-11-16T06:32:37.771+0000][3498.215s][info ][safepoint     ] Leaving safepoint region
[2023-11-16T06:32:37.771+0000][3498.215s][info ][safepoint     ] Total time for which application threads were stopped: 0.0005565 seconds, Stopping threads took: 0.0002746 seconds
[2023-11-16T06:32:38.771+0000][3499.215s][debug][safepoint     ] Safepoint synchronization initiated. (169 threads)
[2023-11-16T06:32:38.771+0000][3499.215s][info ][safepoint     ] Application time: 1.0001561 seconds
[2023-11-16T06:32:38.772+0000][3499.215s][info ][safepoint     ] Entering safepoint region: Cleanup
[2023-11-16T06:32:38.772+0000][3499.215s][info ][safepoint     ] Leaving safepoint region
[2023-11-16T06:32:38.772+0000][3499.215s][info ][safepoint     ] Total time for which application threads were stopped: 0.0002445 seconds, Stopping threads took: 0.0000492 seconds
[2023-11-16T06:32:39.772+0000][3500.215s][debug][safepoint     ] Safepoint synchronization initiated. (169 threads)
[2023-11-16T06:32:39.772+0000][3500.215s][info ][safepoint     ] Application time: 1.0001417 seconds
[2023-11-16T06:32:39.772+0000][3500.215s][info ][safepoint     ] Entering safepoint region: Cleanup
[2023-11-16T06:32:39.772+0000][3500.216s][info ][safepoint     ] Leaving safepoint region
[2023-11-16T06:32:39.772+0000][3500.216s][info ][safepoint     ] Total time for which application threads were stopped: 0.0003407 seconds, Stopping threads took: 0.0000504 seconds
[2023-11-16T06:32:40.772+0000][3501.216s][debug][safepoint     ] Safepoint synchronization initiated. (169 threads)
[2023-11-16T06:32:40.772+0000][3501.216s][info ][safepoint     ] Application time: 1.0001576 seconds
[2023-11-16T06:32:40.772+0000][3501.216s][info ][safepoint     ] Entering safepoint region: Cleanup
[2023-11-16T06:32:40.773+0000][3501.216s][info ][safepoint     ] Leaving safepoint region
[2023-11-16T06:32:40.773+0000][3501.216s][info ][safepoint     ] Total time for which application threads were stopped: 0.0003302 seconds, Stopping threads took: 0.0000494 seconds
[2023-11-16T06:32:41.773+0000][3502.216s][debug][safepoint     ] Safepoint synchronization initiated. (169 threads)
[2023-11-16T06:32:41.773+0000][3502.216s][info ][safepoint     ] Application time: 1.0001558 seconds
[2023-11-16T06:32:41.773+0000][3502.216s][info ][safepoint     ] Entering safepoint region: Cleanup
[2023-11-16T06:32:41.773+0000][3502.217s][info ][safepoint     ] Leaving safepoint region
[2023-11-16T06:32:41.773+0000][3502.217s][info ][safepoint     ] Total time for which application threads were stopped: 0.0003069 seconds, Stopping threads took: 0.0000491 seconds
[2023-11-16T06:32:41.773+0000][3502.217s][debug][safepoint     ] ... found polling page return exception at pc = 0x00007fde849bede6, stub =0x00007fde7c83a800
[2023-11-16T06:32:41.773+0000][3502.217s][debug][safepoint     ] ... found polling page return exception at pc = 0x00007fde849bede6, stub =0x00007fde7c83a800
[2023-11-16T06:32:42.773+0000][3503.217s][debug][safepoint     ] Safepoint synchronization initiated. (169 threads)
[2023-11-16T06:32:42.773+0000][3503.217s][info ][safepoint     ] Application time: 1.0001718 seconds
[2023-11-16T06:32:42.774+0000][3503.217s][info ][safepoint     ] Entering safepoint region: Cleanup
[2023-11-16T06:32:42.774+0000][3503.217s][info ][safepoint     ] Leaving safepoint region
[2023-11-16T06:32:42.774+0000][3503.217s][info ][safepoint     ] Total time for which application threads were stopped: 0.0003701 seconds, Stopping threads took: 0.0001541 seconds
[2023-11-16T06:32:43.774+0000][3504.217s][debug][safepoint     ] Safepoint synchronization initiated. (169 threads)
[2023-11-16T06:32:43.774+0000][3504.217s][info ][safepoint     ] Application time: 1.0001570 seconds
[2023-11-16T06:32:43.774+0000][3504.217s][info ][safepoint     ] Entering safepoint region: Cleanup
[2023-11-16T06:32:43.774+0000][3504.218s][info ][safepoint     ] Leaving safepoint region
[2023-11-16T06:32:43.774+0000][3504.218s][info ][safepoint     ] Total time for which application threads were stopped: 0.0002414 seconds, Stopping threads took: 0.0000489 seconds
[2023-11-16T06:32:44.774+0000][3505.218s][debug][safepoint     ] Safepoint synchronization initiated. (169 threads)
[2023-11-16T06:32:44.774+0000][3505.218s][info ][safepoint     ] Application time: 1.0001609 seconds
[2023-11-16T06:32:44.775+0000][3505.218s][info ][safepoint     ] Entering safepoint region: Cleanup
[2023-11-16T06:32:44.775+0000][3505.218s][info ][safepoint     ] Leaving safepoint region
[2023-11-16T06:32:44.775+0000][3505.218s][info ][safepoint     ] Total time for which application threads were stopped: 0.0002455 seconds, Stopping threads took: 0.0000507 seconds
[2023-11-16T06:32:45.775+0000][3506.218s][debug][safepoint     ] Safepoint synchronization initiated. (169 threads)
[2023-11-16T06:32:45.775+0000][3506.218s][info ][safepoint     ] Application time: 1.0001594 seconds
[2023-11-16T06:32:45.775+0000][3506.218s][info ][safepoint     ] Entering safepoint region: Cleanup
[2023-11-16T06:32:45.775+0000][3506.219s][info ][safepoint     ] Leaving safepoint region
[2023-11-16T06:32:45.775+0000][3506.219s][info ][safepoint     ] Total time for which application threads were stopped: 0.0003355 seconds, Stopping threads took: 0.0000496 seconds
[2023-11-16T06:32:46.775+0000][3507.219s][debug][safepoint     ] Safepoint synchronization initiated. (169 threads)
[2023-11-16T06:32:46.775+0000][3507.219s][info ][safepoint     ] Application time: 1.0001697 seconds
[2023-11-16T06:32:46.776+0000][3507.219s][info ][safepoint     ] Entering safepoint region: Cleanup
[2023-11-16T06:32:46.776+0000][3507.219s][info ][safepoint     ] Leaving safepoint region
[2023-11-16T06:32:46.776+0000][3507.219s][info ][safepoint     ] Total time for which application threads were stopped: 0.0003368 seconds, Stopping threads took: 0.0000542 seconds
[2023-11-16T06:32:47.776+0000][3508.219s][debug][safepoint     ] Safepoint synchronization initiated. (169 threads)
[2023-11-16T06:32:47.776+0000][3508.219s][info ][safepoint     ] Application time: 1.0001458 seconds
[2023-11-16T06:32:47.776+0000][3508.219s][info ][safepoint     ] Entering safepoint region: Cleanup
[2023-11-16T06:32:47.776+0000][3508.220s][info ][safepoint     ] Leaving safepoint region
[2023-11-16T06:32:47.776+0000][3508.220s][info ][safepoint     ] Total time for which application threads were stopped: 0.0003966 seconds, Stopping threads took: 0.0001480 seconds
[2023-11-16T06:32:48.776+0000][3509.220s][debug][safepoint     ] Safepoint synchronization initiated. (169 threads)
[2023-11-16T06:32:48.777+0000][3509.220s][info ][safepoint     ] Application time: 1.0001552 seconds
[2023-11-16T06:32:48.777+0000][3509.220s][info ][safepoint     ] Entering safepoint region: Cleanup
[2023-11-16T06:32:48.777+0000][3509.220s][info ][safepoint     ] Leaving safepoint region
[2023-11-16T06:32:48.777+0000][3509.220s][info ][safepoint     ] Total time for which application threads were stopped: 0.0003175 seconds, Stopping threads took: 0.0000490 seconds
[2023-11-16T06:32:49.777+0000][3510.220s][debug][safepoint     ] Safepoint synchronization initiated. (169 threads)
[2023-11-16T06:32:49.777+0000][3510.220s][info ][safepoint     ] Application time: 1.0001775 seconds
[2023-11-16T06:32:49.777+0000][3510.220s][info ][safepoint     ] Entering safepoint region: Cleanup
[2023-11-16T06:32:49.777+0000][3510.221s][info ][safepoint     ] Leaving safepoint region
[2023-11-16T06:32:49.777+0000][3510.221s][info ][safepoint     ] Total time for which application threads were stopped: 0.0002551 seconds, Stopping threads took: 0.0000495 seconds
[2023-11-16T06:32:50.778+0000][3511.221s][debug][safepoint     ] Safepoint synchronization initiated. (169 threads)
[2023-11-16T06:32:50.778+0000][3511.221s][info ][safepoint     ] Application time: 1.0001702 seconds
[2023-11-16T06:32:50.778+0000][3511.221s][info ][safepoint     ] Entering safepoint region: Cleanup
[2023-11-16T06:32:50.778+0000][3511.221s][info ][safepoint     ] Leaving safepoint region
[2023-11-16T06:32:50.778+0000][3511.221s][info ][safepoint     ] Total time for which application threads were stopped: 0.0003394 seconds, Stopping threads took: 0.0000506 seconds
[2023-11-16T06:32:51.778+0000][3512.221s][debug][safepoint     ] Safepoint synchronization initiated. (169 threads)
[2023-11-16T06:32:51.778+0000][3512.221s][info ][safepoint     ] Application time: 1.0001590 seconds
[2023-11-16T06:32:51.778+0000][3512.221s][info ][safepoint     ] Entering safepoint region: Cleanup
[2023-11-16T06:32:51.778+0000][3512.222s][info ][safepoint     ] Leaving safepoint region
[2023-11-16T06:32:51.778+0000][3512.222s][info ][safepoint     ] Total time for which application threads were stopped: 0.0003368 seconds, Stopping threads took: 0.0000502 seconds
[2023-11-16T06:32:52.779+0000][3513.222s][debug][safepoint     ] Safepoint synchronization initiated. (169 threads)
[2023-11-16T06:32:52.779+0000][3513.222s][info ][safepoint     ] Application time: 1.0001726 seconds
[2023-11-16T06:32:52.779+0000][3513.222s][info ][safepoint     ] Entering safepoint region: Cleanup
[2023-11-16T06:32:52.779+0000][3513.223s][info ][safepoint     ] Leaving safepoint region
[2023-11-16T06:32:52.779+0000][3513.223s][info ][safepoint     ] Total time for which application threads were stopped: 0.0007594 seconds, Stopping threads took: 0.0004162 seconds
[2023-11-16T06:32:53.780+0000][3514.223s][debug][safepoint     ] Safepoint synchronization initiated. (169 threads)
[2023-11-16T06:32:53.780+0000][3514.223s][info ][safepoint     ] Application time: 1.0001519 seconds
[2023-11-16T06:32:53.780+0000][3514.223s][info ][safepoint     ] Entering safepoint region: Cleanup
[2023-11-16T06:32:53.780+0000][3514.223s][info ][safepoint     ] Leaving safepoint region
[2023-11-16T06:32:53.780+0000][3514.223s][info ][safepoint     ] Total time for which application threads were stopped: 0.0003435 seconds, Stopping threads took: 0.0000501 seconds
[2023-11-16T06:32:54.780+0000][3515.223s][debug][safepoint     ] Safepoint synchronization initiated. (169 threads)
[2023-11-16T06:32:54.780+0000][3515.223s][info ][safepoint     ] Application time: 1.0001367 seconds
[2023-11-16T06:32:54.780+0000][3515.223s][info ][safepoint     ] Entering safepoint region: Cleanup
[2023-11-16T06:32:54.780+0000][3515.224s][info ][safepoint     ] Leaving safepoint region
[2023-11-16T06:32:54.780+0000][3515.224s][info ][safepoint     ] Total time for which application threads were stopped: 0.0003352 seconds, Stopping threads took: 0.0000508 seconds
[2023-11-16T06:32:55.781+0000][3516.224s][debug][safepoint     ] Safepoint synchronization initiated. (169 threads)
[2023-11-16T06:32:55.781+0000][3516.224s][info ][safepoint     ] Application time: 1.0001779 seconds
[2023-11-16T06:32:55.781+0000][3516.224s][info ][safepoint     ] Entering safepoint region: Cleanup
[2023-11-16T06:32:55.781+0000][3516.224s][info ][safepoint     ] Leaving safepoint region
[2023-11-16T06:32:55.781+0000][3516.224s][info ][safepoint     ] Total time for which application threads were stopped: 0.0003422 seconds, Stopping threads took: 0.0000506 seconds
[2023-11-16T06:32:56.781+0000][3517.224s][debug][safepoint     ] Safepoint synchronization initiated. (169 threads)
[2023-11-16T06:32:56.781+0000][3517.225s][info ][safepoint     ] Application time: 1.0001503 seconds
[2023-11-16T06:32:56.781+0000][3517.225s][info ][safepoint     ] Entering safepoint region: Cleanup
[2023-11-16T06:32:56.782+0000][3517.225s][info ][safepoint     ] Leaving safepoint region
[2023-11-16T06:32:56.782+0000][3517.225s][info ][safepoint     ] Total time for which application threads were stopped: 0.0003479 seconds, Stopping threads took: 0.0000502 seconds
[2023-11-16T06:32:57.782+0000][3518.225s][debug][safepoint     ] Safepoint synchronization initiated. (169 threads)
[2023-11-16T06:32:57.782+0000][3518.225s][info ][safepoint     ] Application time: 1.0001628 seconds
[2023-11-16T06:32:57.782+0000][3518.225s][info ][safepoint     ] Entering safepoint region: Cleanup
[2023-11-16T06:32:57.782+0000][3518.226s][info ][safepoint     ] Leaving safepoint region
[2023-11-16T06:32:57.782+0000][3518.226s][info ][safepoint     ] Total time for which application threads were stopped: 0.0004265 seconds, Stopping threads took: 0.0001985 seconds
[2023-11-16T06:32:58.782+0000][3519.226s][debug][safepoint     ] Safepoint synchronization initiated. (169 threads)
[2023-11-16T06:32:58.782+0000][3519.226s][info ][safepoint     ] Application time: 1.0001535 seconds
[2023-11-16T06:32:58.782+0000][3519.226s][info ][safepoint     ] Entering safepoint region: Cleanup
[2023-11-16T06:32:58.783+0000][3519.226s][info ][safepoint     ] Leaving safepoint region
[2023-11-16T06:32:58.783+0000][3519.226s][info ][safepoint     ] Total time for which application threads were stopped: 0.0002628 seconds, Stopping threads took: 0.0000503 seconds
[2023-11-16T06:32:59.783+0000][3520.226s][debug][safepoint     ] Safepoint synchronization initiated. (169 threads)
[2023-11-16T06:32:59.783+0000][3520.226s][info ][safepoint     ] Application time: 1.0001679 seconds
[2023-11-16T06:32:59.783+0000][3520.226s][info ][safepoint     ] Entering safepoint region: Cleanup
[2023-11-16T06:32:59.783+0000][3520.226s][info ][safepoint     ] Leaving safepoint region
[2023-11-16T06:32:59.783+0000][3520.227s][info ][safepoint     ] Total time for which application threads were stopped: 0.0003439 seconds, Stopping threads took: 0.0000507 seconds
[2023-11-16T06:33:00.783+0000][3521.227s][debug][safepoint     ] Safepoint synchronization initiated. (169 threads)
[2023-11-16T06:33:00.783+0000][3521.227s][info ][safepoint     ] Application time: 1.0001524 seconds
[2023-11-16T06:33:00.783+0000][3521.227s][info ][safepoint     ] Entering safepoint region: Cleanup
[2023-11-16T06:33:00.784+0000][3521.227s][info ][safepoint     ] Leaving safepoint region
[2023-11-16T06:33:00.784+0000][3521.227s][info ][safepoint     ] Total time for which application threads were stopped: 0.0003566 seconds, Stopping threads took: 0.0000746 seconds
[2023-11-16T06:33:01.784+0000][3522.227s][debug][safepoint     ] Safepoint synchronization initiated. (169 threads)
[2023-11-16T06:33:01.784+0000][3522.227s][info ][safepoint     ] Application time: 1.0001529 seconds
[2023-11-16T06:33:01.784+0000][3522.227s][info ][safepoint     ] Entering safepoint region: Cleanup
[2023-11-16T06:33:01.784+0000][3522.228s][info ][safepoint     ] Leaving safepoint region
[2023-11-16T06:33:01.784+0000][3522.228s][info ][safepoint     ] Total time for which application threads were stopped: 0.0003343 seconds, Stopping threads took: 0.0000494 seconds
[2023-11-16T06:33:02.784+0000][3523.228s][debug][safepoint     ] Safepoint synchronization initiated. (169 threads)
[2023-11-16T06:33:02.784+0000][3523.228s][info ][safepoint     ] Application time: 1.0001603 seconds
[2023-11-16T06:33:02.785+0000][3523.228s][info ][safepoint     ] Entering safepoint region: Cleanup
[2023-11-16T06:33:02.785+0000][3523.228s][info ][safepoint     ] Leaving safepoint region
[2023-11-16T06:33:02.785+0000][3523.229s][info ][safepoint     ] Total time for which application threads were stopped: 0.0007145 seconds, Stopping threads took: 0.0003775 seconds
[2023-11-16T06:33:03.785+0000][3524.229s][debug][safepoint     ] Safepoint synchronization initiated. (169 threads)
[2023-11-16T06:33:03.785+0000][3524.229s][info ][safepoint     ] Application time: 1.0001566 seconds
[2023-11-16T06:33:03.785+0000][3524.229s][info ][safepoint     ] Entering safepoint region: Cleanup
[2023-11-16T06:33:03.786+0000][3524.229s][info ][safepoint     ] Leaving safepoint region
[2023-11-16T06:33:03.786+0000][3524.229s][info ][safepoint     ] Total time for which application threads were stopped: 0.0003335 seconds, Stopping threads took: 0.0000489 seconds
[2023-11-16T06:33:04.786+0000][3525.229s][debug][safepoint     ] Safepoint synchronization initiated. (169 threads)
[2023-11-16T06:33:04.786+0000][3525.229s][info ][safepoint     ] Application time: 1.0001448 seconds
[2023-11-16T06:33:04.786+0000][3525.229s][info ][safepoint     ] Entering safepoint region: Cleanup
[2023-11-16T06:33:04.786+0000][3525.230s][info ][safepoint     ] Leaving safepoint region
[2023-11-16T06:33:04.786+0000][3525.230s][info ][safepoint     ] Total time for which application threads were stopped: 0.0003000 seconds, Stopping threads took: 0.0000489 seconds
[2023-11-16T06:33:05.786+0000][3526.230s][debug][safepoint     ] Safepoint synchronization initiated. (169 threads)
[2023-11-16T06:33:05.786+0000][3526.230s][info ][safepoint     ] Application time: 1.0001528 seconds
[2023-11-16T06:33:05.786+0000][3526.230s][info ][safepoint     ] Entering safepoint region: Cleanup
[2023-11-16T06:33:05.787+0000][3526.230s][info ][safepoint     ] Leaving safepoint region
[2023-11-16T06:33:05.787+0000][3526.230s][info ][safepoint     ] Total time for which application threads were stopped: 0.0002525 seconds, Stopping threads took: 0.0000492 seconds
[2023-11-16T06:33:06.787+0000][3527.230s][debug][safepoint     ] Safepoint synchronization initiated. (169 threads)
[2023-11-16T06:33:06.787+0000][3527.230s][info ][safepoint     ] Application time: 1.0001664 seconds
[2023-11-16T06:33:06.787+0000][3527.230s][info ][safepoint     ] Entering safepoint region: Cleanup
[2023-11-16T06:33:06.787+0000][3527.231s][info ][safepoint     ] Leaving safepoint region
[2023-11-16T06:33:06.787+0000][3527.231s][info ][safepoint     ] Total time for which application threads were stopped: 0.0003356 seconds, Stopping threads took: 0.0000491 seconds
[2023-11-16T06:33:07.787+0000][3528.231s][debug][safepoint     ] Safepoint synchronization initiated. (169 threads)
[2023-11-16T06:33:07.787+0000][3528.231s][info ][safepoint     ] Application time: 1.0001485 seconds
[2023-11-16T06:33:07.787+0000][3528.231s][info ][safepoint     ] Entering safepoint region: Cleanup
[2023-11-16T06:33:07.788+0000][3528.231s][info ][safepoint     ] Leaving safepoint region
[2023-11-16T06:33:07.788+0000][3528.231s][info ][safepoint     ] Total time for which application threads were stopped: 0.0003473 seconds, Stopping threads took: 0.0000750 seconds
[2023-11-16T06:33:08.788+0000][3529.231s][debug][safepoint     ] Safepoint synchronization initiated. (169 threads)
[2023-11-16T06:33:08.788+0000][3529.231s][info ][safepoint     ] Application time: 1.0001467 seconds
[2023-11-16T06:33:08.788+0000][3529.231s][info ][safepoint     ] Entering safepoint region: Cleanup
[2023-11-16T06:33:08.788+0000][3529.232s][info ][safepoint     ] Leaving safepoint region
[2023-11-16T06:33:08.788+0000][3529.232s][info ][safepoint     ] Total time for which application threads were stopped: 0.0003223 seconds, Stopping threads took: 0.0000490 seconds
[2023-11-16T06:33:09.788+0000][3530.232s][debug][safepoint     ] Safepoint synchronization initiated. (169 threads)
[2023-11-16T06:33:09.788+0000][3530.232s][info ][safepoint     ] Application time: 1.0001660 seconds
[2023-11-16T06:33:09.788+0000][3530.232s][info ][safepoint     ] Entering safepoint region: Cleanup
[2023-11-16T06:33:09.789+0000][3530.232s][info ][safepoint     ] Leaving safepoint region
[2023-11-16T06:33:09.789+0000][3530.232s][info ][safepoint     ] Total time for which application threads were stopped: 0.0003355 seconds, Stopping threads took: 0.0000486 seconds
[2023-11-16T06:33:10.789+0000][3531.232s][debug][safepoint     ] Safepoint synchronization initiated. (169 threads)
[2023-11-16T06:33:10.789+0000][3531.232s][info ][safepoint     ] Application time: 1.0001502 seconds
[2023-11-16T06:33:10.789+0000][3531.232s][info ][safepoint     ] Entering safepoint region: Cleanup
[2023-11-16T06:33:10.789+0000][3531.233s][info ][safepoint     ] Leaving safepoint region
[2023-11-16T06:33:10.789+0000][3531.233s][info ][safepoint     ] Total time for which application threads were stopped: 0.0003346 seconds, Stopping threads took: 0.0000497 seconds
[2023-11-16T06:33:11.789+0000][3532.233s][debug][safepoint     ] Safepoint synchronization initiated. (169 threads)
[2023-11-16T06:33:11.790+0000][3532.233s][info ][safepoint     ] Application time: 1.0001569 seconds
[2023-11-16T06:33:11.790+0000][3532.233s][info ][safepoint     ] Entering safepoint region: Cleanup
[2023-11-16T06:33:11.790+0000][3532.233s][info ][safepoint     ] Leaving safepoint region
[2023-11-16T06:33:11.790+0000][3532.233s][info ][safepoint     ] Total time for which application threads were stopped: 0.0003338 seconds, Stopping threads took: 0.0000491 seconds
[2023-11-16T06:33:12.790+0000][3533.233s][debug][safepoint     ] Safepoint synchronization initiated. (169 threads)
[2023-11-16T06:33:12.790+0000][3533.233s][info ][safepoint     ] Application time: 1.0001716 seconds
[2023-11-16T06:33:12.790+0000][3533.233s][info ][safepoint     ] Entering safepoint region: Cleanup
[2023-11-16T06:33:12.790+0000][3533.234s][info ][safepoint     ] Leaving safepoint region
[2023-11-16T06:33:12.790+0000][3533.234s][info ][safepoint     ] Total time for which application threads were stopped: 0.0003354 seconds, Stopping threads took: 0.0000489 seconds
[2023-11-16T06:33:13.791+0000][3534.234s][debug][safepoint     ] Safepoint synchronization initiated. (169 threads)
[2023-11-16T06:33:13.791+0000][3534.234s][info ][safepoint     ] Application time: 1.0001568 seconds
[2023-11-16T06:33:13.791+0000][3534.234s][info ][safepoint     ] Entering safepoint region: Cleanup
[2023-11-16T06:33:13.791+0000][3534.234s][info ][safepoint     ] Leaving safepoint region
[2023-11-16T06:33:13.791+0000][3534.234s][info ][safepoint     ] Total time for which application threads were stopped: 0.0003338 seconds, Stopping threads took: 0.0000500 seconds
[2023-11-16T06:33:14.791+0000][3535.234s][debug][safepoint     ] Safepoint synchronization initiated. (169 threads)
[2023-11-16T06:33:14.791+0000][3535.234s][info ][safepoint     ] Application time: 1.0001878 seconds
[2023-11-16T06:33:14.791+0000][3535.235s][info ][safepoint     ] Entering safepoint region: Cleanup
[2023-11-16T06:33:14.791+0000][3535.235s][info ][safepoint     ] Leaving safepoint region
[2023-11-16T06:33:14.791+0000][3535.235s][info ][safepoint     ] Total time for which application threads were stopped: 0.0003293 seconds, Stopping threads took: 0.0000486 seconds
[2023-11-16T06:33:15.792+0000][3536.235s][debug][safepoint     ] Safepoint synchronization initiated. (169 threads)
[2023-11-16T06:33:15.792+0000][3536.235s][info ][safepoint     ] Application time: 1.0001532 seconds
[2023-11-16T06:33:15.792+0000][3536.235s][info ][safepoint     ] Entering safepoint region: Cleanup
[2023-11-16T06:33:15.792+0000][3536.236s][info ][safepoint     ] Leaving safepoint region
[2023-11-16T06:33:15.792+0000][3536.236s][info ][safepoint     ] Total time for which application threads were stopped: 0.0005276 seconds, Stopping threads took: 0.0001885 seconds
[2023-11-16T06:33:16.792+0000][3537.236s][debug][safepoint     ] Safepoint synchronization initiated. (169 threads)
[2023-11-16T06:33:16.792+0000][3537.236s][info ][safepoint     ] Application time: 1.0001821 seconds
[2023-11-16T06:33:16.792+0000][3537.236s][info ][safepoint     ] Entering safepoint region: Cleanup
[2023-11-16T06:33:16.793+0000][3537.236s][info ][safepoint     ] Leaving safepoint region
[2023-11-16T06:33:16.793+0000][3537.236s][info ][safepoint     ] Total time for which application threads were stopped: 0.0003421 seconds, Stopping threads took: 0.0000490 seconds
[2023-11-16T06:33:17.793+0000][3538.236s][debug][safepoint     ] Safepoint synchronization initiated. (169 threads)
[2023-11-16T06:33:17.793+0000][3538.236s][info ][safepoint     ] Application time: 1.0001766 seconds
[2023-11-16T06:33:17.793+0000][3538.236s][info ][safepoint     ] Entering safepoint region: Cleanup
[2023-11-16T06:33:17.793+0000][3538.237s][info ][safepoint     ] Leaving safepoint region
[2023-11-16T06:33:17.793+0000][3538.237s][info ][safepoint     ] Total time for which application threads were stopped: 0.0003354 seconds, Stopping threads took: 0.0000490 seconds
[2023-11-16T06:33:18.793+0000][3539.237s][debug][safepoint     ] Safepoint synchronization initiated. (169 threads)
[2023-11-16T06:33:18.794+0000][3539.237s][info ][safepoint     ] Application time: 1.0001576 seconds
[2023-11-16T06:33:18.794+0000][3539.237s][info ][safepoint     ] Entering safepoint region: Cleanup
[2023-11-16T06:33:18.794+0000][3539.237s][info ][safepoint     ] Leaving safepoint region
[2023-11-16T06:33:18.794+0000][3539.237s][info ][safepoint     ] Total time for which application threads were stopped: 0.0003355 seconds, Stopping threads took: 0.0000481 seconds
[2023-11-16T06:33:19.794+0000][3540.237s][debug][safepoint     ] Safepoint synchronization initiated. (169 threads)
[2023-11-16T06:33:19.794+0000][3540.237s][info ][safepoint     ] Application time: 1.0001529 seconds
[2023-11-16T06:33:19.794+0000][3540.237s][info ][safepoint     ] Entering safepoint region: Cleanup
[2023-11-16T06:33:19.794+0000][3540.238s][info ][safepoint     ] Leaving safepoint region
[2023-11-16T06:33:19.794+0000][3540.238s][info ][safepoint     ] Total time for which application threads were stopped: 0.0003371 seconds, Stopping threads took: 0.0000491 seconds
[2023-11-16T06:33:20.795+0000][3541.238s][debug][safepoint     ] Safepoint synchronization initiated. (171 threads)
[2023-11-16T06:33:20.795+0000][3541.238s][info ][safepoint     ] Application time: 1.0001713 seconds
[2023-11-16T06:33:20.795+0000][3541.238s][info ][safepoint     ] Entering safepoint region: Cleanup
[2023-11-16T06:33:20.795+0000][3541.238s][info ][safepoint     ] Leaving safepoint region
[2023-11-16T06:33:20.795+0000][3541.238s][info ][safepoint     ] Total time for which application threads were stopped: 0.0005259 seconds, Stopping threads took: 0.0002741 seconds
[2023-11-16T06:33:21.795+0000][3542.239s][debug][safepoint     ] Safepoint synchronization initiated. (171 threads)
[2023-11-16T06:33:21.795+0000][3542.239s][info ][safepoint     ] Application time: 1.0001741 seconds
[2023-11-16T06:33:21.795+0000][3542.239s][info ][safepoint     ] Entering safepoint region: Cleanup
[2023-11-16T06:33:21.796+0000][3542.239s][info ][safepoint     ] Leaving safepoint region
[2023-11-16T06:33:21.796+0000][3542.239s][info ][safepoint     ] Total time for which application threads were stopped: 0.0002861 seconds, Stopping threads took: 0.0000494 seconds
[2023-11-16T06:33:22.796+0000][3543.239s][debug][safepoint     ] Safepoint synchronization initiated. (171 threads)
[2023-11-16T06:33:22.796+0000][3543.239s][info ][safepoint     ] Application time: 1.0001494 seconds
[2023-11-16T06:33:22.796+0000][3543.239s][info ][safepoint     ] Entering safepoint region: Cleanup
[2023-11-16T06:33:22.796+0000][3543.239s][info ][safepoint     ] Leaving safepoint region
[2023-11-16T06:33:22.796+0000][3543.239s][info ][safepoint     ] Total time for which application threads were stopped: 0.0003417 seconds, Stopping threads took: 0.0000495 seconds
[2023-11-16T06:33:23.796+0000][3544.240s][debug][safepoint     ] Safepoint synchronization initiated. (171 threads)
[2023-11-16T06:33:23.796+0000][3544.240s][info ][safepoint     ] Application time: 1.0001588 seconds
[2023-11-16T06:33:23.796+0000][3544.240s][info ][safepoint     ] Entering safepoint region: Cleanup
[2023-11-16T06:33:23.797+0000][3544.240s][info ][safepoint     ] Leaving safepoint region
[2023-11-16T06:33:23.797+0000][3544.240s][info ][safepoint     ] Total time for which application threads were stopped: 0.0002526 seconds, Stopping threads took: 0.0000482 seconds
[2023-11-16T06:33:24.797+0000][3545.240s][debug][safepoint     ] Safepoint synchronization initiated. (171 threads)
[2023-11-16T06:33:24.797+0000][3545.240s][info ][safepoint     ] Application time: 1.0001661 seconds
[2023-11-16T06:33:24.797+0000][3545.240s][info ][safepoint     ] Entering safepoint region: Cleanup
[2023-11-16T06:33:24.797+0000][3545.240s][info ][safepoint     ] Leaving safepoint region
[2023-11-16T06:33:24.797+0000][3545.240s][info ][safepoint     ] Total time for which application threads were stopped: 0.0003449 seconds, Stopping threads took: 0.0000504 seconds
[2023-11-16T06:33:25.797+0000][3546.241s][debug][safepoint     ] Safepoint synchronization initiated. (169 threads)
[2023-11-16T06:33:25.797+0000][3546.241s][info ][safepoint     ] Application time: 1.0001725 seconds
[2023-11-16T06:33:25.797+0000][3546.241s][info ][safepoint     ] Entering safepoint region: Cleanup
[2023-11-16T06:33:25.798+0000][3546.241s][info ][safepoint     ] Leaving safepoint region
[2023-11-16T06:33:25.798+0000][3546.241s][info ][safepoint     ] Total time for which application threads were stopped: 0.0005335 seconds, Stopping threads took: 0.0002772 seconds
[2023-11-16T06:33:26.798+0000][3547.241s][debug][safepoint     ] Safepoint synchronization initiated. (169 threads)
[2023-11-16T06:33:26.798+0000][3547.241s][info ][safepoint     ] Application time: 1.0001545 seconds
[2023-11-16T06:33:26.798+0000][3547.241s][info ][safepoint     ] Entering safepoint region: Cleanup
[2023-11-16T06:33:26.798+0000][3547.242s][info ][safepoint     ] Leaving safepoint region
[2023-11-16T06:33:26.798+0000][3547.242s][info ][safepoint     ] Total time for which application threads were stopped: 0.0003312 seconds, Stopping threads took: 0.0000485 seconds
[2023-11-16T06:33:27.799+0000][3548.242s][debug][safepoint     ] Safepoint synchronization initiated. (171 threads)
[2023-11-16T06:33:27.799+0000][3548.242s][info ][safepoint     ] Application time: 1.0001560 seconds
[2023-11-16T06:33:27.799+0000][3548.242s][info ][safepoint     ] Entering safepoint region: Cleanup
[2023-11-16T06:33:27.799+0000][3548.242s][info ][safepoint     ] Leaving safepoint region
[2023-11-16T06:33:27.799+0000][3548.242s][info ][safepoint     ] Total time for which application threads were stopped: 0.0003323 seconds, Stopping threads took: 0.0000493 seconds
[2023-11-16T06:33:28.799+0000][3549.242s][debug][safepoint     ] Safepoint synchronization initiated. (171 threads)
[2023-11-16T06:33:28.799+0000][3549.242s][info ][safepoint     ] Application time: 1.0001681 seconds
[2023-11-16T06:33:28.799+0000][3549.243s][info ][safepoint     ] Entering safepoint region: Cleanup
[2023-11-16T06:33:28.799+0000][3549.243s][info ][safepoint     ] Leaving safepoint region
[2023-11-16T06:33:28.799+0000][3549.243s][info ][safepoint     ] Total time for which application threads were stopped: 0.0003258 seconds, Stopping threads took: 0.0000488 seconds
[2023-11-16T06:33:29.800+0000][3550.243s][debug][safepoint     ] Safepoint synchronization initiated. (171 threads)
[2023-11-16T06:33:29.800+0000][3550.243s][info ][safepoint     ] Application time: 1.0001466 seconds
[2023-11-16T06:33:29.800+0000][3550.243s][info ][safepoint     ] Entering safepoint region: Cleanup
[2023-11-16T06:33:29.800+0000][3550.243s][info ][safepoint     ] Leaving safepoint region
[2023-11-16T06:33:29.800+0000][3550.243s][info ][safepoint     ] Total time for which application threads were stopped: 0.0003340 seconds, Stopping threads took: 0.0000489 seconds
[2023-11-16T06:33:30.800+0000][3551.243s][debug][safepoint     ] Safepoint synchronization initiated. (171 threads)
[2023-11-16T06:33:30.800+0000][3551.244s][info ][safepoint     ] Application time: 1.0001617 seconds
[2023-11-16T06:33:30.800+0000][3551.244s][info ][safepoint     ] Entering safepoint region: Cleanup
[2023-11-16T06:33:30.801+0000][3551.244s][info ][safepoint     ] Leaving safepoint region
[2023-11-16T06:33:30.801+0000][3551.244s][info ][safepoint     ] Total time for which application threads were stopped: 0.0003583 seconds, Stopping threads took: 0.0000575 seconds
[2023-11-16T06:33:31.801+0000][3552.244s][debug][safepoint     ] Safepoint synchronization initiated. (171 threads)
[2023-11-16T06:33:31.801+0000][3552.244s][info ][safepoint     ] Application time: 1.0001510 seconds
[2023-11-16T06:33:31.801+0000][3552.244s][info ][safepoint     ] Entering safepoint region: Cleanup
[2023-11-16T06:33:31.801+0000][3552.244s][info ][safepoint     ] Leaving safepoint region
[2023-11-16T06:33:31.801+0000][3552.244s][info ][safepoint     ] Total time for which application threads were stopped: 0.0002554 seconds, Stopping threads took: 0.0000489 seconds
[2023-11-16T06:33:32.801+0000][3553.244s][debug][safepoint     ] Safepoint synchronization initiated. (171 threads)
[2023-11-16T06:33:32.801+0000][3553.245s][info ][safepoint     ] Application time: 1.0001684 seconds
[2023-11-16T06:33:32.801+0000][3553.245s][info ][safepoint     ] Entering safepoint region: Cleanup
[2023-11-16T06:33:32.802+0000][3553.245s][info ][safepoint     ] Leaving safepoint region
[2023-11-16T06:33:32.802+0000][3553.245s][info ][safepoint     ] Total time for which application threads were stopped: 0.0003394 seconds, Stopping threads took: 0.0000500 seconds
[2023-11-16T06:33:33.802+0000][3554.245s][debug][safepoint     ] Safepoint synchronization initiated. (171 threads)
[2023-11-16T06:33:33.802+0000][3554.245s][info ][safepoint     ] Application time: 1.0001591 seconds
[2023-11-16T06:33:33.802+0000][3554.245s][info ][safepoint     ] Entering safepoint region: Cleanup
[2023-11-16T06:33:33.802+0000][3554.245s][info ][safepoint     ] Leaving safepoint region
[2023-11-16T06:33:33.802+0000][3554.245s][info ][safepoint     ] Total time for which application threads were stopped: 0.0003349 seconds, Stopping threads took: 0.0000486 seconds
[2023-11-16T06:33:34.802+0000][3555.246s][debug][safepoint     ] Safepoint synchronization initiated. (171 threads)
[2023-11-16T06:33:34.802+0000][3555.246s][info ][safepoint     ] Application time: 1.0001525 seconds
[2023-11-16T06:33:34.802+0000][3555.246s][info ][safepoint     ] Entering safepoint region: Cleanup
[2023-11-16T06:33:34.803+0000][3555.246s][info ][safepoint     ] Leaving safepoint region
[2023-11-16T06:33:34.803+0000][3555.246s][info ][safepoint     ] Total time for which application threads were stopped: 0.0003306 seconds, Stopping threads took: 0.0000490 seconds
[2023-11-16T06:33:35.803+0000][3556.246s][debug][safepoint     ] Safepoint synchronization initiated. (171 threads)
[2023-11-16T06:33:35.803+0000][3556.246s][info ][safepoint     ] Application time: 1.0001857 seconds
[2023-11-16T06:33:35.803+0000][3556.246s][info ][safepoint     ] Entering safepoint region: Cleanup
[2023-11-16T06:33:35.803+0000][3556.247s][info ][safepoint     ] Leaving safepoint region
[2023-11-16T06:33:35.803+0000][3556.247s][info ][safepoint     ] Total time for which application threads were stopped: 0.0005048 seconds, Stopping threads took: 0.0002688 seconds
[2023-11-16T06:33:36.803+0000][3557.247s][debug][safepoint     ] Safepoint synchronization initiated. (171 threads)
[2023-11-16T06:33:36.804+0000][3557.247s][info ][safepoint     ] Application time: 1.0001945 seconds
[2023-11-16T06:33:36.804+0000][3557.247s][info ][safepoint     ] Entering safepoint region: Cleanup
[2023-11-16T06:33:36.804+0000][3557.247s][info ][safepoint     ] Leaving safepoint region
[2023-11-16T06:33:36.804+0000][3557.247s][info ][safepoint     ] Total time for which application threads were stopped: 0.0003407 seconds, Stopping threads took: 0.0000498 seconds
[2023-11-16T06:33:37.804+0000][3558.247s][debug][safepoint     ] Safepoint synchronization initiated. (171 threads)
[2023-11-16T06:33:37.804+0000][3558.247s][info ][safepoint     ] Application time: 1.0001689 seconds
[2023-11-16T06:33:37.804+0000][3558.247s][info ][safepoint     ] Entering safepoint region: Cleanup
[2023-11-16T06:33:37.804+0000][3558.248s][info ][safepoint     ] Leaving safepoint region
[2023-11-16T06:33:37.804+0000][3558.248s][info ][safepoint     ] Total time for which application threads were stopped: 0.0003342 seconds, Stopping threads took: 0.0000489 seconds
[2023-11-16T06:33:38.805+0000][3559.248s][debug][safepoint     ] Safepoint synchronization initiated. (171 threads)
[2023-11-16T06:33:38.805+0000][3559.248s][info ][safepoint     ] Application time: 1.0001707 seconds
[2023-11-16T06:33:38.805+0000][3559.248s][info ][safepoint     ] Entering safepoint region: Cleanup
[2023-11-16T06:33:38.805+0000][3559.248s][info ][safepoint     ] Leaving safepoint region
[2023-11-16T06:33:38.805+0000][3559.248s][info ][safepoint     ] Total time for which application threads were stopped: 0.0003361 seconds, Stopping threads took: 0.0000484 seconds
[2023-11-16T06:33:39.805+0000][3560.248s][debug][safepoint     ] Safepoint synchronization initiated. (171 threads)
[2023-11-16T06:33:39.805+0000][3560.249s][info ][safepoint     ] Application time: 1.0001670 seconds
[2023-11-16T06:33:39.805+0000][3560.249s][info ][safepoint     ] Entering safepoint region: Cleanup
[2023-11-16T06:33:39.806+0000][3560.249s][info ][safepoint     ] Leaving safepoint region
[2023-11-16T06:33:39.806+0000][3560.249s][info ][safepoint     ] Total time for which application threads were stopped: 0.0003376 seconds, Stopping threads took: 0.0000493 seconds
[2023-11-16T06:33:40.806+0000][3561.249s][debug][safepoint     ] Safepoint synchronization initiated. (171 threads)
[2023-11-16T06:33:40.806+0000][3561.249s][info ][safepoint     ] Application time: 1.0001540 seconds
[2023-11-16T06:33:40.806+0000][3561.249s][info ][safepoint     ] Entering safepoint region: Cleanup
[2023-11-16T06:33:40.806+0000][3561.250s][info ][safepoint     ] Leaving safepoint region
[2023-11-16T06:33:40.806+0000][3561.250s][info ][safepoint     ] Total time for which application threads were stopped: 0.0004623 seconds, Stopping threads took: 0.0002041 seconds
[2023-11-16T06:33:41.806+0000][3562.250s][debug][safepoint     ] Safepoint synchronization initiated. (171 threads)
[2023-11-16T06:33:41.806+0000][3562.250s][info ][safepoint     ] Application time: 1.0001674 seconds
[2023-11-16T06:33:41.806+0000][3562.250s][debug][safepoint     ] ... found polling page return exception at pc = 0x00007fde849a690c, stub =0x00007fde7c83a800
[2023-11-16T06:33:41.807+0000][3562.250s][debug][safepoint     ] Waiting for 1 thread(s) to block
[2023-11-16T06:33:41.807+0000][3562.250s][info ][safepoint     ] Entering safepoint region: Cleanup
[2023-11-16T06:33:41.807+0000][3562.250s][info ][safepoint     ] Leaving safepoint region
[2023-11-16T06:33:41.807+0000][3562.250s][info ][safepoint     ] Total time for which application threads were stopped: 0.0005794 seconds, Stopping threads took: 0.0003010 seconds
[2023-11-16T06:33:42.807+0000][3563.250s][debug][safepoint     ] Safepoint synchronization initiated. (171 threads)
[2023-11-16T06:33:42.807+0000][3563.250s][info ][safepoint     ] Application time: 1.0001483 seconds
[2023-11-16T06:33:42.807+0000][3563.251s][info ][safepoint     ] Entering safepoint region: Cleanup
[2023-11-16T06:33:42.807+0000][3563.251s][info ][safepoint     ] Leaving safepoint region
[2023-11-16T06:33:42.808+0000][3563.251s][info ][safepoint     ] Total time for which application threads were stopped: 0.0003105 seconds, Stopping threads took: 0.0000494 seconds
[2023-11-16T06:33:43.808+0000][3564.251s][debug][safepoint     ] Safepoint synchronization initiated. (171 threads)
[2023-11-16T06:33:43.808+0000][3564.251s][info ][safepoint     ] Application time: 1.0001365 seconds
[2023-11-16T06:33:43.808+0000][3564.251s][info ][safepoint     ] Entering safepoint region: Cleanup
[2023-11-16T06:33:43.808+0000][3564.251s][info ][safepoint     ] Leaving safepoint region
[2023-11-16T06:33:43.808+0000][3564.251s][info ][safepoint     ] Total time for which application threads were stopped: 0.0003307 seconds, Stopping threads took: 0.0000485 seconds
[2023-11-16T06:33:44.808+0000][3565.251s][debug][safepoint     ] Safepoint synchronization initiated. (171 threads)
[2023-11-16T06:33:44.808+0000][3565.252s][info ][safepoint     ] Application time: 1.0001706 seconds
[2023-11-16T06:33:44.808+0000][3565.252s][info ][safepoint     ] Entering safepoint region: Cleanup
[2023-11-16T06:33:44.809+0000][3565.252s][info ][safepoint     ] Leaving safepoint region
[2023-11-16T06:33:44.809+0000][3565.252s][info ][safepoint     ] Total time for which application threads were stopped: 0.0003366 seconds, Stopping threads took: 0.0000518 seconds
[2023-11-16T06:33:45.809+0000][3566.252s][debug][safepoint     ] Safepoint synchronization initiated. (171 threads)
[2023-11-16T06:33:45.809+0000][3566.252s][info ][safepoint     ] Application time: 1.0002515 seconds
[2023-11-16T06:33:45.809+0000][3566.252s][info ][safepoint     ] Entering safepoint region: Cleanup
[2023-11-16T06:33:45.809+0000][3566.253s][info ][safepoint     ] Leaving safepoint region
[2023-11-16T06:33:45.809+0000][3566.253s][info ][safepoint     ] Total time for which application threads were stopped: 0.0003281 seconds, Stopping threads took: 0.0000553 seconds
[2023-11-16T06:33:46.809+0000][3567.253s][debug][safepoint     ] Safepoint synchronization initiated. (171 threads)
[2023-11-16T06:33:46.810+0000][3567.253s][info ][safepoint     ] Application time: 1.0001701 seconds
[2023-11-16T06:33:46.810+0000][3567.253s][info ][safepoint     ] Entering safepoint region: Cleanup
[2023-11-16T06:33:46.810+0000][3567.253s][info ][safepoint     ] Leaving safepoint region
[2023-11-16T06:33:46.810+0000][3567.253s][info ][safepoint     ] Total time for which application threads were stopped: 0.0003292 seconds, Stopping threads took: 0.0000494 seconds
[2023-11-16T06:33:47.810+0000][3568.253s][debug][safepoint     ] Safepoint synchronization initiated. (171 threads)
[2023-11-16T06:33:47.810+0000][3568.253s][info ][safepoint     ] Application time: 1.0001511 seconds
[2023-11-16T06:33:47.810+0000][3568.253s][info ][safepoint     ] Entering safepoint region: Cleanup
[2023-11-16T06:33:47.810+0000][3568.254s][info ][safepoint     ] Leaving safepoint region
[2023-11-16T06:33:47.810+0000][3568.254s][info ][safepoint     ] Total time for which application threads were stopped: 0.0003271 seconds, Stopping threads took: 0.0000494 seconds
[2023-11-16T06:33:48.811+0000][3569.254s][debug][safepoint     ] Safepoint synchronization initiated. (171 threads)
[2023-11-16T06:33:48.811+0000][3569.254s][info ][safepoint     ] Application time: 1.0001855 seconds
[2023-11-16T06:33:48.811+0000][3569.254s][info ][safepoint     ] Entering safepoint region: Cleanup
[2023-11-16T06:33:48.811+0000][3569.254s][info ][safepoint     ] Leaving safepoint region
[2023-11-16T06:33:48.811+0000][3569.254s][info ][safepoint     ] Total time for which application threads were stopped: 0.0003348 seconds, Stopping threads took: 0.0000484 seconds
[2023-11-16T06:33:49.811+0000][3570.254s][debug][safepoint     ] Safepoint synchronization initiated. (171 threads)
[2023-11-16T06:33:49.811+0000][3570.254s][info ][safepoint     ] Application time: 1.0001475 seconds
[2023-11-16T06:33:49.811+0000][3570.255s][info ][safepoint     ] Entering safepoint region: Cleanup
[2023-11-16T06:33:49.811+0000][3570.255s][info ][safepoint     ] Leaving safepoint region
[2023-11-16T06:33:49.811+0000][3570.255s][info ][safepoint     ] Total time for which application threads were stopped: 0.0003131 seconds, Stopping threads took: 0.0000501 seconds
[2023-11-16T06:33:50.812+0000][3571.255s][debug][safepoint     ] Safepoint synchronization initiated. (171 threads)
[2023-11-16T06:33:50.812+0000][3571.255s][info ][safepoint     ] Application time: 1.0001525 seconds
[2023-11-16T06:33:50.812+0000][3571.255s][info ][safepoint     ] Entering safepoint region: Cleanup
[2023-11-16T06:33:50.812+0000][3571.255s][info ][safepoint     ] Leaving safepoint region
[2023-11-16T06:33:50.812+0000][3571.255s][info ][safepoint     ] Total time for which application threads were stopped: 0.0004690 seconds, Stopping threads took: 0.0001798 seconds
[2023-11-16T06:33:51.812+0000][3572.256s][debug][safepoint     ] Safepoint synchronization initiated. (171 threads)
[2023-11-16T06:33:51.812+0000][3572.256s][info ][safepoint     ] Application time: 1.0001558 seconds
[2023-11-16T06:33:51.812+0000][3572.256s][info ][safepoint     ] Entering safepoint region: Cleanup
[2023-11-16T06:33:51.813+0000][3572.256s][info ][safepoint     ] Leaving safepoint region
[2023-11-16T06:33:51.813+0000][3572.256s][info ][safepoint     ] Total time for which application threads were stopped: 0.0003002 seconds, Stopping threads took: 0.0000542 seconds
[2023-11-16T06:33:52.813+0000][3573.256s][debug][safepoint     ] Safepoint synchronization initiated. (171 threads)
[2023-11-16T06:33:52.813+0000][3573.256s][info ][safepoint     ] Application time: 1.0001561 seconds
[2023-11-16T06:33:52.813+0000][3573.256s][info ][safepoint     ] Entering safepoint region: Cleanup
[2023-11-16T06:33:52.813+0000][3573.256s][info ][safepoint     ] Leaving safepoint region
[2023-11-16T06:33:52.813+0000][3573.256s][info ][safepoint     ] Total time for which application threads were stopped: 0.0003353 seconds, Stopping threads took: 0.0000488 seconds
[2023-11-16T06:33:53.813+0000][3574.257s][debug][safepoint     ] Safepoint synchronization initiated. (171 threads)
[2023-11-16T06:33:53.813+0000][3574.257s][info ][safepoint     ] Application time: 1.0001488 seconds
[2023-11-16T06:33:53.813+0000][3574.257s][info ][safepoint     ] Entering safepoint region: Cleanup
[2023-11-16T06:33:53.814+0000][3574.257s][info ][safepoint     ] Leaving safepoint region
[2023-11-16T06:33:53.814+0000][3574.257s][info ][safepoint     ] Total time for which application threads were stopped: 0.0002419 seconds, Stopping threads took: 0.0000479 seconds
[2023-11-16T06:33:54.814+0000][3575.257s][debug][safepoint     ] Safepoint synchronization initiated. (171 threads)
[2023-11-16T06:33:54.814+0000][3575.257s][info ][safepoint     ] Application time: 1.0001600 seconds
[2023-11-16T06:33:54.814+0000][3575.257s][info ][safepoint     ] Entering safepoint region: Cleanup
[2023-11-16T06:33:54.814+0000][3575.257s][info ][safepoint     ] Leaving safepoint region
[2023-11-16T06:33:54.814+0000][3575.257s][info ][safepoint     ] Total time for which application threads were stopped: 0.0003005 seconds, Stopping threads took: 0.0000492 seconds
[2023-11-16T06:33:55.814+0000][3576.258s][debug][safepoint     ] Safepoint synchronization initiated. (171 threads)
[2023-11-16T06:33:55.814+0000][3576.258s][info ][safepoint     ] Application time: 1.0001584 seconds
[2023-11-16T06:33:55.814+0000][3576.258s][info ][safepoint     ] Entering safepoint region: Cleanup
[2023-11-16T06:33:55.815+0000][3576.258s][info ][safepoint     ] Leaving safepoint region
[2023-11-16T06:33:55.815+0000][3576.258s][info ][safepoint     ] Total time for which application threads were stopped: 0.0005958 seconds, Stopping threads took: 0.0003749 seconds
[2023-11-16T06:33:56.815+0000][3577.258s][debug][safepoint     ] Safepoint synchronization initiated. (171 threads)
[2023-11-16T06:33:56.815+0000][3577.258s][info ][safepoint     ] Application time: 1.0001629 seconds
[2023-11-16T06:33:56.815+0000][3577.258s][info ][safepoint     ] Entering safepoint region: Cleanup
[2023-11-16T06:33:56.815+0000][3577.259s][info ][safepoint     ] Leaving safepoint region
[2023-11-16T06:33:56.815+0000][3577.259s][info ][safepoint     ] Total time for which application threads were stopped: 0.0003056 seconds, Stopping threads took: 0.0000493 seconds
[2023-11-16T06:33:57.816+0000][3578.259s][debug][safepoint     ] Safepoint synchronization initiated. (169 threads)
[2023-11-16T06:33:57.816+0000][3578.259s][info ][safepoint     ] Application time: 1.0001902 seconds
[2023-11-16T06:33:57.816+0000][3578.259s][info ][safepoint     ] Entering safepoint region: Cleanup
[2023-11-16T06:33:57.816+0000][3578.259s][info ][safepoint     ] Leaving safepoint region
[2023-11-16T06:33:57.816+0000][3578.259s][info ][safepoint     ] Total time for which application threads were stopped: 0.0003347 seconds, Stopping threads took: 0.0000496 seconds
[2023-11-16T06:33:58.816+0000][3579.259s][debug][safepoint     ] Safepoint synchronization initiated. (169 threads)
[2023-11-16T06:33:58.816+0000][3579.259s][info ][safepoint     ] Application time: 1.0001457 seconds
[2023-11-16T06:33:58.816+0000][3579.259s][info ][safepoint     ] Entering safepoint region: Cleanup
[2023-11-16T06:33:58.816+0000][3579.260s][info ][safepoint     ] Leaving safepoint region
[2023-11-16T06:33:58.816+0000][3579.260s][info ][safepoint     ] Total time for which application threads were stopped: 0.0003305 seconds, Stopping threads took: 0.0000503 seconds
[2023-11-16T06:34:43.820+0000][3624.264s][debug][safepoint     ] Safepoint synchronization initiated. (167 threads)
[2023-11-16T06:34:43.821+0000][3624.264s][info ][safepoint     ] Application time: 45.0040562 seconds
[2023-11-16T06:34:43.821+0000][3624.264s][info ][safepoint     ] Entering safepoint region: Cleanup
[2023-11-16T06:34:43.821+0000][3624.264s][info ][safepoint     ] Leaving safepoint region
[2023-11-16T06:34:43.821+0000][3624.264s][info ][safepoint     ] Total time for which application threads were stopped: 0.0003370 seconds, Stopping threads took: 0.0000472 seconds
[2023-11-16T06:34:44.821+0000][3625.264s][debug][safepoint     ] Safepoint synchronization initiated. (168 threads)
[2023-11-16T06:34:44.821+0000][3625.264s][info ][safepoint     ] Application time: 1.0001860 seconds
[2023-11-16T06:34:44.821+0000][3625.264s][info ][safepoint     ] Entering safepoint region: Cleanup
[2023-11-16T06:34:44.821+0000][3625.265s][info ][safepoint     ] Leaving safepoint region
[2023-11-16T06:34:44.821+0000][3625.265s][info ][safepoint     ] Total time for which application threads were stopped: 0.0003079 seconds, Stopping threads took: 0.0000508 seconds
[2023-11-16T06:34:45.822+0000][3626.265s][debug][safepoint     ] Safepoint synchronization initiated. (169 threads)
[2023-11-16T06:34:45.822+0000][3626.265s][info ][safepoint     ] Application time: 1.0001409 seconds
[2023-11-16T06:34:45.822+0000][3626.265s][info ][safepoint     ] Entering safepoint region: Cleanup
[2023-11-16T06:34:45.822+0000][3626.265s][info ][safepoint     ] Leaving safepoint region
[2023-11-16T06:34:45.822+0000][3626.265s][info ][safepoint     ] Total time for which application threads were stopped: 0.0003845 seconds, Stopping threads took: 0.0000475 seconds
[2023-11-16T06:34:46.822+0000][3627.265s][debug][safepoint     ] Safepoint synchronization initiated. (169 threads)
[2023-11-16T06:34:46.822+0000][3627.265s][info ][safepoint     ] Application time: 1.0001483 seconds
[2023-11-16T06:34:46.822+0000][3627.266s][info ][safepoint     ] Entering safepoint region: Cleanup
[2023-11-16T06:34:46.823+0000][3627.266s][info ][safepoint     ] Leaving safepoint region
[2023-11-16T06:34:46.823+0000][3627.266s][info ][safepoint     ] Total time for which application threads were stopped: 0.0004252 seconds, Stopping threads took: 0.0000458 seconds
[2023-11-16T06:34:47.823+0000][3628.266s][debug][safepoint     ] Safepoint synchronization initiated. (169 threads)
[2023-11-16T06:34:47.823+0000][3628.266s][info ][safepoint     ] Application time: 1.0001410 seconds
[2023-11-16T06:34:47.823+0000][3628.266s][info ][safepoint     ] Entering safepoint region: Cleanup
[2023-11-16T06:34:47.823+0000][3628.266s][info ][safepoint     ] Leaving safepoint region
[2023-11-16T06:34:47.823+0000][3628.266s][info ][safepoint     ] Total time for which application threads were stopped: 0.0002725 seconds, Stopping threads took: 0.0000493 seconds
[2023-11-16T06:34:48.823+0000][3629.266s][debug][safepoint     ] Safepoint synchronization initiated. (171 threads)
[2023-11-16T06:34:48.823+0000][3629.267s][info ][safepoint     ] Application time: 1.0001499 seconds
[2023-11-16T06:34:48.823+0000][3629.267s][info ][safepoint     ] Entering safepoint region: Cleanup
[2023-11-16T06:34:48.824+0000][3629.267s][info ][safepoint     ] Leaving safepoint region
[2023-11-16T06:34:48.824+0000][3629.267s][info ][safepoint     ] Total time for which application threads were stopped: 0.0002993 seconds, Stopping threads took: 0.0000471 seconds
[2023-11-16T06:34:49.824+0000][3630.267s][debug][safepoint     ] Safepoint synchronization initiated. (171 threads)
[2023-11-16T06:34:49.824+0000][3630.267s][info ][safepoint     ] Application time: 1.0005812 seconds
[2023-11-16T06:34:49.824+0000][3630.268s][info ][safepoint     ] Entering safepoint region: Cleanup
[2023-11-16T06:34:49.824+0000][3630.268s][info ][safepoint     ] Leaving safepoint region
[2023-11-16T06:34:49.824+0000][3630.268s][info ][safepoint     ] Total time for which application threads were stopped: 0.0002410 seconds, Stopping threads took: 0.0000522 seconds
[2023-11-16T06:34:50.275+0000][3630.719s][debug][safepoint     ] Safepoint synchronization initiated. (171 threads)
[2023-11-16T06:34:50.275+0000][3630.719s][info ][safepoint     ] Application time: 0.4509619 seconds
[2023-11-16T06:34:50.275+0000][3630.719s][info ][safepoint     ] Entering safepoint region: G1CollectForAllocation
[2023-11-16T06:34:50.276+0000][3630.719s][info ][gc,start      ] GC(44) Pause Young (Normal) (G1 Evacuation Pause)
[2023-11-16T06:34:50.276+0000][3630.719s][info ][gc,task       ] GC(44) Using 4 workers of 4 for evacuation
[2023-11-16T06:34:50.316+0000][3630.759s][info ][gc,phases     ] GC(44)   Pre Evacuate Collection Set: 0.0ms
[2023-11-16T06:34:50.316+0000][3630.759s][info ][gc,phases     ] GC(44)   Evacuate Collection Set: 34.0ms
[2023-11-16T06:34:50.316+0000][3630.759s][info ][gc,phases     ] GC(44)   Post Evacuate Collection Set: 5.7ms
[2023-11-16T06:34:50.316+0000][3630.759s][info ][gc,phases     ] GC(44)   Other: 0.4ms
[2023-11-16T06:34:50.316+0000][3630.759s][info ][gc,heap       ] GC(44) Eden regions: 483->0(488)
[2023-11-16T06:34:50.316+0000][3630.759s][info ][gc,heap       ] GC(44) Survivor regions: 26->21(64)
[2023-11-16T06:34:50.316+0000][3630.759s][info ][gc,heap       ] GC(44) Old regions: 128->134
[2023-11-16T06:34:50.316+0000][3630.759s][info ][gc,heap       ] GC(44) Humongous regions: 10->0
[2023-11-16T06:34:50.316+0000][3630.759s][info ][gc,metaspace  ] GC(44) Metaspace: 164440K(170072K)->164440K(170072K) NonClass: 145470K(148952K)->145470K(148952K) Class: 18970K(21120K)->18970K(21120K)
[2023-11-16T06:34:50.316+0000][3630.759s][info ][gc            ] GC(44) Pause Young (Normal) (G1 Evacuation Pause) 645M->153M(849M) 40.391ms
[2023-11-16T06:34:50.316+0000][3630.760s][info ][gc,cpu        ] GC(44) User=0.15s Sys=0.00s Real=0.04s
[2023-11-16T06:34:50.316+0000][3630.760s][info ][safepoint     ] Leaving safepoint region
[2023-11-16T06:34:50.316+0000][3630.760s][info ][safepoint     ] Total time for which application threads were stopped: 0.0408894 seconds, Stopping threads took: 0.0000758 seconds
[2023-11-16T06:34:50.316+0000][3630.760s][info ][gc,stringdedup] Concurrent String Deduplication (3630.760s)
[2023-11-16T06:34:50.316+0000][3630.760s][info ][gc,stringdedup] Concurrent String Deduplication 1912.0B->600.0B(1312.0B) avg 53.7% (3630.760s, 3630.760s) 0.060ms
[2023-11-16T06:34:51.316+0000][3631.760s][debug][safepoint     ] Safepoint synchronization initiated. (171 threads)
[2023-11-16T06:34:51.316+0000][3631.760s][info ][safepoint     ] Application time: 1.0001691 seconds
[2023-11-16T06:34:51.317+0000][3631.760s][info ][safepoint     ] Entering safepoint region: Cleanup
[2023-11-16T06:34:51.317+0000][3631.760s][info ][safepoint     ] Leaving safepoint region
[2023-11-16T06:34:51.317+0000][3631.760s][info ][safepoint     ] Total time for which application threads were stopped: 0.0003535 seconds, Stopping threads took: 0.0000533 seconds
[2023-11-16T06:34:52.317+0000][3632.760s][debug][safepoint     ] Safepoint synchronization initiated. (170 threads)
[2023-11-16T06:34:52.317+0000][3632.760s][info ][safepoint     ] Application time: 1.0001645 seconds
[2023-11-16T06:34:52.317+0000][3632.760s][info ][safepoint     ] Entering safepoint region: Cleanup
[2023-11-16T06:34:52.317+0000][3632.761s][info ][safepoint     ] Leaving safepoint region
[2023-11-16T06:34:52.317+0000][3632.761s][info ][safepoint     ] Total time for which application threads were stopped: 0.0003373 seconds, Stopping threads took: 0.0000519 seconds
[2023-11-16T06:34:53.318+0000][3633.761s][debug][safepoint     ] Safepoint synchronization initiated. (170 threads)
[2023-11-16T06:34:53.318+0000][3633.761s][info ][safepoint     ] Application time: 1.0002013 seconds
[2023-11-16T06:34:53.318+0000][3633.761s][info ][safepoint     ] Entering safepoint region: Cleanup
[2023-11-16T06:34:53.318+0000][3633.761s][info ][safepoint     ] Leaving safepoint region
[2023-11-16T06:34:53.318+0000][3633.761s][info ][safepoint     ] Total time for which application threads were stopped: 0.0003375 seconds, Stopping threads took: 0.0000523 seconds
[2023-11-16T06:34:54.318+0000][3634.761s][debug][safepoint     ] Safepoint synchronization initiated. (170 threads)
[2023-11-16T06:34:54.318+0000][3634.762s][info ][safepoint     ] Application time: 1.0001908 seconds
[2023-11-16T06:34:54.318+0000][3634.762s][info ][safepoint     ] Entering safepoint region: Cleanup
[2023-11-16T06:34:54.319+0000][3634.762s][info ][safepoint     ] Leaving safepoint region
[2023-11-16T06:34:54.319+0000][3634.762s][info ][safepoint     ] Total time for which application threads were stopped: 0.0003380 seconds, Stopping threads took: 0.0000527 seconds
[2023-11-16T06:34:55.319+0000][3635.762s][debug][safepoint     ] Safepoint synchronization initiated. (170 threads)
[2023-11-16T06:34:55.319+0000][3635.762s][info ][safepoint     ] Application time: 1.0001776 seconds
[2023-11-16T06:34:55.319+0000][3635.762s][info ][safepoint     ] Entering safepoint region: Cleanup
[2023-11-16T06:34:55.319+0000][3635.762s][info ][safepoint     ] Leaving safepoint region
[2023-11-16T06:34:55.319+0000][3635.762s][info ][safepoint     ] Total time for which application threads were stopped: 0.0003389 seconds, Stopping threads took: 0.0000527 seconds
[2023-11-16T06:34:56.319+0000][3636.763s][debug][safepoint     ] Safepoint synchronization initiated. (170 threads)
[2023-11-16T06:34:56.319+0000][3636.763s][info ][safepoint     ] Application time: 1.0001616 seconds
[2023-11-16T06:34:56.319+0000][3636.763s][info ][safepoint     ] Entering safepoint region: Cleanup
[2023-11-16T06:34:56.320+0000][3636.763s][info ][safepoint     ] Leaving safepoint region
[2023-11-16T06:34:56.320+0000][3636.763s][info ][safepoint     ] Total time for which application threads were stopped: 0.0003009 seconds, Stopping threads took: 0.0000525 seconds
[2023-11-16T06:34:57.320+0000][3637.763s][debug][safepoint     ] Safepoint synchronization initiated. (170 threads)
[2023-11-16T06:34:57.320+0000][3637.763s][info ][safepoint     ] Application time: 1.0001802 seconds
[2023-11-16T06:34:57.320+0000][3637.763s][info ][safepoint     ] Entering safepoint region: Cleanup
[2023-11-16T06:34:57.320+0000][3637.763s][info ][safepoint     ] Leaving safepoint region
[2023-11-16T06:34:57.320+0000][3637.763s][info ][safepoint     ] Total time for which application threads were stopped: 0.0003461 seconds, Stopping threads took: 0.0000534 seconds
[2023-11-16T06:34:58.320+0000][3638.764s][debug][safepoint     ] Safepoint synchronization initiated. (170 threads)
[2023-11-16T06:34:58.320+0000][3638.764s][info ][safepoint     ] Application time: 1.0001833 seconds
[2023-11-16T06:34:58.320+0000][3638.764s][info ][safepoint     ] Entering safepoint region: Cleanup
[2023-11-16T06:34:58.321+0000][3638.764s][info ][safepoint     ] Leaving safepoint region
[2023-11-16T06:34:58.321+0000][3638.764s][info ][safepoint     ] Total time for which application threads were stopped: 0.0003514 seconds, Stopping threads took: 0.0000501 seconds
[2023-11-16T06:34:59.321+0000][3639.764s][debug][safepoint     ] Safepoint synchronization initiated. (172 threads)
[2023-11-16T06:34:59.321+0000][3639.764s][info ][safepoint     ] Application time: 1.0001794 seconds
[2023-11-16T06:34:59.321+0000][3639.764s][info ][safepoint     ] Entering safepoint region: Cleanup
[2023-11-16T06:34:59.321+0000][3639.765s][info ][safepoint     ] Leaving safepoint region
[2023-11-16T06:34:59.321+0000][3639.765s][info ][safepoint     ] Total time for which application threads were stopped: 0.0003994 seconds, Stopping threads took: 0.0000525 seconds
[2023-11-16T06:35:00.321+0000][3640.765s][debug][safepoint     ] Safepoint synchronization initiated. (172 threads)
[2023-11-16T06:35:00.322+0000][3640.765s][info ][safepoint     ] Application time: 1.0002045 seconds
[2023-11-16T06:35:00.322+0000][3640.765s][info ][safepoint     ] Entering safepoint region: Cleanup
[2023-11-16T06:35:00.322+0000][3640.765s][info ][safepoint     ] Leaving safepoint region
[2023-11-16T06:35:00.322+0000][3640.765s][info ][safepoint     ] Total time for which application threads were stopped: 0.0003393 seconds, Stopping threads took: 0.0000578 seconds
[2023-11-16T06:35:01.322+0000][3641.766s][debug][safepoint     ] Safepoint synchronization initiated. (172 threads)
[2023-11-16T06:35:01.322+0000][3641.766s][info ][safepoint     ] Application time: 1.0001758 seconds
[2023-11-16T06:35:01.322+0000][3641.766s][info ][safepoint     ] Entering safepoint region: Cleanup
[2023-11-16T06:35:01.323+0000][3641.766s][info ][safepoint     ] Leaving safepoint region
[2023-11-16T06:35:01.323+0000][3641.766s][info ][safepoint     ] Total time for which application threads were stopped: 0.0003771 seconds, Stopping threads took: 0.0000528 seconds
[2023-11-16T06:35:02.323+0000][3642.766s][debug][safepoint     ] Safepoint synchronization initiated. (172 threads)
[2023-11-16T06:35:02.323+0000][3642.767s][info ][safepoint     ] Application time: 1.0004552 seconds
[2023-11-16T06:35:02.323+0000][3642.767s][info ][safepoint     ] Entering safepoint region: Cleanup
[2023-11-16T06:35:02.323+0000][3642.767s][info ][safepoint     ] Leaving safepoint region
[2023-11-16T06:35:02.323+0000][3642.767s][info ][safepoint     ] Total time for which application threads were stopped: 0.0002422 seconds, Stopping threads took: 0.0000371 seconds
[2023-11-16T06:35:03.324+0000][3643.767s][debug][safepoint     ] Safepoint synchronization initiated. (172 threads)
[2023-11-16T06:35:03.324+0000][3643.767s][info ][safepoint     ] Application time: 1.0001340 seconds
[2023-11-16T06:35:03.324+0000][3643.767s][info ][safepoint     ] Entering safepoint region: Cleanup
[2023-11-16T06:35:03.324+0000][3643.767s][info ][safepoint     ] Leaving safepoint region
[2023-11-16T06:35:03.324+0000][3643.767s][info ][safepoint     ] Total time for which application threads were stopped: 0.0002426 seconds, Stopping threads took: 0.0000517 seconds
[2023-11-16T06:35:04.324+0000][3644.767s][debug][safepoint     ] Safepoint synchronization initiated. (172 threads)
[2023-11-16T06:35:04.324+0000][3644.767s][info ][safepoint     ] Application time: 1.0001596 seconds
[2023-11-16T06:35:04.324+0000][3644.767s][info ][safepoint     ] Entering safepoint region: Cleanup
[2023-11-16T06:35:04.324+0000][3644.768s][info ][safepoint     ] Leaving safepoint region
[2023-11-16T06:35:04.324+0000][3644.768s][info ][safepoint     ] Total time for which application threads were stopped: 0.0002853 seconds, Stopping threads took: 0.0000529 seconds
[2023-11-16T06:35:05.324+0000][3645.768s][debug][safepoint     ] Safepoint synchronization initiated. (172 threads)
[2023-11-16T06:35:05.325+0000][3645.768s][info ][safepoint     ] Application time: 1.0001559 seconds
[2023-11-16T06:35:05.325+0000][3645.768s][info ][safepoint     ] Entering safepoint region: Cleanup
[2023-11-16T06:35:05.325+0000][3645.768s][info ][safepoint     ] Leaving safepoint region
[2023-11-16T06:35:05.325+0000][3645.768s][info ][safepoint     ] Total time for which application threads were stopped: 0.0006206 seconds, Stopping threads took: 0.0004158 seconds
[2023-11-16T06:35:06.325+0000][3646.769s][debug][safepoint     ] Safepoint synchronization initiated. (172 threads)
[2023-11-16T06:35:06.325+0000][3646.769s][info ][safepoint     ] Application time: 1.0001625 seconds
[2023-11-16T06:35:06.325+0000][3646.769s][info ][safepoint     ] Entering safepoint region: Cleanup
[2023-11-16T06:35:06.326+0000][3646.769s][info ][safepoint     ] Leaving safepoint region
[2023-11-16T06:35:06.326+0000][3646.769s][info ][safepoint     ] Total time for which application threads were stopped: 0.0002519 seconds, Stopping threads took: 0.0000504 seconds
[2023-11-16T06:35:07.326+0000][3647.769s][debug][safepoint     ] Safepoint synchronization initiated. (171 threads)
[2023-11-16T06:35:07.326+0000][3647.769s][info ][safepoint     ] Application time: 1.0001686 seconds
[2023-11-16T06:35:07.326+0000][3647.769s][info ][safepoint     ] Entering safepoint region: Cleanup
[2023-11-16T06:35:07.326+0000][3647.769s][info ][safepoint     ] Leaving safepoint region
[2023-11-16T06:35:07.326+0000][3647.769s][info ][safepoint     ] Total time for which application threads were stopped: 0.0003145 seconds, Stopping threads took: 0.0000470 seconds
[2023-11-16T06:35:08.326+0000][3648.770s][debug][safepoint     ] Safepoint synchronization initiated. (171 threads)
[2023-11-16T06:35:08.326+0000][3648.770s][info ][safepoint     ] Application time: 1.0001574 seconds
[2023-11-16T06:35:08.326+0000][3648.770s][info ][safepoint     ] Entering safepoint region: Cleanup
[2023-11-16T06:35:08.327+0000][3648.770s][info ][safepoint     ] Leaving safepoint region
[2023-11-16T06:35:08.327+0000][3648.770s][info ][safepoint     ] Total time for which application threads were stopped: 0.0003380 seconds, Stopping threads took: 0.0000502 seconds
[2023-11-16T06:35:09.327+0000][3649.770s][debug][safepoint     ] Safepoint synchronization initiated. (171 threads)
[2023-11-16T06:35:09.327+0000][3649.770s][info ][safepoint     ] Application time: 1.0001530 seconds
[2023-11-16T06:35:09.327+0000][3649.770s][info ][safepoint     ] Entering safepoint region: Cleanup
[2023-11-16T06:35:09.327+0000][3649.770s][info ][safepoint     ] Leaving safepoint region
[2023-11-16T06:35:09.327+0000][3649.770s][info ][safepoint     ] Total time for which application threads were stopped: 0.0003417 seconds, Stopping threads took: 0.0000519 seconds
[2023-11-16T06:35:10.327+0000][3650.771s][debug][safepoint     ] Safepoint synchronization initiated. (171 threads)
[2023-11-16T06:35:10.327+0000][3650.771s][info ][safepoint     ] Application time: 1.0001753 seconds
[2023-11-16T06:35:10.327+0000][3650.771s][info ][safepoint     ] Entering safepoint region: Cleanup
[2023-11-16T06:35:10.328+0000][3650.771s][info ][safepoint     ] Leaving safepoint region
[2023-11-16T06:35:10.328+0000][3650.771s][info ][safepoint     ] Total time for which application threads were stopped: 0.0002811 seconds, Stopping threads took: 0.0000528 seconds
[2023-11-16T06:35:11.328+0000][3651.771s][debug][safepoint     ] Safepoint synchronization initiated. (171 threads)
[2023-11-16T06:35:11.328+0000][3651.771s][info ][safepoint     ] Application time: 1.0001604 seconds
[2023-11-16T06:35:11.328+0000][3651.771s][info ][safepoint     ] Entering safepoint region: Cleanup
[2023-11-16T06:35:11.328+0000][3651.771s][info ][safepoint     ] Leaving safepoint region
[2023-11-16T06:35:11.328+0000][3651.772s][info ][safepoint     ] Total time for which application threads were stopped: 0.0003453 seconds, Stopping threads took: 0.0000522 seconds
[2023-11-16T06:35:12.328+0000][3652.772s][debug][safepoint     ] Safepoint synchronization initiated. (171 threads)
[2023-11-16T06:35:12.328+0000][3652.772s][info ][safepoint     ] Application time: 1.0001691 seconds
[2023-11-16T06:35:12.328+0000][3652.772s][info ][safepoint     ] Entering safepoint region: Cleanup
[2023-11-16T06:35:12.329+0000][3652.772s][info ][safepoint     ] Leaving safepoint region
[2023-11-16T06:35:12.329+0000][3652.772s][info ][safepoint     ] Total time for which application threads were stopped: 0.0003485 seconds, Stopping threads took: 0.0000544 seconds
[2023-11-16T06:35:13.329+0000][3653.772s][debug][safepoint     ] Safepoint synchronization initiated. (171 threads)
[2023-11-16T06:35:13.329+0000][3653.772s][info ][safepoint     ] Application time: 1.0001855 seconds
[2023-11-16T06:35:13.329+0000][3653.772s][info ][safepoint     ] Entering safepoint region: Cleanup
[2023-11-16T06:35:13.329+0000][3653.773s][info ][safepoint     ] Leaving safepoint region
[2023-11-16T06:35:13.329+0000][3653.773s][info ][safepoint     ] Total time for which application threads were stopped: 0.0003436 seconds, Stopping threads took: 0.0000521 seconds
[2023-11-16T06:35:14.329+0000][3654.773s][debug][safepoint     ] Safepoint synchronization initiated. (171 threads)
[2023-11-16T06:35:14.330+0000][3654.773s][info ][safepoint     ] Application time: 1.0002003 seconds
[2023-11-16T06:35:14.330+0000][3654.773s][info ][safepoint     ] Entering safepoint region: Cleanup
[2023-11-16T06:35:14.330+0000][3654.773s][info ][safepoint     ] Leaving safepoint region
[2023-11-16T06:35:14.330+0000][3654.773s][info ][safepoint     ] Total time for which application threads were stopped: 0.0003437 seconds, Stopping threads took: 0.0000527 seconds
[2023-11-16T06:35:15.330+0000][3655.773s][debug][safepoint     ] Safepoint synchronization initiated. (171 threads)
[2023-11-16T06:35:15.330+0000][3655.773s][info ][safepoint     ] Application time: 1.0001801 seconds
[2023-11-16T06:35:15.330+0000][3655.773s][info ][safepoint     ] Entering safepoint region: Cleanup
[2023-11-16T06:35:15.330+0000][3655.774s][info ][safepoint     ] Leaving safepoint region
[2023-11-16T06:35:15.330+0000][3655.774s][info ][safepoint     ] Total time for which application threads were stopped: 0.0003404 seconds, Stopping threads took: 0.0000523 seconds
[2023-11-16T06:35:16.331+0000][3656.774s][debug][safepoint     ] Safepoint synchronization initiated. (171 threads)
[2023-11-16T06:35:16.331+0000][3656.774s][info ][safepoint     ] Application time: 1.0001637 seconds
[2023-11-16T06:35:16.331+0000][3656.774s][info ][safepoint     ] Entering safepoint region: Cleanup
[2023-11-16T06:35:16.331+0000][3656.774s][info ][safepoint     ] Leaving safepoint region
[2023-11-16T06:35:16.331+0000][3656.774s][info ][safepoint     ] Total time for which application threads were stopped: 0.0003382 seconds, Stopping threads took: 0.0000531 seconds
[2023-11-16T06:35:17.331+0000][3657.774s][debug][safepoint     ] Safepoint synchronization initiated. (171 threads)
[2023-11-16T06:35:17.331+0000][3657.775s][info ][safepoint     ] Application time: 1.0001798 seconds
[2023-11-16T06:35:17.331+0000][3657.775s][info ][safepoint     ] Entering safepoint region: Cleanup
[2023-11-16T06:35:17.332+0000][3657.775s][info ][safepoint     ] Leaving safepoint region
[2023-11-16T06:35:17.332+0000][3657.775s][info ][safepoint     ] Total time for which application threads were stopped: 0.0003156 seconds, Stopping threads took: 0.0000521 seconds
[2023-11-16T06:35:18.332+0000][3658.775s][debug][safepoint     ] Safepoint synchronization initiated. (171 threads)
[2023-11-16T06:35:18.332+0000][3658.775s][info ][safepoint     ] Application time: 1.0001516 seconds
[2023-11-16T06:35:18.332+0000][3658.775s][info ][safepoint     ] Entering safepoint region: Cleanup
[2023-11-16T06:35:18.332+0000][3658.775s][info ][safepoint     ] Leaving safepoint region
[2023-11-16T06:35:18.332+0000][3658.775s][info ][safepoint     ] Total time for which application threads were stopped: 0.0002804 seconds, Stopping threads took: 0.0000583 seconds
[2023-11-16T06:35:19.332+0000][3659.775s][debug][safepoint     ] Safepoint synchronization initiated. (171 threads)
[2023-11-16T06:35:19.332+0000][3659.776s][info ][safepoint     ] Application time: 1.0001693 seconds
[2023-11-16T06:35:19.332+0000][3659.776s][info ][safepoint     ] Entering safepoint region: Cleanup
[2023-11-16T06:35:19.333+0000][3659.776s][info ][safepoint     ] Leaving safepoint region
[2023-11-16T06:35:19.333+0000][3659.776s][info ][safepoint     ] Total time for which application threads were stopped: 0.0003453 seconds, Stopping threads took: 0.0000533 seconds
[2023-11-16T06:35:20.333+0000][3660.776s][debug][safepoint     ] Safepoint synchronization initiated. (171 threads)
[2023-11-16T06:35:20.333+0000][3660.776s][info ][safepoint     ] Application time: 1.0001813 seconds
[2023-11-16T06:35:20.333+0000][3660.776s][info ][safepoint     ] Entering safepoint region: Cleanup
[2023-11-16T06:35:20.333+0000][3660.776s][info ][safepoint     ] Leaving safepoint region
[2023-11-16T06:35:20.333+0000][3660.776s][info ][safepoint     ] Total time for which application threads were stopped: 0.0003439 seconds, Stopping threads took: 0.0000529 seconds
[2023-11-16T06:35:21.333+0000][3661.777s][debug][safepoint     ] Safepoint synchronization initiated. (171 threads)
[2023-11-16T06:35:21.333+0000][3661.777s][info ][safepoint     ] Application time: 1.0001957 seconds
[2023-11-16T06:35:21.333+0000][3661.777s][info ][safepoint     ] Entering safepoint region: Cleanup
[2023-11-16T06:35:21.334+0000][3661.777s][info ][safepoint     ] Leaving safepoint region
[2023-11-16T06:35:21.334+0000][3661.777s][info ][safepoint     ] Total time for which application threads were stopped: 0.0003283 seconds, Stopping threads took: 0.0000531 seconds
[2023-11-16T06:35:22.334+0000][3662.777s][debug][safepoint     ] Safepoint synchronization initiated. (171 threads)
[2023-11-16T06:35:22.334+0000][3662.777s][info ][safepoint     ] Application time: 1.0001505 seconds
[2023-11-16T06:35:22.334+0000][3662.777s][info ][safepoint     ] Entering safepoint region: Cleanup
[2023-11-16T06:35:22.334+0000][3662.777s][info ][safepoint     ] Leaving safepoint region
[2023-11-16T06:35:22.334+0000][3662.777s][info ][safepoint     ] Total time for which application threads were stopped: 0.0002519 seconds, Stopping threads took: 0.0000514 seconds
[2023-11-16T06:35:23.334+0000][3663.778s][debug][safepoint     ] Safepoint synchronization initiated. (171 threads)
[2023-11-16T06:35:23.334+0000][3663.778s][info ][safepoint     ] Application time: 1.0001632 seconds
[2023-11-16T06:35:23.334+0000][3663.778s][info ][safepoint     ] Entering safepoint region: Cleanup
[2023-11-16T06:35:23.335+0000][3663.778s][info ][safepoint     ] Leaving safepoint region
[2023-11-16T06:35:23.335+0000][3663.778s][info ][safepoint     ] Total time for which application threads were stopped: 0.0002622 seconds, Stopping threads took: 0.0000512 seconds
[2023-11-16T06:35:24.335+0000][3664.778s][debug][safepoint     ] Safepoint synchronization initiated. (171 threads)
[2023-11-16T06:35:24.335+0000][3664.778s][info ][safepoint     ] Application time: 1.0001650 seconds
[2023-11-16T06:35:24.335+0000][3664.778s][info ][safepoint     ] Entering safepoint region: Cleanup
[2023-11-16T06:35:24.335+0000][3664.778s][info ][safepoint     ] Leaving safepoint region
[2023-11-16T06:35:24.335+0000][3664.778s][info ][safepoint     ] Total time for which application threads were stopped: 0.0003480 seconds, Stopping threads took: 0.0000521 seconds
[2023-11-16T06:35:25.335+0000][3665.779s][debug][safepoint     ] Safepoint synchronization initiated. (171 threads)
[2023-11-16T06:35:25.335+0000][3665.779s][info ][safepoint     ] Application time: 1.0001697 seconds
[2023-11-16T06:35:25.335+0000][3665.779s][info ][safepoint     ] Entering safepoint region: Cleanup
[2023-11-16T06:35:25.336+0000][3665.779s][info ][safepoint     ] Leaving safepoint region
[2023-11-16T06:35:25.336+0000][3665.779s][info ][safepoint     ] Total time for which application threads were stopped: 0.0003665 seconds, Stopping threads took: 0.0000592 seconds
[2023-11-16T06:35:26.336+0000][3666.779s][debug][safepoint     ] Safepoint synchronization initiated. (171 threads)
[2023-11-16T06:35:26.336+0000][3666.779s][info ][safepoint     ] Application time: 1.0001640 seconds
[2023-11-16T06:35:26.336+0000][3666.779s][info ][safepoint     ] Entering safepoint region: Cleanup
[2023-11-16T06:35:26.336+0000][3666.780s][info ][safepoint     ] Leaving safepoint region
[2023-11-16T06:35:26.336+0000][3666.780s][info ][safepoint     ] Total time for which application threads were stopped: 0.0003511 seconds, Stopping threads took: 0.0000539 seconds
[2023-11-16T06:35:27.336+0000][3667.780s][debug][safepoint     ] Safepoint synchronization initiated. (171 threads)
[2023-11-16T06:35:27.336+0000][3667.780s][info ][safepoint     ] Application time: 1.0001560 seconds
[2023-11-16T06:35:27.336+0000][3667.780s][info ][safepoint     ] Entering safepoint region: Cleanup
[2023-11-16T06:35:27.337+0000][3667.780s][info ][safepoint     ] Leaving safepoint region
[2023-11-16T06:35:27.337+0000][3667.780s][info ][safepoint     ] Total time for which application threads were stopped: 0.0003462 seconds, Stopping threads took: 0.0000529 seconds
[2023-11-16T06:35:28.337+0000][3668.780s][debug][safepoint     ] Safepoint synchronization initiated. (171 threads)
[2023-11-16T06:35:28.337+0000][3668.780s][info ][safepoint     ] Application time: 1.0002003 seconds
[2023-11-16T06:35:28.337+0000][3668.780s][info ][safepoint     ] Entering safepoint region: Cleanup
[2023-11-16T06:35:28.337+0000][3668.781s][info ][safepoint     ] Leaving safepoint region
[2023-11-16T06:35:28.337+0000][3668.781s][info ][safepoint     ] Total time for which application threads were stopped: 0.0003368 seconds, Stopping threads took: 0.0000512 seconds
[2023-11-16T06:35:29.337+0000][3669.781s][debug][safepoint     ] Safepoint synchronization initiated. (171 threads)
[2023-11-16T06:35:29.338+0000][3669.781s][info ][safepoint     ] Application time: 1.0001783 seconds
[2023-11-16T06:35:29.338+0000][3669.781s][info ][safepoint     ] Entering safepoint region: Cleanup
[2023-11-16T06:35:29.338+0000][3669.781s][info ][safepoint     ] Leaving safepoint region
[2023-11-16T06:35:29.338+0000][3669.781s][info ][safepoint     ] Total time for which application threads were stopped: 0.0002802 seconds, Stopping threads took: 0.0000525 seconds
[2023-11-16T06:35:30.338+0000][3670.781s][debug][safepoint     ] Safepoint synchronization initiated. (171 threads)
[2023-11-16T06:35:30.338+0000][3670.781s][info ][safepoint     ] Application time: 1.0001659 seconds
[2023-11-16T06:35:30.338+0000][3670.781s][info ][safepoint     ] Entering safepoint region: Cleanup
[2023-11-16T06:35:30.338+0000][3670.782s][info ][safepoint     ] Leaving safepoint region
[2023-11-16T06:35:30.339+0000][3670.782s][info ][safepoint     ] Total time for which application threads were stopped: 0.0004578 seconds, Stopping threads took: 0.0001742 seconds
[2023-11-16T06:35:31.339+0000][3671.782s][debug][safepoint     ] Safepoint synchronization initiated. (171 threads)
[2023-11-16T06:35:31.339+0000][3671.782s][info ][safepoint     ] Application time: 1.0001765 seconds
[2023-11-16T06:35:31.339+0000][3671.782s][info ][safepoint     ] Entering safepoint region: Cleanup
[2023-11-16T06:35:31.339+0000][3671.782s][info ][safepoint     ] Leaving safepoint region
[2023-11-16T06:35:31.339+0000][3671.782s][info ][safepoint     ] Total time for which application threads were stopped: 0.0003119 seconds, Stopping threads took: 0.0000524 seconds
[2023-11-16T06:35:32.339+0000][3672.782s][debug][safepoint     ] Safepoint synchronization initiated. (171 threads)
[2023-11-16T06:35:32.339+0000][3672.783s][info ][safepoint     ] Application time: 1.0001615 seconds
[2023-11-16T06:35:32.339+0000][3672.783s][info ][safepoint     ] Entering safepoint region: Cleanup
[2023-11-16T06:35:32.340+0000][3672.783s][info ][safepoint     ] Leaving safepoint region
[2023-11-16T06:35:32.340+0000][3672.783s][info ][safepoint     ] Total time for which application threads were stopped: 0.0003429 seconds, Stopping threads took: 0.0000536 seconds
[2023-11-16T06:35:33.340+0000][3673.783s][debug][safepoint     ] Safepoint synchronization initiated. (171 threads)
[2023-11-16T06:35:33.340+0000][3673.783s][info ][safepoint     ] Application time: 1.0001611 seconds
[2023-11-16T06:35:33.340+0000][3673.783s][info ][safepoint     ] Entering safepoint region: Cleanup
[2023-11-16T06:35:33.340+0000][3673.783s][info ][safepoint     ] Leaving safepoint region
[2023-11-16T06:35:33.340+0000][3673.783s][info ][safepoint     ] Total time for which application threads were stopped: 0.0002604 seconds, Stopping threads took: 0.0000528 seconds
[2023-11-16T06:35:34.340+0000][3674.783s][debug][safepoint     ] Safepoint synchronization initiated. (171 threads)
[2023-11-16T06:35:34.340+0000][3674.784s][info ][safepoint     ] Application time: 1.0001588 seconds
[2023-11-16T06:35:34.340+0000][3674.784s][info ][safepoint     ] Entering safepoint region: Cleanup
[2023-11-16T06:35:34.341+0000][3674.784s][info ][safepoint     ] Leaving safepoint region
[2023-11-16T06:35:34.341+0000][3674.784s][info ][safepoint     ] Total time for which application threads were stopped: 0.0003558 seconds, Stopping threads took: 0.0000534 seconds
[2023-11-16T06:35:35.341+0000][3675.784s][debug][safepoint     ] Safepoint synchronization initiated. (171 threads)
[2023-11-16T06:35:35.341+0000][3675.784s][info ][safepoint     ] Application time: 1.0001900 seconds
[2023-11-16T06:35:35.341+0000][3675.784s][info ][safepoint     ] Entering safepoint region: Cleanup
[2023-11-16T06:35:35.341+0000][3675.785s][info ][safepoint     ] Leaving safepoint region
[2023-11-16T06:35:35.341+0000][3675.785s][info ][safepoint     ] Total time for which application threads were stopped: 0.0004030 seconds, Stopping threads took: 0.0000545 seconds
[2023-11-16T06:35:36.341+0000][3676.785s][debug][safepoint     ] Safepoint synchronization initiated. (171 threads)
[2023-11-16T06:35:36.341+0000][3676.785s][info ][safepoint     ] Application time: 1.0001367 seconds
[2023-11-16T06:35:36.341+0000][3676.785s][info ][safepoint     ] Entering safepoint region: Cleanup
[2023-11-16T06:35:36.342+0000][3676.785s][info ][safepoint     ] Leaving safepoint region
[2023-11-16T06:35:36.342+0000][3676.785s][info ][safepoint     ] Total time for which application threads were stopped: 0.0003024 seconds, Stopping threads took: 0.0000533 seconds
[2023-11-16T06:35:37.342+0000][3677.785s][debug][safepoint     ] Safepoint synchronization initiated. (171 threads)
[2023-11-16T06:35:37.342+0000][3677.785s][info ][safepoint     ] Application time: 1.0001499 seconds
[2023-11-16T06:35:37.342+0000][3677.785s][info ][safepoint     ] Entering safepoint region: Cleanup
[2023-11-16T06:35:37.342+0000][3677.785s][info ][safepoint     ] Leaving safepoint region
[2023-11-16T06:35:37.342+0000][3677.786s][info ][safepoint     ] Total time for which application threads were stopped: 0.0002917 seconds, Stopping threads took: 0.0000532 seconds
[2023-11-16T06:35:38.342+0000][3678.786s][debug][safepoint     ] Safepoint synchronization initiated. (171 threads)
[2023-11-16T06:35:38.342+0000][3678.786s][info ][safepoint     ] Application time: 1.0001581 seconds
[2023-11-16T06:35:38.342+0000][3678.786s][info ][safepoint     ] Entering safepoint region: Cleanup
[2023-11-16T06:35:38.343+0000][3678.786s][info ][safepoint     ] Leaving safepoint region
[2023-11-16T06:35:38.343+0000][3678.786s][info ][safepoint     ] Total time for which application threads were stopped: 0.0003357 seconds, Stopping threads took: 0.0000486 seconds
[2023-11-16T06:35:39.343+0000][3679.786s][debug][safepoint     ] Safepoint synchronization initiated. (171 threads)
[2023-11-16T06:35:39.343+0000][3679.786s][info ][safepoint     ] Application time: 1.0001578 seconds
[2023-11-16T06:35:39.343+0000][3679.786s][info ][safepoint     ] Entering safepoint region: Cleanup
[2023-11-16T06:35:39.343+0000][3679.787s][info ][safepoint     ] Leaving safepoint region
[2023-11-16T06:35:39.343+0000][3679.787s][info ][safepoint     ] Total time for which application threads were stopped: 0.0003355 seconds, Stopping threads took: 0.0000508 seconds
[2023-11-16T06:35:40.343+0000][3680.787s][debug][safepoint     ] Safepoint synchronization initiated. (171 threads)
[2023-11-16T06:35:40.343+0000][3680.787s][info ][safepoint     ] Application time: 1.0001634 seconds
[2023-11-16T06:35:40.344+0000][3680.787s][info ][safepoint     ] Entering safepoint region: Cleanup
[2023-11-16T06:35:40.344+0000][3680.787s][info ][safepoint     ] Leaving safepoint region
[2023-11-16T06:35:40.344+0000][3680.787s][info ][safepoint     ] Total time for which application threads were stopped: 0.0003375 seconds, Stopping threads took: 0.0000516 seconds
[2023-11-16T06:35:41.344+0000][3681.787s][debug][safepoint     ] Safepoint synchronization initiated. (171 threads)
[2023-11-16T06:35:41.344+0000][3681.787s][info ][safepoint     ] Application time: 1.0001519 seconds
[2023-11-16T06:35:41.344+0000][3681.787s][info ][safepoint     ] Entering safepoint region: Cleanup
[2023-11-16T06:35:41.344+0000][3681.788s][info ][safepoint     ] Leaving safepoint region
[2023-11-16T06:35:41.344+0000][3681.788s][info ][safepoint     ] Total time for which application threads were stopped: 0.0003375 seconds, Stopping threads took: 0.0000511 seconds
[2023-11-16T06:35:42.344+0000][3682.788s][debug][safepoint     ] Safepoint synchronization initiated. (171 threads)
[2023-11-16T06:35:42.345+0000][3682.788s][info ][safepoint     ] Application time: 1.0001865 seconds
[2023-11-16T06:35:42.345+0000][3682.788s][info ][safepoint     ] Entering safepoint region: Cleanup
[2023-11-16T06:35:42.345+0000][3682.788s][info ][safepoint     ] Leaving safepoint region
[2023-11-16T06:35:42.345+0000][3682.788s][info ][safepoint     ] Total time for which application threads were stopped: 0.0003437 seconds, Stopping threads took: 0.0000524 seconds
[2023-11-16T06:35:43.345+0000][3683.788s][debug][safepoint     ] Safepoint synchronization initiated. (171 threads)
[2023-11-16T06:35:43.345+0000][3683.788s][info ][safepoint     ] Application time: 1.0001784 seconds
[2023-11-16T06:35:43.345+0000][3683.789s][info ][safepoint     ] Entering safepoint region: Cleanup
[2023-11-16T06:35:43.346+0000][3683.789s][info ][safepoint     ] Leaving safepoint region
[2023-11-16T06:35:43.346+0000][3683.789s][info ][safepoint     ] Total time for which application threads were stopped: 0.0004307 seconds, Stopping threads took: 0.0001482 seconds
[2023-11-16T06:35:44.346+0000][3684.789s][debug][safepoint     ] Safepoint synchronization initiated. (171 threads)
[2023-11-16T06:35:44.346+0000][3684.789s][info ][safepoint     ] Application time: 1.0001690 seconds
[2023-11-16T06:35:44.346+0000][3684.789s][info ][safepoint     ] Entering safepoint region: Cleanup
[2023-11-16T06:35:44.346+0000][3684.789s][info ][safepoint     ] Leaving safepoint region
[2023-11-16T06:35:44.346+0000][3684.789s][info ][safepoint     ] Total time for which application threads were stopped: 0.0003415 seconds, Stopping threads took: 0.0000508 seconds
[2023-11-16T06:35:45.346+0000][3685.790s][debug][safepoint     ] Safepoint synchronization initiated. (171 threads)
[2023-11-16T06:35:45.346+0000][3685.790s][info ][safepoint     ] Application time: 1.0001659 seconds
[2023-11-16T06:35:45.346+0000][3685.790s][info ][safepoint     ] Entering safepoint region: Cleanup
[2023-11-16T06:35:45.347+0000][3685.790s][info ][safepoint     ] Leaving safepoint region
[2023-11-16T06:35:45.347+0000][3685.790s][info ][safepoint     ] Total time for which application threads were stopped: 0.0003242 seconds, Stopping threads took: 0.0000514 seconds
[2023-11-16T06:35:46.347+0000][3686.790s][debug][safepoint     ] Safepoint synchronization initiated. (171 threads)
[2023-11-16T06:35:46.347+0000][3686.790s][info ][safepoint     ] Application time: 1.0001520 seconds
[2023-11-16T06:35:46.347+0000][3686.790s][info ][safepoint     ] Entering safepoint region: Cleanup
[2023-11-16T06:35:46.347+0000][3686.790s][info ][safepoint     ] Leaving safepoint region
[2023-11-16T06:35:46.347+0000][3686.791s][info ][safepoint     ] Total time for which application threads were stopped: 0.0003392 seconds, Stopping threads took: 0.0000512 seconds
[2023-11-16T06:35:47.347+0000][3687.791s][debug][safepoint     ] Safepoint synchronization initiated. (171 threads)
[2023-11-16T06:35:47.347+0000][3687.791s][info ][safepoint     ] Application time: 1.0001496 seconds
[2023-11-16T06:35:47.347+0000][3687.791s][info ][safepoint     ] Entering safepoint region: Cleanup
[2023-11-16T06:35:47.348+0000][3687.791s][info ][safepoint     ] Leaving safepoint region
[2023-11-16T06:35:47.348+0000][3687.791s][info ][safepoint     ] Total time for which application threads were stopped: 0.0002945 seconds, Stopping threads took: 0.0000511 seconds
[2023-11-16T06:35:48.348+0000][3688.791s][debug][safepoint     ] Safepoint synchronization initiated. (170 threads)
[2023-11-16T06:35:48.348+0000][3688.791s][info ][safepoint     ] Application time: 1.0001335 seconds
[2023-11-16T06:35:48.348+0000][3688.791s][info ][safepoint     ] Entering safepoint region: Cleanup
[2023-11-16T06:35:48.348+0000][3688.791s][info ][safepoint     ] Leaving safepoint region
[2023-11-16T06:35:48.348+0000][3688.791s][info ][safepoint     ] Total time for which application threads were stopped: 0.0003008 seconds, Stopping threads took: 0.0000514 seconds
[2023-11-16T06:35:49.348+0000][3689.792s][debug][safepoint     ] Safepoint synchronization initiated. (170 threads)
[2023-11-16T06:35:49.348+0000][3689.792s][info ][safepoint     ] Application time: 1.0001773 seconds
[2023-11-16T06:35:49.348+0000][3689.792s][info ][safepoint     ] Entering safepoint region: Cleanup
[2023-11-16T06:35:49.349+0000][3689.792s][info ][safepoint     ] Leaving safepoint region
[2023-11-16T06:35:49.349+0000][3689.792s][info ][safepoint     ] Total time for which application threads were stopped: 0.0003384 seconds, Stopping threads took: 0.0000519 seconds
[2023-11-16T06:35:50.349+0000][3690.792s][debug][safepoint     ] Safepoint synchronization initiated. (170 threads)
[2023-11-16T06:35:50.349+0000][3690.792s][info ][safepoint     ] Application time: 1.0001521 seconds
[2023-11-16T06:35:50.349+0000][3690.792s][info ][safepoint     ] Entering safepoint region: Cleanup
[2023-11-16T06:35:50.349+0000][3690.792s][info ][safepoint     ] Leaving safepoint region
[2023-11-16T06:35:50.349+0000][3690.793s][info ][safepoint     ] Total time for which application threads were stopped: 0.0003401 seconds, Stopping threads took: 0.0000500 seconds
[2023-11-16T06:35:51.349+0000][3691.793s][debug][safepoint     ] Safepoint synchronization initiated. (170 threads)
[2023-11-16T06:35:51.349+0000][3691.793s][info ][safepoint     ] Application time: 1.0001642 seconds
[2023-11-16T06:35:51.349+0000][3691.793s][info ][safepoint     ] Entering safepoint region: Cleanup
[2023-11-16T06:35:51.350+0000][3691.793s][info ][safepoint     ] Leaving safepoint region
[2023-11-16T06:35:51.350+0000][3691.793s][info ][safepoint     ] Total time for which application threads were stopped: 0.0003427 seconds, Stopping threads took: 0.0000517 seconds
[2023-11-16T06:35:52.350+0000][3692.793s][debug][safepoint     ] Safepoint synchronization initiated. (170 threads)
[2023-11-16T06:35:52.350+0000][3692.793s][info ][safepoint     ] Application time: 1.0001641 seconds
[2023-11-16T06:35:52.350+0000][3692.793s][info ][safepoint     ] Entering safepoint region: Cleanup
[2023-11-16T06:35:52.351+0000][3692.794s][info ][safepoint     ] Leaving safepoint region
[2023-11-16T06:35:52.351+0000][3692.794s][info ][safepoint     ] Total time for which application threads were stopped: 0.0006239 seconds, Stopping threads took: 0.0003744 seconds
[2023-11-16T06:35:53.351+0000][3693.794s][debug][safepoint     ] Safepoint synchronization initiated. (170 threads)
[2023-11-16T06:35:53.351+0000][3693.794s][info ][safepoint     ] Application time: 1.0001628 seconds
[2023-11-16T06:35:53.351+0000][3693.794s][info ][safepoint     ] Entering safepoint region: Cleanup
[2023-11-16T06:35:53.351+0000][3693.794s][info ][safepoint     ] Leaving safepoint region
[2023-11-16T06:35:53.351+0000][3693.794s][info ][safepoint     ] Total time for which application threads were stopped: 0.0002844 seconds, Stopping threads took: 0.0000556 seconds
[2023-11-16T06:35:54.351+0000][3694.795s][debug][safepoint     ] Safepoint synchronization initiated. (170 threads)
[2023-11-16T06:35:54.351+0000][3694.795s][info ][safepoint     ] Application time: 1.0001647 seconds
[2023-11-16T06:35:54.351+0000][3694.795s][info ][safepoint     ] Entering safepoint region: Cleanup
[2023-11-16T06:35:54.352+0000][3694.795s][info ][safepoint     ] Leaving safepoint region
[2023-11-16T06:35:54.352+0000][3694.795s][info ][safepoint     ] Total time for which application threads were stopped: 0.0003567 seconds, Stopping threads took: 0.0000562 seconds
[2023-11-16T06:35:55.352+0000][3695.795s][debug][safepoint     ] Safepoint synchronization initiated. (170 threads)
[2023-11-16T06:35:55.352+0000][3695.795s][info ][safepoint     ] Application time: 1.0001524 seconds
[2023-11-16T06:35:55.352+0000][3695.795s][info ][safepoint     ] Entering safepoint region: Cleanup
[2023-11-16T06:35:55.352+0000][3695.795s][info ][safepoint     ] Leaving safepoint region
[2023-11-16T06:35:55.352+0000][3695.795s][info ][safepoint     ] Total time for which application threads were stopped: 0.0002578 seconds, Stopping threads took: 0.0000512 seconds
[2023-11-16T06:35:56.352+0000][3696.796s][debug][safepoint     ] Safepoint synchronization initiated. (170 threads)
[2023-11-16T06:35:56.352+0000][3696.796s][info ][safepoint     ] Application time: 1.0001520 seconds
[2023-11-16T06:35:56.352+0000][3696.796s][info ][safepoint     ] Entering safepoint region: Cleanup
[2023-11-16T06:35:56.353+0000][3696.796s][info ][safepoint     ] Leaving safepoint region
[2023-11-16T06:35:56.353+0000][3696.796s][info ][safepoint     ] Total time for which application threads were stopped: 0.0003373 seconds, Stopping threads took: 0.0000509 seconds
[2023-11-16T06:35:57.353+0000][3697.796s][debug][safepoint     ] Safepoint synchronization initiated. (170 threads)
[2023-11-16T06:35:57.353+0000][3697.796s][info ][safepoint     ] Application time: 1.0001576 seconds
[2023-11-16T06:35:57.353+0000][3697.796s][info ][safepoint     ] Entering safepoint region: Cleanup
[2023-11-16T06:35:57.353+0000][3697.796s][info ][safepoint     ] Leaving safepoint region
[2023-11-16T06:35:57.353+0000][3697.796s][info ][safepoint     ] Total time for which application threads were stopped: 0.0003375 seconds, Stopping threads took: 0.0000511 seconds
[2023-11-16T06:35:58.353+0000][3698.797s][debug][safepoint     ] Safepoint synchronization initiated. (170 threads)
[2023-11-16T06:35:58.353+0000][3698.797s][info ][safepoint     ] Application time: 1.0001663 seconds
[2023-11-16T06:35:58.353+0000][3698.797s][info ][safepoint     ] Entering safepoint region: Cleanup
[2023-11-16T06:35:58.354+0000][3698.797s][info ][safepoint     ] Leaving safepoint region
[2023-11-16T06:35:58.354+0000][3698.797s][info ][safepoint     ] Total time for which application threads were stopped: 0.0002510 seconds, Stopping threads took: 0.0000492 seconds
[2023-11-16T06:35:59.354+0000][3699.797s][debug][safepoint     ] Safepoint synchronization initiated. (170 threads)
[2023-11-16T06:35:59.354+0000][3699.797s][info ][safepoint     ] Application time: 1.0001682 seconds
[2023-11-16T06:35:59.354+0000][3699.797s][info ][safepoint     ] Entering safepoint region: Cleanup
[2023-11-16T06:35:59.354+0000][3699.797s][info ][safepoint     ] Leaving safepoint region
[2023-11-16T06:35:59.354+0000][3699.797s][info ][safepoint     ] Total time for which application threads were stopped: 0.0003458 seconds, Stopping threads took: 0.0000503 seconds
[2023-11-16T06:36:00.354+0000][3700.798s][debug][safepoint     ] Safepoint synchronization initiated. (170 threads)
[2023-11-16T06:36:00.354+0000][3700.798s][info ][safepoint     ] Application time: 1.0001767 seconds
[2023-11-16T06:36:00.354+0000][3700.798s][info ][safepoint     ] Entering safepoint region: Cleanup
[2023-11-16T06:36:00.355+0000][3700.798s][info ][safepoint     ] Leaving safepoint region
[2023-11-16T06:36:00.355+0000][3700.798s][info ][safepoint     ] Total time for which application threads were stopped: 0.0003383 seconds, Stopping threads took: 0.0000508 seconds
[2023-11-16T06:36:01.355+0000][3701.798s][debug][safepoint     ] Safepoint synchronization initiated. (170 threads)
[2023-11-16T06:36:01.355+0000][3701.798s][info ][safepoint     ] Application time: 1.0001808 seconds
[2023-11-16T06:36:01.355+0000][3701.798s][info ][safepoint     ] Entering safepoint region: Cleanup
[2023-11-16T06:36:01.355+0000][3701.799s][info ][safepoint     ] Leaving safepoint region
[2023-11-16T06:36:01.355+0000][3701.799s][info ][safepoint     ] Total time for which application threads were stopped: 0.0003416 seconds, Stopping threads took: 0.0000514 seconds
[2023-11-16T06:36:02.355+0000][3702.799s][debug][safepoint     ] Safepoint synchronization initiated. (170 threads)
[2023-11-16T06:36:02.355+0000][3702.799s][info ][safepoint     ] Application time: 1.0001381 seconds
[2023-11-16T06:36:02.355+0000][3702.799s][info ][safepoint     ] Entering safepoint region: Cleanup
[2023-11-16T06:36:02.356+0000][3702.799s][info ][safepoint     ] Leaving safepoint region
[2023-11-16T06:36:02.356+0000][3702.799s][info ][safepoint     ] Total time for which application threads were stopped: 0.0003684 seconds, Stopping threads took: 0.0000690 seconds
[2023-11-16T06:36:03.356+0000][3703.799s][debug][safepoint     ] Safepoint synchronization initiated. (170 threads)
[2023-11-16T06:36:03.356+0000][3703.799s][info ][safepoint     ] Application time: 1.0001531 seconds
[2023-11-16T06:36:03.356+0000][3703.799s][info ][safepoint     ] Entering safepoint region: Cleanup
[2023-11-16T06:36:03.356+0000][3703.800s][info ][safepoint     ] Leaving safepoint region
[2023-11-16T06:36:03.356+0000][3703.800s][info ][safepoint     ] Total time for which application threads were stopped: 0.0003371 seconds, Stopping threads took: 0.0000500 seconds
[2023-11-16T06:36:04.356+0000][3704.800s][debug][safepoint     ] Safepoint synchronization initiated. (170 threads)
[2023-11-16T06:36:04.357+0000][3704.800s][info ][safepoint     ] Application time: 1.0001526 seconds
[2023-11-16T06:36:04.357+0000][3704.800s][info ][safepoint     ] Entering safepoint region: Cleanup
[2023-11-16T06:36:04.357+0000][3704.800s][info ][safepoint     ] Leaving safepoint region
[2023-11-16T06:36:04.357+0000][3704.800s][info ][safepoint     ] Total time for which application threads were stopped: 0.0003324 seconds, Stopping threads took: 0.0000509 seconds
[2023-11-16T06:36:05.357+0000][3705.800s][debug][safepoint     ] Safepoint synchronization initiated. (170 threads)
[2023-11-16T06:36:05.357+0000][3705.800s][info ][safepoint     ] Application time: 1.0001688 seconds
[2023-11-16T06:36:05.357+0000][3705.800s][info ][safepoint     ] Entering safepoint region: Cleanup
[2023-11-16T06:36:05.357+0000][3705.801s][info ][safepoint     ] Leaving safepoint region
[2023-11-16T06:36:05.357+0000][3705.801s][info ][safepoint     ] Total time for which application threads were stopped: 0.0003239 seconds, Stopping threads took: 0.0000507 seconds
[2023-11-16T06:36:06.358+0000][3706.801s][debug][safepoint     ] Safepoint synchronization initiated. (170 threads)
[2023-11-16T06:36:06.358+0000][3706.801s][info ][safepoint     ] Application time: 1.0001621 seconds
[2023-11-16T06:36:06.358+0000][3706.801s][info ][safepoint     ] Entering safepoint region: Cleanup
[2023-11-16T06:36:06.358+0000][3706.801s][info ][safepoint     ] Leaving safepoint region
[2023-11-16T06:36:06.358+0000][3706.802s][info ][safepoint     ] Total time for which application threads were stopped: 0.0006135 seconds, Stopping threads took: 0.0000591 seconds
[2023-11-16T06:36:07.358+0000][3707.802s][debug][safepoint     ] Safepoint synchronization initiated. (170 threads)
[2023-11-16T06:36:07.358+0000][3707.802s][info ][safepoint     ] Application time: 1.0001764 seconds
[2023-11-16T06:36:07.358+0000][3707.802s][info ][safepoint     ] Entering safepoint region: Cleanup
[2023-11-16T06:36:07.359+0000][3707.802s][info ][safepoint     ] Leaving safepoint region
[2023-11-16T06:36:07.359+0000][3707.802s][info ][safepoint     ] Total time for which application threads were stopped: 0.0003430 seconds, Stopping threads took: 0.0000538 seconds
[2023-11-16T06:36:08.359+0000][3708.802s][debug][safepoint     ] Safepoint synchronization initiated. (170 threads)
[2023-11-16T06:36:08.359+0000][3708.802s][info ][safepoint     ] Application time: 1.0001655 seconds
[2023-11-16T06:36:08.359+0000][3708.802s][info ][safepoint     ] Entering safepoint region: Cleanup
[2023-11-16T06:36:08.359+0000][3708.803s][info ][safepoint     ] Leaving safepoint region
[2023-11-16T06:36:08.359+0000][3708.803s][info ][safepoint     ] Total time for which application threads were stopped: 0.0003318 seconds, Stopping threads took: 0.0000524 seconds
[2023-11-16T06:36:09.359+0000][3709.803s][debug][safepoint     ] Safepoint synchronization initiated. (170 threads)
[2023-11-16T06:36:09.359+0000][3709.803s][info ][safepoint     ] Application time: 1.0001156 seconds
[2023-11-16T06:36:09.359+0000][3709.803s][info ][safepoint     ] Entering safepoint region: Cleanup
[2023-11-16T06:36:09.360+0000][3709.803s][info ][safepoint     ] Leaving safepoint region
[2023-11-16T06:36:09.360+0000][3709.803s][info ][safepoint     ] Total time for which application threads were stopped: 0.0002211 seconds, Stopping threads took: 0.0000665 seconds
[2023-11-16T06:36:10.360+0000][3710.803s][debug][safepoint     ] Safepoint synchronization initiated. (170 threads)
[2023-11-16T06:36:10.360+0000][3710.803s][info ][safepoint     ] Application time: 1.0001516 seconds
[2023-11-16T06:36:10.360+0000][3710.803s][info ][safepoint     ] Entering safepoint region: Cleanup
[2023-11-16T06:36:10.360+0000][3710.803s][info ][safepoint     ] Leaving safepoint region
[2023-11-16T06:36:10.360+0000][3710.804s][info ][safepoint     ] Total time for which application threads were stopped: 0.0003409 seconds, Stopping threads took: 0.0000515 seconds
[2023-11-16T06:36:11.360+0000][3711.804s][debug][safepoint     ] Safepoint synchronization initiated. (170 threads)
[2023-11-16T06:36:11.360+0000][3711.804s][info ][safepoint     ] Application time: 1.0001621 seconds
[2023-11-16T06:36:11.360+0000][3711.804s][info ][safepoint     ] Entering safepoint region: Cleanup
[2023-11-16T06:36:11.361+0000][3711.804s][info ][safepoint     ] Leaving safepoint region
[2023-11-16T06:36:11.361+0000][3711.804s][info ][safepoint     ] Total time for which application threads were stopped: 0.0003175 seconds, Stopping threads took: 0.0000521 seconds
[2023-11-16T06:36:12.361+0000][3712.804s][debug][safepoint     ] Safepoint synchronization initiated. (170 threads)
[2023-11-16T06:36:12.361+0000][3712.804s][info ][safepoint     ] Application time: 1.0001632 seconds
[2023-11-16T06:36:12.361+0000][3712.804s][info ][safepoint     ] Entering safepoint region: Cleanup
[2023-11-16T06:36:12.361+0000][3712.804s][info ][safepoint     ] Leaving safepoint region
[2023-11-16T06:36:12.361+0000][3712.804s][info ][safepoint     ] Total time for which application threads were stopped: 0.0002481 seconds, Stopping threads took: 0.0000517 seconds
[2023-11-16T06:36:13.361+0000][3713.805s][debug][safepoint     ] Safepoint synchronization initiated. (170 threads)
[2023-11-16T06:36:13.361+0000][3713.805s][info ][safepoint     ] Application time: 1.0001751 seconds
[2023-11-16T06:36:13.361+0000][3713.805s][info ][safepoint     ] Entering safepoint region: Cleanup
[2023-11-16T06:36:13.362+0000][3713.805s][info ][safepoint     ] Leaving safepoint region
[2023-11-16T06:36:13.362+0000][3713.805s][info ][safepoint     ] Total time for which application threads were stopped: 0.0002576 seconds, Stopping threads took: 0.0000558 seconds
[2023-11-16T06:36:14.362+0000][3714.805s][debug][safepoint     ] Safepoint synchronization initiated. (170 threads)
[2023-11-16T06:36:14.362+0000][3714.805s][info ][safepoint     ] Application time: 1.0001647 seconds
[2023-11-16T06:36:14.362+0000][3714.805s][info ][safepoint     ] Entering safepoint region: Cleanup
[2023-11-16T06:36:14.362+0000][3714.805s][info ][safepoint     ] Leaving safepoint region
[2023-11-16T06:36:14.362+0000][3714.805s][info ][safepoint     ] Total time for which application threads were stopped: 0.0002476 seconds, Stopping threads took: 0.0000522 seconds
[2023-11-16T06:36:15.362+0000][3715.806s][debug][safepoint     ] Safepoint synchronization initiated. (170 threads)
[2023-11-16T06:36:15.362+0000][3715.806s][info ][safepoint     ] Application time: 1.0001706 seconds
[2023-11-16T06:36:15.362+0000][3715.806s][info ][safepoint     ] Entering safepoint region: Cleanup
[2023-11-16T06:36:15.363+0000][3715.806s][info ][safepoint     ] Leaving safepoint region
[2023-11-16T06:36:15.363+0000][3715.806s][info ][safepoint     ] Total time for which application threads were stopped: 0.0002803 seconds, Stopping threads took: 0.0000503 seconds
[2023-11-16T06:36:16.363+0000][3716.806s][debug][safepoint     ] Safepoint synchronization initiated. (170 threads)
[2023-11-16T06:36:16.363+0000][3716.806s][info ][safepoint     ] Application time: 1.0001784 seconds
[2023-11-16T06:36:16.363+0000][3716.806s][info ][safepoint     ] Entering safepoint region: Cleanup
[2023-11-16T06:36:16.363+0000][3716.806s][info ][safepoint     ] Leaving safepoint region
[2023-11-16T06:36:16.363+0000][3716.806s][info ][safepoint     ] Total time for which application threads were stopped: 0.0003398 seconds, Stopping threads took: 0.0000515 seconds
[2023-11-16T06:36:17.363+0000][3717.807s][debug][safepoint     ] Safepoint synchronization initiated. (170 threads)
[2023-11-16T06:36:17.363+0000][3717.807s][info ][safepoint     ] Application time: 1.0001720 seconds
[2023-11-16T06:36:17.363+0000][3717.807s][info ][safepoint     ] Entering safepoint region: Cleanup
[2023-11-16T06:36:17.364+0000][3717.807s][info ][safepoint     ] Leaving safepoint region
[2023-11-16T06:36:17.364+0000][3717.807s][info ][safepoint     ] Total time for which application threads were stopped: 0.0003593 seconds, Stopping threads took: 0.0000498 seconds
[2023-11-16T06:36:18.364+0000][3718.807s][debug][safepoint     ] Safepoint synchronization initiated. (170 threads)
[2023-11-16T06:36:18.364+0000][3718.807s][info ][safepoint     ] Application time: 1.0001592 seconds
[2023-11-16T06:36:18.364+0000][3718.807s][info ][safepoint     ] Entering safepoint region: Cleanup
[2023-11-16T06:36:18.364+0000][3718.808s][info ][safepoint     ] Leaving safepoint region
[2023-11-16T06:36:18.364+0000][3718.808s][info ][safepoint     ] Total time for which application threads were stopped: 0.0003381 seconds, Stopping threads took: 0.0000498 seconds
[2023-11-16T06:36:19.364+0000][3719.808s][debug][safepoint     ] Safepoint synchronization initiated. (170 threads)
[2023-11-16T06:36:19.364+0000][3719.808s][info ][safepoint     ] Application time: 1.0001684 seconds
[2023-11-16T06:36:19.364+0000][3719.808s][info ][safepoint     ] Entering safepoint region: Cleanup
[2023-11-16T06:36:19.365+0000][3719.808s][info ][safepoint     ] Leaving safepoint region
[2023-11-16T06:36:19.365+0000][3719.808s][info ][safepoint     ] Total time for which application threads were stopped: 0.0003376 seconds, Stopping threads took: 0.0000509 seconds
[2023-11-16T06:36:20.365+0000][3720.808s][debug][safepoint     ] Safepoint synchronization initiated. (170 threads)
[2023-11-16T06:36:20.365+0000][3720.808s][info ][safepoint     ] Application time: 1.0001730 seconds
[2023-11-16T06:36:20.365+0000][3720.808s][info ][safepoint     ] Entering safepoint region: Cleanup
[2023-11-16T06:36:20.365+0000][3720.809s][info ][safepoint     ] Leaving safepoint region
[2023-11-16T06:36:20.365+0000][3720.809s][info ][safepoint     ] Total time for which application threads were stopped: 0.0003351 seconds, Stopping threads took: 0.0000505 seconds
[2023-11-16T06:36:21.365+0000][3721.809s][debug][safepoint     ] Safepoint synchronization initiated. (170 threads)
[2023-11-16T06:36:21.365+0000][3721.809s][info ][safepoint     ] Application time: 1.0001622 seconds
[2023-11-16T06:36:21.366+0000][3721.809s][info ][safepoint     ] Entering safepoint region: Cleanup
[2023-11-16T06:36:21.366+0000][3721.809s][info ][safepoint     ] Leaving safepoint region
[2023-11-16T06:36:21.366+0000][3721.809s][info ][safepoint     ] Total time for which application threads were stopped: 0.0003375 seconds, Stopping threads took: 0.0000512 seconds
[2023-11-16T06:36:22.366+0000][3722.809s][debug][safepoint     ] Safepoint synchronization initiated. (170 threads)
[2023-11-16T06:36:22.366+0000][3722.809s][info ][safepoint     ] Application time: 1.0001549 seconds
[2023-11-16T06:36:22.366+0000][3722.809s][info ][safepoint     ] Entering safepoint region: Cleanup
[2023-11-16T06:36:22.367+0000][3722.810s][info ][safepoint     ] Leaving safepoint region
[2023-11-16T06:36:22.367+0000][3722.810s][info ][safepoint     ] Total time for which application threads were stopped: 0.0007106 seconds, Stopping threads took: 0.0004094 seconds
[2023-11-16T06:36:23.367+0000][3723.810s][debug][safepoint     ] Safepoint synchronization initiated. (170 threads)
[2023-11-16T06:36:23.367+0000][3723.810s][info ][safepoint     ] Application time: 1.0001641 seconds
[2023-11-16T06:36:23.367+0000][3723.810s][info ][safepoint     ] Entering safepoint region: Cleanup
[2023-11-16T06:36:23.367+0000][3723.811s][info ][safepoint     ] Leaving safepoint region
[2023-11-16T06:36:23.367+0000][3723.811s][info ][safepoint     ] Total time for which application threads were stopped: 0.0003393 seconds, Stopping threads took: 0.0000494 seconds
[2023-11-16T06:36:24.367+0000][3724.811s][debug][safepoint     ] Safepoint synchronization initiated. (170 threads)
[2023-11-16T06:36:24.368+0000][3724.811s][info ][safepoint     ] Application time: 1.0002000 seconds
[2023-11-16T06:36:24.368+0000][3724.811s][info ][safepoint     ] Entering safepoint region: Cleanup
[2023-11-16T06:36:24.368+0000][3724.811s][info ][safepoint     ] Leaving safepoint region
[2023-11-16T06:36:24.368+0000][3724.811s][info ][safepoint     ] Total time for which application threads were stopped: 0.0003394 seconds, Stopping threads took: 0.0000526 seconds
[2023-11-16T06:36:25.368+0000][3725.811s][debug][safepoint     ] Safepoint synchronization initiated. (170 threads)
[2023-11-16T06:36:25.368+0000][3725.811s][info ][safepoint     ] Application time: 1.0001544 seconds
[2023-11-16T06:36:25.368+0000][3725.811s][info ][safepoint     ] Entering safepoint region: Cleanup
[2023-11-16T06:36:25.368+0000][3725.812s][info ][safepoint     ] Leaving safepoint region
[2023-11-16T06:36:25.368+0000][3725.812s][info ][safepoint     ] Total time for which application threads were stopped: 0.0003389 seconds, Stopping threads took: 0.0000509 seconds
[2023-11-16T06:36:26.369+0000][3726.812s][debug][safepoint     ] Safepoint synchronization initiated. (170 threads)
[2023-11-16T06:36:26.369+0000][3726.812s][info ][safepoint     ] Application time: 1.0001692 seconds
[2023-11-16T06:36:26.369+0000][3726.812s][info ][safepoint     ] Entering safepoint region: Cleanup
[2023-11-16T06:36:26.369+0000][3726.812s][info ][safepoint     ] Leaving safepoint region
[2023-11-16T06:36:26.369+0000][3726.812s][info ][safepoint     ] Total time for which application threads were stopped: 0.0002598 seconds, Stopping threads took: 0.0000523 seconds
[2023-11-16T06:36:27.369+0000][3727.812s][debug][safepoint     ] Safepoint synchronization initiated. (170 threads)
[2023-11-16T06:36:27.369+0000][3727.812s][info ][safepoint     ] Application time: 1.0001707 seconds
[2023-11-16T06:36:27.369+0000][3727.812s][info ][safepoint     ] Entering safepoint region: Cleanup
[2023-11-16T06:36:27.370+0000][3727.813s][info ][safepoint     ] Leaving safepoint region
[2023-11-16T06:36:27.370+0000][3727.813s][info ][safepoint     ] Total time for which application threads were stopped: 0.0004570 seconds, Stopping threads took: 0.0002189 seconds
[2023-11-16T06:36:28.370+0000][3728.813s][debug][safepoint     ] Safepoint synchronization initiated. (170 threads)
[2023-11-16T06:36:28.370+0000][3728.813s][info ][safepoint     ] Application time: 1.0001518 seconds
[2023-11-16T06:36:28.370+0000][3728.813s][info ][safepoint     ] Entering safepoint region: Cleanup
[2023-11-16T06:36:28.370+0000][3728.813s][info ][safepoint     ] Leaving safepoint region
[2023-11-16T06:36:28.370+0000][3728.813s][info ][safepoint     ] Total time for which application threads were stopped: 0.0003387 seconds, Stopping threads took: 0.0000499 seconds
[2023-11-16T06:36:29.370+0000][3729.814s][debug][safepoint     ] Safepoint synchronization initiated. (170 threads)
[2023-11-16T06:36:29.370+0000][3729.814s][info ][safepoint     ] Application time: 1.0001704 seconds
[2023-11-16T06:36:29.370+0000][3729.814s][info ][safepoint     ] Entering safepoint region: Cleanup
[2023-11-16T06:36:29.370+0000][3729.814s][info ][safepoint     ] Leaving safepoint region
[2023-11-16T06:36:29.371+0000][3729.814s][info ][safepoint     ] Total time for which application threads were stopped: 0.0002365 seconds, Stopping threads took: 0.0000526 seconds
[2023-11-16T06:36:30.371+0000][3730.814s][debug][safepoint     ] Safepoint synchronization initiated. (170 threads)
[2023-11-16T06:36:30.371+0000][3730.814s][info ][safepoint     ] Application time: 1.0001737 seconds
[2023-11-16T06:36:30.371+0000][3730.814s][info ][safepoint     ] Entering safepoint region: Cleanup
[2023-11-16T06:36:30.371+0000][3730.814s][info ][safepoint     ] Leaving safepoint region
[2023-11-16T06:36:30.371+0000][3730.814s][info ][safepoint     ] Total time for which application threads were stopped: 0.0003453 seconds, Stopping threads took: 0.0000518 seconds
[2023-11-16T06:36:31.371+0000][3731.815s][debug][safepoint     ] Safepoint synchronization initiated. (170 threads)
[2023-11-16T06:36:31.371+0000][3731.815s][info ][safepoint     ] Application time: 1.0001661 seconds
[2023-11-16T06:36:31.371+0000][3731.815s][info ][safepoint     ] Entering safepoint region: Cleanup
[2023-11-16T06:36:31.372+0000][3731.815s][info ][safepoint     ] Leaving safepoint region
[2023-11-16T06:36:31.372+0000][3731.815s][info ][safepoint     ] Total time for which application threads were stopped: 0.0003389 seconds, Stopping threads took: 0.0000525 seconds
[2023-11-16T06:36:32.372+0000][3732.815s][debug][safepoint     ] Safepoint synchronization initiated. (170 threads)
[2023-11-16T06:36:32.372+0000][3732.815s][info ][safepoint     ] Application time: 1.0001546 seconds
[2023-11-16T06:36:32.372+0000][3732.815s][info ][safepoint     ] Entering safepoint region: Cleanup
[2023-11-16T06:36:32.372+0000][3732.816s][info ][safepoint     ] Leaving safepoint region
[2023-11-16T06:36:32.372+0000][3732.816s][info ][safepoint     ] Total time for which application threads were stopped: 0.0004389 seconds, Stopping threads took: 0.0002243 seconds
[2023-11-16T06:36:33.372+0000][3733.816s][debug][safepoint     ] Safepoint synchronization initiated. (170 threads)
[2023-11-16T06:36:33.372+0000][3733.816s][info ][safepoint     ] Application time: 1.0001538 seconds
[2023-11-16T06:36:33.372+0000][3733.816s][info ][safepoint     ] Entering safepoint region: Cleanup
[2023-11-16T06:36:33.373+0000][3733.816s][info ][safepoint     ] Leaving safepoint region
[2023-11-16T06:36:33.373+0000][3733.816s][info ][safepoint     ] Total time for which application threads were stopped: 0.0002614 seconds, Stopping threads took: 0.0000523 seconds
[2023-11-16T06:36:34.373+0000][3734.816s][debug][safepoint     ] Safepoint synchronization initiated. (170 threads)
[2023-11-16T06:36:34.373+0000][3734.816s][info ][safepoint     ] Application time: 1.0001686 seconds
[2023-11-16T06:36:34.373+0000][3734.816s][info ][safepoint     ] Entering safepoint region: Cleanup
[2023-11-16T06:36:34.373+0000][3734.817s][info ][safepoint     ] Leaving safepoint region
[2023-11-16T06:36:34.373+0000][3734.817s][info ][safepoint     ] Total time for which application threads were stopped: 0.0003451 seconds, Stopping threads took: 0.0000519 seconds
[2023-11-16T06:36:35.373+0000][3735.817s][debug][safepoint     ] Safepoint synchronization initiated. (170 threads)
[2023-11-16T06:36:35.373+0000][3735.817s][info ][safepoint     ] Application time: 1.0001345 seconds
[2023-11-16T06:36:35.373+0000][3735.817s][info ][safepoint     ] Entering safepoint region: Cleanup
[2023-11-16T06:36:35.374+0000][3735.817s][info ][safepoint     ] Leaving safepoint region
[2023-11-16T06:36:35.374+0000][3735.817s][info ][safepoint     ] Total time for which application threads were stopped: 0.0003409 seconds, Stopping threads took: 0.0000528 seconds
[2023-11-16T06:36:36.374+0000][3736.817s][debug][safepoint     ] Safepoint synchronization initiated. (170 threads)
[2023-11-16T06:36:36.374+0000][3736.817s][info ][safepoint     ] Application time: 1.0001653 seconds
[2023-11-16T06:36:36.374+0000][3736.817s][info ][safepoint     ] Entering safepoint region: Cleanup
[2023-11-16T06:36:36.374+0000][3736.818s][info ][safepoint     ] Leaving safepoint region
[2023-11-16T06:36:36.374+0000][3736.818s][info ][safepoint     ] Total time for which application threads were stopped: 0.0003459 seconds, Stopping threads took: 0.0000521 seconds
[2023-11-16T06:36:37.374+0000][3737.818s][debug][safepoint     ] Safepoint synchronization initiated. (170 threads)
[2023-11-16T06:36:37.374+0000][3737.818s][info ][safepoint     ] Application time: 1.0001602 seconds
[2023-11-16T06:36:37.375+0000][3737.818s][info ][safepoint     ] Entering safepoint region: Cleanup
[2023-11-16T06:36:37.375+0000][3737.818s][info ][safepoint     ] Leaving safepoint region
[2023-11-16T06:36:37.375+0000][3737.818s][info ][safepoint     ] Total time for which application threads were stopped: 0.0004758 seconds, Stopping threads took: 0.0001702 seconds
[2023-11-16T06:36:38.375+0000][3738.818s][debug][safepoint     ] Safepoint synchronization initiated. (170 threads)
[2023-11-16T06:36:38.375+0000][3738.818s][info ][safepoint     ] Application time: 1.0001516 seconds
[2023-11-16T06:36:38.375+0000][3738.819s][info ][safepoint     ] Entering safepoint region: Cleanup
[2023-11-16T06:36:38.375+0000][3738.819s][info ][safepoint     ] Leaving safepoint region
[2023-11-16T06:36:38.375+0000][3738.819s][info ][safepoint     ] Total time for which application threads were stopped: 0.0002535 seconds, Stopping threads took: 0.0000506 seconds
[2023-11-16T06:36:39.376+0000][3739.819s][debug][safepoint     ] Safepoint synchronization initiated. (170 threads)
[2023-11-16T06:36:39.376+0000][3739.819s][info ][safepoint     ] Application time: 1.0001489 seconds
[2023-11-16T06:36:39.376+0000][3739.819s][info ][safepoint     ] Entering safepoint region: Cleanup
[2023-11-16T06:36:39.376+0000][3739.819s][info ][safepoint     ] Leaving safepoint region
[2023-11-16T06:36:39.376+0000][3739.819s][info ][safepoint     ] Total time for which application threads were stopped: 0.0003450 seconds, Stopping threads took: 0.0000521 seconds
[2023-11-16T06:36:40.376+0000][3740.819s][debug][safepoint     ] Safepoint synchronization initiated. (170 threads)
[2023-11-16T06:36:40.376+0000][3740.819s][info ][safepoint     ] Application time: 1.0001503 seconds
[2023-11-16T06:36:40.376+0000][3740.820s][info ][safepoint     ] Entering safepoint region: Cleanup
[2023-11-16T06:36:40.376+0000][3740.820s][info ][safepoint     ] Leaving safepoint region
[2023-11-16T06:36:40.377+0000][3740.820s][info ][safepoint     ] Total time for which application threads were stopped: 0.0003421 seconds, Stopping threads took: 0.0000516 seconds
[2023-11-16T06:36:41.377+0000][3741.820s][debug][safepoint     ] Safepoint synchronization initiated. (170 threads)
[2023-11-16T06:36:41.377+0000][3741.820s][info ][safepoint     ] Application time: 1.0001600 seconds
[2023-11-16T06:36:41.377+0000][3741.820s][info ][safepoint     ] Entering safepoint region: Cleanup
[2023-11-16T06:36:41.377+0000][3741.820s][info ][safepoint     ] Leaving safepoint region
[2023-11-16T06:36:41.377+0000][3741.820s][info ][safepoint     ] Total time for which application threads were stopped: 0.0003427 seconds, Stopping threads took: 0.0000525 seconds
[2023-11-16T06:36:42.377+0000][3742.820s][debug][safepoint     ] Safepoint synchronization initiated. (170 threads)
[2023-11-16T06:36:42.377+0000][3742.821s][info ][safepoint     ] Application time: 1.0001530 seconds
[2023-11-16T06:36:42.377+0000][3742.821s][info ][safepoint     ] Entering safepoint region: Cleanup
[2023-11-16T06:36:42.378+0000][3742.821s][info ][safepoint     ] Leaving safepoint region
[2023-11-16T06:36:42.378+0000][3742.821s][info ][safepoint     ] Total time for which application threads were stopped: 0.0005146 seconds, Stopping threads took: 0.0003100 seconds
[2023-11-16T06:36:43.378+0000][3743.821s][debug][safepoint     ] Safepoint synchronization initiated. (170 threads)
[2023-11-16T06:36:43.378+0000][3743.821s][info ][safepoint     ] Application time: 1.0001698 seconds
[2023-11-16T06:36:43.378+0000][3743.821s][info ][safepoint     ] Entering safepoint region: Cleanup
[2023-11-16T06:36:43.378+0000][3743.822s][info ][safepoint     ] Leaving safepoint region
[2023-11-16T06:36:43.378+0000][3743.822s][info ][safepoint     ] Total time for which application threads were stopped: 0.0002629 seconds, Stopping threads took: 0.0000523 seconds
[2023-11-16T06:36:44.378+0000][3744.822s][debug][safepoint     ] Safepoint synchronization initiated. (170 threads)
[2023-11-16T06:36:44.378+0000][3744.822s][info ][safepoint     ] Application time: 1.0001452 seconds
[2023-11-16T06:36:44.378+0000][3744.822s][info ][safepoint     ] Entering safepoint region: Cleanup
[2023-11-16T06:36:44.379+0000][3744.822s][info ][safepoint     ] Leaving safepoint region
[2023-11-16T06:36:44.379+0000][3744.822s][info ][safepoint     ] Total time for which application threads were stopped: 0.0003439 seconds, Stopping threads took: 0.0000519 seconds
[2023-11-16T06:36:45.379+0000][3745.822s][debug][safepoint     ] Safepoint synchronization initiated. (170 threads)
[2023-11-16T06:36:45.379+0000][3745.822s][info ][safepoint     ] Application time: 1.0001506 seconds
[2023-11-16T06:36:45.379+0000][3745.822s][info ][safepoint     ] Entering safepoint region: Cleanup
[2023-11-16T06:36:45.379+0000][3745.823s][info ][safepoint     ] Leaving safepoint region
[2023-11-16T06:36:45.379+0000][3745.823s][info ][safepoint     ] Total time for which application threads were stopped: 0.0003447 seconds, Stopping threads took: 0.0000520 seconds
[2023-11-16T06:36:46.379+0000][3746.823s][debug][safepoint     ] Safepoint synchronization initiated. (170 threads)
[2023-11-16T06:36:46.380+0000][3746.823s][info ][safepoint     ] Application time: 1.0001827 seconds
[2023-11-16T06:36:46.380+0000][3746.823s][info ][safepoint     ] Entering safepoint region: Cleanup
[2023-11-16T06:36:46.380+0000][3746.823s][info ][safepoint     ] Leaving safepoint region
[2023-11-16T06:36:46.380+0000][3746.823s][info ][safepoint     ] Total time for which application threads were stopped: 0.0003387 seconds, Stopping threads took: 0.0000513 seconds
[2023-11-16T06:36:47.380+0000][3747.823s][debug][safepoint     ] Safepoint synchronization initiated. (170 threads)
[2023-11-16T06:36:47.380+0000][3747.823s][info ][safepoint     ] Application time: 1.0001568 seconds
[2023-11-16T06:36:47.380+0000][3747.823s][info ][safepoint     ] Entering safepoint region: Cleanup
[2023-11-16T06:36:47.381+0000][3747.824s][info ][safepoint     ] Leaving safepoint region
[2023-11-16T06:36:47.381+0000][3747.824s][info ][safepoint     ] Total time for which application threads were stopped: 0.0005040 seconds, Stopping threads took: 0.0002399 seconds
[2023-11-16T06:36:48.381+0000][3748.824s][debug][safepoint     ] Safepoint synchronization initiated. (169 threads)
[2023-11-16T06:36:48.381+0000][3748.824s][info ][safepoint     ] Application time: 1.0001626 seconds
[2023-11-16T06:36:48.381+0000][3748.824s][info ][safepoint     ] Entering safepoint region: Cleanup
[2023-11-16T06:36:48.381+0000][3748.824s][info ][safepoint     ] Leaving safepoint region
[2023-11-16T06:36:48.381+0000][3748.824s][info ][safepoint     ] Total time for which application threads were stopped: 0.0003392 seconds, Stopping threads took: 0.0000523 seconds
[2023-11-16T06:36:49.381+0000][3749.825s][debug][safepoint     ] Safepoint synchronization initiated. (169 threads)
[2023-11-16T06:36:49.381+0000][3749.825s][info ][safepoint     ] Application time: 1.0001638 seconds
[2023-11-16T06:36:49.381+0000][3749.825s][info ][safepoint     ] Entering safepoint region: Cleanup
[2023-11-16T06:36:49.382+0000][3749.825s][info ][safepoint     ] Leaving safepoint region
[2023-11-16T06:36:49.382+0000][3749.825s][info ][safepoint     ] Total time for which application threads were stopped: 0.0003541 seconds, Stopping threads took: 0.0000679 seconds
[2023-11-16T06:36:50.382+0000][3750.825s][debug][safepoint     ] Safepoint synchronization initiated. (169 threads)
[2023-11-16T06:36:50.382+0000][3750.825s][info ][safepoint     ] Application time: 1.0001788 seconds
[2023-11-16T06:36:50.382+0000][3750.825s][info ][safepoint     ] Entering safepoint region: Cleanup
[2023-11-16T06:36:50.382+0000][3750.826s][info ][safepoint     ] Leaving safepoint region
[2023-11-16T06:36:50.382+0000][3750.826s][info ][safepoint     ] Total time for which application threads were stopped: 0.0003429 seconds, Stopping threads took: 0.0000526 seconds
[2023-11-16T06:36:51.382+0000][3751.826s][debug][safepoint     ] Safepoint synchronization initiated. (169 threads)
[2023-11-16T06:36:51.382+0000][3751.826s][info ][safepoint     ] Application time: 1.0001683 seconds
[2023-11-16T06:36:51.382+0000][3751.826s][info ][safepoint     ] Entering safepoint region: Cleanup
[2023-11-16T06:36:51.383+0000][3751.826s][info ][safepoint     ] Leaving safepoint region
[2023-11-16T06:36:51.383+0000][3751.826s][info ][safepoint     ] Total time for which application threads were stopped: 0.0003434 seconds, Stopping threads took: 0.0000520 seconds
[2023-11-16T06:36:52.383+0000][3752.826s][debug][safepoint     ] Safepoint synchronization initiated. (169 threads)
[2023-11-16T06:36:52.383+0000][3752.826s][info ][safepoint     ] Application time: 1.0001842 seconds
[2023-11-16T06:36:52.383+0000][3752.826s][info ][safepoint     ] Entering safepoint region: Cleanup
[2023-11-16T06:36:52.383+0000][3752.827s][info ][safepoint     ] Leaving safepoint region
[2023-11-16T06:36:52.383+0000][3752.827s][info ][safepoint     ] Total time for which application threads were stopped: 0.0003422 seconds, Stopping threads took: 0.0000523 seconds
[2023-11-16T06:36:53.384+0000][3753.827s][debug][safepoint     ] Safepoint synchronization initiated. (169 threads)
[2023-11-16T06:36:53.384+0000][3753.827s][info ][safepoint     ] Application time: 1.0001764 seconds
[2023-11-16T06:36:53.384+0000][3753.827s][info ][safepoint     ] Entering safepoint region: Cleanup
[2023-11-16T06:36:53.384+0000][3753.827s][info ][safepoint     ] Leaving safepoint region
[2023-11-16T06:36:53.384+0000][3753.827s][info ][safepoint     ] Total time for which application threads were stopped: 0.0003467 seconds, Stopping threads took: 0.0000525 seconds
[2023-11-16T06:36:54.384+0000][3754.827s][debug][safepoint     ] Safepoint synchronization initiated. (169 threads)
[2023-11-16T06:36:54.384+0000][3754.827s][info ][safepoint     ] Application time: 1.0001556 seconds
[2023-11-16T06:36:54.384+0000][3754.827s][info ][safepoint     ] Entering safepoint region: Cleanup
[2023-11-16T06:36:54.384+0000][3754.828s][info ][safepoint     ] Leaving safepoint region
[2023-11-16T06:36:54.384+0000][3754.828s][info ][safepoint     ] Total time for which application threads were stopped: 0.0003446 seconds, Stopping threads took: 0.0000522 seconds
[2023-11-16T06:36:55.385+0000][3755.828s][debug][safepoint     ] Safepoint synchronization initiated. (169 threads)
[2023-11-16T06:36:55.385+0000][3755.828s][info ][safepoint     ] Application time: 1.0001524 seconds
[2023-11-16T06:36:55.385+0000][3755.828s][info ][safepoint     ] Entering safepoint region: Cleanup
[2023-11-16T06:36:55.385+0000][3755.828s][info ][safepoint     ] Leaving safepoint region
[2023-11-16T06:36:55.385+0000][3755.828s][info ][safepoint     ] Total time for which application threads were stopped: 0.0003448 seconds, Stopping threads took: 0.0000526 seconds
[2023-11-16T06:36:56.385+0000][3756.828s][debug][safepoint     ] Safepoint synchronization initiated. (169 threads)
[2023-11-16T06:36:56.385+0000][3756.829s][info ][safepoint     ] Application time: 1.0001726 seconds
[2023-11-16T06:36:56.385+0000][3756.829s][info ][safepoint     ] Entering safepoint region: Cleanup
[2023-11-16T06:36:56.386+0000][3756.829s][info ][safepoint     ] Leaving safepoint region
[2023-11-16T06:36:56.386+0000][3756.829s][info ][safepoint     ] Total time for which application threads were stopped: 0.0003418 seconds, Stopping threads took: 0.0000524 seconds
[2023-11-16T06:36:57.386+0000][3757.829s][debug][safepoint     ] Safepoint synchronization initiated. (169 threads)
[2023-11-16T06:36:57.386+0000][3757.829s][info ][safepoint     ] Application time: 1.0001739 seconds
[2023-11-16T06:36:57.386+0000][3757.829s][info ][safepoint     ] Entering safepoint region: Cleanup
[2023-11-16T06:36:57.386+0000][3757.829s][info ][safepoint     ] Leaving safepoint region
[2023-11-16T06:36:57.386+0000][3757.829s][info ][safepoint     ] Total time for which application threads were stopped: 0.0003485 seconds, Stopping threads took: 0.0000518 seconds
[2023-11-16T06:36:58.386+0000][3758.830s][debug][safepoint     ] Safepoint synchronization initiated. (169 threads)
[2023-11-16T06:36:58.386+0000][3758.830s][info ][safepoint     ] Application time: 1.0001662 seconds
[2023-11-16T06:36:58.386+0000][3758.830s][info ][safepoint     ] Entering safepoint region: Cleanup
[2023-11-16T06:36:58.387+0000][3758.830s][info ][safepoint     ] Leaving safepoint region
[2023-11-16T06:36:58.387+0000][3758.830s][info ][safepoint     ] Total time for which application threads were stopped: 0.0004307 seconds, Stopping threads took: 0.0002136 seconds
[2023-11-16T06:36:59.387+0000][3759.830s][debug][safepoint     ] Safepoint synchronization initiated. (172 threads)
[2023-11-16T06:36:59.387+0000][3759.830s][info ][safepoint     ] Application time: 1.0001550 seconds
[2023-11-16T06:36:59.387+0000][3759.830s][info ][safepoint     ] Entering safepoint region: Cleanup
[2023-11-16T06:36:59.387+0000][3759.831s][info ][safepoint     ] Leaving safepoint region
[2023-11-16T06:36:59.387+0000][3759.831s][info ][safepoint     ] Total time for which application threads were stopped: 0.0002865 seconds, Stopping threads took: 0.0000509 seconds
[2023-11-16T06:37:00.387+0000][3760.831s][debug][safepoint     ] Safepoint synchronization initiated. (172 threads)
[2023-11-16T06:37:00.387+0000][3760.831s][info ][safepoint     ] Application time: 1.0001534 seconds
[2023-11-16T06:37:00.387+0000][3760.831s][info ][safepoint     ] Entering safepoint region: Cleanup
[2023-11-16T06:37:00.388+0000][3760.831s][info ][safepoint     ] Leaving safepoint region
[2023-11-16T06:37:00.388+0000][3760.831s][info ][safepoint     ] Total time for which application threads were stopped: 0.0003692 seconds, Stopping threads took: 0.0000767 seconds
[2023-11-16T06:37:01.388+0000][3761.831s][debug][safepoint     ] Safepoint synchronization initiated. (172 threads)
[2023-11-16T06:37:01.388+0000][3761.831s][info ][safepoint     ] Application time: 1.0001525 seconds
[2023-11-16T06:37:01.388+0000][3761.831s][info ][safepoint     ] Entering safepoint region: Cleanup
[2023-11-16T06:37:01.388+0000][3761.832s][info ][safepoint     ] Leaving safepoint region
[2023-11-16T06:37:01.388+0000][3761.832s][info ][safepoint     ] Total time for which application threads were stopped: 0.0003112 seconds, Stopping threads took: 0.0000506 seconds
[2023-11-16T06:37:02.388+0000][3762.832s][debug][safepoint     ] Safepoint synchronization initiated. (172 threads)
[2023-11-16T06:37:02.388+0000][3762.832s][info ][safepoint     ] Application time: 1.0001375 seconds
[2023-11-16T06:37:02.389+0000][3762.832s][info ][safepoint     ] Entering safepoint region: Cleanup
[2023-11-16T06:37:02.389+0000][3762.832s][info ][safepoint     ] Leaving safepoint region
[2023-11-16T06:37:02.389+0000][3762.832s][info ][safepoint     ] Total time for which application threads were stopped: 0.0002418 seconds, Stopping threads took: 0.0000502 seconds
[2023-11-16T06:37:03.389+0000][3763.832s][debug][safepoint     ] Safepoint synchronization initiated. (172 threads)
[2023-11-16T06:37:03.389+0000][3763.832s][info ][safepoint     ] Application time: 1.0001569 seconds
[2023-11-16T06:37:03.389+0000][3763.832s][info ][safepoint     ] Entering safepoint region: Cleanup
[2023-11-16T06:37:03.389+0000][3763.832s][info ][safepoint     ] Leaving safepoint region
[2023-11-16T06:37:03.389+0000][3763.832s][info ][safepoint     ] Total time for which application threads were stopped: 0.0002779 seconds, Stopping threads took: 0.0000590 seconds
[2023-11-16T06:37:04.389+0000][3764.833s][debug][safepoint     ] Safepoint synchronization initiated. (172 threads)
[2023-11-16T06:37:04.389+0000][3764.833s][info ][safepoint     ] Application time: 1.0001689 seconds
[2023-11-16T06:37:04.389+0000][3764.833s][info ][safepoint     ] Entering safepoint region: Cleanup
[2023-11-16T06:37:04.390+0000][3764.833s][info ][safepoint     ] Leaving safepoint region
[2023-11-16T06:37:04.390+0000][3764.833s][info ][safepoint     ] Total time for which application threads were stopped: 0.0003426 seconds, Stopping threads took: 0.0000507 seconds
[2023-11-16T06:37:05.390+0000][3765.833s][debug][safepoint     ] Safepoint synchronization initiated. (172 threads)
[2023-11-16T06:37:05.390+0000][3765.833s][info ][safepoint     ] Application time: 1.0001692 seconds
[2023-11-16T06:37:05.390+0000][3765.833s][info ][safepoint     ] Entering safepoint region: Cleanup
[2023-11-16T06:37:05.390+0000][3765.834s][info ][safepoint     ] Leaving safepoint region
[2023-11-16T06:37:05.390+0000][3765.834s][info ][safepoint     ] Total time for which application threads were stopped: 0.0003371 seconds, Stopping threads took: 0.0000505 seconds
[2023-11-16T06:37:06.390+0000][3766.834s][debug][safepoint     ] Safepoint synchronization initiated. (172 threads)
[2023-11-16T06:37:06.390+0000][3766.834s][info ][safepoint     ] Application time: 1.0001548 seconds
[2023-11-16T06:37:06.391+0000][3766.834s][info ][safepoint     ] Entering safepoint region: Cleanup
[2023-11-16T06:37:06.391+0000][3766.834s][info ][safepoint     ] Leaving safepoint region
[2023-11-16T06:37:06.391+0000][3766.834s][info ][safepoint     ] Total time for which application threads were stopped: 0.0002531 seconds, Stopping threads took: 0.0000512 seconds
[2023-11-16T06:37:07.391+0000][3767.834s][debug][safepoint     ] Safepoint synchronization initiated. (172 threads)
[2023-11-16T06:37:07.391+0000][3767.834s][info ][safepoint     ] Application time: 1.0001676 seconds
[2023-11-16T06:37:07.391+0000][3767.834s][info ][safepoint     ] Entering safepoint region: Cleanup
[2023-11-16T06:37:07.391+0000][3767.835s][info ][safepoint     ] Leaving safepoint region
[2023-11-16T06:37:07.391+0000][3767.835s][info ][safepoint     ] Total time for which application threads were stopped: 0.0003421 seconds, Stopping threads took: 0.0000498 seconds
[2023-11-16T06:37:08.391+0000][3768.835s][debug][safepoint     ] Safepoint synchronization initiated. (172 threads)
[2023-11-16T06:37:08.391+0000][3768.835s][info ][safepoint     ] Application time: 1.0001895 seconds
[2023-11-16T06:37:08.392+0000][3768.835s][info ][safepoint     ] Entering safepoint region: Cleanup
[2023-11-16T06:37:08.392+0000][3768.835s][info ][safepoint     ] Leaving safepoint region
[2023-11-16T06:37:08.392+0000][3768.835s][info ][safepoint     ] Total time for which application threads were stopped: 0.0003344 seconds, Stopping threads took: 0.0000506 seconds
[2023-11-16T06:37:09.392+0000][3769.835s][debug][safepoint     ] Safepoint synchronization initiated. (172 threads)
[2023-11-16T06:37:09.392+0000][3769.835s][info ][safepoint     ] Application time: 1.0001558 seconds
[2023-11-16T06:37:09.392+0000][3769.835s][info ][safepoint     ] Entering safepoint region: Cleanup
[2023-11-16T06:37:09.392+0000][3769.836s][info ][safepoint     ] Leaving safepoint region
[2023-11-16T06:37:09.392+0000][3769.836s][info ][safepoint     ] Total time for which application threads were stopped: 0.0002982 seconds, Stopping threads took: 0.0000498 seconds
[2023-11-16T06:37:10.392+0000][3770.836s][debug][safepoint     ] Safepoint synchronization initiated. (172 threads)
[2023-11-16T06:37:10.393+0000][3770.836s][info ][safepoint     ] Application time: 1.0001665 seconds
[2023-11-16T06:37:10.393+0000][3770.836s][info ][safepoint     ] Entering safepoint region: Cleanup
[2023-11-16T06:37:10.393+0000][3770.836s][info ][safepoint     ] Leaving safepoint region
[2023-11-16T06:37:10.393+0000][3770.836s][info ][safepoint     ] Total time for which application threads were stopped: 0.0003261 seconds, Stopping threads took: 0.0000514 seconds
[2023-11-16T06:37:11.393+0000][3771.836s][debug][safepoint     ] Safepoint synchronization initiated. (172 threads)
[2023-11-16T06:37:11.393+0000][3771.836s][info ][safepoint     ] Application time: 1.0001626 seconds
[2023-11-16T06:37:11.393+0000][3771.836s][info ][safepoint     ] Entering safepoint region: Cleanup
[2023-11-16T06:37:11.393+0000][3771.837s][info ][safepoint     ] Leaving safepoint region
[2023-11-16T06:37:11.393+0000][3771.837s][info ][safepoint     ] Total time for which application threads were stopped: 0.0002553 seconds, Stopping threads took: 0.0000501 seconds
[2023-11-16T06:37:12.393+0000][3772.837s][debug][safepoint     ] Safepoint synchronization initiated. (172 threads)
[2023-11-16T06:37:12.393+0000][3772.837s][info ][safepoint     ] Application time: 1.0001612 seconds
[2023-11-16T06:37:12.394+0000][3772.837s][info ][safepoint     ] Entering safepoint region: Cleanup
[2023-11-16T06:37:12.394+0000][3772.837s][info ][safepoint     ] Leaving safepoint region
[2023-11-16T06:37:12.394+0000][3772.837s][info ][safepoint     ] Total time for which application threads were stopped: 0.0002621 seconds, Stopping threads took: 0.0000515 seconds
[2023-11-16T06:37:13.394+0000][3773.837s][debug][safepoint     ] Safepoint synchronization initiated. (172 threads)
[2023-11-16T06:37:13.394+0000][3773.837s][info ][safepoint     ] Application time: 1.0001592 seconds
[2023-11-16T06:37:13.394+0000][3773.837s][info ][safepoint     ] Entering safepoint region: Cleanup
[2023-11-16T06:37:13.395+0000][3773.838s][info ][safepoint     ] Leaving safepoint region
[2023-11-16T06:37:13.395+0000][3773.838s][info ][safepoint     ] Total time for which application threads were stopped: 0.0007253 seconds, Stopping threads took: 0.0003826 seconds
[2023-11-16T06:37:14.395+0000][3774.838s][debug][safepoint     ] Safepoint synchronization initiated. (172 threads)
[2023-11-16T06:37:14.395+0000][3774.838s][info ][safepoint     ] Application time: 1.0001674 seconds
[2023-11-16T06:37:14.395+0000][3774.838s][info ][safepoint     ] Entering safepoint region: Cleanup
[2023-11-16T06:37:14.395+0000][3774.839s][info ][safepoint     ] Leaving safepoint region
[2023-11-16T06:37:14.395+0000][3774.839s][info ][safepoint     ] Total time for which application threads were stopped: 0.0003418 seconds, Stopping threads took: 0.0000512 seconds
[2023-11-16T06:37:15.395+0000][3775.839s][debug][safepoint     ] Safepoint synchronization initiated. (172 threads)
[2023-11-16T06:37:15.395+0000][3775.839s][info ][safepoint     ] Application time: 1.0001644 seconds
[2023-11-16T06:37:15.396+0000][3775.839s][info ][safepoint     ] Entering safepoint region: Cleanup
[2023-11-16T06:37:15.396+0000][3775.839s][info ][safepoint     ] Leaving safepoint region
[2023-11-16T06:37:15.396+0000][3775.839s][info ][safepoint     ] Total time for which application threads were stopped: 0.0003262 seconds, Stopping threads took: 0.0000533 seconds
[2023-11-16T06:37:16.396+0000][3776.839s][debug][safepoint     ] Safepoint synchronization initiated. (172 threads)
[2023-11-16T06:37:16.396+0000][3776.839s][info ][safepoint     ] Application time: 1.0001786 seconds
[2023-11-16T06:37:16.396+0000][3776.839s][info ][safepoint     ] Entering safepoint region: Cleanup
[2023-11-16T06:37:16.396+0000][3776.840s][info ][safepoint     ] Leaving safepoint region
[2023-11-16T06:37:16.396+0000][3776.840s][info ][safepoint     ] Total time for which application threads were stopped: 0.0003357 seconds, Stopping threads took: 0.0000508 seconds
[2023-11-16T06:37:17.396+0000][3777.840s][debug][safepoint     ] Safepoint synchronization initiated. (172 threads)
[2023-11-16T06:37:17.397+0000][3777.840s][info ][safepoint     ] Application time: 1.0001708 seconds
[2023-11-16T06:37:17.397+0000][3777.840s][info ][safepoint     ] Entering safepoint region: Cleanup
[2023-11-16T06:37:17.397+0000][3777.840s][info ][safepoint     ] Leaving safepoint region
[2023-11-16T06:37:17.397+0000][3777.840s][info ][safepoint     ] Total time for which application threads were stopped: 0.0003334 seconds, Stopping threads took: 0.0000508 seconds
[2023-11-16T06:37:18.397+0000][3778.840s][debug][safepoint     ] Safepoint synchronization initiated. (172 threads)
[2023-11-16T06:37:18.397+0000][3778.840s][info ][safepoint     ] Application time: 1.0001558 seconds
[2023-11-16T06:37:18.397+0000][3778.840s][info ][safepoint     ] Entering safepoint region: Cleanup
[2023-11-16T06:37:18.398+0000][3778.841s][info ][safepoint     ] Leaving safepoint region
[2023-11-16T06:37:18.398+0000][3778.841s][info ][safepoint     ] Total time for which application threads were stopped: 0.0006346 seconds, Stopping threads took: 0.0003367 seconds
[2023-11-16T06:37:19.398+0000][3779.841s][debug][safepoint     ] Safepoint synchronization initiated. (172 threads)
[2023-11-16T06:37:19.398+0000][3779.841s][info ][safepoint     ] Application time: 1.0001593 seconds
[2023-11-16T06:37:19.398+0000][3779.841s][info ][safepoint     ] Entering safepoint region: Cleanup
[2023-11-16T06:37:19.398+0000][3779.841s][info ][safepoint     ] Leaving safepoint region
[2023-11-16T06:37:19.398+0000][3779.841s][info ][safepoint     ] Total time for which application threads were stopped: 0.0002448 seconds, Stopping threads took: 0.0000510 seconds
[2023-11-16T06:37:20.398+0000][3780.842s][debug][safepoint     ] Safepoint synchronization initiated. (172 threads)
[2023-11-16T06:37:20.398+0000][3780.842s][info ][safepoint     ] Application time: 1.0001528 seconds
[2023-11-16T06:37:20.398+0000][3780.842s][info ][safepoint     ] Entering safepoint region: Cleanup
[2023-11-16T06:37:20.399+0000][3780.842s][info ][safepoint     ] Leaving safepoint region
[2023-11-16T06:37:20.399+0000][3780.842s][info ][safepoint     ] Total time for which application threads were stopped: 0.0002528 seconds, Stopping threads took: 0.0000503 seconds
[2023-11-16T06:37:21.399+0000][3781.842s][debug][safepoint     ] Safepoint synchronization initiated. (172 threads)
[2023-11-16T06:37:21.399+0000][3781.842s][info ][safepoint     ] Application time: 1.0001561 seconds
[2023-11-16T06:37:21.399+0000][3781.842s][info ][safepoint     ] Entering safepoint region: Cleanup
[2023-11-16T06:37:21.399+0000][3781.842s][info ][safepoint     ] Leaving safepoint region
[2023-11-16T06:37:21.399+0000][3781.842s][info ][safepoint     ] Total time for which application threads were stopped: 0.0003404 seconds, Stopping threads took: 0.0000500 seconds
[2023-11-16T06:37:22.399+0000][3782.843s][debug][safepoint     ] Safepoint synchronization initiated. (172 threads)
[2023-11-16T06:37:22.399+0000][3782.843s][info ][safepoint     ] Application time: 1.0001256 seconds
[2023-11-16T06:37:22.399+0000][3782.843s][info ][safepoint     ] Entering safepoint region: Cleanup
[2023-11-16T06:37:22.400+0000][3782.843s][info ][safepoint     ] Leaving safepoint region
[2023-11-16T06:37:22.400+0000][3782.843s][info ][safepoint     ] Total time for which application threads were stopped: 0.0003132 seconds, Stopping threads took: 0.0000504 seconds
[2023-11-16T06:37:23.400+0000][3783.843s][debug][safepoint     ] Safepoint synchronization initiated. (172 threads)
[2023-11-16T06:37:23.400+0000][3783.843s][info ][safepoint     ] Application time: 1.0001511 seconds
[2023-11-16T06:37:23.400+0000][3783.843s][info ][safepoint     ] Entering safepoint region: Cleanup
[2023-11-16T06:37:23.400+0000][3783.844s][info ][safepoint     ] Leaving safepoint region
[2023-11-16T06:37:23.400+0000][3783.844s][info ][safepoint     ] Total time for which application threads were stopped: 0.0004695 seconds, Stopping threads took: 0.0002754 seconds
[2023-11-16T06:37:24.400+0000][3784.844s][debug][safepoint     ] Safepoint synchronization initiated. (172 threads)
[2023-11-16T06:37:24.400+0000][3784.844s][info ][safepoint     ] Application time: 1.0001536 seconds
[2023-11-16T06:37:24.401+0000][3784.844s][info ][safepoint     ] Entering safepoint region: Cleanup
[2023-11-16T06:37:24.401+0000][3784.844s][info ][safepoint     ] Leaving safepoint region
[2023-11-16T06:37:24.401+0000][3784.844s][info ][safepoint     ] Total time for which application threads were stopped: 0.0002720 seconds, Stopping threads took: 0.0000508 seconds
[2023-11-16T06:37:25.401+0000][3785.844s][debug][safepoint     ] Safepoint synchronization initiated. (172 threads)
[2023-11-16T06:37:25.401+0000][3785.844s][info ][safepoint     ] Application time: 1.0001720 seconds
[2023-11-16T06:37:25.401+0000][3785.844s][info ][safepoint     ] Entering safepoint region: Cleanup
[2023-11-16T06:37:25.401+0000][3785.844s][info ][safepoint     ] Leaving safepoint region
[2023-11-16T06:37:25.401+0000][3785.845s][info ][safepoint     ] Total time for which application threads were stopped: 0.0002537 seconds, Stopping threads took: 0.0000509 seconds
[2023-11-16T06:37:26.401+0000][3786.845s][debug][safepoint     ] Safepoint synchronization initiated. (172 threads)
[2023-11-16T06:37:26.401+0000][3786.845s][info ][safepoint     ] Application time: 1.0001686 seconds
[2023-11-16T06:37:26.401+0000][3786.845s][info ][safepoint     ] Entering safepoint region: Cleanup
[2023-11-16T06:37:26.402+0000][3786.845s][info ][safepoint     ] Leaving safepoint region
[2023-11-16T06:37:26.402+0000][3786.845s][info ][safepoint     ] Total time for which application threads were stopped: 0.0003162 seconds, Stopping threads took: 0.0000504 seconds
[2023-11-16T06:37:27.402+0000][3787.845s][debug][safepoint     ] Safepoint synchronization initiated. (172 threads)
[2023-11-16T06:37:27.402+0000][3787.845s][info ][safepoint     ] Application time: 1.0001461 seconds
[2023-11-16T06:37:27.402+0000][3787.845s][info ][safepoint     ] Entering safepoint region: Cleanup
[2023-11-16T06:37:27.402+0000][3787.845s][info ][safepoint     ] Leaving safepoint region
[2023-11-16T06:37:27.402+0000][3787.845s][info ][safepoint     ] Total time for which application threads were stopped: 0.0002471 seconds, Stopping threads took: 0.0000501 seconds
[2023-11-16T06:37:28.402+0000][3788.846s][debug][safepoint     ] Safepoint synchronization initiated. (172 threads)
[2023-11-16T06:37:28.402+0000][3788.846s][info ][safepoint     ] Application time: 1.0001684 seconds
[2023-11-16T06:37:28.402+0000][3788.846s][info ][safepoint     ] Entering safepoint region: Cleanup
[2023-11-16T06:37:28.403+0000][3788.846s][info ][safepoint     ] Leaving safepoint region
[2023-11-16T06:37:28.403+0000][3788.846s][info ][safepoint     ] Total time for which application threads were stopped: 0.0005197 seconds, Stopping threads took: 0.0001823 seconds
[2023-11-16T06:37:29.403+0000][3789.846s][debug][safepoint     ] Safepoint synchronization initiated. (172 threads)
[2023-11-16T06:37:29.403+0000][3789.846s][info ][safepoint     ] Application time: 1.0001595 seconds
[2023-11-16T06:37:29.403+0000][3789.846s][info ][safepoint     ] Entering safepoint region: Cleanup
[2023-11-16T06:37:29.403+0000][3789.847s][info ][safepoint     ] Leaving safepoint region
[2023-11-16T06:37:29.403+0000][3789.847s][info ][safepoint     ] Total time for which application threads were stopped: 0.0003057 seconds, Stopping threads took: 0.0000511 seconds
[2023-11-16T06:37:30.404+0000][3790.847s][debug][safepoint     ] Safepoint synchronization initiated. (172 threads)
[2023-11-16T06:37:30.404+0000][3790.847s][info ][safepoint     ] Application time: 1.0001807 seconds
[2023-11-16T06:37:30.404+0000][3790.847s][info ][safepoint     ] Entering safepoint region: Cleanup
[2023-11-16T06:37:30.404+0000][3790.847s][info ][safepoint     ] Leaving safepoint region
[2023-11-16T06:37:30.404+0000][3790.847s][info ][safepoint     ] Total time for which application threads were stopped: 0.0003913 seconds, Stopping threads took: 0.0000504 seconds
[2023-11-16T06:37:31.404+0000][3791.847s][debug][safepoint     ] Safepoint synchronization initiated. (172 threads)
[2023-11-16T06:37:31.404+0000][3791.848s][info ][safepoint     ] Application time: 1.0001710 seconds
[2023-11-16T06:37:31.404+0000][3791.848s][info ][safepoint     ] Entering safepoint region: Cleanup
[2023-11-16T06:37:31.405+0000][3791.848s][info ][safepoint     ] Leaving safepoint region
[2023-11-16T06:37:31.405+0000][3791.848s][info ][safepoint     ] Total time for which application threads were stopped: 0.0003864 seconds, Stopping threads took: 0.0000517 seconds
[2023-11-16T06:37:32.405+0000][3792.848s][debug][safepoint     ] Safepoint synchronization initiated. (172 threads)
[2023-11-16T06:37:32.405+0000][3792.848s][info ][safepoint     ] Application time: 1.0001711 seconds
[2023-11-16T06:37:32.405+0000][3792.848s][info ][safepoint     ] Entering safepoint region: Cleanup
[2023-11-16T06:37:32.405+0000][3792.848s][info ][safepoint     ] Leaving safepoint region
[2023-11-16T06:37:32.405+0000][3792.848s][info ][safepoint     ] Total time for which application threads were stopped: 0.0003391 seconds, Stopping threads took: 0.0000498 seconds
[2023-11-16T06:37:33.405+0000][3793.849s][debug][safepoint     ] Safepoint synchronization initiated. (172 threads)
[2023-11-16T06:37:33.405+0000][3793.849s][info ][safepoint     ] Application time: 1.0001579 seconds
[2023-11-16T06:37:33.405+0000][3793.849s][info ][safepoint     ] Entering safepoint region: Cleanup
[2023-11-16T06:37:33.406+0000][3793.849s][info ][safepoint     ] Leaving safepoint region
[2023-11-16T06:37:33.406+0000][3793.849s][info ][safepoint     ] Total time for which application threads were stopped: 0.0005704 seconds, Stopping threads took: 0.0003342 seconds
[2023-11-16T06:37:34.406+0000][3794.849s][debug][safepoint     ] Safepoint synchronization initiated. (172 threads)
[2023-11-16T06:37:34.406+0000][3794.849s][info ][safepoint     ] Application time: 1.0001562 seconds
[2023-11-16T06:37:34.406+0000][3794.849s][info ][safepoint     ] Entering safepoint region: Cleanup
[2023-11-16T06:37:34.406+0000][3794.850s][info ][safepoint     ] Leaving safepoint region
[2023-11-16T06:37:34.406+0000][3794.850s][info ][safepoint     ] Total time for which application threads were stopped: 0.0003454 seconds, Stopping threads took: 0.0000514 seconds
[2023-11-16T06:37:35.407+0000][3795.850s][debug][safepoint     ] Safepoint synchronization initiated. (172 threads)
[2023-11-16T06:37:35.407+0000][3795.850s][info ][safepoint     ] Application time: 1.0001742 seconds
[2023-11-16T06:37:35.407+0000][3795.850s][info ][safepoint     ] Entering safepoint region: Cleanup
[2023-11-16T06:37:35.407+0000][3795.850s][info ][safepoint     ] Leaving safepoint region
[2023-11-16T06:37:35.407+0000][3795.850s][info ][safepoint     ] Total time for which application threads were stopped: 0.0003374 seconds, Stopping threads took: 0.0000508 seconds
[2023-11-16T06:37:36.407+0000][3796.850s][debug][safepoint     ] Safepoint synchronization initiated. (172 threads)
[2023-11-16T06:37:36.407+0000][3796.850s][info ][safepoint     ] Application time: 1.0001535 seconds
[2023-11-16T06:37:36.407+0000][3796.851s][info ][safepoint     ] Entering safepoint region: Cleanup
[2023-11-16T06:37:36.407+0000][3796.851s][info ][safepoint     ] Leaving safepoint region
[2023-11-16T06:37:36.407+0000][3796.851s][info ][safepoint     ] Total time for which application threads were stopped: 0.0002618 seconds, Stopping threads took: 0.0000518 seconds
[2023-11-16T06:37:37.408+0000][3797.851s][debug][safepoint     ] Safepoint synchronization initiated. (172 threads)
[2023-11-16T06:37:37.408+0000][3797.851s][info ][safepoint     ] Application time: 1.0001807 seconds
[2023-11-16T06:37:37.408+0000][3797.851s][info ][safepoint     ] Entering safepoint region: Cleanup
[2023-11-16T06:37:37.408+0000][3797.851s][info ][safepoint     ] Leaving safepoint region
[2023-11-16T06:37:37.408+0000][3797.851s][info ][safepoint     ] Total time for which application threads were stopped: 0.0003534 seconds, Stopping threads took: 0.0000514 seconds
[2023-11-16T06:37:38.408+0000][3798.851s][debug][safepoint     ] Safepoint synchronization initiated. (172 threads)
[2023-11-16T06:37:38.408+0000][3798.852s][info ][safepoint     ] Application time: 1.0001713 seconds
[2023-11-16T06:37:38.408+0000][3798.852s][info ][safepoint     ] Entering safepoint region: Cleanup
[2023-11-16T06:37:38.409+0000][3798.852s][info ][safepoint     ] Leaving safepoint region
[2023-11-16T06:37:38.409+0000][3798.852s][info ][safepoint     ] Total time for which application threads were stopped: 0.0005040 seconds, Stopping threads took: 0.0002104 seconds
[2023-11-16T06:37:39.409+0000][3799.852s][debug][safepoint     ] Safepoint synchronization initiated. (172 threads)
[2023-11-16T06:37:39.409+0000][3799.852s][info ][safepoint     ] Application time: 1.0001547 seconds
[2023-11-16T06:37:39.409+0000][3799.852s][info ][safepoint     ] Entering safepoint region: Cleanup
[2023-11-16T06:37:39.409+0000][3799.853s][info ][safepoint     ] Leaving safepoint region
[2023-11-16T06:37:39.409+0000][3799.853s][info ][safepoint     ] Total time for which application threads were stopped: 0.0003502 seconds, Stopping threads took: 0.0000516 seconds
[2023-11-16T06:37:40.409+0000][3800.853s][debug][safepoint     ] Safepoint synchronization initiated. (172 threads)
[2023-11-16T06:37:40.409+0000][3800.853s][info ][safepoint     ] Application time: 1.0001559 seconds
[2023-11-16T06:37:40.410+0000][3800.853s][info ][safepoint     ] Entering safepoint region: Cleanup
[2023-11-16T06:37:40.410+0000][3800.853s][info ][safepoint     ] Leaving safepoint region
[2023-11-16T06:37:40.410+0000][3800.853s][info ][safepoint     ] Total time for which application threads were stopped: 0.0003747 seconds, Stopping threads took: 0.0000519 seconds
[2023-11-16T06:37:41.410+0000][3801.853s][debug][safepoint     ] Safepoint synchronization initiated. (172 threads)
[2023-11-16T06:37:41.410+0000][3801.853s][info ][safepoint     ] Application time: 1.0001570 seconds
[2023-11-16T06:37:41.410+0000][3801.853s][info ][safepoint     ] Entering safepoint region: Cleanup
[2023-11-16T06:37:41.410+0000][3801.854s][info ][safepoint     ] Leaving safepoint region
[2023-11-16T06:37:41.410+0000][3801.854s][info ][safepoint     ] Total time for which application threads were stopped: 0.0002784 seconds, Stopping threads took: 0.0000546 seconds
[2023-11-16T06:37:42.410+0000][3802.854s][debug][safepoint     ] Safepoint synchronization initiated. (172 threads)
[2023-11-16T06:37:42.411+0000][3802.854s][info ][safepoint     ] Application time: 1.0001763 seconds
[2023-11-16T06:37:42.411+0000][3802.854s][info ][safepoint     ] Entering safepoint region: Cleanup
[2023-11-16T06:37:42.411+0000][3802.854s][info ][safepoint     ] Leaving safepoint region
[2023-11-16T06:37:42.411+0000][3802.854s][info ][safepoint     ] Total time for which application threads were stopped: 0.0003767 seconds, Stopping threads took: 0.0000495 seconds
[2023-11-16T06:37:43.411+0000][3803.854s][debug][safepoint     ] Safepoint synchronization initiated. (172 threads)
[2023-11-16T06:37:43.411+0000][3803.854s][info ][safepoint     ] Application time: 1.0001767 seconds
[2023-11-16T06:37:43.411+0000][3803.854s][info ][safepoint     ] Entering safepoint region: Cleanup
[2023-11-16T06:37:43.412+0000][3803.855s][info ][safepoint     ] Leaving safepoint region
[2023-11-16T06:37:43.412+0000][3803.855s][info ][safepoint     ] Total time for which application threads were stopped: 0.0004902 seconds, Stopping threads took: 0.0002608 seconds
[2023-11-16T06:37:44.412+0000][3804.855s][debug][safepoint     ] Safepoint synchronization initiated. (172 threads)
[2023-11-16T06:37:44.412+0000][3804.855s][info ][safepoint     ] Application time: 1.0001455 seconds
[2023-11-16T06:37:44.412+0000][3804.855s][info ][safepoint     ] Entering safepoint region: Cleanup
[2023-11-16T06:37:44.412+0000][3804.855s][info ][safepoint     ] Leaving safepoint region
[2023-11-16T06:37:44.412+0000][3804.855s][info ][safepoint     ] Total time for which application threads were stopped: 0.0002583 seconds, Stopping threads took: 0.0000513 seconds
[2023-11-16T06:37:45.412+0000][3805.855s][debug][safepoint     ] Safepoint synchronization initiated. (172 threads)
[2023-11-16T06:37:45.412+0000][3805.856s][info ][safepoint     ] Application time: 1.0001563 seconds
[2023-11-16T06:37:45.412+0000][3805.856s][info ][safepoint     ] Entering safepoint region: Cleanup
[2023-11-16T06:37:45.413+0000][3805.856s][info ][safepoint     ] Leaving safepoint region
[2023-11-16T06:37:45.413+0000][3805.856s][info ][safepoint     ] Total time for which application threads were stopped: 0.0003495 seconds, Stopping threads took: 0.0000519 seconds
[2023-11-16T06:37:46.413+0000][3806.856s][debug][safepoint     ] Safepoint synchronization initiated. (172 threads)
[2023-11-16T06:37:46.413+0000][3806.856s][info ][safepoint     ] Application time: 1.0001627 seconds
[2023-11-16T06:37:46.413+0000][3806.856s][info ][safepoint     ] Entering safepoint region: Cleanup
[2023-11-16T06:37:46.413+0000][3806.856s][info ][safepoint     ] Leaving safepoint region
[2023-11-16T06:37:46.413+0000][3806.856s][info ][safepoint     ] Total time for which application threads were stopped: 0.0003420 seconds, Stopping threads took: 0.0000505 seconds
[2023-11-16T06:37:47.413+0000][3807.857s][debug][safepoint     ] Safepoint synchronization initiated. (172 threads)
[2023-11-16T06:37:47.413+0000][3807.857s][info ][safepoint     ] Application time: 1.0001415 seconds
[2023-11-16T06:37:47.413+0000][3807.857s][info ][safepoint     ] Entering safepoint region: Cleanup
[2023-11-16T06:37:47.414+0000][3807.857s][info ][safepoint     ] Leaving safepoint region
[2023-11-16T06:37:47.414+0000][3807.857s][info ][safepoint     ] Total time for which application threads were stopped: 0.0003642 seconds, Stopping threads took: 0.0000512 seconds
[2023-11-16T06:37:48.414+0000][3808.857s][debug][safepoint     ] Safepoint synchronization initiated. (172 threads)
[2023-11-16T06:37:48.414+0000][3808.857s][info ][safepoint     ] Application time: 1.0002150 seconds
[2023-11-16T06:37:48.414+0000][3808.857s][debug][safepoint     ] Waiting for 1 thread(s) to block
[2023-11-16T06:37:48.414+0000][3808.857s][info ][safepoint     ] Entering safepoint region: Cleanup
[2023-11-16T06:37:48.414+0000][3808.858s][info ][safepoint     ] Leaving safepoint region
[2023-11-16T06:37:48.414+0000][3808.858s][info ][safepoint     ] Total time for which application threads were stopped: 0.0004343 seconds, Stopping threads took: 0.0001590 seconds
[2023-11-16T06:37:49.414+0000][3809.858s][debug][safepoint     ] Safepoint synchronization initiated. (172 threads)
[2023-11-16T06:37:49.415+0000][3809.858s][info ][safepoint     ] Application time: 1.0001866 seconds
[2023-11-16T06:37:49.415+0000][3809.858s][info ][safepoint     ] Entering safepoint region: Cleanup
[2023-11-16T06:37:49.415+0000][3809.858s][info ][safepoint     ] Leaving safepoint region
[2023-11-16T06:37:49.415+0000][3809.858s][info ][safepoint     ] Total time for which application threads were stopped: 0.0003430 seconds, Stopping threads took: 0.0000517 seconds
[2023-11-16T06:37:50.415+0000][3810.858s][debug][safepoint     ] Safepoint synchronization initiated. (172 threads)
[2023-11-16T06:37:50.415+0000][3810.858s][info ][safepoint     ] Application time: 1.0001754 seconds
[2023-11-16T06:37:50.415+0000][3810.858s][info ][safepoint     ] Entering safepoint region: Cleanup
[2023-11-16T06:37:50.415+0000][3810.859s][info ][safepoint     ] Leaving safepoint region
[2023-11-16T06:37:50.415+0000][3810.859s][info ][safepoint     ] Total time for which application threads were stopped: 0.0002509 seconds, Stopping threads took: 0.0000529 seconds
[2023-11-16T06:37:51.416+0000][3811.859s][debug][safepoint     ] Safepoint synchronization initiated. (172 threads)
[2023-11-16T06:37:51.416+0000][3811.859s][info ][safepoint     ] Application time: 1.0001768 seconds
[2023-11-16T06:37:51.416+0000][3811.859s][info ][safepoint     ] Entering safepoint region: Cleanup
[2023-11-16T06:37:51.416+0000][3811.859s][info ][safepoint     ] Leaving safepoint region
[2023-11-16T06:37:51.416+0000][3811.859s][info ][safepoint     ] Total time for which application threads were stopped: 0.0002584 seconds, Stopping threads took: 0.0000530 seconds
[2023-11-16T06:37:52.416+0000][3812.859s][debug][safepoint     ] Safepoint synchronization initiated. (172 threads)
[2023-11-16T06:37:52.416+0000][3812.859s][info ][safepoint     ] Application time: 1.0001758 seconds
[2023-11-16T06:37:52.416+0000][3812.859s][info ][safepoint     ] Entering safepoint region: Cleanup
[2023-11-16T06:37:52.416+0000][3812.860s][info ][safepoint     ] Leaving safepoint region
[2023-11-16T06:37:52.416+0000][3812.860s][info ][safepoint     ] Total time for which application threads were stopped: 0.0003432 seconds, Stopping threads took: 0.0000519 seconds
[2023-11-16T06:37:53.417+0000][3813.860s][debug][safepoint     ] Safepoint synchronization initiated. (172 threads)
[2023-11-16T06:37:53.417+0000][3813.860s][info ][safepoint     ] Application time: 1.0001841 seconds
[2023-11-16T06:37:53.417+0000][3813.860s][info ][safepoint     ] Entering safepoint region: Cleanup
[2023-11-16T06:37:53.417+0000][3813.860s][info ][safepoint     ] Leaving safepoint region
[2023-11-16T06:37:53.417+0000][3813.861s][info ][safepoint     ] Total time for which application threads were stopped: 0.0005704 seconds, Stopping threads took: 0.0002342 seconds
[2023-11-16T06:37:54.417+0000][3814.861s][debug][safepoint     ] Safepoint synchronization initiated. (172 threads)
[2023-11-16T06:37:54.417+0000][3814.861s][info ][safepoint     ] Application time: 1.0001894 seconds
[2023-11-16T06:37:54.417+0000][3814.861s][info ][safepoint     ] Entering safepoint region: Cleanup
[2023-11-16T06:37:54.418+0000][3814.861s][info ][safepoint     ] Leaving safepoint region
[2023-11-16T06:37:54.418+0000][3814.861s][info ][safepoint     ] Total time for which application threads were stopped: 0.0003480 seconds, Stopping threads took: 0.0000776 seconds
[2023-11-16T06:37:55.418+0000][3815.861s][debug][safepoint     ] Safepoint synchronization initiated. (172 threads)
[2023-11-16T06:37:55.418+0000][3815.861s][info ][safepoint     ] Application time: 1.0001522 seconds
[2023-11-16T06:37:55.418+0000][3815.861s][info ][safepoint     ] Entering safepoint region: Cleanup
[2023-11-16T06:37:55.418+0000][3815.862s][info ][safepoint     ] Leaving safepoint region
[2023-11-16T06:37:55.418+0000][3815.862s][info ][safepoint     ] Total time for which application threads were stopped: 0.0003382 seconds, Stopping threads took: 0.0000506 seconds
[2023-11-16T06:37:56.418+0000][3816.862s][debug][safepoint     ] Safepoint synchronization initiated. (172 threads)
[2023-11-16T06:37:56.418+0000][3816.862s][info ][safepoint     ] Application time: 1.0001622 seconds
[2023-11-16T06:37:56.419+0000][3816.862s][info ][safepoint     ] Entering safepoint region: Cleanup
[2023-11-16T06:37:56.419+0000][3816.862s][info ][safepoint     ] Leaving safepoint region
[2023-11-16T06:37:56.419+0000][3816.862s][info ][safepoint     ] Total time for which application threads were stopped: 0.0002702 seconds, Stopping threads took: 0.0000510 seconds
[2023-11-16T06:37:57.419+0000][3817.862s][debug][safepoint     ] Safepoint synchronization initiated. (172 threads)
[2023-11-16T06:37:57.419+0000][3817.862s][info ][safepoint     ] Application time: 1.0001539 seconds
[2023-11-16T06:37:57.419+0000][3817.862s][info ][safepoint     ] Entering safepoint region: Cleanup
[2023-11-16T06:37:57.419+0000][3817.863s][info ][safepoint     ] Leaving safepoint region
[2023-11-16T06:37:57.419+0000][3817.863s][info ][safepoint     ] Total time for which application threads were stopped: 0.0003386 seconds, Stopping threads took: 0.0000500 seconds
[2023-11-16T06:37:58.419+0000][3818.863s][debug][safepoint     ] Safepoint synchronization initiated. (172 threads)
[2023-11-16T06:37:58.419+0000][3818.863s][info ][safepoint     ] Application time: 1.0001649 seconds
[2023-11-16T06:37:58.420+0000][3818.863s][info ][safepoint     ] Entering safepoint region: Cleanup
[2023-11-16T06:37:58.420+0000][3818.863s][info ][safepoint     ] Leaving safepoint region
[2023-11-16T06:37:58.420+0000][3818.863s][info ][safepoint     ] Total time for which application threads were stopped: 0.0005894 seconds, Stopping threads took: 0.0003109 seconds
[2023-11-16T06:37:59.420+0000][3819.864s][debug][safepoint     ] Safepoint synchronization initiated. (172 threads)
[2023-11-16T06:37:59.420+0000][3819.864s][info ][safepoint     ] Application time: 1.0001526 seconds
[2023-11-16T06:37:59.420+0000][3819.864s][info ][safepoint     ] Entering safepoint region: Cleanup
[2023-11-16T06:37:59.421+0000][3819.864s][info ][safepoint     ] Leaving safepoint region
[2023-11-16T06:37:59.421+0000][3819.864s][info ][safepoint     ] Total time for which application threads were stopped: 0.0003369 seconds, Stopping threads took: 0.0000507 seconds
[2023-11-16T06:38:00.421+0000][3820.864s][debug][safepoint     ] Safepoint synchronization initiated. (172 threads)
[2023-11-16T06:38:00.421+0000][3820.864s][info ][safepoint     ] Application time: 1.0001598 seconds
[2023-11-16T06:38:00.421+0000][3820.864s][info ][safepoint     ] Entering safepoint region: Cleanup
[2023-11-16T06:38:00.421+0000][3820.864s][info ][safepoint     ] Leaving safepoint region
[2023-11-16T06:38:00.421+0000][3820.864s][info ][safepoint     ] Total time for which application threads were stopped: 0.0003359 seconds, Stopping threads took: 0.0000506 seconds
[2023-11-16T06:38:01.421+0000][3821.865s][debug][safepoint     ] Safepoint synchronization initiated. (172 threads)
[2023-11-16T06:38:01.421+0000][3821.865s][info ][safepoint     ] Application time: 1.0001558 seconds
[2023-11-16T06:38:01.421+0000][3821.865s][info ][safepoint     ] Entering safepoint region: Cleanup
[2023-11-16T06:38:01.422+0000][3821.865s][info ][safepoint     ] Leaving safepoint region
[2023-11-16T06:38:01.422+0000][3821.865s][info ][safepoint     ] Total time for which application threads were stopped: 0.0003645 seconds, Stopping threads took: 0.0000752 seconds
[2023-11-16T06:38:02.422+0000][3822.865s][debug][safepoint     ] Safepoint synchronization initiated. (172 threads)
[2023-11-16T06:38:02.422+0000][3822.865s][info ][safepoint     ] Application time: 1.0001168 seconds
[2023-11-16T06:38:02.422+0000][3822.865s][info ][safepoint     ] Entering safepoint region: Cleanup
[2023-11-16T06:38:02.422+0000][3822.865s][info ][safepoint     ] Leaving safepoint region
[2023-11-16T06:38:02.422+0000][3822.865s][info ][safepoint     ] Total time for which application threads were stopped: 0.0002463 seconds, Stopping threads took: 0.0000497 seconds
[2023-11-16T06:38:03.422+0000][3823.866s][debug][safepoint     ] Safepoint synchronization initiated. (172 threads)
[2023-11-16T06:38:03.422+0000][3823.866s][info ][safepoint     ] Application time: 1.0001719 seconds
[2023-11-16T06:38:03.422+0000][3823.866s][info ][safepoint     ] Entering safepoint region: Cleanup
[2023-11-16T06:38:03.423+0000][3823.866s][info ][safepoint     ] Leaving safepoint region
[2023-11-16T06:38:03.423+0000][3823.866s][info ][safepoint     ] Total time for which application threads were stopped: 0.0005229 seconds, Stopping threads took: 0.0002761 seconds
[2023-11-16T06:38:04.423+0000][3824.866s][debug][safepoint     ] Safepoint synchronization initiated. (172 threads)
[2023-11-16T06:38:04.423+0000][3824.866s][info ][safepoint     ] Application time: 1.0001762 seconds
[2023-11-16T06:38:04.423+0000][3824.866s][info ][safepoint     ] Entering safepoint region: Cleanup
[2023-11-16T06:38:04.423+0000][3824.867s][info ][safepoint     ] Leaving safepoint region
[2023-11-16T06:38:04.423+0000][3824.867s][info ][safepoint     ] Total time for which application threads were stopped: 0.0003385 seconds, Stopping threads took: 0.0000502 seconds
[2023-11-16T06:38:05.424+0000][3825.867s][debug][safepoint     ] Safepoint synchronization initiated. (172 threads)
[2023-11-16T06:38:05.424+0000][3825.867s][info ][safepoint     ] Application time: 1.0001852 seconds
[2023-11-16T06:38:05.424+0000][3825.867s][info ][safepoint     ] Entering safepoint region: Cleanup
[2023-11-16T06:38:05.424+0000][3825.867s][info ][safepoint     ] Leaving safepoint region
[2023-11-16T06:38:05.424+0000][3825.867s][info ][safepoint     ] Total time for which application threads were stopped: 0.0003397 seconds, Stopping threads took: 0.0000505 seconds
[2023-11-16T06:38:06.424+0000][3826.867s][debug][safepoint     ] Safepoint synchronization initiated. (172 threads)
[2023-11-16T06:38:06.424+0000][3826.867s][info ][safepoint     ] Application time: 1.0001542 seconds
[2023-11-16T06:38:06.424+0000][3826.867s][info ][safepoint     ] Entering safepoint region: Cleanup
[2023-11-16T06:38:06.424+0000][3826.868s][info ][safepoint     ] Leaving safepoint region
[2023-11-16T06:38:06.424+0000][3826.868s][info ][safepoint     ] Total time for which application threads were stopped: 0.0003422 seconds, Stopping threads took: 0.0000510 seconds
[2023-11-16T06:38:07.425+0000][3827.868s][debug][safepoint     ] Safepoint synchronization initiated. (172 threads)
[2023-11-16T06:38:07.425+0000][3827.868s][info ][safepoint     ] Application time: 1.0001570 seconds
[2023-11-16T06:38:07.425+0000][3827.868s][info ][safepoint     ] Entering safepoint region: Cleanup
[2023-11-16T06:38:07.425+0000][3827.868s][info ][safepoint     ] Leaving safepoint region
[2023-11-16T06:38:07.425+0000][3827.868s][info ][safepoint     ] Total time for which application threads were stopped: 0.0003341 seconds, Stopping threads took: 0.0000496 seconds
[2023-11-16T06:38:08.425+0000][3828.868s][debug][safepoint     ] Safepoint synchronization initiated. (172 threads)
[2023-11-16T06:38:08.425+0000][3828.869s][info ][safepoint     ] Application time: 1.0001716 seconds
[2023-11-16T06:38:08.425+0000][3828.869s][info ][safepoint     ] Entering safepoint region: Cleanup
[2023-11-16T06:38:08.426+0000][3828.869s][info ][safepoint     ] Leaving safepoint region
[2023-11-16T06:38:08.426+0000][3828.869s][info ][safepoint     ] Total time for which application threads were stopped: 0.0004636 seconds, Stopping threads took: 0.0001703 seconds
[2023-11-16T06:38:09.426+0000][3829.869s][debug][safepoint     ] Safepoint synchronization initiated. (172 threads)
[2023-11-16T06:38:09.426+0000][3829.869s][info ][safepoint     ] Application time: 1.0001773 seconds
[2023-11-16T06:38:09.426+0000][3829.869s][info ][safepoint     ] Entering safepoint region: Cleanup
[2023-11-16T06:38:09.426+0000][3829.869s][info ][safepoint     ] Leaving safepoint region
[2023-11-16T06:38:09.426+0000][3829.869s][info ][safepoint     ] Total time for which application threads were stopped: 0.0002623 seconds, Stopping threads took: 0.0000514 seconds
[2023-11-16T06:38:10.426+0000][3830.870s][debug][safepoint     ] Safepoint synchronization initiated. (172 threads)
[2023-11-16T06:38:10.426+0000][3830.870s][info ][safepoint     ] Application time: 1.0001681 seconds
[2023-11-16T06:38:10.426+0000][3830.870s][info ][safepoint     ] Entering safepoint region: Cleanup
[2023-11-16T06:38:10.427+0000][3830.870s][info ][safepoint     ] Leaving safepoint region
[2023-11-16T06:38:10.427+0000][3830.870s][info ][safepoint     ] Total time for which application threads were stopped: 0.0003431 seconds, Stopping threads took: 0.0000511 seconds
[2023-11-16T06:38:11.427+0000][3831.870s][debug][safepoint     ] Safepoint synchronization initiated. (172 threads)
[2023-11-16T06:38:11.427+0000][3831.870s][info ][safepoint     ] Application time: 1.0001833 seconds
[2023-11-16T06:38:11.427+0000][3831.870s][info ][safepoint     ] Entering safepoint region: Cleanup
[2023-11-16T06:38:11.427+0000][3831.870s][info ][safepoint     ] Leaving safepoint region
[2023-11-16T06:38:11.427+0000][3831.871s][info ][safepoint     ] Total time for which application threads were stopped: 0.0002740 seconds, Stopping threads took: 0.0000514 seconds
[2023-11-16T06:38:12.427+0000][3832.871s][debug][safepoint     ] Safepoint synchronization initiated. (172 threads)
[2023-11-16T06:38:12.427+0000][3832.871s][info ][safepoint     ] Application time: 1.0001675 seconds
[2023-11-16T06:38:12.427+0000][3832.871s][info ][safepoint     ] Entering safepoint region: Cleanup
[2023-11-16T06:38:12.428+0000][3832.871s][info ][safepoint     ] Leaving safepoint region
[2023-11-16T06:38:12.428+0000][3832.871s][info ][safepoint     ] Total time for which application threads were stopped: 0.0003498 seconds, Stopping threads took: 0.0000501 seconds
[2023-11-16T06:38:13.428+0000][3833.871s][debug][safepoint     ] Safepoint synchronization initiated. (172 threads)
[2023-11-16T06:38:13.428+0000][3833.871s][info ][safepoint     ] Application time: 1.0001582 seconds
[2023-11-16T06:38:13.428+0000][3833.871s][info ][safepoint     ] Entering safepoint region: Cleanup
[2023-11-16T06:38:13.429+0000][3833.872s][info ][safepoint     ] Leaving safepoint region
[2023-11-16T06:38:13.429+0000][3833.872s][info ][safepoint     ] Total time for which application threads were stopped: 0.0006386 seconds, Stopping threads took: 0.0003431 seconds
[2023-11-16T06:38:14.429+0000][3834.872s][debug][safepoint     ] Safepoint synchronization initiated. (172 threads)
[2023-11-16T06:38:14.429+0000][3834.872s][info ][safepoint     ] Application time: 1.0001534 seconds
[2023-11-16T06:38:14.429+0000][3834.872s][info ][safepoint     ] Entering safepoint region: Cleanup
[2023-11-16T06:38:14.429+0000][3834.872s][info ][safepoint     ] Leaving safepoint region
[2023-11-16T06:38:14.429+0000][3834.872s][info ][safepoint     ] Total time for which application threads were stopped: 0.0003457 seconds, Stopping threads took: 0.0000518 seconds
[2023-11-16T06:38:15.429+0000][3835.873s][debug][safepoint     ] Safepoint synchronization initiated. (172 threads)
[2023-11-16T06:38:15.429+0000][3835.873s][info ][safepoint     ] Application time: 1.0001518 seconds
[2023-11-16T06:38:15.429+0000][3835.873s][info ][safepoint     ] Entering safepoint region: Cleanup
[2023-11-16T06:38:15.430+0000][3835.873s][info ][safepoint     ] Leaving safepoint region
[2023-11-16T06:38:15.430+0000][3835.873s][info ][safepoint     ] Total time for which application threads were stopped: 0.0003271 seconds, Stopping threads took: 0.0000748 seconds
[2023-11-16T06:38:16.430+0000][3836.873s][debug][safepoint     ] Safepoint synchronization initiated. (172 threads)
[2023-11-16T06:38:16.430+0000][3836.873s][info ][safepoint     ] Application time: 1.0001593 seconds
[2023-11-16T06:38:16.430+0000][3836.873s][info ][safepoint     ] Entering safepoint region: Cleanup
[2023-11-16T06:38:16.430+0000][3836.873s][info ][safepoint     ] Leaving safepoint region
[2023-11-16T06:38:16.430+0000][3836.873s][info ][safepoint     ] Total time for which application threads were stopped: 0.0003355 seconds, Stopping threads took: 0.0000503 seconds
[2023-11-16T06:38:17.430+0000][3837.874s][debug][safepoint     ] Safepoint synchronization initiated. (172 threads)
[2023-11-16T06:38:17.430+0000][3837.874s][info ][safepoint     ] Application time: 1.0001701 seconds
[2023-11-16T06:38:17.430+0000][3837.874s][info ][safepoint     ] Entering safepoint region: Cleanup
[2023-11-16T06:38:17.431+0000][3837.874s][info ][safepoint     ] Leaving safepoint region
[2023-11-16T06:38:17.431+0000][3837.874s][info ][safepoint     ] Total time for which application threads were stopped: 0.0003296 seconds, Stopping threads took: 0.0000505 seconds
[2023-11-16T06:38:18.431+0000][3838.874s][debug][safepoint     ] Safepoint synchronization initiated. (172 threads)
[2023-11-16T06:38:18.431+0000][3838.874s][info ][safepoint     ] Application time: 1.0001846 seconds
[2023-11-16T06:38:18.431+0000][3838.874s][info ][safepoint     ] Entering safepoint region: Cleanup
[2023-11-16T06:38:18.431+0000][3838.875s][info ][safepoint     ] Leaving safepoint region
[2023-11-16T06:38:18.431+0000][3838.875s][info ][safepoint     ] Total time for which application threads were stopped: 0.0004418 seconds, Stopping threads took: 0.0002350 seconds
[2023-11-16T06:38:19.431+0000][3839.875s][debug][safepoint     ] Safepoint synchronization initiated. (172 threads)
[2023-11-16T06:38:19.432+0000][3839.875s][info ][safepoint     ] Application time: 1.0001809 seconds
[2023-11-16T06:38:19.432+0000][3839.875s][info ][safepoint     ] Entering safepoint region: Cleanup
[2023-11-16T06:38:19.432+0000][3839.875s][info ][safepoint     ] Leaving safepoint region
[2023-11-16T06:38:19.432+0000][3839.875s][info ][safepoint     ] Total time for which application threads were stopped: 0.0002488 seconds, Stopping threads took: 0.0000504 seconds
[2023-11-16T06:38:20.432+0000][3840.875s][debug][safepoint     ] Safepoint synchronization initiated. (172 threads)
[2023-11-16T06:38:20.432+0000][3840.875s][info ][safepoint     ] Application time: 1.0001542 seconds
[2023-11-16T06:38:20.432+0000][3840.875s][info ][safepoint     ] Entering safepoint region: Cleanup
[2023-11-16T06:38:20.432+0000][3840.876s][info ][safepoint     ] Leaving safepoint region
[2023-11-16T06:38:20.432+0000][3840.876s][info ][safepoint     ] Total time for which application threads were stopped: 0.0003405 seconds, Stopping threads took: 0.0000513 seconds
[2023-11-16T06:38:21.432+0000][3841.876s][debug][safepoint     ] Safepoint synchronization initiated. (172 threads)
[2023-11-16T06:38:21.433+0000][3841.876s][info ][safepoint     ] Application time: 1.0001439 seconds
[2023-11-16T06:38:21.433+0000][3841.876s][info ][safepoint     ] Entering safepoint region: Cleanup
[2023-11-16T06:38:21.433+0000][3841.876s][info ][safepoint     ] Leaving safepoint region
[2023-11-16T06:38:21.433+0000][3841.876s][info ][safepoint     ] Total time for which application threads were stopped: 0.0002669 seconds, Stopping threads took: 0.0000508 seconds
[2023-11-16T06:38:22.433+0000][3842.876s][debug][safepoint     ] Safepoint synchronization initiated. (172 threads)
[2023-11-16T06:38:22.433+0000][3842.876s][info ][safepoint     ] Application time: 1.0001525 seconds
[2023-11-16T06:38:22.433+0000][3842.876s][info ][safepoint     ] Entering safepoint region: Cleanup
[2023-11-16T06:38:22.433+0000][3842.877s][info ][safepoint     ] Leaving safepoint region
[2023-11-16T06:38:22.433+0000][3842.877s][info ][safepoint     ] Total time for which application threads were stopped: 0.0002671 seconds, Stopping threads took: 0.0000523 seconds
[2023-11-16T06:38:23.433+0000][3843.877s][debug][safepoint     ] Safepoint synchronization initiated. (172 threads)
[2023-11-16T06:38:23.433+0000][3843.877s][info ][safepoint     ] Application time: 1.0001578 seconds
[2023-11-16T06:38:23.433+0000][3843.877s][info ][safepoint     ] Entering safepoint region: Cleanup
[2023-11-16T06:38:23.434+0000][3843.877s][info ][safepoint     ] Leaving safepoint region
[2023-11-16T06:38:23.434+0000][3843.877s][info ][safepoint     ] Total time for which application threads were stopped: 0.0005307 seconds, Stopping threads took: 0.0003089 seconds
[2023-11-16T06:38:24.434+0000][3844.877s][debug][safepoint     ] Safepoint synchronization initiated. (172 threads)
[2023-11-16T06:38:24.434+0000][3844.877s][info ][safepoint     ] Application time: 1.0001598 seconds
[2023-11-16T06:38:24.434+0000][3844.878s][info ][safepoint     ] Entering safepoint region: Cleanup
[2023-11-16T06:38:24.434+0000][3844.878s][info ][safepoint     ] Leaving safepoint region
[2023-11-16T06:38:24.434+0000][3844.878s][info ][safepoint     ] Total time for which application threads were stopped: 0.0002688 seconds, Stopping threads took: 0.0000521 seconds
[2023-11-16T06:38:25.435+0000][3845.878s][debug][safepoint     ] Safepoint synchronization initiated. (172 threads)
[2023-11-16T06:38:25.435+0000][3845.878s][info ][safepoint     ] Application time: 1.0001540 seconds
[2023-11-16T06:38:25.435+0000][3845.878s][info ][safepoint     ] Entering safepoint region: Cleanup
[2023-11-16T06:38:25.435+0000][3845.878s][info ][safepoint     ] Leaving safepoint region
[2023-11-16T06:38:25.435+0000][3845.878s][info ][safepoint     ] Total time for which application threads were stopped: 0.0002704 seconds, Stopping threads took: 0.0000512 seconds
[2023-11-16T06:38:26.435+0000][3846.878s][debug][safepoint     ] Safepoint synchronization initiated. (172 threads)
[2023-11-16T06:38:26.435+0000][3846.878s][info ][safepoint     ] Application time: 1.0001490 seconds
[2023-11-16T06:38:26.435+0000][3846.878s][info ][safepoint     ] Entering safepoint region: Cleanup
[2023-11-16T06:38:26.435+0000][3846.879s][info ][safepoint     ] Leaving safepoint region
[2023-11-16T06:38:26.435+0000][3846.879s][info ][safepoint     ] Total time for which application threads were stopped: 0.0002839 seconds, Stopping threads took: 0.0000527 seconds
[2023-11-16T06:38:27.435+0000][3847.879s][debug][safepoint     ] Safepoint synchronization initiated. (172 threads)
[2023-11-16T06:38:27.436+0000][3847.879s][info ][safepoint     ] Application time: 1.0001591 seconds
[2023-11-16T06:38:27.436+0000][3847.879s][info ][safepoint     ] Entering safepoint region: Cleanup
[2023-11-16T06:38:27.436+0000][3847.879s][info ][safepoint     ] Leaving safepoint region
[2023-11-16T06:38:27.436+0000][3847.879s][info ][safepoint     ] Total time for which application threads were stopped: 0.0003927 seconds, Stopping threads took: 0.0000514 seconds
[2023-11-16T06:38:28.436+0000][3848.879s][debug][safepoint     ] Safepoint synchronization initiated. (172 threads)
[2023-11-16T06:38:28.436+0000][3848.879s][info ][safepoint     ] Application time: 1.0001554 seconds
[2023-11-16T06:38:28.436+0000][3848.879s][info ][safepoint     ] Entering safepoint region: Cleanup
[2023-11-16T06:38:28.437+0000][3848.880s][info ][safepoint     ] Leaving safepoint region
[2023-11-16T06:38:28.437+0000][3848.880s][info ][safepoint     ] Total time for which application threads were stopped: 0.0004750 seconds, Stopping threads took: 0.0002442 seconds
[2023-11-16T06:38:29.437+0000][3849.880s][debug][safepoint     ] Safepoint synchronization initiated. (172 threads)
[2023-11-16T06:38:29.437+0000][3849.880s][info ][safepoint     ] Application time: 1.0001534 seconds
[2023-11-16T06:38:29.437+0000][3849.880s][info ][safepoint     ] Entering safepoint region: Cleanup
[2023-11-16T06:38:29.437+0000][3849.880s][info ][safepoint     ] Leaving safepoint region
[2023-11-16T06:38:29.437+0000][3849.880s][info ][safepoint     ] Total time for which application threads were stopped: 0.0002710 seconds, Stopping threads took: 0.0000541 seconds
[2023-11-16T06:38:30.437+0000][3850.881s][debug][safepoint     ] Safepoint synchronization initiated. (172 threads)
[2023-11-16T06:38:30.437+0000][3850.881s][info ][safepoint     ] Application time: 1.0001534 seconds
[2023-11-16T06:38:30.437+0000][3850.881s][info ][safepoint     ] Entering safepoint region: Cleanup
[2023-11-16T06:38:30.438+0000][3850.881s][info ][safepoint     ] Leaving safepoint region
[2023-11-16T06:38:30.438+0000][3850.881s][info ][safepoint     ] Total time for which application threads were stopped: 0.0002668 seconds, Stopping threads took: 0.0000515 seconds
[2023-11-16T06:38:31.438+0000][3851.881s][debug][safepoint     ] Safepoint synchronization initiated. (172 threads)
[2023-11-16T06:38:31.438+0000][3851.881s][info ][safepoint     ] Application time: 1.0001533 seconds
[2023-11-16T06:38:31.438+0000][3851.881s][info ][safepoint     ] Entering safepoint region: Cleanup
[2023-11-16T06:38:31.438+0000][3851.881s][info ][safepoint     ] Leaving safepoint region
[2023-11-16T06:38:31.438+0000][3851.881s][info ][safepoint     ] Total time for which application threads were stopped: 0.0002674 seconds, Stopping threads took: 0.0000509 seconds
[2023-11-16T06:38:32.438+0000][3852.881s][debug][safepoint     ] Safepoint synchronization initiated. (172 threads)
[2023-11-16T06:38:32.438+0000][3852.881s][info ][safepoint     ] Application time: 1.0001531 seconds
[2023-11-16T06:38:32.438+0000][3852.882s][debug][safepoint     ] Waiting for 1 thread(s) to block
[2023-11-16T06:38:32.438+0000][3852.882s][info ][safepoint     ] Entering safepoint region: Cleanup
[2023-11-16T06:38:32.438+0000][3852.882s][info ][safepoint     ] Leaving safepoint region
[2023-11-16T06:38:32.439+0000][3852.882s][info ][safepoint     ] Total time for which application threads were stopped: 0.0003436 seconds, Stopping threads took: 0.0001235 seconds
[2023-11-16T06:38:33.439+0000][3853.882s][debug][safepoint     ] Safepoint synchronization initiated. (172 threads)
[2023-11-16T06:38:33.439+0000][3853.882s][info ][safepoint     ] Application time: 1.0001565 seconds
[2023-11-16T06:38:33.439+0000][3853.882s][info ][safepoint     ] Entering safepoint region: Cleanup
[2023-11-16T06:38:33.439+0000][3853.883s][info ][safepoint     ] Leaving safepoint region
[2023-11-16T06:38:33.439+0000][3853.883s][info ][safepoint     ] Total time for which application threads were stopped: 0.0005170 seconds, Stopping threads took: 0.0002291 seconds
[2023-11-16T06:38:34.439+0000][3854.883s][debug][safepoint     ] Safepoint synchronization initiated. (172 threads)
[2023-11-16T06:38:34.439+0000][3854.883s][info ][safepoint     ] Application time: 1.0001526 seconds
[2023-11-16T06:38:34.439+0000][3854.883s][info ][safepoint     ] Entering safepoint region: Cleanup
[2023-11-16T06:38:34.440+0000][3854.883s][info ][safepoint     ] Leaving safepoint region
[2023-11-16T06:38:34.440+0000][3854.883s][info ][safepoint     ] Total time for which application threads were stopped: 0.0003024 seconds, Stopping threads took: 0.0000731 seconds
[2023-11-16T06:38:35.440+0000][3855.883s][debug][safepoint     ] Safepoint synchronization initiated. (172 threads)
[2023-11-16T06:38:35.440+0000][3855.883s][info ][safepoint     ] Application time: 1.0001472 seconds
[2023-11-16T06:38:35.440+0000][3855.883s][info ][safepoint     ] Entering safepoint region: Cleanup
[2023-11-16T06:38:35.440+0000][3855.883s][info ][safepoint     ] Leaving safepoint region
[2023-11-16T06:38:35.440+0000][3855.883s][info ][safepoint     ] Total time for which application threads were stopped: 0.0002657 seconds, Stopping threads took: 0.0000522 seconds
[2023-11-16T06:38:35.440+0000][3855.883s][debug][safepoint     ] ... found polling page return exception at pc = 0x00007fde849bede6, stub =0x00007fde7c83a800
[2023-11-16T06:38:36.440+0000][3856.884s][debug][safepoint     ] Safepoint synchronization initiated. (172 threads)
[2023-11-16T06:38:36.440+0000][3856.884s][info ][safepoint     ] Application time: 1.0001622 seconds
[2023-11-16T06:38:36.440+0000][3856.884s][info ][safepoint     ] Entering safepoint region: Cleanup
[2023-11-16T06:38:36.441+0000][3856.884s][info ][safepoint     ] Leaving safepoint region
[2023-11-16T06:38:36.441+0000][3856.884s][info ][safepoint     ] Total time for which application threads were stopped: 0.0002731 seconds, Stopping threads took: 0.0000523 seconds
[2023-11-16T06:38:37.441+0000][3857.884s][debug][safepoint     ] Safepoint synchronization initiated. (172 threads)
[2023-11-16T06:38:37.441+0000][3857.884s][info ][safepoint     ] Application time: 1.0001536 seconds
[2023-11-16T06:38:37.441+0000][3857.884s][info ][safepoint     ] Entering safepoint region: Cleanup
[2023-11-16T06:38:37.441+0000][3857.884s][info ][safepoint     ] Leaving safepoint region
[2023-11-16T06:38:37.441+0000][3857.884s][info ][safepoint     ] Total time for which application threads were stopped: 0.0002867 seconds, Stopping threads took: 0.0000521 seconds
[2023-11-16T06:38:38.441+0000][3858.885s][debug][safepoint     ] Safepoint synchronization initiated. (172 threads)
[2023-11-16T06:38:38.441+0000][3858.885s][info ][safepoint     ] Application time: 1.0001565 seconds
[2023-11-16T06:38:38.441+0000][3858.885s][info ][safepoint     ] Entering safepoint region: Cleanup
[2023-11-16T06:38:38.442+0000][3858.885s][info ][safepoint     ] Leaving safepoint region
[2023-11-16T06:38:38.442+0000][3858.885s][info ][safepoint     ] Total time for which application threads were stopped: 0.0004635 seconds, Stopping threads took: 0.0001438 seconds
[2023-11-16T06:38:39.442+0000][3859.885s][debug][safepoint     ] Safepoint synchronization initiated. (172 threads)
[2023-11-16T06:38:39.442+0000][3859.885s][info ][safepoint     ] Application time: 1.0001519 seconds
[2023-11-16T06:38:39.442+0000][3859.885s][info ][safepoint     ] Entering safepoint region: Cleanup
[2023-11-16T06:38:39.442+0000][3859.886s][info ][safepoint     ] Leaving safepoint region
[2023-11-16T06:38:39.442+0000][3859.886s][info ][safepoint     ] Total time for which application threads were stopped: 0.0003354 seconds, Stopping threads took: 0.0000509 seconds
[2023-11-16T06:38:40.442+0000][3860.886s][debug][safepoint     ] Safepoint synchronization initiated. (172 threads)
[2023-11-16T06:38:40.442+0000][3860.886s][info ][safepoint     ] Application time: 1.0001689 seconds
[2023-11-16T06:38:40.443+0000][3860.886s][info ][safepoint     ] Entering safepoint region: Cleanup
[2023-11-16T06:38:40.443+0000][3860.886s][info ][safepoint     ] Leaving safepoint region
[2023-11-16T06:38:40.443+0000][3860.886s][info ][safepoint     ] Total time for which application threads were stopped: 0.0002909 seconds, Stopping threads took: 0.0000514 seconds
[2023-11-16T06:38:41.443+0000][3861.886s][debug][safepoint     ] Safepoint synchronization initiated. (172 threads)
[2023-11-16T06:38:41.443+0000][3861.886s][info ][safepoint     ] Application time: 1.0001521 seconds
[2023-11-16T06:38:41.443+0000][3861.886s][info ][safepoint     ] Entering safepoint region: Cleanup
[2023-11-16T06:38:41.443+0000][3861.886s][info ][safepoint     ] Leaving safepoint region
[2023-11-16T06:38:41.443+0000][3861.887s][info ][safepoint     ] Total time for which application threads were stopped: 0.0002537 seconds, Stopping threads took: 0.0000521 seconds
[2023-11-16T06:38:42.443+0000][3862.887s][debug][safepoint     ] Safepoint synchronization initiated. (172 threads)
[2023-11-16T06:38:42.443+0000][3862.887s][info ][safepoint     ] Application time: 1.0001538 seconds
[2023-11-16T06:38:42.443+0000][3862.887s][info ][safepoint     ] Entering safepoint region: Cleanup
[2023-11-16T06:38:42.444+0000][3862.887s][info ][safepoint     ] Leaving safepoint region
[2023-11-16T06:38:42.444+0000][3862.887s][info ][safepoint     ] Total time for which application threads were stopped: 0.0003462 seconds, Stopping threads took: 0.0000506 seconds
[2023-11-16T06:38:42.444+0000][3862.887s][debug][safepoint     ] ... found polling page return exception at pc = 0x00007fde849bede6, stub =0x00007fde7c83a800
[2023-11-16T06:38:43.444+0000][3863.887s][debug][safepoint     ] Safepoint synchronization initiated. (172 threads)
[2023-11-16T06:38:43.444+0000][3863.887s][info ][safepoint     ] Application time: 1.0001660 seconds
[2023-11-16T06:38:43.444+0000][3863.887s][info ][safepoint     ] Entering safepoint region: Cleanup
[2023-11-16T06:38:43.444+0000][3863.888s][info ][safepoint     ] Leaving safepoint region
[2023-11-16T06:38:43.444+0000][3863.888s][info ][safepoint     ] Total time for which application threads were stopped: 0.0003599 seconds, Stopping threads took: 0.0001612 seconds
[2023-11-16T06:38:44.444+0000][3864.888s][debug][safepoint     ] Safepoint synchronization initiated. (172 threads)
[2023-11-16T06:38:44.445+0000][3864.888s][info ][safepoint     ] Application time: 1.0001802 seconds
[2023-11-16T06:38:44.445+0000][3864.888s][info ][safepoint     ] Entering safepoint region: Cleanup
[2023-11-16T06:38:44.445+0000][3864.888s][info ][safepoint     ] Leaving safepoint region
[2023-11-16T06:38:44.445+0000][3864.888s][info ][safepoint     ] Total time for which application threads were stopped: 0.0003456 seconds, Stopping threads took: 0.0000512 seconds
[2023-11-16T06:38:45.445+0000][3865.888s][debug][safepoint     ] Safepoint synchronization initiated. (172 threads)
[2023-11-16T06:38:45.445+0000][3865.888s][info ][safepoint     ] Application time: 1.0001718 seconds
[2023-11-16T06:38:45.445+0000][3865.888s][info ][safepoint     ] Entering safepoint region: Cleanup
[2023-11-16T06:38:45.445+0000][3865.889s][info ][safepoint     ] Leaving safepoint region
[2023-11-16T06:38:45.445+0000][3865.889s][info ][safepoint     ] Total time for which application threads were stopped: 0.0002598 seconds, Stopping threads took: 0.0000512 seconds
[2023-11-16T06:38:46.445+0000][3866.889s][debug][safepoint     ] Safepoint synchronization initiated. (172 threads)
[2023-11-16T06:38:46.446+0000][3866.889s][info ][safepoint     ] Application time: 1.0001855 seconds
[2023-11-16T06:38:46.446+0000][3866.889s][info ][safepoint     ] Entering safepoint region: Cleanup
[2023-11-16T06:38:46.446+0000][3866.889s][info ][safepoint     ] Leaving safepoint region
[2023-11-16T06:38:46.446+0000][3866.889s][info ][safepoint     ] Total time for which application threads were stopped: 0.0003415 seconds, Stopping threads took: 0.0000512 seconds
[2023-11-16T06:38:47.446+0000][3867.889s][debug][safepoint     ] Safepoint synchronization initiated. (172 threads)
[2023-11-16T06:38:47.446+0000][3867.889s][info ][safepoint     ] Application time: 1.0001576 seconds
[2023-11-16T06:38:47.446+0000][3867.889s][info ][safepoint     ] Entering safepoint region: Cleanup
[2023-11-16T06:38:47.446+0000][3867.890s][info ][safepoint     ] Leaving safepoint region
[2023-11-16T06:38:47.446+0000][3867.890s][info ][safepoint     ] Total time for which application threads were stopped: 0.0003235 seconds, Stopping threads took: 0.0000521 seconds
[2023-11-16T06:38:48.447+0000][3868.890s][debug][safepoint     ] Safepoint synchronization initiated. (172 threads)
[2023-11-16T06:38:48.447+0000][3868.890s][info ][safepoint     ] Application time: 1.0001671 seconds
[2023-11-16T06:38:48.447+0000][3868.890s][info ][safepoint     ] Entering safepoint region: Cleanup
[2023-11-16T06:38:48.447+0000][3868.890s][info ][safepoint     ] Leaving safepoint region
[2023-11-16T06:38:48.447+0000][3868.890s][info ][safepoint     ] Total time for which application threads were stopped: 0.0003640 seconds, Stopping threads took: 0.0001675 seconds
[2023-11-16T06:38:49.447+0000][3869.890s][debug][safepoint     ] Safepoint synchronization initiated. (172 threads)
[2023-11-16T06:38:49.447+0000][3869.890s][info ][safepoint     ] Application time: 1.0001723 seconds
[2023-11-16T06:38:49.447+0000][3869.891s][info ][safepoint     ] Entering safepoint region: Cleanup
[2023-11-16T06:38:49.447+0000][3869.891s][info ][safepoint     ] Leaving safepoint region
[2023-11-16T06:38:49.447+0000][3869.891s][info ][safepoint     ] Total time for which application threads were stopped: 0.0002944 seconds, Stopping threads took: 0.0000521 seconds
[2023-11-16T06:38:50.448+0000][3870.891s][debug][safepoint     ] Safepoint synchronization initiated. (172 threads)
[2023-11-16T06:38:50.448+0000][3870.891s][info ][safepoint     ] Application time: 1.0001637 seconds
[2023-11-16T06:38:50.448+0000][3870.891s][info ][safepoint     ] Entering safepoint region: Cleanup
[2023-11-16T06:38:50.448+0000][3870.891s][info ][safepoint     ] Leaving safepoint region
[2023-11-16T06:38:50.448+0000][3870.891s][info ][safepoint     ] Total time for which application threads were stopped: 0.0002896 seconds, Stopping threads took: 0.0000523 seconds
[2023-11-16T06:38:51.448+0000][3871.891s][debug][safepoint     ] Safepoint synchronization initiated. (172 threads)
[2023-11-16T06:38:51.448+0000][3871.891s][info ][safepoint     ] Application time: 1.0001590 seconds
[2023-11-16T06:38:51.448+0000][3871.892s][info ][safepoint     ] Entering safepoint region: Cleanup
[2023-11-16T06:38:51.448+0000][3871.892s][info ][safepoint     ] Leaving safepoint region
[2023-11-16T06:38:51.449+0000][3871.892s][info ][safepoint     ] Total time for which application threads were stopped: 0.0003455 seconds, Stopping threads took: 0.0000528 seconds
[2023-11-16T06:38:52.449+0000][3872.892s][debug][safepoint     ] Safepoint synchronization initiated. (172 threads)
[2023-11-16T06:38:52.449+0000][3872.892s][info ][safepoint     ] Application time: 1.0001569 seconds
[2023-11-16T06:38:52.449+0000][3872.892s][info ][safepoint     ] Entering safepoint region: Cleanup
[2023-11-16T06:38:52.449+0000][3872.892s][info ][safepoint     ] Leaving safepoint region
[2023-11-16T06:38:52.449+0000][3872.892s][info ][safepoint     ] Total time for which application threads were stopped: 0.0003460 seconds, Stopping threads took: 0.0000523 seconds
[2023-11-16T06:38:53.449+0000][3873.892s][debug][safepoint     ] Safepoint synchronization initiated. (172 threads)
[2023-11-16T06:38:53.449+0000][3873.893s][info ][safepoint     ] Application time: 1.0001552 seconds
[2023-11-16T06:38:53.449+0000][3873.893s][info ][safepoint     ] Entering safepoint region: Cleanup
[2023-11-16T06:38:53.450+0000][3873.893s][info ][safepoint     ] Leaving safepoint region
[2023-11-16T06:38:53.450+0000][3873.893s][info ][safepoint     ] Total time for which application threads were stopped: 0.0006639 seconds, Stopping threads took: 0.0003751 seconds
[2023-11-16T06:38:54.450+0000][3874.893s][debug][safepoint     ] Safepoint synchronization initiated. (172 threads)
[2023-11-16T06:38:54.450+0000][3874.893s][info ][safepoint     ] Application time: 1.0001654 seconds
[2023-11-16T06:38:54.450+0000][3874.893s][info ][safepoint     ] Entering safepoint region: Cleanup
[2023-11-16T06:38:54.450+0000][3874.894s][info ][safepoint     ] Leaving safepoint region
[2023-11-16T06:38:54.450+0000][3874.894s][info ][safepoint     ] Total time for which application threads were stopped: 0.0003432 seconds, Stopping threads took: 0.0000525 seconds
[2023-11-16T06:38:55.451+0000][3875.894s][debug][safepoint     ] Safepoint synchronization initiated. (172 threads)
[2023-11-16T06:38:55.451+0000][3875.894s][info ][safepoint     ] Application time: 1.0001539 seconds
[2023-11-16T06:38:55.451+0000][3875.894s][info ][safepoint     ] Entering safepoint region: Cleanup
[2023-11-16T06:38:55.451+0000][3875.894s][info ][safepoint     ] Leaving safepoint region
[2023-11-16T06:38:55.451+0000][3875.894s][info ][safepoint     ] Total time for which application threads were stopped: 0.0002664 seconds, Stopping threads took: 0.0000540 seconds
[2023-11-16T06:38:56.451+0000][3876.894s][debug][safepoint     ] Safepoint synchronization initiated. (172 threads)
[2023-11-16T06:38:56.451+0000][3876.894s][info ][safepoint     ] Application time: 1.0001710 seconds
[2023-11-16T06:38:56.451+0000][3876.894s][info ][safepoint     ] Entering safepoint region: Cleanup
[2023-11-16T06:38:56.451+0000][3876.895s][info ][safepoint     ] Leaving safepoint region
[2023-11-16T06:38:56.451+0000][3876.895s][info ][safepoint     ] Total time for which application threads were stopped: 0.0002838 seconds, Stopping threads took: 0.0000519 seconds
[2023-11-16T06:38:57.452+0000][3877.895s][debug][safepoint     ] Safepoint synchronization initiated. (172 threads)
[2023-11-16T06:38:57.452+0000][3877.895s][info ][safepoint     ] Application time: 1.0001943 seconds
[2023-11-16T06:38:57.452+0000][3877.895s][info ][safepoint     ] Entering safepoint region: Cleanup
[2023-11-16T06:38:57.452+0000][3877.895s][info ][safepoint     ] Leaving safepoint region
[2023-11-16T06:38:57.452+0000][3877.895s][info ][safepoint     ] Total time for which application threads were stopped: 0.0002915 seconds, Stopping threads took: 0.0000508 seconds
[2023-11-16T06:38:58.452+0000][3878.895s][debug][safepoint     ] Safepoint synchronization initiated. (172 threads)
[2023-11-16T06:38:58.452+0000][3878.895s][info ][safepoint     ] Application time: 1.0001930 seconds
[2023-11-16T06:38:58.452+0000][3878.895s][info ][safepoint     ] Entering safepoint region: Cleanup
[2023-11-16T06:38:58.452+0000][3878.896s][info ][safepoint     ] Leaving safepoint region
[2023-11-16T06:38:58.452+0000][3878.896s][info ][safepoint     ] Total time for which application threads were stopped: 0.0003376 seconds, Stopping threads took: 0.0000548 seconds
[2023-11-16T06:38:59.453+0000][3879.896s][debug][safepoint     ] Safepoint synchronization initiated. (171 threads)
[2023-11-16T06:38:59.453+0000][3879.896s][info ][safepoint     ] Application time: 1.0001453 seconds
[2023-11-16T06:38:59.453+0000][3879.896s][info ][safepoint     ] Entering safepoint region: Cleanup
[2023-11-16T06:38:59.453+0000][3879.896s][info ][safepoint     ] Leaving safepoint region
[2023-11-16T06:38:59.453+0000][3879.896s][info ][safepoint     ] Total time for which application threads were stopped: 0.0003120 seconds, Stopping threads took: 0.0000509 seconds
[2023-11-16T06:39:00.453+0000][3880.896s][debug][safepoint     ] Safepoint synchronization initiated. (171 threads)
[2023-11-16T06:39:00.453+0000][3880.896s][info ][safepoint     ] Application time: 1.0000708 seconds
[2023-11-16T06:39:00.453+0000][3880.896s][info ][safepoint     ] Entering safepoint region: Cleanup
[2023-11-16T06:39:00.453+0000][3880.897s][info ][safepoint     ] Leaving safepoint region
[2023-11-16T06:39:00.453+0000][3880.897s][info ][safepoint     ] Total time for which application threads were stopped: 0.0002096 seconds, Stopping threads took: 0.0000379 seconds
[2023-11-16T06:39:01.453+0000][3881.897s][debug][safepoint     ] Safepoint synchronization initiated. (171 threads)
[2023-11-16T06:39:01.453+0000][3881.897s][info ][safepoint     ] Application time: 1.0001144 seconds
[2023-11-16T06:39:01.453+0000][3881.897s][info ][safepoint     ] Entering safepoint region: Cleanup
[2023-11-16T06:39:01.454+0000][3881.897s][info ][safepoint     ] Leaving safepoint region
[2023-11-16T06:39:01.454+0000][3881.897s][info ][safepoint     ] Total time for which application threads were stopped: 0.0001818 seconds, Stopping threads took: 0.0000352 seconds
[2023-11-16T06:39:02.454+0000][3882.897s][debug][safepoint     ] Safepoint synchronization initiated. (171 threads)
[2023-11-16T06:39:02.454+0000][3882.897s][info ][safepoint     ] Application time: 1.0001486 seconds
[2023-11-16T06:39:02.454+0000][3882.897s][info ][safepoint     ] Entering safepoint region: Cleanup
[2023-11-16T06:39:02.454+0000][3882.897s][info ][safepoint     ] Leaving safepoint region
[2023-11-16T06:39:02.454+0000][3882.897s][info ][safepoint     ] Total time for which application threads were stopped: 0.0002240 seconds, Stopping threads took: 0.0000530 seconds
[2023-11-16T06:39:03.454+0000][3883.897s][debug][safepoint     ] Safepoint synchronization initiated. (171 threads)
[2023-11-16T06:39:03.454+0000][3883.897s][info ][safepoint     ] Application time: 1.0001438 seconds
[2023-11-16T06:39:03.454+0000][3883.898s][info ][safepoint     ] Entering safepoint region: Cleanup
[2023-11-16T06:39:03.454+0000][3883.898s][info ][safepoint     ] Leaving safepoint region
[2023-11-16T06:39:03.454+0000][3883.898s][info ][safepoint     ] Total time for which application threads were stopped: 0.0002457 seconds, Stopping threads took: 0.0000851 seconds
[2023-11-16T06:39:04.454+0000][3884.898s][debug][safepoint     ] Safepoint synchronization initiated. (171 threads)
[2023-11-16T06:39:04.455+0000][3884.898s][info ][safepoint     ] Application time: 1.0001259 seconds
[2023-11-16T06:39:04.455+0000][3884.898s][info ][safepoint     ] Entering safepoint region: Cleanup
[2023-11-16T06:39:04.455+0000][3884.898s][info ][safepoint     ] Leaving safepoint region
[2023-11-16T06:39:04.455+0000][3884.898s][info ][safepoint     ] Total time for which application threads were stopped: 0.0003609 seconds, Stopping threads took: 0.0000740 seconds
[2023-11-16T06:39:05.455+0000][3885.898s][debug][safepoint     ] Safepoint synchronization initiated. (171 threads)
[2023-11-16T06:39:05.455+0000][3885.898s][info ][safepoint     ] Application time: 1.0001600 seconds
[2023-11-16T06:39:05.455+0000][3885.898s][info ][safepoint     ] Entering safepoint region: Cleanup
[2023-11-16T06:39:05.455+0000][3885.899s][info ][safepoint     ] Leaving safepoint region
[2023-11-16T06:39:05.455+0000][3885.899s][info ][safepoint     ] Total time for which application threads were stopped: 0.0002541 seconds, Stopping threads took: 0.0000537 seconds
[2023-11-16T06:39:06.455+0000][3886.899s][debug][safepoint     ] Safepoint synchronization initiated. (171 threads)
[2023-11-16T06:39:06.455+0000][3886.899s][info ][safepoint     ] Application time: 1.0001525 seconds
[2023-11-16T06:39:06.456+0000][3886.899s][info ][safepoint     ] Entering safepoint region: Cleanup
[2023-11-16T06:39:06.456+0000][3886.899s][info ][safepoint     ] Leaving safepoint region
[2023-11-16T06:39:06.456+0000][3886.899s][info ][safepoint     ] Total time for which application threads were stopped: 0.0002157 seconds, Stopping threads took: 0.0000369 seconds
[2023-11-16T06:39:07.456+0000][3887.899s][debug][safepoint     ] Safepoint synchronization initiated. (171 threads)
[2023-11-16T06:39:07.456+0000][3887.899s][info ][safepoint     ] Application time: 1.0001275 seconds
[2023-11-16T06:39:07.456+0000][3887.899s][info ][safepoint     ] Entering safepoint region: Cleanup
[2023-11-16T06:39:07.456+0000][3887.899s][info ][safepoint     ] Leaving safepoint region
[2023-11-16T06:39:07.456+0000][3887.899s][info ][safepoint     ] Total time for which application threads were stopped: 0.0002229 seconds, Stopping threads took: 0.0000458 seconds
[2023-11-16T06:39:08.456+0000][3888.900s][debug][safepoint     ] Safepoint synchronization initiated. (171 threads)
[2023-11-16T06:39:08.456+0000][3888.900s][info ][safepoint     ] Application time: 1.0001402 seconds
[2023-11-16T06:39:08.456+0000][3888.900s][info ][safepoint     ] Entering safepoint region: Cleanup
[2023-11-16T06:39:08.456+0000][3888.900s][info ][safepoint     ] Leaving safepoint region
[2023-11-16T06:39:08.456+0000][3888.900s][info ][safepoint     ] Total time for which application threads were stopped: 0.0001913 seconds, Stopping threads took: 0.0000534 seconds
[2023-11-16T06:39:09.457+0000][3889.900s][debug][safepoint     ] Safepoint synchronization initiated. (171 threads)
[2023-11-16T06:39:09.457+0000][3889.900s][info ][safepoint     ] Application time: 1.0001676 seconds
[2023-11-16T06:39:09.457+0000][3889.900s][info ][safepoint     ] Entering safepoint region: Cleanup
[2023-11-16T06:39:09.457+0000][3889.900s][info ][safepoint     ] Leaving safepoint region
[2023-11-16T06:39:09.457+0000][3889.900s][info ][safepoint     ] Total time for which application threads were stopped: 0.0002193 seconds, Stopping threads took: 0.0000392 seconds
[2023-11-16T06:39:10.457+0000][3890.900s][debug][safepoint     ] Safepoint synchronization initiated. (171 threads)
[2023-11-16T06:39:10.457+0000][3890.900s][info ][safepoint     ] Application time: 1.0001158 seconds
[2023-11-16T06:39:10.457+0000][3890.900s][debug][safepoint     ] ... found polling page return exception at pc = 0x00007fde84fea1fb, stub =0x00007fde7c83a800
[2023-11-16T06:39:10.457+0000][3890.900s][debug][safepoint     ] Waiting for 1 thread(s) to block
[2023-11-16T06:39:10.457+0000][3890.900s][info ][safepoint     ] Entering safepoint region: Cleanup
[2023-11-16T06:39:10.457+0000][3890.901s][info ][safepoint     ] Leaving safepoint region
[2023-11-16T06:39:10.457+0000][3890.901s][info ][safepoint     ] Total time for which application threads were stopped: 0.0002902 seconds, Stopping threads took: 0.0001234 seconds
[2023-11-16T06:39:11.457+0000][3891.901s][debug][safepoint     ] Safepoint synchronization initiated. (171 threads)
[2023-11-16T06:39:11.457+0000][3891.901s][info ][safepoint     ] Application time: 1.0001479 seconds
[2023-11-16T06:39:11.458+0000][3891.901s][info ][safepoint     ] Entering safepoint region: Cleanup
[2023-11-16T06:39:11.458+0000][3891.901s][info ][safepoint     ] Leaving safepoint region
[2023-11-16T06:39:11.458+0000][3891.901s][info ][safepoint     ] Total time for which application threads were stopped: 0.0002328 seconds, Stopping threads took: 0.0000478 seconds
[2023-11-16T06:39:12.458+0000][3892.901s][debug][safepoint     ] Safepoint synchronization initiated. (171 threads)
[2023-11-16T06:39:12.458+0000][3892.901s][info ][safepoint     ] Application time: 1.0001458 seconds
[2023-11-16T06:39:12.458+0000][3892.901s][info ][safepoint     ] Entering safepoint region: Cleanup
[2023-11-16T06:39:12.458+0000][3892.901s][info ][safepoint     ] Leaving safepoint region
[2023-11-16T06:39:12.458+0000][3892.901s][info ][safepoint     ] Total time for which application threads were stopped: 0.0002540 seconds, Stopping threads took: 0.0000542 seconds
[2023-11-16T06:39:13.458+0000][3893.902s][debug][safepoint     ] Safepoint synchronization initiated. (171 threads)
[2023-11-16T06:39:13.458+0000][3893.902s][info ][safepoint     ] Application time: 1.0001207 seconds
[2023-11-16T06:39:13.458+0000][3893.902s][info ][safepoint     ] Entering safepoint region: Cleanup
[2023-11-16T06:39:13.458+0000][3893.902s][info ][safepoint     ] Leaving safepoint region
[2023-11-16T06:39:13.458+0000][3893.902s][info ][safepoint     ] Total time for which application threads were stopped: 0.0001812 seconds, Stopping threads took: 0.0000354 seconds
[2023-11-16T06:39:14.459+0000][3894.902s][debug][safepoint     ] Safepoint synchronization initiated. (171 threads)
[2023-11-16T06:39:14.459+0000][3894.902s][info ][safepoint     ] Application time: 1.0001392 seconds
[2023-11-16T06:39:14.459+0000][3894.902s][info ][safepoint     ] Entering safepoint region: Cleanup
[2023-11-16T06:39:14.459+0000][3894.902s][info ][safepoint     ] Leaving safepoint region
[2023-11-16T06:39:14.459+0000][3894.902s][info ][safepoint     ] Total time for which application threads were stopped: 0.0002189 seconds, Stopping threads took: 0.0000482 seconds
[2023-11-16T06:39:15.459+0000][3895.902s][debug][safepoint     ] Safepoint synchronization initiated. (171 threads)
[2023-11-16T06:39:15.459+0000][3895.902s][info ][safepoint     ] Application time: 1.0001581 seconds
[2023-11-16T06:39:15.459+0000][3895.902s][info ][safepoint     ] Entering safepoint region: Cleanup
[2023-11-16T06:39:15.459+0000][3895.903s][info ][safepoint     ] Leaving safepoint region
[2023-11-16T06:39:15.459+0000][3895.903s][info ][safepoint     ] Total time for which application threads were stopped: 0.0002073 seconds, Stopping threads took: 0.0000520 seconds
[2023-11-16T06:39:16.459+0000][3896.903s][debug][safepoint     ] Safepoint synchronization initiated. (171 threads)
[2023-11-16T06:39:16.459+0000][3896.903s][info ][safepoint     ] Application time: 1.0001238 seconds
[2023-11-16T06:39:16.459+0000][3896.903s][info ][safepoint     ] Entering safepoint region: Cleanup
[2023-11-16T06:39:16.460+0000][3896.903s][info ][safepoint     ] Leaving safepoint region
[2023-11-16T06:39:16.460+0000][3896.903s][info ][safepoint     ] Total time for which application threads were stopped: 0.0002003 seconds, Stopping threads took: 0.0000393 seconds
[2023-11-16T06:39:17.460+0000][3897.903s][debug][safepoint     ] Safepoint synchronization initiated. (171 threads)
[2023-11-16T06:39:17.460+0000][3897.903s][info ][safepoint     ] Application time: 1.0001281 seconds
[2023-11-16T06:39:17.460+0000][3897.903s][info ][safepoint     ] Entering safepoint region: Cleanup
[2023-11-16T06:39:17.460+0000][3897.903s][info ][safepoint     ] Leaving safepoint region
[2023-11-16T06:39:17.460+0000][3897.903s][info ][safepoint     ] Total time for which application threads were stopped: 0.0001770 seconds, Stopping threads took: 0.0000337 seconds
[2023-11-16T06:39:18.460+0000][3898.903s][debug][safepoint     ] Safepoint synchronization initiated. (171 threads)
[2023-11-16T06:39:18.460+0000][3898.903s][info ][safepoint     ] Application time: 1.0001423 seconds
[2023-11-16T06:39:18.460+0000][3898.903s][info ][safepoint     ] Entering safepoint region: Cleanup
[2023-11-16T06:39:18.460+0000][3898.904s][info ][safepoint     ] Leaving safepoint region
[2023-11-16T06:39:18.460+0000][3898.904s][info ][safepoint     ] Total time for which application threads were stopped: 0.0002397 seconds, Stopping threads took: 0.0000375 seconds
[2023-11-16T06:39:19.460+0000][3899.904s][debug][safepoint     ] Safepoint synchronization initiated. (171 threads)
[2023-11-16T06:39:19.460+0000][3899.904s][info ][safepoint     ] Application time: 1.0001264 seconds
[2023-11-16T06:39:19.460+0000][3899.904s][info ][safepoint     ] Entering safepoint region: Cleanup
[2023-11-16T06:39:19.461+0000][3899.904s][info ][safepoint     ] Leaving safepoint region
[2023-11-16T06:39:19.461+0000][3899.904s][info ][safepoint     ] Total time for which application threads were stopped: 0.0001928 seconds, Stopping threads took: 0.0000386 seconds
[2023-11-16T06:39:20.461+0000][3900.904s][debug][safepoint     ] Safepoint synchronization initiated. (171 threads)
[2023-11-16T06:39:20.461+0000][3900.904s][info ][safepoint     ] Application time: 1.0001175 seconds
[2023-11-16T06:39:20.461+0000][3900.904s][info ][safepoint     ] Entering safepoint region: Cleanup
[2023-11-16T06:39:20.461+0000][3900.904s][info ][safepoint     ] Leaving safepoint region
[2023-11-16T06:39:20.461+0000][3900.904s][info ][safepoint     ] Total time for which application threads were stopped: 0.0001758 seconds, Stopping threads took: 0.0000404 seconds
[2023-11-16T06:39:21.461+0000][3901.904s][debug][safepoint     ] Safepoint synchronization initiated. (171 threads)
[2023-11-16T06:39:21.461+0000][3901.904s][info ][safepoint     ] Application time: 1.0001330 seconds
[2023-11-16T06:39:21.461+0000][3901.904s][info ][safepoint     ] Entering safepoint region: Cleanup
[2023-11-16T06:39:21.461+0000][3901.905s][info ][safepoint     ] Leaving safepoint region
[2023-11-16T06:39:21.461+0000][3901.905s][info ][safepoint     ] Total time for which application threads were stopped: 0.0002798 seconds, Stopping threads took: 0.0000403 seconds
[2023-11-16T06:39:22.461+0000][3902.905s][debug][safepoint     ] Safepoint synchronization initiated. (171 threads)
[2023-11-16T06:39:22.462+0000][3902.905s][info ][safepoint     ] Application time: 1.0001345 seconds
[2023-11-16T06:39:22.462+0000][3902.905s][info ][safepoint     ] Entering safepoint region: Cleanup
[2023-11-16T06:39:22.462+0000][3902.905s][info ][safepoint     ] Leaving safepoint region
[2023-11-16T06:39:22.462+0000][3902.905s][info ][safepoint     ] Total time for which application threads were stopped: 0.0002263 seconds, Stopping threads took: 0.0000428 seconds
[2023-11-16T06:39:23.462+0000][3903.905s][debug][safepoint     ] Safepoint synchronization initiated. (171 threads)
[2023-11-16T06:39:23.462+0000][3903.905s][info ][safepoint     ] Application time: 1.0001381 seconds
[2023-11-16T06:39:23.462+0000][3903.905s][info ][safepoint     ] Entering safepoint region: Cleanup
[2023-11-16T06:39:23.462+0000][3903.905s][info ][safepoint     ] Leaving safepoint region
[2023-11-16T06:39:23.462+0000][3903.905s][info ][safepoint     ] Total time for which application threads were stopped: 0.0002192 seconds, Stopping threads took: 0.0000557 seconds
[2023-11-16T06:39:24.462+0000][3904.906s][debug][safepoint     ] Safepoint synchronization initiated. (171 threads)
[2023-11-16T06:39:24.462+0000][3904.906s][info ][safepoint     ] Application time: 1.0001366 seconds
[2023-11-16T06:39:24.462+0000][3904.906s][info ][safepoint     ] Entering safepoint region: Cleanup
[2023-11-16T06:39:24.463+0000][3904.906s][info ][safepoint     ] Leaving safepoint region
[2023-11-16T06:39:24.463+0000][3904.906s][info ][safepoint     ] Total time for which application threads were stopped: 0.0002738 seconds, Stopping threads took: 0.0000840 seconds
[2023-11-16T06:39:25.463+0000][3905.906s][debug][safepoint     ] Safepoint synchronization initiated. (171 threads)
[2023-11-16T06:39:25.463+0000][3905.906s][info ][safepoint     ] Application time: 1.0001135 seconds
[2023-11-16T06:39:25.463+0000][3905.906s][info ][safepoint     ] Entering safepoint region: Cleanup
[2023-11-16T06:39:25.463+0000][3905.906s][info ][safepoint     ] Leaving safepoint region
[2023-11-16T06:39:25.463+0000][3905.906s][info ][safepoint     ] Total time for which application threads were stopped: 0.0002227 seconds, Stopping threads took: 0.0000352 seconds
[2023-11-16T06:39:26.463+0000][3906.906s][debug][safepoint     ] Safepoint synchronization initiated. (171 threads)
[2023-11-16T06:39:26.463+0000][3906.906s][info ][safepoint     ] Application time: 1.0001160 seconds
[2023-11-16T06:39:26.463+0000][3906.906s][info ][safepoint     ] Entering safepoint region: Cleanup
[2023-11-16T06:39:26.463+0000][3906.907s][info ][safepoint     ] Leaving safepoint region
[2023-11-16T06:39:26.463+0000][3906.907s][info ][safepoint     ] Total time for which application threads were stopped: 0.0001635 seconds, Stopping threads took: 0.0000360 seconds
[2023-11-16T06:39:27.463+0000][3907.907s][debug][safepoint     ] Safepoint synchronization initiated. (171 threads)
[2023-11-16T06:39:27.463+0000][3907.907s][info ][safepoint     ] Application time: 1.0001236 seconds
[2023-11-16T06:39:27.463+0000][3907.907s][info ][safepoint     ] Entering safepoint region: Cleanup
[2023-11-16T06:39:27.464+0000][3907.907s][info ][safepoint     ] Leaving safepoint region
[2023-11-16T06:39:27.464+0000][3907.907s][info ][safepoint     ] Total time for which application threads were stopped: 0.0002042 seconds, Stopping threads took: 0.0000378 seconds
[2023-11-16T06:39:28.464+0000][3908.907s][debug][safepoint     ] Safepoint synchronization initiated. (171 threads)
[2023-11-16T06:39:28.464+0000][3908.907s][info ][safepoint     ] Application time: 1.0001280 seconds
[2023-11-16T06:39:28.464+0000][3908.907s][info ][safepoint     ] Entering safepoint region: Cleanup
[2023-11-16T06:39:28.464+0000][3908.907s][info ][safepoint     ] Leaving safepoint region
[2023-11-16T06:39:28.464+0000][3908.907s][info ][safepoint     ] Total time for which application threads were stopped: 0.0001680 seconds, Stopping threads took: 0.0000393 seconds
[2023-11-16T06:39:29.464+0000][3909.907s][debug][safepoint     ] Safepoint synchronization initiated. (171 threads)
[2023-11-16T06:39:29.464+0000][3909.907s][info ][safepoint     ] Application time: 1.0001190 seconds
[2023-11-16T06:39:29.464+0000][3909.907s][info ][safepoint     ] Entering safepoint region: Cleanup
[2023-11-16T06:39:29.464+0000][3909.908s][info ][safepoint     ] Leaving safepoint region
[2023-11-16T06:39:29.464+0000][3909.908s][info ][safepoint     ] Total time for which application threads were stopped: 0.0002230 seconds, Stopping threads took: 0.0000710 seconds
[2023-11-16T06:39:30.464+0000][3910.908s][debug][safepoint     ] Safepoint synchronization initiated. (171 threads)
[2023-11-16T06:39:30.464+0000][3910.908s][info ][safepoint     ] Application time: 1.0001152 seconds
[2023-11-16T06:39:30.464+0000][3910.908s][info ][safepoint     ] Entering safepoint region: Cleanup
[2023-11-16T06:39:30.465+0000][3910.908s][info ][safepoint     ] Leaving safepoint region
[2023-11-16T06:39:30.465+0000][3910.908s][info ][safepoint     ] Total time for which application threads were stopped: 0.0002430 seconds, Stopping threads took: 0.0000370 seconds
[2023-11-16T06:39:31.465+0000][3911.908s][debug][safepoint     ] Safepoint synchronization initiated. (171 threads)
[2023-11-16T06:39:31.465+0000][3911.908s][info ][safepoint     ] Application time: 1.0001616 seconds
[2023-11-16T06:39:31.465+0000][3911.908s][info ][safepoint     ] Entering safepoint region: Cleanup
[2023-11-16T06:39:31.465+0000][3911.908s][info ][safepoint     ] Leaving safepoint region
[2023-11-16T06:39:31.465+0000][3911.908s][info ][safepoint     ] Total time for which application threads were stopped: 0.0003375 seconds, Stopping threads took: 0.0000512 seconds
[2023-11-16T06:39:32.465+0000][3912.909s][debug][safepoint     ] Safepoint synchronization initiated. (171 threads)
[2023-11-16T06:39:32.465+0000][3912.909s][info ][safepoint     ] Application time: 1.0001686 seconds
[2023-11-16T06:39:32.465+0000][3912.909s][info ][safepoint     ] Entering safepoint region: Cleanup
[2023-11-16T06:39:32.466+0000][3912.909s][info ][safepoint     ] Leaving safepoint region
[2023-11-16T06:39:32.466+0000][3912.909s][info ][safepoint     ] Total time for which application threads were stopped: 0.0003363 seconds, Stopping threads took: 0.0000523 seconds
[2023-11-16T06:39:33.466+0000][3913.909s][debug][safepoint     ] Safepoint synchronization initiated. (171 threads)
[2023-11-16T06:39:33.466+0000][3913.909s][info ][safepoint     ] Application time: 1.0001621 seconds
[2023-11-16T06:39:33.466+0000][3913.909s][info ][safepoint     ] Entering safepoint region: Cleanup
[2023-11-16T06:39:33.466+0000][3913.909s][info ][safepoint     ] Leaving safepoint region
[2023-11-16T06:39:33.466+0000][3913.910s][info ][safepoint     ] Total time for which application threads were stopped: 0.0003080 seconds, Stopping threads took: 0.0000549 seconds
[2023-11-16T06:39:34.466+0000][3914.910s][debug][safepoint     ] Safepoint synchronization initiated. (171 threads)
[2023-11-16T06:39:34.466+0000][3914.910s][info ][safepoint     ] Application time: 1.0001673 seconds
[2023-11-16T06:39:34.466+0000][3914.910s][info ][safepoint     ] Entering safepoint region: Cleanup
[2023-11-16T06:39:34.467+0000][3914.910s][info ][safepoint     ] Leaving safepoint region
[2023-11-16T06:39:34.467+0000][3914.910s][info ][safepoint     ] Total time for which application threads were stopped: 0.0003389 seconds, Stopping threads took: 0.0000515 seconds
[2023-11-16T06:39:35.467+0000][3915.910s][debug][safepoint     ] Safepoint synchronization initiated. (171 threads)
[2023-11-16T06:39:35.467+0000][3915.910s][info ][safepoint     ] Application time: 1.0001630 seconds
[2023-11-16T06:39:35.467+0000][3915.910s][info ][safepoint     ] Entering safepoint region: Cleanup
[2023-11-16T06:39:35.467+0000][3915.911s][info ][safepoint     ] Leaving safepoint region
[2023-11-16T06:39:35.467+0000][3915.911s][info ][safepoint     ] Total time for which application threads were stopped: 0.0002528 seconds, Stopping threads took: 0.0000525 seconds
[2023-11-16T06:39:36.467+0000][3916.911s][debug][safepoint     ] Safepoint synchronization initiated. (171 threads)
[2023-11-16T06:39:36.467+0000][3916.911s][info ][safepoint     ] Application time: 1.0001652 seconds
[2023-11-16T06:39:36.467+0000][3916.911s][info ][safepoint     ] Entering safepoint region: Cleanup
[2023-11-16T06:39:36.468+0000][3916.911s][info ][safepoint     ] Leaving safepoint region
[2023-11-16T06:39:36.468+0000][3916.911s][info ][safepoint     ] Total time for which application threads were stopped: 0.0002817 seconds, Stopping threads took: 0.0000794 seconds
[2023-11-16T06:39:37.468+0000][3917.911s][debug][safepoint     ] Safepoint synchronization initiated. (171 threads)
[2023-11-16T06:39:37.468+0000][3917.911s][info ][safepoint     ] Application time: 1.0001509 seconds
[2023-11-16T06:39:37.468+0000][3917.911s][info ][safepoint     ] Entering safepoint region: Cleanup
[2023-11-16T06:39:37.468+0000][3917.912s][info ][safepoint     ] Leaving safepoint region
[2023-11-16T06:39:37.468+0000][3917.912s][info ][safepoint     ] Total time for which application threads were stopped: 0.0003441 seconds, Stopping threads took: 0.0000528 seconds
[2023-11-16T06:39:38.468+0000][3918.912s][debug][safepoint     ] Safepoint synchronization initiated. (171 threads)
[2023-11-16T06:39:38.468+0000][3918.912s][info ][safepoint     ] Application time: 1.0001695 seconds
[2023-11-16T06:39:38.469+0000][3918.912s][info ][safepoint     ] Entering safepoint region: Cleanup
[2023-11-16T06:39:38.469+0000][3918.912s][info ][safepoint     ] Leaving safepoint region
[2023-11-16T06:39:38.469+0000][3918.912s][info ][safepoint     ] Total time for which application threads were stopped: 0.0003355 seconds, Stopping threads took: 0.0000502 seconds
[2023-11-16T06:39:39.469+0000][3919.912s][debug][safepoint     ] Safepoint synchronization initiated. (171 threads)
[2023-11-16T06:39:39.469+0000][3919.912s][info ][safepoint     ] Application time: 1.0001705 seconds
[2023-11-16T06:39:39.469+0000][3919.912s][info ][safepoint     ] Entering safepoint region: Cleanup
[2023-11-16T06:39:39.469+0000][3919.913s][info ][safepoint     ] Leaving safepoint region
[2023-11-16T06:39:39.469+0000][3919.913s][info ][safepoint     ] Total time for which application threads were stopped: 0.0003435 seconds, Stopping threads took: 0.0000528 seconds
[2023-11-16T06:39:40.469+0000][3920.913s][debug][safepoint     ] Safepoint synchronization initiated. (171 threads)
[2023-11-16T06:39:40.470+0000][3920.913s][info ][safepoint     ] Application time: 1.0001791 seconds
[2023-11-16T06:39:40.470+0000][3920.913s][info ][safepoint     ] Entering safepoint region: Cleanup
[2023-11-16T06:39:40.470+0000][3920.913s][info ][safepoint     ] Leaving safepoint region
[2023-11-16T06:39:40.470+0000][3920.913s][info ][safepoint     ] Total time for which application threads were stopped: 0.0004034 seconds, Stopping threads took: 0.0000529 seconds
[2023-11-16T06:39:41.470+0000][3921.913s][debug][safepoint     ] Safepoint synchronization initiated. (171 threads)
[2023-11-16T06:39:41.470+0000][3921.913s][info ][safepoint     ] Application time: 1.0001532 seconds
[2023-11-16T06:39:41.470+0000][3921.914s][info ][safepoint     ] Entering safepoint region: Cleanup
[2023-11-16T06:39:41.470+0000][3921.914s][info ][safepoint     ] Leaving safepoint region
[2023-11-16T06:39:41.471+0000][3921.914s][info ][safepoint     ] Total time for which application threads were stopped: 0.0003459 seconds, Stopping threads took: 0.0000530 seconds
[2023-11-16T06:39:42.471+0000][3922.914s][debug][safepoint     ] Safepoint synchronization initiated. (171 threads)
[2023-11-16T06:39:42.471+0000][3922.914s][info ][safepoint     ] Application time: 1.0001432 seconds
[2023-11-16T06:39:42.471+0000][3922.914s][info ][safepoint     ] Entering safepoint region: Cleanup
[2023-11-16T06:39:42.471+0000][3922.914s][info ][safepoint     ] Leaving safepoint region
[2023-11-16T06:39:42.471+0000][3922.914s][info ][safepoint     ] Total time for which application threads were stopped: 0.0002561 seconds, Stopping threads took: 0.0000490 seconds
[2023-11-16T06:39:43.471+0000][3923.914s][debug][safepoint     ] Safepoint synchronization initiated. (171 threads)
[2023-11-16T06:39:43.471+0000][3923.914s][info ][safepoint     ] Application time: 1.0001543 seconds
[2023-11-16T06:39:43.471+0000][3923.914s][info ][safepoint     ] Entering safepoint region: Cleanup
[2023-11-16T06:39:43.471+0000][3923.915s][info ][safepoint     ] Leaving safepoint region
[2023-11-16T06:39:43.471+0000][3923.915s][info ][safepoint     ] Total time for which application threads were stopped: 0.0003318 seconds, Stopping threads took: 0.0000515 seconds
[2023-11-16T06:39:44.472+0000][3924.915s][debug][safepoint     ] Safepoint synchronization initiated. (171 threads)
[2023-11-16T06:39:44.472+0000][3924.915s][info ][safepoint     ] Application time: 1.0001545 seconds
[2023-11-16T06:39:44.472+0000][3924.915s][info ][safepoint     ] Entering safepoint region: Cleanup
[2023-11-16T06:39:44.472+0000][3924.915s][info ][safepoint     ] Leaving safepoint region
[2023-11-16T06:39:44.472+0000][3924.915s][info ][safepoint     ] Total time for which application threads were stopped: 0.0003429 seconds, Stopping threads took: 0.0000536 seconds
[2023-11-16T06:39:45.472+0000][3925.915s][debug][safepoint     ] Safepoint synchronization initiated. (171 threads)
[2023-11-16T06:39:45.472+0000][3925.916s][info ][safepoint     ] Application time: 1.0001533 seconds
[2023-11-16T06:39:45.472+0000][3925.916s][info ][safepoint     ] Entering safepoint region: Cleanup
[2023-11-16T06:39:45.472+0000][3925.916s][info ][safepoint     ] Leaving safepoint region
[2023-11-16T06:39:45.472+0000][3925.916s][info ][safepoint     ] Total time for which application threads were stopped: 0.0002563 seconds, Stopping threads took: 0.0000518 seconds
[2023-11-16T06:39:46.473+0000][3926.916s][debug][safepoint     ] Safepoint synchronization initiated. (171 threads)
[2023-11-16T06:39:46.473+0000][3926.916s][info ][safepoint     ] Application time: 1.0001656 seconds
[2023-11-16T06:39:46.473+0000][3926.916s][info ][safepoint     ] Entering safepoint region: Cleanup
[2023-11-16T06:39:46.473+0000][3926.916s][info ][safepoint     ] Leaving safepoint region
[2023-11-16T06:39:46.473+0000][3926.916s][info ][safepoint     ] Total time for which application threads were stopped: 0.0003618 seconds, Stopping threads took: 0.0000600 seconds
[2023-11-16T06:39:46.473+0000][3926.916s][debug][safepoint     ] ... found polling page return exception at pc = 0x00007fde849bede6, stub =0x00007fde7c83a800
[2023-11-16T06:39:47.473+0000][3927.916s][debug][safepoint     ] Safepoint synchronization initiated. (171 threads)
[2023-11-16T06:39:47.473+0000][3927.917s][info ][safepoint     ] Application time: 1.0001566 seconds
[2023-11-16T06:39:47.473+0000][3927.917s][info ][safepoint     ] Entering safepoint region: Cleanup
[2023-11-16T06:39:47.473+0000][3927.917s][info ][safepoint     ] Leaving safepoint region
[2023-11-16T06:39:47.473+0000][3927.917s][info ][safepoint     ] Total time for which application threads were stopped: 0.0002569 seconds, Stopping threads took: 0.0000523 seconds
[2023-11-16T06:39:48.474+0000][3928.917s][debug][safepoint     ] Safepoint synchronization initiated. (171 threads)
[2023-11-16T06:39:48.474+0000][3928.917s][info ][safepoint     ] Application time: 1.0001566 seconds
[2023-11-16T06:39:48.474+0000][3928.917s][info ][safepoint     ] Entering safepoint region: Cleanup
[2023-11-16T06:39:48.474+0000][3928.917s][info ][safepoint     ] Leaving safepoint region
[2023-11-16T06:39:48.474+0000][3928.917s][info ][safepoint     ] Total time for which application threads were stopped: 0.0003374 seconds, Stopping threads took: 0.0000506 seconds
[2023-11-16T06:39:49.474+0000][3929.917s][debug][safepoint     ] Safepoint synchronization initiated. (171 threads)
[2023-11-16T06:39:49.474+0000][3929.918s][info ][safepoint     ] Application time: 1.0001718 seconds
[2023-11-16T06:39:49.474+0000][3929.918s][info ][safepoint     ] Entering safepoint region: Cleanup
[2023-11-16T06:39:49.475+0000][3929.918s][info ][safepoint     ] Leaving safepoint region
[2023-11-16T06:39:49.475+0000][3929.918s][info ][safepoint     ] Total time for which application threads were stopped: 0.0003379 seconds, Stopping threads took: 0.0000521 seconds
[2023-11-16T06:39:50.475+0000][3930.918s][debug][safepoint     ] Safepoint synchronization initiated. (171 threads)
[2023-11-16T06:39:50.475+0000][3930.918s][info ][safepoint     ] Application time: 1.0001570 seconds
[2023-11-16T06:39:50.475+0000][3930.918s][info ][safepoint     ] Entering safepoint region: Cleanup
[2023-11-16T06:39:50.475+0000][3930.918s][info ][safepoint     ] Leaving safepoint region
[2023-11-16T06:39:50.475+0000][3930.918s][info ][safepoint     ] Total time for which application threads were stopped: 0.0003425 seconds, Stopping threads took: 0.0000518 seconds
[2023-11-16T06:39:51.475+0000][3931.919s][debug][safepoint     ] Safepoint synchronization initiated. (171 threads)
[2023-11-16T06:39:51.475+0000][3931.919s][info ][safepoint     ] Application time: 1.0001524 seconds
[2023-11-16T06:39:51.475+0000][3931.919s][info ][safepoint     ] Entering safepoint region: Cleanup
[2023-11-16T06:39:51.476+0000][3931.919s][info ][safepoint     ] Leaving safepoint region
[2023-11-16T06:39:51.476+0000][3931.919s][info ][safepoint     ] Total time for which application threads were stopped: 0.0005326 seconds, Stopping threads took: 0.0002747 seconds
[2023-11-16T06:39:52.476+0000][3932.919s][debug][safepoint     ] Safepoint synchronization initiated. (171 threads)
[2023-11-16T06:39:52.476+0000][3932.919s][info ][safepoint     ] Application time: 1.0001503 seconds
[2023-11-16T06:39:52.476+0000][3932.919s][info ][safepoint     ] Entering safepoint region: Cleanup
[2023-11-16T06:39:52.476+0000][3932.920s][info ][safepoint     ] Leaving safepoint region
[2023-11-16T06:39:52.476+0000][3932.920s][info ][safepoint     ] Total time for which application threads were stopped: 0.0002730 seconds, Stopping threads took: 0.0000524 seconds
[2023-11-16T06:39:53.476+0000][3933.920s][debug][safepoint     ] Safepoint synchronization initiated. (171 threads)
[2023-11-16T06:39:53.476+0000][3933.920s][info ][safepoint     ] Application time: 1.0001512 seconds
[2023-11-16T06:39:53.476+0000][3933.920s][info ][safepoint     ] Entering safepoint region: Cleanup
[2023-11-16T06:39:53.477+0000][3933.920s][info ][safepoint     ] Leaving safepoint region
[2023-11-16T06:39:53.477+0000][3933.920s][info ][safepoint     ] Total time for which application threads were stopped: 0.0002842 seconds, Stopping threads took: 0.0000535 seconds
[2023-11-16T06:39:54.477+0000][3934.920s][debug][safepoint     ] Safepoint synchronization initiated. (171 threads)
[2023-11-16T06:39:54.477+0000][3934.920s][info ][safepoint     ] Application time: 1.0001511 seconds
[2023-11-16T06:39:54.477+0000][3934.920s][info ][safepoint     ] Entering safepoint region: Cleanup
[2023-11-16T06:39:54.477+0000][3934.921s][info ][safepoint     ] Leaving safepoint region
[2023-11-16T06:39:54.477+0000][3934.921s][info ][safepoint     ] Total time for which application threads were stopped: 0.0003341 seconds, Stopping threads took: 0.0000533 seconds
[2023-11-16T06:39:55.477+0000][3935.921s][debug][safepoint     ] Safepoint synchronization initiated. (171 threads)
[2023-11-16T06:39:55.477+0000][3935.921s][info ][safepoint     ] Application time: 1.0001583 seconds
[2023-11-16T06:39:55.477+0000][3935.921s][info ][safepoint     ] Entering safepoint region: Cleanup
[2023-11-16T06:39:55.478+0000][3935.921s][info ][safepoint     ] Leaving safepoint region
[2023-11-16T06:39:55.478+0000][3935.921s][info ][safepoint     ] Total time for which application threads were stopped: 0.0003429 seconds, Stopping threads took: 0.0000521 seconds
[2023-11-16T06:39:56.478+0000][3936.921s][debug][safepoint     ] Safepoint synchronization initiated. (171 threads)
[2023-11-16T06:39:56.478+0000][3936.921s][info ][safepoint     ] Application time: 1.0001726 seconds
[2023-11-16T06:39:56.478+0000][3936.921s][info ][safepoint     ] Entering safepoint region: Cleanup
[2023-11-16T06:39:56.478+0000][3936.922s][info ][safepoint     ] Leaving safepoint region
[2023-11-16T06:39:56.479+0000][3936.922s][info ][safepoint     ] Total time for which application threads were stopped: 0.0005161 seconds, Stopping threads took: 0.0001656 seconds
[2023-11-16T06:39:57.479+0000][3937.922s][debug][safepoint     ] Safepoint synchronization initiated. (171 threads)
[2023-11-16T06:39:57.479+0000][3937.922s][info ][safepoint     ] Application time: 1.0001659 seconds
[2023-11-16T06:39:57.479+0000][3937.922s][info ][safepoint     ] Entering safepoint region: Cleanup
[2023-11-16T06:39:57.479+0000][3937.922s][info ][safepoint     ] Leaving safepoint region
[2023-11-16T06:39:57.479+0000][3937.922s][info ][safepoint     ] Total time for which application threads were stopped: 0.0003412 seconds, Stopping threads took: 0.0000514 seconds
[2023-11-16T06:39:58.479+0000][3938.923s][debug][safepoint     ] Safepoint synchronization initiated. (171 threads)
[2023-11-16T06:39:58.479+0000][3938.923s][info ][safepoint     ] Application time: 1.0001438 seconds
[2023-11-16T06:39:58.479+0000][3938.923s][info ][safepoint     ] Entering safepoint region: Cleanup
[2023-11-16T06:39:58.480+0000][3938.923s][info ][safepoint     ] Leaving safepoint region
[2023-11-16T06:39:58.480+0000][3938.923s][info ][safepoint     ] Total time for which application threads were stopped: 0.0003553 seconds, Stopping threads took: 0.0000506 seconds
[2023-11-16T06:39:59.480+0000][3939.923s][debug][safepoint     ] Safepoint synchronization initiated. (170 threads)
[2023-11-16T06:39:59.480+0000][3939.923s][info ][safepoint     ] Application time: 1.0001511 seconds
[2023-11-16T06:39:59.480+0000][3939.923s][info ][safepoint     ] Entering safepoint region: Cleanup
[2023-11-16T06:39:59.480+0000][3939.923s][info ][safepoint     ] Leaving safepoint region
[2023-11-16T06:39:59.480+0000][3939.923s][info ][safepoint     ] Total time for which application threads were stopped: 0.0002455 seconds, Stopping threads took: 0.0000518 seconds
[2023-11-16T06:40:00.480+0000][3940.923s][debug][safepoint     ] Safepoint synchronization initiated. (170 threads)
[2023-11-16T06:40:00.480+0000][3940.924s][info ][safepoint     ] Application time: 1.0001600 seconds
[2023-11-16T06:40:00.480+0000][3940.924s][info ][safepoint     ] Entering safepoint region: Cleanup
[2023-11-16T06:40:00.481+0000][3940.924s][info ][safepoint     ] Leaving safepoint region
[2023-11-16T06:40:00.481+0000][3940.924s][info ][safepoint     ] Total time for which application threads were stopped: 0.0002939 seconds, Stopping threads took: 0.0000693 seconds
[2023-11-16T06:40:01.481+0000][3941.924s][debug][safepoint     ] Safepoint synchronization initiated. (170 threads)
[2023-11-16T06:40:01.481+0000][3941.924s][info ][safepoint     ] Application time: 1.0004886 seconds
[2023-11-16T06:40:01.481+0000][3941.924s][info ][safepoint     ] Entering safepoint region: Cleanup
[2023-11-16T06:40:01.481+0000][3941.925s][info ][safepoint     ] Leaving safepoint region
[2023-11-16T06:40:01.481+0000][3941.925s][info ][safepoint     ] Total time for which application threads were stopped: 0.0001776 seconds, Stopping threads took: 0.0000463 seconds
[2023-11-16T06:40:02.481+0000][3942.925s][debug][safepoint     ] Safepoint synchronization initiated. (170 threads)
[2023-11-16T06:40:02.481+0000][3942.925s][info ][safepoint     ] Application time: 1.0001376 seconds
[2023-11-16T06:40:02.481+0000][3942.925s][info ][safepoint     ] Entering safepoint region: Cleanup
[2023-11-16T06:40:02.482+0000][3942.925s][info ][safepoint     ] Leaving safepoint region
[2023-11-16T06:40:02.482+0000][3942.925s][info ][safepoint     ] Total time for which application threads were stopped: 0.0003285 seconds, Stopping threads took: 0.0000502 seconds
[2023-11-16T06:40:03.482+0000][3943.925s][debug][safepoint     ] Safepoint synchronization initiated. (170 threads)
[2023-11-16T06:40:03.482+0000][3943.925s][info ][safepoint     ] Application time: 1.0001817 seconds
[2023-11-16T06:40:03.482+0000][3943.925s][info ][safepoint     ] Entering safepoint region: Cleanup
[2023-11-16T06:40:03.482+0000][3943.926s][info ][safepoint     ] Leaving safepoint region
[2023-11-16T06:40:03.482+0000][3943.926s][info ][safepoint     ] Total time for which application threads were stopped: 0.0002758 seconds, Stopping threads took: 0.0000552 seconds
[2023-11-16T06:40:04.482+0000][3944.926s][debug][safepoint     ] Safepoint synchronization initiated. (170 threads)
[2023-11-16T06:40:04.482+0000][3944.926s][info ][safepoint     ] Application time: 1.0001795 seconds
[2023-11-16T06:40:04.482+0000][3944.926s][info ][safepoint     ] Entering safepoint region: Cleanup
[2023-11-16T06:40:04.483+0000][3944.926s][info ][safepoint     ] Leaving safepoint region
[2023-11-16T06:40:04.483+0000][3944.926s][info ][safepoint     ] Total time for which application threads were stopped: 0.0003436 seconds, Stopping threads took: 0.0000519 seconds
[2023-11-16T06:40:05.483+0000][3945.926s][debug][safepoint     ] Safepoint synchronization initiated. (170 threads)
[2023-11-16T06:40:05.483+0000][3945.926s][info ][safepoint     ] Application time: 1.0001717 seconds
[2023-11-16T06:40:05.483+0000][3945.926s][info ][safepoint     ] Entering safepoint region: Cleanup
[2023-11-16T06:40:05.483+0000][3945.927s][info ][safepoint     ] Leaving safepoint region
[2023-11-16T06:40:05.483+0000][3945.927s][info ][safepoint     ] Total time for which application threads were stopped: 0.0003625 seconds, Stopping threads took: 0.0000511 seconds
[2023-11-16T06:40:06.483+0000][3946.927s][debug][safepoint     ] Safepoint synchronization initiated. (170 threads)
[2023-11-16T06:40:06.484+0000][3946.927s][info ][safepoint     ] Application time: 1.0001632 seconds
[2023-11-16T06:40:06.484+0000][3946.927s][info ][safepoint     ] Entering safepoint region: Cleanup
[2023-11-16T06:40:06.484+0000][3946.927s][info ][safepoint     ] Leaving safepoint region
[2023-11-16T06:40:06.484+0000][3946.927s][info ][safepoint     ] Total time for which application threads were stopped: 0.0003417 seconds, Stopping threads took: 0.0000515 seconds
[2023-11-16T06:40:07.484+0000][3947.927s][debug][safepoint     ] Safepoint synchronization initiated. (170 threads)
[2023-11-16T06:40:07.484+0000][3947.927s][info ][safepoint     ] Application time: 1.0001556 seconds
[2023-11-16T06:40:07.484+0000][3947.927s][info ][safepoint     ] Entering safepoint region: Cleanup
[2023-11-16T06:40:07.484+0000][3947.928s][info ][safepoint     ] Leaving safepoint region
[2023-11-16T06:40:07.484+0000][3947.928s][debug][safepoint     ] ... found polling page return exception at pc = 0x00007fde849bede6, stub =0x00007fde7c83a800
[2023-11-16T06:40:07.484+0000][3947.928s][info ][safepoint     ] Total time for which application threads were stopped: 0.0003301 seconds, Stopping threads took: 0.0000602 seconds
[2023-11-16T06:40:07.484+0000][3947.928s][debug][safepoint     ] ... found polling page return exception at pc = 0x00007fde849bede6, stub =0x00007fde7c83a800
[2023-11-16T06:40:07.484+0000][3947.928s][debug][safepoint     ] ... found polling page return exception at pc = 0x00007fde849bede6, stub =0x00007fde7c83a800
[2023-11-16T06:40:08.485+0000][3948.928s][debug][safepoint     ] Safepoint synchronization initiated. (170 threads)
[2023-11-16T06:40:08.485+0000][3948.928s][info ][safepoint     ] Application time: 1.0001841 seconds
[2023-11-16T06:40:08.485+0000][3948.928s][info ][safepoint     ] Entering safepoint region: Cleanup
[2023-11-16T06:40:08.485+0000][3948.928s][info ][safepoint     ] Leaving safepoint region
[2023-11-16T06:40:08.485+0000][3948.928s][info ][safepoint     ] Total time for which application threads were stopped: 0.0002764 seconds, Stopping threads took: 0.0000501 seconds
[2023-11-16T06:40:09.485+0000][3949.928s][debug][safepoint     ] Safepoint synchronization initiated. (170 threads)
[2023-11-16T06:40:09.485+0000][3949.928s][info ][safepoint     ] Application time: 1.0001589 seconds
[2023-11-16T06:40:09.485+0000][3949.929s][info ][safepoint     ] Entering safepoint region: Cleanup
[2023-11-16T06:40:09.485+0000][3949.929s][info ][safepoint     ] Leaving safepoint region
[2023-11-16T06:40:09.485+0000][3949.929s][info ][safepoint     ] Total time for which application threads were stopped: 0.0002733 seconds, Stopping threads took: 0.0000520 seconds
[2023-11-16T06:40:10.486+0000][3950.929s][debug][safepoint     ] Safepoint synchronization initiated. (170 threads)
[2023-11-16T06:40:10.486+0000][3950.929s][info ][safepoint     ] Application time: 1.0001533 seconds
[2023-11-16T06:40:10.486+0000][3950.929s][info ][safepoint     ] Entering safepoint region: Cleanup
[2023-11-16T06:40:10.486+0000][3950.929s][info ][safepoint     ] Leaving safepoint region
[2023-11-16T06:40:10.486+0000][3950.929s][info ][safepoint     ] Total time for which application threads were stopped: 0.0002474 seconds, Stopping threads took: 0.0000515 seconds
[2023-11-16T06:40:11.486+0000][3951.929s][debug][safepoint     ] Safepoint synchronization initiated. (170 threads)
[2023-11-16T06:40:11.486+0000][3951.929s][info ][safepoint     ] Application time: 1.0001520 seconds
[2023-11-16T06:40:11.486+0000][3951.929s][info ][safepoint     ] Entering safepoint region: Cleanup
[2023-11-16T06:40:11.486+0000][3951.930s][info ][safepoint     ] Leaving safepoint region
[2023-11-16T06:40:11.486+0000][3951.930s][info ][safepoint     ] Total time for which application threads were stopped: 0.0002870 seconds, Stopping threads took: 0.0000519 seconds
[2023-11-16T06:40:12.486+0000][3952.930s][debug][safepoint     ] Safepoint synchronization initiated. (170 threads)
[2023-11-16T06:40:12.487+0000][3952.930s][info ][safepoint     ] Application time: 1.0001644 seconds
[2023-11-16T06:40:12.487+0000][3952.930s][info ][safepoint     ] Entering safepoint region: Cleanup
[2023-11-16T06:40:12.487+0000][3952.930s][info ][safepoint     ] Leaving safepoint region
[2023-11-16T06:40:12.487+0000][3952.930s][info ][safepoint     ] Total time for which application threads were stopped: 0.0003434 seconds, Stopping threads took: 0.0000513 seconds
[2023-11-16T06:40:13.487+0000][3953.930s][debug][safepoint     ] Safepoint synchronization initiated. (170 threads)
[2023-11-16T06:40:13.487+0000][3953.930s][info ][safepoint     ] Application time: 1.0001705 seconds
[2023-11-16T06:40:13.487+0000][3953.930s][info ][safepoint     ] Entering safepoint region: Cleanup
[2023-11-16T06:40:13.488+0000][3953.931s][info ][safepoint     ] Leaving safepoint region
[2023-11-16T06:40:13.488+0000][3953.931s][info ][safepoint     ] Total time for which application threads were stopped: 0.0005104 seconds, Stopping threads took: 0.0003041 seconds
[2023-11-16T06:40:14.488+0000][3954.931s][debug][safepoint     ] Safepoint synchronization initiated. (170 threads)
[2023-11-16T06:40:14.488+0000][3954.931s][info ][safepoint     ] Application time: 1.0001521 seconds
[2023-11-16T06:40:14.488+0000][3954.931s][info ][safepoint     ] Entering safepoint region: Cleanup
[2023-11-16T06:40:14.488+0000][3954.931s][info ][safepoint     ] Leaving safepoint region
[2023-11-16T06:40:14.488+0000][3954.931s][info ][safepoint     ] Total time for which application threads were stopped: 0.0003358 seconds, Stopping threads took: 0.0000516 seconds
[2023-11-16T06:40:15.488+0000][3955.932s][debug][safepoint     ] Safepoint synchronization initiated. (170 threads)
[2023-11-16T06:40:15.488+0000][3955.932s][info ][safepoint     ] Application time: 1.0001570 seconds
[2023-11-16T06:40:15.488+0000][3955.932s][info ][safepoint     ] Entering safepoint region: Cleanup
[2023-11-16T06:40:15.489+0000][3955.932s][info ][safepoint     ] Leaving safepoint region
[2023-11-16T06:40:15.489+0000][3955.932s][info ][safepoint     ] Total time for which application threads were stopped: 0.0003406 seconds, Stopping threads took: 0.0000518 seconds
[2023-11-16T06:40:16.489+0000][3956.932s][debug][safepoint     ] Safepoint synchronization initiated. (170 threads)
[2023-11-16T06:40:16.489+0000][3956.932s][info ][safepoint     ] Application time: 1.0001563 seconds
[2023-11-16T06:40:16.489+0000][3956.932s][info ][safepoint     ] Entering safepoint region: Cleanup
[2023-11-16T06:40:16.489+0000][3956.932s][info ][safepoint     ] Leaving safepoint region
[2023-11-16T06:40:16.489+0000][3956.933s][info ][safepoint     ] Total time for which application threads were stopped: 0.0003409 seconds, Stopping threads took: 0.0000519 seconds
[2023-11-16T06:40:17.489+0000][3957.933s][debug][safepoint     ] Safepoint synchronization initiated. (170 threads)
[2023-11-16T06:40:17.489+0000][3957.933s][info ][safepoint     ] Application time: 1.0001555 seconds
[2023-11-16T06:40:17.489+0000][3957.933s][info ][safepoint     ] Entering safepoint region: Cleanup
[2023-11-16T06:40:17.490+0000][3957.933s][info ][safepoint     ] Leaving safepoint region
[2023-11-16T06:40:17.490+0000][3957.933s][info ][safepoint     ] Total time for which application threads were stopped: 0.0003416 seconds, Stopping threads took: 0.0000521 seconds
[2023-11-16T06:40:18.490+0000][3958.933s][debug][safepoint     ] Safepoint synchronization initiated. (170 threads)
[2023-11-16T06:40:18.490+0000][3958.933s][info ][safepoint     ] Application time: 1.0001598 seconds
[2023-11-16T06:40:18.490+0000][3958.933s][info ][safepoint     ] Entering safepoint region: Cleanup
[2023-11-16T06:40:18.490+0000][3958.934s][info ][safepoint     ] Leaving safepoint region
[2023-11-16T06:40:18.490+0000][3958.934s][info ][safepoint     ] Total time for which application threads were stopped: 0.0004912 seconds, Stopping threads took: 0.0002869 seconds
[2023-11-16T06:40:19.491+0000][3959.934s][debug][safepoint     ] Safepoint synchronization initiated. (170 threads)
[2023-11-16T06:40:19.491+0000][3959.934s][info ][safepoint     ] Application time: 1.0001547 seconds
[2023-11-16T06:40:19.491+0000][3959.934s][info ][safepoint     ] Entering safepoint region: Cleanup
[2023-11-16T06:40:19.491+0000][3959.934s][info ][safepoint     ] Leaving safepoint region
[2023-11-16T06:40:19.491+0000][3959.934s][info ][safepoint     ] Total time for which application threads were stopped: 0.0003455 seconds, Stopping threads took: 0.0000520 seconds
[2023-11-16T06:40:20.491+0000][3960.934s][debug][safepoint     ] Safepoint synchronization initiated. (170 threads)
[2023-11-16T06:40:20.491+0000][3960.934s][info ][safepoint     ] Application time: 1.0001672 seconds
[2023-11-16T06:40:20.491+0000][3960.935s][info ][safepoint     ] Entering safepoint region: Cleanup
[2023-11-16T06:40:20.491+0000][3960.935s][info ][safepoint     ] Leaving safepoint region
[2023-11-16T06:40:20.491+0000][3960.935s][info ][safepoint     ] Total time for which application threads were stopped: 0.0003073 seconds, Stopping threads took: 0.0000521 seconds
[2023-11-16T06:40:21.492+0000][3961.935s][debug][safepoint     ] Safepoint synchronization initiated. (170 threads)
[2023-11-16T06:40:21.492+0000][3961.935s][info ][safepoint     ] Application time: 1.0001382 seconds
[2023-11-16T06:40:21.492+0000][3961.935s][info ][safepoint     ] Entering safepoint region: Cleanup
[2023-11-16T06:40:21.492+0000][3961.935s][info ][safepoint     ] Leaving safepoint region
[2023-11-16T06:40:21.492+0000][3961.935s][info ][safepoint     ] Total time for which application threads were stopped: 0.0003916 seconds, Stopping threads took: 0.0000527 seconds
[2023-11-16T06:40:22.492+0000][3962.935s][debug][safepoint     ] Safepoint synchronization initiated. (170 threads)
[2023-11-16T06:40:22.492+0000][3962.936s][info ][safepoint     ] Application time: 1.0001568 seconds
[2023-11-16T06:40:22.492+0000][3962.936s][info ][safepoint     ] Entering safepoint region: Cleanup
[2023-11-16T06:40:22.493+0000][3962.936s][info ][safepoint     ] Leaving safepoint region
[2023-11-16T06:40:22.493+0000][3962.936s][info ][safepoint     ] Total time for which application threads were stopped: 0.0003602 seconds, Stopping threads took: 0.0000531 seconds
[2023-11-16T06:40:23.493+0000][3963.936s][debug][safepoint     ] Safepoint synchronization initiated. (170 threads)
[2023-11-16T06:40:23.493+0000][3963.936s][info ][safepoint     ] Application time: 1.0001567 seconds
[2023-11-16T06:40:23.493+0000][3963.936s][info ][safepoint     ] Entering safepoint region: Cleanup
[2023-11-16T06:40:23.493+0000][3963.937s][info ][safepoint     ] Leaving safepoint region
[2023-11-16T06:40:23.493+0000][3963.937s][info ][safepoint     ] Total time for which application threads were stopped: 0.0004948 seconds, Stopping threads took: 0.0002575 seconds
[2023-11-16T06:40:24.493+0000][3964.937s][debug][safepoint     ] Safepoint synchronization initiated. (170 threads)
[2023-11-16T06:40:24.493+0000][3964.937s][info ][safepoint     ] Application time: 1.0001611 seconds
[2023-11-16T06:40:24.494+0000][3964.937s][info ][safepoint     ] Entering safepoint region: Cleanup
[2023-11-16T06:40:24.494+0000][3964.937s][info ][safepoint     ] Leaving safepoint region
[2023-11-16T06:40:24.494+0000][3964.937s][info ][safepoint     ] Total time for which application threads were stopped: 0.0002727 seconds, Stopping threads took: 0.0000533 seconds
[2023-11-16T06:40:25.494+0000][3965.937s][debug][safepoint     ] Safepoint synchronization initiated. (170 threads)
[2023-11-16T06:40:25.494+0000][3965.937s][info ][safepoint     ] Application time: 1.0001557 seconds
[2023-11-16T06:40:25.494+0000][3965.937s][info ][safepoint     ] Entering safepoint region: Cleanup
[2023-11-16T06:40:25.494+0000][3965.938s][info ][safepoint     ] Leaving safepoint region
[2023-11-16T06:40:25.494+0000][3965.938s][info ][safepoint     ] Total time for which application threads were stopped: 0.0002701 seconds, Stopping threads took: 0.0000525 seconds
[2023-11-16T06:40:26.494+0000][3966.938s][debug][safepoint     ] Safepoint synchronization initiated. (170 threads)
[2023-11-16T06:40:26.494+0000][3966.938s][info ][safepoint     ] Application time: 1.0001542 seconds
[2023-11-16T06:40:26.494+0000][3966.938s][info ][safepoint     ] Entering safepoint region: Cleanup
[2023-11-16T06:40:26.495+0000][3966.938s][info ][safepoint     ] Leaving safepoint region
[2023-11-16T06:40:26.495+0000][3966.938s][info ][safepoint     ] Total time for which application threads were stopped: 0.0002896 seconds, Stopping threads took: 0.0000531 seconds
[2023-11-16T06:40:27.495+0000][3967.938s][debug][safepoint     ] Safepoint synchronization initiated. (170 threads)
[2023-11-16T06:40:27.495+0000][3967.938s][info ][safepoint     ] Application time: 1.0001538 seconds
[2023-11-16T06:40:27.495+0000][3967.938s][info ][safepoint     ] Entering safepoint region: Cleanup
[2023-11-16T06:40:27.495+0000][3967.939s][info ][safepoint     ] Leaving safepoint region
[2023-11-16T06:40:27.495+0000][3967.939s][info ][safepoint     ] Total time for which application threads were stopped: 0.0003256 seconds, Stopping threads took: 0.0000515 seconds
[2023-11-16T06:40:28.495+0000][3968.939s][debug][safepoint     ] Safepoint synchronization initiated. (170 threads)
[2023-11-16T06:40:28.495+0000][3968.939s][info ][safepoint     ] Application time: 1.0001596 seconds
[2023-11-16T06:40:28.495+0000][3968.939s][info ][safepoint     ] Entering safepoint region: Cleanup
[2023-11-16T06:40:28.496+0000][3968.939s][info ][safepoint     ] Leaving safepoint region
[2023-11-16T06:40:28.496+0000][3968.939s][info ][safepoint     ] Total time for which application threads were stopped: 0.0005783 seconds, Stopping threads took: 0.0002485 seconds
[2023-11-16T06:40:28.496+0000][3968.939s][debug][safepoint     ] ... found polling page return exception at pc = 0x00007fde849bede6, stub =0x00007fde7c83a800
[2023-11-16T06:40:28.496+0000][3968.939s][debug][safepoint     ] ... found polling page return exception at pc = 0x00007fde849bede6, stub =0x00007fde7c83a800
[2023-11-16T06:40:29.496+0000][3969.939s][debug][safepoint     ] Safepoint synchronization initiated. (170 threads)
[2023-11-16T06:40:29.496+0000][3969.939s][info ][safepoint     ] Application time: 1.0001721 seconds
[2023-11-16T06:40:29.496+0000][3969.940s][info ][safepoint     ] Entering safepoint region: Cleanup
[2023-11-16T06:40:29.496+0000][3969.940s][info ][safepoint     ] Leaving safepoint region
[2023-11-16T06:40:29.496+0000][3969.940s][info ][safepoint     ] Total time for which application threads were stopped: 0.0002791 seconds, Stopping threads took: 0.0000565 seconds
[2023-11-16T06:40:30.497+0000][3970.940s][debug][safepoint     ] Safepoint synchronization initiated. (170 threads)
[2023-11-16T06:40:30.497+0000][3970.940s][info ][safepoint     ] Application time: 1.0001581 seconds
[2023-11-16T06:40:30.497+0000][3970.940s][info ][safepoint     ] Entering safepoint region: Cleanup
[2023-11-16T06:40:30.497+0000][3970.940s][info ][safepoint     ] Leaving safepoint region
[2023-11-16T06:40:30.497+0000][3970.940s][info ][safepoint     ] Total time for which application threads were stopped: 0.0003844 seconds, Stopping threads took: 0.0000561 seconds
[2023-11-16T06:40:31.497+0000][3971.940s][debug][safepoint     ] Safepoint synchronization initiated. (170 threads)
[2023-11-16T06:40:31.497+0000][3971.941s][info ][safepoint     ] Application time: 1.0001622 seconds
[2023-11-16T06:40:31.497+0000][3971.941s][info ][safepoint     ] Entering safepoint region: Cleanup
[2023-11-16T06:40:31.498+0000][3971.941s][info ][safepoint     ] Leaving safepoint region
[2023-11-16T06:40:31.498+0000][3971.941s][info ][safepoint     ] Total time for which application threads were stopped: 0.0002851 seconds, Stopping threads took: 0.0000574 seconds
[2023-11-16T06:40:32.498+0000][3972.941s][debug][safepoint     ] Safepoint synchronization initiated. (170 threads)
[2023-11-16T06:40:32.498+0000][3972.941s][info ][safepoint     ] Application time: 1.0001930 seconds
[2023-11-16T06:40:32.498+0000][3972.941s][info ][safepoint     ] Entering safepoint region: Cleanup
[2023-11-16T06:40:32.498+0000][3972.941s][info ][safepoint     ] Leaving safepoint region
[2023-11-16T06:40:32.498+0000][3972.941s][info ][safepoint     ] Total time for which application threads were stopped: 0.0002842 seconds, Stopping threads took: 0.0000578 seconds
[2023-11-16T06:40:33.498+0000][3973.941s][debug][safepoint     ] Safepoint synchronization initiated. (170 threads)
[2023-11-16T06:40:33.498+0000][3973.942s][info ][safepoint     ] Application time: 1.0001615 seconds
[2023-11-16T06:40:33.498+0000][3973.942s][info ][safepoint     ] Entering safepoint region: Cleanup
[2023-11-16T06:40:33.499+0000][3973.942s][info ][safepoint     ] Leaving safepoint region
[2023-11-16T06:40:33.499+0000][3973.942s][info ][safepoint     ] Total time for which application threads were stopped: 0.0004190 seconds, Stopping threads took: 0.0001824 seconds
[2023-11-16T06:40:34.499+0000][3974.942s][debug][safepoint     ] Safepoint synchronization initiated. (170 threads)
[2023-11-16T06:40:34.499+0000][3974.942s][info ][safepoint     ] Application time: 1.0001613 seconds
[2023-11-16T06:40:34.499+0000][3974.942s][info ][safepoint     ] Entering safepoint region: Cleanup
[2023-11-16T06:40:34.499+0000][3974.942s][info ][safepoint     ] Leaving safepoint region
[2023-11-16T06:40:34.499+0000][3974.942s][info ][safepoint     ] Total time for which application threads were stopped: 0.0002769 seconds, Stopping threads took: 0.0000570 seconds
[2023-11-16T06:40:35.499+0000][3975.943s][debug][safepoint     ] Safepoint synchronization initiated. (170 threads)
[2023-11-16T06:40:35.499+0000][3975.943s][info ][safepoint     ] Application time: 1.0001708 seconds
[2023-11-16T06:40:35.499+0000][3975.943s][info ][safepoint     ] Entering safepoint region: Cleanup
[2023-11-16T06:40:35.500+0000][3975.943s][info ][safepoint     ] Leaving safepoint region
[2023-11-16T06:40:35.500+0000][3975.943s][info ][safepoint     ] Total time for which application threads were stopped: 0.0003148 seconds, Stopping threads took: 0.0000574 seconds
[2023-11-16T06:40:36.500+0000][3976.943s][debug][safepoint     ] Safepoint synchronization initiated. (170 threads)
[2023-11-16T06:40:36.500+0000][3976.943s][info ][safepoint     ] Application time: 1.0001642 seconds
[2023-11-16T06:40:36.500+0000][3976.943s][info ][safepoint     ] Entering safepoint region: Cleanup
[2023-11-16T06:40:36.500+0000][3976.944s][info ][safepoint     ] Leaving safepoint region
[2023-11-16T06:40:36.500+0000][3976.944s][info ][safepoint     ] Total time for which application threads were stopped: 0.0004061 seconds, Stopping threads took: 0.0000572 seconds
[2023-11-16T06:40:37.500+0000][3977.944s][debug][safepoint     ] Safepoint synchronization initiated. (170 threads)
[2023-11-16T06:40:37.500+0000][3977.944s][info ][safepoint     ] Application time: 1.0001668 seconds
[2023-11-16T06:40:37.501+0000][3977.944s][info ][safepoint     ] Entering safepoint region: Cleanup
[2023-11-16T06:40:37.501+0000][3977.944s][info ][safepoint     ] Leaving safepoint region
[2023-11-16T06:40:37.501+0000][3977.944s][info ][safepoint     ] Total time for which application threads were stopped: 0.0004065 seconds, Stopping threads took: 0.0000573 seconds
[2023-11-16T06:40:38.501+0000][3978.944s][debug][safepoint     ] Safepoint synchronization initiated. (170 threads)
[2023-11-16T06:40:38.501+0000][3978.944s][info ][safepoint     ] Application time: 1.0001713 seconds
[2023-11-16T06:40:38.501+0000][3978.944s][info ][safepoint     ] Entering safepoint region: Cleanup
[2023-11-16T06:40:38.502+0000][3978.945s][info ][safepoint     ] Leaving safepoint region
[2023-11-16T06:40:38.502+0000][3978.945s][info ][safepoint     ] Total time for which application threads were stopped: 0.0004710 seconds, Stopping threads took: 0.0002158 seconds
[2023-11-16T06:40:39.502+0000][3979.945s][debug][safepoint     ] Safepoint synchronization initiated. (170 threads)
[2023-11-16T06:40:39.502+0000][3979.945s][info ][safepoint     ] Application time: 1.0001905 seconds
[2023-11-16T06:40:39.502+0000][3979.945s][info ][safepoint     ] Entering safepoint region: Cleanup
[2023-11-16T06:40:39.502+0000][3979.945s][info ][safepoint     ] Leaving safepoint region
[2023-11-16T06:40:39.502+0000][3979.945s][info ][safepoint     ] Total time for which application threads were stopped: 0.0002842 seconds, Stopping threads took: 0.0000575 seconds
[2023-11-16T06:40:40.502+0000][3980.946s][debug][safepoint     ] Safepoint synchronization initiated. (170 threads)
[2023-11-16T06:40:40.502+0000][3980.946s][info ][safepoint     ] Application time: 1.0001633 seconds
[2023-11-16T06:40:40.502+0000][3980.946s][info ][safepoint     ] Entering safepoint region: Cleanup
[2023-11-16T06:40:40.503+0000][3980.946s][info ][safepoint     ] Leaving safepoint region
[2023-11-16T06:40:40.503+0000][3980.946s][info ][safepoint     ] Total time for which application threads were stopped: 0.0002783 seconds, Stopping threads took: 0.0000568 seconds
[2023-11-16T06:40:41.503+0000][3981.946s][debug][safepoint     ] Safepoint synchronization initiated. (170 threads)
[2023-11-16T06:40:41.503+0000][3981.946s][info ][safepoint     ] Application time: 1.0001612 seconds
[2023-11-16T06:40:41.503+0000][3981.946s][info ][safepoint     ] Entering safepoint region: Cleanup
[2023-11-16T06:40:41.503+0000][3981.946s][info ][safepoint     ] Leaving safepoint region
[2023-11-16T06:40:41.503+0000][3981.946s][info ][safepoint     ] Total time for which application threads were stopped: 0.0002948 seconds, Stopping threads took: 0.0000569 seconds
[2023-11-16T06:40:42.503+0000][3982.946s][debug][safepoint     ] Safepoint synchronization initiated. (170 threads)
[2023-11-16T06:40:42.503+0000][3982.947s][info ][safepoint     ] Application time: 1.0001662 seconds
[2023-11-16T06:40:42.503+0000][3982.947s][info ][safepoint     ] Entering safepoint region: Cleanup
[2023-11-16T06:40:42.504+0000][3982.947s][info ][safepoint     ] Leaving safepoint region
[2023-11-16T06:40:42.504+0000][3982.947s][info ][safepoint     ] Total time for which application threads were stopped: 0.0003262 seconds, Stopping threads took: 0.0000564 seconds
[2023-11-16T06:40:43.504+0000][3983.947s][debug][safepoint     ] Safepoint synchronization initiated. (170 threads)
[2023-11-16T06:40:43.504+0000][3983.947s][info ][safepoint     ] Application time: 1.0003022 seconds
[2023-11-16T06:40:43.504+0000][3983.947s][info ][safepoint     ] Entering safepoint region: Cleanup
[2023-11-16T06:40:43.504+0000][3983.947s][info ][safepoint     ] Leaving safepoint region
[2023-11-16T06:40:43.504+0000][3983.947s][info ][safepoint     ] Total time for which application threads were stopped: 0.0002653 seconds, Stopping threads took: 0.0000554 seconds
[2023-11-16T06:40:44.504+0000][3984.948s][debug][safepoint     ] Safepoint synchronization initiated. (170 threads)
[2023-11-16T06:40:44.504+0000][3984.948s][info ][safepoint     ] Application time: 1.0001640 seconds
[2023-11-16T06:40:44.504+0000][3984.948s][info ][safepoint     ] Entering safepoint region: Cleanup
[2023-11-16T06:40:44.505+0000][3984.948s][info ][safepoint     ] Leaving safepoint region
[2023-11-16T06:40:44.505+0000][3984.948s][info ][safepoint     ] Total time for which application threads were stopped: 0.0002739 seconds, Stopping threads took: 0.0000564 seconds
[2023-11-16T06:40:45.505+0000][3985.948s][debug][safepoint     ] Safepoint synchronization initiated. (170 threads)
[2023-11-16T06:40:45.505+0000][3985.948s][info ][safepoint     ] Application time: 1.0001666 seconds
[2023-11-16T06:40:45.505+0000][3985.948s][info ][safepoint     ] Entering safepoint region: Cleanup
[2023-11-16T06:40:45.505+0000][3985.948s][info ][safepoint     ] Leaving safepoint region
[2023-11-16T06:40:45.505+0000][3985.948s][info ][safepoint     ] Total time for which application threads were stopped: 0.0002803 seconds, Stopping threads took: 0.0000563 seconds
[2023-11-16T06:40:46.505+0000][3986.949s][debug][safepoint     ] Safepoint synchronization initiated. (170 threads)
[2023-11-16T06:40:46.505+0000][3986.949s][info ][safepoint     ] Application time: 1.0001908 seconds
[2023-11-16T06:40:46.505+0000][3986.949s][info ][safepoint     ] Entering safepoint region: Cleanup
[2023-11-16T06:40:46.506+0000][3986.949s][info ][safepoint     ] Leaving safepoint region
[2023-11-16T06:40:46.506+0000][3986.949s][info ][safepoint     ] Total time for which application threads were stopped: 0.0002904 seconds, Stopping threads took: 0.0000572 seconds
[2023-11-16T06:40:47.506+0000][3987.949s][debug][safepoint     ] Safepoint synchronization initiated. (170 threads)
[2023-11-16T06:40:47.506+0000][3987.949s][info ][safepoint     ] Application time: 1.0001588 seconds
[2023-11-16T06:40:47.506+0000][3987.949s][info ][safepoint     ] Entering safepoint region: Cleanup
[2023-11-16T06:40:47.506+0000][3987.950s][info ][safepoint     ] Leaving safepoint region
[2023-11-16T06:40:47.506+0000][3987.950s][info ][safepoint     ] Total time for which application threads were stopped: 0.0004002 seconds, Stopping threads took: 0.0000538 seconds
[2023-11-16T06:40:48.506+0000][3988.950s][debug][safepoint     ] Safepoint synchronization initiated. (170 threads)
[2023-11-16T06:40:48.506+0000][3988.950s][info ][safepoint     ] Application time: 1.0001698 seconds
[2023-11-16T06:40:48.506+0000][3988.950s][info ][safepoint     ] Entering safepoint region: Cleanup
[2023-11-16T06:40:48.507+0000][3988.950s][info ][safepoint     ] Leaving safepoint region
[2023-11-16T06:40:48.507+0000][3988.950s][info ][safepoint     ] Total time for which application threads were stopped: 0.0003397 seconds, Stopping threads took: 0.0001375 seconds
[2023-11-16T06:40:49.507+0000][3989.950s][debug][safepoint     ] Safepoint synchronization initiated. (170 threads)
[2023-11-16T06:40:49.507+0000][3989.950s][info ][safepoint     ] Application time: 1.0001707 seconds
[2023-11-16T06:40:49.507+0000][3989.950s][info ][safepoint     ] Entering safepoint region: Cleanup
[2023-11-16T06:40:49.507+0000][3989.951s][info ][safepoint     ] Leaving safepoint region
[2023-11-16T06:40:49.507+0000][3989.951s][info ][safepoint     ] Total time for which application threads were stopped: 0.0004021 seconds, Stopping threads took: 0.0000574 seconds
[2023-11-16T06:40:50.507+0000][3990.951s][debug][safepoint     ] Safepoint synchronization initiated. (170 threads)
[2023-11-16T06:40:50.508+0000][3990.951s][info ][safepoint     ] Application time: 1.0001535 seconds
[2023-11-16T06:40:50.508+0000][3990.951s][info ][safepoint     ] Entering safepoint region: Cleanup
[2023-11-16T06:40:50.508+0000][3990.951s][info ][safepoint     ] Leaving safepoint region
[2023-11-16T06:40:50.508+0000][3990.951s][info ][safepoint     ] Total time for which application threads were stopped: 0.0004013 seconds, Stopping threads took: 0.0000568 seconds
[2023-11-16T06:40:51.508+0000][3991.951s][debug][safepoint     ] Safepoint synchronization initiated. (170 threads)
[2023-11-16T06:40:51.508+0000][3991.951s][info ][safepoint     ] Application time: 1.0001638 seconds
[2023-11-16T06:40:51.508+0000][3991.952s][info ][safepoint     ] Entering safepoint region: Cleanup
[2023-11-16T06:40:51.509+0000][3991.952s][info ][safepoint     ] Leaving safepoint region
[2023-11-16T06:40:51.509+0000][3991.952s][info ][safepoint     ] Total time for which application threads were stopped: 0.0004049 seconds, Stopping threads took: 0.0000574 seconds
[2023-11-16T06:40:52.509+0000][3992.952s][debug][safepoint     ] Safepoint synchronization initiated. (170 threads)
[2023-11-16T06:40:52.509+0000][3992.952s][info ][safepoint     ] Application time: 1.0001641 seconds
[2023-11-16T06:40:52.509+0000][3992.952s][info ][safepoint     ] Entering safepoint region: Cleanup
[2023-11-16T06:40:52.509+0000][3992.952s][info ][safepoint     ] Leaving safepoint region
[2023-11-16T06:40:52.509+0000][3992.953s][info ][safepoint     ] Total time for which application threads were stopped: 0.0004008 seconds, Stopping threads took: 0.0000569 seconds
[2023-11-16T06:40:53.509+0000][3993.953s][debug][safepoint     ] Safepoint synchronization initiated. (170 threads)
[2023-11-16T06:40:53.509+0000][3993.953s][info ][safepoint     ] Application time: 1.0002236 seconds
[2023-11-16T06:40:53.510+0000][3993.953s][info ][safepoint     ] Entering safepoint region: Cleanup
[2023-11-16T06:40:53.510+0000][3993.953s][info ][safepoint     ] Leaving safepoint region
[2023-11-16T06:40:53.510+0000][3993.953s][info ][safepoint     ] Total time for which application threads were stopped: 0.0003546 seconds, Stopping threads took: 0.0000579 seconds
[2023-11-16T06:40:54.510+0000][3994.953s][debug][safepoint     ] Safepoint synchronization initiated. (170 threads)
[2023-11-16T06:40:54.510+0000][3994.953s][info ][safepoint     ] Application time: 1.0001395 seconds
[2023-11-16T06:40:54.510+0000][3994.953s][info ][safepoint     ] Entering safepoint region: Cleanup
[2023-11-16T06:40:54.510+0000][3994.954s][info ][safepoint     ] Leaving safepoint region
[2023-11-16T06:40:54.510+0000][3994.954s][info ][safepoint     ] Total time for which application threads were stopped: 0.0003064 seconds, Stopping threads took: 0.0000428 seconds
[2023-11-16T06:40:55.510+0000][3995.954s][debug][safepoint     ] Safepoint synchronization initiated. (170 threads)
[2023-11-16T06:40:55.510+0000][3995.954s][info ][safepoint     ] Application time: 1.0001662 seconds
[2023-11-16T06:40:55.511+0000][3995.954s][info ][safepoint     ] Entering safepoint region: Cleanup
[2023-11-16T06:40:55.511+0000][3995.954s][info ][safepoint     ] Leaving safepoint region
[2023-11-16T06:40:55.511+0000][3995.954s][info ][safepoint     ] Total time for which application threads were stopped: 0.0004019 seconds, Stopping threads took: 0.0000570 seconds
[2023-11-16T06:40:56.511+0000][3996.954s][debug][safepoint     ] Safepoint synchronization initiated. (170 threads)
[2023-11-16T06:40:56.511+0000][3996.954s][info ][safepoint     ] Application time: 1.0001692 seconds
[2023-11-16T06:40:56.511+0000][3996.954s][info ][safepoint     ] Entering safepoint region: Cleanup
[2023-11-16T06:40:56.511+0000][3996.955s][info ][safepoint     ] Leaving safepoint region
[2023-11-16T06:40:56.511+0000][3996.955s][info ][safepoint     ] Total time for which application threads were stopped: 0.0002826 seconds, Stopping threads took: 0.0000568 seconds
[2023-11-16T06:40:57.511+0000][3997.955s][debug][safepoint     ] Safepoint synchronization initiated. (170 threads)
[2023-11-16T06:40:57.512+0000][3997.955s][info ][safepoint     ] Application time: 1.0001646 seconds
[2023-11-16T06:40:57.512+0000][3997.955s][info ][safepoint     ] Entering safepoint region: Cleanup
[2023-11-16T06:40:57.512+0000][3997.955s][info ][safepoint     ] Leaving safepoint region
[2023-11-16T06:40:57.512+0000][3997.955s][info ][safepoint     ] Total time for which application threads were stopped: 0.0002830 seconds, Stopping threads took: 0.0000564 seconds
[2023-11-16T06:40:58.512+0000][3998.955s][debug][safepoint     ] Safepoint synchronization initiated. (170 threads)
[2023-11-16T06:40:58.512+0000][3998.955s][info ][safepoint     ] Application time: 1.0001611 seconds
[2023-11-16T06:40:58.512+0000][3998.955s][info ][safepoint     ] Entering safepoint region: Cleanup
[2023-11-16T06:40:58.512+0000][3998.956s][info ][safepoint     ] Leaving safepoint region
[2023-11-16T06:40:58.512+0000][3998.956s][info ][safepoint     ] Total time for which application threads were stopped: 0.0002795 seconds, Stopping threads took: 0.0000555 seconds
[2023-11-16T06:40:59.512+0000][3999.956s][debug][safepoint     ] Safepoint synchronization initiated. (171 threads)
[2023-11-16T06:40:59.513+0000][3999.956s][info ][safepoint     ] Application time: 1.0001648 seconds
[2023-11-16T06:40:59.513+0000][3999.956s][info ][safepoint     ] Entering safepoint region: Cleanup
[2023-11-16T06:40:59.513+0000][3999.956s][info ][safepoint     ] Leaving safepoint region
[2023-11-16T06:40:59.513+0000][3999.956s][info ][safepoint     ] Total time for which application threads were stopped: 0.0003974 seconds, Stopping threads took: 0.0001781 seconds
[2023-11-16T06:41:00.513+0000][4000.956s][debug][safepoint     ] Safepoint synchronization initiated. (171 threads)
[2023-11-16T06:41:00.513+0000][4000.956s][info ][safepoint     ] Application time: 1.0001879 seconds
[2023-11-16T06:41:00.513+0000][4000.957s][info ][safepoint     ] Entering safepoint region: Cleanup
[2023-11-16T06:41:00.513+0000][4000.957s][info ][safepoint     ] Leaving safepoint region
[2023-11-16T06:41:00.513+0000][4000.957s][info ][safepoint     ] Total time for which application threads were stopped: 0.0002809 seconds, Stopping threads took: 0.0000578 seconds
[2023-11-16T06:41:01.514+0000][4001.957s][debug][safepoint     ] Safepoint synchronization initiated. (171 threads)
[2023-11-16T06:41:01.514+0000][4001.957s][info ][safepoint     ] Application time: 1.0001431 seconds
[2023-11-16T06:41:01.514+0000][4001.957s][info ][safepoint     ] Entering safepoint region: Cleanup
[2023-11-16T06:41:01.514+0000][4001.957s][info ][safepoint     ] Leaving safepoint region
[2023-11-16T06:41:01.514+0000][4001.957s][info ][safepoint     ] Total time for which application threads were stopped: 0.0002796 seconds, Stopping threads took: 0.0000586 seconds
[2023-11-16T06:41:02.514+0000][4002.957s][debug][safepoint     ] Safepoint synchronization initiated. (171 threads)
[2023-11-16T06:41:02.514+0000][4002.957s][info ][safepoint     ] Application time: 1.0001603 seconds
[2023-11-16T06:41:02.514+0000][4002.957s][info ][safepoint     ] Entering safepoint region: Cleanup
[2023-11-16T06:41:02.514+0000][4002.958s][info ][safepoint     ] Leaving safepoint region
[2023-11-16T06:41:02.514+0000][4002.958s][info ][safepoint     ] Total time for which application threads were stopped: 0.0002802 seconds, Stopping threads took: 0.0000552 seconds
[2023-11-16T06:41:03.514+0000][4003.958s][debug][safepoint     ] Safepoint synchronization initiated. (171 threads)
[2023-11-16T06:41:03.515+0000][4003.958s][info ][safepoint     ] Application time: 1.0001622 seconds
[2023-11-16T06:41:03.515+0000][4003.958s][info ][safepoint     ] Entering safepoint region: Cleanup
[2023-11-16T06:41:03.515+0000][4003.958s][info ][safepoint     ] Leaving safepoint region
[2023-11-16T06:41:03.515+0000][4003.958s][info ][safepoint     ] Total time for which application threads were stopped: 0.0002798 seconds, Stopping threads took: 0.0000569 seconds
[2023-11-16T06:41:04.515+0000][4004.958s][debug][safepoint     ] Safepoint synchronization initiated. (171 threads)
[2023-11-16T06:41:04.515+0000][4004.958s][info ][safepoint     ] Application time: 1.0001558 seconds
[2023-11-16T06:41:04.515+0000][4004.958s][info ][safepoint     ] Entering safepoint region: Cleanup
[2023-11-16T06:41:04.515+0000][4004.959s][info ][safepoint     ] Leaving safepoint region
[2023-11-16T06:41:04.515+0000][4004.959s][info ][safepoint     ] Total time for which application threads were stopped: 0.0004020 seconds, Stopping threads took: 0.0001628 seconds
[2023-11-16T06:41:05.516+0000][4005.959s][debug][safepoint     ] Safepoint synchronization initiated. (171 threads)
[2023-11-16T06:41:05.516+0000][4005.959s][info ][safepoint     ] Application time: 1.0001464 seconds
[2023-11-16T06:41:05.516+0000][4005.959s][info ][safepoint     ] Entering safepoint region: Cleanup
[2023-11-16T06:41:05.516+0000][4005.959s][info ][safepoint     ] Leaving safepoint region
[2023-11-16T06:41:05.516+0000][4005.959s][info ][safepoint     ] Total time for which application threads were stopped: 0.0002774 seconds, Stopping threads took: 0.0000578 seconds
[2023-11-16T06:41:06.516+0000][4006.959s][debug][safepoint     ] Safepoint synchronization initiated. (171 threads)
[2023-11-16T06:41:06.516+0000][4006.959s][info ][safepoint     ] Application time: 1.0001635 seconds
[2023-11-16T06:41:06.516+0000][4006.959s][info ][safepoint     ] Entering safepoint region: Cleanup
[2023-11-16T06:41:06.516+0000][4006.960s][info ][safepoint     ] Leaving safepoint region
[2023-11-16T06:41:06.516+0000][4006.960s][info ][safepoint     ] Total time for which application threads were stopped: 0.0002876 seconds, Stopping threads took: 0.0000560 seconds
[2023-11-16T06:41:07.517+0000][4007.960s][debug][safepoint     ] Safepoint synchronization initiated. (171 threads)
[2023-11-16T06:41:07.517+0000][4007.960s][info ][safepoint     ] Application time: 1.0001864 seconds
[2023-11-16T06:41:07.517+0000][4007.960s][info ][safepoint     ] Entering safepoint region: Cleanup
[2023-11-16T06:41:07.517+0000][4007.960s][info ][safepoint     ] Leaving safepoint region
[2023-11-16T06:41:07.517+0000][4007.960s][info ][safepoint     ] Total time for which application threads were stopped: 0.0002791 seconds, Stopping threads took: 0.0000549 seconds
[2023-11-16T06:41:08.517+0000][4008.960s][debug][safepoint     ] Safepoint synchronization initiated. (171 threads)
[2023-11-16T06:41:08.517+0000][4008.960s][info ][safepoint     ] Application time: 1.0001622 seconds
[2023-11-16T06:41:08.517+0000][4008.960s][info ][safepoint     ] Entering safepoint region: Cleanup
[2023-11-16T06:41:08.517+0000][4008.961s][info ][safepoint     ] Leaving safepoint region
[2023-11-16T06:41:08.517+0000][4008.961s][info ][safepoint     ] Total time for which application threads were stopped: 0.0002825 seconds, Stopping threads took: 0.0000548 seconds
[2023-11-16T06:41:09.517+0000][4009.961s][debug][safepoint     ] Safepoint synchronization initiated. (171 threads)
[2023-11-16T06:41:09.518+0000][4009.961s][info ][safepoint     ] Application time: 1.0001608 seconds
[2023-11-16T06:41:09.518+0000][4009.961s][info ][safepoint     ] Entering safepoint region: Cleanup
[2023-11-16T06:41:09.518+0000][4009.961s][info ][safepoint     ] Leaving safepoint region
[2023-11-16T06:41:09.518+0000][4009.961s][info ][safepoint     ] Total time for which application threads were stopped: 0.0002837 seconds, Stopping threads took: 0.0000542 seconds
[2023-11-16T06:41:10.518+0000][4010.961s][debug][safepoint     ] Safepoint synchronization initiated. (171 threads)
[2023-11-16T06:41:10.518+0000][4010.961s][info ][safepoint     ] Application time: 1.0001579 seconds
[2023-11-16T06:41:10.518+0000][4010.961s][info ][safepoint     ] Entering safepoint region: Cleanup
[2023-11-16T06:41:10.518+0000][4010.962s][info ][safepoint     ] Leaving safepoint region
[2023-11-16T06:41:10.518+0000][4010.962s][info ][safepoint     ] Total time for which application threads were stopped: 0.0003170 seconds, Stopping threads took: 0.0000546 seconds
[2023-11-16T06:41:11.518+0000][4011.962s][debug][safepoint     ] Safepoint synchronization initiated. (171 threads)
[2023-11-16T06:41:11.519+0000][4011.962s][info ][safepoint     ] Application time: 1.0001541 seconds
[2023-11-16T06:41:11.519+0000][4011.962s][info ][safepoint     ] Entering safepoint region: Cleanup
[2023-11-16T06:41:11.519+0000][4011.962s][info ][safepoint     ] Leaving safepoint region
[2023-11-16T06:41:11.519+0000][4011.962s][info ][safepoint     ] Total time for which application threads were stopped: 0.0004042 seconds, Stopping threads took: 0.0000526 seconds
[2023-11-16T06:41:12.519+0000][4012.962s][debug][safepoint     ] Safepoint synchronization initiated. (171 threads)
[2023-11-16T06:41:12.519+0000][4012.962s][info ][safepoint     ] Application time: 1.0001521 seconds
[2023-11-16T06:41:12.519+0000][4012.963s][info ][safepoint     ] Entering safepoint region: Cleanup
[2023-11-16T06:41:12.520+0000][4012.963s][info ][safepoint     ] Leaving safepoint region
[2023-11-16T06:41:12.520+0000][4012.963s][info ][safepoint     ] Total time for which application threads were stopped: 0.0004086 seconds, Stopping threads took: 0.0000520 seconds
[2023-11-16T06:41:13.520+0000][4013.963s][debug][safepoint     ] Safepoint synchronization initiated. (171 threads)
[2023-11-16T06:41:13.520+0000][4013.963s][info ][safepoint     ] Application time: 1.0001427 seconds
[2023-11-16T06:41:13.520+0000][4013.963s][info ][safepoint     ] Entering safepoint region: Cleanup
[2023-11-16T06:41:13.520+0000][4013.964s][info ][safepoint     ] Leaving safepoint region
[2023-11-16T06:41:13.520+0000][4013.964s][info ][safepoint     ] Total time for which application threads were stopped: 0.0005365 seconds, Stopping threads took: 0.0003037 seconds
[2023-11-16T06:41:14.520+0000][4014.964s][debug][safepoint     ] Safepoint synchronization initiated. (171 threads)
[2023-11-16T06:41:14.520+0000][4014.964s][info ][safepoint     ] Application time: 1.0001674 seconds
[2023-11-16T06:41:14.521+0000][4014.964s][info ][safepoint     ] Entering safepoint region: Cleanup
[2023-11-16T06:41:14.521+0000][4014.964s][info ][safepoint     ] Leaving safepoint region
[2023-11-16T06:41:14.521+0000][4014.964s][info ][safepoint     ] Total time for which application threads were stopped: 0.0002881 seconds, Stopping threads took: 0.0000520 seconds
[2023-11-16T06:41:15.521+0000][4015.964s][debug][safepoint     ] Safepoint synchronization initiated. (171 threads)
[2023-11-16T06:41:15.521+0000][4015.964s][info ][safepoint     ] Application time: 1.0001555 seconds
[2023-11-16T06:41:15.521+0000][4015.964s][info ][safepoint     ] Entering safepoint region: Cleanup
[2023-11-16T06:41:15.521+0000][4015.965s][info ][safepoint     ] Leaving safepoint region
[2023-11-16T06:41:15.521+0000][4015.965s][info ][safepoint     ] Total time for which application threads were stopped: 0.0002723 seconds, Stopping threads took: 0.0000512 seconds
[2023-11-16T06:41:16.521+0000][4016.965s][debug][safepoint     ] Safepoint synchronization initiated. (171 threads)
[2023-11-16T06:41:16.521+0000][4016.965s][info ][safepoint     ] Application time: 1.0001556 seconds
[2023-11-16T06:41:16.521+0000][4016.965s][info ][safepoint     ] Entering safepoint region: Cleanup
[2023-11-16T06:41:16.522+0000][4016.965s][info ][safepoint     ] Leaving safepoint region
[2023-11-16T06:41:16.522+0000][4016.965s][info ][safepoint     ] Total time for which application threads were stopped: 0.0002706 seconds, Stopping threads took: 0.0000514 seconds
[2023-11-16T06:41:17.522+0000][4017.965s][debug][safepoint     ] Safepoint synchronization initiated. (171 threads)
[2023-11-16T06:41:17.522+0000][4017.965s][info ][safepoint     ] Application time: 1.0001541 seconds
[2023-11-16T06:41:17.522+0000][4017.965s][info ][safepoint     ] Entering safepoint region: Cleanup
[2023-11-16T06:41:17.522+0000][4017.965s][info ][safepoint     ] Leaving safepoint region
[2023-11-16T06:41:17.522+0000][4017.965s][info ][safepoint     ] Total time for which application threads were stopped: 0.0002714 seconds, Stopping threads took: 0.0000523 seconds
[2023-11-16T06:41:18.522+0000][4018.966s][debug][safepoint     ] Safepoint synchronization initiated. (171 threads)
[2023-11-16T06:41:18.522+0000][4018.966s][info ][safepoint     ] Application time: 1.0001591 seconds
[2023-11-16T06:41:18.522+0000][4018.966s][info ][safepoint     ] Entering safepoint region: Cleanup
[2023-11-16T06:41:18.523+0000][4018.966s][info ][safepoint     ] Leaving safepoint region
[2023-11-16T06:41:18.523+0000][4018.966s][info ][safepoint     ] Total time for which application threads were stopped: 0.0005124 seconds, Stopping threads took: 0.0002586 seconds
[2023-11-16T06:41:19.523+0000][4019.966s][debug][safepoint     ] Safepoint synchronization initiated. (171 threads)
[2023-11-16T06:41:19.523+0000][4019.966s][info ][safepoint     ] Application time: 1.0001535 seconds
[2023-11-16T06:41:19.523+0000][4019.966s][info ][safepoint     ] Entering safepoint region: Cleanup
[2023-11-16T06:41:19.523+0000][4019.967s][info ][safepoint     ] Leaving safepoint region
[2023-11-16T06:41:19.523+0000][4019.967s][info ][safepoint     ] Total time for which application threads were stopped: 0.0002913 seconds, Stopping threads took: 0.0000547 seconds
[2023-11-16T06:41:20.523+0000][4020.967s][debug][safepoint     ] Safepoint synchronization initiated. (171 threads)
[2023-11-16T06:41:20.523+0000][4020.967s][info ][safepoint     ] Application time: 1.0001567 seconds
[2023-11-16T06:41:20.524+0000][4020.967s][info ][safepoint     ] Entering safepoint region: Cleanup
[2023-11-16T06:41:20.524+0000][4020.967s][info ][safepoint     ] Leaving safepoint region
[2023-11-16T06:41:20.524+0000][4020.967s][info ][safepoint     ] Total time for which application threads were stopped: 0.0003233 seconds, Stopping threads took: 0.0000533 seconds
[2023-11-16T06:41:21.524+0000][4021.967s][debug][safepoint     ] Safepoint synchronization initiated. (171 threads)
[2023-11-16T06:41:21.524+0000][4021.967s][info ][safepoint     ] Application time: 1.0001576 seconds
[2023-11-16T06:41:21.524+0000][4021.967s][info ][safepoint     ] Entering safepoint region: Cleanup
[2023-11-16T06:41:21.524+0000][4021.968s][info ][safepoint     ] Leaving safepoint region
[2023-11-16T06:41:21.524+0000][4021.968s][info ][safepoint     ] Total time for which application threads were stopped: 0.0004056 seconds, Stopping threads took: 0.0000533 seconds
[2023-11-16T06:41:22.525+0000][4022.968s][debug][safepoint     ] Safepoint synchronization initiated. (171 threads)
[2023-11-16T06:41:22.525+0000][4022.968s][info ][safepoint     ] Application time: 1.0001583 seconds
[2023-11-16T06:41:22.525+0000][4022.968s][info ][safepoint     ] Entering safepoint region: Cleanup
[2023-11-16T06:41:22.525+0000][4022.968s][info ][safepoint     ] Leaving safepoint region
[2023-11-16T06:41:22.525+0000][4022.968s][info ][safepoint     ] Total time for which application threads were stopped: 0.0004066 seconds, Stopping threads took: 0.0000572 seconds
[2023-11-16T06:41:23.525+0000][4023.968s][debug][safepoint     ] Safepoint synchronization initiated. (171 threads)
[2023-11-16T06:41:23.525+0000][4023.969s][info ][safepoint     ] Application time: 1.0001524 seconds
[2023-11-16T06:41:23.525+0000][4023.969s][info ][safepoint     ] Entering safepoint region: Cleanup
[2023-11-16T06:41:23.526+0000][4023.969s][info ][safepoint     ] Leaving safepoint region
[2023-11-16T06:41:23.526+0000][4023.969s][info ][safepoint     ] Total time for which application threads were stopped: 0.0005246 seconds, Stopping threads took: 0.0002846 seconds
[2023-11-16T06:41:24.526+0000][4024.969s][debug][safepoint     ] Safepoint synchronization initiated. (171 threads)
[2023-11-16T06:41:24.526+0000][4024.969s][info ][safepoint     ] Application time: 1.0001525 seconds
[2023-11-16T06:41:24.526+0000][4024.969s][info ][safepoint     ] Entering safepoint region: Cleanup
[2023-11-16T06:41:24.526+0000][4024.969s][info ][safepoint     ] Leaving safepoint region
[2023-11-16T06:41:24.526+0000][4024.970s][info ][safepoint     ] Total time for which application threads were stopped: 0.0002779 seconds, Stopping threads took: 0.0000535 seconds
[2023-11-16T06:41:25.526+0000][4025.970s][debug][safepoint     ] Safepoint synchronization initiated. (171 threads)
[2023-11-16T06:41:25.526+0000][4025.970s][info ][safepoint     ] Application time: 1.0001574 seconds
[2023-11-16T06:41:25.526+0000][4025.970s][info ][safepoint     ] Entering safepoint region: Cleanup
[2023-11-16T06:41:25.527+0000][4025.970s][info ][safepoint     ] Leaving safepoint region
[2023-11-16T06:41:25.527+0000][4025.970s][info ][safepoint     ] Total time for which application threads were stopped: 0.0002952 seconds, Stopping threads took: 0.0000540 seconds
[2023-11-16T06:41:26.527+0000][4026.970s][debug][safepoint     ] Safepoint synchronization initiated. (171 threads)
[2023-11-16T06:41:26.527+0000][4026.970s][info ][safepoint     ] Application time: 1.0001559 seconds
[2023-11-16T06:41:26.527+0000][4026.970s][info ][safepoint     ] Entering safepoint region: Cleanup
[2023-11-16T06:41:26.527+0000][4026.970s][info ][safepoint     ] Leaving safepoint region
[2023-11-16T06:41:26.527+0000][4026.970s][info ][safepoint     ] Total time for which application threads were stopped: 0.0002890 seconds, Stopping threads took: 0.0000527 seconds
[2023-11-16T06:41:27.527+0000][4027.971s][debug][safepoint     ] Safepoint synchronization initiated. (171 threads)
[2023-11-16T06:41:27.527+0000][4027.971s][info ][safepoint     ] Application time: 1.0001430 seconds
[2023-11-16T06:41:27.527+0000][4027.971s][info ][safepoint     ] Entering safepoint region: Cleanup
[2023-11-16T06:41:27.528+0000][4027.971s][info ][safepoint     ] Leaving safepoint region
[2023-11-16T06:41:27.528+0000][4027.971s][info ][safepoint     ] Total time for which application threads were stopped: 0.0003217 seconds, Stopping threads took: 0.0000538 seconds
[2023-11-16T06:41:28.528+0000][4028.971s][debug][safepoint     ] Safepoint synchronization initiated. (171 threads)
[2023-11-16T06:41:28.528+0000][4028.971s][info ][safepoint     ] Application time: 1.0001818 seconds
[2023-11-16T06:41:28.528+0000][4028.971s][info ][safepoint     ] Entering safepoint region: Cleanup
[2023-11-16T06:41:28.528+0000][4028.972s][info ][safepoint     ] Leaving safepoint region
[2023-11-16T06:41:28.528+0000][4028.972s][info ][safepoint     ] Total time for which application threads were stopped: 0.0003675 seconds, Stopping threads took: 0.0000551 seconds
[2023-11-16T06:41:29.528+0000][4029.972s][debug][safepoint     ] Safepoint synchronization initiated. (171 threads)
[2023-11-16T06:41:29.528+0000][4029.972s][info ][safepoint     ] Application time: 1.0001594 seconds
[2023-11-16T06:41:29.528+0000][4029.972s][info ][safepoint     ] Entering safepoint region: Cleanup
[2023-11-16T06:41:29.529+0000][4029.972s][info ][safepoint     ] Leaving safepoint region
[2023-11-16T06:41:29.529+0000][4029.972s][info ][safepoint     ] Total time for which application threads were stopped: 0.0004028 seconds, Stopping threads took: 0.0000574 seconds
[2023-11-16T06:41:30.529+0000][4030.972s][debug][safepoint     ] Safepoint synchronization initiated. (171 threads)
[2023-11-16T06:41:30.529+0000][4030.972s][info ][safepoint     ] Application time: 1.0001576 seconds
[2023-11-16T06:41:30.529+0000][4030.972s][info ][safepoint     ] Entering safepoint region: Cleanup
[2023-11-16T06:41:30.529+0000][4030.973s][info ][safepoint     ] Leaving safepoint region
[2023-11-16T06:41:30.529+0000][4030.973s][info ][safepoint     ] Total time for which application threads were stopped: 0.0003571 seconds, Stopping threads took: 0.0000555 seconds
[2023-11-16T06:41:31.530+0000][4031.973s][debug][safepoint     ] Safepoint synchronization initiated. (171 threads)
[2023-11-16T06:41:31.530+0000][4031.973s][info ][safepoint     ] Application time: 1.0001551 seconds
[2023-11-16T06:41:31.530+0000][4031.973s][info ][safepoint     ] Entering safepoint region: Cleanup
[2023-11-16T06:41:31.530+0000][4031.973s][info ][safepoint     ] Leaving safepoint region
[2023-11-16T06:41:31.530+0000][4031.973s][info ][safepoint     ] Total time for which application threads were stopped: 0.0003491 seconds, Stopping threads took: 0.0000557 seconds
[2023-11-16T06:41:32.530+0000][4032.973s][debug][safepoint     ] Safepoint synchronization initiated. (171 threads)
[2023-11-16T06:41:32.530+0000][4032.973s][info ][safepoint     ] Application time: 1.0001738 seconds
[2023-11-16T06:41:32.530+0000][4032.973s][info ][safepoint     ] Entering safepoint region: Cleanup
[2023-11-16T06:41:32.530+0000][4032.974s][info ][safepoint     ] Leaving safepoint region
[2023-11-16T06:41:32.530+0000][4032.974s][info ][safepoint     ] Total time for which application threads were stopped: 0.0003521 seconds, Stopping threads took: 0.0000563 seconds
[2023-11-16T06:41:33.531+0000][4033.974s][debug][safepoint     ] Safepoint synchronization initiated. (171 threads)
[2023-11-16T06:41:33.531+0000][4033.974s][info ][safepoint     ] Application time: 1.0001619 seconds
[2023-11-16T06:41:33.531+0000][4033.974s][info ][safepoint     ] Entering safepoint region: Cleanup
[2023-11-16T06:41:33.531+0000][4033.974s][info ][safepoint     ] Leaving safepoint region
[2023-11-16T06:41:33.531+0000][4033.974s][info ][safepoint     ] Total time for which application threads were stopped: 0.0004633 seconds, Stopping threads took: 0.0002051 seconds
[2023-11-16T06:41:34.531+0000][4034.975s][debug][safepoint     ] Safepoint synchronization initiated. (171 threads)
[2023-11-16T06:41:34.531+0000][4034.975s][info ][safepoint     ] Application time: 1.0001546 seconds
[2023-11-16T06:41:34.531+0000][4034.975s][info ][safepoint     ] Entering safepoint region: Cleanup
[2023-11-16T06:41:34.532+0000][4034.975s][info ][safepoint     ] Leaving safepoint region
[2023-11-16T06:41:34.532+0000][4034.975s][info ][safepoint     ] Total time for which application threads were stopped: 0.0003469 seconds, Stopping threads took: 0.0000525 seconds
[2023-11-16T06:41:35.532+0000][4035.975s][debug][safepoint     ] Safepoint synchronization initiated. (171 threads)
[2023-11-16T06:41:35.532+0000][4035.975s][info ][safepoint     ] Application time: 1.0001556 seconds
[2023-11-16T06:41:35.532+0000][4035.975s][info ][safepoint     ] Entering safepoint region: Cleanup
[2023-11-16T06:41:35.532+0000][4035.975s][info ][safepoint     ] Leaving safepoint region
[2023-11-16T06:41:35.532+0000][4035.975s][info ][safepoint     ] Total time for which application threads were stopped: 0.0002528 seconds, Stopping threads took: 0.0000525 seconds
[2023-11-16T06:41:36.532+0000][4036.976s][debug][safepoint     ] Safepoint synchronization initiated. (171 threads)
[2023-11-16T06:41:36.532+0000][4036.976s][info ][safepoint     ] Application time: 1.0001545 seconds
[2023-11-16T06:41:36.532+0000][4036.976s][info ][safepoint     ] Entering safepoint region: Cleanup
[2023-11-16T06:41:36.533+0000][4036.976s][info ][safepoint     ] Leaving safepoint region
[2023-11-16T06:41:36.533+0000][4036.976s][info ][safepoint     ] Total time for which application threads were stopped: 0.0002524 seconds, Stopping threads took: 0.0000529 seconds
[2023-11-16T06:41:37.533+0000][4037.976s][debug][safepoint     ] Safepoint synchronization initiated. (171 threads)
[2023-11-16T06:41:37.533+0000][4037.976s][info ][safepoint     ] Application time: 1.0001668 seconds
[2023-11-16T06:41:37.533+0000][4037.976s][info ][safepoint     ] Entering safepoint region: Cleanup
[2023-11-16T06:41:37.533+0000][4037.976s][info ][safepoint     ] Leaving safepoint region
[2023-11-16T06:41:37.533+0000][4037.976s][info ][safepoint     ] Total time for which application threads were stopped: 0.0002526 seconds, Stopping threads took: 0.0000526 seconds
[2023-11-16T06:41:38.533+0000][4038.976s][debug][safepoint     ] Safepoint synchronization initiated. (171 threads)
[2023-11-16T06:41:38.533+0000][4038.977s][info ][safepoint     ] Application time: 1.0001746 seconds
[2023-11-16T06:41:38.533+0000][4038.977s][info ][safepoint     ] Entering safepoint region: Cleanup
[2023-11-16T06:41:38.534+0000][4038.977s][info ][safepoint     ] Leaving safepoint region
[2023-11-16T06:41:38.534+0000][4038.977s][info ][safepoint     ] Total time for which application threads were stopped: 0.0003944 seconds, Stopping threads took: 0.0001776 seconds
[2023-11-16T06:41:39.534+0000][4039.977s][debug][safepoint     ] Safepoint synchronization initiated. (171 threads)
[2023-11-16T06:41:39.534+0000][4039.977s][info ][safepoint     ] Application time: 1.0001711 seconds
[2023-11-16T06:41:39.534+0000][4039.977s][info ][safepoint     ] Entering safepoint region: Cleanup
[2023-11-16T06:41:39.534+0000][4039.977s][info ][safepoint     ] Leaving safepoint region
[2023-11-16T06:41:39.534+0000][4039.977s][info ][safepoint     ] Total time for which application threads were stopped: 0.0002638 seconds, Stopping threads took: 0.0000521 seconds
[2023-11-16T06:41:40.534+0000][4040.978s][debug][safepoint     ] Safepoint synchronization initiated. (171 threads)
[2023-11-16T06:41:40.534+0000][4040.978s][info ][safepoint     ] Application time: 1.0001760 seconds
[2023-11-16T06:41:40.534+0000][4040.978s][info ][safepoint     ] Entering safepoint region: Cleanup
[2023-11-16T06:41:40.535+0000][4040.978s][info ][safepoint     ] Leaving safepoint region
[2023-11-16T06:41:40.535+0000][4040.978s][info ][safepoint     ] Total time for which application threads were stopped: 0.0001982 seconds, Stopping threads took: 0.0000415 seconds
[2023-11-16T06:41:41.535+0000][4041.978s][debug][safepoint     ] Safepoint synchronization initiated. (171 threads)
[2023-11-16T06:41:41.535+0000][4041.978s][info ][safepoint     ] Application time: 1.0001428 seconds
[2023-11-16T06:41:41.535+0000][4041.978s][info ][safepoint     ] Entering safepoint region: Cleanup
[2023-11-16T06:41:41.535+0000][4041.978s][info ][safepoint     ] Leaving safepoint region
[2023-11-16T06:41:41.535+0000][4041.978s][info ][safepoint     ] Total time for which application threads were stopped: 0.0003089 seconds, Stopping threads took: 0.0000513 seconds
[2023-11-16T06:41:42.535+0000][4042.978s][debug][safepoint     ] Safepoint synchronization initiated. (171 threads)
[2023-11-16T06:41:42.535+0000][4042.979s][info ][safepoint     ] Application time: 1.0001842 seconds
[2023-11-16T06:41:42.535+0000][4042.979s][info ][safepoint     ] Entering safepoint region: Cleanup
[2023-11-16T06:41:42.536+0000][4042.979s][info ][safepoint     ] Leaving safepoint region
[2023-11-16T06:41:42.536+0000][4042.979s][info ][safepoint     ] Total time for which application threads were stopped: 0.0007130 seconds, Stopping threads took: 0.0000525 seconds
[2023-11-16T06:41:43.536+0000][4043.979s][debug][safepoint     ] Safepoint synchronization initiated. (171 threads)
[2023-11-16T06:41:43.536+0000][4043.979s][info ][safepoint     ] Application time: 1.0001639 seconds
[2023-11-16T06:41:43.536+0000][4043.980s][info ][safepoint     ] Entering safepoint region: Cleanup
[2023-11-16T06:41:43.537+0000][4043.980s][info ][safepoint     ] Leaving safepoint region
[2023-11-16T06:41:43.537+0000][4043.980s][info ][safepoint     ] Total time for which application threads were stopped: 0.0005535 seconds, Stopping threads took: 0.0003367 seconds
[2023-11-16T06:41:44.537+0000][4044.980s][debug][safepoint     ] Safepoint synchronization initiated. (171 threads)
[2023-11-16T06:41:44.537+0000][4044.980s][info ][safepoint     ] Application time: 1.0001538 seconds
[2023-11-16T06:41:44.537+0000][4044.980s][info ][safepoint     ] Entering safepoint region: Cleanup
[2023-11-16T06:41:44.537+0000][4044.980s][info ][safepoint     ] Leaving safepoint region
[2023-11-16T06:41:44.537+0000][4044.980s][info ][safepoint     ] Total time for which application threads were stopped: 0.0002610 seconds, Stopping threads took: 0.0000524 seconds
[2023-11-16T06:41:45.537+0000][4045.981s][debug][safepoint     ] Safepoint synchronization initiated. (171 threads)
[2023-11-16T06:41:45.537+0000][4045.981s][info ][safepoint     ] Application time: 1.0001557 seconds
[2023-11-16T06:41:45.537+0000][4045.981s][info ][safepoint     ] Entering safepoint region: Cleanup
[2023-11-16T06:41:45.538+0000][4045.981s][info ][safepoint     ] Leaving safepoint region
[2023-11-16T06:41:45.538+0000][4045.981s][info ][safepoint     ] Total time for which application threads were stopped: 0.0003483 seconds, Stopping threads took: 0.0000537 seconds
[2023-11-16T06:41:46.538+0000][4046.981s][debug][safepoint     ] Safepoint synchronization initiated. (171 threads)
[2023-11-16T06:41:46.538+0000][4046.981s][info ][safepoint     ] Application time: 1.0001680 seconds
[2023-11-16T06:41:46.538+0000][4046.981s][info ][safepoint     ] Entering safepoint region: Cleanup
[2023-11-16T06:41:46.538+0000][4046.981s][info ][safepoint     ] Leaving safepoint region
[2023-11-16T06:41:46.538+0000][4046.981s][info ][safepoint     ] Total time for which application threads were stopped: 0.0002647 seconds, Stopping threads took: 0.0000518 seconds
[2023-11-16T06:41:47.538+0000][4047.982s][debug][safepoint     ] Safepoint synchronization initiated. (171 threads)
[2023-11-16T06:41:47.538+0000][4047.982s][info ][safepoint     ] Application time: 1.0001380 seconds
[2023-11-16T06:41:47.538+0000][4047.982s][info ][safepoint     ] Entering safepoint region: Cleanup
[2023-11-16T06:41:47.539+0000][4047.982s][info ][safepoint     ] Leaving safepoint region
[2023-11-16T06:41:47.539+0000][4047.982s][info ][safepoint     ] Total time for which application threads were stopped: 0.0002604 seconds, Stopping threads took: 0.0000532 seconds
[2023-11-16T06:41:48.539+0000][4048.982s][debug][safepoint     ] Safepoint synchronization initiated. (171 threads)
[2023-11-16T06:41:48.539+0000][4048.982s][info ][safepoint     ] Application time: 1.0001651 seconds
[2023-11-16T06:41:48.539+0000][4048.982s][debug][safepoint     ] ... found polling page return exception at pc = 0x00007fde84e7286d, stub =0x00007fde7c83a800
[2023-11-16T06:41:48.539+0000][4048.982s][debug][safepoint     ] Waiting for 1 thread(s) to block
[2023-11-16T06:41:48.539+0000][4048.982s][info ][safepoint     ] Entering safepoint region: Cleanup
[2023-11-16T06:41:48.539+0000][4048.983s][info ][safepoint     ] Leaving safepoint region
[2023-11-16T06:41:48.539+0000][4048.983s][info ][safepoint     ] Total time for which application threads were stopped: 0.0004139 seconds, Stopping threads took: 0.0002236 seconds
[2023-11-16T06:41:49.539+0000][4049.983s][debug][safepoint     ] Safepoint synchronization initiated. (171 threads)
[2023-11-16T06:41:49.540+0000][4049.983s][info ][safepoint     ] Application time: 1.0001748 seconds
[2023-11-16T06:41:49.540+0000][4049.983s][info ][safepoint     ] Entering safepoint region: Cleanup
[2023-11-16T06:41:49.540+0000][4049.983s][info ][safepoint     ] Leaving safepoint region
[2023-11-16T06:41:49.540+0000][4049.983s][info ][safepoint     ] Total time for which application threads were stopped: 0.0003451 seconds, Stopping threads took: 0.0000513 seconds
[2023-11-16T06:41:50.540+0000][4050.983s][debug][safepoint     ] Safepoint synchronization initiated. (171 threads)
[2023-11-16T06:41:50.540+0000][4050.983s][info ][safepoint     ] Application time: 1.0001545 seconds
[2023-11-16T06:41:50.540+0000][4050.983s][info ][safepoint     ] Entering safepoint region: Cleanup
[2023-11-16T06:41:50.540+0000][4050.984s][info ][safepoint     ] Leaving safepoint region
[2023-11-16T06:41:50.540+0000][4050.984s][info ][safepoint     ] Total time for which application threads were stopped: 0.0003467 seconds, Stopping threads took: 0.0000525 seconds
[2023-11-16T06:41:51.541+0000][4051.984s][debug][safepoint     ] Safepoint synchronization initiated. (171 threads)
[2023-11-16T06:41:51.541+0000][4051.984s][info ][safepoint     ] Application time: 1.0001650 seconds
[2023-11-16T06:41:51.541+0000][4051.984s][info ][safepoint     ] Entering safepoint region: Cleanup
[2023-11-16T06:41:51.541+0000][4051.984s][info ][safepoint     ] Leaving safepoint region
[2023-11-16T06:41:51.541+0000][4051.984s][info ][safepoint     ] Total time for which application threads were stopped: 0.0003070 seconds, Stopping threads took: 0.0000529 seconds
[2023-11-16T06:41:52.541+0000][4052.984s][debug][safepoint     ] Safepoint synchronization initiated. (171 threads)
[2023-11-16T06:41:52.541+0000][4052.984s][info ][safepoint     ] Application time: 1.0001578 seconds
[2023-11-16T06:41:52.541+0000][4052.985s][info ][safepoint     ] Entering safepoint region: Cleanup
[2023-11-16T06:41:52.541+0000][4052.985s][info ][safepoint     ] Leaving safepoint region
[2023-11-16T06:41:52.541+0000][4052.985s][info ][safepoint     ] Total time for which application threads were stopped: 0.0002609 seconds, Stopping threads took: 0.0000517 seconds
[2023-11-16T06:41:53.542+0000][4053.985s][debug][safepoint     ] Safepoint synchronization initiated. (171 threads)
[2023-11-16T06:41:53.542+0000][4053.985s][info ][safepoint     ] Application time: 1.0001692 seconds
[2023-11-16T06:41:53.542+0000][4053.985s][info ][safepoint     ] Entering safepoint region: Cleanup
[2023-11-16T06:41:53.542+0000][4053.985s][info ][safepoint     ] Leaving safepoint region
[2023-11-16T06:41:53.542+0000][4053.985s][info ][safepoint     ] Total time for which application threads were stopped: 0.0005248 seconds, Stopping threads took: 0.0003199 seconds
[2023-11-16T06:41:54.542+0000][4054.986s][debug][safepoint     ] Safepoint synchronization initiated. (171 threads)
[2023-11-16T06:41:54.542+0000][4054.986s][info ][safepoint     ] Application time: 1.0001687 seconds
[2023-11-16T06:41:54.542+0000][4054.986s][info ][safepoint     ] Entering safepoint region: Cleanup
[2023-11-16T06:41:54.543+0000][4054.986s][info ][safepoint     ] Leaving safepoint region
[2023-11-16T06:41:54.543+0000][4054.986s][info ][safepoint     ] Total time for which application threads were stopped: 0.0003450 seconds, Stopping threads took: 0.0000520 seconds
[2023-11-16T06:41:55.543+0000][4055.986s][debug][safepoint     ] Safepoint synchronization initiated. (171 threads)
[2023-11-16T06:41:55.543+0000][4055.986s][info ][safepoint     ] Application time: 1.0001545 seconds
[2023-11-16T06:41:55.543+0000][4055.986s][info ][safepoint     ] Entering safepoint region: Cleanup
[2023-11-16T06:41:55.543+0000][4055.987s][info ][safepoint     ] Leaving safepoint region
[2023-11-16T06:41:55.543+0000][4055.987s][info ][safepoint     ] Total time for which application threads were stopped: 0.0003553 seconds, Stopping threads took: 0.0000767 seconds
[2023-11-16T06:41:56.543+0000][4056.987s][debug][safepoint     ] Safepoint synchronization initiated. (171 threads)
[2023-11-16T06:41:56.543+0000][4056.987s][info ][safepoint     ] Application time: 1.0001698 seconds
[2023-11-16T06:41:56.544+0000][4056.987s][info ][safepoint     ] Entering safepoint region: Cleanup
[2023-11-16T06:41:56.544+0000][4056.987s][info ][safepoint     ] Leaving safepoint region
[2023-11-16T06:41:56.544+0000][4056.987s][info ][safepoint     ] Total time for which application threads were stopped: 0.0003061 seconds, Stopping threads took: 0.0000818 seconds
[2023-11-16T06:41:57.544+0000][4057.987s][debug][safepoint     ] Safepoint synchronization initiated. (171 threads)
[2023-11-16T06:41:57.544+0000][4057.987s][info ][safepoint     ] Application time: 1.0001646 seconds
[2023-11-16T06:41:57.544+0000][4057.987s][info ][safepoint     ] Entering safepoint region: Cleanup
[2023-11-16T06:41:57.544+0000][4057.988s][info ][safepoint     ] Leaving safepoint region
[2023-11-16T06:41:57.544+0000][4057.988s][info ][safepoint     ] Total time for which application threads were stopped: 0.0003445 seconds, Stopping threads took: 0.0000520 seconds
[2023-11-16T06:41:58.544+0000][4058.988s][debug][safepoint     ] Safepoint synchronization initiated. (171 threads)
[2023-11-16T06:41:58.544+0000][4058.988s][info ][safepoint     ] Application time: 1.0001760 seconds
[2023-11-16T06:41:58.545+0000][4058.988s][info ][safepoint     ] Entering safepoint region: Cleanup
[2023-11-16T06:41:58.545+0000][4058.988s][info ][safepoint     ] Leaving safepoint region
[2023-11-16T06:41:58.545+0000][4058.988s][info ][safepoint     ] Total time for which application threads were stopped: 0.0006079 seconds, Stopping threads took: 0.0001764 seconds
[2023-11-16T06:41:59.545+0000][4059.989s][debug][safepoint     ] Safepoint synchronization initiated. (171 threads)
[2023-11-16T06:41:59.545+0000][4059.989s][info ][safepoint     ] Application time: 1.0001703 seconds
[2023-11-16T06:41:59.545+0000][4059.989s][info ][safepoint     ] Entering safepoint region: Cleanup
[2023-11-16T06:41:59.546+0000][4059.989s][info ][safepoint     ] Leaving safepoint region
[2023-11-16T06:41:59.546+0000][4059.989s][info ][safepoint     ] Total time for which application threads were stopped: 0.0003357 seconds, Stopping threads took: 0.0000609 seconds
[2023-11-16T06:42:00.546+0000][4060.989s][debug][safepoint     ] Safepoint synchronization initiated. (171 threads)
[2023-11-16T06:42:00.546+0000][4060.989s][info ][safepoint     ] Application time: 1.0001617 seconds
[2023-11-16T06:42:00.546+0000][4060.989s][info ][safepoint     ] Entering safepoint region: Cleanup
[2023-11-16T06:42:00.546+0000][4060.989s][info ][safepoint     ] Leaving safepoint region
[2023-11-16T06:42:00.546+0000][4060.990s][info ][safepoint     ] Total time for which application threads were stopped: 0.0003422 seconds, Stopping threads took: 0.0000520 seconds
[2023-11-16T06:42:01.546+0000][4061.990s][debug][safepoint     ] Safepoint synchronization initiated. (171 threads)
[2023-11-16T06:42:01.546+0000][4061.990s][info ][safepoint     ] Application time: 1.0001683 seconds
[2023-11-16T06:42:01.546+0000][4061.990s][info ][safepoint     ] Entering safepoint region: Cleanup
[2023-11-16T06:42:01.547+0000][4061.990s][info ][safepoint     ] Leaving safepoint region
[2023-11-16T06:42:01.547+0000][4061.990s][info ][safepoint     ] Total time for which application threads were stopped: 0.0003399 seconds, Stopping threads took: 0.0000533 seconds
[2023-11-16T06:42:02.547+0000][4062.990s][debug][safepoint     ] Safepoint synchronization initiated. (171 threads)
[2023-11-16T06:42:02.547+0000][4062.990s][info ][safepoint     ] Application time: 1.0001492 seconds
[2023-11-16T06:42:02.547+0000][4062.990s][info ][safepoint     ] Entering safepoint region: Cleanup
[2023-11-16T06:42:02.547+0000][4062.991s][info ][safepoint     ] Leaving safepoint region
[2023-11-16T06:42:02.547+0000][4062.991s][info ][safepoint     ] Total time for which application threads were stopped: 0.0003660 seconds, Stopping threads took: 0.0000723 seconds
[2023-11-16T06:42:03.547+0000][4063.991s][debug][safepoint     ] Safepoint synchronization initiated. (171 threads)
[2023-11-16T06:42:03.547+0000][4063.991s][info ][safepoint     ] Application time: 1.0001885 seconds
[2023-11-16T06:42:03.548+0000][4063.991s][info ][safepoint     ] Entering safepoint region: Cleanup
[2023-11-16T06:42:03.548+0000][4063.991s][info ][safepoint     ] Leaving safepoint region
[2023-11-16T06:42:03.548+0000][4063.991s][info ][safepoint     ] Total time for which application threads were stopped: 0.0005689 seconds, Stopping threads took: 0.0003545 seconds
[2023-11-16T06:42:04.548+0000][4064.992s][debug][safepoint     ] Safepoint synchronization initiated. (171 threads)
[2023-11-16T06:42:04.548+0000][4064.992s][info ][safepoint     ] Application time: 1.0001581 seconds
[2023-11-16T06:42:04.548+0000][4064.992s][info ][safepoint     ] Entering safepoint region: Cleanup
[2023-11-16T06:42:04.549+0000][4064.992s][info ][safepoint     ] Leaving safepoint region
[2023-11-16T06:42:04.549+0000][4064.992s][info ][safepoint     ] Total time for which application threads were stopped: 0.0002579 seconds, Stopping threads took: 0.0000519 seconds
[2023-11-16T06:42:05.549+0000][4065.992s][debug][safepoint     ] Safepoint synchronization initiated. (171 threads)
[2023-11-16T06:42:05.549+0000][4065.992s][info ][safepoint     ] Application time: 1.0001582 seconds
[2023-11-16T06:42:05.549+0000][4065.992s][info ][safepoint     ] Entering safepoint region: Cleanup
[2023-11-16T06:42:05.549+0000][4065.992s][info ][safepoint     ] Leaving safepoint region
[2023-11-16T06:42:05.549+0000][4065.992s][info ][safepoint     ] Total time for which application threads were stopped: 0.0002614 seconds, Stopping threads took: 0.0000502 seconds
[2023-11-16T06:42:06.549+0000][4066.992s][debug][safepoint     ] Safepoint synchronization initiated. (171 threads)
[2023-11-16T06:42:06.549+0000][4066.992s][info ][safepoint     ] Application time: 1.0001599 seconds
[2023-11-16T06:42:06.549+0000][4066.993s][info ][safepoint     ] Entering safepoint region: Cleanup
[2023-11-16T06:42:06.549+0000][4066.993s][info ][safepoint     ] Leaving safepoint region
[2023-11-16T06:42:06.549+0000][4066.993s][info ][safepoint     ] Total time for which application threads were stopped: 0.0002526 seconds, Stopping threads took: 0.0000527 seconds
[2023-11-16T06:42:07.550+0000][4067.993s][debug][safepoint     ] Safepoint synchronization initiated. (171 threads)
[2023-11-16T06:42:07.550+0000][4067.993s][info ][safepoint     ] Application time: 1.0001676 seconds
[2023-11-16T06:42:07.550+0000][4067.993s][info ][safepoint     ] Entering safepoint region: Cleanup
[2023-11-16T06:42:07.550+0000][4067.993s][info ][safepoint     ] Leaving safepoint region
[2023-11-16T06:42:07.550+0000][4067.993s][info ][safepoint     ] Total time for which application threads were stopped: 0.0002604 seconds, Stopping threads took: 0.0000523 seconds
[2023-11-16T06:42:08.550+0000][4068.993s][debug][safepoint     ] Safepoint synchronization initiated. (171 threads)
[2023-11-16T06:42:08.550+0000][4068.993s][info ][safepoint     ] Application time: 1.0001603 seconds
[2023-11-16T06:42:08.550+0000][4068.993s][info ][safepoint     ] Entering safepoint region: Cleanup
[2023-11-16T06:42:08.550+0000][4068.994s][info ][safepoint     ] Leaving safepoint region
[2023-11-16T06:42:08.550+0000][4068.994s][info ][safepoint     ] Total time for which application threads were stopped: 0.0003537 seconds, Stopping threads took: 0.0000533 seconds
[2023-11-16T06:42:09.551+0000][4069.994s][debug][safepoint     ] Safepoint synchronization initiated. (171 threads)
[2023-11-16T06:42:09.551+0000][4069.994s][info ][safepoint     ] Application time: 1.0001650 seconds
[2023-11-16T06:42:09.551+0000][4069.994s][info ][safepoint     ] Entering safepoint region: Cleanup
[2023-11-16T06:42:09.551+0000][4069.994s][info ][safepoint     ] Leaving safepoint region
[2023-11-16T06:42:09.551+0000][4069.994s][info ][safepoint     ] Total time for which application threads were stopped: 0.0003675 seconds, Stopping threads took: 0.0000757 seconds
[2023-11-16T06:42:10.551+0000][4070.994s][debug][safepoint     ] Safepoint synchronization initiated. (171 threads)
[2023-11-16T06:42:10.551+0000][4070.995s][info ][safepoint     ] Application time: 1.0001699 seconds
[2023-11-16T06:42:10.551+0000][4070.995s][info ][safepoint     ] Entering safepoint region: Cleanup
[2023-11-16T06:42:10.552+0000][4070.995s][info ][safepoint     ] Leaving safepoint region
[2023-11-16T06:42:10.552+0000][4070.995s][info ][safepoint     ] Total time for which application threads were stopped: 0.0003508 seconds, Stopping threads took: 0.0000519 seconds
[2023-11-16T06:42:11.552+0000][4071.995s][debug][safepoint     ] Safepoint synchronization initiated. (171 threads)
[2023-11-16T06:42:11.552+0000][4071.995s][info ][safepoint     ] Application time: 1.0001438 seconds
[2023-11-16T06:42:11.552+0000][4071.995s][info ][safepoint     ] Entering safepoint region: Cleanup
[2023-11-16T06:42:11.552+0000][4071.995s][info ][safepoint     ] Leaving safepoint region
[2023-11-16T06:42:11.552+0000][4071.995s][info ][safepoint     ] Total time for which application threads were stopped: 0.0003429 seconds, Stopping threads took: 0.0000521 seconds
[2023-11-16T06:42:12.552+0000][4072.996s][debug][safepoint     ] Safepoint synchronization initiated. (171 threads)
[2023-11-16T06:42:12.552+0000][4072.996s][info ][safepoint     ] Application time: 1.0001572 seconds
[2023-11-16T06:42:12.552+0000][4072.996s][info ][safepoint     ] Entering safepoint region: Cleanup
[2023-11-16T06:42:12.553+0000][4072.996s][info ][safepoint     ] Leaving safepoint region
[2023-11-16T06:42:12.553+0000][4072.996s][info ][safepoint     ] Total time for which application threads were stopped: 0.0002574 seconds, Stopping threads took: 0.0000514 seconds
[2023-11-16T06:42:13.553+0000][4073.996s][debug][safepoint     ] Safepoint synchronization initiated. (171 threads)
[2023-11-16T06:42:13.553+0000][4073.996s][info ][safepoint     ] Application time: 1.0001675 seconds
[2023-11-16T06:42:13.553+0000][4073.996s][info ][safepoint     ] Entering safepoint region: Cleanup
[2023-11-16T06:42:13.553+0000][4073.996s][info ][safepoint     ] Leaving safepoint region
[2023-11-16T06:42:13.553+0000][4073.996s][info ][safepoint     ] Total time for which application threads were stopped: 0.0002875 seconds, Stopping threads took: 0.0000604 seconds
[2023-11-16T06:42:14.553+0000][4074.996s][debug][safepoint     ] Safepoint synchronization initiated. (171 threads)
[2023-11-16T06:42:14.553+0000][4074.997s][info ][safepoint     ] Application time: 1.0001547 seconds
[2023-11-16T06:42:14.553+0000][4074.997s][info ][safepoint     ] Entering safepoint region: Cleanup
[2023-11-16T06:42:14.553+0000][4074.997s][info ][safepoint     ] Leaving safepoint region
[2023-11-16T06:42:14.553+0000][4074.997s][info ][safepoint     ] Total time for which application threads were stopped: 0.0002422 seconds, Stopping threads took: 0.0000535 seconds
[2023-11-16T06:42:15.554+0000][4075.997s][debug][safepoint     ] Safepoint synchronization initiated. (171 threads)
[2023-11-16T06:42:15.554+0000][4075.997s][info ][safepoint     ] Application time: 1.0001563 seconds
[2023-11-16T06:42:15.554+0000][4075.997s][info ][safepoint     ] Entering safepoint region: Cleanup
[2023-11-16T06:42:15.554+0000][4075.997s][info ][safepoint     ] Leaving safepoint region
[2023-11-16T06:42:15.554+0000][4075.997s][info ][safepoint     ] Total time for which application threads were stopped: 0.0003044 seconds, Stopping threads took: 0.0000522 seconds
[2023-11-16T06:42:16.554+0000][4076.997s][debug][safepoint     ] Safepoint synchronization initiated. (171 threads)
[2023-11-16T06:42:16.554+0000][4076.997s][info ][safepoint     ] Application time: 1.0001557 seconds
[2023-11-16T06:42:16.554+0000][4076.997s][info ][safepoint     ] Entering safepoint region: Cleanup
[2023-11-16T06:42:16.554+0000][4076.998s][info ][safepoint     ] Leaving safepoint region
[2023-11-16T06:42:16.555+0000][4076.998s][info ][safepoint     ] Total time for which application threads were stopped: 0.0003719 seconds, Stopping threads took: 0.0000753 seconds
[2023-11-16T06:42:17.555+0000][4077.998s][debug][safepoint     ] Safepoint synchronization initiated. (171 threads)
[2023-11-16T06:42:17.555+0000][4077.998s][info ][safepoint     ] Application time: 1.0001745 seconds
[2023-11-16T06:42:17.555+0000][4077.998s][info ][safepoint     ] Entering safepoint region: Cleanup
[2023-11-16T06:42:17.555+0000][4077.998s][info ][safepoint     ] Leaving safepoint region
[2023-11-16T06:42:17.555+0000][4077.998s][info ][safepoint     ] Total time for which application threads were stopped: 0.0003454 seconds, Stopping threads took: 0.0000518 seconds
[2023-11-16T06:42:18.555+0000][4078.998s][debug][safepoint     ] Safepoint synchronization initiated. (171 threads)
[2023-11-16T06:42:18.555+0000][4078.999s][info ][safepoint     ] Application time: 1.0001456 seconds
[2023-11-16T06:42:18.555+0000][4078.999s][info ][safepoint     ] Entering safepoint region: Cleanup
[2023-11-16T06:42:18.556+0000][4078.999s][info ][safepoint     ] Leaving safepoint region
[2023-11-16T06:42:18.556+0000][4078.999s][info ][safepoint     ] Total time for which application threads were stopped: 0.0004962 seconds, Stopping threads took: 0.0001915 seconds
[2023-11-16T06:42:19.556+0000][4079.999s][debug][safepoint     ] Safepoint synchronization initiated. (171 threads)
[2023-11-16T06:42:19.556+0000][4079.999s][info ][safepoint     ] Application time: 1.0001554 seconds
[2023-11-16T06:42:19.556+0000][4079.999s][info ][safepoint     ] Entering safepoint region: Cleanup
[2023-11-16T06:42:19.556+0000][4080.000s][info ][safepoint     ] Leaving safepoint region
[2023-11-16T06:42:19.556+0000][4080.000s][info ][safepoint     ] Total time for which application threads were stopped: 0.0003457 seconds, Stopping threads took: 0.0000515 seconds
[2023-11-16T06:42:20.556+0000][4081.000s][debug][safepoint     ] Safepoint synchronization initiated. (171 threads)
[2023-11-16T06:42:20.556+0000][4081.000s][info ][safepoint     ] Application time: 1.0001419 seconds
[2023-11-16T06:42:20.556+0000][4081.000s][info ][safepoint     ] Entering safepoint region: Cleanup
[2023-11-16T06:42:20.557+0000][4081.000s][info ][safepoint     ] Leaving safepoint region
[2023-11-16T06:42:20.557+0000][4081.000s][info ][safepoint     ] Total time for which application threads were stopped: 0.0002901 seconds, Stopping threads took: 0.0000522 seconds
[2023-11-16T06:42:21.557+0000][4082.000s][debug][safepoint     ] Safepoint synchronization initiated. (171 threads)
[2023-11-16T06:42:21.557+0000][4082.000s][info ][safepoint     ] Application time: 1.0001463 seconds
[2023-11-16T06:42:21.557+0000][4082.000s][info ][safepoint     ] Entering safepoint region: Cleanup
[2023-11-16T06:42:21.557+0000][4082.001s][info ][safepoint     ] Leaving safepoint region
[2023-11-16T06:42:21.557+0000][4082.001s][info ][safepoint     ] Total time for which application threads were stopped: 0.0003403 seconds, Stopping threads took: 0.0000500 seconds
[2023-11-16T06:42:22.557+0000][4083.001s][debug][safepoint     ] Safepoint synchronization initiated. (171 threads)
[2023-11-16T06:42:22.557+0000][4083.001s][info ][safepoint     ] Application time: 1.0001737 seconds
[2023-11-16T06:42:22.558+0000][4083.001s][debug][safepoint     ] ... found polling page loop exception at pc = 0x00007fde84a6ad67, stub =0x00007fde7c83ab00
[2023-11-16T06:42:22.558+0000][4083.001s][debug][safepoint     ] Waiting for 1 thread(s) to block
[2023-11-16T06:42:22.558+0000][4083.001s][info ][safepoint     ] Entering safepoint region: Cleanup
[2023-11-16T06:42:22.558+0000][4083.001s][info ][safepoint     ] Leaving safepoint region
[2023-11-16T06:42:22.558+0000][4083.001s][info ][safepoint     ] Total time for which application threads were stopped: 0.0004640 seconds, Stopping threads took: 0.0001771 seconds
[2023-11-16T06:42:23.558+0000][4084.001s][debug][safepoint     ] Safepoint synchronization initiated. (171 threads)
[2023-11-16T06:42:23.558+0000][4084.001s][info ][safepoint     ] Application time: 1.0001875 seconds
[2023-11-16T06:42:23.558+0000][4084.002s][info ][safepoint     ] Entering safepoint region: Cleanup
[2023-11-16T06:42:23.559+0000][4084.002s][info ][safepoint     ] Leaving safepoint region
[2023-11-16T06:42:23.559+0000][4084.002s][info ][safepoint     ] Total time for which application threads were stopped: 0.0006518 seconds, Stopping threads took: 0.0003497 seconds
[2023-11-16T06:42:24.559+0000][4085.002s][debug][safepoint     ] Safepoint synchronization initiated. (171 threads)
[2023-11-16T06:42:24.559+0000][4085.002s][info ][safepoint     ] Application time: 1.0001598 seconds
[2023-11-16T06:42:24.559+0000][4085.002s][info ][safepoint     ] Entering safepoint region: Cleanup
[2023-11-16T06:42:24.559+0000][4085.003s][info ][safepoint     ] Leaving safepoint region
[2023-11-16T06:42:24.559+0000][4085.003s][info ][safepoint     ] Total time for which application threads were stopped: 0.0003458 seconds, Stopping threads took: 0.0000522 seconds
[2023-11-16T06:42:25.559+0000][4086.003s][debug][safepoint     ] Safepoint synchronization initiated. (171 threads)
[2023-11-16T06:42:25.560+0000][4086.003s][info ][safepoint     ] Application time: 1.0001464 seconds
[2023-11-16T06:42:25.560+0000][4086.003s][info ][safepoint     ] Entering safepoint region: Cleanup
[2023-11-16T06:42:25.560+0000][4086.003s][info ][safepoint     ] Leaving safepoint region
[2023-11-16T06:42:25.560+0000][4086.003s][info ][safepoint     ] Total time for which application threads were stopped: 0.0003376 seconds, Stopping threads took: 0.0000511 seconds
[2023-11-16T06:42:26.560+0000][4087.003s][debug][safepoint     ] Safepoint synchronization initiated. (171 threads)
[2023-11-16T06:42:26.560+0000][4087.003s][info ][safepoint     ] Application time: 1.0001517 seconds
[2023-11-16T06:42:26.560+0000][4087.003s][info ][safepoint     ] Entering safepoint region: Cleanup
[2023-11-16T06:42:26.560+0000][4087.004s][info ][safepoint     ] Leaving safepoint region
[2023-11-16T06:42:26.560+0000][4087.004s][info ][safepoint     ] Total time for which application threads were stopped: 0.0003431 seconds, Stopping threads took: 0.0000511 seconds
[2023-11-16T06:42:27.561+0000][4088.004s][debug][safepoint     ] Safepoint synchronization initiated. (171 threads)
[2023-11-16T06:42:27.561+0000][4088.004s][info ][safepoint     ] Application time: 1.0001642 seconds
[2023-11-16T06:42:27.561+0000][4088.004s][info ][safepoint     ] Entering safepoint region: Cleanup
[2023-11-16T06:42:27.561+0000][4088.004s][info ][safepoint     ] Leaving safepoint region
[2023-11-16T06:42:27.561+0000][4088.004s][info ][safepoint     ] Total time for which application threads were stopped: 0.0003484 seconds, Stopping threads took: 0.0000536 seconds
[2023-11-16T06:42:28.561+0000][4089.004s][debug][safepoint     ] Safepoint synchronization initiated. (171 threads)
[2023-11-16T06:42:28.561+0000][4089.004s][info ][safepoint     ] Application time: 1.0001594 seconds
[2023-11-16T06:42:28.561+0000][4089.005s][info ][safepoint     ] Entering safepoint region: Cleanup
[2023-11-16T06:42:28.562+0000][4089.005s][info ][safepoint     ] Leaving safepoint region
[2023-11-16T06:42:28.562+0000][4089.005s][info ][safepoint     ] Total time for which application threads were stopped: 0.0004423 seconds, Stopping threads took: 0.0001624 seconds
[2023-11-16T06:42:29.562+0000][4090.005s][debug][safepoint     ] Safepoint synchronization initiated. (171 threads)
[2023-11-16T06:42:29.562+0000][4090.005s][info ][safepoint     ] Application time: 1.0001752 seconds
[2023-11-16T06:42:29.562+0000][4090.005s][info ][safepoint     ] Entering safepoint region: Cleanup
[2023-11-16T06:42:29.562+0000][4090.006s][info ][safepoint     ] Leaving safepoint region
[2023-11-16T06:42:29.562+0000][4090.006s][info ][safepoint     ] Total time for which application threads were stopped: 0.0003272 seconds, Stopping threads took: 0.0000588 seconds
[2023-11-16T06:42:30.562+0000][4091.006s][debug][safepoint     ] Safepoint synchronization initiated. (171 threads)
[2023-11-16T06:42:30.562+0000][4091.006s][info ][safepoint     ] Application time: 1.0001770 seconds
[2023-11-16T06:42:30.563+0000][4091.006s][info ][safepoint     ] Entering safepoint region: Cleanup
[2023-11-16T06:42:30.563+0000][4091.006s][info ][safepoint     ] Leaving safepoint region
[2023-11-16T06:42:30.563+0000][4091.006s][info ][safepoint     ] Total time for which application threads were stopped: 0.0003419 seconds, Stopping threads took: 0.0000515 seconds
[2023-11-16T06:42:31.563+0000][4092.006s][debug][safepoint     ] Safepoint synchronization initiated. (171 threads)
[2023-11-16T06:42:31.563+0000][4092.006s][info ][safepoint     ] Application time: 1.0001678 seconds
[2023-11-16T06:42:31.563+0000][4092.006s][info ][safepoint     ] Entering safepoint region: Cleanup
[2023-11-16T06:42:31.563+0000][4092.007s][info ][safepoint     ] Leaving safepoint region
[2023-11-16T06:42:31.563+0000][4092.007s][info ][safepoint     ] Total time for which application threads were stopped: 0.0003113 seconds, Stopping threads took: 0.0000510 seconds
[2023-11-16T06:42:32.563+0000][4093.007s][debug][safepoint     ] Safepoint synchronization initiated. (171 threads)
[2023-11-16T06:42:32.564+0000][4093.007s][info ][safepoint     ] Application time: 1.0001746 seconds
[2023-11-16T06:42:32.564+0000][4093.007s][info ][safepoint     ] Entering safepoint region: Cleanup
[2023-11-16T06:42:32.564+0000][4093.007s][info ][safepoint     ] Leaving safepoint region
[2023-11-16T06:42:32.564+0000][4093.007s][info ][safepoint     ] Total time for which application threads were stopped: 0.0003362 seconds, Stopping threads took: 0.0000505 seconds
[2023-11-16T06:42:33.564+0000][4094.007s][debug][safepoint     ] Safepoint synchronization initiated. (171 threads)
[2023-11-16T06:42:33.564+0000][4094.007s][info ][safepoint     ] Application time: 1.0001707 seconds
[2023-11-16T06:42:33.564+0000][4094.007s][info ][safepoint     ] Entering safepoint region: Cleanup
[2023-11-16T06:42:33.564+0000][4094.008s][info ][safepoint     ] Leaving safepoint region
[2023-11-16T06:42:33.564+0000][4094.008s][info ][safepoint     ] Total time for which application threads were stopped: 0.0002767 seconds, Stopping threads took: 0.0000600 seconds
[2023-11-16T06:42:34.564+0000][4095.008s][debug][safepoint     ] Safepoint synchronization initiated. (171 threads)
[2023-11-16T06:42:34.565+0000][4095.008s][info ][safepoint     ] Application time: 1.0001611 seconds
[2023-11-16T06:42:34.565+0000][4095.008s][info ][safepoint     ] Entering safepoint region: Cleanup
[2023-11-16T06:42:34.565+0000][4095.008s][info ][safepoint     ] Leaving safepoint region
[2023-11-16T06:42:34.565+0000][4095.008s][info ][safepoint     ] Total time for which application threads were stopped: 0.0003453 seconds, Stopping threads took: 0.0000525 seconds
[2023-11-16T06:42:35.565+0000][4096.008s][debug][safepoint     ] Safepoint synchronization initiated. (171 threads)
[2023-11-16T06:42:35.565+0000][4096.008s][info ][safepoint     ] Application time: 1.0001809 seconds
[2023-11-16T06:42:35.565+0000][4096.008s][info ][safepoint     ] Entering safepoint region: Cleanup
[2023-11-16T06:42:35.565+0000][4096.009s][info ][safepoint     ] Leaving safepoint region
[2023-11-16T06:42:35.565+0000][4096.009s][info ][safepoint     ] Total time for which application threads were stopped: 0.0003420 seconds, Stopping threads took: 0.0000522 seconds
[2023-11-16T06:42:36.566+0000][4097.009s][debug][safepoint     ] Safepoint synchronization initiated. (171 threads)
[2023-11-16T06:42:36.566+0000][4097.009s][info ][safepoint     ] Application time: 1.0001529 seconds
[2023-11-16T06:42:36.566+0000][4097.009s][info ][safepoint     ] Entering safepoint region: Cleanup
[2023-11-16T06:42:36.566+0000][4097.009s][info ][safepoint     ] Leaving safepoint region
[2023-11-16T06:42:36.566+0000][4097.009s][info ][safepoint     ] Total time for which application threads were stopped: 0.0004825 seconds, Stopping threads took: 0.0000520 seconds
[2023-11-16T06:42:37.566+0000][4098.010s][debug][safepoint     ] Safepoint synchronization initiated. (171 threads)
[2023-11-16T06:42:37.566+0000][4098.010s][info ][safepoint     ] Application time: 1.0001520 seconds
[2023-11-16T06:42:37.566+0000][4098.010s][info ][safepoint     ] Entering safepoint region: Cleanup
[2023-11-16T06:42:37.567+0000][4098.010s][info ][safepoint     ] Leaving safepoint region
[2023-11-16T06:42:37.567+0000][4098.010s][info ][safepoint     ] Total time for which application threads were stopped: 0.0002466 seconds, Stopping threads took: 0.0000518 seconds
[2023-11-16T06:42:38.567+0000][4099.010s][debug][safepoint     ] Safepoint synchronization initiated. (171 threads)
[2023-11-16T06:42:38.567+0000][4099.010s][info ][safepoint     ] Application time: 1.0001650 seconds
[2023-11-16T06:42:38.567+0000][4099.010s][info ][safepoint     ] Entering safepoint region: Cleanup
[2023-11-16T06:42:38.567+0000][4099.011s][info ][safepoint     ] Leaving safepoint region
[2023-11-16T06:42:38.567+0000][4099.011s][info ][safepoint     ] Total time for which application threads were stopped: 0.0004210 seconds, Stopping threads took: 0.0002154 seconds
[2023-11-16T06:42:39.567+0000][4100.011s][debug][safepoint     ] Safepoint synchronization initiated. (171 threads)
[2023-11-16T06:42:39.567+0000][4100.011s][info ][safepoint     ] Application time: 1.0001842 seconds
[2023-11-16T06:42:39.568+0000][4100.011s][info ][safepoint     ] Entering safepoint region: Cleanup
[2023-11-16T06:42:39.568+0000][4100.011s][info ][safepoint     ] Leaving safepoint region
[2023-11-16T06:42:39.568+0000][4100.011s][info ][safepoint     ] Total time for which application threads were stopped: 0.0002802 seconds, Stopping threads took: 0.0000760 seconds
[2023-11-16T06:42:40.568+0000][4101.011s][debug][safepoint     ] Safepoint synchronization initiated. (171 threads)
[2023-11-16T06:42:40.568+0000][4101.011s][info ][safepoint     ] Application time: 1.0001502 seconds
[2023-11-16T06:42:40.568+0000][4101.011s][info ][safepoint     ] Entering safepoint region: Cleanup
[2023-11-16T06:42:40.568+0000][4101.012s][info ][safepoint     ] Leaving safepoint region
[2023-11-16T06:42:40.568+0000][4101.012s][info ][safepoint     ] Total time for which application threads were stopped: 0.0003460 seconds, Stopping threads took: 0.0000527 seconds
[2023-11-16T06:42:41.568+0000][4102.012s][debug][safepoint     ] Safepoint synchronization initiated. (171 threads)
[2023-11-16T06:42:41.568+0000][4102.012s][info ][safepoint     ] Application time: 1.0001607 seconds
[2023-11-16T06:42:41.568+0000][4102.012s][info ][safepoint     ] Entering safepoint region: Cleanup
[2023-11-16T06:42:41.569+0000][4102.012s][info ][safepoint     ] Leaving safepoint region
[2023-11-16T06:42:41.569+0000][4102.012s][info ][safepoint     ] Total time for which application threads were stopped: 0.0003440 seconds, Stopping threads took: 0.0000529 seconds
[2023-11-16T06:42:42.569+0000][4103.012s][debug][safepoint     ] Safepoint synchronization initiated. (171 threads)
[2023-11-16T06:42:42.569+0000][4103.012s][info ][safepoint     ] Application time: 1.0001524 seconds
[2023-11-16T06:42:42.569+0000][4103.012s][info ][safepoint     ] Entering safepoint region: Cleanup
[2023-11-16T06:42:42.569+0000][4103.013s][info ][safepoint     ] Leaving safepoint region
[2023-11-16T06:42:42.569+0000][4103.013s][info ][safepoint     ] Total time for which application threads were stopped: 0.0003422 seconds, Stopping threads took: 0.0000515 seconds
[2023-11-16T06:42:43.569+0000][4104.013s][debug][safepoint     ] Safepoint synchronization initiated. (171 threads)
[2023-11-16T06:42:43.570+0000][4104.013s][info ][safepoint     ] Application time: 1.0001590 seconds
[2023-11-16T06:42:43.570+0000][4104.013s][info ][safepoint     ] Entering safepoint region: Cleanup
[2023-11-16T06:42:43.570+0000][4104.013s][info ][safepoint     ] Leaving safepoint region
[2023-11-16T06:42:43.570+0000][4104.013s][info ][safepoint     ] Total time for which application threads were stopped: 0.0004117 seconds, Stopping threads took: 0.0002065 seconds
[2023-11-16T06:42:44.570+0000][4105.013s][debug][safepoint     ] Safepoint synchronization initiated. (171 threads)
[2023-11-16T06:42:44.570+0000][4105.013s][info ][safepoint     ] Application time: 1.0001563 seconds
[2023-11-16T06:42:44.570+0000][4105.013s][info ][safepoint     ] Entering safepoint region: Cleanup
[2023-11-16T06:42:44.570+0000][4105.014s][info ][safepoint     ] Leaving safepoint region
[2023-11-16T06:42:44.570+0000][4105.014s][info ][safepoint     ] Total time for which application threads were stopped: 0.0002583 seconds, Stopping threads took: 0.0000521 seconds
[2023-11-16T06:42:45.571+0000][4106.014s][debug][safepoint     ] Safepoint synchronization initiated. (171 threads)
[2023-11-16T06:42:45.571+0000][4106.014s][info ][safepoint     ] Application time: 1.0001719 seconds
[2023-11-16T06:42:45.571+0000][4106.014s][info ][safepoint     ] Entering safepoint region: Cleanup
[2023-11-16T06:42:45.571+0000][4106.014s][info ][safepoint     ] Leaving safepoint region
[2023-11-16T06:42:45.571+0000][4106.014s][info ][safepoint     ] Total time for which application threads were stopped: 0.0003117 seconds, Stopping threads took: 0.0000521 seconds
[2023-11-16T06:42:46.571+0000][4107.014s][debug][safepoint     ] Safepoint synchronization initiated. (171 threads)
[2023-11-16T06:42:46.571+0000][4107.014s][info ][safepoint     ] Application time: 1.0001791 seconds
[2023-11-16T06:42:46.571+0000][4107.014s][info ][safepoint     ] Entering safepoint region: Cleanup
[2023-11-16T06:42:46.571+0000][4107.015s][info ][safepoint     ] Leaving safepoint region
[2023-11-16T06:42:46.571+0000][4107.015s][info ][safepoint     ] Total time for which application threads were stopped: 0.0002493 seconds, Stopping threads took: 0.0000517 seconds
[2023-11-16T06:42:47.572+0000][4108.015s][debug][safepoint     ] Safepoint synchronization initiated. (171 threads)
[2023-11-16T06:42:47.572+0000][4108.015s][info ][safepoint     ] Application time: 1.0001958 seconds
[2023-11-16T06:42:47.572+0000][4108.015s][info ][safepoint     ] Entering safepoint region: Cleanup
[2023-11-16T06:42:47.572+0000][4108.015s][info ][safepoint     ] Leaving safepoint region
[2023-11-16T06:42:47.572+0000][4108.015s][info ][safepoint     ] Total time for which application threads were stopped: 0.0001976 seconds, Stopping threads took: 0.0000413 seconds
[2023-11-16T06:42:48.572+0000][4109.015s][debug][safepoint     ] Safepoint synchronization initiated. (171 threads)
[2023-11-16T06:42:48.572+0000][4109.015s][info ][safepoint     ] Application time: 1.0001458 seconds
[2023-11-16T06:42:48.572+0000][4109.015s][info ][safepoint     ] Entering safepoint region: Cleanup
[2023-11-16T06:42:48.572+0000][4109.016s][info ][safepoint     ] Leaving safepoint region
[2023-11-16T06:42:48.572+0000][4109.016s][info ][safepoint     ] Total time for which application threads were stopped: 0.0004979 seconds, Stopping threads took: 0.0002947 seconds
[2023-11-16T06:42:49.573+0000][4110.016s][debug][safepoint     ] Safepoint synchronization initiated. (171 threads)
[2023-11-16T06:42:49.573+0000][4110.016s][info ][safepoint     ] Application time: 1.0001724 seconds
[2023-11-16T06:42:49.573+0000][4110.016s][info ][safepoint     ] Entering safepoint region: Cleanup
[2023-11-16T06:42:49.573+0000][4110.016s][info ][safepoint     ] Leaving safepoint region
[2023-11-16T06:42:49.573+0000][4110.016s][info ][safepoint     ] Total time for which application threads were stopped: 0.0002663 seconds, Stopping threads took: 0.0000523 seconds
[2023-11-16T06:42:50.573+0000][4111.016s][debug][safepoint     ] Safepoint synchronization initiated. (171 threads)
[2023-11-16T06:42:50.573+0000][4111.016s][info ][safepoint     ] Application time: 1.0001690 seconds
[2023-11-16T06:42:50.573+0000][4111.016s][info ][safepoint     ] Entering safepoint region: Cleanup
[2023-11-16T06:42:50.573+0000][4111.017s][info ][safepoint     ] Leaving safepoint region
[2023-11-16T06:42:50.573+0000][4111.017s][info ][safepoint     ] Total time for which application threads were stopped: 0.0002623 seconds, Stopping threads took: 0.0000522 seconds
[2023-11-16T06:42:51.574+0000][4112.017s][debug][safepoint     ] Safepoint synchronization initiated. (171 threads)
[2023-11-16T06:42:51.574+0000][4112.017s][info ][safepoint     ] Application time: 1.0001708 seconds
[2023-11-16T06:42:51.574+0000][4112.017s][info ][safepoint     ] Entering safepoint region: Cleanup
[2023-11-16T06:42:51.574+0000][4112.017s][info ][safepoint     ] Leaving safepoint region
[2023-11-16T06:42:51.574+0000][4112.017s][info ][safepoint     ] Total time for which application threads were stopped: 0.0002615 seconds, Stopping threads took: 0.0000519 seconds
[2023-11-16T06:42:52.574+0000][4113.017s][debug][safepoint     ] Safepoint synchronization initiated. (171 threads)
[2023-11-16T06:42:52.574+0000][4113.017s][info ][safepoint     ] Application time: 1.0001734 seconds
[2023-11-16T06:42:52.574+0000][4113.017s][info ][safepoint     ] Entering safepoint region: Cleanup
[2023-11-16T06:42:52.574+0000][4113.018s][info ][safepoint     ] Leaving safepoint region
[2023-11-16T06:42:52.574+0000][4113.018s][info ][safepoint     ] Total time for which application threads were stopped: 0.0003455 seconds, Stopping threads took: 0.0000520 seconds
[2023-11-16T06:42:53.575+0000][4114.018s][debug][safepoint     ] Safepoint synchronization initiated. (171 threads)
[2023-11-16T06:42:53.575+0000][4114.018s][info ][safepoint     ] Application time: 1.0001764 seconds
[2023-11-16T06:42:53.575+0000][4114.018s][info ][safepoint     ] Entering safepoint region: Cleanup
[2023-11-16T06:42:53.575+0000][4114.019s][info ][safepoint     ] Leaving safepoint region
[2023-11-16T06:42:53.575+0000][4114.019s][info ][safepoint     ] Total time for which application threads were stopped: 0.0006019 seconds, Stopping threads took: 0.0003086 seconds
[2023-11-16T06:42:54.575+0000][4115.019s][debug][safepoint     ] Safepoint synchronization initiated. (171 threads)
[2023-11-16T06:42:54.575+0000][4115.019s][info ][safepoint     ] Application time: 1.0001669 seconds
[2023-11-16T06:42:54.576+0000][4115.019s][info ][safepoint     ] Entering safepoint region: Cleanup
[2023-11-16T06:42:54.576+0000][4115.019s][info ][safepoint     ] Leaving safepoint region
[2023-11-16T06:42:54.576+0000][4115.019s][info ][safepoint     ] Total time for which application threads were stopped: 0.0003532 seconds, Stopping threads took: 0.0000529 seconds
[2023-11-16T06:42:55.576+0000][4116.019s][debug][safepoint     ] Safepoint synchronization initiated. (171 threads)
[2023-11-16T06:42:55.576+0000][4116.019s][info ][safepoint     ] Application time: 1.0001540 seconds
[2023-11-16T06:42:55.576+0000][4116.019s][info ][safepoint     ] Entering safepoint region: Cleanup
[2023-11-16T06:42:55.576+0000][4116.020s][info ][safepoint     ] Leaving safepoint region
[2023-11-16T06:42:55.576+0000][4116.020s][info ][safepoint     ] Total time for which application threads were stopped: 0.0003404 seconds, Stopping threads took: 0.0000518 seconds
[2023-11-16T06:42:56.576+0000][4117.020s][debug][safepoint     ] Safepoint synchronization initiated. (171 threads)
[2023-11-16T06:42:56.577+0000][4117.020s][info ][safepoint     ] Application time: 1.0001709 seconds
[2023-11-16T06:42:56.577+0000][4117.020s][info ][safepoint     ] Entering safepoint region: Cleanup
[2023-11-16T06:42:56.577+0000][4117.020s][info ][safepoint     ] Leaving safepoint region
[2023-11-16T06:42:56.577+0000][4117.020s][info ][safepoint     ] Total time for which application threads were stopped: 0.0003442 seconds, Stopping threads took: 0.0000526 seconds
[2023-11-16T06:42:57.577+0000][4118.020s][debug][safepoint     ] Safepoint synchronization initiated. (171 threads)
[2023-11-16T06:42:57.577+0000][4118.020s][info ][safepoint     ] Application time: 1.0001707 seconds
[2023-11-16T06:42:57.577+0000][4118.020s][info ][safepoint     ] Entering safepoint region: Cleanup
[2023-11-16T06:42:57.577+0000][4118.021s][info ][safepoint     ] Leaving safepoint region
[2023-11-16T06:42:57.577+0000][4118.021s][info ][safepoint     ] Total time for which application threads were stopped: 0.0003434 seconds, Stopping threads took: 0.0000526 seconds
[2023-11-16T06:42:58.578+0000][4119.021s][debug][safepoint     ] Safepoint synchronization initiated. (171 threads)
[2023-11-16T06:42:58.578+0000][4119.021s][info ][safepoint     ] Application time: 1.0001729 seconds
[2023-11-16T06:42:58.578+0000][4119.021s][info ][safepoint     ] Entering safepoint region: Cleanup
[2023-11-16T06:42:58.578+0000][4119.021s][info ][safepoint     ] Leaving safepoint region
[2023-11-16T06:42:58.578+0000][4119.021s][info ][safepoint     ] Total time for which application threads were stopped: 0.0004241 seconds, Stopping threads took: 0.0002002 seconds
[2023-11-16T06:42:59.578+0000][4120.022s][debug][safepoint     ] Safepoint synchronization initiated. (170 threads)
[2023-11-16T06:42:59.578+0000][4120.022s][info ][safepoint     ] Application time: 1.0001673 seconds
[2023-11-16T06:42:59.578+0000][4120.022s][info ][safepoint     ] Entering safepoint region: Cleanup
[2023-11-16T06:42:59.579+0000][4120.022s][info ][safepoint     ] Leaving safepoint region
[2023-11-16T06:42:59.579+0000][4120.022s][info ][safepoint     ] Total time for which application threads were stopped: 0.0003488 seconds, Stopping threads took: 0.0000523 seconds
[2023-11-16T06:43:00.579+0000][4121.022s][debug][safepoint     ] Safepoint synchronization initiated. (170 threads)
[2023-11-16T06:43:00.579+0000][4121.022s][info ][safepoint     ] Application time: 1.0001525 seconds
[2023-11-16T06:43:00.579+0000][4121.022s][info ][safepoint     ] Entering safepoint region: Cleanup
[2023-11-16T06:43:00.579+0000][4121.022s][info ][safepoint     ] Leaving safepoint region
[2023-11-16T06:43:00.579+0000][4121.023s][info ][safepoint     ] Total time for which application threads were stopped: 0.0003479 seconds, Stopping threads took: 0.0000521 seconds
[2023-11-16T06:43:01.579+0000][4122.023s][debug][safepoint     ] Safepoint synchronization initiated. (170 threads)
[2023-11-16T06:43:01.579+0000][4122.023s][info ][safepoint     ] Application time: 1.0001453 seconds
[2023-11-16T06:43:01.579+0000][4122.023s][info ][safepoint     ] Entering safepoint region: Cleanup
[2023-11-16T06:43:01.580+0000][4122.023s][info ][safepoint     ] Leaving safepoint region
[2023-11-16T06:43:01.580+0000][4122.023s][info ][safepoint     ] Total time for which application threads were stopped: 0.0003404 seconds, Stopping threads took: 0.0000525 seconds
[2023-11-16T06:43:02.580+0000][4123.023s][debug][safepoint     ] Safepoint synchronization initiated. (170 threads)
[2023-11-16T06:43:02.580+0000][4123.023s][info ][safepoint     ] Application time: 1.0001466 seconds
[2023-11-16T06:43:02.580+0000][4123.023s][info ][safepoint     ] Entering safepoint region: Cleanup
[2023-11-16T06:43:02.580+0000][4123.024s][info ][safepoint     ] Leaving safepoint region
[2023-11-16T06:43:02.580+0000][4123.024s][info ][safepoint     ] Total time for which application threads were stopped: 0.0003492 seconds, Stopping threads took: 0.0000505 seconds
[2023-11-16T06:43:03.580+0000][4124.024s][debug][safepoint     ] Safepoint synchronization initiated. (170 threads)
[2023-11-16T06:43:03.580+0000][4124.024s][info ][safepoint     ] Application time: 1.0001525 seconds
[2023-11-16T06:43:03.580+0000][4124.024s][info ][safepoint     ] Entering safepoint region: Cleanup
[2023-11-16T06:43:03.581+0000][4124.024s][info ][safepoint     ] Leaving safepoint region
[2023-11-16T06:43:03.581+0000][4124.024s][info ][safepoint     ] Total time for which application threads were stopped: 0.0004905 seconds, Stopping threads took: 0.0002906 seconds
[2023-11-16T06:43:04.581+0000][4125.024s][debug][safepoint     ] Safepoint synchronization initiated. (170 threads)
[2023-11-16T06:43:04.581+0000][4125.024s][info ][safepoint     ] Application time: 1.0001365 seconds
[2023-11-16T06:43:04.581+0000][4125.024s][info ][safepoint     ] Entering safepoint region: Cleanup
[2023-11-16T06:43:04.581+0000][4125.025s][info ][safepoint     ] Leaving safepoint region
[2023-11-16T06:43:04.581+0000][4125.025s][info ][safepoint     ] Total time for which application threads were stopped: 0.0002557 seconds, Stopping threads took: 0.0000517 seconds
[2023-11-16T06:43:05.582+0000][4126.025s][debug][safepoint     ] Safepoint synchronization initiated. (170 threads)
[2023-11-16T06:43:05.582+0000][4126.025s][info ][safepoint     ] Application time: 1.0001689 seconds
[2023-11-16T06:43:05.582+0000][4126.025s][info ][safepoint     ] Entering safepoint region: Cleanup
[2023-11-16T06:43:05.582+0000][4126.025s][info ][safepoint     ] Leaving safepoint region
[2023-11-16T06:43:05.582+0000][4126.025s][info ][safepoint     ] Total time for which application threads were stopped: 0.0003460 seconds, Stopping threads took: 0.0000521 seconds
[2023-11-16T06:43:06.582+0000][4127.025s][debug][safepoint     ] Safepoint synchronization initiated. (170 threads)
[2023-11-16T06:43:06.582+0000][4127.025s][info ][safepoint     ] Application time: 1.0001526 seconds
[2023-11-16T06:43:06.582+0000][4127.025s][info ][safepoint     ] Entering safepoint region: Cleanup
[2023-11-16T06:43:06.582+0000][4127.026s][info ][safepoint     ] Leaving safepoint region
[2023-11-16T06:43:06.582+0000][4127.026s][info ][safepoint     ] Total time for which application threads were stopped: 0.0003450 seconds, Stopping threads took: 0.0000507 seconds
[2023-11-16T06:43:07.583+0000][4128.026s][debug][safepoint     ] Safepoint synchronization initiated. (170 threads)
[2023-11-16T06:43:07.583+0000][4128.026s][info ][safepoint     ] Application time: 1.0001648 seconds
[2023-11-16T06:43:07.583+0000][4128.026s][info ][safepoint     ] Entering safepoint region: Cleanup
[2023-11-16T06:43:07.583+0000][4128.026s][info ][safepoint     ] Leaving safepoint region
[2023-11-16T06:43:07.583+0000][4128.026s][info ][safepoint     ] Total time for which application threads were stopped: 0.0002586 seconds, Stopping threads took: 0.0000517 seconds
[2023-11-16T06:43:08.583+0000][4129.026s][debug][safepoint     ] Safepoint synchronization initiated. (170 threads)
[2023-11-16T06:43:08.583+0000][4129.026s][info ][safepoint     ] Application time: 1.0001635 seconds
[2023-11-16T06:43:08.583+0000][4129.026s][info ][safepoint     ] Entering safepoint region: Cleanup
[2023-11-16T06:43:08.583+0000][4129.027s][info ][safepoint     ] Leaving safepoint region
[2023-11-16T06:43:08.583+0000][4129.027s][info ][safepoint     ] Total time for which application threads were stopped: 0.0003065 seconds, Stopping threads took: 0.0000534 seconds
[2023-11-16T06:43:09.584+0000][4130.027s][debug][safepoint     ] Safepoint synchronization initiated. (170 threads)
[2023-11-16T06:43:09.584+0000][4130.027s][info ][safepoint     ] Application time: 1.0001840 seconds
[2023-11-16T06:43:09.584+0000][4130.027s][info ][safepoint     ] Entering safepoint region: Cleanup
[2023-11-16T06:43:09.584+0000][4130.027s][info ][safepoint     ] Leaving safepoint region
[2023-11-16T06:43:09.584+0000][4130.027s][info ][safepoint     ] Total time for which application threads were stopped: 0.0003421 seconds, Stopping threads took: 0.0000538 seconds
[2023-11-16T06:43:10.584+0000][4131.027s][debug][safepoint     ] Safepoint synchronization initiated. (170 threads)
[2023-11-16T06:43:10.584+0000][4131.028s][info ][safepoint     ] Application time: 1.0001533 seconds
[2023-11-16T06:43:10.584+0000][4131.028s][info ][safepoint     ] Entering safepoint region: Cleanup
[2023-11-16T06:43:10.585+0000][4131.028s][info ][safepoint     ] Leaving safepoint region
[2023-11-16T06:43:10.585+0000][4131.028s][info ][safepoint     ] Total time for which application threads were stopped: 0.0003497 seconds, Stopping threads took: 0.0000532 seconds
[2023-11-16T06:43:11.585+0000][4132.028s][debug][safepoint     ] Safepoint synchronization initiated. (170 threads)
[2023-11-16T06:43:11.585+0000][4132.028s][info ][safepoint     ] Application time: 1.0001671 seconds
[2023-11-16T06:43:11.585+0000][4132.028s][info ][safepoint     ] Entering safepoint region: Cleanup
[2023-11-16T06:43:11.585+0000][4132.028s][info ][safepoint     ] Leaving safepoint region
[2023-11-16T06:43:11.585+0000][4132.028s][info ][safepoint     ] Total time for which application threads were stopped: 0.0003429 seconds, Stopping threads took: 0.0000528 seconds
[2023-11-16T06:43:12.585+0000][4133.029s][debug][safepoint     ] Safepoint synchronization initiated. (170 threads)
[2023-11-16T06:43:12.585+0000][4133.029s][info ][safepoint     ] Application time: 1.0001570 seconds
[2023-11-16T06:43:12.585+0000][4133.029s][info ][safepoint     ] Entering safepoint region: Cleanup
[2023-11-16T06:43:12.586+0000][4133.029s][info ][safepoint     ] Leaving safepoint region
[2023-11-16T06:43:12.586+0000][4133.029s][info ][safepoint     ] Total time for which application threads were stopped: 0.0003457 seconds, Stopping threads took: 0.0000517 seconds
[2023-11-16T06:43:13.586+0000][4134.029s][debug][safepoint     ] Safepoint synchronization initiated. (170 threads)
[2023-11-16T06:43:13.586+0000][4134.029s][info ][safepoint     ] Application time: 1.0001668 seconds
[2023-11-16T06:43:13.586+0000][4134.029s][info ][safepoint     ] Entering safepoint region: Cleanup
[2023-11-16T06:43:13.586+0000][4134.030s][info ][safepoint     ] Leaving safepoint region
[2023-11-16T06:43:13.586+0000][4134.030s][info ][safepoint     ] Total time for which application threads were stopped: 0.0005102 seconds, Stopping threads took: 0.0003090 seconds
[2023-11-16T06:43:14.586+0000][4135.030s][debug][safepoint     ] Safepoint synchronization initiated. (170 threads)
[2023-11-16T06:43:14.587+0000][4135.030s][info ][safepoint     ] Application time: 1.0001367 seconds
[2023-11-16T06:43:14.587+0000][4135.030s][info ][safepoint     ] Entering safepoint region: Cleanup
[2023-11-16T06:43:14.587+0000][4135.030s][info ][safepoint     ] Leaving safepoint region
[2023-11-16T06:43:14.587+0000][4135.030s][info ][safepoint     ] Total time for which application threads were stopped: 0.0002585 seconds, Stopping threads took: 0.0000528 seconds
[2023-11-16T06:43:15.587+0000][4136.030s][debug][safepoint     ] Safepoint synchronization initiated. (170 threads)
[2023-11-16T06:43:15.587+0000][4136.030s][info ][safepoint     ] Application time: 1.0001516 seconds
[2023-11-16T06:43:15.587+0000][4136.030s][info ][safepoint     ] Entering safepoint region: Cleanup
[2023-11-16T06:43:15.587+0000][4136.031s][info ][safepoint     ] Leaving safepoint region
[2023-11-16T06:43:15.587+0000][4136.031s][info ][safepoint     ] Total time for which application threads were stopped: 0.0002824 seconds, Stopping threads took: 0.0000520 seconds
[2023-11-16T06:43:16.587+0000][4137.031s][debug][safepoint     ] Safepoint synchronization initiated. (170 threads)
[2023-11-16T06:43:16.587+0000][4137.031s][info ][safepoint     ] Application time: 1.0002100 seconds
[2023-11-16T06:43:16.588+0000][4137.031s][info ][safepoint     ] Entering safepoint region: Cleanup
[2023-11-16T06:43:16.588+0000][4137.031s][info ][safepoint     ] Leaving safepoint region
[2023-11-16T06:43:16.588+0000][4137.031s][info ][safepoint     ] Total time for which application threads were stopped: 0.0003467 seconds, Stopping threads took: 0.0000531 seconds
[2023-11-16T06:43:17.588+0000][4138.031s][debug][safepoint     ] Safepoint synchronization initiated. (170 threads)
[2023-11-16T06:43:17.588+0000][4138.031s][info ][safepoint     ] Application time: 1.0001681 seconds
[2023-11-16T06:43:17.588+0000][4138.031s][info ][safepoint     ] Entering safepoint region: Cleanup
[2023-11-16T06:43:17.588+0000][4138.032s][info ][safepoint     ] Leaving safepoint region
[2023-11-16T06:43:17.588+0000][4138.032s][info ][safepoint     ] Total time for which application threads were stopped: 0.0002614 seconds, Stopping threads took: 0.0000521 seconds
[2023-11-16T06:43:18.588+0000][4139.032s][debug][safepoint     ] Safepoint synchronization initiated. (170 threads)
[2023-11-16T06:43:18.589+0000][4139.032s][info ][safepoint     ] Application time: 1.0001623 seconds
[2023-11-16T06:43:18.589+0000][4139.032s][info ][safepoint     ] Entering safepoint region: Cleanup
[2023-11-16T06:43:18.589+0000][4139.032s][info ][safepoint     ] Leaving safepoint region
[2023-11-16T06:43:18.589+0000][4139.032s][info ][safepoint     ] Total time for which application threads were stopped: 0.0005802 seconds, Stopping threads took: 0.0002957 seconds
[2023-11-16T06:43:19.589+0000][4140.033s][debug][safepoint     ] Safepoint synchronization initiated. (170 threads)
[2023-11-16T06:43:19.589+0000][4140.033s][info ][safepoint     ] Application time: 1.0001569 seconds
[2023-11-16T06:43:19.589+0000][4140.033s][info ][safepoint     ] Entering safepoint region: Cleanup
[2023-11-16T06:43:19.590+0000][4140.033s][info ][safepoint     ] Leaving safepoint region
[2023-11-16T06:43:19.590+0000][4140.033s][info ][safepoint     ] Total time for which application threads were stopped: 0.0002836 seconds, Stopping threads took: 0.0000588 seconds
[2023-11-16T06:43:20.590+0000][4141.033s][debug][safepoint     ] Safepoint synchronization initiated. (170 threads)
[2023-11-16T06:43:20.590+0000][4141.033s][info ][safepoint     ] Application time: 1.0001744 seconds
[2023-11-16T06:43:20.590+0000][4141.033s][info ][safepoint     ] Entering safepoint region: Cleanup
[2023-11-16T06:43:20.590+0000][4141.033s][info ][safepoint     ] Leaving safepoint region
[2023-11-16T06:43:20.590+0000][4141.033s][info ][safepoint     ] Total time for which application threads were stopped: 0.0003449 seconds, Stopping threads took: 0.0000522 seconds
[2023-11-16T06:43:21.590+0000][4142.034s][debug][safepoint     ] Safepoint synchronization initiated. (170 threads)
[2023-11-16T06:43:21.590+0000][4142.034s][info ][safepoint     ] Application time: 1.0001702 seconds
[2023-11-16T06:43:21.590+0000][4142.034s][info ][safepoint     ] Entering safepoint region: Cleanup
[2023-11-16T06:43:21.591+0000][4142.034s][info ][safepoint     ] Leaving safepoint region
[2023-11-16T06:43:21.591+0000][4142.034s][info ][safepoint     ] Total time for which application threads were stopped: 0.0003465 seconds, Stopping threads took: 0.0000531 seconds
[2023-11-16T06:43:22.591+0000][4143.034s][debug][safepoint     ] Safepoint synchronization initiated. (170 threads)
[2023-11-16T06:43:22.591+0000][4143.034s][info ][safepoint     ] Application time: 1.0001722 seconds
[2023-11-16T06:43:22.591+0000][4143.034s][info ][safepoint     ] Entering safepoint region: Cleanup
[2023-11-16T06:43:22.591+0000][4143.034s][info ][safepoint     ] Leaving safepoint region
[2023-11-16T06:43:22.591+0000][4143.034s][info ][safepoint     ] Total time for which application threads were stopped: 0.0002474 seconds, Stopping threads took: 0.0000526 seconds
[2023-11-16T06:43:23.591+0000][4144.035s][debug][safepoint     ] Safepoint synchronization initiated. (170 threads)
[2023-11-16T06:43:23.591+0000][4144.035s][info ][safepoint     ] Application time: 1.0001884 seconds
[2023-11-16T06:43:23.591+0000][4144.035s][info ][safepoint     ] Entering safepoint region: Cleanup
[2023-11-16T06:43:23.592+0000][4144.035s][info ][safepoint     ] Leaving safepoint region
[2023-11-16T06:43:23.592+0000][4144.035s][info ][safepoint     ] Total time for which application threads were stopped: 0.0005180 seconds, Stopping threads took: 0.0002858 seconds
[2023-11-16T06:43:24.592+0000][4145.035s][debug][safepoint     ] Safepoint synchronization initiated. (170 threads)
[2023-11-16T06:43:24.592+0000][4145.035s][info ][safepoint     ] Application time: 1.0001675 seconds
[2023-11-16T06:43:24.592+0000][4145.035s][info ][safepoint     ] Entering safepoint region: Cleanup
[2023-11-16T06:43:24.592+0000][4145.036s][info ][safepoint     ] Leaving safepoint region
[2023-11-16T06:43:24.592+0000][4145.036s][info ][safepoint     ] Total time for which application threads were stopped: 0.0003493 seconds, Stopping threads took: 0.0000534 seconds
[2023-11-16T06:43:25.593+0000][4146.036s][debug][safepoint     ] Safepoint synchronization initiated. (170 threads)
[2023-11-16T06:43:25.593+0000][4146.036s][info ][safepoint     ] Application time: 1.0001766 seconds
[2023-11-16T06:43:25.593+0000][4146.036s][info ][safepoint     ] Entering safepoint region: Cleanup
[2023-11-16T06:43:25.593+0000][4146.036s][info ][safepoint     ] Leaving safepoint region
[2023-11-16T06:43:25.593+0000][4146.036s][info ][safepoint     ] Total time for which application threads were stopped: 0.0003392 seconds, Stopping threads took: 0.0000546 seconds
[2023-11-16T06:43:26.593+0000][4147.036s][debug][safepoint     ] Safepoint synchronization initiated. (170 threads)
[2023-11-16T06:43:26.593+0000][4147.037s][info ][safepoint     ] Application time: 1.0001426 seconds
[2023-11-16T06:43:26.593+0000][4147.037s][info ][safepoint     ] Entering safepoint region: Cleanup
[2023-11-16T06:43:26.594+0000][4147.037s][info ][safepoint     ] Leaving safepoint region
[2023-11-16T06:43:26.594+0000][4147.037s][info ][safepoint     ] Total time for which application threads were stopped: 0.0003442 seconds, Stopping threads took: 0.0000544 seconds
[2023-11-16T06:43:27.594+0000][4148.037s][debug][safepoint     ] Safepoint synchronization initiated. (170 threads)
[2023-11-16T06:43:27.594+0000][4148.037s][info ][safepoint     ] Application time: 1.0001703 seconds
[2023-11-16T06:43:27.594+0000][4148.037s][info ][safepoint     ] Entering safepoint region: Cleanup
[2023-11-16T06:43:27.594+0000][4148.037s][info ][safepoint     ] Leaving safepoint region
[2023-11-16T06:43:27.594+0000][4148.037s][info ][safepoint     ] Total time for which application threads were stopped: 0.0003490 seconds, Stopping threads took: 0.0000537 seconds
[2023-11-16T06:43:28.594+0000][4149.038s][debug][safepoint     ] Safepoint synchronization initiated. (170 threads)
[2023-11-16T06:43:28.594+0000][4149.038s][info ][safepoint     ] Application time: 1.0001658 seconds
[2023-11-16T06:43:28.594+0000][4149.038s][info ][safepoint     ] Entering safepoint region: Cleanup
[2023-11-16T06:43:28.595+0000][4149.038s][info ][safepoint     ] Leaving safepoint region
[2023-11-16T06:43:28.595+0000][4149.038s][info ][safepoint     ] Total time for which application threads were stopped: 0.0004499 seconds, Stopping threads took: 0.0001539 seconds
[2023-11-16T06:43:29.595+0000][4150.038s][debug][safepoint     ] Safepoint synchronization initiated. (170 threads)
[2023-11-16T06:43:29.595+0000][4150.038s][info ][safepoint     ] Application time: 1.0001712 seconds
[2023-11-16T06:43:29.595+0000][4150.038s][info ][safepoint     ] Entering safepoint region: Cleanup
[2023-11-16T06:43:29.595+0000][4150.039s][info ][safepoint     ] Leaving safepoint region
[2023-11-16T06:43:29.595+0000][4150.039s][info ][safepoint     ] Total time for which application threads were stopped: 0.0003450 seconds, Stopping threads took: 0.0000537 seconds
[2023-11-16T06:43:30.595+0000][4151.039s][debug][safepoint     ] Safepoint synchronization initiated. (170 threads)
[2023-11-16T06:43:30.596+0000][4151.039s][info ][safepoint     ] Application time: 1.0001844 seconds
[2023-11-16T06:43:30.596+0000][4151.039s][info ][safepoint     ] Entering safepoint region: Cleanup
[2023-11-16T06:43:30.596+0000][4151.039s][info ][safepoint     ] Leaving safepoint region
[2023-11-16T06:43:30.596+0000][4151.039s][info ][safepoint     ] Total time for which application threads were stopped: 0.0003506 seconds, Stopping threads took: 0.0000553 seconds
[2023-11-16T06:43:31.596+0000][4152.039s][debug][safepoint     ] Safepoint synchronization initiated. (170 threads)
[2023-11-16T06:43:31.596+0000][4152.039s][info ][safepoint     ] Application time: 1.0001608 seconds
[2023-11-16T06:43:31.596+0000][4152.039s][info ][safepoint     ] Entering safepoint region: Cleanup
[2023-11-16T06:43:31.596+0000][4152.040s][info ][safepoint     ] Leaving safepoint region
[2023-11-16T06:43:31.596+0000][4152.040s][info ][safepoint     ] Total time for which application threads were stopped: 0.0003504 seconds, Stopping threads took: 0.0000544 seconds
[2023-11-16T06:43:32.597+0000][4153.040s][debug][safepoint     ] Safepoint synchronization initiated. (170 threads)
[2023-11-16T06:43:32.597+0000][4153.040s][info ][safepoint     ] Application time: 1.0001655 seconds
[2023-11-16T06:43:32.597+0000][4153.040s][info ][safepoint     ] Entering safepoint region: Cleanup
[2023-11-16T06:43:32.597+0000][4153.040s][info ][safepoint     ] Leaving safepoint region
[2023-11-16T06:43:32.597+0000][4153.040s][info ][safepoint     ] Total time for which application threads were stopped: 0.0003501 seconds, Stopping threads took: 0.0000535 seconds
[2023-11-16T06:43:32.883+0000][4153.326s][debug][safepoint     ] Safepoint synchronization initiated. (170 threads)
[2023-11-16T06:43:32.883+0000][4153.326s][info ][safepoint     ] Application time: 0.2859470 seconds
[2023-11-16T06:43:32.883+0000][4153.326s][info ][safepoint     ] Entering safepoint region: G1CollectForAllocation
[2023-11-16T06:43:32.883+0000][4153.327s][info ][gc,start      ] GC(45) Pause Young (Normal) (G1 Evacuation Pause)
[2023-11-16T06:43:32.883+0000][4153.327s][info ][gc,task       ] GC(45) Using 4 workers of 4 for evacuation
[2023-11-16T06:43:32.917+0000][4153.361s][info ][gc,phases     ] GC(45)   Pre Evacuate Collection Set: 0.0ms
[2023-11-16T06:43:32.917+0000][4153.361s][info ][gc,phases     ] GC(45)   Evacuate Collection Set: 28.3ms
[2023-11-16T06:43:32.917+0000][4153.361s][info ][gc,phases     ] GC(45)   Post Evacuate Collection Set: 5.3ms
[2023-11-16T06:43:32.917+0000][4153.361s][info ][gc,phases     ] GC(45)   Other: 0.4ms
[2023-11-16T06:43:32.917+0000][4153.361s][info ][gc,heap       ] GC(45) Eden regions: 488->0(492)
[2023-11-16T06:43:32.917+0000][4153.361s][info ][gc,heap       ] GC(45) Survivor regions: 21->17(64)
[2023-11-16T06:43:32.917+0000][4153.361s][info ][gc,heap       ] GC(45) Old regions: 134->138
[2023-11-16T06:43:32.917+0000][4153.361s][info ][gc,heap       ] GC(45) Humongous regions: 0->0
[2023-11-16T06:43:32.917+0000][4153.361s][info ][gc,metaspace  ] GC(45) Metaspace: 164516K(170072K)->164516K(170072K) NonClass: 145543K(148952K)->145543K(148952K) Class: 18972K(21120K)->18972K(21120K)
[2023-11-16T06:43:32.918+0000][4153.361s][info ][gc            ] GC(45) Pause Young (Normal) (G1 Evacuation Pause) 641M->152M(849M) 34.230ms
[2023-11-16T06:43:32.918+0000][4153.361s][info ][gc,cpu        ] GC(45) User=0.13s Sys=0.00s Real=0.03s
[2023-11-16T06:43:32.918+0000][4153.361s][info ][safepoint     ] Leaving safepoint region
[2023-11-16T06:43:32.918+0000][4153.361s][info ][safepoint     ] Total time for which application threads were stopped: 0.0346034 seconds, Stopping threads took: 0.0000382 seconds
[2023-11-16T06:43:32.918+0000][4153.361s][info ][gc,stringdedup] Concurrent String Deduplication (4153.361s)
[2023-11-16T06:43:32.918+0000][4153.361s][info ][gc,stringdedup] Concurrent String Deduplication 0.0B->0.0B(0.0B) avg 53.7% (4153.361s, 4153.361s) 0.050ms
[2023-11-16T06:43:33.918+0000][4154.361s][debug][safepoint     ] Safepoint synchronization initiated. (170 threads)
[2023-11-16T06:43:33.918+0000][4154.361s][info ][safepoint     ] Application time: 1.0001896 seconds
[2023-11-16T06:43:33.918+0000][4154.361s][info ][safepoint     ] Entering safepoint region: Cleanup
[2023-11-16T06:43:33.918+0000][4154.362s][info ][safepoint     ] Leaving safepoint region
[2023-11-16T06:43:33.918+0000][4154.362s][info ][safepoint     ] Total time for which application threads were stopped: 0.0005376 seconds, Stopping threads took: 0.0002544 seconds
[2023-11-16T06:43:34.919+0000][4155.362s][debug][safepoint     ] Safepoint synchronization initiated. (170 threads)
[2023-11-16T06:43:34.919+0000][4155.362s][info ][safepoint     ] Application time: 1.0001737 seconds
[2023-11-16T06:43:34.919+0000][4155.362s][info ][safepoint     ] Entering safepoint region: Cleanup
[2023-11-16T06:43:34.919+0000][4155.362s][info ][safepoint     ] Leaving safepoint region
[2023-11-16T06:43:34.919+0000][4155.362s][info ][safepoint     ] Total time for which application threads were stopped: 0.0003358 seconds, Stopping threads took: 0.0000498 seconds
[2023-11-16T06:43:35.919+0000][4156.362s][debug][safepoint     ] Safepoint synchronization initiated. (170 threads)
[2023-11-16T06:43:35.919+0000][4156.362s][info ][safepoint     ] Application time: 1.0001543 seconds
[2023-11-16T06:43:35.919+0000][4156.362s][info ][safepoint     ] Entering safepoint region: Cleanup
[2023-11-16T06:43:35.919+0000][4156.363s][info ][safepoint     ] Leaving safepoint region
[2023-11-16T06:43:35.919+0000][4156.363s][info ][safepoint     ] Total time for which application threads were stopped: 0.0002968 seconds, Stopping threads took: 0.0000497 seconds
[2023-11-16T06:43:36.920+0000][4157.363s][debug][safepoint     ] Safepoint synchronization initiated. (170 threads)
[2023-11-16T06:43:36.920+0000][4157.363s][info ][safepoint     ] Application time: 1.0001548 seconds
[2023-11-16T06:43:36.920+0000][4157.363s][info ][safepoint     ] Entering safepoint region: Cleanup
[2023-11-16T06:43:36.920+0000][4157.363s][info ][safepoint     ] Leaving safepoint region
[2023-11-16T06:43:36.920+0000][4157.363s][info ][safepoint     ] Total time for which application threads were stopped: 0.0003382 seconds, Stopping threads took: 0.0000507 seconds
[2023-11-16T06:43:37.920+0000][4158.363s][debug][safepoint     ] Safepoint synchronization initiated. (170 threads)
[2023-11-16T06:43:37.920+0000][4158.363s][info ][safepoint     ] Application time: 1.0001583 seconds
[2023-11-16T06:43:37.920+0000][4158.364s][info ][safepoint     ] Entering safepoint region: Cleanup
[2023-11-16T06:43:37.920+0000][4158.364s][info ][safepoint     ] Leaving safepoint region
[2023-11-16T06:43:37.921+0000][4158.364s][info ][safepoint     ] Total time for which application threads were stopped: 0.0003442 seconds, Stopping threads took: 0.0000543 seconds
[2023-11-16T06:43:38.921+0000][4159.364s][debug][safepoint     ] Safepoint synchronization initiated. (170 threads)
[2023-11-16T06:43:38.921+0000][4159.364s][info ][safepoint     ] Application time: 1.0001573 seconds
[2023-11-16T06:43:38.921+0000][4159.364s][info ][safepoint     ] Entering safepoint region: Cleanup
[2023-11-16T06:43:38.921+0000][4159.364s][info ][safepoint     ] Leaving safepoint region
[2023-11-16T06:43:38.921+0000][4159.364s][info ][safepoint     ] Total time for which application threads were stopped: 0.0003431 seconds, Stopping threads took: 0.0001456 seconds
[2023-11-16T06:43:39.921+0000][4160.365s][debug][safepoint     ] Safepoint synchronization initiated. (170 threads)
[2023-11-16T06:43:39.921+0000][4160.365s][info ][safepoint     ] Application time: 1.0001730 seconds
[2023-11-16T06:43:39.921+0000][4160.365s][info ][safepoint     ] Entering safepoint region: Cleanup
[2023-11-16T06:43:39.921+0000][4160.365s][info ][safepoint     ] Leaving safepoint region
[2023-11-16T06:43:39.922+0000][4160.365s][info ][safepoint     ] Total time for which application threads were stopped: 0.0002459 seconds, Stopping threads took: 0.0000518 seconds
[2023-11-16T06:43:40.922+0000][4161.365s][debug][safepoint     ] Safepoint synchronization initiated. (170 threads)
[2023-11-16T06:43:40.922+0000][4161.365s][info ][safepoint     ] Application time: 1.0001839 seconds
[2023-11-16T06:43:40.922+0000][4161.365s][info ][safepoint     ] Entering safepoint region: Cleanup
[2023-11-16T06:43:40.922+0000][4161.365s][info ][safepoint     ] Leaving safepoint region
[2023-11-16T06:43:40.922+0000][4161.365s][info ][safepoint     ] Total time for which application threads were stopped: 0.0002450 seconds, Stopping threads took: 0.0000513 seconds
[2023-11-16T06:43:41.922+0000][4162.365s][debug][safepoint     ] Safepoint synchronization initiated. (170 threads)
[2023-11-16T06:43:41.922+0000][4162.365s][info ][safepoint     ] Application time: 1.0001687 seconds
[2023-11-16T06:43:41.922+0000][4162.366s][info ][safepoint     ] Entering safepoint region: Cleanup
[2023-11-16T06:43:41.922+0000][4162.366s][info ][safepoint     ] Leaving safepoint region
[2023-11-16T06:43:41.922+0000][4162.366s][info ][safepoint     ] Total time for which application threads were stopped: 0.0002416 seconds, Stopping threads took: 0.0000509 seconds
[2023-11-16T06:43:42.923+0000][4163.366s][debug][safepoint     ] Safepoint synchronization initiated. (170 threads)
[2023-11-16T06:43:42.923+0000][4163.366s][info ][safepoint     ] Application time: 1.0001796 seconds
[2023-11-16T06:43:42.923+0000][4163.366s][info ][safepoint     ] Entering safepoint region: Cleanup
[2023-11-16T06:43:42.923+0000][4163.366s][info ][safepoint     ] Leaving safepoint region
[2023-11-16T06:43:42.923+0000][4163.366s][info ][safepoint     ] Total time for which application threads were stopped: 0.0002442 seconds, Stopping threads took: 0.0000515 seconds
[2023-11-16T06:43:43.923+0000][4164.366s][debug][safepoint     ] Safepoint synchronization initiated. (170 threads)
[2023-11-16T06:43:43.923+0000][4164.366s][info ][safepoint     ] Application time: 1.0001789 seconds
[2023-11-16T06:43:43.923+0000][4164.366s][info ][safepoint     ] Entering safepoint region: Cleanup
[2023-11-16T06:43:43.923+0000][4164.367s][info ][safepoint     ] Leaving safepoint region
[2023-11-16T06:43:43.924+0000][4164.367s][info ][safepoint     ] Total time for which application threads were stopped: 0.0004334 seconds, Stopping threads took: 0.0001501 seconds
[2023-11-16T06:43:44.924+0000][4165.367s][debug][safepoint     ] Safepoint synchronization initiated. (170 threads)
[2023-11-16T06:43:44.924+0000][4165.367s][info ][safepoint     ] Application time: 1.0001440 seconds
[2023-11-16T06:43:44.924+0000][4165.367s][info ][safepoint     ] Entering safepoint region: Cleanup
[2023-11-16T06:43:44.924+0000][4165.367s][info ][safepoint     ] Leaving safepoint region
[2023-11-16T06:43:44.924+0000][4165.367s][info ][safepoint     ] Total time for which application threads were stopped: 0.0002442 seconds, Stopping threads took: 0.0000509 seconds
[2023-11-16T06:43:45.924+0000][4166.367s][debug][safepoint     ] Safepoint synchronization initiated. (170 threads)
[2023-11-16T06:43:45.924+0000][4166.367s][info ][safepoint     ] Application time: 1.0001554 seconds
[2023-11-16T06:43:45.924+0000][4166.368s][info ][safepoint     ] Entering safepoint region: Cleanup
[2023-11-16T06:43:45.925+0000][4166.368s][info ][safepoint     ] Leaving safepoint region
[2023-11-16T06:43:45.925+0000][4166.368s][info ][safepoint     ] Total time for which application threads were stopped: 0.0004097 seconds, Stopping threads took: 0.0000674 seconds
[2023-11-16T06:43:46.925+0000][4167.368s][debug][safepoint     ] Safepoint synchronization initiated. (170 threads)
[2023-11-16T06:43:46.925+0000][4167.368s][info ][safepoint     ] Application time: 1.0001816 seconds
[2023-11-16T06:43:46.925+0000][4167.368s][info ][safepoint     ] Entering safepoint region: Cleanup
[2023-11-16T06:43:46.925+0000][4167.368s][info ][safepoint     ] Leaving safepoint region
[2023-11-16T06:43:46.925+0000][4167.368s][info ][safepoint     ] Total time for which application threads were stopped: 0.0003448 seconds, Stopping threads took: 0.0000514 seconds
[2023-11-16T06:43:47.925+0000][4168.369s][debug][safepoint     ] Safepoint synchronization initiated. (170 threads)
[2023-11-16T06:43:47.925+0000][4168.369s][info ][safepoint     ] Application time: 1.0001707 seconds
[2023-11-16T06:43:47.925+0000][4168.369s][info ][safepoint     ] Entering safepoint region: Cleanup
[2023-11-16T06:43:47.926+0000][4168.369s][info ][safepoint     ] Leaving safepoint region
[2023-11-16T06:43:47.926+0000][4168.369s][info ][safepoint     ] Total time for which application threads were stopped: 0.0003527 seconds, Stopping threads took: 0.0000506 seconds
[2023-11-16T06:43:48.926+0000][4169.369s][debug][safepoint     ] Safepoint synchronization initiated. (170 threads)
[2023-11-16T06:43:48.926+0000][4169.369s][info ][safepoint     ] Application time: 1.0001748 seconds
[2023-11-16T06:43:48.926+0000][4169.369s][info ][safepoint     ] Entering safepoint region: Cleanup
[2023-11-16T06:43:48.926+0000][4169.370s][info ][safepoint     ] Leaving safepoint region
[2023-11-16T06:43:48.926+0000][4169.370s][info ][safepoint     ] Total time for which application threads were stopped: 0.0005757 seconds, Stopping threads took: 0.0002287 seconds
[2023-11-16T06:43:49.927+0000][4170.370s][debug][safepoint     ] Safepoint synchronization initiated. (170 threads)
[2023-11-16T06:43:49.927+0000][4170.370s][info ][safepoint     ] Application time: 1.0001731 seconds
[2023-11-16T06:43:49.927+0000][4170.370s][info ][safepoint     ] Entering safepoint region: Cleanup
[2023-11-16T06:43:49.927+0000][4170.370s][info ][safepoint     ] Leaving safepoint region
[2023-11-16T06:43:49.927+0000][4170.370s][info ][safepoint     ] Total time for which application threads were stopped: 0.0003459 seconds, Stopping threads took: 0.0000518 seconds
[2023-11-16T06:43:50.927+0000][4171.370s][debug][safepoint     ] Safepoint synchronization initiated. (170 threads)
[2023-11-16T06:43:50.927+0000][4171.371s][info ][safepoint     ] Application time: 1.0001702 seconds
[2023-11-16T06:43:50.927+0000][4171.371s][info ][safepoint     ] Entering safepoint region: Cleanup
[2023-11-16T06:43:50.928+0000][4171.371s][info ][safepoint     ] Leaving safepoint region
[2023-11-16T06:43:50.928+0000][4171.371s][info ][safepoint     ] Total time for which application threads were stopped: 0.0003402 seconds, Stopping threads took: 0.0000510 seconds
[2023-11-16T06:43:51.928+0000][4172.371s][debug][safepoint     ] Safepoint synchronization initiated. (170 threads)
[2023-11-16T06:43:51.928+0000][4172.371s][info ][safepoint     ] Application time: 1.0001321 seconds
[2023-11-16T06:43:51.928+0000][4172.371s][info ][safepoint     ] Entering safepoint region: Cleanup
[2023-11-16T06:43:51.928+0000][4172.371s][info ][safepoint     ] Leaving safepoint region
[2023-11-16T06:43:51.928+0000][4172.371s][info ][safepoint     ] Total time for which application threads were stopped: 0.0001636 seconds, Stopping threads took: 0.0000376 seconds
[2023-11-16T06:43:52.928+0000][4173.371s][debug][safepoint     ] Safepoint synchronization initiated. (170 threads)
[2023-11-16T06:43:52.928+0000][4173.371s][info ][safepoint     ] Application time: 1.0001556 seconds
[2023-11-16T06:43:52.928+0000][4173.371s][info ][safepoint     ] Entering safepoint region: Cleanup
[2023-11-16T06:43:52.928+0000][4173.372s][info ][safepoint     ] Leaving safepoint region
[2023-11-16T06:43:52.928+0000][4173.372s][info ][safepoint     ] Total time for which application threads were stopped: 0.0002568 seconds, Stopping threads took: 0.0000506 seconds
[2023-11-16T06:43:53.928+0000][4174.372s][debug][safepoint     ] Safepoint synchronization initiated. (170 threads)
[2023-11-16T06:43:53.929+0000][4174.372s][info ][safepoint     ] Application time: 1.0001645 seconds
[2023-11-16T06:43:53.929+0000][4174.372s][info ][safepoint     ] Entering safepoint region: Cleanup
[2023-11-16T06:43:53.929+0000][4174.372s][info ][safepoint     ] Leaving safepoint region
[2023-11-16T06:43:53.929+0000][4174.372s][info ][safepoint     ] Total time for which application threads were stopped: 0.0003467 seconds, Stopping threads took: 0.0000505 seconds
[2023-11-16T06:43:54.929+0000][4175.372s][debug][safepoint     ] Safepoint synchronization initiated. (170 threads)
[2023-11-16T06:43:54.929+0000][4175.372s][info ][safepoint     ] Application time: 1.0001687 seconds
[2023-11-16T06:43:54.929+0000][4175.372s][info ][safepoint     ] Entering safepoint region: Cleanup
[2023-11-16T06:43:54.929+0000][4175.373s][info ][safepoint     ] Leaving safepoint region
[2023-11-16T06:43:54.929+0000][4175.373s][info ][safepoint     ] Total time for which application threads were stopped: 0.0003496 seconds, Stopping threads took: 0.0000518 seconds
[2023-11-16T06:43:55.930+0000][4176.373s][debug][safepoint     ] Safepoint synchronization initiated. (170 threads)
[2023-11-16T06:43:55.930+0000][4176.373s][info ][safepoint     ] Application time: 1.0001177 seconds
[2023-11-16T06:43:55.930+0000][4176.373s][info ][safepoint     ] Entering safepoint region: Cleanup
[2023-11-16T06:43:55.930+0000][4176.373s][info ][safepoint     ] Leaving safepoint region
[2023-11-16T06:43:55.930+0000][4176.373s][info ][safepoint     ] Total time for which application threads were stopped: 0.0001893 seconds, Stopping threads took: 0.0000392 seconds
[2023-11-16T06:43:56.930+0000][4177.373s][debug][safepoint     ] Safepoint synchronization initiated. (170 threads)
[2023-11-16T06:43:56.930+0000][4177.373s][info ][safepoint     ] Application time: 1.0001763 seconds
[2023-11-16T06:43:56.930+0000][4177.373s][info ][safepoint     ] Entering safepoint region: Cleanup
[2023-11-16T06:43:56.930+0000][4177.374s][info ][safepoint     ] Leaving safepoint region
[2023-11-16T06:43:56.930+0000][4177.374s][info ][safepoint     ] Total time for which application threads were stopped: 0.0003124 seconds, Stopping threads took: 0.0000492 seconds
[2023-11-16T06:43:57.930+0000][4178.374s][debug][safepoint     ] Safepoint synchronization initiated. (170 threads)
[2023-11-16T06:43:57.930+0000][4178.374s][info ][safepoint     ] Application time: 1.0001755 seconds
[2023-11-16T06:43:57.931+0000][4178.374s][info ][safepoint     ] Entering safepoint region: Cleanup
[2023-11-16T06:43:57.931+0000][4178.374s][info ][safepoint     ] Leaving safepoint region
[2023-11-16T06:43:57.931+0000][4178.374s][info ][safepoint     ] Total time for which application threads were stopped: 0.0003377 seconds, Stopping threads took: 0.0000507 seconds
[2023-11-16T06:43:58.931+0000][4179.374s][debug][safepoint     ] Safepoint synchronization initiated. (170 threads)
[2023-11-16T06:43:58.931+0000][4179.374s][info ][safepoint     ] Application time: 1.0001503 seconds
[2023-11-16T06:43:58.931+0000][4179.374s][info ][safepoint     ] Entering safepoint region: Cleanup
[2023-11-16T06:43:58.931+0000][4179.375s][info ][safepoint     ] Leaving safepoint region
[2023-11-16T06:43:58.931+0000][4179.375s][info ][safepoint     ] Total time for which application threads were stopped: 0.0002405 seconds, Stopping threads took: 0.0000489 seconds
[2023-11-16T06:43:59.931+0000][4180.375s][debug][safepoint     ] Safepoint synchronization initiated. (170 threads)
[2023-11-16T06:43:59.931+0000][4180.375s][info ][safepoint     ] Application time: 1.0001672 seconds
[2023-11-16T06:43:59.932+0000][4180.375s][info ][safepoint     ] Entering safepoint region: Cleanup
[2023-11-16T06:43:59.932+0000][4180.375s][info ][safepoint     ] Leaving safepoint region
[2023-11-16T06:43:59.932+0000][4180.375s][info ][safepoint     ] Total time for which application threads were stopped: 0.0002457 seconds, Stopping threads took: 0.0000505 seconds
[2023-11-16T06:44:00.932+0000][4181.375s][debug][safepoint     ] Safepoint synchronization initiated. (170 threads)
[2023-11-16T06:44:00.932+0000][4181.375s][info ][safepoint     ] Application time: 1.0001474 seconds
[2023-11-16T06:44:00.932+0000][4181.375s][info ][safepoint     ] Entering safepoint region: Cleanup
[2023-11-16T06:44:00.932+0000][4181.375s][info ][safepoint     ] Leaving safepoint region
[2023-11-16T06:44:00.932+0000][4181.375s][info ][safepoint     ] Total time for which application threads were stopped: 0.0002529 seconds, Stopping threads took: 0.0000514 seconds
[2023-11-16T06:44:01.932+0000][4182.376s][debug][safepoint     ] Safepoint synchronization initiated. (170 threads)
[2023-11-16T06:44:01.932+0000][4182.376s][info ][safepoint     ] Application time: 1.0001543 seconds
[2023-11-16T06:44:01.932+0000][4182.376s][info ][safepoint     ] Entering safepoint region: Cleanup
[2023-11-16T06:44:01.933+0000][4182.376s][info ][safepoint     ] Leaving safepoint region
[2023-11-16T06:44:01.933+0000][4182.376s][info ][safepoint     ] Total time for which application threads were stopped: 0.0003451 seconds, Stopping threads took: 0.0000514 seconds
[2023-11-16T06:44:02.933+0000][4183.376s][debug][safepoint     ] Safepoint synchronization initiated. (170 threads)
[2023-11-16T06:44:02.933+0000][4183.376s][info ][safepoint     ] Application time: 1.0001585 seconds
[2023-11-16T06:44:02.933+0000][4183.376s][info ][safepoint     ] Entering safepoint region: Cleanup
[2023-11-16T06:44:02.933+0000][4183.377s][info ][safepoint     ] Leaving safepoint region
[2023-11-16T06:44:02.933+0000][4183.377s][info ][safepoint     ] Total time for which application threads were stopped: 0.0003438 seconds, Stopping threads took: 0.0000510 seconds
[2023-11-16T06:44:03.933+0000][4184.377s][debug][safepoint     ] Safepoint synchronization initiated. (170 threads)
[2023-11-16T06:44:03.933+0000][4184.377s][info ][safepoint     ] Application time: 1.0001600 seconds
[2023-11-16T06:44:03.933+0000][4184.377s][info ][safepoint     ] Entering safepoint region: Cleanup
[2023-11-16T06:44:03.934+0000][4184.377s][info ][safepoint     ] Leaving safepoint region
[2023-11-16T06:44:03.934+0000][4184.377s][info ][safepoint     ] Total time for which application threads were stopped: 0.0003624 seconds, Stopping threads took: 0.0000501 seconds
[2023-11-16T06:44:04.934+0000][4185.377s][debug][safepoint     ] Safepoint synchronization initiated. (170 threads)
[2023-11-16T06:44:04.934+0000][4185.377s][info ][safepoint     ] Application time: 1.0001328 seconds
[2023-11-16T06:44:04.934+0000][4185.377s][info ][safepoint     ] Entering safepoint region: Cleanup
[2023-11-16T06:44:04.934+0000][4185.378s][info ][safepoint     ] Leaving safepoint region
[2023-11-16T06:44:04.934+0000][4185.378s][info ][safepoint     ] Total time for which application threads were stopped: 0.0003405 seconds, Stopping threads took: 0.0000523 seconds
[2023-11-16T06:44:05.934+0000][4186.378s][debug][safepoint     ] Safepoint synchronization initiated. (170 threads)
[2023-11-16T06:44:05.934+0000][4186.378s][info ][safepoint     ] Application time: 1.0001711 seconds
[2023-11-16T06:44:05.935+0000][4186.378s][info ][safepoint     ] Entering safepoint region: Cleanup
[2023-11-16T06:44:05.935+0000][4186.378s][info ][safepoint     ] Leaving safepoint region
[2023-11-16T06:44:05.935+0000][4186.378s][info ][safepoint     ] Total time for which application threads were stopped: 0.0003408 seconds, Stopping threads took: 0.0000509 seconds
[2023-11-16T06:44:06.935+0000][4187.378s][debug][safepoint     ] Safepoint synchronization initiated. (170 threads)
[2023-11-16T06:44:06.935+0000][4187.378s][info ][safepoint     ] Application time: 1.0001650 seconds
[2023-11-16T06:44:06.935+0000][4187.378s][info ][safepoint     ] Entering safepoint region: Cleanup
[2023-11-16T06:44:06.935+0000][4187.379s][info ][safepoint     ] Leaving safepoint region
[2023-11-16T06:44:06.935+0000][4187.379s][info ][safepoint     ] Total time for which application threads were stopped: 0.0003431 seconds, Stopping threads took: 0.0000515 seconds
[2023-11-16T06:44:07.936+0000][4188.379s][debug][safepoint     ] Safepoint synchronization initiated. (170 threads)
[2023-11-16T06:44:07.936+0000][4188.379s][info ][safepoint     ] Application time: 1.0001706 seconds
[2023-11-16T06:44:07.936+0000][4188.379s][info ][safepoint     ] Entering safepoint region: Cleanup
[2023-11-16T06:44:07.936+0000][4188.379s][info ][safepoint     ] Leaving safepoint region
[2023-11-16T06:44:07.936+0000][4188.379s][info ][safepoint     ] Total time for which application threads were stopped: 0.0003472 seconds, Stopping threads took: 0.0000510 seconds
[2023-11-16T06:44:08.936+0000][4189.379s][debug][safepoint     ] Safepoint synchronization initiated. (170 threads)
[2023-11-16T06:44:08.936+0000][4189.379s][info ][safepoint     ] Application time: 1.0001514 seconds
[2023-11-16T06:44:08.936+0000][4189.379s][info ][safepoint     ] Entering safepoint region: Cleanup
[2023-11-16T06:44:08.936+0000][4189.380s][info ][safepoint     ] Leaving safepoint region
[2023-11-16T06:44:08.936+0000][4189.380s][info ][safepoint     ] Total time for which application threads were stopped: 0.0003297 seconds, Stopping threads took: 0.0000502 seconds
[2023-11-16T06:44:09.937+0000][4190.380s][debug][safepoint     ] Safepoint synchronization initiated. (170 threads)
[2023-11-16T06:44:09.937+0000][4190.380s][info ][safepoint     ] Application time: 1.0001689 seconds
[2023-11-16T06:44:09.937+0000][4190.380s][info ][safepoint     ] Entering safepoint region: Cleanup
[2023-11-16T06:44:09.937+0000][4190.380s][info ][safepoint     ] Leaving safepoint region
[2023-11-16T06:44:09.937+0000][4190.380s][info ][safepoint     ] Total time for which application threads were stopped: 0.0003366 seconds, Stopping threads took: 0.0000517 seconds
[2023-11-16T06:44:10.937+0000][4191.380s][debug][safepoint     ] Safepoint synchronization initiated. (170 threads)
[2023-11-16T06:44:10.937+0000][4191.380s][info ][safepoint     ] Application time: 1.0001530 seconds
[2023-11-16T06:44:10.937+0000][4191.381s][info ][safepoint     ] Entering safepoint region: Cleanup
[2023-11-16T06:44:10.937+0000][4191.381s][info ][safepoint     ] Leaving safepoint region
[2023-11-16T06:44:10.937+0000][4191.381s][info ][safepoint     ] Total time for which application threads were stopped: 0.0002647 seconds, Stopping threads took: 0.0000530 seconds
[2023-11-16T06:44:11.938+0000][4192.381s][debug][safepoint     ] Safepoint synchronization initiated. (170 threads)
[2023-11-16T06:44:11.938+0000][4192.381s][info ][safepoint     ] Application time: 1.0001774 seconds
[2023-11-16T06:44:11.938+0000][4192.381s][info ][safepoint     ] Entering safepoint region: Cleanup
[2023-11-16T06:44:11.938+0000][4192.381s][info ][safepoint     ] Leaving safepoint region
[2023-11-16T06:44:11.938+0000][4192.381s][info ][safepoint     ] Total time for which application threads were stopped: 0.0002580 seconds, Stopping threads took: 0.0000503 seconds
[2023-11-16T06:44:12.938+0000][4193.381s][debug][safepoint     ] Safepoint synchronization initiated. (170 threads)
[2023-11-16T06:44:12.938+0000][4193.381s][info ][safepoint     ] Application time: 1.0001558 seconds
[2023-11-16T06:44:12.938+0000][4193.381s][info ][safepoint     ] Entering safepoint region: Cleanup
[2023-11-16T06:44:12.938+0000][4193.382s][info ][safepoint     ] Leaving safepoint region
[2023-11-16T06:44:12.938+0000][4193.382s][info ][safepoint     ] Total time for which application threads were stopped: 0.0002461 seconds, Stopping threads took: 0.0000514 seconds
[2023-11-16T06:44:13.938+0000][4194.382s][debug][safepoint     ] Safepoint synchronization initiated. (170 threads)
[2023-11-16T06:44:13.939+0000][4194.382s][info ][safepoint     ] Application time: 1.0001592 seconds
[2023-11-16T06:44:13.939+0000][4194.382s][info ][safepoint     ] Entering safepoint region: Cleanup
[2023-11-16T06:44:13.939+0000][4194.382s][info ][safepoint     ] Leaving safepoint region
[2023-11-16T06:44:13.939+0000][4194.382s][info ][safepoint     ] Total time for which application threads were stopped: 0.0002897 seconds, Stopping threads took: 0.0000597 seconds
[2023-11-16T06:44:14.939+0000][4195.382s][debug][safepoint     ] Safepoint synchronization initiated. (170 threads)
[2023-11-16T06:44:14.939+0000][4195.382s][info ][safepoint     ] Application time: 1.0001556 seconds
[2023-11-16T06:44:14.939+0000][4195.382s][info ][safepoint     ] Entering safepoint region: Cleanup
[2023-11-16T06:44:14.939+0000][4195.383s][info ][safepoint     ] Leaving safepoint region
[2023-11-16T06:44:14.939+0000][4195.383s][info ][safepoint     ] Total time for which application threads were stopped: 0.0002496 seconds, Stopping threads took: 0.0000502 seconds
[2023-11-16T06:44:15.939+0000][4196.383s][debug][safepoint     ] Safepoint synchronization initiated. (170 threads)
[2023-11-16T06:44:15.940+0000][4196.383s][info ][safepoint     ] Application time: 1.0001860 seconds
[2023-11-16T06:44:15.940+0000][4196.383s][info ][safepoint     ] Entering safepoint region: Cleanup
[2023-11-16T06:44:15.940+0000][4196.383s][info ][safepoint     ] Leaving safepoint region
[2023-11-16T06:44:15.940+0000][4196.383s][info ][safepoint     ] Total time for which application threads were stopped: 0.0002494 seconds, Stopping threads took: 0.0000518 seconds
[2023-11-16T06:44:16.940+0000][4197.383s][debug][safepoint     ] Safepoint synchronization initiated. (170 threads)
[2023-11-16T06:44:16.940+0000][4197.383s][info ][safepoint     ] Application time: 1.0001576 seconds
[2023-11-16T06:44:16.940+0000][4197.383s][info ][safepoint     ] Entering safepoint region: Cleanup
[2023-11-16T06:44:16.940+0000][4197.384s][info ][safepoint     ] Leaving safepoint region
[2023-11-16T06:44:16.940+0000][4197.384s][info ][safepoint     ] Total time for which application threads were stopped: 0.0002504 seconds, Stopping threads took: 0.0000517 seconds
[2023-11-16T06:44:17.940+0000][4198.384s][debug][safepoint     ] Safepoint synchronization initiated. (170 threads)
[2023-11-16T06:44:17.940+0000][4198.384s][info ][safepoint     ] Application time: 1.0001463 seconds
[2023-11-16T06:44:17.940+0000][4198.384s][info ][safepoint     ] Entering safepoint region: Cleanup
[2023-11-16T06:44:17.941+0000][4198.384s][info ][safepoint     ] Leaving safepoint region
[2023-11-16T06:44:17.941+0000][4198.384s][info ][safepoint     ] Total time for which application threads were stopped: 0.0002691 seconds, Stopping threads took: 0.0000503 seconds
[2023-11-16T06:44:18.941+0000][4199.384s][debug][safepoint     ] Safepoint synchronization initiated. (170 threads)
[2023-11-16T06:44:18.941+0000][4199.384s][info ][safepoint     ] Application time: 1.0001582 seconds
[2023-11-16T06:44:18.941+0000][4199.384s][info ][safepoint     ] Entering safepoint region: Cleanup
[2023-11-16T06:44:18.941+0000][4199.385s][info ][safepoint     ] Leaving safepoint region
[2023-11-16T06:44:18.941+0000][4199.385s][info ][safepoint     ] Total time for which application threads were stopped: 0.0004700 seconds, Stopping threads took: 0.0002448 seconds
[2023-11-16T06:44:18.941+0000][4199.385s][debug][safepoint     ] ... found polling page return exception at pc = 0x00007fde849bede6, stub =0x00007fde7c83a800
[2023-11-16T06:44:19.941+0000][4200.385s][debug][safepoint     ] Safepoint synchronization initiated. (170 threads)
[2023-11-16T06:44:19.942+0000][4200.385s][info ][safepoint     ] Application time: 1.0001763 seconds
[2023-11-16T06:44:19.942+0000][4200.385s][info ][safepoint     ] Entering safepoint region: Cleanup
[2023-11-16T06:44:19.942+0000][4200.385s][info ][safepoint     ] Leaving safepoint region
[2023-11-16T06:44:19.942+0000][4200.385s][info ][safepoint     ] Total time for which application threads were stopped: 0.0002567 seconds, Stopping threads took: 0.0000520 seconds
[2023-11-16T06:44:20.942+0000][4201.385s][debug][safepoint     ] Safepoint synchronization initiated. (170 threads)
[2023-11-16T06:44:20.942+0000][4201.385s][info ][safepoint     ] Application time: 1.0001507 seconds
[2023-11-16T06:44:20.942+0000][4201.385s][info ][safepoint     ] Entering safepoint region: Cleanup
[2023-11-16T06:44:20.942+0000][4201.386s][info ][safepoint     ] Leaving safepoint region
[2023-11-16T06:44:20.942+0000][4201.386s][info ][safepoint     ] Total time for which application threads were stopped: 0.0002507 seconds, Stopping threads took: 0.0000517 seconds
[2023-11-16T06:44:21.942+0000][4202.386s][debug][safepoint     ] Safepoint synchronization initiated. (170 threads)
[2023-11-16T06:44:21.942+0000][4202.386s][info ][safepoint     ] Application time: 1.0001627 seconds
[2023-11-16T06:44:21.942+0000][4202.386s][info ][safepoint     ] Entering safepoint region: Cleanup
[2023-11-16T06:44:21.943+0000][4202.386s][info ][safepoint     ] Leaving safepoint region
[2023-11-16T06:44:21.943+0000][4202.386s][info ][safepoint     ] Total time for which application threads were stopped: 0.0003473 seconds, Stopping threads took: 0.0000509 seconds
[2023-11-16T06:44:22.943+0000][4203.386s][debug][safepoint     ] Safepoint synchronization initiated. (170 threads)
[2023-11-16T06:44:22.943+0000][4203.386s][info ][safepoint     ] Application time: 1.0001561 seconds
[2023-11-16T06:44:22.943+0000][4203.386s][info ][safepoint     ] Entering safepoint region: Cleanup
[2023-11-16T06:44:22.943+0000][4203.387s][info ][safepoint     ] Leaving safepoint region
[2023-11-16T06:44:22.943+0000][4203.387s][info ][safepoint     ] Total time for which application threads were stopped: 0.0002479 seconds, Stopping threads took: 0.0000518 seconds
[2023-11-16T06:44:23.943+0000][4204.387s][debug][safepoint     ] Safepoint synchronization initiated. (170 threads)
[2023-11-16T06:44:23.943+0000][4204.387s][info ][safepoint     ] Application time: 1.0001539 seconds
[2023-11-16T06:44:23.943+0000][4204.387s][info ][safepoint     ] Entering safepoint region: Cleanup
[2023-11-16T06:44:23.944+0000][4204.387s][info ][safepoint     ] Leaving safepoint region
[2023-11-16T06:44:23.944+0000][4204.387s][info ][safepoint     ] Total time for which application threads were stopped: 0.0003596 seconds, Stopping threads took: 0.0000647 seconds
[2023-11-16T06:44:24.944+0000][4205.387s][debug][safepoint     ] Safepoint synchronization initiated. (170 threads)
[2023-11-16T06:44:24.944+0000][4205.387s][info ][safepoint     ] Application time: 1.0001468 seconds
[2023-11-16T06:44:24.944+0000][4205.387s][info ][safepoint     ] Entering safepoint region: Cleanup
[2023-11-16T06:44:24.944+0000][4205.388s][info ][safepoint     ] Leaving safepoint region
[2023-11-16T06:44:24.944+0000][4205.388s][info ][safepoint     ] Total time for which application threads were stopped: 0.0002424 seconds, Stopping threads took: 0.0000508 seconds
[2023-11-16T06:44:25.944+0000][4206.388s][debug][safepoint     ] Safepoint synchronization initiated. (170 threads)
[2023-11-16T06:44:25.944+0000][4206.388s][info ][safepoint     ] Application time: 1.0001799 seconds
[2023-11-16T06:44:25.944+0000][4206.388s][info ][safepoint     ] Entering safepoint region: Cleanup
[2023-11-16T06:44:25.945+0000][4206.388s][info ][safepoint     ] Leaving safepoint region
[2023-11-16T06:44:25.945+0000][4206.388s][info ][safepoint     ] Total time for which application threads were stopped: 0.0002795 seconds, Stopping threads took: 0.0000500 seconds
[2023-11-16T06:44:26.945+0000][4207.388s][debug][safepoint     ] Safepoint synchronization initiated. (170 threads)
[2023-11-16T06:44:26.945+0000][4207.388s][info ][safepoint     ] Application time: 1.0001559 seconds
[2023-11-16T06:44:26.945+0000][4207.388s][info ][safepoint     ] Entering safepoint region: Cleanup
[2023-11-16T06:44:26.945+0000][4207.388s][info ][safepoint     ] Leaving safepoint region
[2023-11-16T06:44:26.945+0000][4207.388s][info ][safepoint     ] Total time for which application threads were stopped: 0.0002467 seconds, Stopping threads took: 0.0000513 seconds
[2023-11-16T06:44:27.945+0000][4208.389s][debug][safepoint     ] Safepoint synchronization initiated. (170 threads)
[2023-11-16T06:44:27.945+0000][4208.389s][info ][safepoint     ] Application time: 1.0001613 seconds
[2023-11-16T06:44:27.945+0000][4208.389s][info ][safepoint     ] Entering safepoint region: Cleanup
[2023-11-16T06:44:27.946+0000][4208.389s][info ][safepoint     ] Leaving safepoint region
[2023-11-16T06:44:27.946+0000][4208.389s][info ][safepoint     ] Total time for which application threads were stopped: 0.0003434 seconds, Stopping threads took: 0.0000512 seconds
[2023-11-16T06:44:28.946+0000][4209.389s][debug][safepoint     ] Safepoint synchronization initiated. (170 threads)
[2023-11-16T06:44:28.946+0000][4209.389s][info ][safepoint     ] Application time: 1.0001527 seconds
[2023-11-16T06:44:28.946+0000][4209.389s][info ][safepoint     ] Entering safepoint region: Cleanup
[2023-11-16T06:44:28.946+0000][4209.389s][info ][safepoint     ] Leaving safepoint region
[2023-11-16T06:44:28.946+0000][4209.390s][info ][safepoint     ] Total time for which application threads were stopped: 0.0003370 seconds, Stopping threads took: 0.0000499 seconds
[2023-11-16T06:44:29.946+0000][4210.390s][debug][safepoint     ] Safepoint synchronization initiated. (170 threads)
[2023-11-16T06:44:29.946+0000][4210.390s][info ][safepoint     ] Application time: 1.0001671 seconds
[2023-11-16T06:44:29.946+0000][4210.390s][info ][safepoint     ] Entering safepoint region: Cleanup
[2023-11-16T06:44:29.947+0000][4210.390s][info ][safepoint     ] Leaving safepoint region
[2023-11-16T06:44:29.947+0000][4210.390s][info ][safepoint     ] Total time for which application threads were stopped: 0.0003449 seconds, Stopping threads took: 0.0000509 seconds
[2023-11-16T06:44:30.947+0000][4211.390s][debug][safepoint     ] Safepoint synchronization initiated. (170 threads)
[2023-11-16T06:44:30.947+0000][4211.390s][info ][safepoint     ] Application time: 1.0001573 seconds
[2023-11-16T06:44:30.947+0000][4211.390s][info ][safepoint     ] Entering safepoint region: Cleanup
[2023-11-16T06:44:30.947+0000][4211.391s][info ][safepoint     ] Leaving safepoint region
[2023-11-16T06:44:30.947+0000][4211.391s][info ][safepoint     ] Total time for which application threads were stopped: 0.0003449 seconds, Stopping threads took: 0.0000513 seconds
[2023-11-16T06:44:31.947+0000][4212.391s][debug][safepoint     ] Safepoint synchronization initiated. (170 threads)
[2023-11-16T06:44:31.947+0000][4212.391s][info ][safepoint     ] Application time: 1.0001765 seconds
[2023-11-16T06:44:31.948+0000][4212.391s][debug][safepoint     ] Waiting for 1 thread(s) to block
[2023-11-16T06:44:31.948+0000][4212.391s][info ][safepoint     ] Entering safepoint region: Cleanup
[2023-11-16T06:44:31.948+0000][4212.391s][info ][safepoint     ] Leaving safepoint region
[2023-11-16T06:44:31.948+0000][4212.391s][info ][safepoint     ] Total time for which application threads were stopped: 0.0003188 seconds, Stopping threads took: 0.0001178 seconds
[2023-11-16T06:44:32.948+0000][4213.391s][debug][safepoint     ] Safepoint synchronization initiated. (170 threads)
[2023-11-16T06:44:32.948+0000][4213.391s][info ][safepoint     ] Application time: 1.0001460 seconds
[2023-11-16T06:44:32.948+0000][4213.391s][info ][safepoint     ] Entering safepoint region: Cleanup
[2023-11-16T06:44:32.948+0000][4213.392s][info ][safepoint     ] Leaving safepoint region
[2023-11-16T06:44:32.948+0000][4213.392s][info ][safepoint     ] Total time for which application threads were stopped: 0.0003375 seconds, Stopping threads took: 0.0000491 seconds
[2023-11-16T06:44:33.948+0000][4214.392s][debug][safepoint     ] Safepoint synchronization initiated. (170 threads)
[2023-11-16T06:44:33.949+0000][4214.392s][info ][safepoint     ] Application time: 1.0001518 seconds
[2023-11-16T06:44:33.949+0000][4214.392s][info ][safepoint     ] Entering safepoint region: Cleanup
[2023-11-16T06:44:33.949+0000][4214.392s][info ][safepoint     ] Leaving safepoint region
[2023-11-16T06:44:33.949+0000][4214.392s][info ][safepoint     ] Total time for which application threads were stopped: 0.0003001 seconds, Stopping threads took: 0.0000551 seconds
[2023-11-16T06:44:34.949+0000][4215.392s][debug][safepoint     ] Safepoint synchronization initiated. (170 threads)
[2023-11-16T06:44:34.949+0000][4215.392s][info ][safepoint     ] Application time: 1.0001660 seconds
[2023-11-16T06:44:34.949+0000][4215.392s][info ][safepoint     ] Entering safepoint region: Cleanup
[2023-11-16T06:44:34.949+0000][4215.393s][info ][safepoint     ] Leaving safepoint region
[2023-11-16T06:44:34.949+0000][4215.393s][info ][safepoint     ] Total time for which application threads were stopped: 0.0003372 seconds, Stopping threads took: 0.0000486 seconds
[2023-11-16T06:44:35.950+0000][4216.393s][debug][safepoint     ] Safepoint synchronization initiated. (170 threads)
[2023-11-16T06:44:35.950+0000][4216.393s][info ][safepoint     ] Application time: 1.0001702 seconds
[2023-11-16T06:44:35.950+0000][4216.393s][info ][safepoint     ] Entering safepoint region: Cleanup
[2023-11-16T06:44:35.950+0000][4216.393s][info ][safepoint     ] Leaving safepoint region
[2023-11-16T06:44:35.950+0000][4216.393s][info ][safepoint     ] Total time for which application threads were stopped: 0.0003330 seconds, Stopping threads took: 0.0000486 seconds
[2023-11-16T06:44:36.950+0000][4217.393s][debug][safepoint     ] Safepoint synchronization initiated. (170 threads)
[2023-11-16T06:44:36.950+0000][4217.393s][info ][safepoint     ] Application time: 1.0001634 seconds
[2023-11-16T06:44:36.950+0000][4217.393s][info ][safepoint     ] Entering safepoint region: Cleanup
[2023-11-16T06:44:36.950+0000][4217.394s][info ][safepoint     ] Leaving safepoint region
[2023-11-16T06:44:36.950+0000][4217.394s][info ][safepoint     ] Total time for which application threads were stopped: 0.0003483 seconds, Stopping threads took: 0.0000500 seconds
[2023-11-16T06:44:37.951+0000][4218.394s][debug][safepoint     ] Safepoint synchronization initiated. (170 threads)
[2023-11-16T06:44:37.951+0000][4218.394s][info ][safepoint     ] Application time: 1.0001765 seconds
[2023-11-16T06:44:37.951+0000][4218.394s][info ][safepoint     ] Entering safepoint region: Cleanup
[2023-11-16T06:44:37.951+0000][4218.394s][info ][safepoint     ] Leaving safepoint region
[2023-11-16T06:44:37.951+0000][4218.394s][info ][safepoint     ] Total time for which application threads were stopped: 0.0003359 seconds, Stopping threads took: 0.0000497 seconds
[2023-11-16T06:44:38.951+0000][4219.394s][debug][safepoint     ] Safepoint synchronization initiated. (170 threads)
[2023-11-16T06:44:38.951+0000][4219.395s][info ][safepoint     ] Application time: 1.0001958 seconds
[2023-11-16T06:44:38.951+0000][4219.395s][info ][safepoint     ] Entering safepoint region: Cleanup
[2023-11-16T06:44:38.952+0000][4219.395s][info ][safepoint     ] Leaving safepoint region
[2023-11-16T06:44:38.952+0000][4219.395s][info ][safepoint     ] Total time for which application threads were stopped: 0.0003499 seconds, Stopping threads took: 0.0000500 seconds
[2023-11-16T06:44:39.952+0000][4220.395s][debug][safepoint     ] Safepoint synchronization initiated. (170 threads)
[2023-11-16T06:44:39.952+0000][4220.395s][info ][safepoint     ] Application time: 1.0001709 seconds
[2023-11-16T06:44:39.952+0000][4220.395s][info ][safepoint     ] Entering safepoint region: Cleanup
[2023-11-16T06:44:39.952+0000][4220.395s][info ][safepoint     ] Leaving safepoint region
[2023-11-16T06:44:39.952+0000][4220.395s][info ][safepoint     ] Total time for which application threads were stopped: 0.0003337 seconds, Stopping threads took: 0.0000494 seconds
[2023-11-16T06:44:40.952+0000][4221.396s][debug][safepoint     ] Safepoint synchronization initiated. (170 threads)
[2023-11-16T06:44:40.952+0000][4221.396s][info ][safepoint     ] Application time: 1.0001648 seconds
[2023-11-16T06:44:40.952+0000][4221.396s][info ][safepoint     ] Entering safepoint region: Cleanup
[2023-11-16T06:44:40.953+0000][4221.396s][info ][safepoint     ] Leaving safepoint region
[2023-11-16T06:44:40.953+0000][4221.396s][info ][safepoint     ] Total time for which application threads were stopped: 0.0003386 seconds, Stopping threads took: 0.0000511 seconds
[2023-11-16T06:44:41.953+0000][4222.396s][debug][safepoint     ] Safepoint synchronization initiated. (170 threads)
[2023-11-16T06:44:41.953+0000][4222.396s][info ][safepoint     ] Application time: 1.0001548 seconds
[2023-11-16T06:44:41.953+0000][4222.396s][info ][safepoint     ] Entering safepoint region: Cleanup
[2023-11-16T06:44:41.953+0000][4222.396s][info ][safepoint     ] Leaving safepoint region
[2023-11-16T06:44:41.953+0000][4222.397s][info ][safepoint     ] Total time for which application threads were stopped: 0.0003164 seconds, Stopping threads took: 0.0000489 seconds
[2023-11-16T06:44:42.953+0000][4223.397s][debug][safepoint     ] Safepoint synchronization initiated. (170 threads)
[2023-11-16T06:44:42.953+0000][4223.397s][info ][safepoint     ] Application time: 1.0001801 seconds
[2023-11-16T06:44:42.953+0000][4223.397s][info ][safepoint     ] Entering safepoint region: Cleanup
[2023-11-16T06:44:42.954+0000][4223.397s][info ][safepoint     ] Leaving safepoint region
[2023-11-16T06:44:42.954+0000][4223.397s][info ][safepoint     ] Total time for which application threads were stopped: 0.0003419 seconds, Stopping threads took: 0.0000509 seconds
[2023-11-16T06:44:43.954+0000][4224.397s][debug][safepoint     ] Safepoint synchronization initiated. (170 threads)
[2023-11-16T06:44:43.954+0000][4224.397s][info ][safepoint     ] Application time: 1.0001856 seconds
[2023-11-16T06:44:43.954+0000][4224.397s][info ][safepoint     ] Entering safepoint region: Cleanup
[2023-11-16T06:44:43.954+0000][4224.398s][info ][safepoint     ] Leaving safepoint region
[2023-11-16T06:44:43.954+0000][4224.398s][info ][safepoint     ] Total time for which application threads were stopped: 0.0002644 seconds, Stopping threads took: 0.0000551 seconds
[2023-11-16T06:44:44.954+0000][4225.398s][debug][safepoint     ] Safepoint synchronization initiated. (170 threads)
[2023-11-16T06:44:44.954+0000][4225.398s][info ][safepoint     ] Application time: 1.0002017 seconds
[2023-11-16T06:44:44.955+0000][4225.398s][debug][safepoint     ] Waiting for 1 thread(s) to block
[2023-11-16T06:44:44.955+0000][4225.398s][info ][safepoint     ] Entering safepoint region: Cleanup
[2023-11-16T06:44:44.955+0000][4225.398s][info ][safepoint     ] Leaving safepoint region
[2023-11-16T06:44:44.955+0000][4225.398s][info ][safepoint     ] Total time for which application threads were stopped: 0.0003436 seconds, Stopping threads took: 0.0001464 seconds
[2023-11-16T06:44:45.955+0000][4226.398s][debug][safepoint     ] Safepoint synchronization initiated. (170 threads)
[2023-11-16T06:44:45.955+0000][4226.398s][info ][safepoint     ] Application time: 1.0001682 seconds
[2023-11-16T06:44:45.955+0000][4226.398s][info ][safepoint     ] Entering safepoint region: Cleanup
[2023-11-16T06:44:45.955+0000][4226.399s][info ][safepoint     ] Leaving safepoint region
[2023-11-16T06:44:45.955+0000][4226.399s][info ][safepoint     ] Total time for which application threads were stopped: 0.0003043 seconds, Stopping threads took: 0.0000494 seconds
[2023-11-16T06:44:46.955+0000][4227.399s][debug][safepoint     ] Safepoint synchronization initiated. (170 threads)
[2023-11-16T06:44:46.956+0000][4227.399s][info ][safepoint     ] Application time: 1.0001544 seconds
[2023-11-16T06:44:46.956+0000][4227.399s][info ][safepoint     ] Entering safepoint region: Cleanup
[2023-11-16T06:44:46.956+0000][4227.399s][info ][safepoint     ] Leaving safepoint region
[2023-11-16T06:44:46.956+0000][4227.399s][info ][safepoint     ] Total time for which application threads were stopped: 0.0003357 seconds, Stopping threads took: 0.0000507 seconds
[2023-11-16T06:44:47.956+0000][4228.399s][debug][safepoint     ] Safepoint synchronization initiated. (170 threads)
[2023-11-16T06:44:47.956+0000][4228.399s][info ][safepoint     ] Application time: 1.0001522 seconds
[2023-11-16T06:44:47.956+0000][4228.399s][info ][safepoint     ] Entering safepoint region: Cleanup
[2023-11-16T06:44:47.956+0000][4228.400s][info ][safepoint     ] Leaving safepoint region
[2023-11-16T06:44:47.956+0000][4228.400s][info ][safepoint     ] Total time for which application threads were stopped: 0.0003399 seconds, Stopping threads took: 0.0000509 seconds
[2023-11-16T06:44:48.957+0000][4229.400s][debug][safepoint     ] Safepoint synchronization initiated. (170 threads)
[2023-11-16T06:44:48.957+0000][4229.400s][info ][safepoint     ] Application time: 1.0001606 seconds
[2023-11-16T06:44:48.957+0000][4229.400s][info ][safepoint     ] Entering safepoint region: Cleanup
[2023-11-16T06:44:48.957+0000][4229.400s][info ][safepoint     ] Leaving safepoint region
[2023-11-16T06:44:48.957+0000][4229.400s][info ][safepoint     ] Total time for which application threads were stopped: 0.0004061 seconds, Stopping threads took: 0.0001369 seconds
[2023-11-16T06:44:49.957+0000][4230.400s][debug][safepoint     ] Safepoint synchronization initiated. (170 threads)
[2023-11-16T06:44:49.957+0000][4230.401s][info ][safepoint     ] Application time: 1.0001744 seconds
[2023-11-16T06:44:49.957+0000][4230.401s][info ][safepoint     ] Entering safepoint region: Cleanup
[2023-11-16T06:44:49.958+0000][4230.401s][info ][safepoint     ] Leaving safepoint region
[2023-11-16T06:44:49.958+0000][4230.401s][info ][safepoint     ] Total time for which application threads were stopped: 0.0003380 seconds, Stopping threads took: 0.0000501 seconds
[2023-11-16T06:44:50.958+0000][4231.401s][debug][safepoint     ] Safepoint synchronization initiated. (170 threads)
[2023-11-16T06:44:50.958+0000][4231.401s][info ][safepoint     ] Application time: 1.0001586 seconds
[2023-11-16T06:44:50.958+0000][4231.401s][info ][safepoint     ] Entering safepoint region: Cleanup
[2023-11-16T06:44:50.958+0000][4231.401s][info ][safepoint     ] Leaving safepoint region
[2023-11-16T06:44:50.958+0000][4231.401s][info ][safepoint     ] Total time for which application threads were stopped: 0.0003335 seconds, Stopping threads took: 0.0000503 seconds
[2023-11-16T06:44:51.958+0000][4232.402s][debug][safepoint     ] Safepoint synchronization initiated. (170 threads)
[2023-11-16T06:44:51.958+0000][4232.402s][info ][safepoint     ] Application time: 1.0001736 seconds
[2023-11-16T06:44:51.958+0000][4232.402s][info ][safepoint     ] Entering safepoint region: Cleanup
[2023-11-16T06:44:51.959+0000][4232.402s][info ][safepoint     ] Leaving safepoint region
[2023-11-16T06:44:51.959+0000][4232.402s][info ][safepoint     ] Total time for which application threads were stopped: 0.0002582 seconds, Stopping threads took: 0.0000511 seconds
[2023-11-16T06:44:52.959+0000][4233.402s][debug][safepoint     ] Safepoint synchronization initiated. (170 threads)
[2023-11-16T06:44:52.959+0000][4233.402s][info ][safepoint     ] Application time: 1.0001691 seconds
[2023-11-16T06:44:52.959+0000][4233.402s][info ][safepoint     ] Entering safepoint region: Cleanup
[2023-11-16T06:44:52.959+0000][4233.402s][info ][safepoint     ] Leaving safepoint region
[2023-11-16T06:44:52.959+0000][4233.402s][info ][safepoint     ] Total time for which application threads were stopped: 0.0003400 seconds, Stopping threads took: 0.0000495 seconds
[2023-11-16T06:44:53.959+0000][4234.403s][debug][safepoint     ] Safepoint synchronization initiated. (170 threads)
[2023-11-16T06:44:53.959+0000][4234.403s][info ][safepoint     ] Application time: 1.0001523 seconds
[2023-11-16T06:44:53.959+0000][4234.403s][info ][safepoint     ] Entering safepoint region: Cleanup
[2023-11-16T06:44:53.960+0000][4234.403s][info ][safepoint     ] Leaving safepoint region
[2023-11-16T06:44:53.960+0000][4234.403s][info ][safepoint     ] Total time for which application threads were stopped: 0.0003205 seconds, Stopping threads took: 0.0000485 seconds
[2023-11-16T06:44:54.960+0000][4235.403s][debug][safepoint     ] Safepoint synchronization initiated. (170 threads)
[2023-11-16T06:44:54.960+0000][4235.403s][info ][safepoint     ] Application time: 1.0001653 seconds
[2023-11-16T06:44:54.960+0000][4235.403s][info ][safepoint     ] Entering safepoint region: Cleanup
[2023-11-16T06:44:54.960+0000][4235.403s][info ][safepoint     ] Leaving safepoint region
[2023-11-16T06:44:54.960+0000][4235.403s][info ][safepoint     ] Total time for which application threads were stopped: 0.0002572 seconds, Stopping threads took: 0.0000495 seconds
[2023-11-16T06:44:55.960+0000][4236.404s][debug][safepoint     ] Safepoint synchronization initiated. (170 threads)
[2023-11-16T06:44:55.960+0000][4236.404s][info ][safepoint     ] Application time: 1.0001635 seconds
[2023-11-16T06:44:55.960+0000][4236.404s][info ][safepoint     ] Entering safepoint region: Cleanup
[2023-11-16T06:44:55.961+0000][4236.404s][info ][safepoint     ] Leaving safepoint region
[2023-11-16T06:44:55.961+0000][4236.404s][info ][safepoint     ] Total time for which application threads were stopped: 0.0003467 seconds, Stopping threads took: 0.0000504 seconds
[2023-11-16T06:44:56.961+0000][4237.404s][debug][safepoint     ] Safepoint synchronization initiated. (170 threads)
[2023-11-16T06:44:56.961+0000][4237.404s][info ][safepoint     ] Application time: 1.0001610 seconds
[2023-11-16T06:44:56.961+0000][4237.404s][info ][safepoint     ] Entering safepoint region: Cleanup
[2023-11-16T06:44:56.961+0000][4237.404s][info ][safepoint     ] Leaving safepoint region
[2023-11-16T06:44:56.961+0000][4237.405s][info ][safepoint     ] Total time for which application threads were stopped: 0.0003441 seconds, Stopping threads took: 0.0000500 seconds
[2023-11-16T06:44:57.961+0000][4238.405s][debug][safepoint     ] Safepoint synchronization initiated. (170 threads)
[2023-11-16T06:44:57.961+0000][4238.405s][info ][safepoint     ] Application time: 1.0001692 seconds
[2023-11-16T06:44:57.961+0000][4238.405s][info ][safepoint     ] Entering safepoint region: Cleanup
[2023-11-16T06:44:57.962+0000][4238.405s][info ][safepoint     ] Leaving safepoint region
[2023-11-16T06:44:57.962+0000][4238.405s][info ][safepoint     ] Total time for which application threads were stopped: 0.0005796 seconds, Stopping threads took: 0.0003623 seconds
[2023-11-16T06:44:58.962+0000][4239.405s][debug][safepoint     ] Safepoint synchronization initiated. (170 threads)
[2023-11-16T06:44:58.962+0000][4239.405s][info ][safepoint     ] Application time: 1.0001736 seconds
[2023-11-16T06:44:58.962+0000][4239.406s][info ][safepoint     ] Entering safepoint region: Cleanup
[2023-11-16T06:44:58.962+0000][4239.406s][info ][safepoint     ] Leaving safepoint region
[2023-11-16T06:44:58.962+0000][4239.406s][info ][safepoint     ] Total time for which application threads were stopped: 0.0002557 seconds, Stopping threads took: 0.0000497 seconds
[2023-11-16T06:44:59.963+0000][4240.406s][debug][safepoint     ] Safepoint synchronization initiated. (170 threads)
[2023-11-16T06:44:59.963+0000][4240.406s][info ][safepoint     ] Application time: 1.0001623 seconds
[2023-11-16T06:44:59.963+0000][4240.406s][info ][safepoint     ] Entering safepoint region: Cleanup
[2023-11-16T06:44:59.963+0000][4240.406s][info ][safepoint     ] Leaving safepoint region
[2023-11-16T06:44:59.963+0000][4240.406s][info ][safepoint     ] Total time for which application threads were stopped: 0.0003428 seconds, Stopping threads took: 0.0000494 seconds
[2023-11-16T06:45:00.963+0000][4241.406s][debug][safepoint     ] Safepoint synchronization initiated. (170 threads)
[2023-11-16T06:45:00.963+0000][4241.407s][info ][safepoint     ] Application time: 1.0001761 seconds
[2023-11-16T06:45:00.963+0000][4241.407s][info ][safepoint     ] Entering safepoint region: Cleanup
[2023-11-16T06:45:00.964+0000][4241.407s][info ][safepoint     ] Leaving safepoint region
[2023-11-16T06:45:00.964+0000][4241.407s][info ][safepoint     ] Total time for which application threads were stopped: 0.0003399 seconds, Stopping threads took: 0.0000493 seconds
[2023-11-16T06:45:01.964+0000][4242.407s][debug][safepoint     ] Safepoint synchronization initiated. (170 threads)
[2023-11-16T06:45:01.964+0000][4242.407s][info ][safepoint     ] Application time: 1.0001355 seconds
[2023-11-16T06:45:01.964+0000][4242.407s][info ][safepoint     ] Entering safepoint region: Cleanup
[2023-11-16T06:45:01.964+0000][4242.407s][info ][safepoint     ] Leaving safepoint region
[2023-11-16T06:45:01.964+0000][4242.407s][info ][safepoint     ] Total time for which application threads were stopped: 0.0001992 seconds, Stopping threads took: 0.0000483 seconds
[2023-11-16T06:45:02.964+0000][4243.407s][debug][safepoint     ] Safepoint synchronization initiated. (170 threads)
[2023-11-16T06:45:02.964+0000][4243.407s][info ][safepoint     ] Application time: 1.0001447 seconds
[2023-11-16T06:45:02.964+0000][4243.407s][info ][safepoint     ] Entering safepoint region: Cleanup
[2023-11-16T06:45:02.965+0000][4243.409s][info ][safepoint     ] Leaving safepoint region
[2023-11-16T06:45:02.965+0000][4243.409s][info ][safepoint     ] Total time for which application threads were stopped: 0.0012662 seconds, Stopping threads took: 0.0010216 seconds
[2023-11-16T06:45:03.965+0000][4244.409s][debug][safepoint     ] Safepoint synchronization initiated. (170 threads)
[2023-11-16T06:45:03.966+0000][4244.409s][info ][safepoint     ] Application time: 1.0001402 seconds
[2023-11-16T06:45:03.966+0000][4244.409s][info ][safepoint     ] Entering safepoint region: Cleanup
[2023-11-16T06:45:03.966+0000][4244.409s][info ][safepoint     ] Leaving safepoint region
[2023-11-16T06:45:03.966+0000][4244.409s][info ][safepoint     ] Total time for which application threads were stopped: 0.0003409 seconds, Stopping threads took: 0.0000503 seconds
[2023-11-16T06:45:04.966+0000][4245.409s][debug][safepoint     ] Safepoint synchronization initiated. (170 threads)
[2023-11-16T06:45:04.966+0000][4245.409s][info ][safepoint     ] Application time: 1.0001507 seconds
[2023-11-16T06:45:04.966+0000][4245.409s][info ][safepoint     ] Entering safepoint region: Cleanup
[2023-11-16T06:45:04.966+0000][4245.410s][info ][safepoint     ] Leaving safepoint region
[2023-11-16T06:45:04.966+0000][4245.410s][info ][safepoint     ] Total time for which application threads were stopped: 0.0003392 seconds, Stopping threads took: 0.0000518 seconds
[2023-11-16T06:45:05.967+0000][4246.410s][debug][safepoint     ] Safepoint synchronization initiated. (170 threads)
[2023-11-16T06:45:05.967+0000][4246.410s][info ][safepoint     ] Application time: 1.0001713 seconds
[2023-11-16T06:45:05.967+0000][4246.410s][info ][safepoint     ] Entering safepoint region: Cleanup
[2023-11-16T06:45:05.967+0000][4246.410s][info ][safepoint     ] Leaving safepoint region
[2023-11-16T06:45:05.967+0000][4246.410s][info ][safepoint     ] Total time for which application threads were stopped: 0.0003446 seconds, Stopping threads took: 0.0000508 seconds
[2023-11-16T06:45:06.967+0000][4247.410s][debug][safepoint     ] Safepoint synchronization initiated. (170 threads)
[2023-11-16T06:45:06.967+0000][4247.411s][info ][safepoint     ] Application time: 1.0001756 seconds
[2023-11-16T06:45:06.967+0000][4247.411s][info ][safepoint     ] Entering safepoint region: Cleanup
[2023-11-16T06:45:06.968+0000][4247.411s][info ][safepoint     ] Leaving safepoint region
[2023-11-16T06:45:06.968+0000][4247.411s][info ][safepoint     ] Total time for which application threads were stopped: 0.0003453 seconds, Stopping threads took: 0.0000512 seconds
[2023-11-16T06:45:07.968+0000][4248.411s][debug][safepoint     ] Safepoint synchronization initiated. (170 threads)
[2023-11-16T06:45:07.968+0000][4248.411s][info ][safepoint     ] Application time: 1.0001455 seconds
[2023-11-16T06:45:07.968+0000][4248.411s][info ][safepoint     ] Entering safepoint region: Cleanup
[2023-11-16T06:45:07.968+0000][4248.411s][info ][safepoint     ] Leaving safepoint region
[2023-11-16T06:45:07.968+0000][4248.411s][info ][safepoint     ] Total time for which application threads were stopped: 0.0003455 seconds, Stopping threads took: 0.0000515 seconds
[2023-11-16T06:45:08.968+0000][4249.412s][debug][safepoint     ] Safepoint synchronization initiated. (170 threads)
[2023-11-16T06:45:08.968+0000][4249.412s][info ][safepoint     ] Application time: 1.0001673 seconds
[2023-11-16T06:45:08.968+0000][4249.412s][info ][safepoint     ] Entering safepoint region: Cleanup
[2023-11-16T06:45:08.969+0000][4249.412s][info ][safepoint     ] Leaving safepoint region
[2023-11-16T06:45:08.969+0000][4249.412s][info ][safepoint     ] Total time for which application threads were stopped: 0.0003406 seconds, Stopping threads took: 0.0000505 seconds
[2023-11-16T06:45:09.969+0000][4250.412s][debug][safepoint     ] Safepoint synchronization initiated. (170 threads)
[2023-11-16T06:45:09.969+0000][4250.412s][info ][safepoint     ] Application time: 1.0001578 seconds
[2023-11-16T06:45:09.969+0000][4250.412s][info ][safepoint     ] Entering safepoint region: Cleanup
[2023-11-16T06:45:09.969+0000][4250.412s][info ][safepoint     ] Leaving safepoint region
[2023-11-16T06:45:09.969+0000][4250.412s][info ][safepoint     ] Total time for which application threads were stopped: 0.0003435 seconds, Stopping threads took: 0.0000504 seconds
[2023-11-16T06:45:10.969+0000][4251.413s][debug][safepoint     ] Safepoint synchronization initiated. (170 threads)
[2023-11-16T06:45:10.969+0000][4251.413s][info ][safepoint     ] Application time: 1.0001564 seconds
[2023-11-16T06:45:10.969+0000][4251.413s][info ][safepoint     ] Entering safepoint region: Cleanup
[2023-11-16T06:45:10.970+0000][4251.413s][info ][safepoint     ] Leaving safepoint region
[2023-11-16T06:45:10.970+0000][4251.413s][info ][safepoint     ] Total time for which application threads were stopped: 0.0003401 seconds, Stopping threads took: 0.0000502 seconds
[2023-11-16T06:45:11.970+0000][4252.413s][debug][safepoint     ] Safepoint synchronization initiated. (170 threads)
[2023-11-16T06:45:11.970+0000][4252.413s][info ][safepoint     ] Application time: 1.0001686 seconds
[2023-11-16T06:45:11.970+0000][4252.413s][info ][safepoint     ] Entering safepoint region: Cleanup
[2023-11-16T06:45:11.970+0000][4252.414s][info ][safepoint     ] Leaving safepoint region
[2023-11-16T06:45:11.970+0000][4252.414s][info ][safepoint     ] Total time for which application threads were stopped: 0.0003402 seconds, Stopping threads took: 0.0000496 seconds
[2023-11-16T06:45:12.970+0000][4253.414s][debug][safepoint     ] Safepoint synchronization initiated. (170 threads)
[2023-11-16T06:45:12.970+0000][4253.414s][info ][safepoint     ] Application time: 1.0001747 seconds
[2023-11-16T06:45:12.970+0000][4253.414s][info ][safepoint     ] Entering safepoint region: Cleanup
[2023-11-16T06:45:12.971+0000][4253.414s][info ][safepoint     ] Leaving safepoint region
[2023-11-16T06:45:12.971+0000][4253.414s][info ][safepoint     ] Total time for which application threads were stopped: 0.0002873 seconds, Stopping threads took: 0.0000508 seconds
[2023-11-16T06:45:13.971+0000][4254.414s][debug][safepoint     ] Safepoint synchronization initiated. (170 threads)
[2023-11-16T06:45:13.971+0000][4254.414s][info ][safepoint     ] Application time: 1.0001696 seconds
[2023-11-16T06:45:13.971+0000][4254.414s][info ][safepoint     ] Entering safepoint region: Cleanup
[2023-11-16T06:45:13.971+0000][4254.415s][info ][safepoint     ] Leaving safepoint region
[2023-11-16T06:45:13.971+0000][4254.415s][info ][safepoint     ] Total time for which application threads were stopped: 0.0003445 seconds, Stopping threads took: 0.0000506 seconds
[2023-11-16T06:45:14.971+0000][4255.415s][debug][safepoint     ] Safepoint synchronization initiated. (170 threads)
[2023-11-16T06:45:14.972+0000][4255.415s][info ][safepoint     ] Application time: 1.0001866 seconds
[2023-11-16T06:45:14.972+0000][4255.415s][info ][safepoint     ] Entering safepoint region: Cleanup
[2023-11-16T06:45:14.972+0000][4255.415s][info ][safepoint     ] Leaving safepoint region
[2023-11-16T06:45:14.972+0000][4255.415s][info ][safepoint     ] Total time for which application threads were stopped: 0.0003369 seconds, Stopping threads took: 0.0000503 seconds
[2023-11-16T06:45:15.972+0000][4256.415s][debug][safepoint     ] Safepoint synchronization initiated. (170 threads)
[2023-11-16T06:45:15.972+0000][4256.415s][info ][safepoint     ] Application time: 1.0001573 seconds
[2023-11-16T06:45:15.972+0000][4256.415s][info ][safepoint     ] Entering safepoint region: Cleanup
[2023-11-16T06:45:15.972+0000][4256.416s][info ][safepoint     ] Leaving safepoint region
[2023-11-16T06:45:15.972+0000][4256.416s][info ][safepoint     ] Total time for which application threads were stopped: 0.0003413 seconds, Stopping threads took: 0.0000503 seconds
[2023-11-16T06:45:16.973+0000][4257.416s][debug][safepoint     ] Safepoint synchronization initiated. (170 threads)
[2023-11-16T06:45:16.973+0000][4257.416s][info ][safepoint     ] Application time: 1.0001705 seconds
[2023-11-16T06:45:16.973+0000][4257.416s][info ][safepoint     ] Entering safepoint region: Cleanup
[2023-11-16T06:45:16.973+0000][4257.416s][info ][safepoint     ] Leaving safepoint region
[2023-11-16T06:45:16.973+0000][4257.416s][info ][safepoint     ] Total time for which application threads were stopped: 0.0003417 seconds, Stopping threads took: 0.0000510 seconds
[2023-11-16T06:45:17.973+0000][4258.416s][debug][safepoint     ] Safepoint synchronization initiated. (170 threads)
[2023-11-16T06:45:17.973+0000][4258.416s][info ][safepoint     ] Application time: 1.0001698 seconds
[2023-11-16T06:45:17.973+0000][4258.417s][info ][safepoint     ] Entering safepoint region: Cleanup
[2023-11-16T06:45:17.973+0000][4258.417s][info ][safepoint     ] Leaving safepoint region
[2023-11-16T06:45:17.973+0000][4258.417s][info ][safepoint     ] Total time for which application threads were stopped: 0.0002936 seconds, Stopping threads took: 0.0000495 seconds
[2023-11-16T06:45:17.973+0000][4258.417s][debug][safepoint     ] ... found polling page return exception at pc = 0x00007fde849bede6, stub =0x00007fde7c83a800
[2023-11-16T06:45:18.974+0000][4259.417s][debug][safepoint     ] Safepoint synchronization initiated. (170 threads)
[2023-11-16T06:45:18.974+0000][4259.417s][info ][safepoint     ] Application time: 1.0001802 seconds
[2023-11-16T06:45:18.974+0000][4259.417s][info ][safepoint     ] Entering safepoint region: Cleanup
[2023-11-16T06:45:18.974+0000][4259.417s][info ][safepoint     ] Leaving safepoint region
[2023-11-16T06:45:18.974+0000][4259.417s][info ][safepoint     ] Total time for which application threads were stopped: 0.0004504 seconds, Stopping threads took: 0.0001668 seconds
[2023-11-16T06:45:19.974+0000][4260.418s][debug][safepoint     ] Safepoint synchronization initiated. (170 threads)
[2023-11-16T06:45:19.974+0000][4260.418s][info ][safepoint     ] Application time: 1.0001684 seconds
[2023-11-16T06:45:19.974+0000][4260.418s][info ][safepoint     ] Entering safepoint region: Cleanup
[2023-11-16T06:45:19.975+0000][4260.418s][info ][safepoint     ] Leaving safepoint region
[2023-11-16T06:45:19.975+0000][4260.418s][info ][safepoint     ] Total time for which application threads were stopped: 0.0003638 seconds, Stopping threads took: 0.0000737 seconds
[2023-11-16T06:45:20.975+0000][4261.418s][debug][safepoint     ] Safepoint synchronization initiated. (170 threads)
[2023-11-16T06:45:20.975+0000][4261.418s][info ][safepoint     ] Application time: 1.0001530 seconds
[2023-11-16T06:45:20.975+0000][4261.418s][info ][safepoint     ] Entering safepoint region: Cleanup
[2023-11-16T06:45:20.975+0000][4261.418s][info ][safepoint     ] Leaving safepoint region
[2023-11-16T06:45:20.975+0000][4261.419s][info ][safepoint     ] Total time for which application threads were stopped: 0.0003390 seconds, Stopping threads took: 0.0000504 seconds
[2023-11-16T06:45:21.975+0000][4262.419s][debug][safepoint     ] Safepoint synchronization initiated. (170 threads)
[2023-11-16T06:45:21.975+0000][4262.419s][info ][safepoint     ] Application time: 1.0001659 seconds
[2023-11-16T06:45:21.975+0000][4262.419s][info ][safepoint     ] Entering safepoint region: Cleanup
[2023-11-16T06:45:21.976+0000][4262.419s][info ][safepoint     ] Leaving safepoint region
[2023-11-16T06:45:21.976+0000][4262.419s][info ][safepoint     ] Total time for which application threads were stopped: 0.0003621 seconds, Stopping threads took: 0.0000744 seconds
[2023-11-16T06:45:22.976+0000][4263.419s][debug][safepoint     ] Safepoint synchronization initiated. (170 threads)
[2023-11-16T06:45:22.976+0000][4263.419s][info ][safepoint     ] Application time: 1.0001542 seconds
[2023-11-16T06:45:22.976+0000][4263.419s][info ][safepoint     ] Entering safepoint region: Cleanup
[2023-11-16T06:45:22.976+0000][4263.420s][info ][safepoint     ] Leaving safepoint region
[2023-11-16T06:45:22.976+0000][4263.420s][info ][safepoint     ] Total time for which application threads were stopped: 0.0003406 seconds, Stopping threads took: 0.0000504 seconds
[2023-11-16T06:45:23.976+0000][4264.420s][debug][safepoint     ] Safepoint synchronization initiated. (170 threads)
[2023-11-16T06:45:23.976+0000][4264.420s][info ][safepoint     ] Application time: 1.0001695 seconds
[2023-11-16T06:45:23.977+0000][4264.420s][info ][safepoint     ] Entering safepoint region: Cleanup
[2023-11-16T06:45:23.977+0000][4264.420s][info ][safepoint     ] Leaving safepoint region
[2023-11-16T06:45:23.977+0000][4264.420s][info ][safepoint     ] Total time for which application threads were stopped: 0.0006183 seconds, Stopping threads took: 0.0003319 seconds
[2023-11-16T06:45:24.977+0000][4265.421s][debug][safepoint     ] Safepoint synchronization initiated. (170 threads)
[2023-11-16T06:45:24.977+0000][4265.421s][info ][safepoint     ] Application time: 1.0001529 seconds
[2023-11-16T06:45:24.977+0000][4265.421s][info ][safepoint     ] Entering safepoint region: Cleanup
[2023-11-16T06:45:24.978+0000][4265.421s][info ][safepoint     ] Leaving safepoint region
[2023-11-16T06:45:24.978+0000][4265.421s][info ][safepoint     ] Total time for which application threads were stopped: 0.0003372 seconds, Stopping threads took: 0.0000514 seconds
[2023-11-16T06:45:25.978+0000][4266.421s][debug][safepoint     ] Safepoint synchronization initiated. (170 threads)
[2023-11-16T06:45:25.978+0000][4266.421s][info ][safepoint     ] Application time: 1.0001687 seconds
[2023-11-16T06:45:25.978+0000][4266.421s][info ][safepoint     ] Entering safepoint region: Cleanup
[2023-11-16T06:45:25.978+0000][4266.421s][info ][safepoint     ] Leaving safepoint region
[2023-11-16T06:45:25.978+0000][4266.422s][info ][safepoint     ] Total time for which application threads were stopped: 0.0003382 seconds, Stopping threads took: 0.0000518 seconds
[2023-11-16T06:45:26.978+0000][4267.422s][debug][safepoint     ] Safepoint synchronization initiated. (170 threads)
[2023-11-16T06:45:26.978+0000][4267.422s][info ][safepoint     ] Application time: 1.0001505 seconds
[2023-11-16T06:45:26.978+0000][4267.422s][info ][safepoint     ] Entering safepoint region: Cleanup
[2023-11-16T06:45:26.979+0000][4267.422s][info ][safepoint     ] Leaving safepoint region
[2023-11-16T06:45:26.979+0000][4267.422s][info ][safepoint     ] Total time for which application threads were stopped: 0.0003676 seconds, Stopping threads took: 0.0000737 seconds
[2023-11-16T06:45:27.979+0000][4268.422s][debug][safepoint     ] Safepoint synchronization initiated. (170 threads)
[2023-11-16T06:45:27.979+0000][4268.422s][info ][safepoint     ] Application time: 1.0001698 seconds
[2023-11-16T06:45:27.979+0000][4268.422s][info ][safepoint     ] Entering safepoint region: Cleanup
[2023-11-16T06:45:27.979+0000][4268.422s][info ][safepoint     ] Leaving safepoint region
[2023-11-16T06:45:27.979+0000][4268.423s][info ][safepoint     ] Total time for which application threads were stopped: 0.0002383 seconds, Stopping threads took: 0.0000578 seconds
[2023-11-16T06:45:28.979+0000][4269.423s][debug][safepoint     ] Safepoint synchronization initiated. (170 threads)
[2023-11-16T06:45:28.979+0000][4269.423s][info ][safepoint     ] Application time: 1.0001717 seconds
[2023-11-16T06:45:28.979+0000][4269.423s][info ][safepoint     ] Entering safepoint region: Cleanup
[2023-11-16T06:45:28.980+0000][4269.423s][info ][safepoint     ] Leaving safepoint region
[2023-11-16T06:45:28.980+0000][4269.423s][info ][safepoint     ] Total time for which application threads were stopped: 0.0004770 seconds, Stopping threads took: 0.0002262 seconds
[2023-11-16T06:45:29.980+0000][4270.423s][debug][safepoint     ] Safepoint synchronization initiated. (170 threads)
[2023-11-16T06:45:29.980+0000][4270.423s][info ][safepoint     ] Application time: 1.0001579 seconds
[2023-11-16T06:45:29.980+0000][4270.423s][info ][safepoint     ] Entering safepoint region: Cleanup
[2023-11-16T06:45:29.980+0000][4270.424s][info ][safepoint     ] Leaving safepoint region
[2023-11-16T06:45:29.980+0000][4270.424s][info ][safepoint     ] Total time for which application threads were stopped: 0.0003338 seconds, Stopping threads took: 0.0000512 seconds
[2023-11-16T06:45:30.981+0000][4271.424s][debug][safepoint     ] Safepoint synchronization initiated. (170 threads)
[2023-11-16T06:45:30.981+0000][4271.424s][info ][safepoint     ] Application time: 1.0001450 seconds
[2023-11-16T06:45:30.981+0000][4271.424s][info ][safepoint     ] Entering safepoint region: Cleanup
[2023-11-16T06:45:30.981+0000][4271.424s][info ][safepoint     ] Leaving safepoint region
[2023-11-16T06:45:30.981+0000][4271.424s][info ][safepoint     ] Total time for which application threads were stopped: 0.0003369 seconds, Stopping threads took: 0.0000511 seconds
[2023-11-16T06:45:31.981+0000][4272.424s][debug][safepoint     ] Safepoint synchronization initiated. (170 threads)
[2023-11-16T06:45:31.981+0000][4272.424s][info ][safepoint     ] Application time: 1.0001690 seconds
[2023-11-16T06:45:31.981+0000][4272.424s][info ][safepoint     ] Entering safepoint region: Cleanup
[2023-11-16T06:45:31.981+0000][4272.425s][info ][safepoint     ] Leaving safepoint region
[2023-11-16T06:45:31.981+0000][4272.425s][info ][safepoint     ] Total time for which application threads were stopped: 0.0003391 seconds, Stopping threads took: 0.0000513 seconds
[2023-11-16T06:45:32.982+0000][4273.425s][debug][safepoint     ] Safepoint synchronization initiated. (170 threads)
[2023-11-16T06:45:32.982+0000][4273.425s][info ][safepoint     ] Application time: 1.0001771 seconds
[2023-11-16T06:45:32.982+0000][4273.425s][info ][safepoint     ] Entering safepoint region: Cleanup
[2023-11-16T06:45:32.982+0000][4273.425s][info ][safepoint     ] Leaving safepoint region
[2023-11-16T06:45:32.982+0000][4273.425s][info ][safepoint     ] Total time for which application threads were stopped: 0.0003376 seconds, Stopping threads took: 0.0000513 seconds
[2023-11-16T06:45:33.982+0000][4274.425s][debug][safepoint     ] Safepoint synchronization initiated. (170 threads)
[2023-11-16T06:45:33.982+0000][4274.426s][info ][safepoint     ] Application time: 1.0001908 seconds
[2023-11-16T06:45:33.982+0000][4274.426s][info ][safepoint     ] Entering safepoint region: Cleanup
[2023-11-16T06:45:33.983+0000][4274.426s][info ][safepoint     ] Leaving safepoint region
[2023-11-16T06:45:33.983+0000][4274.426s][info ][safepoint     ] Total time for which application threads were stopped: 0.0006989 seconds, Stopping threads took: 0.0003636 seconds
[2023-11-16T06:45:34.983+0000][4275.426s][debug][safepoint     ] Safepoint synchronization initiated. (170 threads)
[2023-11-16T06:45:34.983+0000][4275.426s][info ][safepoint     ] Application time: 1.0001690 seconds
[2023-11-16T06:45:34.983+0000][4275.427s][info ][safepoint     ] Entering safepoint region: Cleanup
[2023-11-16T06:45:34.983+0000][4275.427s][info ][safepoint     ] Leaving safepoint region
[2023-11-16T06:45:34.984+0000][4275.427s][info ][safepoint     ] Total time for which application threads were stopped: 0.0003652 seconds, Stopping threads took: 0.0000522 seconds
[2023-11-16T06:45:35.984+0000][4276.427s][debug][safepoint     ] Safepoint synchronization initiated. (170 threads)
[2023-11-16T06:45:35.984+0000][4276.427s][info ][safepoint     ] Application time: 1.0001594 seconds
[2023-11-16T06:45:35.984+0000][4276.427s][info ][safepoint     ] Entering safepoint region: Cleanup
[2023-11-16T06:45:35.984+0000][4276.427s][info ][safepoint     ] Leaving safepoint region
[2023-11-16T06:45:35.984+0000][4276.427s][info ][safepoint     ] Total time for which application threads were stopped: 0.0003147 seconds, Stopping threads took: 0.0000516 seconds
[2023-11-16T06:45:36.984+0000][4277.427s][debug][safepoint     ] Safepoint synchronization initiated. (170 threads)
[2023-11-16T06:45:36.984+0000][4277.428s][info ][safepoint     ] Application time: 1.0001650 seconds
[2023-11-16T06:45:36.984+0000][4277.428s][info ][safepoint     ] Entering safepoint region: Cleanup
[2023-11-16T06:45:36.985+0000][4277.428s][info ][safepoint     ] Leaving safepoint region
[2023-11-16T06:45:36.985+0000][4277.428s][info ][safepoint     ] Total time for which application threads were stopped: 0.0003362 seconds, Stopping threads took: 0.0000506 seconds
[2023-11-16T06:45:37.985+0000][4278.428s][debug][safepoint     ] Safepoint synchronization initiated. (170 threads)
[2023-11-16T06:45:37.985+0000][4278.428s][info ][safepoint     ] Application time: 1.0001588 seconds
[2023-11-16T06:45:37.985+0000][4278.428s][info ][safepoint     ] Entering safepoint region: Cleanup
[2023-11-16T06:45:37.985+0000][4278.429s][info ][safepoint     ] Leaving safepoint region
[2023-11-16T06:45:37.985+0000][4278.429s][info ][safepoint     ] Total time for which application threads were stopped: 0.0004471 seconds, Stopping threads took: 0.0000527 seconds
[2023-11-16T06:45:38.985+0000][4279.429s][debug][safepoint     ] Safepoint synchronization initiated. (170 threads)
[2023-11-16T06:45:38.985+0000][4279.429s][info ][safepoint     ] Application time: 1.0001644 seconds
[2023-11-16T06:45:38.985+0000][4279.429s][info ][safepoint     ] Entering safepoint region: Cleanup
[2023-11-16T06:45:38.986+0000][4279.429s][info ][safepoint     ] Leaving safepoint region
[2023-11-16T06:45:38.986+0000][4279.429s][info ][safepoint     ] Total time for which application threads were stopped: 0.0002849 seconds, Stopping threads took: 0.0000501 seconds
[2023-11-16T06:45:39.986+0000][4280.429s][debug][safepoint     ] Safepoint synchronization initiated. (170 threads)
[2023-11-16T06:45:39.986+0000][4280.429s][info ][safepoint     ] Application time: 1.0001753 seconds
[2023-11-16T06:45:39.986+0000][4280.429s][info ][safepoint     ] Entering safepoint region: Cleanup
[2023-11-16T06:45:39.986+0000][4280.430s][info ][safepoint     ] Leaving safepoint region
[2023-11-16T06:45:39.986+0000][4280.430s][info ][safepoint     ] Total time for which application threads were stopped: 0.0004446 seconds, Stopping threads took: 0.0001907 seconds
[2023-11-16T06:45:40.986+0000][4281.430s][debug][safepoint     ] Safepoint synchronization initiated. (170 threads)
[2023-11-16T06:45:40.987+0000][4281.430s][info ][safepoint     ] Application time: 1.0001763 seconds
[2023-11-16T06:45:40.987+0000][4281.430s][info ][safepoint     ] Entering safepoint region: Cleanup
[2023-11-16T06:45:40.987+0000][4281.430s][info ][safepoint     ] Leaving safepoint region
[2023-11-16T06:45:40.987+0000][4281.430s][info ][safepoint     ] Total time for which application threads were stopped: 0.0003643 seconds, Stopping threads took: 0.0000767 seconds
[2023-11-16T06:45:41.987+0000][4282.430s][debug][safepoint     ] Safepoint synchronization initiated. (170 threads)
[2023-11-16T06:45:41.987+0000][4282.430s][info ][safepoint     ] Application time: 1.0001757 seconds
[2023-11-16T06:45:41.987+0000][4282.431s][info ][safepoint     ] Entering safepoint region: Cleanup
[2023-11-16T06:45:41.987+0000][4282.431s][info ][safepoint     ] Leaving safepoint region
[2023-11-16T06:45:41.988+0000][4282.431s][info ][safepoint     ] Total time for which application threads were stopped: 0.0003618 seconds, Stopping threads took: 0.0000514 seconds
[2023-11-16T06:45:42.988+0000][4283.431s][debug][safepoint     ] Safepoint synchronization initiated. (170 threads)
[2023-11-16T06:45:42.988+0000][4283.431s][info ][safepoint     ] Application time: 1.0001565 seconds
[2023-11-16T06:45:42.988+0000][4283.431s][info ][safepoint     ] Entering safepoint region: Cleanup
[2023-11-16T06:45:42.988+0000][4283.431s][info ][safepoint     ] Leaving safepoint region
[2023-11-16T06:45:42.988+0000][4283.431s][info ][safepoint     ] Total time for which application threads were stopped: 0.0003429 seconds, Stopping threads took: 0.0000520 seconds
[2023-11-16T06:45:43.988+0000][4284.431s][debug][safepoint     ] Safepoint synchronization initiated. (170 threads)
[2023-11-16T06:45:43.988+0000][4284.432s][info ][safepoint     ] Application time: 1.0001666 seconds
[2023-11-16T06:45:43.988+0000][4284.432s][info ][safepoint     ] Entering safepoint region: Cleanup
[2023-11-16T06:45:43.989+0000][4284.432s][info ][safepoint     ] Leaving safepoint region
[2023-11-16T06:45:43.989+0000][4284.432s][info ][safepoint     ] Total time for which application threads were stopped: 0.0003411 seconds, Stopping threads took: 0.0000506 seconds
[2023-11-16T06:45:44.989+0000][4285.432s][debug][safepoint     ] Safepoint synchronization initiated. (170 threads)
[2023-11-16T06:45:44.989+0000][4285.432s][info ][safepoint     ] Application time: 1.0001435 seconds
[2023-11-16T06:45:44.989+0000][4285.432s][info ][safepoint     ] Entering safepoint region: Cleanup
[2023-11-16T06:45:44.989+0000][4285.433s][info ][safepoint     ] Leaving safepoint region
[2023-11-16T06:45:44.989+0000][4285.433s][info ][safepoint     ] Total time for which application threads were stopped: 0.0005145 seconds, Stopping threads took: 0.0001799 seconds
[2023-11-16T06:45:45.989+0000][4286.433s][debug][safepoint     ] Safepoint synchronization initiated. (170 threads)
[2023-11-16T06:45:45.989+0000][4286.433s][info ][safepoint     ] Application time: 1.0001599 seconds
[2023-11-16T06:45:45.990+0000][4286.433s][info ][safepoint     ] Entering safepoint region: Cleanup
[2023-11-16T06:45:45.990+0000][4286.433s][info ][safepoint     ] Leaving safepoint region
[2023-11-16T06:45:45.990+0000][4286.433s][info ][safepoint     ] Total time for which application threads were stopped: 0.0003430 seconds, Stopping threads took: 0.0000518 seconds
[2023-11-16T06:45:46.990+0000][4287.433s][debug][safepoint     ] Safepoint synchronization initiated. (170 threads)
[2023-11-16T06:45:46.990+0000][4287.433s][info ][safepoint     ] Application time: 1.0001727 seconds
[2023-11-16T06:45:46.990+0000][4287.433s][info ][safepoint     ] Entering safepoint region: Cleanup
[2023-11-16T06:45:46.990+0000][4287.434s][info ][safepoint     ] Leaving safepoint region
[2023-11-16T06:45:46.990+0000][4287.434s][info ][safepoint     ] Total time for which application threads were stopped: 0.0003439 seconds, Stopping threads took: 0.0000519 seconds
[2023-11-16T06:45:47.991+0000][4288.434s][debug][safepoint     ] Safepoint synchronization initiated. (170 threads)
[2023-11-16T06:45:47.991+0000][4288.434s][info ][safepoint     ] Application time: 1.0001775 seconds
[2023-11-16T06:45:47.991+0000][4288.434s][info ][safepoint     ] Entering safepoint region: Cleanup
[2023-11-16T06:45:47.991+0000][4288.434s][info ][safepoint     ] Leaving safepoint region
[2023-11-16T06:45:47.991+0000][4288.434s][info ][safepoint     ] Total time for which application threads were stopped: 0.0003724 seconds, Stopping threads took: 0.0000786 seconds
[2023-11-16T06:45:48.991+0000][4289.434s][debug][safepoint     ] Safepoint synchronization initiated. (170 threads)
[2023-11-16T06:45:48.991+0000][4289.434s][info ][safepoint     ] Application time: 1.0001610 seconds
[2023-11-16T06:45:48.991+0000][4289.435s][info ][safepoint     ] Entering safepoint region: Cleanup
[2023-11-16T06:45:48.991+0000][4289.435s][info ][safepoint     ] Leaving safepoint region
[2023-11-16T06:45:48.991+0000][4289.435s][info ][safepoint     ] Total time for which application threads were stopped: 0.0002461 seconds, Stopping threads took: 0.0000518 seconds
[2023-11-16T06:45:49.992+0000][4290.435s][debug][safepoint     ] Safepoint synchronization initiated. (170 threads)
[2023-11-16T06:45:49.992+0000][4290.435s][info ][safepoint     ] Application time: 1.0001314 seconds
