[2023-11-15T19:43:32.089+0000][0.004s][info][gc,heap] Heap region size: 1M
[2023-11-15T19:43:32.098+0000][0.014s][info][gc     ] Using G1
[2023-11-15T19:43:32.098+0000][0.014s][info][gc,heap,coops] Heap address: 0x0000000708000000, size: 3968 MB, Compressed Oops mode: Zero based, Oop shift amount: 3
[2023-11-15T19:43:32.101+0000][0.016s][info][gc,cds       ] Mark closed archive regions in map: [0x00000007bfc00000, 0x00000007bfc6bff8]
[2023-11-15T19:43:32.101+0000][0.016s][info][gc,cds       ] Mark open archive regions in map: [0x00000007bf800000, 0x00000007bf847ff8]
[2023-11-15T19:43:32.343+0000][0.258s][debug][safepoint    ] Safepoint synchronization initiated. (9 threads)
[2023-11-15T19:43:32.343+0000][0.258s][info ][safepoint    ] Application time: 0.1483363 seconds
[2023-11-15T19:43:32.343+0000][0.258s][debug][safepoint    ] Waiting for 1 thread(s) to block
[2023-11-15T19:43:32.343+0000][0.258s][info ][safepoint    ] Entering safepoint region: Deoptimize
[2023-11-15T19:43:32.343+0000][0.258s][info ][safepoint    ] Leaving safepoint region
[2023-11-15T19:43:32.343+0000][0.258s][info ][safepoint    ] Total time for which application threads were stopped: 0.0002096 seconds, Stopping threads took: 0.0000268 seconds
[2023-11-15T19:43:33.112+0000][1.028s][debug][safepoint    ] Safepoint synchronization initiated. (10 threads)
[2023-11-15T19:43:33.456+0000][1.371s][info ][safepoint    ] Application time: 1.1131162 seconds
[2023-11-15T19:43:33.456+0000][1.372s][info ][safepoint    ] Entering safepoint region: G1CollectForAllocation
[2023-11-15T19:43:33.456+0000][1.372s][info ][gc,start     ] GC(0) Pause Young (Normal) (G1 Evacuation Pause)
[2023-11-15T19:43:33.457+0000][1.372s][info ][gc,task      ] GC(0) Using 4 workers of 4 for evacuation
[2023-11-15T19:43:33.465+0000][1.380s][info ][gc,phases    ] GC(0)   Pre Evacuate Collection Set: 0.0ms
[2023-11-15T19:43:33.465+0000][1.380s][info ][gc,phases    ] GC(0)   Evacuate Collection Set: 7.3ms
[2023-11-15T19:43:33.465+0000][1.380s][info ][gc,phases    ] GC(0)   Post Evacuate Collection Set: 0.7ms
[2023-11-15T19:43:33.465+0000][1.380s][info ][gc,phases    ] GC(0)   Other: 0.5ms
[2023-11-15T19:43:33.465+0000][1.380s][info ][gc,heap      ] GC(0) Eden regions: 38->0(143)
[2023-11-15T19:43:33.465+0000][1.380s][info ][gc,heap      ] GC(0) Survivor regions: 0->5(5)
[2023-11-15T19:43:33.465+0000][1.380s][info ][gc,heap      ] GC(0) Old regions: 2->5
[2023-11-15T19:43:33.465+0000][1.380s][info ][gc,heap      ] GC(0) Humongous regions: 2->0
[2023-11-15T19:43:33.465+0000][1.380s][info ][gc,metaspace ] GC(0) Metaspace: 1853K(5120K)->1853K(5120K) NonClass: 1699K(4608K)->1699K(4608K) Class: 153K(512K)->153K(512K)
[2023-11-15T19:43:33.465+0000][1.380s][info ][gc           ] GC(0) Pause Young (Normal) (G1 Evacuation Pause) 40M->8M(250M) 8.617ms
[2023-11-15T19:43:33.465+0000][1.380s][info ][gc,cpu       ] GC(0) User=0.02s Sys=0.00s Real=0.01s
[2023-11-15T19:43:33.465+0000][1.380s][info ][safepoint    ] Leaving safepoint region
[2023-11-15T19:43:33.465+0000][1.380s][info ][safepoint    ] Total time for which application threads were stopped: 0.0088174 seconds, Stopping threads took: 0.0000126 seconds
[2023-11-15T19:43:33.465+0000][1.380s][info ][gc,stringdedup] Concurrent String Deduplication (1.380s)
[2023-11-15T19:43:33.467+0000][1.382s][info ][gc,stringdedup] Concurrent String Deduplication 536.7K->499.8K(37744.0B) avg 4.6% (1.380s, 1.382s) 1.753ms
[2023-11-15T19:43:33.780+0000][1.695s][debug][safepoint     ] Safepoint synchronization initiated. (10 threads)
[2023-11-15T19:43:33.780+0000][1.695s][info ][safepoint     ] Application time: 0.3147858 seconds
[2023-11-15T19:43:33.780+0000][1.695s][debug][safepoint     ] Waiting for 2 thread(s) to block
[2023-11-15T19:43:33.780+0000][1.695s][info ][safepoint     ] Entering safepoint region: G1CollectForAllocation
[2023-11-15T19:43:33.780+0000][1.695s][info ][gc,start      ] GC(1) Pause Young (Normal) (G1 Evacuation Pause)
[2023-11-15T19:43:33.780+0000][1.695s][info ][gc,task       ] GC(1) Using 4 workers of 4 for evacuation
[2023-11-15T19:43:33.788+0000][1.703s][info ][gc,phases     ] GC(1)   Pre Evacuate Collection Set: 0.0ms
[2023-11-15T19:43:33.788+0000][1.703s][info ][gc,phases     ] GC(1)   Evacuate Collection Set: 7.5ms
[2023-11-15T19:43:33.788+0000][1.703s][info ][gc,phases     ] GC(1)   Post Evacuate Collection Set: 0.6ms
[2023-11-15T19:43:33.788+0000][1.704s][info ][gc,phases     ] GC(1)   Other: 0.1ms
[2023-11-15T19:43:33.788+0000][1.704s][info ][gc,heap       ] GC(1) Eden regions: 38->0(90)
[2023-11-15T19:43:33.788+0000][1.704s][info ][gc,heap       ] GC(1) Survivor regions: 5->2(6)
[2023-11-15T19:43:33.788+0000][1.704s][info ][gc,heap       ] GC(1) Old regions: 5->10
[2023-11-15T19:43:33.788+0000][1.704s][info ][gc,heap       ] GC(1) Humongous regions: 0->0
[2023-11-15T19:43:33.788+0000][1.704s][info ][gc,metaspace  ] GC(1) Metaspace: 3033K(5760K)->3033K(5760K) NonClass: 2753K(5120K)->2753K(5120K) Class: 280K(640K)->280K(640K)
[2023-11-15T19:43:33.788+0000][1.704s][info ][gc            ] GC(1) Pause Young (Normal) (G1 Evacuation Pause) 46M->9M(250M) 8.331ms
[2023-11-15T19:43:33.788+0000][1.704s][info ][gc,cpu        ] GC(1) User=0.02s Sys=0.00s Real=0.01s
[2023-11-15T19:43:33.788+0000][1.704s][info ][safepoint     ] Leaving safepoint region
[2023-11-15T19:43:33.788+0000][1.704s][info ][safepoint     ] Total time for which application threads were stopped: 0.0084855 seconds, Stopping threads took: 0.0000312 seconds
[2023-11-15T19:43:33.788+0000][1.704s][info ][gc,stringdedup] Concurrent String Deduplication (1.704s)
[2023-11-15T19:43:33.798+0000][1.713s][info ][gc,stringdedup] Concurrent String Deduplication 1433.8K->1359.0K(76656.0B) avg 5.0% (1.704s, 1.713s) 9.338ms
[2023-11-15T19:43:33.803+0000][1.718s][debug][safepoint     ] Safepoint synchronization initiated. (10 threads)
[2023-11-15T19:43:33.803+0000][1.718s][info ][safepoint     ] Application time: 0.0147780 seconds
[2023-11-15T19:43:33.803+0000][1.718s][debug][safepoint     ] Waiting for 1 thread(s) to block
[2023-11-15T19:43:33.803+0000][1.718s][info ][safepoint     ] Entering safepoint region: Deoptimize
[2023-11-15T19:43:33.803+0000][1.719s][info ][safepoint     ] Leaving safepoint region
[2023-11-15T19:43:33.803+0000][1.719s][info ][safepoint     ] Total time for which application threads were stopped: 0.0001530 seconds, Stopping threads took: 0.0000264 seconds
[2023-11-15T19:43:33.815+0000][1.730s][debug][safepoint     ] Safepoint synchronization initiated. (10 threads)
[2023-11-15T19:43:33.815+0000][1.730s][info ][safepoint     ] Application time: 0.0115390 seconds
[2023-11-15T19:43:33.815+0000][1.730s][debug][safepoint     ] Waiting for 1 thread(s) to block
[2023-11-15T19:43:33.815+0000][1.730s][info ][safepoint     ] Entering safepoint region: Deoptimize
[2023-11-15T19:43:33.815+0000][1.730s][info ][safepoint     ] Leaving safepoint region
[2023-11-15T19:43:33.815+0000][1.730s][info ][safepoint     ] Total time for which application threads were stopped: 0.0001613 seconds, Stopping threads took: 0.0000268 seconds
[2023-11-15T19:43:33.943+0000][1.858s][debug][safepoint     ] Safepoint synchronization initiated. (10 threads)
[2023-11-15T19:43:33.943+0000][1.858s][info ][safepoint     ] Application time: 0.1276487 seconds
[2023-11-15T19:43:33.943+0000][1.858s][debug][safepoint     ] Waiting for 1 thread(s) to block
[2023-11-15T19:43:33.943+0000][1.858s][info ][safepoint     ] Entering safepoint region: Deoptimize
[2023-11-15T19:43:33.943+0000][1.858s][info ][safepoint     ] Leaving safepoint region
[2023-11-15T19:43:33.943+0000][1.858s][info ][safepoint     ] Total time for which application threads were stopped: 0.0001751 seconds, Stopping threads took: 0.0000263 seconds
[2023-11-15T19:43:33.966+0000][1.881s][debug][safepoint     ] Safepoint synchronization initiated. (10 threads)
[2023-11-15T19:43:33.966+0000][1.881s][info ][safepoint     ] Application time: 0.0231773 seconds
[2023-11-15T19:43:33.966+0000][1.881s][debug][safepoint     ] Waiting for 1 thread(s) to block
[2023-11-15T19:43:33.966+0000][1.881s][info ][safepoint     ] Entering safepoint region: Deoptimize
[2023-11-15T19:43:33.966+0000][1.881s][info ][safepoint     ] Leaving safepoint region
[2023-11-15T19:43:33.966+0000][1.881s][info ][safepoint     ] Total time for which application threads were stopped: 0.0001858 seconds, Stopping threads took: 0.0000268 seconds
[2023-11-15T19:43:34.691+0000][2.607s][debug][safepoint     ] Safepoint synchronization initiated. (11 threads)
[2023-11-15T19:43:34.740+0000][2.655s][info ][safepoint     ] Application time: 0.7733802 seconds
[2023-11-15T19:43:34.740+0000][2.655s][info ][safepoint     ] Entering safepoint region: G1CollectForAllocation
[2023-11-15T19:43:34.740+0000][2.655s][info ][gc,start      ] GC(2) Pause Young (Normal) (G1 Evacuation Pause)
[2023-11-15T19:43:34.740+0000][2.655s][info ][gc,task       ] GC(2) Using 4 workers of 4 for evacuation
[2023-11-15T19:43:34.764+0000][2.680s][info ][gc,phases     ] GC(2)   Pre Evacuate Collection Set: 0.0ms
[2023-11-15T19:43:34.764+0000][2.680s][info ][gc,phases     ] GC(2)   Evacuate Collection Set: 20.4ms
[2023-11-15T19:43:34.764+0000][2.680s][info ][gc,phases     ] GC(2)   Post Evacuate Collection Set: 4.0ms
[2023-11-15T19:43:34.764+0000][2.680s][info ][gc,phases     ] GC(2)   Other: 0.1ms
[2023-11-15T19:43:34.764+0000][2.680s][info ][gc,heap       ] GC(2) Eden regions: 90->0(146)
[2023-11-15T19:43:34.764+0000][2.680s][info ][gc,heap       ] GC(2) Survivor regions: 2->2(12)
[2023-11-15T19:43:34.764+0000][2.680s][info ][gc,heap       ] GC(2) Old regions: 10->10
[2023-11-15T19:43:34.764+0000][2.680s][info ][gc,heap       ] GC(2) Humongous regions: 0->0
[2023-11-15T19:43:34.764+0000][2.680s][info ][gc,metaspace  ] GC(2) Metaspace: 5997K(8064K)->5997K(8064K) NonClass: 5317K(7168K)->5317K(7168K) Class: 679K(896K)->679K(896K)
[2023-11-15T19:43:34.764+0000][2.680s][info ][gc            ] GC(2) Pause Young (Normal) (G1 Evacuation Pause) 99M->10M(250M) 24.613ms
[2023-11-15T19:43:34.764+0000][2.680s][info ][gc,cpu        ] GC(2) User=0.02s Sys=0.00s Real=0.02s
[2023-11-15T19:43:34.764+0000][2.680s][info ][safepoint     ] Leaving safepoint region
[2023-11-15T19:43:34.764+0000][2.680s][info ][safepoint     ] Total time for which application threads were stopped: 0.0248397 seconds, Stopping threads took: 0.0000109 seconds
[2023-11-15T19:43:35.481+0000][3.397s][debug][safepoint     ] Safepoint synchronization initiated. (11 threads)
[2023-11-15T19:43:36.017+0000][3.932s][info ][safepoint     ] Application time: 1.2527210 seconds
[2023-11-15T19:43:36.017+0000][3.933s][info ][safepoint     ] Entering safepoint region: G1CollectForAllocation
[2023-11-15T19:43:36.017+0000][3.933s][info ][gc,start      ] GC(3) Pause Young (Normal) (G1 Evacuation Pause)
[2023-11-15T19:43:36.017+0000][3.933s][info ][gc,task       ] GC(3) Using 4 workers of 4 for evacuation
[2023-11-15T19:43:36.031+0000][3.946s][info ][gc,phases     ] GC(3)   Pre Evacuate Collection Set: 0.0ms
[2023-11-15T19:43:36.031+0000][3.946s][info ][gc,phases     ] GC(3)   Evacuate Collection Set: 12.0ms
[2023-11-15T19:43:36.031+0000][3.946s][info ][gc,phases     ] GC(3)   Post Evacuate Collection Set: 1.6ms
[2023-11-15T19:43:36.031+0000][3.947s][info ][gc,phases     ] GC(3)   Other: 0.2ms
[2023-11-15T19:43:36.031+0000][3.947s][info ][gc,heap       ] GC(3) Eden regions: 146->0(144)
[2023-11-15T19:43:36.031+0000][3.947s][info ][gc,heap       ] GC(3) Survivor regions: 2->4(19)
[2023-11-15T19:43:36.031+0000][3.947s][info ][gc,heap       ] GC(3) Old regions: 10->10
[2023-11-15T19:43:36.031+0000][3.947s][info ][gc,heap       ] GC(3) Humongous regions: 0->0
[2023-11-15T19:43:36.031+0000][3.947s][info ][gc,metaspace  ] GC(3) Metaspace: 10957K(12288K)->10957K(12288K) NonClass: 9593K(10752K)->9593K(10752K) Class: 1364K(1536K)->1364K(1536K)
[2023-11-15T19:43:36.031+0000][3.947s][info ][gc            ] GC(3) Pause Young (Normal) (G1 Evacuation Pause) 156M->11M(250M) 13.899ms
[2023-11-15T19:43:36.031+0000][3.947s][info ][gc,cpu        ] GC(3) User=0.01s Sys=0.01s Real=0.02s
[2023-11-15T19:43:36.031+0000][3.947s][info ][safepoint     ] Leaving safepoint region
[2023-11-15T19:43:36.031+0000][3.947s][info ][safepoint     ] Total time for which application threads were stopped: 0.0141134 seconds, Stopping threads took: 0.0000133 seconds
[2023-11-15T19:43:36.031+0000][3.947s][info ][gc,stringdedup] Concurrent String Deduplication (3.947s)
[2023-11-15T19:43:36.032+0000][3.948s][info ][gc,stringdedup] Concurrent String Deduplication 227.6K->155.2K(74136.0B) avg 7.5% (3.947s, 3.948s) 0.973ms
[2023-11-15T19:43:36.158+0000][4.074s][debug][safepoint     ] Safepoint synchronization initiated. (11 threads)
[2023-11-15T19:43:36.158+0000][4.074s][info ][safepoint     ] Application time: 0.1271013 seconds
[2023-11-15T19:43:36.158+0000][4.074s][info ][safepoint     ] Entering safepoint region: Deoptimize
[2023-11-15T19:43:36.159+0000][4.074s][info ][safepoint     ] Leaving safepoint region
[2023-11-15T19:43:36.159+0000][4.074s][info ][safepoint     ] Total time for which application threads were stopped: 0.0002491 seconds, Stopping threads took: 0.0000095 seconds
[2023-11-15T19:43:36.334+0000][4.249s][debug][safepoint     ] Safepoint synchronization initiated. (10 threads)
[2023-11-15T19:43:36.334+0000][4.249s][info ][safepoint     ] Application time: 0.1750705 seconds
[2023-11-15T19:43:36.334+0000][4.249s][info ][safepoint     ] Entering safepoint region: ICBufferFull
[2023-11-15T19:43:36.334+0000][4.249s][info ][safepoint     ] Leaving safepoint region
[2023-11-15T19:43:36.334+0000][4.249s][info ][safepoint     ] Total time for which application threads were stopped: 0.0001346 seconds, Stopping threads took: 0.0000097 seconds
[2023-11-15T19:43:37.276+0000][5.191s][debug][safepoint     ] Safepoint synchronization initiated. (11 threads)
[2023-11-15T19:43:37.276+0000][5.191s][info ][safepoint     ] Application time: 0.9421523 seconds
[2023-11-15T19:43:37.276+0000][5.191s][info ][safepoint     ] Entering safepoint region: G1CollectForAllocation
[2023-11-15T19:43:37.276+0000][5.192s][info ][gc,start      ] GC(4) Pause Young (Normal) (G1 Evacuation Pause)
[2023-11-15T19:43:37.276+0000][5.192s][info ][gc,task       ] GC(4) Using 4 workers of 4 for evacuation
[2023-11-15T19:43:37.287+0000][5.202s][info ][gc,phases     ] GC(4)   Pre Evacuate Collection Set: 0.0ms
[2023-11-15T19:43:37.287+0000][5.202s][info ][gc,phases     ] GC(4)   Evacuate Collection Set: 7.2ms
[2023-11-15T19:43:37.287+0000][5.202s][info ][gc,phases     ] GC(4)   Post Evacuate Collection Set: 3.2ms
[2023-11-15T19:43:37.287+0000][5.202s][info ][gc,phases     ] GC(4)   Other: 0.1ms
[2023-11-15T19:43:37.287+0000][5.202s][info ][gc,heap       ] GC(4) Eden regions: 144->0(173)
[2023-11-15T19:43:37.287+0000][5.202s][info ][gc,heap       ] GC(4) Survivor regions: 4->7(19)
[2023-11-15T19:43:37.287+0000][5.202s][info ][gc,heap       ] GC(4) Old regions: 10->10
[2023-11-15T19:43:37.287+0000][5.202s][info ][gc,heap       ] GC(4) Humongous regions: 0->0
[2023-11-15T19:43:37.287+0000][5.202s][info ][gc,metaspace  ] GC(4) Metaspace: 15932K(16640K)->15932K(16640K) NonClass: 13899K(14336K)->13899K(14336K) Class: 2033K(2304K)->2033K(2304K)
[2023-11-15T19:43:37.287+0000][5.202s][info ][gc            ] GC(4) Pause Young (Normal) (G1 Evacuation Pause) 155M->14M(300M) 10.659ms
[2023-11-15T19:43:37.287+0000][5.202s][info ][gc,cpu        ] GC(4) User=0.02s Sys=0.00s Real=0.01s
[2023-11-15T19:43:37.287+0000][5.202s][info ][safepoint     ] Leaving safepoint region
[2023-11-15T19:43:37.287+0000][5.202s][info ][safepoint     ] Total time for which application threads were stopped: 0.0108445 seconds, Stopping threads took: 0.0000083 seconds
[2023-11-15T19:43:37.287+0000][5.202s][info ][gc,stringdedup] Concurrent String Deduplication (5.202s)
[2023-11-15T19:43:37.288+0000][5.203s][info ][gc,stringdedup] Concurrent String Deduplication 112.4K->31824.0B(83224.0B) avg 10.3% (5.202s, 5.203s) 1.116ms
[2023-11-15T19:43:37.395+0000][5.311s][debug][safepoint     ] Safepoint synchronization initiated. (11 threads)
[2023-11-15T19:43:37.395+0000][5.311s][info ][safepoint     ] Application time: 0.1083790 seconds
[2023-11-15T19:43:37.396+0000][5.311s][debug][safepoint     ] ... found polling page loop exception at pc = 0x00007f3d012586d2, stub =0x00007f3d0083ab00
[2023-11-15T19:43:37.396+0000][5.311s][debug][safepoint     ] Waiting for 1 thread(s) to block
[2023-11-15T19:43:37.396+0000][5.311s][info ][safepoint     ] Entering safepoint region: Deoptimize
[2023-11-15T19:43:37.396+0000][5.312s][info ][safepoint     ] Leaving safepoint region
[2023-11-15T19:43:37.396+0000][5.312s][info ][safepoint     ] Total time for which application threads were stopped: 0.0011293 seconds, Stopping threads took: 0.0008568 seconds
[2023-11-15T19:43:37.695+0000][5.611s][debug][safepoint     ] Safepoint synchronization initiated. (12 threads)
[2023-11-15T19:43:38.083+0000][5.999s][info ][safepoint     ] Application time: 0.6869538 seconds
[2023-11-15T19:43:38.083+0000][5.999s][info ][safepoint     ] Entering safepoint region: Deoptimize
[2023-11-15T19:43:38.092+0000][6.007s][info ][safepoint     ] Leaving safepoint region
[2023-11-15T19:43:38.092+0000][6.007s][info ][safepoint     ] Total time for which application threads were stopped: 0.0083755 seconds, Stopping threads took: 0.0000122 seconds
[2023-11-15T19:43:38.381+0000][6.296s][debug][safepoint     ] Safepoint synchronization initiated. (12 threads)
[2023-11-15T19:43:38.737+0000][6.653s][info ][safepoint     ] Application time: 0.6454118 seconds
[2023-11-15T19:43:38.737+0000][6.653s][info ][safepoint     ] Entering safepoint region: CollectForMetadataAllocation
[2023-11-15T19:43:38.738+0000][6.653s][info ][gc,start      ] GC(5) Pause Young (Concurrent Start) (Metadata GC Threshold)
[2023-11-15T19:43:38.738+0000][6.653s][info ][gc,task       ] GC(5) Using 4 workers of 4 for evacuation
[2023-11-15T19:43:38.764+0000][6.680s][info ][gc,phases     ] GC(5)   Pre Evacuate Collection Set: 0.1ms
[2023-11-15T19:43:38.764+0000][6.680s][info ][gc,phases     ] GC(5)   Evacuate Collection Set: 24.0ms
[2023-11-15T19:43:38.765+0000][6.680s][info ][gc,phases     ] GC(5)   Post Evacuate Collection Set: 2.3ms
[2023-11-15T19:43:38.765+0000][6.680s][info ][gc,phases     ] GC(5)   Other: 0.6ms
[2023-11-15T19:43:38.765+0000][6.680s][info ][gc,heap       ] GC(5) Eden regions: 156->0(171)
[2023-11-15T19:43:38.765+0000][6.680s][info ][gc,heap       ] GC(5) Survivor regions: 7->9(23)
[2023-11-15T19:43:38.765+0000][6.680s][info ][gc,heap       ] GC(5) Old regions: 10->10
[2023-11-15T19:43:38.765+0000][6.680s][info ][gc,heap       ] GC(5) Humongous regions: 0->0
[2023-11-15T19:43:38.765+0000][6.680s][info ][gc,metaspace  ] GC(5) Metaspace: 20543K(21296K)->20543K(21296K) NonClass: 17942K(18352K)->17942K(18352K) Class: 2601K(2944K)->2601K(2944K)
[2023-11-15T19:43:38.765+0000][6.680s][info ][gc            ] GC(5) Pause Young (Concurrent Start) (Metadata GC Threshold) 170M->16M(300M) 27.026ms
[2023-11-15T19:43:38.765+0000][6.680s][info ][gc,cpu        ] GC(5) User=0.06s Sys=0.00s Real=0.03s
[2023-11-15T19:43:38.765+0000][6.680s][info ][gc            ] GC(6) Concurrent Cycle
[2023-11-15T19:43:38.765+0000][6.680s][info ][gc,marking    ] GC(6) Concurrent Clear Claimed Marks
[2023-11-15T19:43:38.765+0000][6.680s][info ][safepoint     ] Leaving safepoint region
[2023-11-15T19:43:38.765+0000][6.680s][info ][safepoint     ] Total time for which application threads were stopped: 0.0274964 seconds, Stopping threads took: 0.0000132 seconds
[2023-11-15T19:43:38.765+0000][6.680s][info ][gc,marking    ] GC(6) Concurrent Clear Claimed Marks 0.050ms
[2023-11-15T19:43:38.765+0000][6.680s][info ][gc,marking    ] GC(6) Concurrent Scan Root Regions
[2023-11-15T19:43:38.765+0000][6.680s][info ][gc,stringdedup] Concurrent String Deduplication (6.680s)
[2023-11-15T19:43:38.766+0000][6.681s][info ][gc,stringdedup] Concurrent String Deduplication 143.9K->49640.0B(97752.0B) avg 13.2% (6.680s, 6.681s) 0.866ms
[2023-11-15T19:43:38.766+0000][6.681s][debug][safepoint     ] Safepoint synchronization initiated. (12 threads)
[2023-11-15T19:43:38.766+0000][6.681s][info ][safepoint     ] Application time: 0.0009437 seconds
[2023-11-15T19:43:38.766+0000][6.681s][debug][safepoint     ] Waiting for 2 thread(s) to block
[2023-11-15T19:43:38.766+0000][6.681s][info ][safepoint     ] Entering safepoint region: CollectForMetadataAllocation
[2023-11-15T19:43:38.766+0000][6.681s][info ][safepoint     ] Leaving safepoint region
[2023-11-15T19:43:38.766+0000][6.681s][info ][safepoint     ] Total time for which application threads were stopped: 0.0001685 seconds, Stopping threads took: 0.0001064 seconds
[2023-11-15T19:43:38.771+0000][6.686s][info ][gc,marking    ] GC(6) Concurrent Scan Root Regions 6.244ms
[2023-11-15T19:43:38.771+0000][6.686s][info ][gc,marking    ] GC(6) Concurrent Mark (6.686s)
[2023-11-15T19:43:38.771+0000][6.686s][info ][gc,marking    ] GC(6) Concurrent Mark From Roots
[2023-11-15T19:43:38.771+0000][6.686s][info ][gc,task       ] GC(6) Using 1 workers of 1 for marking
[2023-11-15T19:43:38.788+0000][6.704s][debug][safepoint     ] Safepoint synchronization initiated. (12 threads)
[2023-11-15T19:43:38.788+0000][6.704s][info ][safepoint     ] Application time: 0.0224077 seconds
[2023-11-15T19:43:38.788+0000][6.704s][info ][safepoint     ] Entering safepoint region: CollectForMetadataAllocation
[2023-11-15T19:43:38.788+0000][6.704s][info ][safepoint     ] Leaving safepoint region
[2023-11-15T19:43:38.788+0000][6.704s][info ][safepoint     ] Total time for which application threads were stopped: 0.0000722 seconds, Stopping threads took: 0.0000104 seconds
[2023-11-15T19:43:38.817+0000][6.732s][info ][gc,marking    ] GC(6) Concurrent Mark From Roots 45.672ms
[2023-11-15T19:43:38.817+0000][6.732s][info ][gc,marking    ] GC(6) Concurrent Preclean
[2023-11-15T19:43:38.817+0000][6.732s][info ][gc,marking    ] GC(6) Concurrent Preclean 0.057ms
[2023-11-15T19:43:38.817+0000][6.732s][info ][gc,marking    ] GC(6) Concurrent Mark (6.686s, 6.732s) 45.784ms
[2023-11-15T19:43:38.817+0000][6.732s][debug][safepoint     ] Safepoint synchronization initiated. (12 threads)
[2023-11-15T19:43:38.817+0000][6.732s][info ][safepoint     ] Application time: 0.0285163 seconds
[2023-11-15T19:43:38.817+0000][6.732s][debug][safepoint     ] ... found polling page loop exception at pc = 0x00007f3d08406c9c, stub =0x00007f3d0083ab00
[2023-11-15T19:43:38.818+0000][6.734s][debug][safepoint     ] ... found polling page return exception at pc = 0x00007f3d08306aee, stub =0x00007f3d0083a800
[2023-11-15T19:43:38.819+0000][6.735s][debug][safepoint     ] Waiting for 2 thread(s) to block
[2023-11-15T19:43:38.819+0000][6.735s][info ][safepoint     ] Entering safepoint region: CGC_Operation
[2023-11-15T19:43:38.819+0000][6.735s][info ][gc,start      ] GC(6) Pause Remark
[2023-11-15T19:43:38.827+0000][6.742s][info ][gc,stringtable] GC(6) Cleaned string and symbol table, strings: 7802 processed, 7 removed, symbols: 54809 processed, 114 removed
[2023-11-15T19:43:38.827+0000][6.742s][info ][gc            ] GC(6) Pause Remark 20M->20M(300M) 7.335ms
[2023-11-15T19:43:38.827+0000][6.742s][info ][gc,cpu        ] GC(6) User=0.02s Sys=0.01s Real=0.01s
[2023-11-15T19:43:38.827+0000][6.742s][info ][safepoint     ] Leaving safepoint region
[2023-11-15T19:43:38.827+0000][6.742s][info ][safepoint     ] Total time for which application threads were stopped: 0.0099099 seconds, Stopping threads took: 0.0024726 seconds
[2023-11-15T19:43:38.827+0000][6.742s][info ][gc,marking    ] GC(6) Concurrent Rebuild Remembered Sets
[2023-11-15T19:43:38.833+0000][6.748s][info ][gc,marking    ] GC(6) Concurrent Rebuild Remembered Sets 6.026ms
[2023-11-15T19:43:38.833+0000][6.748s][debug][safepoint     ] Safepoint synchronization initiated. (12 threads)
[2023-11-15T19:43:38.833+0000][6.748s][info ][safepoint     ] Application time: 0.0060970 seconds
[2023-11-15T19:43:38.833+0000][6.748s][debug][safepoint     ] ... found polling page return exception at pc = 0x00007f3d084309cf, stub =0x00007f3d0083a800
[2023-11-15T19:43:38.833+0000][6.748s][debug][safepoint     ] Waiting for 2 thread(s) to block
[2023-11-15T19:43:38.833+0000][6.748s][info ][safepoint     ] Entering safepoint region: CGC_Operation
[2023-11-15T19:43:38.833+0000][6.748s][info ][gc,start      ] GC(6) Pause Cleanup
[2023-11-15T19:43:38.833+0000][6.749s][info ][gc            ] GC(6) Pause Cleanup 22M->22M(300M) 0.128ms
[2023-11-15T19:43:38.833+0000][6.749s][info ][gc,cpu        ] GC(6) User=0.00s Sys=0.00s Real=0.00s
[2023-11-15T19:43:38.833+0000][6.749s][info ][safepoint     ] Leaving safepoint region
[2023-11-15T19:43:38.833+0000][6.749s][info ][safepoint     ] Total time for which application threads were stopped: 0.0003735 seconds, Stopping threads took: 0.0001455 seconds
[2023-11-15T19:43:38.833+0000][6.749s][info ][gc,marking    ] GC(6) Concurrent Cleanup for Next Mark
[2023-11-15T19:43:38.835+0000][6.751s][info ][gc,marking    ] GC(6) Concurrent Cleanup for Next Mark 1.997ms
[2023-11-15T19:43:38.835+0000][6.751s][info ][gc            ] GC(6) Concurrent Cycle 70.660ms
[2023-11-15T19:43:39.098+0000][7.014s][debug][safepoint     ] Safepoint synchronization initiated. (12 threads)
[2023-11-15T19:43:39.695+0000][7.610s][info ][safepoint     ] Application time: 0.8615456 seconds
[2023-11-15T19:43:39.695+0000][7.610s][info ][safepoint     ] Entering safepoint region: Deoptimize
[2023-11-15T19:43:39.696+0000][7.611s][info ][safepoint     ] Leaving safepoint region
[2023-11-15T19:43:39.696+0000][7.611s][info ][safepoint     ] Total time for which application threads were stopped: 0.0009066 seconds, Stopping threads took: 0.0000170 seconds
[2023-11-15T19:43:40.128+0000][8.044s][debug][safepoint     ] Safepoint synchronization initiated. (11 threads)
[2023-11-15T19:43:40.618+0000][8.534s][info ][safepoint     ] Application time: 0.9224236 seconds
[2023-11-15T19:43:40.619+0000][8.534s][info ][safepoint     ] Entering safepoint region: G1CollectForAllocation
[2023-11-15T19:43:40.619+0000][8.535s][info ][gc,start      ] GC(7) Pause Young (Normal) (G1 Evacuation Pause)
[2023-11-15T19:43:40.619+0000][8.535s][info ][gc,task       ] GC(7) Using 4 workers of 4 for evacuation
[2023-11-15T19:43:40.636+0000][8.551s][info ][gc,phases     ] GC(7)   Pre Evacuate Collection Set: 0.0ms
[2023-11-15T19:43:40.636+0000][8.551s][info ][gc,phases     ] GC(7)   Evacuate Collection Set: 14.4ms
[2023-11-15T19:43:40.636+0000][8.551s][info ][gc,phases     ] GC(7)   Post Evacuate Collection Set: 1.7ms
[2023-11-15T19:43:40.636+0000][8.551s][info ][gc,phases     ] GC(7)   Other: 0.2ms
[2023-11-15T19:43:40.636+0000][8.551s][info ][gc,heap       ] GC(7) Eden regions: 171->0(167)
[2023-11-15T19:43:40.636+0000][8.551s][info ][gc,heap       ] GC(7) Survivor regions: 9->13(23)
[2023-11-15T19:43:40.636+0000][8.551s][info ][gc,heap       ] GC(7) Old regions: 10->10
[2023-11-15T19:43:40.636+0000][8.551s][info ][gc,heap       ] GC(7) Humongous regions: 0->0
[2023-11-15T19:43:40.636+0000][8.551s][info ][gc,metaspace  ] GC(7) Metaspace: 24009K(25136K)->24009K(25136K) NonClass: 20972K(21680K)->20972K(21680K) Class: 3036K(3456K)->3036K(3456K)
[2023-11-15T19:43:40.636+0000][8.551s][info ][gc            ] GC(7) Pause Young (Normal) (G1 Evacuation Pause) 187M->21M(300M) 16.454ms
[2023-11-15T19:43:40.636+0000][8.551s][info ][gc,cpu        ] GC(7) User=0.04s Sys=0.00s Real=0.02s
[2023-11-15T19:43:40.636+0000][8.551s][info ][safepoint     ] Leaving safepoint region
[2023-11-15T19:43:40.636+0000][8.551s][info ][safepoint     ] Total time for which application threads were stopped: 0.0170259 seconds, Stopping threads took: 0.0003895 seconds
[2023-11-15T19:43:40.636+0000][8.551s][info ][gc,stringdedup] Concurrent String Deduplication (8.551s)
[2023-11-15T19:43:40.637+0000][8.553s][info ][gc,stringdedup] Concurrent String Deduplication 214.0K->121.0K(95248.0B) avg 15.4% (8.551s, 8.553s) 1.414ms
[2023-11-15T19:43:41.332+0000][9.247s][debug][safepoint     ] Safepoint synchronization initiated. (11 threads)
[2023-11-15T19:43:42.051+0000][9.967s][info ][safepoint     ] Application time: 1.4154436 seconds
[2023-11-15T19:43:42.051+0000][9.967s][info ][safepoint     ] Entering safepoint region: ICBufferFull
[2023-11-15T19:43:42.051+0000][9.967s][info ][safepoint     ] Leaving safepoint region
[2023-11-15T19:43:42.051+0000][9.967s][info ][safepoint     ] Total time for which application threads were stopped: 0.0001721 seconds, Stopping threads took: 0.0000138 seconds
[2023-11-15T19:43:42.130+0000][10.045s][debug][safepoint     ] Safepoint synchronization initiated. (11 threads)
[2023-11-15T19:43:42.822+0000][10.738s][info ][safepoint     ] Application time: 0.7709521 seconds
[2023-11-15T19:43:42.822+0000][10.738s][info ][safepoint     ] Entering safepoint region: G1CollectForAllocation
[2023-11-15T19:43:42.823+0000][10.739s][info ][gc,start      ] GC(8) Pause Young (Normal) (G1 Evacuation Pause)
[2023-11-15T19:43:42.823+0000][10.739s][info ][gc,task       ] GC(8) Using 4 workers of 4 for evacuation
[2023-11-15T19:43:42.839+0000][10.754s][info ][gc,phases     ] GC(8)   Pre Evacuate Collection Set: 0.0ms
[2023-11-15T19:43:42.839+0000][10.754s][info ][gc,phases     ] GC(8)   Evacuate Collection Set: 14.4ms
[2023-11-15T19:43:42.839+0000][10.754s][info ][gc,phases     ] GC(8)   Post Evacuate Collection Set: 1.1ms
[2023-11-15T19:43:42.839+0000][10.754s][info ][gc,phases     ] GC(8)   Other: 0.2ms
[2023-11-15T19:43:42.839+0000][10.754s][info ][gc,heap       ] GC(8) Eden regions: 167->0(163)
[2023-11-15T19:43:42.839+0000][10.754s][info ][gc,heap       ] GC(8) Survivor regions: 13->17(23)
[2023-11-15T19:43:42.839+0000][10.754s][info ][gc,heap       ] GC(8) Old regions: 10->10
[2023-11-15T19:43:42.839+0000][10.754s][info ][gc,heap       ] GC(8) Humongous regions: 0->0
[2023-11-15T19:43:42.839+0000][10.755s][info ][gc,metaspace  ] GC(8) Metaspace: 24653K(25648K)->24653K(25648K) NonClass: 21556K(22192K)->21556K(22192K) Class: 3096K(3456K)->3096K(3456K)
[2023-11-15T19:43:42.839+0000][10.755s][info ][gc            ] GC(8) Pause Young (Normal) (G1 Evacuation Pause) 188M->25M(300M) 15.819ms
[2023-11-15T19:43:42.839+0000][10.755s][info ][gc,cpu        ] GC(8) User=0.04s Sys=0.00s Real=0.01s
[2023-11-15T19:43:42.839+0000][10.755s][info ][safepoint     ] Leaving safepoint region
[2023-11-15T19:43:42.839+0000][10.755s][info ][safepoint     ] Total time for which application threads were stopped: 0.0167722 seconds, Stopping threads took: 0.0000126 seconds
[2023-11-15T19:43:42.839+0000][10.755s][info ][gc,stringdedup] Concurrent String Deduplication (10.755s)
[2023-11-15T19:43:42.842+0000][10.758s][info ][gc,stringdedup] Concurrent String Deduplication 939.1K->819.0K(120.1K) avg 14.8% (10.755s, 10.758s) 2.898ms
[2023-11-15T19:43:43.232+0000][11.148s][debug][safepoint     ] Safepoint synchronization initiated. (12 threads)
[2023-11-15T19:43:43.464+0000][11.379s][info ][safepoint     ] Application time: 0.6242986 seconds
[2023-11-15T19:43:43.464+0000][11.379s][info ][safepoint     ] Entering safepoint region: G1CollectForAllocation
[2023-11-15T19:43:43.464+0000][11.379s][info ][gc,start      ] GC(9) Pause Young (Normal) (G1 Evacuation Pause)
[2023-11-15T19:43:43.464+0000][11.379s][info ][gc,task       ] GC(9) Using 4 workers of 4 for evacuation
[2023-11-15T19:43:43.490+0000][11.405s][info ][gc,phases     ] GC(9)   Pre Evacuate Collection Set: 0.0ms
[2023-11-15T19:43:43.588+0000][11.504s][info ][gc,phases     ] GC(9)   Evacuate Collection Set: 23.6ms
[2023-11-15T19:43:43.588+0000][11.504s][info ][gc,phases     ] GC(9)   Post Evacuate Collection Set: 2.5ms
[2023-11-15T19:43:43.588+0000][11.504s][info ][gc,phases     ] GC(9)   Other: 0.2ms
[2023-11-15T19:43:43.588+0000][11.504s][info ][gc,heap       ] GC(9) Eden regions: 163->0(202)
[2023-11-15T19:43:43.588+0000][11.504s][info ][gc,heap       ] GC(9) Survivor regions: 17->14(23)
[2023-11-15T19:43:43.588+0000][11.504s][info ][gc,heap       ] GC(9) Old regions: 10->15
[2023-11-15T19:43:43.588+0000][11.504s][info ][gc,heap       ] GC(9) Humongous regions: 0->0
[2023-11-15T19:43:43.588+0000][11.504s][info ][gc,metaspace  ] GC(9) Metaspace: 25660K(26800K)->25660K(26800K) NonClass: 22488K(23216K)->22488K(23216K) Class: 3172K(3584K)->3172K(3584K)
[2023-11-15T19:43:43.588+0000][11.504s][info ][gc            ] GC(9) Pause Young (Normal) (G1 Evacuation Pause) 188M->27M(360M) 124.621ms
[2023-11-15T19:43:43.588+0000][11.504s][info ][gc,cpu        ] GC(9) User=0.21s Sys=0.00s Real=0.13s
[2023-11-15T19:43:43.588+0000][11.504s][info ][safepoint     ] Leaving safepoint region
[2023-11-15T19:43:43.588+0000][11.504s][info ][safepoint     ] Total time for which application threads were stopped: 0.1248792 seconds, Stopping threads took: 0.0000743 seconds
[2023-11-15T19:43:43.588+0000][11.504s][info ][gc,stringdedup] Concurrent String Deduplication (11.504s)
[2023-11-15T19:43:43.598+0000][11.513s][info ][gc,stringdedup] Concurrent String Deduplication 1283.5K->651.9K(631.6K) avg 23.3% (11.504s, 11.513s) 9.230ms
[2023-11-15T19:43:43.978+0000][11.893s][debug][safepoint     ] Safepoint synchronization initiated. (12 threads)
[2023-11-15T19:43:43.978+0000][11.893s][info ][safepoint     ] Application time: 0.3892142 seconds
[2023-11-15T19:43:43.980+0000][11.895s][debug][safepoint     ] Waiting for 1 thread(s) to block
[2023-11-15T19:43:43.980+0000][11.895s][info ][safepoint     ] Entering safepoint region: G1CollectForAllocation
[2023-11-15T19:43:43.980+0000][11.896s][info ][gc,start      ] GC(10) Pause Young (Normal) (G1 Evacuation Pause)
[2023-11-15T19:43:43.980+0000][11.896s][info ][gc,task       ] GC(10) Using 4 workers of 4 for evacuation
[2023-11-15T19:43:43.996+0000][11.912s][info ][gc,phases     ] GC(10)   Pre Evacuate Collection Set: 0.0ms
[2023-11-15T19:43:43.996+0000][11.912s][info ][gc,phases     ] GC(10)   Evacuate Collection Set: 14.1ms
[2023-11-15T19:43:43.996+0000][11.912s][info ][gc,phases     ] GC(10)   Post Evacuate Collection Set: 1.8ms
[2023-11-15T19:43:43.996+0000][11.912s][info ][gc,phases     ] GC(10)   Other: 0.1ms
[2023-11-15T19:43:43.996+0000][11.912s][info ][gc,heap       ] GC(10) Eden regions: 202->0(203)
[2023-11-15T19:43:43.996+0000][11.912s][info ][gc,heap       ] GC(10) Survivor regions: 14->13(27)
[2023-11-15T19:43:43.996+0000][11.912s][info ][gc,heap       ] GC(10) Old regions: 15->15
[2023-11-15T19:43:43.996+0000][11.912s][info ][gc,heap       ] GC(10) Humongous regions: 0->0
[2023-11-15T19:43:43.996+0000][11.912s][info ][gc,metaspace  ] GC(10) Metaspace: 26287K(27312K)->26287K(27312K) NonClass: 23061K(23728K)->23061K(23728K) Class: 3226K(3584K)->3226K(3584K)
[2023-11-15T19:43:43.996+0000][11.912s][info ][gc            ] GC(10) Pause Young (Normal) (G1 Evacuation Pause) 229M->26M(360M) 16.182ms
[2023-11-15T19:43:43.996+0000][11.912s][info ][gc,cpu        ] GC(10) User=0.03s Sys=0.00s Real=0.01s
[2023-11-15T19:43:43.996+0000][11.912s][info ][safepoint     ] Leaving safepoint region
[2023-11-15T19:43:43.996+0000][11.912s][info ][safepoint     ] Total time for which application threads were stopped: 0.0187320 seconds, Stopping threads took: 0.0024318 seconds
[2023-11-15T19:43:43.996+0000][11.912s][info ][gc,stringdedup] Concurrent String Deduplication (11.912s)
[2023-11-15T19:43:44.001+0000][11.917s][info ][gc,stringdedup] Concurrent String Deduplication 1194.1K->372.7K(821.4K) avg 31.9% (11.912s, 11.917s) 4.795ms
[2023-11-15T19:43:44.613+0000][12.528s][debug][safepoint     ] Safepoint synchronization initiated. (10 threads)
[2023-11-15T19:43:45.767+0000][13.682s][info ][safepoint     ] Application time: 1.7705006 seconds
[2023-11-15T19:43:45.767+0000][13.682s][info ][safepoint     ] Entering safepoint region: G1CollectForAllocation
[2023-11-15T19:43:45.767+0000][13.682s][info ][gc,start      ] GC(11) Pause Young (Normal) (G1 Evacuation Pause)
[2023-11-15T19:43:45.767+0000][13.682s][info ][gc,task       ] GC(11) Using 4 workers of 4 for evacuation
[2023-11-15T19:43:45.792+0000][13.708s][info ][gc,phases     ] GC(11)   Pre Evacuate Collection Set: 0.0ms
[2023-11-15T19:43:45.792+0000][13.708s][info ][gc,phases     ] GC(11)   Evacuate Collection Set: 22.1ms
[2023-11-15T19:43:45.792+0000][13.708s][info ][gc,phases     ] GC(11)   Post Evacuate Collection Set: 2.8ms
[2023-11-15T19:43:45.792+0000][13.708s][info ][gc,phases     ] GC(11)   Other: 0.1ms
[2023-11-15T19:43:45.792+0000][13.708s][info ][gc,heap       ] GC(11) Eden regions: 203->0(202)
[2023-11-15T19:43:45.792+0000][13.708s][info ][gc,heap       ] GC(11) Survivor regions: 13->14(27)
[2023-11-15T19:43:45.792+0000][13.708s][info ][gc,heap       ] GC(11) Old regions: 15->15
[2023-11-15T19:43:45.792+0000][13.708s][info ][gc,heap       ] GC(11) Humongous regions: 0->0
[2023-11-15T19:43:45.792+0000][13.708s][info ][gc,metaspace  ] GC(11) Metaspace: 31890K(33072K)->31890K(33072K) NonClass: 28063K(28848K)->28063K(28848K) Class: 3827K(4224K)->3827K(4224K)
[2023-11-15T19:43:45.792+0000][13.708s][info ][gc            ] GC(11) Pause Young (Normal) (G1 Evacuation Pause) 229M->27M(360M) 25.162ms
[2023-11-15T19:43:45.792+0000][13.708s][info ][gc,cpu        ] GC(11) User=0.04s Sys=0.00s Real=0.03s
[2023-11-15T19:43:45.792+0000][13.708s][info ][safepoint     ] Leaving safepoint region
[2023-11-15T19:43:45.792+0000][13.708s][info ][safepoint     ] Total time for which application threads were stopped: 0.0253847 seconds, Stopping threads took: 0.0000133 seconds
[2023-11-15T19:43:45.792+0000][13.708s][info ][gc,stringdedup] Concurrent String Deduplication (13.708s)
[2023-11-15T19:43:45.796+0000][13.711s][info ][gc,stringdedup] Concurrent String Deduplication 1208.9K->261.3K(947.7K) avg 39.3% (13.708s, 13.711s) 3.449ms
[2023-11-15T19:43:46.168+0000][14.084s][debug][safepoint     ] Safepoint synchronization initiated. (11 threads)
[2023-11-15T19:43:46.168+0000][14.084s][info ][safepoint     ] Application time: 0.3760982 seconds
[2023-11-15T19:43:46.168+0000][14.084s][debug][safepoint     ] Waiting for 1 thread(s) to block
[2023-11-15T19:43:46.168+0000][14.084s][info ][safepoint     ] Entering safepoint region: Deoptimize
[2023-11-15T19:43:46.169+0000][14.084s][info ][safepoint     ] Leaving safepoint region
[2023-11-15T19:43:46.169+0000][14.084s][info ][safepoint     ] Total time for which application threads were stopped: 0.0004334 seconds, Stopping threads took: 0.0000274 seconds
[2023-11-15T19:43:46.415+0000][14.330s][debug][safepoint     ] Safepoint synchronization initiated. (12 threads)
[2023-11-15T19:43:47.354+0000][15.270s][info ][safepoint     ] Application time: 1.1854844 seconds
[2023-11-15T19:43:47.354+0000][15.270s][info ][safepoint     ] Entering safepoint region: G1CollectForAllocation
[2023-11-15T19:43:47.355+0000][15.270s][info ][gc,start      ] GC(12) Pause Young (Normal) (G1 Evacuation Pause)
[2023-11-15T19:43:47.355+0000][15.270s][info ][gc,task       ] GC(12) Using 4 workers of 4 for evacuation
[2023-11-15T19:43:47.374+0000][15.289s][info ][gc,phases     ] GC(12)   Pre Evacuate Collection Set: 0.0ms
[2023-11-15T19:43:47.374+0000][15.289s][info ][gc,phases     ] GC(12)   Evacuate Collection Set: 16.8ms
[2023-11-15T19:43:47.374+0000][15.289s][info ][gc,phases     ] GC(12)   Post Evacuate Collection Set: 2.1ms
[2023-11-15T19:43:47.374+0000][15.289s][info ][gc,phases     ] GC(12)   Other: 0.2ms
[2023-11-15T19:43:47.374+0000][15.289s][info ][gc,heap       ] GC(12) Eden regions: 202->0(201)
[2023-11-15T19:43:47.374+0000][15.289s][info ][gc,heap       ] GC(12) Survivor regions: 14->15(27)
[2023-11-15T19:43:47.374+0000][15.289s][info ][gc,heap       ] GC(12) Old regions: 15->15
[2023-11-15T19:43:47.374+0000][15.289s][info ][gc,heap       ] GC(12) Humongous regions: 0->0
[2023-11-15T19:43:47.374+0000][15.289s][info ][gc,metaspace  ] GC(12) Metaspace: 32862K(33968K)->32862K(33968K) NonClass: 28902K(29616K)->28902K(29616K) Class: 3960K(4352K)->3960K(4352K)
[2023-11-15T19:43:47.374+0000][15.289s][info ][gc            ] GC(12) Pause Young (Normal) (G1 Evacuation Pause) 229M->28M(360M) 19.133ms
[2023-11-15T19:43:47.374+0000][15.289s][info ][gc,cpu        ] GC(12) User=0.04s Sys=0.00s Real=0.02s
[2023-11-15T19:43:47.374+0000][15.289s][info ][safepoint     ] Leaving safepoint region
[2023-11-15T19:43:47.374+0000][15.289s][info ][safepoint     ] Total time for which application threads were stopped: 0.0193606 seconds, Stopping threads took: 0.0000176 seconds
[2023-11-15T19:43:47.374+0000][15.289s][info ][gc,stringdedup] Concurrent String Deduplication (15.289s)
[2023-11-15T19:43:47.374+0000][15.289s][info ][gc,stringdedup] Concurrent String Deduplication 61224.0B->13168.0B(48056.0B) avg 39.6% (15.289s, 15.289s) 0.210ms
[2023-11-15T19:43:47.497+0000][15.412s][debug][safepoint     ] Safepoint synchronization initiated. (12 threads)
[2023-11-15T19:43:47.497+0000][15.413s][info ][safepoint     ] Application time: 0.1233803 seconds
[2023-11-15T19:43:47.497+0000][15.413s][info ][safepoint     ] Entering safepoint region: Deoptimize
[2023-11-15T19:43:47.498+0000][15.413s][info ][safepoint     ] Leaving safepoint region
[2023-11-15T19:43:47.498+0000][15.413s][info ][safepoint     ] Total time for which application threads were stopped: 0.0004542 seconds, Stopping threads took: 0.0000106 seconds
[2023-11-15T19:43:47.780+0000][15.695s][debug][safepoint     ] Safepoint synchronization initiated. (12 threads)
[2023-11-15T19:43:47.780+0000][15.695s][info ][safepoint     ] Application time: 0.2820758 seconds
[2023-11-15T19:43:47.780+0000][15.695s][info ][safepoint     ] Entering safepoint region: Deoptimize
[2023-11-15T19:43:47.780+0000][15.696s][info ][safepoint     ] Leaving safepoint region
[2023-11-15T19:43:47.780+0000][15.696s][info ][safepoint     ] Total time for which application threads were stopped: 0.0005168 seconds, Stopping threads took: 0.0000096 seconds
[2023-11-15T19:43:47.787+0000][15.702s][debug][safepoint     ] Safepoint synchronization initiated. (12 threads)
[2023-11-15T19:43:47.787+0000][15.702s][info ][safepoint     ] Application time: 0.0068053 seconds
[2023-11-15T19:43:47.787+0000][15.702s][info ][safepoint     ] Entering safepoint region: Deoptimize
[2023-11-15T19:43:47.787+0000][15.703s][info ][safepoint     ] Leaving safepoint region
[2023-11-15T19:43:47.790+0000][15.706s][info ][safepoint     ] Total time for which application threads were stopped: 0.0004071 seconds, Stopping threads took: 0.0000094 seconds
[2023-11-15T19:43:47.807+0000][15.722s][debug][safepoint     ] Safepoint synchronization initiated. (12 threads)
[2023-11-15T19:43:47.807+0000][15.722s][info ][safepoint     ] Application time: 0.0164038 seconds
[2023-11-15T19:43:47.807+0000][15.722s][debug][safepoint     ] Waiting for 1 thread(s) to block
[2023-11-15T19:43:47.807+0000][15.722s][info ][safepoint     ] Entering safepoint region: Deoptimize
[2023-11-15T19:43:47.807+0000][15.723s][info ][safepoint     ] Leaving safepoint region
[2023-11-15T19:43:47.807+0000][15.723s][info ][safepoint     ] Total time for which application threads were stopped: 0.0005279 seconds, Stopping threads took: 0.0000313 seconds
[2023-11-15T19:43:47.828+0000][15.743s][debug][safepoint     ] Safepoint synchronization initiated. (12 threads)
[2023-11-15T19:43:47.828+0000][15.743s][info ][safepoint     ] Application time: 0.0207857 seconds
[2023-11-15T19:43:47.828+0000][15.743s][info ][safepoint     ] Entering safepoint region: Deoptimize
[2023-11-15T19:43:47.828+0000][15.744s][info ][safepoint     ] Leaving safepoint region
[2023-11-15T19:43:47.828+0000][15.744s][info ][safepoint     ] Total time for which application threads were stopped: 0.0004870 seconds, Stopping threads took: 0.0000100 seconds
[2023-11-15T19:43:47.841+0000][15.756s][debug][safepoint     ] Safepoint synchronization initiated. (12 threads)
[2023-11-15T19:43:47.841+0000][15.757s][info ][safepoint     ] Application time: 0.0126444 seconds
[2023-11-15T19:43:47.841+0000][15.757s][info ][safepoint     ] Entering safepoint region: CollectForMetadataAllocation
[2023-11-15T19:43:47.841+0000][15.757s][info ][gc,start      ] GC(13) Pause Young (Concurrent Start) (Metadata GC Threshold)
[2023-11-15T19:43:47.841+0000][15.757s][info ][gc,task       ] GC(13) Using 4 workers of 4 for evacuation
[2023-11-15T19:43:47.865+0000][15.780s][info ][gc,phases     ] GC(13)   Pre Evacuate Collection Set: 0.1ms
[2023-11-15T19:43:47.865+0000][15.780s][info ][gc,phases     ] GC(13)   Evacuate Collection Set: 21.1ms
[2023-11-15T19:43:47.865+0000][15.780s][info ][gc,phases     ] GC(13)   Post Evacuate Collection Set: 2.0ms
[2023-11-15T19:43:47.865+0000][15.780s][info ][gc,phases     ] GC(13)   Other: 0.2ms
[2023-11-15T19:43:47.865+0000][15.780s][info ][gc,heap       ] GC(13) Eden regions: 159->0(203)
[2023-11-15T19:43:47.865+0000][15.780s][info ][gc,heap       ] GC(13) Survivor regions: 15->13(27)
[2023-11-15T19:43:47.865+0000][15.780s][info ][gc,heap       ] GC(13) Old regions: 15->18
[2023-11-15T19:43:47.865+0000][15.780s][info ][gc,heap       ] GC(13) Humongous regions: 0->0
[2023-11-15T19:43:47.865+0000][15.780s][info ][gc,metaspace  ] GC(13) Metaspace: 34945K(35920K)->34945K(35920K) NonClass: 30728K(31312K)->30728K(31312K) Class: 4216K(4608K)->4216K(4608K)
[2023-11-15T19:43:47.865+0000][15.780s][info ][gc            ] GC(13) Pause Young (Concurrent Start) (Metadata GC Threshold) 186M->28M(360M) 23.702ms
[2023-11-15T19:43:47.865+0000][15.780s][info ][gc,cpu        ] GC(13) User=0.08s Sys=0.00s Real=0.02s
[2023-11-15T19:43:47.865+0000][15.780s][info ][gc            ] GC(14) Concurrent Cycle
[2023-11-15T19:43:47.865+0000][15.780s][info ][gc,marking    ] GC(14) Concurrent Clear Claimed Marks
[2023-11-15T19:43:47.865+0000][15.780s][info ][safepoint     ] Leaving safepoint region
[2023-11-15T19:43:47.865+0000][15.780s][info ][safepoint     ] Total time for which application threads were stopped: 0.0239282 seconds, Stopping threads took: 0.0000096 seconds
[2023-11-15T19:43:47.865+0000][15.780s][info ][gc,stringdedup] Concurrent String Deduplication (15.780s)
[2023-11-15T19:43:47.865+0000][15.780s][info ][gc,marking    ] GC(14) Concurrent Clear Claimed Marks 0.062ms
[2023-11-15T19:43:47.865+0000][15.780s][info ][gc,marking    ] GC(14) Concurrent Scan Root Regions
[2023-11-15T19:43:47.866+0000][15.781s][info ][gc,stringdedup] Concurrent String Deduplication 147.3K->26672.0B(121.2K) avg 40.4% (15.780s, 15.781s) 0.826ms
[2023-11-15T19:43:47.877+0000][15.792s][info ][gc,marking    ] GC(14) Concurrent Scan Root Regions 11.785ms
[2023-11-15T19:43:47.877+0000][15.792s][info ][gc,marking    ] GC(14) Concurrent Mark (15.792s)
[2023-11-15T19:43:47.877+0000][15.792s][info ][gc,marking    ] GC(14) Concurrent Mark From Roots
[2023-11-15T19:43:47.877+0000][15.792s][info ][gc,task       ] GC(14) Using 1 workers of 1 for marking
[2023-11-15T19:43:47.910+0000][15.825s][info ][gc,marking    ] GC(14) Concurrent Mark From Roots 32.878ms
[2023-11-15T19:43:47.910+0000][15.825s][info ][gc,marking    ] GC(14) Concurrent Preclean
[2023-11-15T19:43:47.910+0000][15.825s][info ][gc,marking    ] GC(14) Concurrent Preclean 0.054ms
[2023-11-15T19:43:47.910+0000][15.825s][info ][gc,marking    ] GC(14) Concurrent Mark (15.792s, 15.825s) 32.988ms
[2023-11-15T19:43:47.910+0000][15.825s][debug][safepoint     ] Safepoint synchronization initiated. (12 threads)
[2023-11-15T19:43:47.910+0000][15.825s][info ][safepoint     ] Application time: 0.0448967 seconds
[2023-11-15T19:43:47.910+0000][15.825s][debug][safepoint     ] ... found polling page loop exception at pc = 0x00007f3d085b5e93, stub =0x00007f3d0083ab00
[2023-11-15T19:43:47.910+0000][15.825s][debug][safepoint     ] Waiting for 1 thread(s) to block
[2023-11-15T19:43:47.910+0000][15.825s][info ][safepoint     ] Entering safepoint region: CGC_Operation
[2023-11-15T19:43:47.910+0000][15.826s][info ][gc,start      ] GC(14) Pause Remark
[2023-11-15T19:43:47.920+0000][15.836s][info ][gc,stringtable] GC(14) Cleaned string and symbol table, strings: 12299 processed, 27 removed, symbols: 122117 processed, 337 removed
[2023-11-15T19:43:47.921+0000][15.836s][info ][gc            ] GC(14) Pause Remark 43M->43M(360M) 10.321ms
[2023-11-15T19:43:47.921+0000][15.836s][info ][gc,cpu        ] GC(14) User=0.04s Sys=0.00s Real=0.01s
[2023-11-15T19:43:47.921+0000][15.836s][info ][safepoint     ] Leaving safepoint region
[2023-11-15T19:43:47.921+0000][15.836s][info ][safepoint     ] Total time for which application threads were stopped: 0.0105656 seconds, Stopping threads took: 0.0001461 seconds
[2023-11-15T19:43:47.921+0000][15.836s][info ][gc,marking    ] GC(14) Concurrent Rebuild Remembered Sets
[2023-11-15T19:43:47.939+0000][15.854s][info ][gc,marking    ] GC(14) Concurrent Rebuild Remembered Sets 18.362ms
[2023-11-15T19:43:47.939+0000][15.854s][debug][safepoint     ] Safepoint synchronization initiated. (12 threads)
[2023-11-15T19:43:47.939+0000][15.854s][info ][safepoint     ] Application time: 0.0184526 seconds
[2023-11-15T19:43:47.939+0000][15.854s][debug][safepoint     ] ... found polling page loop exception at pc = 0x00007f3d08424646, stub =0x00007f3d0083ab00
[2023-11-15T19:43:47.939+0000][15.854s][debug][safepoint     ] Waiting for 1 thread(s) to block
[2023-11-15T19:43:47.939+0000][15.854s][info ][safepoint     ] Entering safepoint region: CGC_Operation
[2023-11-15T19:43:47.939+0000][15.855s][info ][gc,start      ] GC(14) Pause Cleanup
[2023-11-15T19:43:47.939+0000][15.855s][info ][gc            ] GC(14) Pause Cleanup 48M->48M(360M) 0.115ms
[2023-11-15T19:43:47.939+0000][15.855s][info ][gc,cpu        ] GC(14) User=0.00s Sys=0.00s Real=0.00s
[2023-11-15T19:43:47.939+0000][15.855s][info ][safepoint     ] Leaving safepoint region
[2023-11-15T19:43:47.939+0000][15.855s][info ][safepoint     ] Total time for which application threads were stopped: 0.0002926 seconds, Stopping threads took: 0.0001012 seconds
[2023-11-15T19:43:47.939+0000][15.855s][info ][gc,marking    ] GC(14) Concurrent Cleanup for Next Mark
[2023-11-15T19:43:47.942+0000][15.857s][info ][gc,marking    ] GC(14) Concurrent Cleanup for Next Mark 2.350ms
[2023-11-15T19:43:47.942+0000][15.857s][info ][gc            ] GC(14) Concurrent Cycle 76.668ms
[2023-11-15T19:43:48.094+0000][16.010s][debug][safepoint     ] Safepoint synchronization initiated. (12 threads)
[2023-11-15T19:43:48.094+0000][16.010s][info ][safepoint     ] Application time: 0.1549107 seconds
[2023-11-15T19:43:48.094+0000][16.010s][debug][safepoint     ] Waiting for 1 thread(s) to block
[2023-11-15T19:43:48.094+0000][16.010s][info ][safepoint     ] Entering safepoint region: Deoptimize
[2023-11-15T19:43:48.095+0000][16.010s][info ][safepoint     ] Leaving safepoint region
[2023-11-15T19:43:48.095+0000][16.010s][info ][safepoint     ] Total time for which application threads were stopped: 0.0004062 seconds, Stopping threads took: 0.0000296 seconds
[2023-11-15T19:43:48.127+0000][16.043s][debug][safepoint     ] Safepoint synchronization initiated. (12 threads)
[2023-11-15T19:43:48.127+0000][16.043s][info ][safepoint     ] Application time: 0.0328526 seconds
[2023-11-15T19:43:48.128+0000][16.043s][debug][safepoint     ] Waiting for 1 thread(s) to block
[2023-11-15T19:43:48.128+0000][16.043s][info ][safepoint     ] Entering safepoint region: Deoptimize
[2023-11-15T19:43:48.128+0000][16.043s][info ][safepoint     ] Leaving safepoint region
[2023-11-15T19:43:48.128+0000][16.043s][info ][safepoint     ] Total time for which application threads were stopped: 0.0004274 seconds, Stopping threads took: 0.0000356 seconds
[2023-11-15T19:43:48.464+0000][16.379s][debug][safepoint     ] Safepoint synchronization initiated. (12 threads)
[2023-11-15T19:43:48.464+0000][16.379s][info ][safepoint     ] Application time: 0.3357402 seconds
[2023-11-15T19:43:48.464+0000][16.379s][debug][safepoint     ] Waiting for 2 thread(s) to block
[2023-11-15T19:43:48.464+0000][16.379s][info ][safepoint     ] Entering safepoint region: G1CollectForAllocation
[2023-11-15T19:43:48.464+0000][16.379s][info ][gc,start      ] GC(15) Pause Young (Normal) (G1 Evacuation Pause)
[2023-11-15T19:43:48.464+0000][16.379s][info ][gc,task       ] GC(15) Using 4 workers of 4 for evacuation
[2023-11-15T19:43:48.483+0000][16.399s][info ][gc,phases     ] GC(15)   Pre Evacuate Collection Set: 0.0ms
[2023-11-15T19:43:48.483+0000][16.399s][info ][gc,phases     ] GC(15)   Evacuate Collection Set: 17.8ms
[2023-11-15T19:43:48.483+0000][16.399s][info ][gc,phases     ] GC(15)   Post Evacuate Collection Set: 1.7ms
[2023-11-15T19:43:48.484+0000][16.399s][info ][gc,phases     ] GC(15)   Other: 0.1ms
[2023-11-15T19:43:48.484+0000][16.399s][info ][gc,heap       ] GC(15) Eden regions: 203->0(202)
[2023-11-15T19:43:48.484+0000][16.399s][info ][gc,heap       ] GC(15) Survivor regions: 13->14(27)
[2023-11-15T19:43:48.484+0000][16.399s][info ][gc,heap       ] GC(15) Old regions: 18->18
[2023-11-15T19:43:48.484+0000][16.399s][info ][gc,heap       ] GC(15) Humongous regions: 0->0
[2023-11-15T19:43:48.484+0000][16.399s][info ][gc,metaspace  ] GC(15) Metaspace: 37706K(38864K)->37706K(38864K) NonClass: 33075K(33872K)->33075K(33872K) Class: 4630K(4992K)->4630K(4992K)
[2023-11-15T19:43:48.484+0000][16.399s][info ][gc            ] GC(15) Pause Young (Normal) (G1 Evacuation Pause) 231M->29M(360M) 19.710ms
[2023-11-15T19:43:48.484+0000][16.399s][info ][gc,cpu        ] GC(15) User=0.06s Sys=0.00s Real=0.02s
[2023-11-15T19:43:48.484+0000][16.399s][info ][safepoint     ] Leaving safepoint region
[2023-11-15T19:43:48.484+0000][16.399s][info ][safepoint     ] Total time for which application threads were stopped: 0.0199172 seconds, Stopping threads took: 0.0000407 seconds
[2023-11-15T19:43:48.484+0000][16.399s][info ][gc,stringdedup] Concurrent String Deduplication (16.399s)
[2023-11-15T19:43:48.486+0000][16.401s][info ][gc,stringdedup] Concurrent String Deduplication 454.8K->238.5K(216.3K) avg 40.8% (16.399s, 16.401s) 1.857ms
[2023-11-15T19:43:49.128+0000][17.043s][debug][safepoint     ] Safepoint synchronization initiated. (12 threads)
[2023-11-15T19:43:49.128+0000][17.043s][info ][safepoint     ] Application time: 0.6439726 seconds
[2023-11-15T19:43:49.128+0000][17.043s][info ][safepoint     ] Entering safepoint region: ICBufferFull
[2023-11-15T19:43:49.135+0000][17.051s][info ][safepoint     ] Leaving safepoint region
[2023-11-15T19:43:49.136+0000][17.051s][info ][safepoint     ] Total time for which application threads were stopped: 0.0078997 seconds, Stopping threads took: 0.0000108 seconds
[2023-11-15T19:43:49.402+0000][17.318s][debug][safepoint     ] Safepoint synchronization initiated. (12 threads)
[2023-11-15T19:43:49.567+0000][17.482s][info ][safepoint     ] Application time: 0.4310082 seconds
[2023-11-15T19:43:49.567+0000][17.482s][info ][safepoint     ] Entering safepoint region: G1CollectForAllocation
[2023-11-15T19:43:49.567+0000][17.482s][info ][gc,start      ] GC(16) Pause Young (Normal) (G1 Evacuation Pause)
[2023-11-15T19:43:49.567+0000][17.482s][info ][gc,task       ] GC(16) Using 4 workers of 4 for evacuation
[2023-11-15T19:43:49.582+0000][17.497s][info ][gc,phases     ] GC(16)   Pre Evacuate Collection Set: 0.0ms
[2023-11-15T19:43:49.582+0000][17.497s][info ][gc,phases     ] GC(16)   Evacuate Collection Set: 12.6ms
[2023-11-15T19:43:49.582+0000][17.497s][info ][gc,phases     ] GC(16)   Post Evacuate Collection Set: 2.3ms
[2023-11-15T19:43:49.582+0000][17.497s][info ][gc,phases     ] GC(16)   Other: 0.1ms
[2023-11-15T19:43:49.582+0000][17.497s][info ][gc,heap       ] GC(16) Eden regions: 202->0(244)
[2023-11-15T19:43:49.582+0000][17.497s][info ][gc,heap       ] GC(16) Survivor regions: 14->15(27)
[2023-11-15T19:43:49.582+0000][17.497s][info ][gc,heap       ] GC(16) Old regions: 18->18
[2023-11-15T19:43:49.582+0000][17.497s][info ][gc,heap       ] GC(16) Humongous regions: 0->0
[2023-11-15T19:43:49.582+0000][17.497s][info ][gc,metaspace  ] GC(16) Metaspace: 40339K(41296K)->40339K(41296K) NonClass: 35364K(35920K)->35364K(35920K) Class: 4975K(5376K)->4975K(5376K)
[2023-11-15T19:43:49.582+0000][17.497s][info ][gc            ] GC(16) Pause Young (Normal) (G1 Evacuation Pause) 231M->30M(432M) 15.144ms
[2023-11-15T19:43:49.582+0000][17.497s][info ][gc,cpu        ] GC(16) User=0.05s Sys=0.00s Real=0.02s
[2023-11-15T19:43:49.582+0000][17.497s][info ][safepoint     ] Leaving safepoint region
[2023-11-15T19:43:49.582+0000][17.497s][info ][safepoint     ] Total time for which application threads were stopped: 0.0153159 seconds, Stopping threads took: 0.0000119 seconds
[2023-11-15T19:43:49.582+0000][17.497s][info ][gc,stringdedup] Concurrent String Deduplication (17.497s)
[2023-11-15T19:43:49.583+0000][17.498s][info ][gc,stringdedup] Concurrent String Deduplication 180.5K->75848.0B(106.4K) avg 41.2% (17.497s, 17.498s) 0.857ms
[2023-11-15T19:43:49.848+0000][17.764s][debug][safepoint     ] Safepoint synchronization initiated. (12 threads)
[2023-11-15T19:43:49.848+0000][17.764s][info ][safepoint     ] Application time: 0.2663971 seconds
[2023-11-15T19:43:49.848+0000][17.764s][debug][safepoint     ] Waiting for 1 thread(s) to block
[2023-11-15T19:43:49.848+0000][17.764s][info ][safepoint     ] Entering safepoint region: Deoptimize
[2023-11-15T19:43:49.849+0000][17.764s][info ][safepoint     ] Leaving safepoint region
[2023-11-15T19:43:49.849+0000][17.764s][info ][safepoint     ] Total time for which application threads were stopped: 0.0005780 seconds, Stopping threads took: 0.0000316 seconds
[2023-11-15T19:43:49.862+0000][17.777s][debug][safepoint     ] Safepoint synchronization initiated. (12 threads)
[2023-11-15T19:43:49.862+0000][17.777s][info ][safepoint     ] Application time: 0.0129454 seconds
[2023-11-15T19:43:49.862+0000][17.777s][debug][safepoint     ] Waiting for 1 thread(s) to block
[2023-11-15T19:43:49.862+0000][17.777s][info ][safepoint     ] Entering safepoint region: Deoptimize
[2023-11-15T19:43:49.862+0000][17.778s][info ][safepoint     ] Leaving safepoint region
[2023-11-15T19:43:49.862+0000][17.778s][info ][safepoint     ] Total time for which application threads were stopped: 0.0004990 seconds, Stopping threads took: 0.0000315 seconds
[2023-11-15T19:43:49.885+0000][17.800s][debug][safepoint     ] Safepoint synchronization initiated. (12 threads)
[2023-11-15T19:43:49.885+0000][17.800s][info ][safepoint     ] Application time: 0.0223118 seconds
[2023-11-15T19:43:49.885+0000][17.800s][debug][safepoint     ] Waiting for 1 thread(s) to block
[2023-11-15T19:43:49.885+0000][17.800s][info ][safepoint     ] Entering safepoint region: Deoptimize
[2023-11-15T19:43:49.885+0000][17.800s][info ][safepoint     ] Leaving safepoint region
[2023-11-15T19:43:49.885+0000][17.800s][info ][safepoint     ] Total time for which application threads were stopped: 0.0004627 seconds, Stopping threads took: 0.0000311 seconds
[2023-11-15T19:43:50.163+0000][18.079s][debug][safepoint     ] Safepoint synchronization initiated. (12 threads)
[2023-11-15T19:43:50.163+0000][18.079s][info ][safepoint     ] Application time: 0.2780390 seconds
[2023-11-15T19:43:50.163+0000][18.079s][debug][safepoint     ] Waiting for 1 thread(s) to block
[2023-11-15T19:43:50.163+0000][18.079s][info ][safepoint     ] Entering safepoint region: Deoptimize
[2023-11-15T19:43:50.164+0000][18.079s][info ][safepoint     ] Leaving safepoint region
[2023-11-15T19:43:50.164+0000][18.079s][info ][safepoint     ] Total time for which application threads were stopped: 0.0005477 seconds, Stopping threads took: 0.0000300 seconds
[2023-11-15T19:43:50.165+0000][18.080s][debug][safepoint     ] Safepoint synchronization initiated. (12 threads)
[2023-11-15T19:43:50.165+0000][18.080s][info ][safepoint     ] Application time: 0.0009004 seconds
[2023-11-15T19:43:50.165+0000][18.080s][debug][safepoint     ] Waiting for 1 thread(s) to block
[2023-11-15T19:43:50.165+0000][18.080s][info ][safepoint     ] Entering safepoint region: Deoptimize
[2023-11-15T19:43:50.165+0000][18.080s][info ][safepoint     ] Leaving safepoint region
[2023-11-15T19:43:50.165+0000][18.080s][info ][safepoint     ] Total time for which application threads were stopped: 0.0004445 seconds, Stopping threads took: 0.0000256 seconds
[2023-11-15T19:43:50.238+0000][18.153s][debug][safepoint     ] Safepoint synchronization initiated. (12 threads)
[2023-11-15T19:43:50.238+0000][18.153s][info ][safepoint     ] Application time: 0.0728305 seconds
[2023-11-15T19:43:50.238+0000][18.153s][debug][safepoint     ] Waiting for 1 thread(s) to block
[2023-11-15T19:43:50.238+0000][18.153s][info ][safepoint     ] Entering safepoint region: Deoptimize
[2023-11-15T19:43:50.238+0000][18.154s][info ][safepoint     ] Leaving safepoint region
[2023-11-15T19:43:50.238+0000][18.154s][info ][safepoint     ] Total time for which application threads were stopped: 0.0005112 seconds, Stopping threads took: 0.0000287 seconds
[2023-11-15T19:43:50.573+0000][18.488s][debug][safepoint     ] Safepoint synchronization initiated. (12 threads)
[2023-11-15T19:43:50.623+0000][18.538s][info ][safepoint     ] Application time: 0.3844165 seconds
[2023-11-15T19:43:50.623+0000][18.538s][info ][safepoint     ] Entering safepoint region: Deoptimize
[2023-11-15T19:43:50.623+0000][18.539s][info ][safepoint     ] Leaving safepoint region
[2023-11-15T19:43:50.623+0000][18.539s][info ][safepoint     ] Total time for which application threads were stopped: 0.0005509 seconds, Stopping threads took: 0.0000134 seconds
[2023-11-15T19:43:50.624+0000][18.540s][debug][safepoint     ] Safepoint synchronization initiated. (12 threads)
[2023-11-15T19:43:50.624+0000][18.540s][info ][safepoint     ] Application time: 0.0007927 seconds
[2023-11-15T19:43:50.624+0000][18.540s][debug][safepoint     ] Waiting for 1 thread(s) to block
[2023-11-15T19:43:50.624+0000][18.540s][info ][safepoint     ] Entering safepoint region: Deoptimize
[2023-11-15T19:43:50.625+0000][18.540s][info ][safepoint     ] Leaving safepoint region
[2023-11-15T19:43:50.625+0000][18.540s][info ][safepoint     ] Total time for which application threads were stopped: 0.0004407 seconds, Stopping threads took: 0.0000271 seconds
[2023-11-15T19:43:50.791+0000][18.706s][debug][safepoint     ] Safepoint synchronization initiated. (12 threads)
[2023-11-15T19:43:50.791+0000][18.706s][info ][safepoint     ] Application time: 0.1660993 seconds
[2023-11-15T19:43:50.791+0000][18.706s][debug][safepoint     ] Waiting for 1 thread(s) to block
[2023-11-15T19:43:50.791+0000][18.706s][info ][safepoint     ] Entering safepoint region: Deoptimize
[2023-11-15T19:43:50.791+0000][18.707s][info ][safepoint     ] Leaving safepoint region
[2023-11-15T19:43:50.791+0000][18.707s][info ][safepoint     ] Total time for which application threads were stopped: 0.0005244 seconds, Stopping threads took: 0.0000292 seconds
[2023-11-15T19:43:50.834+0000][18.750s][debug][safepoint     ] Safepoint synchronization initiated. (12 threads)
[2023-11-15T19:43:50.834+0000][18.750s][info ][safepoint     ] Application time: 0.0430949 seconds
[2023-11-15T19:43:50.834+0000][18.750s][debug][safepoint     ] Waiting for 1 thread(s) to block
[2023-11-15T19:43:50.835+0000][18.750s][info ][safepoint     ] Entering safepoint region: G1CollectForAllocation
[2023-11-15T19:43:50.835+0000][18.750s][info ][gc,start      ] GC(17) Pause Young (Normal) (G1 Evacuation Pause)
[2023-11-15T19:43:50.835+0000][18.750s][info ][gc,task       ] GC(17) Using 4 workers of 4 for evacuation
[2023-11-15T19:43:50.854+0000][18.769s][info ][gc,phases     ] GC(17)   Pre Evacuate Collection Set: 0.0ms
[2023-11-15T19:43:50.854+0000][18.769s][info ][gc,phases     ] GC(17)   Evacuate Collection Set: 16.8ms
[2023-11-15T19:43:50.854+0000][18.769s][info ][gc,phases     ] GC(17)   Post Evacuate Collection Set: 2.3ms
[2023-11-15T19:43:50.854+0000][18.769s][info ][gc,phases     ] GC(17)   Other: 0.2ms
[2023-11-15T19:43:50.854+0000][18.769s][info ][gc,heap       ] GC(17) Eden regions: 244->0(240)
[2023-11-15T19:43:50.854+0000][18.769s][info ][gc,heap       ] GC(17) Survivor regions: 15->19(33)
[2023-11-15T19:43:50.854+0000][18.769s][info ][gc,heap       ] GC(17) Old regions: 18->18
[2023-11-15T19:43:50.854+0000][18.769s][info ][gc,heap       ] GC(17) Humongous regions: 0->0
[2023-11-15T19:43:50.854+0000][18.769s][info ][gc,metaspace  ] GC(17) Metaspace: 47075K(48464K)->47075K(48464K) NonClass: 41224K(42064K)->41224K(42064K) Class: 5851K(6400K)->5851K(6400K)
[2023-11-15T19:43:50.854+0000][18.769s][info ][gc            ] GC(17) Pause Young (Normal) (G1 Evacuation Pause) 274M->34M(432M) 19.427ms
[2023-11-15T19:43:50.854+0000][18.769s][info ][gc,cpu        ] GC(17) User=0.08s Sys=0.00s Real=0.02s
[2023-11-15T19:43:50.854+0000][18.769s][info ][safepoint     ] Leaving safepoint region
[2023-11-15T19:43:50.854+0000][18.769s][info ][safepoint     ] Total time for which application threads were stopped: 0.0195906 seconds, Stopping threads took: 0.0000301 seconds
[2023-11-15T19:43:50.854+0000][18.769s][info ][gc,stringdedup] Concurrent String Deduplication (18.769s)
[2023-11-15T19:43:50.855+0000][18.770s][info ][gc,stringdedup] Concurrent String Deduplication 130.0K->41936.0B(91192.0B) avg 41.6% (18.769s, 18.770s) 0.615ms
[2023-11-15T19:43:50.950+0000][18.866s][debug][safepoint     ] Safepoint synchronization initiated. (12 threads)
[2023-11-15T19:43:50.950+0000][18.866s][info ][safepoint     ] Application time: 0.0961479 seconds
[2023-11-15T19:43:50.950+0000][18.866s][info ][safepoint     ] Entering safepoint region: Deoptimize
[2023-11-15T19:43:50.951+0000][18.866s][info ][safepoint     ] Leaving safepoint region
[2023-11-15T19:43:50.951+0000][18.866s][info ][safepoint     ] Total time for which application threads were stopped: 0.0005153 seconds, Stopping threads took: 0.0000106 seconds
[2023-11-15T19:43:51.015+0000][18.931s][debug][safepoint     ] Safepoint synchronization initiated. (12 threads)
[2023-11-15T19:43:51.170+0000][19.085s][info ][safepoint     ] Application time: 0.2192798 seconds
[2023-11-15T19:43:51.170+0000][19.085s][info ][safepoint     ] Entering safepoint region: ICBufferFull
[2023-11-15T19:43:51.170+0000][19.086s][info ][safepoint     ] Leaving safepoint region
[2023-11-15T19:43:51.170+0000][19.086s][info ][safepoint     ] Total time for which application threads were stopped: 0.0001764 seconds, Stopping threads took: 0.0000134 seconds
[2023-11-15T19:43:51.719+0000][19.634s][debug][safepoint     ] Safepoint synchronization initiated. (11 threads)
[2023-11-15T19:43:51.719+0000][19.634s][info ][safepoint     ] Application time: 0.5485128 seconds
[2023-11-15T19:43:51.719+0000][19.634s][info ][safepoint     ] Entering safepoint region: Deoptimize
[2023-11-15T19:43:51.719+0000][19.635s][info ][safepoint     ] Leaving safepoint region
[2023-11-15T19:43:51.719+0000][19.635s][info ][safepoint     ] Total time for which application threads were stopped: 0.0005327 seconds, Stopping threads took: 0.0000098 seconds
[2023-11-15T19:43:52.719+0000][20.635s][debug][safepoint     ] Safepoint synchronization initiated. (13 threads)
[2023-11-15T19:43:52.720+0000][20.635s][info ][safepoint     ] Application time: 1.0001979 seconds
[2023-11-15T19:43:52.720+0000][20.635s][info ][safepoint     ] Entering safepoint region: Cleanup
[2023-11-15T19:43:52.720+0000][20.635s][info ][safepoint     ] Leaving safepoint region
[2023-11-15T19:43:52.720+0000][20.635s][info ][safepoint     ] Total time for which application threads were stopped: 0.0001579 seconds, Stopping threads took: 0.0000178 seconds
[2023-11-15T19:43:52.784+0000][20.700s][debug][safepoint     ] Safepoint synchronization initiated. (13 threads)
[2023-11-15T19:43:52.784+0000][20.700s][info ][safepoint     ] Application time: 0.0646514 seconds
[2023-11-15T19:43:52.784+0000][20.700s][info ][safepoint     ] Entering safepoint region: Deoptimize
[2023-11-15T19:43:52.785+0000][20.700s][info ][safepoint     ] Leaving safepoint region
[2023-11-15T19:43:52.785+0000][20.700s][info ][safepoint     ] Total time for which application threads were stopped: 0.0006829 seconds, Stopping threads took: 0.0000190 seconds
[2023-11-15T19:43:52.857+0000][20.772s][debug][safepoint     ] Safepoint synchronization initiated. (13 threads)
[2023-11-15T19:43:52.857+0000][20.772s][info ][safepoint     ] Application time: 0.0718738 seconds
[2023-11-15T19:43:52.857+0000][20.772s][info ][safepoint     ] Entering safepoint region: Deoptimize
[2023-11-15T19:43:52.857+0000][20.773s][info ][safepoint     ] Leaving safepoint region
[2023-11-15T19:43:52.857+0000][20.773s][info ][safepoint     ] Total time for which application threads were stopped: 0.0005205 seconds, Stopping threads took: 0.0000102 seconds
[2023-11-15T19:43:53.165+0000][21.081s][debug][safepoint     ] Safepoint synchronization initiated. (13 threads)
[2023-11-15T19:43:53.325+0000][21.241s][info ][safepoint     ] Application time: 0.4679643 seconds
[2023-11-15T19:43:53.325+0000][21.241s][info ][safepoint     ] Entering safepoint region: ICBufferFull
[2023-11-15T19:43:53.326+0000][21.241s][info ][safepoint     ] Leaving safepoint region
[2023-11-15T19:43:53.326+0000][21.241s][info ][safepoint     ] Total time for which application threads were stopped: 0.0002651 seconds, Stopping threads took: 0.0000157 seconds
[2023-11-15T19:43:53.769+0000][21.684s][debug][safepoint     ] Safepoint synchronization initiated. (13 threads)
[2023-11-15T19:43:53.769+0000][21.684s][info ][safepoint     ] Application time: 0.4430821 seconds
[2023-11-15T19:43:53.769+0000][21.684s][info ][safepoint     ] Entering safepoint region: G1CollectForAllocation
[2023-11-15T19:43:53.769+0000][21.684s][info ][gc,start      ] GC(18) Pause Young (Normal) (G1 Evacuation Pause)
[2023-11-15T19:43:53.769+0000][21.684s][info ][gc,task       ] GC(18) Using 4 workers of 4 for evacuation
[2023-11-15T19:43:53.787+0000][21.703s][info ][gc,phases     ] GC(18)   Pre Evacuate Collection Set: 0.0ms
[2023-11-15T19:43:53.787+0000][21.703s][info ][gc,phases     ] GC(18)   Evacuate Collection Set: 15.8ms
[2023-11-15T19:43:53.787+0000][21.703s][info ][gc,phases     ] GC(18)   Post Evacuate Collection Set: 2.2ms
[2023-11-15T19:43:53.787+0000][21.703s][info ][gc,phases     ] GC(18)   Other: 0.2ms
[2023-11-15T19:43:53.787+0000][21.703s][info ][gc,heap       ] GC(18) Eden regions: 240->0(240)
[2023-11-15T19:43:53.787+0000][21.703s][info ][gc,heap       ] GC(18) Survivor regions: 19->19(33)
[2023-11-15T19:43:53.787+0000][21.703s][info ][gc,heap       ] GC(18) Old regions: 18->21
[2023-11-15T19:43:53.787+0000][21.703s][info ][gc,heap       ] GC(18) Humongous regions: 0->0
[2023-11-15T19:43:53.787+0000][21.703s][info ][gc,metaspace  ] GC(18) Metaspace: 54382K(56016K)->54382K(56016K) NonClass: 47687K(48720K)->47687K(48720K) Class: 6695K(7296K)->6695K(7296K)
[2023-11-15T19:43:53.787+0000][21.703s][info ][gc            ] GC(18) Pause Young (Normal) (G1 Evacuation Pause) 274M->38M(432M) 18.388ms
[2023-11-15T19:43:53.787+0000][21.703s][info ][gc,cpu        ] GC(18) User=0.07s Sys=0.00s Real=0.01s
[2023-11-15T19:43:53.787+0000][21.703s][info ][safepoint     ] Leaving safepoint region
[2023-11-15T19:43:53.787+0000][21.703s][info ][safepoint     ] Total time for which application threads were stopped: 0.0185524 seconds, Stopping threads took: 0.0000118 seconds
[2023-11-15T19:43:53.787+0000][21.703s][info ][gc,stringdedup] Concurrent String Deduplication (21.703s)
[2023-11-15T19:43:53.790+0000][21.705s][info ][gc,stringdedup] Concurrent String Deduplication 329.7K->99104.0B(232.9K) avg 42.7% (21.703s, 21.705s) 2.491ms
[2023-11-15T19:43:54.377+0000][22.292s][debug][safepoint     ] Safepoint synchronization initiated. (13 threads)
[2023-11-15T19:43:54.377+0000][22.292s][info ][safepoint     ] Application time: 0.5895040 seconds
[2023-11-15T19:43:54.377+0000][22.292s][info ][safepoint     ] Entering safepoint region: Deoptimize
[2023-11-15T19:43:54.377+0000][22.293s][info ][safepoint     ] Leaving safepoint region
[2023-11-15T19:43:54.378+0000][22.293s][info ][safepoint     ] Total time for which application threads were stopped: 0.0005694 seconds, Stopping threads took: 0.0000102 seconds
[2023-11-15T19:43:54.420+0000][22.335s][debug][safepoint     ] Safepoint synchronization initiated. (13 threads)
[2023-11-15T19:43:56.083+0000][23.998s][info ][safepoint     ] Application time: 1.7054743 seconds
[2023-11-15T19:43:56.083+0000][23.998s][info ][safepoint     ] Entering safepoint region: CollectForMetadataAllocation
[2023-11-15T19:43:56.083+0000][23.999s][info ][gc,start      ] GC(19) Pause Young (Concurrent Start) (Metadata GC Threshold)
[2023-11-15T19:43:56.083+0000][23.999s][info ][gc,task       ] GC(19) Using 4 workers of 4 for evacuation
[2023-11-15T19:43:56.104+0000][24.020s][info ][gc,phases     ] GC(19)   Pre Evacuate Collection Set: 0.1ms
[2023-11-15T19:43:56.104+0000][24.020s][info ][gc,phases     ] GC(19)   Evacuate Collection Set: 19.0ms
[2023-11-15T19:43:56.104+0000][24.020s][info ][gc,phases     ] GC(19)   Post Evacuate Collection Set: 1.8ms
[2023-11-15T19:43:56.104+0000][24.020s][info ][gc,phases     ] GC(19)   Other: 0.2ms
[2023-11-15T19:43:56.104+0000][24.020s][info ][gc,heap       ] GC(19) Eden regions: 216->0(243)
[2023-11-15T19:43:56.104+0000][24.020s][info ][gc,heap       ] GC(19) Survivor regions: 19->16(33)
[2023-11-15T19:43:56.104+0000][24.020s][info ][gc,heap       ] GC(19) Old regions: 21->24
[2023-11-15T19:43:56.104+0000][24.020s][info ][gc,heap       ] GC(19) Humongous regions: 0->0
[2023-11-15T19:43:56.104+0000][24.020s][info ][gc,metaspace  ] GC(19) Metaspace: 58754K(60296K)->58754K(60296K) NonClass: 51305K(52232K)->51305K(52232K) Class: 7448K(8064K)->7448K(8064K)
[2023-11-15T19:43:56.104+0000][24.020s][info ][gc            ] GC(19) Pause Young (Concurrent Start) (Metadata GC Threshold) 253M->38M(432M) 21.262ms
[2023-11-15T19:43:56.104+0000][24.020s][info ][gc,cpu        ] GC(19) User=0.06s Sys=0.00s Real=0.02s
[2023-11-15T19:43:56.105+0000][24.020s][info ][safepoint     ] Leaving safepoint region
[2023-11-15T19:43:56.105+0000][24.020s][info ][gc            ] GC(20) Concurrent Cycle
[2023-11-15T19:43:56.105+0000][24.020s][info ][safepoint     ] Total time for which application threads were stopped: 0.0215103 seconds, Stopping threads took: 0.0000167 seconds
[2023-11-15T19:43:56.105+0000][24.020s][info ][gc,marking    ] GC(20) Concurrent Clear Claimed Marks
[2023-11-15T19:43:56.105+0000][24.020s][info ][gc,marking    ] GC(20) Concurrent Clear Claimed Marks 0.096ms
[2023-11-15T19:43:56.105+0000][24.020s][info ][gc,marking    ] GC(20) Concurrent Scan Root Regions
[2023-11-15T19:43:56.116+0000][24.031s][info ][gc,stringdedup] Concurrent String Deduplication (24.031s)
[2023-11-15T19:43:56.120+0000][24.035s][info ][gc,stringdedup] Concurrent String Deduplication 250.6K->96848.0B(156.0K) avg 43.2% (24.031s, 24.035s) 3.586ms
[2023-11-15T19:43:56.123+0000][24.038s][info ][gc,marking    ] GC(20) Concurrent Scan Root Regions 18.345ms
[2023-11-15T19:43:56.123+0000][24.038s][info ][gc,marking    ] GC(20) Concurrent Mark (24.038s)
[2023-11-15T19:43:56.123+0000][24.038s][info ][gc,marking    ] GC(20) Concurrent Mark From Roots
[2023-11-15T19:43:56.123+0000][24.038s][info ][gc,task       ] GC(20) Using 1 workers of 1 for marking
[2023-11-15T19:43:56.160+0000][24.076s][info ][gc,marking    ] GC(20) Concurrent Mark From Roots 37.142ms
[2023-11-15T19:43:56.160+0000][24.076s][info ][gc,marking    ] GC(20) Concurrent Preclean
[2023-11-15T19:43:56.160+0000][24.076s][info ][gc,marking    ] GC(20) Concurrent Preclean 0.084ms
[2023-11-15T19:43:56.160+0000][24.076s][info ][gc,marking    ] GC(20) Concurrent Mark (24.038s, 24.076s) 37.298ms
[2023-11-15T19:43:56.160+0000][24.076s][debug][safepoint     ] Safepoint synchronization initiated. (13 threads)
[2023-11-15T19:43:56.160+0000][24.076s][info ][safepoint     ] Application time: 0.0558699 seconds
[2023-11-15T19:43:56.160+0000][24.076s][info ][safepoint     ] Entering safepoint region: CGC_Operation
[2023-11-15T19:43:56.161+0000][24.076s][info ][gc,start      ] GC(20) Pause Remark
[2023-11-15T19:43:56.167+0000][24.083s][info ][gc,stringtable] GC(20) Cleaned string and symbol table, strings: 22930 processed, 3 removed, symbols: 190890 processed, 180 removed
[2023-11-15T19:43:56.168+0000][24.083s][info ][gc            ] GC(20) Pause Remark 39M->39M(432M) 7.099ms
[2023-11-15T19:43:56.168+0000][24.083s][info ][gc,cpu        ] GC(20) User=0.03s Sys=0.00s Real=0.01s
[2023-11-15T19:43:56.168+0000][24.083s][info ][safepoint     ] Leaving safepoint region
[2023-11-15T19:43:56.168+0000][24.083s][info ][safepoint     ] Total time for which application threads were stopped: 0.0073062 seconds, Stopping threads took: 0.0000132 seconds
[2023-11-15T19:43:56.168+0000][24.083s][info ][gc,marking    ] GC(20) Concurrent Rebuild Remembered Sets
[2023-11-15T19:43:56.192+0000][24.107s][info ][gc,marking    ] GC(20) Concurrent Rebuild Remembered Sets 23.756ms
[2023-11-15T19:43:56.192+0000][24.107s][debug][safepoint     ] Safepoint synchronization initiated. (13 threads)
[2023-11-15T19:43:56.192+0000][24.107s][info ][safepoint     ] Application time: 0.0239225 seconds
[2023-11-15T19:43:56.192+0000][24.107s][info ][safepoint     ] Entering safepoint region: CGC_Operation
[2023-11-15T19:43:56.192+0000][24.107s][info ][gc,start      ] GC(20) Pause Cleanup
[2023-11-15T19:43:56.192+0000][24.107s][info ][gc            ] GC(20) Pause Cleanup 39M->39M(432M) 0.134ms
[2023-11-15T19:43:56.192+0000][24.107s][info ][gc,cpu        ] GC(20) User=0.00s Sys=0.00s Real=0.00s
[2023-11-15T19:43:56.192+0000][24.107s][info ][safepoint     ] Leaving safepoint region
[2023-11-15T19:43:56.192+0000][24.107s][info ][safepoint     ] Total time for which application threads were stopped: 0.0002985 seconds, Stopping threads took: 0.0000146 seconds
[2023-11-15T19:43:56.192+0000][24.107s][info ][gc,marking    ] GC(20) Concurrent Cleanup for Next Mark
[2023-11-15T19:43:56.193+0000][24.109s][info ][gc,marking    ] GC(20) Concurrent Cleanup for Next Mark 1.124ms
[2023-11-15T19:43:56.193+0000][24.109s][info ][gc            ] GC(20) Concurrent Cycle 88.644ms
[2023-11-15T19:43:57.192+0000][25.107s][debug][safepoint     ] Safepoint synchronization initiated. (16 threads)
[2023-11-15T19:43:57.192+0000][25.107s][info ][safepoint     ] Application time: 1.0001047 seconds
[2023-11-15T19:43:57.192+0000][25.107s][debug][safepoint     ] Waiting for 1 thread(s) to block
[2023-11-15T19:43:57.192+0000][25.108s][info ][safepoint     ] Entering safepoint region: Cleanup
[2023-11-15T19:43:57.194+0000][25.109s][info ][safepoint     ] Leaving safepoint region
[2023-11-15T19:43:57.194+0000][25.109s][info ][safepoint     ] Total time for which application threads were stopped: 0.0018952 seconds, Stopping threads took: 0.0001125 seconds
[2023-11-15T19:43:57.433+0000][25.348s][debug][safepoint     ] Safepoint synchronization initiated. (16 threads)
[2023-11-15T19:43:57.433+0000][25.348s][info ][safepoint     ] Application time: 0.2387369 seconds
[2023-11-15T19:43:57.433+0000][25.348s][info ][safepoint     ] Entering safepoint region: Deoptimize
[2023-11-15T19:43:57.433+0000][25.349s][info ][safepoint     ] Leaving safepoint region
[2023-11-15T19:43:57.433+0000][25.349s][info ][safepoint     ] Total time for which application threads were stopped: 0.0006419 seconds, Stopping threads took: 0.0000098 seconds
[2023-11-15T19:43:57.713+0000][25.628s][debug][safepoint     ] Safepoint synchronization initiated. (16 threads)
[2023-11-15T19:43:57.713+0000][25.628s][info ][safepoint     ] Application time: 0.2791232 seconds
[2023-11-15T19:43:57.713+0000][25.628s][info ][safepoint     ] Entering safepoint region: ICBufferFull
[2023-11-15T19:43:57.713+0000][25.628s][info ][safepoint     ] Leaving safepoint region
[2023-11-15T19:43:57.713+0000][25.628s][info ][safepoint     ] Total time for which application threads were stopped: 0.0001576 seconds, Stopping threads took: 0.0000113 seconds
[2023-11-15T19:43:57.793+0000][25.708s][debug][safepoint     ] Safepoint synchronization initiated. (16 threads)
[2023-11-15T19:43:57.793+0000][25.708s][info ][safepoint     ] Application time: 0.0800904 seconds
[2023-11-15T19:43:57.793+0000][25.708s][info ][safepoint     ] Entering safepoint region: G1CollectForAllocation
[2023-11-15T19:43:57.793+0000][25.708s][info ][gc,start      ] GC(21) Pause Young (Normal) (G1 Evacuation Pause)
[2023-11-15T19:43:57.793+0000][25.708s][info ][gc,task       ] GC(21) Using 4 workers of 4 for evacuation
[2023-11-15T19:43:57.811+0000][25.726s][info ][gc,phases     ] GC(21)   Pre Evacuate Collection Set: 0.0ms
[2023-11-15T19:43:57.811+0000][25.727s][info ][gc,phases     ] GC(21)   Evacuate Collection Set: 15.9ms
[2023-11-15T19:43:57.811+0000][25.727s][info ][gc,phases     ] GC(21)   Post Evacuate Collection Set: 2.2ms
[2023-11-15T19:43:57.811+0000][25.727s][info ][gc,phases     ] GC(21)   Other: 0.2ms
[2023-11-15T19:43:57.811+0000][25.727s][info ][gc,heap       ] GC(21) Eden regions: 243->0(238)
[2023-11-15T19:43:57.811+0000][25.727s][info ][gc,heap       ] GC(21) Survivor regions: 16->21(33)
[2023-11-15T19:43:57.811+0000][25.727s][info ][gc,heap       ] GC(21) Old regions: 24->25
[2023-11-15T19:43:57.811+0000][25.727s][info ][gc,heap       ] GC(21) Humongous regions: 0->0
[2023-11-15T19:43:57.811+0000][25.727s][info ][gc,metaspace  ] GC(21) Metaspace: 65739K(67592K)->65739K(67592K) NonClass: 57401K(58632K)->57401K(58632K) Class: 8337K(8960K)->8337K(8960K)
[2023-11-15T19:43:57.811+0000][25.727s][info ][gc            ] GC(21) Pause Young (Normal) (G1 Evacuation Pause) 281M->44M(432M) 18.308ms
[2023-11-15T19:43:57.811+0000][25.727s][info ][gc,cpu        ] GC(21) User=0.06s Sys=0.01s Real=0.02s
[2023-11-15T19:43:57.811+0000][25.727s][info ][safepoint     ] Leaving safepoint region
[2023-11-15T19:43:57.811+0000][25.727s][info ][safepoint     ] Total time for which application threads were stopped: 0.0184487 seconds, Stopping threads took: 0.0000105 seconds
[2023-11-15T19:43:57.812+0000][25.728s][info ][gc,stringdedup] Concurrent String Deduplication (25.728s)
[2023-11-15T19:43:57.814+0000][25.730s][info ][gc,stringdedup] Concurrent String Deduplication 378.0K->160.9K(217.1K) avg 43.8% (25.728s, 25.730s) 2.169ms
[2023-11-15T19:43:58.213+0000][26.128s][debug][safepoint     ] Safepoint synchronization initiated. (16 threads)
[2023-11-15T19:43:58.213+0000][26.128s][info ][safepoint     ] Application time: 0.4016926 seconds
[2023-11-15T19:43:58.213+0000][26.128s][info ][safepoint     ] Entering safepoint region: ICBufferFull
[2023-11-15T19:43:58.213+0000][26.129s][info ][safepoint     ] Leaving safepoint region
[2023-11-15T19:43:58.213+0000][26.129s][info ][safepoint     ] Total time for which application threads were stopped: 0.0001581 seconds, Stopping threads took: 0.0000148 seconds
[2023-11-15T19:43:58.350+0000][26.266s][debug][safepoint     ] Safepoint synchronization initiated. (16 threads)
[2023-11-15T19:43:58.350+0000][26.266s][info ][safepoint     ] Application time: 0.1373058 seconds
[2023-11-15T19:43:58.350+0000][26.266s][info ][safepoint     ] Entering safepoint region: ICBufferFull
[2023-11-15T19:43:58.351+0000][26.266s][info ][safepoint     ] Leaving safepoint region
[2023-11-15T19:43:58.351+0000][26.266s][info ][safepoint     ] Total time for which application threads were stopped: 0.0001887 seconds, Stopping threads took: 0.0000119 seconds
[2023-11-15T19:43:58.445+0000][26.360s][debug][safepoint     ] Safepoint synchronization initiated. (16 threads)
[2023-11-15T19:43:58.445+0000][26.360s][info ][safepoint     ] Application time: 0.0939416 seconds
[2023-11-15T19:43:58.445+0000][26.360s][debug][safepoint     ] Waiting for 1 thread(s) to block
[2023-11-15T19:43:58.445+0000][26.360s][info ][safepoint     ] Entering safepoint region: ICBufferFull
[2023-11-15T19:43:58.445+0000][26.360s][info ][safepoint     ] Leaving safepoint region
[2023-11-15T19:43:58.445+0000][26.360s][info ][safepoint     ] Total time for which application threads were stopped: 0.0001800 seconds, Stopping threads took: 0.0000357 seconds
[2023-11-15T19:43:58.548+0000][26.464s][debug][safepoint     ] Safepoint synchronization initiated. (16 threads)
[2023-11-15T19:43:58.548+0000][26.464s][info ][safepoint     ] Application time: 0.1034681 seconds
[2023-11-15T19:43:58.548+0000][26.464s][info ][safepoint     ] Entering safepoint region: ICBufferFull
[2023-11-15T19:43:58.548+0000][26.464s][info ][safepoint     ] Leaving safepoint region
[2023-11-15T19:43:58.548+0000][26.464s][info ][safepoint     ] Total time for which application threads were stopped: 0.0001428 seconds, Stopping threads took: 0.0000106 seconds
[2023-11-15T19:43:58.693+0000][26.609s][debug][safepoint     ] Safepoint synchronization initiated. (16 threads)
[2023-11-15T19:43:58.693+0000][26.609s][info ][safepoint     ] Application time: 0.1449905 seconds
[2023-11-15T19:43:58.693+0000][26.609s][debug][safepoint     ] Waiting for 1 thread(s) to block
[2023-11-15T19:43:58.693+0000][26.609s][info ][safepoint     ] Entering safepoint region: ICBufferFull
[2023-11-15T19:43:58.694+0000][26.609s][info ][safepoint     ] Leaving safepoint region
[2023-11-15T19:43:58.694+0000][26.609s][info ][safepoint     ] Total time for which application threads were stopped: 0.0001730 seconds, Stopping threads took: 0.0000330 seconds
[2023-11-15T19:43:58.784+0000][26.699s][debug][safepoint     ] Safepoint synchronization initiated. (16 threads)
[2023-11-15T19:43:58.784+0000][26.699s][info ][safepoint     ] Application time: 0.0900278 seconds
[2023-11-15T19:43:58.784+0000][26.699s][info ][safepoint     ] Entering safepoint region: G1CollectForAllocation
[2023-11-15T19:43:58.784+0000][26.699s][info ][gc,start      ] GC(22) Pause Young (Normal) (G1 Evacuation Pause)
[2023-11-15T19:43:58.784+0000][26.699s][info ][gc,task       ] GC(22) Using 4 workers of 4 for evacuation
[2023-11-15T19:43:58.801+0000][26.717s][info ][gc,phases     ] GC(22)   Pre Evacuate Collection Set: 0.0ms
[2023-11-15T19:43:58.802+0000][26.717s][info ][gc,phases     ] GC(22)   Evacuate Collection Set: 15.3ms
[2023-11-15T19:43:58.802+0000][26.717s][info ][gc,phases     ] GC(22)   Post Evacuate Collection Set: 2.2ms
[2023-11-15T19:43:58.802+0000][26.717s][info ][gc,phases     ] GC(22)   Other: 0.2ms
[2023-11-15T19:43:58.802+0000][26.717s][info ][gc,heap       ] GC(22) Eden regions: 238->0(240)
[2023-11-15T19:43:58.802+0000][26.717s][info ][gc,heap       ] GC(22) Survivor regions: 21->19(33)
[2023-11-15T19:43:58.802+0000][26.717s][info ][gc,heap       ] GC(22) Old regions: 25->28
[2023-11-15T19:43:58.802+0000][26.717s][info ][gc,heap       ] GC(22) Humongous regions: 0->0
[2023-11-15T19:43:58.802+0000][26.717s][info ][gc,metaspace  ] GC(22) Metaspace: 69910K(71816K)->69910K(71816K) NonClass: 60989K(62216K)->60989K(62216K) Class: 8921K(9600K)->8921K(9600K)
[2023-11-15T19:43:58.802+0000][26.717s][info ][gc            ] GC(22) Pause Young (Normal) (G1 Evacuation Pause) 282M->45M(432M) 17.859ms
[2023-11-15T19:43:58.802+0000][26.717s][info ][gc,cpu        ] GC(22) User=0.07s Sys=0.00s Real=0.02s
[2023-11-15T19:43:58.802+0000][26.717s][info ][safepoint     ] Leaving safepoint region
[2023-11-15T19:43:58.802+0000][26.717s][info ][safepoint     ] Total time for which application threads were stopped: 0.0180410 seconds, Stopping threads took: 0.0000104 seconds
[2023-11-15T19:43:58.802+0000][26.717s][info ][gc,stringdedup] Concurrent String Deduplication (26.717s)
[2023-11-15T19:43:58.802+0000][26.718s][info ][gc,stringdedup] Concurrent String Deduplication 92000.0B->19112.0B(72888.0B) avg 44.1% (26.717s, 26.718s) 0.659ms
[2023-11-15T19:43:59.211+0000][27.126s][debug][safepoint     ] Safepoint synchronization initiated. (16 threads)
[2023-11-15T19:43:59.309+0000][27.224s][info ][safepoint     ] Application time: 0.5071158 seconds
[2023-11-15T19:43:59.309+0000][27.224s][info ][safepoint     ] Entering safepoint region: ICBufferFull
[2023-11-15T19:43:59.309+0000][27.224s][info ][safepoint     ] Leaving safepoint region
[2023-11-15T19:43:59.309+0000][27.224s][info ][safepoint     ] Total time for which application threads were stopped: 0.0002100 seconds, Stopping threads took: 0.0000145 seconds
[2023-11-15T19:43:59.353+0000][27.269s][debug][safepoint     ] Safepoint synchronization initiated. (16 threads)
[2023-11-15T19:43:59.353+0000][27.269s][info ][safepoint     ] Application time: 0.0441159 seconds
[2023-11-15T19:43:59.353+0000][27.269s][info ][safepoint     ] Entering safepoint region: Deoptimize
[2023-11-15T19:43:59.354+0000][27.269s][info ][safepoint     ] Leaving safepoint region
[2023-11-15T19:43:59.354+0000][27.269s][info ][safepoint     ] Total time for which application threads were stopped: 0.0007186 seconds, Stopping threads took: 0.0000110 seconds
[2023-11-15T19:43:59.355+0000][27.270s][debug][safepoint     ] Safepoint synchronization initiated. (16 threads)
[2023-11-15T19:43:59.355+0000][27.270s][info ][safepoint     ] Application time: 0.0007512 seconds
[2023-11-15T19:43:59.355+0000][27.270s][info ][safepoint     ] Entering safepoint region: Deoptimize
[2023-11-15T19:43:59.355+0000][27.271s][info ][safepoint     ] Leaving safepoint region
[2023-11-15T19:43:59.355+0000][27.271s][info ][safepoint     ] Total time for which application threads were stopped: 0.0006544 seconds, Stopping threads took: 0.0000172 seconds
[2023-11-15T19:43:59.607+0000][27.522s][debug][safepoint     ] Safepoint synchronization initiated. (16 threads)
[2023-11-15T19:43:59.607+0000][27.522s][info ][safepoint     ] Application time: 0.2515186 seconds
[2023-11-15T19:43:59.607+0000][27.522s][info ][safepoint     ] Entering safepoint region: Deoptimize
[2023-11-15T19:43:59.608+0000][27.523s][info ][safepoint     ] Leaving safepoint region
[2023-11-15T19:43:59.608+0000][27.523s][info ][safepoint     ] Total time for which application threads were stopped: 0.0008038 seconds, Stopping threads took: 0.0000114 seconds
[2023-11-15T19:43:59.789+0000][27.704s][debug][safepoint     ] Safepoint synchronization initiated. (16 threads)
[2023-11-15T19:43:59.789+0000][27.704s][info ][safepoint     ] Application time: 0.1809601 seconds
[2023-11-15T19:43:59.789+0000][27.704s][info ][safepoint     ] Entering safepoint region: Deoptimize
[2023-11-15T19:43:59.789+0000][27.705s][info ][safepoint     ] Leaving safepoint region
[2023-11-15T19:43:59.789+0000][27.705s][info ][safepoint     ] Total time for which application threads were stopped: 0.0007708 seconds, Stopping threads took: 0.0000109 seconds
[2023-11-15T19:43:59.793+0000][27.709s][debug][safepoint     ] Safepoint synchronization initiated. (16 threads)
[2023-11-15T19:43:59.793+0000][27.709s][info ][safepoint     ] Application time: 0.0039182 seconds
[2023-11-15T19:43:59.793+0000][27.709s][info ][safepoint     ] Entering safepoint region: G1CollectForAllocation
[2023-11-15T19:43:59.793+0000][27.709s][info ][gc,start      ] GC(23) Pause Young (Normal) (G1 Evacuation Pause)
[2023-11-15T19:43:59.793+0000][27.709s][info ][gc,task       ] GC(23) Using 4 workers of 4 for evacuation
[2023-11-15T19:43:59.822+0000][27.737s][info ][gc,phases     ] GC(23)   Pre Evacuate Collection Set: 0.0ms
[2023-11-15T19:43:59.822+0000][27.737s][info ][gc,phases     ] GC(23)   Evacuate Collection Set: 25.8ms
[2023-11-15T19:43:59.822+0000][27.737s][info ][gc,phases     ] GC(23)   Post Evacuate Collection Set: 2.3ms
[2023-11-15T19:43:59.822+0000][27.737s][info ][gc,phases     ] GC(23)   Other: 0.2ms
[2023-11-15T19:43:59.822+0000][27.737s][info ][gc,heap       ] GC(23) Eden regions: 240->0(242)
[2023-11-15T19:43:59.822+0000][27.737s][info ][gc,heap       ] GC(23) Survivor regions: 19->17(33)
[2023-11-15T19:43:59.822+0000][27.737s][info ][gc,heap       ] GC(23) Old regions: 28->31
[2023-11-15T19:43:59.822+0000][27.737s][info ][gc,heap       ] GC(23) Humongous regions: 0->0
[2023-11-15T19:43:59.822+0000][27.737s][info ][gc,metaspace  ] GC(23) Metaspace: 75764K(77704K)->75764K(77704K) NonClass: 66080K(67336K)->66080K(67336K) Class: 9683K(10368K)->9683K(10368K)
[2023-11-15T19:43:59.822+0000][27.737s][info ][gc            ] GC(23) Pause Young (Normal) (G1 Evacuation Pause) 285M->46M(432M) 28.379ms
[2023-11-15T19:43:59.822+0000][27.737s][info ][gc,cpu        ] GC(23) User=0.10s Sys=0.00s Real=0.03s
[2023-11-15T19:43:59.822+0000][27.737s][info ][safepoint     ] Leaving safepoint region
[2023-11-15T19:43:59.822+0000][27.737s][info ][safepoint     ] Total time for which application threads were stopped: 0.0285187 seconds, Stopping threads took: 0.0000091 seconds
[2023-11-15T19:43:59.822+0000][27.737s][info ][gc,stringdedup] Concurrent String Deduplication (27.737s)
[2023-11-15T19:43:59.824+0000][27.739s][info ][gc,stringdedup] Concurrent String Deduplication 319.1K->100128.0B(221.4K) avg 45.0% (27.737s, 27.739s) 2.172ms
[2023-11-15T19:43:59.941+0000][27.856s][debug][safepoint     ] Safepoint synchronization initiated. (16 threads)
[2023-11-15T19:43:59.941+0000][27.856s][info ][safepoint     ] Application time: 0.1191651 seconds
[2023-11-15T19:43:59.941+0000][27.856s][info ][safepoint     ] Entering safepoint region: Deoptimize
[2023-11-15T19:43:59.942+0000][27.857s][info ][safepoint     ] Leaving safepoint region
[2023-11-15T19:43:59.942+0000][27.857s][info ][safepoint     ] Total time for which application threads were stopped: 0.0007536 seconds, Stopping threads took: 0.0000099 seconds
[2023-11-15T19:44:00.284+0000][28.199s][debug][safepoint     ] Safepoint synchronization initiated. (16 threads)
[2023-11-15T19:44:00.284+0000][28.199s][info ][safepoint     ] Application time: 0.3419998 seconds
[2023-11-15T19:44:00.284+0000][28.199s][info ][safepoint     ] Entering safepoint region: ICBufferFull
[2023-11-15T19:44:00.284+0000][28.199s][info ][safepoint     ] Leaving safepoint region
[2023-11-15T19:44:00.284+0000][28.199s][info ][safepoint     ] Total time for which application threads were stopped: 0.0001838 seconds, Stopping threads took: 0.0000114 seconds
[2023-11-15T19:44:00.937+0000][28.853s][debug][safepoint     ] Safepoint synchronization initiated. (16 threads)
[2023-11-15T19:44:00.937+0000][28.853s][info ][safepoint     ] Application time: 0.6531383 seconds
[2023-11-15T19:44:00.937+0000][28.853s][info ][safepoint     ] Entering safepoint region: ICBufferFull
[2023-11-15T19:44:00.937+0000][28.853s][info ][safepoint     ] Leaving safepoint region
[2023-11-15T19:44:00.937+0000][28.853s][info ][safepoint     ] Total time for which application threads were stopped: 0.0001797 seconds, Stopping threads took: 0.0000272 seconds
[2023-11-15T19:44:01.305+0000][29.220s][debug][safepoint     ] Safepoint synchronization initiated. (16 threads)
[2023-11-15T19:44:01.320+0000][29.236s][info ][safepoint     ] Application time: 0.3827461 seconds
[2023-11-15T19:44:01.320+0000][29.236s][info ][safepoint     ] Entering safepoint region: G1CollectForAllocation
[2023-11-15T19:44:01.324+0000][29.240s][info ][gc,start      ] GC(24) Pause Young (Normal) (G1 Evacuation Pause)
[2023-11-15T19:44:01.324+0000][29.240s][info ][gc,task       ] GC(24) Using 4 workers of 4 for evacuation
[2023-11-15T19:44:01.357+0000][29.272s][info ][gc,phases     ] GC(24)   Pre Evacuate Collection Set: 0.0ms
[2023-11-15T19:44:01.357+0000][29.272s][info ][gc,phases     ] GC(24)   Evacuate Collection Set: 29.0ms
[2023-11-15T19:44:01.357+0000][29.272s][info ][gc,phases     ] GC(24)   Post Evacuate Collection Set: 3.7ms
[2023-11-15T19:44:01.357+0000][29.273s][info ][gc,phases     ] GC(24)   Other: 0.2ms
[2023-11-15T19:44:01.357+0000][29.273s][info ][gc,heap       ] GC(24) Eden regions: 242->0(237)
[2023-11-15T19:44:01.357+0000][29.273s][info ][gc,heap       ] GC(24) Survivor regions: 17->22(33)
[2023-11-15T19:44:01.357+0000][29.273s][info ][gc,heap       ] GC(24) Old regions: 31->31
[2023-11-15T19:44:01.357+0000][29.273s][info ][gc,heap       ] GC(24) Humongous regions: 0->0
[2023-11-15T19:44:01.357+0000][29.273s][info ][gc,metaspace  ] GC(24) Metaspace: 79067K(81160K)->79067K(81160K) NonClass: 69141K(70408K)->69141K(70408K) Class: 9926K(10752K)->9926K(10752K)
[2023-11-15T19:44:01.357+0000][29.273s][info ][gc            ] GC(24) Pause Young (Normal) (G1 Evacuation Pause) 288M->51M(432M) 33.023ms
[2023-11-15T19:44:01.357+0000][29.273s][info ][gc,cpu        ] GC(24) User=0.09s Sys=0.00s Real=0.03s
[2023-11-15T19:44:01.357+0000][29.273s][info ][safepoint     ] Leaving safepoint region
[2023-11-15T19:44:01.357+0000][29.273s][info ][safepoint     ] Total time for which application threads were stopped: 0.0370684 seconds, Stopping threads took: 0.0000125 seconds
[2023-11-15T19:44:01.360+0000][29.275s][info ][gc,stringdedup] Concurrent String Deduplication (29.275s)
[2023-11-15T19:44:01.360+0000][29.276s][info ][gc,stringdedup] Concurrent String Deduplication 111.8K->47088.0B(67416.0B) avg 45.1% (29.275s, 29.276s) 0.847ms
[2023-11-15T19:44:01.870+0000][29.785s][debug][safepoint     ] Safepoint synchronization initiated. (15 threads)
[2023-11-15T19:44:01.870+0000][29.785s][info ][safepoint     ] Application time: 0.5123418 seconds
[2023-11-15T19:44:01.870+0000][29.785s][info ][safepoint     ] Entering safepoint region: ICBufferFull
[2023-11-15T19:44:01.870+0000][29.785s][info ][safepoint     ] Leaving safepoint region
[2023-11-15T19:44:01.870+0000][29.785s][info ][safepoint     ] Total time for which application threads were stopped: 0.0001714 seconds, Stopping threads took: 0.0000098 seconds
[2023-11-15T19:44:02.249+0000][30.165s][debug][safepoint     ] Safepoint synchronization initiated. (15 threads)
[2023-11-15T19:44:02.249+0000][30.165s][info ][safepoint     ] Application time: 0.3795925 seconds
[2023-11-15T19:44:02.249+0000][30.165s][info ][safepoint     ] Entering safepoint region: Deoptimize
[2023-11-15T19:44:02.250+0000][30.166s][info ][safepoint     ] Leaving safepoint region
[2023-11-15T19:44:02.250+0000][30.166s][info ][safepoint     ] Total time for which application threads were stopped: 0.0008652 seconds, Stopping threads took: 0.0000107 seconds
[2023-11-15T19:44:02.596+0000][30.511s][debug][safepoint     ] Safepoint synchronization initiated. (15 threads)
[2023-11-15T19:44:02.673+0000][30.588s][info ][safepoint     ] Application time: 0.4222517 seconds
[2023-11-15T19:44:02.673+0000][30.588s][info ][safepoint     ] Entering safepoint region: G1CollectForAllocation
[2023-11-15T19:44:02.673+0000][30.588s][info ][gc,start      ] GC(25) Pause Young (Normal) (G1 Evacuation Pause)
[2023-11-15T19:44:02.673+0000][30.588s][info ][gc,task       ] GC(25) Using 4 workers of 4 for evacuation
[2023-11-15T19:44:02.703+0000][30.618s][info ][gc,phases     ] GC(25)   Pre Evacuate Collection Set: 0.0ms
[2023-11-15T19:44:02.703+0000][30.618s][info ][gc,phases     ] GC(25)   Evacuate Collection Set: 27.6ms
[2023-11-15T19:44:02.703+0000][30.618s][info ][gc,phases     ] GC(25)   Post Evacuate Collection Set: 2.3ms
[2023-11-15T19:44:02.703+0000][30.618s][info ][gc,phases     ] GC(25)   Other: 0.2ms
[2023-11-15T19:44:02.703+0000][30.618s][info ][gc,heap       ] GC(25) Eden regions: 237->0(237)
[2023-11-15T19:44:02.703+0000][30.618s][info ][gc,heap       ] GC(25) Survivor regions: 22->22(33)
[2023-11-15T19:44:02.703+0000][30.618s][info ][gc,heap       ] GC(25) Old regions: 31->39
[2023-11-15T19:44:02.703+0000][30.618s][info ][gc,heap       ] GC(25) Humongous regions: 0->0
[2023-11-15T19:44:02.703+0000][30.618s][info ][gc,metaspace  ] GC(25) Metaspace: 81107K(83208K)->81107K(83208K) NonClass: 71058K(72456K)->71058K(72456K) Class: 10048K(10752K)->10048K(10752K)
[2023-11-15T19:44:02.703+0000][30.618s][info ][gc            ] GC(25) Pause Young (Normal) (G1 Evacuation Pause) 288M->58M(432M) 30.178ms
[2023-11-15T19:44:02.703+0000][30.618s][info ][gc,cpu        ] GC(25) User=0.09s Sys=0.00s Real=0.03s
[2023-11-15T19:44:02.703+0000][30.618s][info ][safepoint     ] Leaving safepoint region
[2023-11-15T19:44:02.703+0000][30.618s][info ][safepoint     ] Total time for which application threads were stopped: 0.0303335 seconds, Stopping threads took: 0.0000126 seconds
[2023-11-15T19:44:02.704+0000][30.619s][info ][gc,stringdedup] Concurrent String Deduplication (30.619s)
[2023-11-15T19:44:02.705+0000][30.621s][info ][gc,stringdedup] Concurrent String Deduplication 308.8K->178.8K(130.0K) avg 45.0% (30.619s, 30.621s) 1.717ms
[2023-11-15T19:44:03.590+0000][31.506s][debug][safepoint     ] Safepoint synchronization initiated. (19 threads)
[2023-11-15T19:44:03.590+0000][31.506s][info ][safepoint     ] Application time: 0.8875110 seconds
[2023-11-15T19:44:03.590+0000][31.506s][info ][safepoint     ] Entering safepoint region: ICBufferFull
[2023-11-15T19:44:03.591+0000][31.506s][info ][safepoint     ] Leaving safepoint region
[2023-11-15T19:44:03.591+0000][31.506s][info ][safepoint     ] Total time for which application threads were stopped: 0.0002289 seconds, Stopping threads took: 0.0000113 seconds
[2023-11-15T19:44:03.786+0000][31.702s][debug][safepoint     ] Safepoint synchronization initiated. (19 threads)
[2023-11-15T19:44:03.819+0000][31.734s][info ][safepoint     ] Application time: 0.2279845 seconds
[2023-11-15T19:44:03.819+0000][31.734s][info ][safepoint     ] Entering safepoint region: G1CollectForAllocation
[2023-11-15T19:44:03.819+0000][31.734s][info ][gc,start      ] GC(26) Pause Young (Normal) (G1 Evacuation Pause)
[2023-11-15T19:44:03.819+0000][31.734s][info ][gc,task       ] GC(26) Using 4 workers of 4 for evacuation
[2023-11-15T19:44:03.864+0000][31.780s][info ][gc,phases     ] GC(26)   Pre Evacuate Collection Set: 0.0ms
[2023-11-15T19:44:03.864+0000][31.780s][info ][gc,phases     ] GC(26)   Evacuate Collection Set: 42.1ms
[2023-11-15T19:44:03.864+0000][31.780s][info ][gc,phases     ] GC(26)   Post Evacuate Collection Set: 3.2ms
[2023-11-15T19:44:03.864+0000][31.780s][info ][gc,phases     ] GC(26)   Other: 0.2ms
[2023-11-15T19:44:03.864+0000][31.780s][info ][gc,heap       ] GC(26) Eden regions: 237->0(238)
[2023-11-15T19:44:03.864+0000][31.780s][info ][gc,heap       ] GC(26) Survivor regions: 22->21(33)
[2023-11-15T19:44:03.864+0000][31.780s][info ][gc,heap       ] GC(26) Old regions: 39->44
[2023-11-15T19:44:03.864+0000][31.780s][info ][gc,heap       ] GC(26) Humongous regions: 0->0
[2023-11-15T19:44:03.864+0000][31.780s][info ][gc,metaspace  ] GC(26) Metaspace: 83769K(86280K)->83769K(86280K) NonClass: 73404K(75016K)->73404K(75016K) Class: 10365K(11264K)->10365K(11264K)
[2023-11-15T19:44:03.864+0000][31.780s][info ][gc            ] GC(26) Pause Young (Normal) (G1 Evacuation Pause) 295M->63M(432M) 45.612ms
[2023-11-15T19:44:03.864+0000][31.780s][info ][gc,cpu        ] GC(26) User=0.10s Sys=0.00s Real=0.05s
[2023-11-15T19:44:03.864+0000][31.780s][info ][safepoint     ] Leaving safepoint region
[2023-11-15T19:44:03.864+0000][31.780s][info ][safepoint     ] Total time for which application threads were stopped: 0.0457885 seconds, Stopping threads took: 0.0000148 seconds
[2023-11-15T19:44:03.864+0000][31.780s][info ][gc,stringdedup] Concurrent String Deduplication (31.780s)
[2023-11-15T19:44:03.867+0000][31.782s][info ][gc,stringdedup] Concurrent String Deduplication 525.5K->129.1K(396.4K) avg 46.5% (31.780s, 31.782s) 2.396ms
[2023-11-15T19:44:04.003+0000][31.918s][debug][safepoint     ] Safepoint synchronization initiated. (19 threads)
[2023-11-15T19:44:04.003+0000][31.918s][info ][safepoint     ] Application time: 0.1384690 seconds
[2023-11-15T19:44:04.003+0000][31.918s][debug][safepoint     ] Waiting for 1 thread(s) to block
[2023-11-15T19:44:04.003+0000][31.918s][info ][safepoint     ] Entering safepoint region: Deoptimize
[2023-11-15T19:44:04.004+0000][31.919s][info ][safepoint     ] Leaving safepoint region
[2023-11-15T19:44:04.004+0000][31.919s][info ][safepoint     ] Total time for which application threads were stopped: 0.0009555 seconds, Stopping threads took: 0.0000395 seconds
[2023-11-15T19:44:04.392+0000][32.307s][debug][safepoint     ] Safepoint synchronization initiated. (19 threads)
[2023-11-15T19:44:04.394+0000][32.309s][info ][safepoint     ] Application time: 0.3898081 seconds
[2023-11-15T19:44:04.394+0000][32.309s][info ][safepoint     ] Entering safepoint region: Deoptimize
[2023-11-15T19:44:04.395+0000][32.310s][info ][safepoint     ] Leaving safepoint region
[2023-11-15T19:44:04.395+0000][32.310s][info ][safepoint     ] Total time for which application threads were stopped: 0.0009998 seconds, Stopping threads took: 0.0000309 seconds
[2023-11-15T19:44:04.963+0000][32.878s][debug][safepoint     ] Safepoint synchronization initiated. (20 threads)
[2023-11-15T19:44:05.225+0000][33.140s][info ][safepoint     ] Application time: 0.8303647 seconds
[2023-11-15T19:44:05.225+0000][33.141s][info ][safepoint     ] Entering safepoint region: Deoptimize
[2023-11-15T19:44:05.226+0000][33.142s][info ][safepoint     ] Leaving safepoint region
[2023-11-15T19:44:05.226+0000][33.142s][info ][safepoint     ] Total time for which application threads were stopped: 0.0011225 seconds, Stopping threads took: 0.0000208 seconds
[2023-11-15T19:44:05.236+0000][33.152s][debug][safepoint     ] Safepoint synchronization initiated. (20 threads)
[2023-11-15T19:44:05.236+0000][33.152s][info ][safepoint     ] Application time: 0.0101491 seconds
[2023-11-15T19:44:05.236+0000][33.152s][info ][safepoint     ] Entering safepoint region: ICBufferFull
[2023-11-15T19:44:05.237+0000][33.152s][info ][safepoint     ] Leaving safepoint region
[2023-11-15T19:44:05.237+0000][33.152s][info ][safepoint     ] Total time for which application threads were stopped: 0.0001788 seconds, Stopping threads took: 0.0000113 seconds
[2023-11-15T19:44:05.417+0000][33.332s][debug][safepoint     ] Safepoint synchronization initiated. (20 threads)
[2023-11-15T19:44:05.417+0000][33.332s][info ][safepoint     ] Application time: 0.1802958 seconds
[2023-11-15T19:44:05.417+0000][33.332s][info ][safepoint     ] Entering safepoint region: Deoptimize
[2023-11-15T19:44:05.418+0000][33.333s][info ][safepoint     ] Leaving safepoint region
[2023-11-15T19:44:05.418+0000][33.333s][info ][safepoint     ] Total time for which application threads were stopped: 0.0009513 seconds, Stopping threads took: 0.0000112 seconds
[2023-11-15T19:44:05.804+0000][33.719s][debug][safepoint     ] Safepoint synchronization initiated. (22 threads)
[2023-11-15T19:44:05.804+0000][33.719s][info ][safepoint     ] Application time: 0.3860016 seconds
[2023-11-15T19:44:05.804+0000][33.719s][info ][safepoint     ] Entering safepoint region: G1CollectForAllocation
[2023-11-15T19:44:05.804+0000][33.719s][info ][gc,start      ] GC(27) Pause Young (Normal) (G1 Evacuation Pause)
[2023-11-15T19:44:05.804+0000][33.719s][info ][gc,task       ] GC(27) Using 4 workers of 4 for evacuation
[2023-11-15T19:44:05.838+0000][33.753s][info ][gc,phases     ] GC(27)   Pre Evacuate Collection Set: 0.0ms
[2023-11-15T19:44:05.838+0000][33.753s][info ][gc,phases     ] GC(27)   Evacuate Collection Set: 28.6ms
[2023-11-15T19:44:05.838+0000][33.753s][info ][gc,phases     ] GC(27)   Post Evacuate Collection Set: 4.8ms
[2023-11-15T19:44:05.838+0000][33.753s][info ][gc,phases     ] GC(27)   Other: 0.2ms
[2023-11-15T19:44:05.838+0000][33.753s][info ][gc,heap       ] GC(27) Eden regions: 238->0(293)
[2023-11-15T19:44:05.838+0000][33.753s][info ][gc,heap       ] GC(27) Survivor regions: 21->18(33)
[2023-11-15T19:44:05.838+0000][33.753s][info ][gc,heap       ] GC(27) Old regions: 44->53
[2023-11-15T19:44:05.838+0000][33.753s][info ][gc,heap       ] GC(27) Humongous regions: 0->0
[2023-11-15T19:44:05.838+0000][33.753s][info ][gc,metaspace  ] GC(27) Metaspace: 89961K(92808K)->89961K(92808K) NonClass: 78792K(80648K)->78792K(80648K) Class: 11168K(12160K)->11168K(12160K)
[2023-11-15T19:44:05.838+0000][33.753s][info ][gc            ] GC(27) Pause Young (Normal) (G1 Evacuation Pause) 301M->68M(519M) 33.672ms
[2023-11-15T19:44:05.838+0000][33.753s][info ][gc,cpu        ] GC(27) User=0.10s Sys=0.01s Real=0.03s
[2023-11-15T19:44:05.838+0000][33.753s][info ][safepoint     ] Leaving safepoint region
[2023-11-15T19:44:05.838+0000][33.753s][info ][safepoint     ] Total time for which application threads were stopped: 0.0338620 seconds, Stopping threads took: 0.0000121 seconds
[2023-11-15T19:44:05.840+0000][33.755s][info ][gc,stringdedup] Concurrent String Deduplication (33.755s)
[2023-11-15T19:44:05.843+0000][33.758s][info ][gc,stringdedup] Concurrent String Deduplication 617.7K->146.7K(471.0K) avg 48.1% (33.755s, 33.758s) 3.154ms
[2023-11-15T19:44:06.060+0000][33.975s][debug][safepoint     ] Safepoint synchronization initiated. (22 threads)
[2023-11-15T19:44:06.060+0000][33.975s][info ][safepoint     ] Application time: 0.2219737 seconds
[2023-11-15T19:44:06.060+0000][33.975s][info ][safepoint     ] Entering safepoint region: Deoptimize
[2023-11-15T19:44:06.061+0000][33.976s][info ][safepoint     ] Leaving safepoint region
[2023-11-15T19:44:06.061+0000][33.976s][info ][safepoint     ] Total time for which application threads were stopped: 0.0009085 seconds, Stopping threads took: 0.0000141 seconds
[2023-11-15T19:44:06.120+0000][34.036s][debug][safepoint     ] Safepoint synchronization initiated. (22 threads)
[2023-11-15T19:44:06.120+0000][34.036s][info ][safepoint     ] Application time: 0.0596869 seconds
[2023-11-15T19:44:06.120+0000][34.036s][info ][safepoint     ] Entering safepoint region: Deoptimize
[2023-11-15T19:44:06.121+0000][34.037s][info ][safepoint     ] Leaving safepoint region
[2023-11-15T19:44:06.121+0000][34.037s][info ][safepoint     ] Total time for which application threads were stopped: 0.0008908 seconds, Stopping threads took: 0.0000122 seconds
[2023-11-15T19:44:06.324+0000][34.239s][debug][safepoint     ] Safepoint synchronization initiated. (22 threads)
[2023-11-15T19:44:06.324+0000][34.239s][info ][safepoint     ] Application time: 0.2026109 seconds
[2023-11-15T19:44:06.324+0000][34.239s][info ][safepoint     ] Entering safepoint region: Deoptimize
[2023-11-15T19:44:06.325+0000][34.240s][info ][safepoint     ] Leaving safepoint region
[2023-11-15T19:44:06.325+0000][34.240s][info ][safepoint     ] Total time for which application threads were stopped: 0.0012013 seconds, Stopping threads took: 0.0000205 seconds
[2023-11-15T19:44:06.332+0000][34.247s][debug][safepoint     ] Safepoint synchronization initiated. (22 threads)
[2023-11-15T19:44:06.332+0000][34.247s][info ][safepoint     ] Application time: 0.0069643 seconds
[2023-11-15T19:44:06.332+0000][34.247s][info ][safepoint     ] Entering safepoint region: Deoptimize
[2023-11-15T19:44:06.333+0000][34.248s][info ][safepoint     ] Leaving safepoint region
[2023-11-15T19:44:06.333+0000][34.248s][info ][safepoint     ] Total time for which application threads were stopped: 0.0008951 seconds, Stopping threads took: 0.0000128 seconds
[2023-11-15T19:44:06.374+0000][34.290s][debug][safepoint     ] Safepoint synchronization initiated. (23 threads)
[2023-11-15T19:44:06.374+0000][34.290s][info ][safepoint     ] Application time: 0.0413927 seconds
[2023-11-15T19:44:06.374+0000][34.290s][info ][safepoint     ] Entering safepoint region: Deoptimize
[2023-11-15T19:44:06.375+0000][34.291s][info ][safepoint     ] Leaving safepoint region
[2023-11-15T19:44:06.375+0000][34.291s][info ][safepoint     ] Total time for which application threads were stopped: 0.0009178 seconds, Stopping threads took: 0.0000139 seconds
[2023-11-15T19:44:07.047+0000][34.962s][debug][safepoint     ] Safepoint synchronization initiated. (34 threads)
[2023-11-15T19:44:07.047+0000][34.962s][info ][safepoint     ] Application time: 0.6715877 seconds
[2023-11-15T19:44:07.047+0000][34.962s][info ][safepoint     ] Entering safepoint region: ICBufferFull
[2023-11-15T19:44:07.047+0000][34.962s][info ][safepoint     ] Leaving safepoint region
[2023-11-15T19:44:07.047+0000][34.962s][info ][safepoint     ] Total time for which application threads were stopped: 0.0001900 seconds, Stopping threads took: 0.0000127 seconds
[2023-11-15T19:44:07.161+0000][35.077s][debug][safepoint     ] Safepoint synchronization initiated. (34 threads)
[2023-11-15T19:44:07.161+0000][35.077s][info ][safepoint     ] Application time: 0.1141064 seconds
[2023-11-15T19:44:07.161+0000][35.077s][info ][safepoint     ] Entering safepoint region: Deoptimize
[2023-11-15T19:44:07.162+0000][35.078s][info ][safepoint     ] Leaving safepoint region
[2023-11-15T19:44:07.162+0000][35.078s][info ][safepoint     ] Total time for which application threads were stopped: 0.0009855 seconds, Stopping threads took: 0.0000223 seconds
[2023-11-15T19:44:07.260+0000][35.175s][debug][safepoint     ] Safepoint synchronization initiated. (34 threads)
[2023-11-15T19:44:07.260+0000][35.175s][info ][safepoint     ] Application time: 0.0975546 seconds
[2023-11-15T19:44:07.260+0000][35.175s][info ][safepoint     ] Entering safepoint region: G1CollectForAllocation
[2023-11-15T19:44:07.260+0000][35.175s][info ][gc,start      ] GC(28) Pause Young (Normal) (G1 Evacuation Pause)
[2023-11-15T19:44:07.260+0000][35.175s][info ][gc,task       ] GC(28) Using 4 workers of 4 for evacuation
[2023-11-15T19:44:07.286+0000][35.201s][info ][gc,phases     ] GC(28)   Pre Evacuate Collection Set: 0.0ms
[2023-11-15T19:44:07.286+0000][35.201s][info ][gc,phases     ] GC(28)   Evacuate Collection Set: 23.0ms
[2023-11-15T19:44:07.286+0000][35.201s][info ][gc,phases     ] GC(28)   Post Evacuate Collection Set: 2.5ms
[2023-11-15T19:44:07.286+0000][35.201s][info ][gc,phases     ] GC(28)   Other: 0.2ms
[2023-11-15T19:44:07.286+0000][35.201s][info ][gc,heap       ] GC(28) Eden regions: 293->0(288)
[2023-11-15T19:44:07.286+0000][35.201s][info ][gc,heap       ] GC(28) Survivor regions: 18->23(39)
[2023-11-15T19:44:07.286+0000][35.201s][info ][gc,heap       ] GC(28) Old regions: 53->53
[2023-11-15T19:44:07.286+0000][35.201s][info ][gc,heap       ] GC(28) Humongous regions: 0->0
[2023-11-15T19:44:07.286+0000][35.201s][info ][gc,metaspace  ] GC(28) Metaspace: 95254K(98056K)->95254K(98056K) NonClass: 83539K(85256K)->83539K(85256K) Class: 11715K(12800K)->11715K(12800K)
[2023-11-15T19:44:07.286+0000][35.201s][info ][gc            ] GC(28) Pause Young (Normal) (G1 Evacuation Pause) 361M->73M(519M) 25.792ms
[2023-11-15T19:44:07.286+0000][35.201s][info ][gc,cpu        ] GC(28) User=0.10s Sys=0.00s Real=0.02s
[2023-11-15T19:44:07.286+0000][35.201s][info ][safepoint     ] Leaving safepoint region
[2023-11-15T19:44:07.286+0000][35.201s][info ][safepoint     ] Total time for which application threads were stopped: 0.0259346 seconds, Stopping threads took: 0.0000140 seconds
[2023-11-15T19:44:07.286+0000][35.201s][info ][gc,stringdedup] Concurrent String Deduplication (35.201s)
[2023-11-15T19:44:07.287+0000][35.203s][info ][gc,stringdedup] Concurrent String Deduplication 364.9K->107.6K(257.3K) avg 48.8% (35.201s, 35.203s) 1.694ms
[2023-11-15T19:44:08.286+0000][36.201s][debug][safepoint     ] Safepoint synchronization initiated. (34 threads)
[2023-11-15T19:44:08.288+0000][36.203s][info ][safepoint     ] Application time: 1.0022875 seconds
[2023-11-15T19:44:08.288+0000][36.203s][info ][safepoint     ] Entering safepoint region: Cleanup
[2023-11-15T19:44:08.288+0000][36.204s][info ][safepoint     ] Leaving safepoint region
[2023-11-15T19:44:08.288+0000][36.204s][info ][safepoint     ] Total time for which application threads were stopped: 0.0001909 seconds, Stopping threads took: 0.0000247 seconds
[2023-11-15T19:44:08.770+0000][36.686s][debug][safepoint     ] Safepoint synchronization initiated. (38 threads)
[2023-11-15T19:44:08.771+0000][36.686s][info ][safepoint     ] Application time: 0.4822740 seconds
[2023-11-15T19:44:08.771+0000][36.686s][info ][safepoint     ] Entering safepoint region: CollectForMetadataAllocation
[2023-11-15T19:44:08.771+0000][36.686s][info ][gc,start      ] GC(29) Pause Young (Concurrent Start) (Metadata GC Threshold)
[2023-11-15T19:44:08.771+0000][36.686s][info ][gc,task       ] GC(29) Using 4 workers of 4 for evacuation
[2023-11-15T19:44:08.800+0000][36.715s][info ][gc,phases     ] GC(29)   Pre Evacuate Collection Set: 0.2ms
[2023-11-15T19:44:08.800+0000][36.715s][info ][gc,phases     ] GC(29)   Evacuate Collection Set: 25.6ms
[2023-11-15T19:44:08.800+0000][36.715s][info ][gc,phases     ] GC(29)   Post Evacuate Collection Set: 3.1ms
[2023-11-15T19:44:08.800+0000][36.715s][info ][gc,phases     ] GC(29)   Other: 0.2ms
[2023-11-15T19:44:08.800+0000][36.715s][info ][gc,heap       ] GC(29) Eden regions: 87->0(264)
[2023-11-15T19:44:08.800+0000][36.715s][info ][gc,heap       ] GC(29) Survivor regions: 23->18(39)
[2023-11-15T19:44:08.800+0000][36.715s][info ][gc,heap       ] GC(29) Old regions: 53->59
[2023-11-15T19:44:08.800+0000][36.715s][info ][gc,heap       ] GC(29) Humongous regions: 1->0
[2023-11-15T19:44:08.800+0000][36.715s][info ][gc,metaspace  ] GC(29) Metaspace: 98093K(100920K)->98093K(100920K) NonClass: 86228K(87992K)->86228K(87992K) Class: 11865K(12928K)->11865K(12928K)
[2023-11-15T19:44:08.800+0000][36.715s][info ][gc            ] GC(29) Pause Young (Concurrent Start) (Metadata GC Threshold) 161M->75M(519M) 29.287ms
[2023-11-15T19:44:08.800+0000][36.715s][info ][gc,cpu        ] GC(29) User=0.11s Sys=0.00s Real=0.03s
[2023-11-15T19:44:08.800+0000][36.715s][info ][gc            ] GC(30) Concurrent Cycle
[2023-11-15T19:44:08.800+0000][36.715s][info ][gc,marking    ] GC(30) Concurrent Clear Claimed Marks
[2023-11-15T19:44:08.800+0000][36.715s][info ][safepoint     ] Leaving safepoint region
[2023-11-15T19:44:08.800+0000][36.715s][info ][safepoint     ] Total time for which application threads were stopped: 0.0295443 seconds, Stopping threads took: 0.0000220 seconds
[2023-11-15T19:44:08.800+0000][36.716s][info ][gc,marking    ] GC(30) Concurrent Clear Claimed Marks 0.165ms
[2023-11-15T19:44:08.800+0000][36.716s][info ][gc,marking    ] GC(30) Concurrent Scan Root Regions
[2023-11-15T19:44:08.800+0000][36.716s][info ][gc,stringdedup] Concurrent String Deduplication (36.716s)
[2023-11-15T19:44:08.803+0000][36.719s][info ][gc,stringdedup] Concurrent String Deduplication 435.2K->149.5K(285.7K) avg 49.4% (36.716s, 36.719s) 3.095ms
[2023-11-15T19:44:08.820+0000][36.736s][info ][gc,marking    ] GC(30) Concurrent Scan Root Regions 19.996ms
[2023-11-15T19:44:08.820+0000][36.736s][info ][gc,marking    ] GC(30) Concurrent Mark (36.736s)
[2023-11-15T19:44:08.820+0000][36.736s][info ][gc,marking    ] GC(30) Concurrent Mark From Roots
[2023-11-15T19:44:08.820+0000][36.736s][info ][gc,task       ] GC(30) Using 1 workers of 1 for marking
[2023-11-15T19:44:08.847+0000][36.762s][debug][safepoint     ] Safepoint synchronization initiated. (38 threads)
[2023-11-15T19:44:08.847+0000][36.762s][info ][safepoint     ] Application time: 0.0470351 seconds
[2023-11-15T19:44:08.847+0000][36.763s][info ][safepoint     ] Entering safepoint region: CollectForMetadataAllocation
[2023-11-15T19:44:08.847+0000][36.763s][info ][safepoint     ] Leaving safepoint region
[2023-11-15T19:44:08.847+0000][36.763s][info ][safepoint     ] Total time for which application threads were stopped: 0.0001550 seconds, Stopping threads took: 0.0000129 seconds
[2023-11-15T19:44:08.876+0000][36.791s][debug][safepoint     ] Safepoint synchronization initiated. (38 threads)
[2023-11-15T19:44:08.876+0000][36.792s][info ][safepoint     ] Application time: 0.0288505 seconds
[2023-11-15T19:44:08.876+0000][36.792s][info ][safepoint     ] Entering safepoint region: CollectForMetadataAllocation
[2023-11-15T19:44:08.876+0000][36.792s][info ][safepoint     ] Leaving safepoint region
[2023-11-15T19:44:08.876+0000][36.792s][info ][safepoint     ] Total time for which application threads were stopped: 0.0001422 seconds, Stopping threads took: 0.0000160 seconds
[2023-11-15T19:44:08.878+0000][36.794s][debug][safepoint     ] Safepoint synchronization initiated. (38 threads)
[2023-11-15T19:44:08.878+0000][36.794s][info ][safepoint     ] Application time: 0.0019890 seconds
[2023-11-15T19:44:08.878+0000][36.794s][info ][safepoint     ] Entering safepoint region: Deoptimize
[2023-11-15T19:44:08.879+0000][36.795s][info ][safepoint     ] Leaving safepoint region
[2023-11-15T19:44:08.879+0000][36.795s][info ][safepoint     ] Total time for which application threads were stopped: 0.0009262 seconds, Stopping threads took: 0.0000096 seconds
[2023-11-15T19:44:08.885+0000][36.800s][debug][safepoint     ] Safepoint synchronization initiated. (38 threads)
[2023-11-15T19:44:08.885+0000][36.800s][info ][safepoint     ] Application time: 0.0053252 seconds
[2023-11-15T19:44:08.885+0000][36.800s][info ][safepoint     ] Entering safepoint region: CollectForMetadataAllocation
[2023-11-15T19:44:08.885+0000][36.800s][info ][safepoint     ] Leaving safepoint region
[2023-11-15T19:44:08.885+0000][36.800s][info ][safepoint     ] Total time for which application threads were stopped: 0.0001034 seconds, Stopping threads took: 0.0000126 seconds
[2023-11-15T19:44:08.929+0000][36.844s][info ][gc,marking    ] GC(30) Concurrent Mark From Roots 108.708ms
[2023-11-15T19:44:08.929+0000][36.844s][info ][gc,marking    ] GC(30) Concurrent Preclean
[2023-11-15T19:44:08.929+0000][36.844s][info ][gc,marking    ] GC(30) Concurrent Preclean 0.066ms
[2023-11-15T19:44:08.929+0000][36.844s][info ][gc,marking    ] GC(30) Concurrent Mark (36.736s, 36.844s) 108.841ms
[2023-11-15T19:44:08.929+0000][36.845s][debug][safepoint     ] Safepoint synchronization initiated. (38 threads)
[2023-11-15T19:44:08.929+0000][36.845s][info ][safepoint     ] Application time: 0.0444842 seconds
[2023-11-15T19:44:08.929+0000][36.845s][info ][safepoint     ] Entering safepoint region: CGC_Operation
[2023-11-15T19:44:08.929+0000][36.845s][info ][gc,start      ] GC(30) Pause Remark
[2023-11-15T19:44:08.941+0000][36.856s][info ][gc,stringtable] GC(30) Cleaned string and symbol table, strings: 45842 processed, 68 removed, symbols: 280211 processed, 290 removed
[2023-11-15T19:44:08.941+0000][36.857s][info ][gc            ] GC(30) Pause Remark 102M->102M(519M) 12.022ms
[2023-11-15T19:44:08.941+0000][36.857s][info ][gc,cpu        ] GC(30) User=0.04s Sys=0.00s Real=0.01s
[2023-11-15T19:44:08.941+0000][36.857s][info ][safepoint     ] Leaving safepoint region
[2023-11-15T19:44:08.941+0000][36.857s][info ][safepoint     ] Total time for which application threads were stopped: 0.0121628 seconds, Stopping threads took: 0.0000160 seconds
[2023-11-15T19:44:08.941+0000][36.857s][info ][gc,marking    ] GC(30) Concurrent Rebuild Remembered Sets
[2023-11-15T19:44:09.011+0000][36.927s][info ][gc,marking    ] GC(30) Concurrent Rebuild Remembered Sets 70.102ms
[2023-11-15T19:44:09.012+0000][36.927s][debug][safepoint     ] Safepoint synchronization initiated. (38 threads)
[2023-11-15T19:44:09.012+0000][36.927s][info ][safepoint     ] Application time: 0.0703242 seconds
[2023-11-15T19:44:09.012+0000][36.927s][info ][safepoint     ] Entering safepoint region: CGC_Operation
[2023-11-15T19:44:09.012+0000][36.927s][info ][gc,start      ] GC(30) Pause Cleanup
[2023-11-15T19:44:09.012+0000][36.927s][info ][gc            ] GC(30) Pause Cleanup 103M->103M(519M) 0.184ms
[2023-11-15T19:44:09.012+0000][36.927s][info ][gc,cpu        ] GC(30) User=0.00s Sys=0.00s Real=0.00s
[2023-11-15T19:44:09.012+0000][36.927s][info ][safepoint     ] Leaving safepoint region
[2023-11-15T19:44:09.012+0000][36.927s][info ][safepoint     ] Total time for which application threads were stopped: 0.0003481 seconds, Stopping threads took: 0.0000166 seconds
[2023-11-15T19:44:09.012+0000][36.927s][info ][gc,marking    ] GC(30) Concurrent Cleanup for Next Mark
[2023-11-15T19:44:09.013+0000][36.929s][info ][gc,marking    ] GC(30) Concurrent Cleanup for Next Mark 1.332ms
[2023-11-15T19:44:09.013+0000][36.929s][info ][gc            ] GC(30) Concurrent Cycle 213.399ms
[2023-11-15T19:44:09.144+0000][37.059s][debug][safepoint     ] Safepoint synchronization initiated. (38 threads)
[2023-11-15T19:44:09.144+0000][37.059s][info ][safepoint     ] Application time: 0.1320119 seconds
[2023-11-15T19:44:09.144+0000][37.059s][info ][safepoint     ] Entering safepoint region: Deoptimize
[2023-11-15T19:44:09.145+0000][37.060s][info ][safepoint     ] Leaving safepoint region
[2023-11-15T19:44:09.145+0000][37.060s][info ][safepoint     ] Total time for which application threads were stopped: 0.0009783 seconds, Stopping threads took: 0.0000137 seconds
[2023-11-15T19:44:09.146+0000][37.062s][debug][safepoint     ] Safepoint synchronization initiated. (38 threads)
[2023-11-15T19:44:09.146+0000][37.062s][info ][safepoint     ] Application time: 0.0011869 seconds
[2023-11-15T19:44:09.146+0000][37.062s][info ][safepoint     ] Entering safepoint region: Deoptimize
[2023-11-15T19:44:09.147+0000][37.062s][info ][safepoint     ] Leaving safepoint region
[2023-11-15T19:44:09.147+0000][37.062s][info ][safepoint     ] Total time for which application threads were stopped: 0.0007133 seconds, Stopping threads took: 0.0000097 seconds
[2023-11-15T19:44:09.202+0000][37.117s][debug][safepoint     ] Safepoint synchronization initiated. (38 threads)
[2023-11-15T19:44:09.202+0000][37.117s][info ][safepoint     ] Application time: 0.0547802 seconds
[2023-11-15T19:44:09.202+0000][37.117s][info ][safepoint     ] Entering safepoint region: Deoptimize
[2023-11-15T19:44:09.203+0000][37.118s][info ][safepoint     ] Leaving safepoint region
[2023-11-15T19:44:09.203+0000][37.118s][info ][safepoint     ] Total time for which application threads were stopped: 0.0012513 seconds, Stopping threads took: 0.0000136 seconds
[2023-11-15T19:44:10.140+0000][38.055s][debug][safepoint     ] Safepoint synchronization initiated. (38 threads)
[2023-11-15T19:44:10.963+0000][38.878s][info ][safepoint     ] Application time: 1.7600311 seconds
[2023-11-15T19:44:10.963+0000][38.878s][info ][safepoint     ] Entering safepoint region: G1CollectForAllocation
[2023-11-15T19:44:10.963+0000][38.879s][info ][gc,start      ] GC(31) Pause Young (Concurrent Start) (G1 Evacuation Pause)
[2023-11-15T19:44:10.963+0000][38.879s][info ][gc,task       ] GC(31) Using 4 workers of 4 for evacuation
[2023-11-15T19:44:10.988+0000][38.904s][info ][gc,phases     ] GC(31)   Pre Evacuate Collection Set: 0.2ms
[2023-11-15T19:44:10.988+0000][38.904s][info ][gc,phases     ] GC(31)   Evacuate Collection Set: 21.8ms
[2023-11-15T19:44:10.988+0000][38.904s][info ][gc,phases     ] GC(31)   Post Evacuate Collection Set: 2.5ms
[2023-11-15T19:44:10.988+0000][38.904s][info ][gc,phases     ] GC(31)   Other: 0.2ms
[2023-11-15T19:44:10.988+0000][38.904s][info ][gc,heap       ] GC(31) Eden regions: 264->0(274)
[2023-11-15T19:44:10.988+0000][38.904s][info ][gc,heap       ] GC(31) Survivor regions: 18->25(36)
[2023-11-15T19:44:10.988+0000][38.904s][info ][gc,heap       ] GC(31) Old regions: 59->59
[2023-11-15T19:44:10.988+0000][38.904s][info ][gc,heap       ] GC(31) Humongous regions: 0->0
[2023-11-15T19:44:10.988+0000][38.904s][info ][gc,metaspace  ] GC(31) Metaspace: 102198K(105272K)->102198K(105272K) NonClass: 89890K(91832K)->89890K(91832K) Class: 12307K(13440K)->12307K(13440K)
[2023-11-15T19:44:10.988+0000][38.904s][info ][gc            ] GC(31) Pause Young (Concurrent Start) (G1 Evacuation Pause) 339M->82M(519M) 24.876ms
[2023-11-15T19:44:10.988+0000][38.904s][info ][gc,cpu        ] GC(31) User=0.08s Sys=0.01s Real=0.03s
[2023-11-15T19:44:10.988+0000][38.904s][info ][safepoint     ] Leaving safepoint region
[2023-11-15T19:44:10.988+0000][38.904s][info ][safepoint     ] Total time for which application threads were stopped: 0.0252980 seconds, Stopping threads took: 0.0000146 seconds
[2023-11-15T19:44:10.988+0000][38.904s][info ][gc            ] GC(32) Concurrent Cycle
[2023-11-15T19:44:10.988+0000][38.904s][info ][gc,marking    ] GC(32) Concurrent Clear Claimed Marks
[2023-11-15T19:44:10.989+0000][38.904s][info ][gc,marking    ] GC(32) Concurrent Clear Claimed Marks 0.179ms
[2023-11-15T19:44:10.989+0000][38.904s][info ][gc,marking    ] GC(32) Concurrent Scan Root Regions
[2023-11-15T19:44:10.991+0000][38.906s][info ][gc,stringdedup] Concurrent String Deduplication (38.906s)
[2023-11-15T19:44:11.005+0000][38.920s][info ][gc,stringdedup] Concurrent String Deduplication 652.0K->321.4K(330.6K) avg 49.4% (38.906s, 38.920s) 13.794ms
[2023-11-15T19:44:11.010+0000][38.926s][info ][gc,marking    ] GC(32) Concurrent Scan Root Regions 21.703ms
[2023-11-15T19:44:11.010+0000][38.926s][info ][gc,marking    ] GC(32) Concurrent Mark (38.926s)
[2023-11-15T19:44:11.010+0000][38.926s][info ][gc,marking    ] GC(32) Concurrent Mark From Roots
[2023-11-15T19:44:11.010+0000][38.926s][info ][gc,task       ] GC(32) Using 1 workers of 1 for marking
[2023-11-15T19:44:11.119+0000][39.034s][info ][gc,marking    ] GC(32) Concurrent Mark From Roots 108.301ms
[2023-11-15T19:44:11.119+0000][39.034s][info ][gc,marking    ] GC(32) Concurrent Preclean
[2023-11-15T19:44:11.119+0000][39.034s][info ][gc,marking    ] GC(32) Concurrent Preclean 0.065ms
[2023-11-15T19:44:11.119+0000][39.034s][info ][gc,marking    ] GC(32) Concurrent Mark (38.926s, 39.034s) 108.439ms
[2023-11-15T19:44:11.119+0000][39.034s][debug][safepoint     ] Safepoint synchronization initiated. (38 threads)
[2023-11-15T19:44:11.119+0000][39.034s][info ][safepoint     ] Application time: 0.1304689 seconds
[2023-11-15T19:44:11.119+0000][39.034s][debug][safepoint     ] ... found polling page loop exception at pc = 0x00007f3d08849a23, stub =0x00007f3d0083ab00
[2023-11-15T19:44:11.119+0000][39.034s][debug][safepoint     ] Waiting for 1 thread(s) to block
[2023-11-15T19:44:11.119+0000][39.034s][info ][safepoint     ] Entering safepoint region: CGC_Operation
[2023-11-15T19:44:11.119+0000][39.034s][info ][gc,start      ] GC(32) Pause Remark
[2023-11-15T19:44:11.135+0000][39.050s][info ][gc,stringtable] GC(32) Cleaned string and symbol table, strings: 48548 processed, 0 removed, symbols: 288058 processed, 57 removed
[2023-11-15T19:44:11.135+0000][39.050s][info ][gc            ] GC(32) Pause Remark 115M->115M(519M) 15.967ms
[2023-11-15T19:44:11.135+0000][39.050s][info ][gc,cpu        ] GC(32) User=0.05s Sys=0.00s Real=0.02s
[2023-11-15T19:44:11.135+0000][39.050s][info ][safepoint     ] Leaving safepoint region
[2023-11-15T19:44:11.135+0000][39.050s][info ][safepoint     ] Total time for which application threads were stopped: 0.0162007 seconds, Stopping threads took: 0.0000641 seconds
[2023-11-15T19:44:11.135+0000][39.050s][info ][gc,marking    ] GC(32) Concurrent Rebuild Remembered Sets
[2023-11-15T19:44:11.206+0000][39.121s][info ][gc,marking    ] GC(32) Concurrent Rebuild Remembered Sets 70.545ms
[2023-11-15T19:44:11.206+0000][39.121s][debug][safepoint     ] Safepoint synchronization initiated. (38 threads)
[2023-11-15T19:44:11.206+0000][39.121s][info ][safepoint     ] Application time: 0.0706659 seconds
[2023-11-15T19:44:11.206+0000][39.121s][debug][safepoint     ] ... found polling page return exception at pc = 0x00007f3d0234e8a1, stub =0x00007f3d0083a800
[2023-11-15T19:44:11.206+0000][39.121s][debug][safepoint     ] Waiting for 1 thread(s) to block
[2023-11-15T19:44:11.206+0000][39.121s][info ][safepoint     ] Entering safepoint region: CGC_Operation
[2023-11-15T19:44:11.206+0000][39.121s][info ][gc,start      ] GC(32) Pause Cleanup
[2023-11-15T19:44:11.206+0000][39.121s][info ][gc            ] GC(32) Pause Cleanup 127M->127M(519M) 0.193ms
[2023-11-15T19:44:11.206+0000][39.121s][info ][gc,cpu        ] GC(32) User=0.00s Sys=0.00s Real=0.00s
[2023-11-15T19:44:11.206+0000][39.121s][info ][safepoint     ] Leaving safepoint region
[2023-11-15T19:44:11.206+0000][39.121s][info ][safepoint     ] Total time for which application threads were stopped: 0.0003737 seconds, Stopping threads took: 0.0000731 seconds
[2023-11-15T19:44:11.206+0000][39.122s][info ][gc,marking    ] GC(32) Concurrent Cleanup for Next Mark
[2023-11-15T19:44:11.207+0000][39.123s][info ][gc,marking    ] GC(32) Concurrent Cleanup for Next Mark 1.007ms
[2023-11-15T19:44:11.207+0000][39.123s][info ][gc            ] GC(32) Concurrent Cycle 218.764ms
[2023-11-15T19:44:11.413+0000][39.329s][debug][safepoint     ] Safepoint synchronization initiated. (38 threads)
[2023-11-15T19:44:11.413+0000][39.329s][info ][safepoint     ] Application time: 0.2070911 seconds
[2023-11-15T19:44:11.413+0000][39.329s][info ][safepoint     ] Entering safepoint region: Deoptimize
[2023-11-15T19:44:11.414+0000][39.330s][info ][safepoint     ] Leaving safepoint region
[2023-11-15T19:44:11.414+0000][39.330s][info ][safepoint     ] Total time for which application threads were stopped: 0.0009878 seconds, Stopping threads took: 0.0000142 seconds
[2023-11-15T19:44:11.463+0000][39.378s][debug][safepoint     ] Safepoint synchronization initiated. (38 threads)
[2023-11-15T19:44:11.463+0000][39.378s][info ][safepoint     ] Application time: 0.0484247 seconds
[2023-11-15T19:44:11.463+0000][39.378s][info ][safepoint     ] Entering safepoint region: Deoptimize
[2023-11-15T19:44:11.464+0000][39.379s][info ][safepoint     ] Leaving safepoint region
[2023-11-15T19:44:11.464+0000][39.379s][info ][safepoint     ] Total time for which application threads were stopped: 0.0011113 seconds, Stopping threads took: 0.0000138 seconds
[2023-11-15T19:44:12.464+0000][40.379s][debug][safepoint     ] Safepoint synchronization initiated. (41 threads)
[2023-11-15T19:44:12.464+0000][40.379s][info ][safepoint     ] Application time: 1.0001144 seconds
[2023-11-15T19:44:12.464+0000][40.379s][debug][safepoint     ] Waiting for 1 thread(s) to block
[2023-11-15T19:44:12.464+0000][40.379s][info ][safepoint     ] Entering safepoint region: Cleanup
[2023-11-15T19:44:12.464+0000][40.379s][info ][safepoint     ] Leaving safepoint region
[2023-11-15T19:44:12.464+0000][40.379s][info ][safepoint     ] Total time for which application threads were stopped: 0.0001777 seconds, Stopping threads took: 0.0000411 seconds
[2023-11-15T19:44:13.146+0000][41.061s][debug][safepoint     ] Safepoint synchronization initiated. (41 threads)
[2023-11-15T19:44:13.146+0000][41.062s][info ][safepoint     ] Application time: 0.6820680 seconds
[2023-11-15T19:44:13.146+0000][41.062s][info ][safepoint     ] Entering safepoint region: Deoptimize
[2023-11-15T19:44:13.147+0000][41.063s][info ][safepoint     ] Leaving safepoint region
[2023-11-15T19:44:13.147+0000][41.063s][info ][safepoint     ] Total time for which application threads were stopped: 0.0010772 seconds, Stopping threads took: 0.0000142 seconds
[2023-11-15T19:44:14.147+0000][42.063s][debug][safepoint     ] Safepoint synchronization initiated. (41 threads)
[2023-11-15T19:44:14.147+0000][42.063s][info ][safepoint     ] Application time: 1.0001310 seconds
[2023-11-15T19:44:14.147+0000][42.063s][info ][safepoint     ] Entering safepoint region: Cleanup
[2023-11-15T19:44:14.148+0000][42.063s][info ][safepoint     ] Leaving safepoint region
[2023-11-15T19:44:14.148+0000][42.063s][info ][safepoint     ] Total time for which application threads were stopped: 0.0001701 seconds, Stopping threads took: 0.0000239 seconds
[2023-11-15T19:44:15.148+0000][43.063s][debug][safepoint     ] Safepoint synchronization initiated. (41 threads)
[2023-11-15T19:44:15.148+0000][43.063s][info ][safepoint     ] Application time: 1.0001074 seconds
[2023-11-15T19:44:15.148+0000][43.063s][info ][safepoint     ] Entering safepoint region: Cleanup
[2023-11-15T19:44:15.148+0000][43.063s][info ][safepoint     ] Leaving safepoint region
[2023-11-15T19:44:15.148+0000][43.063s][info ][safepoint     ] Total time for which application threads were stopped: 0.0002372 seconds, Stopping threads took: 0.0000291 seconds
[2023-11-15T19:44:16.148+0000][44.063s][debug][safepoint     ] Safepoint synchronization initiated. (41 threads)
[2023-11-15T19:44:16.241+0000][44.156s][info ][safepoint     ] Application time: 1.0926357 seconds
[2023-11-15T19:44:16.241+0000][44.156s][info ][safepoint     ] Entering safepoint region: Cleanup
[2023-11-15T19:44:16.241+0000][44.157s][info ][safepoint     ] Leaving safepoint region
[2023-11-15T19:44:16.241+0000][44.157s][info ][safepoint     ] Total time for which application threads were stopped: 0.0007401 seconds, Stopping threads took: 0.0000191 seconds
