[2023-11-16T11:59:24.984+0000][0.003s][info][gc,heap] Heap region size: 1M
[2023-11-16T11:59:24.988+0000][0.007s][info][gc     ] Using G1
[2023-11-16T11:59:24.988+0000][0.007s][info][gc,heap,coops] Heap address: 0x0000000708000000, size: 3968 MB, Compressed Oops mode: Zero based, Oop shift amount: 3
[2023-11-16T11:59:24.988+0000][0.007s][info][gc,cds       ] Mark closed archive regions in map: [0x00000007bfc00000, 0x00000007bfc6bff8]
[2023-11-16T11:59:24.988+0000][0.007s][info][gc,cds       ] Mark open archive regions in map: [0x00000007bf800000, 0x00000007bf847ff8]
[2023-11-16T11:59:25.053+0000][0.072s][debug][safepoint    ] Safepoint synchronization initiated. (9 threads)
[2023-11-16T11:59:25.053+0000][0.072s][info ][safepoint    ] Application time: 0.0345514 seconds
[2023-11-16T11:59:25.053+0000][0.072s][info ][safepoint    ] Entering safepoint region: Deoptimize
[2023-11-16T11:59:25.053+0000][0.072s][info ][safepoint    ] Leaving safepoint region
[2023-11-16T11:59:25.053+0000][0.072s][info ][safepoint    ] Total time for which application threads were stopped: 0.0001183 seconds, Stopping threads took: 0.0000090 seconds
[2023-11-16T11:59:25.401+0000][0.420s][debug][safepoint    ] Safepoint synchronization initiated. (10 threads)
[2023-11-16T11:59:25.401+0000][0.420s][info ][safepoint    ] Application time: 0.3475379 seconds
[2023-11-16T11:59:25.401+0000][0.420s][info ][safepoint    ] Entering safepoint region: G1CollectForAllocation
[2023-11-16T11:59:25.401+0000][0.420s][info ][gc,start     ] GC(0) Pause Young (Normal) (G1 Evacuation Pause)
[2023-11-16T11:59:25.408+0000][0.427s][info ][gc,task      ] GC(0) Using 4 workers of 4 for evacuation
[2023-11-16T11:59:25.417+0000][0.436s][info ][gc,phases    ] GC(0)   Pre Evacuate Collection Set: 0.0ms
[2023-11-16T11:59:25.417+0000][0.436s][info ][gc,phases    ] GC(0)   Evacuate Collection Set: 8.4ms
[2023-11-16T11:59:25.417+0000][0.437s][info ][gc,phases    ] GC(0)   Post Evacuate Collection Set: 0.9ms
[2023-11-16T11:59:25.417+0000][0.437s][info ][gc,phases    ] GC(0)   Other: 7.1ms
[2023-11-16T11:59:25.417+0000][0.437s][info ][gc,heap      ] GC(0) Eden regions: 38->0(143)
[2023-11-16T11:59:25.417+0000][0.437s][info ][gc,heap      ] GC(0) Survivor regions: 0->5(5)
[2023-11-16T11:59:25.417+0000][0.437s][info ][gc,heap      ] GC(0) Old regions: 2->5
[2023-11-16T11:59:25.417+0000][0.437s][info ][gc,heap      ] GC(0) Humongous regions: 2->0
[2023-11-16T11:59:25.417+0000][0.437s][info ][gc,metaspace ] GC(0) Metaspace: 1849K(5120K)->1849K(5120K) NonClass: 1695K(4608K)->1695K(4608K) Class: 153K(512K)->153K(512K)
[2023-11-16T11:59:25.417+0000][0.437s][info ][gc           ] GC(0) Pause Young (Normal) (G1 Evacuation Pause) 40M->8M(250M) 16.530ms
[2023-11-16T11:59:25.417+0000][0.437s][info ][gc,cpu       ] GC(0) User=0.05s Sys=0.00s Real=0.01s
[2023-11-16T11:59:25.417+0000][0.437s][info ][safepoint    ] Leaving safepoint region
[2023-11-16T11:59:25.417+0000][0.437s][info ][safepoint    ] Total time for which application threads were stopped: 0.0166875 seconds, Stopping threads took: 0.0000106 seconds
[2023-11-16T11:59:25.417+0000][0.437s][info ][gc,stringdedup] Concurrent String Deduplication (0.437s)
[2023-11-16T11:59:25.419+0000][0.439s][info ][gc,stringdedup] Concurrent String Deduplication 563.4K->530.4K(33768.0B) avg 3.9% (0.437s, 0.439s) 1.896ms
[2023-11-16T11:59:25.641+0000][0.660s][debug][safepoint     ] Safepoint synchronization initiated. (10 threads)
[2023-11-16T11:59:25.641+0000][0.660s][info ][safepoint     ] Application time: 0.2234215 seconds
[2023-11-16T11:59:25.641+0000][0.660s][info ][safepoint     ] Entering safepoint region: G1CollectForAllocation
[2023-11-16T11:59:25.641+0000][0.660s][info ][gc,start      ] GC(1) Pause Young (Normal) (G1 Evacuation Pause)
[2023-11-16T11:59:25.641+0000][0.660s][info ][gc,task       ] GC(1) Using 4 workers of 4 for evacuation
[2023-11-16T11:59:25.660+0000][0.679s][info ][gc,phases     ] GC(1)   Pre Evacuate Collection Set: 0.0ms
[2023-11-16T11:59:25.660+0000][0.679s][info ][gc,phases     ] GC(1)   Evacuate Collection Set: 18.2ms
[2023-11-16T11:59:25.660+0000][0.679s][info ][gc,phases     ] GC(1)   Post Evacuate Collection Set: 0.8ms
[2023-11-16T11:59:25.660+0000][0.679s][info ][gc,phases     ] GC(1)   Other: 0.1ms
[2023-11-16T11:59:25.660+0000][0.679s][info ][gc,heap       ] GC(1) Eden regions: 32->0(82)
[2023-11-16T11:59:25.660+0000][0.679s][info ][gc,heap       ] GC(1) Survivor regions: 5->1(5)
[2023-11-16T11:59:25.660+0000][0.679s][info ][gc,heap       ] GC(1) Old regions: 5->10
[2023-11-16T11:59:25.660+0000][0.679s][info ][gc,heap       ] GC(1) Humongous regions: 0->0
[2023-11-16T11:59:25.660+0000][0.679s][info ][gc,metaspace  ] GC(1) Metaspace: 2975K(5760K)->2975K(5760K) NonClass: 2708K(5120K)->2708K(5120K) Class: 266K(640K)->266K(640K)
[2023-11-16T11:59:25.660+0000][0.679s][info ][gc            ] GC(1) Pause Young (Normal) (G1 Evacuation Pause) 40M->9M(250M) 19.299ms
[2023-11-16T11:59:25.660+0000][0.679s][info ][gc,cpu        ] GC(1) User=0.05s Sys=0.00s Real=0.02s
[2023-11-16T11:59:25.660+0000][0.679s][info ][safepoint     ] Leaving safepoint region
[2023-11-16T11:59:25.660+0000][0.679s][info ][safepoint     ] Total time for which application threads were stopped: 0.0194501 seconds, Stopping threads took: 0.0000093 seconds
[2023-11-16T11:59:25.660+0000][0.680s][info ][gc,stringdedup] Concurrent String Deduplication (0.680s)
[2023-11-16T11:59:25.667+0000][0.686s][info ][gc,stringdedup] Concurrent String Deduplication 1407.1K->1328.4K(80632.0B) avg 5.0% (0.680s, 0.686s) 6.888ms
[2023-11-16T11:59:25.693+0000][0.712s][debug][safepoint     ] Safepoint synchronization initiated. (10 threads)
[2023-11-16T11:59:25.693+0000][0.712s][info ][safepoint     ] Application time: 0.0324778 seconds
[2023-11-16T11:59:25.693+0000][0.712s][info ][safepoint     ] Entering safepoint region: Deoptimize
[2023-11-16T11:59:25.693+0000][0.712s][info ][safepoint     ] Leaving safepoint region
[2023-11-16T11:59:25.693+0000][0.712s][info ][safepoint     ] Total time for which application threads were stopped: 0.0001582 seconds, Stopping threads took: 0.0000098 seconds
[2023-11-16T11:59:25.699+0000][0.718s][debug][safepoint     ] Safepoint synchronization initiated. (10 threads)
[2023-11-16T11:59:25.699+0000][0.718s][info ][safepoint     ] Application time: 0.0058973 seconds
[2023-11-16T11:59:25.699+0000][0.718s][info ][safepoint     ] Entering safepoint region: Deoptimize
[2023-11-16T11:59:25.699+0000][0.718s][info ][safepoint     ] Leaving safepoint region
[2023-11-16T11:59:25.699+0000][0.718s][info ][safepoint     ] Total time for which application threads were stopped: 0.0001567 seconds, Stopping threads took: 0.0000090 seconds
[2023-11-16T11:59:25.767+0000][0.786s][debug][safepoint     ] Safepoint synchronization initiated. (10 threads)
[2023-11-16T11:59:25.767+0000][0.786s][info ][safepoint     ] Application time: 0.0677505 seconds
[2023-11-16T11:59:25.767+0000][0.786s][info ][safepoint     ] Entering safepoint region: Deoptimize
[2023-11-16T11:59:25.767+0000][0.786s][info ][safepoint     ] Leaving safepoint region
[2023-11-16T11:59:25.767+0000][0.786s][info ][safepoint     ] Total time for which application threads were stopped: 0.0001621 seconds, Stopping threads took: 0.0000105 seconds
[2023-11-16T11:59:25.776+0000][0.795s][debug][safepoint     ] Safepoint synchronization initiated. (10 threads)
[2023-11-16T11:59:25.776+0000][0.795s][info ][safepoint     ] Application time: 0.0089899 seconds
[2023-11-16T11:59:25.776+0000][0.795s][info ][safepoint     ] Entering safepoint region: Deoptimize
[2023-11-16T11:59:25.776+0000][0.795s][info ][safepoint     ] Leaving safepoint region
[2023-11-16T11:59:25.776+0000][0.795s][info ][safepoint     ] Total time for which application threads were stopped: 0.0001626 seconds, Stopping threads took: 0.0000098 seconds
[2023-11-16T11:59:26.161+0000][1.180s][debug][safepoint     ] Safepoint synchronization initiated. (11 threads)
[2023-11-16T11:59:26.161+0000][1.180s][info ][safepoint     ] Application time: 0.3844522 seconds
[2023-11-16T11:59:26.161+0000][1.180s][debug][safepoint     ] Waiting for 1 thread(s) to block
[2023-11-16T11:59:26.161+0000][1.180s][info ][safepoint     ] Entering safepoint region: G1CollectForAllocation
[2023-11-16T11:59:26.161+0000][1.180s][info ][gc,start      ] GC(2) Pause Young (Normal) (G1 Evacuation Pause)
[2023-11-16T11:59:26.161+0000][1.180s][info ][gc,task       ] GC(2) Using 4 workers of 4 for evacuation
[2023-11-16T11:59:26.166+0000][1.185s][info ][gc,phases     ] GC(2)   Pre Evacuate Collection Set: 0.0ms
[2023-11-16T11:59:26.166+0000][1.185s][info ][gc,phases     ] GC(2)   Evacuate Collection Set: 3.6ms
[2023-11-16T11:59:26.166+0000][1.185s][info ][gc,phases     ] GC(2)   Post Evacuate Collection Set: 1.1ms
[2023-11-16T11:59:26.166+0000][1.185s][info ][gc,phases     ] GC(2)   Other: 0.1ms
[2023-11-16T11:59:26.166+0000][1.185s][info ][gc,heap       ] GC(2) Eden regions: 82->0(115)
[2023-11-16T11:59:26.166+0000][1.185s][info ][gc,heap       ] GC(2) Survivor regions: 1->2(11)
[2023-11-16T11:59:26.166+0000][1.185s][info ][gc,heap       ] GC(2) Old regions: 10->10
[2023-11-16T11:59:26.166+0000][1.185s][info ][gc,heap       ] GC(2) Humongous regions: 0->0
[2023-11-16T11:59:26.166+0000][1.185s][info ][gc,metaspace  ] GC(2) Metaspace: 5715K(7808K)->5715K(7808K) NonClass: 5072K(6912K)->5072K(6912K) Class: 643K(896K)->643K(896K)
[2023-11-16T11:59:26.166+0000][1.185s][info ][gc            ] GC(2) Pause Young (Normal) (G1 Evacuation Pause) 91M->10M(250M) 4.945ms
[2023-11-16T11:59:26.166+0000][1.185s][info ][gc,cpu        ] GC(2) User=0.02s Sys=0.00s Real=0.00s
[2023-11-16T11:59:26.166+0000][1.185s][info ][safepoint     ] Leaving safepoint region
[2023-11-16T11:59:26.166+0000][1.185s][info ][safepoint     ] Total time for which application threads were stopped: 0.0051506 seconds, Stopping threads took: 0.0000395 seconds
[2023-11-16T11:59:26.800+0000][1.819s][debug][safepoint     ] Safepoint synchronization initiated. (11 threads)
[2023-11-16T11:59:26.800+0000][1.819s][info ][safepoint     ] Application time: 0.6341750 seconds
[2023-11-16T11:59:26.800+0000][1.819s][debug][safepoint     ] Waiting for 1 thread(s) to block
[2023-11-16T11:59:26.800+0000][1.819s][info ][safepoint     ] Entering safepoint region: G1CollectForAllocation
[2023-11-16T11:59:26.800+0000][1.819s][info ][gc,start      ] GC(3) Pause Young (Normal) (G1 Evacuation Pause)
[2023-11-16T11:59:26.800+0000][1.819s][info ][gc,task       ] GC(3) Using 4 workers of 4 for evacuation
[2023-11-16T11:59:26.808+0000][1.827s][info ][gc,phases     ] GC(3)   Pre Evacuate Collection Set: 0.0ms
[2023-11-16T11:59:26.808+0000][1.827s][info ][gc,phases     ] GC(3)   Evacuate Collection Set: 6.5ms
[2023-11-16T11:59:26.808+0000][1.827s][info ][gc,phases     ] GC(3)   Post Evacuate Collection Set: 1.3ms
[2023-11-16T11:59:26.808+0000][1.827s][info ][gc,phases     ] GC(3)   Other: 0.2ms
[2023-11-16T11:59:26.808+0000][1.827s][info ][gc,heap       ] GC(3) Eden regions: 115->0(138)
[2023-11-16T11:59:26.808+0000][1.827s][info ][gc,heap       ] GC(3) Survivor regions: 2->4(15)
[2023-11-16T11:59:26.808+0000][1.827s][info ][gc,heap       ] GC(3) Old regions: 10->10
[2023-11-16T11:59:26.808+0000][1.827s][info ][gc,heap       ] GC(3) Humongous regions: 0->0
[2023-11-16T11:59:26.808+0000][1.827s][info ][gc,metaspace  ] GC(3) Metaspace: 10576K(11776K)->10576K(11776K) NonClass: 9273K(10240K)->9273K(10240K) Class: 1303K(1536K)->1303K(1536K)
[2023-11-16T11:59:26.808+0000][1.827s][info ][gc            ] GC(3) Pause Young (Normal) (G1 Evacuation Pause) 125M->11M(250M) 8.138ms
[2023-11-16T11:59:26.808+0000][1.827s][info ][gc,cpu        ] GC(3) User=0.03s Sys=0.00s Real=0.01s
[2023-11-16T11:59:26.808+0000][1.827s][info ][safepoint     ] Leaving safepoint region
[2023-11-16T11:59:26.808+0000][1.827s][info ][safepoint     ] Total time for which application threads were stopped: 0.0082979 seconds, Stopping threads took: 0.0000273 seconds
[2023-11-16T11:59:26.808+0000][1.827s][info ][gc,stringdedup] Concurrent String Deduplication (1.827s)
[2023-11-16T11:59:26.809+0000][1.828s][info ][gc,stringdedup] Concurrent String Deduplication 226.2K->155.2K(72680.0B) avg 7.4% (1.827s, 1.828s) 0.917ms
[2023-11-16T11:59:26.972+0000][1.992s][debug][safepoint     ] Safepoint synchronization initiated. (11 threads)
[2023-11-16T11:59:26.973+0000][1.992s][info ][safepoint     ] Application time: 0.1643054 seconds
[2023-11-16T11:59:26.973+0000][1.992s][info ][safepoint     ] Entering safepoint region: Deoptimize
[2023-11-16T11:59:26.973+0000][1.992s][info ][safepoint     ] Leaving safepoint region
[2023-11-16T11:59:26.973+0000][1.992s][info ][safepoint     ] Total time for which application threads were stopped: 0.0002707 seconds, Stopping threads took: 0.0000095 seconds
[2023-11-16T11:59:27.140+0000][2.159s][debug][safepoint     ] Safepoint synchronization initiated. (11 threads)
[2023-11-16T11:59:27.140+0000][2.159s][info ][safepoint     ] Application time: 0.1668175 seconds
[2023-11-16T11:59:27.140+0000][2.159s][debug][safepoint     ] Waiting for 1 thread(s) to block
[2023-11-16T11:59:27.140+0000][2.159s][info ][safepoint     ] Entering safepoint region: ICBufferFull
[2023-11-16T11:59:27.140+0000][2.159s][info ][safepoint     ] Leaving safepoint region
[2023-11-16T11:59:27.140+0000][2.159s][info ][safepoint     ] Total time for which application threads were stopped: 0.0001812 seconds, Stopping threads took: 0.0000243 seconds
[2023-11-16T11:59:27.350+0000][2.370s][debug][safepoint     ] Safepoint synchronization initiated. (12 threads)
[2023-11-16T11:59:27.350+0000][2.370s][info ][safepoint     ] Application time: 0.2104991 seconds
[2023-11-16T11:59:27.352+0000][2.371s][debug][safepoint     ] ... found polling page loop exception at pc = 0x00007ffac833a75a, stub =0x00007ffac083ab00
[2023-11-16T11:59:27.353+0000][2.372s][debug][safepoint     ] Waiting for 1 thread(s) to block
[2023-11-16T11:59:27.353+0000][2.372s][info ][safepoint     ] Entering safepoint region: G1CollectForAllocation
[2023-11-16T11:59:27.353+0000][2.372s][info ][gc,start      ] GC(4) Pause Young (Normal) (G1 Evacuation Pause)
[2023-11-16T11:59:27.353+0000][2.372s][info ][gc,task       ] GC(4) Using 4 workers of 4 for evacuation
[2023-11-16T11:59:27.362+0000][2.381s][info ][gc,phases     ] GC(4)   Pre Evacuate Collection Set: 0.0ms
[2023-11-16T11:59:27.362+0000][2.381s][info ][gc,phases     ] GC(4)   Evacuate Collection Set: 6.7ms
[2023-11-16T11:59:27.362+0000][2.381s][info ][gc,phases     ] GC(4)   Post Evacuate Collection Set: 2.3ms
[2023-11-16T11:59:27.362+0000][2.381s][info ][gc,phases     ] GC(4)   Other: 0.1ms
[2023-11-16T11:59:27.362+0000][2.381s][info ][gc,heap       ] GC(4) Eden regions: 138->0(205)
[2023-11-16T11:59:27.362+0000][2.381s][info ][gc,heap       ] GC(4) Survivor regions: 4->6(18)
[2023-11-16T11:59:27.362+0000][2.381s][info ][gc,heap       ] GC(4) Old regions: 10->10
[2023-11-16T11:59:27.362+0000][2.381s][info ][gc,heap       ] GC(4) Humongous regions: 0->0
[2023-11-16T11:59:27.362+0000][2.381s][info ][gc,metaspace  ] GC(4) Metaspace: 14947K(15744K)->14947K(15744K) NonClass: 13081K(13568K)->13081K(13568K) Class: 1865K(2176K)->1865K(2176K)
[2023-11-16T11:59:27.362+0000][2.381s][info ][gc            ] GC(4) Pause Young (Normal) (G1 Evacuation Pause) 149M->13M(353M) 9.244ms
[2023-11-16T11:59:27.362+0000][2.381s][info ][gc,cpu        ] GC(4) User=0.02s Sys=0.00s Real=0.01s
[2023-11-16T11:59:27.362+0000][2.381s][info ][safepoint     ] Leaving safepoint region
[2023-11-16T11:59:27.362+0000][2.381s][info ][safepoint     ] Total time for which application threads were stopped: 0.0118802 seconds, Stopping threads took: 0.0024931 seconds
[2023-11-16T11:59:27.362+0000][2.381s][info ][gc,stringdedup] Concurrent String Deduplication (2.381s)
[2023-11-16T11:59:27.363+0000][2.382s][info ][gc,stringdedup] Concurrent String Deduplication 106.6K->29256.0B(79888.0B) avg 10.1% (2.381s, 2.382s) 0.908ms
[2023-11-16T11:59:27.636+0000][2.656s][debug][safepoint     ] Safepoint synchronization initiated. (12 threads)
[2023-11-16T11:59:27.636+0000][2.656s][info ][safepoint     ] Application time: 0.2742321 seconds
[2023-11-16T11:59:27.636+0000][2.656s][debug][safepoint     ] ... found polling page return exception at pc = 0x00007ffac8396ad9, stub =0x00007ffac083a800
[2023-11-16T11:59:27.637+0000][2.656s][debug][safepoint     ] Waiting for 1 thread(s) to block
[2023-11-16T11:59:27.637+0000][2.656s][info ][safepoint     ] Entering safepoint region: Deoptimize
[2023-11-16T11:59:27.637+0000][2.656s][info ][safepoint     ] Leaving safepoint region
[2023-11-16T11:59:27.637+0000][2.656s][info ][safepoint     ] Total time for which application threads were stopped: 0.0003568 seconds, Stopping threads took: 0.0000807 seconds
[2023-11-16T11:59:27.653+0000][2.672s][debug][safepoint     ] Safepoint synchronization initiated. (12 threads)
[2023-11-16T11:59:27.653+0000][2.672s][info ][safepoint     ] Application time: 0.0158307 seconds
[2023-11-16T11:59:27.653+0000][2.672s][debug][safepoint     ] ... found polling page return exception at pc = 0x00007ffac840eff8, stub =0x00007ffac083a800
[2023-11-16T11:59:27.653+0000][2.672s][debug][safepoint     ] Waiting for 1 thread(s) to block
[2023-11-16T11:59:27.653+0000][2.672s][info ][safepoint     ] Entering safepoint region: Deoptimize
[2023-11-16T11:59:27.653+0000][2.672s][info ][safepoint     ] Leaving safepoint region
[2023-11-16T11:59:27.653+0000][2.672s][info ][safepoint     ] Total time for which application threads were stopped: 0.0004242 seconds, Stopping threads took: 0.0001537 seconds
[2023-11-16T11:59:27.872+0000][2.892s][debug][safepoint     ] Safepoint synchronization initiated. (12 threads)
[2023-11-16T11:59:27.873+0000][2.892s][info ][safepoint     ] Application time: 0.2194191 seconds
[2023-11-16T11:59:27.873+0000][2.892s][debug][safepoint     ] ... found polling page loop exception at pc = 0x00007ffac83a59b0, stub =0x00007ffac083ab00
[2023-11-16T11:59:27.873+0000][2.892s][debug][safepoint     ] Waiting for 2 thread(s) to block
[2023-11-16T11:59:27.873+0000][2.892s][info ][safepoint     ] Entering safepoint region: CollectForMetadataAllocation
[2023-11-16T11:59:27.873+0000][2.892s][info ][gc,start      ] GC(5) Pause Young (Concurrent Start) (Metadata GC Threshold)
[2023-11-16T11:59:27.873+0000][2.892s][info ][gc,task       ] GC(5) Using 4 workers of 4 for evacuation
[2023-11-16T11:59:27.885+0000][2.905s][info ][gc,phases     ] GC(5)   Pre Evacuate Collection Set: 0.0ms
[2023-11-16T11:59:27.885+0000][2.905s][info ][gc,phases     ] GC(5)   Evacuate Collection Set: 11.2ms
[2023-11-16T11:59:27.885+0000][2.905s][info ][gc,phases     ] GC(5)   Post Evacuate Collection Set: 1.2ms
[2023-11-16T11:59:27.885+0000][2.905s][info ][gc,phases     ] GC(5)   Other: 0.2ms
[2023-11-16T11:59:27.885+0000][2.905s][info ][gc,heap       ] GC(5) Eden regions: 187->0(202)
[2023-11-16T11:59:27.885+0000][2.905s][info ][gc,heap       ] GC(5) Survivor regions: 6->9(27)
[2023-11-16T11:59:27.885+0000][2.905s][info ][gc,heap       ] GC(5) Old regions: 10->10
[2023-11-16T11:59:27.885+0000][2.905s][info ][gc,heap       ] GC(5) Humongous regions: 0->0
[2023-11-16T11:59:27.885+0000][2.905s][info ][gc,metaspace  ] GC(5) Metaspace: 20429K(21248K)->20429K(21248K) NonClass: 17880K(18432K)->17880K(18432K) Class: 2549K(2816K)->2549K(2816K)
[2023-11-16T11:59:27.885+0000][2.905s][info ][gc            ] GC(5) Pause Young (Concurrent Start) (Metadata GC Threshold) 200M->16M(353M) 12.739ms
[2023-11-16T11:59:27.885+0000][2.905s][info ][gc,cpu        ] GC(5) User=0.04s Sys=0.00s Real=0.01s
[2023-11-16T11:59:27.886+0000][2.905s][info ][gc            ] GC(6) Concurrent Cycle
[2023-11-16T11:59:27.886+0000][2.905s][info ][gc,marking    ] GC(6) Concurrent Clear Claimed Marks
[2023-11-16T11:59:27.886+0000][2.905s][info ][safepoint     ] Leaving safepoint region
[2023-11-16T11:59:27.886+0000][2.905s][info ][safepoint     ] Total time for which application threads were stopped: 0.0130195 seconds, Stopping threads took: 0.0000715 seconds
[2023-11-16T11:59:27.886+0000][2.905s][info ][gc,marking    ] GC(6) Concurrent Clear Claimed Marks 0.050ms
[2023-11-16T11:59:27.886+0000][2.905s][info ][gc,stringdedup] Concurrent String Deduplication (2.905s)
[2023-11-16T11:59:27.886+0000][2.905s][info ][gc,marking    ] GC(6) Concurrent Scan Root Regions
[2023-11-16T11:59:27.887+0000][2.906s][info ][gc,stringdedup] Concurrent String Deduplication 145.3K->52512.0B(96320.0B) avg 13.0% (2.905s, 2.906s) 0.910ms
[2023-11-16T11:59:27.891+0000][2.910s][info ][gc,marking    ] GC(6) Concurrent Scan Root Regions 4.991ms
[2023-11-16T11:59:27.891+0000][2.910s][info ][gc,marking    ] GC(6) Concurrent Mark (2.910s)
[2023-11-16T11:59:27.891+0000][2.910s][info ][gc,marking    ] GC(6) Concurrent Mark From Roots
[2023-11-16T11:59:27.891+0000][2.910s][info ][gc,task       ] GC(6) Using 1 workers of 1 for marking
[2023-11-16T11:59:27.900+0000][2.919s][debug][safepoint     ] Safepoint synchronization initiated. (12 threads)
[2023-11-16T11:59:27.900+0000][2.919s][info ][safepoint     ] Application time: 0.0139970 seconds
[2023-11-16T11:59:27.900+0000][2.919s][info ][safepoint     ] Entering safepoint region: CollectForMetadataAllocation
[2023-11-16T11:59:27.900+0000][2.919s][info ][safepoint     ] Leaving safepoint region
[2023-11-16T11:59:27.900+0000][2.919s][info ][safepoint     ] Total time for which application threads were stopped: 0.0001143 seconds, Stopping threads took: 0.0000088 seconds
[2023-11-16T11:59:27.904+0000][2.923s][debug][safepoint     ] Safepoint synchronization initiated. (12 threads)
[2023-11-16T11:59:27.904+0000][2.923s][info ][safepoint     ] Application time: 0.0044039 seconds
[2023-11-16T11:59:27.904+0000][2.923s][debug][safepoint     ] ... found polling page return exception at pc = 0x00007ffac0f80b80, stub =0x00007ffac083a800
[2023-11-16T11:59:27.904+0000][2.923s][debug][safepoint     ] Waiting for 1 thread(s) to block
[2023-11-16T11:59:27.904+0000][2.923s][info ][safepoint     ] Entering safepoint region: CollectForMetadataAllocation
[2023-11-16T11:59:27.904+0000][2.923s][info ][safepoint     ] Leaving safepoint region
[2023-11-16T11:59:27.904+0000][2.923s][info ][safepoint     ] Total time for which application threads were stopped: 0.0001522 seconds, Stopping threads took: 0.0000728 seconds
[2023-11-16T11:59:27.916+0000][2.935s][debug][safepoint     ] Safepoint synchronization initiated. (12 threads)
[2023-11-16T11:59:27.916+0000][2.935s][info ][safepoint     ] Application time: 0.0117911 seconds
[2023-11-16T11:59:27.916+0000][2.935s][debug][safepoint     ] Waiting for 1 thread(s) to block
[2023-11-16T11:59:27.916+0000][2.935s][info ][safepoint     ] Entering safepoint region: CollectForMetadataAllocation
[2023-11-16T11:59:27.916+0000][2.935s][info ][safepoint     ] Leaving safepoint region
[2023-11-16T11:59:27.916+0000][2.935s][info ][safepoint     ] Total time for which application threads were stopped: 0.0001155 seconds, Stopping threads took: 0.0000256 seconds
[2023-11-16T11:59:27.917+0000][2.936s][info ][gc,marking    ] GC(6) Concurrent Mark From Roots 26.402ms
[2023-11-16T11:59:27.917+0000][2.936s][info ][gc,marking    ] GC(6) Concurrent Preclean
[2023-11-16T11:59:27.917+0000][2.936s][info ][gc,marking    ] GC(6) Concurrent Preclean 0.061ms
[2023-11-16T11:59:27.917+0000][2.936s][info ][gc,marking    ] GC(6) Concurrent Mark (2.910s, 2.936s) 26.502ms
[2023-11-16T11:59:27.917+0000][2.936s][debug][safepoint     ] Safepoint synchronization initiated. (12 threads)
[2023-11-16T11:59:27.917+0000][2.936s][info ][safepoint     ] Application time: 0.0009589 seconds
[2023-11-16T11:59:27.917+0000][2.936s][info ][safepoint     ] Entering safepoint region: CGC_Operation
[2023-11-16T11:59:27.917+0000][2.936s][info ][gc,start      ] GC(6) Pause Remark
[2023-11-16T11:59:27.920+0000][2.939s][info ][gc,stringtable] GC(6) Cleaned string and symbol table, strings: 7637 processed, 5 removed, symbols: 56086 processed, 117 removed
[2023-11-16T11:59:27.920+0000][2.939s][info ][gc            ] GC(6) Pause Remark 22M->22M(353M) 2.817ms
[2023-11-16T11:59:27.920+0000][2.939s][info ][gc,cpu        ] GC(6) User=0.01s Sys=0.00s Real=0.01s
[2023-11-16T11:59:27.920+0000][2.939s][info ][safepoint     ] Leaving safepoint region
[2023-11-16T11:59:27.920+0000][2.939s][info ][safepoint     ] Total time for which application threads were stopped: 0.0028999 seconds, Stopping threads took: 0.0000079 seconds
[2023-11-16T11:59:27.920+0000][2.939s][info ][gc,marking    ] GC(6) Concurrent Rebuild Remembered Sets
[2023-11-16T11:59:27.920+0000][2.939s][debug][safepoint     ] Safepoint synchronization initiated. (12 threads)
[2023-11-16T11:59:27.920+0000][2.939s][info ][safepoint     ] Application time: 0.0000902 seconds
[2023-11-16T11:59:27.920+0000][2.939s][debug][safepoint     ] ... found polling page return exception at pc = 0x00007ffac0e01bc4, stub =0x00007ffac083a800
[2023-11-16T11:59:27.920+0000][2.939s][debug][safepoint     ] Waiting for 2 thread(s) to block
[2023-11-16T11:59:27.920+0000][2.939s][info ][safepoint     ] Entering safepoint region: CollectForMetadataAllocation
[2023-11-16T11:59:27.920+0000][2.939s][info ][safepoint     ] Leaving safepoint region
[2023-11-16T11:59:27.920+0000][2.939s][info ][safepoint     ] Total time for which application threads were stopped: 0.0001209 seconds, Stopping threads took: 0.0000757 seconds
[2023-11-16T11:59:27.937+0000][2.957s][info ][gc,marking    ] GC(6) Concurrent Rebuild Remembered Sets 17.388ms
[2023-11-16T11:59:27.938+0000][2.957s][debug][safepoint     ] Safepoint synchronization initiated. (12 threads)
[2023-11-16T11:59:27.938+0000][2.957s][info ][safepoint     ] Application time: 0.0172613 seconds
[2023-11-16T11:59:27.938+0000][2.957s][debug][safepoint     ] Waiting for 2 thread(s) to block
[2023-11-16T11:59:27.938+0000][2.957s][info ][safepoint     ] Entering safepoint region: CGC_Operation
[2023-11-16T11:59:27.938+0000][2.957s][info ][gc,start      ] GC(6) Pause Cleanup
[2023-11-16T11:59:27.938+0000][2.957s][info ][gc            ] GC(6) Pause Cleanup 26M->26M(353M) 0.130ms
[2023-11-16T11:59:27.938+0000][2.957s][info ][gc,cpu        ] GC(6) User=0.00s Sys=0.00s Real=0.00s
[2023-11-16T11:59:27.938+0000][2.957s][info ][safepoint     ] Leaving safepoint region
[2023-11-16T11:59:27.938+0000][2.957s][info ][safepoint     ] Total time for which application threads were stopped: 0.0003523 seconds, Stopping threads took: 0.0001531 seconds
[2023-11-16T11:59:27.938+0000][2.957s][info ][gc,marking    ] GC(6) Concurrent Cleanup for Next Mark
[2023-11-16T11:59:27.941+0000][2.961s][info ][gc,marking    ] GC(6) Concurrent Cleanup for Next Mark 3.405ms
[2023-11-16T11:59:27.941+0000][2.961s][info ][gc            ] GC(6) Concurrent Cycle 55.878ms
[2023-11-16T11:59:28.022+0000][3.041s][debug][safepoint     ] Safepoint synchronization initiated. (12 threads)
[2023-11-16T11:59:28.022+0000][3.041s][info ][safepoint     ] Application time: 0.0840717 seconds
[2023-11-16T11:59:28.022+0000][3.041s][debug][safepoint     ] ... found polling page loop exception at pc = 0x00007ffac82c3d4c, stub =0x00007ffac083ab00
[2023-11-16T11:59:28.022+0000][3.041s][debug][safepoint     ] Waiting for 2 thread(s) to block
[2023-11-16T11:59:28.022+0000][3.041s][info ][safepoint     ] Entering safepoint region: Deoptimize
[2023-11-16T11:59:28.024+0000][3.043s][info ][safepoint     ] Leaving safepoint region
[2023-11-16T11:59:28.024+0000][3.043s][info ][safepoint     ] Total time for which application threads were stopped: 0.0015796 seconds, Stopping threads took: 0.0000759 seconds
[2023-11-16T11:59:28.330+0000][3.349s][debug][safepoint     ] Safepoint synchronization initiated. (11 threads)
[2023-11-16T11:59:28.330+0000][3.349s][info ][safepoint     ] Application time: 0.3064446 seconds
[2023-11-16T11:59:28.330+0000][3.349s][info ][safepoint     ] Entering safepoint region: ICBufferFull
[2023-11-16T11:59:28.330+0000][3.349s][info ][safepoint     ] Leaving safepoint region
[2023-11-16T11:59:28.330+0000][3.349s][info ][safepoint     ] Total time for which application threads were stopped: 0.0001419 seconds, Stopping threads took: 0.0000101 seconds
[2023-11-16T11:59:28.696+0000][3.715s][debug][safepoint     ] Safepoint synchronization initiated. (11 threads)
[2023-11-16T11:59:28.696+0000][3.715s][info ][safepoint     ] Application time: 0.3656698 seconds
[2023-11-16T11:59:28.696+0000][3.715s][info ][safepoint     ] Entering safepoint region: G1CollectForAllocation
[2023-11-16T11:59:28.696+0000][3.715s][info ][gc,start      ] GC(7) Pause Young (Concurrent Start) (G1 Evacuation Pause)
[2023-11-16T11:59:28.696+0000][3.715s][info ][gc,task       ] GC(7) Using 4 workers of 4 for evacuation
[2023-11-16T11:59:28.718+0000][3.737s][info ][gc,phases     ] GC(7)   Pre Evacuate Collection Set: 0.1ms
[2023-11-16T11:59:28.718+0000][3.737s][info ][gc,phases     ] GC(7)   Evacuate Collection Set: 20.1ms
[2023-11-16T11:59:28.718+0000][3.737s][info ][gc,phases     ] GC(7)   Post Evacuate Collection Set: 1.4ms
[2023-11-16T11:59:28.718+0000][3.737s][info ][gc,phases     ] GC(7)   Other: 0.2ms
[2023-11-16T11:59:28.718+0000][3.737s][info ][gc,heap       ] GC(7) Eden regions: 202->0(197)
[2023-11-16T11:59:28.718+0000][3.737s][info ][gc,heap       ] GC(7) Survivor regions: 9->14(27)
[2023-11-16T11:59:28.718+0000][3.737s][info ][gc,heap       ] GC(7) Old regions: 10->10
[2023-11-16T11:59:28.718+0000][3.737s][info ][gc,heap       ] GC(7) Humongous regions: 0->0
[2023-11-16T11:59:28.718+0000][3.737s][info ][gc,metaspace  ] GC(7) Metaspace: 24190K(25212K)->24190K(25212K) NonClass: 21138K(21760K)->21138K(21760K) Class: 3052K(3452K)->3052K(3452K)
[2023-11-16T11:59:28.718+0000][3.737s][info ][gc            ] GC(7) Pause Young (Concurrent Start) (G1 Evacuation Pause) 218M->21M(353M) 21.971ms
[2023-11-16T11:59:28.718+0000][3.737s][info ][gc,cpu        ] GC(7) User=0.06s Sys=0.00s Real=0.02s
[2023-11-16T11:59:28.718+0000][3.737s][info ][safepoint     ] Leaving safepoint region
[2023-11-16T11:59:28.718+0000][3.737s][info ][safepoint     ] Total time for which application threads were stopped: 0.0221442 seconds, Stopping threads took: 0.0000088 seconds
[2023-11-16T11:59:28.718+0000][3.737s][info ][gc            ] GC(8) Concurrent Cycle
[2023-11-16T11:59:28.718+0000][3.737s][info ][gc,stringdedup] Concurrent String Deduplication (3.737s)
[2023-11-16T11:59:28.718+0000][3.737s][info ][gc,marking    ] GC(8) Concurrent Clear Claimed Marks
[2023-11-16T11:59:28.718+0000][3.737s][info ][gc,marking    ] GC(8) Concurrent Clear Claimed Marks 0.053ms
[2023-11-16T11:59:28.718+0000][3.737s][info ][gc,marking    ] GC(8) Concurrent Scan Root Regions
[2023-11-16T11:59:28.719+0000][3.739s][info ][gc,stringdedup] Concurrent String Deduplication 183.3K->116.4K(68440.0B) avg 14.5% (3.737s, 3.739s) 1.393ms
[2023-11-16T11:59:28.726+0000][3.745s][info ][gc,marking    ] GC(8) Concurrent Scan Root Regions 7.839ms
[2023-11-16T11:59:28.726+0000][3.745s][info ][gc,marking    ] GC(8) Concurrent Mark (3.745s)
[2023-11-16T11:59:28.726+0000][3.745s][info ][gc,marking    ] GC(8) Concurrent Mark From Roots
[2023-11-16T11:59:28.726+0000][3.745s][info ][gc,task       ] GC(8) Using 1 workers of 1 for marking
[2023-11-16T11:59:28.738+0000][3.758s][info ][gc,marking    ] GC(8) Concurrent Mark From Roots 12.364ms
[2023-11-16T11:59:28.738+0000][3.758s][info ][gc,marking    ] GC(8) Concurrent Preclean
[2023-11-16T11:59:28.738+0000][3.758s][info ][gc,marking    ] GC(8) Concurrent Preclean 0.055ms
[2023-11-16T11:59:28.738+0000][3.758s][info ][gc,marking    ] GC(8) Concurrent Mark (3.745s, 3.758s) 12.477ms
[2023-11-16T11:59:28.739+0000][3.758s][debug][safepoint     ] Safepoint synchronization initiated. (11 threads)
[2023-11-16T11:59:28.739+0000][3.758s][info ][safepoint     ] Application time: 0.0204932 seconds
[2023-11-16T11:59:28.739+0000][3.758s][info ][safepoint     ] Entering safepoint region: CGC_Operation
[2023-11-16T11:59:28.739+0000][3.758s][info ][gc,start      ] GC(8) Pause Remark
[2023-11-16T11:59:28.744+0000][3.763s][info ][gc,stringtable] GC(8) Cleaned string and symbol table, strings: 8945 processed, 2 removed, symbols: 62441 processed, 5 removed
[2023-11-16T11:59:28.744+0000][3.763s][info ][gc            ] GC(8) Pause Remark 27M->27M(353M) 5.324ms
[2023-11-16T11:59:28.744+0000][3.763s][info ][gc,cpu        ] GC(8) User=0.02s Sys=0.00s Real=0.01s
[2023-11-16T11:59:28.744+0000][3.763s][info ][safepoint     ] Leaving safepoint region
[2023-11-16T11:59:28.744+0000][3.763s][info ][safepoint     ] Total time for which application threads were stopped: 0.0054259 seconds, Stopping threads took: 0.0000099 seconds
[2023-11-16T11:59:28.744+0000][3.763s][info ][gc,marking    ] GC(8) Concurrent Rebuild Remembered Sets
[2023-11-16T11:59:28.750+0000][3.769s][info ][gc,marking    ] GC(8) Concurrent Rebuild Remembered Sets 6.103ms
[2023-11-16T11:59:28.750+0000][3.769s][debug][safepoint     ] Safepoint synchronization initiated. (11 threads)
[2023-11-16T11:59:28.750+0000][3.769s][info ][safepoint     ] Application time: 0.0062028 seconds
[2023-11-16T11:59:28.750+0000][3.769s][debug][safepoint     ] ... found polling page loop exception at pc = 0x00007ffac13567c1, stub =0x00007ffac083ab00
[2023-11-16T11:59:28.750+0000][3.769s][debug][safepoint     ] Waiting for 1 thread(s) to block
[2023-11-16T11:59:28.750+0000][3.769s][info ][safepoint     ] Entering safepoint region: CGC_Operation
[2023-11-16T11:59:28.750+0000][3.769s][info ][gc,start      ] GC(8) Pause Cleanup
[2023-11-16T11:59:28.750+0000][3.770s][info ][gc            ] GC(8) Pause Cleanup 28M->28M(353M) 0.114ms
[2023-11-16T11:59:28.750+0000][3.770s][info ][gc,cpu        ] GC(8) User=0.00s Sys=0.00s Real=0.00s
[2023-11-16T11:59:28.750+0000][3.770s][info ][safepoint     ] Leaving safepoint region
[2023-11-16T11:59:28.750+0000][3.770s][info ][safepoint     ] Total time for which application threads were stopped: 0.0002566 seconds, Stopping threads took: 0.0000709 seconds
[2023-11-16T11:59:28.750+0000][3.770s][info ][gc,marking    ] GC(8) Concurrent Cleanup for Next Mark
[2023-11-16T11:59:28.753+0000][3.772s][info ][gc,marking    ] GC(8) Concurrent Cleanup for Next Mark 2.346ms
[2023-11-16T11:59:28.753+0000][3.772s][info ][gc            ] GC(8) Concurrent Cycle 34.812ms
[2023-11-16T11:59:29.371+0000][4.391s][debug][safepoint     ] Safepoint synchronization initiated. (11 threads)
[2023-11-16T11:59:29.372+0000][4.391s][info ][safepoint     ] Application time: 0.6210872 seconds
[2023-11-16T11:59:29.372+0000][4.391s][info ][safepoint     ] Entering safepoint region: ICBufferFull
[2023-11-16T11:59:29.372+0000][4.391s][info ][safepoint     ] Leaving safepoint region
[2023-11-16T11:59:29.372+0000][4.391s][info ][safepoint     ] Total time for which application threads were stopped: 0.0002014 seconds, Stopping threads took: 0.0000099 seconds
[2023-11-16T11:59:29.482+0000][4.501s][debug][safepoint     ] Safepoint synchronization initiated. (11 threads)
[2023-11-16T11:59:29.482+0000][4.501s][info ][safepoint     ] Application time: 0.1099438 seconds
[2023-11-16T11:59:29.482+0000][4.501s][info ][safepoint     ] Entering safepoint region: G1CollectForAllocation
[2023-11-16T11:59:29.482+0000][4.501s][info ][gc,start      ] GC(9) Pause Young (Normal) (G1 Evacuation Pause)
[2023-11-16T11:59:29.482+0000][4.501s][info ][gc,task       ] GC(9) Using 4 workers of 4 for evacuation
[2023-11-16T11:59:29.505+0000][4.524s][info ][gc,phases     ] GC(9)   Pre Evacuate Collection Set: 0.0ms
[2023-11-16T11:59:29.505+0000][4.524s][info ][gc,phases     ] GC(9)   Evacuate Collection Set: 21.7ms
[2023-11-16T11:59:29.505+0000][4.524s][info ][gc,phases     ] GC(9)   Post Evacuate Collection Set: 1.4ms
[2023-11-16T11:59:29.505+0000][4.524s][info ][gc,phases     ] GC(9)   Other: 0.1ms
[2023-11-16T11:59:29.505+0000][4.524s][info ][gc,heap       ] GC(9) Eden regions: 197->0(193)
[2023-11-16T11:59:29.505+0000][4.524s][info ][gc,heap       ] GC(9) Survivor regions: 14->18(27)
[2023-11-16T11:59:29.505+0000][4.524s][info ][gc,heap       ] GC(9) Old regions: 10->10
[2023-11-16T11:59:29.505+0000][4.524s][info ][gc,heap       ] GC(9) Humongous regions: 0->0
[2023-11-16T11:59:29.505+0000][4.524s][info ][gc,metaspace  ] GC(9) Metaspace: 24733K(25724K)->24733K(25724K) NonClass: 21631K(22272K)->21631K(22272K) Class: 3101K(3452K)->3101K(3452K)
[2023-11-16T11:59:29.505+0000][4.524s][info ][gc            ] GC(9) Pause Young (Normal) (G1 Evacuation Pause) 218M->26M(353M) 23.362ms
[2023-11-16T11:59:29.505+0000][4.524s][info ][gc,cpu        ] GC(9) User=0.07s Sys=0.00s Real=0.02s
[2023-11-16T11:59:29.505+0000][4.524s][info ][safepoint     ] Leaving safepoint region
[2023-11-16T11:59:29.505+0000][4.524s][info ][safepoint     ] Total time for which application threads were stopped: 0.0235001 seconds, Stopping threads took: 0.0000102 seconds
[2023-11-16T11:59:29.505+0000][4.524s][info ][gc,stringdedup] Concurrent String Deduplication (4.524s)
[2023-11-16T11:59:29.508+0000][4.527s][info ][gc,stringdedup] Concurrent String Deduplication 871.5K->744.7K(126.8K) avg 14.5% (4.524s, 4.527s) 2.679ms
[2023-11-16T11:59:29.830+0000][4.849s][debug][safepoint     ] Safepoint synchronization initiated. (12 threads)
[2023-11-16T11:59:29.830+0000][4.849s][info ][safepoint     ] Application time: 0.3249075 seconds
[2023-11-16T11:59:29.830+0000][4.849s][info ][safepoint     ] Entering safepoint region: G1CollectForAllocation
[2023-11-16T11:59:29.830+0000][4.849s][info ][gc,start      ] GC(10) Pause Young (Normal) (G1 Evacuation Pause)
[2023-11-16T11:59:29.830+0000][4.850s][info ][gc,task       ] GC(10) Using 4 workers of 4 for evacuation
[2023-11-16T11:59:29.849+0000][4.868s][info ][gc,phases     ] GC(10)   Pre Evacuate Collection Set: 0.0ms
[2023-11-16T11:59:29.849+0000][4.868s][info ][gc,phases     ] GC(10)   Evacuate Collection Set: 15.7ms
[2023-11-16T11:59:29.849+0000][4.868s][info ][gc,phases     ] GC(10)   Post Evacuate Collection Set: 2.4ms
[2023-11-16T11:59:29.849+0000][4.868s][info ][gc,phases     ] GC(10)   Other: 0.2ms
[2023-11-16T11:59:29.849+0000][4.868s][info ][gc,heap       ] GC(10) Eden regions: 193->0(260)
[2023-11-16T11:59:29.849+0000][4.868s][info ][gc,heap       ] GC(10) Survivor regions: 18->14(27)
[2023-11-16T11:59:29.849+0000][4.868s][info ][gc,heap       ] GC(10) Old regions: 10->15
[2023-11-16T11:59:29.849+0000][4.868s][info ][gc,heap       ] GC(10) Humongous regions: 0->0
[2023-11-16T11:59:29.849+0000][4.868s][info ][gc,metaspace  ] GC(10) Metaspace: 26273K(27388K)->26273K(27388K) NonClass: 23052K(23808K)->23052K(23808K) Class: 3220K(3580K)->3220K(3580K)
[2023-11-16T11:59:29.849+0000][4.868s][info ][gc            ] GC(10) Pause Young (Normal) (G1 Evacuation Pause) 219M->27M(458M) 18.364ms
[2023-11-16T11:59:29.849+0000][4.868s][info ][gc,cpu        ] GC(10) User=0.07s Sys=0.00s Real=0.02s
[2023-11-16T11:59:29.849+0000][4.868s][info ][safepoint     ] Leaving safepoint region
[2023-11-16T11:59:29.849+0000][4.868s][info ][safepoint     ] Total time for which application threads were stopped: 0.0185377 seconds, Stopping threads took: 0.0000104 seconds
[2023-11-16T11:59:29.849+0000][4.868s][info ][gc,stringdedup] Concurrent String Deduplication (4.868s)
[2023-11-16T11:59:29.857+0000][4.876s][info ][gc,stringdedup] Concurrent String Deduplication 1587.0K->842.0K(745.0K) avg 24.1% (4.868s, 4.876s) 7.872ms
[2023-11-16T11:59:30.411+0000][5.430s][debug][safepoint     ] Safepoint synchronization initiated. (11 threads)
[2023-11-16T11:59:30.411+0000][5.430s][info ][safepoint     ] Application time: 0.5623335 seconds
[2023-11-16T11:59:30.411+0000][5.430s][info ][safepoint     ] Entering safepoint region: G1CollectForAllocation
[2023-11-16T11:59:30.411+0000][5.430s][info ][gc,start      ] GC(11) Pause Young (Normal) (G1 Evacuation Pause)
[2023-11-16T11:59:30.411+0000][5.430s][info ][gc,task       ] GC(11) Using 4 workers of 4 for evacuation
[2023-11-16T11:59:30.423+0000][5.442s][info ][gc,phases     ] GC(11)   Pre Evacuate Collection Set: 0.0ms
[2023-11-16T11:59:30.423+0000][5.442s][info ][gc,phases     ] GC(11)   Evacuate Collection Set: 10.1ms
[2023-11-16T11:59:30.423+0000][5.442s][info ][gc,phases     ] GC(11)   Post Evacuate Collection Set: 1.7ms
[2023-11-16T11:59:30.423+0000][5.442s][info ][gc,phases     ] GC(11)   Other: 0.2ms
[2023-11-16T11:59:30.423+0000][5.442s][info ][gc,heap       ] GC(11) Eden regions: 260->0(259)
[2023-11-16T11:59:30.423+0000][5.442s][info ][gc,heap       ] GC(11) Survivor regions: 14->15(35)
[2023-11-16T11:59:30.423+0000][5.442s][info ][gc,heap       ] GC(11) Old regions: 15->15
[2023-11-16T11:59:30.423+0000][5.442s][info ][gc,heap       ] GC(11) Humongous regions: 0->0
[2023-11-16T11:59:30.423+0000][5.442s][info ][gc,metaspace  ] GC(11) Metaspace: 30111K(31356K)->30111K(31356K) NonClass: 26499K(27392K)->26499K(27392K) Class: 3611K(3964K)->3611K(3964K)
[2023-11-16T11:59:30.423+0000][5.443s][info ][gc            ] GC(11) Pause Young (Normal) (G1 Evacuation Pause) 287M->27M(458M) 12.114ms
[2023-11-16T11:59:30.423+0000][5.443s][info ][gc,cpu        ] GC(11) User=0.04s Sys=0.00s Real=0.01s
[2023-11-16T11:59:30.423+0000][5.443s][info ][safepoint     ] Leaving safepoint region
[2023-11-16T11:59:30.423+0000][5.443s][info ][safepoint     ] Total time for which application threads were stopped: 0.0123338 seconds, Stopping threads took: 0.0000094 seconds
[2023-11-16T11:59:30.423+0000][5.443s][info ][gc,stringdedup] Concurrent String Deduplication (5.443s)
[2023-11-16T11:59:30.432+0000][5.451s][info ][gc,stringdedup] Concurrent String Deduplication 1814.8K->485.7K(1329.0K) avg 36.5% (5.443s, 5.451s) 8.094ms
[2023-11-16T11:59:30.800+0000][5.819s][debug][safepoint     ] Safepoint synchronization initiated. (11 threads)
[2023-11-16T11:59:30.800+0000][5.819s][info ][safepoint     ] Application time: 0.3764690 seconds
[2023-11-16T11:59:30.800+0000][5.819s][debug][safepoint     ] Waiting for 1 thread(s) to block
[2023-11-16T11:59:30.800+0000][5.819s][info ][safepoint     ] Entering safepoint region: ICBufferFull
[2023-11-16T11:59:30.800+0000][5.819s][info ][safepoint     ] Leaving safepoint region
[2023-11-16T11:59:30.800+0000][5.819s][info ][safepoint     ] Total time for which application threads were stopped: 0.0001862 seconds, Stopping threads took: 0.0000256 seconds
[2023-11-16T11:59:30.926+0000][5.946s][debug][safepoint     ] Safepoint synchronization initiated. (11 threads)
[2023-11-16T11:59:30.927+0000][5.946s][info ][safepoint     ] Application time: 0.1264801 seconds
[2023-11-16T11:59:30.927+0000][5.946s][info ][safepoint     ] Entering safepoint region: Deoptimize
[2023-11-16T11:59:30.927+0000][5.946s][info ][safepoint     ] Leaving safepoint region
[2023-11-16T11:59:30.927+0000][5.946s][info ][safepoint     ] Total time for which application threads were stopped: 0.0004374 seconds, Stopping threads took: 0.0000107 seconds
[2023-11-16T11:59:31.161+0000][6.180s][debug][safepoint     ] Safepoint synchronization initiated. (11 threads)
[2023-11-16T11:59:31.161+0000][6.180s][info ][safepoint     ] Application time: 0.2337796 seconds
[2023-11-16T11:59:31.161+0000][6.180s][debug][safepoint     ] Waiting for 1 thread(s) to block
[2023-11-16T11:59:31.161+0000][6.180s][info ][safepoint     ] Entering safepoint region: G1CollectForAllocation
[2023-11-16T11:59:31.161+0000][6.180s][info ][gc,start      ] GC(12) Pause Young (Normal) (G1 Evacuation Pause)
[2023-11-16T11:59:31.161+0000][6.180s][info ][gc,task       ] GC(12) Using 4 workers of 4 for evacuation
[2023-11-16T11:59:31.175+0000][6.194s][info ][gc,phases     ] GC(12)   Pre Evacuate Collection Set: 0.0ms
[2023-11-16T11:59:31.175+0000][6.194s][info ][gc,phases     ] GC(12)   Evacuate Collection Set: 11.8ms
[2023-11-16T11:59:31.175+0000][6.194s][info ][gc,phases     ] GC(12)   Post Evacuate Collection Set: 1.8ms
[2023-11-16T11:59:31.175+0000][6.194s][info ][gc,phases     ] GC(12)   Other: 0.2ms
[2023-11-16T11:59:31.175+0000][6.194s][info ][gc,heap       ] GC(12) Eden regions: 259->0(258)
[2023-11-16T11:59:31.175+0000][6.194s][info ][gc,heap       ] GC(12) Survivor regions: 15->16(35)
[2023-11-16T11:59:31.175+0000][6.194s][info ][gc,heap       ] GC(12) Old regions: 15->15
[2023-11-16T11:59:31.175+0000][6.194s][info ][gc,heap       ] GC(12) Humongous regions: 0->0
[2023-11-16T11:59:31.175+0000][6.194s][info ][gc,metaspace  ] GC(12) Metaspace: 32852K(34044K)->32852K(34044K) NonClass: 28894K(29696K)->28894K(29696K) Class: 3958K(4348K)->3958K(4348K)
[2023-11-16T11:59:31.175+0000][6.194s][info ][gc            ] GC(12) Pause Young (Normal) (G1 Evacuation Pause) 286M->28M(458M) 13.929ms
[2023-11-16T11:59:31.175+0000][6.194s][info ][gc,cpu        ] GC(12) User=0.05s Sys=0.00s Real=0.01s
[2023-11-16T11:59:31.175+0000][6.194s][info ][safepoint     ] Leaving safepoint region
[2023-11-16T11:59:31.175+0000][6.194s][info ][safepoint     ] Total time for which application threads were stopped: 0.0141719 seconds, Stopping threads took: 0.0000264 seconds
[2023-11-16T11:59:31.175+0000][6.194s][info ][gc,stringdedup] Concurrent String Deduplication (6.194s)
[2023-11-16T11:59:31.177+0000][6.196s][info ][gc,stringdedup] Concurrent String Deduplication 421.8K->48048.0B(374.9K) avg 39.4% (6.194s, 6.196s) 1.535ms
[2023-11-16T11:59:31.323+0000][6.342s][debug][safepoint     ] Safepoint synchronization initiated. (11 threads)
[2023-11-16T11:59:31.323+0000][6.342s][info ][safepoint     ] Application time: 0.1478088 seconds
[2023-11-16T11:59:31.323+0000][6.342s][info ][safepoint     ] Entering safepoint region: Deoptimize
[2023-11-16T11:59:31.323+0000][6.342s][info ][safepoint     ] Leaving safepoint region
[2023-11-16T11:59:31.323+0000][6.342s][info ][safepoint     ] Total time for which application threads were stopped: 0.0003905 seconds, Stopping threads took: 0.0000087 seconds
[2023-11-16T11:59:31.589+0000][6.609s][debug][safepoint     ] Safepoint synchronization initiated. (11 threads)
[2023-11-16T11:59:31.589+0000][6.609s][info ][safepoint     ] Application time: 0.2662117 seconds
[2023-11-16T11:59:31.589+0000][6.609s][info ][safepoint     ] Entering safepoint region: Deoptimize
[2023-11-16T11:59:31.590+0000][6.609s][info ][safepoint     ] Leaving safepoint region
[2023-11-16T11:59:31.590+0000][6.609s][info ][safepoint     ] Total time for which application threads were stopped: 0.0004423 seconds, Stopping threads took: 0.0000088 seconds
[2023-11-16T11:59:31.596+0000][6.616s][debug][safepoint     ] Safepoint synchronization initiated. (11 threads)
[2023-11-16T11:59:31.596+0000][6.616s][info ][safepoint     ] Application time: 0.0066319 seconds
[2023-11-16T11:59:31.596+0000][6.616s][info ][safepoint     ] Entering safepoint region: Deoptimize
[2023-11-16T11:59:31.597+0000][6.616s][info ][safepoint     ] Leaving safepoint region
[2023-11-16T11:59:31.597+0000][6.616s][info ][safepoint     ] Total time for which application threads were stopped: 0.0004220 seconds, Stopping threads took: 0.0000081 seconds
[2023-11-16T11:59:31.612+0000][6.632s][debug][safepoint     ] Safepoint synchronization initiated. (11 threads)
[2023-11-16T11:59:31.612+0000][6.632s][info ][safepoint     ] Application time: 0.0155948 seconds
[2023-11-16T11:59:31.613+0000][6.632s][info ][safepoint     ] Entering safepoint region: Deoptimize
[2023-11-16T11:59:31.613+0000][6.632s][info ][safepoint     ] Leaving safepoint region
[2023-11-16T11:59:31.613+0000][6.632s][info ][safepoint     ] Total time for which application threads were stopped: 0.0004111 seconds, Stopping threads took: 0.0000096 seconds
[2023-11-16T11:59:31.634+0000][6.653s][debug][safepoint     ] Safepoint synchronization initiated. (11 threads)
[2023-11-16T11:59:31.634+0000][6.653s][info ][safepoint     ] Application time: 0.0210722 seconds
[2023-11-16T11:59:31.634+0000][6.653s][info ][safepoint     ] Entering safepoint region: Deoptimize
[2023-11-16T11:59:31.634+0000][6.654s][info ][safepoint     ] Leaving safepoint region
[2023-11-16T11:59:31.634+0000][6.654s][info ][safepoint     ] Total time for which application threads were stopped: 0.0004043 seconds, Stopping threads took: 0.0000095 seconds
[2023-11-16T11:59:31.847+0000][6.866s][debug][safepoint     ] Safepoint synchronization initiated. (11 threads)
[2023-11-16T11:59:31.847+0000][6.866s][info ][safepoint     ] Application time: 0.2122896 seconds
[2023-11-16T11:59:31.847+0000][6.866s][info ][safepoint     ] Entering safepoint region: Deoptimize
[2023-11-16T11:59:31.847+0000][6.866s][info ][safepoint     ] Leaving safepoint region
[2023-11-16T11:59:31.847+0000][6.866s][info ][safepoint     ] Total time for which application threads were stopped: 0.0004583 seconds, Stopping threads took: 0.0000159 seconds
[2023-11-16T11:59:31.877+0000][6.896s][debug][safepoint     ] Safepoint synchronization initiated. (10 threads)
[2023-11-16T11:59:31.877+0000][6.896s][info ][safepoint     ] Application time: 0.0297788 seconds
[2023-11-16T11:59:31.877+0000][6.896s][info ][safepoint     ] Entering safepoint region: Deoptimize
[2023-11-16T11:59:31.877+0000][6.897s][info ][safepoint     ] Leaving safepoint region
[2023-11-16T11:59:31.877+0000][6.897s][info ][safepoint     ] Total time for which application threads were stopped: 0.0004708 seconds, Stopping threads took: 0.0000101 seconds
[2023-11-16T11:59:31.954+0000][6.973s][debug][safepoint     ] Safepoint synchronization initiated. (11 threads)
[2023-11-16T11:59:31.954+0000][6.973s][info ][safepoint     ] Application time: 0.0763219 seconds
[2023-11-16T11:59:31.954+0000][6.973s][info ][safepoint     ] Entering safepoint region: G1CollectForAllocation
[2023-11-16T11:59:31.954+0000][6.973s][info ][gc,start      ] GC(13) Pause Young (Normal) (G1 Evacuation Pause)
[2023-11-16T11:59:31.954+0000][6.973s][info ][gc,task       ] GC(13) Using 4 workers of 4 for evacuation
[2023-11-16T11:59:31.976+0000][6.995s][info ][gc,phases     ] GC(13)   Pre Evacuate Collection Set: 0.0ms
[2023-11-16T11:59:31.976+0000][6.995s][info ][gc,phases     ] GC(13)   Evacuate Collection Set: 19.3ms
[2023-11-16T11:59:31.976+0000][6.995s][info ][gc,phases     ] GC(13)   Post Evacuate Collection Set: 2.3ms
[2023-11-16T11:59:31.976+0000][6.995s][info ][gc,phases     ] GC(13)   Other: 0.1ms
[2023-11-16T11:59:31.976+0000][6.995s][info ][gc,heap       ] GC(13) Eden regions: 258->0(259)
[2023-11-16T11:59:31.976+0000][6.995s][info ][gc,heap       ] GC(13) Survivor regions: 16->15(35)
[2023-11-16T11:59:31.976+0000][6.995s][info ][gc,heap       ] GC(13) Old regions: 15->15
[2023-11-16T11:59:31.976+0000][6.995s][info ][gc,heap       ] GC(13) Humongous regions: 0->0
[2023-11-16T11:59:31.976+0000][6.995s][info ][gc,metaspace  ] GC(13) Metaspace: 36420K(37756K)->36420K(37756K) NonClass: 31915K(32768K)->31915K(32768K) Class: 4504K(4988K)->4504K(4988K)
[2023-11-16T11:59:31.976+0000][6.995s][info ][gc            ] GC(13) Pause Young (Normal) (G1 Evacuation Pause) 286M->28M(458M) 21.841ms
[2023-11-16T11:59:31.976+0000][6.995s][info ][gc,cpu        ] GC(13) User=0.06s Sys=0.00s Real=0.02s
[2023-11-16T11:59:31.976+0000][6.995s][info ][safepoint     ] Leaving safepoint region
[2023-11-16T11:59:31.976+0000][6.995s][info ][safepoint     ] Total time for which application threads were stopped: 0.0220260 seconds, Stopping threads took: 0.0000097 seconds
[2023-11-16T11:59:31.976+0000][6.995s][info ][gc,stringdedup] Concurrent String Deduplication (6.995s)
[2023-11-16T11:59:31.976+0000][6.996s][info ][gc,stringdedup] Concurrent String Deduplication 100.6K->19328.0B(83736.0B) avg 40.0% (6.995s, 6.996s) 0.431ms
[2023-11-16T11:59:32.332+0000][7.352s][debug][safepoint     ] Safepoint synchronization initiated. (11 threads)
[2023-11-16T11:59:32.332+0000][7.352s][info ][safepoint     ] Application time: 0.3565777 seconds
[2023-11-16T11:59:32.332+0000][7.352s][info ][safepoint     ] Entering safepoint region: ICBufferFull
[2023-11-16T11:59:32.333+0000][7.352s][info ][safepoint     ] Leaving safepoint region
[2023-11-16T11:59:32.333+0000][7.352s][info ][safepoint     ] Total time for which application threads were stopped: 0.0001793 seconds, Stopping threads took: 0.0000115 seconds
[2023-11-16T11:59:32.926+0000][7.945s][debug][safepoint     ] Safepoint synchronization initiated. (11 threads)
[2023-11-16T11:59:32.926+0000][7.945s][info ][safepoint     ] Application time: 0.5936024 seconds
[2023-11-16T11:59:32.926+0000][7.945s][info ][safepoint     ] Entering safepoint region: G1CollectForAllocation
[2023-11-16T11:59:32.926+0000][7.946s][info ][gc,start      ] GC(14) Pause Young (Normal) (G1 Evacuation Pause)
[2023-11-16T11:59:32.926+0000][7.946s][info ][gc,task       ] GC(14) Using 4 workers of 4 for evacuation
[2023-11-16T11:59:32.947+0000][7.966s][info ][gc,phases     ] GC(14)   Pre Evacuate Collection Set: 0.0ms
[2023-11-16T11:59:32.947+0000][7.966s][info ][gc,phases     ] GC(14)   Evacuate Collection Set: 18.3ms
[2023-11-16T11:59:32.947+0000][7.966s][info ][gc,phases     ] GC(14)   Post Evacuate Collection Set: 2.3ms
[2023-11-16T11:59:32.947+0000][7.966s][info ][gc,phases     ] GC(14)   Other: 0.2ms
[2023-11-16T11:59:32.947+0000][7.966s][info ][gc,heap       ] GC(14) Eden regions: 259->0(312)
[2023-11-16T11:59:32.947+0000][7.966s][info ][gc,heap       ] GC(14) Survivor regions: 15->18(35)
[2023-11-16T11:59:32.947+0000][7.966s][info ][gc,heap       ] GC(14) Old regions: 15->15
[2023-11-16T11:59:32.947+0000][7.966s][info ][gc,heap       ] GC(14) Humongous regions: 0->0
[2023-11-16T11:59:32.947+0000][7.966s][info ][gc,metaspace  ] GC(14) Metaspace: 39829K(41212K)->39829K(41212K) NonClass: 34943K(35840K)->34943K(35840K) Class: 4886K(5372K)->4886K(5372K)
[2023-11-16T11:59:32.947+0000][7.966s][info ][gc            ] GC(14) Pause Young (Normal) (G1 Evacuation Pause) 287M->30M(550M) 20.906ms
[2023-11-16T11:59:32.947+0000][7.967s][info ][gc,cpu        ] GC(14) User=0.08s Sys=0.00s Real=0.02s
[2023-11-16T11:59:32.947+0000][7.967s][info ][safepoint     ] Leaving safepoint region
[2023-11-16T11:59:32.947+0000][7.967s][info ][safepoint     ] Total time for which application threads were stopped: 0.0210888 seconds, Stopping threads took: 0.0000094 seconds
[2023-11-16T11:59:32.947+0000][7.967s][info ][gc,stringdedup] Concurrent String Deduplication (7.967s)
[2023-11-16T11:59:32.949+0000][7.969s][info ][gc,stringdedup] Concurrent String Deduplication 479.1K->215.7K(263.3K) avg 40.9% (7.967s, 7.968s) 1.922ms
[2023-11-16T11:59:33.558+0000][8.578s][debug][safepoint     ] Safepoint synchronization initiated. (11 threads)
[2023-11-16T11:59:33.559+0000][8.578s][info ][safepoint     ] Application time: 0.6112092 seconds
[2023-11-16T11:59:33.559+0000][8.578s][info ][safepoint     ] Entering safepoint region: CollectForMetadataAllocation
[2023-11-16T11:59:33.559+0000][8.578s][info ][gc,start      ] GC(15) Pause Young (Concurrent Start) (Metadata GC Threshold)
[2023-11-16T11:59:33.559+0000][8.578s][info ][gc,task       ] GC(15) Using 4 workers of 4 for evacuation
[2023-11-16T11:59:33.594+0000][8.613s][info ][gc,phases     ] GC(15)   Pre Evacuate Collection Set: 0.1ms
[2023-11-16T11:59:33.594+0000][8.613s][info ][gc,phases     ] GC(15)   Evacuate Collection Set: 32.8ms
[2023-11-16T11:59:33.594+0000][8.613s][info ][gc,phases     ] GC(15)   Post Evacuate Collection Set: 1.9ms
[2023-11-16T11:59:33.594+0000][8.613s][info ][gc,phases     ] GC(15)   Other: 0.2ms
[2023-11-16T11:59:33.594+0000][8.613s][info ][gc,heap       ] GC(15) Eden regions: 91->0(311)
[2023-11-16T11:59:33.594+0000][8.613s][info ][gc,heap       ] GC(15) Survivor regions: 18->19(42)
[2023-11-16T11:59:33.594+0000][8.613s][info ][gc,heap       ] GC(15) Old regions: 15->15
[2023-11-16T11:59:33.594+0000][8.613s][info ][gc,heap       ] GC(15) Humongous regions: 0->0
[2023-11-16T11:59:33.594+0000][8.613s][info ][gc,metaspace  ] GC(15) Metaspace: 40868K(42020K)->40868K(42020K) NonClass: 35827K(36520K)->35827K(36520K) Class: 5041K(5500K)->5041K(5500K)
[2023-11-16T11:59:33.594+0000][8.613s][info ][gc            ] GC(15) Pause Young (Concurrent Start) (Metadata GC Threshold) 121M->31M(550M) 35.089ms
[2023-11-16T11:59:33.594+0000][8.613s][info ][gc,cpu        ] GC(15) User=0.10s Sys=0.00s Real=0.04s
[2023-11-16T11:59:33.594+0000][8.613s][info ][safepoint     ] Leaving safepoint region
[2023-11-16T11:59:33.594+0000][8.613s][info ][safepoint     ] Total time for which application threads were stopped: 0.0352880 seconds, Stopping threads took: 0.0000100 seconds
[2023-11-16T11:59:33.594+0000][8.613s][info ][gc            ] GC(16) Concurrent Cycle
[2023-11-16T11:59:33.594+0000][8.613s][info ][gc,marking    ] GC(16) Concurrent Clear Claimed Marks
[2023-11-16T11:59:33.594+0000][8.613s][info ][gc,stringdedup] Concurrent String Deduplication (8.613s)
[2023-11-16T11:59:33.594+0000][8.613s][info ][gc,marking    ] GC(16) Concurrent Clear Claimed Marks 0.061ms
[2023-11-16T11:59:33.594+0000][8.613s][info ][gc,marking    ] GC(16) Concurrent Scan Root Regions
[2023-11-16T11:59:33.596+0000][8.615s][info ][gc,stringdedup] Concurrent String Deduplication 251.9K->97488.0B(156.7K) avg 41.5% (8.613s, 8.615s) 1.695ms
[2023-11-16T11:59:33.605+0000][8.624s][info ][gc,marking    ] GC(16) Concurrent Scan Root Regions 10.952ms
[2023-11-16T11:59:33.605+0000][8.624s][info ][gc,marking    ] GC(16) Concurrent Mark (8.624s)
[2023-11-16T11:59:33.605+0000][8.624s][info ][gc,marking    ] GC(16) Concurrent Mark From Roots
[2023-11-16T11:59:33.605+0000][8.624s][info ][gc,task       ] GC(16) Using 1 workers of 1 for marking
[2023-11-16T11:59:33.629+0000][8.649s][info ][gc,marking    ] GC(16) Concurrent Mark From Roots 24.371ms
[2023-11-16T11:59:33.629+0000][8.649s][info ][gc,marking    ] GC(16) Concurrent Preclean
[2023-11-16T11:59:33.629+0000][8.649s][info ][gc,marking    ] GC(16) Concurrent Preclean 0.055ms
[2023-11-16T11:59:33.629+0000][8.649s][info ][gc,marking    ] GC(16) Concurrent Mark (8.624s, 8.649s) 24.490ms
[2023-11-16T11:59:33.629+0000][8.649s][debug][safepoint     ] Safepoint synchronization initiated. (11 threads)
[2023-11-16T11:59:33.629+0000][8.649s][info ][safepoint     ] Application time: 0.0356310 seconds
[2023-11-16T11:59:33.629+0000][8.649s][debug][safepoint     ] Waiting for 1 thread(s) to block
[2023-11-16T11:59:33.630+0000][8.649s][info ][safepoint     ] Entering safepoint region: CGC_Operation
[2023-11-16T11:59:33.630+0000][8.649s][info ][gc,start      ] GC(16) Pause Remark
[2023-11-16T11:59:33.640+0000][8.659s][info ][gc,stringtable] GC(16) Cleaned string and symbol table, strings: 14742 processed, 18 removed, symbols: 141823 processed, 330 removed
[2023-11-16T11:59:33.641+0000][8.660s][info ][gc            ] GC(16) Pause Remark 42M->42M(550M) 10.900ms
[2023-11-16T11:59:33.641+0000][8.660s][info ][gc,cpu        ] GC(16) User=0.05s Sys=0.00s Real=0.01s
[2023-11-16T11:59:33.641+0000][8.660s][info ][safepoint     ] Leaving safepoint region
[2023-11-16T11:59:33.641+0000][8.660s][info ][safepoint     ] Total time for which application threads were stopped: 0.0110771 seconds, Stopping threads took: 0.0000616 seconds
[2023-11-16T11:59:33.641+0000][8.660s][info ][gc,marking    ] GC(16) Concurrent Rebuild Remembered Sets
[2023-11-16T11:59:33.657+0000][8.676s][info ][gc,marking    ] GC(16) Concurrent Rebuild Remembered Sets 16.077ms
[2023-11-16T11:59:33.657+0000][8.676s][debug][safepoint     ] Safepoint synchronization initiated. (11 threads)
[2023-11-16T11:59:33.657+0000][8.676s][info ][safepoint     ] Application time: 0.0161794 seconds
[2023-11-16T11:59:33.657+0000][8.676s][debug][safepoint     ] Waiting for 1 thread(s) to block
[2023-11-16T11:59:33.657+0000][8.676s][info ][safepoint     ] Entering safepoint region: CGC_Operation
[2023-11-16T11:59:33.657+0000][8.676s][info ][gc,start      ] GC(16) Pause Cleanup
[2023-11-16T11:59:33.657+0000][8.676s][info ][gc            ] GC(16) Pause Cleanup 45M->45M(550M) 0.148ms
[2023-11-16T11:59:33.657+0000][8.676s][info ][gc,cpu        ] GC(16) User=0.00s Sys=0.00s Real=0.00s
[2023-11-16T11:59:33.657+0000][8.676s][info ][safepoint     ] Leaving safepoint region
[2023-11-16T11:59:33.657+0000][8.676s][info ][safepoint     ] Total time for which application threads were stopped: 0.0002947 seconds, Stopping threads took: 0.0000701 seconds
[2023-11-16T11:59:33.657+0000][8.676s][info ][gc,marking    ] GC(16) Concurrent Cleanup for Next Mark
[2023-11-16T11:59:33.659+0000][8.678s][info ][gc,marking    ] GC(16) Concurrent Cleanup for Next Mark 1.639ms
[2023-11-16T11:59:33.659+0000][8.678s][info ][gc            ] GC(16) Concurrent Cycle 64.876ms
[2023-11-16T11:59:33.716+0000][8.735s][debug][safepoint     ] Safepoint synchronization initiated. (11 threads)
[2023-11-16T11:59:33.716+0000][8.735s][info ][safepoint     ] Application time: 0.0588930 seconds
[2023-11-16T11:59:33.716+0000][8.735s][info ][safepoint     ] Entering safepoint region: Deoptimize
[2023-11-16T11:59:33.716+0000][8.736s][info ][safepoint     ] Leaving safepoint region
[2023-11-16T11:59:33.716+0000][8.736s][info ][safepoint     ] Total time for which application threads were stopped: 0.0004531 seconds, Stopping threads took: 0.0000104 seconds
[2023-11-16T11:59:33.729+0000][8.748s][debug][safepoint     ] Safepoint synchronization initiated. (11 threads)
[2023-11-16T11:59:33.729+0000][8.749s][info ][safepoint     ] Application time: 0.0128995 seconds
[2023-11-16T11:59:33.729+0000][8.749s][info ][safepoint     ] Entering safepoint region: Deoptimize
[2023-11-16T11:59:33.730+0000][8.749s][info ][safepoint     ] Leaving safepoint region
[2023-11-16T11:59:33.730+0000][8.749s][info ][safepoint     ] Total time for which application threads were stopped: 0.0004663 seconds, Stopping threads took: 0.0000105 seconds
[2023-11-16T11:59:33.753+0000][8.772s][debug][safepoint     ] Safepoint synchronization initiated. (11 threads)
[2023-11-16T11:59:33.753+0000][8.772s][info ][safepoint     ] Application time: 0.0230631 seconds
[2023-11-16T11:59:33.753+0000][8.772s][info ][safepoint     ] Entering safepoint region: Deoptimize
[2023-11-16T11:59:33.753+0000][8.773s][info ][safepoint     ] Leaving safepoint region
[2023-11-16T11:59:33.753+0000][8.773s][info ][safepoint     ] Total time for which application threads were stopped: 0.0004559 seconds, Stopping threads took: 0.0000098 seconds
[2023-11-16T11:59:34.018+0000][9.037s][debug][safepoint     ] Safepoint synchronization initiated. (11 threads)
[2023-11-16T11:59:34.018+0000][9.037s][info ][safepoint     ] Application time: 0.2645784 seconds
[2023-11-16T11:59:34.018+0000][9.037s][info ][safepoint     ] Entering safepoint region: Deoptimize
[2023-11-16T11:59:34.019+0000][9.038s][info ][safepoint     ] Leaving safepoint region
[2023-11-16T11:59:34.019+0000][9.038s][info ][safepoint     ] Total time for which application threads were stopped: 0.0011089 seconds, Stopping threads took: 0.0000102 seconds
[2023-11-16T11:59:34.023+0000][9.043s][debug][safepoint     ] Safepoint synchronization initiated. (11 threads)
[2023-11-16T11:59:34.023+0000][9.043s][info ][safepoint     ] Application time: 0.0044366 seconds
[2023-11-16T11:59:34.024+0000][9.043s][info ][safepoint     ] Entering safepoint region: Deoptimize
[2023-11-16T11:59:34.024+0000][9.043s][info ][safepoint     ] Leaving safepoint region
[2023-11-16T11:59:34.024+0000][9.043s][info ][safepoint     ] Total time for which application threads were stopped: 0.0004651 seconds, Stopping threads took: 0.0000176 seconds
[2023-11-16T11:59:34.093+0000][9.112s][debug][safepoint     ] Safepoint synchronization initiated. (11 threads)
[2023-11-16T11:59:34.093+0000][9.112s][info ][safepoint     ] Application time: 0.0686889 seconds
[2023-11-16T11:59:34.093+0000][9.112s][info ][safepoint     ] Entering safepoint region: Deoptimize
[2023-11-16T11:59:34.093+0000][9.112s][info ][safepoint     ] Leaving safepoint region
[2023-11-16T11:59:34.093+0000][9.112s][info ][safepoint     ] Total time for which application threads were stopped: 0.0004795 seconds, Stopping threads took: 0.0000098 seconds
[2023-11-16T11:59:34.381+0000][9.400s][debug][safepoint     ] Safepoint synchronization initiated. (11 threads)
[2023-11-16T11:59:34.381+0000][9.400s][info ][safepoint     ] Application time: 0.2873890 seconds
[2023-11-16T11:59:34.381+0000][9.400s][info ][safepoint     ] Entering safepoint region: Deoptimize
[2023-11-16T11:59:34.381+0000][9.400s][info ][safepoint     ] Leaving safepoint region
[2023-11-16T11:59:34.381+0000][9.400s][info ][safepoint     ] Total time for which application threads were stopped: 0.0005728 seconds, Stopping threads took: 0.0000102 seconds
[2023-11-16T11:59:34.382+0000][9.401s][debug][safepoint     ] Safepoint synchronization initiated. (11 threads)
[2023-11-16T11:59:34.382+0000][9.401s][info ][safepoint     ] Application time: 0.0005245 seconds
[2023-11-16T11:59:34.382+0000][9.401s][info ][safepoint     ] Entering safepoint region: Deoptimize
[2023-11-16T11:59:34.382+0000][9.401s][info ][safepoint     ] Leaving safepoint region
[2023-11-16T11:59:34.382+0000][9.401s][info ][safepoint     ] Total time for which application threads were stopped: 0.0004724 seconds, Stopping threads took: 0.0000117 seconds
[2023-11-16T11:59:34.549+0000][9.568s][debug][safepoint     ] Safepoint synchronization initiated. (11 threads)
[2023-11-16T11:59:34.549+0000][9.568s][info ][safepoint     ] Application time: 0.1668503 seconds
[2023-11-16T11:59:34.549+0000][9.568s][info ][safepoint     ] Entering safepoint region: Deoptimize
[2023-11-16T11:59:34.550+0000][9.569s][info ][safepoint     ] Leaving safepoint region
[2023-11-16T11:59:34.550+0000][9.569s][info ][safepoint     ] Total time for which application threads were stopped: 0.0005214 seconds, Stopping threads took: 0.0000097 seconds
[2023-11-16T11:59:34.680+0000][9.699s][debug][safepoint     ] Safepoint synchronization initiated. (11 threads)
[2023-11-16T11:59:34.680+0000][9.699s][info ][safepoint     ] Application time: 0.1306913 seconds
[2023-11-16T11:59:34.680+0000][9.699s][info ][safepoint     ] Entering safepoint region: Deoptimize
[2023-11-16T11:59:34.681+0000][9.700s][info ][safepoint     ] Leaving safepoint region
[2023-11-16T11:59:34.681+0000][9.700s][info ][safepoint     ] Total time for which application threads were stopped: 0.0005846 seconds, Stopping threads took: 0.0000109 seconds
[2023-11-16T11:59:34.978+0000][9.997s][debug][safepoint     ] Safepoint synchronization initiated. (11 threads)
[2023-11-16T11:59:34.978+0000][9.997s][info ][safepoint     ] Application time: 0.2970423 seconds
[2023-11-16T11:59:34.978+0000][9.997s][info ][safepoint     ] Entering safepoint region: Deoptimize
[2023-11-16T11:59:34.978+0000][9.998s][info ][safepoint     ] Leaving safepoint region
[2023-11-16T11:59:34.978+0000][9.998s][info ][safepoint     ] Total time for which application threads were stopped: 0.0005249 seconds, Stopping threads took: 0.0000099 seconds
[2023-11-16T11:59:35.979+0000][10.998s][debug][safepoint     ] Safepoint synchronization initiated. (13 threads)
[2023-11-16T11:59:35.979+0000][10.998s][info ][safepoint     ] Application time: 1.0001652 seconds
[2023-11-16T11:59:35.979+0000][10.998s][info ][safepoint     ] Entering safepoint region: Cleanup
[2023-11-16T11:59:35.979+0000][10.998s][info ][safepoint     ] Leaving safepoint region
[2023-11-16T11:59:35.979+0000][10.998s][info ][safepoint     ] Total time for which application threads were stopped: 0.0001624 seconds, Stopping threads took: 0.0000263 seconds
[2023-11-16T11:59:36.057+0000][11.076s][debug][safepoint     ] Safepoint synchronization initiated. (13 threads)
[2023-11-16T11:59:36.057+0000][11.076s][info ][safepoint     ] Application time: 0.0783053 seconds
[2023-11-16T11:59:36.057+0000][11.076s][info ][safepoint     ] Entering safepoint region: Deoptimize
[2023-11-16T11:59:36.058+0000][11.077s][info ][safepoint     ] Leaving safepoint region
[2023-11-16T11:59:36.058+0000][11.077s][info ][safepoint     ] Total time for which application threads were stopped: 0.0005383 seconds, Stopping threads took: 0.0000088 seconds
[2023-11-16T11:59:36.129+0000][11.149s][debug][safepoint     ] Safepoint synchronization initiated. (13 threads)
[2023-11-16T11:59:36.129+0000][11.149s][info ][safepoint     ] Application time: 0.0717885 seconds
[2023-11-16T11:59:36.129+0000][11.149s][debug][safepoint     ] Waiting for 1 thread(s) to block
[2023-11-16T11:59:36.129+0000][11.149s][info ][safepoint     ] Entering safepoint region: Deoptimize
[2023-11-16T11:59:36.130+0000][11.149s][info ][safepoint     ] Leaving safepoint region
[2023-11-16T11:59:36.130+0000][11.149s][info ][safepoint     ] Total time for which application threads were stopped: 0.0005646 seconds, Stopping threads took: 0.0000299 seconds
[2023-11-16T11:59:36.174+0000][11.193s][debug][safepoint     ] Safepoint synchronization initiated. (13 threads)
[2023-11-16T11:59:36.174+0000][11.193s][info ][safepoint     ] Application time: 0.0436669 seconds
[2023-11-16T11:59:36.174+0000][11.193s][info ][safepoint     ] Entering safepoint region: G1CollectForAllocation
[2023-11-16T11:59:36.174+0000][11.193s][info ][gc,start      ] GC(17) Pause Young (Normal) (G1 Evacuation Pause)
[2023-11-16T11:59:36.174+0000][11.193s][info ][gc,task       ] GC(17) Using 4 workers of 4 for evacuation
[2023-11-16T11:59:36.193+0000][11.212s][info ][gc,phases     ] GC(17)   Pre Evacuate Collection Set: 0.0ms
[2023-11-16T11:59:36.193+0000][11.213s][info ][gc,phases     ] GC(17)   Evacuate Collection Set: 16.7ms
[2023-11-16T11:59:36.193+0000][11.213s][info ][gc,phases     ] GC(17)   Post Evacuate Collection Set: 2.5ms
[2023-11-16T11:59:36.193+0000][11.213s][info ][gc,phases     ] GC(17)   Other: 0.2ms
[2023-11-16T11:59:36.193+0000][11.213s][info ][gc,heap       ] GC(17) Eden regions: 311->0(307)
[2023-11-16T11:59:36.193+0000][11.213s][info ][gc,heap       ] GC(17) Survivor regions: 19->23(42)
[2023-11-16T11:59:36.193+0000][11.213s][info ][gc,heap       ] GC(17) Old regions: 15->15
[2023-11-16T11:59:36.193+0000][11.213s][info ][gc,heap       ] GC(17) Humongous regions: 0->0
[2023-11-16T11:59:36.193+0000][11.213s][info ][gc,metaspace  ] GC(17) Metaspace: 51680K(53156K)->51680K(53156K) NonClass: 45293K(46248K)->45293K(46248K) Class: 6387K(6908K)->6387K(6908K)
[2023-11-16T11:59:36.193+0000][11.213s][info ][gc            ] GC(17) Pause Young (Normal) (G1 Evacuation Pause) 342M->36M(550M) 19.607ms
[2023-11-16T11:59:36.193+0000][11.213s][info ][gc,cpu        ] GC(17) User=0.08s Sys=0.00s Real=0.02s
[2023-11-16T11:59:36.193+0000][11.213s][info ][safepoint     ] Leaving safepoint region
[2023-11-16T11:59:36.193+0000][11.213s][info ][safepoint     ] Total time for which application threads were stopped: 0.0197425 seconds, Stopping threads took: 0.0000100 seconds
[2023-11-16T11:59:36.194+0000][11.213s][info ][gc,stringdedup] Concurrent String Deduplication (11.213s)
[2023-11-16T11:59:36.195+0000][11.215s][info ][gc,stringdedup] Concurrent String Deduplication 345.4K->94384.0B(253.2K) avg 42.8% (11.213s, 11.215s) 1.419ms
[2023-11-16T11:59:36.422+0000][11.441s][debug][safepoint     ] Safepoint synchronization initiated. (13 threads)
[2023-11-16T11:59:36.422+0000][11.442s][info ][safepoint     ] Application time: 0.2288443 seconds
[2023-11-16T11:59:36.422+0000][11.442s][debug][safepoint     ] Waiting for 1 thread(s) to block
[2023-11-16T11:59:36.422+0000][11.442s][info ][safepoint     ] Entering safepoint region: ICBufferFull
[2023-11-16T11:59:36.422+0000][11.442s][info ][safepoint     ] Leaving safepoint region
[2023-11-16T11:59:36.422+0000][11.442s][info ][safepoint     ] Total time for which application threads were stopped: 0.0001760 seconds, Stopping threads took: 0.0000347 seconds
[2023-11-16T11:59:36.535+0000][11.554s][debug][safepoint     ] Safepoint synchronization initiated. (13 threads)
[2023-11-16T11:59:36.535+0000][11.554s][info ][safepoint     ] Application time: 0.1124044 seconds
[2023-11-16T11:59:36.535+0000][11.554s][debug][safepoint     ] Waiting for 3 thread(s) to block
[2023-11-16T11:59:36.535+0000][11.554s][info ][safepoint     ] Entering safepoint region: ICBufferFull
[2023-11-16T11:59:36.535+0000][11.554s][info ][safepoint     ] Leaving safepoint region
[2023-11-16T11:59:36.535+0000][11.554s][info ][safepoint     ] Total time for which application threads were stopped: 0.0002670 seconds, Stopping threads took: 0.0001157 seconds
[2023-11-16T11:59:37.237+0000][12.256s][debug][safepoint     ] Safepoint synchronization initiated. (14 threads)
[2023-11-16T11:59:37.237+0000][12.256s][info ][safepoint     ] Application time: 0.7020767 seconds
[2023-11-16T11:59:37.237+0000][12.256s][debug][safepoint     ] Waiting for 1 thread(s) to block
[2023-11-16T11:59:37.237+0000][12.257s][info ][safepoint     ] Entering safepoint region: G1CollectForAllocation
[2023-11-16T11:59:37.237+0000][12.257s][info ][gc,start      ] GC(18) Pause Young (Normal) (G1 Evacuation Pause)
[2023-11-16T11:59:37.237+0000][12.257s][info ][gc,task       ] GC(18) Using 4 workers of 4 for evacuation
[2023-11-16T11:59:37.260+0000][12.279s][info ][gc,phases     ] GC(18)   Pre Evacuate Collection Set: 0.0ms
[2023-11-16T11:59:37.260+0000][12.279s][info ][gc,phases     ] GC(18)   Evacuate Collection Set: 19.2ms
[2023-11-16T11:59:37.260+0000][12.279s][info ][gc,phases     ] GC(18)   Post Evacuate Collection Set: 3.4ms
[2023-11-16T11:59:37.260+0000][12.279s][info ][gc,phases     ] GC(18)   Other: 0.1ms
[2023-11-16T11:59:37.260+0000][12.279s][info ][gc,heap       ] GC(18) Eden regions: 307->0(307)
[2023-11-16T11:59:37.260+0000][12.279s][info ][gc,heap       ] GC(18) Survivor regions: 23->23(42)
[2023-11-16T11:59:37.260+0000][12.279s][info ][gc,heap       ] GC(18) Old regions: 15->17
[2023-11-16T11:59:37.260+0000][12.279s][info ][gc,heap       ] GC(18) Humongous regions: 0->0
[2023-11-16T11:59:37.260+0000][12.279s][info ][gc,metaspace  ] GC(18) Metaspace: 57570K(59044K)->57570K(59044K) NonClass: 50263K(51112K)->50263K(51112K) Class: 7307K(7932K)->7307K(7932K)
[2023-11-16T11:59:37.260+0000][12.279s][info ][gc            ] GC(18) Pause Young (Normal) (G1 Evacuation Pause) 343M->37M(550M) 22.821ms
[2023-11-16T11:59:37.260+0000][12.279s][info ][gc,cpu        ] GC(18) User=0.09s Sys=0.00s Real=0.03s
[2023-11-16T11:59:37.260+0000][12.279s][info ][safepoint     ] Leaving safepoint region
[2023-11-16T11:59:37.260+0000][12.279s][info ][safepoint     ] Total time for which application threads were stopped: 0.0230070 seconds, Stopping threads took: 0.0000286 seconds
[2023-11-16T11:59:37.260+0000][12.280s][info ][gc,stringdedup] Concurrent String Deduplication (12.280s)
[2023-11-16T11:59:37.261+0000][12.280s][info ][gc,stringdedup] Concurrent String Deduplication 94312.0B->46784.0B(47528.0B) avg 42.8% (12.280s, 12.280s) 0.469ms
[2023-11-16T11:59:37.900+0000][12.920s][debug][safepoint     ] Safepoint synchronization initiated. (16 threads)
[2023-11-16T11:59:37.900+0000][12.920s][info ][safepoint     ] Application time: 0.6401821 seconds
[2023-11-16T11:59:37.900+0000][12.920s][debug][safepoint     ] Waiting for 1 thread(s) to block
[2023-11-16T11:59:37.901+0000][12.920s][info ][safepoint     ] Entering safepoint region: ICBufferFull
[2023-11-16T11:59:37.902+0000][12.921s][info ][safepoint     ] Leaving safepoint region
[2023-11-16T11:59:37.902+0000][12.921s][info ][safepoint     ] Total time for which application threads were stopped: 0.0013600 seconds, Stopping threads took: 0.0001102 seconds
[2023-11-16T11:59:38.158+0000][13.177s][debug][safepoint     ] Safepoint synchronization initiated. (16 threads)
[2023-11-16T11:59:38.158+0000][13.177s][info ][safepoint     ] Application time: 0.2562749 seconds
[2023-11-16T11:59:38.158+0000][13.177s][debug][safepoint     ] Waiting for 1 thread(s) to block
[2023-11-16T11:59:38.158+0000][13.177s][info ][safepoint     ] Entering safepoint region: Deoptimize
[2023-11-16T11:59:38.159+0000][13.178s][info ][safepoint     ] Leaving safepoint region
[2023-11-16T11:59:38.159+0000][13.178s][info ][safepoint     ] Total time for which application threads were stopped: 0.0006980 seconds, Stopping threads took: 0.0000281 seconds
[2023-11-16T11:59:38.493+0000][13.512s][debug][safepoint     ] Safepoint synchronization initiated. (16 threads)
[2023-11-16T11:59:38.493+0000][13.513s][info ][safepoint     ] Application time: 0.3344889 seconds
[2023-11-16T11:59:38.493+0000][13.513s][debug][safepoint     ] Waiting for 1 thread(s) to block
[2023-11-16T11:59:38.493+0000][13.513s][info ][safepoint     ] Entering safepoint region: ICBufferFull
[2023-11-16T11:59:38.494+0000][13.513s][info ][safepoint     ] Leaving safepoint region
[2023-11-16T11:59:38.494+0000][13.513s][info ][safepoint     ] Total time for which application threads were stopped: 0.0001761 seconds, Stopping threads took: 0.0000266 seconds
[2023-11-16T11:59:38.661+0000][13.680s][debug][safepoint     ] Safepoint synchronization initiated. (16 threads)
[2023-11-16T11:59:38.661+0000][13.680s][info ][safepoint     ] Application time: 0.1676069 seconds
[2023-11-16T11:59:38.661+0000][13.680s][debug][safepoint     ] Waiting for 1 thread(s) to block
[2023-11-16T11:59:38.661+0000][13.680s][info ][safepoint     ] Entering safepoint region: G1CollectForAllocation
[2023-11-16T11:59:38.661+0000][13.680s][info ][gc,start      ] GC(19) Pause Young (Normal) (G1 Evacuation Pause)
[2023-11-16T11:59:38.661+0000][13.680s][info ][gc,task       ] GC(19) Using 4 workers of 4 for evacuation
[2023-11-16T11:59:38.689+0000][13.709s][info ][gc,phases     ] GC(19)   Pre Evacuate Collection Set: 0.0ms
[2023-11-16T11:59:38.689+0000][13.709s][info ][gc,phases     ] GC(19)   Evacuate Collection Set: 24.0ms
[2023-11-16T11:59:38.689+0000][13.709s][info ][gc,phases     ] GC(19)   Post Evacuate Collection Set: 3.9ms
[2023-11-16T11:59:38.689+0000][13.709s][info ][gc,phases     ] GC(19)   Other: 0.2ms
[2023-11-16T11:59:38.689+0000][13.709s][info ][gc,heap       ] GC(19) Eden regions: 307->0(372)
[2023-11-16T11:59:38.689+0000][13.709s][info ][gc,heap       ] GC(19) Survivor regions: 23->24(42)
[2023-11-16T11:59:38.689+0000][13.709s][info ][gc,heap       ] GC(19) Old regions: 17->21
[2023-11-16T11:59:38.689+0000][13.709s][info ][gc,heap       ] GC(19) Humongous regions: 0->0
[2023-11-16T11:59:38.689+0000][13.709s][info ][gc,metaspace  ] GC(19) Metaspace: 66797K(68644K)->66797K(68644K) NonClass: 58362K(59560K)->58362K(59560K) Class: 8434K(9084K)->8434K(9084K)
[2023-11-16T11:59:38.689+0000][13.709s][info ][gc            ] GC(19) Pause Young (Normal) (G1 Evacuation Pause) 344M->43M(660M) 28.215ms
[2023-11-16T11:59:38.690+0000][13.709s][info ][gc,cpu        ] GC(19) User=0.10s Sys=0.00s Real=0.03s
[2023-11-16T11:59:38.690+0000][13.709s][info ][safepoint     ] Leaving safepoint region
[2023-11-16T11:59:38.690+0000][13.709s][info ][safepoint     ] Total time for which application threads were stopped: 0.0283893 seconds, Stopping threads took: 0.0000283 seconds
[2023-11-16T11:59:38.690+0000][13.709s][info ][gc,stringdedup] Concurrent String Deduplication (13.709s)
[2023-11-16T11:59:38.693+0000][13.712s][info ][gc,stringdedup] Concurrent String Deduplication 439.8K->190.4K(249.4K) avg 43.5% (13.709s, 13.712s) 3.085ms
[2023-11-16T11:59:39.160+0000][14.179s][debug][safepoint     ] Safepoint synchronization initiated. (16 threads)
[2023-11-16T11:59:39.160+0000][14.179s][info ][safepoint     ] Application time: 0.4702980 seconds
[2023-11-16T11:59:39.160+0000][14.179s][info ][safepoint     ] Entering safepoint region: CollectForMetadataAllocation
[2023-11-16T11:59:39.160+0000][14.179s][info ][gc,start      ] GC(20) Pause Young (Concurrent Start) (Metadata GC Threshold)
[2023-11-16T11:59:39.160+0000][14.179s][info ][gc,task       ] GC(20) Using 4 workers of 4 for evacuation
[2023-11-16T11:59:39.195+0000][14.214s][info ][gc,phases     ] GC(20)   Pre Evacuate Collection Set: 0.1ms
[2023-11-16T11:59:39.195+0000][14.214s][info ][gc,phases     ] GC(20)   Evacuate Collection Set: 32.0ms
[2023-11-16T11:59:39.195+0000][14.214s][info ][gc,phases     ] GC(20)   Post Evacuate Collection Set: 2.1ms
[2023-11-16T11:59:39.195+0000][14.214s][info ][gc,phases     ] GC(20)   Other: 0.3ms
[2023-11-16T11:59:39.195+0000][14.214s][info ][gc,heap       ] GC(20) Eden regions: 150->0(375)
[2023-11-16T11:59:39.195+0000][14.214s][info ][gc,heap       ] GC(20) Survivor regions: 24->21(50)
[2023-11-16T11:59:39.195+0000][14.214s][info ][gc,heap       ] GC(20) Old regions: 21->24
[2023-11-16T11:59:39.195+0000][14.214s][info ][gc,heap       ] GC(20) Humongous regions: 0->0
[2023-11-16T11:59:39.195+0000][14.214s][info ][gc,metaspace  ] GC(20) Metaspace: 68866K(70460K)->68866K(70460K) NonClass: 60021K(60992K)->60021K(60992K) Class: 8845K(9468K)->8845K(9468K)
[2023-11-16T11:59:39.195+0000][14.214s][info ][gc            ] GC(20) Pause Young (Concurrent Start) (Metadata GC Threshold) 192M->43M(660M) 34.535ms
[2023-11-16T11:59:39.195+0000][14.214s][info ][gc,cpu        ] GC(20) User=0.08s Sys=0.00s Real=0.03s
[2023-11-16T11:59:39.195+0000][14.214s][info ][gc            ] GC(21) Concurrent Cycle
[2023-11-16T11:59:39.195+0000][14.214s][info ][safepoint     ] Leaving safepoint region
[2023-11-16T11:59:39.195+0000][14.214s][info ][safepoint     ] Total time for which application threads were stopped: 0.0348923 seconds, Stopping threads took: 0.0000168 seconds
[2023-11-16T11:59:39.195+0000][14.214s][info ][gc,marking    ] GC(21) Concurrent Clear Claimed Marks
[2023-11-16T11:59:39.195+0000][14.214s][info ][gc,stringdedup] Concurrent String Deduplication (14.214s)
[2023-11-16T11:59:39.195+0000][14.214s][info ][gc,marking    ] GC(21) Concurrent Clear Claimed Marks 0.195ms
[2023-11-16T11:59:39.195+0000][14.214s][info ][gc,marking    ] GC(21) Concurrent Scan Root Regions
[2023-11-16T11:59:39.196+0000][14.216s][info ][gc,stringdedup] Concurrent String Deduplication 212.0K->54664.0B(158.6K) avg 44.2% (14.214s, 14.216s) 1.625ms
[2023-11-16T11:59:39.210+0000][14.229s][info ][gc,marking    ] GC(21) Concurrent Scan Root Regions 15.176ms
[2023-11-16T11:59:39.210+0000][14.229s][info ][gc,marking    ] GC(21) Concurrent Mark (14.229s)
[2023-11-16T11:59:39.210+0000][14.229s][info ][gc,marking    ] GC(21) Concurrent Mark From Roots
[2023-11-16T11:59:39.210+0000][14.229s][info ][gc,task       ] GC(21) Using 1 workers of 1 for marking
[2023-11-16T11:59:39.248+0000][14.268s][info ][gc,marking    ] GC(21) Concurrent Mark From Roots 38.234ms
[2023-11-16T11:59:39.248+0000][14.268s][info ][gc,marking    ] GC(21) Concurrent Preclean
[2023-11-16T11:59:39.249+0000][14.268s][info ][gc,marking    ] GC(21) Concurrent Preclean 0.073ms
[2023-11-16T11:59:39.249+0000][14.268s][info ][gc,marking    ] GC(21) Concurrent Mark (14.229s, 14.268s) 38.393ms
[2023-11-16T11:59:39.249+0000][14.268s][debug][safepoint     ] Safepoint synchronization initiated. (16 threads)
[2023-11-16T11:59:39.249+0000][14.268s][info ][safepoint     ] Application time: 0.0538428 seconds
[2023-11-16T11:59:39.249+0000][14.268s][debug][safepoint     ] ... found polling page return exception at pc = 0x00007ffac880f6b8, stub =0x00007ffac083a800
[2023-11-16T11:59:39.249+0000][14.268s][debug][safepoint     ] Waiting for 1 thread(s) to block
[2023-11-16T11:59:39.249+0000][14.268s][info ][safepoint     ] Entering safepoint region: CGC_Operation
[2023-11-16T11:59:39.249+0000][14.268s][info ][gc,start      ] GC(21) Pause Remark
[2023-11-16T11:59:39.260+0000][14.279s][info ][gc,stringtable] GC(21) Cleaned string and symbol table, strings: 26882 processed, 9 removed, symbols: 214292 processed, 124 removed
[2023-11-16T11:59:39.260+0000][14.279s][info ][gc            ] GC(21) Pause Remark 53M->53M(660M) 11.012ms
[2023-11-16T11:59:39.260+0000][14.279s][info ][gc,cpu        ] GC(21) User=0.04s Sys=0.00s Real=0.01s
[2023-11-16T11:59:39.260+0000][14.279s][info ][safepoint     ] Leaving safepoint region
[2023-11-16T11:59:39.260+0000][14.279s][info ][safepoint     ] Total time for which application threads were stopped: 0.0112480 seconds, Stopping threads took: 0.0000776 seconds
[2023-11-16T11:59:39.260+0000][14.279s][info ][gc,marking    ] GC(21) Concurrent Rebuild Remembered Sets
[2023-11-16T11:59:39.284+0000][14.303s][info ][gc,marking    ] GC(21) Concurrent Rebuild Remembered Sets 24.029ms
[2023-11-16T11:59:39.284+0000][14.303s][debug][safepoint     ] Safepoint synchronization initiated. (16 threads)
[2023-11-16T11:59:39.284+0000][14.303s][info ][safepoint     ] Application time: 0.0241470 seconds
[2023-11-16T11:59:39.284+0000][14.303s][debug][safepoint     ] ... found polling page return exception at pc = 0x00007ffac82c7147, stub =0x00007ffac083a800
[2023-11-16T11:59:39.284+0000][14.303s][debug][safepoint     ] Waiting for 2 thread(s) to block
[2023-11-16T11:59:39.284+0000][14.303s][info ][safepoint     ] Entering safepoint region: CGC_Operation
[2023-11-16T11:59:39.284+0000][14.303s][info ][gc,start      ] GC(21) Pause Cleanup
[2023-11-16T11:59:39.284+0000][14.304s][info ][gc            ] GC(21) Pause Cleanup 54M->54M(660M) 0.156ms
[2023-11-16T11:59:39.284+0000][14.304s][info ][gc,cpu        ] GC(21) User=0.01s Sys=0.00s Real=0.00s
[2023-11-16T11:59:39.284+0000][14.304s][info ][safepoint     ] Leaving safepoint region
[2023-11-16T11:59:39.284+0000][14.304s][info ][safepoint     ] Total time for which application threads were stopped: 0.0003614 seconds, Stopping threads took: 0.0000775 seconds
[2023-11-16T11:59:39.284+0000][14.304s][info ][gc,marking    ] GC(21) Concurrent Cleanup for Next Mark
[2023-11-16T11:59:39.287+0000][14.306s][info ][gc,marking    ] GC(21) Concurrent Cleanup for Next Mark 2.382ms
[2023-11-16T11:59:39.287+0000][14.306s][info ][gc            ] GC(21) Concurrent Cycle 92.175ms
[2023-11-16T11:59:39.371+0000][14.390s][debug][safepoint     ] Safepoint synchronization initiated. (16 threads)
[2023-11-16T11:59:39.371+0000][14.390s][info ][safepoint     ] Application time: 0.0863165 seconds
[2023-11-16T11:59:39.371+0000][14.390s][info ][safepoint     ] Entering safepoint region: ICBufferFull
[2023-11-16T11:59:39.371+0000][14.390s][info ][safepoint     ] Leaving safepoint region
[2023-11-16T11:59:39.371+0000][14.390s][info ][safepoint     ] Total time for which application threads were stopped: 0.0001482 seconds, Stopping threads took: 0.0000105 seconds
[2023-11-16T11:59:39.438+0000][14.457s][debug][safepoint     ] Safepoint synchronization initiated. (16 threads)
[2023-11-16T11:59:39.438+0000][14.457s][info ][safepoint     ] Application time: 0.0671451 seconds
[2023-11-16T11:59:39.438+0000][14.457s][debug][safepoint     ] Waiting for 1 thread(s) to block
[2023-11-16T11:59:39.438+0000][14.457s][info ][safepoint     ] Entering safepoint region: ICBufferFull
[2023-11-16T11:59:39.438+0000][14.457s][info ][safepoint     ] Leaving safepoint region
[2023-11-16T11:59:39.438+0000][14.457s][info ][safepoint     ] Total time for which application threads were stopped: 0.0001635 seconds, Stopping threads took: 0.0000299 seconds
[2023-11-16T11:59:39.548+0000][14.568s][debug][safepoint     ] Safepoint synchronization initiated. (16 threads)
[2023-11-16T11:59:39.549+0000][14.568s][info ][safepoint     ] Application time: 0.1102822 seconds
[2023-11-16T11:59:39.549+0000][14.568s][debug][safepoint     ] Waiting for 1 thread(s) to block
[2023-11-16T11:59:39.549+0000][14.568s][info ][safepoint     ] Entering safepoint region: ICBufferFull
[2023-11-16T11:59:39.549+0000][14.568s][info ][safepoint     ] Leaving safepoint region
[2023-11-16T11:59:39.549+0000][14.568s][info ][safepoint     ] Total time for which application threads were stopped: 0.0001742 seconds, Stopping threads took: 0.0000310 seconds
[2023-11-16T11:59:39.690+0000][14.709s][debug][safepoint     ] Safepoint synchronization initiated. (16 threads)
[2023-11-16T11:59:39.690+0000][14.709s][info ][safepoint     ] Application time: 0.1415579 seconds
[2023-11-16T11:59:39.690+0000][14.709s][debug][safepoint     ] Waiting for 1 thread(s) to block
[2023-11-16T11:59:39.690+0000][14.709s][info ][safepoint     ] Entering safepoint region: ICBufferFull
[2023-11-16T11:59:39.690+0000][14.710s][info ][safepoint     ] Leaving safepoint region
[2023-11-16T11:59:39.690+0000][14.710s][info ][safepoint     ] Total time for which application threads were stopped: 0.0001809 seconds, Stopping threads took: 0.0000276 seconds
[2023-11-16T11:59:40.073+0000][15.092s][debug][safepoint     ] Safepoint synchronization initiated. (16 threads)
[2023-11-16T11:59:40.073+0000][15.092s][info ][safepoint     ] Application time: 0.3827348 seconds
[2023-11-16T11:59:40.073+0000][15.092s][info ][safepoint     ] Entering safepoint region: ICBufferFull
[2023-11-16T11:59:40.073+0000][15.093s][info ][safepoint     ] Leaving safepoint region
[2023-11-16T11:59:40.073+0000][15.093s][info ][safepoint     ] Total time for which application threads were stopped: 0.0002047 seconds, Stopping threads took: 0.0000122 seconds
[2023-11-16T11:59:40.182+0000][15.201s][debug][safepoint     ] Safepoint synchronization initiated. (16 threads)
[2023-11-16T11:59:40.182+0000][15.201s][info ][safepoint     ] Application time: 0.1081927 seconds
[2023-11-16T11:59:40.182+0000][15.201s][info ][safepoint     ] Entering safepoint region: Deoptimize
[2023-11-16T11:59:40.182+0000][15.202s][info ][safepoint     ] Leaving safepoint region
[2023-11-16T11:59:40.182+0000][15.202s][info ][safepoint     ] Total time for which application threads were stopped: 0.0007492 seconds, Stopping threads took: 0.0000113 seconds
[2023-11-16T11:59:40.183+0000][15.202s][debug][safepoint     ] Safepoint synchronization initiated. (16 threads)
[2023-11-16T11:59:40.183+0000][15.202s][info ][safepoint     ] Application time: 0.0008225 seconds
[2023-11-16T11:59:40.183+0000][15.202s][info ][safepoint     ] Entering safepoint region: Deoptimize
[2023-11-16T11:59:40.184+0000][15.203s][info ][safepoint     ] Leaving safepoint region
[2023-11-16T11:59:40.184+0000][15.203s][info ][safepoint     ] Total time for which application threads were stopped: 0.0007337 seconds, Stopping threads took: 0.0000133 seconds
[2023-11-16T11:59:40.443+0000][15.462s][debug][safepoint     ] Safepoint synchronization initiated. (16 threads)
[2023-11-16T11:59:40.443+0000][15.462s][info ][safepoint     ] Application time: 0.2593133 seconds
[2023-11-16T11:59:40.443+0000][15.462s][info ][safepoint     ] Entering safepoint region: Deoptimize
[2023-11-16T11:59:40.444+0000][15.463s][info ][safepoint     ] Leaving safepoint region
[2023-11-16T11:59:40.444+0000][15.463s][info ][safepoint     ] Total time for which application threads were stopped: 0.0008472 seconds, Stopping threads took: 0.0000280 seconds
[2023-11-16T11:59:40.642+0000][15.661s][debug][safepoint     ] Safepoint synchronization initiated. (16 threads)
[2023-11-16T11:59:40.642+0000][15.661s][info ][safepoint     ] Application time: 0.1977685 seconds
[2023-11-16T11:59:40.642+0000][15.661s][info ][safepoint     ] Entering safepoint region: Deoptimize
[2023-11-16T11:59:40.643+0000][15.662s][info ][safepoint     ] Leaving safepoint region
[2023-11-16T11:59:40.643+0000][15.662s][info ][safepoint     ] Total time for which application threads were stopped: 0.0007653 seconds, Stopping threads took: 0.0000110 seconds
[2023-11-16T11:59:40.792+0000][15.811s][debug][safepoint     ] Safepoint synchronization initiated. (16 threads)
[2023-11-16T11:59:40.792+0000][15.811s][info ][safepoint     ] Application time: 0.1494541 seconds
[2023-11-16T11:59:40.792+0000][15.811s][debug][safepoint     ] Waiting for 1 thread(s) to block
[2023-11-16T11:59:40.792+0000][15.811s][info ][safepoint     ] Entering safepoint region: Deoptimize
[2023-11-16T11:59:40.793+0000][15.812s][info ][safepoint     ] Leaving safepoint region
[2023-11-16T11:59:40.793+0000][15.812s][info ][safepoint     ] Total time for which application threads were stopped: 0.0008341 seconds, Stopping threads took: 0.0000292 seconds
[2023-11-16T11:59:41.034+0000][16.053s][debug][safepoint     ] Safepoint synchronization initiated. (16 threads)
[2023-11-16T11:59:41.035+0000][16.054s][info ][safepoint     ] Application time: 0.2419663 seconds
[2023-11-16T11:59:41.035+0000][16.054s][info ][safepoint     ] Entering safepoint region: ICBufferFull
[2023-11-16T11:59:41.035+0000][16.054s][info ][safepoint     ] Leaving safepoint region
[2023-11-16T11:59:41.035+0000][16.054s][info ][safepoint     ] Total time for which application threads were stopped: 0.0002183 seconds, Stopping threads took: 0.0000123 seconds
[2023-11-16T11:59:41.147+0000][16.166s][debug][safepoint     ] Safepoint synchronization initiated. (16 threads)
[2023-11-16T11:59:41.147+0000][16.166s][info ][safepoint     ] Application time: 0.1118727 seconds
[2023-11-16T11:59:41.147+0000][16.166s][info ][safepoint     ] Entering safepoint region: G1CollectForAllocation
[2023-11-16T11:59:41.147+0000][16.166s][info ][gc,start      ] GC(22) Pause Young (Normal) (G1 Evacuation Pause)
[2023-11-16T11:59:41.147+0000][16.166s][info ][gc,task       ] GC(22) Using 4 workers of 4 for evacuation
[2023-11-16T11:59:41.181+0000][16.200s][info ][gc,phases     ] GC(22)   Pre Evacuate Collection Set: 0.0ms
[2023-11-16T11:59:41.181+0000][16.200s][info ][gc,phases     ] GC(22)   Evacuate Collection Set: 30.7ms
[2023-11-16T11:59:41.181+0000][16.200s][info ][gc,phases     ] GC(22)   Post Evacuate Collection Set: 2.6ms
[2023-11-16T11:59:41.181+0000][16.200s][info ][gc,phases     ] GC(22)   Other: 0.2ms
[2023-11-16T11:59:41.181+0000][16.200s][info ][gc,heap       ] GC(22) Eden regions: 375->0(372)
[2023-11-16T11:59:41.181+0000][16.200s][info ][gc,heap       ] GC(22) Survivor regions: 21->24(50)
[2023-11-16T11:59:41.181+0000][16.200s][info ][gc,heap       ] GC(22) Old regions: 24->25
[2023-11-16T11:59:41.181+0000][16.200s][info ][gc,heap       ] GC(22) Humongous regions: 0->0
[2023-11-16T11:59:41.181+0000][16.200s][info ][gc,metaspace  ] GC(22) Metaspace: 77199K(79292K)->77199K(79292K) NonClass: 67360K(68672K)->67360K(68672K) Class: 9838K(10620K)->9838K(10620K)
[2023-11-16T11:59:41.181+0000][16.200s][info ][gc            ] GC(22) Pause Young (Normal) (G1 Evacuation Pause) 418M->46M(660M) 33.630ms
[2023-11-16T11:59:41.181+0000][16.200s][info ][gc,cpu        ] GC(22) User=0.11s Sys=0.00s Real=0.04s
[2023-11-16T11:59:41.181+0000][16.200s][info ][safepoint     ] Leaving safepoint region
[2023-11-16T11:59:41.181+0000][16.200s][info ][safepoint     ] Total time for which application threads were stopped: 0.0338213 seconds, Stopping threads took: 0.0000118 seconds
[2023-11-16T11:59:41.181+0000][16.201s][info ][gc,stringdedup] Concurrent String Deduplication (16.201s)
[2023-11-16T11:59:41.184+0000][16.203s][info ][gc,stringdedup] Concurrent String Deduplication 367.3K->114.8K(252.5K) avg 45.1% (16.201s, 16.203s) 2.599ms
[2023-11-16T11:59:41.470+0000][16.490s][debug][safepoint     ] Safepoint synchronization initiated. (16 threads)
[2023-11-16T11:59:41.470+0000][16.490s][info ][safepoint     ] Application time: 0.2895535 seconds
[2023-11-16T11:59:41.470+0000][16.490s][debug][safepoint     ] Waiting for 1 thread(s) to block
[2023-11-16T11:59:41.471+0000][16.490s][info ][safepoint     ] Entering safepoint region: ICBufferFull
[2023-11-16T11:59:41.471+0000][16.490s][info ][safepoint     ] Leaving safepoint region
[2023-11-16T11:59:41.471+0000][16.490s][info ][safepoint     ] Total time for which application threads were stopped: 0.0001750 seconds, Stopping threads took: 0.0000280 seconds
[2023-11-16T11:59:41.703+0000][16.722s][debug][safepoint     ] Safepoint synchronization initiated. (16 threads)
[2023-11-16T11:59:41.703+0000][16.722s][info ][safepoint     ] Application time: 0.2318887 seconds
[2023-11-16T11:59:41.703+0000][16.722s][info ][safepoint     ] Entering safepoint region: ICBufferFull
[2023-11-16T11:59:41.703+0000][16.722s][info ][safepoint     ] Leaving safepoint region
[2023-11-16T11:59:41.703+0000][16.722s][info ][safepoint     ] Total time for which application threads were stopped: 0.0001671 seconds, Stopping threads took: 0.0000105 seconds
[2023-11-16T11:59:41.989+0000][17.008s][debug][safepoint     ] Safepoint synchronization initiated. (16 threads)
[2023-11-16T11:59:41.989+0000][17.008s][info ][safepoint     ] Application time: 0.2862227 seconds
[2023-11-16T11:59:41.989+0000][17.008s][info ][safepoint     ] Entering safepoint region: ICBufferFull
[2023-11-16T11:59:41.989+0000][17.008s][info ][safepoint     ] Leaving safepoint region
[2023-11-16T11:59:41.989+0000][17.008s][info ][safepoint     ] Total time for which application threads were stopped: 0.0001397 seconds, Stopping threads took: 0.0000105 seconds
[2023-11-16T11:59:42.394+0000][17.413s][debug][safepoint     ] Safepoint synchronization initiated. (16 threads)
[2023-11-16T11:59:42.394+0000][17.413s][info ][safepoint     ] Application time: 0.4046962 seconds
[2023-11-16T11:59:42.394+0000][17.413s][info ][safepoint     ] Entering safepoint region: ICBufferFull
[2023-11-16T11:59:42.394+0000][17.413s][info ][safepoint     ] Leaving safepoint region
[2023-11-16T11:59:42.394+0000][17.413s][info ][safepoint     ] Total time for which application threads were stopped: 0.0001902 seconds, Stopping threads took: 0.0000112 seconds
[2023-11-16T11:59:42.762+0000][17.781s][debug][safepoint     ] Safepoint synchronization initiated. (15 threads)
[2023-11-16T11:59:42.762+0000][17.782s][info ][safepoint     ] Application time: 0.3682918 seconds
[2023-11-16T11:59:42.762+0000][17.782s][debug][safepoint     ] Waiting for 1 thread(s) to block
[2023-11-16T11:59:42.762+0000][17.782s][info ][safepoint     ] Entering safepoint region: ICBufferFull
[2023-11-16T11:59:42.762+0000][17.782s][info ][safepoint     ] Leaving safepoint region
[2023-11-16T11:59:42.762+0000][17.782s][info ][safepoint     ] Total time for which application threads were stopped: 0.0001651 seconds, Stopping threads took: 0.0000274 seconds
[2023-11-16T11:59:42.981+0000][18.000s][debug][safepoint     ] Safepoint synchronization initiated. (15 threads)
[2023-11-16T11:59:42.981+0000][18.000s][info ][safepoint     ] Application time: 0.2187147 seconds
[2023-11-16T11:59:42.981+0000][18.000s][debug][safepoint     ] Waiting for 1 thread(s) to block
[2023-11-16T11:59:42.981+0000][18.000s][info ][safepoint     ] Entering safepoint region: Deoptimize
[2023-11-16T11:59:42.982+0000][18.001s][info ][safepoint     ] Leaving safepoint region
[2023-11-16T11:59:42.982+0000][18.001s][info ][safepoint     ] Total time for which application threads were stopped: 0.0008361 seconds, Stopping threads took: 0.0000270 seconds
[2023-11-16T11:59:43.130+0000][18.150s][debug][safepoint     ] Safepoint synchronization initiated. (15 threads)
[2023-11-16T11:59:43.131+0000][18.150s][info ][safepoint     ] Application time: 0.1484693 seconds
[2023-11-16T11:59:43.131+0000][18.150s][info ][safepoint     ] Entering safepoint region: G1CollectForAllocation
[2023-11-16T11:59:43.131+0000][18.150s][info ][gc,start      ] GC(23) Pause Young (Normal) (G1 Evacuation Pause)
[2023-11-16T11:59:43.131+0000][18.150s][info ][gc,task       ] GC(23) Using 4 workers of 4 for evacuation
[2023-11-16T11:59:43.171+0000][18.190s][info ][gc,phases     ] GC(23)   Pre Evacuate Collection Set: 0.0ms
[2023-11-16T11:59:43.171+0000][18.190s][info ][gc,phases     ] GC(23)   Evacuate Collection Set: 37.4ms
[2023-11-16T11:59:43.171+0000][18.190s][info ][gc,phases     ] GC(23)   Post Evacuate Collection Set: 2.9ms
[2023-11-16T11:59:43.171+0000][18.190s][info ][gc,phases     ] GC(23)   Other: 0.2ms
[2023-11-16T11:59:43.171+0000][18.190s][info ][gc,heap       ] GC(23) Eden regions: 372->0(363)
[2023-11-16T11:59:43.171+0000][18.190s][info ][gc,heap       ] GC(23) Survivor regions: 24->33(50)
[2023-11-16T11:59:43.171+0000][18.190s][info ][gc,heap       ] GC(23) Old regions: 25->26
[2023-11-16T11:59:43.171+0000][18.190s][info ][gc,heap       ] GC(23) Humongous regions: 0->0
[2023-11-16T11:59:43.171+0000][18.190s][info ][gc,metaspace  ] GC(23) Metaspace: 80678K(82876K)->80678K(82876K) NonClass: 70649K(72000K)->70649K(72000K) Class: 10029K(10876K)->10029K(10876K)
[2023-11-16T11:59:43.171+0000][18.190s][info ][gc            ] GC(23) Pause Young (Normal) (G1 Evacuation Pause) 418M->56M(660M) 40.579ms
[2023-11-16T11:59:43.171+0000][18.191s][info ][gc,cpu        ] GC(23) User=0.14s Sys=0.00s Real=0.04s
[2023-11-16T11:59:43.171+0000][18.191s][info ][safepoint     ] Leaving safepoint region
[2023-11-16T11:59:43.171+0000][18.191s][info ][safepoint     ] Total time for which application threads were stopped: 0.0407717 seconds, Stopping threads took: 0.0000110 seconds
[2023-11-16T11:59:43.174+0000][18.193s][info ][gc,stringdedup] Concurrent String Deduplication (18.193s)
[2023-11-16T11:59:43.174+0000][18.193s][info ][gc,stringdedup] Concurrent String Deduplication 44016.0B->3192.0B(40824.0B) avg 45.3% (18.193s, 18.193s) 0.279ms
[2023-11-16T11:59:43.184+0000][18.203s][debug][safepoint     ] Safepoint synchronization initiated. (15 threads)
[2023-11-16T11:59:43.184+0000][18.204s][info ][safepoint     ] Application time: 0.0129956 seconds
[2023-11-16T11:59:43.184+0000][18.204s][debug][safepoint     ] Waiting for 2 thread(s) to block
[2023-11-16T11:59:43.184+0000][18.204s][info ][safepoint     ] Entering safepoint region: ICBufferFull
[2023-11-16T11:59:43.185+0000][18.204s][info ][safepoint     ] Leaving safepoint region
[2023-11-16T11:59:43.185+0000][18.204s][info ][safepoint     ] Total time for which application threads were stopped: 0.0003753 seconds, Stopping threads took: 0.0001748 seconds
[2023-11-16T11:59:43.643+0000][18.662s][debug][safepoint     ] Safepoint synchronization initiated. (15 threads)
[2023-11-16T11:59:43.643+0000][18.662s][info ][safepoint     ] Application time: 0.4579797 seconds
[2023-11-16T11:59:43.643+0000][18.662s][debug][safepoint     ] Waiting for 1 thread(s) to block
[2023-11-16T11:59:43.643+0000][18.662s][info ][safepoint     ] Entering safepoint region: Deoptimize
[2023-11-16T11:59:43.644+0000][18.663s][info ][safepoint     ] Leaving safepoint region
[2023-11-16T11:59:43.644+0000][18.663s][info ][safepoint     ] Total time for which application threads were stopped: 0.0010041 seconds, Stopping threads took: 0.0000404 seconds
[2023-11-16T11:59:44.157+0000][19.176s][debug][safepoint     ] Safepoint synchronization initiated. (19 threads)
[2023-11-16T11:59:44.157+0000][19.176s][info ][safepoint     ] Application time: 0.5134933 seconds
[2023-11-16T11:59:44.157+0000][19.176s][info ][safepoint     ] Entering safepoint region: ICBufferFull
[2023-11-16T11:59:44.157+0000][19.177s][info ][safepoint     ] Leaving safepoint region
[2023-11-16T11:59:44.157+0000][19.177s][info ][safepoint     ] Total time for which application threads were stopped: 0.0002235 seconds, Stopping threads took: 0.0000114 seconds
[2023-11-16T11:59:44.648+0000][19.667s][debug][safepoint     ] Safepoint synchronization initiated. (19 threads)
[2023-11-16T11:59:44.648+0000][19.667s][info ][safepoint     ] Application time: 0.4904276 seconds
[2023-11-16T11:59:44.648+0000][19.667s][info ][safepoint     ] Entering safepoint region: Deoptimize
[2023-11-16T11:59:44.649+0000][19.668s][info ][safepoint     ] Leaving safepoint region
[2023-11-16T11:59:44.649+0000][19.668s][info ][safepoint     ] Total time for which application threads were stopped: 0.0010001 seconds, Stopping threads took: 0.0000112 seconds
[2023-11-16T11:59:44.812+0000][19.832s][debug][safepoint     ] Safepoint synchronization initiated. (19 threads)
[2023-11-16T11:59:44.813+0000][19.832s][info ][safepoint     ] Application time: 0.1636131 seconds
[2023-11-16T11:59:44.813+0000][19.832s][info ][safepoint     ] Entering safepoint region: ICBufferFull
[2023-11-16T11:59:44.813+0000][19.832s][info ][safepoint     ] Leaving safepoint region
[2023-11-16T11:59:44.813+0000][19.832s][info ][safepoint     ] Total time for which application threads were stopped: 0.0002010 seconds, Stopping threads took: 0.0000110 seconds
[2023-11-16T11:59:44.894+0000][19.913s][debug][safepoint     ] Safepoint synchronization initiated. (19 threads)
[2023-11-16T11:59:44.894+0000][19.913s][info ][safepoint     ] Application time: 0.0813613 seconds
[2023-11-16T11:59:44.894+0000][19.913s][info ][safepoint     ] Entering safepoint region: G1CollectForAllocation
[2023-11-16T11:59:44.894+0000][19.913s][info ][gc,start      ] GC(24) Pause Young (Normal) (G1 Evacuation Pause)
[2023-11-16T11:59:44.894+0000][19.914s][info ][gc,task       ] GC(24) Using 4 workers of 4 for evacuation
[2023-11-16T11:59:44.935+0000][19.954s][info ][gc,phases     ] GC(24)   Pre Evacuate Collection Set: 0.0ms
[2023-11-16T11:59:44.935+0000][19.954s][info ][gc,phases     ] GC(24)   Evacuate Collection Set: 36.8ms
[2023-11-16T11:59:44.935+0000][19.954s][info ][gc,phases     ] GC(24)   Post Evacuate Collection Set: 3.8ms
[2023-11-16T11:59:44.935+0000][19.954s][info ][gc,phases     ] GC(24)   Other: 0.2ms
[2023-11-16T11:59:44.935+0000][19.954s][info ][gc,heap       ] GC(24) Eden regions: 363->0(445)
[2023-11-16T11:59:44.935+0000][19.954s][info ][gc,heap       ] GC(24) Survivor regions: 33->30(50)
[2023-11-16T11:59:44.935+0000][19.954s][info ][gc,heap       ] GC(24) Old regions: 26->37
[2023-11-16T11:59:44.935+0000][19.954s][info ][gc,heap       ] GC(24) Humongous regions: 0->0
[2023-11-16T11:59:44.935+0000][19.954s][info ][gc,metaspace  ] GC(24) Metaspace: 84349K(86716K)->84349K(86716K) NonClass: 73917K(75328K)->73917K(75328K) Class: 10432K(11388K)->10432K(11388K)
[2023-11-16T11:59:44.935+0000][19.954s][info ][gc            ] GC(24) Pause Young (Normal) (G1 Evacuation Pause) 419M->64M(792M) 40.934ms
[2023-11-16T11:59:44.935+0000][19.954s][info ][gc,cpu        ] GC(24) User=0.12s Sys=0.00s Real=0.04s
[2023-11-16T11:59:44.935+0000][19.954s][info ][safepoint     ] Leaving safepoint region
[2023-11-16T11:59:44.935+0000][19.954s][info ][safepoint     ] Total time for which application threads were stopped: 0.0411516 seconds, Stopping threads took: 0.0000201 seconds
[2023-11-16T11:59:44.939+0000][19.958s][info ][gc,stringdedup] Concurrent String Deduplication (19.958s)
[2023-11-16T11:59:44.944+0000][19.963s][info ][gc,stringdedup] Concurrent String Deduplication 464.2K->246.4K(217.8K) avg 45.4% (19.958s, 19.963s) 5.292ms
[2023-11-16T11:59:45.080+0000][20.099s][debug][safepoint     ] Safepoint synchronization initiated. (19 threads)
[2023-11-16T11:59:45.080+0000][20.099s][info ][safepoint     ] Application time: 0.1446563 seconds
[2023-11-16T11:59:45.080+0000][20.099s][debug][safepoint     ] Waiting for 1 thread(s) to block
[2023-11-16T11:59:45.080+0000][20.099s][info ][safepoint     ] Entering safepoint region: Deoptimize
[2023-11-16T11:59:45.081+0000][20.100s][info ][safepoint     ] Leaving safepoint region
[2023-11-16T11:59:45.081+0000][20.100s][info ][safepoint     ] Total time for which application threads were stopped: 0.0010118 seconds, Stopping threads took: 0.0000267 seconds
[2023-11-16T11:59:45.191+0000][20.210s][debug][safepoint     ] Safepoint synchronization initiated. (20 threads)
[2023-11-16T11:59:45.191+0000][20.210s][info ][safepoint     ] Application time: 0.1099734 seconds
[2023-11-16T11:59:45.191+0000][20.210s][debug][safepoint     ] Waiting for 1 thread(s) to block
[2023-11-16T11:59:45.191+0000][20.210s][info ][safepoint     ] Entering safepoint region: Deoptimize
[2023-11-16T11:59:45.192+0000][20.211s][info ][safepoint     ] Leaving safepoint region
[2023-11-16T11:59:45.192+0000][20.211s][info ][safepoint     ] Total time for which application threads were stopped: 0.0010371 seconds, Stopping threads took: 0.0000294 seconds
[2023-11-16T11:59:45.405+0000][20.424s][debug][safepoint     ] Safepoint synchronization initiated. (20 threads)
[2023-11-16T11:59:45.405+0000][20.424s][info ][safepoint     ] Application time: 0.2126504 seconds
[2023-11-16T11:59:45.405+0000][20.424s][info ][safepoint     ] Entering safepoint region: Deoptimize
[2023-11-16T11:59:45.406+0000][20.425s][info ][safepoint     ] Leaving safepoint region
[2023-11-16T11:59:45.406+0000][20.425s][info ][safepoint     ] Total time for which application threads were stopped: 0.0010154 seconds, Stopping threads took: 0.0000115 seconds
[2023-11-16T11:59:46.025+0000][21.045s][debug][safepoint     ] Safepoint synchronization initiated. (22 threads)
[2023-11-16T11:59:46.025+0000][21.045s][info ][safepoint     ] Application time: 0.6196799 seconds
[2023-11-16T11:59:46.025+0000][21.045s][info ][safepoint     ] Entering safepoint region: Deoptimize
[2023-11-16T11:59:46.026+0000][21.046s][info ][safepoint     ] Leaving safepoint region
[2023-11-16T11:59:46.026+0000][21.046s][info ][safepoint     ] Total time for which application threads were stopped: 0.0010357 seconds, Stopping threads took: 0.0000108 seconds
[2023-11-16T11:59:46.082+0000][21.101s][debug][safepoint     ] Safepoint synchronization initiated. (22 threads)
[2023-11-16T11:59:46.082+0000][21.101s][info ][safepoint     ] Application time: 0.0557594 seconds
[2023-11-16T11:59:46.082+0000][21.101s][info ][safepoint     ] Entering safepoint region: Deoptimize
[2023-11-16T11:59:46.083+0000][21.102s][info ][safepoint     ] Leaving safepoint region
[2023-11-16T11:59:46.083+0000][21.102s][info ][safepoint     ] Total time for which application threads were stopped: 0.0009212 seconds, Stopping threads took: 0.0000108 seconds
[2023-11-16T11:59:46.136+0000][21.155s][debug][safepoint     ] Safepoint synchronization initiated. (22 threads)
[2023-11-16T11:59:46.136+0000][21.155s][info ][safepoint     ] Application time: 0.0525378 seconds
[2023-11-16T11:59:46.136+0000][21.155s][info ][safepoint     ] Entering safepoint region: Deoptimize
[2023-11-16T11:59:46.137+0000][21.156s][info ][safepoint     ] Leaving safepoint region
[2023-11-16T11:59:46.137+0000][21.156s][info ][safepoint     ] Total time for which application threads were stopped: 0.0009107 seconds, Stopping threads took: 0.0000115 seconds
[2023-11-16T11:59:46.143+0000][21.162s][debug][safepoint     ] Safepoint synchronization initiated. (22 threads)
[2023-11-16T11:59:46.143+0000][21.162s][info ][safepoint     ] Application time: 0.0066537 seconds
[2023-11-16T11:59:46.143+0000][21.162s][info ][safepoint     ] Entering safepoint region: Deoptimize
[2023-11-16T11:59:46.144+0000][21.163s][info ][safepoint     ] Leaving safepoint region
[2023-11-16T11:59:46.144+0000][21.163s][info ][safepoint     ] Total time for which application threads were stopped: 0.0009463 seconds, Stopping threads took: 0.0000115 seconds
[2023-11-16T11:59:46.184+0000][21.203s][debug][safepoint     ] Safepoint synchronization initiated. (22 threads)
[2023-11-16T11:59:46.184+0000][21.203s][info ][safepoint     ] Application time: 0.0398041 seconds
[2023-11-16T11:59:46.184+0000][21.203s][info ][safepoint     ] Entering safepoint region: Deoptimize
[2023-11-16T11:59:46.185+0000][21.204s][info ][safepoint     ] Leaving safepoint region
[2023-11-16T11:59:46.185+0000][21.204s][info ][safepoint     ] Total time for which application threads were stopped: 0.0010112 seconds, Stopping threads took: 0.0000105 seconds
[2023-11-16T11:59:46.491+0000][21.510s][debug][safepoint     ] Safepoint synchronization initiated. (25 threads)
[2023-11-16T11:59:46.491+0000][21.510s][info ][safepoint     ] Application time: 0.3061865 seconds
[2023-11-16T11:59:46.491+0000][21.510s][info ][safepoint     ] Entering safepoint region: ICBufferFull
[2023-11-16T11:59:46.491+0000][21.511s][info ][safepoint     ] Leaving safepoint region
[2023-11-16T11:59:46.491+0000][21.511s][info ][safepoint     ] Total time for which application threads were stopped: 0.0001741 seconds, Stopping threads took: 0.0000098 seconds
[2023-11-16T11:59:46.902+0000][21.921s][debug][safepoint     ] Safepoint synchronization initiated. (33 threads)
[2023-11-16T11:59:46.902+0000][21.921s][info ][safepoint     ] Application time: 0.4105442 seconds
[2023-11-16T11:59:46.902+0000][21.921s][info ][safepoint     ] Entering safepoint region: ICBufferFull
[2023-11-16T11:59:46.902+0000][21.921s][info ][safepoint     ] Leaving safepoint region
[2023-11-16T11:59:46.902+0000][21.921s][info ][safepoint     ] Total time for which application threads were stopped: 0.0002350 seconds, Stopping threads took: 0.0000135 seconds
[2023-11-16T11:59:47.004+0000][22.023s][debug][safepoint     ] Safepoint synchronization initiated. (33 threads)
[2023-11-16T11:59:47.004+0000][22.023s][info ][safepoint     ] Application time: 0.1018663 seconds
[2023-11-16T11:59:47.004+0000][22.023s][info ][safepoint     ] Entering safepoint region: Deoptimize
[2023-11-16T11:59:47.005+0000][22.024s][info ][safepoint     ] Leaving safepoint region
[2023-11-16T11:59:47.005+0000][22.024s][info ][safepoint     ] Total time for which application threads were stopped: 0.0010167 seconds, Stopping threads took: 0.0000128 seconds
[2023-11-16T11:59:47.225+0000][22.244s][debug][safepoint     ] Safepoint synchronization initiated. (34 threads)
[2023-11-16T11:59:47.225+0000][22.244s][info ][safepoint     ] Application time: 0.2194937 seconds
[2023-11-16T11:59:47.225+0000][22.244s][debug][safepoint     ] ... found polling page return exception at pc = 0x00007ffac8438ef4, stub =0x00007ffac083a800
[2023-11-16T11:59:47.225+0000][22.244s][debug][safepoint     ] Waiting for 1 thread(s) to block
[2023-11-16T11:59:47.225+0000][22.244s][info ][safepoint     ] Entering safepoint region: G1CollectForAllocation
[2023-11-16T11:59:47.225+0000][22.244s][info ][gc,start      ] GC(25) Pause Young (Normal) (G1 Evacuation Pause)
[2023-11-16T11:59:47.225+0000][22.244s][info ][gc,task       ] GC(25) Using 4 workers of 4 for evacuation
[2023-11-16T11:59:47.272+0000][22.291s][info ][gc,phases     ] GC(25)   Pre Evacuate Collection Set: 0.0ms
[2023-11-16T11:59:47.272+0000][22.291s][info ][gc,phases     ] GC(25)   Evacuate Collection Set: 43.6ms
[2023-11-16T11:59:47.272+0000][22.291s][info ][gc,phases     ] GC(25)   Post Evacuate Collection Set: 3.3ms
[2023-11-16T11:59:47.272+0000][22.291s][info ][gc,phases     ] GC(25)   Other: 0.2ms
[2023-11-16T11:59:47.272+0000][22.291s][info ][gc,heap       ] GC(25) Eden regions: 445->0(437)
[2023-11-16T11:59:47.272+0000][22.291s][info ][gc,heap       ] GC(25) Survivor regions: 30->38(60)
[2023-11-16T11:59:47.272+0000][22.291s][info ][gc,heap       ] GC(25) Old regions: 37->37
[2023-11-16T11:59:47.272+0000][22.291s][info ][gc,heap       ] GC(25) Humongous regions: 0->0
[2023-11-16T11:59:47.272+0000][22.291s][info ][gc,metaspace  ] GC(25) Metaspace: 95168K(98108K)->95168K(98108K) NonClass: 83439K(85312K)->83439K(85312K) Class: 11729K(12796K)->11729K(12796K)
[2023-11-16T11:59:47.272+0000][22.291s][info ][gc            ] GC(25) Pause Young (Normal) (G1 Evacuation Pause) 509M->72M(792M) 47.233ms
[2023-11-16T11:59:47.272+0000][22.291s][info ][gc,cpu        ] GC(25) User=0.16s Sys=0.00s Real=0.05s
[2023-11-16T11:59:47.272+0000][22.291s][info ][safepoint     ] Leaving safepoint region
[2023-11-16T11:59:47.272+0000][22.291s][info ][safepoint     ] Total time for which application threads were stopped: 0.0474618 seconds, Stopping threads took: 0.0000739 seconds
[2023-11-16T11:59:47.277+0000][22.297s][info ][gc,stringdedup] Concurrent String Deduplication (22.297s)
[2023-11-16T11:59:47.282+0000][22.301s][info ][gc,stringdedup] Concurrent String Deduplication 957.7K->229.5K(728.3K) avg 48.0% (22.297s, 22.301s) 4.614ms
[2023-11-16T11:59:47.551+0000][22.571s][debug][safepoint     ] Safepoint synchronization initiated. (38 threads)
[2023-11-16T11:59:47.551+0000][22.571s][info ][safepoint     ] Application time: 0.2793285 seconds
[2023-11-16T11:59:47.551+0000][22.571s][info ][safepoint     ] Entering safepoint region: Deoptimize
[2023-11-16T11:59:47.552+0000][22.572s][info ][safepoint     ] Leaving safepoint region
[2023-11-16T11:59:47.552+0000][22.572s][info ][safepoint     ] Total time for which application threads were stopped: 0.0010642 seconds, Stopping threads took: 0.0000131 seconds
[2023-11-16T11:59:47.722+0000][22.741s][debug][safepoint     ] Safepoint synchronization initiated. (38 threads)
[2023-11-16T11:59:47.722+0000][22.741s][info ][safepoint     ] Application time: 0.1696986 seconds
[2023-11-16T11:59:47.722+0000][22.741s][info ][safepoint     ] Entering safepoint region: Deoptimize
[2023-11-16T11:59:47.723+0000][22.742s][info ][safepoint     ] Leaving safepoint region
[2023-11-16T11:59:47.723+0000][22.742s][info ][safepoint     ] Total time for which application threads were stopped: 0.0011146 seconds, Stopping threads took: 0.0000133 seconds
[2023-11-16T11:59:47.788+0000][22.807s][debug][safepoint     ] Safepoint synchronization initiated. (38 threads)
[2023-11-16T11:59:47.788+0000][22.807s][info ][safepoint     ] Application time: 0.0647381 seconds
[2023-11-16T11:59:47.788+0000][22.807s][info ][safepoint     ] Entering safepoint region: Deoptimize
[2023-11-16T11:59:47.789+0000][22.808s][info ][safepoint     ] Leaving safepoint region
[2023-11-16T11:59:47.789+0000][22.808s][info ][safepoint     ] Total time for which application threads were stopped: 0.0009776 seconds, Stopping threads took: 0.0000144 seconds
[2023-11-16T11:59:47.790+0000][22.809s][debug][safepoint     ] Safepoint synchronization initiated. (38 threads)
[2023-11-16T11:59:47.790+0000][22.809s][info ][safepoint     ] Application time: 0.0011731 seconds
[2023-11-16T11:59:47.790+0000][22.809s][info ][safepoint     ] Entering safepoint region: Deoptimize
[2023-11-16T11:59:47.791+0000][22.810s][info ][safepoint     ] Leaving safepoint region
[2023-11-16T11:59:47.791+0000][22.810s][info ][safepoint     ] Total time for which application threads were stopped: 0.0009117 seconds, Stopping threads took: 0.0000103 seconds
[2023-11-16T11:59:47.848+0000][22.867s][debug][safepoint     ] Safepoint synchronization initiated. (38 threads)
[2023-11-16T11:59:47.848+0000][22.867s][info ][safepoint     ] Application time: 0.0565475 seconds
[2023-11-16T11:59:47.848+0000][22.867s][info ][safepoint     ] Entering safepoint region: Deoptimize
[2023-11-16T11:59:47.849+0000][22.868s][info ][safepoint     ] Leaving safepoint region
[2023-11-16T11:59:47.849+0000][22.868s][info ][safepoint     ] Total time for which application threads were stopped: 0.0010171 seconds, Stopping threads took: 0.0000135 seconds
[2023-11-16T11:59:48.597+0000][23.616s][debug][safepoint     ] Safepoint synchronization initiated. (38 threads)
[2023-11-16T11:59:48.597+0000][23.617s][info ][safepoint     ] Application time: 0.7485927 seconds
[2023-11-16T11:59:48.597+0000][23.617s][info ][safepoint     ] Entering safepoint region: ICBufferFull
[2023-11-16T11:59:48.598+0000][23.617s][info ][safepoint     ] Leaving safepoint region
[2023-11-16T11:59:48.598+0000][23.617s][info ][safepoint     ] Total time for which application threads were stopped: 0.0002777 seconds, Stopping threads took: 0.0000142 seconds
[2023-11-16T11:59:49.239+0000][24.258s][debug][safepoint     ] Safepoint synchronization initiated. (38 threads)
[2023-11-16T11:59:49.239+0000][24.258s][info ][safepoint     ] Application time: 0.6415511 seconds
[2023-11-16T11:59:49.239+0000][24.258s][info ][safepoint     ] Entering safepoint region: Deoptimize
[2023-11-16T11:59:49.240+0000][24.259s][info ][safepoint     ] Leaving safepoint region
[2023-11-16T11:59:49.240+0000][24.259s][info ][safepoint     ] Total time for which application threads were stopped: 0.0010805 seconds, Stopping threads took: 0.0000140 seconds
[2023-11-16T11:59:49.277+0000][24.297s][debug][safepoint     ] Safepoint synchronization initiated. (38 threads)
[2023-11-16T11:59:49.277+0000][24.297s][info ][safepoint     ] Application time: 0.0371211 seconds
[2023-11-16T11:59:49.277+0000][24.297s][info ][safepoint     ] Entering safepoint region: G1CollectForAllocation
[2023-11-16T11:59:49.278+0000][24.297s][info ][gc,start      ] GC(26) Pause Young (Normal) (G1 Evacuation Pause)
[2023-11-16T11:59:49.278+0000][24.297s][info ][gc,task       ] GC(26) Using 4 workers of 4 for evacuation
[2023-11-16T11:59:49.341+0000][24.361s][info ][gc,phases     ] GC(26)   Pre Evacuate Collection Set: 0.0ms
[2023-11-16T11:59:49.341+0000][24.361s][info ][gc,phases     ] GC(26)   Evacuate Collection Set: 60.3ms
[2023-11-16T11:59:49.341+0000][24.361s][info ][gc,phases     ] GC(26)   Post Evacuate Collection Set: 3.3ms
[2023-11-16T11:59:49.341+0000][24.361s][info ][gc,phases     ] GC(26)   Other: 0.3ms
[2023-11-16T11:59:49.341+0000][24.361s][info ][gc,heap       ] GC(26) Eden regions: 437->0(438)
[2023-11-16T11:59:49.341+0000][24.361s][info ][gc,heap       ] GC(26) Survivor regions: 38->37(60)
[2023-11-16T11:59:49.341+0000][24.361s][info ][gc,heap       ] GC(26) Old regions: 37->47
[2023-11-16T11:59:49.341+0000][24.361s][info ][gc,heap       ] GC(26) Humongous regions: 1->0
[2023-11-16T11:59:49.341+0000][24.361s][info ][gc,metaspace  ] GC(26) Metaspace: 103210K(106300K)->103210K(106300K) NonClass: 90777K(92736K)->90777K(92736K) Class: 12432K(13564K)->12432K(13564K)
[2023-11-16T11:59:49.341+0000][24.361s][info ][gc            ] GC(26) Pause Young (Normal) (G1 Evacuation Pause) 510M->82M(792M) 63.962ms
[2023-11-16T11:59:49.342+0000][24.361s][info ][gc,cpu        ] GC(26) User=0.23s Sys=0.01s Real=0.07s
[2023-11-16T11:59:49.342+0000][24.361s][info ][safepoint     ] Leaving safepoint region
[2023-11-16T11:59:49.342+0000][24.361s][info ][safepoint     ] Total time for which application threads were stopped: 0.0641290 seconds, Stopping threads took: 0.0000130 seconds
[2023-11-16T11:59:49.343+0000][24.362s][info ][gc,stringdedup] Concurrent String Deduplication (24.362s)
[2023-11-16T11:59:49.346+0000][24.365s][info ][gc,stringdedup] Concurrent String Deduplication 601.0K->163.5K(437.4K) avg 49.2% (24.362s, 24.365s) 3.298ms
[2023-11-16T11:59:49.366+0000][24.385s][debug][safepoint     ] Safepoint synchronization initiated. (38 threads)
[2023-11-16T11:59:49.366+0000][24.385s][info ][safepoint     ] Application time: 0.0247216 seconds
[2023-11-16T11:59:49.366+0000][24.385s][info ][safepoint     ] Entering safepoint region: Deoptimize
[2023-11-16T11:59:49.367+0000][24.386s][info ][safepoint     ] Leaving safepoint region
[2023-11-16T11:59:49.367+0000][24.386s][info ][safepoint     ] Total time for which application threads were stopped: 0.0009825 seconds, Stopping threads took: 0.0000137 seconds
[2023-11-16T11:59:49.884+0000][24.903s][debug][safepoint     ] Safepoint synchronization initiated. (41 threads)
[2023-11-16T11:59:49.884+0000][24.903s][info ][safepoint     ] Application time: 0.5168393 seconds
[2023-11-16T11:59:49.884+0000][24.903s][info ][safepoint     ] Entering safepoint region: Deoptimize
[2023-11-16T11:59:49.885+0000][24.904s][info ][safepoint     ] Leaving safepoint region
[2023-11-16T11:59:49.885+0000][24.904s][info ][safepoint     ] Total time for which application threads were stopped: 0.0011660 seconds, Stopping threads took: 0.0000144 seconds
[2023-11-16T11:59:50.259+0000][25.278s][debug][safepoint     ] Safepoint synchronization initiated. (41 threads)
[2023-11-16T11:59:50.259+0000][25.278s][info ][safepoint     ] Application time: 0.3732748 seconds
[2023-11-16T11:59:50.259+0000][25.278s][info ][safepoint     ] Entering safepoint region: ICBufferFull
[2023-11-16T11:59:50.259+0000][25.278s][info ][safepoint     ] Leaving safepoint region
[2023-11-16T11:59:50.259+0000][25.278s][info ][safepoint     ] Total time for which application threads were stopped: 0.0002438 seconds, Stopping threads took: 0.0000300 seconds
[2023-11-16T11:59:50.536+0000][25.555s][debug][safepoint     ] Safepoint synchronization initiated. (41 threads)
[2023-11-16T11:59:50.536+0000][25.555s][info ][safepoint     ] Application time: 0.2771579 seconds
[2023-11-16T11:59:50.536+0000][25.555s][info ][safepoint     ] Entering safepoint region: Deoptimize
[2023-11-16T11:59:50.537+0000][25.556s][info ][safepoint     ] Leaving safepoint region
[2023-11-16T11:59:50.537+0000][25.556s][info ][safepoint     ] Total time for which application threads were stopped: 0.0011378 seconds, Stopping threads took: 0.0000141 seconds
[2023-11-16T11:59:50.598+0000][25.617s][debug][safepoint     ] Safepoint synchronization initiated. (41 threads)
[2023-11-16T11:59:50.598+0000][25.617s][info ][safepoint     ] Application time: 0.0609835 seconds
[2023-11-16T11:59:50.598+0000][25.617s][info ][safepoint     ] Entering safepoint region: Deoptimize
[2023-11-16T11:59:50.599+0000][25.618s][info ][safepoint     ] Leaving safepoint region
[2023-11-16T11:59:50.599+0000][25.618s][info ][safepoint     ] Total time for which application threads were stopped: 0.0010743 seconds, Stopping threads took: 0.0000143 seconds
[2023-11-16T11:59:50.631+0000][25.650s][debug][safepoint     ] Safepoint synchronization initiated. (41 threads)
[2023-11-16T11:59:50.631+0000][25.650s][info ][safepoint     ] Application time: 0.0314701 seconds
[2023-11-16T11:59:50.631+0000][25.650s][info ][safepoint     ] Entering safepoint region: Deoptimize
[2023-11-16T11:59:50.632+0000][25.651s][info ][safepoint     ] Leaving safepoint region
[2023-11-16T11:59:50.632+0000][25.651s][info ][safepoint     ] Total time for which application threads were stopped: 0.0010651 seconds, Stopping threads took: 0.0000142 seconds
[2023-11-16T11:59:50.671+0000][25.690s][debug][safepoint     ] Safepoint synchronization initiated. (41 threads)
[2023-11-16T11:59:50.671+0000][25.690s][info ][safepoint     ] Application time: 0.0392032 seconds
[2023-11-16T11:59:50.671+0000][25.690s][info ][safepoint     ] Entering safepoint region: Deoptimize
[2023-11-16T11:59:50.672+0000][25.692s][info ][safepoint     ] Leaving safepoint region
[2023-11-16T11:59:50.672+0000][25.692s][info ][safepoint     ] Total time for which application threads were stopped: 0.0014117 seconds, Stopping threads took: 0.0000145 seconds
[2023-11-16T11:59:50.821+0000][25.840s][debug][safepoint     ] Safepoint synchronization initiated. (41 threads)
[2023-11-16T11:59:50.821+0000][25.840s][info ][safepoint     ] Application time: 0.1488139 seconds
[2023-11-16T11:59:50.821+0000][25.840s][info ][safepoint     ] Entering safepoint region: Deoptimize
[2023-11-16T11:59:50.822+0000][25.842s][info ][safepoint     ] Leaving safepoint region
[2023-11-16T11:59:50.822+0000][25.842s][info ][safepoint     ] Total time for which application threads were stopped: 0.0011352 seconds, Stopping threads took: 0.0000144 seconds
[2023-11-16T11:59:50.823+0000][25.843s][debug][safepoint     ] Safepoint synchronization initiated. (41 threads)
[2023-11-16T11:59:50.823+0000][25.843s][info ][safepoint     ] Application time: 0.0010171 seconds
[2023-11-16T11:59:50.823+0000][25.843s][info ][safepoint     ] Entering safepoint region: Deoptimize
[2023-11-16T11:59:50.824+0000][25.844s][info ][safepoint     ] Leaving safepoint region
[2023-11-16T11:59:50.824+0000][25.844s][info ][safepoint     ] Total time for which application threads were stopped: 0.0010796 seconds, Stopping threads took: 0.0000140 seconds
[2023-11-16T11:59:51.029+0000][26.049s][debug][safepoint     ] Safepoint synchronization initiated. (41 threads)
[2023-11-16T11:59:51.029+0000][26.049s][info ][safepoint     ] Application time: 0.2048758 seconds
[2023-11-16T11:59:51.029+0000][26.049s][debug][safepoint     ] ... found polling page return exception at pc = 0x00007ffac8787add, stub =0x00007ffac083a800
[2023-11-16T11:59:51.029+0000][26.049s][debug][safepoint     ] Waiting for 2 thread(s) to block
[2023-11-16T11:59:51.029+0000][26.049s][info ][safepoint     ] Entering safepoint region: ICBufferFull
[2023-11-16T11:59:51.030+0000][26.049s][info ][safepoint     ] Leaving safepoint region
[2023-11-16T11:59:51.030+0000][26.049s][info ][safepoint     ] Total time for which application threads were stopped: 0.0003002 seconds, Stopping threads took: 0.0000920 seconds
[2023-11-16T11:59:51.431+0000][26.451s][debug][safepoint     ] Safepoint synchronization initiated. (41 threads)
[2023-11-16T11:59:51.432+0000][26.451s][info ][safepoint     ] Application time: 0.4018409 seconds
[2023-11-16T11:59:51.432+0000][26.451s][info ][safepoint     ] Entering safepoint region: CollectForMetadataAllocation
[2023-11-16T11:59:51.432+0000][26.451s][info ][gc,start      ] GC(27) Pause Young (Concurrent Start) (Metadata GC Threshold)
[2023-11-16T11:59:51.432+0000][26.451s][info ][gc,task       ] GC(27) Using 4 workers of 4 for evacuation
[2023-11-16T11:59:51.509+0000][26.528s][info ][gc,phases     ] GC(27)   Pre Evacuate Collection Set: 0.2ms
[2023-11-16T11:59:51.509+0000][26.528s][info ][gc,phases     ] GC(27)   Evacuate Collection Set: 67.4ms
[2023-11-16T11:59:51.509+0000][26.528s][info ][gc,phases     ] GC(27)   Post Evacuate Collection Set: 8.9ms
[2023-11-16T11:59:51.509+0000][26.528s][info ][gc,phases     ] GC(27)   Other: 0.3ms
[2023-11-16T11:59:51.509+0000][26.528s][info ][gc,heap       ] GC(27) Eden regions: 280->0(441)
[2023-11-16T11:59:51.509+0000][26.528s][info ][gc,heap       ] GC(27) Survivor regions: 37->34(60)
[2023-11-16T11:59:51.509+0000][26.528s][info ][gc,heap       ] GC(27) Old regions: 47->57
[2023-11-16T11:59:51.509+0000][26.528s][info ][gc,heap       ] GC(27) Humongous regions: 0->0
[2023-11-16T11:59:51.509+0000][26.528s][info ][gc,metaspace  ] GC(27) Metaspace: 114474K(117820K)->114474K(117820K) NonClass: 100736K(102720K)->100736K(102720K) Class: 13737K(15100K)->13737K(15100K)
[2023-11-16T11:59:51.509+0000][26.528s][info ][gc            ] GC(27) Pause Young (Concurrent Start) (Metadata GC Threshold) 361M->89M(792M) 77.014ms
[2023-11-16T11:59:51.509+0000][26.528s][info ][gc,cpu        ] GC(27) User=0.19s Sys=0.01s Real=0.08s
[2023-11-16T11:59:51.509+0000][26.528s][info ][safepoint     ] Leaving safepoint region
[2023-11-16T11:59:51.509+0000][26.528s][info ][safepoint     ] Total time for which application threads were stopped: 0.0773257 seconds, Stopping threads took: 0.0000150 seconds
[2023-11-16T11:59:51.509+0000][26.528s][info ][gc            ] GC(28) Concurrent Cycle
[2023-11-16T11:59:51.509+0000][26.528s][info ][gc,marking    ] GC(28) Concurrent Clear Claimed Marks
[2023-11-16T11:59:51.509+0000][26.528s][info ][gc,marking    ] GC(28) Concurrent Clear Claimed Marks 0.205ms
[2023-11-16T11:59:51.509+0000][26.528s][info ][gc,marking    ] GC(28) Concurrent Scan Root Regions
[2023-11-16T11:59:51.510+0000][26.529s][info ][gc,stringdedup] Concurrent String Deduplication (26.529s)
[2023-11-16T11:59:51.531+0000][26.550s][info ][gc,stringdedup] Concurrent String Deduplication 919.8K->421.4K(498.4K) avg 49.6% (26.529s, 26.550s) 20.763ms
[2023-11-16T11:59:51.540+0000][26.559s][info ][gc,marking    ] GC(28) Concurrent Scan Root Regions 30.642ms
[2023-11-16T11:59:51.540+0000][26.559s][info ][gc,marking    ] GC(28) Concurrent Mark (26.559s)
[2023-11-16T11:59:51.540+0000][26.559s][info ][gc,marking    ] GC(28) Concurrent Mark From Roots
[2023-11-16T11:59:51.540+0000][26.559s][info ][gc,task       ] GC(28) Using 1 workers of 1 for marking
