[2023-11-14T20:37:17.542+0000][0.003s][info][gc,heap] Heap region size: 1M
[2023-11-14T20:37:17.560+0000][0.021s][info][gc     ] Using G1
[2023-11-14T20:37:17.560+0000][0.021s][info][gc,heap,coops] Heap address: 0x0000000708000000, size: 3968 MB, Compressed Oops mode: Zero based, Oop shift amount: 3
[2023-11-14T20:37:17.560+0000][0.022s][info][gc,cds       ] Mark closed archive regions in map: [0x00000007bfc00000, 0x00000007bfc6bff8]
[2023-11-14T20:37:17.561+0000][0.022s][info][gc,cds       ] Mark open archive regions in map: [0x00000007bf800000, 0x00000007bf847ff8]
[2023-11-14T20:37:17.690+0000][0.151s][debug][safepoint    ] Safepoint synchronization initiated. (9 threads)
[2023-11-14T20:37:17.690+0000][0.152s][info ][safepoint    ] Application time: 0.0666801 seconds
[2023-11-14T20:37:17.690+0000][0.152s][info ][safepoint    ] Entering safepoint region: Deoptimize
[2023-11-14T20:37:17.693+0000][0.154s][info ][safepoint    ] Leaving safepoint region
[2023-11-14T20:37:17.693+0000][0.154s][info ][safepoint    ] Total time for which application threads were stopped: 0.0029514 seconds, Stopping threads took: 0.0000087 seconds
[2023-11-14T20:37:18.695+0000][1.157s][debug][safepoint    ] Safepoint synchronization initiated. (10 threads)
[2023-11-14T20:37:18.696+0000][1.157s][info ][safepoint    ] Application time: 1.0023630 seconds
[2023-11-14T20:37:18.696+0000][1.157s][debug][safepoint    ] Waiting for 1 thread(s) to block
[2023-11-14T20:37:18.697+0000][1.158s][info ][safepoint    ] Entering safepoint region: Cleanup
[2023-11-14T20:37:18.697+0000][1.158s][info ][safepoint    ] Leaving safepoint region
[2023-11-14T20:37:18.697+0000][1.159s][info ][safepoint    ] Total time for which application threads were stopped: 0.0016518 seconds, Stopping threads took: 0.0015622 seconds
[2023-11-14T20:37:18.954+0000][1.416s][debug][safepoint    ] Safepoint synchronization initiated. (10 threads)
[2023-11-14T20:37:18.954+0000][1.416s][info ][safepoint    ] Application time: 0.2570608 seconds
[2023-11-14T20:37:18.954+0000][1.416s][debug][safepoint    ] Waiting for 2 thread(s) to block
[2023-11-14T20:37:18.954+0000][1.416s][info ][safepoint    ] Entering safepoint region: G1CollectForAllocation
[2023-11-14T20:37:18.954+0000][1.416s][info ][gc,start     ] GC(0) Pause Young (Normal) (G1 Evacuation Pause)
[2023-11-14T20:37:18.960+0000][1.421s][info ][gc,task      ] GC(0) Using 4 workers of 4 for evacuation
[2023-11-14T20:37:18.978+0000][1.440s][info ][gc,phases    ] GC(0)   Pre Evacuate Collection Set: 0.0ms
[2023-11-14T20:37:19.011+0000][1.472s][info ][gc,phases    ] GC(0)   Evacuate Collection Set: 13.2ms
[2023-11-14T20:37:19.011+0000][1.472s][info ][gc,phases    ] GC(0)   Post Evacuate Collection Set: 5.4ms
[2023-11-14T20:37:19.011+0000][1.472s][info ][gc,phases    ] GC(0)   Other: 5.5ms
[2023-11-14T20:37:19.011+0000][1.472s][info ][gc,heap      ] GC(0) Eden regions: 38->0(143)
[2023-11-14T20:37:19.011+0000][1.472s][info ][gc,heap      ] GC(0) Survivor regions: 0->5(5)
[2023-11-14T20:37:19.011+0000][1.472s][info ][gc,heap      ] GC(0) Old regions: 2->5
[2023-11-14T20:37:19.011+0000][1.472s][info ][gc,heap      ] GC(0) Humongous regions: 2->0
[2023-11-14T20:37:19.011+0000][1.472s][info ][gc,metaspace ] GC(0) Metaspace: 1853K(5376K)->1853K(5376K) NonClass: 1699K(4864K)->1699K(4864K) Class: 153K(512K)->153K(512K)
[2023-11-14T20:37:19.011+0000][1.472s][info ][gc           ] GC(0) Pause Young (Normal) (G1 Evacuation Pause) 40M->8M(250M) 56.753ms
[2023-11-14T20:37:19.011+0000][1.472s][info ][gc,cpu       ] GC(0) User=0.02s Sys=0.00s Real=0.06s
[2023-11-14T20:37:19.011+0000][1.472s][info ][safepoint    ] Leaving safepoint region
[2023-11-14T20:37:19.011+0000][1.472s][info ][safepoint    ] Total time for which application threads were stopped: 0.0569028 seconds, Stopping threads took: 0.0000347 seconds
[2023-11-14T20:37:19.021+0000][1.483s][info ][gc,stringdedup] Concurrent String Deduplication (1.483s)
[2023-11-14T20:37:19.055+0000][1.516s][info ][gc,stringdedup] Concurrent String Deduplication 565.0K->548.5K(16904.0B) avg 2.0% (1.483s, 1.516s) 33.502ms
[2023-11-14T20:37:19.364+0000][1.825s][debug][safepoint     ] Safepoint synchronization initiated. (10 threads)
[2023-11-14T20:37:19.364+0000][1.825s][info ][safepoint     ] Application time: 0.3524843 seconds
[2023-11-14T20:37:19.364+0000][1.825s][info ][safepoint     ] Entering safepoint region: G1CollectForAllocation
[2023-11-14T20:37:19.364+0000][1.825s][info ][gc,start      ] GC(1) Pause Young (Normal) (G1 Evacuation Pause)
[2023-11-14T20:37:19.364+0000][1.825s][info ][gc,task       ] GC(1) Using 4 workers of 4 for evacuation
[2023-11-14T20:37:19.390+0000][1.851s][info ][gc,phases     ] GC(1)   Pre Evacuate Collection Set: 0.0ms
[2023-11-14T20:37:19.390+0000][1.851s][info ][gc,phases     ] GC(1)   Evacuate Collection Set: 25.1ms
[2023-11-14T20:37:19.390+0000][1.851s][info ][gc,phases     ] GC(1)   Post Evacuate Collection Set: 0.9ms
[2023-11-14T20:37:19.390+0000][1.851s][info ][gc,phases     ] GC(1)   Other: 0.1ms
[2023-11-14T20:37:19.390+0000][1.851s][info ][gc,heap       ] GC(1) Eden regions: 19->0(68)
[2023-11-14T20:37:19.390+0000][1.851s][info ][gc,heap       ] GC(1) Survivor regions: 5->1(3)
[2023-11-14T20:37:19.390+0000][1.851s][info ][gc,heap       ] GC(1) Old regions: 5->10
[2023-11-14T20:37:19.390+0000][1.851s][info ][gc,heap       ] GC(1) Humongous regions: 0->0
[2023-11-14T20:37:19.390+0000][1.851s][info ][gc,metaspace  ] GC(1) Metaspace: 2373K(5760K)->2373K(5760K) NonClass: 2173K(5120K)->2173K(5120K) Class: 199K(640K)->199K(640K)
[2023-11-14T20:37:19.390+0000][1.851s][info ][gc            ] GC(1) Pause Young (Normal) (G1 Evacuation Pause) 27M->9M(250M) 26.185ms
[2023-11-14T20:37:19.390+0000][1.851s][info ][gc,cpu        ] GC(1) User=0.02s Sys=0.01s Real=0.03s
[2023-11-14T20:37:19.390+0000][1.851s][info ][safepoint     ] Leaving safepoint region
[2023-11-14T20:37:19.390+0000][1.851s][info ][safepoint     ] Total time for which application threads were stopped: 0.0263516 seconds, Stopping threads took: 0.0000294 seconds
[2023-11-14T20:37:19.390+0000][1.851s][info ][gc,stringdedup] Concurrent String Deduplication (1.851s)
[2023-11-14T20:37:19.396+0000][1.857s][info ][gc,stringdedup] Concurrent String Deduplication 1390.2K->1297.9K(94528.0B) avg 4.9% (1.851s, 1.857s) 6.033ms
[2023-11-14T20:37:19.626+0000][2.088s][debug][safepoint     ] Safepoint synchronization initiated. (10 threads)
[2023-11-14T20:37:19.851+0000][2.312s][info ][safepoint     ] Application time: 0.4606537 seconds
[2023-11-14T20:37:19.851+0000][2.312s][info ][safepoint     ] Entering safepoint region: Deoptimize
[2023-11-14T20:37:19.851+0000][2.313s][info ][safepoint     ] Leaving safepoint region
[2023-11-14T20:37:19.851+0000][2.313s][info ][safepoint     ] Total time for which application threads were stopped: 0.0006073 seconds, Stopping threads took: 0.0000120 seconds
[2023-11-14T20:37:19.876+0000][2.338s][debug][safepoint     ] Safepoint synchronization initiated. (10 threads)
[2023-11-14T20:37:19.876+0000][2.338s][info ][safepoint     ] Application time: 0.0249468 seconds
[2023-11-14T20:37:19.876+0000][2.338s][debug][safepoint     ] Waiting for 1 thread(s) to block
[2023-11-14T20:37:19.876+0000][2.338s][info ][safepoint     ] Entering safepoint region: Deoptimize
[2023-11-14T20:37:19.876+0000][2.338s][info ][safepoint     ] Leaving safepoint region
[2023-11-14T20:37:19.876+0000][2.338s][info ][safepoint     ] Total time for which application threads were stopped: 0.0001647 seconds, Stopping threads took: 0.0000267 seconds
[2023-11-14T20:37:20.084+0000][2.545s][debug][safepoint     ] Safepoint synchronization initiated. (10 threads)
[2023-11-14T20:37:20.084+0000][2.545s][info ][safepoint     ] Application time: 0.2073189 seconds
[2023-11-14T20:37:20.084+0000][2.545s][debug][safepoint     ] Waiting for 1 thread(s) to block
[2023-11-14T20:37:20.084+0000][2.545s][info ][safepoint     ] Entering safepoint region: Deoptimize
[2023-11-14T20:37:20.084+0000][2.545s][info ][safepoint     ] Leaving safepoint region
[2023-11-14T20:37:20.084+0000][2.545s][info ][safepoint     ] Total time for which application threads were stopped: 0.0001861 seconds, Stopping threads took: 0.0000272 seconds
[2023-11-14T20:37:20.100+0000][2.562s][debug][safepoint     ] Safepoint synchronization initiated. (10 threads)
[2023-11-14T20:37:20.100+0000][2.562s][info ][safepoint     ] Application time: 0.0164708 seconds
[2023-11-14T20:37:20.100+0000][2.562s][debug][safepoint     ] Waiting for 1 thread(s) to block
[2023-11-14T20:37:20.100+0000][2.562s][info ][safepoint     ] Entering safepoint region: Deoptimize
[2023-11-14T20:37:20.101+0000][2.562s][info ][safepoint     ] Leaving safepoint region
[2023-11-14T20:37:20.101+0000][2.562s][info ][safepoint     ] Total time for which application threads were stopped: 0.0001841 seconds, Stopping threads took: 0.0000278 seconds
[2023-11-14T20:37:20.412+0000][2.873s][debug][safepoint     ] Safepoint synchronization initiated. (11 threads)
[2023-11-14T20:37:20.498+0000][2.959s][info ][safepoint     ] Application time: 0.3971582 seconds
[2023-11-14T20:37:20.498+0000][2.959s][info ][safepoint     ] Entering safepoint region: G1CollectForAllocation
[2023-11-14T20:37:20.498+0000][2.959s][info ][gc,start      ] GC(2) Pause Young (Normal) (G1 Evacuation Pause)
[2023-11-14T20:37:20.498+0000][2.959s][info ][gc,task       ] GC(2) Using 4 workers of 4 for evacuation
[2023-11-14T20:37:20.530+0000][2.991s][info ][gc,phases     ] GC(2)   Pre Evacuate Collection Set: 0.0ms
[2023-11-14T20:37:20.530+0000][2.991s][info ][gc,phases     ] GC(2)   Evacuate Collection Set: 29.4ms
[2023-11-14T20:37:20.530+0000][2.991s][info ][gc,phases     ] GC(2)   Post Evacuate Collection Set: 2.3ms
[2023-11-14T20:37:20.530+0000][2.991s][info ][gc,phases     ] GC(2)   Other: 0.1ms
[2023-11-14T20:37:20.530+0000][2.991s][info ][gc,heap       ] GC(2) Eden regions: 68->0(103)
[2023-11-14T20:37:20.530+0000][2.991s][info ][gc,heap       ] GC(2) Survivor regions: 1->2(9)
[2023-11-14T20:37:20.530+0000][2.991s][info ][gc,heap       ] GC(2) Old regions: 10->10
[2023-11-14T20:37:20.530+0000][2.991s][info ][gc,heap       ] GC(2) Humongous regions: 0->0
[2023-11-14T20:37:20.530+0000][2.991s][info ][gc,metaspace  ] GC(2) Metaspace: 5166K(7424K)->5166K(7424K) NonClass: 4613K(6656K)->4613K(6656K) Class: 553K(768K)->553K(768K)
[2023-11-14T20:37:20.530+0000][2.991s][info ][gc            ] GC(2) Pause Young (Normal) (G1 Evacuation Pause) 77M->9M(250M) 31.991ms
[2023-11-14T20:37:20.530+0000][2.991s][info ][gc,cpu        ] GC(2) User=0.06s Sys=0.00s Real=0.04s
[2023-11-14T20:37:20.530+0000][2.991s][info ][safepoint     ] Leaving safepoint region
[2023-11-14T20:37:20.530+0000][2.991s][info ][safepoint     ] Total time for which application threads were stopped: 0.0321473 seconds, Stopping threads took: 0.0000123 seconds
[2023-11-14T20:37:21.310+0000][3.771s][debug][safepoint     ] Safepoint synchronization initiated. (11 threads)
[2023-11-14T20:37:22.516+0000][4.977s][info ][safepoint     ] Application time: 1.9859338 seconds
[2023-11-14T20:37:22.516+0000][4.977s][info ][safepoint     ] Entering safepoint region: G1CollectForAllocation
[2023-11-14T20:37:22.516+0000][4.978s][info ][gc,start      ] GC(3) Pause Young (Normal) (G1 Evacuation Pause)
[2023-11-14T20:37:22.516+0000][4.978s][info ][gc,task       ] GC(3) Using 4 workers of 4 for evacuation
[2023-11-14T20:37:22.529+0000][4.990s][info ][gc,phases     ] GC(3)   Pre Evacuate Collection Set: 0.0ms
[2023-11-14T20:37:22.529+0000][4.990s][info ][gc,phases     ] GC(3)   Evacuate Collection Set: 11.3ms
[2023-11-14T20:37:22.529+0000][4.990s][info ][gc,phases     ] GC(3)   Post Evacuate Collection Set: 1.2ms
[2023-11-14T20:37:22.529+0000][4.990s][info ][gc,phases     ] GC(3)   Other: 0.1ms
[2023-11-14T20:37:22.529+0000][4.990s][info ][gc,heap       ] GC(3) Eden regions: 103->0(145)
[2023-11-14T20:37:22.529+0000][4.990s][info ][gc,heap       ] GC(3) Survivor regions: 2->3(14)
[2023-11-14T20:37:22.529+0000][4.990s][info ][gc,heap       ] GC(3) Old regions: 10->10
[2023-11-14T20:37:22.529+0000][4.990s][info ][gc,heap       ] GC(3) Humongous regions: 0->0
[2023-11-14T20:37:22.529+0000][4.990s][info ][gc,metaspace  ] GC(3) Metaspace: 9338K(10624K)->9338K(10624K) NonClass: 8212K(9216K)->8212K(9216K) Class: 1126K(1408K)->1126K(1408K)
[2023-11-14T20:37:22.529+0000][4.990s][info ][gc            ] GC(3) Pause Young (Normal) (G1 Evacuation Pause) 112M->11M(250M) 12.774ms
[2023-11-14T20:37:22.529+0000][4.990s][info ][gc,cpu        ] GC(3) User=0.02s Sys=0.00s Real=0.02s
[2023-11-14T20:37:22.529+0000][4.990s][info ][safepoint     ] Leaving safepoint region
[2023-11-14T20:37:22.529+0000][4.990s][info ][safepoint     ] Total time for which application threads were stopped: 0.0131308 seconds, Stopping threads took: 0.0000125 seconds
[2023-11-14T20:37:22.529+0000][4.990s][info ][gc,stringdedup] Concurrent String Deduplication (4.990s)
[2023-11-14T20:37:22.530+0000][4.991s][info ][gc,stringdedup] Concurrent String Deduplication 230.0K->161.9K(69696.0B) avg 7.2% (4.990s, 4.991s) 0.783ms
[2023-11-14T20:37:23.013+0000][5.474s][debug][safepoint     ] Safepoint synchronization initiated. (11 threads)
[2023-11-14T20:37:23.838+0000][6.299s][info ][safepoint     ] Application time: 1.3088412 seconds
[2023-11-14T20:37:23.838+0000][6.299s][info ][safepoint     ] Entering safepoint region: Deoptimize
[2023-11-14T20:37:23.838+0000][6.300s][info ][safepoint     ] Leaving safepoint region
[2023-11-14T20:37:23.838+0000][6.300s][info ][safepoint     ] Total time for which application threads were stopped: 0.0003653 seconds, Stopping threads took: 0.0000176 seconds
[2023-11-14T20:37:24.197+0000][6.658s][debug][safepoint     ] Safepoint synchronization initiated. (12 threads)
[2023-11-14T20:37:24.270+0000][6.731s][info ][safepoint     ] Application time: 0.4315317 seconds
[2023-11-14T20:37:24.270+0000][6.731s][info ][safepoint     ] Entering safepoint region: ICBufferFull
[2023-11-14T20:37:24.270+0000][6.731s][info ][safepoint     ] Leaving safepoint region
[2023-11-14T20:37:24.270+0000][6.731s][info ][safepoint     ] Total time for which application threads were stopped: 0.0001745 seconds, Stopping threads took: 0.0000131 seconds
[2023-11-14T20:37:24.387+0000][6.849s][debug][safepoint     ] Safepoint synchronization initiated. (12 threads)
[2023-11-14T20:37:24.907+0000][7.369s][info ][safepoint     ] Application time: 0.6363190 seconds
[2023-11-14T20:37:24.907+0000][7.369s][info ][safepoint     ] Entering safepoint region: G1CollectForAllocation
[2023-11-14T20:37:24.908+0000][7.369s][info ][gc,start      ] GC(4) Pause Young (Normal) (G1 Evacuation Pause)
[2023-11-14T20:37:24.908+0000][7.369s][info ][gc,task       ] GC(4) Using 4 workers of 4 for evacuation
[2023-11-14T20:37:24.918+0000][7.379s][info ][gc,phases     ] GC(4)   Pre Evacuate Collection Set: 0.0ms
[2023-11-14T20:37:24.918+0000][7.380s][info ][gc,phases     ] GC(4)   Evacuate Collection Set: 8.1ms
[2023-11-14T20:37:24.918+0000][7.380s][info ][gc,phases     ] GC(4)   Post Evacuate Collection Set: 2.3ms
[2023-11-14T20:37:24.918+0000][7.380s][info ][gc,phases     ] GC(4)   Other: 0.2ms
[2023-11-14T20:37:24.918+0000][7.380s][info ][gc,heap       ] GC(4) Eden regions: 145->0(176)
[2023-11-14T20:37:24.918+0000][7.380s][info ][gc,heap       ] GC(4) Survivor regions: 3->6(19)
[2023-11-14T20:37:24.918+0000][7.380s][info ][gc,heap       ] GC(4) Old regions: 10->10
[2023-11-14T20:37:24.918+0000][7.380s][info ][gc,heap       ] GC(4) Humongous regions: 0->0
[2023-11-14T20:37:24.918+0000][7.380s][info ][gc,metaspace  ] GC(4) Metaspace: 13854K(14592K)->13854K(14592K) NonClass: 12129K(12544K)->12129K(12544K) Class: 1725K(2048K)->1725K(2048K)
[2023-11-14T20:37:24.918+0000][7.380s][info ][gc            ] GC(4) Pause Young (Normal) (G1 Evacuation Pause) 156M->13M(318M) 10.722ms
[2023-11-14T20:37:24.918+0000][7.380s][info ][gc,cpu        ] GC(4) User=0.02s Sys=0.01s Real=0.00s
[2023-11-14T20:37:24.918+0000][7.380s][info ][safepoint     ] Leaving safepoint region
[2023-11-14T20:37:24.918+0000][7.380s][info ][safepoint     ] Total time for which application threads were stopped: 0.0109412 seconds, Stopping threads took: 0.0000169 seconds
[2023-11-14T20:37:24.920+0000][7.381s][info ][gc,stringdedup] Concurrent String Deduplication (7.381s)
[2023-11-14T20:37:24.920+0000][7.381s][info ][gc,stringdedup] Concurrent String Deduplication 53928.0B->21216.0B(32712.0B) avg 8.3% (7.381s, 7.381s) 0.526ms
[2023-11-14T20:37:25.243+0000][7.704s][debug][safepoint     ] Safepoint synchronization initiated. (11 threads)
[2023-11-14T20:37:26.080+0000][8.541s][info ][safepoint     ] Application time: 1.1614163 seconds
[2023-11-14T20:37:26.080+0000][8.541s][info ][safepoint     ] Entering safepoint region: Deoptimize
[2023-11-14T20:37:26.080+0000][8.541s][info ][safepoint     ] Leaving safepoint region
[2023-11-14T20:37:26.080+0000][8.541s][info ][safepoint     ] Total time for which application threads were stopped: 0.0003607 seconds, Stopping threads took: 0.0000120 seconds
[2023-11-14T20:37:26.456+0000][8.917s][debug][safepoint     ] Safepoint synchronization initiated. (12 threads)
[2023-11-14T20:37:26.456+0000][8.918s][info ][safepoint     ] Application time: 0.3760744 seconds
[2023-11-14T20:37:26.456+0000][8.918s][debug][safepoint     ] ... found polling page return exception at pc = 0x00007f38a83373f9, stub =0x00007f38a083a800
[2023-11-14T20:37:26.456+0000][8.918s][debug][safepoint     ] Waiting for 2 thread(s) to block
[2023-11-14T20:37:26.460+0000][8.921s][info ][safepoint     ] Entering safepoint region: Deoptimize
[2023-11-14T20:37:26.460+0000][8.921s][info ][safepoint     ] Leaving safepoint region
[2023-11-14T20:37:26.460+0000][8.921s][info ][safepoint     ] Total time for which application threads were stopped: 0.0036698 seconds, Stopping threads took: 0.0033458 seconds
[2023-11-14T20:37:26.474+0000][8.936s][debug][safepoint     ] Safepoint synchronization initiated. (12 threads)
[2023-11-14T20:37:26.474+0000][8.936s][info ][safepoint     ] Application time: 0.0144142 seconds
[2023-11-14T20:37:26.474+0000][8.936s][debug][safepoint     ] Waiting for 2 thread(s) to block
[2023-11-14T20:37:26.477+0000][8.938s][info ][safepoint     ] Entering safepoint region: G1CollectForAllocation
[2023-11-14T20:37:26.477+0000][8.938s][info ][gc,start      ] GC(5) Pause Young (Normal) (G1 Evacuation Pause)
[2023-11-14T20:37:26.477+0000][8.938s][info ][gc,task       ] GC(5) Using 4 workers of 4 for evacuation
[2023-11-14T20:37:26.509+0000][8.971s][info ][gc,phases     ] GC(5)   Pre Evacuate Collection Set: 0.0ms
[2023-11-14T20:37:26.509+0000][8.971s][info ][gc,phases     ] GC(5)   Evacuate Collection Set: 30.5ms
[2023-11-14T20:37:26.509+0000][8.971s][info ][gc,phases     ] GC(5)   Post Evacuate Collection Set: 1.6ms
[2023-11-14T20:37:26.509+0000][8.971s][info ][gc,phases     ] GC(5)   Other: 0.2ms
[2023-11-14T20:37:26.509+0000][8.971s][info ][gc,heap       ] GC(5) Eden regions: 176->0(182)
[2023-11-14T20:37:26.509+0000][8.971s][info ][gc,heap       ] GC(5) Survivor regions: 6->8(23)
[2023-11-14T20:37:26.509+0000][8.971s][info ][gc,heap       ] GC(5) Old regions: 10->10
[2023-11-14T20:37:26.509+0000][8.971s][info ][gc,heap       ] GC(5) Humongous regions: 0->0
[2023-11-14T20:37:26.509+0000][8.971s][info ][gc,metaspace  ] GC(5) Metaspace: 17887K(18816K)->17887K(18816K) NonClass: 15543K(16128K)->15543K(16128K) Class: 2343K(2688K)->2343K(2688K)
[2023-11-14T20:37:26.509+0000][8.971s][info ][gc            ] GC(5) Pause Young (Normal) (G1 Evacuation Pause) 189M->16M(318M) 32.384ms
[2023-11-14T20:37:26.509+0000][8.971s][info ][gc,cpu        ] GC(5) User=0.03s Sys=0.00s Real=0.04s
[2023-11-14T20:37:26.509+0000][8.971s][info ][safepoint     ] Leaving safepoint region
[2023-11-14T20:37:26.509+0000][8.971s][info ][safepoint     ] Total time for which application threads were stopped: 0.0350681 seconds, Stopping threads took: 0.0025516 seconds
[2023-11-14T20:37:26.511+0000][8.973s][info ][gc,stringdedup] Concurrent String Deduplication (8.973s)
[2023-11-14T20:37:26.513+0000][8.974s][info ][gc,stringdedup] Concurrent String Deduplication 179.5K->53464.0B(127.3K) avg 12.5% (8.973s, 8.974s) 1.420ms
[2023-11-14T20:37:26.972+0000][9.433s][debug][safepoint     ] Safepoint synchronization initiated. (12 threads)
[2023-11-14T20:37:26.972+0000][9.433s][info ][safepoint     ] Application time: 0.4624191 seconds
[2023-11-14T20:37:26.972+0000][9.433s][debug][safepoint     ] ... found polling page return exception at pc = 0x00007f38a82c2f94, stub =0x00007f38a083a800
[2023-11-14T20:37:26.972+0000][9.433s][debug][safepoint     ] Waiting for 3 thread(s) to block
[2023-11-14T20:37:26.979+0000][9.441s][info ][safepoint     ] Entering safepoint region: CollectForMetadataAllocation
[2023-11-14T20:37:26.984+0000][9.445s][info ][gc,start      ] GC(6) Pause Young (Concurrent Start) (Metadata GC Threshold)
[2023-11-14T20:37:26.984+0000][9.445s][info ][gc,task       ] GC(6) Using 4 workers of 4 for evacuation
[2023-11-14T20:37:27.005+0000][9.467s][info ][gc,phases     ] GC(6)   Pre Evacuate Collection Set: 0.1ms
[2023-11-14T20:37:27.005+0000][9.467s][info ][gc,phases     ] GC(6)   Evacuate Collection Set: 19.2ms
[2023-11-14T20:37:27.005+0000][9.467s][info ][gc,phases     ] GC(6)   Post Evacuate Collection Set: 2.4ms
[2023-11-14T20:37:27.005+0000][9.467s][info ][gc,phases     ] GC(6)   Other: 0.2ms
[2023-11-14T20:37:27.005+0000][9.467s][info ][gc,heap       ] GC(6) Eden regions: 55->0(178)
[2023-11-14T20:37:27.005+0000][9.467s][info ][gc,heap       ] GC(6) Survivor regions: 8->9(24)
[2023-11-14T20:37:27.005+0000][9.467s][info ][gc,heap       ] GC(6) Old regions: 10->10
[2023-11-14T20:37:27.005+0000][9.467s][info ][gc,heap       ] GC(6) Humongous regions: 0->0
[2023-11-14T20:37:27.005+0000][9.467s][info ][gc,metaspace  ] GC(6) Metaspace: 20490K(21296K)->20490K(21296K) NonClass: 17886K(18352K)->17886K(18352K) Class: 2603K(2944K)->2603K(2944K)
[2023-11-14T20:37:27.005+0000][9.467s][info ][gc            ] GC(6) Pause Young (Concurrent Start) (Metadata GC Threshold) 71M->16M(318M) 21.963ms
[2023-11-14T20:37:27.005+0000][9.467s][info ][gc,cpu        ] GC(6) User=0.03s Sys=0.00s Real=0.02s
[2023-11-14T20:37:27.006+0000][9.467s][info ][safepoint     ] Leaving safepoint region
[2023-11-14T20:37:27.006+0000][9.467s][info ][safepoint     ] Total time for which application threads were stopped: 0.0337592 seconds, Stopping threads took: 0.0076924 seconds
[2023-11-14T20:37:27.006+0000][9.467s][info ][gc            ] GC(7) Concurrent Cycle
[2023-11-14T20:37:27.006+0000][9.467s][info ][gc,marking    ] GC(7) Concurrent Clear Claimed Marks
[2023-11-14T20:37:27.006+0000][9.467s][info ][gc,marking    ] GC(7) Concurrent Clear Claimed Marks 0.046ms
[2023-11-14T20:37:27.006+0000][9.467s][info ][gc,marking    ] GC(7) Concurrent Scan Root Regions
[2023-11-14T20:37:27.006+0000][9.467s][info ][gc,stringdedup] Concurrent String Deduplication (9.467s)
[2023-11-14T20:37:27.012+0000][9.474s][info ][gc,stringdedup] Concurrent String Deduplication 192.6K->126.4K(67872.0B) avg 14.0% (9.467s, 9.474s) 6.432ms
[2023-11-14T20:37:27.014+0000][9.475s][info ][gc,marking    ] GC(7) Concurrent Scan Root Regions 8.300ms
[2023-11-14T20:37:27.014+0000][9.475s][info ][gc,marking    ] GC(7) Concurrent Mark (9.475s)
[2023-11-14T20:37:27.014+0000][9.475s][info ][gc,marking    ] GC(7) Concurrent Mark From Roots
[2023-11-14T20:37:27.014+0000][9.475s][info ][gc,task       ] GC(7) Using 1 workers of 1 for marking
[2023-11-14T20:37:27.047+0000][9.508s][info ][gc,marking    ] GC(7) Concurrent Mark From Roots 32.586ms
[2023-11-14T20:37:27.047+0000][9.508s][info ][gc,marking    ] GC(7) Concurrent Preclean
[2023-11-14T20:37:27.047+0000][9.508s][info ][gc,marking    ] GC(7) Concurrent Preclean 0.059ms
[2023-11-14T20:37:27.047+0000][9.508s][info ][gc,marking    ] GC(7) Concurrent Mark (9.475s, 9.508s) 32.699ms
[2023-11-14T20:37:27.047+0000][9.508s][debug][safepoint     ] Safepoint synchronization initiated. (12 threads)
[2023-11-14T20:37:27.047+0000][9.508s][info ][safepoint     ] Application time: 0.0411960 seconds
[2023-11-14T20:37:27.047+0000][9.509s][debug][safepoint     ] ... found polling page return exception at pc = 0x00007f38a12fb204, stub =0x00007f38a083a800
[2023-11-14T20:37:27.048+0000][9.509s][debug][safepoint     ] ... found polling page return exception at pc = 0x00007f38a12bbb8b, stub =0x00007f38a083a800
[2023-11-14T20:37:27.048+0000][9.509s][debug][safepoint     ] Waiting for 2 thread(s) to block
[2023-11-14T20:37:27.048+0000][9.509s][info ][safepoint     ] Entering safepoint region: CGC_Operation
[2023-11-14T20:37:27.048+0000][9.509s][info ][gc,start      ] GC(7) Pause Remark
[2023-11-14T20:37:27.064+0000][9.525s][info ][gc,stringtable] GC(7) Cleaned string and symbol table, strings: 7779 processed, 7 removed, symbols: 55306 processed, 113 removed
[2023-11-14T20:37:27.080+0000][9.541s][info ][gc            ] GC(7) Pause Remark 20M->20M(318M) 31.961ms
[2023-11-14T20:37:27.080+0000][9.541s][info ][gc,cpu        ] GC(7) User=0.04s Sys=0.00s Real=0.03s
[2023-11-14T20:37:27.080+0000][9.541s][info ][safepoint     ] Leaving safepoint region
[2023-11-14T20:37:27.080+0000][9.541s][info ][safepoint     ] Total time for which application threads were stopped: 0.0328889 seconds, Stopping threads took: 0.0007930 seconds
[2023-11-14T20:37:27.080+0000][9.541s][info ][gc,marking    ] GC(7) Concurrent Rebuild Remembered Sets
[2023-11-14T20:37:27.086+0000][9.547s][info ][gc,marking    ] GC(7) Concurrent Rebuild Remembered Sets 6.205ms
[2023-11-14T20:37:27.086+0000][9.547s][debug][safepoint     ] Safepoint synchronization initiated. (12 threads)
[2023-11-14T20:37:27.086+0000][9.547s][info ][safepoint     ] Application time: 0.0062923 seconds
[2023-11-14T20:37:27.086+0000][9.547s][info ][safepoint     ] Entering safepoint region: CGC_Operation
[2023-11-14T20:37:27.086+0000][9.547s][info ][gc,start      ] GC(7) Pause Cleanup
[2023-11-14T20:37:27.086+0000][9.547s][info ][gc            ] GC(7) Pause Cleanup 20M->20M(318M) 0.108ms
[2023-11-14T20:37:27.086+0000][9.548s][info ][gc,cpu        ] GC(7) User=0.00s Sys=0.00s Real=0.00s
[2023-11-14T20:37:27.086+0000][9.548s][info ][safepoint     ] Leaving safepoint region
[2023-11-14T20:37:27.086+0000][9.548s][info ][safepoint     ] Total time for which application threads were stopped: 0.0002197 seconds, Stopping threads took: 0.0000090 seconds
[2023-11-14T20:37:27.086+0000][9.548s][info ][gc,marking    ] GC(7) Concurrent Cleanup for Next Mark
[2023-11-14T20:37:27.088+0000][9.550s][info ][gc,marking    ] GC(7) Concurrent Cleanup for Next Mark 2.158ms
[2023-11-14T20:37:27.088+0000][9.550s][info ][gc            ] GC(7) Concurrent Cycle 82.776ms
[2023-11-14T20:37:27.520+0000][9.981s][debug][safepoint     ] Safepoint synchronization initiated. (12 threads)
[2023-11-14T20:37:27.520+0000][9.981s][info ][safepoint     ] Application time: 0.4336465 seconds
[2023-11-14T20:37:27.520+0000][9.981s][debug][safepoint     ] Waiting for 1 thread(s) to block
[2023-11-14T20:37:27.520+0000][9.981s][info ][safepoint     ] Entering safepoint region: Deoptimize
[2023-11-14T20:37:27.520+0000][9.982s][info ][safepoint     ] Leaving safepoint region
[2023-11-14T20:37:27.520+0000][9.982s][info ][safepoint     ] Total time for which application threads were stopped: 0.0003902 seconds, Stopping threads took: 0.0000436 seconds
[2023-11-14T20:37:28.477+0000][10.938s][debug][safepoint     ] Safepoint synchronization initiated. (11 threads)
[2023-11-14T20:37:28.477+0000][10.938s][info ][safepoint     ] Application time: 0.9564985 seconds
[2023-11-14T20:37:28.477+0000][10.938s][debug][safepoint     ] Waiting for 1 thread(s) to block
[2023-11-14T20:37:28.477+0000][10.938s][info ][safepoint     ] Entering safepoint region: G1CollectForAllocation
[2023-11-14T20:37:28.477+0000][10.938s][info ][gc,start      ] GC(8) Pause Young (Normal) (G1 Evacuation Pause)
[2023-11-14T20:37:28.477+0000][10.938s][info ][gc,task       ] GC(8) Using 4 workers of 4 for evacuation
[2023-11-14T20:37:28.522+0000][10.983s][info ][gc,phases     ] GC(8)   Pre Evacuate Collection Set: 0.0ms
[2023-11-14T20:37:28.522+0000][10.983s][info ][gc,phases     ] GC(8)   Evacuate Collection Set: 42.5ms
[2023-11-14T20:37:28.522+0000][10.983s][info ][gc,phases     ] GC(8)   Post Evacuate Collection Set: 2.3ms
[2023-11-14T20:37:28.522+0000][10.983s][info ][gc,phases     ] GC(8)   Other: 0.1ms
[2023-11-14T20:37:28.522+0000][10.983s][info ][gc,heap       ] GC(8) Eden regions: 178->0(177)
[2023-11-14T20:37:28.522+0000][10.983s][info ][gc,heap       ] GC(8) Survivor regions: 9->13(24)
[2023-11-14T20:37:28.522+0000][10.983s][info ][gc,heap       ] GC(8) Old regions: 10->10
[2023-11-14T20:37:28.522+0000][10.983s][info ][gc,heap       ] GC(8) Humongous regions: 0->0
[2023-11-14T20:37:28.522+0000][10.983s][info ][gc,metaspace  ] GC(8) Metaspace: 24042K(25136K)->24042K(25136K) NonClass: 21004K(21680K)->21004K(21680K) Class: 3038K(3456K)->3038K(3456K)
[2023-11-14T20:37:28.522+0000][10.983s][info ][gc            ] GC(8) Pause Young (Normal) (G1 Evacuation Pause) 194M->21M(318M) 45.014ms
[2023-11-14T20:37:28.522+0000][10.983s][info ][gc,cpu        ] GC(8) User=0.08s Sys=0.00s Real=0.05s
[2023-11-14T20:37:28.522+0000][10.983s][info ][safepoint     ] Leaving safepoint region
[2023-11-14T20:37:28.522+0000][10.983s][info ][safepoint     ] Total time for which application threads were stopped: 0.0452042 seconds, Stopping threads took: 0.0000273 seconds
[2023-11-14T20:37:28.522+0000][10.983s][info ][gc,stringdedup] Concurrent String Deduplication (10.983s)
[2023-11-14T20:37:28.524+0000][10.985s][info ][gc,stringdedup] Concurrent String Deduplication 589.0K->462.4K(126.7K) avg 15.2% (10.983s, 10.985s) 2.139ms
[2023-11-14T20:37:29.446+0000][11.907s][debug][safepoint     ] Safepoint synchronization initiated. (11 threads)
[2023-11-14T20:37:30.179+0000][12.641s][info ][safepoint     ] Application time: 1.6575052 seconds
[2023-11-14T20:37:30.180+0000][12.641s][info ][safepoint     ] Entering safepoint region: ICBufferFull
[2023-11-14T20:37:30.180+0000][12.641s][info ][safepoint     ] Leaving safepoint region
[2023-11-14T20:37:30.180+0000][12.641s][info ][safepoint     ] Total time for which application threads were stopped: 0.0001599 seconds, Stopping threads took: 0.0000138 seconds
[2023-11-14T20:37:30.363+0000][12.825s][debug][safepoint     ] Safepoint synchronization initiated. (11 threads)
[2023-11-14T20:37:30.363+0000][12.825s][info ][safepoint     ] Application time: 0.1836365 seconds
[2023-11-14T20:37:30.363+0000][12.825s][info ][safepoint     ] Entering safepoint region: G1CollectForAllocation
[2023-11-14T20:37:30.363+0000][12.825s][info ][gc,start      ] GC(9) Pause Young (Normal) (G1 Evacuation Pause)
[2023-11-14T20:37:30.363+0000][12.825s][info ][gc,task       ] GC(9) Using 4 workers of 4 for evacuation
[2023-11-14T20:37:30.397+0000][12.858s][info ][gc,phases     ] GC(9)   Pre Evacuate Collection Set: 0.0ms
[2023-11-14T20:37:30.481+0000][12.943s][info ][gc,phases     ] GC(9)   Evacuate Collection Set: 30.2ms
[2023-11-14T20:37:30.481+0000][12.943s][info ][gc,phases     ] GC(9)   Post Evacuate Collection Set: 3.3ms
[2023-11-14T20:37:30.481+0000][12.943s][info ][gc,phases     ] GC(9)   Other: 0.2ms
[2023-11-14T20:37:30.481+0000][12.943s][info ][gc,heap       ] GC(9) Eden regions: 177->0(173)
[2023-11-14T20:37:30.481+0000][12.943s][info ][gc,heap       ] GC(9) Survivor regions: 13->17(24)
[2023-11-14T20:37:30.481+0000][12.943s][info ][gc,heap       ] GC(9) Old regions: 10->10
[2023-11-14T20:37:30.481+0000][12.943s][info ][gc,heap       ] GC(9) Humongous regions: 0->0
[2023-11-14T20:37:30.481+0000][12.943s][info ][gc,metaspace  ] GC(9) Metaspace: 24621K(25648K)->24621K(25648K) NonClass: 21524K(22192K)->21524K(22192K) Class: 3096K(3456K)->3096K(3456K)
[2023-11-14T20:37:30.481+0000][12.943s][info ][gc            ] GC(9) Pause Young (Normal) (G1 Evacuation Pause) 198M->25M(318M) 117.952ms
[2023-11-14T20:37:30.481+0000][12.943s][info ][gc,cpu        ] GC(9) User=0.13s Sys=0.00s Real=0.12s
[2023-11-14T20:37:30.481+0000][12.943s][info ][safepoint     ] Leaving safepoint region
[2023-11-14T20:37:30.481+0000][12.943s][info ][safepoint     ] Total time for which application threads were stopped: 0.1181362 seconds, Stopping threads took: 0.0000102 seconds
[2023-11-14T20:37:30.487+0000][12.949s][info ][gc,stringdedup] Concurrent String Deduplication (12.949s)
[2023-11-14T20:37:30.489+0000][12.951s][info ][gc,stringdedup] Concurrent String Deduplication 340.5K->309.8K(31520.0B) avg 14.7% (12.949s, 12.951s) 1.802ms
[2023-11-14T20:37:30.966+0000][13.427s][debug][safepoint     ] Safepoint synchronization initiated. (12 threads)
[2023-11-14T20:37:31.640+0000][14.102s][info ][safepoint     ] Application time: 1.1589475 seconds
[2023-11-14T20:37:31.640+0000][14.102s][info ][safepoint     ] Entering safepoint region: G1CollectForAllocation
[2023-11-14T20:37:31.641+0000][14.102s][info ][gc,start      ] GC(10) Pause Young (Normal) (G1 Evacuation Pause)
[2023-11-14T20:37:31.641+0000][14.102s][info ][gc,task       ] GC(10) Using 4 workers of 4 for evacuation
[2023-11-14T20:37:31.659+0000][14.120s][info ][gc,phases     ] GC(10)   Pre Evacuate Collection Set: 0.0ms
[2023-11-14T20:37:31.659+0000][14.120s][info ][gc,phases     ] GC(10)   Evacuate Collection Set: 15.2ms
[2023-11-14T20:37:31.659+0000][14.120s][info ][gc,phases     ] GC(10)   Post Evacuate Collection Set: 2.8ms
[2023-11-14T20:37:31.659+0000][14.120s][info ][gc,phases     ] GC(10)   Other: 0.2ms
[2023-11-14T20:37:31.659+0000][14.120s][info ][gc,heap       ] GC(10) Eden regions: 173->0(215)
[2023-11-14T20:37:31.659+0000][14.120s][info ][gc,heap       ] GC(10) Survivor regions: 17->14(24)
[2023-11-14T20:37:31.659+0000][14.120s][info ][gc,heap       ] GC(10) Old regions: 10->15
[2023-11-14T20:37:31.659+0000][14.120s][info ][gc,heap       ] GC(10) Humongous regions: 0->0
[2023-11-14T20:37:31.659+0000][14.120s][info ][gc,metaspace  ] GC(10) Metaspace: 25872K(26800K)->25872K(26800K) NonClass: 22682K(23216K)->22682K(23216K) Class: 3190K(3584K)->3190K(3584K)
[2023-11-14T20:37:31.659+0000][14.120s][info ][gc            ] GC(10) Pause Young (Normal) (G1 Evacuation Pause) 198M->27M(382M) 18.337ms
[2023-11-14T20:37:31.659+0000][14.120s][info ][gc,cpu        ] GC(10) User=0.06s Sys=0.01s Real=0.01s
[2023-11-14T20:37:31.659+0000][14.120s][info ][safepoint     ] Leaving safepoint region
[2023-11-14T20:37:31.659+0000][14.120s][info ][safepoint     ] Total time for which application threads were stopped: 0.0186052 seconds, Stopping threads took: 0.0000222 seconds
[2023-11-14T20:37:31.659+0000][14.120s][info ][gc,stringdedup] Concurrent String Deduplication (14.120s)
[2023-11-14T20:37:31.668+0000][14.129s][info ][gc,stringdedup] Concurrent String Deduplication 1390.0K->722.9K(667.1K) avg 23.6% (14.120s, 14.129s) 9.052ms
[2023-11-14T20:37:31.968+0000][14.429s][debug][safepoint     ] Safepoint synchronization initiated. (12 threads)
[2023-11-14T20:37:31.968+0000][14.429s][info ][safepoint     ] Application time: 0.3084688 seconds
[2023-11-14T20:37:31.968+0000][14.429s][info ][safepoint     ] Entering safepoint region: G1CollectForAllocation
[2023-11-14T20:37:31.972+0000][14.433s][info ][gc,start      ] GC(11) Pause Young (Normal) (G1 Evacuation Pause)
[2023-11-14T20:37:31.972+0000][14.433s][info ][gc,task       ] GC(11) Using 4 workers of 4 for evacuation
[2023-11-14T20:37:31.987+0000][14.448s][info ][gc,phases     ] GC(11)   Pre Evacuate Collection Set: 0.0ms
[2023-11-14T20:37:31.987+0000][14.448s][info ][gc,phases     ] GC(11)   Evacuate Collection Set: 11.9ms
[2023-11-14T20:37:31.987+0000][14.448s][info ][gc,phases     ] GC(11)   Post Evacuate Collection Set: 3.1ms
[2023-11-14T20:37:31.987+0000][14.448s][info ][gc,phases     ] GC(11)   Other: 0.2ms
[2023-11-14T20:37:31.987+0000][14.448s][info ][gc,heap       ] GC(11) Eden regions: 215->0(215)
[2023-11-14T20:37:31.987+0000][14.448s][info ][gc,heap       ] GC(11) Survivor regions: 14->14(29)
[2023-11-14T20:37:31.987+0000][14.448s][info ][gc,heap       ] GC(11) Old regions: 15->15
[2023-11-14T20:37:31.987+0000][14.448s][info ][gc,heap       ] GC(11) Humongous regions: 0->0
[2023-11-14T20:37:31.987+0000][14.448s][info ][gc,metaspace  ] GC(11) Metaspace: 26237K(27056K)->26237K(27056K) NonClass: 23011K(23472K)->23011K(23472K) Class: 3225K(3584K)->3225K(3584K)
[2023-11-14T20:37:31.987+0000][14.448s][info ][gc            ] GC(11) Pause Young (Normal) (G1 Evacuation Pause) 242M->26M(382M) 15.287ms
[2023-11-14T20:37:31.987+0000][14.448s][info ][gc,cpu        ] GC(11) User=0.03s Sys=0.00s Real=0.01s
[2023-11-14T20:37:31.987+0000][14.448s][info ][safepoint     ] Leaving safepoint region
[2023-11-14T20:37:31.987+0000][14.448s][info ][safepoint     ] Total time for which application threads were stopped: 0.0192732 seconds, Stopping threads took: 0.0000100 seconds
[2023-11-14T20:37:31.987+0000][14.448s][info ][gc,stringdedup] Concurrent String Deduplication (14.448s)
[2023-11-14T20:37:31.992+0000][14.453s][info ][gc,stringdedup] Concurrent String Deduplication 1201.2K->364.2K(837.0K) avg 32.2% (14.448s, 14.453s) 4.711ms
[2023-11-14T20:37:32.646+0000][15.107s][debug][safepoint     ] Safepoint synchronization initiated. (11 threads)
[2023-11-14T20:37:33.908+0000][16.369s][info ][safepoint     ] Application time: 1.9212106 seconds
[2023-11-14T20:37:33.908+0000][16.369s][info ][safepoint     ] Entering safepoint region: ICBufferFull
[2023-11-14T20:37:33.909+0000][16.370s][info ][safepoint     ] Leaving safepoint region
[2023-11-14T20:37:33.909+0000][16.370s][info ][safepoint     ] Total time for which application threads were stopped: 0.0010691 seconds, Stopping threads took: 0.0000155 seconds
[2023-11-14T20:37:33.966+0000][16.428s][debug][safepoint     ] Safepoint synchronization initiated. (10 threads)
[2023-11-14T20:37:33.966+0000][16.428s][info ][safepoint     ] Application time: 0.0570656 seconds
[2023-11-14T20:37:33.966+0000][16.428s][debug][safepoint     ] Waiting for 2 thread(s) to block
[2023-11-14T20:37:33.968+0000][16.429s][info ][safepoint     ] Entering safepoint region: G1CollectForAllocation
[2023-11-14T20:37:33.968+0000][16.429s][info ][gc,start      ] GC(12) Pause Young (Normal) (G1 Evacuation Pause)
[2023-11-14T20:37:33.968+0000][16.429s][info ][gc,task       ] GC(12) Using 4 workers of 4 for evacuation
[2023-11-14T20:37:33.995+0000][16.457s][info ][gc,phases     ] GC(12)   Pre Evacuate Collection Set: 0.0ms
[2023-11-14T20:37:33.995+0000][16.457s][info ][gc,phases     ] GC(12)   Evacuate Collection Set: 19.8ms
[2023-11-14T20:37:33.995+0000][16.457s][info ][gc,phases     ] GC(12)   Post Evacuate Collection Set: 7.5ms
[2023-11-14T20:37:33.995+0000][16.457s][info ][gc,phases     ] GC(12)   Other: 0.1ms
[2023-11-14T20:37:33.995+0000][16.457s][info ][gc,heap       ] GC(12) Eden regions: 215->0(214)
[2023-11-14T20:37:33.995+0000][16.457s][info ][gc,heap       ] GC(12) Survivor regions: 14->15(29)
[2023-11-14T20:37:33.995+0000][16.457s][info ][gc,heap       ] GC(12) Old regions: 15->15
[2023-11-14T20:37:33.995+0000][16.457s][info ][gc,heap       ] GC(12) Humongous regions: 0->0
[2023-11-14T20:37:33.995+0000][16.457s][info ][gc,metaspace  ] GC(12) Metaspace: 32330K(33328K)->32330K(33328K) NonClass: 28438K(29104K)->28438K(29104K) Class: 3891K(4224K)->3891K(4224K)
[2023-11-14T20:37:33.995+0000][16.457s][info ][gc            ] GC(12) Pause Young (Normal) (G1 Evacuation Pause) 241M->28M(382M) 27.615ms
[2023-11-14T20:37:33.995+0000][16.457s][info ][gc,cpu        ] GC(12) User=0.06s Sys=0.00s Real=0.02s
[2023-11-14T20:37:33.995+0000][16.457s][info ][safepoint     ] Leaving safepoint region
[2023-11-14T20:37:33.995+0000][16.457s][info ][safepoint     ] Total time for which application threads were stopped: 0.0290991 seconds, Stopping threads took: 0.0013216 seconds
[2023-11-14T20:37:33.995+0000][16.457s][info ][gc,stringdedup] Concurrent String Deduplication (16.457s)
[2023-11-14T20:37:33.999+0000][16.460s][info ][gc,stringdedup] Concurrent String Deduplication 1179.3K->260.2K(919.1K) avg 39.3% (16.457s, 16.460s) 3.746ms
[2023-11-14T20:37:34.210+0000][16.672s][debug][safepoint     ] Safepoint synchronization initiated. (12 threads)
[2023-11-14T20:37:34.210+0000][16.672s][info ][safepoint     ] Application time: 0.2149039 seconds
[2023-11-14T20:37:34.210+0000][16.672s][debug][safepoint     ] Waiting for 1 thread(s) to block
[2023-11-14T20:37:34.210+0000][16.672s][info ][safepoint     ] Entering safepoint region: Deoptimize
[2023-11-14T20:37:34.211+0000][16.672s][info ][safepoint     ] Leaving safepoint region
[2023-11-14T20:37:34.211+0000][16.672s][info ][safepoint     ] Total time for which application threads were stopped: 0.0004343 seconds, Stopping threads took: 0.0000335 seconds
[2023-11-14T20:37:34.803+0000][17.265s][debug][safepoint     ] Safepoint synchronization initiated. (12 threads)
[2023-11-14T20:37:34.803+0000][17.265s][info ][safepoint     ] Application time: 0.5926932 seconds
[2023-11-14T20:37:34.803+0000][17.265s][info ][safepoint     ] Entering safepoint region: Deoptimize
[2023-11-14T20:37:34.808+0000][17.269s][info ][safepoint     ] Leaving safepoint region
[2023-11-14T20:37:34.808+0000][17.269s][info ][safepoint     ] Total time for which application threads were stopped: 0.0042123 seconds, Stopping threads took: 0.0000090 seconds
[2023-11-14T20:37:34.860+0000][17.321s][debug][safepoint     ] Safepoint synchronization initiated. (12 threads)
[2023-11-14T20:37:34.860+0000][17.321s][info ][safepoint     ] Application time: 0.0523470 seconds
[2023-11-14T20:37:34.860+0000][17.321s][debug][safepoint     ] Waiting for 1 thread(s) to block
[2023-11-14T20:37:34.860+0000][17.321s][info ][safepoint     ] Entering safepoint region: G1CollectForAllocation
[2023-11-14T20:37:34.860+0000][17.321s][info ][gc,start      ] GC(13) Pause Young (Normal) (G1 Evacuation Pause)
[2023-11-14T20:37:34.860+0000][17.321s][info ][gc,task       ] GC(13) Using 4 workers of 4 for evacuation
[2023-11-14T20:37:34.912+0000][17.373s][info ][gc,phases     ] GC(13)   Pre Evacuate Collection Set: 0.0ms
[2023-11-14T20:37:34.912+0000][17.373s][info ][gc,phases     ] GC(13)   Evacuate Collection Set: 43.3ms
[2023-11-14T20:37:34.912+0000][17.373s][info ][gc,phases     ] GC(13)   Post Evacuate Collection Set: 8.4ms
[2023-11-14T20:37:34.912+0000][17.373s][info ][gc,phases     ] GC(13)   Other: 0.1ms
[2023-11-14T20:37:34.912+0000][17.373s][info ][gc,heap       ] GC(13) Eden regions: 214->0(215)
[2023-11-14T20:37:34.912+0000][17.373s][info ][gc,heap       ] GC(13) Survivor regions: 15->14(29)
[2023-11-14T20:37:34.912+0000][17.373s][info ][gc,heap       ] GC(13) Old regions: 15->15
[2023-11-14T20:37:34.912+0000][17.373s][info ][gc,heap       ] GC(13) Humongous regions: 0->0
[2023-11-14T20:37:34.912+0000][17.373s][info ][gc,metaspace  ] GC(13) Metaspace: 33028K(33968K)->33028K(33968K) NonClass: 29039K(29616K)->29039K(29616K) Class: 3988K(4352K)->3988K(4352K)
[2023-11-14T20:37:34.912+0000][17.373s][info ][gc            ] GC(13) Pause Young (Normal) (G1 Evacuation Pause) 242M->27M(382M) 51.911ms
[2023-11-14T20:37:34.912+0000][17.373s][info ][gc,cpu        ] GC(13) User=0.09s Sys=0.00s Real=0.05s
[2023-11-14T20:37:34.912+0000][17.373s][info ][safepoint     ] Leaving safepoint region
[2023-11-14T20:37:34.912+0000][17.373s][info ][safepoint     ] Total time for which application threads were stopped: 0.0520510 seconds, Stopping threads took: 0.0000275 seconds
[2023-11-14T20:37:34.912+0000][17.373s][info ][gc,stringdedup] Concurrent String Deduplication (17.373s)
[2023-11-14T20:37:34.912+0000][17.373s][info ][gc,stringdedup] Concurrent String Deduplication 14960.0B->7544.0B(7416.0B) avg 39.4% (17.373s, 17.373s) 0.109ms
[2023-11-14T20:37:35.266+0000][17.728s][debug][safepoint     ] Safepoint synchronization initiated. (12 threads)
[2023-11-14T20:37:35.266+0000][17.728s][info ][safepoint     ] Application time: 0.3544291 seconds
[2023-11-14T20:37:35.266+0000][17.728s][debug][safepoint     ] Waiting for 1 thread(s) to block
[2023-11-14T20:37:35.267+0000][17.728s][info ][safepoint     ] Entering safepoint region: Deoptimize
[2023-11-14T20:37:35.267+0000][17.728s][info ][safepoint     ] Leaving safepoint region
[2023-11-14T20:37:35.267+0000][17.728s][info ][safepoint     ] Total time for which application threads were stopped: 0.0004547 seconds, Stopping threads took: 0.0000272 seconds
[2023-11-14T20:37:35.274+0000][17.735s][debug][safepoint     ] Safepoint synchronization initiated. (12 threads)
[2023-11-14T20:37:35.274+0000][17.735s][info ][safepoint     ] Application time: 0.0069587 seconds
[2023-11-14T20:37:35.274+0000][17.735s][debug][safepoint     ] Waiting for 1 thread(s) to block
[2023-11-14T20:37:35.274+0000][17.735s][info ][safepoint     ] Entering safepoint region: Deoptimize
[2023-11-14T20:37:35.274+0000][17.736s][info ][safepoint     ] Leaving safepoint region
[2023-11-14T20:37:35.274+0000][17.736s][info ][safepoint     ] Total time for which application threads were stopped: 0.0005039 seconds, Stopping threads took: 0.0001133 seconds
[2023-11-14T20:37:35.325+0000][17.786s][debug][safepoint     ] Safepoint synchronization initiated. (12 threads)
[2023-11-14T20:37:35.325+0000][17.786s][info ][safepoint     ] Application time: 0.0506088 seconds
[2023-11-14T20:37:35.325+0000][17.786s][debug][safepoint     ] Waiting for 1 thread(s) to block
[2023-11-14T20:37:35.325+0000][17.786s][info ][safepoint     ] Entering safepoint region: Deoptimize
[2023-11-14T20:37:35.325+0000][17.787s][info ][safepoint     ] Leaving safepoint region
[2023-11-14T20:37:35.325+0000][17.787s][info ][safepoint     ] Total time for which application threads were stopped: 0.0004302 seconds, Stopping threads took: 0.0000278 seconds
[2023-11-14T20:37:35.360+0000][17.822s][debug][safepoint     ] Safepoint synchronization initiated. (12 threads)
[2023-11-14T20:37:35.360+0000][17.822s][info ][safepoint     ] Application time: 0.0348257 seconds
[2023-11-14T20:37:35.360+0000][17.822s][debug][safepoint     ] Waiting for 1 thread(s) to block
[2023-11-14T20:37:35.360+0000][17.822s][info ][safepoint     ] Entering safepoint region: Deoptimize
[2023-11-14T20:37:35.361+0000][17.822s][info ][safepoint     ] Leaving safepoint region
[2023-11-14T20:37:35.361+0000][17.822s][info ][safepoint     ] Total time for which application threads were stopped: 0.0004368 seconds, Stopping threads took: 0.0000274 seconds
[2023-11-14T20:37:35.391+0000][17.852s][debug][safepoint     ] Safepoint synchronization initiated. (12 threads)
[2023-11-14T20:37:35.391+0000][17.852s][info ][safepoint     ] Application time: 0.0298007 seconds
[2023-11-14T20:37:35.391+0000][17.852s][debug][safepoint     ] Waiting for 1 thread(s) to block
[2023-11-14T20:37:35.391+0000][17.852s][info ][safepoint     ] Entering safepoint region: CollectForMetadataAllocation
[2023-11-14T20:37:35.391+0000][17.852s][info ][gc,start      ] GC(14) Pause Young (Concurrent Start) (Metadata GC Threshold)
[2023-11-14T20:37:35.391+0000][17.852s][info ][gc,task       ] GC(14) Using 4 workers of 4 for evacuation
[2023-11-14T20:37:35.456+0000][17.917s][info ][gc,phases     ] GC(14)   Pre Evacuate Collection Set: 0.1ms
[2023-11-14T20:37:35.456+0000][17.917s][info ][gc,phases     ] GC(14)   Evacuate Collection Set: 57.4ms
[2023-11-14T20:37:35.456+0000][17.917s][info ][gc,phases     ] GC(14)   Post Evacuate Collection Set: 7.4ms
[2023-11-14T20:37:35.456+0000][17.917s][info ][gc,phases     ] GC(14)   Other: 0.2ms
[2023-11-14T20:37:35.456+0000][17.917s][info ][gc,heap       ] GC(14) Eden regions: 100->0(208)
[2023-11-14T20:37:35.456+0000][17.917s][info ][gc,heap       ] GC(14) Survivor regions: 14->15(29)
[2023-11-14T20:37:35.456+0000][17.917s][info ][gc,heap       ] GC(14) Old regions: 15->15
[2023-11-14T20:37:35.456+0000][17.917s][info ][gc,heap       ] GC(14) Humongous regions: 0->0
[2023-11-14T20:37:35.456+0000][17.917s][info ][gc,metaspace  ] GC(14) Metaspace: 34974K(35920K)->34974K(35920K) NonClass: 30752K(31312K)->30752K(31312K) Class: 4222K(4608K)->4222K(4608K)
[2023-11-14T20:37:35.456+0000][17.917s][info ][gc            ] GC(14) Pause Young (Concurrent Start) (Metadata GC Threshold) 126M->28M(382M) 65.122ms
[2023-11-14T20:37:35.456+0000][17.917s][info ][gc,cpu        ] GC(14) User=0.10s Sys=0.00s Real=0.06s
[2023-11-14T20:37:35.456+0000][17.917s][info ][safepoint     ] Leaving safepoint region
[2023-11-14T20:37:35.456+0000][17.917s][info ][safepoint     ] Total time for which application threads were stopped: 0.0653070 seconds, Stopping threads took: 0.0000275 seconds
[2023-11-14T20:37:35.456+0000][17.917s][info ][gc            ] GC(15) Concurrent Cycle
[2023-11-14T20:37:35.456+0000][17.917s][info ][gc,stringdedup] Concurrent String Deduplication (17.917s)
[2023-11-14T20:37:35.458+0000][17.919s][info ][gc,stringdedup] Concurrent String Deduplication 254.5K->82384.0B(174.0K) avg 40.3% (17.917s, 17.919s) 1.644ms
[2023-11-14T20:37:35.456+0000][17.917s][info ][gc,marking    ] GC(15) Concurrent Clear Claimed Marks
[2023-11-14T20:37:35.460+0000][17.922s][info ][gc,marking    ] GC(15) Concurrent Clear Claimed Marks 4.369ms
[2023-11-14T20:37:35.460+0000][17.922s][info ][gc,marking    ] GC(15) Concurrent Scan Root Regions
[2023-11-14T20:37:35.487+0000][17.948s][info ][gc,marking    ] GC(15) Concurrent Scan Root Regions 26.471ms
[2023-11-14T20:37:35.487+0000][17.948s][info ][gc,marking    ] GC(15) Concurrent Mark (17.948s)
[2023-11-14T20:37:35.487+0000][17.948s][info ][gc,marking    ] GC(15) Concurrent Mark From Roots
[2023-11-14T20:37:35.487+0000][17.948s][info ][gc,task       ] GC(15) Using 1 workers of 1 for marking
[2023-11-14T20:37:35.524+0000][17.985s][info ][gc,marking    ] GC(15) Concurrent Mark From Roots 37.187ms
[2023-11-14T20:37:35.524+0000][17.985s][info ][gc,marking    ] GC(15) Concurrent Preclean
[2023-11-14T20:37:35.524+0000][17.985s][info ][gc,marking    ] GC(15) Concurrent Preclean 0.064ms
[2023-11-14T20:37:35.524+0000][17.985s][info ][gc,marking    ] GC(15) Concurrent Mark (17.948s, 17.985s) 37.302ms
[2023-11-14T20:37:35.524+0000][17.985s][debug][safepoint     ] Safepoint synchronization initiated. (12 threads)
[2023-11-14T20:37:35.524+0000][17.985s][info ][safepoint     ] Application time: 0.0682609 seconds
[2023-11-14T20:37:35.524+0000][17.985s][debug][safepoint     ] Waiting for 1 thread(s) to block
[2023-11-14T20:37:35.524+0000][17.986s][info ][safepoint     ] Entering safepoint region: CGC_Operation
[2023-11-14T20:37:35.526+0000][17.988s][info ][gc,start      ] GC(15) Pause Remark
[2023-11-14T20:37:35.547+0000][18.009s][info ][gc,stringtable] GC(15) Cleaned string and symbol table, strings: 12295 processed, 12 removed, symbols: 122515 processed, 335 removed
[2023-11-14T20:37:35.550+0000][18.012s][info ][gc            ] GC(15) Pause Remark 45M->45M(382M) 24.107ms
[2023-11-14T20:37:35.550+0000][18.012s][info ][gc,cpu        ] GC(15) User=0.02s Sys=0.00s Real=0.03s
[2023-11-14T20:37:35.550+0000][18.012s][info ][safepoint     ] Leaving safepoint region
[2023-11-14T20:37:35.550+0000][18.012s][info ][safepoint     ] Total time for which application threads were stopped: 0.0263078 seconds, Stopping threads took: 0.0000908 seconds
[2023-11-14T20:37:35.551+0000][18.012s][info ][gc,marking    ] GC(15) Concurrent Rebuild Remembered Sets
[2023-11-14T20:37:35.565+0000][18.026s][info ][gc,marking    ] GC(15) Concurrent Rebuild Remembered Sets 14.218ms
[2023-11-14T20:37:35.565+0000][18.026s][debug][safepoint     ] Safepoint synchronization initiated. (12 threads)
[2023-11-14T20:37:35.565+0000][18.026s][info ][safepoint     ] Application time: 0.0143011 seconds
[2023-11-14T20:37:35.568+0000][18.029s][debug][safepoint     ] ... found polling page return exception at pc = 0x00007f38a8339ea5, stub =0x00007f38a083a800
[2023-11-14T20:37:35.571+0000][18.033s][debug][safepoint     ] Waiting for 1 thread(s) to block
[2023-11-14T20:37:35.572+0000][18.033s][info ][safepoint     ] Entering safepoint region: CGC_Operation
[2023-11-14T20:37:35.572+0000][18.033s][info ][gc,start      ] GC(15) Pause Cleanup
[2023-11-14T20:37:35.572+0000][18.033s][info ][gc            ] GC(15) Pause Cleanup 47M->47M(382M) 0.142ms
[2023-11-14T20:37:35.572+0000][18.033s][info ][gc,cpu        ] GC(15) User=0.00s Sys=0.00s Real=0.00s
[2023-11-14T20:37:35.572+0000][18.033s][info ][safepoint     ] Leaving safepoint region
[2023-11-14T20:37:35.572+0000][18.033s][info ][safepoint     ] Total time for which application threads were stopped: 0.0069893 seconds, Stopping threads took: 0.0067530 seconds
[2023-11-14T20:37:35.576+0000][18.037s][info ][gc,marking    ] GC(15) Concurrent Cleanup for Next Mark
[2023-11-14T20:37:35.582+0000][18.043s][info ][gc,marking    ] GC(15) Concurrent Cleanup for Next Mark 6.510ms
[2023-11-14T20:37:35.582+0000][18.043s][info ][gc            ] GC(15) Concurrent Cycle 126.162ms
[2023-11-14T20:37:35.734+0000][18.196s][debug][safepoint     ] Safepoint synchronization initiated. (11 threads)
[2023-11-14T20:37:35.734+0000][18.196s][info ][safepoint     ] Application time: 0.1625484 seconds
[2023-11-14T20:37:35.734+0000][18.196s][debug][safepoint     ] Waiting for 1 thread(s) to block
[2023-11-14T20:37:35.734+0000][18.196s][info ][safepoint     ] Entering safepoint region: Deoptimize
[2023-11-14T20:37:35.735+0000][18.196s][info ][safepoint     ] Leaving safepoint region
[2023-11-14T20:37:35.735+0000][18.196s][info ][safepoint     ] Total time for which application threads were stopped: 0.0004188 seconds, Stopping threads took: 0.0000366 seconds
[2023-11-14T20:37:35.767+0000][18.228s][debug][safepoint     ] Safepoint synchronization initiated. (11 threads)
[2023-11-14T20:37:35.767+0000][18.228s][info ][safepoint     ] Application time: 0.0322109 seconds
[2023-11-14T20:37:35.767+0000][18.228s][debug][safepoint     ] Waiting for 1 thread(s) to block
[2023-11-14T20:37:35.767+0000][18.228s][info ][safepoint     ] Entering safepoint region: Deoptimize
[2023-11-14T20:37:35.767+0000][18.229s][info ][safepoint     ] Leaving safepoint region
[2023-11-14T20:37:35.767+0000][18.229s][info ][safepoint     ] Total time for which application threads were stopped: 0.0004181 seconds, Stopping threads took: 0.0000268 seconds
[2023-11-14T20:37:36.379+0000][18.840s][debug][safepoint     ] Safepoint synchronization initiated. (12 threads)
[2023-11-14T20:37:36.379+0000][18.840s][info ][safepoint     ] Application time: 0.6116692 seconds
[2023-11-14T20:37:36.379+0000][18.840s][debug][safepoint     ] Waiting for 1 thread(s) to block
[2023-11-14T20:37:36.379+0000][18.840s][info ][safepoint     ] Entering safepoint region: G1CollectForAllocation
[2023-11-14T20:37:36.382+0000][18.843s][info ][gc,start      ] GC(16) Pause Young (Normal) (G1 Evacuation Pause)
[2023-11-14T20:37:36.382+0000][18.843s][info ][gc,task       ] GC(16) Using 4 workers of 4 for evacuation
[2023-11-14T20:37:36.402+0000][18.863s][info ][gc,phases     ] GC(16)   Pre Evacuate Collection Set: 0.0ms
[2023-11-14T20:37:36.402+0000][18.863s][info ][gc,phases     ] GC(16)   Evacuate Collection Set: 15.8ms
[2023-11-14T20:37:36.402+0000][18.863s][info ][gc,phases     ] GC(16)   Post Evacuate Collection Set: 3.9ms
[2023-11-14T20:37:36.402+0000][18.863s][info ][gc,phases     ] GC(16)   Other: 0.2ms
[2023-11-14T20:37:36.402+0000][18.863s][info ][gc,heap       ] GC(16) Eden regions: 208->0(214)
[2023-11-14T20:37:36.402+0000][18.863s][info ][gc,heap       ] GC(16) Survivor regions: 15->15(28)
[2023-11-14T20:37:36.402+0000][18.863s][info ][gc,heap       ] GC(16) Old regions: 15->16
[2023-11-14T20:37:36.402+0000][18.863s][info ][gc,heap       ] GC(16) Humongous regions: 0->0
[2023-11-14T20:37:36.402+0000][18.863s][info ][gc,metaspace  ] GC(16) Metaspace: 37755K(38992K)->37755K(38992K) NonClass: 33112K(33872K)->33112K(33872K) Class: 4642K(5120K)->4642K(5120K)
[2023-11-14T20:37:36.402+0000][18.863s][info ][gc            ] GC(16) Pause Young (Normal) (G1 Evacuation Pause) 236M->29M(382M) 19.983ms
[2023-11-14T20:37:36.402+0000][18.863s][info ][gc,cpu        ] GC(16) User=0.05s Sys=0.00s Real=0.02s
[2023-11-14T20:37:36.402+0000][18.863s][info ][safepoint     ] Leaving safepoint region
[2023-11-14T20:37:36.402+0000][18.863s][info ][safepoint     ] Total time for which application threads were stopped: 0.0225796 seconds, Stopping threads took: 0.0000276 seconds
[2023-11-14T20:37:36.403+0000][18.865s][info ][gc,stringdedup] Concurrent String Deduplication (18.865s)
[2023-11-14T20:37:36.405+0000][18.867s][info ][gc,stringdedup] Concurrent String Deduplication 459.2K->235.8K(223.5K) avg 40.8% (18.865s, 18.867s) 1.972ms
[2023-11-14T20:37:37.407+0000][19.869s][debug][safepoint     ] Safepoint synchronization initiated. (12 threads)
[2023-11-14T20:37:37.407+0000][19.869s][info ][safepoint     ] Application time: 1.0055539 seconds
[2023-11-14T20:37:37.411+0000][19.872s][debug][safepoint     ] ... found polling page return exception at pc = 0x00007f38a8365c89, stub =0x00007f38a083a800
[2023-11-14T20:37:37.411+0000][19.873s][debug][safepoint     ] Waiting for 1 thread(s) to block
[2023-11-14T20:37:37.411+0000][19.873s][info ][safepoint     ] Entering safepoint region: Cleanup
[2023-11-14T20:37:37.411+0000][19.873s][info ][safepoint     ] Leaving safepoint region
[2023-11-14T20:37:37.411+0000][19.873s][info ][safepoint     ] Total time for which application threads were stopped: 0.0041855 seconds, Stopping threads took: 0.0040191 seconds
[2023-11-14T20:37:38.114+0000][20.576s][debug][safepoint     ] Safepoint synchronization initiated. (12 threads)
[2023-11-14T20:37:39.542+0000][22.004s][info ][safepoint     ] Application time: 2.1309732 seconds
[2023-11-14T20:37:39.543+0000][22.004s][info ][safepoint     ] Entering safepoint region: G1CollectForAllocation
[2023-11-14T20:37:39.543+0000][22.005s][info ][gc,start      ] GC(17) Pause Young (Normal) (G1 Evacuation Pause)
[2023-11-14T20:37:39.543+0000][22.005s][info ][gc,task       ] GC(17) Using 4 workers of 4 for evacuation
[2023-11-14T20:37:39.563+0000][22.025s][info ][gc,phases     ] GC(17)   Pre Evacuate Collection Set: 0.0ms
[2023-11-14T20:37:39.563+0000][22.025s][info ][gc,phases     ] GC(17)   Evacuate Collection Set: 17.2ms
[2023-11-14T20:37:39.563+0000][22.025s][info ][gc,phases     ] GC(17)   Post Evacuate Collection Set: 2.9ms
[2023-11-14T20:37:39.564+0000][22.025s][info ][gc,phases     ] GC(17)   Other: 0.2ms
[2023-11-14T20:37:39.564+0000][22.025s][info ][gc,heap       ] GC(17) Eden regions: 214->0(259)
[2023-11-14T20:37:39.564+0000][22.025s][info ][gc,heap       ] GC(17) Survivor regions: 15->17(29)
[2023-11-14T20:37:39.564+0000][22.025s][info ][gc,heap       ] GC(17) Old regions: 16->16
[2023-11-14T20:37:39.564+0000][22.025s][info ][gc,heap       ] GC(17) Humongous regions: 0->0
[2023-11-14T20:37:39.564+0000][22.025s][info ][gc,metaspace  ] GC(17) Metaspace: 40521K(41552K)->40521K(41552K) NonClass: 35504K(36176K)->35504K(36176K) Class: 5016K(5376K)->5016K(5376K)
[2023-11-14T20:37:39.564+0000][22.025s][info ][gc            ] GC(17) Pause Young (Normal) (G1 Evacuation Pause) 243M->31M(461M) 20.352ms
[2023-11-14T20:37:39.564+0000][22.025s][info ][gc,cpu        ] GC(17) User=0.03s Sys=0.01s Real=0.02s
[2023-11-14T20:37:39.564+0000][22.025s][info ][safepoint     ] Leaving safepoint region
[2023-11-14T20:37:39.564+0000][22.025s][info ][safepoint     ] Total time for which application threads were stopped: 0.0210728 seconds, Stopping threads took: 0.0000144 seconds
[2023-11-14T20:37:39.564+0000][22.025s][info ][gc,stringdedup] Concurrent String Deduplication (22.025s)
[2023-11-14T20:37:39.564+0000][22.026s][info ][gc,stringdedup] Concurrent String Deduplication 76208.0B->25440.0B(50768.0B) avg 41.0% (22.025s, 22.026s) 0.398ms
[2023-11-14T20:37:39.751+0000][22.213s][debug][safepoint     ] Safepoint synchronization initiated. (11 threads)
[2023-11-14T20:37:39.751+0000][22.213s][info ][safepoint     ] Application time: 0.1877750 seconds
[2023-11-14T20:37:39.751+0000][22.213s][debug][safepoint     ] Waiting for 1 thread(s) to block
[2023-11-14T20:37:39.751+0000][22.213s][info ][safepoint     ] Entering safepoint region: Deoptimize
[2023-11-14T20:37:39.752+0000][22.213s][info ][safepoint     ] Leaving safepoint region
[2023-11-14T20:37:39.752+0000][22.213s][info ][safepoint     ] Total time for which application threads were stopped: 0.0005266 seconds, Stopping threads took: 0.0000252 seconds
[2023-11-14T20:37:39.764+0000][22.225s][debug][safepoint     ] Safepoint synchronization initiated. (11 threads)
[2023-11-14T20:37:39.764+0000][22.225s][info ][safepoint     ] Application time: 0.0120216 seconds
[2023-11-14T20:37:39.764+0000][22.225s][info ][safepoint     ] Entering safepoint region: Deoptimize
[2023-11-14T20:37:39.764+0000][22.226s][info ][safepoint     ] Leaving safepoint region
[2023-11-14T20:37:39.764+0000][22.226s][info ][safepoint     ] Total time for which application threads were stopped: 0.0004439 seconds, Stopping threads took: 0.0000080 seconds
[2023-11-14T20:37:39.787+0000][22.248s][debug][safepoint     ] Safepoint synchronization initiated. (11 threads)
[2023-11-14T20:37:39.787+0000][22.248s][info ][safepoint     ] Application time: 0.0225300 seconds
[2023-11-14T20:37:39.787+0000][22.248s][info ][safepoint     ] Entering safepoint region: Deoptimize
[2023-11-14T20:37:39.787+0000][22.249s][info ][safepoint     ] Leaving safepoint region
[2023-11-14T20:37:39.787+0000][22.249s][info ][safepoint     ] Total time for which application threads were stopped: 0.0005298 seconds, Stopping threads took: 0.0000108 seconds
[2023-11-14T20:37:40.066+0000][22.527s][debug][safepoint     ] Safepoint synchronization initiated. (11 threads)
[2023-11-14T20:37:40.066+0000][22.527s][info ][safepoint     ] Application time: 0.2783544 seconds
[2023-11-14T20:37:40.066+0000][22.527s][info ][safepoint     ] Entering safepoint region: Deoptimize
[2023-11-14T20:37:40.066+0000][22.528s][info ][safepoint     ] Leaving safepoint region
[2023-11-14T20:37:40.066+0000][22.528s][info ][safepoint     ] Total time for which application threads were stopped: 0.0005116 seconds, Stopping threads took: 0.0000089 seconds
[2023-11-14T20:37:40.067+0000][22.529s][debug][safepoint     ] Safepoint synchronization initiated. (11 threads)
[2023-11-14T20:37:40.067+0000][22.529s][info ][safepoint     ] Application time: 0.0008483 seconds
[2023-11-14T20:37:40.067+0000][22.529s][info ][safepoint     ] Entering safepoint region: Deoptimize
[2023-11-14T20:37:40.068+0000][22.529s][info ][safepoint     ] Leaving safepoint region
[2023-11-14T20:37:40.068+0000][22.529s][info ][safepoint     ] Total time for which application threads were stopped: 0.0004541 seconds, Stopping threads took: 0.0000163 seconds
[2023-11-14T20:37:40.153+0000][22.614s][debug][safepoint     ] Safepoint synchronization initiated. (11 threads)
[2023-11-14T20:37:40.153+0000][22.614s][info ][safepoint     ] Application time: 0.0848367 seconds
[2023-11-14T20:37:40.153+0000][22.614s][info ][safepoint     ] Entering safepoint region: Deoptimize
[2023-11-14T20:37:40.153+0000][22.614s][info ][safepoint     ] Leaving safepoint region
[2023-11-14T20:37:40.153+0000][22.614s][info ][safepoint     ] Total time for which application threads were stopped: 0.0005547 seconds, Stopping threads took: 0.0000116 seconds
[2023-11-14T20:37:40.528+0000][22.989s][debug][safepoint     ] Safepoint synchronization initiated. (11 threads)
[2023-11-14T20:37:40.528+0000][22.989s][info ][safepoint     ] Application time: 0.3745174 seconds
[2023-11-14T20:37:40.528+0000][22.989s][info ][safepoint     ] Entering safepoint region: Deoptimize
[2023-11-14T20:37:40.528+0000][22.989s][info ][safepoint     ] Leaving safepoint region
[2023-11-14T20:37:40.528+0000][22.989s][info ][safepoint     ] Total time for which application threads were stopped: 0.0005318 seconds, Stopping threads took: 0.0000094 seconds
[2023-11-14T20:37:40.529+0000][22.990s][debug][safepoint     ] Safepoint synchronization initiated. (11 threads)
[2023-11-14T20:37:40.529+0000][22.990s][info ][safepoint     ] Application time: 0.0007498 seconds
[2023-11-14T20:37:40.529+0000][22.990s][info ][safepoint     ] Entering safepoint region: Deoptimize
[2023-11-14T20:37:40.529+0000][22.991s][info ][safepoint     ] Leaving safepoint region
[2023-11-14T20:37:40.529+0000][22.991s][info ][safepoint     ] Total time for which application threads were stopped: 0.0003233 seconds, Stopping threads took: 0.0000079 seconds
[2023-11-14T20:37:40.705+0000][23.167s][debug][safepoint     ] Safepoint synchronization initiated. (11 threads)
[2023-11-14T20:37:40.705+0000][23.167s][info ][safepoint     ] Application time: 0.1760249 seconds
[2023-11-14T20:37:40.705+0000][23.167s][info ][safepoint     ] Entering safepoint region: Deoptimize
[2023-11-14T20:37:40.706+0000][23.167s][info ][safepoint     ] Leaving safepoint region
[2023-11-14T20:37:40.706+0000][23.167s][info ][safepoint     ] Total time for which application threads were stopped: 0.0005172 seconds, Stopping threads took: 0.0000111 seconds
[2023-11-14T20:37:40.842+0000][23.304s][debug][safepoint     ] Safepoint synchronization initiated. (11 threads)
[2023-11-14T20:37:40.843+0000][23.304s][info ][safepoint     ] Application time: 0.1366889 seconds
[2023-11-14T20:37:40.843+0000][23.304s][info ][safepoint     ] Entering safepoint region: Deoptimize
[2023-11-14T20:37:40.843+0000][23.304s][info ][safepoint     ] Leaving safepoint region
[2023-11-14T20:37:40.843+0000][23.304s][info ][safepoint     ] Total time for which application threads were stopped: 0.0004926 seconds, Stopping threads took: 0.0000093 seconds
[2023-11-14T20:37:40.911+0000][23.372s][debug][safepoint     ] Safepoint synchronization initiated. (11 threads)
[2023-11-14T20:37:40.911+0000][23.372s][info ][safepoint     ] Application time: 0.0680568 seconds
[2023-11-14T20:37:40.911+0000][23.372s][debug][safepoint     ] Waiting for 1 thread(s) to block
[2023-11-14T20:37:40.911+0000][23.372s][info ][safepoint     ] Entering safepoint region: G1CollectForAllocation
[2023-11-14T20:37:40.911+0000][23.373s][info ][gc,start      ] GC(18) Pause Young (Normal) (G1 Evacuation Pause)
[2023-11-14T20:37:40.911+0000][23.373s][info ][gc,task       ] GC(18) Using 4 workers of 4 for evacuation
[2023-11-14T20:37:40.955+0000][23.416s][info ][gc,phases     ] GC(18)   Pre Evacuate Collection Set: 0.0ms
[2023-11-14T20:37:40.955+0000][23.416s][info ][gc,phases     ] GC(18)   Evacuate Collection Set: 39.2ms
[2023-11-14T20:37:40.955+0000][23.416s][info ][gc,phases     ] GC(18)   Post Evacuate Collection Set: 4.2ms
[2023-11-14T20:37:40.955+0000][23.416s][info ][gc,phases     ] GC(18)   Other: 0.2ms
[2023-11-14T20:37:40.955+0000][23.416s][info ][gc,heap       ] GC(18) Eden regions: 259->0(257)
[2023-11-14T20:37:40.955+0000][23.416s][info ][gc,heap       ] GC(18) Survivor regions: 17->19(35)
[2023-11-14T20:37:40.955+0000][23.416s][info ][gc,heap       ] GC(18) Old regions: 16->17
[2023-11-14T20:37:40.955+0000][23.416s][info ][gc,heap       ] GC(18) Humongous regions: 0->0
[2023-11-14T20:37:40.955+0000][23.416s][info ][gc,metaspace  ] GC(18) Metaspace: 47790K(48976K)->47790K(48976K) NonClass: 41812K(42576K)->41812K(42576K) Class: 5978K(6400K)->5978K(6400K)
[2023-11-14T20:37:40.955+0000][23.416s][info ][gc            ] GC(18) Pause Young (Normal) (G1 Evacuation Pause) 290M->34M(461M) 43.741ms
[2023-11-14T20:37:40.955+0000][23.416s][info ][gc,cpu        ] GC(18) User=0.11s Sys=0.00s Real=0.04s
[2023-11-14T20:37:40.955+0000][23.416s][info ][safepoint     ] Leaving safepoint region
[2023-11-14T20:37:40.955+0000][23.416s][info ][safepoint     ] Total time for which application threads were stopped: 0.0438917 seconds, Stopping threads took: 0.0000279 seconds
[2023-11-14T20:37:40.959+0000][23.421s][info ][gc,stringdedup] Concurrent String Deduplication (23.421s)
[2023-11-14T20:37:40.960+0000][23.422s][info ][gc,stringdedup] Concurrent String Deduplication 131.8K->41560.0B(93360.0B) avg 41.4% (23.421s, 23.422s) 0.837ms
[2023-11-14T20:37:41.202+0000][23.663s][debug][safepoint     ] Safepoint synchronization initiated. (11 threads)
[2023-11-14T20:37:41.202+0000][23.663s][info ][safepoint     ] Application time: 0.2469075 seconds
[2023-11-14T20:37:41.202+0000][23.663s][info ][safepoint     ] Entering safepoint region: Deoptimize
[2023-11-14T20:37:41.202+0000][23.664s][info ][safepoint     ] Leaving safepoint region
[2023-11-14T20:37:41.202+0000][23.664s][info ][safepoint     ] Total time for which application threads were stopped: 0.0005143 seconds, Stopping threads took: 0.0000114 seconds
[2023-11-14T20:37:41.361+0000][23.822s][debug][safepoint     ] Safepoint synchronization initiated. (13 threads)
[2023-11-14T20:37:41.361+0000][23.822s][info ][safepoint     ] Application time: 0.1584744 seconds
[2023-11-14T20:37:41.361+0000][23.822s][info ][safepoint     ] Entering safepoint region: ICBufferFull
[2023-11-14T20:37:41.361+0000][23.822s][info ][safepoint     ] Leaving safepoint region
[2023-11-14T20:37:41.361+0000][23.822s][info ][safepoint     ] Total time for which application threads were stopped: 0.0001754 seconds, Stopping threads took: 0.0000092 seconds
[2023-11-14T20:37:42.361+0000][24.822s][debug][safepoint     ] Safepoint synchronization initiated. (13 threads)
[2023-11-14T20:37:42.361+0000][24.823s][info ][safepoint     ] Application time: 1.0000943 seconds
[2023-11-14T20:37:42.361+0000][24.823s][info ][safepoint     ] Entering safepoint region: Cleanup
[2023-11-14T20:37:42.361+0000][24.823s][info ][safepoint     ] Leaving safepoint region
[2023-11-14T20:37:42.361+0000][24.823s][info ][safepoint     ] Total time for which application threads were stopped: 0.0001506 seconds, Stopping threads took: 0.0000208 seconds
[2023-11-14T20:37:42.470+0000][24.931s][debug][safepoint     ] Safepoint synchronization initiated. (13 threads)
[2023-11-14T20:37:42.470+0000][24.931s][info ][safepoint     ] Application time: 0.1082427 seconds
[2023-11-14T20:37:42.470+0000][24.931s][info ][safepoint     ] Entering safepoint region: Deoptimize
[2023-11-14T20:37:42.470+0000][24.931s][info ][safepoint     ] Leaving safepoint region
[2023-11-14T20:37:42.470+0000][24.932s][info ][safepoint     ] Total time for which application threads were stopped: 0.0005244 seconds, Stopping threads took: 0.0000119 seconds
[2023-11-14T20:37:42.543+0000][25.004s][debug][safepoint     ] Safepoint synchronization initiated. (13 threads)
[2023-11-14T20:37:42.864+0000][25.325s][info ][safepoint     ] Application time: 0.3936402 seconds
[2023-11-14T20:37:42.864+0000][25.325s][info ][safepoint     ] Entering safepoint region: Deoptimize
[2023-11-14T20:37:42.865+0000][25.326s][info ][safepoint     ] Leaving safepoint region
[2023-11-14T20:37:42.865+0000][25.326s][info ][safepoint     ] Total time for which application threads were stopped: 0.0006990 seconds, Stopping threads took: 0.0000217 seconds
[2023-11-14T20:37:43.177+0000][25.638s][debug][safepoint     ] Safepoint synchronization initiated. (13 threads)
[2023-11-14T20:37:43.177+0000][25.638s][info ][safepoint     ] Application time: 0.3120437 seconds
[2023-11-14T20:37:43.177+0000][25.638s][info ][safepoint     ] Entering safepoint region: ICBufferFull
[2023-11-14T20:37:43.177+0000][25.638s][info ][safepoint     ] Leaving safepoint region
[2023-11-14T20:37:43.177+0000][25.638s][info ][safepoint     ] Total time for which application threads were stopped: 0.0001596 seconds, Stopping threads took: 0.0000094 seconds
[2023-11-14T20:37:43.568+0000][26.030s][debug][safepoint     ] Safepoint synchronization initiated. (13 threads)
[2023-11-14T20:37:43.569+0000][26.030s][info ][safepoint     ] Application time: 0.3917262 seconds
[2023-11-14T20:37:43.569+0000][26.030s][info ][safepoint     ] Entering safepoint region: G1CollectForAllocation
[2023-11-14T20:37:43.569+0000][26.030s][info ][gc,start      ] GC(19) Pause Young (Normal) (G1 Evacuation Pause)
[2023-11-14T20:37:43.569+0000][26.030s][info ][gc,task       ] GC(19) Using 4 workers of 4 for evacuation
[2023-11-14T20:37:43.598+0000][26.059s][info ][gc,phases     ] GC(19)   Pre Evacuate Collection Set: 0.0ms
[2023-11-14T20:37:43.598+0000][26.059s][info ][gc,phases     ] GC(19)   Evacuate Collection Set: 25.5ms
[2023-11-14T20:37:43.598+0000][26.059s][info ][gc,phases     ] GC(19)   Post Evacuate Collection Set: 3.4ms
[2023-11-14T20:37:43.598+0000][26.059s][info ][gc,phases     ] GC(19)   Other: 0.2ms
[2023-11-14T20:37:43.598+0000][26.059s][info ][gc,heap       ] GC(19) Eden regions: 257->0(256)
[2023-11-14T20:37:43.598+0000][26.059s][info ][gc,heap       ] GC(19) Survivor regions: 19->20(35)
[2023-11-14T20:37:43.598+0000][26.059s][info ][gc,heap       ] GC(19) Old regions: 17->21
[2023-11-14T20:37:43.598+0000][26.059s][info ][gc,heap       ] GC(19) Humongous regions: 0->0
[2023-11-14T20:37:43.598+0000][26.059s][info ][gc,metaspace  ] GC(19) Metaspace: 55210K(56656K)->55210K(56656K) NonClass: 48374K(49232K)->48374K(49232K) Class: 6836K(7424K)->6836K(7424K)
[2023-11-14T20:37:43.598+0000][26.059s][info ][gc            ] GC(19) Pause Young (Normal) (G1 Evacuation Pause) 291M->38M(461M) 29.247ms
[2023-11-14T20:37:43.598+0000][26.059s][info ][gc,cpu        ] GC(19) User=0.07s Sys=0.00s Real=0.02s
[2023-11-14T20:37:43.598+0000][26.059s][info ][safepoint     ] Leaving safepoint region
[2023-11-14T20:37:43.598+0000][26.059s][info ][safepoint     ] Total time for which application threads were stopped: 0.0294517 seconds, Stopping threads took: 0.0000095 seconds
[2023-11-14T20:37:43.598+0000][26.060s][info ][gc,stringdedup] Concurrent String Deduplication (26.060s)
[2023-11-14T20:37:43.600+0000][26.061s][info ][gc,stringdedup] Concurrent String Deduplication 346.7K->104.1K(242.7K) avg 42.5% (26.060s, 26.061s) 1.534ms
[2023-11-14T20:37:44.279+0000][26.741s][debug][safepoint     ] Safepoint synchronization initiated. (14 threads)
[2023-11-14T20:37:44.439+0000][26.900s][info ][safepoint     ] Application time: 0.8409868 seconds
[2023-11-14T20:37:44.439+0000][26.900s][info ][safepoint     ] Entering safepoint region: CollectForMetadataAllocation
[2023-11-14T20:37:44.440+0000][26.901s][info ][gc,start      ] GC(20) Pause Young (Concurrent Start) (Metadata GC Threshold)
[2023-11-14T20:37:44.440+0000][26.901s][info ][gc,task       ] GC(20) Using 4 workers of 4 for evacuation
[2023-11-14T20:37:44.476+0000][26.938s][info ][gc,phases     ] GC(20)   Pre Evacuate Collection Set: 0.1ms
[2023-11-14T20:37:44.476+0000][26.938s][info ][gc,phases     ] GC(20)   Evacuate Collection Set: 34.0ms
[2023-11-14T20:37:44.476+0000][26.938s][info ][gc,phases     ] GC(20)   Post Evacuate Collection Set: 2.0ms
[2023-11-14T20:37:44.476+0000][26.938s][info ][gc,phases     ] GC(20)   Other: 0.2ms
[2023-11-14T20:37:44.476+0000][26.938s][info ][gc,heap       ] GC(20) Eden regions: 162->0(260)
[2023-11-14T20:37:44.476+0000][26.938s][info ][gc,heap       ] GC(20) Survivor regions: 20->16(35)
[2023-11-14T20:37:44.476+0000][26.938s][info ][gc,heap       ] GC(20) Old regions: 21->24
[2023-11-14T20:37:44.476+0000][26.938s][info ][gc,heap       ] GC(20) Humongous regions: 0->0
[2023-11-14T20:37:44.476+0000][26.938s][info ][gc,metaspace  ] GC(20) Metaspace: 58830K(60296K)->58830K(60296K) NonClass: 51361K(52232K)->51361K(52232K) Class: 7468K(8064K)->7468K(8064K)
[2023-11-14T20:37:44.476+0000][26.938s][info ][gc            ] GC(20) Pause Young (Concurrent Start) (Metadata GC Threshold) 200M->38M(461M) 36.486ms
[2023-11-14T20:37:44.476+0000][26.938s][info ][gc,cpu        ] GC(20) User=0.10s Sys=0.00s Real=0.03s
[2023-11-14T20:37:44.476+0000][26.938s][info ][gc            ] GC(21) Concurrent Cycle
[2023-11-14T20:37:44.476+0000][26.938s][info ][gc,marking    ] GC(21) Concurrent Clear Claimed Marks
[2023-11-14T20:37:44.476+0000][26.938s][info ][safepoint     ] Leaving safepoint region
[2023-11-14T20:37:44.477+0000][26.938s][info ][safepoint     ] Total time for which application threads were stopped: 0.0374570 seconds, Stopping threads took: 0.0000213 seconds
[2023-11-14T20:37:44.477+0000][26.938s][info ][gc,marking    ] GC(21) Concurrent Clear Claimed Marks 0.097ms
[2023-11-14T20:37:44.477+0000][26.938s][info ][gc,marking    ] GC(21) Concurrent Scan Root Regions
[2023-11-14T20:37:44.477+0000][26.938s][info ][gc,stringdedup] Concurrent String Deduplication (26.938s)
[2023-11-14T20:37:44.480+0000][26.941s][info ][gc,stringdedup] Concurrent String Deduplication 274.4K->103.5K(170.9K) avg 43.1% (26.938s, 26.941s) 2.688ms
[2023-11-14T20:37:44.489+0000][26.950s][info ][gc,marking    ] GC(21) Concurrent Scan Root Regions 12.355ms
[2023-11-14T20:37:44.489+0000][26.950s][info ][gc,marking    ] GC(21) Concurrent Mark (26.950s)
[2023-11-14T20:37:44.489+0000][26.950s][info ][gc,marking    ] GC(21) Concurrent Mark From Roots
[2023-11-14T20:37:44.489+0000][26.950s][info ][gc,task       ] GC(21) Using 1 workers of 1 for marking
[2023-11-14T20:37:44.527+0000][26.989s][info ][gc,marking    ] GC(21) Concurrent Mark From Roots 38.202ms
[2023-11-14T20:37:44.527+0000][26.989s][info ][gc,marking    ] GC(21) Concurrent Preclean
[2023-11-14T20:37:44.527+0000][26.989s][info ][gc,marking    ] GC(21) Concurrent Preclean 0.101ms
[2023-11-14T20:37:44.527+0000][26.989s][info ][gc,marking    ] GC(21) Concurrent Mark (26.950s, 26.989s) 38.375ms
[2023-11-14T20:37:44.527+0000][26.989s][debug][safepoint     ] Safepoint synchronization initiated. (14 threads)
[2023-11-14T20:37:44.527+0000][26.989s][info ][safepoint     ] Application time: 0.0509237 seconds
[2023-11-14T20:37:44.528+0000][26.989s][info ][safepoint     ] Entering safepoint region: CGC_Operation
[2023-11-14T20:37:44.528+0000][26.989s][info ][gc,start      ] GC(21) Pause Remark
[2023-11-14T20:37:44.535+0000][26.997s][info ][gc,stringtable] GC(21) Cleaned string and symbol table, strings: 22936 processed, 16 removed, symbols: 190891 processed, 181 removed
[2023-11-14T20:37:44.536+0000][26.997s][info ][gc            ] GC(21) Pause Remark 39M->39M(461M) 7.596ms
[2023-11-14T20:37:44.536+0000][26.997s][info ][gc,cpu        ] GC(21) User=0.02s Sys=0.00s Real=0.00s
[2023-11-14T20:37:44.536+0000][26.997s][info ][safepoint     ] Leaving safepoint region
[2023-11-14T20:37:44.536+0000][26.997s][info ][safepoint     ] Total time for which application threads were stopped: 0.0081425 seconds, Stopping threads took: 0.0003811 seconds
[2023-11-14T20:37:44.536+0000][26.997s][info ][gc,marking    ] GC(21) Concurrent Rebuild Remembered Sets
[2023-11-14T20:37:44.558+0000][27.019s][info ][gc,marking    ] GC(21) Concurrent Rebuild Remembered Sets 21.979ms
[2023-11-14T20:37:44.558+0000][27.019s][debug][safepoint     ] Safepoint synchronization initiated. (14 threads)
[2023-11-14T20:37:44.558+0000][27.019s][info ][safepoint     ] Application time: 0.0222105 seconds
[2023-11-14T20:37:44.558+0000][27.019s][info ][safepoint     ] Entering safepoint region: CGC_Operation
[2023-11-14T20:37:44.558+0000][27.019s][info ][gc,start      ] GC(21) Pause Cleanup
[2023-11-14T20:37:44.558+0000][27.020s][info ][gc            ] GC(21) Pause Cleanup 39M->39M(461M) 0.239ms
[2023-11-14T20:37:44.558+0000][27.020s][info ][gc,cpu        ] GC(21) User=0.00s Sys=0.00s Real=0.00s
[2023-11-14T20:37:44.558+0000][27.020s][info ][safepoint     ] Leaving safepoint region
[2023-11-14T20:37:44.558+0000][27.020s][info ][safepoint     ] Total time for which application threads were stopped: 0.0004658 seconds, Stopping threads took: 0.0000126 seconds
[2023-11-14T20:37:44.558+0000][27.020s][info ][gc,marking    ] GC(21) Concurrent Cleanup for Next Mark
[2023-11-14T20:37:44.560+0000][27.021s][info ][gc,marking    ] GC(21) Concurrent Cleanup for Next Mark 1.279ms
[2023-11-14T20:37:44.560+0000][27.021s][info ][gc            ] GC(21) Concurrent Cycle 83.190ms
[2023-11-14T20:37:46.558+0000][29.020s][debug][safepoint     ] Safepoint synchronization initiated. (16 threads)
[2023-11-14T20:37:46.559+0000][29.020s][info ][safepoint     ] Application time: 2.0002228 seconds
[2023-11-14T20:37:46.559+0000][29.020s][debug][safepoint     ] ... found polling page loop exception at pc = 0x00007f38a8458e96, stub =0x00007f38a083ab00
[2023-11-14T20:37:46.559+0000][29.020s][debug][safepoint     ] Waiting for 1 thread(s) to block
[2023-11-14T20:37:46.559+0000][29.020s][info ][safepoint     ] Entering safepoint region: Cleanup
[2023-11-14T20:37:46.559+0000][29.020s][info ][safepoint     ] Leaving safepoint region
[2023-11-14T20:37:46.559+0000][29.020s][info ][safepoint     ] Total time for which application threads were stopped: 0.0002255 seconds, Stopping threads took: 0.0000872 seconds
[2023-11-14T20:37:46.868+0000][29.330s][debug][safepoint     ] Safepoint synchronization initiated. (16 threads)
[2023-11-14T20:37:46.868+0000][29.330s][info ][safepoint     ] Application time: 0.3095944 seconds
[2023-11-14T20:37:46.868+0000][29.330s][info ][safepoint     ] Entering safepoint region: Deoptimize
[2023-11-14T20:37:46.869+0000][29.330s][info ][safepoint     ] Leaving safepoint region
[2023-11-14T20:37:46.869+0000][29.330s][info ][safepoint     ] Total time for which application threads were stopped: 0.0007892 seconds, Stopping threads took: 0.0000111 seconds
[2023-11-14T20:37:47.121+0000][29.583s][debug][safepoint     ] Safepoint synchronization initiated. (16 threads)
[2023-11-14T20:37:47.122+0000][29.583s][info ][safepoint     ] Application time: 0.2523428 seconds
[2023-11-14T20:37:47.122+0000][29.583s][info ][safepoint     ] Entering safepoint region: ICBufferFull
[2023-11-14T20:37:47.122+0000][29.583s][info ][safepoint     ] Leaving safepoint region
[2023-11-14T20:37:47.122+0000][29.583s][info ][safepoint     ] Total time for which application threads were stopped: 0.0001904 seconds, Stopping threads took: 0.0000101 seconds
[2023-11-14T20:37:47.296+0000][29.757s][debug][safepoint     ] Safepoint synchronization initiated. (16 threads)
[2023-11-14T20:37:47.296+0000][29.758s][info ][safepoint     ] Application time: 0.1746577 seconds
[2023-11-14T20:37:47.296+0000][29.758s][info ][safepoint     ] Entering safepoint region: G1CollectForAllocation
[2023-11-14T20:37:47.297+0000][29.758s][info ][gc,start      ] GC(22) Pause Young (Normal) (G1 Evacuation Pause)
[2023-11-14T20:37:47.297+0000][29.758s][info ][gc,task       ] GC(22) Using 4 workers of 4 for evacuation
[2023-11-14T20:37:47.321+0000][29.782s][info ][gc,phases     ] GC(22)   Pre Evacuate Collection Set: 0.0ms
[2023-11-14T20:37:47.321+0000][29.782s][info ][gc,phases     ] GC(22)   Evacuate Collection Set: 21.9ms
[2023-11-14T20:37:47.321+0000][29.782s][info ][gc,phases     ] GC(22)   Post Evacuate Collection Set: 2.0ms
[2023-11-14T20:37:47.321+0000][29.782s][info ][gc,phases     ] GC(22)   Other: 0.2ms
[2023-11-14T20:37:47.321+0000][29.782s][info ][gc,heap       ] GC(22) Eden regions: 260->0(255)
[2023-11-14T20:37:47.321+0000][29.782s][info ][gc,heap       ] GC(22) Survivor regions: 16->21(35)
[2023-11-14T20:37:47.321+0000][29.782s][info ][gc,heap       ] GC(22) Old regions: 24->25
[2023-11-14T20:37:47.321+0000][29.782s][info ][gc,heap       ] GC(22) Humongous regions: 0->0
[2023-11-14T20:37:47.321+0000][29.782s][info ][gc,metaspace  ] GC(22) Metaspace: 66262K(67848K)->66262K(67848K) NonClass: 57866K(58888K)->57866K(58888K) Class: 8396K(8960K)->8396K(8960K)
[2023-11-14T20:37:47.321+0000][29.782s][info ][gc            ] GC(22) Pause Young (Normal) (G1 Evacuation Pause) 298M->43M(461M) 24.232ms
[2023-11-14T20:37:47.321+0000][29.782s][info ][gc,cpu        ] GC(22) User=0.10s Sys=0.00s Real=0.03s
[2023-11-14T20:37:47.321+0000][29.782s][info ][safepoint     ] Leaving safepoint region
[2023-11-14T20:37:47.321+0000][29.782s][info ][safepoint     ] Total time for which application threads were stopped: 0.0244055 seconds, Stopping threads took: 0.0000114 seconds
[2023-11-14T20:37:47.321+0000][29.782s][info ][gc,stringdedup] Concurrent String Deduplication (29.782s)
[2023-11-14T20:37:47.323+0000][29.784s][info ][gc,stringdedup] Concurrent String Deduplication 347.9K->144.5K(203.4K) avg 43.7% (29.782s, 29.784s) 2.049ms
[2023-11-14T20:37:47.780+0000][30.241s][debug][safepoint     ] Safepoint synchronization initiated. (16 threads)
[2023-11-14T20:37:47.780+0000][30.241s][info ][safepoint     ] Application time: 0.4588744 seconds
[2023-11-14T20:37:47.780+0000][30.241s][info ][safepoint     ] Entering safepoint region: ICBufferFull
[2023-11-14T20:37:47.780+0000][30.241s][info ][safepoint     ] Leaving safepoint region
[2023-11-14T20:37:47.780+0000][30.241s][info ][safepoint     ] Total time for which application threads were stopped: 0.0001392 seconds, Stopping threads took: 0.0000100 seconds
[2023-11-14T20:37:47.863+0000][30.325s][debug][safepoint     ] Safepoint synchronization initiated. (16 threads)
[2023-11-14T20:37:47.863+0000][30.325s][info ][safepoint     ] Application time: 0.0833745 seconds
[2023-11-14T20:37:47.863+0000][30.325s][debug][safepoint     ] Waiting for 1 thread(s) to block
[2023-11-14T20:37:47.863+0000][30.325s][info ][safepoint     ] Entering safepoint region: ICBufferFull
[2023-11-14T20:37:47.863+0000][30.325s][info ][safepoint     ] Leaving safepoint region
[2023-11-14T20:37:47.863+0000][30.325s][info ][safepoint     ] Total time for which application threads were stopped: 0.0001986 seconds, Stopping threads took: 0.0000643 seconds
[2023-11-14T20:37:47.914+0000][30.376s][debug][safepoint     ] Safepoint synchronization initiated. (16 threads)
[2023-11-14T20:37:47.914+0000][30.376s][info ][safepoint     ] Application time: 0.0508823 seconds
[2023-11-14T20:37:47.914+0000][30.376s][info ][safepoint     ] Entering safepoint region: ICBufferFull
[2023-11-14T20:37:47.914+0000][30.376s][info ][safepoint     ] Leaving safepoint region
[2023-11-14T20:37:47.914+0000][30.376s][info ][safepoint     ] Total time for which application threads were stopped: 0.0001409 seconds, Stopping threads took: 0.0000097 seconds
[2023-11-14T20:37:47.971+0000][30.432s][debug][safepoint     ] Safepoint synchronization initiated. (16 threads)
[2023-11-14T20:37:47.971+0000][30.432s][info ][safepoint     ] Application time: 0.0560611 seconds
[2023-11-14T20:37:47.971+0000][30.432s][info ][safepoint     ] Entering safepoint region: ICBufferFull
[2023-11-14T20:37:47.971+0000][30.432s][info ][safepoint     ] Leaving safepoint region
[2023-11-14T20:37:47.971+0000][30.432s][info ][safepoint     ] Total time for which application threads were stopped: 0.0001602 seconds, Stopping threads took: 0.0000105 seconds
[2023-11-14T20:37:47.985+0000][30.447s][debug][safepoint     ] Safepoint synchronization initiated. (16 threads)
[2023-11-14T20:37:47.986+0000][30.447s][info ][safepoint     ] Application time: 0.0147640 seconds
[2023-11-14T20:37:47.986+0000][30.447s][debug][safepoint     ] Waiting for 1 thread(s) to block
[2023-11-14T20:37:47.986+0000][30.447s][info ][safepoint     ] Entering safepoint region: ICBufferFull
[2023-11-14T20:37:47.986+0000][30.447s][info ][safepoint     ] Leaving safepoint region
[2023-11-14T20:37:47.986+0000][30.447s][info ][safepoint     ] Total time for which application threads were stopped: 0.0001764 seconds, Stopping threads took: 0.0000456 seconds
[2023-11-14T20:37:47.998+0000][30.460s][debug][safepoint     ] Safepoint synchronization initiated. (16 threads)
[2023-11-14T20:37:47.998+0000][30.460s][info ][safepoint     ] Application time: 0.0127229 seconds
[2023-11-14T20:37:47.998+0000][30.460s][info ][safepoint     ] Entering safepoint region: ICBufferFull
[2023-11-14T20:37:47.999+0000][30.460s][info ][safepoint     ] Leaving safepoint region
[2023-11-14T20:37:47.999+0000][30.460s][info ][safepoint     ] Total time for which application threads were stopped: 0.0001197 seconds, Stopping threads took: 0.0000102 seconds
[2023-11-14T20:37:48.075+0000][30.536s][debug][safepoint     ] Safepoint synchronization initiated. (16 threads)
[2023-11-14T20:37:48.075+0000][30.537s][info ][safepoint     ] Application time: 0.0766392 seconds
[2023-11-14T20:37:48.075+0000][30.537s][info ][safepoint     ] Entering safepoint region: ICBufferFull
[2023-11-14T20:37:48.075+0000][30.537s][info ][safepoint     ] Leaving safepoint region
[2023-11-14T20:37:48.075+0000][30.537s][info ][safepoint     ] Total time for which application threads were stopped: 0.0001360 seconds, Stopping threads took: 0.0000105 seconds
[2023-11-14T20:37:48.155+0000][30.616s][debug][safepoint     ] Safepoint synchronization initiated. (16 threads)
[2023-11-14T20:37:48.155+0000][30.616s][info ][safepoint     ] Application time: 0.0792959 seconds
[2023-11-14T20:37:48.155+0000][30.616s][debug][safepoint     ] Waiting for 1 thread(s) to block
[2023-11-14T20:37:48.155+0000][30.616s][info ][safepoint     ] Entering safepoint region: ICBufferFull
[2023-11-14T20:37:48.155+0000][30.616s][info ][safepoint     ] Leaving safepoint region
[2023-11-14T20:37:48.155+0000][30.616s][info ][safepoint     ] Total time for which application threads were stopped: 0.0001435 seconds, Stopping threads took: 0.0000344 seconds
[2023-11-14T20:37:48.322+0000][30.783s][debug][safepoint     ] Safepoint synchronization initiated. (16 threads)
[2023-11-14T20:37:48.322+0000][30.783s][info ][safepoint     ] Application time: 0.1669012 seconds
[2023-11-14T20:37:48.322+0000][30.783s][info ][safepoint     ] Entering safepoint region: G1CollectForAllocation
[2023-11-14T20:37:48.322+0000][30.783s][info ][gc,start      ] GC(23) Pause Young (Normal) (G1 Evacuation Pause)
[2023-11-14T20:37:48.322+0000][30.783s][info ][gc,task       ] GC(23) Using 4 workers of 4 for evacuation
[2023-11-14T20:37:48.345+0000][30.806s][info ][gc,phases     ] GC(23)   Pre Evacuate Collection Set: 0.0ms
[2023-11-14T20:37:48.345+0000][30.806s][info ][gc,phases     ] GC(23)   Evacuate Collection Set: 20.1ms
[2023-11-14T20:37:48.345+0000][30.806s][info ][gc,phases     ] GC(23)   Post Evacuate Collection Set: 2.7ms
[2023-11-14T20:37:48.345+0000][30.806s][info ][gc,phases     ] GC(23)   Other: 0.2ms
[2023-11-14T20:37:48.345+0000][30.806s][info ][gc,heap       ] GC(23) Eden regions: 255->0(257)
[2023-11-14T20:37:48.345+0000][30.806s][info ][gc,heap       ] GC(23) Survivor regions: 21->19(35)
[2023-11-14T20:37:48.345+0000][30.807s][info ][gc,heap       ] GC(23) Old regions: 25->28
[2023-11-14T20:37:48.345+0000][30.807s][info ][gc,heap       ] GC(23) Humongous regions: 0->0
[2023-11-14T20:37:48.345+0000][30.807s][info ][gc,metaspace  ] GC(23) Metaspace: 70400K(72072K)->70400K(72072K) NonClass: 61404K(62472K)->61404K(62472K) Class: 8996K(9600K)->8996K(9600K)
[2023-11-14T20:37:48.345+0000][30.807s][info ][gc            ] GC(23) Pause Young (Normal) (G1 Evacuation Pause) 298M->45M(461M) 23.203ms
[2023-11-14T20:37:48.345+0000][30.807s][info ][gc,cpu        ] GC(23) User=0.06s Sys=0.00s Real=0.02s
[2023-11-14T20:37:48.345+0000][30.807s][info ][safepoint     ] Leaving safepoint region
[2023-11-14T20:37:48.345+0000][30.807s][info ][safepoint     ] Total time for which application threads were stopped: 0.0235212 seconds, Stopping threads took: 0.0000176 seconds
[2023-11-14T20:37:48.349+0000][30.811s][info ][gc,stringdedup] Concurrent String Deduplication (30.811s)
[2023-11-14T20:37:48.350+0000][30.811s][info ][gc,stringdedup] Concurrent String Deduplication 78024.0B->18824.0B(59200.0B) avg 44.0% (30.811s, 30.811s) 0.660ms
[2023-11-14T20:37:48.666+0000][31.127s][debug][safepoint     ] Safepoint synchronization initiated. (16 threads)
[2023-11-14T20:37:48.669+0000][31.131s][info ][safepoint     ] Application time: 0.3240801 seconds
[2023-11-14T20:37:48.669+0000][31.131s][info ][safepoint     ] Entering safepoint region: Deoptimize
[2023-11-14T20:37:48.670+0000][31.131s][info ][safepoint     ] Leaving safepoint region
[2023-11-14T20:37:48.670+0000][31.131s][info ][safepoint     ] Total time for which application threads were stopped: 0.0007989 seconds, Stopping threads took: 0.0000112 seconds
[2023-11-14T20:37:48.671+0000][31.133s][debug][safepoint     ] Safepoint synchronization initiated. (16 threads)
[2023-11-14T20:37:48.671+0000][31.133s][info ][safepoint     ] Application time: 0.0010201 seconds
[2023-11-14T20:37:48.671+0000][31.133s][info ][safepoint     ] Entering safepoint region: Deoptimize
[2023-11-14T20:37:48.672+0000][31.133s][info ][safepoint     ] Leaving safepoint region
[2023-11-14T20:37:48.672+0000][31.133s][info ][safepoint     ] Total time for which application threads were stopped: 0.0006604 seconds, Stopping threads took: 0.0000085 seconds
[2023-11-14T20:37:48.910+0000][31.372s][debug][safepoint     ] Safepoint synchronization initiated. (16 threads)
[2023-11-14T20:37:48.910+0000][31.372s][info ][safepoint     ] Application time: 0.2384425 seconds
[2023-11-14T20:37:48.910+0000][31.372s][info ][safepoint     ] Entering safepoint region: Deoptimize
[2023-11-14T20:37:48.911+0000][31.372s][info ][safepoint     ] Leaving safepoint region
[2023-11-14T20:37:48.911+0000][31.372s][info ][safepoint     ] Total time for which application threads were stopped: 0.0008066 seconds, Stopping threads took: 0.0000100 seconds
[2023-11-14T20:37:49.082+0000][31.543s][debug][safepoint     ] Safepoint synchronization initiated. (16 threads)
[2023-11-14T20:37:49.082+0000][31.543s][info ][safepoint     ] Application time: 0.1705075 seconds
[2023-11-14T20:37:49.082+0000][31.543s][info ][safepoint     ] Entering safepoint region: Deoptimize
[2023-11-14T20:37:49.082+0000][31.544s][info ][safepoint     ] Leaving safepoint region
[2023-11-14T20:37:49.082+0000][31.544s][info ][safepoint     ] Total time for which application threads were stopped: 0.0007578 seconds, Stopping threads took: 0.0000098 seconds
[2023-11-14T20:37:49.203+0000][31.665s][debug][safepoint     ] Safepoint synchronization initiated. (16 threads)
[2023-11-14T20:37:49.203+0000][31.665s][info ][safepoint     ] Application time: 0.1208251 seconds
[2023-11-14T20:37:49.203+0000][31.665s][info ][safepoint     ] Entering safepoint region: Deoptimize
[2023-11-14T20:37:49.204+0000][31.665s][info ][safepoint     ] Leaving safepoint region
[2023-11-14T20:37:49.204+0000][31.665s][info ][safepoint     ] Total time for which application threads were stopped: 0.0007716 seconds, Stopping threads took: 0.0000093 seconds
[2023-11-14T20:37:49.401+0000][31.862s][debug][safepoint     ] Safepoint synchronization initiated. (16 threads)
[2023-11-14T20:37:49.432+0000][31.893s][info ][safepoint     ] Application time: 0.2278511 seconds
[2023-11-14T20:37:49.432+0000][31.893s][info ][safepoint     ] Entering safepoint region: ICBufferFull
[2023-11-14T20:37:49.432+0000][31.893s][info ][safepoint     ] Leaving safepoint region
[2023-11-14T20:37:49.432+0000][31.894s][info ][safepoint     ] Total time for which application threads were stopped: 0.0002589 seconds, Stopping threads took: 0.0000119 seconds
[2023-11-14T20:37:49.492+0000][31.953s][debug][safepoint     ] Safepoint synchronization initiated. (16 threads)
[2023-11-14T20:37:49.492+0000][31.953s][info ][safepoint     ] Application time: 0.0598841 seconds
[2023-11-14T20:37:49.492+0000][31.953s][info ][safepoint     ] Entering safepoint region: G1CollectForAllocation
[2023-11-14T20:37:49.492+0000][31.954s][info ][gc,start      ] GC(24) Pause Young (Normal) (G1 Evacuation Pause)
[2023-11-14T20:37:49.492+0000][31.954s][info ][gc,task       ] GC(24) Using 4 workers of 4 for evacuation
[2023-11-14T20:37:49.520+0000][31.981s][info ][gc,phases     ] GC(24)   Pre Evacuate Collection Set: 0.0ms
[2023-11-14T20:37:49.520+0000][31.981s][info ][gc,phases     ] GC(24)   Evacuate Collection Set: 25.2ms
[2023-11-14T20:37:49.520+0000][31.981s][info ][gc,phases     ] GC(24)   Post Evacuate Collection Set: 2.2ms
[2023-11-14T20:37:49.520+0000][31.981s][info ][gc,phases     ] GC(24)   Other: 0.2ms
[2023-11-14T20:37:49.520+0000][31.981s][info ][gc,heap       ] GC(24) Eden regions: 257->0(256)
[2023-11-14T20:37:49.520+0000][31.981s][info ][gc,heap       ] GC(24) Survivor regions: 19->20(35)
[2023-11-14T20:37:49.520+0000][31.981s][info ][gc,heap       ] GC(24) Old regions: 28->29
[2023-11-14T20:37:49.520+0000][31.981s][info ][gc,heap       ] GC(24) Humongous regions: 0->0
[2023-11-14T20:37:49.520+0000][31.981s][info ][gc,metaspace  ] GC(24) Metaspace: 77042K(78856K)->77042K(78856K) NonClass: 67213K(68360K)->67213K(68360K) Class: 9828K(10496K)->9828K(10496K)
[2023-11-14T20:37:49.520+0000][31.981s][info ][gc            ] GC(24) Pause Young (Normal) (G1 Evacuation Pause) 302M->47M(461M) 27.706ms
[2023-11-14T20:37:49.520+0000][31.981s][info ][gc,cpu        ] GC(24) User=0.07s Sys=0.00s Real=0.03s
[2023-11-14T20:37:49.520+0000][31.981s][info ][safepoint     ] Leaving safepoint region
[2023-11-14T20:37:49.520+0000][31.981s][info ][safepoint     ] Total time for which application threads were stopped: 0.0278613 seconds, Stopping threads took: 0.0000102 seconds
[2023-11-14T20:37:49.520+0000][31.981s][info ][gc,stringdedup] Concurrent String Deduplication (31.981s)
[2023-11-14T20:37:49.522+0000][31.984s][info ][gc,stringdedup] Concurrent String Deduplication 334.1K->100.7K(233.4K) avg 44.8% (31.981s, 31.984s) 2.213ms
[2023-11-14T20:37:49.942+0000][32.403s][debug][safepoint     ] Safepoint synchronization initiated. (16 threads)
[2023-11-14T20:37:49.942+0000][32.403s][info ][safepoint     ] Application time: 0.4220732 seconds
[2023-11-14T20:37:49.942+0000][32.403s][debug][safepoint     ] Waiting for 1 thread(s) to block
[2023-11-14T20:37:49.942+0000][32.403s][info ][safepoint     ] Entering safepoint region: ICBufferFull
[2023-11-14T20:37:49.942+0000][32.404s][info ][safepoint     ] Leaving safepoint region
[2023-11-14T20:37:49.942+0000][32.404s][info ][safepoint     ] Total time for which application threads were stopped: 0.0001890 seconds, Stopping threads took: 0.0000310 seconds
[2023-11-14T20:37:50.322+0000][32.784s][debug][safepoint     ] Safepoint synchronization initiated. (16 threads)
[2023-11-14T20:37:50.322+0000][32.784s][info ][safepoint     ] Application time: 0.3801921 seconds
[2023-11-14T20:37:50.322+0000][32.784s][info ][safepoint     ] Entering safepoint region: ICBufferFull
[2023-11-14T20:37:50.323+0000][32.784s][info ][safepoint     ] Leaving safepoint region
[2023-11-14T20:37:50.323+0000][32.784s][info ][safepoint     ] Total time for which application threads were stopped: 0.0001579 seconds, Stopping threads took: 0.0000107 seconds
[2023-11-14T20:37:50.790+0000][33.251s][debug][safepoint     ] Safepoint synchronization initiated. (16 threads)
[2023-11-14T20:37:50.790+0000][33.251s][info ][safepoint     ] Application time: 0.4671286 seconds
[2023-11-14T20:37:50.790+0000][33.251s][info ][safepoint     ] Entering safepoint region: G1CollectForAllocation
[2023-11-14T20:37:50.790+0000][33.251s][info ][gc,start      ] GC(25) Pause Young (Normal) (G1 Evacuation Pause)
[2023-11-14T20:37:50.790+0000][33.251s][info ][gc,task       ] GC(25) Using 4 workers of 4 for evacuation
[2023-11-14T20:37:50.816+0000][33.277s][info ][gc,phases     ] GC(25)   Pre Evacuate Collection Set: 0.0ms
[2023-11-14T20:37:50.816+0000][33.277s][info ][gc,phases     ] GC(25)   Evacuate Collection Set: 23.2ms
[2023-11-14T20:37:50.816+0000][33.277s][info ][gc,phases     ] GC(25)   Post Evacuate Collection Set: 2.4ms
[2023-11-14T20:37:50.816+0000][33.277s][info ][gc,phases     ] GC(25)   Other: 0.2ms
[2023-11-14T20:37:50.816+0000][33.277s][info ][gc,heap       ] GC(25) Eden regions: 256->0(252)
[2023-11-14T20:37:50.816+0000][33.277s][info ][gc,heap       ] GC(25) Survivor regions: 20->24(35)
[2023-11-14T20:37:50.816+0000][33.277s][info ][gc,heap       ] GC(25) Old regions: 29->32
[2023-11-14T20:37:50.816+0000][33.277s][info ][gc,heap       ] GC(25) Humongous regions: 0->0
[2023-11-14T20:37:50.816+0000][33.277s][info ][gc,metaspace  ] GC(25) Metaspace: 79425K(81672K)->79425K(81672K) NonClass: 69484K(70920K)->69484K(70920K) Class: 9941K(10752K)->9941K(10752K)
[2023-11-14T20:37:50.816+0000][33.277s][info ][gc            ] GC(25) Pause Young (Normal) (G1 Evacuation Pause) 303M->53M(461M) 25.868ms
[2023-11-14T20:37:50.816+0000][33.277s][info ][gc,cpu        ] GC(25) User=0.10s Sys=0.00s Real=0.02s
[2023-11-14T20:37:50.816+0000][33.277s][info ][safepoint     ] Leaving safepoint region
[2023-11-14T20:37:50.816+0000][33.277s][info ][safepoint     ] Total time for which application threads were stopped: 0.0261243 seconds, Stopping threads took: 0.0000110 seconds
[2023-11-14T20:37:50.816+0000][33.277s][info ][gc,stringdedup] Concurrent String Deduplication (33.277s)
[2023-11-14T20:37:50.817+0000][33.278s][info ][gc,stringdedup] Concurrent String Deduplication 120.4K->58376.0B(64896.0B) avg 44.9% (33.277s, 33.278s) 0.706ms
[2023-11-14T20:37:51.364+0000][33.825s][debug][safepoint     ] Safepoint synchronization initiated. (16 threads)
[2023-11-14T20:37:51.364+0000][33.825s][info ][safepoint     ] Application time: 0.5482958 seconds
[2023-11-14T20:37:51.364+0000][33.825s][info ][safepoint     ] Entering safepoint region: Deoptimize
[2023-11-14T20:37:51.365+0000][33.826s][info ][safepoint     ] Leaving safepoint region
[2023-11-14T20:37:51.365+0000][33.826s][info ][safepoint     ] Total time for which application threads were stopped: 0.0009100 seconds, Stopping threads took: 0.0000101 seconds
[2023-11-14T20:37:52.019+0000][34.481s][debug][safepoint     ] Safepoint synchronization initiated. (19 threads)
[2023-11-14T20:37:52.019+0000][34.481s][info ][safepoint     ] Application time: 0.6543238 seconds
[2023-11-14T20:37:52.019+0000][34.481s][debug][safepoint     ] Waiting for 1 thread(s) to block
[2023-11-14T20:37:52.019+0000][34.481s][info ][safepoint     ] Entering safepoint region: ICBufferFull
[2023-11-14T20:37:52.020+0000][34.481s][info ][safepoint     ] Leaving safepoint region
[2023-11-14T20:37:52.020+0000][34.481s][info ][safepoint     ] Total time for which application threads were stopped: 0.0001738 seconds, Stopping threads took: 0.0000434 seconds
[2023-11-14T20:37:52.046+0000][34.507s][debug][safepoint     ] Safepoint synchronization initiated. (19 threads)
[2023-11-14T20:37:52.076+0000][34.537s][info ][safepoint     ] Application time: 0.0562653 seconds
[2023-11-14T20:37:52.076+0000][34.537s][info ][safepoint     ] Entering safepoint region: G1CollectForAllocation
[2023-11-14T20:37:52.076+0000][34.537s][info ][gc,start      ] GC(26) Pause Young (Normal) (G1 Evacuation Pause)
[2023-11-14T20:37:52.076+0000][34.537s][info ][gc,task       ] GC(26) Using 4 workers of 4 for evacuation
[2023-11-14T20:37:52.108+0000][34.570s][info ][gc,phases     ] GC(26)   Pre Evacuate Collection Set: 0.0ms
[2023-11-14T20:37:52.108+0000][34.570s][info ][gc,phases     ] GC(26)   Evacuate Collection Set: 29.6ms
[2023-11-14T20:37:52.108+0000][34.570s][info ][gc,phases     ] GC(26)   Post Evacuate Collection Set: 2.3ms
[2023-11-14T20:37:52.108+0000][34.570s][info ][gc,phases     ] GC(26)   Other: 0.2ms
[2023-11-14T20:37:52.108+0000][34.570s][info ][gc,heap       ] GC(26) Eden regions: 252->0(252)
[2023-11-14T20:37:52.108+0000][34.570s][info ][gc,heap       ] GC(26) Survivor regions: 24->24(35)
[2023-11-14T20:37:52.108+0000][34.570s][info ][gc,heap       ] GC(26) Old regions: 32->39
[2023-11-14T20:37:52.108+0000][34.570s][info ][gc,heap       ] GC(26) Humongous regions: 0->0
[2023-11-14T20:37:52.108+0000][34.570s][info ][gc,metaspace  ] GC(26) Metaspace: 82807K(85256K)->82807K(85256K) NonClass: 72488K(73992K)->72488K(73992K) Class: 10318K(11264K)->10318K(11264K)
[2023-11-14T20:37:52.108+0000][34.570s][info ][gc            ] GC(26) Pause Young (Normal) (G1 Evacuation Pause) 305M->60M(461M) 32.312ms
[2023-11-14T20:37:52.108+0000][34.570s][info ][gc,cpu        ] GC(26) User=0.09s Sys=0.01s Real=0.04s
[2023-11-14T20:37:52.108+0000][34.570s][info ][safepoint     ] Leaving safepoint region
[2023-11-14T20:37:52.108+0000][34.570s][info ][safepoint     ] Total time for which application threads were stopped: 0.0325229 seconds, Stopping threads took: 0.0000131 seconds
[2023-11-14T20:37:52.109+0000][34.570s][info ][gc,stringdedup] Concurrent String Deduplication (34.570s)
[2023-11-14T20:37:52.111+0000][34.572s][info ][gc,stringdedup] Concurrent String Deduplication 348.6K->180.4K(168.1K) avg 45.0% (34.570s, 34.572s) 1.924ms
[2023-11-14T20:37:52.720+0000][35.182s][debug][safepoint     ] Safepoint synchronization initiated. (19 threads)
[2023-11-14T20:37:53.704+0000][36.165s][info ][safepoint     ] Application time: 1.5955710 seconds
[2023-11-14T20:37:53.704+0000][36.165s][info ][safepoint     ] Entering safepoint region: ICBufferFull
[2023-11-14T20:37:53.704+0000][36.166s][info ][safepoint     ] Leaving safepoint region
[2023-11-14T20:37:53.704+0000][36.166s][info ][safepoint     ] Total time for which application threads were stopped: 0.0002614 seconds, Stopping threads took: 0.0000171 seconds
[2023-11-14T20:37:54.108+0000][36.570s][debug][safepoint     ] Safepoint synchronization initiated. (20 threads)
[2023-11-14T20:37:54.108+0000][36.570s][info ][safepoint     ] Application time: 0.4040713 seconds
[2023-11-14T20:37:54.108+0000][36.570s][info ][safepoint     ] Entering safepoint region: G1CollectForAllocation
[2023-11-14T20:37:54.109+0000][36.570s][info ][gc,start      ] GC(27) Pause Young (Normal) (G1 Evacuation Pause)
[2023-11-14T20:37:54.109+0000][36.570s][info ][gc,task       ] GC(27) Using 4 workers of 4 for evacuation
[2023-11-14T20:37:54.136+0000][36.598s][info ][gc,phases     ] GC(27)   Pre Evacuate Collection Set: 0.0ms
[2023-11-14T20:37:54.136+0000][36.598s][info ][gc,phases     ] GC(27)   Evacuate Collection Set: 24.5ms
[2023-11-14T20:37:54.136+0000][36.598s][info ][gc,phases     ] GC(27)   Post Evacuate Collection Set: 3.2ms
[2023-11-14T20:37:54.136+0000][36.598s][info ][gc,phases     ] GC(27)   Other: 0.2ms
[2023-11-14T20:37:54.136+0000][36.598s][info ][gc,heap       ] GC(27) Eden regions: 252->0(309)
[2023-11-14T20:37:54.136+0000][36.598s][info ][gc,heap       ] GC(27) Survivor regions: 24->23(35)
[2023-11-14T20:37:54.136+0000][36.598s][info ][gc,heap       ] GC(27) Old regions: 39->45
[2023-11-14T20:37:54.136+0000][36.598s][info ][gc,heap       ] GC(27) Humongous regions: 0->0
[2023-11-14T20:37:54.136+0000][36.598s][info ][gc,metaspace  ] GC(27) Metaspace: 84801K(87176K)->84801K(87176K) NonClass: 74314K(75784K)->74314K(75784K) Class: 10486K(11392K)->10486K(11392K)
[2023-11-14T20:37:54.137+0000][36.598s][info ][gc            ] GC(27) Pause Young (Normal) (G1 Evacuation Pause) 312M->65M(554M) 27.947ms
[2023-11-14T20:37:54.137+0000][36.598s][info ][gc,cpu        ] GC(27) User=0.08s Sys=0.00s Real=0.02s
[2023-11-14T20:37:54.137+0000][36.598s][info ][safepoint     ] Leaving safepoint region
[2023-11-14T20:37:54.137+0000][36.598s][info ][safepoint     ] Total time for which application threads were stopped: 0.0281623 seconds, Stopping threads took: 0.0000099 seconds
[2023-11-14T20:37:54.137+0000][36.598s][info ][gc,stringdedup] Concurrent String Deduplication (36.598s)
[2023-11-14T20:37:54.139+0000][36.600s][info ][gc,stringdedup] Concurrent String Deduplication 586.8K->141.4K(445.4K) avg 46.7% (36.598s, 36.600s) 2.533ms
[2023-11-14T20:37:54.294+0000][36.756s][debug][safepoint     ] Safepoint synchronization initiated. (20 threads)
[2023-11-14T20:37:54.294+0000][36.756s][info ][safepoint     ] Application time: 0.1578702 seconds
[2023-11-14T20:37:54.294+0000][36.756s][info ][safepoint     ] Entering safepoint region: Deoptimize
[2023-11-14T20:37:54.295+0000][36.757s][info ][safepoint     ] Leaving safepoint region
[2023-11-14T20:37:54.295+0000][36.757s][info ][safepoint     ] Total time for which application threads were stopped: 0.0009175 seconds, Stopping threads took: 0.0000093 seconds
[2023-11-14T20:37:55.295+0000][37.757s][debug][safepoint     ] Safepoint synchronization initiated. (21 threads)
[2023-11-14T20:37:55.511+0000][37.972s][info ][safepoint     ] Application time: 1.2154397 seconds
[2023-11-14T20:37:55.511+0000][37.972s][info ][safepoint     ] Entering safepoint region: Cleanup
[2023-11-14T20:37:55.511+0000][37.972s][info ][safepoint     ] Leaving safepoint region
[2023-11-14T20:37:55.511+0000][37.972s][info ][safepoint     ] Total time for which application threads were stopped: 0.0002354 seconds, Stopping threads took: 0.0000260 seconds
[2023-11-14T20:37:55.511+0000][37.973s][debug][safepoint     ] Safepoint synchronization initiated. (21 threads)
[2023-11-14T20:37:55.511+0000][37.973s][info ][safepoint     ] Application time: 0.0000334 seconds
[2023-11-14T20:37:55.511+0000][37.973s][info ][safepoint     ] Entering safepoint region: Deoptimize
[2023-11-14T20:37:55.512+0000][37.974s][info ][safepoint     ] Leaving safepoint region
[2023-11-14T20:37:55.512+0000][37.974s][info ][safepoint     ] Total time for which application threads were stopped: 0.0011628 seconds, Stopping threads took: 0.0000145 seconds
[2023-11-14T20:37:56.056+0000][38.517s][debug][safepoint     ] Safepoint synchronization initiated. (23 threads)
[2023-11-14T20:37:56.056+0000][38.517s][info ][safepoint     ] Application time: 0.5431814 seconds
[2023-11-14T20:37:56.056+0000][38.517s][debug][safepoint     ] Waiting for 1 thread(s) to block
[2023-11-14T20:37:56.056+0000][38.517s][info ][safepoint     ] Entering safepoint region: ICBufferFull
[2023-11-14T20:37:56.056+0000][38.517s][info ][safepoint     ] Leaving safepoint region
[2023-11-14T20:37:56.056+0000][38.517s][info ][safepoint     ] Total time for which application threads were stopped: 0.0001966 seconds, Stopping threads took: 0.0000393 seconds
[2023-11-14T20:37:56.060+0000][38.521s][debug][safepoint     ] Safepoint synchronization initiated. (23 threads)
[2023-11-14T20:37:56.060+0000][38.521s][info ][safepoint     ] Application time: 0.0040859 seconds
[2023-11-14T20:37:56.060+0000][38.521s][debug][safepoint     ] Waiting for 1 thread(s) to block
[2023-11-14T20:37:56.060+0000][38.521s][info ][safepoint     ] Entering safepoint region: ICBufferFull
[2023-11-14T20:37:56.060+0000][38.521s][info ][safepoint     ] Leaving safepoint region
[2023-11-14T20:37:56.060+0000][38.521s][info ][safepoint     ] Total time for which application threads were stopped: 0.0002518 seconds, Stopping threads took: 0.0000340 seconds
[2023-11-14T20:37:56.285+0000][38.747s][debug][safepoint     ] Safepoint synchronization initiated. (23 threads)
[2023-11-14T20:37:56.285+0000][38.747s][info ][safepoint     ] Application time: 0.2252478 seconds
[2023-11-14T20:37:56.285+0000][38.747s][info ][safepoint     ] Entering safepoint region: Deoptimize
[2023-11-14T20:37:56.286+0000][38.748s][info ][safepoint     ] Leaving safepoint region
[2023-11-14T20:37:56.286+0000][38.748s][info ][safepoint     ] Total time for which application threads were stopped: 0.0009758 seconds, Stopping threads took: 0.0000116 seconds
[2023-11-14T20:37:56.336+0000][38.797s][debug][safepoint     ] Safepoint synchronization initiated. (23 threads)
[2023-11-14T20:37:56.336+0000][38.797s][info ][safepoint     ] Application time: 0.0491298 seconds
[2023-11-14T20:37:56.336+0000][38.797s][info ][safepoint     ] Entering safepoint region: Deoptimize
[2023-11-14T20:37:56.336+0000][38.798s][info ][safepoint     ] Leaving safepoint region
[2023-11-14T20:37:56.336+0000][38.798s][info ][safepoint     ] Total time for which application threads were stopped: 0.0008952 seconds, Stopping threads took: 0.0000104 seconds
[2023-11-14T20:37:56.741+0000][39.203s][debug][safepoint     ] Safepoint synchronization initiated. (23 threads)
[2023-11-14T20:37:56.741+0000][39.203s][info ][safepoint     ] Application time: 0.4048223 seconds
[2023-11-14T20:37:56.741+0000][39.203s][info ][safepoint     ] Entering safepoint region: Deoptimize
[2023-11-14T20:37:56.742+0000][39.204s][info ][safepoint     ] Leaving safepoint region
[2023-11-14T20:37:56.743+0000][39.204s][info ][safepoint     ] Total time for which application threads were stopped: 0.0012147 seconds, Stopping threads took: 0.0000181 seconds
[2023-11-14T20:37:56.750+0000][39.211s][debug][safepoint     ] Safepoint synchronization initiated. (23 threads)
[2023-11-14T20:37:56.750+0000][39.211s][info ][safepoint     ] Application time: 0.0073104 seconds
[2023-11-14T20:37:56.750+0000][39.211s][info ][safepoint     ] Entering safepoint region: Deoptimize
[2023-11-14T20:37:56.751+0000][39.212s][info ][safepoint     ] Leaving safepoint region
[2023-11-14T20:37:56.751+0000][39.212s][info ][safepoint     ] Total time for which application threads were stopped: 0.0008811 seconds, Stopping threads took: 0.0000128 seconds
[2023-11-14T20:37:56.798+0000][39.259s][debug][safepoint     ] Safepoint synchronization initiated. (23 threads)
[2023-11-14T20:37:56.798+0000][39.259s][info ][safepoint     ] Application time: 0.0470835 seconds
[2023-11-14T20:37:56.798+0000][39.259s][info ][safepoint     ] Entering safepoint region: Deoptimize
[2023-11-14T20:37:56.799+0000][39.260s][info ][safepoint     ] Leaving safepoint region
[2023-11-14T20:37:56.799+0000][39.260s][info ][safepoint     ] Total time for which application threads were stopped: 0.0010136 seconds, Stopping threads took: 0.0000138 seconds
[2023-11-14T20:37:57.156+0000][39.618s][debug][safepoint     ] Safepoint synchronization initiated. (29 threads)
[2023-11-14T20:37:57.156+0000][39.618s][info ][safepoint     ] Application time: 0.3575357 seconds
[2023-11-14T20:37:57.156+0000][39.618s][info ][safepoint     ] Entering safepoint region: G1CollectForAllocation
[2023-11-14T20:37:57.157+0000][39.618s][info ][gc,start      ] GC(28) Pause Young (Normal) (G1 Evacuation Pause)
[2023-11-14T20:37:57.157+0000][39.618s][info ][gc,task       ] GC(28) Using 4 workers of 4 for evacuation
[2023-11-14T20:37:57.187+0000][39.648s][info ][gc,phases     ] GC(28)   Pre Evacuate Collection Set: 0.1ms
[2023-11-14T20:37:57.187+0000][39.648s][info ][gc,phases     ] GC(28)   Evacuate Collection Set: 26.9ms
[2023-11-14T20:37:57.187+0000][39.648s][info ][gc,phases     ] GC(28)   Post Evacuate Collection Set: 2.9ms
[2023-11-14T20:37:57.187+0000][39.648s][info ][gc,phases     ] GC(28)   Other: 0.2ms
[2023-11-14T20:37:57.187+0000][39.648s][info ][gc,heap       ] GC(28) Eden regions: 309->0(306)
[2023-11-14T20:37:57.187+0000][39.648s][info ][gc,heap       ] GC(28) Survivor regions: 23->26(42)
[2023-11-14T20:37:57.187+0000][39.648s][info ][gc,heap       ] GC(28) Old regions: 45->48
[2023-11-14T20:37:57.187+0000][39.648s][info ][gc,heap       ] GC(28) Humongous regions: 0->0
[2023-11-14T20:37:57.187+0000][39.648s][info ][gc,metaspace  ] GC(28) Metaspace: 93534K(96392K)->93534K(96392K) NonClass: 81979K(83720K)->81979K(83720K) Class: 11554K(12672K)->11554K(12672K)
[2023-11-14T20:37:57.187+0000][39.648s][info ][gc            ] GC(28) Pause Young (Normal) (G1 Evacuation Pause) 374M->72M(554M) 30.205ms
[2023-11-14T20:37:57.187+0000][39.648s][info ][gc,cpu        ] GC(28) User=0.10s Sys=0.02s Real=0.03s
[2023-11-14T20:37:57.187+0000][39.648s][info ][safepoint     ] Leaving safepoint region
[2023-11-14T20:37:57.187+0000][39.648s][info ][safepoint     ] Total time for which application threads were stopped: 0.0304114 seconds, Stopping threads took: 0.0000120 seconds
[2023-11-14T20:37:57.190+0000][39.651s][info ][gc,stringdedup] Concurrent String Deduplication (39.651s)
[2023-11-14T20:37:57.194+0000][39.656s][info ][gc,stringdedup] Concurrent String Deduplication 609.0K->167.7K(441.3K) avg 48.0% (39.651s, 39.656s) 4.146ms
[2023-11-14T20:37:57.618+0000][40.079s][debug][safepoint     ] Safepoint synchronization initiated. (34 threads)
[2023-11-14T20:37:57.618+0000][40.079s][info ][safepoint     ] Application time: 0.4309267 seconds
[2023-11-14T20:37:57.618+0000][40.079s][info ][safepoint     ] Entering safepoint region: Deoptimize
[2023-11-14T20:37:57.619+0000][40.080s][info ][safepoint     ] Leaving safepoint region
[2023-11-14T20:37:57.619+0000][40.080s][info ][safepoint     ] Total time for which application threads were stopped: 0.0010120 seconds, Stopping threads took: 0.0000118 seconds
[2023-11-14T20:37:58.619+0000][41.080s][debug][safepoint     ] Safepoint synchronization initiated. (38 threads)
[2023-11-14T20:37:58.688+0000][41.149s][info ][safepoint     ] Application time: 1.0693495 seconds
[2023-11-14T20:37:58.688+0000][41.149s][info ][safepoint     ] Entering safepoint region: Cleanup
[2023-11-14T20:37:58.688+0000][41.150s][info ][safepoint     ] Leaving safepoint region
[2023-11-14T20:37:58.688+0000][41.150s][info ][safepoint     ] Total time for which application threads were stopped: 0.0001252 seconds, Stopping threads took: 0.0000187 seconds
[2023-11-14T20:37:58.688+0000][41.150s][debug][safepoint     ] Safepoint synchronization initiated. (38 threads)
[2023-11-14T20:37:58.688+0000][41.150s][info ][safepoint     ] Application time: 0.0000103 seconds
[2023-11-14T20:37:58.688+0000][41.150s][info ][safepoint     ] Entering safepoint region: CollectForMetadataAllocation
[2023-11-14T20:37:58.688+0000][41.150s][info ][gc,start      ] GC(29) Pause Young (Concurrent Start) (Metadata GC Threshold)
[2023-11-14T20:37:58.688+0000][41.150s][info ][gc,task       ] GC(29) Using 4 workers of 4 for evacuation
[2023-11-14T20:37:58.714+0000][41.175s][info ][gc,phases     ] GC(29)   Pre Evacuate Collection Set: 0.2ms
[2023-11-14T20:37:58.714+0000][41.175s][info ][gc,phases     ] GC(29)   Evacuate Collection Set: 22.5ms
[2023-11-14T20:37:58.714+0000][41.175s][info ][gc,phases     ] GC(29)   Post Evacuate Collection Set: 2.2ms
[2023-11-14T20:37:58.714+0000][41.175s][info ][gc,phases     ] GC(29)   Other: 0.2ms
[2023-11-14T20:37:58.714+0000][41.175s][info ][gc,heap       ] GC(29) Eden regions: 223->0(309)
[2023-11-14T20:37:58.714+0000][41.175s][info ][gc,heap       ] GC(29) Survivor regions: 26->23(42)
[2023-11-14T20:37:58.714+0000][41.175s][info ][gc,heap       ] GC(29) Old regions: 48->54
[2023-11-14T20:37:58.714+0000][41.175s][info ][gc,heap       ] GC(29) Humongous regions: 1->0
[2023-11-14T20:37:58.714+0000][41.175s][info ][gc,metaspace  ] GC(29) Metaspace: 98123K(100920K)->98123K(100920K) NonClass: 86248K(87992K)->86248K(87992K) Class: 11875K(12928K)->11875K(12928K)
[2023-11-14T20:37:58.714+0000][41.175s][info ][gc            ] GC(29) Pause Young (Concurrent Start) (Metadata GC Threshold) 296M->75M(554M) 25.357ms
[2023-11-14T20:37:58.714+0000][41.175s][info ][gc,cpu        ] GC(29) User=0.09s Sys=0.01s Real=0.02s
[2023-11-14T20:37:58.714+0000][41.175s][info ][safepoint     ] Leaving safepoint region
[2023-11-14T20:37:58.714+0000][41.175s][info ][safepoint     ] Total time for which application threads were stopped: 0.0255707 seconds, Stopping threads took: 0.0000070 seconds
[2023-11-14T20:37:58.714+0000][41.175s][info ][gc            ] GC(30) Concurrent Cycle
[2023-11-14T20:37:58.714+0000][41.175s][info ][gc,marking    ] GC(30) Concurrent Clear Claimed Marks
[2023-11-14T20:37:58.714+0000][41.175s][info ][gc,marking    ] GC(30) Concurrent Clear Claimed Marks 0.179ms
[2023-11-14T20:37:58.714+0000][41.175s][info ][gc,marking    ] GC(30) Concurrent Scan Root Regions
[2023-11-14T20:37:58.714+0000][41.175s][info ][gc,stringdedup] Concurrent String Deduplication (41.175s)
[2023-11-14T20:37:58.717+0000][41.178s][info ][gc,stringdedup] Concurrent String Deduplication 409.0K->101.1K(308.0K) avg 49.0% (41.175s, 41.178s) 2.551ms
[2023-11-14T20:37:58.733+0000][41.194s][info ][gc,marking    ] GC(30) Concurrent Scan Root Regions 18.898ms
[2023-11-14T20:37:58.733+0000][41.194s][info ][gc,marking    ] GC(30) Concurrent Mark (41.194s)
[2023-11-14T20:37:58.733+0000][41.194s][info ][gc,marking    ] GC(30) Concurrent Mark From Roots
[2023-11-14T20:37:58.733+0000][41.194s][info ][gc,task       ] GC(30) Using 1 workers of 1 for marking
[2023-11-14T20:37:58.770+0000][41.231s][debug][safepoint     ] Safepoint synchronization initiated. (38 threads)
[2023-11-14T20:37:58.770+0000][41.231s][info ][safepoint     ] Application time: 0.0559333 seconds
[2023-11-14T20:37:58.770+0000][41.231s][info ][safepoint     ] Entering safepoint region: CollectForMetadataAllocation
[2023-11-14T20:37:58.770+0000][41.231s][info ][safepoint     ] Leaving safepoint region
[2023-11-14T20:37:58.770+0000][41.231s][info ][safepoint     ] Total time for which application threads were stopped: 0.0001333 seconds, Stopping threads took: 0.0000128 seconds
[2023-11-14T20:37:58.777+0000][41.238s][debug][safepoint     ] Safepoint synchronization initiated. (38 threads)
[2023-11-14T20:37:58.777+0000][41.238s][info ][safepoint     ] Application time: 0.0066128 seconds
[2023-11-14T20:37:58.777+0000][41.238s][info ][safepoint     ] Entering safepoint region: CollectForMetadataAllocation
[2023-11-14T20:37:58.777+0000][41.238s][info ][safepoint     ] Leaving safepoint region
[2023-11-14T20:37:58.777+0000][41.238s][info ][safepoint     ] Total time for which application threads were stopped: 0.0001446 seconds, Stopping threads took: 0.0000124 seconds
[2023-11-14T20:37:58.777+0000][41.239s][debug][safepoint     ] Safepoint synchronization initiated. (38 threads)
[2023-11-14T20:37:58.777+0000][41.239s][info ][safepoint     ] Application time: 0.0005289 seconds
[2023-11-14T20:37:58.777+0000][41.239s][info ][safepoint     ] Entering safepoint region: Deoptimize
[2023-11-14T20:37:58.778+0000][41.240s][info ][safepoint     ] Leaving safepoint region
[2023-11-14T20:37:58.778+0000][41.240s][info ][safepoint     ] Total time for which application threads were stopped: 0.0009666 seconds, Stopping threads took: 0.0000168 seconds
[2023-11-14T20:37:58.789+0000][41.251s][debug][safepoint     ] Safepoint synchronization initiated. (38 threads)
[2023-11-14T20:37:58.789+0000][41.251s][info ][safepoint     ] Application time: 0.0111664 seconds
[2023-11-14T20:37:58.789+0000][41.251s][info ][safepoint     ] Entering safepoint region: CollectForMetadataAllocation
[2023-11-14T20:37:58.790+0000][41.251s][info ][safepoint     ] Leaving safepoint region
[2023-11-14T20:37:58.790+0000][41.251s][info ][safepoint     ] Total time for which application threads were stopped: 0.0001430 seconds, Stopping threads took: 0.0000125 seconds
[2023-11-14T20:37:58.831+0000][41.292s][info ][gc,marking    ] GC(30) Concurrent Mark From Roots 97.984ms
[2023-11-14T20:37:58.831+0000][41.292s][info ][gc,marking    ] GC(30) Concurrent Preclean
[2023-11-14T20:37:58.831+0000][41.292s][info ][gc,marking    ] GC(30) Concurrent Preclean 0.058ms
[2023-11-14T20:37:58.831+0000][41.292s][info ][gc,marking    ] GC(30) Concurrent Mark (41.194s, 41.292s) 98.121ms
[2023-11-14T20:37:58.831+0000][41.293s][debug][safepoint     ] Safepoint synchronization initiated. (38 threads)
[2023-11-14T20:37:58.831+0000][41.293s][info ][safepoint     ] Application time: 0.0415916 seconds
[2023-11-14T20:37:58.831+0000][41.293s][info ][safepoint     ] Entering safepoint region: CGC_Operation
[2023-11-14T20:37:58.831+0000][41.293s][info ][gc,start      ] GC(30) Pause Remark
[2023-11-14T20:37:58.846+0000][41.308s][info ][gc,stringtable] GC(30) Cleaned string and symbol table, strings: 45799 processed, 68 removed, symbols: 280225 processed, 290 removed
[2023-11-14T20:37:58.847+0000][41.308s][info ][gc            ] GC(30) Pause Remark 95M->95M(554M) 15.415ms
[2023-11-14T20:37:58.847+0000][41.308s][info ][gc,cpu        ] GC(30) User=0.05s Sys=0.00s Real=0.01s
[2023-11-14T20:37:58.847+0000][41.308s][info ][safepoint     ] Leaving safepoint region
[2023-11-14T20:37:58.847+0000][41.308s][info ][safepoint     ] Total time for which application threads were stopped: 0.0156000 seconds, Stopping threads took: 0.0000152 seconds
[2023-11-14T20:37:58.847+0000][41.308s][info ][gc,marking    ] GC(30) Concurrent Rebuild Remembered Sets
[2023-11-14T20:37:58.906+0000][41.367s][info ][gc,marking    ] GC(30) Concurrent Rebuild Remembered Sets 58.994ms
[2023-11-14T20:37:58.906+0000][41.367s][debug][safepoint     ] Safepoint synchronization initiated. (38 threads)
[2023-11-14T20:37:58.906+0000][41.367s][info ][safepoint     ] Application time: 0.0591903 seconds
[2023-11-14T20:37:58.906+0000][41.367s][info ][safepoint     ] Entering safepoint region: CGC_Operation
[2023-11-14T20:37:58.906+0000][41.368s][info ][gc,start      ] GC(30) Pause Cleanup
[2023-11-14T20:37:58.906+0000][41.368s][info ][gc            ] GC(30) Pause Cleanup 95M->95M(554M) 0.256ms
[2023-11-14T20:37:58.906+0000][41.368s][info ][gc,cpu        ] GC(30) User=0.01s Sys=0.00s Real=0.00s
[2023-11-14T20:37:58.907+0000][41.368s][info ][safepoint     ] Leaving safepoint region
[2023-11-14T20:37:58.907+0000][41.368s][info ][safepoint     ] Total time for which application threads were stopped: 0.0004754 seconds, Stopping threads took: 0.0000256 seconds
[2023-11-14T20:37:58.907+0000][41.368s][info ][gc,marking    ] GC(30) Concurrent Cleanup for Next Mark
[2023-11-14T20:37:58.908+0000][41.370s][info ][gc,marking    ] GC(30) Concurrent Cleanup for Next Mark 1.680ms
[2023-11-14T20:37:58.908+0000][41.370s][info ][gc            ] GC(30) Concurrent Cycle 194.470ms
[2023-11-14T20:37:59.224+0000][41.685s][debug][safepoint     ] Safepoint synchronization initiated. (38 threads)
[2023-11-14T20:37:59.224+0000][41.685s][info ][safepoint     ] Application time: 0.3171579 seconds
[2023-11-14T20:37:59.224+0000][41.685s][info ][safepoint     ] Entering safepoint region: Deoptimize
[2023-11-14T20:37:59.225+0000][41.686s][info ][safepoint     ] Leaving safepoint region
[2023-11-14T20:37:59.225+0000][41.686s][info ][safepoint     ] Total time for which application threads were stopped: 0.0013116 seconds, Stopping threads took: 0.0000225 seconds
[2023-11-14T20:37:59.227+0000][41.688s][debug][safepoint     ] Safepoint synchronization initiated. (38 threads)
[2023-11-14T20:37:59.227+0000][41.688s][info ][safepoint     ] Application time: 0.0019486 seconds
[2023-11-14T20:37:59.227+0000][41.688s][info ][safepoint     ] Entering safepoint region: Deoptimize
[2023-11-14T20:37:59.228+0000][41.689s][info ][safepoint     ] Leaving safepoint region
[2023-11-14T20:37:59.228+0000][41.689s][info ][safepoint     ] Total time for which application threads were stopped: 0.0009322 seconds, Stopping threads took: 0.0000182 seconds
[2023-11-14T20:37:59.298+0000][41.759s][debug][safepoint     ] Safepoint synchronization initiated. (38 threads)
[2023-11-14T20:37:59.298+0000][41.759s][info ][safepoint     ] Application time: 0.0696562 seconds
[2023-11-14T20:37:59.298+0000][41.759s][info ][safepoint     ] Entering safepoint region: Deoptimize
[2023-11-14T20:37:59.299+0000][41.760s][info ][safepoint     ] Leaving safepoint region
[2023-11-14T20:37:59.299+0000][41.760s][info ][safepoint     ] Total time for which application threads were stopped: 0.0011452 seconds, Stopping threads took: 0.0000126 seconds
[2023-11-14T20:38:00.246+0000][42.707s][debug][safepoint     ] Safepoint synchronization initiated. (38 threads)
[2023-11-14T20:38:00.246+0000][42.707s][info ][safepoint     ] Application time: 0.9472722 seconds
[2023-11-14T20:38:00.246+0000][42.707s][info ][safepoint     ] Entering safepoint region: ICBufferFull
[2023-11-14T20:38:00.246+0000][42.708s][info ][safepoint     ] Leaving safepoint region
[2023-11-14T20:38:00.246+0000][42.708s][info ][safepoint     ] Total time for which application threads were stopped: 0.0001752 seconds, Stopping threads took: 0.0000133 seconds
[2023-11-14T20:38:00.409+0000][42.871s][debug][safepoint     ] Safepoint synchronization initiated. (38 threads)
[2023-11-14T20:38:00.410+0000][42.871s][info ][safepoint     ] Application time: 0.1632364 seconds
[2023-11-14T20:38:00.410+0000][42.871s][info ][safepoint     ] Entering safepoint region: G1CollectForAllocation
[2023-11-14T20:38:00.410+0000][42.871s][info ][gc,start      ] GC(31) Pause Young (Concurrent Start) (G1 Evacuation Pause)
[2023-11-14T20:38:00.410+0000][42.871s][info ][gc,task       ] GC(31) Using 4 workers of 4 for evacuation
[2023-11-14T20:38:00.444+0000][42.905s][info ][gc,phases     ] GC(31)   Pre Evacuate Collection Set: 0.2ms
[2023-11-14T20:38:00.444+0000][42.905s][info ][gc,phases     ] GC(31)   Evacuate Collection Set: 31.1ms
[2023-11-14T20:38:00.444+0000][42.905s][info ][gc,phases     ] GC(31)   Post Evacuate Collection Set: 2.8ms
[2023-11-14T20:38:00.444+0000][42.905s][info ][gc,phases     ] GC(31)   Other: 0.2ms
[2023-11-14T20:38:00.444+0000][42.905s][info ][gc,heap       ] GC(31) Eden regions: 309->0(308)
[2023-11-14T20:38:00.444+0000][42.905s][info ][gc,heap       ] GC(31) Survivor regions: 23->24(42)
[2023-11-14T20:38:00.444+0000][42.905s][info ][gc,heap       ] GC(31) Old regions: 54->61
[2023-11-14T20:38:00.444+0000][42.905s][info ][gc,heap       ] GC(31) Humongous regions: 0->0
[2023-11-14T20:38:00.444+0000][42.905s][info ][gc,metaspace  ] GC(31) Metaspace: 102536K(105556K)->102536K(105556K) NonClass: 90182K(92168K)->90182K(92168K) Class: 12353K(13388K)->12353K(13388K)
[2023-11-14T20:38:00.444+0000][42.905s][info ][gc            ] GC(31) Pause Young (Concurrent Start) (G1 Evacuation Pause) 384M->82M(554M) 34.510ms
[2023-11-14T20:38:00.444+0000][42.905s][info ][gc,cpu        ] GC(31) User=0.10s Sys=0.01s Real=0.03s
[2023-11-14T20:38:00.444+0000][42.906s][info ][safepoint     ] Leaving safepoint region
[2023-11-14T20:38:00.444+0000][42.906s][info ][gc            ] GC(32) Concurrent Cycle
[2023-11-14T20:38:00.444+0000][42.906s][info ][gc,marking    ] GC(32) Concurrent Clear Claimed Marks
[2023-11-14T20:38:00.444+0000][42.906s][info ][safepoint     ] Total time for which application threads were stopped: 0.0347125 seconds, Stopping threads took: 0.0000118 seconds
[2023-11-14T20:38:00.444+0000][42.906s][info ][gc,marking    ] GC(32) Concurrent Clear Claimed Marks 0.181ms
[2023-11-14T20:38:00.444+0000][42.906s][info ][gc,marking    ] GC(32) Concurrent Scan Root Regions
[2023-11-14T20:38:00.448+0000][42.909s][info ][gc,stringdedup] Concurrent String Deduplication (42.909s)
[2023-11-14T20:38:00.454+0000][42.915s][info ][gc,stringdedup] Concurrent String Deduplication 694.4K->370.5K(323.9K) avg 48.8% (42.909s, 42.915s) 5.853ms
[2023-11-14T20:38:00.468+0000][42.929s][info ][gc,marking    ] GC(32) Concurrent Scan Root Regions 23.182ms
[2023-11-14T20:38:00.468+0000][42.929s][info ][gc,marking    ] GC(32) Concurrent Mark (42.929s)
[2023-11-14T20:38:00.468+0000][42.929s][info ][gc,marking    ] GC(32) Concurrent Mark From Roots
[2023-11-14T20:38:00.468+0000][42.929s][info ][gc,task       ] GC(32) Using 1 workers of 1 for marking
[2023-11-14T20:38:00.582+0000][43.043s][info ][gc,marking    ] GC(32) Concurrent Mark From Roots 114.002ms
[2023-11-14T20:38:00.582+0000][43.043s][info ][gc,marking    ] GC(32) Concurrent Preclean
[2023-11-14T20:38:00.582+0000][43.043s][info ][gc,marking    ] GC(32) Concurrent Preclean 0.060ms
[2023-11-14T20:38:00.582+0000][43.043s][info ][gc,marking    ] GC(32) Concurrent Mark (42.929s, 43.043s) 114.125ms
[2023-11-14T20:38:00.582+0000][43.043s][debug][safepoint     ] Safepoint synchronization initiated. (38 threads)
[2023-11-14T20:38:00.582+0000][43.043s][info ][safepoint     ] Application time: 0.1375627 seconds
[2023-11-14T20:38:00.582+0000][43.043s][debug][safepoint     ] Waiting for 1 thread(s) to block
[2023-11-14T20:38:00.582+0000][43.043s][info ][safepoint     ] Entering safepoint region: CGC_Operation
[2023-11-14T20:38:00.582+0000][43.043s][info ][gc,start      ] GC(32) Pause Remark
[2023-11-14T20:38:00.598+0000][43.059s][info ][gc,stringtable] GC(32) Cleaned string and symbol table, strings: 49019 processed, 0 removed, symbols: 288933 processed, 61 removed
[2023-11-14T20:38:00.598+0000][43.060s][info ][gc            ] GC(32) Pause Remark 110M->110M(554M) 16.282ms
[2023-11-14T20:38:00.598+0000][43.060s][info ][gc,cpu        ] GC(32) User=0.07s Sys=0.00s Real=0.01s
[2023-11-14T20:38:00.598+0000][43.060s][info ][safepoint     ] Leaving safepoint region
[2023-11-14T20:38:00.598+0000][43.060s][info ][safepoint     ] Total time for which application threads were stopped: 0.0164642 seconds, Stopping threads took: 0.0000327 seconds
[2023-11-14T20:38:00.598+0000][43.060s][info ][gc,marking    ] GC(32) Concurrent Rebuild Remembered Sets
[2023-11-14T20:38:00.643+0000][43.104s][debug][safepoint     ] Safepoint synchronization initiated. (38 threads)
[2023-11-14T20:38:00.643+0000][43.104s][info ][safepoint     ] Application time: 0.0444471 seconds
[2023-11-14T20:38:00.643+0000][43.104s][info ][safepoint     ] Entering safepoint region: Deoptimize
[2023-11-14T20:38:00.644+0000][43.105s][info ][safepoint     ] Leaving safepoint region
[2023-11-14T20:38:00.644+0000][43.105s][info ][safepoint     ] Total time for which application threads were stopped: 0.0010097 seconds, Stopping threads took: 0.0000131 seconds
[2023-11-14T20:38:00.673+0000][43.135s][info ][gc,marking    ] GC(32) Concurrent Rebuild Remembered Sets 74.992ms
[2023-11-14T20:38:00.673+0000][43.135s][debug][safepoint     ] Safepoint synchronization initiated. (38 threads)
[2023-11-14T20:38:00.673+0000][43.135s][info ][safepoint     ] Application time: 0.0296982 seconds
[2023-11-14T20:38:00.673+0000][43.135s][info ][safepoint     ] Entering safepoint region: CGC_Operation
[2023-11-14T20:38:00.674+0000][43.135s][info ][gc,start      ] GC(32) Pause Cleanup
[2023-11-14T20:38:00.674+0000][43.135s][info ][gc            ] GC(32) Pause Cleanup 128M->128M(554M) 0.184ms
[2023-11-14T20:38:00.674+0000][43.135s][info ][gc,cpu        ] GC(32) User=0.00s Sys=0.00s Real=0.00s
[2023-11-14T20:38:00.674+0000][43.135s][info ][safepoint     ] Leaving safepoint region
[2023-11-14T20:38:00.674+0000][43.135s][info ][safepoint     ] Total time for which application threads were stopped: 0.0002987 seconds, Stopping threads took: 0.0000134 seconds
[2023-11-14T20:38:00.674+0000][43.135s][info ][gc,marking    ] GC(32) Concurrent Cleanup for Next Mark
[2023-11-14T20:38:00.675+0000][43.136s][info ][gc,marking    ] GC(32) Concurrent Cleanup for Next Mark 1.080ms
[2023-11-14T20:38:00.675+0000][43.136s][info ][gc            ] GC(32) Concurrent Cycle 230.717ms
[2023-11-14T20:38:00.697+0000][43.159s][debug][safepoint     ] Safepoint synchronization initiated. (38 threads)
[2023-11-14T20:38:00.697+0000][43.159s][info ][safepoint     ] Application time: 0.0236188 seconds
[2023-11-14T20:38:00.697+0000][43.159s][info ][safepoint     ] Entering safepoint region: Deoptimize
[2023-11-14T20:38:00.698+0000][43.160s][info ][safepoint     ] Leaving safepoint region
[2023-11-14T20:38:00.698+0000][43.160s][info ][safepoint     ] Total time for which application threads were stopped: 0.0009888 seconds, Stopping threads took: 0.0000134 seconds
[2023-11-14T20:38:01.698+0000][44.160s][debug][safepoint     ] Safepoint synchronization initiated. (41 threads)
[2023-11-14T20:38:01.699+0000][44.160s][info ][safepoint     ] Application time: 1.0001110 seconds
[2023-11-14T20:38:01.699+0000][44.160s][debug][safepoint     ] ... found polling page return exception at pc = 0x00007f38a10577b7, stub =0x00007f38a083a800
[2023-11-14T20:38:01.699+0000][44.160s][debug][safepoint     ] Waiting for 1 thread(s) to block
[2023-11-14T20:38:01.699+0000][44.160s][info ][safepoint     ] Entering safepoint region: Cleanup
[2023-11-14T20:38:01.699+0000][44.160s][info ][safepoint     ] Leaving safepoint region
[2023-11-14T20:38:01.699+0000][44.160s][info ][safepoint     ] Total time for which application threads were stopped: 0.0002192 seconds, Stopping threads took: 0.0000736 seconds
[2023-11-14T20:38:02.241+0000][44.703s][debug][safepoint     ] Safepoint synchronization initiated. (41 threads)
[2023-11-14T20:38:02.241+0000][44.703s][info ][safepoint     ] Application time: 0.5425341 seconds
[2023-11-14T20:38:02.241+0000][44.703s][debug][safepoint     ] Waiting for 1 thread(s) to block
[2023-11-14T20:38:02.241+0000][44.703s][info ][safepoint     ] Entering safepoint region: Deoptimize
[2023-11-14T20:38:02.243+0000][44.704s][info ][safepoint     ] Leaving safepoint region
[2023-11-14T20:38:02.243+0000][44.704s][info ][safepoint     ] Total time for which application threads were stopped: 0.0013326 seconds, Stopping threads took: 0.0000329 seconds
[2023-11-14T20:38:03.243+0000][45.704s][debug][safepoint     ] Safepoint synchronization initiated. (41 threads)
[2023-11-14T20:38:04.477+0000][46.938s][info ][safepoint     ] Application time: 2.2342195 seconds
[2023-11-14T20:38:04.477+0000][46.938s][info ][safepoint     ] Entering safepoint region: Cleanup
[2023-11-14T20:38:04.477+0000][46.939s][info ][safepoint     ] Leaving safepoint region
[2023-11-14T20:38:04.477+0000][46.939s][info ][safepoint     ] Total time for which application threads were stopped: 0.0003255 seconds, Stopping threads took: 0.0000286 seconds
[2023-11-14T20:38:05.477+0000][47.939s][debug][safepoint     ] Safepoint synchronization initiated. (42 threads)
[2023-11-14T20:38:08.068+0000][50.530s][info ][safepoint     ] Application time: 3.5911541 seconds
[2023-11-14T20:38:08.068+0000][50.530s][info ][safepoint     ] Entering safepoint region: Cleanup
[2023-11-14T20:38:08.069+0000][50.530s][info ][safepoint     ] Leaving safepoint region
[2023-11-14T20:38:08.069+0000][50.530s][info ][safepoint     ] Total time for which application threads were stopped: 0.0001898 seconds, Stopping threads took: 0.0000213 seconds
[2023-11-14T20:38:09.069+0000][51.530s][debug][safepoint     ] Safepoint synchronization initiated. (42 threads)
[2023-11-14T20:38:09.069+0000][51.530s][info ][safepoint     ] Application time: 1.0001321 seconds
[2023-11-14T20:38:09.069+0000][51.530s][info ][safepoint     ] Entering safepoint region: Cleanup
[2023-11-14T20:38:09.069+0000][51.530s][info ][safepoint     ] Leaving safepoint region
[2023-11-14T20:38:09.069+0000][51.530s][info ][safepoint     ] Total time for which application threads were stopped: 0.0001273 seconds, Stopping threads took: 0.0000231 seconds
[2023-11-14T20:38:10.069+0000][52.530s][debug][safepoint     ] Safepoint synchronization initiated. (42 threads)
[2023-11-14T20:38:10.258+0000][52.719s][info ][safepoint     ] Application time: 1.1891228 seconds
[2023-11-14T20:38:10.258+0000][52.719s][info ][safepoint     ] Entering safepoint region: Cleanup
[2023-11-14T20:38:10.258+0000][52.720s][info ][safepoint     ] Leaving safepoint region
[2023-11-14T20:38:10.258+0000][52.720s][info ][safepoint     ] Total time for which application threads were stopped: 0.0001979 seconds, Stopping threads took: 0.0000208 seconds
[2023-11-14T20:38:11.258+0000][53.720s][debug][safepoint     ] Safepoint synchronization initiated. (42 threads)
[2023-11-14T20:38:11.258+0000][53.720s][info ][safepoint     ] Application time: 1.0001598 seconds
[2023-11-14T20:38:11.258+0000][53.720s][info ][safepoint     ] Entering safepoint region: Cleanup
[2023-11-14T20:38:11.259+0000][53.720s][info ][safepoint     ] Leaving safepoint region
[2023-11-14T20:38:11.259+0000][53.720s][info ][safepoint     ] Total time for which application threads were stopped: 0.0002275 seconds, Stopping threads took: 0.0000250 seconds
[2023-11-14T20:38:12.259+0000][54.720s][debug][safepoint     ] Safepoint synchronization initiated. (42 threads)
[2023-11-14T20:38:12.259+0000][54.720s][info ][safepoint     ] Application time: 1.0001316 seconds
[2023-11-14T20:38:12.259+0000][54.720s][info ][safepoint     ] Entering safepoint region: Cleanup
[2023-11-14T20:38:12.259+0000][54.720s][info ][safepoint     ] Leaving safepoint region
[2023-11-14T20:38:12.259+0000][54.720s][info ][safepoint     ] Total time for which application threads were stopped: 0.0002009 seconds, Stopping threads took: 0.0000245 seconds
[2023-11-14T20:38:12.641+0000][55.102s][debug][safepoint     ] Safepoint synchronization initiated. (42 threads)
[2023-11-14T20:38:12.641+0000][55.102s][info ][safepoint     ] Application time: 0.3818999 seconds
[2023-11-14T20:38:12.641+0000][55.102s][info ][safepoint     ] Entering safepoint region: ICBufferFull
[2023-11-14T20:38:12.641+0000][55.102s][info ][safepoint     ] Leaving safepoint region
[2023-11-14T20:38:12.641+0000][55.103s][info ][safepoint     ] Total time for which application threads were stopped: 0.0001970 seconds, Stopping threads took: 0.0000132 seconds
[2023-11-14T20:38:12.729+0000][55.191s][debug][safepoint     ] Safepoint synchronization initiated. (42 threads)
[2023-11-14T20:38:12.729+0000][55.191s][info ][safepoint     ] Application time: 0.0880955 seconds
[2023-11-14T20:38:12.729+0000][55.191s][info ][safepoint     ] Entering safepoint region: Deoptimize
[2023-11-14T20:38:12.730+0000][55.192s][info ][safepoint     ] Leaving safepoint region
[2023-11-14T20:38:12.731+0000][55.192s][info ][safepoint     ] Total time for which application threads were stopped: 0.0012172 seconds, Stopping threads took: 0.0000132 seconds
[2023-11-14T20:38:12.787+0000][55.248s][debug][safepoint     ] Safepoint synchronization initiated. (42 threads)
[2023-11-14T20:38:12.787+0000][55.248s][info ][safepoint     ] Application time: 0.0562818 seconds
[2023-11-14T20:38:12.787+0000][55.248s][info ][safepoint     ] Entering safepoint region: Deoptimize
[2023-11-14T20:38:12.788+0000][55.249s][info ][safepoint     ] Leaving safepoint region
[2023-11-14T20:38:12.788+0000][55.249s][info ][safepoint     ] Total time for which application threads were stopped: 0.0010954 seconds, Stopping threads took: 0.0000132 seconds
[2023-11-14T20:38:12.817+0000][55.278s][debug][safepoint     ] Safepoint synchronization initiated. (42 threads)
[2023-11-14T20:38:12.817+0000][55.278s][info ][safepoint     ] Application time: 0.0287064 seconds
[2023-11-14T20:38:12.817+0000][55.278s][info ][safepoint     ] Entering safepoint region: Deoptimize
[2023-11-14T20:38:12.818+0000][55.279s][info ][safepoint     ] Leaving safepoint region
[2023-11-14T20:38:12.818+0000][55.279s][info ][safepoint     ] Total time for which application threads were stopped: 0.0010638 seconds, Stopping threads took: 0.0000141 seconds
[2023-11-14T20:38:12.854+0000][55.315s][debug][safepoint     ] Safepoint synchronization initiated. (42 threads)
[2023-11-14T20:38:12.854+0000][55.315s][info ][safepoint     ] Application time: 0.0360070 seconds
[2023-11-14T20:38:12.854+0000][55.315s][info ][safepoint     ] Entering safepoint region: Deoptimize
[2023-11-14T20:38:12.855+0000][55.316s][info ][safepoint     ] Leaving safepoint region
[2023-11-14T20:38:12.855+0000][55.316s][info ][safepoint     ] Total time for which application threads were stopped: 0.0013279 seconds, Stopping threads took: 0.0000143 seconds
[2023-11-14T20:38:12.988+0000][55.449s][debug][safepoint     ] Safepoint synchronization initiated. (42 threads)
[2023-11-14T20:38:12.988+0000][55.449s][info ][safepoint     ] Application time: 0.1326451 seconds
[2023-11-14T20:38:12.988+0000][55.449s][info ][safepoint     ] Entering safepoint region: Deoptimize
[2023-11-14T20:38:12.989+0000][55.450s][info ][safepoint     ] Leaving safepoint region
[2023-11-14T20:38:12.989+0000][55.450s][info ][safepoint     ] Total time for which application threads were stopped: 0.0011961 seconds, Stopping threads took: 0.0000142 seconds
[2023-11-14T20:38:12.991+0000][55.452s][debug][safepoint     ] Safepoint synchronization initiated. (42 threads)
[2023-11-14T20:38:12.991+0000][55.452s][info ][safepoint     ] Application time: 0.0017195 seconds
[2023-11-14T20:38:12.991+0000][55.452s][info ][safepoint     ] Entering safepoint region: Deoptimize
[2023-11-14T20:38:12.992+0000][55.453s][info ][safepoint     ] Leaving safepoint region
[2023-11-14T20:38:12.992+0000][55.453s][info ][safepoint     ] Total time for which application threads were stopped: 0.0011828 seconds, Stopping threads took: 0.0000112 seconds
[2023-11-14T20:38:13.044+0000][55.506s][debug][safepoint     ] Safepoint synchronization initiated. (42 threads)
[2023-11-14T20:38:13.151+0000][55.612s][info ][safepoint     ] Application time: 0.1587686 seconds
[2023-11-14T20:38:13.151+0000][55.612s][debug][safepoint     ] Waiting for 1 thread(s) to block
[2023-11-14T20:38:13.151+0000][55.612s][info ][safepoint     ] Entering safepoint region: ICBufferFull
[2023-11-14T20:38:13.151+0000][55.612s][info ][safepoint     ] Leaving safepoint region
[2023-11-14T20:38:13.151+0000][55.612s][info ][safepoint     ] Total time for which application threads were stopped: 0.0004924 seconds, Stopping threads took: 0.0001626 seconds
[2023-11-14T20:38:13.615+0000][56.076s][debug][safepoint     ] Safepoint synchronization initiated. (43 threads)
[2023-11-14T20:38:14.067+0000][56.528s][info ][safepoint     ] Application time: 0.9154139 seconds
[2023-11-14T20:38:14.067+0000][56.528s][info ][safepoint     ] Entering safepoint region: G1CollectForAllocation
[2023-11-14T20:38:14.067+0000][56.528s][info ][gc,start      ] GC(33) Pause Young (Normal) (G1 Evacuation Pause)
[2023-11-14T20:38:14.067+0000][56.528s][info ][gc,task       ] GC(33) Using 4 workers of 4 for evacuation
[2023-11-14T20:38:14.117+0000][56.578s][info ][gc,phases     ] GC(33)   Pre Evacuate Collection Set: 0.0ms
[2023-11-14T20:38:14.117+0000][56.578s][info ][gc,phases     ] GC(33)   Evacuate Collection Set: 45.1ms
[2023-11-14T20:38:14.117+0000][56.578s][info ][gc,phases     ] GC(33)   Post Evacuate Collection Set: 4.3ms
[2023-11-14T20:38:14.117+0000][56.578s][info ][gc,phases     ] GC(33)   Other: 0.5ms
[2023-11-14T20:38:14.117+0000][56.578s][info ][gc,heap       ] GC(33) Eden regions: 308->0(305)
[2023-11-14T20:38:14.117+0000][56.578s][info ][gc,heap       ] GC(33) Survivor regions: 24->27(42)
[2023-11-14T20:38:14.117+0000][56.578s][info ][gc,heap       ] GC(33) Old regions: 61->66
[2023-11-14T20:38:14.117+0000][56.578s][info ][gc,heap       ] GC(33) Humongous regions: 0->0
[2023-11-14T20:38:14.117+0000][56.578s][info ][gc,metaspace  ] GC(33) Metaspace: 113752K(117076K)->113752K(117076K) NonClass: 100093K(102152K)->100093K(102152K) Class: 13658K(14924K)->13658K(14924K)
[2023-11-14T20:38:14.117+0000][56.578s][info ][gc            ] GC(33) Pause Young (Normal) (G1 Evacuation Pause) 390M->91M(554M) 50.056ms
[2023-11-14T20:38:14.117+0000][56.578s][info ][gc,cpu        ] GC(33) User=0.16s Sys=0.00s Real=0.05s
[2023-11-14T20:38:14.117+0000][56.578s][info ][safepoint     ] Leaving safepoint region
[2023-11-14T20:38:14.117+0000][56.578s][info ][safepoint     ] Total time for which application threads were stopped: 0.0503895 seconds, Stopping threads took: 0.0000171 seconds
[2023-11-14T20:38:14.120+0000][56.581s][info ][gc,stringdedup] Concurrent String Deduplication (56.581s)
[2023-11-14T20:38:14.121+0000][56.583s][info ][gc,stringdedup] Concurrent String Deduplication 298.6K->92840.0B(207.9K) avg 49.3% (56.581s, 56.583s) 1.854ms
[2023-11-14T20:38:15.117+0000][57.578s][debug][safepoint     ] Safepoint synchronization initiated. (45 threads)
[2023-11-14T20:38:18.108+0000][60.569s][info ][safepoint     ] Application time: 3.9907089 seconds
[2023-11-14T20:38:18.108+0000][60.569s][info ][safepoint     ] Entering safepoint region: Cleanup
[2023-11-14T20:38:18.108+0000][60.569s][info ][safepoint     ] Leaving safepoint region
[2023-11-14T20:38:18.108+0000][60.569s][info ][safepoint     ] Total time for which application threads were stopped: 0.0002099 seconds, Stopping threads took: 0.0000174 seconds
[2023-11-14T20:38:19.108+0000][61.569s][debug][safepoint     ] Safepoint synchronization initiated. (44 threads)
[2023-11-14T20:38:19.647+0000][62.108s][info ][safepoint     ] Application time: 1.5391853 seconds
[2023-11-14T20:38:19.647+0000][62.108s][info ][safepoint     ] Entering safepoint region: Cleanup
[2023-11-14T20:38:19.647+0000][62.109s][info ][safepoint     ] Leaving safepoint region
[2023-11-14T20:38:19.647+0000][62.109s][info ][safepoint     ] Total time for which application threads were stopped: 0.0002506 seconds, Stopping threads took: 0.0000173 seconds
[2023-11-14T20:38:19.702+0000][62.163s][debug][safepoint     ] Safepoint synchronization initiated. (44 threads)
[2023-11-14T20:38:19.702+0000][62.163s][info ][safepoint     ] Application time: 0.0542558 seconds
[2023-11-14T20:38:19.702+0000][62.163s][info ][safepoint     ] Entering safepoint region: Deoptimize
[2023-11-14T20:38:19.703+0000][62.164s][info ][safepoint     ] Leaving safepoint region
[2023-11-14T20:38:19.703+0000][62.164s][info ][safepoint     ] Total time for which application threads were stopped: 0.0010463 seconds, Stopping threads took: 0.0000134 seconds
[2023-11-14T20:38:19.733+0000][62.195s][debug][safepoint     ] Safepoint synchronization initiated. (44 threads)
[2023-11-14T20:38:19.733+0000][62.195s][info ][safepoint     ] Application time: 0.0307042 seconds
[2023-11-14T20:38:19.733+0000][62.195s][info ][safepoint     ] Entering safepoint region: G1CollectForAllocation
[2023-11-14T20:38:19.734+0000][62.195s][info ][gc,start      ] GC(34) Pause Young (Normal) (G1 Evacuation Pause)
[2023-11-14T20:38:19.734+0000][62.195s][info ][gc,task       ] GC(34) Using 4 workers of 4 for evacuation
[2023-11-14T20:38:19.763+0000][62.224s][info ][gc,phases     ] GC(34)   Pre Evacuate Collection Set: 0.0ms
[2023-11-14T20:38:21.693+0000][64.154s][info ][gc,phases     ] GC(34)   Evacuate Collection Set: 26.2ms
[2023-11-14T20:38:21.693+0000][64.154s][info ][gc,phases     ] GC(34)   Post Evacuate Collection Set: 3.0ms
[2023-11-14T20:38:21.693+0000][64.154s][info ][gc,phases     ] GC(34)   Other: 0.2ms
[2023-11-14T20:38:21.693+0000][64.154s][info ][gc,heap       ] GC(34) Eden regions: 305->0(304)
[2023-11-14T20:38:21.693+0000][64.154s][info ][gc,heap       ] GC(34) Survivor regions: 27->28(42)
[2023-11-14T20:38:21.693+0000][64.154s][info ][gc,heap       ] GC(34) Old regions: 66->73
[2023-11-14T20:38:21.693+0000][64.154s][info ][gc,heap       ] GC(34) Humongous regions: 0->0
[2023-11-14T20:38:21.693+0000][64.154s][info ][gc,metaspace  ] GC(34) Metaspace: 121102K(124628K)->121102K(124628K) NonClass: 106879K(109064K)->106879K(109064K) Class: 14223K(15564K)->14223K(15564K)
[2023-11-14T20:38:21.693+0000][64.154s][info ][gc            ] GC(34) Pause Young (Normal) (G1 Evacuation Pause) 396M->98M(554M) 1959.220ms
[2023-11-14T20:38:21.693+0000][64.154s][info ][gc,cpu        ] GC(34) User=0.11s Sys=0.00s Real=1.96s
[2023-11-14T20:38:21.693+0000][64.154s][info ][safepoint     ] Leaving safepoint region
[2023-11-14T20:38:21.693+0000][64.154s][info ][safepoint     ] Total time for which application threads were stopped: 1.9593771 seconds, Stopping threads took: 0.0000149 seconds
[2023-11-14T20:38:21.696+0000][64.157s][info ][gc,stringdedup] Concurrent String Deduplication (64.157s)
[2023-11-14T20:38:21.702+0000][64.164s][info ][gc,stringdedup] Concurrent String Deduplication 918.4K->483.5K(435.0K) avg 49.2% (64.157s, 64.164s) 6.702ms
[2023-11-14T20:38:21.860+0000][64.321s][debug][safepoint     ] Safepoint synchronization initiated. (44 threads)
[2023-11-14T20:38:21.860+0000][64.321s][info ][safepoint     ] Application time: 0.1667225 seconds
[2023-11-14T20:38:21.860+0000][64.321s][info ][safepoint     ] Entering safepoint region: Deoptimize
[2023-11-14T20:38:21.861+0000][64.322s][info ][safepoint     ] Leaving safepoint region
[2023-11-14T20:38:21.861+0000][64.322s][info ][safepoint     ] Total time for which application threads were stopped: 0.0013494 seconds, Stopping threads took: 0.0000126 seconds
[2023-11-14T20:38:22.861+0000][65.322s][debug][safepoint     ] Safepoint synchronization initiated. (45 threads)
[2023-11-14T20:38:23.244+0000][65.706s][info ][safepoint     ] Application time: 1.3835440 seconds
[2023-11-14T20:38:23.245+0000][65.706s][debug][safepoint     ] ... found polling page return exception at pc = 0x00007f38a867cc1b, stub =0x00007f38a083a800
[2023-11-14T20:38:23.245+0000][65.706s][debug][safepoint     ] Waiting for 1 thread(s) to block
[2023-11-14T20:38:23.245+0000][65.706s][info ][safepoint     ] Entering safepoint region: Cleanup
[2023-11-14T20:38:23.245+0000][65.706s][info ][safepoint     ] Leaving safepoint region
[2023-11-14T20:38:23.245+0000][65.706s][info ][safepoint     ] Total time for which application threads were stopped: 0.0004167 seconds, Stopping threads took: 0.0003078 seconds
