[2023-11-14T20:33:56.678+0000][0.008s][info][gc,heap] Heap region size: 1M
[2023-11-14T20:33:56.681+0000][0.011s][info][gc     ] Using G1
[2023-11-14T20:33:56.681+0000][0.011s][info][gc,heap,coops] Heap address: 0x0000000708000000, size: 3968 MB, Compressed Oops mode: Zero based, Oop shift amount: 3
[2023-11-14T20:33:56.682+0000][0.012s][info][gc,cds       ] Mark closed archive regions in map: [0x00000007bfc00000, 0x00000007bfc6bff8]
[2023-11-14T20:33:56.682+0000][0.012s][info][gc,cds       ] Mark open archive regions in map: [0x00000007bf800000, 0x00000007bf847ff8]
[2023-11-14T20:33:56.835+0000][0.165s][debug][safepoint    ] Safepoint synchronization initiated. (9 threads)
[2023-11-14T20:33:56.836+0000][0.165s][info ][safepoint    ] Application time: 0.0856439 seconds
[2023-11-14T20:33:56.836+0000][0.165s][info ][safepoint    ] Entering safepoint region: Deoptimize
[2023-11-14T20:33:56.840+0000][0.170s][info ][safepoint    ] Leaving safepoint region
[2023-11-14T20:33:56.840+0000][0.170s][info ][safepoint    ] Total time for which application threads were stopped: 0.0040520 seconds, Stopping threads took: 0.0000088 seconds
[2023-11-14T20:33:57.537+0000][0.867s][debug][safepoint    ] Safepoint synchronization initiated. (10 threads)
[2023-11-14T20:33:57.537+0000][0.867s][info ][safepoint    ] Application time: 0.6978963 seconds
[2023-11-14T20:33:57.538+0000][0.867s][info ][safepoint    ] Entering safepoint region: G1CollectForAllocation
[2023-11-14T20:33:57.540+0000][0.870s][info ][gc,start     ] GC(0) Pause Young (Normal) (G1 Evacuation Pause)
[2023-11-14T20:33:57.545+0000][0.875s][info ][gc,task      ] GC(0) Using 4 workers of 4 for evacuation
[2023-11-14T20:33:57.579+0000][0.909s][info ][gc,phases    ] GC(0)   Pre Evacuate Collection Set: 0.0ms
[2023-11-14T20:33:57.579+0000][0.909s][info ][gc,phases    ] GC(0)   Evacuate Collection Set: 31.0ms
[2023-11-14T20:33:57.579+0000][0.909s][info ][gc,phases    ] GC(0)   Post Evacuate Collection Set: 2.6ms
[2023-11-14T20:33:57.579+0000][0.909s][info ][gc,phases    ] GC(0)   Other: 5.8ms
[2023-11-14T20:33:57.579+0000][0.909s][info ][gc,heap      ] GC(0) Eden regions: 38->0(143)
[2023-11-14T20:33:57.579+0000][0.909s][info ][gc,heap      ] GC(0) Survivor regions: 0->5(5)
[2023-11-14T20:33:57.579+0000][0.909s][info ][gc,heap      ] GC(0) Old regions: 2->5
[2023-11-14T20:33:57.579+0000][0.909s][info ][gc,heap      ] GC(0) Humongous regions: 2->0
[2023-11-14T20:33:57.579+0000][0.909s][info ][gc,metaspace ] GC(0) Metaspace: 1872K(5120K)->1872K(5120K) NonClass: 1719K(4608K)->1719K(4608K) Class: 153K(512K)->153K(512K)
[2023-11-14T20:33:57.579+0000][0.909s][info ][gc           ] GC(0) Pause Young (Normal) (G1 Evacuation Pause) 40M->8M(250M) 39.479ms
[2023-11-14T20:33:57.579+0000][0.909s][info ][gc,cpu       ] GC(0) User=0.04s Sys=0.00s Real=0.03s
[2023-11-14T20:33:57.579+0000][0.909s][info ][safepoint    ] Leaving safepoint region
[2023-11-14T20:33:57.579+0000][0.909s][info ][safepoint    ] Total time for which application threads were stopped: 0.0416207 seconds, Stopping threads took: 0.0019853 seconds
[2023-11-14T20:33:57.579+0000][0.909s][info ][gc,stringdedup] Concurrent String Deduplication (0.909s)
[2023-11-14T20:33:57.581+0000][0.911s][info ][gc,stringdedup] Concurrent String Deduplication 451.0K->396.3K(55936.0B) avg 7.5% (0.909s, 0.911s) 1.561ms
[2023-11-14T20:33:58.069+0000][1.399s][debug][safepoint     ] Safepoint synchronization initiated. (10 threads)
[2023-11-14T20:33:58.069+0000][1.399s][info ][safepoint     ] Application time: 0.4896493 seconds
[2023-11-14T20:33:58.069+0000][1.399s][debug][safepoint     ] Waiting for 1 thread(s) to block
[2023-11-14T20:33:58.069+0000][1.399s][info ][safepoint     ] Entering safepoint region: G1CollectForAllocation
[2023-11-14T20:33:58.069+0000][1.399s][info ][gc,start      ] GC(1) Pause Young (Normal) (G1 Evacuation Pause)
[2023-11-14T20:33:58.069+0000][1.399s][info ][gc,task       ] GC(1) Using 4 workers of 4 for evacuation
[2023-11-14T20:33:58.092+0000][1.422s][info ][gc,phases     ] GC(1)   Pre Evacuate Collection Set: 0.0ms
[2023-11-14T20:33:58.092+0000][1.422s][info ][gc,phases     ] GC(1)   Evacuate Collection Set: 22.5ms
[2023-11-14T20:33:58.092+0000][1.422s][info ][gc,phases     ] GC(1)   Post Evacuate Collection Set: 0.8ms
[2023-11-14T20:33:58.092+0000][1.422s][info ][gc,phases     ] GC(1)   Other: 0.1ms
[2023-11-14T20:33:58.092+0000][1.422s][info ][gc,heap       ] GC(1) Eden regions: 35->0(84)
[2023-11-14T20:33:58.092+0000][1.422s][info ][gc,heap       ] GC(1) Survivor regions: 5->1(5)
[2023-11-14T20:33:58.092+0000][1.422s][info ][gc,heap       ] GC(1) Old regions: 5->10
[2023-11-14T20:33:58.092+0000][1.422s][info ][gc,heap       ] GC(1) Humongous regions: 0->0
[2023-11-14T20:33:58.092+0000][1.422s][info ][gc,metaspace  ] GC(1) Metaspace: 3004K(6016K)->3004K(6016K) NonClass: 2732K(5376K)->2732K(5376K) Class: 272K(640K)->272K(640K)
[2023-11-14T20:33:58.092+0000][1.422s][info ][gc            ] GC(1) Pause Young (Normal) (G1 Evacuation Pause) 43M->9M(250M) 23.554ms
[2023-11-14T20:33:58.092+0000][1.422s][info ][gc,cpu        ] GC(1) User=0.05s Sys=0.00s Real=0.02s
[2023-11-14T20:33:58.093+0000][1.422s][info ][safepoint     ] Leaving safepoint region
[2023-11-14T20:33:58.093+0000][1.422s][info ][safepoint     ] Total time for which application threads were stopped: 0.0237276 seconds, Stopping threads took: 0.0000269 seconds
[2023-11-14T20:33:58.093+0000][1.422s][info ][gc,stringdedup] Concurrent String Deduplication (1.422s)
[2023-11-14T20:33:58.099+0000][1.429s][info ][gc,stringdedup] Concurrent String Deduplication 1519.6K->1462.5K(58464.0B) avg 5.0% (1.422s, 1.429s) 6.234ms
[2023-11-14T20:33:58.169+0000][1.499s][debug][safepoint     ] Safepoint synchronization initiated. (10 threads)
[2023-11-14T20:33:58.169+0000][1.499s][info ][safepoint     ] Application time: 0.0763162 seconds
[2023-11-14T20:33:58.169+0000][1.499s][debug][safepoint     ] Waiting for 1 thread(s) to block
[2023-11-14T20:33:58.169+0000][1.499s][info ][safepoint     ] Entering safepoint region: Deoptimize
[2023-11-14T20:33:58.169+0000][1.499s][info ][safepoint     ] Leaving safepoint region
[2023-11-14T20:33:58.169+0000][1.499s][info ][safepoint     ] Total time for which application threads were stopped: 0.0001657 seconds, Stopping threads took: 0.0000259 seconds
[2023-11-14T20:33:58.200+0000][1.530s][debug][safepoint     ] Safepoint synchronization initiated. (10 threads)
[2023-11-14T20:33:58.200+0000][1.530s][info ][safepoint     ] Application time: 0.0312746 seconds
[2023-11-14T20:33:58.200+0000][1.530s][debug][safepoint     ] Waiting for 1 thread(s) to block
[2023-11-14T20:33:58.200+0000][1.530s][info ][safepoint     ] Entering safepoint region: Deoptimize
[2023-11-14T20:33:58.200+0000][1.530s][info ][safepoint     ] Leaving safepoint region
[2023-11-14T20:33:58.200+0000][1.530s][info ][safepoint     ] Total time for which application threads were stopped: 0.0001635 seconds, Stopping threads took: 0.0000275 seconds
[2023-11-14T20:33:58.343+0000][1.673s][debug][safepoint     ] Safepoint synchronization initiated. (10 threads)
[2023-11-14T20:33:58.343+0000][1.673s][info ][safepoint     ] Application time: 0.1422167 seconds
[2023-11-14T20:33:58.343+0000][1.673s][debug][safepoint     ] Waiting for 1 thread(s) to block
[2023-11-14T20:33:58.343+0000][1.673s][info ][safepoint     ] Entering safepoint region: Deoptimize
[2023-11-14T20:33:58.343+0000][1.673s][info ][safepoint     ] Leaving safepoint region
[2023-11-14T20:33:58.343+0000][1.673s][info ][safepoint     ] Total time for which application threads were stopped: 0.0001855 seconds, Stopping threads took: 0.0000286 seconds
[2023-11-14T20:33:58.352+0000][1.682s][debug][safepoint     ] Safepoint synchronization initiated. (10 threads)
[2023-11-14T20:33:58.352+0000][1.682s][info ][safepoint     ] Application time: 0.0092310 seconds
[2023-11-14T20:33:58.352+0000][1.682s][debug][safepoint     ] Waiting for 1 thread(s) to block
[2023-11-14T20:33:58.352+0000][1.682s][info ][safepoint     ] Entering safepoint region: Deoptimize
[2023-11-14T20:33:58.352+0000][1.682s][info ][safepoint     ] Leaving safepoint region
[2023-11-14T20:33:58.352+0000][1.682s][info ][safepoint     ] Total time for which application threads were stopped: 0.0001740 seconds, Stopping threads took: 0.0000273 seconds
[2023-11-14T20:33:59.029+0000][2.359s][debug][safepoint     ] Safepoint synchronization initiated. (11 threads)
[2023-11-14T20:33:59.029+0000][2.359s][info ][safepoint     ] Application time: 0.6765173 seconds
[2023-11-14T20:33:59.029+0000][2.359s][debug][safepoint     ] Waiting for 1 thread(s) to block
[2023-11-14T20:33:59.029+0000][2.359s][info ][safepoint     ] Entering safepoint region: G1CollectForAllocation
[2023-11-14T20:33:59.029+0000][2.359s][info ][gc,start      ] GC(2) Pause Young (Normal) (G1 Evacuation Pause)
[2023-11-14T20:33:59.029+0000][2.359s][info ][gc,task       ] GC(2) Using 4 workers of 4 for evacuation
[2023-11-14T20:33:59.060+0000][2.390s][info ][gc,phases     ] GC(2)   Pre Evacuate Collection Set: 0.0ms
[2023-11-14T20:33:59.060+0000][2.390s][info ][gc,phases     ] GC(2)   Evacuate Collection Set: 29.5ms
[2023-11-14T20:33:59.060+0000][2.390s][info ][gc,phases     ] GC(2)   Post Evacuate Collection Set: 1.6ms
[2023-11-14T20:33:59.060+0000][2.390s][info ][gc,phases     ] GC(2)   Other: 0.1ms
[2023-11-14T20:33:59.060+0000][2.390s][info ][gc,heap       ] GC(2) Eden regions: 84->0(117)
[2023-11-14T20:33:59.060+0000][2.390s][info ][gc,heap       ] GC(2) Survivor regions: 1->3(11)
[2023-11-14T20:33:59.060+0000][2.390s][info ][gc,heap       ] GC(2) Old regions: 10->10
[2023-11-14T20:33:59.060+0000][2.390s][info ][gc,heap       ] GC(2) Humongous regions: 0->0
[2023-11-14T20:33:59.060+0000][2.390s][info ][gc,metaspace  ] GC(2) Metaspace: 6069K(8192K)->6069K(8192K) NonClass: 5384K(7168K)->5384K(7168K) Class: 685K(1024K)->685K(1024K)
[2023-11-14T20:33:59.060+0000][2.390s][info ][gc            ] GC(2) Pause Young (Normal) (G1 Evacuation Pause) 93M->10M(250M) 31.409ms
[2023-11-14T20:33:59.060+0000][2.390s][info ][gc,cpu        ] GC(2) User=0.03s Sys=0.00s Real=0.03s
[2023-11-14T20:33:59.060+0000][2.390s][info ][safepoint     ] Leaving safepoint region
[2023-11-14T20:33:59.060+0000][2.390s][info ][safepoint     ] Total time for which application threads were stopped: 0.0316483 seconds, Stopping threads took: 0.0000269 seconds
[2023-11-14T20:33:59.979+0000][3.309s][debug][safepoint     ] Safepoint synchronization initiated. (11 threads)
[2023-11-14T20:33:59.979+0000][3.309s][info ][safepoint     ] Application time: 0.9188430 seconds
[2023-11-14T20:33:59.979+0000][3.309s][debug][safepoint     ] Waiting for 1 thread(s) to block
[2023-11-14T20:33:59.979+0000][3.309s][info ][safepoint     ] Entering safepoint region: G1CollectForAllocation
[2023-11-14T20:33:59.980+0000][3.309s][info ][gc,start      ] GC(3) Pause Young (Normal) (G1 Evacuation Pause)
[2023-11-14T20:33:59.980+0000][3.309s][info ][gc,task       ] GC(3) Using 4 workers of 4 for evacuation
[2023-11-14T20:33:59.991+0000][3.321s][info ][gc,phases     ] GC(3)   Pre Evacuate Collection Set: 0.0ms
[2023-11-14T20:33:59.991+0000][3.321s][info ][gc,phases     ] GC(3)   Evacuate Collection Set: 10.2ms
[2023-11-14T20:33:59.991+0000][3.321s][info ][gc,phases     ] GC(3)   Post Evacuate Collection Set: 1.3ms
[2023-11-14T20:33:59.991+0000][3.321s][info ][gc,phases     ] GC(3)   Other: 0.1ms
[2023-11-14T20:33:59.991+0000][3.321s][info ][gc,heap       ] GC(3) Eden regions: 117->0(144)
[2023-11-14T20:33:59.991+0000][3.321s][info ][gc,heap       ] GC(3) Survivor regions: 3->4(15)
[2023-11-14T20:33:59.991+0000][3.321s][info ][gc,heap       ] GC(3) Old regions: 10->10
[2023-11-14T20:33:59.991+0000][3.321s][info ][gc,heap       ] GC(3) Humongous regions: 0->0
[2023-11-14T20:33:59.991+0000][3.321s][info ][gc,metaspace  ] GC(3) Metaspace: 10711K(12032K)->10711K(12032K) NonClass: 9386K(10496K)->9386K(10496K) Class: 1324K(1536K)->1324K(1536K)
[2023-11-14T20:33:59.991+0000][3.321s][info ][gc            ] GC(3) Pause Young (Normal) (G1 Evacuation Pause) 127M->11M(250M) 11.793ms
[2023-11-14T20:33:59.991+0000][3.321s][info ][gc,cpu        ] GC(3) User=0.02s Sys=0.00s Real=0.01s
[2023-11-14T20:33:59.991+0000][3.321s][info ][safepoint     ] Leaving safepoint region
[2023-11-14T20:33:59.991+0000][3.321s][info ][safepoint     ] Total time for which application threads were stopped: 0.0119976 seconds, Stopping threads took: 0.0000268 seconds
[2023-11-14T20:33:59.991+0000][3.321s][info ][gc,stringdedup] Concurrent String Deduplication (3.321s)
[2023-11-14T20:33:59.992+0000][3.322s][info ][gc,stringdedup] Concurrent String Deduplication 226.9K->155.2K(73392.0B) avg 7.4% (3.321s, 3.322s) 0.874ms
[2023-11-14T20:34:00.191+0000][3.521s][debug][safepoint     ] Safepoint synchronization initiated. (11 threads)
[2023-11-14T20:34:00.229+0000][3.559s][info ][safepoint     ] Application time: 0.2376040 seconds
[2023-11-14T20:34:00.229+0000][3.559s][info ][safepoint     ] Entering safepoint region: Deoptimize
[2023-11-14T20:34:00.232+0000][3.562s][info ][safepoint     ] Leaving safepoint region
[2023-11-14T20:34:00.232+0000][3.562s][info ][safepoint     ] Total time for which application threads were stopped: 0.0029037 seconds, Stopping threads took: 0.0000384 seconds
[2023-11-14T20:34:00.695+0000][4.025s][debug][safepoint     ] Safepoint synchronization initiated. (11 threads)
[2023-11-14T20:34:00.696+0000][4.025s][info ][safepoint     ] Application time: 0.4636039 seconds
[2023-11-14T20:34:00.696+0000][4.025s][debug][safepoint     ] Waiting for 1 thread(s) to block
[2023-11-14T20:34:00.696+0000][4.025s][info ][safepoint     ] Entering safepoint region: ICBufferFull
[2023-11-14T20:34:00.696+0000][4.026s][info ][safepoint     ] Leaving safepoint region
[2023-11-14T20:34:00.696+0000][4.026s][info ][safepoint     ] Total time for which application threads were stopped: 0.0001838 seconds, Stopping threads took: 0.0000383 seconds
[2023-11-14T20:34:01.216+0000][4.546s][debug][safepoint     ] Safepoint synchronization initiated. (12 threads)
[2023-11-14T20:34:01.216+0000][4.546s][info ][safepoint     ] Application time: 0.5206696 seconds
[2023-11-14T20:34:01.216+0000][4.546s][debug][safepoint     ] Waiting for 2 thread(s) to block
[2023-11-14T20:34:01.224+0000][4.553s][info ][safepoint     ] Entering safepoint region: G1CollectForAllocation
[2023-11-14T20:34:01.224+0000][4.554s][info ][gc,start      ] GC(4) Pause Young (Normal) (G1 Evacuation Pause)
[2023-11-14T20:34:01.224+0000][4.554s][info ][gc,task       ] GC(4) Using 4 workers of 4 for evacuation
[2023-11-14T20:34:01.243+0000][4.573s][info ][gc,phases     ] GC(4)   Pre Evacuate Collection Set: 0.0ms
[2023-11-14T20:34:01.243+0000][4.573s][info ][gc,phases     ] GC(4)   Evacuate Collection Set: 15.4ms
[2023-11-14T20:34:01.243+0000][4.573s][info ][gc,phases     ] GC(4)   Post Evacuate Collection Set: 3.6ms
[2023-11-14T20:34:01.243+0000][4.573s][info ][gc,phases     ] GC(4)   Other: 0.1ms
[2023-11-14T20:34:01.243+0000][4.573s][info ][gc,heap       ] GC(4) Eden regions: 144->0(219)
[2023-11-14T20:34:01.243+0000][4.573s][info ][gc,heap       ] GC(4) Survivor regions: 4->6(19)
[2023-11-14T20:34:01.243+0000][4.573s][info ][gc,heap       ] GC(4) Old regions: 10->10
[2023-11-14T20:34:01.243+0000][4.573s][info ][gc,heap       ] GC(4) Humongous regions: 0->0
[2023-11-14T20:34:01.243+0000][4.573s][info ][gc,metaspace  ] GC(4) Metaspace: 15278K(16000K)->15278K(16000K) NonClass: 13351K(13824K)->13351K(13824K) Class: 1926K(2176K)->1926K(2176K)
[2023-11-14T20:34:01.243+0000][4.573s][info ][gc            ] GC(4) Pause Young (Normal) (G1 Evacuation Pause) 155M->14M(376M) 19.242ms
[2023-11-14T20:34:01.243+0000][4.573s][info ][gc,cpu        ] GC(4) User=0.03s Sys=0.01s Real=0.02s
[2023-11-14T20:34:01.243+0000][4.573s][info ][safepoint     ] Leaving safepoint region
[2023-11-14T20:34:01.243+0000][4.573s][info ][safepoint     ] Total time for which application threads were stopped: 0.0265955 seconds, Stopping threads took: 0.0071733 seconds
[2023-11-14T20:34:01.243+0000][4.573s][info ][gc,stringdedup] Concurrent String Deduplication (4.573s)
[2023-11-14T20:34:01.244+0000][4.574s][info ][gc,stringdedup] Concurrent String Deduplication 114.6K->32088.0B(85216.0B) avg 10.3% (4.573s, 4.574s) 1.116ms
[2023-11-14T20:34:01.741+0000][5.071s][debug][safepoint     ] Safepoint synchronization initiated. (12 threads)
[2023-11-14T20:34:01.741+0000][5.071s][info ][safepoint     ] Application time: 0.4979993 seconds
[2023-11-14T20:34:01.744+0000][5.074s][debug][safepoint     ] ... found polling page return exception at pc = 0x00007f9e383b5e08, stub =0x00007f9e3083a800
[2023-11-14T20:34:01.745+0000][5.075s][debug][safepoint     ] Waiting for 2 thread(s) to block
[2023-11-14T20:34:01.747+0000][5.077s][info ][safepoint     ] Entering safepoint region: Deoptimize
[2023-11-14T20:34:01.747+0000][5.077s][info ][safepoint     ] Leaving safepoint region
[2023-11-14T20:34:01.747+0000][5.077s][info ][safepoint     ] Total time for which application threads were stopped: 0.0062839 seconds, Stopping threads took: 0.0059751 seconds
[2023-11-14T20:34:01.971+0000][5.301s][debug][safepoint     ] Safepoint synchronization initiated. (12 threads)
[2023-11-14T20:34:01.988+0000][5.318s][info ][safepoint     ] Application time: 0.2403018 seconds
[2023-11-14T20:34:01.992+0000][5.322s][debug][safepoint     ] ... found polling page return exception at pc = 0x00007f9e383fe694, stub =0x00007f9e3083a800
[2023-11-14T20:34:01.992+0000][5.322s][debug][safepoint     ] Waiting for 1 thread(s) to block
[2023-11-14T20:34:01.992+0000][5.322s][info ][safepoint     ] Entering safepoint region: Deoptimize
[2023-11-14T20:34:01.992+0000][5.322s][info ][safepoint     ] Leaving safepoint region
[2023-11-14T20:34:01.992+0000][5.322s][info ][safepoint     ] Total time for which application threads were stopped: 0.0048505 seconds, Stopping threads took: 0.0045447 seconds
[2023-11-14T20:34:02.671+0000][6.001s][debug][safepoint     ] Safepoint synchronization initiated. (12 threads)
[2023-11-14T20:34:02.682+0000][6.012s][info ][safepoint     ] Application time: 0.6896897 seconds
[2023-11-14T20:34:02.682+0000][6.012s][info ][safepoint     ] Entering safepoint region: CollectForMetadataAllocation
[2023-11-14T20:34:02.682+0000][6.012s][info ][gc,start      ] GC(5) Pause Young (Concurrent Start) (Metadata GC Threshold)
[2023-11-14T20:34:02.682+0000][6.012s][info ][gc,task       ] GC(5) Using 4 workers of 4 for evacuation
[2023-11-14T20:34:02.713+0000][6.043s][info ][gc,phases     ] GC(5)   Pre Evacuate Collection Set: 0.1ms
[2023-11-14T20:34:02.713+0000][6.043s][info ][gc,phases     ] GC(5)   Evacuate Collection Set: 29.4ms
[2023-11-14T20:34:02.713+0000][6.043s][info ][gc,phases     ] GC(5)   Post Evacuate Collection Set: 1.3ms
[2023-11-14T20:34:02.713+0000][6.043s][info ][gc,phases     ] GC(5)   Other: 0.2ms
[2023-11-14T20:34:02.713+0000][6.043s][info ][gc,heap       ] GC(5) Eden regions: 170->0(211)
[2023-11-14T20:34:02.713+0000][6.043s][info ][gc,heap       ] GC(5) Survivor regions: 6->9(29)
[2023-11-14T20:34:02.713+0000][6.043s][info ][gc,heap       ] GC(5) Old regions: 10->10
[2023-11-14T20:34:02.713+0000][6.043s][info ][gc,heap       ] GC(5) Humongous regions: 0->0
[2023-11-14T20:34:02.713+0000][6.043s][info ][gc,metaspace  ] GC(5) Metaspace: 20443K(21296K)->20443K(21296K) NonClass: 17871K(18352K)->17871K(18352K) Class: 2572K(2944K)->2572K(2944K)
[2023-11-14T20:34:02.713+0000][6.043s][info ][gc            ] GC(5) Pause Young (Concurrent Start) (Metadata GC Threshold) 184M->16M(376M) 31.091ms
[2023-11-14T20:34:02.713+0000][6.043s][info ][gc,cpu        ] GC(5) User=0.08s Sys=0.00s Real=0.03s
[2023-11-14T20:34:02.714+0000][6.044s][info ][safepoint     ] Leaving safepoint region
[2023-11-14T20:34:02.714+0000][6.044s][info ][safepoint     ] Total time for which application threads were stopped: 0.0313725 seconds, Stopping threads took: 0.0000114 seconds
[2023-11-14T20:34:02.714+0000][6.044s][info ][gc            ] GC(6) Concurrent Cycle
[2023-11-14T20:34:02.714+0000][6.044s][info ][gc,marking    ] GC(6) Concurrent Clear Claimed Marks
[2023-11-14T20:34:02.714+0000][6.044s][info ][gc,marking    ] GC(6) Concurrent Clear Claimed Marks 0.043ms
[2023-11-14T20:34:02.714+0000][6.044s][info ][gc,marking    ] GC(6) Concurrent Scan Root Regions
[2023-11-14T20:34:02.734+0000][6.063s][info ][gc,stringdedup] Concurrent String Deduplication (6.063s)
[2023-11-14T20:34:02.734+0000][6.064s][info ][gc,stringdedup] Concurrent String Deduplication 138.4K->49136.0B(92576.0B) avg 13.1% (6.063s, 6.064s) 0.948ms
[2023-11-14T20:34:02.750+0000][6.080s][info ][gc,marking    ] GC(6) Concurrent Scan Root Regions 36.452ms
[2023-11-14T20:34:02.750+0000][6.080s][info ][gc,marking    ] GC(6) Concurrent Mark (6.080s)
[2023-11-14T20:34:02.750+0000][6.080s][info ][gc,marking    ] GC(6) Concurrent Mark From Roots
[2023-11-14T20:34:02.750+0000][6.080s][info ][gc,task       ] GC(6) Using 1 workers of 1 for marking
[2023-11-14T20:34:02.751+0000][6.081s][debug][safepoint     ] Safepoint synchronization initiated. (12 threads)
[2023-11-14T20:34:02.751+0000][6.081s][info ][safepoint     ] Application time: 0.0376694 seconds
[2023-11-14T20:34:02.751+0000][6.081s][debug][safepoint     ] Waiting for 1 thread(s) to block
[2023-11-14T20:34:02.754+0000][6.084s][info ][safepoint     ] Entering safepoint region: CollectForMetadataAllocation
[2023-11-14T20:34:02.754+0000][6.084s][info ][safepoint     ] Leaving safepoint region
[2023-11-14T20:34:02.754+0000][6.084s][info ][safepoint     ] Total time for which application threads were stopped: 0.0026222 seconds, Stopping threads took: 0.0025324 seconds
[2023-11-14T20:34:02.762+0000][6.092s][debug][safepoint     ] Safepoint synchronization initiated. (12 threads)
[2023-11-14T20:34:02.762+0000][6.092s][info ][safepoint     ] Application time: 0.0080029 seconds
[2023-11-14T20:34:02.762+0000][6.092s][debug][safepoint     ] Waiting for 1 thread(s) to block
[2023-11-14T20:34:02.762+0000][6.092s][info ][safepoint     ] Entering safepoint region: CollectForMetadataAllocation
[2023-11-14T20:34:02.762+0000][6.092s][info ][safepoint     ] Leaving safepoint region
[2023-11-14T20:34:02.762+0000][6.092s][info ][safepoint     ] Total time for which application threads were stopped: 0.0001240 seconds, Stopping threads took: 0.0000660 seconds
[2023-11-14T20:34:02.813+0000][6.143s][info ][gc,marking    ] GC(6) Concurrent Mark From Roots 62.857ms
[2023-11-14T20:34:02.993+0000][6.323s][info ][gc,marking    ] GC(6) Concurrent Preclean
[2023-11-14T20:34:02.833+0000][6.163s][debug][safepoint     ] Safepoint synchronization initiated. (12 threads)
[2023-11-14T20:34:02.993+0000][6.323s][info ][safepoint     ] Application time: 0.2307201 seconds
[2023-11-14T20:34:02.993+0000][6.323s][info ][safepoint     ] Entering safepoint region: CollectForMetadataAllocation
[2023-11-14T20:34:02.993+0000][6.323s][info ][safepoint     ] Leaving safepoint region
[2023-11-14T20:34:02.993+0000][6.323s][info ][safepoint     ] Total time for which application threads were stopped: 0.0001220 seconds, Stopping threads took: 0.0000118 seconds
[2023-11-14T20:34:02.994+0000][6.324s][info ][gc,marking    ] GC(6) Concurrent Preclean 0.897ms
[2023-11-14T20:34:02.994+0000][6.324s][info ][gc,marking    ] GC(6) Concurrent Mark (6.080s, 6.324s) 243.469ms
[2023-11-14T20:34:02.994+0000][6.324s][debug][safepoint     ] Safepoint synchronization initiated. (12 threads)
[2023-11-14T20:34:02.994+0000][6.324s][info ][safepoint     ] Application time: 0.0007713 seconds
[2023-11-14T20:34:02.999+0000][6.329s][debug][safepoint     ] ... found polling page loop exception at pc = 0x00007f9e383b5edf, stub =0x00007f9e3083ab00
[2023-11-14T20:34:02.999+0000][6.329s][debug][safepoint     ] Waiting for 1 thread(s) to block
[2023-11-14T20:34:02.999+0000][6.329s][info ][safepoint     ] Entering safepoint region: CGC_Operation
[2023-11-14T20:34:02.999+0000][6.329s][info ][gc,start      ] GC(6) Pause Remark
[2023-11-14T20:34:03.011+0000][6.341s][info ][gc,stringtable] GC(6) Cleaned string and symbol table, strings: 7764 processed, 7 removed, symbols: 56362 processed, 109 removed
[2023-11-14T20:34:03.011+0000][6.341s][info ][gc            ] GC(6) Pause Remark 26M->26M(376M) 11.947ms
[2023-11-14T20:34:03.011+0000][6.341s][info ][gc,cpu        ] GC(6) User=0.01s Sys=0.00s Real=0.02s
[2023-11-14T20:34:03.011+0000][6.341s][info ][safepoint     ] Leaving safepoint region
[2023-11-14T20:34:03.011+0000][6.341s][info ][safepoint     ] Total time for which application threads were stopped: 0.0175428 seconds, Stopping threads took: 0.0054874 seconds
[2023-11-14T20:34:03.011+0000][6.341s][info ][gc,marking    ] GC(6) Concurrent Rebuild Remembered Sets
[2023-11-14T20:34:03.017+0000][6.347s][debug][safepoint     ] Safepoint synchronization initiated. (12 threads)
[2023-11-14T20:34:03.018+0000][6.347s][info ][safepoint     ] Application time: 0.0062949 seconds
[2023-11-14T20:34:03.018+0000][6.347s][info ][safepoint     ] Entering safepoint region: CollectForMetadataAllocation
[2023-11-14T20:34:03.018+0000][6.348s][info ][safepoint     ] Leaving safepoint region
[2023-11-14T20:34:03.018+0000][6.348s][info ][safepoint     ] Total time for which application threads were stopped: 0.0000716 seconds, Stopping threads took: 0.0000095 seconds
[2023-11-14T20:34:03.045+0000][6.375s][info ][gc,marking    ] GC(6) Concurrent Rebuild Remembered Sets 33.871ms
[2023-11-14T20:34:03.045+0000][6.375s][debug][safepoint     ] Safepoint synchronization initiated. (12 threads)
[2023-11-14T20:34:03.045+0000][6.375s][info ][safepoint     ] Application time: 0.0275731 seconds
[2023-11-14T20:34:03.047+0000][6.377s][debug][safepoint     ] ... found polling page loop exception at pc = 0x00007f9e3845e59e, stub =0x00007f9e3083ab00
[2023-11-14T20:34:03.048+0000][6.378s][debug][safepoint     ] Waiting for 2 thread(s) to block
[2023-11-14T20:34:03.048+0000][6.378s][info ][safepoint     ] Entering safepoint region: CGC_Operation
[2023-11-14T20:34:03.048+0000][6.378s][info ][gc,start      ] GC(6) Pause Cleanup
[2023-11-14T20:34:03.048+0000][6.378s][info ][gc            ] GC(6) Pause Cleanup 28M->28M(376M) 0.168ms
[2023-11-14T20:34:03.048+0000][6.378s][info ][gc,cpu        ] GC(6) User=0.00s Sys=0.00s Real=0.00s
[2023-11-14T20:34:03.048+0000][6.378s][info ][safepoint     ] Leaving safepoint region
[2023-11-14T20:34:03.048+0000][6.378s][info ][safepoint     ] Total time for which application threads were stopped: 0.0027371 seconds, Stopping threads took: 0.0024794 seconds
[2023-11-14T20:34:03.048+0000][6.378s][info ][gc,marking    ] GC(6) Concurrent Cleanup for Next Mark
[2023-11-14T20:34:03.052+0000][6.382s][info ][gc,marking    ] GC(6) Concurrent Cleanup for Next Mark 3.666ms
[2023-11-14T20:34:03.052+0000][6.382s][info ][gc            ] GC(6) Concurrent Cycle 338.042ms
[2023-11-14T20:34:03.385+0000][6.715s][debug][safepoint     ] Safepoint synchronization initiated. (12 threads)
[2023-11-14T20:34:03.438+0000][6.768s][info ][safepoint     ] Application time: 0.3901456 seconds
[2023-11-14T20:34:03.438+0000][6.768s][info ][safepoint     ] Entering safepoint region: Deoptimize
[2023-11-14T20:34:03.439+0000][6.768s][info ][safepoint     ] Leaving safepoint region
[2023-11-14T20:34:03.439+0000][6.768s][info ][safepoint     ] Total time for which application threads were stopped: 0.0004245 seconds, Stopping threads took: 0.0000130 seconds
[2023-11-14T20:34:04.056+0000][7.386s][debug][safepoint     ] Safepoint synchronization initiated. (11 threads)
[2023-11-14T20:34:04.081+0000][7.411s][info ][safepoint     ] Application time: 0.6425449 seconds
[2023-11-14T20:34:04.081+0000][7.411s][info ][safepoint     ] Entering safepoint region: ICBufferFull
[2023-11-14T20:34:04.081+0000][7.411s][info ][safepoint     ] Leaving safepoint region
[2023-11-14T20:34:04.081+0000][7.411s][info ][safepoint     ] Total time for which application threads were stopped: 0.0001724 seconds, Stopping threads took: 0.0000120 seconds
[2023-11-14T20:34:04.612+0000][7.942s][debug][safepoint     ] Safepoint synchronization initiated. (11 threads)
[2023-11-14T20:34:04.612+0000][7.942s][info ][safepoint     ] Application time: 0.5311130 seconds
[2023-11-14T20:34:04.612+0000][7.942s][debug][safepoint     ] Waiting for 1 thread(s) to block
[2023-11-14T20:34:04.612+0000][7.942s][info ][safepoint     ] Entering safepoint region: G1CollectForAllocation
[2023-11-14T20:34:04.613+0000][7.942s][info ][gc,start      ] GC(7) Pause Young (Concurrent Start) (G1 Evacuation Pause)
[2023-11-14T20:34:04.613+0000][7.942s][info ][gc,task       ] GC(7) Using 4 workers of 4 for evacuation
[2023-11-14T20:34:04.632+0000][7.962s][info ][gc,phases     ] GC(7)   Pre Evacuate Collection Set: 0.1ms
[2023-11-14T20:34:04.633+0000][7.962s][info ][gc,phases     ] GC(7)   Evacuate Collection Set: 17.6ms
[2023-11-14T20:34:04.633+0000][7.962s][info ][gc,phases     ] GC(7)   Post Evacuate Collection Set: 2.1ms
[2023-11-14T20:34:04.633+0000][7.962s][info ][gc,phases     ] GC(7)   Other: 0.2ms
[2023-11-14T20:34:04.633+0000][7.962s][info ][gc,heap       ] GC(7) Eden regions: 211->0(211)
[2023-11-14T20:34:04.633+0000][7.962s][info ][gc,heap       ] GC(7) Survivor regions: 9->14(28)
[2023-11-14T20:34:04.633+0000][7.963s][info ][gc,heap       ] GC(7) Old regions: 10->10
[2023-11-14T20:34:04.633+0000][7.963s][info ][gc,heap       ] GC(7) Humongous regions: 0->0
[2023-11-14T20:34:04.633+0000][7.963s][info ][gc,metaspace  ] GC(7) Metaspace: 24210K(25288K)->24210K(25288K) NonClass: 21141K(21832K)->21141K(21832K) Class: 3069K(3456K)->3069K(3456K)
[2023-11-14T20:34:04.633+0000][7.963s][info ][gc            ] GC(7) Pause Young (Concurrent Start) (G1 Evacuation Pause) 227M->21M(376M) 20.067ms
[2023-11-14T20:34:04.633+0000][7.963s][info ][gc,cpu        ] GC(7) User=0.05s Sys=0.00s Real=0.02s
[2023-11-14T20:34:04.633+0000][7.963s][info ][safepoint     ] Leaving safepoint region
[2023-11-14T20:34:04.633+0000][7.963s][info ][gc            ] GC(8) Concurrent Cycle
[2023-11-14T20:34:04.633+0000][7.963s][info ][gc,marking    ] GC(8) Concurrent Clear Claimed Marks
[2023-11-14T20:34:04.633+0000][7.963s][info ][safepoint     ] Total time for which application threads were stopped: 0.0202123 seconds, Stopping threads took: 0.0000269 seconds
[2023-11-14T20:34:04.633+0000][7.963s][info ][gc,marking    ] GC(8) Concurrent Clear Claimed Marks 0.050ms
[2023-11-14T20:34:04.633+0000][7.963s][info ][gc,marking    ] GC(8) Concurrent Scan Root Regions
[2023-11-14T20:34:04.633+0000][7.963s][info ][gc,stringdedup] Concurrent String Deduplication (7.963s)
[2023-11-14T20:34:04.634+0000][7.964s][info ][gc,stringdedup] Concurrent String Deduplication 196.4K->118.5K(79736.0B) avg 14.9% (7.963s, 7.964s) 1.494ms
[2023-11-14T20:34:04.642+0000][7.972s][info ][gc,marking    ] GC(8) Concurrent Scan Root Regions 9.013ms
[2023-11-14T20:34:04.642+0000][7.972s][info ][gc,marking    ] GC(8) Concurrent Mark (7.972s)
[2023-11-14T20:34:04.642+0000][7.972s][info ][gc,marking    ] GC(8) Concurrent Mark From Roots
[2023-11-14T20:34:04.642+0000][7.972s][info ][gc,task       ] GC(8) Using 1 workers of 1 for marking
[2023-11-14T20:34:04.653+0000][7.982s][info ][gc,marking    ] GC(8) Concurrent Mark From Roots 10.782ms
[2023-11-14T20:34:04.653+0000][7.983s][info ][gc,marking    ] GC(8) Concurrent Preclean
[2023-11-14T20:34:04.653+0000][7.983s][info ][gc,marking    ] GC(8) Concurrent Preclean 0.051ms
[2023-11-14T20:34:04.653+0000][7.983s][info ][gc,marking    ] GC(8) Concurrent Mark (7.972s, 7.983s) 10.886ms
[2023-11-14T20:34:04.653+0000][7.983s][debug][safepoint     ] Safepoint synchronization initiated. (11 threads)
[2023-11-14T20:34:04.653+0000][7.983s][info ][safepoint     ] Application time: 0.0200080 seconds
[2023-11-14T20:34:04.653+0000][7.983s][debug][safepoint     ] ... found polling page return exception at pc = 0x00007f9e3847201d, stub =0x00007f9e3083a800
[2023-11-14T20:34:04.653+0000][7.983s][debug][safepoint     ] Waiting for 1 thread(s) to block
[2023-11-14T20:34:04.653+0000][7.983s][info ][safepoint     ] Entering safepoint region: CGC_Operation
[2023-11-14T20:34:04.653+0000][7.983s][info ][gc,start      ] GC(8) Pause Remark
[2023-11-14T20:34:04.656+0000][7.986s][info ][gc,stringtable] GC(8) Cleaned string and symbol table, strings: 8986 processed, 0 removed, symbols: 62454 processed, 7 removed
[2023-11-14T20:34:04.656+0000][7.986s][info ][gc            ] GC(8) Pause Remark 25M->25M(376M) 3.526ms
[2023-11-14T20:34:04.656+0000][7.986s][info ][gc,cpu        ] GC(8) User=0.01s Sys=0.00s Real=0.00s
[2023-11-14T20:34:04.656+0000][7.986s][info ][safepoint     ] Leaving safepoint region
[2023-11-14T20:34:04.656+0000][7.986s][info ][safepoint     ] Total time for which application threads were stopped: 0.0036980 seconds, Stopping threads took: 0.0000815 seconds
[2023-11-14T20:34:04.656+0000][7.986s][info ][gc,marking    ] GC(8) Concurrent Rebuild Remembered Sets
[2023-11-14T20:34:04.665+0000][7.995s][info ][gc,marking    ] GC(8) Concurrent Rebuild Remembered Sets 8.908ms
[2023-11-14T20:34:04.665+0000][7.995s][debug][safepoint     ] Safepoint synchronization initiated. (11 threads)
[2023-11-14T20:34:04.665+0000][7.995s][info ][safepoint     ] Application time: 0.0090018 seconds
[2023-11-14T20:34:04.665+0000][7.995s][debug][safepoint     ] ... found polling page loop exception at pc = 0x00007f9e382c424c, stub =0x00007f9e3083ab00
[2023-11-14T20:34:04.665+0000][7.995s][debug][safepoint     ] Waiting for 1 thread(s) to block
[2023-11-14T20:34:04.665+0000][7.995s][info ][safepoint     ] Entering safepoint region: CGC_Operation
[2023-11-14T20:34:04.666+0000][7.995s][info ][gc,start      ] GC(8) Pause Cleanup
[2023-11-14T20:34:04.666+0000][7.996s][info ][gc            ] GC(8) Pause Cleanup 28M->28M(376M) 0.119ms
[2023-11-14T20:34:04.666+0000][7.996s][info ][gc,cpu        ] GC(8) User=0.00s Sys=0.00s Real=0.00s
[2023-11-14T20:34:04.666+0000][7.996s][info ][safepoint     ] Leaving safepoint region
[2023-11-14T20:34:04.666+0000][7.996s][info ][safepoint     ] Total time for which application threads were stopped: 0.0002723 seconds, Stopping threads took: 0.0000763 seconds
[2023-11-14T20:34:04.666+0000][7.996s][info ][gc,marking    ] GC(8) Concurrent Cleanup for Next Mark
[2023-11-14T20:34:04.669+0000][7.999s][info ][gc,marking    ] GC(8) Concurrent Cleanup for Next Mark 3.611ms
[2023-11-14T20:34:04.669+0000][7.999s][info ][gc            ] GC(8) Concurrent Cycle 36.729ms
[2023-11-14T20:34:05.381+0000][8.711s][debug][safepoint     ] Safepoint synchronization initiated. (11 threads)
[2023-11-14T20:34:05.582+0000][8.912s][info ][safepoint     ] Application time: 0.9161407 seconds
[2023-11-14T20:34:05.582+0000][8.912s][info ][safepoint     ] Entering safepoint region: ICBufferFull
[2023-11-14T20:34:05.582+0000][8.912s][info ][safepoint     ] Leaving safepoint region
[2023-11-14T20:34:05.582+0000][8.912s][info ][safepoint     ] Total time for which application threads were stopped: 0.0001660 seconds, Stopping threads took: 0.0000129 seconds
[2023-11-14T20:34:05.649+0000][8.979s][debug][safepoint     ] Safepoint synchronization initiated. (11 threads)
[2023-11-14T20:34:05.649+0000][8.979s][info ][safepoint     ] Application time: 0.0673906 seconds
[2023-11-14T20:34:05.649+0000][8.979s][debug][safepoint     ] Waiting for 1 thread(s) to block
[2023-11-14T20:34:05.649+0000][8.979s][info ][safepoint     ] Entering safepoint region: G1CollectForAllocation
[2023-11-14T20:34:05.650+0000][8.979s][info ][gc,start      ] GC(9) Pause Young (Normal) (G1 Evacuation Pause)
[2023-11-14T20:34:05.650+0000][8.979s][info ][gc,task       ] GC(9) Using 4 workers of 4 for evacuation
[2023-11-14T20:34:05.680+0000][9.010s][info ][gc,phases     ] GC(9)   Pre Evacuate Collection Set: 0.0ms
[2023-11-14T20:34:05.680+0000][9.010s][info ][gc,phases     ] GC(9)   Evacuate Collection Set: 28.5ms
[2023-11-14T20:34:05.680+0000][9.010s][info ][gc,phases     ] GC(9)   Post Evacuate Collection Set: 1.7ms
[2023-11-14T20:34:05.680+0000][9.010s][info ][gc,phases     ] GC(9)   Other: 0.1ms
[2023-11-14T20:34:05.680+0000][9.010s][info ][gc,heap       ] GC(9) Eden regions: 211->0(206)
[2023-11-14T20:34:05.680+0000][9.010s][info ][gc,heap       ] GC(9) Survivor regions: 14->19(29)
[2023-11-14T20:34:05.680+0000][9.010s][info ][gc,heap       ] GC(9) Old regions: 10->10
[2023-11-14T20:34:05.680+0000][9.010s][info ][gc,heap       ] GC(9) Humongous regions: 0->0
[2023-11-14T20:34:05.680+0000][9.010s][info ][gc,metaspace  ] GC(9) Metaspace: 24722K(25800K)->24722K(25800K) NonClass: 21613K(22344K)->21613K(22344K) Class: 3109K(3456K)->3109K(3456K)
[2023-11-14T20:34:05.680+0000][9.010s][info ][gc            ] GC(9) Pause Young (Normal) (G1 Evacuation Pause) 232M->27M(376M) 30.456ms
[2023-11-14T20:34:05.680+0000][9.010s][info ][gc,cpu        ] GC(9) User=0.06s Sys=0.00s Real=0.03s
[2023-11-14T20:34:05.680+0000][9.010s][info ][safepoint     ] Leaving safepoint region
[2023-11-14T20:34:05.680+0000][9.010s][info ][safepoint     ] Total time for which application threads were stopped: 0.0306083 seconds, Stopping threads took: 0.0000253 seconds
[2023-11-14T20:34:05.680+0000][9.010s][info ][gc,stringdedup] Concurrent String Deduplication (9.010s)
[2023-11-14T20:34:05.683+0000][9.013s][info ][gc,stringdedup] Concurrent String Deduplication 863.0K->746.7K(116.3K) avg 14.6% (9.010s, 9.013s) 2.801ms
[2023-11-14T20:34:06.047+0000][9.377s][debug][safepoint     ] Safepoint synchronization initiated. (11 threads)
[2023-11-14T20:34:06.048+0000][9.377s][info ][safepoint     ] Application time: 0.3674749 seconds
[2023-11-14T20:34:06.048+0000][9.377s][debug][safepoint     ] Waiting for 1 thread(s) to block
[2023-11-14T20:34:06.048+0000][9.377s][info ][safepoint     ] Entering safepoint region: G1CollectForAllocation
[2023-11-14T20:34:06.048+0000][9.378s][info ][gc,start      ] GC(10) Pause Young (Normal) (G1 Evacuation Pause)
[2023-11-14T20:34:06.048+0000][9.378s][info ][gc,task       ] GC(10) Using 4 workers of 4 for evacuation
[2023-11-14T20:34:06.089+0000][9.419s][info ][gc,phases     ] GC(10)   Pre Evacuate Collection Set: 0.0ms
[2023-11-14T20:34:06.281+0000][9.611s][info ][gc,phases     ] GC(10)   Evacuate Collection Set: 35.1ms
[2023-11-14T20:34:06.281+0000][9.611s][info ][gc,phases     ] GC(10)   Post Evacuate Collection Set: 5.9ms
[2023-11-14T20:34:06.281+0000][9.611s][info ][gc,phases     ] GC(10)   Other: 0.2ms
[2023-11-14T20:34:06.281+0000][9.611s][info ][gc,heap       ] GC(10) Eden regions: 206->0(257)
[2023-11-14T20:34:06.281+0000][9.611s][info ][gc,heap       ] GC(10) Survivor regions: 19->14(29)
[2023-11-14T20:34:06.281+0000][9.611s][info ][gc,heap       ] GC(10) Old regions: 10->15
[2023-11-14T20:34:06.281+0000][9.611s][info ][gc,heap       ] GC(10) Humongous regions: 0->0
[2023-11-14T20:34:06.281+0000][9.611s][info ][gc,metaspace  ] GC(10) Metaspace: 26264K(27208K)->26264K(27208K) NonClass: 23039K(23624K)->23039K(23624K) Class: 3224K(3584K)->3224K(3584K)
[2023-11-14T20:34:06.281+0000][9.611s][info ][gc            ] GC(10) Pause Young (Normal) (G1 Evacuation Pause) 233M->27M(452M) 233.095ms
[2023-11-14T20:34:06.281+0000][9.611s][info ][gc,cpu        ] GC(10) User=0.05s Sys=0.00s Real=0.23s
[2023-11-14T20:34:06.281+0000][9.611s][info ][safepoint     ] Leaving safepoint region
[2023-11-14T20:34:06.281+0000][9.611s][info ][safepoint     ] Total time for which application threads were stopped: 0.2339244 seconds, Stopping threads took: 0.0000299 seconds
[2023-11-14T20:34:06.281+0000][9.611s][info ][gc,stringdedup] Concurrent String Deduplication (9.611s)
[2023-11-14T20:34:06.289+0000][9.619s][info ][gc,stringdedup] Concurrent String Deduplication 1708.7K->911.5K(797.2K) avg 24.6% (9.611s, 9.619s) 7.945ms
[2023-11-14T20:34:06.966+0000][10.296s][debug][safepoint     ] Safepoint synchronization initiated. (11 threads)
[2023-11-14T20:34:07.142+0000][10.471s][info ][safepoint     ] Application time: 0.8600794 seconds
[2023-11-14T20:34:07.142+0000][10.472s][info ][safepoint     ] Entering safepoint region: G1CollectForAllocation
[2023-11-14T20:34:07.142+0000][10.472s][info ][gc,start      ] GC(11) Pause Young (Normal) (G1 Evacuation Pause)
[2023-11-14T20:34:07.142+0000][10.472s][info ][gc,task       ] GC(11) Using 4 workers of 4 for evacuation
[2023-11-14T20:34:07.163+0000][10.493s][info ][gc,phases     ] GC(11)   Pre Evacuate Collection Set: 0.0ms
[2023-11-14T20:34:07.163+0000][10.493s][info ][gc,phases     ] GC(11)   Evacuate Collection Set: 18.5ms
[2023-11-14T20:34:07.163+0000][10.493s][info ][gc,phases     ] GC(11)   Post Evacuate Collection Set: 2.9ms
[2023-11-14T20:34:07.163+0000][10.493s][info ][gc,phases     ] GC(11)   Other: 0.2ms
[2023-11-14T20:34:07.163+0000][10.493s][info ][gc,heap       ] GC(11) Eden regions: 257->0(256)
[2023-11-14T20:34:07.163+0000][10.493s][info ][gc,heap       ] GC(11) Survivor regions: 14->15(34)
[2023-11-14T20:34:07.163+0000][10.493s][info ][gc,heap       ] GC(11) Old regions: 15->15
[2023-11-14T20:34:07.163+0000][10.493s][info ][gc,heap       ] GC(11) Humongous regions: 0->0
[2023-11-14T20:34:07.163+0000][10.493s][info ][gc,metaspace  ] GC(11) Metaspace: 31406K(32328K)->31406K(32328K) NonClass: 27636K(28232K)->27636K(28232K) Class: 3769K(4096K)->3769K(4096K)
[2023-11-14T20:34:07.164+0000][10.493s][info ][gc            ] GC(11) Pause Young (Normal) (G1 Evacuation Pause) 284M->28M(452M) 21.755ms
[2023-11-14T20:34:07.164+0000][10.493s][info ][gc,cpu        ] GC(11) User=0.05s Sys=0.00s Real=0.02s
[2023-11-14T20:34:07.164+0000][10.493s][info ][safepoint     ] Leaving safepoint region
[2023-11-14T20:34:07.164+0000][10.494s][info ][safepoint     ] Total time for which application threads were stopped: 0.0219827 seconds, Stopping threads took: 0.0000173 seconds
[2023-11-14T20:34:07.164+0000][10.494s][info ][gc,stringdedup] Concurrent String Deduplication (10.494s)
[2023-11-14T20:34:07.170+0000][10.500s][info ][gc,stringdedup] Concurrent String Deduplication 1977.3K->419.7K(1557.6K) avg 38.9% (10.494s, 10.500s) 6.036ms
[2023-11-14T20:34:07.625+0000][10.955s][debug][safepoint     ] Safepoint synchronization initiated. (11 threads)
[2023-11-14T20:34:07.654+0000][10.984s][info ][safepoint     ] Application time: 0.4904048 seconds
[2023-11-14T20:34:07.654+0000][10.984s][info ][safepoint     ] Entering safepoint region: Deoptimize
[2023-11-14T20:34:07.654+0000][10.984s][info ][safepoint     ] Leaving safepoint region
[2023-11-14T20:34:07.654+0000][10.984s][info ][safepoint     ] Total time for which application threads were stopped: 0.0004639 seconds, Stopping threads took: 0.0000123 seconds
[2023-11-14T20:34:08.089+0000][11.419s][debug][safepoint     ] Safepoint synchronization initiated. (11 threads)
[2023-11-14T20:34:08.092+0000][11.422s][info ][safepoint     ] Application time: 0.4375586 seconds
[2023-11-14T20:34:08.092+0000][11.422s][info ][safepoint     ] Entering safepoint region: G1CollectForAllocation
[2023-11-14T20:34:08.092+0000][11.422s][info ][gc,start      ] GC(12) Pause Young (Normal) (G1 Evacuation Pause)
[2023-11-14T20:34:08.092+0000][11.422s][info ][gc,task       ] GC(12) Using 4 workers of 4 for evacuation
[2023-11-14T20:34:08.128+0000][11.458s][info ][gc,phases     ] GC(12)   Pre Evacuate Collection Set: 0.0ms
[2023-11-14T20:34:08.128+0000][11.458s][info ][gc,phases     ] GC(12)   Evacuate Collection Set: 33.8ms
[2023-11-14T20:34:08.128+0000][11.458s][info ][gc,phases     ] GC(12)   Post Evacuate Collection Set: 2.1ms
[2023-11-14T20:34:08.128+0000][11.458s][info ][gc,phases     ] GC(12)   Other: 0.1ms
[2023-11-14T20:34:08.128+0000][11.458s][info ][gc,heap       ] GC(12) Eden regions: 256->0(255)
[2023-11-14T20:34:08.128+0000][11.458s][info ][gc,heap       ] GC(12) Survivor regions: 15->16(34)
[2023-11-14T20:34:08.128+0000][11.458s][info ][gc,heap       ] GC(12) Old regions: 15->15
[2023-11-14T20:34:08.128+0000][11.458s][info ][gc,heap       ] GC(12) Humongous regions: 0->0
[2023-11-14T20:34:08.128+0000][11.458s][info ][gc,metaspace  ] GC(12) Metaspace: 32820K(33864K)->32820K(33864K) NonClass: 28860K(29512K)->28860K(29512K) Class: 3960K(4352K)->3960K(4352K)
[2023-11-14T20:34:08.128+0000][11.458s][info ][gc            ] GC(12) Pause Young (Normal) (G1 Evacuation Pause) 284M->28M(452M) 36.140ms
[2023-11-14T20:34:08.128+0000][11.458s][info ][gc,cpu        ] GC(12) User=0.07s Sys=0.00s Real=0.04s
[2023-11-14T20:34:08.128+0000][11.458s][info ][safepoint     ] Leaving safepoint region
[2023-11-14T20:34:08.128+0000][11.458s][info ][safepoint     ] Total time for which application threads were stopped: 0.0363016 seconds, Stopping threads took: 0.0000126 seconds
[2023-11-14T20:34:08.128+0000][11.458s][info ][gc,stringdedup] Concurrent String Deduplication (11.458s)
[2023-11-14T20:34:08.129+0000][11.459s][info ][gc,stringdedup] Concurrent String Deduplication 130.7K->37024.0B(96800.0B) avg 39.5% (11.458s, 11.459s) 0.565ms
[2023-11-14T20:34:08.192+0000][11.522s][debug][safepoint     ] Safepoint synchronization initiated. (11 threads)
[2023-11-14T20:34:08.192+0000][11.522s][info ][safepoint     ] Application time: 0.0635057 seconds
[2023-11-14T20:34:08.192+0000][11.522s][debug][safepoint     ] Waiting for 1 thread(s) to block
[2023-11-14T20:34:08.192+0000][11.522s][info ][safepoint     ] Entering safepoint region: Deoptimize
[2023-11-14T20:34:08.192+0000][11.522s][info ][safepoint     ] Leaving safepoint region
[2023-11-14T20:34:08.192+0000][11.522s][info ][safepoint     ] Total time for which application threads were stopped: 0.0004566 seconds, Stopping threads took: 0.0000283 seconds
[2023-11-14T20:34:08.472+0000][11.802s][debug][safepoint     ] Safepoint synchronization initiated. (11 threads)
[2023-11-14T20:34:11.702+0000][15.032s][info ][safepoint     ] Application time: 3.5098245 seconds
[2023-11-14T20:34:11.702+0000][15.032s][info ][safepoint     ] Entering safepoint region: Deoptimize
[2023-11-14T20:34:11.703+0000][15.033s][info ][safepoint     ] Leaving safepoint region
[2023-11-14T20:34:11.703+0000][15.033s][info ][safepoint     ] Total time for which application threads were stopped: 0.0005086 seconds, Stopping threads took: 0.0000137 seconds
[2023-11-14T20:34:11.710+0000][15.040s][debug][safepoint     ] Safepoint synchronization initiated. (12 threads)
[2023-11-14T20:34:11.710+0000][15.040s][info ][safepoint     ] Application time: 0.0076396 seconds
[2023-11-14T20:34:11.710+0000][15.040s][info ][safepoint     ] Entering safepoint region: Deoptimize
[2023-11-14T20:34:11.711+0000][15.041s][info ][safepoint     ] Leaving safepoint region
[2023-11-14T20:34:11.711+0000][15.041s][info ][safepoint     ] Total time for which application threads were stopped: 0.0004708 seconds, Stopping threads took: 0.0000177 seconds
[2023-11-14T20:34:11.730+0000][15.060s][debug][safepoint     ] Safepoint synchronization initiated. (12 threads)
[2023-11-14T20:34:11.730+0000][15.060s][info ][safepoint     ] Application time: 0.0194116 seconds
[2023-11-14T20:34:11.730+0000][15.060s][info ][safepoint     ] Entering safepoint region: Deoptimize
[2023-11-14T20:34:11.731+0000][15.061s][info ][safepoint     ] Leaving safepoint region
[2023-11-14T20:34:11.731+0000][15.061s][info ][safepoint     ] Total time for which application threads were stopped: 0.0004019 seconds, Stopping threads took: 0.0000096 seconds
[2023-11-14T20:34:11.755+0000][15.084s][debug][safepoint     ] Safepoint synchronization initiated. (12 threads)
[2023-11-14T20:34:11.755+0000][15.084s][info ][safepoint     ] Application time: 0.0238082 seconds
[2023-11-14T20:34:11.755+0000][15.085s][info ][safepoint     ] Entering safepoint region: Deoptimize
[2023-11-14T20:34:11.755+0000][15.085s][info ][safepoint     ] Leaving safepoint region
[2023-11-14T20:34:11.755+0000][15.085s][info ][safepoint     ] Total time for which application threads were stopped: 0.0004426 seconds, Stopping threads took: 0.0000096 seconds
[2023-11-14T20:34:11.962+0000][15.292s][debug][safepoint     ] Safepoint synchronization initiated. (12 threads)
[2023-11-14T20:34:11.962+0000][15.292s][info ][safepoint     ] Application time: 0.2071395 seconds
[2023-11-14T20:34:11.962+0000][15.292s][info ][safepoint     ] Entering safepoint region: Deoptimize
[2023-11-14T20:34:11.963+0000][15.292s][info ][safepoint     ] Leaving safepoint region
[2023-11-14T20:34:11.963+0000][15.293s][info ][safepoint     ] Total time for which application threads were stopped: 0.0004084 seconds, Stopping threads took: 0.0000093 seconds
[2023-11-14T20:34:12.003+0000][15.333s][debug][safepoint     ] Safepoint synchronization initiated. (11 threads)
[2023-11-14T20:34:12.003+0000][15.333s][info ][safepoint     ] Application time: 0.0404776 seconds
[2023-11-14T20:34:12.003+0000][15.333s][info ][safepoint     ] Entering safepoint region: Deoptimize
[2023-11-14T20:34:12.007+0000][15.337s][info ][safepoint     ] Leaving safepoint region
[2023-11-14T20:34:12.007+0000][15.337s][info ][safepoint     ] Total time for which application threads were stopped: 0.0038949 seconds, Stopping threads took: 0.0000101 seconds
[2023-11-14T20:34:13.007+0000][16.337s][debug][safepoint     ] Safepoint synchronization initiated. (11 threads)
[2023-11-14T20:34:13.713+0000][17.043s][info ][safepoint     ] Application time: 1.7061540 seconds
[2023-11-14T20:34:13.713+0000][17.043s][info ][safepoint     ] Entering safepoint region: Cleanup
[2023-11-14T20:34:13.713+0000][17.043s][info ][safepoint     ] Leaving safepoint region
[2023-11-14T20:34:13.713+0000][17.043s][info ][safepoint     ] Total time for which application threads were stopped: 0.0000890 seconds, Stopping threads took: 0.0000163 seconds
[2023-11-14T20:34:13.948+0000][17.278s][debug][safepoint     ] Safepoint synchronization initiated. (12 threads)
[2023-11-14T20:34:15.304+0000][18.634s][info ][safepoint     ] Application time: 1.5911158 seconds
[2023-11-14T20:34:15.304+0000][18.634s][info ][safepoint     ] Entering safepoint region: G1CollectForAllocation
[2023-11-14T20:34:15.305+0000][18.635s][info ][gc,start      ] GC(13) Pause Young (Normal) (G1 Evacuation Pause)
[2023-11-14T20:34:15.305+0000][18.635s][info ][gc,task       ] GC(13) Using 4 workers of 4 for evacuation
[2023-11-14T20:34:15.317+0000][18.647s][info ][gc,phases     ] GC(13)   Pre Evacuate Collection Set: 0.0ms
[2023-11-14T20:34:15.317+0000][18.647s][info ][gc,phases     ] GC(13)   Evacuate Collection Set: 10.2ms
[2023-11-14T20:34:15.317+0000][18.647s][info ][gc,phases     ] GC(13)   Post Evacuate Collection Set: 1.7ms
[2023-11-14T20:34:15.317+0000][18.647s][info ][gc,phases     ] GC(13)   Other: 0.2ms
[2023-11-14T20:34:15.317+0000][18.647s][info ][gc,heap       ] GC(13) Eden regions: 255->0(255)
[2023-11-14T20:34:15.317+0000][18.647s][info ][gc,heap       ] GC(13) Survivor regions: 16->16(34)
[2023-11-14T20:34:15.317+0000][18.647s][info ][gc,heap       ] GC(13) Old regions: 15->15
[2023-11-14T20:34:15.317+0000][18.647s][info ][gc,heap       ] GC(13) Humongous regions: 0->0
[2023-11-14T20:34:15.317+0000][18.647s][info ][gc,metaspace  ] GC(13) Metaspace: 36863K(38088K)->36863K(38088K) NonClass: 32312K(33096K)->32312K(33096K) Class: 4550K(4992K)->4550K(4992K)
[2023-11-14T20:34:15.317+0000][18.647s][info ][gc            ] GC(13) Pause Young (Normal) (G1 Evacuation Pause) 283M->28M(452M) 12.262ms
[2023-11-14T20:34:15.317+0000][18.647s][info ][gc,cpu        ] GC(13) User=0.04s Sys=0.00s Real=0.01s
[2023-11-14T20:34:15.317+0000][18.647s][info ][safepoint     ] Leaving safepoint region
[2023-11-14T20:34:15.317+0000][18.647s][info ][safepoint     ] Total time for which application threads were stopped: 0.0124803 seconds, Stopping threads took: 0.0000176 seconds
[2023-11-14T20:34:15.317+0000][18.647s][info ][gc,stringdedup] Concurrent String Deduplication (18.647s)
[2023-11-14T20:34:15.317+0000][18.647s][info ][gc,stringdedup] Concurrent String Deduplication 122.9K->19296.0B(104.1K) avg 40.2% (18.647s, 18.647s) 0.543ms
[2023-11-14T20:34:16.317+0000][19.647s][debug][safepoint     ] Safepoint synchronization initiated. (12 threads)
[2023-11-14T20:34:16.984+0000][20.314s][info ][safepoint     ] Application time: 1.6671082 seconds
[2023-11-14T20:34:16.984+0000][20.314s][debug][safepoint     ] Waiting for 1 thread(s) to block
[2023-11-14T20:34:16.985+0000][20.315s][info ][safepoint     ] Entering safepoint region: Cleanup
[2023-11-14T20:34:16.985+0000][20.315s][info ][safepoint     ] Leaving safepoint region
[2023-11-14T20:34:16.985+0000][20.315s][info ][safepoint     ] Total time for which application threads were stopped: 0.0007001 seconds, Stopping threads took: 0.0005719 seconds
[2023-11-14T20:34:17.263+0000][20.592s][debug][safepoint     ] Safepoint synchronization initiated. (12 threads)
[2023-11-14T20:34:18.149+0000][21.485s][info ][safepoint     ] Application time: 1.1639667 seconds
[2023-11-14T20:34:18.155+0000][21.485s][info ][safepoint     ] Entering safepoint region: Deoptimize
[2023-11-14T20:34:18.155+0000][21.485s][info ][safepoint     ] Leaving safepoint region
[2023-11-14T20:34:18.155+0000][21.485s][info ][safepoint     ] Total time for which application threads were stopped: 0.0005478 seconds, Stopping threads took: 0.0000146 seconds
