[2023-11-15T19:00:32.906+0000][0.024s][info][gc,heap] Heap region size: 1M
[2023-11-15T19:00:32.910+0000][0.028s][info][gc     ] Using G1
[2023-11-15T19:00:32.910+0000][0.028s][info][gc,heap,coops] Heap address: 0x0000000708000000, size: 3968 MB, Compressed Oops mode: Zero based, Oop shift amount: 3
[2023-11-15T19:00:32.910+0000][0.028s][info][gc,cds       ] Mark closed archive regions in map: [0x00000007bfc00000, 0x00000007bfc6bff8]
[2023-11-15T19:00:32.910+0000][0.028s][info][gc,cds       ] Mark open archive regions in map: [0x00000007bf800000, 0x00000007bf847ff8]
[2023-11-15T19:00:32.990+0000][0.108s][debug][safepoint    ] Safepoint synchronization initiated. (9 threads)
[2023-11-15T19:00:32.990+0000][0.108s][info ][safepoint    ] Application time: 0.0432885 seconds
[2023-11-15T19:00:32.990+0000][0.108s][debug][safepoint    ] Waiting for 1 thread(s) to block
[2023-11-15T19:00:32.990+0000][0.108s][info ][safepoint    ] Entering safepoint region: Deoptimize
[2023-11-15T19:00:32.990+0000][0.108s][info ][safepoint    ] Leaving safepoint region
[2023-11-15T19:00:32.990+0000][0.108s][info ][safepoint    ] Total time for which application threads were stopped: 0.0001523 seconds, Stopping threads took: 0.0000248 seconds
[2023-11-15T19:00:33.498+0000][0.616s][debug][safepoint    ] Safepoint synchronization initiated. (9 threads)
[2023-11-15T19:00:33.498+0000][0.616s][info ][safepoint    ] Application time: 0.5076414 seconds
[2023-11-15T19:00:33.498+0000][0.616s][debug][safepoint    ] Waiting for 2 thread(s) to block
[2023-11-15T19:00:33.498+0000][0.616s][info ][safepoint    ] Entering safepoint region: G1CollectForAllocation
[2023-11-15T19:00:33.498+0000][0.616s][info ][gc,start     ] GC(0) Pause Young (Normal) (G1 Evacuation Pause)
[2023-11-15T19:00:33.505+0000][0.623s][info ][gc,task      ] GC(0) Using 4 workers of 4 for evacuation
[2023-11-15T19:00:33.524+0000][0.642s][info ][gc,phases    ] GC(0)   Pre Evacuate Collection Set: 0.0ms
[2023-11-15T19:00:33.524+0000][0.642s][info ][gc,phases    ] GC(0)   Evacuate Collection Set: 18.8ms
[2023-11-15T19:00:33.524+0000][0.642s][info ][gc,phases    ] GC(0)   Post Evacuate Collection Set: 0.7ms
[2023-11-15T19:00:33.524+0000][0.642s][info ][gc,phases    ] GC(0)   Other: 7.0ms
[2023-11-15T19:00:33.524+0000][0.642s][info ][gc,heap      ] GC(0) Eden regions: 38->0(143)
[2023-11-15T19:00:33.524+0000][0.642s][info ][gc,heap      ] GC(0) Survivor regions: 0->5(5)
[2023-11-15T19:00:33.524+0000][0.642s][info ][gc,heap      ] GC(0) Old regions: 2->5
[2023-11-15T19:00:33.524+0000][0.642s][info ][gc,heap      ] GC(0) Humongous regions: 2->0
[2023-11-15T19:00:33.524+0000][0.642s][info ][gc,metaspace ] GC(0) Metaspace: 1826K(5376K)->1826K(5376K) NonClass: 1672K(4864K)->1672K(4864K) Class: 153K(512K)->153K(512K)
[2023-11-15T19:00:33.524+0000][0.642s][info ][gc           ] GC(0) Pause Young (Normal) (G1 Evacuation Pause) 40M->8M(250M) 26.600ms
[2023-11-15T19:00:33.524+0000][0.642s][info ][gc,cpu       ] GC(0) User=0.04s Sys=0.00s Real=0.03s
[2023-11-15T19:00:33.524+0000][0.642s][info ][safepoint    ] Leaving safepoint region
[2023-11-15T19:00:33.524+0000][0.642s][info ][safepoint    ] Total time for which application threads were stopped: 0.0267687 seconds, Stopping threads took: 0.0000450 seconds
[2023-11-15T19:00:33.524+0000][0.642s][info ][gc,stringdedup] Concurrent String Deduplication (0.642s)
[2023-11-15T19:00:33.526+0000][0.644s][info ][gc,stringdedup] Concurrent String Deduplication 517.4K->487.3K(30800.0B) avg 3.8% (0.642s, 0.644s) 1.975ms
[2023-11-15T19:00:33.830+0000][0.947s][debug][safepoint     ] Safepoint synchronization initiated. (9 threads)
[2023-11-15T19:00:33.830+0000][0.948s][info ][safepoint     ] Application time: 0.3051424 seconds
[2023-11-15T19:00:33.830+0000][0.948s][info ][safepoint     ] Entering safepoint region: G1CollectForAllocation
[2023-11-15T19:00:33.830+0000][0.948s][info ][gc,start      ] GC(1) Pause Young (Normal) (G1 Evacuation Pause)
[2023-11-15T19:00:33.830+0000][0.948s][info ][gc,task       ] GC(1) Using 4 workers of 4 for evacuation
[2023-11-15T19:00:33.837+0000][0.955s][info ][gc,phases     ] GC(1)   Pre Evacuate Collection Set: 0.0ms
[2023-11-15T19:00:33.837+0000][0.955s][info ][gc,phases     ] GC(1)   Evacuate Collection Set: 6.3ms
[2023-11-15T19:00:33.837+0000][0.955s][info ][gc,phases     ] GC(1)   Post Evacuate Collection Set: 0.6ms
[2023-11-15T19:00:33.837+0000][0.955s][info ][gc,phases     ] GC(1)   Other: 0.1ms
[2023-11-15T19:00:33.837+0000][0.955s][info ][gc,heap       ] GC(1) Eden regions: 39->0(65)
[2023-11-15T19:00:33.837+0000][0.955s][info ][gc,heap       ] GC(1) Survivor regions: 5->2(6)
[2023-11-15T19:00:33.837+0000][0.955s][info ][gc,heap       ] GC(1) Old regions: 5->10
[2023-11-15T19:00:33.837+0000][0.955s][info ][gc,heap       ] GC(1) Humongous regions: 0->0
[2023-11-15T19:00:33.837+0000][0.955s][info ][gc,metaspace  ] GC(1) Metaspace: 3005K(6016K)->3005K(6016K) NonClass: 2724K(5376K)->2724K(5376K) Class: 281K(640K)->281K(640K)
[2023-11-15T19:00:33.837+0000][0.955s][info ][gc            ] GC(1) Pause Young (Normal) (G1 Evacuation Pause) 47M->9M(250M) 7.324ms
[2023-11-15T19:00:33.837+0000][0.955s][info ][gc,cpu        ] GC(1) User=0.02s Sys=0.00s Real=0.00s
[2023-11-15T19:00:33.837+0000][0.955s][info ][safepoint     ] Leaving safepoint region
[2023-11-15T19:00:33.837+0000][0.955s][info ][safepoint     ] Total time for which application threads were stopped: 0.0074666 seconds, Stopping threads took: 0.0000098 seconds
[2023-11-15T19:00:33.837+0000][0.955s][info ][gc,stringdedup] Concurrent String Deduplication (0.955s)
[2023-11-15T19:00:33.843+0000][0.961s][info ][gc,stringdedup] Concurrent String Deduplication 1453.5K->1371.9K(83616.0B) avg 5.0% (0.955s, 0.961s) 5.921ms
[2023-11-15T19:00:33.843+0000][0.961s][debug][safepoint     ] Safepoint synchronization initiated. (9 threads)
[2023-11-15T19:00:33.844+0000][0.961s][info ][safepoint     ] Application time: 0.0064912 seconds
[2023-11-15T19:00:33.844+0000][0.961s][info ][safepoint     ] Entering safepoint region: Deoptimize
[2023-11-15T19:00:33.844+0000][0.962s][info ][safepoint     ] Leaving safepoint region
[2023-11-15T19:00:33.844+0000][0.962s][info ][safepoint     ] Total time for which application threads were stopped: 0.0001461 seconds, Stopping threads took: 0.0000091 seconds
[2023-11-15T19:00:33.850+0000][0.968s][debug][safepoint     ] Safepoint synchronization initiated. (9 threads)
[2023-11-15T19:00:33.850+0000][0.968s][info ][safepoint     ] Application time: 0.0060629 seconds
[2023-11-15T19:00:33.850+0000][0.968s][info ][safepoint     ] Entering safepoint region: Deoptimize
[2023-11-15T19:00:33.850+0000][0.968s][info ][safepoint     ] Leaving safepoint region
[2023-11-15T19:00:33.850+0000][0.968s][info ][safepoint     ] Total time for which application threads were stopped: 0.0001219 seconds, Stopping threads took: 0.0000080 seconds
[2023-11-15T19:00:33.939+0000][1.057s][debug][safepoint     ] Safepoint synchronization initiated. (9 threads)
[2023-11-15T19:00:33.939+0000][1.057s][info ][safepoint     ] Application time: 0.0894270 seconds
[2023-11-15T19:00:33.939+0000][1.057s][info ][safepoint     ] Entering safepoint region: Deoptimize
[2023-11-15T19:00:33.939+0000][1.057s][info ][safepoint     ] Leaving safepoint region
[2023-11-15T19:00:33.939+0000][1.057s][info ][safepoint     ] Total time for which application threads were stopped: 0.0001481 seconds, Stopping threads took: 0.0000084 seconds
[2023-11-15T19:00:33.948+0000][1.066s][debug][safepoint     ] Safepoint synchronization initiated. (9 threads)
[2023-11-15T19:00:33.948+0000][1.066s][info ][safepoint     ] Application time: 0.0086929 seconds
[2023-11-15T19:00:33.948+0000][1.066s][info ][safepoint     ] Entering safepoint region: Deoptimize
[2023-11-15T19:00:33.948+0000][1.066s][info ][safepoint     ] Leaving safepoint region
[2023-11-15T19:00:33.948+0000][1.066s][info ][safepoint     ] Total time for which application threads were stopped: 0.0001417 seconds, Stopping threads took: 0.0000088 seconds
[2023-11-15T19:00:34.393+0000][1.511s][debug][safepoint     ] Safepoint synchronization initiated. (10 threads)
[2023-11-15T19:00:34.393+0000][1.511s][info ][safepoint     ] Application time: 0.4446169 seconds
[2023-11-15T19:00:34.393+0000][1.511s][info ][safepoint     ] Entering safepoint region: G1CollectForAllocation
[2023-11-15T19:00:34.393+0000][1.511s][info ][gc,start      ] GC(2) Pause Young (Normal) (G1 Evacuation Pause)
[2023-11-15T19:00:34.393+0000][1.511s][info ][gc,task       ] GC(2) Using 4 workers of 4 for evacuation
[2023-11-15T19:00:34.410+0000][1.528s][info ][gc,phases     ] GC(2)   Pre Evacuate Collection Set: 0.0ms
[2023-11-15T19:00:34.410+0000][1.528s][info ][gc,phases     ] GC(2)   Evacuate Collection Set: 14.3ms
[2023-11-15T19:00:34.410+0000][1.528s][info ][gc,phases     ] GC(2)   Post Evacuate Collection Set: 2.4ms
[2023-11-15T19:00:34.410+0000][1.528s][info ][gc,phases     ] GC(2)   Other: 0.1ms
[2023-11-15T19:00:34.410+0000][1.528s][info ][gc,heap       ] GC(2) Eden regions: 65->0(146)
[2023-11-15T19:00:34.410+0000][1.528s][info ][gc,heap       ] GC(2) Survivor regions: 2->2(9)
[2023-11-15T19:00:34.410+0000][1.528s][info ][gc,heap       ] GC(2) Old regions: 10->10
[2023-11-15T19:00:34.410+0000][1.528s][info ][gc,heap       ] GC(2) Humongous regions: 0->0
[2023-11-15T19:00:34.410+0000][1.528s][info ][gc,metaspace  ] GC(2) Metaspace: 5550K(7552K)->5550K(7552K) NonClass: 4947K(6656K)->4947K(6656K) Class: 603K(896K)->603K(896K)
[2023-11-15T19:00:34.410+0000][1.528s][info ][gc            ] GC(2) Pause Young (Normal) (G1 Evacuation Pause) 74M->9M(250M) 16.924ms
[2023-11-15T19:00:34.410+0000][1.528s][info ][gc,cpu        ] GC(2) User=0.03s Sys=0.00s Real=0.02s
[2023-11-15T19:00:34.410+0000][1.528s][info ][safepoint     ] Leaving safepoint region
[2023-11-15T19:00:34.410+0000][1.528s][info ][safepoint     ] Total time for which application threads were stopped: 0.0171269 seconds, Stopping threads took: 0.0000113 seconds
[2023-11-15T19:00:35.410+0000][2.528s][debug][safepoint     ] Safepoint synchronization initiated. (10 threads)
[2023-11-15T19:00:35.410+0000][2.528s][info ][safepoint     ] Application time: 1.0001172 seconds
[2023-11-15T19:00:35.410+0000][2.528s][debug][safepoint     ] ... found polling page return exception at pc = 0x00007fcb7502cbad, stub =0x00007fcb7483a800
[2023-11-15T19:00:35.410+0000][2.528s][debug][safepoint     ] Waiting for 1 thread(s) to block
[2023-11-15T19:00:35.411+0000][2.529s][info ][safepoint     ] Entering safepoint region: Cleanup
[2023-11-15T19:00:35.411+0000][2.529s][info ][safepoint     ] Leaving safepoint region
[2023-11-15T19:00:35.411+0000][2.529s][info ][safepoint     ] Total time for which application threads were stopped: 0.0006343 seconds, Stopping threads took: 0.0005289 seconds
[2023-11-15T19:00:35.483+0000][2.601s][debug][safepoint     ] Safepoint synchronization initiated. (10 threads)
[2023-11-15T19:00:35.483+0000][2.601s][info ][safepoint     ] Application time: 0.0718438 seconds
[2023-11-15T19:00:35.483+0000][2.601s][debug][safepoint     ] Waiting for 1 thread(s) to block
[2023-11-15T19:00:35.483+0000][2.601s][info ][safepoint     ] Entering safepoint region: G1CollectForAllocation
[2023-11-15T19:00:35.483+0000][2.601s][info ][gc,start      ] GC(3) Pause Young (Normal) (G1 Evacuation Pause)
[2023-11-15T19:00:35.483+0000][2.601s][info ][gc,task       ] GC(3) Using 4 workers of 4 for evacuation
[2023-11-15T19:00:35.494+0000][2.612s][info ][gc,phases     ] GC(3)   Pre Evacuate Collection Set: 0.0ms
[2023-11-15T19:00:35.494+0000][2.612s][info ][gc,phases     ] GC(3)   Evacuate Collection Set: 8.5ms
[2023-11-15T19:00:35.494+0000][2.612s][info ][gc,phases     ] GC(3)   Post Evacuate Collection Set: 2.0ms
[2023-11-15T19:00:35.494+0000][2.612s][info ][gc,phases     ] GC(3)   Other: 0.7ms
[2023-11-15T19:00:35.494+0000][2.612s][info ][gc,heap       ] GC(3) Eden regions: 146->0(144)
[2023-11-15T19:00:35.494+0000][2.612s][info ][gc,heap       ] GC(3) Survivor regions: 2->4(19)
[2023-11-15T19:00:35.494+0000][2.612s][info ][gc,heap       ] GC(3) Old regions: 10->10
[2023-11-15T19:00:35.494+0000][2.612s][info ][gc,heap       ] GC(3) Humongous regions: 0->0
[2023-11-15T19:00:35.494+0000][2.612s][info ][gc,metaspace  ] GC(3) Metaspace: 10319K(11520K)->10319K(11520K) NonClass: 9050K(9984K)->9050K(9984K) Class: 1269K(1536K)->1269K(1536K)
[2023-11-15T19:00:35.494+0000][2.612s][info ][gc            ] GC(3) Pause Young (Normal) (G1 Evacuation Pause) 155M->11M(250M) 11.325ms
[2023-11-15T19:00:35.494+0000][2.612s][info ][gc,cpu        ] GC(3) User=0.02s Sys=0.00s Real=0.01s
[2023-11-15T19:00:35.494+0000][2.612s][info ][safepoint     ] Leaving safepoint region
[2023-11-15T19:00:35.494+0000][2.612s][info ][safepoint     ] Total time for which application threads were stopped: 0.0114699 seconds, Stopping threads took: 0.0000268 seconds
[2023-11-15T19:00:35.494+0000][2.612s][info ][gc,stringdedup] Concurrent String Deduplication (2.612s)
[2023-11-15T19:00:35.497+0000][2.615s][info ][gc,stringdedup] Concurrent String Deduplication 227.8K->155.2K(74288.0B) avg 7.5% (2.612s, 2.615s) 2.501ms
[2023-11-15T19:00:35.963+0000][3.081s][debug][safepoint     ] Safepoint synchronization initiated. (10 threads)
[2023-11-15T19:00:35.964+0000][3.081s][info ][safepoint     ] Application time: 0.4693260 seconds
[2023-11-15T19:00:35.964+0000][3.082s][info ][safepoint     ] Entering safepoint region: Deoptimize
[2023-11-15T19:00:35.964+0000][3.082s][info ][safepoint     ] Leaving safepoint region
[2023-11-15T19:00:35.964+0000][3.082s][info ][safepoint     ] Total time for which application threads were stopped: 0.0002508 seconds, Stopping threads took: 0.0000096 seconds
[2023-11-15T19:00:36.415+0000][3.533s][debug][safepoint     ] Safepoint synchronization initiated. (10 threads)
[2023-11-15T19:00:36.416+0000][3.534s][info ][safepoint     ] Application time: 0.4517349 seconds
[2023-11-15T19:00:36.416+0000][3.534s][info ][safepoint     ] Entering safepoint region: ICBufferFull
[2023-11-15T19:00:36.416+0000][3.534s][info ][safepoint     ] Leaving safepoint region
[2023-11-15T19:00:36.416+0000][3.534s][info ][safepoint     ] Total time for which application threads were stopped: 0.0001446 seconds, Stopping threads took: 0.0000093 seconds
[2023-11-15T19:00:36.608+0000][3.726s][debug][safepoint     ] Safepoint synchronization initiated. (11 threads)
[2023-11-15T19:00:36.608+0000][3.726s][info ][safepoint     ] Application time: 0.1924743 seconds
[2023-11-15T19:00:36.608+0000][3.726s][debug][safepoint     ] Waiting for 1 thread(s) to block
[2023-11-15T19:00:36.608+0000][3.726s][info ][safepoint     ] Entering safepoint region: G1CollectForAllocation
[2023-11-15T19:00:36.608+0000][3.726s][info ][gc,start      ] GC(4) Pause Young (Normal) (G1 Evacuation Pause)
[2023-11-15T19:00:36.608+0000][3.726s][info ][gc,task       ] GC(4) Using 4 workers of 4 for evacuation
[2023-11-15T19:00:36.655+0000][3.773s][info ][gc,phases     ] GC(4)   Pre Evacuate Collection Set: 0.0ms
[2023-11-15T19:00:36.655+0000][3.773s][info ][gc,phases     ] GC(4)   Evacuate Collection Set: 40.1ms
[2023-11-15T19:00:36.655+0000][3.773s][info ][gc,phases     ] GC(4)   Post Evacuate Collection Set: 6.6ms
[2023-11-15T19:00:36.655+0000][3.773s][info ][gc,phases     ] GC(4)   Other: 0.1ms
[2023-11-15T19:00:36.655+0000][3.773s][info ][gc,heap       ] GC(4) Eden regions: 144->0(186)
[2023-11-15T19:00:36.655+0000][3.773s][info ][gc,heap       ] GC(4) Survivor regions: 4->6(19)
[2023-11-15T19:00:36.655+0000][3.773s][info ][gc,heap       ] GC(4) Old regions: 10->10
[2023-11-15T19:00:36.655+0000][3.773s][info ][gc,heap       ] GC(4) Humongous regions: 0->0
[2023-11-15T19:00:36.655+0000][3.773s][info ][gc,metaspace  ] GC(4) Metaspace: 13692K(14464K)->13692K(14464K) NonClass: 12010K(12544K)->12010K(12544K) Class: 1681K(1920K)->1681K(1920K)
[2023-11-15T19:00:36.655+0000][3.773s][info ][gc            ] GC(4) Pause Young (Normal) (G1 Evacuation Pause) 155M->13M(342M) 47.004ms
[2023-11-15T19:00:36.655+0000][3.773s][info ][gc,cpu        ] GC(4) User=0.03s Sys=0.01s Real=0.04s
[2023-11-15T19:00:36.655+0000][3.773s][info ][safepoint     ] Leaving safepoint region
[2023-11-15T19:00:36.655+0000][3.773s][info ][safepoint     ] Total time for which application threads were stopped: 0.0472088 seconds, Stopping threads took: 0.0000541 seconds
[2023-11-15T19:00:36.655+0000][3.773s][info ][gc,stringdedup] Concurrent String Deduplication (3.773s)
[2023-11-15T19:00:36.657+0000][3.775s][info ][gc,stringdedup] Concurrent String Deduplication 100752.0B->27176.0B(73576.0B) avg 10.0% (3.773s, 3.775s) 1.707ms
[2023-11-15T19:00:37.283+0000][4.401s][debug][safepoint     ] Safepoint synchronization initiated. (11 threads)
[2023-11-15T19:00:37.284+0000][4.402s][info ][safepoint     ] Application time: 0.6281384 seconds
[2023-11-15T19:00:37.284+0000][4.402s][info ][safepoint     ] Entering safepoint region: Deoptimize
[2023-11-15T19:00:37.284+0000][4.402s][info ][safepoint     ] Leaving safepoint region
[2023-11-15T19:00:37.284+0000][4.402s][info ][safepoint     ] Total time for which application threads were stopped: 0.0003215 seconds, Stopping threads took: 0.0000095 seconds
[2023-11-15T19:00:37.692+0000][4.810s][debug][safepoint     ] Safepoint synchronization initiated. (11 threads)
[2023-11-15T19:00:37.692+0000][4.810s][info ][safepoint     ] Application time: 0.4078104 seconds
[2023-11-15T19:00:37.692+0000][4.810s][info ][safepoint     ] Entering safepoint region: G1CollectForAllocation
[2023-11-15T19:00:37.692+0000][4.810s][info ][gc,start      ] GC(5) Pause Young (Normal) (G1 Evacuation Pause)
[2023-11-15T19:00:37.692+0000][4.810s][info ][gc,task       ] GC(5) Using 4 workers of 4 for evacuation
[2023-11-15T19:00:37.713+0000][4.831s][info ][gc,phases     ] GC(5)   Pre Evacuate Collection Set: 0.0ms
[2023-11-15T19:00:37.713+0000][4.831s][info ][gc,phases     ] GC(5)   Evacuate Collection Set: 18.4ms
[2023-11-15T19:00:37.713+0000][4.831s][info ][gc,phases     ] GC(5)   Post Evacuate Collection Set: 2.3ms
[2023-11-15T19:00:37.713+0000][4.831s][info ][gc,phases     ] GC(5)   Other: 0.2ms
[2023-11-15T19:00:37.713+0000][4.831s][info ][gc,heap       ] GC(5) Eden regions: 186->0(197)
[2023-11-15T19:00:37.713+0000][4.831s][info ][gc,heap       ] GC(5) Survivor regions: 6->8(24)
[2023-11-15T19:00:37.713+0000][4.831s][info ][gc,heap       ] GC(5) Old regions: 10->10
[2023-11-15T19:00:37.713+0000][4.831s][info ][gc,heap       ] GC(5) Humongous regions: 0->0
[2023-11-15T19:00:37.713+0000][4.831s][info ][gc,metaspace  ] GC(5) Metaspace: 17843K(18816K)->17843K(18816K) NonClass: 15511K(16128K)->15511K(16128K) Class: 2331K(2688K)->2331K(2688K)
[2023-11-15T19:00:37.713+0000][4.831s][info ][gc            ] GC(5) Pause Young (Normal) (G1 Evacuation Pause) 199M->16M(342M) 20.947ms
[2023-11-15T19:00:37.713+0000][4.831s][info ][gc,cpu        ] GC(5) User=0.03s Sys=0.00s Real=0.02s
[2023-11-15T19:00:37.713+0000][4.831s][info ][safepoint     ] Leaving safepoint region
[2023-11-15T19:00:37.713+0000][4.831s][info ][safepoint     ] Total time for which application threads were stopped: 0.0211087 seconds, Stopping threads took: 0.0000093 seconds
[2023-11-15T19:00:37.713+0000][4.831s][info ][gc,stringdedup] Concurrent String Deduplication (4.831s)
[2023-11-15T19:00:37.714+0000][4.832s][info ][gc,stringdedup] Concurrent String Deduplication 147.2K->54200.0B(96584.0B) avg 12.9% (4.831s, 4.832s) 0.774ms
[2023-11-15T19:00:37.747+0000][4.865s][debug][safepoint     ] Safepoint synchronization initiated. (11 threads)
[2023-11-15T19:00:37.747+0000][4.865s][info ][safepoint     ] Application time: 0.0344400 seconds
[2023-11-15T19:00:37.747+0000][4.865s][debug][safepoint     ] ... found polling page return exception at pc = 0x00007fcb7c353ef5, stub =0x00007fcb7483a800
[2023-11-15T19:00:37.747+0000][4.865s][debug][safepoint     ] Waiting for 1 thread(s) to block
[2023-11-15T19:00:37.751+0000][4.869s][info ][safepoint     ] Entering safepoint region: Deoptimize
[2023-11-15T19:00:37.752+0000][4.870s][info ][safepoint     ] Leaving safepoint region
[2023-11-15T19:00:37.752+0000][4.870s][info ][safepoint     ] Total time for which application threads were stopped: 0.0045311 seconds, Stopping threads took: 0.0042709 seconds
[2023-11-15T19:00:38.013+0000][5.131s][debug][safepoint     ] Safepoint synchronization initiated. (11 threads)
[2023-11-15T19:00:38.013+0000][5.131s][info ][safepoint     ] Application time: 0.2608029 seconds
[2023-11-15T19:00:38.016+0000][5.134s][debug][safepoint     ] ... found polling page return exception at pc = 0x00007fcb7c2c5d84, stub =0x00007fcb7483a800
[2023-11-15T19:00:38.016+0000][5.134s][debug][safepoint     ] Waiting for 2 thread(s) to block
[2023-11-15T19:00:38.021+0000][5.139s][info ][safepoint     ] Entering safepoint region: CollectForMetadataAllocation
[2023-11-15T19:00:38.021+0000][5.139s][info ][gc,start      ] GC(6) Pause Young (Concurrent Start) (Metadata GC Threshold)
[2023-11-15T19:00:38.021+0000][5.139s][info ][gc,task       ] GC(6) Using 4 workers of 4 for evacuation
[2023-11-15T19:00:38.042+0000][5.160s][info ][gc,phases     ] GC(6)   Pre Evacuate Collection Set: 0.1ms
[2023-11-15T19:00:38.042+0000][5.160s][info ][gc,phases     ] GC(6)   Evacuate Collection Set: 19.4ms
[2023-11-15T19:00:38.042+0000][5.160s][info ][gc,phases     ] GC(6)   Post Evacuate Collection Set: 1.5ms
[2023-11-15T19:00:38.042+0000][5.160s][info ][gc,phases     ] GC(6)   Other: 0.2ms
[2023-11-15T19:00:38.042+0000][5.160s][info ][gc,heap       ] GC(6) Eden regions: 48->0(196)
[2023-11-15T19:00:38.042+0000][5.160s][info ][gc,heap       ] GC(6) Survivor regions: 8->9(26)
[2023-11-15T19:00:38.042+0000][5.160s][info ][gc,heap       ] GC(6) Old regions: 10->10
[2023-11-15T19:00:38.042+0000][5.160s][info ][gc,heap       ] GC(6) Humongous regions: 0->0
[2023-11-15T19:00:38.042+0000][5.160s][info ][gc,metaspace  ] GC(6) Metaspace: 20390K(21248K)->20390K(21248K) NonClass: 17810K(18432K)->17810K(18432K) Class: 2580K(2816K)->2580K(2816K)
[2023-11-15T19:00:38.042+0000][5.160s][info ][gc            ] GC(6) Pause Young (Concurrent Start) (Metadata GC Threshold) 64M->16M(342M) 21.306ms
[2023-11-15T19:00:38.042+0000][5.160s][info ][gc,cpu        ] GC(6) User=0.02s Sys=0.00s Real=0.02s
[2023-11-15T19:00:38.042+0000][5.160s][info ][safepoint     ] Leaving safepoint region
[2023-11-15T19:00:38.042+0000][5.160s][info ][safepoint     ] Total time for which application threads were stopped: 0.0297845 seconds, Stopping threads took: 0.0082707 seconds
[2023-11-15T19:00:38.042+0000][5.160s][info ][gc            ] GC(7) Concurrent Cycle
[2023-11-15T19:00:38.042+0000][5.160s][info ][gc,marking    ] GC(7) Concurrent Clear Claimed Marks
[2023-11-15T19:00:38.042+0000][5.160s][info ][gc,marking    ] GC(7) Concurrent Clear Claimed Marks 0.046ms
[2023-11-15T19:00:38.042+0000][5.160s][info ][gc,marking    ] GC(7) Concurrent Scan Root Regions
[2023-11-15T19:00:38.043+0000][5.161s][info ][gc,stringdedup] Concurrent String Deduplication (5.161s)
[2023-11-15T19:00:38.045+0000][5.163s][info ][gc,stringdedup] Concurrent String Deduplication 151.4K->108.1K(44336.0B) avg 13.7% (5.161s, 5.163s) 1.243ms
[2023-11-15T19:00:38.049+0000][5.167s][info ][gc,marking    ] GC(7) Concurrent Scan Root Regions 6.361ms
[2023-11-15T19:00:38.049+0000][5.167s][info ][gc,marking    ] GC(7) Concurrent Mark (5.167s)
[2023-11-15T19:00:38.049+0000][5.167s][info ][gc,marking    ] GC(7) Concurrent Mark From Roots
[2023-11-15T19:00:38.049+0000][5.167s][info ][gc,task       ] GC(7) Using 1 workers of 1 for marking
[2023-11-15T19:00:38.085+0000][5.203s][debug][safepoint     ] Safepoint synchronization initiated. (11 threads)
[2023-11-15T19:00:38.085+0000][5.203s][info ][safepoint     ] Application time: 0.0427824 seconds
[2023-11-15T19:00:38.087+0000][5.205s][debug][safepoint     ] ... found polling page return exception at pc = 0x00007fcb7c2dd44d, stub =0x00007fcb7483a800
[2023-11-15T19:00:38.088+0000][5.206s][debug][safepoint     ] Waiting for 1 thread(s) to block
[2023-11-15T19:00:38.088+0000][5.206s][info ][safepoint     ] Entering safepoint region: CollectForMetadataAllocation
[2023-11-15T19:00:38.088+0000][5.206s][info ][safepoint     ] Leaving safepoint region
[2023-11-15T19:00:38.088+0000][5.206s][info ][safepoint     ] Total time for which application threads were stopped: 0.0025453 seconds, Stopping threads took: 0.0024504 seconds
[2023-11-15T19:00:38.089+0000][5.207s][info ][gc,marking    ] GC(7) Concurrent Mark From Roots 39.775ms
[2023-11-15T19:00:38.089+0000][5.207s][info ][gc,marking    ] GC(7) Concurrent Preclean
[2023-11-15T19:00:38.089+0000][5.207s][info ][gc,marking    ] GC(7) Concurrent Preclean 0.079ms
[2023-11-15T19:00:38.089+0000][5.207s][info ][gc,marking    ] GC(7) Concurrent Mark (5.167s, 5.207s) 39.889ms
[2023-11-15T19:00:38.089+0000][5.207s][debug][safepoint     ] Safepoint synchronization initiated. (11 threads)
[2023-11-15T19:00:38.089+0000][5.207s][info ][safepoint     ] Application time: 0.0010623 seconds
[2023-11-15T19:00:38.089+0000][5.207s][debug][safepoint     ] Waiting for 1 thread(s) to block
[2023-11-15T19:00:38.089+0000][5.207s][info ][safepoint     ] Entering safepoint region: CGC_Operation
[2023-11-15T19:00:38.089+0000][5.207s][info ][gc,start      ] GC(7) Pause Remark
[2023-11-15T19:00:38.106+0000][5.224s][info ][gc,stringtable] GC(7) Cleaned string and symbol table, strings: 7533 processed, 7 removed, symbols: 55539 processed, 115 removed
[2023-11-15T19:00:38.106+0000][5.224s][info ][gc            ] GC(7) Pause Remark 26M->26M(342M) 16.637ms
[2023-11-15T19:00:38.106+0000][5.224s][info ][gc,cpu        ] GC(7) User=0.01s Sys=0.00s Real=0.01s
[2023-11-15T19:00:38.106+0000][5.224s][info ][safepoint     ] Leaving safepoint region
[2023-11-15T19:00:38.106+0000][5.224s][info ][safepoint     ] Total time for which application threads were stopped: 0.0170033 seconds, Stopping threads took: 0.0002814 seconds
[2023-11-15T19:00:38.106+0000][5.224s][info ][gc,marking    ] GC(7) Concurrent Rebuild Remembered Sets
[2023-11-15T19:00:38.112+0000][5.230s][info ][gc,marking    ] GC(7) Concurrent Rebuild Remembered Sets 6.102ms
[2023-11-15T19:00:38.112+0000][5.230s][debug][safepoint     ] Safepoint synchronization initiated. (11 threads)
[2023-11-15T19:00:38.112+0000][5.230s][info ][safepoint     ] Application time: 0.0061897 seconds
[2023-11-15T19:00:38.112+0000][5.230s][info ][safepoint     ] Entering safepoint region: CGC_Operation
[2023-11-15T19:00:38.112+0000][5.230s][info ][gc,start      ] GC(7) Pause Cleanup
[2023-11-15T19:00:38.112+0000][5.230s][info ][gc            ] GC(7) Pause Cleanup 26M->26M(342M) 0.151ms
[2023-11-15T19:00:38.112+0000][5.230s][info ][gc,cpu        ] GC(7) User=0.00s Sys=0.00s Real=0.00s
[2023-11-15T19:00:38.112+0000][5.230s][info ][safepoint     ] Leaving safepoint region
[2023-11-15T19:00:38.112+0000][5.230s][info ][safepoint     ] Total time for which application threads were stopped: 0.0002361 seconds, Stopping threads took: 0.0000086 seconds
[2023-11-15T19:00:38.112+0000][5.230s][info ][gc,marking    ] GC(7) Concurrent Cleanup for Next Mark
[2023-11-15T19:00:38.131+0000][5.249s][info ][gc,marking    ] GC(7) Concurrent Cleanup for Next Mark 18.833ms
[2023-11-15T19:00:38.131+0000][5.249s][info ][gc            ] GC(7) Concurrent Cycle 88.736ms
[2023-11-15T19:00:38.566+0000][5.684s][debug][safepoint     ] Safepoint synchronization initiated. (11 threads)
[2023-11-15T19:00:38.566+0000][5.684s][info ][safepoint     ] Application time: 0.4537181 seconds
[2023-11-15T19:00:38.566+0000][5.684s][debug][safepoint     ] ... found polling page return exception at pc = 0x00007fcb7c2e471f, stub =0x00007fcb7483a800
[2023-11-15T19:00:38.566+0000][5.684s][debug][safepoint     ] Waiting for 2 thread(s) to block
[2023-11-15T19:00:38.568+0000][5.686s][info ][safepoint     ] Entering safepoint region: Deoptimize
[2023-11-15T19:00:38.568+0000][5.686s][info ][safepoint     ] Leaving safepoint region
[2023-11-15T19:00:38.568+0000][5.686s][info ][safepoint     ] Total time for which application threads were stopped: 0.0024255 seconds, Stopping threads took: 0.0020823 seconds
[2023-11-15T19:00:39.311+0000][6.429s][debug][safepoint     ] Safepoint synchronization initiated. (10 threads)
[2023-11-15T19:00:39.311+0000][6.429s][info ][safepoint     ] Application time: 0.7426651 seconds
[2023-11-15T19:00:39.311+0000][6.429s][debug][safepoint     ] Waiting for 1 thread(s) to block
[2023-11-15T19:00:39.311+0000][6.429s][info ][safepoint     ] Entering safepoint region: G1CollectForAllocation
[2023-11-15T19:00:39.311+0000][6.429s][info ][gc,start      ] GC(8) Pause Young (Concurrent Start) (G1 Evacuation Pause)
[2023-11-15T19:00:39.311+0000][6.429s][info ][gc,task       ] GC(8) Using 4 workers of 4 for evacuation
[2023-11-15T19:00:39.351+0000][6.469s][info ][gc,phases     ] GC(8)   Pre Evacuate Collection Set: 0.1ms
[2023-11-15T19:00:39.351+0000][6.469s][info ][gc,phases     ] GC(8)   Evacuate Collection Set: 37.0ms
[2023-11-15T19:00:39.351+0000][6.469s][info ][gc,phases     ] GC(8)   Post Evacuate Collection Set: 2.4ms
[2023-11-15T19:00:39.351+0000][6.469s][info ][gc,phases     ] GC(8)   Other: 0.2ms
[2023-11-15T19:00:39.351+0000][6.469s][info ][gc,heap       ] GC(8) Eden regions: 196->0(192)
[2023-11-15T19:00:39.351+0000][6.469s][info ][gc,heap       ] GC(8) Survivor regions: 9->13(26)
[2023-11-15T19:00:39.351+0000][6.469s][info ][gc,heap       ] GC(8) Old regions: 10->10
[2023-11-15T19:00:39.351+0000][6.469s][info ][gc,heap       ] GC(8) Humongous regions: 0->0
[2023-11-15T19:00:39.351+0000][6.469s][info ][gc,metaspace  ] GC(8) Metaspace: 24103K(25212K)->24103K(25212K) NonClass: 21058K(21756K)->21058K(21756K) Class: 3045K(3456K)->3045K(3456K)
[2023-11-15T19:00:39.351+0000][6.469s][info ][gc            ] GC(8) Pause Young (Concurrent Start) (G1 Evacuation Pause) 212M->20M(342M) 39.738ms
[2023-11-15T19:00:39.351+0000][6.469s][info ][gc,cpu        ] GC(8) User=0.06s Sys=0.00s Real=0.04s
[2023-11-15T19:00:39.351+0000][6.469s][info ][safepoint     ] Leaving safepoint region
[2023-11-15T19:00:39.351+0000][6.469s][info ][safepoint     ] Total time for which application threads were stopped: 0.0399183 seconds, Stopping threads took: 0.0000271 seconds
[2023-11-15T19:00:39.351+0000][6.469s][info ][gc            ] GC(9) Concurrent Cycle
[2023-11-15T19:00:39.351+0000][6.469s][info ][gc,marking    ] GC(9) Concurrent Clear Claimed Marks
[2023-11-15T19:00:39.351+0000][6.469s][info ][gc,marking    ] GC(9) Concurrent Clear Claimed Marks 0.056ms
[2023-11-15T19:00:39.351+0000][6.469s][info ][gc,marking    ] GC(9) Concurrent Scan Root Regions
[2023-11-15T19:00:39.351+0000][6.469s][info ][gc,stringdedup] Concurrent String Deduplication (6.469s)
[2023-11-15T19:00:39.357+0000][6.475s][info ][gc,stringdedup] Concurrent String Deduplication 753.0K->618.9K(134.1K) avg 14.6% (6.469s, 6.475s) 6.304ms
[2023-11-15T19:00:39.365+0000][6.483s][info ][gc,marking    ] GC(9) Concurrent Scan Root Regions 13.448ms
[2023-11-15T19:00:39.365+0000][6.483s][info ][gc,marking    ] GC(9) Concurrent Mark (6.483s)
[2023-11-15T19:00:39.365+0000][6.483s][info ][gc,marking    ] GC(9) Concurrent Mark From Roots
[2023-11-15T19:00:39.365+0000][6.483s][info ][gc,task       ] GC(9) Using 1 workers of 1 for marking
[2023-11-15T19:00:39.408+0000][6.526s][info ][gc,marking    ] GC(9) Concurrent Mark From Roots 43.307ms
[2023-11-15T19:00:39.408+0000][6.526s][info ][gc,marking    ] GC(9) Concurrent Preclean
[2023-11-15T19:00:39.408+0000][6.526s][info ][gc,marking    ] GC(9) Concurrent Preclean 0.059ms
[2023-11-15T19:00:39.408+0000][6.526s][info ][gc,marking    ] GC(9) Concurrent Mark (6.483s, 6.526s) 43.421ms
[2023-11-15T19:00:39.408+0000][6.526s][debug][safepoint     ] Safepoint synchronization initiated. (10 threads)
[2023-11-15T19:00:39.408+0000][6.526s][info ][safepoint     ] Application time: 0.0570358 seconds
[2023-11-15T19:00:39.408+0000][6.526s][debug][safepoint     ] ... found polling page return exception at pc = 0x00007fcb7c3c5bf6, stub =0x00007fcb7483a800
[2023-11-15T19:00:39.408+0000][6.526s][debug][safepoint     ] Waiting for 1 thread(s) to block
[2023-11-15T19:00:39.408+0000][6.526s][info ][safepoint     ] Entering safepoint region: CGC_Operation
[2023-11-15T19:00:39.408+0000][6.526s][info ][gc,start      ] GC(9) Pause Remark
[2023-11-15T19:00:39.423+0000][6.541s][info ][gc,stringtable] GC(9) Cleaned string and symbol table, strings: 8863 processed, 0 removed, symbols: 62442 processed, 7 removed
[2023-11-15T19:00:39.423+0000][6.541s][info ][gc            ] GC(9) Pause Remark 33M->33M(342M) 15.014ms
[2023-11-15T19:00:39.423+0000][6.541s][info ][gc,cpu        ] GC(9) User=0.03s Sys=0.00s Real=0.01s
[2023-11-15T19:00:39.423+0000][6.541s][info ][safepoint     ] Leaving safepoint region
[2023-11-15T19:00:39.423+0000][6.541s][info ][safepoint     ] Total time for which application threads were stopped: 0.0152144 seconds, Stopping threads took: 0.0000707 seconds
[2023-11-15T19:00:39.423+0000][6.541s][info ][gc,marking    ] GC(9) Concurrent Rebuild Remembered Sets
[2023-11-15T19:00:39.429+0000][6.547s][info ][gc,marking    ] GC(9) Concurrent Rebuild Remembered Sets 6.121ms
[2023-11-15T19:00:39.429+0000][6.547s][debug][safepoint     ] Safepoint synchronization initiated. (10 threads)
[2023-11-15T19:00:39.430+0000][6.547s][info ][safepoint     ] Application time: 0.0062093 seconds
[2023-11-15T19:00:39.430+0000][6.548s][debug][safepoint     ] ... found polling page loop exception at pc = 0x00007fcb752c9641, stub =0x00007fcb7483ab00
[2023-11-15T19:00:39.430+0000][6.548s][debug][safepoint     ] Waiting for 1 thread(s) to block
[2023-11-15T19:00:39.430+0000][6.548s][info ][safepoint     ] Entering safepoint region: CGC_Operation
[2023-11-15T19:00:39.430+0000][6.548s][info ][gc,start      ] GC(9) Pause Cleanup
[2023-11-15T19:00:39.430+0000][6.548s][info ][gc            ] GC(9) Pause Cleanup 34M->34M(342M) 0.141ms
[2023-11-15T19:00:39.430+0000][6.548s][info ][gc,cpu        ] GC(9) User=0.00s Sys=0.00s Real=0.00s
[2023-11-15T19:00:39.430+0000][6.548s][info ][safepoint     ] Leaving safepoint region
[2023-11-15T19:00:39.430+0000][6.548s][info ][safepoint     ] Total time for which application threads were stopped: 0.0002992 seconds, Stopping threads took: 0.0000816 seconds
[2023-11-15T19:00:39.430+0000][6.548s][info ][gc,marking    ] GC(9) Concurrent Cleanup for Next Mark
[2023-11-15T19:00:39.442+0000][6.560s][info ][gc,marking    ] GC(9) Concurrent Cleanup for Next Mark 11.933ms
[2023-11-15T19:00:39.442+0000][6.560s][info ][gc            ] GC(9) Concurrent Cycle 90.807ms
[2023-11-15T19:00:40.429+0000][7.547s][debug][safepoint     ] Safepoint synchronization initiated. (10 threads)
[2023-11-15T19:00:40.429+0000][7.547s][info ][safepoint     ] Application time: 0.9991017 seconds
[2023-11-15T19:00:40.429+0000][7.547s][info ][safepoint     ] Entering safepoint region: G1CollectForAllocation
[2023-11-15T19:00:40.429+0000][7.547s][info ][gc,start      ] GC(10) Pause Young (Normal) (G1 Evacuation Pause)
[2023-11-15T19:00:40.429+0000][7.547s][info ][gc,task       ] GC(10) Using 4 workers of 4 for evacuation
[2023-11-15T19:00:40.464+0000][7.582s][info ][gc,phases     ] GC(10)   Pre Evacuate Collection Set: 0.1ms
[2023-11-15T19:00:40.464+0000][7.582s][info ][gc,phases     ] GC(10)   Evacuate Collection Set: 31.6ms
[2023-11-15T19:00:40.464+0000][7.582s][info ][gc,phases     ] GC(10)   Post Evacuate Collection Set: 3.1ms
[2023-11-15T19:00:40.464+0000][7.582s][info ][gc,phases     ] GC(10)   Other: 0.1ms
[2023-11-15T19:00:40.464+0000][7.582s][info ][gc,heap       ] GC(10) Eden regions: 192->0(280)
[2023-11-15T19:00:40.464+0000][7.582s][info ][gc,heap       ] GC(10) Survivor regions: 13->18(26)
[2023-11-15T19:00:40.464+0000][7.582s][info ][gc,heap       ] GC(10) Old regions: 10->10
[2023-11-15T19:00:40.464+0000][7.582s][info ][gc,heap       ] GC(10) Humongous regions: 0->0
[2023-11-15T19:00:40.464+0000][7.582s][info ][gc,metaspace  ] GC(10) Metaspace: 24756K(25724K)->24756K(25724K) NonClass: 21648K(22268K)->21648K(22268K) Class: 3107K(3456K)->3107K(3456K)
[2023-11-15T19:00:40.464+0000][7.582s][info ][gc            ] GC(10) Pause Young (Normal) (G1 Evacuation Pause) 212M->25M(498M) 34.999ms
[2023-11-15T19:00:40.464+0000][7.582s][info ][gc,cpu        ] GC(10) User=0.08s Sys=0.00s Real=0.03s
[2023-11-15T19:00:40.464+0000][7.582s][info ][safepoint     ] Leaving safepoint region
[2023-11-15T19:00:40.464+0000][7.582s][info ][safepoint     ] Total time for which application threads were stopped: 0.0351953 seconds, Stopping threads took: 0.0000095 seconds
[2023-11-15T19:00:40.464+0000][7.582s][info ][gc,stringdedup] Concurrent String Deduplication (7.582s)
[2023-11-15T19:00:40.465+0000][7.583s][info ][gc,stringdedup] Concurrent String Deduplication 179.5K->152.6K(27544.0B) avg 14.6% (7.582s, 7.583s) 0.777ms
[2023-11-15T19:00:41.177+0000][8.295s][debug][safepoint     ] Safepoint synchronization initiated. (11 threads)
[2023-11-15T19:00:41.177+0000][8.295s][info ][safepoint     ] Application time: 0.7124627 seconds
[2023-11-15T19:00:41.177+0000][8.295s][info ][safepoint     ] Entering safepoint region: G1CollectForAllocation
[2023-11-15T19:00:41.177+0000][8.295s][info ][gc,start      ] GC(11) Pause Young (Normal) (G1 Evacuation Pause)
[2023-11-15T19:00:41.177+0000][8.295s][info ][gc,task       ] GC(11) Using 4 workers of 4 for evacuation
[2023-11-15T19:00:41.211+0000][8.329s][info ][gc,phases     ] GC(11)   Pre Evacuate Collection Set: 0.0ms
[2023-11-15T19:00:41.211+0000][8.329s][info ][gc,phases     ] GC(11)   Evacuate Collection Set: 31.9ms
[2023-11-15T19:00:41.211+0000][8.329s][info ][gc,phases     ] GC(11)   Post Evacuate Collection Set: 2.1ms
[2023-11-15T19:00:41.211+0000][8.329s][info ][gc,phases     ] GC(11)   Other: 0.2ms
[2023-11-15T19:00:41.211+0000][8.329s][info ][gc,heap       ] GC(11) Eden regions: 280->0(278)
[2023-11-15T19:00:41.211+0000][8.329s][info ][gc,heap       ] GC(11) Survivor regions: 18->20(38)
[2023-11-15T19:00:41.211+0000][8.329s][info ][gc,heap       ] GC(11) Old regions: 10->10
[2023-11-15T19:00:41.211+0000][8.329s][info ][gc,heap       ] GC(11) Humongous regions: 0->0
[2023-11-15T19:00:41.211+0000][8.329s][info ][gc,metaspace  ] GC(11) Metaspace: 26298K(27388K)->26298K(27388K) NonClass: 23074K(23804K)->23074K(23804K) Class: 3224K(3584K)->3224K(3584K)
[2023-11-15T19:00:41.211+0000][8.329s][info ][gc            ] GC(11) Pause Young (Normal) (G1 Evacuation Pause) 305M->27M(498M) 34.295ms
[2023-11-15T19:00:41.211+0000][8.329s][info ][gc,cpu        ] GC(11) User=0.07s Sys=0.00s Real=0.04s
[2023-11-15T19:00:41.211+0000][8.329s][info ][safepoint     ] Leaving safepoint region
[2023-11-15T19:00:41.211+0000][8.329s][info ][safepoint     ] Total time for which application threads were stopped: 0.0344597 seconds, Stopping threads took: 0.0000107 seconds
[2023-11-15T19:00:41.211+0000][8.329s][info ][gc,stringdedup] Concurrent String Deduplication (8.329s)
[2023-11-15T19:00:41.217+0000][8.335s][info ][gc,stringdedup] Concurrent String Deduplication 1481.9K->769.7K(712.2K) avg 24.0% (8.329s, 8.335s) 6.258ms
[2023-11-15T19:00:41.953+0000][9.071s][debug][safepoint     ] Safepoint synchronization initiated. (10 threads)
[2023-11-15T19:00:41.953+0000][9.071s][info ][safepoint     ] Application time: 0.7420308 seconds
[2023-11-15T19:00:41.953+0000][9.071s][debug][safepoint     ] Waiting for 1 thread(s) to block
[2023-11-15T19:00:41.953+0000][9.071s][info ][safepoint     ] Entering safepoint region: ICBufferFull
[2023-11-15T19:00:41.953+0000][9.071s][info ][safepoint     ] Leaving safepoint region
[2023-11-15T19:00:41.953+0000][9.071s][info ][safepoint     ] Total time for which application threads were stopped: 0.0001662 seconds, Stopping threads took: 0.0000260 seconds
[2023-11-15T19:00:42.006+0000][9.124s][debug][safepoint     ] Safepoint synchronization initiated. (10 threads)
[2023-11-15T19:00:42.006+0000][9.124s][info ][safepoint     ] Application time: 0.0527176 seconds
[2023-11-15T19:00:42.006+0000][9.124s][debug][safepoint     ] Waiting for 1 thread(s) to block
[2023-11-15T19:00:42.006+0000][9.124s][info ][safepoint     ] Entering safepoint region: G1CollectForAllocation
[2023-11-15T19:00:42.006+0000][9.124s][info ][gc,start      ] GC(12) Pause Young (Normal) (G1 Evacuation Pause)
[2023-11-15T19:00:42.006+0000][9.124s][info ][gc,task       ] GC(12) Using 4 workers of 4 for evacuation
[2023-11-15T19:00:42.043+0000][9.161s][info ][gc,phases     ] GC(12)   Pre Evacuate Collection Set: 0.0ms
[2023-11-15T19:00:42.043+0000][9.161s][info ][gc,phases     ] GC(12)   Evacuate Collection Set: 29.5ms
[2023-11-15T19:00:42.043+0000][9.161s][info ][gc,phases     ] GC(12)   Post Evacuate Collection Set: 7.5ms
[2023-11-15T19:00:42.043+0000][9.161s][info ][gc,phases     ] GC(12)   Other: 0.1ms
[2023-11-15T19:00:42.043+0000][9.161s][info ][gc,heap       ] GC(12) Eden regions: 278->0(277)
[2023-11-15T19:00:42.043+0000][9.161s][info ][gc,heap       ] GC(12) Survivor regions: 20->21(38)
[2023-11-15T19:00:42.043+0000][9.161s][info ][gc,heap       ] GC(12) Old regions: 10->10
[2023-11-15T19:00:42.043+0000][9.161s][info ][gc,heap       ] GC(12) Humongous regions: 0->0
[2023-11-15T19:00:42.043+0000][9.161s][info ][gc,metaspace  ] GC(12) Metaspace: 32233K(33148K)->32233K(33148K) NonClass: 28363K(28924K)->28363K(28924K) Class: 3870K(4224K)->3870K(4224K)
[2023-11-15T19:00:42.043+0000][9.161s][info ][gc            ] GC(12) Pause Young (Normal) (G1 Evacuation Pause) 305M->28M(498M) 37.264ms
[2023-11-15T19:00:42.043+0000][9.161s][info ][gc,cpu        ] GC(12) User=0.06s Sys=0.00s Real=0.04s
[2023-11-15T19:00:42.043+0000][9.161s][info ][safepoint     ] Leaving safepoint region
[2023-11-15T19:00:42.043+0000][9.161s][info ][safepoint     ] Total time for which application threads were stopped: 0.0374160 seconds, Stopping threads took: 0.0000288 seconds
[2023-11-15T19:00:42.043+0000][9.161s][info ][gc,stringdedup] Concurrent String Deduplication (9.161s)
[2023-11-15T19:00:42.050+0000][9.168s][info ][gc,stringdedup] Concurrent String Deduplication 1632.6K->512.0K(1120.6K) avg 34.5% (9.161s, 9.168s) 6.096ms
[2023-11-15T19:00:42.256+0000][9.374s][debug][safepoint     ] Safepoint synchronization initiated. (10 threads)
[2023-11-15T19:00:42.256+0000][9.374s][info ][safepoint     ] Application time: 0.2122393 seconds
[2023-11-15T19:00:42.256+0000][9.374s][info ][safepoint     ] Entering safepoint region: Deoptimize
[2023-11-15T19:00:42.256+0000][9.374s][info ][safepoint     ] Leaving safepoint region
[2023-11-15T19:00:42.256+0000][9.374s][info ][safepoint     ] Total time for which application threads were stopped: 0.0003712 seconds, Stopping threads took: 0.0000089 seconds
[2023-11-15T19:00:42.628+0000][9.746s][debug][safepoint     ] Safepoint synchronization initiated. (10 threads)
[2023-11-15T19:00:42.628+0000][9.746s][info ][safepoint     ] Application time: 0.3723970 seconds
[2023-11-15T19:00:42.628+0000][9.746s][info ][safepoint     ] Entering safepoint region: Deoptimize
[2023-11-15T19:00:42.629+0000][9.747s][info ][safepoint     ] Leaving safepoint region
[2023-11-15T19:00:42.629+0000][9.747s][info ][safepoint     ] Total time for which application threads were stopped: 0.0003854 seconds, Stopping threads took: 0.0000085 seconds
[2023-11-15T19:00:42.771+0000][9.889s][debug][safepoint     ] Safepoint synchronization initiated. (10 threads)
[2023-11-15T19:00:42.771+0000][9.889s][info ][safepoint     ] Application time: 0.1423588 seconds
[2023-11-15T19:00:42.771+0000][9.889s][info ][safepoint     ] Entering safepoint region: G1CollectForAllocation
[2023-11-15T19:00:42.771+0000][9.889s][info ][gc,start      ] GC(13) Pause Young (Normal) (G1 Evacuation Pause)
[2023-11-15T19:00:42.771+0000][9.889s][info ][gc,task       ] GC(13) Using 4 workers of 4 for evacuation
[2023-11-15T19:00:42.807+0000][9.925s][info ][gc,phases     ] GC(13)   Pre Evacuate Collection Set: 0.0ms
[2023-11-15T19:00:42.807+0000][9.925s][info ][gc,phases     ] GC(13)   Evacuate Collection Set: 33.4ms
[2023-11-15T19:00:42.807+0000][9.925s][info ][gc,phases     ] GC(13)   Post Evacuate Collection Set: 2.5ms
[2023-11-15T19:00:42.807+0000][9.925s][info ][gc,phases     ] GC(13)   Other: 0.1ms
[2023-11-15T19:00:42.807+0000][9.925s][info ][gc,heap       ] GC(13) Eden regions: 277->0(278)
[2023-11-15T19:00:42.807+0000][9.925s][info ][gc,heap       ] GC(13) Survivor regions: 21->20(38)
[2023-11-15T19:00:42.807+0000][9.925s][info ][gc,heap       ] GC(13) Old regions: 10->10
[2023-11-15T19:00:42.807+0000][9.925s][info ][gc,heap       ] GC(13) Humongous regions: 0->0
[2023-11-15T19:00:42.808+0000][9.925s][info ][gc,metaspace  ] GC(13) Metaspace: 33638K(34684K)->33638K(34684K) NonClass: 29590K(30204K)->29590K(30204K) Class: 4047K(4480K)->4047K(4480K)
[2023-11-15T19:00:42.808+0000][9.926s][info ][gc            ] GC(13) Pause Young (Normal) (G1 Evacuation Pause) 305M->28M(498M) 36.230ms
[2023-11-15T19:00:42.808+0000][9.926s][info ][gc,cpu        ] GC(13) User=0.07s Sys=0.01s Real=0.04s
[2023-11-15T19:00:42.808+0000][9.926s][info ][safepoint     ] Leaving safepoint region
[2023-11-15T19:00:42.808+0000][9.926s][info ][safepoint     ] Total time for which application threads were stopped: 0.0363648 seconds, Stopping threads took: 0.0000093 seconds
[2023-11-15T19:00:42.808+0000][9.926s][info ][gc,stringdedup] Concurrent String Deduplication (9.926s)
[2023-11-15T19:00:42.808+0000][9.926s][info ][gc,stringdedup] Concurrent String Deduplication 177.2K->73080.0B(105.8K) avg 35.2% (9.926s, 9.926s) 0.799ms
[2023-11-15T19:00:42.974+0000][10.092s][debug][safepoint     ] Safepoint synchronization initiated. (10 threads)
[2023-11-15T19:00:42.974+0000][10.092s][info ][safepoint     ] Application time: 0.1666494 seconds
[2023-11-15T19:00:42.974+0000][10.092s][debug][safepoint     ] Waiting for 1 thread(s) to block
[2023-11-15T19:00:42.974+0000][10.092s][info ][safepoint     ] Entering safepoint region: Deoptimize
[2023-11-15T19:00:42.975+0000][10.093s][info ][safepoint     ] Leaving safepoint region
[2023-11-15T19:00:42.975+0000][10.093s][info ][safepoint     ] Total time for which application threads were stopped: 0.0007062 seconds, Stopping threads took: 0.0000370 seconds
[2023-11-15T19:00:42.984+0000][10.102s][debug][safepoint     ] Safepoint synchronization initiated. (10 threads)
[2023-11-15T19:00:42.984+0000][10.102s][info ][safepoint     ] Application time: 0.0088994 seconds
[2023-11-15T19:00:42.984+0000][10.102s][debug][safepoint     ] Waiting for 1 thread(s) to block
[2023-11-15T19:00:42.984+0000][10.102s][info ][safepoint     ] Entering safepoint region: Deoptimize
[2023-11-15T19:00:42.984+0000][10.102s][info ][safepoint     ] Leaving safepoint region
[2023-11-15T19:00:42.984+0000][10.102s][info ][safepoint     ] Total time for which application threads were stopped: 0.0004607 seconds, Stopping threads took: 0.0000256 seconds
[2023-11-15T19:00:43.007+0000][10.125s][debug][safepoint     ] Safepoint synchronization initiated. (10 threads)
[2023-11-15T19:00:43.007+0000][10.125s][info ][safepoint     ] Application time: 0.0230071 seconds
[2023-11-15T19:00:43.007+0000][10.125s][debug][safepoint     ] Waiting for 1 thread(s) to block
[2023-11-15T19:00:43.007+0000][10.125s][info ][safepoint     ] Entering safepoint region: Deoptimize
[2023-11-15T19:00:43.008+0000][10.126s][info ][safepoint     ] Leaving safepoint region
[2023-11-15T19:00:43.008+0000][10.126s][info ][safepoint     ] Total time for which application threads were stopped: 0.0004461 seconds, Stopping threads took: 0.0000266 seconds
[2023-11-15T19:00:43.039+0000][10.157s][debug][safepoint     ] Safepoint synchronization initiated. (10 threads)
[2023-11-15T19:00:43.040+0000][10.158s][info ][safepoint     ] Application time: 0.0317136 seconds
[2023-11-15T19:00:43.040+0000][10.158s][debug][safepoint     ] Waiting for 1 thread(s) to block
[2023-11-15T19:00:43.040+0000][10.158s][info ][safepoint     ] Entering safepoint region: Deoptimize
[2023-11-15T19:00:43.040+0000][10.158s][info ][safepoint     ] Leaving safepoint region
[2023-11-15T19:00:43.040+0000][10.158s][info ][safepoint     ] Total time for which application threads were stopped: 0.0004757 seconds, Stopping threads took: 0.0000279 seconds
[2023-11-15T19:00:43.255+0000][10.373s][debug][safepoint     ] Safepoint synchronization initiated. (10 threads)
[2023-11-15T19:00:43.255+0000][10.373s][info ][safepoint     ] Application time: 0.2149454 seconds
[2023-11-15T19:00:43.255+0000][10.373s][info ][safepoint     ] Entering safepoint region: Deoptimize
[2023-11-15T19:00:43.256+0000][10.374s][info ][safepoint     ] Leaving safepoint region
[2023-11-15T19:00:43.256+0000][10.374s][info ][safepoint     ] Total time for which application threads were stopped: 0.0005700 seconds, Stopping threads took: 0.0000165 seconds
[2023-11-15T19:00:43.285+0000][10.403s][debug][safepoint     ] Safepoint synchronization initiated. (10 threads)
[2023-11-15T19:00:43.285+0000][10.403s][info ][safepoint     ] Application time: 0.0297180 seconds
[2023-11-15T19:00:43.285+0000][10.403s][info ][safepoint     ] Entering safepoint region: Deoptimize
[2023-11-15T19:00:43.286+0000][10.404s][info ][safepoint     ] Leaving safepoint region
[2023-11-15T19:00:43.286+0000][10.404s][info ][safepoint     ] Total time for which application threads were stopped: 0.0004330 seconds, Stopping threads took: 0.0000264 seconds
[2023-11-15T19:00:43.599+0000][10.717s][debug][safepoint     ] Safepoint synchronization initiated. (10 threads)
[2023-11-15T19:00:43.599+0000][10.717s][info ][safepoint     ] Application time: 0.3128589 seconds
[2023-11-15T19:00:43.599+0000][10.717s][info ][safepoint     ] Entering safepoint region: ICBufferFull
[2023-11-15T19:00:43.599+0000][10.717s][info ][safepoint     ] Leaving safepoint region
[2023-11-15T19:00:43.599+0000][10.717s][info ][safepoint     ] Total time for which application threads were stopped: 0.0001954 seconds, Stopping threads took: 0.0000174 seconds
[2023-11-15T19:00:43.625+0000][10.743s][debug][safepoint     ] Safepoint synchronization initiated. (10 threads)
[2023-11-15T19:00:43.626+0000][10.744s][info ][safepoint     ] Application time: 0.0266840 seconds
[2023-11-15T19:00:43.626+0000][10.744s][info ][safepoint     ] Entering safepoint region: G1CollectForAllocation
[2023-11-15T19:00:43.626+0000][10.744s][info ][gc,start      ] GC(14) Pause Young (Normal) (G1 Evacuation Pause)
[2023-11-15T19:00:43.626+0000][10.744s][info ][gc,task       ] GC(14) Using 4 workers of 4 for evacuation
[2023-11-15T19:00:43.648+0000][10.766s][info ][gc,phases     ] GC(14)   Pre Evacuate Collection Set: 0.0ms
[2023-11-15T19:00:43.648+0000][10.766s][info ][gc,phases     ] GC(14)   Evacuate Collection Set: 18.3ms
[2023-11-15T19:00:43.648+0000][10.766s][info ][gc,phases     ] GC(14)   Post Evacuate Collection Set: 3.5ms
[2023-11-15T19:00:43.648+0000][10.766s][info ][gc,phases     ] GC(14)   Other: 0.2ms
[2023-11-15T19:00:43.648+0000][10.766s][info ][gc,heap       ] GC(14) Eden regions: 278->0(370)
[2023-11-15T19:00:43.648+0000][10.766s][info ][gc,heap       ] GC(14) Survivor regions: 20->20(38)
[2023-11-15T19:00:43.648+0000][10.766s][info ][gc,heap       ] GC(14) Old regions: 10->11
[2023-11-15T19:00:43.648+0000][10.766s][info ][gc,heap       ] GC(14) Humongous regions: 0->0
[2023-11-15T19:00:43.648+0000][10.766s][info ][gc,metaspace  ] GC(14) Metaspace: 38010K(39164K)->38010K(39164K) NonClass: 33357K(34044K)->33357K(34044K) Class: 4653K(5120K)->4653K(5120K)
[2023-11-15T19:00:43.648+0000][10.766s][info ][gc            ] GC(14) Pause Young (Normal) (G1 Evacuation Pause) 306M->29M(650M) 22.111ms
[2023-11-15T19:00:43.648+0000][10.766s][info ][gc,cpu        ] GC(14) User=0.06s Sys=0.00s Real=0.03s
[2023-11-15T19:00:43.648+0000][10.766s][info ][safepoint     ] Leaving safepoint region
[2023-11-15T19:00:43.648+0000][10.766s][info ][safepoint     ] Total time for which application threads were stopped: 0.0222472 seconds, Stopping threads took: 0.0000096 seconds
[2023-11-15T19:00:43.648+0000][10.766s][info ][gc,stringdedup] Concurrent String Deduplication (10.766s)
[2023-11-15T19:00:43.649+0000][10.767s][info ][gc,stringdedup] Concurrent String Deduplication 212.0K->60104.0B(153.3K) avg 36.2% (10.766s, 10.767s) 1.178ms
[2023-11-15T19:00:43.843+0000][10.961s][debug][safepoint     ] Safepoint synchronization initiated. (10 threads)
[2023-11-15T19:00:43.843+0000][10.961s][info ][safepoint     ] Application time: 0.1951049 seconds
[2023-11-15T19:00:43.843+0000][10.961s][debug][safepoint     ] Waiting for 1 thread(s) to block
[2023-11-15T19:00:43.843+0000][10.961s][info ][safepoint     ] Entering safepoint region: ICBufferFull
[2023-11-15T19:00:43.843+0000][10.961s][info ][safepoint     ] Leaving safepoint region
[2023-11-15T19:00:43.843+0000][10.961s][info ][safepoint     ] Total time for which application threads were stopped: 0.0001479 seconds, Stopping threads took: 0.0000276 seconds
[2023-11-15T19:00:44.123+0000][11.241s][debug][safepoint     ] Safepoint synchronization initiated. (10 threads)
[2023-11-15T19:00:44.123+0000][11.241s][info ][safepoint     ] Application time: 0.2799399 seconds
[2023-11-15T19:00:44.123+0000][11.241s][debug][safepoint     ] Waiting for 1 thread(s) to block
[2023-11-15T19:00:44.123+0000][11.241s][info ][safepoint     ] Entering safepoint region: ICBufferFull
[2023-11-15T19:00:44.123+0000][11.241s][info ][safepoint     ] Leaving safepoint region
[2023-11-15T19:00:44.123+0000][11.241s][info ][safepoint     ] Total time for which application threads were stopped: 0.0002206 seconds, Stopping threads took: 0.0000400 seconds
[2023-11-15T19:00:44.685+0000][11.803s][debug][safepoint     ] Safepoint synchronization initiated. (10 threads)
[2023-11-15T19:00:44.686+0000][11.804s][info ][safepoint     ] Application time: 0.5622796 seconds
[2023-11-15T19:00:44.686+0000][11.804s][info ][safepoint     ] Entering safepoint region: CollectForMetadataAllocation
[2023-11-15T19:00:44.686+0000][11.804s][info ][gc,start      ] GC(15) Pause Young (Concurrent Start) (Metadata GC Threshold)
[2023-11-15T19:00:44.686+0000][11.804s][info ][gc,task       ] GC(15) Using 4 workers of 4 for evacuation
[2023-11-15T19:00:44.729+0000][11.847s][info ][gc,phases     ] GC(15)   Pre Evacuate Collection Set: 0.1ms
[2023-11-15T19:00:44.729+0000][11.847s][info ][gc,phases     ] GC(15)   Evacuate Collection Set: 40.7ms
[2023-11-15T19:00:44.729+0000][11.847s][info ][gc,phases     ] GC(15)   Post Evacuate Collection Set: 2.0ms
[2023-11-15T19:00:44.729+0000][11.847s][info ][gc,phases     ] GC(15)   Other: 0.2ms
[2023-11-15T19:00:44.729+0000][11.847s][info ][gc,heap       ] GC(15) Eden regions: 214->0(369)
[2023-11-15T19:00:44.729+0000][11.847s][info ][gc,heap       ] GC(15) Survivor regions: 20->21(49)
[2023-11-15T19:00:44.729+0000][11.847s][info ][gc,heap       ] GC(15) Old regions: 11->13
[2023-11-15T19:00:44.729+0000][11.847s][info ][gc,heap       ] GC(15) Humongous regions: 0->0
[2023-11-15T19:00:44.729+0000][11.847s][info ][gc,metaspace  ] GC(15) Metaspace: 40787K(41980K)->40787K(41980K) NonClass: 35756K(36604K)->35756K(36604K) Class: 5030K(5376K)->5030K(5376K)
[2023-11-15T19:00:44.729+0000][11.847s][info ][gc            ] GC(15) Pause Young (Concurrent Start) (Metadata GC Threshold) 243M->31M(650M) 43.108ms
[2023-11-15T19:00:44.729+0000][11.847s][info ][gc,cpu        ] GC(15) User=0.06s Sys=0.00s Real=0.05s
[2023-11-15T19:00:44.729+0000][11.847s][info ][safepoint     ] Leaving safepoint region
[2023-11-15T19:00:44.729+0000][11.847s][info ][gc            ] GC(16) Concurrent Cycle
[2023-11-15T19:00:44.729+0000][11.847s][info ][gc,marking    ] GC(16) Concurrent Clear Claimed Marks
[2023-11-15T19:00:44.729+0000][11.847s][info ][safepoint     ] Total time for which application threads were stopped: 0.0433128 seconds, Stopping threads took: 0.0000091 seconds
[2023-11-15T19:00:44.729+0000][11.847s][info ][gc,marking    ] GC(16) Concurrent Clear Claimed Marks 0.067ms
[2023-11-15T19:00:44.729+0000][11.847s][info ][gc,marking    ] GC(16) Concurrent Scan Root Regions
[2023-11-15T19:00:44.729+0000][11.847s][info ][gc,stringdedup] Concurrent String Deduplication (11.847s)
[2023-11-15T19:00:44.731+0000][11.849s][info ][gc,stringdedup] Concurrent String Deduplication 503.8K->221.8K(281.9K) avg 37.5% (11.847s, 11.849s) 2.314ms
[2023-11-15T19:00:44.741+0000][11.859s][info ][gc,marking    ] GC(16) Concurrent Scan Root Regions 12.197ms
[2023-11-15T19:00:44.741+0000][11.859s][info ][gc,marking    ] GC(16) Concurrent Mark (11.859s)
[2023-11-15T19:00:44.741+0000][11.859s][info ][gc,marking    ] GC(16) Concurrent Mark From Roots
[2023-11-15T19:00:44.741+0000][11.859s][info ][gc,task       ] GC(16) Using 1 workers of 1 for marking
[2023-11-15T19:00:44.758+0000][11.876s][info ][gc,marking    ] GC(16) Concurrent Mark From Roots 16.526ms
[2023-11-15T19:00:44.758+0000][11.876s][info ][gc,marking    ] GC(16) Concurrent Preclean
[2023-11-15T19:00:44.758+0000][11.876s][info ][gc,marking    ] GC(16) Concurrent Preclean 0.052ms
[2023-11-15T19:00:44.758+0000][11.876s][info ][gc,marking    ] GC(16) Concurrent Mark (11.859s, 11.876s) 16.636ms
[2023-11-15T19:00:44.758+0000][11.876s][debug][safepoint     ] Safepoint synchronization initiated. (10 threads)
[2023-11-15T19:00:44.758+0000][11.876s][info ][safepoint     ] Application time: 0.0289669 seconds
[2023-11-15T19:00:44.758+0000][11.876s][debug][safepoint     ] ... found polling page return exception at pc = 0x00007fcb7c50ffbd, stub =0x00007fcb7483a800
[2023-11-15T19:00:44.758+0000][11.876s][debug][safepoint     ] Waiting for 1 thread(s) to block
[2023-11-15T19:00:44.758+0000][11.876s][info ][safepoint     ] Entering safepoint region: CGC_Operation
[2023-11-15T19:00:44.758+0000][11.876s][info ][gc,start      ] GC(16) Pause Remark
[2023-11-15T19:00:44.766+0000][11.884s][info ][gc,stringtable] GC(16) Cleaned string and symbol table, strings: 14342 processed, 1 removed, symbols: 141066 processed, 332 removed
[2023-11-15T19:00:44.766+0000][11.884s][info ][gc            ] GC(16) Pause Remark 35M->35M(650M) 8.257ms
[2023-11-15T19:00:44.766+0000][11.884s][info ][gc,cpu        ] GC(16) User=0.02s Sys=0.00s Real=0.01s
[2023-11-15T19:00:44.766+0000][11.884s][info ][safepoint     ] Leaving safepoint region
[2023-11-15T19:00:44.766+0000][11.884s][info ][safepoint     ] Total time for which application threads were stopped: 0.0085250 seconds, Stopping threads took: 0.0001628 seconds
[2023-11-15T19:00:44.766+0000][11.884s][info ][gc,marking    ] GC(16) Concurrent Rebuild Remembered Sets
[2023-11-15T19:00:44.776+0000][11.894s][info ][gc,marking    ] GC(16) Concurrent Rebuild Remembered Sets 9.361ms
[2023-11-15T19:00:44.776+0000][11.894s][debug][safepoint     ] Safepoint synchronization initiated. (10 threads)
[2023-11-15T19:00:44.776+0000][11.894s][info ][safepoint     ] Application time: 0.0094570 seconds
[2023-11-15T19:00:44.776+0000][11.894s][debug][safepoint     ] Waiting for 1 thread(s) to block
[2023-11-15T19:00:44.776+0000][11.894s][info ][safepoint     ] Entering safepoint region: CGC_Operation
[2023-11-15T19:00:44.776+0000][11.894s][info ][gc,start      ] GC(16) Pause Cleanup
[2023-11-15T19:00:44.776+0000][11.894s][info ][gc            ] GC(16) Pause Cleanup 36M->36M(650M) 0.153ms
[2023-11-15T19:00:44.776+0000][11.894s][info ][gc,cpu        ] GC(16) User=0.00s Sys=0.00s Real=0.00s
[2023-11-15T19:00:44.776+0000][11.894s][info ][safepoint     ] Leaving safepoint region
[2023-11-15T19:00:44.776+0000][11.894s][info ][safepoint     ] Total time for which application threads were stopped: 0.0003741 seconds, Stopping threads took: 0.0001402 seconds
[2023-11-15T19:00:44.776+0000][11.894s][info ][gc,marking    ] GC(16) Concurrent Cleanup for Next Mark
[2023-11-15T19:00:44.779+0000][11.897s][info ][gc,marking    ] GC(16) Concurrent Cleanup for Next Mark 2.732ms
[2023-11-15T19:00:44.779+0000][11.897s][info ][gc            ] GC(16) Concurrent Cycle 50.227ms
[2023-11-15T19:00:44.894+0000][12.012s][debug][safepoint     ] Safepoint synchronization initiated. (10 threads)
[2023-11-15T19:00:44.894+0000][12.012s][info ][safepoint     ] Application time: 0.1178044 seconds
[2023-11-15T19:00:44.894+0000][12.012s][info ][safepoint     ] Entering safepoint region: Deoptimize
[2023-11-15T19:00:44.895+0000][12.013s][info ][safepoint     ] Leaving safepoint region
[2023-11-15T19:00:44.895+0000][12.013s][info ][safepoint     ] Total time for which application threads were stopped: 0.0004543 seconds, Stopping threads took: 0.0000089 seconds
[2023-11-15T19:00:44.910+0000][12.028s][debug][safepoint     ] Safepoint synchronization initiated. (10 threads)
[2023-11-15T19:00:44.910+0000][12.028s][info ][safepoint     ] Application time: 0.0154993 seconds
[2023-11-15T19:00:44.910+0000][12.028s][debug][safepoint     ] Waiting for 1 thread(s) to block
[2023-11-15T19:00:44.910+0000][12.028s][info ][safepoint     ] Entering safepoint region: Deoptimize
[2023-11-15T19:00:44.910+0000][12.028s][info ][safepoint     ] Leaving safepoint region
[2023-11-15T19:00:44.911+0000][12.028s][info ][safepoint     ] Total time for which application threads were stopped: 0.0004385 seconds, Stopping threads took: 0.0000266 seconds
[2023-11-15T19:00:44.935+0000][12.053s][debug][safepoint     ] Safepoint synchronization initiated. (10 threads)
[2023-11-15T19:00:44.935+0000][12.053s][info ][safepoint     ] Application time: 0.0248907 seconds
[2023-11-15T19:00:44.935+0000][12.053s][info ][safepoint     ] Entering safepoint region: Deoptimize
[2023-11-15T19:00:44.936+0000][12.054s][info ][safepoint     ] Leaving safepoint region
[2023-11-15T19:00:44.936+0000][12.054s][info ][safepoint     ] Total time for which application threads were stopped: 0.0006927 seconds, Stopping threads took: 0.0000236 seconds
[2023-11-15T19:00:45.301+0000][12.419s][debug][safepoint     ] Safepoint synchronization initiated. (10 threads)
[2023-11-15T19:00:45.301+0000][12.419s][info ][safepoint     ] Application time: 0.3648258 seconds
[2023-11-15T19:00:45.301+0000][12.419s][info ][safepoint     ] Entering safepoint region: Deoptimize
[2023-11-15T19:00:45.302+0000][12.420s][info ][safepoint     ] Leaving safepoint region
[2023-11-15T19:00:45.302+0000][12.420s][info ][safepoint     ] Total time for which application threads were stopped: 0.0007737 seconds, Stopping threads took: 0.0000088 seconds
[2023-11-15T19:00:45.303+0000][12.421s][debug][safepoint     ] Safepoint synchronization initiated. (10 threads)
[2023-11-15T19:00:45.303+0000][12.421s][info ][safepoint     ] Application time: 0.0008626 seconds
[2023-11-15T19:00:45.303+0000][12.421s][info ][safepoint     ] Entering safepoint region: Deoptimize
[2023-11-15T19:00:45.303+0000][12.421s][info ][safepoint     ] Leaving safepoint region
[2023-11-15T19:00:45.303+0000][12.421s][info ][safepoint     ] Total time for which application threads were stopped: 0.0003872 seconds, Stopping threads took: 0.0000075 seconds
[2023-11-15T19:00:45.397+0000][12.515s][debug][safepoint     ] Safepoint synchronization initiated. (10 threads)
[2023-11-15T19:00:45.397+0000][12.515s][info ][safepoint     ] Application time: 0.0938580 seconds
[2023-11-15T19:00:45.397+0000][12.515s][debug][safepoint     ] Waiting for 1 thread(s) to block
[2023-11-15T19:00:45.397+0000][12.515s][info ][safepoint     ] Entering safepoint region: Deoptimize
[2023-11-15T19:00:45.397+0000][12.515s][info ][safepoint     ] Leaving safepoint region
[2023-11-15T19:00:45.397+0000][12.515s][info ][safepoint     ] Total time for which application threads were stopped: 0.0004598 seconds, Stopping threads took: 0.0000262 seconds
[2023-11-15T19:00:45.777+0000][12.895s][debug][safepoint     ] Safepoint synchronization initiated. (10 threads)
[2023-11-15T19:00:45.777+0000][12.895s][info ][safepoint     ] Application time: 0.3798565 seconds
[2023-11-15T19:00:45.777+0000][12.895s][debug][safepoint     ] Waiting for 1 thread(s) to block
[2023-11-15T19:00:45.777+0000][12.895s][info ][safepoint     ] Entering safepoint region: Deoptimize
[2023-11-15T19:00:45.778+0000][12.896s][info ][safepoint     ] Leaving safepoint region
[2023-11-15T19:00:45.778+0000][12.896s][info ][safepoint     ] Total time for which application threads were stopped: 0.0004954 seconds, Stopping threads took: 0.0000281 seconds
[2023-11-15T19:00:45.778+0000][12.896s][debug][safepoint     ] Safepoint synchronization initiated. (10 threads)
[2023-11-15T19:00:45.778+0000][12.896s][info ][safepoint     ] Application time: 0.0004764 seconds
[2023-11-15T19:00:45.778+0000][12.896s][debug][safepoint     ] Waiting for 1 thread(s) to block
[2023-11-15T19:00:45.778+0000][12.896s][info ][safepoint     ] Entering safepoint region: Deoptimize
[2023-11-15T19:00:45.779+0000][12.897s][info ][safepoint     ] Leaving safepoint region
[2023-11-15T19:00:45.779+0000][12.897s][info ][safepoint     ] Total time for which application threads were stopped: 0.0003771 seconds, Stopping threads took: 0.0000303 seconds
[2023-11-15T19:00:45.945+0000][13.063s][debug][safepoint     ] Safepoint synchronization initiated. (10 threads)
[2023-11-15T19:00:45.945+0000][13.063s][info ][safepoint     ] Application time: 0.1663226 seconds
[2023-11-15T19:00:45.945+0000][13.063s][debug][safepoint     ] Waiting for 1 thread(s) to block
[2023-11-15T19:00:45.945+0000][13.063s][info ][safepoint     ] Entering safepoint region: Deoptimize
[2023-11-15T19:00:45.945+0000][13.063s][info ][safepoint     ] Leaving safepoint region
[2023-11-15T19:00:45.945+0000][13.063s][info ][safepoint     ] Total time for which application threads were stopped: 0.0004818 seconds, Stopping threads took: 0.0000274 seconds
[2023-11-15T19:00:46.076+0000][13.194s][debug][safepoint     ] Safepoint synchronization initiated. (10 threads)
[2023-11-15T19:00:46.076+0000][13.194s][info ][safepoint     ] Application time: 0.1307411 seconds
[2023-11-15T19:00:46.076+0000][13.194s][debug][safepoint     ] Waiting for 1 thread(s) to block
[2023-11-15T19:00:46.076+0000][13.194s][info ][safepoint     ] Entering safepoint region: Deoptimize
[2023-11-15T19:00:46.077+0000][13.195s][info ][safepoint     ] Leaving safepoint region
[2023-11-15T19:00:46.077+0000][13.195s][info ][safepoint     ] Total time for which application threads were stopped: 0.0006697 seconds, Stopping threads took: 0.0000267 seconds
[2023-11-15T19:00:46.442+0000][13.560s][debug][safepoint     ] Safepoint synchronization initiated. (11 threads)
[2023-11-15T19:00:46.442+0000][13.560s][info ][safepoint     ] Application time: 0.3653158 seconds
[2023-11-15T19:00:46.442+0000][13.560s][debug][safepoint     ] Waiting for 2 thread(s) to block
[2023-11-15T19:00:46.443+0000][13.561s][info ][safepoint     ] Entering safepoint region: Deoptimize
[2023-11-15T19:00:46.444+0000][13.562s][info ][safepoint     ] Leaving safepoint region
[2023-11-15T19:00:46.444+0000][13.562s][info ][safepoint     ] Total time for which application threads were stopped: 0.0016425 seconds, Stopping threads took: 0.0008098 seconds
[2023-11-15T19:00:47.445+0000][14.563s][debug][safepoint     ] Safepoint synchronization initiated. (13 threads)
[2023-11-15T19:00:47.445+0000][14.563s][info ][safepoint     ] Application time: 1.0010401 seconds
[2023-11-15T19:00:47.445+0000][14.563s][info ][safepoint     ] Entering safepoint region: Cleanup
[2023-11-15T19:00:47.445+0000][14.563s][info ][safepoint     ] Leaving safepoint region
[2023-11-15T19:00:47.445+0000][14.563s][info ][safepoint     ] Total time for which application threads were stopped: 0.0001232 seconds, Stopping threads took: 0.0000108 seconds
[2023-11-15T19:00:47.549+0000][14.667s][debug][safepoint     ] Safepoint synchronization initiated. (13 threads)
[2023-11-15T19:00:47.549+0000][14.667s][info ][safepoint     ] Application time: 0.1041894 seconds
[2023-11-15T19:00:47.549+0000][14.667s][info ][safepoint     ] Entering safepoint region: Deoptimize
[2023-11-15T19:00:47.550+0000][14.668s][info ][safepoint     ] Leaving safepoint region
[2023-11-15T19:00:47.550+0000][14.668s][info ][safepoint     ] Total time for which application threads were stopped: 0.0005733 seconds, Stopping threads took: 0.0000095 seconds
[2023-11-15T19:00:47.637+0000][14.755s][debug][safepoint     ] Safepoint synchronization initiated. (13 threads)
[2023-11-15T19:00:47.637+0000][14.755s][info ][safepoint     ] Application time: 0.0870041 seconds
[2023-11-15T19:00:47.637+0000][14.755s][info ][safepoint     ] Entering safepoint region: Deoptimize
[2023-11-15T19:00:47.638+0000][14.756s][info ][safepoint     ] Leaving safepoint region
[2023-11-15T19:00:47.638+0000][14.756s][info ][safepoint     ] Total time for which application threads were stopped: 0.0007628 seconds, Stopping threads took: 0.0000194 seconds
[2023-11-15T19:00:47.991+0000][15.109s][debug][safepoint     ] Safepoint synchronization initiated. (13 threads)
[2023-11-15T19:00:47.991+0000][15.109s][info ][safepoint     ] Application time: 0.3535921 seconds
[2023-11-15T19:00:47.991+0000][15.109s][info ][safepoint     ] Entering safepoint region: ICBufferFull
[2023-11-15T19:00:47.991+0000][15.109s][info ][safepoint     ] Leaving safepoint region
[2023-11-15T19:00:47.991+0000][15.109s][info ][safepoint     ] Total time for which application threads were stopped: 0.0001530 seconds, Stopping threads took: 0.0000109 seconds
[2023-11-15T19:00:48.023+0000][15.141s][debug][safepoint     ] Safepoint synchronization initiated. (13 threads)
[2023-11-15T19:00:48.023+0000][15.141s][info ][safepoint     ] Application time: 0.0314637 seconds
[2023-11-15T19:00:48.023+0000][15.141s][info ][safepoint     ] Entering safepoint region: G1CollectForAllocation
[2023-11-15T19:00:48.023+0000][15.141s][info ][gc,start      ] GC(17) Pause Young (Normal) (G1 Evacuation Pause)
[2023-11-15T19:00:48.023+0000][15.141s][info ][gc,task       ] GC(17) Using 4 workers of 4 for evacuation
[2023-11-15T19:00:48.068+0000][15.186s][info ][gc,phases     ] GC(17)   Pre Evacuate Collection Set: 0.0ms
[2023-11-15T19:00:48.068+0000][15.186s][info ][gc,phases     ] GC(17)   Evacuate Collection Set: 40.5ms
[2023-11-15T19:00:48.068+0000][15.186s][info ][gc,phases     ] GC(17)   Post Evacuate Collection Set: 4.8ms
[2023-11-15T19:00:48.069+0000][15.186s][info ][gc,phases     ] GC(17)   Other: 0.2ms
[2023-11-15T19:00:48.069+0000][15.186s][info ][gc,heap       ] GC(17) Eden regions: 369->0(366)
[2023-11-15T19:00:48.069+0000][15.186s][info ][gc,heap       ] GC(17) Survivor regions: 21->24(49)
[2023-11-15T19:00:48.069+0000][15.187s][info ][gc,heap       ] GC(17) Old regions: 13->15
[2023-11-15T19:00:48.069+0000][15.187s][info ][gc,heap       ] GC(17) Humongous regions: 0->0
[2023-11-15T19:00:48.069+0000][15.187s][info ][gc,metaspace  ] GC(17) Metaspace: 52790K(54140K)->52790K(54140K) NonClass: 46287K(47100K)->46287K(47100K) Class: 6503K(7040K)->6503K(7040K)
[2023-11-15T19:00:48.069+0000][15.187s][info ][gc            ] GC(17) Pause Young (Normal) (G1 Evacuation Pause) 400M->37M(650M) 45.614ms
[2023-11-15T19:00:48.069+0000][15.187s][info ][gc,cpu        ] GC(17) User=0.10s Sys=0.00s Real=0.05s
[2023-11-15T19:00:48.069+0000][15.187s][info ][safepoint     ] Leaving safepoint region
[2023-11-15T19:00:48.069+0000][15.187s][info ][safepoint     ] Total time for which application threads were stopped: 0.0457755 seconds, Stopping threads took: 0.0000319 seconds
[2023-11-15T19:00:48.069+0000][15.187s][info ][gc,stringdedup] Concurrent String Deduplication (15.187s)
[2023-11-15T19:00:48.071+0000][15.188s][info ][gc,stringdedup] Concurrent String Deduplication 190.5K->61912.0B(130.1K) avg 38.2% (15.187s, 15.188s) 1.166ms
[2023-11-15T19:00:48.979+0000][16.097s][debug][safepoint     ] Safepoint synchronization initiated. (13 threads)
[2023-11-15T19:00:48.979+0000][16.097s][info ][safepoint     ] Application time: 0.9104702 seconds
[2023-11-15T19:00:48.979+0000][16.097s][info ][safepoint     ] Entering safepoint region: ICBufferFull
[2023-11-15T19:00:48.979+0000][16.097s][info ][safepoint     ] Leaving safepoint region
[2023-11-15T19:00:48.979+0000][16.097s][info ][safepoint     ] Total time for which application threads were stopped: 0.0001772 seconds, Stopping threads took: 0.0000089 seconds
[2023-11-15T19:00:49.178+0000][16.296s][debug][safepoint     ] Safepoint synchronization initiated. (15 threads)
[2023-11-15T19:00:49.178+0000][16.296s][info ][safepoint     ] Application time: 0.1983579 seconds
[2023-11-15T19:00:49.178+0000][16.296s][info ][safepoint     ] Entering safepoint region: G1CollectForAllocation
[2023-11-15T19:00:49.178+0000][16.296s][info ][gc,start      ] GC(18) Pause Young (Normal) (G1 Evacuation Pause)
[2023-11-15T19:00:49.178+0000][16.296s][info ][gc,task       ] GC(18) Using 4 workers of 4 for evacuation
[2023-11-15T19:00:49.215+0000][16.333s][info ][gc,phases     ] GC(18)   Pre Evacuate Collection Set: 0.0ms
[2023-11-15T19:00:49.215+0000][16.333s][info ][gc,phases     ] GC(18)   Evacuate Collection Set: 32.0ms
[2023-11-15T19:00:49.215+0000][16.333s][info ][gc,phases     ] GC(18)   Post Evacuate Collection Set: 3.3ms
[2023-11-15T19:00:49.215+0000][16.333s][info ][gc,phases     ] GC(18)   Other: 1.9ms
[2023-11-15T19:00:49.215+0000][16.333s][info ][gc,heap       ] GC(18) Eden regions: 366->0(365)
[2023-11-15T19:00:49.215+0000][16.333s][info ][gc,heap       ] GC(18) Survivor regions: 24->25(49)
[2023-11-15T19:00:49.215+0000][16.333s][info ][gc,heap       ] GC(18) Old regions: 15->17
[2023-11-15T19:00:49.215+0000][16.333s][info ][gc,heap       ] GC(18) Humongous regions: 0->0
[2023-11-15T19:00:49.215+0000][16.333s][info ][gc,metaspace  ] GC(18) Metaspace: 61177K(62844K)->61177K(62844K) NonClass: 53384K(54524K)->53384K(54524K) Class: 7792K(8320K)->7792K(8320K)
[2023-11-15T19:00:49.215+0000][16.333s][info ][gc            ] GC(18) Pause Young (Normal) (G1 Evacuation Pause) 403M->39M(650M) 37.270ms
[2023-11-15T19:00:49.215+0000][16.333s][info ][gc,cpu        ] GC(18) User=0.07s Sys=0.00s Real=0.04s
[2023-11-15T19:00:49.215+0000][16.333s][info ][safepoint     ] Leaving safepoint region
[2023-11-15T19:00:49.215+0000][16.333s][info ][safepoint     ] Total time for which application threads were stopped: 0.0374368 seconds, Stopping threads took: 0.0000096 seconds
[2023-11-15T19:00:49.215+0000][16.333s][info ][gc,stringdedup] Concurrent String Deduplication (16.333s)
[2023-11-15T19:00:49.217+0000][16.335s][info ][gc,stringdedup] Concurrent String Deduplication 345.0K->104.6K(240.4K) avg 39.5% (16.333s, 16.335s) 1.642ms
[2023-11-15T19:00:49.656+0000][16.774s][debug][safepoint     ] Safepoint synchronization initiated. (15 threads)
[2023-11-15T19:00:49.656+0000][16.774s][info ][safepoint     ] Application time: 0.4407437 seconds
[2023-11-15T19:00:49.656+0000][16.774s][info ][safepoint     ] Entering safepoint region: Deoptimize
[2023-11-15T19:00:49.658+0000][16.776s][info ][safepoint     ] Leaving safepoint region
[2023-11-15T19:00:49.658+0000][16.776s][info ][safepoint     ] Total time for which application threads were stopped: 0.0018198 seconds, Stopping threads took: 0.0000111 seconds
[2023-11-15T19:00:49.905+0000][17.023s][debug][safepoint     ] Safepoint synchronization initiated. (15 threads)
[2023-11-15T19:00:49.905+0000][17.023s][info ][safepoint     ] Application time: 0.2469999 seconds
[2023-11-15T19:00:49.905+0000][17.023s][info ][safepoint     ] Entering safepoint region: ICBufferFull
[2023-11-15T19:00:49.905+0000][17.023s][info ][safepoint     ] Leaving safepoint region
[2023-11-15T19:00:49.905+0000][17.023s][info ][safepoint     ] Total time for which application threads were stopped: 0.0001687 seconds, Stopping threads took: 0.0000107 seconds
[2023-11-15T19:00:50.314+0000][17.432s][debug][safepoint     ] Safepoint synchronization initiated. (15 threads)
[2023-11-15T19:00:50.314+0000][17.432s][info ][safepoint     ] Application time: 0.4087685 seconds
[2023-11-15T19:00:50.314+0000][17.432s][info ][safepoint     ] Entering safepoint region: ICBufferFull
[2023-11-15T19:00:50.314+0000][17.432s][info ][safepoint     ] Leaving safepoint region
[2023-11-15T19:00:50.314+0000][17.432s][info ][safepoint     ] Total time for which application threads were stopped: 0.0002039 seconds, Stopping threads took: 0.0000102 seconds
[2023-11-15T19:00:50.393+0000][17.511s][debug][safepoint     ] Safepoint synchronization initiated. (15 threads)
[2023-11-15T19:00:50.393+0000][17.511s][info ][safepoint     ] Application time: 0.0787660 seconds
[2023-11-15T19:00:50.393+0000][17.511s][info ][safepoint     ] Entering safepoint region: CollectForMetadataAllocation
[2023-11-15T19:00:50.393+0000][17.511s][info ][gc,start      ] GC(19) Pause Young (Concurrent Start) (Metadata GC Threshold)
[2023-11-15T19:00:50.393+0000][17.511s][info ][gc,task       ] GC(19) Using 4 workers of 4 for evacuation
[2023-11-15T19:00:50.441+0000][17.559s][info ][gc,phases     ] GC(19)   Pre Evacuate Collection Set: 0.1ms
[2023-11-15T19:00:50.441+0000][17.559s][info ][gc,phases     ] GC(19)   Evacuate Collection Set: 45.0ms
[2023-11-15T19:00:50.441+0000][17.559s][info ][gc,phases     ] GC(19)   Post Evacuate Collection Set: 2.7ms
[2023-11-15T19:00:50.441+0000][17.559s][info ][gc,phases     ] GC(19)   Other: 0.4ms
[2023-11-15T19:00:50.441+0000][17.559s][info ][gc,heap       ] GC(19) Eden regions: 333->0(362)
[2023-11-15T19:00:50.441+0000][17.559s][info ][gc,heap       ] GC(19) Survivor regions: 25->28(49)
[2023-11-15T19:00:50.441+0000][17.559s][info ][gc,heap       ] GC(19) Old regions: 17->18
[2023-11-15T19:00:50.441+0000][17.559s][info ][gc,heap       ] GC(19) Humongous regions: 0->0
[2023-11-15T19:00:50.441+0000][17.559s][info ][gc,metaspace  ] GC(19) Metaspace: 68673K(70180K)->68673K(70180K) NonClass: 59858K(60836K)->59858K(60836K) Class: 8814K(9344K)->8814K(9344K)
[2023-11-15T19:00:50.441+0000][17.559s][info ][gc            ] GC(19) Pause Young (Concurrent Start) (Metadata GC Threshold) 372M->43M(650M) 48.345ms
[2023-11-15T19:00:50.441+0000][17.559s][info ][gc,cpu        ] GC(19) User=0.11s Sys=0.00s Real=0.05s
[2023-11-15T19:00:50.441+0000][17.559s][info ][safepoint     ] Leaving safepoint region
[2023-11-15T19:00:50.441+0000][17.559s][info ][gc            ] GC(20) Concurrent Cycle
[2023-11-15T19:00:50.441+0000][17.559s][info ][gc,marking    ] GC(20) Concurrent Clear Claimed Marks
[2023-11-15T19:00:50.441+0000][17.559s][info ][safepoint     ] Total time for which application threads were stopped: 0.0486325 seconds, Stopping threads took: 0.0000115 seconds
[2023-11-15T19:00:50.441+0000][17.559s][info ][gc,marking    ] GC(20) Concurrent Clear Claimed Marks 0.093ms
[2023-11-15T19:00:50.441+0000][17.559s][info ][gc,marking    ] GC(20) Concurrent Scan Root Regions
[2023-11-15T19:00:50.441+0000][17.559s][info ][gc,stringdedup] Concurrent String Deduplication (17.559s)
[2023-11-15T19:00:50.446+0000][17.564s][info ][gc,stringdedup] Concurrent String Deduplication 550.8K->231.4K(319.4K) avg 40.7% (17.559s, 17.564s) 4.944ms
[2023-11-15T19:00:50.460+0000][17.578s][info ][gc,marking    ] GC(20) Concurrent Scan Root Regions 18.396ms
[2023-11-15T19:00:50.460+0000][17.578s][info ][gc,marking    ] GC(20) Concurrent Mark (17.578s)
[2023-11-15T19:00:50.460+0000][17.578s][info ][gc,marking    ] GC(20) Concurrent Mark From Roots
[2023-11-15T19:00:50.460+0000][17.578s][info ][gc,task       ] GC(20) Using 1 workers of 1 for marking
[2023-11-15T19:00:50.485+0000][17.602s][info ][gc,marking    ] GC(20) Concurrent Mark From Roots 24.635ms
[2023-11-15T19:00:50.485+0000][17.603s][info ][gc,marking    ] GC(20) Concurrent Preclean
[2023-11-15T19:00:50.485+0000][17.603s][info ][gc,marking    ] GC(20) Concurrent Preclean 0.104ms
[2023-11-15T19:00:50.485+0000][17.603s][info ][gc,marking    ] GC(20) Concurrent Mark (17.578s, 17.603s) 24.801ms
[2023-11-15T19:00:50.485+0000][17.603s][debug][safepoint     ] Safepoint synchronization initiated. (15 threads)
[2023-11-15T19:00:50.485+0000][17.603s][info ][safepoint     ] Application time: 0.0433918 seconds
[2023-11-15T19:00:50.485+0000][17.603s][debug][safepoint     ] ... found polling page return exception at pc = 0x00007fcb7c35043e, stub =0x00007fcb7483a800
[2023-11-15T19:00:50.485+0000][17.603s][debug][safepoint     ] Waiting for 1 thread(s) to block
[2023-11-15T19:00:50.485+0000][17.603s][info ][safepoint     ] Entering safepoint region: CGC_Operation
[2023-11-15T19:00:50.485+0000][17.603s][info ][gc,start      ] GC(20) Pause Remark
[2023-11-15T19:00:50.511+0000][17.629s][info ][gc,stringtable] GC(20) Cleaned string and symbol table, strings: 26675 processed, 21 removed, symbols: 213807 processed, 125 removed
[2023-11-15T19:00:50.517+0000][17.635s][info ][gc            ] GC(20) Pause Remark 51M->51M(650M) 32.552ms
[2023-11-15T19:00:50.517+0000][17.635s][info ][gc,cpu        ] GC(20) User=0.04s Sys=0.00s Real=0.03s
[2023-11-15T19:00:50.518+0000][17.635s][info ][safepoint     ] Leaving safepoint region
[2023-11-15T19:00:50.518+0000][17.635s][info ][safepoint     ] Total time for which application threads were stopped: 0.0327677 seconds, Stopping threads took: 0.0000797 seconds
[2023-11-15T19:00:50.518+0000][17.636s][info ][gc,marking    ] GC(20) Concurrent Rebuild Remembered Sets
[2023-11-15T19:00:50.535+0000][17.653s][info ][gc,marking    ] GC(20) Concurrent Rebuild Remembered Sets 17.268ms
[2023-11-15T19:00:50.535+0000][17.653s][debug][safepoint     ] Safepoint synchronization initiated. (15 threads)
[2023-11-15T19:00:50.535+0000][17.653s][info ][safepoint     ] Application time: 0.0174015 seconds
[2023-11-15T19:00:50.535+0000][17.653s][debug][safepoint     ] ... found polling page loop exception at pc = 0x00007fcb7c4b87ff, stub =0x00007fcb7483ab00
[2023-11-15T19:00:50.535+0000][17.653s][debug][safepoint     ] Waiting for 1 thread(s) to block
[2023-11-15T19:00:50.535+0000][17.653s][info ][safepoint     ] Entering safepoint region: CGC_Operation
[2023-11-15T19:00:50.535+0000][17.653s][info ][gc,start      ] GC(20) Pause Cleanup
[2023-11-15T19:00:50.535+0000][17.653s][info ][gc            ] GC(20) Pause Cleanup 55M->55M(650M) 0.140ms
[2023-11-15T19:00:50.535+0000][17.653s][info ][gc,cpu        ] GC(20) User=0.01s Sys=0.00s Real=0.00s
[2023-11-15T19:00:50.535+0000][17.653s][info ][safepoint     ] Leaving safepoint region
[2023-11-15T19:00:50.535+0000][17.653s][info ][safepoint     ] Total time for which application threads were stopped: 0.0003030 seconds, Stopping threads took: 0.0000827 seconds
[2023-11-15T19:00:50.535+0000][17.653s][info ][gc,marking    ] GC(20) Concurrent Cleanup for Next Mark
[2023-11-15T19:00:50.538+0000][17.656s][info ][gc,marking    ] GC(20) Concurrent Cleanup for Next Mark 2.386ms
[2023-11-15T19:00:50.538+0000][17.656s][info ][gc            ] GC(20) Concurrent Cycle 96.457ms
[2023-11-15T19:00:50.635+0000][17.753s][debug][safepoint     ] Safepoint synchronization initiated. (15 threads)
[2023-11-15T19:00:50.635+0000][17.753s][info ][safepoint     ] Application time: 0.0995701 seconds
[2023-11-15T19:00:50.635+0000][17.753s][debug][safepoint     ] Waiting for 1 thread(s) to block
[2023-11-15T19:00:50.635+0000][17.753s][info ][safepoint     ] Entering safepoint region: ICBufferFull
[2023-11-15T19:00:50.635+0000][17.753s][info ][safepoint     ] Leaving safepoint region
[2023-11-15T19:00:50.635+0000][17.753s][info ][safepoint     ] Total time for which application threads were stopped: 0.0002222 seconds, Stopping threads took: 0.0000584 seconds
[2023-11-15T19:00:50.703+0000][17.821s][debug][safepoint     ] Safepoint synchronization initiated. (15 threads)
[2023-11-15T19:00:50.703+0000][17.821s][info ][safepoint     ] Application time: 0.0683712 seconds
[2023-11-15T19:00:50.703+0000][17.821s][info ][safepoint     ] Entering safepoint region: ICBufferFull
[2023-11-15T19:00:50.704+0000][17.822s][info ][safepoint     ] Leaving safepoint region
[2023-11-15T19:00:50.704+0000][17.822s][info ][safepoint     ] Total time for which application threads were stopped: 0.0001835 seconds, Stopping threads took: 0.0000102 seconds
[2023-11-15T19:00:50.796+0000][17.914s][debug][safepoint     ] Safepoint synchronization initiated. (15 threads)
[2023-11-15T19:00:50.796+0000][17.914s][info ][safepoint     ] Application time: 0.0927566 seconds
[2023-11-15T19:00:50.796+0000][17.914s][info ][safepoint     ] Entering safepoint region: ICBufferFull
[2023-11-15T19:00:50.797+0000][17.915s][info ][safepoint     ] Leaving safepoint region
[2023-11-15T19:00:50.797+0000][17.915s][info ][safepoint     ] Total time for which application threads were stopped: 0.0001946 seconds, Stopping threads took: 0.0000107 seconds
[2023-11-15T19:00:50.915+0000][18.033s][debug][safepoint     ] Safepoint synchronization initiated. (15 threads)
[2023-11-15T19:00:50.915+0000][18.033s][info ][safepoint     ] Application time: 0.1182772 seconds
[2023-11-15T19:00:50.915+0000][18.033s][info ][safepoint     ] Entering safepoint region: ICBufferFull
[2023-11-15T19:00:50.915+0000][18.033s][info ][safepoint     ] Leaving safepoint region
[2023-11-15T19:00:50.915+0000][18.033s][info ][safepoint     ] Total time for which application threads were stopped: 0.0001962 seconds, Stopping threads took: 0.0000103 seconds
[2023-11-15T19:00:51.406+0000][18.524s][debug][safepoint     ] Safepoint synchronization initiated. (15 threads)
[2023-11-15T19:00:51.406+0000][18.524s][info ][safepoint     ] Application time: 0.4912220 seconds
[2023-11-15T19:00:51.406+0000][18.524s][info ][safepoint     ] Entering safepoint region: ICBufferFull
[2023-11-15T19:00:51.407+0000][18.524s][info ][safepoint     ] Leaving safepoint region
[2023-11-15T19:00:51.407+0000][18.525s][info ][safepoint     ] Total time for which application threads were stopped: 0.0002062 seconds, Stopping threads took: 0.0000100 seconds
[2023-11-15T19:00:51.516+0000][18.634s][debug][safepoint     ] Safepoint synchronization initiated. (15 threads)
[2023-11-15T19:00:51.516+0000][18.634s][info ][safepoint     ] Application time: 0.1095947 seconds
[2023-11-15T19:00:51.516+0000][18.634s][info ][safepoint     ] Entering safepoint region: Deoptimize
[2023-11-15T19:00:51.517+0000][18.635s][info ][safepoint     ] Leaving safepoint region
[2023-11-15T19:00:51.517+0000][18.635s][info ][safepoint     ] Total time for which application threads were stopped: 0.0007459 seconds, Stopping threads took: 0.0000258 seconds
[2023-11-15T19:00:51.518+0000][18.636s][debug][safepoint     ] Safepoint synchronization initiated. (15 threads)
[2023-11-15T19:00:51.518+0000][18.636s][info ][safepoint     ] Application time: 0.0007933 seconds
[2023-11-15T19:00:51.518+0000][18.636s][info ][safepoint     ] Entering safepoint region: Deoptimize
[2023-11-15T19:00:51.518+0000][18.636s][info ][safepoint     ] Leaving safepoint region
[2023-11-15T19:00:51.518+0000][18.636s][info ][safepoint     ] Total time for which application threads were stopped: 0.0005982 seconds, Stopping threads took: 0.0000164 seconds
[2023-11-15T19:00:51.786+0000][18.904s][debug][safepoint     ] Safepoint synchronization initiated. (15 threads)
[2023-11-15T19:00:51.786+0000][18.904s][info ][safepoint     ] Application time: 0.2675842 seconds
[2023-11-15T19:00:51.786+0000][18.904s][info ][safepoint     ] Entering safepoint region: Deoptimize
[2023-11-15T19:00:51.787+0000][18.905s][info ][safepoint     ] Leaving safepoint region
[2023-11-15T19:00:51.787+0000][18.905s][info ][safepoint     ] Total time for which application threads were stopped: 0.0007769 seconds, Stopping threads took: 0.0000101 seconds
[2023-11-15T19:00:51.995+0000][19.113s][debug][safepoint     ] Safepoint synchronization initiated. (15 threads)
[2023-11-15T19:00:51.995+0000][19.113s][info ][safepoint     ] Application time: 0.2087071 seconds
[2023-11-15T19:00:51.995+0000][19.113s][info ][safepoint     ] Entering safepoint region: Deoptimize
[2023-11-15T19:00:51.996+0000][19.114s][info ][safepoint     ] Leaving safepoint region
[2023-11-15T19:00:51.996+0000][19.114s][info ][safepoint     ] Total time for which application threads were stopped: 0.0007769 seconds, Stopping threads took: 0.0000093 seconds
[2023-11-15T19:00:52.115+0000][19.233s][debug][safepoint     ] Safepoint synchronization initiated. (15 threads)
[2023-11-15T19:00:52.115+0000][19.233s][info ][safepoint     ] Application time: 0.1185120 seconds
[2023-11-15T19:00:52.115+0000][19.233s][info ][safepoint     ] Entering safepoint region: Deoptimize
[2023-11-15T19:00:52.116+0000][19.234s][info ][safepoint     ] Leaving safepoint region
[2023-11-15T19:00:52.116+0000][19.234s][info ][safepoint     ] Total time for which application threads were stopped: 0.0008778 seconds, Stopping threads took: 0.0000110 seconds
[2023-11-15T19:00:52.273+0000][19.391s][debug][safepoint     ] Safepoint synchronization initiated. (15 threads)
[2023-11-15T19:00:52.273+0000][19.391s][info ][safepoint     ] Application time: 0.1569754 seconds
[2023-11-15T19:00:52.273+0000][19.391s][debug][safepoint     ] Waiting for 1 thread(s) to block
[2023-11-15T19:00:52.273+0000][19.391s][info ][safepoint     ] Entering safepoint region: G1CollectForAllocation
[2023-11-15T19:00:52.273+0000][19.391s][info ][gc,start      ] GC(21) Pause Young (Normal) (G1 Evacuation Pause)
[2023-11-15T19:00:52.273+0000][19.391s][info ][gc,task       ] GC(21) Using 4 workers of 4 for evacuation
[2023-11-15T19:00:52.299+0000][19.417s][info ][gc,phases     ] GC(21)   Pre Evacuate Collection Set: 0.0ms
[2023-11-15T19:00:52.299+0000][19.417s][info ][gc,phases     ] GC(21)   Evacuate Collection Set: 21.5ms
[2023-11-15T19:00:52.299+0000][19.417s][info ][gc,phases     ] GC(21)   Post Evacuate Collection Set: 4.7ms
[2023-11-15T19:00:52.299+0000][19.417s][info ][gc,phases     ] GC(21)   Other: 0.2ms
[2023-11-15T19:00:52.299+0000][19.417s][info ][gc,heap       ] GC(21) Eden regions: 362->0(442)
[2023-11-15T19:00:52.299+0000][19.417s][info ][gc,heap       ] GC(21) Survivor regions: 28->26(49)
[2023-11-15T19:00:52.299+0000][19.417s][info ][gc,heap       ] GC(21) Old regions: 18->21
[2023-11-15T19:00:52.299+0000][19.417s][info ][gc,heap       ] GC(21) Humongous regions: 0->0
[2023-11-15T19:00:52.299+0000][19.417s][info ][gc,metaspace  ] GC(21) Metaspace: 76925K(78844K)->76925K(78844K) NonClass: 67106K(68348K)->67106K(68348K) Class: 9818K(10496K)->9818K(10496K)
[2023-11-15T19:00:52.299+0000][19.417s][info ][gc            ] GC(21) Pause Young (Normal) (G1 Evacuation Pause) 405M->45M(780M) 26.490ms
[2023-11-15T19:00:52.299+0000][19.417s][info ][gc,cpu        ] GC(21) User=0.09s Sys=0.00s Real=0.02s
[2023-11-15T19:00:52.299+0000][19.417s][info ][safepoint     ] Leaving safepoint region
[2023-11-15T19:00:52.299+0000][19.417s][info ][safepoint     ] Total time for which application threads were stopped: 0.0267594 seconds, Stopping threads took: 0.0000363 seconds
[2023-11-15T19:00:52.299+0000][19.417s][info ][gc,stringdedup] Concurrent String Deduplication (19.417s)
[2023-11-15T19:00:52.301+0000][19.419s][info ][gc,stringdedup] Concurrent String Deduplication 239.8K->74384.0B(167.1K) avg 41.4% (19.417s, 19.419s) 1.783ms
[2023-11-15T19:00:53.091+0000][20.209s][debug][safepoint     ] Safepoint synchronization initiated. (15 threads)
[2023-11-15T19:00:53.091+0000][20.209s][info ][safepoint     ] Application time: 0.7914122 seconds
[2023-11-15T19:00:53.091+0000][20.209s][info ][safepoint     ] Entering safepoint region: ICBufferFull
[2023-11-15T19:00:53.091+0000][20.209s][info ][safepoint     ] Leaving safepoint region
[2023-11-15T19:00:53.091+0000][20.209s][info ][safepoint     ] Total time for which application threads were stopped: 0.0001845 seconds, Stopping threads took: 0.0000113 seconds
[2023-11-15T19:00:53.436+0000][20.554s][debug][safepoint     ] Safepoint synchronization initiated. (15 threads)
[2023-11-15T19:00:53.436+0000][20.554s][info ][safepoint     ] Application time: 0.3447336 seconds
[2023-11-15T19:00:53.436+0000][20.554s][debug][safepoint     ] Waiting for 3 thread(s) to block
[2023-11-15T19:00:53.436+0000][20.554s][info ][safepoint     ] Entering safepoint region: ICBufferFull
[2023-11-15T19:00:53.436+0000][20.554s][info ][safepoint     ] Leaving safepoint region
[2023-11-15T19:00:53.436+0000][20.554s][info ][safepoint     ] Total time for which application threads were stopped: 0.0002109 seconds, Stopping threads took: 0.0000549 seconds
[2023-11-15T19:00:53.856+0000][20.974s][debug][safepoint     ] Safepoint synchronization initiated. (15 threads)
[2023-11-15T19:00:53.857+0000][20.974s][info ][safepoint     ] Application time: 0.4206004 seconds
[2023-11-15T19:00:53.857+0000][20.975s][info ][safepoint     ] Entering safepoint region: ICBufferFull
[2023-11-15T19:00:53.857+0000][20.975s][info ][safepoint     ] Leaving safepoint region
[2023-11-15T19:00:53.857+0000][20.975s][info ][safepoint     ] Total time for which application threads were stopped: 0.0001759 seconds, Stopping threads took: 0.0000109 seconds
[2023-11-15T19:00:54.400+0000][21.518s][debug][safepoint     ] Safepoint synchronization initiated. (14 threads)
[2023-11-15T19:00:54.400+0000][21.518s][info ][safepoint     ] Application time: 0.5436586 seconds
[2023-11-15T19:00:54.400+0000][21.518s][info ][safepoint     ] Entering safepoint region: Deoptimize
[2023-11-15T19:00:54.401+0000][21.519s][info ][safepoint     ] Leaving safepoint region
[2023-11-15T19:00:54.401+0000][21.519s][info ][safepoint     ] Total time for which application threads were stopped: 0.0009423 seconds, Stopping threads took: 0.0000114 seconds
[2023-11-15T19:00:54.722+0000][21.840s][debug][safepoint     ] Safepoint synchronization initiated. (14 threads)
[2023-11-15T19:00:54.722+0000][21.840s][info ][safepoint     ] Application time: 0.3206536 seconds
[2023-11-15T19:00:54.722+0000][21.840s][info ][safepoint     ] Entering safepoint region: G1CollectForAllocation
[2023-11-15T19:00:54.722+0000][21.840s][info ][gc,start      ] GC(22) Pause Young (Normal) (G1 Evacuation Pause)
[2023-11-15T19:00:54.722+0000][21.840s][info ][gc,task       ] GC(22) Using 4 workers of 4 for evacuation
[2023-11-15T19:00:54.763+0000][21.881s][info ][gc,phases     ] GC(22)   Pre Evacuate Collection Set: 0.0ms
[2023-11-15T19:00:54.763+0000][21.881s][info ][gc,phases     ] GC(22)   Evacuate Collection Set: 37.6ms
[2023-11-15T19:00:54.763+0000][21.881s][info ][gc,phases     ] GC(22)   Post Evacuate Collection Set: 3.0ms
[2023-11-15T19:00:54.763+0000][21.881s][info ][gc,phases     ] GC(22)   Other: 0.2ms
[2023-11-15T19:00:54.763+0000][21.881s][info ][gc,heap       ] GC(22) Eden regions: 442->0(433)
[2023-11-15T19:00:54.763+0000][21.881s][info ][gc,heap       ] GC(22) Survivor regions: 26->35(59)
[2023-11-15T19:00:54.763+0000][21.881s][info ][gc,heap       ] GC(22) Old regions: 21->24
[2023-11-15T19:00:54.763+0000][21.881s][info ][gc,heap       ] GC(22) Humongous regions: 0->0
[2023-11-15T19:00:54.763+0000][21.881s][info ][gc,metaspace  ] GC(22) Metaspace: 80919K(82940K)->80919K(82940K) NonClass: 70878K(72188K)->70878K(72188K) Class: 10040K(10752K)->10040K(10752K)
[2023-11-15T19:00:54.763+0000][21.881s][info ][gc            ] GC(22) Pause Young (Normal) (G1 Evacuation Pause) 487M->57M(780M) 41.017ms
[2023-11-15T19:00:54.763+0000][21.881s][info ][gc,cpu        ] GC(22) User=0.12s Sys=0.00s Real=0.04s
[2023-11-15T19:00:54.763+0000][21.881s][info ][safepoint     ] Leaving safepoint region
[2023-11-15T19:00:54.763+0000][21.881s][info ][safepoint     ] Total time for which application threads were stopped: 0.0412293 seconds, Stopping threads took: 0.0000127 seconds
[2023-11-15T19:00:54.763+0000][21.881s][info ][gc,stringdedup] Concurrent String Deduplication (21.881s)
[2023-11-15T19:00:54.765+0000][21.883s][info ][gc,stringdedup] Concurrent String Deduplication 271.5K->58792.0B(214.1K) avg 42.5% (21.881s, 21.883s) 1.724ms
[2023-11-15T19:00:55.330+0000][22.448s][debug][safepoint     ] Safepoint synchronization initiated. (18 threads)
[2023-11-15T19:00:55.330+0000][22.448s][info ][safepoint     ] Application time: 0.5669112 seconds
[2023-11-15T19:00:55.330+0000][22.448s][info ][safepoint     ] Entering safepoint region: ICBufferFull
[2023-11-15T19:00:55.330+0000][22.448s][info ][safepoint     ] Leaving safepoint region
[2023-11-15T19:00:55.330+0000][22.448s][info ][safepoint     ] Total time for which application threads were stopped: 0.0002471 seconds, Stopping threads took: 0.0000118 seconds
[2023-11-15T19:00:55.959+0000][23.077s][debug][safepoint     ] Safepoint synchronization initiated. (18 threads)
[2023-11-15T19:00:55.959+0000][23.077s][info ][safepoint     ] Application time: 0.6289132 seconds
[2023-11-15T19:00:55.959+0000][23.077s][info ][safepoint     ] Entering safepoint region: ICBufferFull
[2023-11-15T19:00:55.960+0000][23.078s][info ][safepoint     ] Leaving safepoint region
[2023-11-15T19:00:55.960+0000][23.078s][info ][safepoint     ] Total time for which application threads were stopped: 0.0002545 seconds, Stopping threads took: 0.0000103 seconds
[2023-11-15T19:00:56.030+0000][23.148s][debug][safepoint     ] Safepoint synchronization initiated. (18 threads)
[2023-11-15T19:00:56.030+0000][23.148s][info ][safepoint     ] Application time: 0.0706423 seconds
[2023-11-15T19:00:56.030+0000][23.148s][info ][safepoint     ] Entering safepoint region: Deoptimize
[2023-11-15T19:00:56.031+0000][23.149s][info ][safepoint     ] Leaving safepoint region
[2023-11-15T19:00:56.031+0000][23.149s][info ][safepoint     ] Total time for which application threads were stopped: 0.0008744 seconds, Stopping threads took: 0.0000090 seconds
[2023-11-15T19:00:56.485+0000][23.603s][debug][safepoint     ] Safepoint synchronization initiated. (19 threads)
[2023-11-15T19:00:56.485+0000][23.603s][info ][safepoint     ] Application time: 0.4536436 seconds
[2023-11-15T19:00:56.485+0000][23.603s][info ][safepoint     ] Entering safepoint region: Deoptimize
[2023-11-15T19:00:56.486+0000][23.604s][info ][safepoint     ] Leaving safepoint region
[2023-11-15T19:00:56.486+0000][23.604s][info ][safepoint     ] Total time for which application threads were stopped: 0.0009768 seconds, Stopping threads took: 0.0000101 seconds
[2023-11-15T19:00:56.598+0000][23.716s][debug][safepoint     ] Safepoint synchronization initiated. (20 threads)
[2023-11-15T19:00:56.598+0000][23.716s][info ][safepoint     ] Application time: 0.1123611 seconds
[2023-11-15T19:00:56.598+0000][23.716s][info ][safepoint     ] Entering safepoint region: Deoptimize
[2023-11-15T19:00:56.599+0000][23.717s][info ][safepoint     ] Leaving safepoint region
[2023-11-15T19:00:56.599+0000][23.717s][info ][safepoint     ] Total time for which application threads were stopped: 0.0009108 seconds, Stopping threads took: 0.0000264 seconds
[2023-11-15T19:00:56.955+0000][24.073s][debug][safepoint     ] Safepoint synchronization initiated. (20 threads)
[2023-11-15T19:00:56.955+0000][24.073s][info ][safepoint     ] Application time: 0.3560694 seconds
[2023-11-15T19:00:56.955+0000][24.073s][info ][safepoint     ] Entering safepoint region: G1CollectForAllocation
[2023-11-15T19:00:56.955+0000][24.073s][info ][gc,start      ] GC(23) Pause Young (Normal) (G1 Evacuation Pause)
[2023-11-15T19:00:56.955+0000][24.073s][info ][gc,task       ] GC(23) Using 4 workers of 4 for evacuation
[2023-11-15T19:00:56.999+0000][24.117s][info ][gc,phases     ] GC(23)   Pre Evacuate Collection Set: 0.0ms
[2023-11-15T19:00:56.999+0000][24.117s][info ][gc,phases     ] GC(23)   Evacuate Collection Set: 39.3ms
[2023-11-15T19:00:56.999+0000][24.117s][info ][gc,phases     ] GC(23)   Post Evacuate Collection Set: 3.9ms
[2023-11-15T19:00:56.999+0000][24.117s][info ][gc,phases     ] GC(23)   Other: 0.2ms
[2023-11-15T19:00:56.999+0000][24.117s][info ][gc,heap       ] GC(23) Eden regions: 433->0(429)
[2023-11-15T19:00:56.999+0000][24.117s][info ][gc,heap       ] GC(23) Survivor regions: 35->39(59)
[2023-11-15T19:00:56.999+0000][24.117s][info ][gc,heap       ] GC(23) Old regions: 24->29
[2023-11-15T19:00:56.999+0000][24.117s][info ][gc,heap       ] GC(23) Humongous regions: 0->0
[2023-11-15T19:00:56.999+0000][24.117s][info ][gc,metaspace  ] GC(23) Metaspace: 88176K(91004K)->88176K(91004K) NonClass: 77261K(79100K)->77261K(79100K) Class: 10915K(11904K)->10915K(11904K)
[2023-11-15T19:00:56.999+0000][24.117s][info ][gc            ] GC(23) Pause Young (Normal) (G1 Evacuation Pause) 490M->66M(780M) 43.574ms
[2023-11-15T19:00:56.999+0000][24.117s][info ][gc,cpu        ] GC(23) User=0.17s Sys=0.00s Real=0.04s
[2023-11-15T19:00:56.999+0000][24.117s][info ][safepoint     ] Leaving safepoint region
[2023-11-15T19:00:56.999+0000][24.117s][info ][safepoint     ] Total time for which application threads were stopped: 0.0438054 seconds, Stopping threads took: 0.0000098 seconds
[2023-11-15T19:00:57.006+0000][24.124s][info ][gc,stringdedup] Concurrent String Deduplication (24.124s)
[2023-11-15T19:00:57.009+0000][24.127s][info ][gc,stringdedup] Concurrent String Deduplication 408.4K->227.8K(180.5K) avg 42.6% (24.124s, 24.127s) 3.343ms
[2023-11-15T19:00:57.352+0000][24.469s][debug][safepoint     ] Safepoint synchronization initiated. (22 threads)
[2023-11-15T19:00:57.352+0000][24.470s][info ][safepoint     ] Application time: 0.3525892 seconds
[2023-11-15T19:00:57.352+0000][24.470s][info ][safepoint     ] Entering safepoint region: Deoptimize
[2023-11-15T19:00:57.353+0000][24.471s][info ][safepoint     ] Leaving safepoint region
[2023-11-15T19:00:57.353+0000][24.471s][info ][safepoint     ] Total time for which application threads were stopped: 0.0010578 seconds, Stopping threads took: 0.0000110 seconds
[2023-11-15T19:00:57.396+0000][24.514s][debug][safepoint     ] Safepoint synchronization initiated. (22 threads)
[2023-11-15T19:00:57.396+0000][24.514s][info ][safepoint     ] Application time: 0.0433846 seconds
[2023-11-15T19:00:57.396+0000][24.514s][info ][safepoint     ] Entering safepoint region: Deoptimize
[2023-11-15T19:00:57.397+0000][24.515s][info ][safepoint     ] Leaving safepoint region
[2023-11-15T19:00:57.397+0000][24.515s][info ][safepoint     ] Total time for which application threads were stopped: 0.0010013 seconds, Stopping threads took: 0.0000223 seconds
[2023-11-15T19:00:57.398+0000][24.516s][debug][safepoint     ] Safepoint synchronization initiated. (22 threads)
[2023-11-15T19:00:57.398+0000][24.516s][info ][safepoint     ] Application time: 0.0009488 seconds
[2023-11-15T19:00:57.398+0000][24.516s][info ][safepoint     ] Entering safepoint region: Deoptimize
[2023-11-15T19:00:57.399+0000][24.517s][info ][safepoint     ] Leaving safepoint region
[2023-11-15T19:00:57.399+0000][24.517s][info ][safepoint     ] Total time for which application threads were stopped: 0.0008961 seconds, Stopping threads took: 0.0000088 seconds
[2023-11-15T19:00:57.440+0000][24.558s][debug][safepoint     ] Safepoint synchronization initiated. (22 threads)
[2023-11-15T19:00:57.441+0000][24.559s][info ][safepoint     ] Application time: 0.0416091 seconds
[2023-11-15T19:00:57.441+0000][24.559s][info ][safepoint     ] Entering safepoint region: Deoptimize
[2023-11-15T19:00:57.442+0000][24.560s][info ][safepoint     ] Leaving safepoint region
[2023-11-15T19:00:57.442+0000][24.560s][info ][safepoint     ] Total time for which application threads were stopped: 0.0014436 seconds, Stopping threads took: 0.0000376 seconds
[2023-11-15T19:00:57.449+0000][24.567s][debug][safepoint     ] Safepoint synchronization initiated. (22 threads)
[2023-11-15T19:00:57.449+0000][24.567s][info ][safepoint     ] Application time: 0.0069180 seconds
[2023-11-15T19:00:57.449+0000][24.567s][info ][safepoint     ] Entering safepoint region: Deoptimize
[2023-11-15T19:00:57.450+0000][24.568s][info ][safepoint     ] Leaving safepoint region
[2023-11-15T19:00:57.450+0000][24.568s][info ][safepoint     ] Total time for which application threads were stopped: 0.0009121 seconds, Stopping threads took: 0.0000120 seconds
[2023-11-15T19:00:57.491+0000][24.609s][debug][safepoint     ] Safepoint synchronization initiated. (22 threads)
[2023-11-15T19:00:57.491+0000][24.609s][info ][safepoint     ] Application time: 0.0412276 seconds
[2023-11-15T19:00:57.491+0000][24.609s][info ][safepoint     ] Entering safepoint region: Deoptimize
[2023-11-15T19:00:57.492+0000][24.610s][info ][safepoint     ] Leaving safepoint region
[2023-11-15T19:00:57.492+0000][24.610s][info ][safepoint     ] Total time for which application threads were stopped: 0.0009525 seconds, Stopping threads took: 0.0000126 seconds
[2023-11-15T19:00:57.828+0000][24.946s][debug][safepoint     ] Safepoint synchronization initiated. (25 threads)
[2023-11-15T19:00:57.828+0000][24.946s][info ][safepoint     ] Application time: 0.3355793 seconds
[2023-11-15T19:00:57.828+0000][24.946s][info ][safepoint     ] Entering safepoint region: ICBufferFull
[2023-11-15T19:00:57.828+0000][24.946s][info ][safepoint     ] Leaving safepoint region
[2023-11-15T19:00:57.828+0000][24.946s][info ][safepoint     ] Total time for which application threads were stopped: 0.0001963 seconds, Stopping threads took: 0.0000114 seconds
[2023-11-15T19:00:58.037+0000][25.155s][debug][safepoint     ] Safepoint synchronization initiated. (31 threads)
[2023-11-15T19:00:58.037+0000][25.155s][info ][safepoint     ] Application time: 0.2095735 seconds
[2023-11-15T19:00:58.037+0000][25.155s][info ][safepoint     ] Entering safepoint region: ICBufferFull
[2023-11-15T19:00:58.038+0000][25.156s][info ][safepoint     ] Leaving safepoint region
[2023-11-15T19:00:58.038+0000][25.156s][info ][safepoint     ] Total time for which application threads were stopped: 0.0001608 seconds, Stopping threads took: 0.0000138 seconds
[2023-11-15T19:00:58.336+0000][25.454s][debug][safepoint     ] Safepoint synchronization initiated. (33 threads)
[2023-11-15T19:00:58.336+0000][25.454s][info ][safepoint     ] Application time: 0.2987115 seconds
[2023-11-15T19:00:58.336+0000][25.454s][info ][safepoint     ] Entering safepoint region: Deoptimize
[2023-11-15T19:00:58.337+0000][25.455s][info ][safepoint     ] Leaving safepoint region
[2023-11-15T19:00:58.337+0000][25.455s][info ][safepoint     ] Total time for which application threads were stopped: 0.0010004 seconds, Stopping threads took: 0.0000130 seconds
[2023-11-15T19:00:58.734+0000][25.852s][debug][safepoint     ] Safepoint synchronization initiated. (37 threads)
[2023-11-15T19:00:58.734+0000][25.852s][info ][safepoint     ] Application time: 0.3968915 seconds
[2023-11-15T19:00:58.734+0000][25.852s][info ][safepoint     ] Entering safepoint region: G1CollectForAllocation
[2023-11-15T19:00:58.734+0000][25.852s][info ][gc,start      ] GC(24) Pause Young (Normal) (G1 Evacuation Pause)
[2023-11-15T19:00:58.734+0000][25.852s][info ][gc,task       ] GC(24) Using 4 workers of 4 for evacuation
[2023-11-15T19:00:58.780+0000][25.898s][info ][gc,phases     ] GC(24)   Pre Evacuate Collection Set: 0.0ms
[2023-11-15T19:00:58.780+0000][25.898s][info ][gc,phases     ] GC(24)   Evacuate Collection Set: 41.6ms
[2023-11-15T19:00:58.780+0000][25.898s][info ][gc,phases     ] GC(24)   Post Evacuate Collection Set: 3.5ms
[2023-11-15T19:00:58.780+0000][25.898s][info ][gc,phases     ] GC(24)   Other: 0.3ms
[2023-11-15T19:00:58.780+0000][25.898s][info ][gc,heap       ] GC(24) Eden regions: 429->0(432)
[2023-11-15T19:00:58.780+0000][25.898s][info ][gc,heap       ] GC(24) Survivor regions: 39->36(59)
[2023-11-15T19:00:58.780+0000][25.898s][info ][gc,heap       ] GC(24) Old regions: 29->40
[2023-11-15T19:00:58.780+0000][25.898s][info ][gc,heap       ] GC(24) Humongous regions: 1->0
[2023-11-15T19:00:58.780+0000][25.898s][info ][gc,metaspace  ] GC(24) Metaspace: 98071K(100988K)->98071K(100988K) NonClass: 86187K(88060K)->86187K(88060K) Class: 11884K(12928K)->11884K(12928K)
[2023-11-15T19:00:58.780+0000][25.898s][info ][gc            ] GC(24) Pause Young (Normal) (G1 Evacuation Pause) 496M->74M(780M) 45.499ms
[2023-11-15T19:00:58.780+0000][25.898s][info ][gc,cpu        ] GC(24) User=0.13s Sys=0.01s Real=0.05s
[2023-11-15T19:00:58.780+0000][25.898s][info ][safepoint     ] Leaving safepoint region
[2023-11-15T19:00:58.780+0000][25.898s][info ][safepoint     ] Total time for which application threads were stopped: 0.0457345 seconds, Stopping threads took: 0.0000121 seconds
[2023-11-15T19:00:58.782+0000][25.900s][info ][gc,stringdedup] Concurrent String Deduplication (25.900s)
[2023-11-15T19:00:58.787+0000][25.905s][info ][gc,stringdedup] Concurrent String Deduplication 1095.9K->263.6K(832.3K) avg 45.9% (25.900s, 25.905s) 5.028ms
[2023-11-15T19:00:58.817+0000][25.935s][debug][safepoint     ] Safepoint synchronization initiated. (37 threads)
[2023-11-15T19:00:58.817+0000][25.935s][info ][safepoint     ] Application time: 0.0366018 seconds
[2023-11-15T19:00:58.817+0000][25.935s][info ][safepoint     ] Entering safepoint region: Deoptimize
[2023-11-15T19:00:58.818+0000][25.936s][info ][safepoint     ] Leaving safepoint region
[2023-11-15T19:00:58.818+0000][25.936s][info ][safepoint     ] Total time for which application threads were stopped: 0.0009474 seconds, Stopping threads took: 0.0000127 seconds
[2023-11-15T19:00:58.881+0000][25.999s][debug][safepoint     ] Safepoint synchronization initiated. (37 threads)
[2023-11-15T19:00:58.882+0000][25.999s][info ][safepoint     ] Application time: 0.0639486 seconds
[2023-11-15T19:00:58.882+0000][25.999s][info ][safepoint     ] Entering safepoint region: Deoptimize
[2023-11-15T19:00:58.882+0000][26.000s][info ][safepoint     ] Leaving safepoint region
[2023-11-15T19:00:58.883+0000][26.000s][info ][safepoint     ] Total time for which application threads were stopped: 0.0009811 seconds, Stopping threads took: 0.0000137 seconds
[2023-11-15T19:00:58.884+0000][26.002s][debug][safepoint     ] Safepoint synchronization initiated. (37 threads)
[2023-11-15T19:00:58.884+0000][26.002s][info ][safepoint     ] Application time: 0.0012275 seconds
[2023-11-15T19:00:58.884+0000][26.002s][info ][safepoint     ] Entering safepoint region: Deoptimize
[2023-11-15T19:00:58.884+0000][26.002s][info ][safepoint     ] Leaving safepoint region
[2023-11-15T19:00:58.884+0000][26.002s][info ][safepoint     ] Total time for which application threads were stopped: 0.0007373 seconds, Stopping threads took: 0.0000120 seconds
[2023-11-15T19:00:58.936+0000][26.054s][debug][safepoint     ] Safepoint synchronization initiated. (37 threads)
[2023-11-15T19:00:58.936+0000][26.054s][info ][safepoint     ] Application time: 0.0513582 seconds
[2023-11-15T19:00:58.936+0000][26.054s][info ][safepoint     ] Entering safepoint region: Deoptimize
[2023-11-15T19:00:58.937+0000][26.055s][info ][safepoint     ] Leaving safepoint region
[2023-11-15T19:00:58.937+0000][26.055s][info ][safepoint     ] Total time for which application threads were stopped: 0.0010704 seconds, Stopping threads took: 0.0000124 seconds
[2023-11-15T19:00:59.673+0000][26.791s][debug][safepoint     ] Safepoint synchronization initiated. (37 threads)
[2023-11-15T19:00:59.673+0000][26.791s][info ][safepoint     ] Application time: 0.7358893 seconds
[2023-11-15T19:00:59.673+0000][26.791s][info ][safepoint     ] Entering safepoint region: ICBufferFull
[2023-11-15T19:00:59.673+0000][26.791s][info ][safepoint     ] Leaving safepoint region
[2023-11-15T19:00:59.673+0000][26.791s][info ][safepoint     ] Total time for which application threads were stopped: 0.0002455 seconds, Stopping threads took: 0.0000119 seconds
[2023-11-15T19:01:00.199+0000][27.317s][debug][safepoint     ] Safepoint synchronization initiated. (37 threads)
[2023-11-15T19:01:00.199+0000][27.317s][info ][safepoint     ] Application time: 0.5263529 seconds
[2023-11-15T19:01:00.199+0000][27.317s][info ][safepoint     ] Entering safepoint region: Deoptimize
[2023-11-15T19:01:00.201+0000][27.319s][info ][safepoint     ] Leaving safepoint region
[2023-11-15T19:01:00.201+0000][27.319s][info ][safepoint     ] Total time for which application threads were stopped: 0.0010779 seconds, Stopping threads took: 0.0000217 seconds
[2023-11-15T19:01:00.246+0000][27.364s][debug][safepoint     ] Safepoint synchronization initiated. (37 threads)
[2023-11-15T19:01:00.246+0000][27.364s][info ][safepoint     ] Application time: 0.0454978 seconds
[2023-11-15T19:01:00.246+0000][27.364s][info ][safepoint     ] Entering safepoint region: Deoptimize
[2023-11-15T19:01:00.247+0000][27.365s][info ][safepoint     ] Leaving safepoint region
[2023-11-15T19:01:00.247+0000][27.365s][info ][safepoint     ] Total time for which application threads were stopped: 0.0010144 seconds, Stopping threads took: 0.0000124 seconds
[2023-11-15T19:01:00.626+0000][27.744s][debug][safepoint     ] Safepoint synchronization initiated. (40 threads)
[2023-11-15T19:01:00.626+0000][27.744s][info ][safepoint     ] Application time: 0.3786718 seconds
[2023-11-15T19:01:00.626+0000][27.744s][info ][safepoint     ] Entering safepoint region: G1CollectForAllocation
[2023-11-15T19:01:00.626+0000][27.744s][info ][gc,start      ] GC(25) Pause Young (Normal) (G1 Evacuation Pause)
[2023-11-15T19:01:00.626+0000][27.744s][info ][gc,task       ] GC(25) Using 4 workers of 4 for evacuation
[2023-11-15T19:01:00.675+0000][27.793s][info ][gc,phases     ] GC(25)   Pre Evacuate Collection Set: 0.0ms
[2023-11-15T19:01:00.675+0000][27.793s][info ][gc,phases     ] GC(25)   Evacuate Collection Set: 46.2ms
[2023-11-15T19:01:00.675+0000][27.793s][info ][gc,phases     ] GC(25)   Post Evacuate Collection Set: 2.6ms
[2023-11-15T19:01:00.675+0000][27.793s][info ][gc,phases     ] GC(25)   Other: 0.2ms
[2023-11-15T19:01:00.675+0000][27.793s][info ][gc,heap       ] GC(25) Eden regions: 432->0(429)
[2023-11-15T19:01:00.675+0000][27.793s][info ][gc,heap       ] GC(25) Survivor regions: 36->39(59)
[2023-11-15T19:01:00.675+0000][27.793s][info ][gc,heap       ] GC(25) Old regions: 40->47
[2023-11-15T19:01:00.675+0000][27.793s][info ][gc,heap       ] GC(25) Humongous regions: 0->0
[2023-11-15T19:01:00.675+0000][27.793s][info ][gc,metaspace  ] GC(25) Metaspace: 105877K(109052K)->105877K(109052K) NonClass: 93186K(95228K)->93186K(95228K) Class: 12690K(13824K)->12690K(13824K)
[2023-11-15T19:01:00.675+0000][27.793s][info ][gc            ] GC(25) Pause Young (Normal) (G1 Evacuation Pause) 506M->84M(780M) 49.182ms
[2023-11-15T19:01:00.675+0000][27.793s][info ][gc,cpu        ] GC(25) User=0.17s Sys=0.00s Real=0.05s
[2023-11-15T19:01:00.675+0000][27.793s][info ][safepoint     ] Leaving safepoint region
[2023-11-15T19:01:00.675+0000][27.793s][info ][safepoint     ] Total time for which application threads were stopped: 0.0494198 seconds, Stopping threads took: 0.0000127 seconds
[2023-11-15T19:01:00.675+0000][27.793s][info ][gc,stringdedup] Concurrent String Deduplication (27.793s)
[2023-11-15T19:01:00.679+0000][27.797s][info ][gc,stringdedup] Concurrent String Deduplication 732.1K->227.2K(504.9K) avg 47.4% (27.793s, 27.797s) 3.497ms
[2023-11-15T19:01:00.727+0000][27.845s][debug][safepoint     ] Safepoint synchronization initiated. (40 threads)
[2023-11-15T19:01:00.728+0000][27.846s][info ][safepoint     ] Application time: 0.0523149 seconds
[2023-11-15T19:01:00.728+0000][27.846s][info ][safepoint     ] Entering safepoint region: Deoptimize
[2023-11-15T19:01:00.729+0000][27.847s][info ][safepoint     ] Leaving safepoint region
[2023-11-15T19:01:00.729+0000][27.847s][info ][safepoint     ] Total time for which application threads were stopped: 0.0010717 seconds, Stopping threads took: 0.0000125 seconds
[2023-11-15T19:01:00.809+0000][27.927s][debug][safepoint     ] Safepoint synchronization initiated. (40 threads)
[2023-11-15T19:01:00.809+0000][27.927s][info ][safepoint     ] Application time: 0.0808076 seconds
[2023-11-15T19:01:00.809+0000][27.927s][debug][safepoint     ] Waiting for 1 thread(s) to block
[2023-11-15T19:01:00.809+0000][27.927s][info ][safepoint     ] Entering safepoint region: ICBufferFull
[2023-11-15T19:01:00.810+0000][27.928s][info ][safepoint     ] Leaving safepoint region
[2023-11-15T19:01:00.810+0000][27.928s][info ][safepoint     ] Total time for which application threads were stopped: 0.0002478 seconds, Stopping threads took: 0.0000387 seconds
[2023-11-15T19:01:01.023+0000][28.141s][debug][safepoint     ] Safepoint synchronization initiated. (40 threads)
[2023-11-15T19:01:01.023+0000][28.141s][info ][safepoint     ] Application time: 0.2130159 seconds
[2023-11-15T19:01:01.023+0000][28.141s][info ][safepoint     ] Entering safepoint region: ICBufferFull
[2023-11-15T19:01:01.023+0000][28.141s][info ][safepoint     ] Leaving safepoint region
[2023-11-15T19:01:01.023+0000][28.141s][info ][safepoint     ] Total time for which application threads were stopped: 0.0002418 seconds, Stopping threads took: 0.0000144 seconds
[2023-11-15T19:01:01.294+0000][28.412s][debug][safepoint     ] Safepoint synchronization initiated. (40 threads)
[2023-11-15T19:01:01.294+0000][28.412s][info ][safepoint     ] Application time: 0.2712386 seconds
[2023-11-15T19:01:01.294+0000][28.412s][info ][safepoint     ] Entering safepoint region: Deoptimize
[2023-11-15T19:01:01.295+0000][28.413s][info ][safepoint     ] Leaving safepoint region
[2023-11-15T19:01:01.295+0000][28.413s][info ][safepoint     ] Total time for which application threads were stopped: 0.0011226 seconds, Stopping threads took: 0.0000136 seconds
[2023-11-15T19:01:01.348+0000][28.466s][debug][safepoint     ] Safepoint synchronization initiated. (40 threads)
[2023-11-15T19:01:01.348+0000][28.466s][info ][safepoint     ] Application time: 0.0530207 seconds
[2023-11-15T19:01:01.348+0000][28.466s][info ][safepoint     ] Entering safepoint region: Deoptimize
[2023-11-15T19:01:01.349+0000][28.467s][info ][safepoint     ] Leaving safepoint region
[2023-11-15T19:01:01.349+0000][28.467s][info ][safepoint     ] Total time for which application threads were stopped: 0.0010449 seconds, Stopping threads took: 0.0000138 seconds
[2023-11-15T19:01:01.376+0000][28.494s][debug][safepoint     ] Safepoint synchronization initiated. (40 threads)
[2023-11-15T19:01:01.376+0000][28.494s][info ][safepoint     ] Application time: 0.0265330 seconds
[2023-11-15T19:01:01.376+0000][28.494s][info ][safepoint     ] Entering safepoint region: Deoptimize
[2023-11-15T19:01:01.377+0000][28.495s][info ][safepoint     ] Leaving safepoint region
[2023-11-15T19:01:01.377+0000][28.495s][info ][safepoint     ] Total time for which application threads were stopped: 0.0010423 seconds, Stopping threads took: 0.0000133 seconds
[2023-11-15T19:01:01.410+0000][28.528s][debug][safepoint     ] Safepoint synchronization initiated. (40 threads)
[2023-11-15T19:01:01.410+0000][28.528s][info ][safepoint     ] Application time: 0.0332929 seconds
[2023-11-15T19:01:01.410+0000][28.528s][info ][safepoint     ] Entering safepoint region: Deoptimize
[2023-11-15T19:01:01.412+0000][28.530s][info ][safepoint     ] Leaving safepoint region
[2023-11-15T19:01:01.412+0000][28.530s][info ][safepoint     ] Total time for which application threads were stopped: 0.0013960 seconds, Stopping threads took: 0.0000134 seconds
[2023-11-15T19:01:01.536+0000][28.654s][debug][safepoint     ] Safepoint synchronization initiated. (40 threads)
[2023-11-15T19:01:01.536+0000][28.654s][info ][safepoint     ] Application time: 0.1242883 seconds
[2023-11-15T19:01:01.536+0000][28.654s][info ][safepoint     ] Entering safepoint region: Deoptimize
[2023-11-15T19:01:01.537+0000][28.655s][info ][safepoint     ] Leaving safepoint region
[2023-11-15T19:01:01.537+0000][28.655s][info ][safepoint     ] Total time for which application threads were stopped: 0.0011237 seconds, Stopping threads took: 0.0000122 seconds
[2023-11-15T19:01:01.538+0000][28.656s][debug][safepoint     ] Safepoint synchronization initiated. (40 threads)
[2023-11-15T19:01:01.538+0000][28.656s][info ][safepoint     ] Application time: 0.0009191 seconds
[2023-11-15T19:01:01.538+0000][28.656s][info ][safepoint     ] Entering safepoint region: Deoptimize
[2023-11-15T19:01:01.539+0000][28.657s][info ][safepoint     ] Leaving safepoint region
[2023-11-15T19:01:01.539+0000][28.657s][info ][safepoint     ] Total time for which application threads were stopped: 0.0009264 seconds, Stopping threads took: 0.0000121 seconds
[2023-11-15T19:01:02.017+0000][29.135s][debug][safepoint     ] Safepoint synchronization initiated. (40 threads)
[2023-11-15T19:01:02.017+0000][29.135s][info ][safepoint     ] Application time: 0.4775870 seconds
[2023-11-15T19:01:02.017+0000][29.135s][debug][safepoint     ] Waiting for 1 thread(s) to block
[2023-11-15T19:01:02.017+0000][29.135s][info ][safepoint     ] Entering safepoint region: CollectForMetadataAllocation
[2023-11-15T19:01:02.017+0000][29.135s][info ][gc,start      ] GC(26) Pause Young (Concurrent Start) (Metadata GC Threshold)
[2023-11-15T19:01:02.017+0000][29.135s][info ][gc,task       ] GC(26) Using 4 workers of 4 for evacuation
[2023-11-15T19:01:02.070+0000][29.188s][info ][gc,phases     ] GC(26)   Pre Evacuate Collection Set: 0.2ms
[2023-11-15T19:01:02.071+0000][29.188s][info ][gc,phases     ] GC(26)   Evacuate Collection Set: 50.7ms
[2023-11-15T19:01:02.071+0000][29.189s][info ][gc,phases     ] GC(26)   Post Evacuate Collection Set: 2.5ms
[2023-11-15T19:01:02.071+0000][29.189s][info ][gc,phases     ] GC(26)   Other: 0.2ms
[2023-11-15T19:01:02.071+0000][29.189s][info ][gc,heap       ] GC(26) Eden regions: 193->0(435)
[2023-11-15T19:01:02.071+0000][29.189s][info ][gc,heap       ] GC(26) Survivor regions: 39->33(59)
[2023-11-15T19:01:02.071+0000][29.189s][info ][gc,heap       ] GC(26) Old regions: 47->58
[2023-11-15T19:01:02.071+0000][29.189s][info ][gc,heap       ] GC(26) Humongous regions: 0->0
[2023-11-15T19:01:02.071+0000][29.189s][info ][gc,metaspace  ] GC(26) Metaspace: 114169K(117520K)->114169K(117520K) NonClass: 100466K(102544K)->100466K(102544K) Class: 13703K(14976K)->13703K(14976K)
[2023-11-15T19:01:02.071+0000][29.189s][info ][gc            ] GC(26) Pause Young (Concurrent Start) (Metadata GC Threshold) 276M->89M(780M) 53.769ms
[2023-11-15T19:01:02.071+0000][29.189s][info ][gc,cpu        ] GC(26) User=0.13s Sys=0.00s Real=0.06s
[2023-11-15T19:01:02.071+0000][29.189s][info ][gc            ] GC(27) Concurrent Cycle
[2023-11-15T19:01:02.071+0000][29.189s][info ][gc,marking    ] GC(27) Concurrent Clear Claimed Marks
[2023-11-15T19:01:02.071+0000][29.189s][info ][safepoint     ] Leaving safepoint region
[2023-11-15T19:01:02.071+0000][29.189s][info ][safepoint     ] Total time for which application threads were stopped: 0.0540916 seconds, Stopping threads took: 0.0000329 seconds
[2023-11-15T19:01:02.071+0000][29.189s][info ][gc,stringdedup] Concurrent String Deduplication (29.189s)
[2023-11-15T19:01:02.071+0000][29.189s][info ][gc,marking    ] GC(27) Concurrent Clear Claimed Marks 0.202ms
[2023-11-15T19:01:02.071+0000][29.189s][info ][gc,marking    ] GC(27) Concurrent Scan Root Regions
[2023-11-15T19:01:02.077+0000][29.195s][info ][gc,stringdedup] Concurrent String Deduplication 776.7K->375.9K(400.8K) avg 47.7% (29.189s, 29.195s) 6.358ms
[2023-11-15T19:01:02.102+0000][29.220s][info ][gc,marking    ] GC(27) Concurrent Scan Root Regions 30.760ms
[2023-11-15T19:01:02.102+0000][29.220s][info ][gc,marking    ] GC(27) Concurrent Mark (29.220s)
[2023-11-15T19:01:02.102+0000][29.220s][info ][gc,marking    ] GC(27) Concurrent Mark From Roots
[2023-11-15T19:01:02.102+0000][29.220s][info ][gc,task       ] GC(27) Using 1 workers of 1 for marking
[2023-11-15T19:01:02.110+0000][29.228s][debug][safepoint     ] Safepoint synchronization initiated. (40 threads)
[2023-11-15T19:01:02.110+0000][29.228s][info ][safepoint     ] Application time: 0.0388876 seconds
[2023-11-15T19:01:02.110+0000][29.228s][info ][safepoint     ] Entering safepoint region: CollectForMetadataAllocation
[2023-11-15T19:01:02.110+0000][29.228s][info ][safepoint     ] Leaving safepoint region
[2023-11-15T19:01:02.110+0000][29.228s][info ][safepoint     ] Total time for which application threads were stopped: 0.0001206 seconds, Stopping threads took: 0.0000138 seconds
[2023-11-15T19:01:02.243+0000][29.361s][info ][gc,marking    ] GC(27) Concurrent Mark From Roots 141.351ms
[2023-11-15T19:01:02.243+0000][29.361s][info ][gc,marking    ] GC(27) Concurrent Preclean
[2023-11-15T19:01:02.243+0000][29.361s][info ][gc,marking    ] GC(27) Concurrent Preclean 0.141ms
[2023-11-15T19:01:02.243+0000][29.361s][info ][gc,marking    ] GC(27) Concurrent Mark (29.220s, 29.361s) 141.578ms
[2023-11-15T19:01:02.243+0000][29.361s][debug][safepoint     ] Safepoint synchronization initiated. (40 threads)
[2023-11-15T19:01:02.244+0000][29.361s][info ][safepoint     ] Application time: 0.1337294 seconds
[2023-11-15T19:01:02.244+0000][29.361s][debug][safepoint     ] Waiting for 1 thread(s) to block
[2023-11-15T19:01:02.244+0000][29.362s][info ][safepoint     ] Entering safepoint region: CGC_Operation
[2023-11-15T19:01:02.244+0000][29.362s][info ][gc,start      ] GC(27) Pause Remark
[2023-11-15T19:01:02.259+0000][29.377s][info ][gc,stringtable] GC(27) Cleaned string and symbol table, strings: 54154 processed, 61 removed, symbols: 315429 processed, 388 removed
[2023-11-15T19:01:02.259+0000][29.377s][info ][gc            ] GC(27) Pause Remark 110M->110M(780M) 15.801ms
[2023-11-15T19:01:02.259+0000][29.377s][info ][gc,cpu        ] GC(27) User=0.05s Sys=0.00s Real=0.02s
[2023-11-15T19:01:02.260+0000][29.377s][info ][safepoint     ] Leaving safepoint region
[2023-11-15T19:01:02.260+0000][29.377s][info ][safepoint     ] Total time for which application threads were stopped: 0.0160027 seconds, Stopping threads took: 0.0000440 seconds
[2023-11-15T19:01:02.260+0000][29.378s][info ][gc,marking    ] GC(27) Concurrent Rebuild Remembered Sets
[2023-11-15T19:01:02.347+0000][29.465s][info ][gc,marking    ] GC(27) Concurrent Rebuild Remembered Sets 87.894ms
[2023-11-15T19:01:02.353+0000][29.471s][debug][safepoint     ] Safepoint synchronization initiated. (40 threads)
[2023-11-15T19:01:02.353+0000][29.471s][info ][safepoint     ] Application time: 0.0935283 seconds
[2023-11-15T19:01:02.353+0000][29.471s][debug][safepoint     ] Waiting for 1 thread(s) to block
[2023-11-15T19:01:02.353+0000][29.471s][info ][safepoint     ] Entering safepoint region: CGC_Operation
[2023-11-15T19:01:02.353+0000][29.471s][info ][gc,start      ] GC(27) Pause Cleanup
[2023-11-15T19:01:02.353+0000][29.471s][info ][gc            ] GC(27) Pause Cleanup 129M->129M(780M) 0.200ms
[2023-11-15T19:01:02.353+0000][29.471s][info ][gc,cpu        ] GC(27) User=0.00s Sys=0.00s Real=0.00s
[2023-11-15T19:01:02.353+0000][29.471s][info ][safepoint     ] Leaving safepoint region
[2023-11-15T19:01:02.353+0000][29.471s][info ][safepoint     ] Total time for which application threads were stopped: 0.0003510 seconds, Stopping threads took: 0.0000369 seconds
[2023-11-15T19:01:02.353+0000][29.471s][info ][gc,marking    ] GC(27) Concurrent Cleanup for Next Mark
[2023-11-15T19:01:02.355+0000][29.473s][info ][gc,marking    ] GC(27) Concurrent Cleanup for Next Mark 1.554ms
[2023-11-15T19:01:02.355+0000][29.473s][info ][gc            ] GC(27) Concurrent Cycle 284.320ms
[2023-11-15T19:01:03.355+0000][30.473s][debug][safepoint     ] Safepoint synchronization initiated. (42 threads)
[2023-11-15T19:01:03.355+0000][30.473s][info ][safepoint     ] Application time: 1.0020109 seconds
[2023-11-15T19:01:03.356+0000][30.473s][debug][safepoint     ] ... found polling page return exception at pc = 0x00007fcb7c664039, stub =0x00007fcb7483a800
[2023-11-15T19:01:03.356+0000][30.474s][debug][safepoint     ] Waiting for 1 thread(s) to block
[2023-11-15T19:01:03.356+0000][30.474s][info ][safepoint     ] Entering safepoint region: Cleanup
[2023-11-15T19:01:03.356+0000][30.474s][info ][safepoint     ] Leaving safepoint region
[2023-11-15T19:01:03.356+0000][30.474s][info ][safepoint     ] Total time for which application threads were stopped: 0.0003540 seconds, Stopping threads took: 0.0001840 seconds
[2023-11-15T19:01:03.706+0000][30.824s][debug][safepoint     ] Safepoint synchronization initiated. (42 threads)
[2023-11-15T19:01:03.706+0000][30.824s][info ][safepoint     ] Application time: 0.3505358 seconds
[2023-11-15T19:01:03.706+0000][30.824s][info ][safepoint     ] Entering safepoint region: Deoptimize
[2023-11-15T19:01:03.707+0000][30.825s][info ][safepoint     ] Leaving safepoint region
[2023-11-15T19:01:03.707+0000][30.825s][info ][safepoint     ] Total time for which application threads were stopped: 0.0010784 seconds, Stopping threads took: 0.0000134 seconds
[2023-11-15T19:01:03.937+0000][31.055s][debug][safepoint     ] Safepoint synchronization initiated. (42 threads)
[2023-11-15T19:01:03.937+0000][31.055s][info ][safepoint     ] Application time: 0.2298417 seconds
[2023-11-15T19:01:03.937+0000][31.055s][info ][safepoint     ] Entering safepoint region: Deoptimize
[2023-11-15T19:01:03.938+0000][31.056s][info ][safepoint     ] Leaving safepoint region
[2023-11-15T19:01:03.938+0000][31.056s][info ][safepoint     ] Total time for which application threads were stopped: 0.0010864 seconds, Stopping threads took: 0.0000129 seconds
[2023-11-15T19:01:04.333+0000][31.451s][debug][safepoint     ] Safepoint synchronization initiated. (43 threads)
[2023-11-15T19:01:04.333+0000][31.451s][info ][safepoint     ] Application time: 0.3942992 seconds
[2023-11-15T19:01:04.333+0000][31.451s][debug][safepoint     ] Waiting for 1 thread(s) to block
[2023-11-15T19:01:04.333+0000][31.451s][info ][safepoint     ] Entering safepoint region: G1CollectForAllocation
[2023-11-15T19:01:04.333+0000][31.451s][info ][gc,start      ] GC(28) Pause Young (Concurrent Start) (G1 Evacuation Pause)
[2023-11-15T19:01:04.333+0000][31.451s][info ][gc,task       ] GC(28) Using 4 workers of 4 for evacuation
[2023-11-15T19:01:04.382+0000][31.500s][info ][gc,phases     ] GC(28)   Pre Evacuate Collection Set: 0.2ms
[2023-11-15T19:01:04.401+0000][31.519s][info ][gc,phases     ] GC(28)   Evacuate Collection Set: 44.5ms
[2023-11-15T19:01:04.401+0000][31.519s][info ][gc,phases     ] GC(28)   Post Evacuate Collection Set: 3.9ms
[2023-11-15T19:01:04.401+0000][31.519s][info ][gc,phases     ] GC(28)   Other: 0.3ms
[2023-11-15T19:01:04.401+0000][31.519s][info ][gc,heap       ] GC(28) Eden regions: 435->0(434)
[2023-11-15T19:01:04.401+0000][31.519s][info ][gc,heap       ] GC(28) Survivor regions: 33->34(59)
[2023-11-15T19:01:04.401+0000][31.519s][info ][gc,heap       ] GC(28) Old regions: 58->68
[2023-11-15T19:01:04.401+0000][31.519s][info ][gc,heap       ] GC(28) Humongous regions: 0->0
[2023-11-15T19:01:04.401+0000][31.519s][info ][gc,metaspace  ] GC(28) Metaspace: 124451K(127888K)->124451K(127888K) NonClass: 109891K(112016K)->109891K(112016K) Class: 14560K(15872K)->14560K(15872K)
[2023-11-15T19:01:04.401+0000][31.519s][info ][gc            ] GC(28) Pause Young (Concurrent Start) (G1 Evacuation Pause) 524M->100M(780M) 68.584ms
[2023-11-15T19:01:04.401+0000][31.519s][info ][gc,cpu        ] GC(28) User=0.15s Sys=0.00s Real=0.07s
[2023-11-15T19:01:04.401+0000][31.519s][info ][gc            ] GC(29) Concurrent Cycle
[2023-11-15T19:01:04.402+0000][31.519s][info ][gc,marking    ] GC(29) Concurrent Clear Claimed Marks
[2023-11-15T19:01:04.402+0000][31.520s][info ][gc,marking    ] GC(29) Concurrent Clear Claimed Marks 0.317ms
[2023-11-15T19:01:04.401+0000][31.519s][info ][safepoint     ] Leaving safepoint region
[2023-11-15T19:01:04.402+0000][31.520s][info ][gc,marking    ] GC(29) Concurrent Scan Root Regions
[2023-11-15T19:01:04.402+0000][31.520s][info ][safepoint     ] Total time for which application threads were stopped: 0.0691782 seconds, Stopping threads took: 0.0000334 seconds
[2023-11-15T19:01:04.402+0000][31.520s][info ][gc,stringdedup] Concurrent String Deduplication (31.520s)
[2023-11-15T19:01:04.415+0000][31.533s][info ][gc,stringdedup] Concurrent String Deduplication 1174.0K->612.8K(561.2K) avg 47.7% (31.520s, 31.533s) 13.046ms
[2023-11-15T19:01:04.441+0000][31.559s][info ][gc,marking    ] GC(29) Concurrent Scan Root Regions 39.084ms
[2023-11-15T19:01:04.441+0000][31.559s][info ][gc,marking    ] GC(29) Concurrent Mark (31.559s)
[2023-11-15T19:01:04.441+0000][31.559s][info ][gc,marking    ] GC(29) Concurrent Mark From Roots
[2023-11-15T19:01:04.441+0000][31.559s][info ][gc,task       ] GC(29) Using 1 workers of 1 for marking
[2023-11-15T19:01:04.577+0000][31.695s][info ][gc,marking    ] GC(29) Concurrent Mark From Roots 135.948ms
[2023-11-15T19:01:04.580+0000][31.698s][info ][gc,marking    ] GC(29) Concurrent Preclean
[2023-11-15T19:01:04.581+0000][31.698s][info ][gc,marking    ] GC(29) Concurrent Preclean 0.289ms
[2023-11-15T19:01:04.581+0000][31.698s][info ][gc,marking    ] GC(29) Concurrent Mark (31.559s, 31.698s) 139.537ms
[2023-11-15T19:01:04.581+0000][31.699s][debug][safepoint     ] Safepoint synchronization initiated. (46 threads)
[2023-11-15T19:01:04.581+0000][31.699s][info ][safepoint     ] Application time: 0.1786812 seconds
[2023-11-15T19:01:04.581+0000][31.699s][debug][safepoint     ] ... found polling page return exception at pc = 0x00007fcb7c68ae96, stub =0x00007fcb7483a800
[2023-11-15T19:01:04.581+0000][31.699s][debug][safepoint     ] Waiting for 1 thread(s) to block
[2023-11-15T19:01:04.581+0000][31.699s][info ][safepoint     ] Entering safepoint region: CGC_Operation
[2023-11-15T19:01:04.581+0000][31.699s][info ][gc,start      ] GC(29) Pause Remark
[2023-11-15T19:01:04.603+0000][31.721s][info ][gc,stringtable] GC(29) Cleaned string and symbol table, strings: 61381 processed, 0 removed, symbols: 334971 processed, 25 removed
[2023-11-15T19:01:04.604+0000][31.722s][info ][gc            ] GC(29) Pause Remark 119M->119M(780M) 22.875ms
[2023-11-15T19:01:04.604+0000][31.722s][info ][gc,cpu        ] GC(29) User=0.08s Sys=0.00s Real=0.02s
[2023-11-15T19:01:04.604+0000][31.722s][info ][safepoint     ] Leaving safepoint region
[2023-11-15T19:01:04.604+0000][31.722s][info ][safepoint     ] Total time for which application threads were stopped: 0.0231197 seconds, Stopping threads took: 0.0000986 seconds
[2023-11-15T19:01:04.604+0000][31.722s][info ][gc,marking    ] GC(29) Concurrent Rebuild Remembered Sets
[2023-11-15T19:01:04.708+0000][31.826s][info ][gc,marking    ] GC(29) Concurrent Rebuild Remembered Sets 104.403ms
[2023-11-15T19:01:04.708+0000][31.826s][debug][safepoint     ] Safepoint synchronization initiated. (46 threads)
[2023-11-15T19:01:04.708+0000][31.826s][info ][safepoint     ] Application time: 0.1046977 seconds
[2023-11-15T19:01:04.708+0000][31.826s][debug][safepoint     ] ... found polling page return exception at pc = 0x00007fcb7c355e1f, stub =0x00007fcb7483a800
[2023-11-15T19:01:04.708+0000][31.826s][debug][safepoint     ] Waiting for 1 thread(s) to block
[2023-11-15T19:01:04.708+0000][31.826s][info ][safepoint     ] Entering safepoint region: CGC_Operation
[2023-11-15T19:01:04.709+0000][31.827s][info ][gc,start      ] GC(29) Pause Cleanup
[2023-11-15T19:01:04.709+0000][31.827s][info ][gc            ] GC(29) Pause Cleanup 133M->133M(780M) 0.289ms
[2023-11-15T19:01:04.709+0000][31.827s][info ][gc,cpu        ] GC(29) User=0.00s Sys=0.00s Real=0.00s
[2023-11-15T19:01:04.709+0000][31.827s][info ][safepoint     ] Leaving safepoint region
[2023-11-15T19:01:04.709+0000][31.827s][info ][safepoint     ] Total time for which application threads were stopped: 0.0004934 seconds, Stopping threads took: 0.0000777 seconds
[2023-11-15T19:01:04.709+0000][31.827s][info ][gc,marking    ] GC(29) Concurrent Cleanup for Next Mark
[2023-11-15T19:01:04.711+0000][31.829s][info ][gc,marking    ] GC(29) Concurrent Cleanup for Next Mark 1.585ms
[2023-11-15T19:01:04.711+0000][31.829s][info ][gc            ] GC(29) Concurrent Cycle 309.089ms
[2023-11-15T19:01:05.015+0000][32.133s][debug][safepoint     ] Safepoint synchronization initiated. (47 threads)
[2023-11-15T19:01:05.015+0000][32.133s][info ][safepoint     ] Application time: 0.3056663 seconds
[2023-11-15T19:01:05.015+0000][32.133s][info ][safepoint     ] Entering safepoint region: Deoptimize
[2023-11-15T19:01:05.016+0000][32.134s][info ][safepoint     ] Leaving safepoint region
[2023-11-15T19:01:05.016+0000][32.134s][info ][safepoint     ] Total time for which application threads were stopped: 0.0011368 seconds, Stopping threads took: 0.0000151 seconds
[2023-11-15T19:01:05.589+0000][32.707s][debug][safepoint     ] Safepoint synchronization initiated. (53 threads)
[2023-11-15T19:01:05.589+0000][32.707s][info ][safepoint     ] Application time: 0.5731383 seconds
[2023-11-15T19:01:05.589+0000][32.707s][info ][safepoint     ] Entering safepoint region: ICBufferFull
[2023-11-15T19:01:05.589+0000][32.707s][info ][safepoint     ] Leaving safepoint region
[2023-11-15T19:01:05.589+0000][32.707s][info ][safepoint     ] Total time for which application threads were stopped: 0.0001683 seconds, Stopping threads took: 0.0000172 seconds
[2023-11-15T19:01:05.829+0000][32.947s][debug][safepoint     ] Safepoint synchronization initiated. (53 threads)
[2023-11-15T19:01:05.829+0000][32.947s][info ][safepoint     ] Application time: 0.2400196 seconds
[2023-11-15T19:01:05.829+0000][32.947s][info ][safepoint     ] Entering safepoint region: Deoptimize
[2023-11-15T19:01:05.830+0000][32.948s][info ][safepoint     ] Leaving safepoint region
[2023-11-15T19:01:05.830+0000][32.948s][info ][safepoint     ] Total time for which application threads were stopped: 0.0011351 seconds, Stopping threads took: 0.0000182 seconds
[2023-11-15T19:01:06.374+0000][33.492s][debug][safepoint     ] Safepoint synchronization initiated. (65 threads)
[2023-11-15T19:01:06.374+0000][33.492s][info ][safepoint     ] Application time: 0.5442056 seconds
[2023-11-15T19:01:06.374+0000][33.492s][info ][safepoint     ] Entering safepoint region: ICBufferFull
[2023-11-15T19:01:06.375+0000][33.493s][info ][safepoint     ] Leaving safepoint region
[2023-11-15T19:01:06.375+0000][33.493s][info ][safepoint     ] Total time for which application threads were stopped: 0.0001943 seconds, Stopping threads took: 0.0000188 seconds
[2023-11-15T19:01:06.440+0000][33.558s][debug][safepoint     ] Safepoint synchronization initiated. (66 threads)
[2023-11-15T19:01:06.440+0000][33.558s][info ][safepoint     ] Application time: 0.0652551 seconds
[2023-11-15T19:01:06.440+0000][33.558s][info ][safepoint     ] Entering safepoint region: Deoptimize
[2023-11-15T19:01:06.441+0000][33.559s][info ][safepoint     ] Leaving safepoint region
[2023-11-15T19:01:06.441+0000][33.559s][info ][safepoint     ] Total time for which application threads were stopped: 0.0011477 seconds, Stopping threads took: 0.0000171 seconds
[2023-11-15T19:01:06.441+0000][33.559s][debug][safepoint     ] Safepoint synchronization initiated. (66 threads)
[2023-11-15T19:01:06.441+0000][33.559s][info ][safepoint     ] Application time: 0.0001402 seconds
[2023-11-15T19:01:06.441+0000][33.559s][info ][safepoint     ] Entering safepoint region: Deoptimize
[2023-11-15T19:01:06.442+0000][33.560s][info ][safepoint     ] Leaving safepoint region
[2023-11-15T19:01:06.442+0000][33.560s][info ][safepoint     ] Total time for which application threads were stopped: 0.0010372 seconds, Stopping threads took: 0.0000215 seconds
[2023-11-15T19:01:06.443+0000][33.561s][debug][safepoint     ] Safepoint synchronization initiated. (66 threads)
[2023-11-15T19:01:06.443+0000][33.561s][info ][safepoint     ] Application time: 0.0008322 seconds
[2023-11-15T19:01:06.443+0000][33.561s][info ][safepoint     ] Entering safepoint region: Deoptimize
[2023-11-15T19:01:06.444+0000][33.562s][info ][safepoint     ] Leaving safepoint region
[2023-11-15T19:01:06.444+0000][33.562s][info ][safepoint     ] Total time for which application threads were stopped: 0.0010615 seconds, Stopping threads took: 0.0000336 seconds
[2023-11-15T19:01:06.463+0000][33.581s][debug][safepoint     ] Safepoint synchronization initiated. (66 threads)
[2023-11-15T19:01:06.463+0000][33.581s][info ][safepoint     ] Application time: 0.0186986 seconds
[2023-11-15T19:01:06.463+0000][33.581s][info ][safepoint     ] Entering safepoint region: Deoptimize
[2023-11-15T19:01:06.464+0000][33.582s][info ][safepoint     ] Leaving safepoint region
[2023-11-15T19:01:06.464+0000][33.582s][info ][safepoint     ] Total time for which application threads were stopped: 0.0011713 seconds, Stopping threads took: 0.0000167 seconds
[2023-11-15T19:01:06.653+0000][33.771s][debug][safepoint     ] Safepoint synchronization initiated. (66 threads)
[2023-11-15T19:01:06.653+0000][33.771s][info ][safepoint     ] Application time: 0.1888868 seconds
[2023-11-15T19:01:06.653+0000][33.771s][info ][safepoint     ] Entering safepoint region: Deoptimize
[2023-11-15T19:01:06.654+0000][33.772s][info ][safepoint     ] Leaving safepoint region
[2023-11-15T19:01:06.654+0000][33.772s][info ][safepoint     ] Total time for which application threads were stopped: 0.0012357 seconds, Stopping threads took: 0.0000184 seconds
[2023-11-15T19:01:06.770+0000][33.888s][debug][safepoint     ] Safepoint synchronization initiated. (66 threads)
[2023-11-15T19:01:06.770+0000][33.888s][info ][safepoint     ] Application time: 0.1154132 seconds
[2023-11-15T19:01:06.770+0000][33.888s][info ][safepoint     ] Entering safepoint region: G1CollectForAllocation
[2023-11-15T19:01:06.770+0000][33.888s][info ][gc,start      ] GC(30) Pause Young (Normal) (G1 Evacuation Pause)
[2023-11-15T19:01:06.770+0000][33.888s][info ][gc,task       ] GC(30) Using 4 workers of 4 for evacuation
[2023-11-15T19:01:06.813+0000][33.931s][info ][gc,phases     ] GC(30)   Pre Evacuate Collection Set: 0.0ms
[2023-11-15T19:01:06.813+0000][33.931s][info ][gc,phases     ] GC(30)   Evacuate Collection Set: 38.3ms
[2023-11-15T19:01:06.813+0000][33.931s][info ][gc,phases     ] GC(30)   Post Evacuate Collection Set: 5.0ms
[2023-11-15T19:01:06.813+0000][33.931s][info ][gc,phases     ] GC(30)   Other: 0.2ms
[2023-11-15T19:01:06.813+0000][33.931s][info ][gc,heap       ] GC(30) Eden regions: 434->0(432)
[2023-11-15T19:01:06.813+0000][33.931s][info ][gc,heap       ] GC(30) Survivor regions: 34->36(59)
[2023-11-15T19:01:06.813+0000][33.931s][info ][gc,heap       ] GC(30) Old regions: 68->76
[2023-11-15T19:01:06.813+0000][33.931s][info ][gc,heap       ] GC(30) Humongous regions: 0->0
[2023-11-15T19:01:06.813+0000][33.931s][info ][gc,metaspace  ] GC(30) Metaspace: 135457K(139152K)->135457K(139152K) NonClass: 119756K(122000K)->119756K(122000K) Class: 15701K(17152K)->15701K(17152K)
[2023-11-15T19:01:06.813+0000][33.931s][info ][gc            ] GC(30) Pause Young (Normal) (G1 Evacuation Pause) 534M->110M(780M) 43.667ms
[2023-11-15T19:01:06.813+0000][33.931s][info ][gc,cpu        ] GC(30) User=0.16s Sys=0.00s Real=0.04s
[2023-11-15T19:01:06.814+0000][33.931s][info ][safepoint     ] Leaving safepoint region
[2023-11-15T19:01:06.814+0000][33.931s][info ][safepoint     ] Total time for which application threads were stopped: 0.0438918 seconds, Stopping threads took: 0.0000180 seconds
[2023-11-15T19:01:06.815+0000][33.933s][info ][gc,stringdedup] Concurrent String Deduplication (33.933s)
[2023-11-15T19:01:06.819+0000][33.937s][info ][gc,stringdedup] Concurrent String Deduplication 471.7K->148.8K(322.9K) avg 48.4% (33.933s, 33.937s) 3.327ms
[2023-11-15T19:01:07.021+0000][34.139s][debug][safepoint     ] Safepoint synchronization initiated. (66 threads)
[2023-11-15T19:01:07.022+0000][34.140s][info ][safepoint     ] Application time: 0.2080122 seconds
[2023-11-15T19:01:07.022+0000][34.140s][debug][safepoint     ] ... found polling page loop exception at pc = 0x00007fcb7c36ede1, stub =0x00007fcb7483ab00
[2023-11-15T19:01:07.022+0000][34.140s][debug][safepoint     ] Waiting for 3 thread(s) to block
[2023-11-15T19:01:07.022+0000][34.140s][info ][safepoint     ] Entering safepoint region: ICBufferFull
[2023-11-15T19:01:07.022+0000][34.140s][info ][safepoint     ] Leaving safepoint region
[2023-11-15T19:01:07.022+0000][34.140s][info ][safepoint     ] Total time for which application threads were stopped: 0.0004337 seconds, Stopping threads took: 0.0001990 seconds
[2023-11-15T19:01:07.271+0000][34.389s][debug][safepoint     ] Safepoint synchronization initiated. (66 threads)
[2023-11-15T19:01:07.271+0000][34.389s][info ][safepoint     ] Application time: 0.2488454 seconds
[2023-11-15T19:01:07.271+0000][34.389s][info ][safepoint     ] Entering safepoint region: ICBufferFull
[2023-11-15T19:01:07.271+0000][34.389s][info ][safepoint     ] Leaving safepoint region
[2023-11-15T19:01:07.271+0000][34.389s][info ][safepoint     ] Total time for which application threads were stopped: 0.0004111 seconds, Stopping threads took: 0.0000192 seconds
[2023-11-15T19:01:07.410+0000][34.528s][debug][safepoint     ] Safepoint synchronization initiated. (66 threads)
[2023-11-15T19:01:07.410+0000][34.528s][info ][safepoint     ] Application time: 0.1389205 seconds
[2023-11-15T19:01:07.410+0000][34.528s][info ][safepoint     ] Entering safepoint region: Deoptimize
[2023-11-15T19:01:07.411+0000][34.529s][info ][safepoint     ] Leaving safepoint region
[2023-11-15T19:01:07.411+0000][34.529s][info ][safepoint     ] Total time for which application threads were stopped: 0.0011458 seconds, Stopping threads took: 0.0000189 seconds
[2023-11-15T19:01:07.437+0000][34.555s][debug][safepoint     ] Safepoint synchronization initiated. (66 threads)
[2023-11-15T19:01:07.437+0000][34.555s][info ][safepoint     ] Application time: 0.0260451 seconds
[2023-11-15T19:01:07.437+0000][34.555s][info ][safepoint     ] Entering safepoint region: Deoptimize
[2023-11-15T19:01:07.439+0000][34.557s][info ][safepoint     ] Leaving safepoint region
[2023-11-15T19:01:07.439+0000][34.557s][info ][safepoint     ] Total time for which application threads were stopped: 0.0015431 seconds, Stopping threads took: 0.0000195 seconds
[2023-11-15T19:01:07.742+0000][34.860s][debug][safepoint     ] Safepoint synchronization initiated. (66 threads)
[2023-11-15T19:01:07.742+0000][34.860s][info ][safepoint     ] Application time: 0.3027977 seconds
[2023-11-15T19:01:07.742+0000][34.860s][debug][safepoint     ] Waiting for 1 thread(s) to block
[2023-11-15T19:01:07.742+0000][34.860s][info ][safepoint     ] Entering safepoint region: Deoptimize
[2023-11-15T19:01:07.743+0000][34.861s][info ][safepoint     ] Leaving safepoint region
[2023-11-15T19:01:07.743+0000][34.861s][info ][safepoint     ] Total time for which application threads were stopped: 0.0011790 seconds, Stopping threads took: 0.0000373 seconds
[2023-11-15T19:01:07.787+0000][34.905s][debug][safepoint     ] Safepoint synchronization initiated. (66 threads)
[2023-11-15T19:01:07.787+0000][34.905s][info ][safepoint     ] Application time: 0.0437467 seconds
[2023-11-15T19:01:07.787+0000][34.905s][debug][safepoint     ] Waiting for 1 thread(s) to block
[2023-11-15T19:01:07.787+0000][34.905s][info ][safepoint     ] Entering safepoint region: Deoptimize
[2023-11-15T19:01:07.788+0000][34.906s][info ][safepoint     ] Leaving safepoint region
[2023-11-15T19:01:07.788+0000][34.906s][info ][safepoint     ] Total time for which application threads were stopped: 0.0012083 seconds, Stopping threads took: 0.0000361 seconds
[2023-11-15T19:01:08.370+0000][35.488s][debug][safepoint     ] Safepoint synchronization initiated. (71 threads)
[2023-11-15T19:01:08.370+0000][35.488s][info ][safepoint     ] Application time: 0.5824936 seconds
[2023-11-15T19:01:08.370+0000][35.488s][info ][safepoint     ] Entering safepoint region: G1CollectForAllocation
[2023-11-15T19:01:08.371+0000][35.489s][info ][gc,start      ] GC(31) Pause Young (Normal) (G1 Evacuation Pause)
[2023-11-15T19:01:08.371+0000][35.489s][info ][gc,task       ] GC(31) Using 4 workers of 4 for evacuation
[2023-11-15T19:01:08.436+0000][35.554s][info ][gc,phases     ] GC(31)   Pre Evacuate Collection Set: 0.0ms
[2023-11-15T19:01:08.436+0000][35.554s][info ][gc,phases     ] GC(31)   Evacuate Collection Set: 58.2ms
[2023-11-15T19:01:08.436+0000][35.554s][info ][gc,phases     ] GC(31)   Post Evacuate Collection Set: 7.0ms
[2023-11-15T19:01:08.436+0000][35.554s][info ][gc,phases     ] GC(31)   Other: 0.2ms
[2023-11-15T19:01:08.436+0000][35.554s][info ][gc,heap       ] GC(31) Eden regions: 432->0(436)
[2023-11-15T19:01:08.436+0000][35.554s][info ][gc,heap       ] GC(31) Survivor regions: 36->32(59)
[2023-11-15T19:01:08.436+0000][35.554s][info ][gc,heap       ] GC(31) Old regions: 76->86
[2023-11-15T19:01:08.436+0000][35.554s][info ][gc,heap       ] GC(31) Humongous regions: 0->0
[2023-11-15T19:01:08.436+0000][35.554s][info ][gc,metaspace  ] GC(31) Metaspace: 139981K(144016K)->139981K(144016K) NonClass: 123595K(126096K)->123595K(126096K) Class: 16385K(17920K)->16385K(17920K)
[2023-11-15T19:01:08.436+0000][35.554s][info ][gc            ] GC(31) Pause Young (Normal) (G1 Evacuation Pause) 542M->116M(780M) 65.601ms
[2023-11-15T19:01:08.436+0000][35.554s][info ][gc,cpu        ] GC(31) User=0.22s Sys=0.00s Real=0.06s
[2023-11-15T19:01:08.436+0000][35.554s][info ][safepoint     ] Leaving safepoint region
[2023-11-15T19:01:08.436+0000][35.554s][info ][safepoint     ] Total time for which application threads were stopped: 0.0658643 seconds, Stopping threads took: 0.0000197 seconds
[2023-11-15T19:01:08.439+0000][35.557s][info ][gc,stringdedup] Concurrent String Deduplication (35.557s)
[2023-11-15T19:01:08.453+0000][35.571s][info ][gc,stringdedup] Concurrent String Deduplication 663.8K->145.9K(518.0K) avg 49.7% (35.557s, 35.571s) 13.412ms
[2023-11-15T19:01:08.618+0000][35.736s][debug][safepoint     ] Safepoint synchronization initiated. (71 threads)
[2023-11-15T19:01:08.618+0000][35.736s][info ][safepoint     ] Application time: 0.1815758 seconds
[2023-11-15T19:01:08.618+0000][35.736s][info ][safepoint     ] Entering safepoint region: Deoptimize
[2023-11-15T19:01:08.619+0000][35.737s][info ][safepoint     ] Leaving safepoint region
[2023-11-15T19:01:08.619+0000][35.737s][info ][safepoint     ] Total time for which application threads were stopped: 0.0012728 seconds, Stopping threads took: 0.0000210 seconds
[2023-11-15T19:01:09.349+0000][36.467s][debug][safepoint     ] Safepoint synchronization initiated. (83 threads)
[2023-11-15T19:01:09.349+0000][36.467s][info ][safepoint     ] Application time: 0.7302258 seconds
[2023-11-15T19:01:09.349+0000][36.467s][info ][safepoint     ] Entering safepoint region: ICBufferFull
[2023-11-15T19:01:09.350+0000][36.468s][info ][safepoint     ] Leaving safepoint region
[2023-11-15T19:01:09.350+0000][36.468s][info ][safepoint     ] Total time for which application threads were stopped: 0.0002436 seconds, Stopping threads took: 0.0000219 seconds
[2023-11-15T19:01:09.494+0000][36.612s][debug][safepoint     ] Safepoint synchronization initiated. (83 threads)
[2023-11-15T19:01:09.494+0000][36.612s][info ][safepoint     ] Application time: 0.1446546 seconds
[2023-11-15T19:01:09.494+0000][36.612s][info ][safepoint     ] Entering safepoint region: ICBufferFull
[2023-11-15T19:01:09.495+0000][36.612s][info ][safepoint     ] Leaving safepoint region
[2023-11-15T19:01:09.495+0000][36.613s][info ][safepoint     ] Total time for which application threads were stopped: 0.0002055 seconds, Stopping threads took: 0.0000226 seconds
[2023-11-15T19:01:09.688+0000][36.806s][debug][safepoint     ] Safepoint synchronization initiated. (83 threads)
[2023-11-15T19:01:09.688+0000][36.806s][info ][safepoint     ] Application time: 0.1935750 seconds
[2023-11-15T19:01:09.688+0000][36.806s][info ][safepoint     ] Entering safepoint region: ICBufferFull
[2023-11-15T19:01:09.688+0000][36.806s][info ][safepoint     ] Leaving safepoint region
[2023-11-15T19:01:09.688+0000][36.806s][info ][safepoint     ] Total time for which application threads were stopped: 0.0002199 seconds, Stopping threads took: 0.0000227 seconds
[2023-11-15T19:01:09.901+0000][37.019s][debug][safepoint     ] Safepoint synchronization initiated. (83 threads)
[2023-11-15T19:01:09.901+0000][37.019s][info ][safepoint     ] Application time: 0.2125801 seconds
[2023-11-15T19:01:09.901+0000][37.019s][info ][safepoint     ] Entering safepoint region: ICBufferFull
[2023-11-15T19:01:09.901+0000][37.019s][info ][safepoint     ] Leaving safepoint region
[2023-11-15T19:01:09.901+0000][37.019s][info ][safepoint     ] Total time for which application threads were stopped: 0.0002037 seconds, Stopping threads took: 0.0000225 seconds
[2023-11-15T19:01:10.106+0000][37.224s][debug][safepoint     ] Safepoint synchronization initiated. (83 threads)
[2023-11-15T19:01:10.107+0000][37.225s][info ][safepoint     ] Application time: 0.2053824 seconds
[2023-11-15T19:01:10.107+0000][37.225s][info ][safepoint     ] Entering safepoint region: ICBufferFull
[2023-11-15T19:01:10.107+0000][37.225s][info ][safepoint     ] Leaving safepoint region
[2023-11-15T19:01:10.107+0000][37.225s][info ][safepoint     ] Total time for which application threads were stopped: 0.0002013 seconds, Stopping threads took: 0.0000232 seconds
[2023-11-15T19:01:10.715+0000][37.833s][debug][safepoint     ] Safepoint synchronization initiated. (83 threads)
[2023-11-15T19:01:10.715+0000][37.833s][info ][safepoint     ] Application time: 0.6083243 seconds
[2023-11-15T19:01:10.715+0000][37.833s][info ][safepoint     ] Entering safepoint region: ICBufferFull
[2023-11-15T19:01:10.715+0000][37.833s][info ][safepoint     ] Leaving safepoint region
[2023-11-15T19:01:10.715+0000][37.833s][info ][safepoint     ] Total time for which application threads were stopped: 0.0002087 seconds, Stopping threads took: 0.0000235 seconds
[2023-11-15T19:01:10.921+0000][38.039s][debug][safepoint     ] Safepoint synchronization initiated. (83 threads)
[2023-11-15T19:01:10.921+0000][38.039s][info ][safepoint     ] Application time: 0.2055119 seconds
[2023-11-15T19:01:10.921+0000][38.039s][info ][safepoint     ] Entering safepoint region: G1CollectForAllocation
[2023-11-15T19:01:10.921+0000][38.039s][info ][gc,start      ] GC(32) Pause Young (Normal) (G1 Evacuation Pause)
[2023-11-15T19:01:10.921+0000][38.039s][info ][gc,task       ] GC(32) Using 4 workers of 4 for evacuation
[2023-11-15T19:01:10.961+0000][38.079s][info ][gc,phases     ] GC(32)   Pre Evacuate Collection Set: 0.0ms
[2023-11-15T19:01:10.962+0000][38.079s][info ][gc,phases     ] GC(32)   Evacuate Collection Set: 37.2ms
[2023-11-15T19:01:10.962+0000][38.079s][info ][gc,phases     ] GC(32)   Post Evacuate Collection Set: 3.1ms
[2023-11-15T19:01:10.962+0000][38.080s][info ][gc,phases     ] GC(32)   Other: 0.2ms
[2023-11-15T19:01:10.962+0000][38.080s][info ][gc,heap       ] GC(32) Eden regions: 436->0(430)
[2023-11-15T19:01:10.962+0000][38.080s][info ][gc,heap       ] GC(32) Survivor regions: 32->38(59)
[2023-11-15T19:01:10.962+0000][38.080s][info ][gc,heap       ] GC(32) Old regions: 86->92
[2023-11-15T19:01:10.962+0000][38.080s][info ][gc,heap       ] GC(32) Humongous regions: 0->0
[2023-11-15T19:01:10.962+0000][38.080s][info ][gc,metaspace  ] GC(32) Metaspace: 143483K(147984K)->143483K(147984K) NonClass: 126695K(129424K)->126695K(129424K) Class: 16787K(18560K)->16787K(18560K)
[2023-11-15T19:01:10.962+0000][38.080s][info ][gc            ] GC(32) Pause Young (Normal) (G1 Evacuation Pause) 552M->127M(780M) 40.614ms
[2023-11-15T19:01:10.962+0000][38.080s][info ][gc,cpu        ] GC(32) User=0.16s Sys=0.01s Real=0.04s
[2023-11-15T19:01:10.962+0000][38.080s][info ][safepoint     ] Leaving safepoint region
[2023-11-15T19:01:10.962+0000][38.080s][info ][safepoint     ] Total time for which application threads were stopped: 0.0408541 seconds, Stopping threads took: 0.0000221 seconds
[2023-11-15T19:01:10.963+0000][38.081s][info ][gc,stringdedup] Concurrent String Deduplication (38.081s)
[2023-11-15T19:01:10.969+0000][38.087s][info ][gc,stringdedup] Concurrent String Deduplication 843.3K->348.0K(495.3K) avg 50.2% (38.081s, 38.087s) 6.188ms
[2023-11-15T19:01:11.962+0000][39.080s][debug][safepoint     ] Safepoint synchronization initiated. (83 threads)
[2023-11-15T19:01:11.962+0000][39.080s][info ][safepoint     ] Application time: 1.0001597 seconds
[2023-11-15T19:01:11.962+0000][39.080s][debug][safepoint     ] ... found polling page return exception at pc = 0x00007fcb7c8d2913, stub =0x00007fcb7483a800
[2023-11-15T19:01:11.962+0000][39.080s][debug][safepoint     ] Waiting for 1 thread(s) to block
[2023-11-15T19:01:11.962+0000][39.080s][info ][safepoint     ] Entering safepoint region: Cleanup
[2023-11-15T19:01:11.962+0000][39.080s][info ][safepoint     ] Leaving safepoint region
[2023-11-15T19:01:11.962+0000][39.080s][info ][safepoint     ] Total time for which application threads were stopped: 0.0002701 seconds, Stopping threads took: 0.0000879 seconds
