[2023-11-16T08:16:55.081+0000][0.005s][info][gc,heap] Heap region size: 1M
[2023-11-16T08:16:55.085+0000][0.009s][info][gc     ] Using G1
[2023-11-16T08:16:55.085+0000][0.009s][info][gc,heap,coops] Heap address: 0x0000000708000000, size: 3968 MB, Compressed Oops mode: Zero based, Oop shift amount: 3
[2023-11-16T08:16:55.085+0000][0.009s][info][gc,cds       ] Mark closed archive regions in map: [0x00000007bfc00000, 0x00000007bfc6bff8]
[2023-11-16T08:16:55.085+0000][0.010s][info][gc,cds       ] Mark open archive regions in map: [0x00000007bf800000, 0x00000007bf847ff8]
[2023-11-16T08:16:55.143+0000][0.067s][debug][safepoint    ] Safepoint synchronization initiated. (9 threads)
[2023-11-16T08:16:55.143+0000][0.067s][info ][safepoint    ] Application time: 0.0323001 seconds
[2023-11-16T08:16:55.143+0000][0.067s][info ][safepoint    ] Entering safepoint region: Deoptimize
[2023-11-16T08:16:55.143+0000][0.068s][info ][safepoint    ] Leaving safepoint region
[2023-11-16T08:16:55.143+0000][0.068s][info ][safepoint    ] Total time for which application threads were stopped: 0.0001213 seconds, Stopping threads took: 0.0000101 seconds
[2023-11-16T08:16:55.488+0000][0.412s][debug][safepoint    ] Safepoint synchronization initiated. (10 threads)
[2023-11-16T08:16:55.488+0000][0.412s][info ][safepoint    ] Application time: 0.3444298 seconds
[2023-11-16T08:16:55.488+0000][0.412s][debug][safepoint    ] Waiting for 1 thread(s) to block
[2023-11-16T08:16:55.488+0000][0.412s][info ][safepoint    ] Entering safepoint region: G1CollectForAllocation
[2023-11-16T08:16:55.488+0000][0.412s][info ][gc,start     ] GC(0) Pause Young (Normal) (G1 Evacuation Pause)
[2023-11-16T08:16:55.490+0000][0.414s][info ][gc,task      ] GC(0) Using 4 workers of 4 for evacuation
[2023-11-16T08:16:55.508+0000][0.432s][info ][gc,phases    ] GC(0)   Pre Evacuate Collection Set: 0.0ms
[2023-11-16T08:16:55.508+0000][0.432s][info ][gc,phases    ] GC(0)   Evacuate Collection Set: 14.4ms
[2023-11-16T08:16:55.508+0000][0.432s][info ][gc,phases    ] GC(0)   Post Evacuate Collection Set: 4.1ms
[2023-11-16T08:16:55.508+0000][0.432s][info ][gc,phases    ] GC(0)   Other: 1.6ms
[2023-11-16T08:16:55.508+0000][0.432s][info ][gc,heap      ] GC(0) Eden regions: 38->0(143)
[2023-11-16T08:16:55.508+0000][0.432s][info ][gc,heap      ] GC(0) Survivor regions: 0->5(5)
[2023-11-16T08:16:55.508+0000][0.432s][info ][gc,heap      ] GC(0) Old regions: 2->5
[2023-11-16T08:16:55.508+0000][0.432s][info ][gc,heap      ] GC(0) Humongous regions: 2->0
[2023-11-16T08:16:55.508+0000][0.432s][info ][gc,metaspace ] GC(0) Metaspace: 1868K(5376K)->1868K(5376K) NonClass: 1714K(4864K)->1714K(4864K) Class: 153K(512K)->153K(512K)
[2023-11-16T08:16:55.508+0000][0.432s][info ][gc           ] GC(0) Pause Young (Normal) (G1 Evacuation Pause) 40M->8M(250M) 20.225ms
[2023-11-16T08:16:55.508+0000][0.432s][info ][gc,cpu       ] GC(0) User=0.05s Sys=0.00s Real=0.02s
[2023-11-16T08:16:55.508+0000][0.432s][info ][safepoint    ] Leaving safepoint region
[2023-11-16T08:16:55.508+0000][0.432s][info ][safepoint    ] Total time for which application threads were stopped: 0.0204324 seconds, Stopping threads took: 0.0000289 seconds
[2023-11-16T08:16:55.508+0000][0.432s][info ][gc,stringdedup] Concurrent String Deduplication (0.432s)
[2023-11-16T08:16:55.510+0000][0.434s][info ][gc,stringdedup] Concurrent String Deduplication 528.4K->489.3K(40072.0B) avg 4.9% (0.432s, 0.434s) 1.678ms
[2023-11-16T08:16:55.702+0000][0.626s][debug][safepoint     ] Safepoint synchronization initiated. (10 threads)
[2023-11-16T08:16:55.702+0000][0.626s][info ][safepoint     ] Application time: 0.1932313 seconds
[2023-11-16T08:16:55.702+0000][0.626s][info ][safepoint     ] Entering safepoint region: G1CollectForAllocation
[2023-11-16T08:16:55.702+0000][0.626s][info ][gc,start      ] GC(1) Pause Young (Normal) (G1 Evacuation Pause)
[2023-11-16T08:16:55.702+0000][0.626s][info ][gc,task       ] GC(1) Using 4 workers of 4 for evacuation
[2023-11-16T08:16:55.714+0000][0.638s][info ][gc,phases     ] GC(1)   Pre Evacuate Collection Set: 0.0ms
[2023-11-16T08:16:55.714+0000][0.638s][info ][gc,phases     ] GC(1)   Evacuate Collection Set: 11.7ms
[2023-11-16T08:16:55.714+0000][0.638s][info ][gc,phases     ] GC(1)   Post Evacuate Collection Set: 0.6ms
[2023-11-16T08:16:55.714+0000][0.638s][info ][gc,phases     ] GC(1)   Other: 0.1ms
[2023-11-16T08:16:55.714+0000][0.638s][info ][gc,heap       ] GC(1) Eden regions: 33->0(84)
[2023-11-16T08:16:55.714+0000][0.638s][info ][gc,heap       ] GC(1) Survivor regions: 5->1(5)
[2023-11-16T08:16:55.714+0000][0.638s][info ][gc,heap       ] GC(1) Old regions: 5->10
[2023-11-16T08:16:55.714+0000][0.638s][info ][gc,heap       ] GC(1) Humongous regions: 0->0
[2023-11-16T08:16:55.714+0000][0.638s][info ][gc,metaspace  ] GC(1) Metaspace: 2985K(6016K)->2985K(6016K) NonClass: 2716K(5376K)->2716K(5376K) Class: 268K(640K)->268K(640K)
[2023-11-16T08:16:55.714+0000][0.638s][info ][gc            ] GC(1) Pause Young (Normal) (G1 Evacuation Pause) 41M->9M(250M) 12.558ms
[2023-11-16T08:16:55.714+0000][0.638s][info ][gc,cpu        ] GC(1) User=0.02s Sys=0.00s Real=0.01s
[2023-11-16T08:16:55.714+0000][0.638s][info ][safepoint     ] Leaving safepoint region
[2023-11-16T08:16:55.714+0000][0.638s][info ][safepoint     ] Total time for which application threads were stopped: 0.0127091 seconds, Stopping threads took: 0.0000093 seconds
[2023-11-16T08:16:55.714+0000][0.638s][info ][gc,stringdedup] Concurrent String Deduplication (0.638s)
[2023-11-16T08:16:55.720+0000][0.645s][info ][gc,stringdedup] Concurrent String Deduplication 1442.1K->1369.5K(74328.0B) avg 5.0% (0.638s, 0.645s) 6.098ms
[2023-11-16T08:16:55.741+0000][0.665s][debug][safepoint     ] Safepoint synchronization initiated. (10 threads)
[2023-11-16T08:16:55.741+0000][0.665s][info ][safepoint     ] Application time: 0.0268253 seconds
[2023-11-16T08:16:55.741+0000][0.665s][info ][safepoint     ] Entering safepoint region: Deoptimize
[2023-11-16T08:16:55.741+0000][0.665s][info ][safepoint     ] Leaving safepoint region
[2023-11-16T08:16:55.741+0000][0.665s][info ][safepoint     ] Total time for which application threads were stopped: 0.0001466 seconds, Stopping threads took: 0.0000092 seconds
[2023-11-16T08:16:55.747+0000][0.672s][debug][safepoint     ] Safepoint synchronization initiated. (10 threads)
[2023-11-16T08:16:55.748+0000][0.672s][info ][safepoint     ] Application time: 0.0062292 seconds
[2023-11-16T08:16:55.748+0000][0.672s][debug][safepoint     ] Waiting for 1 thread(s) to block
[2023-11-16T08:16:55.748+0000][0.672s][info ][safepoint     ] Entering safepoint region: Deoptimize
[2023-11-16T08:16:55.748+0000][0.672s][info ][safepoint     ] Leaving safepoint region
[2023-11-16T08:16:55.748+0000][0.672s][info ][safepoint     ] Total time for which application threads were stopped: 0.0001566 seconds, Stopping threads took: 0.0000276 seconds
[2023-11-16T08:16:55.814+0000][0.739s][debug][safepoint     ] Safepoint synchronization initiated. (10 threads)
[2023-11-16T08:16:55.814+0000][0.739s][info ][safepoint     ] Application time: 0.0667878 seconds
[2023-11-16T08:16:55.815+0000][0.739s][info ][safepoint     ] Entering safepoint region: Deoptimize
[2023-11-16T08:16:55.815+0000][0.739s][info ][safepoint     ] Leaving safepoint region
[2023-11-16T08:16:55.815+0000][0.739s][info ][safepoint     ] Total time for which application threads were stopped: 0.0001575 seconds, Stopping threads took: 0.0000093 seconds
[2023-11-16T08:16:55.823+0000][0.747s][debug][safepoint     ] Safepoint synchronization initiated. (10 threads)
[2023-11-16T08:16:55.823+0000][0.747s][info ][safepoint     ] Application time: 0.0087126 seconds
[2023-11-16T08:16:55.823+0000][0.747s][info ][safepoint     ] Entering safepoint region: Deoptimize
[2023-11-16T08:16:55.824+0000][0.748s][info ][safepoint     ] Leaving safepoint region
[2023-11-16T08:16:55.824+0000][0.748s][info ][safepoint     ] Total time for which application threads were stopped: 0.0001799 seconds, Stopping threads took: 0.0000106 seconds
[2023-11-16T08:16:56.211+0000][1.135s][debug][safepoint     ] Safepoint synchronization initiated. (11 threads)
[2023-11-16T08:16:56.211+0000][1.135s][info ][safepoint     ] Application time: 0.3877985 seconds
[2023-11-16T08:16:56.211+0000][1.135s][info ][safepoint     ] Entering safepoint region: G1CollectForAllocation
[2023-11-16T08:16:56.212+0000][1.136s][info ][gc,start      ] GC(2) Pause Young (Normal) (G1 Evacuation Pause)
[2023-11-16T08:16:56.212+0000][1.136s][info ][gc,task       ] GC(2) Using 4 workers of 4 for evacuation
[2023-11-16T08:16:56.230+0000][1.154s][info ][gc,phases     ] GC(2)   Pre Evacuate Collection Set: 0.0ms
[2023-11-16T08:16:56.230+0000][1.154s][info ][gc,phases     ] GC(2)   Evacuate Collection Set: 17.3ms
[2023-11-16T08:16:56.230+0000][1.154s][info ][gc,phases     ] GC(2)   Post Evacuate Collection Set: 1.0ms
[2023-11-16T08:16:56.230+0000][1.154s][info ][gc,phases     ] GC(2)   Other: 0.1ms
[2023-11-16T08:16:56.230+0000][1.154s][info ][gc,heap       ] GC(2) Eden regions: 84->0(117)
[2023-11-16T08:16:56.230+0000][1.154s][info ][gc,heap       ] GC(2) Survivor regions: 1->2(11)
[2023-11-16T08:16:56.230+0000][1.154s][info ][gc,heap       ] GC(2) Old regions: 10->10
[2023-11-16T08:16:56.230+0000][1.154s][info ][gc,heap       ] GC(2) Humongous regions: 0->0
[2023-11-16T08:16:56.230+0000][1.154s][info ][gc,metaspace  ] GC(2) Metaspace: 5682K(7808K)->5682K(7808K) NonClass: 5049K(6912K)->5049K(6912K) Class: 633K(896K)->633K(896K)
[2023-11-16T08:16:56.230+0000][1.154s][info ][gc            ] GC(2) Pause Young (Normal) (G1 Evacuation Pause) 93M->10M(250M) 18.582ms
[2023-11-16T08:16:56.230+0000][1.154s][info ][gc,cpu        ] GC(2) User=0.04s Sys=0.00s Real=0.02s
[2023-11-16T08:16:56.230+0000][1.154s][info ][safepoint     ] Leaving safepoint region
[2023-11-16T08:16:56.230+0000][1.154s][info ][safepoint     ] Total time for which application threads were stopped: 0.0188291 seconds, Stopping threads took: 0.0000093 seconds
[2023-11-16T08:16:56.799+0000][1.723s][debug][safepoint     ] Safepoint synchronization initiated. (11 threads)
[2023-11-16T08:16:56.799+0000][1.723s][info ][safepoint     ] Application time: 0.5684651 seconds
[2023-11-16T08:16:56.799+0000][1.723s][info ][safepoint     ] Entering safepoint region: G1CollectForAllocation
[2023-11-16T08:16:56.799+0000][1.723s][info ][gc,start      ] GC(3) Pause Young (Normal) (G1 Evacuation Pause)
[2023-11-16T08:16:56.799+0000][1.723s][info ][gc,task       ] GC(3) Using 4 workers of 4 for evacuation
[2023-11-16T08:16:56.805+0000][1.729s][info ][gc,phases     ] GC(3)   Pre Evacuate Collection Set: 0.0ms
[2023-11-16T08:16:56.805+0000][1.729s][info ][gc,phases     ] GC(3)   Evacuate Collection Set: 4.8ms
[2023-11-16T08:16:56.805+0000][1.729s][info ][gc,phases     ] GC(3)   Post Evacuate Collection Set: 1.2ms
[2023-11-16T08:16:56.805+0000][1.729s][info ][gc,phases     ] GC(3)   Other: 0.1ms
[2023-11-16T08:16:56.805+0000][1.729s][info ][gc,heap       ] GC(3) Eden regions: 117->0(140)
[2023-11-16T08:16:56.805+0000][1.729s][info ][gc,heap       ] GC(3) Survivor regions: 2->4(15)
[2023-11-16T08:16:56.805+0000][1.729s][info ][gc,heap       ] GC(3) Old regions: 10->10
[2023-11-16T08:16:56.805+0000][1.729s][info ][gc,heap       ] GC(3) Humongous regions: 0->0
[2023-11-16T08:16:56.805+0000][1.729s][info ][gc,metaspace  ] GC(3) Metaspace: 10290K(11520K)->10290K(11520K) NonClass: 9024K(9984K)->9024K(9984K) Class: 1265K(1536K)->1265K(1536K)
[2023-11-16T08:16:56.805+0000][1.729s][info ][gc            ] GC(3) Pause Young (Normal) (G1 Evacuation Pause) 127M->11M(250M) 6.177ms
[2023-11-16T08:16:56.805+0000][1.729s][info ][gc,cpu        ] GC(3) User=0.02s Sys=0.00s Real=0.01s
[2023-11-16T08:16:56.805+0000][1.729s][info ][safepoint     ] Leaving safepoint region
[2023-11-16T08:16:56.805+0000][1.729s][info ][safepoint     ] Total time for which application threads were stopped: 0.0063579 seconds, Stopping threads took: 0.0000090 seconds
[2023-11-16T08:16:56.805+0000][1.729s][info ][gc,stringdedup] Concurrent String Deduplication (1.729s)
[2023-11-16T08:16:56.806+0000][1.730s][info ][gc,stringdedup] Concurrent String Deduplication 226.5K->155.3K(72920.0B) avg 7.4% (1.729s, 1.730s) 0.742ms
[2023-11-16T08:16:57.003+0000][1.927s][debug][safepoint     ] Safepoint synchronization initiated. (11 threads)
[2023-11-16T08:16:57.003+0000][1.927s][info ][safepoint     ] Application time: 0.1980087 seconds
[2023-11-16T08:16:57.003+0000][1.927s][info ][safepoint     ] Entering safepoint region: Deoptimize
[2023-11-16T08:16:57.003+0000][1.927s][info ][safepoint     ] Leaving safepoint region
[2023-11-16T08:16:57.003+0000][1.927s][info ][safepoint     ] Total time for which application threads were stopped: 0.0002322 seconds, Stopping threads took: 0.0000091 seconds
[2023-11-16T08:16:57.132+0000][2.056s][debug][safepoint     ] Safepoint synchronization initiated. (11 threads)
[2023-11-16T08:16:57.132+0000][2.056s][info ][safepoint     ] Application time: 0.1287476 seconds
[2023-11-16T08:16:57.132+0000][2.056s][debug][safepoint     ] Waiting for 1 thread(s) to block
[2023-11-16T08:16:57.132+0000][2.056s][info ][safepoint     ] Entering safepoint region: ICBufferFull
[2023-11-16T08:16:57.132+0000][2.056s][info ][safepoint     ] Leaving safepoint region
[2023-11-16T08:16:57.132+0000][2.056s][info ][safepoint     ] Total time for which application threads were stopped: 0.0001938 seconds, Stopping threads took: 0.0000456 seconds
[2023-11-16T08:16:57.325+0000][2.250s][debug][safepoint     ] Safepoint synchronization initiated. (12 threads)
[2023-11-16T08:16:57.326+0000][2.250s][info ][safepoint     ] Application time: 0.1932197 seconds
[2023-11-16T08:16:57.326+0000][2.250s][debug][safepoint     ] Waiting for 2 thread(s) to block
[2023-11-16T08:16:57.326+0000][2.250s][info ][safepoint     ] Entering safepoint region: G1CollectForAllocation
[2023-11-16T08:16:57.326+0000][2.250s][info ][gc,start      ] GC(4) Pause Young (Normal) (G1 Evacuation Pause)
[2023-11-16T08:16:57.326+0000][2.250s][info ][gc,task       ] GC(4) Using 4 workers of 4 for evacuation
[2023-11-16T08:16:57.334+0000][2.258s][info ][gc,phases     ] GC(4)   Pre Evacuate Collection Set: 0.0ms
[2023-11-16T08:16:57.334+0000][2.258s][info ][gc,phases     ] GC(4)   Evacuate Collection Set: 5.0ms
[2023-11-16T08:16:57.334+0000][2.258s][info ][gc,phases     ] GC(4)   Post Evacuate Collection Set: 2.6ms
[2023-11-16T08:16:57.334+0000][2.258s][info ][gc,phases     ] GC(4)   Other: 0.1ms
[2023-11-16T08:16:57.334+0000][2.258s][info ][gc,heap       ] GC(4) Eden regions: 140->0(235)
[2023-11-16T08:16:57.334+0000][2.258s][info ][gc,heap       ] GC(4) Survivor regions: 4->6(18)
[2023-11-16T08:16:57.334+0000][2.258s][info ][gc,heap       ] GC(4) Old regions: 10->10
[2023-11-16T08:16:57.334+0000][2.258s][info ][gc,heap       ] GC(4) Humongous regions: 0->0
[2023-11-16T08:16:57.334+0000][2.258s][info ][gc,metaspace  ] GC(4) Metaspace: 14420K(15360K)->14420K(15360K) NonClass: 12621K(13312K)->12621K(13312K) Class: 1798K(2048K)->1798K(2048K)
[2023-11-16T08:16:57.334+0000][2.258s][info ][gc            ] GC(4) Pause Young (Normal) (G1 Evacuation Pause) 151M->13M(402M) 7.906ms
[2023-11-16T08:16:57.334+0000][2.258s][info ][gc,cpu        ] GC(4) User=0.02s Sys=0.00s Real=0.01s
[2023-11-16T08:16:57.334+0000][2.258s][info ][safepoint     ] Leaving safepoint region
[2023-11-16T08:16:57.334+0000][2.258s][info ][safepoint     ] Total time for which application threads were stopped: 0.0081610 seconds, Stopping threads took: 0.0000414 seconds
[2023-11-16T08:16:57.334+0000][2.258s][info ][gc,stringdedup] Concurrent String Deduplication (2.258s)
[2023-11-16T08:16:57.334+0000][2.258s][info ][gc,stringdedup] Concurrent String Deduplication 104.0K->28168.0B(78368.0B) avg 10.1% (2.258s, 2.258s) 0.650ms
[2023-11-16T08:16:57.517+0000][2.441s][debug][safepoint     ] Safepoint synchronization initiated. (12 threads)
[2023-11-16T08:16:57.517+0000][2.441s][info ][safepoint     ] Application time: 0.1831700 seconds
[2023-11-16T08:16:57.519+0000][2.443s][debug][safepoint     ] Waiting for 1 thread(s) to block
[2023-11-16T08:16:57.519+0000][2.443s][info ][safepoint     ] Entering safepoint region: Deoptimize
[2023-11-16T08:16:57.519+0000][2.444s][info ][safepoint     ] Leaving safepoint region
[2023-11-16T08:16:57.520+0000][2.444s][info ][safepoint     ] Total time for which application threads were stopped: 0.0026363 seconds, Stopping threads took: 0.0023395 seconds
[2023-11-16T08:16:57.692+0000][2.616s][debug][safepoint     ] Safepoint synchronization initiated. (12 threads)
[2023-11-16T08:16:57.692+0000][2.616s][info ][safepoint     ] Application time: 0.1725880 seconds
[2023-11-16T08:16:57.692+0000][2.616s][debug][safepoint     ] Waiting for 1 thread(s) to block
[2023-11-16T08:16:57.692+0000][2.616s][info ][safepoint     ] Entering safepoint region: Deoptimize
[2023-11-16T08:16:57.692+0000][2.616s][info ][safepoint     ] Leaving safepoint region
[2023-11-16T08:16:57.692+0000][2.616s][info ][safepoint     ] Total time for which application threads were stopped: 0.0003014 seconds, Stopping threads took: 0.0000248 seconds
[2023-11-16T08:16:57.886+0000][2.810s][debug][safepoint     ] Safepoint synchronization initiated. (12 threads)
[2023-11-16T08:16:57.886+0000][2.810s][info ][safepoint     ] Application time: 0.1938354 seconds
[2023-11-16T08:16:57.886+0000][2.810s][debug][safepoint     ] ... found polling page return exception at pc = 0x00007ff1751f0c9b, stub =0x00007ff17483a800
[2023-11-16T08:16:57.888+0000][2.812s][debug][safepoint     ] ... found polling page return exception at pc = 0x00007ff17c33761b, stub =0x00007ff17483a800
[2023-11-16T08:16:57.889+0000][2.813s][debug][safepoint     ] Waiting for 3 thread(s) to block
[2023-11-16T08:16:57.889+0000][2.813s][info ][safepoint     ] Entering safepoint region: CollectForMetadataAllocation
[2023-11-16T08:16:57.889+0000][2.813s][info ][gc,start      ] GC(5) Pause Young (Concurrent Start) (Metadata GC Threshold)
[2023-11-16T08:16:57.889+0000][2.813s][info ][gc,task       ] GC(5) Using 4 workers of 4 for evacuation
[2023-11-16T08:16:57.906+0000][2.830s][info ][gc,phases     ] GC(5)   Pre Evacuate Collection Set: 0.1ms
[2023-11-16T08:16:57.906+0000][2.830s][info ][gc,phases     ] GC(5)   Evacuate Collection Set: 15.3ms
[2023-11-16T08:16:57.906+0000][2.830s][info ][gc,phases     ] GC(5)   Post Evacuate Collection Set: 1.7ms
[2023-11-16T08:16:57.906+0000][2.830s][info ][gc,phases     ] GC(5)   Other: 0.2ms
[2023-11-16T08:16:57.906+0000][2.830s][info ][gc,heap       ] GC(5) Eden regions: 212->0(232)
[2023-11-16T08:16:57.906+0000][2.830s][info ][gc,heap       ] GC(5) Survivor regions: 6->9(31)
[2023-11-16T08:16:57.906+0000][2.830s][info ][gc,heap       ] GC(5) Old regions: 10->10
[2023-11-16T08:16:57.906+0000][2.830s][info ][gc,heap       ] GC(5) Humongous regions: 0->0
[2023-11-16T08:16:57.906+0000][2.830s][info ][gc,metaspace  ] GC(5) Metaspace: 20492K(21296K)->20492K(21296K) NonClass: 17895K(18352K)->17895K(18352K) Class: 2597K(2944K)->2597K(2944K)
[2023-11-16T08:16:57.906+0000][2.830s][info ][gc            ] GC(5) Pause Young (Concurrent Start) (Metadata GC Threshold) 225M->17M(402M) 17.370ms
[2023-11-16T08:16:57.906+0000][2.831s][info ][gc,cpu        ] GC(5) User=0.05s Sys=0.00s Real=0.01s
[2023-11-16T08:16:57.906+0000][2.831s][info ][gc            ] GC(6) Concurrent Cycle
[2023-11-16T08:16:57.906+0000][2.831s][info ][gc,marking    ] GC(6) Concurrent Clear Claimed Marks
[2023-11-16T08:16:57.907+0000][2.831s][info ][gc,marking    ] GC(6) Concurrent Clear Claimed Marks 0.045ms
[2023-11-16T08:16:57.907+0000][2.831s][info ][gc,marking    ] GC(6) Concurrent Scan Root Regions
[2023-11-16T08:16:57.907+0000][2.831s][info ][safepoint     ] Leaving safepoint region
[2023-11-16T08:16:57.907+0000][2.831s][info ][safepoint     ] Total time for which application threads were stopped: 0.0202781 seconds, Stopping threads took: 0.0026596 seconds
[2023-11-16T08:16:57.907+0000][2.832s][info ][gc,stringdedup] Concurrent String Deduplication (2.832s)
[2023-11-16T08:16:57.908+0000][2.833s][info ][gc,stringdedup] Concurrent String Deduplication 141.6K->52056.0B(92920.0B) avg 12.9% (2.832s, 2.833s) 0.990ms
[2023-11-16T08:16:57.917+0000][2.841s][info ][gc,marking    ] GC(6) Concurrent Scan Root Regions 10.767ms
[2023-11-16T08:16:57.917+0000][2.841s][info ][gc,marking    ] GC(6) Concurrent Mark (2.841s)
[2023-11-16T08:16:57.917+0000][2.841s][info ][gc,marking    ] GC(6) Concurrent Mark From Roots
[2023-11-16T08:16:57.917+0000][2.841s][info ][gc,task       ] GC(6) Using 1 workers of 1 for marking
[2023-11-16T08:16:57.929+0000][2.853s][info ][gc,marking    ] GC(6) Concurrent Mark From Roots 11.833ms
[2023-11-16T08:16:57.929+0000][2.853s][info ][gc,marking    ] GC(6) Concurrent Preclean
[2023-11-16T08:16:57.929+0000][2.853s][info ][gc,marking    ] GC(6) Concurrent Preclean 0.059ms
[2023-11-16T08:16:57.929+0000][2.853s][info ][gc,marking    ] GC(6) Concurrent Mark (2.841s, 2.853s) 11.951ms
[2023-11-16T08:16:57.935+0000][2.860s][debug][safepoint     ] Safepoint synchronization initiated. (12 threads)
[2023-11-16T08:16:57.936+0000][2.860s][info ][safepoint     ] Application time: 0.0289744 seconds
[2023-11-16T08:16:57.938+0000][2.862s][debug][safepoint     ] ... found polling page loop exception at pc = 0x00007ff17c44047c, stub =0x00007ff17483ab00
[2023-11-16T08:16:57.940+0000][2.864s][debug][safepoint     ] Waiting for 1 thread(s) to block
[2023-11-16T08:16:57.940+0000][2.864s][info ][safepoint     ] Entering safepoint region: CGC_Operation
[2023-11-16T08:16:57.940+0000][2.864s][info ][gc,start      ] GC(6) Pause Remark
[2023-11-16T08:16:57.946+0000][2.870s][info ][gc,stringtable] GC(6) Cleaned string and symbol table, strings: 7772 processed, 7 removed, symbols: 54572 processed, 113 removed
[2023-11-16T08:16:57.946+0000][2.870s][info ][gc            ] GC(6) Pause Remark 18M->18M(402M) 5.995ms
[2023-11-16T08:16:57.946+0000][2.870s][info ][gc,cpu        ] GC(6) User=0.01s Sys=0.00s Real=0.00s
[2023-11-16T08:16:57.946+0000][2.871s][info ][safepoint     ] Leaving safepoint region
[2023-11-16T08:16:57.946+0000][2.871s][info ][safepoint     ] Total time for which application threads were stopped: 0.0109101 seconds, Stopping threads took: 0.0048217 seconds
[2023-11-16T08:16:57.946+0000][2.871s][info ][gc,marking    ] GC(6) Concurrent Rebuild Remembered Sets
[2023-11-16T08:16:57.968+0000][2.892s][info ][gc,marking    ] GC(6) Concurrent Rebuild Remembered Sets 21.469ms
[2023-11-16T08:16:57.968+0000][2.892s][debug][safepoint     ] Safepoint synchronization initiated. (12 threads)
[2023-11-16T08:16:57.968+0000][2.892s][info ][safepoint     ] Application time: 0.0215934 seconds
[2023-11-16T08:16:57.970+0000][2.895s][debug][safepoint     ] Waiting for 3 thread(s) to block
[2023-11-16T08:16:57.972+0000][2.896s][info ][safepoint     ] Entering safepoint region: CGC_Operation
[2023-11-16T08:16:57.972+0000][2.896s][info ][gc,start      ] GC(6) Pause Cleanup
[2023-11-16T08:16:57.972+0000][2.896s][info ][gc            ] GC(6) Pause Cleanup 21M->21M(402M) 0.188ms
[2023-11-16T08:16:57.972+0000][2.896s][info ][gc,cpu        ] GC(6) User=0.00s Sys=0.00s Real=0.00s
[2023-11-16T08:16:57.972+0000][2.896s][info ][safepoint     ] Leaving safepoint region
[2023-11-16T08:16:57.972+0000][2.896s][info ][safepoint     ] Total time for which application threads were stopped: 0.0040612 seconds, Stopping threads took: 0.0037804 seconds
[2023-11-16T08:16:57.972+0000][2.896s][info ][gc,marking    ] GC(6) Concurrent Cleanup for Next Mark
[2023-11-16T08:16:57.980+0000][2.904s][info ][gc,marking    ] GC(6) Concurrent Cleanup for Next Mark 8.080ms
[2023-11-16T08:16:57.980+0000][2.904s][info ][gc            ] GC(6) Concurrent Cycle 73.825ms
[2023-11-16T08:16:58.243+0000][3.167s][debug][safepoint     ] Safepoint synchronization initiated. (12 threads)
[2023-11-16T08:16:58.243+0000][3.167s][info ][safepoint     ] Application time: 0.2712784 seconds
[2023-11-16T08:16:58.243+0000][3.167s][debug][safepoint     ] ... found polling page return exception at pc = 0x00007ff17c2d61f7, stub =0x00007ff17483a800
[2023-11-16T08:16:58.243+0000][3.168s][debug][safepoint     ] Waiting for 2 thread(s) to block
[2023-11-16T08:16:58.243+0000][3.168s][info ][safepoint     ] Entering safepoint region: Deoptimize
[2023-11-16T08:16:58.244+0000][3.168s][info ][safepoint     ] Leaving safepoint region
[2023-11-16T08:16:58.244+0000][3.168s][info ][safepoint     ] Total time for which application threads were stopped: 0.0004358 seconds, Stopping threads took: 0.0000870 seconds
[2023-11-16T08:16:58.777+0000][3.701s][debug][safepoint     ] Safepoint synchronization initiated. (11 threads)
[2023-11-16T08:16:58.777+0000][3.701s][info ][safepoint     ] Application time: 0.5333074 seconds
[2023-11-16T08:16:58.777+0000][3.701s][debug][safepoint     ] Waiting for 1 thread(s) to block
[2023-11-16T08:16:58.777+0000][3.701s][info ][safepoint     ] Entering safepoint region: G1CollectForAllocation
[2023-11-16T08:16:58.777+0000][3.701s][info ][gc,start      ] GC(7) Pause Young (Normal) (G1 Evacuation Pause)
[2023-11-16T08:16:58.777+0000][3.701s][info ][gc,task       ] GC(7) Using 4 workers of 4 for evacuation
[2023-11-16T08:16:58.788+0000][3.712s][info ][gc,phases     ] GC(7)   Pre Evacuate Collection Set: 0.0ms
[2023-11-16T08:16:58.788+0000][3.712s][info ][gc,phases     ] GC(7)   Evacuate Collection Set: 9.2ms
[2023-11-16T08:16:58.788+0000][3.712s][info ][gc,phases     ] GC(7)   Post Evacuate Collection Set: 1.6ms
[2023-11-16T08:16:58.788+0000][3.712s][info ][gc,phases     ] GC(7)   Other: 0.2ms
[2023-11-16T08:16:58.788+0000][3.712s][info ][gc,heap       ] GC(7) Eden regions: 232->0(226)
[2023-11-16T08:16:58.788+0000][3.712s][info ][gc,heap       ] GC(7) Survivor regions: 9->15(31)
[2023-11-16T08:16:58.788+0000][3.712s][info ][gc,heap       ] GC(7) Old regions: 10->10
[2023-11-16T08:16:58.788+0000][3.712s][info ][gc,heap       ] GC(7) Humongous regions: 0->0
[2023-11-16T08:16:58.788+0000][3.712s][info ][gc,metaspace  ] GC(7) Metaspace: 24212K(25136K)->24212K(25136K) NonClass: 21146K(21680K)->21146K(21680K) Class: 3066K(3456K)->3066K(3456K)
[2023-11-16T08:16:58.788+0000][3.712s][info ][gc            ] GC(7) Pause Young (Normal) (G1 Evacuation Pause) 249M->22M(402M) 11.065ms
[2023-11-16T08:16:58.788+0000][3.713s][info ][gc,cpu        ] GC(7) User=0.04s Sys=0.00s Real=0.02s
[2023-11-16T08:16:58.788+0000][3.713s][info ][safepoint     ] Leaving safepoint region
[2023-11-16T08:16:58.788+0000][3.713s][info ][safepoint     ] Total time for which application threads were stopped: 0.0112706 seconds, Stopping threads took: 0.0000290 seconds
[2023-11-16T08:16:58.788+0000][3.713s][info ][gc,stringdedup] Concurrent String Deduplication (3.713s)
[2023-11-16T08:16:58.790+0000][3.714s][info ][gc,stringdedup] Concurrent String Deduplication 178.5K->115.6K(64320.0B) avg 14.3% (3.713s, 3.714s) 1.297ms
[2023-11-16T08:16:59.188+0000][4.112s][debug][safepoint     ] Safepoint synchronization initiated. (11 threads)
[2023-11-16T08:16:59.188+0000][4.112s][info ][safepoint     ] Application time: 0.3991881 seconds
[2023-11-16T08:16:59.188+0000][4.112s][debug][safepoint     ] Waiting for 1 thread(s) to block
[2023-11-16T08:16:59.188+0000][4.112s][info ][safepoint     ] Entering safepoint region: ICBufferFull
[2023-11-16T08:16:59.188+0000][4.112s][info ][safepoint     ] Leaving safepoint region
[2023-11-16T08:16:59.188+0000][4.112s][info ][safepoint     ] Total time for which application threads were stopped: 0.0001604 seconds, Stopping threads took: 0.0000273 seconds
[2023-11-16T08:16:59.540+0000][4.464s][debug][safepoint     ] Safepoint synchronization initiated. (12 threads)
[2023-11-16T08:16:59.540+0000][4.464s][info ][safepoint     ] Application time: 0.3519978 seconds
[2023-11-16T08:16:59.541+0000][4.465s][debug][safepoint     ] ... found polling page loop exception at pc = 0x00007ff17c4539dc, stub =0x00007ff17483ab00
[2023-11-16T08:16:59.542+0000][4.466s][debug][safepoint     ] Waiting for 2 thread(s) to block
[2023-11-16T08:16:59.542+0000][4.466s][info ][safepoint     ] Entering safepoint region: G1CollectForAllocation
[2023-11-16T08:16:59.542+0000][4.466s][info ][gc,start      ] GC(8) Pause Young (Normal) (G1 Evacuation Pause)
[2023-11-16T08:16:59.542+0000][4.466s][info ][gc,task       ] GC(8) Using 4 workers of 4 for evacuation
[2023-11-16T08:16:59.556+0000][4.480s][info ][gc,phases     ] GC(8)   Pre Evacuate Collection Set: 0.0ms
[2023-11-16T08:16:59.556+0000][4.480s][info ][gc,phases     ] GC(8)   Evacuate Collection Set: 12.0ms
[2023-11-16T08:16:59.556+0000][4.480s][info ][gc,phases     ] GC(8)   Post Evacuate Collection Set: 1.1ms
[2023-11-16T08:16:59.556+0000][4.480s][info ][gc,phases     ] GC(8)   Other: 0.1ms
[2023-11-16T08:16:59.556+0000][4.480s][info ][gc,heap       ] GC(8) Eden regions: 226->0(222)
[2023-11-16T08:16:59.556+0000][4.480s][info ][gc,heap       ] GC(8) Survivor regions: 15->19(31)
[2023-11-16T08:16:59.556+0000][4.480s][info ][gc,heap       ] GC(8) Old regions: 10->10
[2023-11-16T08:16:59.556+0000][4.480s][info ][gc,heap       ] GC(8) Humongous regions: 0->0
[2023-11-16T08:16:59.556+0000][4.480s][info ][gc,metaspace  ] GC(8) Metaspace: 25142K(26160K)->25142K(26160K) NonClass: 22003K(22704K)->22003K(22704K) Class: 3138K(3456K)->3138K(3456K)
[2023-11-16T08:16:59.556+0000][4.480s][info ][gc            ] GC(8) Pause Young (Normal) (G1 Evacuation Pause) 248M->27M(402M) 13.340ms
[2023-11-16T08:16:59.556+0000][4.480s][info ][gc,cpu        ] GC(8) User=0.05s Sys=0.00s Real=0.01s
[2023-11-16T08:16:59.556+0000][4.480s][info ][safepoint     ] Leaving safepoint region
[2023-11-16T08:16:59.556+0000][4.480s][info ][safepoint     ] Total time for which application threads were stopped: 0.0159005 seconds, Stopping threads took: 0.0023997 seconds
[2023-11-16T08:16:59.556+0000][4.480s][info ][gc,stringdedup] Concurrent String Deduplication (4.480s)
[2023-11-16T08:16:59.559+0000][4.483s][info ][gc,stringdedup] Concurrent String Deduplication 1021.2K->856.9K(164.3K) avg 14.7% (4.480s, 4.483s) 3.230ms
[2023-11-16T08:16:59.824+0000][4.748s][debug][safepoint     ] Safepoint synchronization initiated. (12 threads)
[2023-11-16T08:16:59.824+0000][4.748s][info ][safepoint     ] Application time: 0.2680370 seconds
[2023-11-16T08:16:59.824+0000][4.748s][info ][safepoint     ] Entering safepoint region: G1CollectForAllocation
[2023-11-16T08:16:59.824+0000][4.748s][info ][gc,start      ] GC(9) Pause Young (Normal) (G1 Evacuation Pause)
[2023-11-16T08:16:59.824+0000][4.748s][info ][gc,task       ] GC(9) Using 4 workers of 4 for evacuation
[2023-11-16T08:16:59.838+0000][4.762s][info ][gc,phases     ] GC(9)   Pre Evacuate Collection Set: 0.0ms
[2023-11-16T08:16:59.838+0000][4.762s][info ][gc,phases     ] GC(9)   Evacuate Collection Set: 11.5ms
[2023-11-16T08:16:59.838+0000][4.762s][info ][gc,phases     ] GC(9)   Post Evacuate Collection Set: 2.5ms
[2023-11-16T08:16:59.838+0000][4.762s][info ][gc,phases     ] GC(9)   Other: 0.2ms
[2023-11-16T08:16:59.838+0000][4.762s][info ][gc,heap       ] GC(9) Eden regions: 222->0(272)
[2023-11-16T08:16:59.838+0000][4.762s][info ][gc,heap       ] GC(9) Survivor regions: 19->17(31)
[2023-11-16T08:16:59.838+0000][4.762s][info ][gc,heap       ] GC(9) Old regions: 10->13
[2023-11-16T08:16:59.838+0000][4.762s][info ][gc,heap       ] GC(9) Humongous regions: 0->0
[2023-11-16T08:16:59.838+0000][4.762s][info ][gc,metaspace  ] GC(9) Metaspace: 26221K(27312K)->26221K(27312K) NonClass: 22999K(23728K)->22999K(23728K) Class: 3221K(3584K)->3221K(3584K)
[2023-11-16T08:16:59.838+0000][4.762s][info ][gc            ] GC(9) Pause Young (Normal) (G1 Evacuation Pause) 249M->27M(483M) 14.363ms
[2023-11-16T08:16:59.838+0000][4.762s][info ][gc,cpu        ] GC(9) User=0.04s Sys=0.00s Real=0.01s
[2023-11-16T08:16:59.838+0000][4.762s][info ][safepoint     ] Leaving safepoint region
[2023-11-16T08:16:59.838+0000][4.762s][info ][safepoint     ] Total time for which application threads were stopped: 0.0145335 seconds, Stopping threads took: 0.0000121 seconds
[2023-11-16T08:16:59.838+0000][4.762s][info ][gc,stringdedup] Concurrent String Deduplication (4.762s)
[2023-11-16T08:16:59.845+0000][4.769s][info ][gc,stringdedup] Concurrent String Deduplication 1786.0K->897.6K(888.4K) avg 25.7% (4.762s, 4.769s) 6.753ms
[2023-11-16T08:17:00.452+0000][5.376s][debug][safepoint     ] Safepoint synchronization initiated. (10 threads)
[2023-11-16T08:17:00.452+0000][5.376s][info ][safepoint     ] Application time: 0.6137594 seconds
[2023-11-16T08:17:00.452+0000][5.376s][debug][safepoint     ] Waiting for 1 thread(s) to block
[2023-11-16T08:17:00.452+0000][5.376s][info ][safepoint     ] Entering safepoint region: ICBufferFull
[2023-11-16T08:17:00.452+0000][5.376s][info ][safepoint     ] Leaving safepoint region
[2023-11-16T08:17:00.452+0000][5.376s][info ][safepoint     ] Total time for which application threads were stopped: 0.0002855 seconds, Stopping threads took: 0.0001031 seconds
[2023-11-16T08:17:00.566+0000][5.490s][debug][safepoint     ] Safepoint synchronization initiated. (10 threads)
[2023-11-16T08:17:00.566+0000][5.490s][info ][safepoint     ] Application time: 0.1133796 seconds
[2023-11-16T08:17:00.566+0000][5.490s][info ][safepoint     ] Entering safepoint region: G1CollectForAllocation
[2023-11-16T08:17:00.566+0000][5.490s][info ][gc,start      ] GC(10) Pause Young (Normal) (G1 Evacuation Pause)
[2023-11-16T08:17:00.566+0000][5.490s][info ][gc,task       ] GC(10) Using 4 workers of 4 for evacuation
[2023-11-16T08:17:00.584+0000][5.508s][info ][gc,phases     ] GC(10)   Pre Evacuate Collection Set: 0.0ms
[2023-11-16T08:17:00.584+0000][5.508s][info ][gc,phases     ] GC(10)   Evacuate Collection Set: 16.0ms
[2023-11-16T08:17:00.584+0000][5.508s][info ][gc,phases     ] GC(10)   Post Evacuate Collection Set: 1.8ms
[2023-11-16T08:17:00.584+0000][5.508s][info ][gc,phases     ] GC(10)   Other: 0.2ms
[2023-11-16T08:17:00.584+0000][5.508s][info ][gc,heap       ] GC(10) Eden regions: 272->0(271)
[2023-11-16T08:17:00.584+0000][5.508s][info ][gc,heap       ] GC(10) Survivor regions: 17->18(37)
[2023-11-16T08:17:00.584+0000][5.508s][info ][gc,heap       ] GC(10) Old regions: 13->13
[2023-11-16T08:17:00.584+0000][5.508s][info ][gc,heap       ] GC(10) Humongous regions: 0->0
[2023-11-16T08:17:00.584+0000][5.508s][info ][gc,metaspace  ] GC(10) Metaspace: 32316K(33584K)->32316K(33584K) NonClass: 28428K(29360K)->28428K(29360K) Class: 3888K(4224K)->3888K(4224K)
[2023-11-16T08:17:00.584+0000][5.508s][info ][gc            ] GC(10) Pause Young (Normal) (G1 Evacuation Pause) 299M->28M(483M) 18.130ms
[2023-11-16T08:17:00.584+0000][5.508s][info ][gc,cpu        ] GC(10) User=0.07s Sys=0.00s Real=0.02s
[2023-11-16T08:17:00.584+0000][5.508s][info ][safepoint     ] Leaving safepoint region
[2023-11-16T08:17:00.584+0000][5.508s][info ][safepoint     ] Total time for which application threads were stopped: 0.0182716 seconds, Stopping threads took: 0.0000093 seconds
[2023-11-16T08:17:00.584+0000][5.508s][info ][gc,stringdedup] Concurrent String Deduplication (5.508s)
[2023-11-16T08:17:00.591+0000][5.515s][info ][gc,stringdedup] Concurrent String Deduplication 1843.8K->343.9K(1500.0K) avg 39.3% (5.508s, 5.515s) 6.497ms
[2023-11-16T08:17:00.721+0000][5.645s][debug][safepoint     ] Safepoint synchronization initiated. (10 threads)
[2023-11-16T08:17:00.721+0000][5.646s][info ][safepoint     ] Application time: 0.1374200 seconds
[2023-11-16T08:17:00.722+0000][5.646s][info ][safepoint     ] Entering safepoint region: Deoptimize
[2023-11-16T08:17:00.722+0000][5.646s][info ][safepoint     ] Leaving safepoint region
[2023-11-16T08:17:00.722+0000][5.646s][info ][safepoint     ] Total time for which application threads were stopped: 0.0006219 seconds, Stopping threads took: 0.0000161 seconds
[2023-11-16T08:17:01.039+0000][5.963s][debug][safepoint     ] Safepoint synchronization initiated. (10 threads)
[2023-11-16T08:17:01.039+0000][5.963s][info ][safepoint     ] Application time: 0.3165959 seconds
[2023-11-16T08:17:01.039+0000][5.963s][info ][safepoint     ] Entering safepoint region: Deoptimize
[2023-11-16T08:17:01.040+0000][5.964s][info ][safepoint     ] Leaving safepoint region
[2023-11-16T08:17:01.040+0000][5.964s][info ][safepoint     ] Total time for which application threads were stopped: 0.0010812 seconds, Stopping threads took: 0.0000092 seconds
[2023-11-16T08:17:01.192+0000][6.116s][debug][safepoint     ] Safepoint synchronization initiated. (10 threads)
[2023-11-16T08:17:01.192+0000][6.116s][info ][safepoint     ] Application time: 0.1518874 seconds
[2023-11-16T08:17:01.192+0000][6.116s][info ][safepoint     ] Entering safepoint region: G1CollectForAllocation
[2023-11-16T08:17:01.192+0000][6.116s][info ][gc,start      ] GC(11) Pause Young (Normal) (G1 Evacuation Pause)
[2023-11-16T08:17:01.192+0000][6.116s][info ][gc,task       ] GC(11) Using 4 workers of 4 for evacuation
[2023-11-16T08:17:01.214+0000][6.138s][info ][gc,phases     ] GC(11)   Pre Evacuate Collection Set: 0.0ms
[2023-11-16T08:17:01.214+0000][6.138s][info ][gc,phases     ] GC(11)   Evacuate Collection Set: 20.0ms
[2023-11-16T08:17:01.214+0000][6.138s][info ][gc,phases     ] GC(11)   Post Evacuate Collection Set: 2.0ms
[2023-11-16T08:17:01.214+0000][6.138s][info ][gc,phases     ] GC(11)   Other: 0.2ms
[2023-11-16T08:17:01.214+0000][6.138s][info ][gc,heap       ] GC(11) Eden regions: 271->0(272)
[2023-11-16T08:17:01.214+0000][6.138s][info ][gc,heap       ] GC(11) Survivor regions: 18->17(37)
[2023-11-16T08:17:01.214+0000][6.138s][info ][gc,heap       ] GC(11) Old regions: 13->13
[2023-11-16T08:17:01.214+0000][6.138s][info ][gc,heap       ] GC(11) Humongous regions: 0->0
[2023-11-16T08:17:01.214+0000][6.138s][info ][gc,metaspace  ] GC(11) Metaspace: 33887K(35120K)->33887K(35120K) NonClass: 29801K(30640K)->29801K(30640K) Class: 4085K(4480K)->4085K(4480K)
[2023-11-16T08:17:01.214+0000][6.138s][info ][gc            ] GC(11) Pause Young (Normal) (G1 Evacuation Pause) 299M->27M(483M) 22.235ms
[2023-11-16T08:17:01.214+0000][6.138s][info ][gc,cpu        ] GC(11) User=0.09s Sys=0.00s Real=0.02s
[2023-11-16T08:17:01.214+0000][6.138s][info ][safepoint     ] Leaving safepoint region
[2023-11-16T08:17:01.214+0000][6.138s][info ][safepoint     ] Total time for which application threads were stopped: 0.0224064 seconds, Stopping threads took: 0.0000090 seconds
[2023-11-16T08:17:01.214+0000][6.138s][info ][gc,stringdedup] Concurrent String Deduplication (6.138s)
[2023-11-16T08:17:01.214+0000][6.139s][info ][gc,stringdedup] Concurrent String Deduplication 43504.0B->24840.0B(18664.0B) avg 39.3% (6.138s, 6.138s) 0.242ms
[2023-11-16T08:17:01.304+0000][6.228s][debug][safepoint     ] Safepoint synchronization initiated. (10 threads)
[2023-11-16T08:17:01.304+0000][6.228s][info ][safepoint     ] Application time: 0.0894933 seconds
[2023-11-16T08:17:01.304+0000][6.228s][info ][safepoint     ] Entering safepoint region: Deoptimize
[2023-11-16T08:17:01.304+0000][6.228s][info ][safepoint     ] Leaving safepoint region
[2023-11-16T08:17:01.304+0000][6.228s][info ][safepoint     ] Total time for which application threads were stopped: 0.0004544 seconds, Stopping threads took: 0.0000091 seconds
[2023-11-16T08:17:01.311+0000][6.235s][debug][safepoint     ] Safepoint synchronization initiated. (10 threads)
[2023-11-16T08:17:01.311+0000][6.235s][info ][safepoint     ] Application time: 0.0064834 seconds
[2023-11-16T08:17:01.311+0000][6.235s][info ][safepoint     ] Entering safepoint region: Deoptimize
[2023-11-16T08:17:01.311+0000][6.235s][info ][safepoint     ] Leaving safepoint region
[2023-11-16T08:17:01.311+0000][6.235s][info ][safepoint     ] Total time for which application threads were stopped: 0.0004618 seconds, Stopping threads took: 0.0000102 seconds
[2023-11-16T08:17:01.326+0000][6.250s][debug][safepoint     ] Safepoint synchronization initiated. (10 threads)
[2023-11-16T08:17:01.326+0000][6.250s][info ][safepoint     ] Application time: 0.0146513 seconds
[2023-11-16T08:17:01.326+0000][6.250s][info ][safepoint     ] Entering safepoint region: Deoptimize
[2023-11-16T08:17:01.326+0000][6.250s][info ][safepoint     ] Leaving safepoint region
[2023-11-16T08:17:01.326+0000][6.250s][info ][safepoint     ] Total time for which application threads were stopped: 0.0004425 seconds, Stopping threads took: 0.0000091 seconds
[2023-11-16T08:17:01.345+0000][6.269s][debug][safepoint     ] Safepoint synchronization initiated. (10 threads)
[2023-11-16T08:17:01.345+0000][6.269s][info ][safepoint     ] Application time: 0.0192433 seconds
[2023-11-16T08:17:01.345+0000][6.270s][info ][safepoint     ] Entering safepoint region: Deoptimize
[2023-11-16T08:17:01.346+0000][6.270s][info ][safepoint     ] Leaving safepoint region
[2023-11-16T08:17:01.346+0000][6.270s][info ][safepoint     ] Total time for which application threads were stopped: 0.0003872 seconds, Stopping threads took: 0.0000089 seconds
[2023-11-16T08:17:01.352+0000][6.276s][debug][safepoint     ] Safepoint synchronization initiated. (10 threads)
[2023-11-16T08:17:01.352+0000][6.276s][info ][safepoint     ] Application time: 0.0062506 seconds
[2023-11-16T08:17:01.352+0000][6.276s][info ][safepoint     ] Entering safepoint region: CollectForMetadataAllocation
[2023-11-16T08:17:01.352+0000][6.276s][info ][gc,start      ] GC(12) Pause Young (Concurrent Start) (Metadata GC Threshold)
[2023-11-16T08:17:01.352+0000][6.276s][info ][gc,task       ] GC(12) Using 4 workers of 4 for evacuation
[2023-11-16T08:17:01.382+0000][6.306s][info ][gc,phases     ] GC(12)   Pre Evacuate Collection Set: 0.1ms
[2023-11-16T08:17:01.382+0000][6.306s][info ][gc,phases     ] GC(12)   Evacuate Collection Set: 26.9ms
[2023-11-16T08:17:01.382+0000][6.306s][info ][gc,phases     ] GC(12)   Post Evacuate Collection Set: 2.3ms
[2023-11-16T08:17:01.382+0000][6.306s][info ][gc,phases     ] GC(12)   Other: 0.2ms
[2023-11-16T08:17:01.382+0000][6.306s][info ][gc,heap       ] GC(12) Eden regions: 38->0(272)
[2023-11-16T08:17:01.382+0000][6.306s][info ][gc,heap       ] GC(12) Survivor regions: 17->17(37)
[2023-11-16T08:17:01.382+0000][6.306s][info ][gc,heap       ] GC(12) Old regions: 13->13
[2023-11-16T08:17:01.382+0000][6.306s][info ][gc,heap       ] GC(12) Humongous regions: 0->0
[2023-11-16T08:17:01.382+0000][6.306s][info ][gc,metaspace  ] GC(12) Metaspace: 34788K(35920K)->34788K(35920K) NonClass: 30581K(31312K)->30581K(31312K) Class: 4207K(4608K)->4207K(4608K)
[2023-11-16T08:17:01.382+0000][6.306s][info ][gc            ] GC(12) Pause Young (Concurrent Start) (Metadata GC Threshold) 65M->27M(483M) 29.536ms
[2023-11-16T08:17:01.382+0000][6.306s][info ][gc,cpu        ] GC(12) User=0.07s Sys=0.00s Real=0.03s
[2023-11-16T08:17:01.382+0000][6.306s][info ][gc            ] GC(13) Concurrent Cycle
[2023-11-16T08:17:01.382+0000][6.306s][info ][gc,marking    ] GC(13) Concurrent Clear Claimed Marks
[2023-11-16T08:17:01.382+0000][6.306s][info ][safepoint     ] Leaving safepoint region
[2023-11-16T08:17:01.382+0000][6.306s][info ][gc,marking    ] GC(13) Concurrent Clear Claimed Marks 0.030ms
[2023-11-16T08:17:01.382+0000][6.306s][info ][gc,marking    ] GC(13) Concurrent Scan Root Regions
[2023-11-16T08:17:01.382+0000][6.306s][info ][safepoint     ] Total time for which application threads were stopped: 0.0298070 seconds, Stopping threads took: 0.0000099 seconds
[2023-11-16T08:17:01.382+0000][6.306s][info ][gc,stringdedup] Concurrent String Deduplication (6.306s)
[2023-11-16T08:17:01.384+0000][6.308s][info ][gc,stringdedup] Concurrent String Deduplication 249.8K->79144.0B(172.5K) avg 40.3% (6.306s, 6.308s) 1.557ms
[2023-11-16T08:17:01.392+0000][6.316s][info ][gc,marking    ] GC(13) Concurrent Scan Root Regions 9.633ms
[2023-11-16T08:17:01.392+0000][6.316s][info ][gc,marking    ] GC(13) Concurrent Mark (6.316s)
[2023-11-16T08:17:01.392+0000][6.316s][info ][gc,marking    ] GC(13) Concurrent Mark From Roots
[2023-11-16T08:17:01.392+0000][6.316s][info ][gc,task       ] GC(13) Using 1 workers of 1 for marking
[2023-11-16T08:17:01.408+0000][6.332s][info ][gc,marking    ] GC(13) Concurrent Mark From Roots 16.016ms
[2023-11-16T08:17:01.408+0000][6.332s][info ][gc,marking    ] GC(13) Concurrent Preclean
[2023-11-16T08:17:01.408+0000][6.332s][info ][gc,marking    ] GC(13) Concurrent Preclean 0.051ms
[2023-11-16T08:17:01.408+0000][6.332s][info ][gc,marking    ] GC(13) Concurrent Mark (6.316s, 6.332s) 16.115ms
[2023-11-16T08:17:01.408+0000][6.332s][debug][safepoint     ] Safepoint synchronization initiated. (10 threads)
[2023-11-16T08:17:01.408+0000][6.332s][info ][safepoint     ] Application time: 0.0258326 seconds
[2023-11-16T08:17:01.408+0000][6.332s][debug][safepoint     ] ... found polling page loop exception at pc = 0x00007ff17c3fea97, stub =0x00007ff17483ab00
[2023-11-16T08:17:01.408+0000][6.332s][debug][safepoint     ] Waiting for 1 thread(s) to block
[2023-11-16T08:17:01.408+0000][6.332s][info ][safepoint     ] Entering safepoint region: CGC_Operation
[2023-11-16T08:17:01.408+0000][6.332s][info ][gc,start      ] GC(13) Pause Remark
[2023-11-16T08:17:01.420+0000][6.344s][info ][gc,stringtable] GC(13) Cleaned string and symbol table, strings: 12243 processed, 11 removed, symbols: 121778 processed, 337 removed
[2023-11-16T08:17:01.420+0000][6.344s][info ][gc            ] GC(13) Pause Remark 34M->34M(483M) 11.948ms
[2023-11-16T08:17:01.420+0000][6.344s][info ][gc,cpu        ] GC(13) User=0.04s Sys=0.00s Real=0.01s
[2023-11-16T08:17:01.420+0000][6.344s][info ][safepoint     ] Leaving safepoint region
[2023-11-16T08:17:01.420+0000][6.344s][info ][safepoint     ] Total time for which application threads were stopped: 0.0121618 seconds, Stopping threads took: 0.0001070 seconds
[2023-11-16T08:17:01.420+0000][6.344s][info ][gc,marking    ] GC(13) Concurrent Rebuild Remembered Sets
[2023-11-16T08:17:01.429+0000][6.353s][info ][gc,marking    ] GC(13) Concurrent Rebuild Remembered Sets 9.104ms
[2023-11-16T08:17:01.429+0000][6.353s][debug][safepoint     ] Safepoint synchronization initiated. (10 threads)
[2023-11-16T08:17:01.429+0000][6.353s][info ][safepoint     ] Application time: 0.0092248 seconds
[2023-11-16T08:17:01.429+0000][6.353s][debug][safepoint     ] ... found polling page loop exception at pc = 0x00007ff17c423f35, stub =0x00007ff17483ab00
[2023-11-16T08:17:01.429+0000][6.353s][debug][safepoint     ] Waiting for 1 thread(s) to block
[2023-11-16T08:17:01.429+0000][6.353s][info ][safepoint     ] Entering safepoint region: CGC_Operation
[2023-11-16T08:17:01.429+0000][6.353s][info ][gc,start      ] GC(13) Pause Cleanup
[2023-11-16T08:17:01.430+0000][6.354s][info ][gc            ] GC(13) Pause Cleanup 39M->39M(483M) 0.134ms
[2023-11-16T08:17:01.430+0000][6.354s][info ][gc,cpu        ] GC(13) User=0.00s Sys=0.00s Real=0.00s
[2023-11-16T08:17:01.430+0000][6.354s][info ][safepoint     ] Leaving safepoint region
[2023-11-16T08:17:01.430+0000][6.354s][info ][safepoint     ] Total time for which application threads were stopped: 0.0003353 seconds, Stopping threads took: 0.0000806 seconds
[2023-11-16T08:17:01.430+0000][6.354s][info ][gc,marking    ] GC(13) Concurrent Cleanup for Next Mark
[2023-11-16T08:17:01.433+0000][6.357s][info ][gc,marking    ] GC(13) Concurrent Cleanup for Next Mark 3.072ms
[2023-11-16T08:17:01.433+0000][6.357s][info ][gc            ] GC(13) Concurrent Cycle 50.824ms
[2023-11-16T08:17:01.597+0000][6.521s][debug][safepoint     ] Safepoint synchronization initiated. (10 threads)
[2023-11-16T08:17:01.597+0000][6.521s][info ][safepoint     ] Application time: 0.1672943 seconds
[2023-11-16T08:17:01.597+0000][6.521s][info ][safepoint     ] Entering safepoint region: Deoptimize
[2023-11-16T08:17:01.597+0000][6.521s][info ][safepoint     ] Leaving safepoint region
[2023-11-16T08:17:01.597+0000][6.522s][info ][safepoint     ] Total time for which application threads were stopped: 0.0006021 seconds, Stopping threads took: 0.0000153 seconds
[2023-11-16T08:17:01.627+0000][6.551s][debug][safepoint     ] Safepoint synchronization initiated. (10 threads)
[2023-11-16T08:17:01.627+0000][6.551s][info ][safepoint     ] Application time: 0.0295919 seconds
[2023-11-16T08:17:01.627+0000][6.551s][info ][safepoint     ] Entering safepoint region: Deoptimize
[2023-11-16T08:17:01.628+0000][6.552s][info ][safepoint     ] Leaving safepoint region
[2023-11-16T08:17:01.628+0000][6.552s][info ][safepoint     ] Total time for which application threads were stopped: 0.0004686 seconds, Stopping threads took: 0.0000090 seconds
[2023-11-16T08:17:02.059+0000][6.983s][debug][safepoint     ] Safepoint synchronization initiated. (10 threads)
[2023-11-16T08:17:02.059+0000][6.983s][info ][safepoint     ] Application time: 0.4311308 seconds
[2023-11-16T08:17:02.059+0000][6.983s][info ][safepoint     ] Entering safepoint region: ICBufferFull
[2023-11-16T08:17:02.059+0000][6.983s][info ][safepoint     ] Leaving safepoint region
[2023-11-16T08:17:02.059+0000][6.983s][info ][safepoint     ] Total time for which application threads were stopped: 0.0001527 seconds, Stopping threads took: 0.0000112 seconds
[2023-11-16T08:17:02.166+0000][7.091s][debug][safepoint     ] Safepoint synchronization initiated. (10 threads)
[2023-11-16T08:17:02.167+0000][7.091s][info ][safepoint     ] Application time: 0.1076719 seconds
[2023-11-16T08:17:02.167+0000][7.091s][info ][safepoint     ] Entering safepoint region: G1CollectForAllocation
[2023-11-16T08:17:02.167+0000][7.091s][info ][gc,start      ] GC(14) Pause Young (Normal) (G1 Evacuation Pause)
[2023-11-16T08:17:02.167+0000][7.091s][info ][gc,task       ] GC(14) Using 4 workers of 4 for evacuation
[2023-11-16T08:17:02.193+0000][7.117s][info ][gc,phases     ] GC(14)   Pre Evacuate Collection Set: 0.0ms
[2023-11-16T08:17:02.193+0000][7.117s][info ][gc,phases     ] GC(14)   Evacuate Collection Set: 22.7ms
[2023-11-16T08:17:02.193+0000][7.117s][info ][gc,phases     ] GC(14)   Post Evacuate Collection Set: 3.0ms
[2023-11-16T08:17:02.193+0000][7.117s][info ][gc,phases     ] GC(14)   Other: 0.2ms
[2023-11-16T08:17:02.193+0000][7.117s][info ][gc,heap       ] GC(14) Eden regions: 272->0(344)
[2023-11-16T08:17:02.193+0000][7.117s][info ][gc,heap       ] GC(14) Survivor regions: 17->19(37)
[2023-11-16T08:17:02.193+0000][7.117s][info ][gc,heap       ] GC(14) Old regions: 13->13
[2023-11-16T08:17:02.193+0000][7.117s][info ][gc,heap       ] GC(14) Humongous regions: 0->0
[2023-11-16T08:17:02.193+0000][7.117s][info ][gc,metaspace  ] GC(14) Metaspace: 38553K(39760K)->38553K(39760K) NonClass: 33828K(34640K)->33828K(34640K) Class: 4725K(5120K)->4725K(5120K)
[2023-11-16T08:17:02.193+0000][7.117s][info ][gc            ] GC(14) Pause Young (Normal) (G1 Evacuation Pause) 299M->29M(606M) 26.027ms
[2023-11-16T08:17:02.193+0000][7.117s][info ][gc,cpu        ] GC(14) User=0.08s Sys=0.00s Real=0.03s
[2023-11-16T08:17:02.193+0000][7.117s][info ][safepoint     ] Leaving safepoint region
[2023-11-16T08:17:02.193+0000][7.117s][info ][safepoint     ] Total time for which application threads were stopped: 0.0262079 seconds, Stopping threads took: 0.0000088 seconds
[2023-11-16T08:17:02.193+0000][7.117s][info ][gc,stringdedup] Concurrent String Deduplication (7.117s)
[2023-11-16T08:17:02.195+0000][7.119s][info ][gc,stringdedup] Concurrent String Deduplication 488.4K->241.8K(246.7K) avg 40.9% (7.117s, 7.119s) 1.890ms
[2023-11-16T08:17:03.162+0000][8.086s][debug][safepoint     ] Safepoint synchronization initiated. (10 threads)
[2023-11-16T08:17:03.162+0000][8.086s][info ][safepoint     ] Application time: 0.9693964 seconds
[2023-11-16T08:17:03.162+0000][8.086s][info ][safepoint     ] Entering safepoint region: Deoptimize
[2023-11-16T08:17:03.163+0000][8.087s][info ][safepoint     ] Leaving safepoint region
[2023-11-16T08:17:03.163+0000][8.087s][info ][safepoint     ] Total time for which application threads were stopped: 0.0005120 seconds, Stopping threads took: 0.0000094 seconds
[2023-11-16T08:17:03.175+0000][8.099s][debug][safepoint     ] Safepoint synchronization initiated. (10 threads)
[2023-11-16T08:17:03.175+0000][8.099s][info ][safepoint     ] Application time: 0.0119728 seconds
[2023-11-16T08:17:03.175+0000][8.099s][info ][safepoint     ] Entering safepoint region: Deoptimize
[2023-11-16T08:17:03.175+0000][8.099s][info ][safepoint     ] Leaving safepoint region
[2023-11-16T08:17:03.175+0000][8.099s][info ][safepoint     ] Total time for which application threads were stopped: 0.0004110 seconds, Stopping threads took: 0.0000088 seconds
[2023-11-16T08:17:03.197+0000][8.121s][debug][safepoint     ] Safepoint synchronization initiated. (10 threads)
[2023-11-16T08:17:03.197+0000][8.121s][info ][safepoint     ] Application time: 0.0214690 seconds
[2023-11-16T08:17:03.197+0000][8.121s][info ][safepoint     ] Entering safepoint region: Deoptimize
[2023-11-16T08:17:03.197+0000][8.121s][info ][safepoint     ] Leaving safepoint region
[2023-11-16T08:17:03.197+0000][8.121s][info ][safepoint     ] Total time for which application threads were stopped: 0.0004614 seconds, Stopping threads took: 0.0000082 seconds
[2023-11-16T08:17:03.445+0000][8.369s][debug][safepoint     ] Safepoint synchronization initiated. (10 threads)
[2023-11-16T08:17:03.445+0000][8.369s][info ][safepoint     ] Application time: 0.2480939 seconds
[2023-11-16T08:17:03.445+0000][8.369s][info ][safepoint     ] Entering safepoint region: Deoptimize
[2023-11-16T08:17:03.446+0000][8.370s][info ][safepoint     ] Leaving safepoint region
[2023-11-16T08:17:03.446+0000][8.370s][info ][safepoint     ] Total time for which application threads were stopped: 0.0004880 seconds, Stopping threads took: 0.0000089 seconds
[2023-11-16T08:17:03.446+0000][8.371s][debug][safepoint     ] Safepoint synchronization initiated. (10 threads)
[2023-11-16T08:17:03.446+0000][8.371s][info ][safepoint     ] Application time: 0.0008551 seconds
[2023-11-16T08:17:03.446+0000][8.371s][debug][safepoint     ] Waiting for 1 thread(s) to block
[2023-11-16T08:17:03.447+0000][8.371s][info ][safepoint     ] Entering safepoint region: Deoptimize
[2023-11-16T08:17:03.447+0000][8.371s][info ][safepoint     ] Leaving safepoint region
[2023-11-16T08:17:03.447+0000][8.371s][info ][safepoint     ] Total time for which application threads were stopped: 0.0003734 seconds, Stopping threads took: 0.0000353 seconds
[2023-11-16T08:17:03.510+0000][8.434s][debug][safepoint     ] Safepoint synchronization initiated. (10 threads)
[2023-11-16T08:17:03.510+0000][8.434s][info ][safepoint     ] Application time: 0.0634044 seconds
[2023-11-16T08:17:03.510+0000][8.434s][debug][safepoint     ] Waiting for 1 thread(s) to block
[2023-11-16T08:17:03.510+0000][8.434s][info ][safepoint     ] Entering safepoint region: Deoptimize
[2023-11-16T08:17:03.511+0000][8.435s][info ][safepoint     ] Leaving safepoint region
[2023-11-16T08:17:03.511+0000][8.435s][info ][safepoint     ] Total time for which application threads were stopped: 0.0004827 seconds, Stopping threads took: 0.0000269 seconds
[2023-11-16T08:17:03.764+0000][8.688s][debug][safepoint     ] Safepoint synchronization initiated. (10 threads)
[2023-11-16T08:17:03.764+0000][8.688s][info ][safepoint     ] Application time: 0.2528601 seconds
[2023-11-16T08:17:03.764+0000][8.688s][info ][safepoint     ] Entering safepoint region: Deoptimize
[2023-11-16T08:17:03.764+0000][8.688s][info ][safepoint     ] Leaving safepoint region
[2023-11-16T08:17:03.764+0000][8.688s][info ][safepoint     ] Total time for which application threads were stopped: 0.0005497 seconds, Stopping threads took: 0.0000084 seconds
[2023-11-16T08:17:03.765+0000][8.689s][debug][safepoint     ] Safepoint synchronization initiated. (10 threads)
[2023-11-16T08:17:03.765+0000][8.689s][info ][safepoint     ] Application time: 0.0005686 seconds
[2023-11-16T08:17:03.765+0000][8.689s][info ][safepoint     ] Entering safepoint region: Deoptimize
[2023-11-16T08:17:03.765+0000][8.689s][info ][safepoint     ] Leaving safepoint region
[2023-11-16T08:17:03.765+0000][8.689s][info ][safepoint     ] Total time for which application threads were stopped: 0.0004275 seconds, Stopping threads took: 0.0000107 seconds
[2023-11-16T08:17:03.806+0000][8.730s][debug][safepoint     ] Safepoint synchronization initiated. (10 threads)
[2023-11-16T08:17:03.806+0000][8.730s][info ][safepoint     ] Application time: 0.0406147 seconds
[2023-11-16T08:17:03.806+0000][8.730s][info ][safepoint     ] Entering safepoint region: G1CollectForAllocation
[2023-11-16T08:17:03.806+0000][8.730s][info ][gc,start      ] GC(15) Pause Young (Normal) (G1 Evacuation Pause)
[2023-11-16T08:17:03.806+0000][8.730s][info ][gc,task       ] GC(15) Using 4 workers of 4 for evacuation
[2023-11-16T08:17:03.837+0000][8.761s][info ][gc,phases     ] GC(15)   Pre Evacuate Collection Set: 0.0ms
[2023-11-16T08:17:03.837+0000][8.761s][info ][gc,phases     ] GC(15)   Evacuate Collection Set: 27.1ms
[2023-11-16T08:17:03.837+0000][8.761s][info ][gc,phases     ] GC(15)   Post Evacuate Collection Set: 3.7ms
[2023-11-16T08:17:03.837+0000][8.761s][info ][gc,phases     ] GC(15)   Other: 0.2ms
[2023-11-16T08:17:03.837+0000][8.761s][info ][gc,heap       ] GC(15) Eden regions: 344->0(340)
[2023-11-16T08:17:03.837+0000][8.761s][info ][gc,heap       ] GC(15) Survivor regions: 19->23(46)
[2023-11-16T08:17:03.837+0000][8.761s][info ][gc,heap       ] GC(15) Old regions: 13->13
[2023-11-16T08:17:03.837+0000][8.761s][info ][gc,heap       ] GC(15) Humongous regions: 0->0
[2023-11-16T08:17:03.837+0000][8.761s][info ][gc,metaspace  ] GC(15) Metaspace: 46130K(47568K)->46130K(47568K) NonClass: 40401K(41296K)->40401K(41296K) Class: 5728K(6272K)->5728K(6272K)
[2023-11-16T08:17:03.837+0000][8.761s][info ][gc            ] GC(15) Pause Young (Normal) (G1 Evacuation Pause) 373M->33M(606M) 31.163ms
[2023-11-16T08:17:03.837+0000][8.761s][info ][gc,cpu        ] GC(15) User=0.10s Sys=0.00s Real=0.03s
[2023-11-16T08:17:03.837+0000][8.761s][info ][safepoint     ] Leaving safepoint region
[2023-11-16T08:17:03.837+0000][8.761s][info ][safepoint     ] Total time for which application threads were stopped: 0.0313112 seconds, Stopping threads took: 0.0000090 seconds
[2023-11-16T08:17:03.837+0000][8.761s][info ][gc,stringdedup] Concurrent String Deduplication (8.761s)
[2023-11-16T08:17:03.837+0000][8.762s][info ][gc,stringdedup] Concurrent String Deduplication 40800.0B->15424.0B(25376.0B) avg 41.0% (8.761s, 8.762s) 0.276ms
[2023-11-16T08:17:03.951+0000][8.875s][debug][safepoint     ] Safepoint synchronization initiated. (10 threads)
[2023-11-16T08:17:03.951+0000][8.875s][info ][safepoint     ] Application time: 0.1136457 seconds
[2023-11-16T08:17:03.951+0000][8.875s][info ][safepoint     ] Entering safepoint region: Deoptimize
[2023-11-16T08:17:03.951+0000][8.875s][info ][safepoint     ] Leaving safepoint region
[2023-11-16T08:17:03.951+0000][8.875s][info ][safepoint     ] Total time for which application threads were stopped: 0.0005370 seconds, Stopping threads took: 0.0000090 seconds
[2023-11-16T08:17:04.076+0000][9.001s][debug][safepoint     ] Safepoint synchronization initiated. (10 threads)
[2023-11-16T08:17:04.077+0000][9.001s][info ][safepoint     ] Application time: 0.1251629 seconds
[2023-11-16T08:17:04.077+0000][9.001s][info ][safepoint     ] Entering safepoint region: Deoptimize
[2023-11-16T08:17:04.077+0000][9.001s][info ][safepoint     ] Leaving safepoint region
[2023-11-16T08:17:04.077+0000][9.001s][info ][safepoint     ] Total time for which application threads were stopped: 0.0005303 seconds, Stopping threads took: 0.0000086 seconds
[2023-11-16T08:17:04.349+0000][9.273s][debug][safepoint     ] Safepoint synchronization initiated. (10 threads)
[2023-11-16T08:17:04.349+0000][9.273s][info ][safepoint     ] Application time: 0.2721088 seconds
[2023-11-16T08:17:04.349+0000][9.273s][info ][safepoint     ] Entering safepoint region: Deoptimize
[2023-11-16T08:17:04.350+0000][9.274s][info ][safepoint     ] Leaving safepoint region
[2023-11-16T08:17:04.350+0000][9.274s][info ][safepoint     ] Total time for which application threads were stopped: 0.0006936 seconds, Stopping threads took: 0.0000104 seconds
[2023-11-16T08:17:05.350+0000][10.274s][debug][safepoint     ] Safepoint synchronization initiated. (12 threads)
[2023-11-16T08:17:05.350+0000][10.274s][info ][safepoint     ] Application time: 1.0001541 seconds
[2023-11-16T08:17:05.350+0000][10.274s][info ][safepoint     ] Entering safepoint region: Cleanup
[2023-11-16T08:17:05.350+0000][10.274s][info ][safepoint     ] Leaving safepoint region
[2023-11-16T08:17:05.350+0000][10.274s][info ][safepoint     ] Total time for which application threads were stopped: 0.0002000 seconds, Stopping threads took: 0.0000172 seconds
[2023-11-16T08:17:05.415+0000][10.339s][debug][safepoint     ] Safepoint synchronization initiated. (12 threads)
[2023-11-16T08:17:05.415+0000][10.339s][info ][safepoint     ] Application time: 0.0649197 seconds
[2023-11-16T08:17:05.415+0000][10.339s][info ][safepoint     ] Entering safepoint region: Deoptimize
[2023-11-16T08:17:05.416+0000][10.340s][info ][safepoint     ] Leaving safepoint region
[2023-11-16T08:17:05.416+0000][10.340s][info ][safepoint     ] Total time for which application threads were stopped: 0.0006787 seconds, Stopping threads took: 0.0000163 seconds
[2023-11-16T08:17:05.487+0000][10.411s][debug][safepoint     ] Safepoint synchronization initiated. (12 threads)
[2023-11-16T08:17:05.487+0000][10.411s][info ][safepoint     ] Application time: 0.0712440 seconds
[2023-11-16T08:17:05.487+0000][10.411s][info ][safepoint     ] Entering safepoint region: Deoptimize
[2023-11-16T08:17:05.488+0000][10.412s][info ][safepoint     ] Leaving safepoint region
[2023-11-16T08:17:05.488+0000][10.412s][info ][safepoint     ] Total time for which application threads were stopped: 0.0006894 seconds, Stopping threads took: 0.0000089 seconds
[2023-11-16T08:17:05.772+0000][10.696s][debug][safepoint     ] Safepoint synchronization initiated. (12 threads)
[2023-11-16T08:17:05.772+0000][10.697s][info ][safepoint     ] Application time: 0.2845751 seconds
[2023-11-16T08:17:05.772+0000][10.697s][info ][safepoint     ] Entering safepoint region: ICBufferFull
[2023-11-16T08:17:05.773+0000][10.697s][info ][safepoint     ] Leaving safepoint region
[2023-11-16T08:17:05.773+0000][10.697s][info ][safepoint     ] Total time for which application threads were stopped: 0.0001876 seconds, Stopping threads took: 0.0000094 seconds
[2023-11-16T08:17:06.165+0000][11.089s][debug][safepoint     ] Safepoint synchronization initiated. (12 threads)
[2023-11-16T08:17:06.165+0000][11.089s][info ][safepoint     ] Application time: 0.3924556 seconds
[2023-11-16T08:17:06.165+0000][11.089s][info ][safepoint     ] Entering safepoint region: G1CollectForAllocation
[2023-11-16T08:17:06.165+0000][11.089s][info ][gc,start      ] GC(16) Pause Young (Normal) (G1 Evacuation Pause)
[2023-11-16T08:17:06.165+0000][11.089s][info ][gc,task       ] GC(16) Using 4 workers of 4 for evacuation
[2023-11-16T08:17:06.191+0000][11.115s][info ][gc,phases     ] GC(16)   Pre Evacuate Collection Set: 0.0ms
[2023-11-16T08:17:06.191+0000][11.115s][info ][gc,phases     ] GC(16)   Evacuate Collection Set: 22.9ms
[2023-11-16T08:17:06.191+0000][11.115s][info ][gc,phases     ] GC(16)   Post Evacuate Collection Set: 2.9ms
[2023-11-16T08:17:06.191+0000][11.115s][info ][gc,phases     ] GC(16)   Other: 0.2ms
[2023-11-16T08:17:06.191+0000][11.115s][info ][gc,heap       ] GC(16) Eden regions: 340->0(339)
[2023-11-16T08:17:06.191+0000][11.115s][info ][gc,heap       ] GC(16) Survivor regions: 23->24(46)
[2023-11-16T08:17:06.191+0000][11.115s][info ][gc,heap       ] GC(16) Old regions: 13->15
[2023-11-16T08:17:06.191+0000][11.115s][info ][gc,heap       ] GC(16) Humongous regions: 0->0
[2023-11-16T08:17:06.191+0000][11.115s][info ][gc,metaspace  ] GC(16) Metaspace: 55322K(56912K)->55322K(56912K) NonClass: 48480K(49488K)->48480K(49488K) Class: 6841K(7424K)->6841K(7424K)
[2023-11-16T08:17:06.191+0000][11.115s][info ][gc            ] GC(16) Pause Young (Normal) (G1 Evacuation Pause) 373M->37M(606M) 26.063ms
[2023-11-16T08:17:06.191+0000][11.115s][info ][gc,cpu        ] GC(16) User=0.08s Sys=0.00s Real=0.03s
[2023-11-16T08:17:06.191+0000][11.115s][info ][safepoint     ] Leaving safepoint region
[2023-11-16T08:17:06.191+0000][11.115s][info ][safepoint     ] Total time for which application threads were stopped: 0.0262682 seconds, Stopping threads took: 0.0000095 seconds
[2023-11-16T08:17:06.191+0000][11.116s][info ][gc,stringdedup] Concurrent String Deduplication (11.116s)
[2023-11-16T08:17:06.193+0000][11.117s][info ][gc,stringdedup] Concurrent String Deduplication 324.6K->73288.0B(253.1K) avg 42.4% (11.116s, 11.117s) 1.576ms
[2023-11-16T08:17:06.612+0000][11.536s][debug][safepoint     ] Safepoint synchronization initiated. (12 threads)
[2023-11-16T08:17:06.612+0000][11.536s][info ][safepoint     ] Application time: 0.4207311 seconds
[2023-11-16T08:17:06.612+0000][11.536s][info ][safepoint     ] Entering safepoint region: CollectForMetadataAllocation
[2023-11-16T08:17:06.612+0000][11.536s][info ][gc,start      ] GC(17) Pause Young (Concurrent Start) (Metadata GC Threshold)
[2023-11-16T08:17:06.612+0000][11.536s][info ][gc,task       ] GC(17) Using 4 workers of 4 for evacuation
[2023-11-16T08:17:06.634+0000][11.558s][info ][gc,phases     ] GC(17)   Pre Evacuate Collection Set: 0.1ms
[2023-11-16T08:17:06.634+0000][11.558s][info ][gc,phases     ] GC(17)   Evacuate Collection Set: 19.2ms
[2023-11-16T08:17:06.634+0000][11.558s][info ][gc,phases     ] GC(17)   Post Evacuate Collection Set: 2.0ms
[2023-11-16T08:17:06.634+0000][11.558s][info ][gc,phases     ] GC(17)   Other: 0.3ms
[2023-11-16T08:17:06.634+0000][11.558s][info ][gc,heap       ] GC(17) Eden regions: 157->0(334)
[2023-11-16T08:17:06.634+0000][11.558s][info ][gc,heap       ] GC(17) Survivor regions: 24->23(46)
[2023-11-16T08:17:06.634+0000][11.558s][info ][gc,heap       ] GC(17) Old regions: 15->18
[2023-11-16T08:17:06.634+0000][11.558s][info ][gc,heap       ] GC(17) Humongous regions: 0->0
[2023-11-16T08:17:06.634+0000][11.558s][info ][gc,metaspace  ] GC(17) Metaspace: 58866K(60296K)->58866K(60296K) NonClass: 51404K(52232K)->51404K(52232K) Class: 7461K(8064K)->7461K(8064K)
[2023-11-16T08:17:06.634+0000][11.558s][info ][gc            ] GC(17) Pause Young (Concurrent Start) (Metadata GC Threshold) 193M->38M(606M) 21.754ms
[2023-11-16T08:17:06.634+0000][11.558s][info ][gc,cpu        ] GC(17) User=0.07s Sys=0.00s Real=0.02s
[2023-11-16T08:17:06.634+0000][11.558s][info ][safepoint     ] Leaving safepoint region
[2023-11-16T08:17:06.634+0000][11.558s][info ][gc            ] GC(18) Concurrent Cycle
[2023-11-16T08:17:06.634+0000][11.558s][info ][gc,marking    ] GC(18) Concurrent Clear Claimed Marks
[2023-11-16T08:17:06.634+0000][11.558s][info ][safepoint     ] Total time for which application threads were stopped: 0.0219807 seconds, Stopping threads took: 0.0000089 seconds
[2023-11-16T08:17:06.634+0000][11.558s][info ][gc,stringdedup] Concurrent String Deduplication (11.558s)
[2023-11-16T08:17:06.634+0000][11.558s][info ][gc,marking    ] GC(18) Concurrent Clear Claimed Marks 0.101ms
[2023-11-16T08:17:06.634+0000][11.558s][info ][gc,marking    ] GC(18) Concurrent Scan Root Regions
[2023-11-16T08:17:06.638+0000][11.562s][info ][gc,stringdedup] Concurrent String Deduplication 347.1K->143.4K(203.6K) avg 43.0% (11.558s, 11.562s) 3.542ms
[2023-11-16T08:17:06.650+0000][11.574s][info ][gc,marking    ] GC(18) Concurrent Scan Root Regions 15.242ms
[2023-11-16T08:17:06.650+0000][11.574s][info ][gc,marking    ] GC(18) Concurrent Mark (11.574s)
[2023-11-16T08:17:06.650+0000][11.574s][info ][gc,marking    ] GC(18) Concurrent Mark From Roots
[2023-11-16T08:17:06.650+0000][11.574s][info ][gc,task       ] GC(18) Using 1 workers of 1 for marking
[2023-11-16T08:17:06.671+0000][11.595s][debug][safepoint     ] Safepoint synchronization initiated. (12 threads)
[2023-11-16T08:17:06.671+0000][11.596s][info ][safepoint     ] Application time: 0.0372769 seconds
[2023-11-16T08:17:06.671+0000][11.596s][info ][safepoint     ] Entering safepoint region: CollectForMetadataAllocation
[2023-11-16T08:17:06.672+0000][11.596s][info ][safepoint     ] Leaving safepoint region
[2023-11-16T08:17:06.672+0000][11.596s][info ][safepoint     ] Total time for which application threads were stopped: 0.0001675 seconds, Stopping threads took: 0.0000184 seconds
[2023-11-16T08:17:06.675+0000][11.599s][info ][gc,marking    ] GC(18) Concurrent Mark From Roots 25.349ms
[2023-11-16T08:17:06.675+0000][11.599s][info ][gc,marking    ] GC(18) Concurrent Preclean
[2023-11-16T08:17:06.675+0000][11.599s][info ][gc,marking    ] GC(18) Concurrent Preclean 0.097ms
[2023-11-16T08:17:06.675+0000][11.599s][info ][gc,marking    ] GC(18) Concurrent Mark (11.574s, 11.599s) 25.501ms
[2023-11-16T08:17:06.675+0000][11.599s][debug][safepoint     ] Safepoint synchronization initiated. (12 threads)
[2023-11-16T08:17:06.675+0000][11.599s][info ][safepoint     ] Application time: 0.0034638 seconds
[2023-11-16T08:17:06.675+0000][11.599s][debug][safepoint     ] Waiting for 1 thread(s) to block
[2023-11-16T08:17:06.675+0000][11.599s][info ][safepoint     ] Entering safepoint region: CGC_Operation
[2023-11-16T08:17:06.675+0000][11.599s][info ][gc,start      ] GC(18) Pause Remark
[2023-11-16T08:17:06.684+0000][11.608s][info ][gc,stringtable] GC(18) Cleaned string and symbol table, strings: 23004 processed, 0 removed, symbols: 191912 processed, 194 removed
[2023-11-16T08:17:06.684+0000][11.608s][info ][gc            ] GC(18) Pause Remark 46M->46M(606M) 8.883ms
[2023-11-16T08:17:06.684+0000][11.608s][info ][gc,cpu        ] GC(18) User=0.02s Sys=0.00s Real=0.01s
[2023-11-16T08:17:06.684+0000][11.608s][info ][safepoint     ] Leaving safepoint region
[2023-11-16T08:17:06.684+0000][11.608s][info ][safepoint     ] Total time for which application threads were stopped: 0.0090538 seconds, Stopping threads took: 0.0000434 seconds
[2023-11-16T08:17:06.684+0000][11.608s][info ][gc,marking    ] GC(18) Concurrent Rebuild Remembered Sets
[2023-11-16T08:17:06.699+0000][11.623s][info ][gc,marking    ] GC(18) Concurrent Rebuild Remembered Sets 15.147ms
[2023-11-16T08:17:06.699+0000][11.624s][debug][safepoint     ] Safepoint synchronization initiated. (12 threads)
[2023-11-16T08:17:06.700+0000][11.624s][info ][safepoint     ] Application time: 0.0153093 seconds
[2023-11-16T08:17:06.700+0000][11.624s][debug][safepoint     ] Waiting for 1 thread(s) to block
[2023-11-16T08:17:06.700+0000][11.624s][info ][safepoint     ] Entering safepoint region: CGC_Operation
[2023-11-16T08:17:06.700+0000][11.624s][info ][gc,start      ] GC(18) Pause Cleanup
[2023-11-16T08:17:06.700+0000][11.624s][info ][gc            ] GC(18) Pause Cleanup 49M->49M(606M) 0.195ms
[2023-11-16T08:17:06.700+0000][11.624s][info ][gc,cpu        ] GC(18) User=0.00s Sys=0.00s Real=0.00s
[2023-11-16T08:17:06.700+0000][11.624s][info ][safepoint     ] Leaving safepoint region
[2023-11-16T08:17:06.700+0000][11.624s][info ][safepoint     ] Total time for which application threads were stopped: 0.0005101 seconds, Stopping threads took: 0.0001142 seconds
[2023-11-16T08:17:06.700+0000][11.624s][info ][gc,marking    ] GC(18) Concurrent Cleanup for Next Mark
[2023-11-16T08:17:06.702+0000][11.626s][info ][gc,marking    ] GC(18) Concurrent Cleanup for Next Mark 1.751ms
[2023-11-16T08:17:06.702+0000][11.626s][info ][gc            ] GC(18) Concurrent Cycle 67.774ms
[2023-11-16T08:17:07.314+0000][12.238s][debug][safepoint     ] Safepoint synchronization initiated. (15 threads)
[2023-11-16T08:17:07.314+0000][12.238s][info ][safepoint     ] Application time: 0.6139583 seconds
[2023-11-16T08:17:07.314+0000][12.238s][info ][safepoint     ] Entering safepoint region: Deoptimize
[2023-11-16T08:17:07.316+0000][12.240s][info ][safepoint     ] Leaving safepoint region
[2023-11-16T08:17:07.316+0000][12.240s][info ][safepoint     ] Total time for which application threads were stopped: 0.0017346 seconds, Stopping threads took: 0.0000106 seconds
[2023-11-16T08:17:07.621+0000][12.545s][debug][safepoint     ] Safepoint synchronization initiated. (15 threads)
[2023-11-16T08:17:07.621+0000][12.545s][info ][safepoint     ] Application time: 0.3053131 seconds
[2023-11-16T08:17:07.621+0000][12.545s][info ][safepoint     ] Entering safepoint region: ICBufferFull
[2023-11-16T08:17:07.621+0000][12.545s][info ][safepoint     ] Leaving safepoint region
[2023-11-16T08:17:07.621+0000][12.545s][info ][safepoint     ] Total time for which application threads were stopped: 0.0002066 seconds, Stopping threads took: 0.0000103 seconds
[2023-11-16T08:17:07.947+0000][12.871s][debug][safepoint     ] Safepoint synchronization initiated. (15 threads)
[2023-11-16T08:17:07.947+0000][12.871s][info ][safepoint     ] Application time: 0.3255072 seconds
[2023-11-16T08:17:07.947+0000][12.871s][info ][safepoint     ] Entering safepoint region: G1CollectForAllocation
[2023-11-16T08:17:07.947+0000][12.871s][info ][gc,start      ] GC(19) Pause Young (Concurrent Start) (G1 Evacuation Pause)
[2023-11-16T08:17:07.947+0000][12.871s][info ][gc,task       ] GC(19) Using 4 workers of 4 for evacuation
[2023-11-16T08:17:07.986+0000][12.910s][info ][gc,phases     ] GC(19)   Pre Evacuate Collection Set: 0.1ms
[2023-11-16T08:17:07.986+0000][12.910s][info ][gc,phases     ] GC(19)   Evacuate Collection Set: 34.0ms
[2023-11-16T08:17:07.986+0000][12.910s][info ][gc,phases     ] GC(19)   Post Evacuate Collection Set: 4.6ms
[2023-11-16T08:17:07.986+0000][12.910s][info ][gc,phases     ] GC(19)   Other: 0.2ms
[2023-11-16T08:17:07.986+0000][12.910s][info ][gc,heap       ] GC(19) Eden regions: 334->0(410)
[2023-11-16T08:17:07.986+0000][12.910s][info ][gc,heap       ] GC(19) Survivor regions: 23->23(45)
[2023-11-16T08:17:07.986+0000][12.910s][info ][gc,heap       ] GC(19) Old regions: 18->22
[2023-11-16T08:17:07.986+0000][12.910s][info ][gc,heap       ] GC(19) Humongous regions: 0->0
[2023-11-16T08:17:07.986+0000][12.910s][info ][gc,metaspace  ] GC(19) Metaspace: 67604K(69128K)->67604K(69128K) NonClass: 58948K(59912K)->58948K(59912K) Class: 8655K(9216K)->8655K(9216K)
[2023-11-16T08:17:07.986+0000][12.910s][info ][gc            ] GC(19) Pause Young (Concurrent Start) (G1 Evacuation Pause) 372M->43M(728M) 39.096ms
[2023-11-16T08:17:07.986+0000][12.910s][info ][gc,cpu        ] GC(19) User=0.12s Sys=0.00s Real=0.04s
[2023-11-16T08:17:07.986+0000][12.910s][info ][safepoint     ] Leaving safepoint region
[2023-11-16T08:17:07.986+0000][12.910s][info ][safepoint     ] Total time for which application threads were stopped: 0.0393330 seconds, Stopping threads took: 0.0000098 seconds
[2023-11-16T08:17:07.986+0000][12.910s][info ][gc            ] GC(20) Concurrent Cycle
[2023-11-16T08:17:07.986+0000][12.910s][info ][gc,marking    ] GC(20) Concurrent Clear Claimed Marks
[2023-11-16T08:17:07.986+0000][12.910s][info ][gc,marking    ] GC(20) Concurrent Clear Claimed Marks 0.097ms
[2023-11-16T08:17:07.986+0000][12.910s][info ][gc,marking    ] GC(20) Concurrent Scan Root Regions
[2023-11-16T08:17:07.995+0000][12.919s][info ][gc,stringdedup] Concurrent String Deduplication (12.919s)
[2023-11-16T08:17:08.004+0000][12.928s][info ][gc,stringdedup] Concurrent String Deduplication 433.3K->179.2K(254.2K) avg 43.7% (12.919s, 12.928s) 9.424ms
[2023-11-16T08:17:08.011+0000][12.935s][info ][gc,marking    ] GC(20) Concurrent Scan Root Regions 24.336ms
[2023-11-16T08:17:08.011+0000][12.935s][info ][gc,marking    ] GC(20) Concurrent Mark (12.935s)
[2023-11-16T08:17:08.011+0000][12.935s][info ][gc,marking    ] GC(20) Concurrent Mark From Roots
[2023-11-16T08:17:08.011+0000][12.935s][info ][gc,task       ] GC(20) Using 1 workers of 1 for marking
[2023-11-16T08:17:08.052+0000][12.976s][info ][gc,marking    ] GC(20) Concurrent Mark From Roots 41.252ms
[2023-11-16T08:17:08.052+0000][12.976s][info ][gc,marking    ] GC(20) Concurrent Preclean
[2023-11-16T08:17:08.052+0000][12.976s][info ][gc,marking    ] GC(20) Concurrent Preclean 0.094ms
[2023-11-16T08:17:08.052+0000][12.976s][info ][gc,marking    ] GC(20) Concurrent Mark (12.935s, 12.976s) 41.405ms
[2023-11-16T08:17:08.052+0000][12.976s][debug][safepoint     ] Safepoint synchronization initiated. (15 threads)
[2023-11-16T08:17:08.052+0000][12.976s][info ][safepoint     ] Application time: 0.0659525 seconds
[2023-11-16T08:17:08.052+0000][12.976s][debug][safepoint     ] ... found polling page return exception at pc = 0x00007ff17523d0ed, stub =0x00007ff17483a800
[2023-11-16T08:17:08.052+0000][12.976s][debug][safepoint     ] Waiting for 1 thread(s) to block
[2023-11-16T08:17:08.052+0000][12.976s][info ][safepoint     ] Entering safepoint region: CGC_Operation
[2023-11-16T08:17:08.052+0000][12.976s][info ][gc,start      ] GC(20) Pause Remark
[2023-11-16T08:17:08.060+0000][12.984s][info ][gc,stringtable] GC(20) Cleaned string and symbol table, strings: 26501 processed, 14 removed, symbols: 212637 processed, 21 removed
[2023-11-16T08:17:08.060+0000][12.985s][info ][gc            ] GC(20) Pause Remark 57M->57M(728M) 8.239ms
[2023-11-16T08:17:08.061+0000][12.985s][info ][gc,cpu        ] GC(20) User=0.03s Sys=0.00s Real=0.01s
[2023-11-16T08:17:08.061+0000][12.985s][info ][safepoint     ] Leaving safepoint region
[2023-11-16T08:17:08.061+0000][12.985s][info ][safepoint     ] Total time for which application threads were stopped: 0.0084175 seconds, Stopping threads took: 0.0000784 seconds
[2023-11-16T08:17:08.061+0000][12.985s][info ][gc,marking    ] GC(20) Concurrent Rebuild Remembered Sets
[2023-11-16T08:17:08.086+0000][13.010s][info ][gc,marking    ] GC(20) Concurrent Rebuild Remembered Sets 25.131ms
[2023-11-16T08:17:08.086+0000][13.010s][debug][safepoint     ] Safepoint synchronization initiated. (15 threads)
[2023-11-16T08:17:08.086+0000][13.010s][info ][safepoint     ] Application time: 0.0254217 seconds
[2023-11-16T08:17:08.086+0000][13.010s][debug][safepoint     ] ... found polling page loop exception at pc = 0x00007ff17c470121, stub =0x00007ff17483ab00
[2023-11-16T08:17:08.086+0000][13.010s][debug][safepoint     ] Waiting for 1 thread(s) to block
[2023-11-16T08:17:08.086+0000][13.010s][info ][safepoint     ] Entering safepoint region: CGC_Operation
[2023-11-16T08:17:08.086+0000][13.010s][info ][gc,start      ] GC(20) Pause Cleanup
[2023-11-16T08:17:08.086+0000][13.010s][info ][gc            ] GC(20) Pause Cleanup 62M->62M(728M) 0.153ms
[2023-11-16T08:17:08.086+0000][13.010s][info ][gc,cpu        ] GC(20) User=0.00s Sys=0.00s Real=0.00s
[2023-11-16T08:17:08.086+0000][13.010s][info ][safepoint     ] Leaving safepoint region
[2023-11-16T08:17:08.086+0000][13.010s][info ][safepoint     ] Total time for which application threads were stopped: 0.0003546 seconds, Stopping threads took: 0.0000709 seconds
[2023-11-16T08:17:08.086+0000][13.010s][info ][gc,marking    ] GC(20) Concurrent Cleanup for Next Mark
[2023-11-16T08:17:08.088+0000][13.012s][info ][gc,marking    ] GC(20) Concurrent Cleanup for Next Mark 2.046ms
[2023-11-16T08:17:08.088+0000][13.013s][info ][gc            ] GC(20) Concurrent Cycle 102.282ms
[2023-11-16T08:17:08.341+0000][13.265s][debug][safepoint     ] Safepoint synchronization initiated. (15 threads)
[2023-11-16T08:17:08.341+0000][13.265s][info ][safepoint     ] Application time: 0.2548829 seconds
[2023-11-16T08:17:08.341+0000][13.265s][info ][safepoint     ] Entering safepoint region: ICBufferFull
[2023-11-16T08:17:08.341+0000][13.265s][info ][safepoint     ] Leaving safepoint region
[2023-11-16T08:17:08.341+0000][13.265s][info ][safepoint     ] Total time for which application threads were stopped: 0.0001839 seconds, Stopping threads took: 0.0000109 seconds
[2023-11-16T08:17:08.390+0000][13.314s][debug][safepoint     ] Safepoint synchronization initiated. (15 threads)
[2023-11-16T08:17:08.390+0000][13.314s][info ][safepoint     ] Application time: 0.0482297 seconds
[2023-11-16T08:17:08.390+0000][13.314s][info ][safepoint     ] Entering safepoint region: ICBufferFull
[2023-11-16T08:17:08.390+0000][13.314s][info ][safepoint     ] Leaving safepoint region
[2023-11-16T08:17:08.390+0000][13.314s][info ][safepoint     ] Total time for which application threads were stopped: 0.0002244 seconds, Stopping threads took: 0.0000110 seconds
[2023-11-16T08:17:08.472+0000][13.396s][debug][safepoint     ] Safepoint synchronization initiated. (15 threads)
[2023-11-16T08:17:08.472+0000][13.396s][info ][safepoint     ] Application time: 0.0824555 seconds
[2023-11-16T08:17:08.472+0000][13.396s][debug][safepoint     ] Waiting for 1 thread(s) to block
[2023-11-16T08:17:08.472+0000][13.396s][info ][safepoint     ] Entering safepoint region: ICBufferFull
[2023-11-16T08:17:08.473+0000][13.397s][info ][safepoint     ] Leaving safepoint region
[2023-11-16T08:17:08.473+0000][13.397s][info ][safepoint     ] Total time for which application threads were stopped: 0.0002011 seconds, Stopping threads took: 0.0000269 seconds
[2023-11-16T08:17:08.543+0000][13.467s][debug][safepoint     ] Safepoint synchronization initiated. (15 threads)
[2023-11-16T08:17:08.543+0000][13.467s][info ][safepoint     ] Application time: 0.0702967 seconds
[2023-11-16T08:17:08.543+0000][13.467s][debug][safepoint     ] Waiting for 1 thread(s) to block
[2023-11-16T08:17:08.543+0000][13.467s][info ][safepoint     ] Entering safepoint region: ICBufferFull
[2023-11-16T08:17:08.543+0000][13.467s][info ][safepoint     ] Leaving safepoint region
[2023-11-16T08:17:08.543+0000][13.467s][info ][safepoint     ] Total time for which application threads were stopped: 0.0001660 seconds, Stopping threads took: 0.0000264 seconds
[2023-11-16T08:17:08.575+0000][13.499s][debug][safepoint     ] Safepoint synchronization initiated. (15 threads)
[2023-11-16T08:17:08.575+0000][13.499s][info ][safepoint     ] Application time: 0.0319974 seconds
[2023-11-16T08:17:08.575+0000][13.499s][debug][safepoint     ] Waiting for 2 thread(s) to block
[2023-11-16T08:17:08.575+0000][13.499s][info ][safepoint     ] Entering safepoint region: ICBufferFull
[2023-11-16T08:17:08.575+0000][13.499s][info ][safepoint     ] Leaving safepoint region
[2023-11-16T08:17:08.575+0000][13.499s][info ][safepoint     ] Total time for which application threads were stopped: 0.0002079 seconds, Stopping threads took: 0.0000508 seconds
[2023-11-16T08:17:08.655+0000][13.579s][debug][safepoint     ] Safepoint synchronization initiated. (15 threads)
[2023-11-16T08:17:08.655+0000][13.579s][info ][safepoint     ] Application time: 0.0794994 seconds
[2023-11-16T08:17:08.655+0000][13.579s][info ][safepoint     ] Entering safepoint region: ICBufferFull
[2023-11-16T08:17:08.655+0000][13.579s][info ][safepoint     ] Leaving safepoint region
[2023-11-16T08:17:08.655+0000][13.579s][info ][safepoint     ] Total time for which application threads were stopped: 0.0001654 seconds, Stopping threads took: 0.0000114 seconds
[2023-11-16T08:17:08.798+0000][13.722s][debug][safepoint     ] Safepoint synchronization initiated. (15 threads)
[2023-11-16T08:17:08.798+0000][13.722s][info ][safepoint     ] Application time: 0.1433728 seconds
[2023-11-16T08:17:08.798+0000][13.722s][info ][safepoint     ] Entering safepoint region: ICBufferFull
[2023-11-16T08:17:08.799+0000][13.723s][info ][safepoint     ] Leaving safepoint region
[2023-11-16T08:17:08.799+0000][13.723s][info ][safepoint     ] Total time for which application threads were stopped: 0.0002114 seconds, Stopping threads took: 0.0000094 seconds
[2023-11-16T08:17:09.210+0000][14.135s][debug][safepoint     ] Safepoint synchronization initiated. (15 threads)
[2023-11-16T08:17:09.211+0000][14.135s][info ][safepoint     ] Application time: 0.4119358 seconds
[2023-11-16T08:17:09.211+0000][14.135s][info ][safepoint     ] Entering safepoint region: ICBufferFull
[2023-11-16T08:17:09.211+0000][14.135s][info ][safepoint     ] Leaving safepoint region
[2023-11-16T08:17:09.211+0000][14.135s][info ][safepoint     ] Total time for which application threads were stopped: 0.0001766 seconds, Stopping threads took: 0.0000100 seconds
[2023-11-16T08:17:09.266+0000][14.190s][debug][safepoint     ] Safepoint synchronization initiated. (15 threads)
[2023-11-16T08:17:09.266+0000][14.190s][info ][safepoint     ] Application time: 0.0556251 seconds
[2023-11-16T08:17:09.266+0000][14.190s][info ][safepoint     ] Entering safepoint region: Deoptimize
[2023-11-16T08:17:09.267+0000][14.191s][info ][safepoint     ] Leaving safepoint region
[2023-11-16T08:17:09.267+0000][14.191s][info ][safepoint     ] Total time for which application threads were stopped: 0.0007624 seconds, Stopping threads took: 0.0000102 seconds
[2023-11-16T08:17:09.268+0000][14.192s][debug][safepoint     ] Safepoint synchronization initiated. (15 threads)
[2023-11-16T08:17:09.268+0000][14.192s][info ][safepoint     ] Application time: 0.0010224 seconds
[2023-11-16T08:17:09.268+0000][14.192s][info ][safepoint     ] Entering safepoint region: Deoptimize
[2023-11-16T08:17:09.269+0000][14.193s][info ][safepoint     ] Leaving safepoint region
[2023-11-16T08:17:09.269+0000][14.193s][info ][safepoint     ] Total time for which application threads were stopped: 0.0006437 seconds, Stopping threads took: 0.0000119 seconds
[2023-11-16T08:17:09.503+0000][14.427s][debug][safepoint     ] Safepoint synchronization initiated. (15 threads)
[2023-11-16T08:17:09.503+0000][14.427s][info ][safepoint     ] Application time: 0.2340659 seconds
[2023-11-16T08:17:09.503+0000][14.427s][info ][safepoint     ] Entering safepoint region: Deoptimize
[2023-11-16T08:17:09.504+0000][14.428s][info ][safepoint     ] Leaving safepoint region
[2023-11-16T08:17:09.504+0000][14.428s][info ][safepoint     ] Total time for which application threads were stopped: 0.0008284 seconds, Stopping threads took: 0.0000200 seconds
[2023-11-16T08:17:09.671+0000][14.595s][debug][safepoint     ] Safepoint synchronization initiated. (15 threads)
[2023-11-16T08:17:09.671+0000][14.595s][info ][safepoint     ] Application time: 0.1668666 seconds
[2023-11-16T08:17:09.671+0000][14.595s][info ][safepoint     ] Entering safepoint region: Deoptimize
[2023-11-16T08:17:09.671+0000][14.596s][info ][safepoint     ] Leaving safepoint region
[2023-11-16T08:17:09.672+0000][14.596s][info ][safepoint     ] Total time for which application threads were stopped: 0.0009173 seconds, Stopping threads took: 0.0000104 seconds
[2023-11-16T08:17:09.808+0000][14.732s][debug][safepoint     ] Safepoint synchronization initiated. (15 threads)
[2023-11-16T08:17:09.808+0000][14.732s][info ][safepoint     ] Application time: 0.1364983 seconds
[2023-11-16T08:17:09.808+0000][14.732s][info ][safepoint     ] Entering safepoint region: Deoptimize
[2023-11-16T08:17:09.809+0000][14.733s][info ][safepoint     ] Leaving safepoint region
[2023-11-16T08:17:09.809+0000][14.733s][info ][safepoint     ] Total time for which application threads were stopped: 0.0007850 seconds, Stopping threads took: 0.0000098 seconds
[2023-11-16T08:17:09.842+0000][14.766s][debug][safepoint     ] Safepoint synchronization initiated. (15 threads)
[2023-11-16T08:17:09.842+0000][14.766s][info ][safepoint     ] Application time: 0.0333203 seconds
[2023-11-16T08:17:09.842+0000][14.766s][info ][safepoint     ] Entering safepoint region: G1CollectForAllocation
[2023-11-16T08:17:09.842+0000][14.766s][info ][gc,start      ] GC(21) Pause Young (Normal) (G1 Evacuation Pause)
[2023-11-16T08:17:09.842+0000][14.766s][info ][gc,task       ] GC(21) Using 4 workers of 4 for evacuation
[2023-11-16T08:17:09.878+0000][14.802s][info ][gc,phases     ] GC(21)   Pre Evacuate Collection Set: 0.0ms
[2023-11-16T08:17:09.878+0000][14.802s][info ][gc,phases     ] GC(21)   Evacuate Collection Set: 31.9ms
[2023-11-16T08:17:09.878+0000][14.802s][info ][gc,phases     ] GC(21)   Post Evacuate Collection Set: 3.4ms
[2023-11-16T08:17:09.878+0000][14.802s][info ][gc,phases     ] GC(21)   Other: 0.2ms
[2023-11-16T08:17:09.878+0000][14.802s][info ][gc,heap       ] GC(21) Eden regions: 410->0(413)
[2023-11-16T08:17:09.878+0000][14.802s][info ][gc,heap       ] GC(21) Survivor regions: 23->23(55)
[2023-11-16T08:17:09.878+0000][14.802s][info ][gc,heap       ] GC(21) Old regions: 22->25
[2023-11-16T08:17:09.878+0000][14.802s][info ][gc,heap       ] GC(21) Humongous regions: 0->0
[2023-11-16T08:17:09.878+0000][14.802s][info ][gc,metaspace  ] GC(21) Metaspace: 76387K(78344K)->76387K(78344K) NonClass: 66619K(67848K)->66619K(67848K) Class: 9768K(10496K)->9768K(10496K)
[2023-11-16T08:17:09.878+0000][14.802s][info ][gc            ] GC(21) Pause Young (Normal) (G1 Evacuation Pause) 453M->46M(728M) 35.666ms
[2023-11-16T08:17:09.878+0000][14.802s][info ][gc,cpu        ] GC(21) User=0.11s Sys=0.00s Real=0.03s
[2023-11-16T08:17:09.878+0000][14.802s][info ][safepoint     ] Leaving safepoint region
[2023-11-16T08:17:09.878+0000][14.802s][info ][safepoint     ] Total time for which application threads were stopped: 0.0358648 seconds, Stopping threads took: 0.0000096 seconds
[2023-11-16T08:17:09.878+0000][14.802s][info ][gc,stringdedup] Concurrent String Deduplication (14.802s)
[2023-11-16T08:17:09.879+0000][14.803s][info ][gc,stringdedup] Concurrent String Deduplication 76384.0B->18688.0B(57696.0B) avg 43.9% (14.802s, 14.803s) 0.561ms
[2023-11-16T08:17:10.097+0000][15.021s][debug][safepoint     ] Safepoint synchronization initiated. (15 threads)
[2023-11-16T08:17:10.097+0000][15.021s][info ][safepoint     ] Application time: 0.2185581 seconds
[2023-11-16T08:17:10.097+0000][15.021s][debug][safepoint     ] Waiting for 1 thread(s) to block
[2023-11-16T08:17:10.097+0000][15.021s][info ][safepoint     ] Entering safepoint region: ICBufferFull
[2023-11-16T08:17:10.097+0000][15.021s][info ][safepoint     ] Leaving safepoint region
[2023-11-16T08:17:10.097+0000][15.021s][info ][safepoint     ] Total time for which application threads were stopped: 0.0002139 seconds, Stopping threads took: 0.0000379 seconds
[2023-11-16T08:17:10.780+0000][15.704s][debug][safepoint     ] Safepoint synchronization initiated. (15 threads)
[2023-11-16T08:17:10.780+0000][15.704s][info ][safepoint     ] Application time: 0.6832182 seconds
[2023-11-16T08:17:10.780+0000][15.704s][debug][safepoint     ] Waiting for 1 thread(s) to block
[2023-11-16T08:17:10.780+0000][15.704s][info ][safepoint     ] Entering safepoint region: ICBufferFull
[2023-11-16T08:17:10.780+0000][15.704s][info ][safepoint     ] Leaving safepoint region
[2023-11-16T08:17:10.780+0000][15.704s][info ][safepoint     ] Total time for which application threads were stopped: 0.0001906 seconds, Stopping threads took: 0.0000274 seconds
[2023-11-16T08:17:11.374+0000][16.298s][debug][safepoint     ] Safepoint synchronization initiated. (15 threads)
[2023-11-16T08:17:11.374+0000][16.298s][info ][safepoint     ] Application time: 0.5939260 seconds
[2023-11-16T08:17:11.374+0000][16.298s][info ][safepoint     ] Entering safepoint region: ICBufferFull
[2023-11-16T08:17:11.374+0000][16.298s][info ][safepoint     ] Leaving safepoint region
[2023-11-16T08:17:11.374+0000][16.299s][info ][safepoint     ] Total time for which application threads were stopped: 0.0002243 seconds, Stopping threads took: 0.0000097 seconds
[2023-11-16T08:17:11.701+0000][16.626s][debug][safepoint     ] Safepoint synchronization initiated. (15 threads)
[2023-11-16T08:17:11.702+0000][16.626s][info ][safepoint     ] Application time: 0.3270522 seconds
[2023-11-16T08:17:11.702+0000][16.626s][info ][safepoint     ] Entering safepoint region: ICBufferFull
[2023-11-16T08:17:11.702+0000][16.626s][info ][safepoint     ] Leaving safepoint region
[2023-11-16T08:17:11.702+0000][16.626s][info ][safepoint     ] Total time for which application threads were stopped: 0.0001913 seconds, Stopping threads took: 0.0000105 seconds
[2023-11-16T08:17:12.082+0000][17.006s][debug][safepoint     ] Safepoint synchronization initiated. (14 threads)
[2023-11-16T08:17:12.082+0000][17.006s][info ][safepoint     ] Application time: 0.3802405 seconds
[2023-11-16T08:17:12.082+0000][17.006s][info ][safepoint     ] Entering safepoint region: Deoptimize
[2023-11-16T08:17:12.083+0000][17.007s][info ][safepoint     ] Leaving safepoint region
[2023-11-16T08:17:12.083+0000][17.007s][info ][safepoint     ] Total time for which application threads were stopped: 0.0008621 seconds, Stopping threads took: 0.0000099 seconds
[2023-11-16T08:17:12.209+0000][17.133s][debug][safepoint     ] Safepoint synchronization initiated. (14 threads)
[2023-11-16T08:17:12.209+0000][17.133s][info ][safepoint     ] Application time: 0.1258496 seconds
[2023-11-16T08:17:12.209+0000][17.133s][info ][safepoint     ] Entering safepoint region: G1CollectForAllocation
[2023-11-16T08:17:12.209+0000][17.133s][info ][gc,start      ] GC(22) Pause Young (Normal) (G1 Evacuation Pause)
[2023-11-16T08:17:12.209+0000][17.133s][info ][gc,task       ] GC(22) Using 4 workers of 4 for evacuation
[2023-11-16T08:17:12.243+0000][17.167s][info ][gc,phases     ] GC(22)   Pre Evacuate Collection Set: 0.0ms
[2023-11-16T08:17:12.243+0000][17.167s][info ][gc,phases     ] GC(22)   Evacuate Collection Set: 30.1ms
[2023-11-16T08:17:12.243+0000][17.167s][info ][gc,phases     ] GC(22)   Post Evacuate Collection Set: 3.7ms
[2023-11-16T08:17:12.243+0000][17.167s][info ][gc,phases     ] GC(22)   Other: 0.2ms
[2023-11-16T08:17:12.243+0000][17.167s][info ][gc,heap       ] GC(22) Eden regions: 413->0(403)
[2023-11-16T08:17:12.243+0000][17.167s][info ][gc,heap       ] GC(22) Survivor regions: 23->33(55)
[2023-11-16T08:17:12.243+0000][17.167s][info ][gc,heap       ] GC(22) Old regions: 25->25
[2023-11-16T08:17:12.243+0000][17.167s][info ][gc,heap       ] GC(22) Humongous regions: 0->0
[2023-11-16T08:17:12.243+0000][17.167s][info ][gc,metaspace  ] GC(22) Metaspace: 80617K(82696K)->80617K(82696K) NonClass: 70587K(71944K)->70587K(71944K) Class: 10030K(10752K)->10030K(10752K)
[2023-11-16T08:17:12.243+0000][17.167s][info ][gc            ] GC(22) Pause Young (Normal) (G1 Evacuation Pause) 459M->56M(728M) 34.184ms
[2023-11-16T08:17:12.243+0000][17.167s][info ][gc,cpu        ] GC(22) User=0.12s Sys=0.01s Real=0.03s
[2023-11-16T08:17:12.243+0000][17.167s][info ][safepoint     ] Leaving safepoint region
[2023-11-16T08:17:12.243+0000][17.167s][info ][safepoint     ] Total time for which application threads were stopped: 0.0344215 seconds, Stopping threads took: 0.0000098 seconds
[2023-11-16T08:17:12.243+0000][17.168s][info ][gc,stringdedup] Concurrent String Deduplication (17.168s)
[2023-11-16T08:17:12.246+0000][17.170s][info ][gc,stringdedup] Concurrent String Deduplication 351.9K->101680.0B(252.6K) avg 44.9% (17.168s, 17.170s) 2.378ms
[2023-11-16T08:17:12.735+0000][17.659s][debug][safepoint     ] Safepoint synchronization initiated. (14 threads)
[2023-11-16T08:17:12.735+0000][17.659s][info ][safepoint     ] Application time: 0.4918359 seconds
[2023-11-16T08:17:12.735+0000][17.659s][debug][safepoint     ] Waiting for 1 thread(s) to block
[2023-11-16T08:17:12.735+0000][17.659s][info ][safepoint     ] Entering safepoint region: ICBufferFull
[2023-11-16T08:17:12.735+0000][17.659s][info ][safepoint     ] Leaving safepoint region
[2023-11-16T08:17:12.735+0000][17.659s][info ][safepoint     ] Total time for which application threads were stopped: 0.0002350 seconds, Stopping threads took: 0.0000369 seconds
[2023-11-16T08:17:13.518+0000][18.442s][debug][safepoint     ] Safepoint synchronization initiated. (18 threads)
[2023-11-16T08:17:13.518+0000][18.442s][info ][safepoint     ] Application time: 0.7828225 seconds
[2023-11-16T08:17:13.518+0000][18.442s][info ][safepoint     ] Entering safepoint region: ICBufferFull
[2023-11-16T08:17:13.518+0000][18.442s][info ][safepoint     ] Leaving safepoint region
[2023-11-16T08:17:13.518+0000][18.442s][info ][safepoint     ] Total time for which application threads were stopped: 0.0002224 seconds, Stopping threads took: 0.0000107 seconds
[2023-11-16T08:17:13.959+0000][18.883s][debug][safepoint     ] Safepoint synchronization initiated. (18 threads)
[2023-11-16T08:17:13.959+0000][18.883s][info ][safepoint     ] Application time: 0.4410946 seconds
[2023-11-16T08:17:13.959+0000][18.883s][debug][safepoint     ] Waiting for 1 thread(s) to block
[2023-11-16T08:17:13.959+0000][18.883s][info ][safepoint     ] Entering safepoint region: ICBufferFull
[2023-11-16T08:17:13.960+0000][18.884s][info ][safepoint     ] Leaving safepoint region
[2023-11-16T08:17:13.960+0000][18.884s][info ][safepoint     ] Total time for which application threads were stopped: 0.0002165 seconds, Stopping threads took: 0.0000370 seconds
[2023-11-16T08:17:13.967+0000][18.891s][debug][safepoint     ] Safepoint synchronization initiated. (18 threads)
[2023-11-16T08:17:13.967+0000][18.891s][info ][safepoint     ] Application time: 0.0069888 seconds
[2023-11-16T08:17:13.967+0000][18.891s][info ][safepoint     ] Entering safepoint region: Deoptimize
[2023-11-16T08:17:13.968+0000][18.892s][info ][safepoint     ] Leaving safepoint region
[2023-11-16T08:17:13.968+0000][18.892s][info ][safepoint     ] Total time for which application threads were stopped: 0.0009486 seconds, Stopping threads took: 0.0000094 seconds
[2023-11-16T08:17:13.976+0000][18.900s][debug][safepoint     ] Safepoint synchronization initiated. (18 threads)
[2023-11-16T08:17:13.976+0000][18.900s][info ][safepoint     ] Application time: 0.0086120 seconds
[2023-11-16T08:17:13.976+0000][18.900s][info ][safepoint     ] Entering safepoint region: G1CollectForAllocation
[2023-11-16T08:17:13.976+0000][18.900s][info ][gc,start      ] GC(23) Pause Young (Normal) (G1 Evacuation Pause)
[2023-11-16T08:17:13.976+0000][18.900s][info ][gc,task       ] GC(23) Using 4 workers of 4 for evacuation
[2023-11-16T08:17:14.036+0000][18.960s][info ][gc,phases     ] GC(23)   Pre Evacuate Collection Set: 0.0ms
[2023-11-16T08:17:14.036+0000][18.960s][info ][gc,phases     ] GC(23)   Evacuate Collection Set: 56.1ms
[2023-11-16T08:17:14.036+0000][18.960s][info ][gc,phases     ] GC(23)   Post Evacuate Collection Set: 3.5ms
[2023-11-16T08:17:14.036+0000][18.960s][info ][gc,phases     ] GC(23)   Other: 0.2ms
[2023-11-16T08:17:14.036+0000][18.960s][info ][gc,heap       ] GC(23) Eden regions: 403->0(403)
[2023-11-16T08:17:14.036+0000][18.960s][info ][gc,heap       ] GC(23) Survivor regions: 33->33(55)
[2023-11-16T08:17:14.036+0000][18.960s][info ][gc,heap       ] GC(23) Old regions: 25->34
[2023-11-16T08:17:14.036+0000][18.960s][info ][gc,heap       ] GC(23) Humongous regions: 0->0
[2023-11-16T08:17:14.036+0000][18.960s][info ][gc,metaspace  ] GC(23) Metaspace: 84588K(86920K)->84588K(86920K) NonClass: 74131K(75528K)->74131K(75528K) Class: 10457K(11392K)->10457K(11392K)
[2023-11-16T08:17:14.036+0000][18.960s][info ][gc            ] GC(23) Pause Young (Normal) (G1 Evacuation Pause) 459M->65M(728M) 59.863ms
[2023-11-16T08:17:14.036+0000][18.960s][info ][gc,cpu        ] GC(23) User=0.18s Sys=0.00s Real=0.06s
[2023-11-16T08:17:14.036+0000][18.960s][info ][safepoint     ] Leaving safepoint region
[2023-11-16T08:17:14.036+0000][18.960s][info ][safepoint     ] Total time for which application threads were stopped: 0.0600604 seconds, Stopping threads took: 0.0000094 seconds
[2023-11-16T08:17:14.036+0000][18.961s][info ][gc,stringdedup] Concurrent String Deduplication (18.961s)
[2023-11-16T08:17:14.039+0000][18.963s][info ][gc,stringdedup] Concurrent String Deduplication 390.3K->220.2K(170.1K) avg 44.9% (18.961s, 18.963s) 2.737ms
[2023-11-16T08:17:14.129+0000][19.053s][debug][safepoint     ] Safepoint synchronization initiated. (19 threads)
[2023-11-16T08:17:14.129+0000][19.053s][info ][safepoint     ] Application time: 0.0924557 seconds
[2023-11-16T08:17:14.129+0000][19.053s][info ][safepoint     ] Entering safepoint region: Deoptimize
[2023-11-16T08:17:14.130+0000][19.054s][info ][safepoint     ] Leaving safepoint region
[2023-11-16T08:17:14.130+0000][19.054s][info ][safepoint     ] Total time for which application threads were stopped: 0.0009022 seconds, Stopping threads took: 0.0000104 seconds
[2023-11-16T08:17:14.307+0000][19.231s][debug][safepoint     ] Safepoint synchronization initiated. (19 threads)
[2023-11-16T08:17:14.307+0000][19.231s][info ][safepoint     ] Application time: 0.1775220 seconds
[2023-11-16T08:17:14.307+0000][19.231s][info ][safepoint     ] Entering safepoint region: Deoptimize
[2023-11-16T08:17:14.308+0000][19.232s][info ][safepoint     ] Leaving safepoint region
[2023-11-16T08:17:14.308+0000][19.232s][info ][safepoint     ] Total time for which application threads were stopped: 0.0009321 seconds, Stopping threads took: 0.0000099 seconds
[2023-11-16T08:17:14.849+0000][19.773s][debug][safepoint     ] Safepoint synchronization initiated. (21 threads)
[2023-11-16T08:17:14.849+0000][19.773s][info ][safepoint     ] Application time: 0.5408470 seconds
[2023-11-16T08:17:14.849+0000][19.773s][info ][safepoint     ] Entering safepoint region: Deoptimize
[2023-11-16T08:17:14.850+0000][19.774s][info ][safepoint     ] Leaving safepoint region
[2023-11-16T08:17:14.850+0000][19.774s][info ][safepoint     ] Total time for which application threads were stopped: 0.0013822 seconds, Stopping threads took: 0.0000183 seconds
[2023-11-16T08:17:14.895+0000][19.819s][debug][safepoint     ] Safepoint synchronization initiated. (21 threads)
[2023-11-16T08:17:14.895+0000][19.819s][info ][safepoint     ] Application time: 0.0442110 seconds
[2023-11-16T08:17:14.895+0000][19.819s][info ][safepoint     ] Entering safepoint region: Deoptimize
[2023-11-16T08:17:14.896+0000][19.820s][info ][safepoint     ] Leaving safepoint region
[2023-11-16T08:17:14.896+0000][19.820s][info ][safepoint     ] Total time for which application threads were stopped: 0.0009288 seconds, Stopping threads took: 0.0000102 seconds
[2023-11-16T08:17:14.897+0000][19.821s][debug][safepoint     ] Safepoint synchronization initiated. (21 threads)
[2023-11-16T08:17:14.897+0000][19.821s][info ][safepoint     ] Application time: 0.0012026 seconds
[2023-11-16T08:17:14.897+0000][19.821s][info ][safepoint     ] Entering safepoint region: Deoptimize
[2023-11-16T08:17:14.898+0000][19.822s][info ][safepoint     ] Leaving safepoint region
[2023-11-16T08:17:14.898+0000][19.822s][info ][safepoint     ] Total time for which application threads were stopped: 0.0007854 seconds, Stopping threads took: 0.0000113 seconds
[2023-11-16T08:17:14.941+0000][19.865s][debug][safepoint     ] Safepoint synchronization initiated. (21 threads)
[2023-11-16T08:17:14.941+0000][19.866s][info ][safepoint     ] Application time: 0.0439272 seconds
[2023-11-16T08:17:14.941+0000][19.866s][info ][safepoint     ] Entering safepoint region: Deoptimize
[2023-11-16T08:17:14.942+0000][19.866s][info ][safepoint     ] Leaving safepoint region
[2023-11-16T08:17:14.942+0000][19.866s][info ][safepoint     ] Total time for which application threads were stopped: 0.0009245 seconds, Stopping threads took: 0.0000098 seconds
[2023-11-16T08:17:14.950+0000][19.874s][debug][safepoint     ] Safepoint synchronization initiated. (21 threads)
[2023-11-16T08:17:14.950+0000][19.874s][info ][safepoint     ] Application time: 0.0071589 seconds
[2023-11-16T08:17:14.950+0000][19.874s][info ][safepoint     ] Entering safepoint region: Deoptimize
[2023-11-16T08:17:14.951+0000][19.875s][info ][safepoint     ] Leaving safepoint region
[2023-11-16T08:17:14.951+0000][19.875s][info ][safepoint     ] Total time for which application threads were stopped: 0.0009553 seconds, Stopping threads took: 0.0000101 seconds
[2023-11-16T08:17:14.989+0000][19.913s][debug][safepoint     ] Safepoint synchronization initiated. (21 threads)
[2023-11-16T08:17:14.989+0000][19.913s][info ][safepoint     ] Application time: 0.0380407 seconds
[2023-11-16T08:17:14.989+0000][19.913s][info ][safepoint     ] Entering safepoint region: Deoptimize
[2023-11-16T08:17:14.990+0000][19.914s][info ][safepoint     ] Leaving safepoint region
[2023-11-16T08:17:14.990+0000][19.914s][info ][safepoint     ] Total time for which application threads were stopped: 0.0009256 seconds, Stopping threads took: 0.0000121 seconds
[2023-11-16T08:17:15.314+0000][20.238s][debug][safepoint     ] Safepoint synchronization initiated. (24 threads)
[2023-11-16T08:17:15.314+0000][20.238s][info ][safepoint     ] Application time: 0.3243004 seconds
[2023-11-16T08:17:15.314+0000][20.238s][info ][safepoint     ] Entering safepoint region: ICBufferFull
[2023-11-16T08:17:15.314+0000][20.238s][info ][safepoint     ] Leaving safepoint region
[2023-11-16T08:17:15.314+0000][20.238s][info ][safepoint     ] Total time for which application threads were stopped: 0.0002169 seconds, Stopping threads took: 0.0000111 seconds
[2023-11-16T08:17:15.815+0000][20.739s][debug][safepoint     ] Safepoint synchronization initiated. (32 threads)
[2023-11-16T08:17:15.815+0000][20.739s][info ][safepoint     ] Application time: 0.5008961 seconds
[2023-11-16T08:17:15.815+0000][20.739s][info ][safepoint     ] Entering safepoint region: Deoptimize
[2023-11-16T08:17:15.816+0000][20.740s][info ][safepoint     ] Leaving safepoint region
[2023-11-16T08:17:15.816+0000][20.740s][info ][safepoint     ] Total time for which application threads were stopped: 0.0010909 seconds, Stopping threads took: 0.0000128 seconds
[2023-11-16T08:17:15.896+0000][20.820s][debug][safepoint     ] Safepoint synchronization initiated. (32 threads)
[2023-11-16T08:17:15.896+0000][20.820s][info ][safepoint     ] Application time: 0.0800239 seconds
[2023-11-16T08:17:15.896+0000][20.820s][info ][safepoint     ] Entering safepoint region: G1CollectForAllocation
[2023-11-16T08:17:15.896+0000][20.820s][info ][gc,start      ] GC(24) Pause Young (Normal) (G1 Evacuation Pause)
[2023-11-16T08:17:15.896+0000][20.820s][info ][gc,task       ] GC(24) Using 4 workers of 4 for evacuation
[2023-11-16T08:17:15.936+0000][20.860s][info ][gc,phases     ] GC(24)   Pre Evacuate Collection Set: 0.0ms
[2023-11-16T08:17:15.936+0000][20.860s][info ][gc,phases     ] GC(24)   Evacuate Collection Set: 35.7ms
[2023-11-16T08:17:15.936+0000][20.860s][info ][gc,phases     ] GC(24)   Post Evacuate Collection Set: 3.9ms
[2023-11-16T08:17:15.936+0000][20.860s][info ][gc,phases     ] GC(24)   Other: 0.2ms
[2023-11-16T08:17:15.936+0000][20.860s][info ][gc,heap       ] GC(24) Eden regions: 403->0(399)
[2023-11-16T08:17:15.936+0000][20.860s][info ][gc,heap       ] GC(24) Survivor regions: 33->37(55)
[2023-11-16T08:17:15.936+0000][20.860s][info ][gc,heap       ] GC(24) Old regions: 34->38
[2023-11-16T08:17:15.936+0000][20.860s][info ][gc,heap       ] GC(24) Humongous regions: 0->0
[2023-11-16T08:17:15.936+0000][20.860s][info ][gc,metaspace  ] GC(24) Metaspace: 94906K(97800K)->94906K(97800K) NonClass: 83206K(85000K)->83206K(85000K) Class: 11699K(12800K)->11699K(12800K)
[2023-11-16T08:17:15.936+0000][20.860s][info ][gc            ] GC(24) Pause Young (Normal) (G1 Evacuation Pause) 468M->73M(728M) 40.111ms
[2023-11-16T08:17:15.936+0000][20.860s][info ][gc,cpu        ] GC(24) User=0.14s Sys=0.00s Real=0.04s
[2023-11-16T08:17:15.936+0000][20.861s][info ][safepoint     ] Leaving safepoint region
[2023-11-16T08:17:15.936+0000][20.861s][info ][safepoint     ] Total time for which application threads were stopped: 0.0403482 seconds, Stopping threads took: 0.0000114 seconds
[2023-11-16T08:17:15.937+0000][20.861s][info ][gc,stringdedup] Concurrent String Deduplication (20.861s)
[2023-11-16T08:17:15.942+0000][20.866s][info ][gc,stringdedup] Concurrent String Deduplication 1046.1K->255.7K(790.4K) avg 47.7% (20.861s, 20.866s) 4.806ms
[2023-11-16T08:17:16.339+0000][21.263s][debug][safepoint     ] Safepoint synchronization initiated. (36 threads)
[2023-11-16T08:17:16.339+0000][21.263s][info ][safepoint     ] Application time: 0.4020579 seconds
[2023-11-16T08:17:16.339+0000][21.263s][info ][safepoint     ] Entering safepoint region: Deoptimize
[2023-11-16T08:17:16.340+0000][21.264s][info ][safepoint     ] Leaving safepoint region
[2023-11-16T08:17:16.340+0000][21.264s][info ][safepoint     ] Total time for which application threads were stopped: 0.0013483 seconds, Stopping threads took: 0.0000137 seconds
[2023-11-16T08:17:16.398+0000][21.322s][debug][safepoint     ] Safepoint synchronization initiated. (36 threads)
[2023-11-16T08:17:16.398+0000][21.322s][info ][safepoint     ] Application time: 0.0583938 seconds
[2023-11-16T08:17:16.398+0000][21.322s][info ][safepoint     ] Entering safepoint region: Deoptimize
[2023-11-16T08:17:16.399+0000][21.323s][info ][safepoint     ] Leaving safepoint region
[2023-11-16T08:17:16.399+0000][21.323s][info ][safepoint     ] Total time for which application threads were stopped: 0.0009960 seconds, Stopping threads took: 0.0000123 seconds
[2023-11-16T08:17:16.400+0000][21.325s][debug][safepoint     ] Safepoint synchronization initiated. (36 threads)
[2023-11-16T08:17:16.400+0000][21.325s][info ][safepoint     ] Application time: 0.0011520 seconds
[2023-11-16T08:17:16.401+0000][21.325s][info ][safepoint     ] Entering safepoint region: Deoptimize
[2023-11-16T08:17:16.401+0000][21.326s][info ][safepoint     ] Leaving safepoint region
[2023-11-16T08:17:16.402+0000][21.326s][info ][safepoint     ] Total time for which application threads were stopped: 0.0010148 seconds, Stopping threads took: 0.0000128 seconds
[2023-11-16T08:17:16.459+0000][21.383s][debug][safepoint     ] Safepoint synchronization initiated. (36 threads)
[2023-11-16T08:17:16.459+0000][21.383s][info ][safepoint     ] Application time: 0.0577002 seconds
[2023-11-16T08:17:16.459+0000][21.383s][info ][safepoint     ] Entering safepoint region: Deoptimize
[2023-11-16T08:17:16.460+0000][21.384s][info ][safepoint     ] Leaving safepoint region
[2023-11-16T08:17:16.460+0000][21.384s][info ][safepoint     ] Total time for which application threads were stopped: 0.0010932 seconds, Stopping threads took: 0.0000122 seconds
[2023-11-16T08:17:17.326+0000][22.250s][debug][safepoint     ] Safepoint synchronization initiated. (37 threads)
[2023-11-16T08:17:17.326+0000][22.250s][info ][safepoint     ] Application time: 0.8659475 seconds
[2023-11-16T08:17:17.326+0000][22.250s][debug][safepoint     ] ... found polling page return exception at pc = 0x00007ff17c780470, stub =0x00007ff17483a800
[2023-11-16T08:17:17.326+0000][22.250s][debug][safepoint     ] Waiting for 3 thread(s) to block
[2023-11-16T08:17:17.326+0000][22.250s][info ][safepoint     ] Entering safepoint region: ICBufferFull
[2023-11-16T08:17:17.327+0000][22.251s][info ][safepoint     ] Leaving safepoint region
[2023-11-16T08:17:17.327+0000][22.251s][info ][safepoint     ] Total time for which application threads were stopped: 0.0003154 seconds, Stopping threads took: 0.0000778 seconds
[2023-11-16T08:17:17.589+0000][22.513s][debug][safepoint     ] Safepoint synchronization initiated. (37 threads)
[2023-11-16T08:17:17.589+0000][22.513s][info ][safepoint     ] Application time: 0.2621752 seconds
[2023-11-16T08:17:17.589+0000][22.513s][debug][safepoint     ] Waiting for 1 thread(s) to block
[2023-11-16T08:17:17.589+0000][22.513s][info ][safepoint     ] Entering safepoint region: ICBufferFull
[2023-11-16T08:17:17.589+0000][22.513s][info ][safepoint     ] Leaving safepoint region
[2023-11-16T08:17:17.589+0000][22.513s][info ][safepoint     ] Total time for which application threads were stopped: 0.0002707 seconds, Stopping threads took: 0.0000408 seconds
[2023-11-16T08:17:17.633+0000][22.557s][debug][safepoint     ] Safepoint synchronization initiated. (37 threads)
[2023-11-16T08:17:17.633+0000][22.557s][info ][safepoint     ] Application time: 0.0436864 seconds
[2023-11-16T08:17:17.633+0000][22.557s][info ][safepoint     ] Entering safepoint region: G1CollectForAllocation
[2023-11-16T08:17:17.633+0000][22.557s][info ][gc,start      ] GC(25) Pause Young (Normal) (G1 Evacuation Pause)
[2023-11-16T08:17:17.633+0000][22.557s][info ][gc,task       ] GC(25) Using 4 workers of 4 for evacuation
[2023-11-16T08:17:17.674+0000][22.599s][info ][gc,phases     ] GC(25)   Pre Evacuate Collection Set: 0.0ms
[2023-11-16T08:17:17.674+0000][22.599s][info ][gc,phases     ] GC(25)   Evacuate Collection Set: 38.6ms
[2023-11-16T08:17:17.675+0000][22.599s][info ][gc,phases     ] GC(25)   Post Evacuate Collection Set: 2.7ms
[2023-11-16T08:17:17.675+0000][22.599s][info ][gc,phases     ] GC(25)   Other: 0.2ms
[2023-11-16T08:17:17.675+0000][22.599s][info ][gc,heap       ] GC(25) Eden regions: 399->0(409)
[2023-11-16T08:17:17.675+0000][22.599s][info ][gc,heap       ] GC(25) Survivor regions: 37->27(55)
[2023-11-16T08:17:17.675+0000][22.599s][info ][gc,heap       ] GC(25) Old regions: 38->57
[2023-11-16T08:17:17.675+0000][22.599s][info ][gc,heap       ] GC(25) Humongous regions: 1->0
[2023-11-16T08:17:17.675+0000][22.599s][info ][gc,metaspace  ] GC(25) Metaspace: 102616K(105864K)->102616K(105864K) NonClass: 90276K(92424K)->90276K(92424K) Class: 12339K(13440K)->12339K(13440K)
[2023-11-16T08:17:17.675+0000][22.599s][info ][gc            ] GC(25) Pause Young (Normal) (G1 Evacuation Pause) 473M->81M(728M) 41.636ms
[2023-11-16T08:17:17.675+0000][22.599s][info ][gc,cpu        ] GC(25) User=0.12s Sys=0.01s Real=0.04s
[2023-11-16T08:17:17.675+0000][22.599s][info ][safepoint     ] Leaving safepoint region
[2023-11-16T08:17:17.675+0000][22.599s][info ][safepoint     ] Total time for which application threads were stopped: 0.0418343 seconds, Stopping threads took: 0.0000127 seconds
[2023-11-16T08:17:17.684+0000][22.608s][info ][gc,stringdedup] Concurrent String Deduplication (22.608s)
[2023-11-16T08:17:17.687+0000][22.611s][info ][gc,stringdedup] Concurrent String Deduplication 640.5K->175.8K(464.7K) avg 49.0% (22.608s, 22.611s) 2.903ms
[2023-11-16T08:17:17.860+0000][22.784s][debug][safepoint     ] Safepoint synchronization initiated. (37 threads)
[2023-11-16T08:17:17.860+0000][22.784s][info ][safepoint     ] Application time: 0.1854502 seconds
[2023-11-16T08:17:17.860+0000][22.784s][info ][safepoint     ] Entering safepoint region: Deoptimize
[2023-11-16T08:17:17.861+0000][22.785s][info ][safepoint     ] Leaving safepoint region
[2023-11-16T08:17:17.861+0000][22.785s][info ][safepoint     ] Total time for which application threads were stopped: 0.0010101 seconds, Stopping threads took: 0.0000127 seconds
[2023-11-16T08:17:17.909+0000][22.833s][debug][safepoint     ] Safepoint synchronization initiated. (37 threads)
[2023-11-16T08:17:17.909+0000][22.833s][info ][safepoint     ] Application time: 0.0480112 seconds
[2023-11-16T08:17:17.909+0000][22.833s][info ][safepoint     ] Entering safepoint region: Deoptimize
[2023-11-16T08:17:17.910+0000][22.834s][info ][safepoint     ] Leaving safepoint region
[2023-11-16T08:17:17.910+0000][22.834s][info ][safepoint     ] Total time for which application threads were stopped: 0.0009639 seconds, Stopping threads took: 0.0000130 seconds
[2023-11-16T08:17:18.360+0000][23.284s][debug][safepoint     ] Safepoint synchronization initiated. (40 threads)
[2023-11-16T08:17:18.360+0000][23.284s][info ][safepoint     ] Application time: 0.4502468 seconds
[2023-11-16T08:17:18.360+0000][23.284s][info ][safepoint     ] Entering safepoint region: Deoptimize
[2023-11-16T08:17:18.362+0000][23.286s][info ][safepoint     ] Leaving safepoint region
[2023-11-16T08:17:18.362+0000][23.286s][info ][safepoint     ] Total time for which application threads were stopped: 0.0011311 seconds, Stopping threads took: 0.0000128 seconds
[2023-11-16T08:17:18.677+0000][23.601s][debug][safepoint     ] Safepoint synchronization initiated. (40 threads)
[2023-11-16T08:17:18.677+0000][23.601s][info ][safepoint     ] Application time: 0.3154635 seconds
[2023-11-16T08:17:18.677+0000][23.601s][info ][safepoint     ] Entering safepoint region: ICBufferFull
[2023-11-16T08:17:18.677+0000][23.601s][info ][safepoint     ] Leaving safepoint region
[2023-11-16T08:17:18.677+0000][23.601s][info ][safepoint     ] Total time for which application threads were stopped: 0.0002698 seconds, Stopping threads took: 0.0000133 seconds
[2023-11-16T08:17:18.969+0000][23.893s][debug][safepoint     ] Safepoint synchronization initiated. (40 threads)
[2023-11-16T08:17:18.969+0000][23.893s][info ][safepoint     ] Application time: 0.2918148 seconds
[2023-11-16T08:17:18.969+0000][23.893s][info ][safepoint     ] Entering safepoint region: Deoptimize
[2023-11-16T08:17:18.970+0000][23.894s][info ][safepoint     ] Leaving safepoint region
[2023-11-16T08:17:18.970+0000][23.894s][info ][safepoint     ] Total time for which application threads were stopped: 0.0011453 seconds, Stopping threads took: 0.0000127 seconds
[2023-11-16T08:17:19.026+0000][23.950s][debug][safepoint     ] Safepoint synchronization initiated. (40 threads)
[2023-11-16T08:17:19.026+0000][23.951s][info ][safepoint     ] Application time: 0.0561803 seconds
[2023-11-16T08:17:19.026+0000][23.951s][info ][safepoint     ] Entering safepoint region: Deoptimize
[2023-11-16T08:17:19.028+0000][23.952s][info ][safepoint     ] Leaving safepoint region
[2023-11-16T08:17:19.028+0000][23.952s][info ][safepoint     ] Total time for which application threads were stopped: 0.0010898 seconds, Stopping threads took: 0.0000143 seconds
[2023-11-16T08:17:19.056+0000][23.980s][debug][safepoint     ] Safepoint synchronization initiated. (40 threads)
[2023-11-16T08:17:19.056+0000][23.980s][info ][safepoint     ] Application time: 0.0287236 seconds
[2023-11-16T08:17:19.056+0000][23.980s][info ][safepoint     ] Entering safepoint region: Deoptimize
[2023-11-16T08:17:19.057+0000][23.981s][info ][safepoint     ] Leaving safepoint region
[2023-11-16T08:17:19.057+0000][23.981s][info ][safepoint     ] Total time for which application threads were stopped: 0.0010631 seconds, Stopping threads took: 0.0000134 seconds
[2023-11-16T08:17:19.091+0000][24.015s][debug][safepoint     ] Safepoint synchronization initiated. (40 threads)
[2023-11-16T08:17:19.091+0000][24.015s][info ][safepoint     ] Application time: 0.0333465 seconds
[2023-11-16T08:17:19.091+0000][24.015s][info ][safepoint     ] Entering safepoint region: Deoptimize
[2023-11-16T08:17:19.092+0000][24.016s][info ][safepoint     ] Leaving safepoint region
[2023-11-16T08:17:19.092+0000][24.016s][info ][safepoint     ] Total time for which application threads were stopped: 0.0013782 seconds, Stopping threads took: 0.0000139 seconds
[2023-11-16T08:17:19.220+0000][24.144s][debug][safepoint     ] Safepoint synchronization initiated. (40 threads)
[2023-11-16T08:17:19.220+0000][24.144s][info ][safepoint     ] Application time: 0.1281051 seconds
[2023-11-16T08:17:19.220+0000][24.144s][info ][safepoint     ] Entering safepoint region: Deoptimize
[2023-11-16T08:17:19.221+0000][24.145s][info ][safepoint     ] Leaving safepoint region
[2023-11-16T08:17:19.221+0000][24.145s][info ][safepoint     ] Total time for which application threads were stopped: 0.0011154 seconds, Stopping threads took: 0.0000130 seconds
[2023-11-16T08:17:19.222+0000][24.146s][debug][safepoint     ] Safepoint synchronization initiated. (40 threads)
[2023-11-16T08:17:19.222+0000][24.146s][info ][safepoint     ] Application time: 0.0010592 seconds
[2023-11-16T08:17:19.222+0000][24.147s][info ][safepoint     ] Entering safepoint region: Deoptimize
[2023-11-16T08:17:19.223+0000][24.147s][info ][safepoint     ] Leaving safepoint region
[2023-11-16T08:17:19.223+0000][24.147s][info ][safepoint     ] Total time for which application threads were stopped: 0.0009749 seconds, Stopping threads took: 0.0000132 seconds
[2023-11-16T08:17:19.309+0000][24.233s][debug][safepoint     ] Safepoint synchronization initiated. (40 threads)
[2023-11-16T08:17:19.309+0000][24.233s][info ][safepoint     ] Application time: 0.0854588 seconds
[2023-11-16T08:17:19.309+0000][24.233s][info ][safepoint     ] Entering safepoint region: CollectForMetadataAllocation
[2023-11-16T08:17:19.309+0000][24.233s][info ][gc,start      ] GC(26) Pause Young (Concurrent Start) (Metadata GC Threshold)
[2023-11-16T08:17:19.309+0000][24.233s][info ][gc,task       ] GC(26) Using 4 workers of 4 for evacuation
[2023-11-16T08:17:19.347+0000][24.271s][info ][gc,phases     ] GC(26)   Pre Evacuate Collection Set: 0.2ms
[2023-11-16T08:17:19.347+0000][24.271s][info ][gc,phases     ] GC(26)   Evacuate Collection Set: 32.8ms
[2023-11-16T08:17:19.347+0000][24.271s][info ][gc,phases     ] GC(26)   Post Evacuate Collection Set: 4.6ms
[2023-11-16T08:17:19.347+0000][24.271s][info ][gc,phases     ] GC(26)   Other: 0.3ms
[2023-11-16T08:17:19.347+0000][24.271s][info ][gc,heap       ] GC(26) Eden regions: 258->0(403)
[2023-11-16T08:17:19.347+0000][24.271s][info ][gc,heap       ] GC(26) Survivor regions: 27->33(55)
[2023-11-16T08:17:19.347+0000][24.271s][info ][gc,heap       ] GC(26) Old regions: 57->57
[2023-11-16T08:17:19.347+0000][24.271s][info ][gc,heap       ] GC(26) Humongous regions: 0->0
[2023-11-16T08:17:19.347+0000][24.271s][info ][gc,metaspace  ] GC(26) Metaspace: 112718K(115848K)->112718K(115848K) NonClass: 99185K(101128K)->99185K(101128K) Class: 13532K(14720K)->13532K(14720K)
[2023-11-16T08:17:19.347+0000][24.271s][info ][gc            ] GC(26) Pause Young (Concurrent Start) (Metadata GC Threshold) 339M->87M(728M) 38.049ms
[2023-11-16T08:17:19.347+0000][24.271s][info ][gc,cpu        ] GC(26) User=0.14s Sys=0.00s Real=0.03s
[2023-11-16T08:17:19.347+0000][24.271s][info ][gc            ] GC(27) Concurrent Cycle
[2023-11-16T08:17:19.347+0000][24.271s][info ][safepoint     ] Leaving safepoint region
[2023-11-16T08:17:19.347+0000][24.271s][info ][gc,marking    ] GC(27) Concurrent Clear Claimed Marks
[2023-11-16T08:17:19.347+0000][24.271s][info ][safepoint     ] Total time for which application threads were stopped: 0.0383579 seconds, Stopping threads took: 0.0000123 seconds
[2023-11-16T08:17:19.347+0000][24.272s][info ][gc,marking    ] GC(27) Concurrent Clear Claimed Marks 0.225ms
[2023-11-16T08:17:19.347+0000][24.272s][info ][gc,marking    ] GC(27) Concurrent Scan Root Regions
[2023-11-16T08:17:19.355+0000][24.279s][info ][gc,stringdedup] Concurrent String Deduplication (24.279s)
[2023-11-16T08:17:19.367+0000][24.291s][info ][gc,stringdedup] Concurrent String Deduplication 883.8K->410.9K(472.9K) avg 49.4% (24.279s, 24.291s) 12.005ms
[2023-11-16T08:17:19.375+0000][24.299s][debug][safepoint     ] Safepoint synchronization initiated. (40 threads)
[2023-11-16T08:17:19.375+0000][24.299s][info ][safepoint     ] Application time: 0.0277343 seconds
[2023-11-16T08:17:19.375+0000][24.299s][debug][safepoint     ] Waiting for 1 thread(s) to block
[2023-11-16T08:17:19.375+0000][24.299s][info ][safepoint     ] Entering safepoint region: CollectForMetadataAllocation
[2023-11-16T08:17:19.375+0000][24.299s][info ][safepoint     ] Leaving safepoint region
[2023-11-16T08:17:19.375+0000][24.299s][info ][safepoint     ] Total time for which application threads were stopped: 0.0001654 seconds, Stopping threads took: 0.0000314 seconds
[2023-11-16T08:17:19.378+0000][24.302s][info ][gc,marking    ] GC(27) Concurrent Scan Root Regions 30.377ms
[2023-11-16T08:17:19.378+0000][24.302s][info ][gc,marking    ] GC(27) Concurrent Mark (24.302s)
[2023-11-16T08:17:19.378+0000][24.302s][info ][gc,marking    ] GC(27) Concurrent Mark From Roots
[2023-11-16T08:17:19.378+0000][24.302s][info ][gc,task       ] GC(27) Using 1 workers of 1 for marking
[2023-11-16T08:17:19.484+0000][24.408s][info ][gc,marking    ] GC(27) Concurrent Mark From Roots 105.861ms
[2023-11-16T08:17:19.484+0000][24.408s][info ][gc,marking    ] GC(27) Concurrent Preclean
[2023-11-16T08:17:19.484+0000][24.408s][info ][gc,marking    ] GC(27) Concurrent Preclean 0.095ms
[2023-11-16T08:17:19.484+0000][24.408s][info ][gc,marking    ] GC(27) Concurrent Mark (24.302s, 24.408s) 106.039ms
[2023-11-16T08:17:19.484+0000][24.408s][debug][safepoint     ] Safepoint synchronization initiated. (40 threads)
[2023-11-16T08:17:19.484+0000][24.408s][info ][safepoint     ] Application time: 0.1088187 seconds
[2023-11-16T08:17:19.486+0000][24.410s][debug][safepoint     ] ... found polling page return exception at pc = 0x00007ff17c5fcc5c, stub =0x00007ff17483a800
[2023-11-16T08:17:19.487+0000][24.411s][debug][safepoint     ] Waiting for 1 thread(s) to block
[2023-11-16T08:17:19.487+0000][24.411s][info ][safepoint     ] Entering safepoint region: CGC_Operation
[2023-11-16T08:17:19.487+0000][24.411s][info ][gc,start      ] GC(27) Pause Remark
[2023-11-16T08:17:19.516+0000][24.440s][info ][gc,stringtable] GC(27) Cleaned string and symbol table, strings: 53349 processed, 64 removed, symbols: 313764 processed, 376 removed
[2023-11-16T08:17:19.516+0000][24.440s][info ][gc            ] GC(27) Pause Remark 102M->102M(728M) 29.116ms
[2023-11-16T08:17:19.516+0000][24.440s][info ][gc,cpu        ] GC(27) User=0.09s Sys=0.00s Real=0.03s
[2023-11-16T08:17:19.516+0000][24.440s][info ][safepoint     ] Leaving safepoint region
[2023-11-16T08:17:19.516+0000][24.440s][info ][safepoint     ] Total time for which application threads were stopped: 0.0318426 seconds, Stopping threads took: 0.0025621 seconds
[2023-11-16T08:17:19.516+0000][24.440s][info ][gc,marking    ] GC(27) Concurrent Rebuild Remembered Sets
[2023-11-16T08:17:19.584+0000][24.508s][info ][gc,marking    ] GC(27) Concurrent Rebuild Remembered Sets 68.002ms
[2023-11-16T08:17:19.584+0000][24.508s][debug][safepoint     ] Safepoint synchronization initiated. (40 threads)
[2023-11-16T08:17:19.584+0000][24.508s][info ][safepoint     ] Application time: 0.0681321 seconds
[2023-11-16T08:17:19.584+0000][24.508s][debug][safepoint     ] ... found polling page return exception at pc = 0x00007ff17c8141f3, stub =0x00007ff17483a800
[2023-11-16T08:17:19.584+0000][24.508s][debug][safepoint     ] Waiting for 1 thread(s) to block
[2023-11-16T08:17:19.584+0000][24.508s][info ][safepoint     ] Entering safepoint region: CGC_Operation
[2023-11-16T08:17:19.584+0000][24.508s][info ][gc,start      ] GC(27) Pause Cleanup
[2023-11-16T08:17:19.584+0000][24.508s][info ][gc            ] GC(27) Pause Cleanup 112M->112M(728M) 0.186ms
[2023-11-16T08:17:19.584+0000][24.508s][info ][gc,cpu        ] GC(27) User=0.00s Sys=0.00s Real=0.00s
[2023-11-16T08:17:19.584+0000][24.508s][info ][safepoint     ] Leaving safepoint region
[2023-11-16T08:17:19.584+0000][24.508s][info ][safepoint     ] Total time for which application threads were stopped: 0.0004229 seconds, Stopping threads took: 0.0000905 seconds
[2023-11-16T08:17:19.584+0000][24.509s][info ][gc,marking    ] GC(27) Concurrent Cleanup for Next Mark
[2023-11-16T08:17:19.586+0000][24.510s][info ][gc,marking    ] GC(27) Concurrent Cleanup for Next Mark 1.417ms
[2023-11-16T08:17:19.586+0000][24.510s][info ][gc            ] GC(27) Concurrent Cycle 238.708ms
[2023-11-16T08:17:20.585+0000][25.509s][debug][safepoint     ] Safepoint synchronization initiated. (41 threads)
[2023-11-16T08:17:20.585+0000][25.509s][info ][safepoint     ] Application time: 1.0001496 seconds
[2023-11-16T08:17:20.585+0000][25.509s][info ][safepoint     ] Entering safepoint region: Cleanup
[2023-11-16T08:17:20.585+0000][25.509s][info ][safepoint     ] Leaving safepoint region
[2023-11-16T08:17:20.585+0000][25.509s][info ][safepoint     ] Total time for which application threads were stopped: 0.0002280 seconds, Stopping threads took: 0.0000145 seconds
[2023-11-16T08:17:21.119+0000][26.043s][debug][safepoint     ] Safepoint synchronization initiated. (41 threads)
[2023-11-16T08:17:21.119+0000][26.043s][info ][safepoint     ] Application time: 0.5342437 seconds
[2023-11-16T08:17:21.119+0000][26.043s][info ][safepoint     ] Entering safepoint region: Deoptimize
[2023-11-16T08:17:21.120+0000][26.044s][info ][safepoint     ] Leaving safepoint region
[2023-11-16T08:17:21.120+0000][26.044s][info ][safepoint     ] Total time for which application threads were stopped: 0.0010992 seconds, Stopping threads took: 0.0000133 seconds
[2023-11-16T08:17:21.248+0000][26.172s][debug][safepoint     ] Safepoint synchronization initiated. (41 threads)
[2023-11-16T08:17:21.248+0000][26.172s][info ][safepoint     ] Application time: 0.1281560 seconds
[2023-11-16T08:17:21.248+0000][26.172s][info ][safepoint     ] Entering safepoint region: G1CollectForAllocation
[2023-11-16T08:17:21.249+0000][26.173s][info ][gc,start      ] GC(28) Pause Young (Concurrent Start) (G1 Evacuation Pause)
[2023-11-16T08:17:21.249+0000][26.173s][info ][gc,task       ] GC(28) Using 4 workers of 4 for evacuation
[2023-11-16T08:17:21.298+0000][26.222s][info ][gc,phases     ] GC(28)   Pre Evacuate Collection Set: 0.2ms
[2023-11-16T08:17:21.298+0000][26.222s][info ][gc,phases     ] GC(28)   Evacuate Collection Set: 45.3ms
[2023-11-16T08:17:21.298+0000][26.222s][info ][gc,phases     ] GC(28)   Post Evacuate Collection Set: 3.5ms
[2023-11-16T08:17:21.298+0000][26.222s][info ][gc,phases     ] GC(28)   Other: 0.3ms
[2023-11-16T08:17:21.298+0000][26.222s][info ][gc,heap       ] GC(28) Eden regions: 403->0(403)
[2023-11-16T08:17:21.298+0000][26.222s][info ][gc,heap       ] GC(28) Survivor regions: 33->33(55)
[2023-11-16T08:17:21.298+0000][26.222s][info ][gc,heap       ] GC(28) Old regions: 57->65
[2023-11-16T08:17:21.298+0000][26.222s][info ][gc,heap       ] GC(28) Humongous regions: 0->0
[2023-11-16T08:17:21.298+0000][26.222s][info ][gc,metaspace  ] GC(28) Metaspace: 121666K(125148K)->121666K(125148K) NonClass: 107351K(109532K)->107351K(109532K) Class: 14314K(15616K)->14314K(15616K)
[2023-11-16T08:17:21.298+0000][26.222s][info ][gc            ] GC(28) Pause Young (Concurrent Start) (G1 Evacuation Pause) 490M->96M(728M) 49.402ms
[2023-11-16T08:17:21.298+0000][26.222s][info ][gc,cpu        ] GC(28) User=0.14s Sys=0.00s Real=0.04s
[2023-11-16T08:17:21.298+0000][26.222s][info ][safepoint     ] Leaving safepoint region
[2023-11-16T08:17:21.298+0000][26.222s][info ][gc            ] GC(29) Concurrent Cycle
[2023-11-16T08:17:21.298+0000][26.222s][info ][gc,marking    ] GC(29) Concurrent Clear Claimed Marks
[2023-11-16T08:17:21.298+0000][26.222s][info ][safepoint     ] Total time for which application threads were stopped: 0.0496383 seconds, Stopping threads took: 0.0000125 seconds
[2023-11-16T08:17:21.298+0000][26.222s][info ][gc,stringdedup] Concurrent String Deduplication (26.222s)
[2023-11-16T08:17:21.298+0000][26.222s][info ][gc,marking    ] GC(29) Concurrent Clear Claimed Marks 0.230ms
[2023-11-16T08:17:21.298+0000][26.222s][info ][gc,marking    ] GC(29) Concurrent Scan Root Regions
[2023-11-16T08:17:21.311+0000][26.236s][info ][gc,stringdedup] Concurrent String Deduplication 986.8K->517.9K(468.9K) avg 49.2% (26.222s, 26.236s) 13.355ms
[2023-11-16T08:17:21.327+0000][26.251s][info ][gc,marking    ] GC(29) Concurrent Scan Root Regions 28.996ms
[2023-11-16T08:17:21.327+0000][26.251s][info ][gc,marking    ] GC(29) Concurrent Mark (26.251s)
[2023-11-16T08:17:21.327+0000][26.251s][info ][gc,marking    ] GC(29) Concurrent Mark From Roots
[2023-11-16T08:17:21.327+0000][26.251s][info ][gc,task       ] GC(29) Using 1 workers of 1 for marking
[2023-11-16T08:17:21.388+0000][26.313s][debug][safepoint     ] Safepoint synchronization initiated. (41 threads)
[2023-11-16T08:17:21.389+0000][26.313s][info ][safepoint     ] Application time: 0.0904587 seconds
[2023-11-16T08:17:21.389+0000][26.313s][info ][safepoint     ] Entering safepoint region: Deoptimize
[2023-11-16T08:17:21.390+0000][26.314s][info ][safepoint     ] Leaving safepoint region
[2023-11-16T08:17:21.390+0000][26.314s][info ][safepoint     ] Total time for which application threads were stopped: 0.0010695 seconds, Stopping threads took: 0.0000133 seconds
[2023-11-16T08:17:21.448+0000][26.372s][info ][gc,marking    ] GC(29) Concurrent Mark From Roots 120.667ms
[2023-11-16T08:17:21.448+0000][26.372s][info ][gc,marking    ] GC(29) Concurrent Preclean
[2023-11-16T08:17:21.448+0000][26.372s][info ][gc,marking    ] GC(29) Concurrent Preclean 0.092ms
[2023-11-16T08:17:21.448+0000][26.372s][info ][gc,marking    ] GC(29) Concurrent Mark (26.251s, 26.372s) 120.832ms
[2023-11-16T08:17:21.448+0000][26.372s][debug][safepoint     ] Safepoint synchronization initiated. (42 threads)
[2023-11-16T08:17:21.448+0000][26.372s][info ][safepoint     ] Application time: 0.0585794 seconds
[2023-11-16T08:17:21.448+0000][26.372s][debug][safepoint     ] Waiting for 1 thread(s) to block
[2023-11-16T08:17:21.448+0000][26.372s][info ][safepoint     ] Entering safepoint region: CGC_Operation
[2023-11-16T08:17:21.448+0000][26.372s][info ][gc,start      ] GC(29) Pause Remark
[2023-11-16T08:17:21.463+0000][26.387s][info ][gc,stringtable] GC(29) Cleaned string and symbol table, strings: 58934 processed, 0 removed, symbols: 331714 processed, 35 removed
[2023-11-16T08:17:21.463+0000][26.388s][info ][gc            ] GC(29) Pause Remark 144M->144M(728M) 15.150ms
[2023-11-16T08:17:21.464+0000][26.388s][info ][gc,cpu        ] GC(29) User=0.06s Sys=0.00s Real=0.01s
[2023-11-16T08:17:21.464+0000][26.388s][info ][safepoint     ] Leaving safepoint region
[2023-11-16T08:17:21.464+0000][26.388s][info ][safepoint     ] Total time for which application threads were stopped: 0.0153349 seconds, Stopping threads took: 0.0000346 seconds
[2023-11-16T08:17:21.464+0000][26.388s][info ][gc,marking    ] GC(29) Concurrent Rebuild Remembered Sets
[2023-11-16T08:17:21.543+0000][26.467s][info ][gc,marking    ] GC(29) Concurrent Rebuild Remembered Sets 79.312ms
[2023-11-16T08:17:21.543+0000][26.467s][debug][safepoint     ] Safepoint synchronization initiated. (42 threads)
[2023-11-16T08:17:21.543+0000][26.467s][info ][safepoint     ] Application time: 0.0794593 seconds
[2023-11-16T08:17:21.543+0000][26.467s][info ][safepoint     ] Entering safepoint region: CGC_Operation
[2023-11-16T08:17:21.543+0000][26.467s][info ][gc,start      ] GC(29) Pause Cleanup
[2023-11-16T08:17:21.543+0000][26.467s][info ][gc            ] GC(29) Pause Cleanup 162M->162M(728M) 0.207ms
[2023-11-16T08:17:21.543+0000][26.467s][info ][gc,cpu        ] GC(29) User=0.00s Sys=0.00s Real=0.00s
[2023-11-16T08:17:21.543+0000][26.467s][info ][safepoint     ] Leaving safepoint region
[2023-11-16T08:17:21.543+0000][26.467s][info ][safepoint     ] Total time for which application threads were stopped: 0.0003556 seconds, Stopping threads took: 0.0000168 seconds
[2023-11-16T08:17:21.543+0000][26.467s][info ][gc,marking    ] GC(29) Concurrent Cleanup for Next Mark
[2023-11-16T08:17:21.544+0000][26.468s][info ][gc,marking    ] GC(29) Concurrent Cleanup for Next Mark 0.759ms
[2023-11-16T08:17:21.544+0000][26.468s][info ][gc            ] GC(29) Concurrent Cycle 246.228ms
[2023-11-16T08:17:22.543+0000][27.468s][debug][safepoint     ] Safepoint synchronization initiated. (52 threads)
[2023-11-16T08:17:22.544+0000][27.468s][info ][safepoint     ] Application time: 1.0001443 seconds
[2023-11-16T08:17:22.544+0000][27.468s][debug][safepoint     ] ... found polling page return exception at pc = 0x00007ff17c612b75, stub =0x00007ff17483a800
[2023-11-16T08:17:22.544+0000][27.468s][debug][safepoint     ] Waiting for 1 thread(s) to block
[2023-11-16T08:17:22.544+0000][27.468s][info ][safepoint     ] Entering safepoint region: Cleanup
[2023-11-16T08:17:22.544+0000][27.468s][info ][safepoint     ] Leaving safepoint region
[2023-11-16T08:17:22.544+0000][27.468s][info ][safepoint     ] Total time for which application threads were stopped: 0.0002028 seconds, Stopping threads took: 0.0000754 seconds
[2023-11-16T08:17:22.885+0000][27.809s][debug][safepoint     ] Safepoint synchronization initiated. (52 threads)
[2023-11-16T08:17:22.885+0000][27.809s][info ][safepoint     ] Application time: 0.3414571 seconds
[2023-11-16T08:17:22.885+0000][27.809s][info ][safepoint     ] Entering safepoint region: Deoptimize
[2023-11-16T08:17:22.886+0000][27.810s][info ][safepoint     ] Leaving safepoint region
[2023-11-16T08:17:22.886+0000][27.810s][info ][safepoint     ] Total time for which application threads were stopped: 0.0011528 seconds, Stopping threads took: 0.0000175 seconds
[2023-11-16T08:17:23.262+0000][28.186s][debug][safepoint     ] Safepoint synchronization initiated. (64 threads)
[2023-11-16T08:17:23.262+0000][28.186s][info ][safepoint     ] Application time: 0.3760044 seconds
[2023-11-16T08:17:23.262+0000][28.186s][info ][safepoint     ] Entering safepoint region: G1CollectForAllocation
[2023-11-16T08:17:23.263+0000][28.187s][info ][gc,start      ] GC(30) Pause Young (Normal) (G1 Evacuation Pause)
[2023-11-16T08:17:23.263+0000][28.187s][info ][gc,task       ] GC(30) Using 4 workers of 4 for evacuation
[2023-11-16T08:17:23.303+0000][28.227s][info ][gc,phases     ] GC(30)   Pre Evacuate Collection Set: 0.0ms
[2023-11-16T08:17:23.303+0000][28.227s][info ][gc,phases     ] GC(30)   Evacuate Collection Set: 33.7ms
[2023-11-16T08:17:23.303+0000][28.227s][info ][gc,phases     ] GC(30)   Post Evacuate Collection Set: 6.5ms
[2023-11-16T08:17:23.303+0000][28.227s][info ][gc,phases     ] GC(30)   Other: 0.2ms
[2023-11-16T08:17:23.303+0000][28.227s][info ][gc,heap       ] GC(30) Eden regions: 403->0(401)
[2023-11-16T08:17:23.303+0000][28.227s][info ][gc,heap       ] GC(30) Survivor regions: 33->35(55)
[2023-11-16T08:17:23.303+0000][28.227s][info ][gc,heap       ] GC(30) Old regions: 65->73
[2023-11-16T08:17:23.303+0000][28.227s][info ][gc,heap       ] GC(30) Humongous regions: 0->0
[2023-11-16T08:17:23.303+0000][28.227s][info ][gc,metaspace  ] GC(30) Metaspace: 134124K(137692K)->134124K(137692K) NonClass: 118586K(120796K)->118586K(120796K) Class: 15538K(16896K)->15538K(16896K)
[2023-11-16T08:17:23.303+0000][28.227s][info ][gc            ] GC(30) Pause Young (Normal) (G1 Evacuation Pause) 499M->105M(728M) 40.566ms
[2023-11-16T08:17:23.303+0000][28.227s][info ][gc,cpu        ] GC(30) User=0.15s Sys=0.00s Real=0.04s
[2023-11-16T08:17:23.303+0000][28.227s][info ][safepoint     ] Leaving safepoint region
[2023-11-16T08:17:23.303+0000][28.227s][info ][safepoint     ] Total time for which application threads were stopped: 0.0408321 seconds, Stopping threads took: 0.0000190 seconds
[2023-11-16T08:17:23.303+0000][28.227s][info ][gc,stringdedup] Concurrent String Deduplication (28.227s)
[2023-11-16T08:17:23.307+0000][28.231s][info ][gc,stringdedup] Concurrent String Deduplication 590.0K->235.7K(354.2K) avg 49.7% (28.227s, 28.231s) 3.972ms
[2023-11-16T08:17:23.520+0000][28.444s][debug][safepoint     ] Safepoint synchronization initiated. (64 threads)
[2023-11-16T08:17:23.520+0000][28.444s][info ][safepoint     ] Application time: 0.2169350 seconds
[2023-11-16T08:17:23.520+0000][28.444s][info ][safepoint     ] Entering safepoint region: Deoptimize
[2023-11-16T08:17:23.521+0000][28.445s][info ][safepoint     ] Leaving safepoint region
[2023-11-16T08:17:23.521+0000][28.445s][info ][safepoint     ] Total time for which application threads were stopped: 0.0011750 seconds, Stopping threads took: 0.0000185 seconds
[2023-11-16T08:17:23.522+0000][28.446s][debug][safepoint     ] Safepoint synchronization initiated. (64 threads)
[2023-11-16T08:17:23.522+0000][28.446s][info ][safepoint     ] Application time: 0.0002199 seconds
[2023-11-16T08:17:23.522+0000][28.446s][info ][safepoint     ] Entering safepoint region: Deoptimize
[2023-11-16T08:17:23.523+0000][28.447s][info ][safepoint     ] Leaving safepoint region
[2023-11-16T08:17:23.523+0000][28.447s][info ][safepoint     ] Total time for which application threads were stopped: 0.0013095 seconds, Stopping threads took: 0.0000163 seconds
[2023-11-16T08:17:23.524+0000][28.448s][debug][safepoint     ] Safepoint synchronization initiated. (64 threads)
[2023-11-16T08:17:23.524+0000][28.448s][info ][safepoint     ] Application time: 0.0010089 seconds
[2023-11-16T08:17:23.524+0000][28.448s][info ][safepoint     ] Entering safepoint region: Deoptimize
[2023-11-16T08:17:23.525+0000][28.449s][info ][safepoint     ] Leaving safepoint region
[2023-11-16T08:17:23.525+0000][28.449s][info ][safepoint     ] Total time for which application threads were stopped: 0.0011768 seconds, Stopping threads took: 0.0000131 seconds
[2023-11-16T08:17:23.544+0000][28.468s][debug][safepoint     ] Safepoint synchronization initiated. (64 threads)
[2023-11-16T08:17:23.544+0000][28.469s][info ][safepoint     ] Application time: 0.0193176 seconds
[2023-11-16T08:17:23.544+0000][28.469s][info ][safepoint     ] Entering safepoint region: Deoptimize
[2023-11-16T08:17:23.546+0000][28.470s][info ][safepoint     ] Leaving safepoint region
[2023-11-16T08:17:23.546+0000][28.470s][info ][safepoint     ] Total time for which application threads were stopped: 0.0011797 seconds, Stopping threads took: 0.0000180 seconds
[2023-11-16T08:17:23.718+0000][28.643s][debug][safepoint     ] Safepoint synchronization initiated. (64 threads)
[2023-11-16T08:17:23.718+0000][28.643s][info ][safepoint     ] Application time: 0.1728473 seconds
[2023-11-16T08:17:23.719+0000][28.643s][info ][safepoint     ] Entering safepoint region: Deoptimize
[2023-11-16T08:17:23.720+0000][28.644s][info ][safepoint     ] Leaving safepoint region
[2023-11-16T08:17:23.720+0000][28.644s][info ][safepoint     ] Total time for which application threads were stopped: 0.0012227 seconds, Stopping threads took: 0.0000179 seconds
[2023-11-16T08:17:24.370+0000][29.295s][debug][safepoint     ] Safepoint synchronization initiated. (64 threads)
[2023-11-16T08:17:24.371+0000][29.295s][info ][safepoint     ] Application time: 0.6508007 seconds
[2023-11-16T08:17:24.371+0000][29.295s][info ][safepoint     ] Entering safepoint region: Deoptimize
[2023-11-16T08:17:24.372+0000][29.296s][info ][safepoint     ] Leaving safepoint region
[2023-11-16T08:17:24.372+0000][29.296s][info ][safepoint     ] Total time for which application threads were stopped: 0.0012023 seconds, Stopping threads took: 0.0000196 seconds
[2023-11-16T08:17:24.649+0000][29.573s][debug][safepoint     ] Safepoint synchronization initiated. (64 threads)
[2023-11-16T08:17:24.649+0000][29.573s][info ][safepoint     ] Application time: 0.2774795 seconds
[2023-11-16T08:17:24.649+0000][29.573s][info ][safepoint     ] Entering safepoint region: Deoptimize
[2023-11-16T08:17:24.650+0000][29.575s][info ][safepoint     ] Leaving safepoint region
[2023-11-16T08:17:24.651+0000][29.575s][info ][safepoint     ] Total time for which application threads were stopped: 0.0012786 seconds, Stopping threads took: 0.0000167 seconds
[2023-11-16T08:17:24.687+0000][29.611s][debug][safepoint     ] Safepoint synchronization initiated. (64 threads)
[2023-11-16T08:17:24.687+0000][29.612s][info ][safepoint     ] Application time: 0.0368927 seconds
[2023-11-16T08:17:24.687+0000][29.612s][info ][safepoint     ] Entering safepoint region: G1CollectForAllocation
[2023-11-16T08:17:24.688+0000][29.612s][info ][gc,start      ] GC(31) Pause Young (Normal) (G1 Evacuation Pause)
[2023-11-16T08:17:24.688+0000][29.612s][info ][gc,task       ] GC(31) Using 4 workers of 4 for evacuation
[2023-11-16T08:17:24.733+0000][29.657s][info ][gc,phases     ] GC(31)   Pre Evacuate Collection Set: 0.0ms
[2023-11-16T08:17:24.733+0000][29.657s][info ][gc,phases     ] GC(31)   Evacuate Collection Set: 40.7ms
[2023-11-16T08:17:24.733+0000][29.657s][info ][gc,phases     ] GC(31)   Post Evacuate Collection Set: 4.4ms
[2023-11-16T08:17:24.733+0000][29.657s][info ][gc,phases     ] GC(31)   Other: 0.3ms
[2023-11-16T08:17:24.733+0000][29.657s][info ][gc,heap       ] GC(31) Eden regions: 401->0(404)
[2023-11-16T08:17:24.733+0000][29.657s][info ][gc,heap       ] GC(31) Survivor regions: 35->32(55)
[2023-11-16T08:17:24.733+0000][29.657s][info ][gc,heap       ] GC(31) Old regions: 73->82
[2023-11-16T08:17:24.733+0000][29.657s][info ][gc,heap       ] GC(31) Humongous regions: 0->0
[2023-11-16T08:17:24.733+0000][29.657s][info ][gc,metaspace  ] GC(31) Metaspace: 138392K(142172K)->138392K(142172K) NonClass: 122263K(124636K)->122263K(124636K) Class: 16129K(17536K)->16129K(17536K)
[2023-11-16T08:17:24.733+0000][29.657s][info ][gc            ] GC(31) Pause Young (Normal) (G1 Evacuation Pause) 506M->112M(728M) 45.511ms
[2023-11-16T08:17:24.733+0000][29.657s][info ][gc,cpu        ] GC(31) User=0.13s Sys=0.00s Real=0.04s
[2023-11-16T08:17:24.733+0000][29.657s][info ][safepoint     ] Leaving safepoint region
[2023-11-16T08:17:24.733+0000][29.657s][info ][safepoint     ] Total time for which application threads were stopped: 0.0457833 seconds, Stopping threads took: 0.0000394 seconds
[2023-11-16T08:17:24.735+0000][29.659s][info ][gc,stringdedup] Concurrent String Deduplication (29.659s)
[2023-11-16T08:17:24.738+0000][29.662s][info ][gc,stringdedup] Concurrent String Deduplication 646.5K->160.4K(486.1K) avg 50.8% (29.659s, 29.662s) 3.829ms
[2023-11-16T08:17:24.744+0000][29.668s][debug][safepoint     ] Safepoint synchronization initiated. (64 threads)
[2023-11-16T08:17:24.744+0000][29.668s][info ][safepoint     ] Application time: 0.0107495 seconds
[2023-11-16T08:17:24.744+0000][29.668s][info ][safepoint     ] Entering safepoint region: Deoptimize
[2023-11-16T08:17:24.745+0000][29.669s][info ][safepoint     ] Leaving safepoint region
[2023-11-16T08:17:24.745+0000][29.669s][info ][safepoint     ] Total time for which application threads were stopped: 0.0011390 seconds, Stopping threads took: 0.0000169 seconds
[2023-11-16T08:17:25.461+0000][30.385s][debug][safepoint     ] Safepoint synchronization initiated. (69 threads)
[2023-11-16T08:17:25.461+0000][30.385s][info ][safepoint     ] Application time: 0.7156928 seconds
[2023-11-16T08:17:25.461+0000][30.385s][info ][safepoint     ] Entering safepoint region: Deoptimize
[2023-11-16T08:17:25.462+0000][30.386s][info ][safepoint     ] Leaving safepoint region
[2023-11-16T08:17:25.462+0000][30.386s][info ][safepoint     ] Total time for which application threads were stopped: 0.0012707 seconds, Stopping threads took: 0.0000209 seconds
[2023-11-16T08:17:26.144+0000][31.068s][debug][safepoint     ] Safepoint synchronization initiated. (81 threads)
[2023-11-16T08:17:26.144+0000][31.068s][info ][safepoint     ] Application time: 0.6818083 seconds
[2023-11-16T08:17:26.144+0000][31.068s][debug][safepoint     ] Waiting for 1 thread(s) to block
[2023-11-16T08:17:26.144+0000][31.068s][info ][safepoint     ] Entering safepoint region: ICBufferFull
[2023-11-16T08:17:26.144+0000][31.068s][info ][safepoint     ] Leaving safepoint region
[2023-11-16T08:17:26.144+0000][31.068s][info ][safepoint     ] Total time for which application threads were stopped: 0.0002977 seconds, Stopping threads took: 0.0000693 seconds
[2023-11-16T08:17:26.353+0000][31.277s][debug][safepoint     ] Safepoint synchronization initiated. (81 threads)
[2023-11-16T08:17:26.353+0000][31.277s][info ][safepoint     ] Application time: 0.2083274 seconds
[2023-11-16T08:17:26.353+0000][31.277s][info ][safepoint     ] Entering safepoint region: ICBufferFull
[2023-11-16T08:17:26.353+0000][31.277s][info ][safepoint     ] Leaving safepoint region
[2023-11-16T08:17:26.353+0000][31.277s][info ][safepoint     ] Total time for which application threads were stopped: 0.0002520 seconds, Stopping threads took: 0.0000224 seconds
[2023-11-16T08:17:26.635+0000][31.559s][debug][safepoint     ] Safepoint synchronization initiated. (81 threads)
[2023-11-16T08:17:26.635+0000][31.559s][info ][safepoint     ] Application time: 0.2820194 seconds
[2023-11-16T08:17:26.635+0000][31.559s][info ][safepoint     ] Entering safepoint region: G1CollectForAllocation
[2023-11-16T08:17:26.635+0000][31.559s][info ][gc,start      ] GC(32) Pause Young (Normal) (G1 Evacuation Pause)
[2023-11-16T08:17:26.635+0000][31.559s][info ][gc,task       ] GC(32) Using 4 workers of 4 for evacuation
[2023-11-16T08:17:26.685+0000][31.609s][info ][gc,phases     ] GC(32)   Pre Evacuate Collection Set: 0.0ms
[2023-11-16T08:17:26.685+0000][31.609s][info ][gc,phases     ] GC(32)   Evacuate Collection Set: 45.2ms
[2023-11-16T08:17:26.685+0000][31.609s][info ][gc,phases     ] GC(32)   Post Evacuate Collection Set: 4.2ms
[2023-11-16T08:17:26.685+0000][31.609s][info ][gc,phases     ] GC(32)   Other: 0.3ms
[2023-11-16T08:17:26.685+0000][31.609s][info ][gc,heap       ] GC(32) Eden regions: 404->0(400)
[2023-11-16T08:17:26.685+0000][31.609s][info ][gc,heap       ] GC(32) Survivor regions: 32->36(55)
[2023-11-16T08:17:26.685+0000][31.609s][info ][gc,heap       ] GC(32) Old regions: 82->88
[2023-11-16T08:17:26.685+0000][31.609s][info ][gc,heap       ] GC(32) Humongous regions: 0->0
[2023-11-16T08:17:26.685+0000][31.609s][info ][gc,metaspace  ] GC(32) Metaspace: 142909K(147164K)->142909K(147164K) NonClass: 126143K(128732K)->126143K(128732K) Class: 16765K(18432K)->16765K(18432K)
[2023-11-16T08:17:26.685+0000][31.609s][info ][gc            ] GC(32) Pause Young (Normal) (G1 Evacuation Pause) 516M->122M(728M) 49.852ms
[2023-11-16T08:17:26.685+0000][31.609s][info ][gc,cpu        ] GC(32) User=0.19s Sys=0.00s Real=0.05s
[2023-11-16T08:17:26.685+0000][31.609s][info ][safepoint     ] Leaving safepoint region
[2023-11-16T08:17:26.685+0000][31.609s][info ][safepoint     ] Total time for which application threads were stopped: 0.0501709 seconds, Stopping threads took: 0.0000218 seconds
[2023-11-16T08:17:26.695+0000][31.619s][info ][gc,stringdedup] Concurrent String Deduplication (31.619s)
[2023-11-16T08:17:26.700+0000][31.624s][info ][gc,stringdedup] Concurrent String Deduplication 771.4K->227.4K(544.1K) avg 51.7% (31.619s, 31.624s) 5.389ms
[2023-11-16T08:17:27.252+0000][32.176s][debug][safepoint     ] Safepoint synchronization initiated. (82 threads)
[2023-11-16T08:17:27.252+0000][32.176s][info ][safepoint     ] Application time: 0.5665317 seconds
[2023-11-16T08:17:27.252+0000][32.176s][info ][safepoint     ] Entering safepoint region: ICBufferFull
[2023-11-16T08:17:27.252+0000][32.176s][info ][safepoint     ] Leaving safepoint region
[2023-11-16T08:17:27.252+0000][32.176s][info ][safepoint     ] Total time for which application threads were stopped: 0.0002428 seconds, Stopping threads took: 0.0000210 seconds
[2023-11-16T08:17:27.737+0000][32.661s][debug][safepoint     ] Safepoint synchronization initiated. (82 threads)
[2023-11-16T08:17:27.737+0000][32.661s][info ][safepoint     ] Application time: 0.4854446 seconds
[2023-11-16T08:17:27.737+0000][32.661s][debug][safepoint     ] Waiting for 1 thread(s) to block
[2023-11-16T08:17:27.737+0000][32.661s][info ][safepoint     ] Entering safepoint region: ICBufferFull
[2023-11-16T08:17:27.738+0000][32.662s][info ][safepoint     ] Leaving safepoint region
[2023-11-16T08:17:27.738+0000][32.662s][info ][safepoint     ] Total time for which application threads were stopped: 0.0002442 seconds, Stopping threads took: 0.0000473 seconds
[2023-11-16T08:17:27.983+0000][32.907s][debug][safepoint     ] Safepoint synchronization initiated. (82 threads)
[2023-11-16T08:17:27.983+0000][32.907s][info ][safepoint     ] Application time: 0.2456497 seconds
[2023-11-16T08:17:27.983+0000][32.907s][debug][safepoint     ] ... found polling page return exception at pc = 0x00007ff17c600ca2, stub =0x00007ff17483a800
[2023-11-16T08:17:27.983+0000][32.907s][debug][safepoint     ] Waiting for 2 thread(s) to block
[2023-11-16T08:17:27.983+0000][32.907s][info ][safepoint     ] Entering safepoint region: Deoptimize
[2023-11-16T08:17:27.985+0000][32.909s][info ][safepoint     ] Leaving safepoint region
[2023-11-16T08:17:27.985+0000][32.909s][info ][safepoint     ] Total time for which application threads were stopped: 0.0014355 seconds, Stopping threads took: 0.0000854 seconds
[2023-11-16T08:17:28.088+0000][33.012s][debug][safepoint     ] Safepoint synchronization initiated. (82 threads)
[2023-11-16T08:17:28.088+0000][33.012s][info ][safepoint     ] Application time: 0.1032437 seconds
[2023-11-16T08:17:28.089+0000][33.013s][debug][safepoint     ] ... found polling page return exception at pc = 0x00007ff17c70363a, stub =0x00007ff17483a800
[2023-11-16T08:17:28.089+0000][33.013s][debug][safepoint     ] Waiting for 1 thread(s) to block
[2023-11-16T08:17:28.089+0000][33.013s][info ][safepoint     ] Entering safepoint region: G1CollectForAllocation
[2023-11-16T08:17:28.089+0000][33.013s][info ][gc,start      ] GC(33) Pause Young (Normal) (G1 Evacuation Pause)
[2023-11-16T08:17:28.089+0000][33.013s][info ][gc,task       ] GC(33) Using 4 workers of 4 for evacuation
[2023-11-16T08:17:28.130+0000][33.054s][info ][gc,phases     ] GC(33)   Pre Evacuate Collection Set: 0.0ms
[2023-11-16T08:17:28.130+0000][33.054s][info ][gc,phases     ] GC(33)   Evacuate Collection Set: 37.8ms
[2023-11-16T08:17:28.130+0000][33.054s][info ][gc,phases     ] GC(33)   Post Evacuate Collection Set: 2.9ms
[2023-11-16T08:17:28.130+0000][33.054s][info ][gc,phases     ] GC(33)   Other: 0.2ms
[2023-11-16T08:17:28.130+0000][33.054s][info ][gc,heap       ] GC(33) Eden regions: 400->0(402)
[2023-11-16T08:17:28.130+0000][33.054s][info ][gc,heap       ] GC(33) Survivor regions: 36->34(55)
[2023-11-16T08:17:28.130+0000][33.054s][info ][gc,heap       ] GC(33) Old regions: 88->97
[2023-11-16T08:17:28.130+0000][33.054s][info ][gc,heap       ] GC(33) Humongous regions: 0->0
[2023-11-16T08:17:28.130+0000][33.054s][info ][gc,metaspace  ] GC(33) Metaspace: 144876K(149212K)->144876K(149212K) NonClass: 127936K(130524K)->127936K(130524K) Class: 16940K(18688K)->16940K(18688K)
[2023-11-16T08:17:28.130+0000][33.054s][info ][gc            ] GC(33) Pause Young (Normal) (G1 Evacuation Pause) 522M->129M(728M) 41.084ms
[2023-11-16T08:17:28.130+0000][33.054s][info ][gc,cpu        ] GC(33) User=0.14s Sys=0.01s Real=0.04s
[2023-11-16T08:17:28.130+0000][33.054s][info ][safepoint     ] Leaving safepoint region
[2023-11-16T08:17:28.130+0000][33.054s][info ][safepoint     ] Total time for which application threads were stopped: 0.0422919 seconds, Stopping threads took: 0.0009702 seconds
[2023-11-16T08:17:28.130+0000][33.054s][info ][gc,stringdedup] Concurrent String Deduplication (33.054s)
[2023-11-16T08:17:28.133+0000][33.057s][info ][gc,stringdedup] Concurrent String Deduplication 524.8K->266.0K(258.8K) avg 51.6% (33.054s, 33.057s) 2.784ms
[2023-11-16T08:17:28.346+0000][33.271s][debug][safepoint     ] Safepoint synchronization initiated. (82 threads)
[2023-11-16T08:17:28.347+0000][33.271s][info ][safepoint     ] Application time: 0.2163091 seconds
[2023-11-16T08:17:28.347+0000][33.271s][debug][safepoint     ] ... found polling page return exception at pc = 0x00007ff17c3ef4fc, stub =0x00007ff17483a800
[2023-11-16T08:17:28.347+0000][33.271s][debug][safepoint     ] Waiting for 2 thread(s) to block
[2023-11-16T08:17:28.347+0000][33.271s][info ][safepoint     ] Entering safepoint region: Deoptimize
[2023-11-16T08:17:28.348+0000][33.272s][info ][safepoint     ] Leaving safepoint region
[2023-11-16T08:17:28.348+0000][33.272s][info ][safepoint     ] Total time for which application threads were stopped: 0.0014118 seconds, Stopping threads took: 0.0000876 seconds
[2023-11-16T08:17:28.672+0000][33.596s][debug][safepoint     ] Safepoint synchronization initiated. (85 threads)
[2023-11-16T08:17:28.672+0000][33.596s][info ][safepoint     ] Application time: 0.3239678 seconds
[2023-11-16T08:17:28.672+0000][33.596s][debug][safepoint     ] ... found polling page return exception at pc = 0x00007ff1751d1afd, stub =0x00007ff17483a800
[2023-11-16T08:17:28.672+0000][33.596s][debug][safepoint     ] Waiting for 1 thread(s) to block
[2023-11-16T08:17:28.672+0000][33.596s][info ][safepoint     ] Entering safepoint region: Deoptimize
[2023-11-16T08:17:28.673+0000][33.597s][info ][safepoint     ] Leaving safepoint region
[2023-11-16T08:17:28.673+0000][33.597s][info ][safepoint     ] Total time for which application threads were stopped: 0.0014741 seconds, Stopping threads took: 0.0000764 seconds
[2023-11-16T08:17:28.907+0000][33.831s][debug][safepoint     ] Safepoint synchronization initiated. (85 threads)
[2023-11-16T08:17:28.907+0000][33.831s][info ][safepoint     ] Application time: 0.2338285 seconds
[2023-11-16T08:17:28.907+0000][33.831s][debug][safepoint     ] ... found polling page return exception at pc = 0x00007ff1758fe327, stub =0x00007ff17483a800
[2023-11-16T08:17:28.907+0000][33.831s][debug][safepoint     ] Waiting for 1 thread(s) to block
[2023-11-16T08:17:28.907+0000][33.831s][info ][safepoint     ] Entering safepoint region: Deoptimize
[2023-11-16T08:17:28.909+0000][33.833s][info ][safepoint     ] Leaving safepoint region
[2023-11-16T08:17:28.909+0000][33.833s][info ][safepoint     ] Total time for which application threads were stopped: 0.0013443 seconds, Stopping threads took: 0.0000743 seconds
[2023-11-16T08:17:29.108+0000][34.032s][debug][safepoint     ] Safepoint synchronization initiated. (102 threads)
[2023-11-16T08:17:29.108+0000][34.032s][info ][safepoint     ] Application time: 0.1997341 seconds
[2023-11-16T08:17:29.108+0000][34.032s][info ][safepoint     ] Entering safepoint region: G1CollectForAllocation
[2023-11-16T08:17:29.109+0000][34.033s][info ][gc,start      ] GC(34) Pause Young (Normal) (G1 Evacuation Pause)
[2023-11-16T08:17:29.109+0000][34.033s][info ][gc,task       ] GC(34) Using 4 workers of 4 for evacuation
[2023-11-16T08:17:29.144+0000][34.068s][info ][gc,phases     ] GC(34)   Pre Evacuate Collection Set: 0.0ms
[2023-11-16T08:17:29.144+0000][34.068s][info ][gc,phases     ] GC(34)   Evacuate Collection Set: 31.8ms
[2023-11-16T08:17:29.144+0000][34.068s][info ][gc,phases     ] GC(34)   Post Evacuate Collection Set: 3.3ms
[2023-11-16T08:17:29.144+0000][34.068s][info ][gc,phases     ] GC(34)   Other: 0.2ms
[2023-11-16T08:17:29.144+0000][34.068s][info ][gc,heap       ] GC(34) Eden regions: 402->0(404)
[2023-11-16T08:17:29.144+0000][34.068s][info ][gc,heap       ] GC(34) Survivor regions: 34->32(55)
[2023-11-16T08:17:29.144+0000][34.068s][info ][gc,heap       ] GC(34) Old regions: 97->107
[2023-11-16T08:17:29.144+0000][34.068s][info ][gc,heap       ] GC(34) Humongous regions: 0->0
[2023-11-16T08:17:29.144+0000][34.068s][info ][gc,metaspace  ] GC(34) Metaspace: 149314K(153948K)->149314K(153948K) NonClass: 131787K(134620K)->131787K(134620K) Class: 17526K(19328K)->17526K(19328K)
[2023-11-16T08:17:29.144+0000][34.068s][info ][gc            ] GC(34) Pause Young (Normal) (G1 Evacuation Pause) 531M->137M(728M) 35.469ms
[2023-11-16T08:17:29.144+0000][34.068s][info ][gc,cpu        ] GC(34) User=0.13s Sys=0.01s Real=0.03s
[2023-11-16T08:17:29.144+0000][34.068s][info ][safepoint     ] Leaving safepoint region
[2023-11-16T08:17:29.144+0000][34.068s][info ][safepoint     ] Total time for which application threads were stopped: 0.0357587 seconds, Stopping threads took: 0.0000260 seconds
[2023-11-16T08:17:29.151+0000][34.076s][info ][gc,stringdedup] Concurrent String Deduplication (34.076s)
[2023-11-16T08:17:29.159+0000][34.083s][info ][gc,stringdedup] Concurrent String Deduplication 850.5K->241.3K(609.2K) avg 52.6% (34.076s, 34.083s) 7.284ms
[2023-11-16T08:17:30.144+0000][35.068s][debug][safepoint     ] Safepoint synchronization initiated. (102 threads)
[2023-11-16T08:17:30.144+0000][35.068s][info ][safepoint     ] Application time: 1.0001360 seconds
[2023-11-16T08:17:30.144+0000][35.068s][debug][safepoint     ] ... found polling page return exception at pc = 0x00007ff17c3ef4fc, stub =0x00007ff17483a800
[2023-11-16T08:17:30.144+0000][35.068s][debug][safepoint     ] Waiting for 1 thread(s) to block
[2023-11-16T08:17:30.144+0000][35.068s][info ][safepoint     ] Entering safepoint region: Cleanup
[2023-11-16T08:17:30.145+0000][35.069s][info ][safepoint     ] Leaving safepoint region
[2023-11-16T08:17:30.145+0000][35.069s][info ][safepoint     ] Total time for which application threads were stopped: 0.0003031 seconds, Stopping threads took: 0.0000931 seconds
[2023-11-16T08:17:30.231+0000][35.155s][debug][safepoint     ] Safepoint synchronization initiated. (102 threads)
[2023-11-16T08:17:30.231+0000][35.155s][info ][safepoint     ] Application time: 0.0861312 seconds
[2023-11-16T08:17:30.231+0000][35.155s][info ][safepoint     ] Entering safepoint region: G1CollectForAllocation
[2023-11-16T08:17:30.231+0000][35.155s][info ][gc,start      ] GC(35) Pause Young (Normal) (G1 Evacuation Pause)
[2023-11-16T08:17:30.231+0000][35.155s][info ][gc,task       ] GC(35) Using 4 workers of 4 for evacuation
[2023-11-16T08:17:30.270+0000][35.194s][info ][gc,phases     ] GC(35)   Pre Evacuate Collection Set: 0.0ms
[2023-11-16T08:17:30.270+0000][35.194s][info ][gc,phases     ] GC(35)   Evacuate Collection Set: 35.6ms
[2023-11-16T08:17:30.270+0000][35.194s][info ][gc,phases     ] GC(35)   Post Evacuate Collection Set: 3.5ms
[2023-11-16T08:17:30.270+0000][35.194s][info ][gc,phases     ] GC(35)   Other: 0.2ms
[2023-11-16T08:17:30.270+0000][35.194s][info ][gc,heap       ] GC(35) Eden regions: 404->0(406)
[2023-11-16T08:17:30.270+0000][35.194s][info ][gc,heap       ] GC(35) Survivor regions: 32->30(55)
[2023-11-16T08:17:30.270+0000][35.194s][info ][gc,heap       ] GC(35) Old regions: 107->113
[2023-11-16T08:17:30.270+0000][35.194s][info ][gc,heap       ] GC(35) Humongous regions: 0->0
[2023-11-16T08:17:30.270+0000][35.194s][info ][gc,metaspace  ] GC(35) Metaspace: 149664K(154204K)->149664K(154204K) NonClass: 132095K(134876K)->132095K(134876K) Class: 17568K(19328K)->17568K(19328K)
[2023-11-16T08:17:30.270+0000][35.194s][info ][gc            ] GC(35) Pause Young (Normal) (G1 Evacuation Pause) 541M->141M(728M) 39.444ms
[2023-11-16T08:17:30.270+0000][35.194s][info ][gc,cpu        ] GC(35) User=0.12s Sys=0.00s Real=0.04s
[2023-11-16T08:17:30.270+0000][35.194s][info ][safepoint     ] Leaving safepoint region
[2023-11-16T08:17:30.270+0000][35.194s][info ][safepoint     ] Total time for which application threads were stopped: 0.0396966 seconds, Stopping threads took: 0.0000458 seconds
[2023-11-16T08:17:30.271+0000][35.195s][info ][gc,stringdedup] Concurrent String Deduplication (35.195s)
[2023-11-16T08:17:30.274+0000][35.199s][info ][gc,stringdedup] Concurrent String Deduplication 762.9K->270.9K(492.0K) avg 53.1% (35.195s, 35.199s) 3.904ms
[2023-11-16T08:17:30.331+0000][35.255s][debug][safepoint     ] Safepoint synchronization initiated. (102 threads)
[2023-11-16T08:17:30.331+0000][35.255s][info ][safepoint     ] Application time: 0.0605955 seconds
[2023-11-16T08:17:30.331+0000][35.255s][info ][safepoint     ] Entering safepoint region: Deoptimize
[2023-11-16T08:17:30.332+0000][35.256s][info ][safepoint     ] Leaving safepoint region
[2023-11-16T08:17:30.332+0000][35.256s][info ][safepoint     ] Total time for which application threads were stopped: 0.0013877 seconds, Stopping threads took: 0.0000235 seconds
[2023-11-16T08:17:31.174+0000][36.098s][debug][safepoint     ] Safepoint synchronization initiated. (102 threads)
[2023-11-16T08:17:31.174+0000][36.098s][info ][safepoint     ] Application time: 0.8412112 seconds
[2023-11-16T08:17:31.174+0000][36.098s][info ][safepoint     ] Entering safepoint region: G1CollectForAllocation
[2023-11-16T08:17:31.174+0000][36.098s][info ][gc,start      ] GC(36) Pause Young (Normal) (G1 Evacuation Pause)
[2023-11-16T08:17:31.174+0000][36.098s][info ][gc,task       ] GC(36) Using 4 workers of 4 for evacuation
[2023-11-16T08:17:31.210+0000][36.134s][info ][gc,phases     ] GC(36)   Pre Evacuate Collection Set: 0.0ms
[2023-11-16T08:17:31.210+0000][36.135s][info ][gc,phases     ] GC(36)   Evacuate Collection Set: 32.6ms
[2023-11-16T08:17:31.210+0000][36.135s][info ][gc,phases     ] GC(36)   Post Evacuate Collection Set: 3.7ms
[2023-11-16T08:17:31.210+0000][36.135s][info ][gc,phases     ] GC(36)   Other: 0.2ms
[2023-11-16T08:17:31.210+0000][36.135s][info ][gc,heap       ] GC(36) Eden regions: 406->0(413)
[2023-11-16T08:17:31.211+0000][36.135s][info ][gc,heap       ] GC(36) Survivor regions: 30->23(55)
[2023-11-16T08:17:31.211+0000][36.135s][info ][gc,heap       ] GC(36) Old regions: 113->124
[2023-11-16T08:17:31.211+0000][36.135s][info ][gc,heap       ] GC(36) Humongous regions: 0->0
[2023-11-16T08:17:31.211+0000][36.135s][info ][gc,metaspace  ] GC(36) Metaspace: 149794K(154460K)->149794K(154460K) NonClass: 132216K(135132K)->132216K(135132K) Class: 17578K(19328K)->17578K(19328K)
[2023-11-16T08:17:31.211+0000][36.135s][info ][gc            ] GC(36) Pause Young (Normal) (G1 Evacuation Pause) 547M->144M(728M) 36.679ms
[2023-11-16T08:17:31.211+0000][36.135s][info ][gc,cpu        ] GC(36) User=0.14s Sys=0.00s Real=0.04s
[2023-11-16T08:17:31.211+0000][36.135s][info ][safepoint     ] Leaving safepoint region
[2023-11-16T08:17:31.211+0000][36.135s][info ][safepoint     ] Total time for which application threads were stopped: 0.0369951 seconds, Stopping threads took: 0.0000309 seconds
[2023-11-16T08:17:31.211+0000][36.135s][info ][gc,stringdedup] Concurrent String Deduplication (36.135s)
[2023-11-16T08:17:31.216+0000][36.140s][info ][gc,stringdedup] Concurrent String Deduplication 865.1K->402.3K(462.8K) avg 53.2% (36.135s, 36.140s) 5.591ms
[2023-11-16T08:17:31.572+0000][36.496s][debug][safepoint     ] Safepoint synchronization initiated. (106 threads)
[2023-11-16T08:17:31.572+0000][36.497s][info ][safepoint     ] Application time: 0.3618053 seconds
[2023-11-16T08:17:31.572+0000][36.497s][info ][safepoint     ] Entering safepoint region: Deoptimize
[2023-11-16T08:17:31.574+0000][36.498s][info ][safepoint     ] Leaving safepoint region
[2023-11-16T08:17:31.574+0000][36.498s][info ][safepoint     ] Total time for which application threads were stopped: 0.0014124 seconds, Stopping threads took: 0.0000240 seconds
[2023-11-16T08:17:31.887+0000][36.811s][debug][safepoint     ] Safepoint synchronization initiated. (140 threads)
[2023-11-16T08:17:31.887+0000][36.811s][info ][safepoint     ] Application time: 0.3132374 seconds
[2023-11-16T08:17:31.887+0000][36.811s][debug][safepoint     ] Waiting for 2 thread(s) to block
[2023-11-16T08:17:31.887+0000][36.811s][info ][safepoint     ] Entering safepoint region: ICBufferFull
[2023-11-16T08:17:31.887+0000][36.812s][info ][safepoint     ] Leaving safepoint region
[2023-11-16T08:17:31.887+0000][36.812s][info ][safepoint     ] Total time for which application threads were stopped: 0.0003312 seconds, Stopping threads took: 0.0001034 seconds
[2023-11-16T08:17:31.902+0000][36.826s][debug][safepoint     ] Safepoint synchronization initiated. (144 threads)
[2023-11-16T08:17:31.902+0000][36.826s][info ][safepoint     ] Application time: 0.0141953 seconds
[2023-11-16T08:17:31.902+0000][36.826s][debug][safepoint     ] ... found polling page return exception at pc = 0x00007ff174ffd13a, stub =0x00007ff17483a800
[2023-11-16T08:17:31.902+0000][36.826s][debug][safepoint     ] Waiting for 2 thread(s) to block
[2023-11-16T08:17:31.902+0000][36.826s][info ][safepoint     ] Entering safepoint region: Deoptimize
[2023-11-16T08:17:31.903+0000][36.827s][info ][safepoint     ] Leaving safepoint region
[2023-11-16T08:17:31.903+0000][36.827s][info ][safepoint     ] Total time for which application threads were stopped: 0.0016362 seconds, Stopping threads took: 0.0001812 seconds
[2023-11-16T08:17:32.028+0000][36.952s][debug][safepoint     ] Safepoint synchronization initiated. (161 threads)
[2023-11-16T08:17:32.028+0000][36.952s][info ][safepoint     ] Application time: 0.1247901 seconds
[2023-11-16T08:17:32.028+0000][36.952s][debug][safepoint     ] Waiting for 1 thread(s) to block
[2023-11-16T08:17:32.028+0000][36.952s][info ][safepoint     ] Entering safepoint region: Deoptimize
[2023-11-16T08:17:32.030+0000][36.954s][info ][safepoint     ] Leaving safepoint region
[2023-11-16T08:17:32.030+0000][36.954s][info ][safepoint     ] Total time for which application threads were stopped: 0.0015082 seconds, Stopping threads took: 0.0000493 seconds
[2023-11-16T08:17:33.030+0000][37.954s][debug][safepoint     ] Safepoint synchronization initiated. (196 threads)
[2023-11-16T08:17:33.030+0000][37.954s][info ][safepoint     ] Application time: 1.0001187 seconds
[2023-11-16T08:17:33.030+0000][37.954s][info ][safepoint     ] Entering safepoint region: Cleanup
[2023-11-16T08:17:33.030+0000][37.954s][info ][safepoint     ] Leaving safepoint region
[2023-11-16T08:17:33.030+0000][37.954s][info ][safepoint     ] Total time for which application threads were stopped: 0.0001850 seconds, Stopping threads took: 0.0000372 seconds
[2023-11-16T08:17:34.030+0000][38.954s][debug][safepoint     ] Safepoint synchronization initiated. (196 threads)
[2023-11-16T08:17:34.030+0000][38.954s][info ][safepoint     ] Application time: 1.0001109 seconds
[2023-11-16T08:17:34.030+0000][38.954s][info ][safepoint     ] Entering safepoint region: Cleanup
[2023-11-16T08:17:34.030+0000][38.954s][info ][safepoint     ] Leaving safepoint region
[2023-11-16T08:17:34.030+0000][38.954s][info ][safepoint     ] Total time for which application threads were stopped: 0.0001682 seconds, Stopping threads took: 0.0000365 seconds
[2023-11-16T08:17:35.030+0000][39.954s][debug][safepoint     ] Safepoint synchronization initiated. (196 threads)
[2023-11-16T08:17:35.030+0000][39.954s][info ][safepoint     ] Application time: 1.0001153 seconds
[2023-11-16T08:17:35.030+0000][39.954s][info ][safepoint     ] Entering safepoint region: Cleanup
[2023-11-16T08:17:35.031+0000][39.955s][info ][safepoint     ] Leaving safepoint region
[2023-11-16T08:17:35.031+0000][39.955s][info ][safepoint     ] Total time for which application threads were stopped: 0.0001709 seconds, Stopping threads took: 0.0000375 seconds
[2023-11-16T08:17:36.031+0000][40.955s][debug][safepoint     ] Safepoint synchronization initiated. (196 threads)
[2023-11-16T08:17:36.031+0000][40.955s][info ][safepoint     ] Application time: 1.0001157 seconds
[2023-11-16T08:17:36.031+0000][40.955s][info ][safepoint     ] Entering safepoint region: Cleanup
[2023-11-16T08:17:36.031+0000][40.955s][info ][safepoint     ] Leaving safepoint region
[2023-11-16T08:17:36.031+0000][40.955s][info ][safepoint     ] Total time for which application threads were stopped: 0.0001965 seconds, Stopping threads took: 0.0000393 seconds
[2023-11-16T08:17:37.031+0000][41.955s][debug][safepoint     ] Safepoint synchronization initiated. (196 threads)
[2023-11-16T08:17:37.031+0000][41.955s][info ][safepoint     ] Application time: 1.0001153 seconds
[2023-11-16T08:17:37.031+0000][41.955s][info ][safepoint     ] Entering safepoint region: Cleanup
[2023-11-16T08:17:37.031+0000][41.955s][info ][safepoint     ] Leaving safepoint region
[2023-11-16T08:17:37.031+0000][41.955s][info ][safepoint     ] Total time for which application threads were stopped: 0.0001992 seconds, Stopping threads took: 0.0000393 seconds
[2023-11-16T08:17:38.031+0000][42.955s][debug][safepoint     ] Safepoint synchronization initiated. (197 threads)
[2023-11-16T08:17:38.031+0000][42.955s][info ][safepoint     ] Application time: 1.0001318 seconds
[2023-11-16T08:17:38.031+0000][42.955s][info ][safepoint     ] Entering safepoint region: Cleanup
[2023-11-16T08:17:38.032+0000][42.956s][info ][safepoint     ] Leaving safepoint region
[2023-11-16T08:17:38.032+0000][42.956s][info ][safepoint     ] Total time for which application threads were stopped: 0.0001850 seconds, Stopping threads took: 0.0000362 seconds
[2023-11-16T08:17:39.032+0000][43.956s][debug][safepoint     ] Safepoint synchronization initiated. (197 threads)
[2023-11-16T08:17:39.032+0000][43.956s][info ][safepoint     ] Application time: 1.0001307 seconds
[2023-11-16T08:17:39.032+0000][43.956s][info ][safepoint     ] Entering safepoint region: Cleanup
[2023-11-16T08:17:39.032+0000][43.956s][info ][safepoint     ] Leaving safepoint region
[2023-11-16T08:17:39.032+0000][43.956s][info ][safepoint     ] Total time for which application threads were stopped: 0.0001803 seconds, Stopping threads took: 0.0000367 seconds
[2023-11-16T08:17:40.032+0000][44.956s][debug][safepoint     ] Safepoint synchronization initiated. (197 threads)
[2023-11-16T08:17:40.032+0000][44.956s][info ][safepoint     ] Application time: 1.0001354 seconds
[2023-11-16T08:17:40.032+0000][44.956s][info ][safepoint     ] Entering safepoint region: Cleanup
[2023-11-16T08:17:40.032+0000][44.956s][info ][safepoint     ] Leaving safepoint region
[2023-11-16T08:17:40.032+0000][44.956s][info ][safepoint     ] Total time for which application threads were stopped: 0.0001878 seconds, Stopping threads took: 0.0000361 seconds
[2023-11-16T08:17:41.032+0000][45.956s][debug][safepoint     ] Safepoint synchronization initiated. (197 threads)
[2023-11-16T08:17:41.032+0000][45.956s][info ][safepoint     ] Application time: 1.0001537 seconds
[2023-11-16T08:17:41.032+0000][45.957s][info ][safepoint     ] Entering safepoint region: Cleanup
[2023-11-16T08:17:41.033+0000][45.957s][info ][safepoint     ] Leaving safepoint region
[2023-11-16T08:17:41.033+0000][45.957s][info ][safepoint     ] Total time for which application threads were stopped: 0.0001899 seconds, Stopping threads took: 0.0000368 seconds
[2023-11-16T08:17:42.033+0000][46.957s][debug][safepoint     ] Safepoint synchronization initiated. (197 threads)
[2023-11-16T08:17:42.033+0000][46.957s][info ][safepoint     ] Application time: 1.0001219 seconds
[2023-11-16T08:17:42.033+0000][46.957s][info ][safepoint     ] Entering safepoint region: Cleanup
[2023-11-16T08:17:42.033+0000][46.957s][info ][safepoint     ] Leaving safepoint region
[2023-11-16T08:17:42.033+0000][46.957s][info ][safepoint     ] Total time for which application threads were stopped: 0.0001676 seconds, Stopping threads took: 0.0000406 seconds
[2023-11-16T08:17:43.033+0000][47.957s][debug][safepoint     ] Safepoint synchronization initiated. (197 threads)
[2023-11-16T08:17:43.033+0000][47.957s][info ][safepoint     ] Application time: 1.0001702 seconds
[2023-11-16T08:17:43.033+0000][47.957s][info ][safepoint     ] Entering safepoint region: Cleanup
[2023-11-16T08:17:43.033+0000][47.957s][info ][safepoint     ] Leaving safepoint region
[2023-11-16T08:17:43.033+0000][47.957s][info ][safepoint     ] Total time for which application threads were stopped: 0.0002723 seconds, Stopping threads took: 0.0000379 seconds
[2023-11-16T08:17:47.034+0000][51.958s][debug][safepoint     ] Safepoint synchronization initiated. (197 threads)
[2023-11-16T08:17:47.034+0000][51.958s][info ][safepoint     ] Application time: 4.0003553 seconds
[2023-11-16T08:17:47.034+0000][51.958s][info ][safepoint     ] Entering safepoint region: Cleanup
[2023-11-16T08:17:47.034+0000][51.958s][info ][safepoint     ] Leaving safepoint region
[2023-11-16T08:17:47.034+0000][51.958s][info ][safepoint     ] Total time for which application threads were stopped: 0.0001925 seconds, Stopping threads took: 0.0000426 seconds
[2023-11-16T08:17:48.034+0000][52.958s][debug][safepoint     ] Safepoint synchronization initiated. (198 threads)
[2023-11-16T08:17:48.034+0000][52.958s][info ][safepoint     ] Application time: 1.0001146 seconds
[2023-11-16T08:17:48.034+0000][52.958s][info ][safepoint     ] Entering safepoint region: Cleanup
[2023-11-16T08:17:48.034+0000][52.958s][info ][safepoint     ] Leaving safepoint region
[2023-11-16T08:17:48.034+0000][52.958s][info ][safepoint     ] Total time for which application threads were stopped: 0.0002015 seconds, Stopping threads took: 0.0000371 seconds
[2023-11-16T08:17:48.942+0000][53.866s][debug][safepoint     ] Safepoint synchronization initiated. (198 threads)
[2023-11-16T08:17:48.942+0000][53.866s][info ][safepoint     ] Application time: 0.9073600 seconds
[2023-11-16T08:17:48.942+0000][53.866s][info ][safepoint     ] Entering safepoint region: Deoptimize
[2023-11-16T08:17:48.943+0000][53.867s][info ][safepoint     ] Leaving safepoint region
[2023-11-16T08:17:48.943+0000][53.867s][info ][safepoint     ] Total time for which application threads were stopped: 0.0015935 seconds, Stopping threads took: 0.0000352 seconds
[2023-11-16T08:17:49.664+0000][54.588s][debug][safepoint     ] Safepoint synchronization initiated. (198 threads)
[2023-11-16T08:17:49.664+0000][54.588s][info ][safepoint     ] Application time: 0.7208532 seconds
[2023-11-16T08:17:49.664+0000][54.588s][info ][safepoint     ] Entering safepoint region: ICBufferFull
[2023-11-16T08:17:49.664+0000][54.588s][info ][safepoint     ] Leaving safepoint region
[2023-11-16T08:17:49.664+0000][54.589s][info ][safepoint     ] Total time for which application threads were stopped: 0.0003174 seconds, Stopping threads took: 0.0000370 seconds
[2023-11-16T08:17:50.160+0000][55.084s][debug][safepoint     ] Safepoint synchronization initiated. (198 threads)
[2023-11-16T08:17:50.160+0000][55.084s][info ][safepoint     ] Application time: 0.4956055 seconds
[2023-11-16T08:17:50.160+0000][55.084s][info ][safepoint     ] Entering safepoint region: ICBufferFull
[2023-11-16T08:17:50.160+0000][55.084s][info ][safepoint     ] Leaving safepoint region
[2023-11-16T08:17:50.160+0000][55.084s][info ][safepoint     ] Total time for which application threads were stopped: 0.0002878 seconds, Stopping threads took: 0.0000374 seconds
[2023-11-16T08:17:50.169+0000][55.093s][debug][safepoint     ] Safepoint synchronization initiated. (198 threads)
[2023-11-16T08:17:50.169+0000][55.093s][info ][safepoint     ] Application time: 0.0088930 seconds
[2023-11-16T08:17:50.169+0000][55.093s][info ][safepoint     ] Entering safepoint region: ICBufferFull
[2023-11-16T08:17:50.170+0000][55.094s][info ][safepoint     ] Leaving safepoint region
[2023-11-16T08:17:50.170+0000][55.094s][info ][safepoint     ] Total time for which application threads were stopped: 0.0003512 seconds, Stopping threads took: 0.0000341 seconds
[2023-11-16T08:17:50.222+0000][55.146s][debug][safepoint     ] Safepoint synchronization initiated. (199 threads)
[2023-11-16T08:17:50.222+0000][55.146s][info ][safepoint     ] Application time: 0.0521586 seconds
[2023-11-16T08:17:50.222+0000][55.146s][debug][safepoint     ] Waiting for 1 thread(s) to block
[2023-11-16T08:17:50.222+0000][55.146s][info ][safepoint     ] Entering safepoint region: ICBufferFull
[2023-11-16T08:17:50.222+0000][55.146s][info ][safepoint     ] Leaving safepoint region
[2023-11-16T08:17:50.222+0000][55.146s][info ][safepoint     ] Total time for which application threads were stopped: 0.0004170 seconds, Stopping threads took: 0.0001577 seconds
[2023-11-16T08:17:50.829+0000][55.753s][debug][safepoint     ] Safepoint synchronization initiated. (200 threads)
[2023-11-16T08:17:50.829+0000][55.753s][info ][safepoint     ] Application time: 0.6069293 seconds
[2023-11-16T08:17:50.829+0000][55.753s][info ][safepoint     ] Entering safepoint region: ICBufferFull
[2023-11-16T08:17:50.829+0000][55.754s][info ][safepoint     ] Leaving safepoint region
[2023-11-16T08:17:50.829+0000][55.754s][info ][safepoint     ] Total time for which application threads were stopped: 0.0002987 seconds, Stopping threads took: 0.0000360 seconds
[2023-11-16T08:17:51.830+0000][56.754s][debug][safepoint     ] Safepoint synchronization initiated. (201 threads)
[2023-11-16T08:17:51.830+0000][56.754s][info ][safepoint     ] Application time: 1.0001386 seconds
[2023-11-16T08:17:51.830+0000][56.754s][info ][safepoint     ] Entering safepoint region: Cleanup
[2023-11-16T08:17:51.830+0000][56.754s][info ][safepoint     ] Leaving safepoint region
[2023-11-16T08:17:51.830+0000][56.754s][info ][safepoint     ] Total time for which application threads were stopped: 0.0003667 seconds, Stopping threads took: 0.0000504 seconds
[2023-11-16T08:17:52.830+0000][57.754s][debug][safepoint     ] Safepoint synchronization initiated. (203 threads)
[2023-11-16T08:17:52.830+0000][57.754s][info ][safepoint     ] Application time: 1.0001331 seconds
[2023-11-16T08:17:52.830+0000][57.754s][info ][safepoint     ] Entering safepoint region: Cleanup
[2023-11-16T08:17:52.831+0000][57.755s][info ][safepoint     ] Leaving safepoint region
[2023-11-16T08:17:52.831+0000][57.755s][info ][safepoint     ] Total time for which application threads were stopped: 0.0010529 seconds, Stopping threads took: 0.0007223 seconds
[2023-11-16T08:17:56.832+0000][61.756s][debug][safepoint     ] Safepoint synchronization initiated. (202 threads)
[2023-11-16T08:17:56.832+0000][61.756s][info ][safepoint     ] Application time: 4.0004200 seconds
[2023-11-16T08:17:56.832+0000][61.756s][info ][safepoint     ] Entering safepoint region: Cleanup
[2023-11-16T08:17:56.832+0000][61.756s][info ][safepoint     ] Leaving safepoint region
[2023-11-16T08:17:56.832+0000][61.756s][info ][safepoint     ] Total time for which application threads were stopped: 0.0003610 seconds, Stopping threads took: 0.0000522 seconds
[2023-11-16T08:18:02.833+0000][67.757s][debug][safepoint     ] Safepoint synchronization initiated. (203 threads)
[2023-11-16T08:18:02.833+0000][67.757s][info ][safepoint     ] Application time: 6.0005674 seconds
[2023-11-16T08:18:02.833+0000][67.757s][info ][safepoint     ] Entering safepoint region: Cleanup
[2023-11-16T08:18:02.833+0000][67.757s][info ][safepoint     ] Leaving safepoint region
[2023-11-16T08:18:02.833+0000][67.757s][info ][safepoint     ] Total time for which application threads were stopped: 0.0003417 seconds, Stopping threads took: 0.0000518 seconds
[2023-11-16T08:18:04.833+0000][69.757s][debug][safepoint     ] Safepoint synchronization initiated. (202 threads)
[2023-11-16T08:18:04.833+0000][69.757s][info ][safepoint     ] Application time: 2.0002514 seconds
[2023-11-16T08:18:04.833+0000][69.757s][info ][safepoint     ] Entering safepoint region: Cleanup
[2023-11-16T08:18:04.834+0000][69.758s][info ][safepoint     ] Leaving safepoint region
[2023-11-16T08:18:04.834+0000][69.758s][info ][safepoint     ] Total time for which application threads were stopped: 0.0003457 seconds, Stopping threads took: 0.0000513 seconds
[2023-11-16T08:18:17.835+0000][82.759s][debug][safepoint     ] Safepoint synchronization initiated. (203 threads)
[2023-11-16T08:18:17.835+0000][82.759s][info ][safepoint     ] Application time: 13.0012448 seconds
[2023-11-16T08:18:17.835+0000][82.759s][info ][safepoint     ] Entering safepoint region: Cleanup
[2023-11-16T08:18:17.835+0000][82.759s][info ][safepoint     ] Leaving safepoint region
[2023-11-16T08:18:17.835+0000][82.759s][info ][safepoint     ] Total time for which application threads were stopped: 0.0003320 seconds, Stopping threads took: 0.0000545 seconds
[2023-11-16T08:18:18.835+0000][83.759s][debug][safepoint     ] Safepoint synchronization initiated. (203 threads)
[2023-11-16T08:18:18.835+0000][83.759s][info ][safepoint     ] Application time: 1.0001510 seconds
[2023-11-16T08:18:18.835+0000][83.760s][info ][safepoint     ] Entering safepoint region: Cleanup
[2023-11-16T08:18:18.836+0000][83.760s][info ][safepoint     ] Leaving safepoint region
[2023-11-16T08:18:18.836+0000][83.760s][info ][safepoint     ] Total time for which application threads were stopped: 0.0002815 seconds, Stopping threads took: 0.0000787 seconds
[2023-11-16T08:18:21.836+0000][86.760s][debug][safepoint     ] Safepoint synchronization initiated. (203 threads)
[2023-11-16T08:18:21.836+0000][86.760s][info ][safepoint     ] Application time: 3.0003272 seconds
[2023-11-16T08:18:21.836+0000][86.760s][info ][safepoint     ] Entering safepoint region: Cleanup
[2023-11-16T08:18:21.836+0000][86.760s][info ][safepoint     ] Leaving safepoint region
[2023-11-16T08:18:21.836+0000][86.760s][info ][safepoint     ] Total time for which application threads were stopped: 0.0002502 seconds, Stopping threads took: 0.0000594 seconds
[2023-11-16T08:18:22.836+0000][87.761s][debug][safepoint     ] Safepoint synchronization initiated. (203 threads)
[2023-11-16T08:18:22.837+0000][87.761s][info ][safepoint     ] Application time: 1.0001703 seconds
[2023-11-16T08:18:22.837+0000][87.761s][info ][safepoint     ] Entering safepoint region: Cleanup
[2023-11-16T08:18:22.837+0000][87.761s][info ][safepoint     ] Leaving safepoint region
[2023-11-16T08:18:22.837+0000][87.761s][info ][safepoint     ] Total time for which application threads were stopped: 0.0008105 seconds, Stopping threads took: 0.0005935 seconds
[2023-11-16T08:18:24.838+0000][89.762s][debug][safepoint     ] Safepoint synchronization initiated. (203 threads)
[2023-11-16T08:18:24.838+0000][89.762s][info ][safepoint     ] Application time: 2.0002573 seconds
[2023-11-16T08:18:24.838+0000][89.762s][info ][safepoint     ] Entering safepoint region: Cleanup
[2023-11-16T08:18:24.838+0000][89.762s][info ][safepoint     ] Leaving safepoint region
[2023-11-16T08:18:24.838+0000][89.762s][info ][safepoint     ] Total time for which application threads were stopped: 0.0003491 seconds, Stopping threads took: 0.0000545 seconds
[2023-11-16T08:18:25.838+0000][90.762s][debug][safepoint     ] Safepoint synchronization initiated. (203 threads)
[2023-11-16T08:18:25.838+0000][90.762s][info ][safepoint     ] Application time: 1.0001747 seconds
[2023-11-16T08:18:25.838+0000][90.762s][info ][safepoint     ] Entering safepoint region: Cleanup
[2023-11-16T08:18:25.838+0000][90.763s][info ][safepoint     ] Leaving safepoint region
[2023-11-16T08:18:25.839+0000][90.763s][info ][safepoint     ] Total time for which application threads were stopped: 0.0003199 seconds, Stopping threads took: 0.0000550 seconds
[2023-11-16T08:18:27.839+0000][92.763s][debug][safepoint     ] Safepoint synchronization initiated. (203 threads)
[2023-11-16T08:18:27.839+0000][92.763s][info ][safepoint     ] Application time: 2.0002415 seconds
[2023-11-16T08:18:27.839+0000][92.763s][info ][safepoint     ] Entering safepoint region: Cleanup
[2023-11-16T08:18:27.840+0000][92.764s][info ][safepoint     ] Leaving safepoint region
[2023-11-16T08:18:27.840+0000][92.764s][info ][safepoint     ] Total time for which application threads were stopped: 0.0008803 seconds, Stopping threads took: 0.0006441 seconds
[2023-11-16T08:18:30.840+0000][95.764s][debug][safepoint     ] Safepoint synchronization initiated. (203 threads)
[2023-11-16T08:18:30.840+0000][95.764s][info ][safepoint     ] Application time: 3.0003234 seconds
[2023-11-16T08:18:30.840+0000][95.764s][info ][safepoint     ] Entering safepoint region: Cleanup
[2023-11-16T08:18:30.840+0000][95.764s][info ][safepoint     ] Leaving safepoint region
[2023-11-16T08:18:30.840+0000][95.764s][info ][safepoint     ] Total time for which application threads were stopped: 0.0003605 seconds, Stopping threads took: 0.0000539 seconds
[2023-11-16T08:18:31.840+0000][96.765s][debug][safepoint     ] Safepoint synchronization initiated. (201 threads)
[2023-11-16T08:18:31.841+0000][96.765s][info ][safepoint     ] Application time: 1.0001503 seconds
[2023-11-16T08:18:31.841+0000][96.765s][info ][safepoint     ] Entering safepoint region: Cleanup
[2023-11-16T08:18:31.841+0000][96.765s][info ][safepoint     ] Leaving safepoint region
[2023-11-16T08:18:31.841+0000][96.765s][info ][safepoint     ] Total time for which application threads were stopped: 0.0003494 seconds, Stopping threads took: 0.0000498 seconds
[2023-11-16T08:18:32.841+0000][97.765s][debug][safepoint     ] Safepoint synchronization initiated. (199 threads)
[2023-11-16T08:18:32.841+0000][97.765s][info ][safepoint     ] Application time: 1.0001494 seconds
[2023-11-16T08:18:32.841+0000][97.765s][info ][safepoint     ] Entering safepoint region: Cleanup
[2023-11-16T08:18:32.841+0000][97.765s][info ][safepoint     ] Leaving safepoint region
[2023-11-16T08:18:32.841+0000][97.765s][info ][safepoint     ] Total time for which application threads were stopped: 0.0002792 seconds, Stopping threads took: 0.0000639 seconds
[2023-11-16T08:18:33.841+0000][98.766s][debug][safepoint     ] Safepoint synchronization initiated. (199 threads)
[2023-11-16T08:18:33.842+0000][98.766s][info ][safepoint     ] Application time: 1.0001564 seconds
[2023-11-16T08:18:33.842+0000][98.766s][info ][safepoint     ] Entering safepoint region: Cleanup
[2023-11-16T08:18:33.842+0000][98.766s][info ][safepoint     ] Leaving safepoint region
[2023-11-16T08:18:33.842+0000][98.766s][info ][safepoint     ] Total time for which application threads were stopped: 0.0003623 seconds, Stopping threads took: 0.0000522 seconds
[2023-11-16T08:18:35.842+0000][100.766s][debug][safepoint     ] Safepoint synchronization initiated. (199 threads)
[2023-11-16T08:18:35.842+0000][100.766s][info ][safepoint     ] Application time: 2.0002477 seconds
[2023-11-16T08:18:35.842+0000][100.766s][info ][safepoint     ] Entering safepoint region: Cleanup
[2023-11-16T08:18:35.842+0000][100.767s][info ][safepoint     ] Leaving safepoint region
[2023-11-16T08:18:35.842+0000][100.767s][info ][safepoint     ] Total time for which application threads were stopped: 0.0002689 seconds, Stopping threads took: 0.0000548 seconds
[2023-11-16T08:18:37.843+0000][102.767s][debug][safepoint     ] Safepoint synchronization initiated. (199 threads)
[2023-11-16T08:18:37.843+0000][102.767s][info ][safepoint     ] Application time: 2.0002306 seconds
[2023-11-16T08:18:37.843+0000][102.767s][info ][safepoint     ] Entering safepoint region: Cleanup
[2023-11-16T08:18:37.843+0000][102.767s][info ][safepoint     ] Leaving safepoint region
[2023-11-16T08:18:37.843+0000][102.767s][info ][safepoint     ] Total time for which application threads were stopped: 0.0003564 seconds, Stopping threads took: 0.0000551 seconds
[2023-11-16T08:18:38.843+0000][103.767s][debug][safepoint     ] Safepoint synchronization initiated. (199 threads)
[2023-11-16T08:18:38.843+0000][103.767s][info ][safepoint     ] Application time: 1.0001542 seconds
[2023-11-16T08:18:38.843+0000][103.767s][info ][safepoint     ] Entering safepoint region: Cleanup
[2023-11-16T08:18:38.844+0000][103.768s][info ][safepoint     ] Leaving safepoint region
[2023-11-16T08:18:38.844+0000][103.768s][info ][safepoint     ] Total time for which application threads were stopped: 0.0003173 seconds, Stopping threads took: 0.0000543 seconds
[2023-11-16T08:18:42.844+0000][107.768s][debug][safepoint     ] Safepoint synchronization initiated. (199 threads)
[2023-11-16T08:18:42.844+0000][107.768s][info ][safepoint     ] Application time: 4.0004122 seconds
[2023-11-16T08:18:42.844+0000][107.768s][info ][safepoint     ] Entering safepoint region: Cleanup
[2023-11-16T08:18:42.844+0000][107.769s][info ][safepoint     ] Leaving safepoint region
[2023-11-16T08:18:42.844+0000][107.769s][info ][safepoint     ] Total time for which application threads were stopped: 0.0004190 seconds, Stopping threads took: 0.0000624 seconds
[2023-11-16T08:18:45.845+0000][110.769s][debug][safepoint     ] Safepoint synchronization initiated. (199 threads)
[2023-11-16T08:18:45.845+0000][110.769s][info ][safepoint     ] Application time: 3.0003230 seconds
[2023-11-16T08:18:45.845+0000][110.769s][info ][safepoint     ] Entering safepoint region: Cleanup
[2023-11-16T08:18:45.845+0000][110.769s][info ][safepoint     ] Leaving safepoint region
[2023-11-16T08:18:45.845+0000][110.769s][info ][safepoint     ] Total time for which application threads were stopped: 0.0003538 seconds, Stopping threads took: 0.0000540 seconds
[2023-11-16T08:18:50.846+0000][115.770s][debug][safepoint     ] Safepoint synchronization initiated. (198 threads)
[2023-11-16T08:18:50.846+0000][115.770s][info ][safepoint     ] Application time: 5.0005312 seconds
[2023-11-16T08:18:50.846+0000][115.770s][info ][safepoint     ] Entering safepoint region: Cleanup
[2023-11-16T08:18:50.846+0000][115.770s][info ][safepoint     ] Leaving safepoint region
[2023-11-16T08:18:50.846+0000][115.770s][info ][safepoint     ] Total time for which application threads were stopped: 0.0003710 seconds, Stopping threads took: 0.0000530 seconds
[2023-11-16T08:19:02.847+0000][127.771s][debug][safepoint     ] Safepoint synchronization initiated. (197 threads)
[2023-11-16T08:19:02.847+0000][127.771s][info ][safepoint     ] Application time: 12.0010932 seconds
[2023-11-16T08:19:02.847+0000][127.771s][info ][safepoint     ] Entering safepoint region: Cleanup
[2023-11-16T08:19:02.848+0000][127.772s][info ][safepoint     ] Leaving safepoint region
[2023-11-16T08:19:02.848+0000][127.772s][info ][safepoint     ] Total time for which application threads were stopped: 0.0003178 seconds, Stopping threads took: 0.0000525 seconds
[2023-11-16T08:19:03.848+0000][128.772s][debug][safepoint     ] Safepoint synchronization initiated. (197 threads)
[2023-11-16T08:19:03.848+0000][128.772s][info ][safepoint     ] Application time: 1.0001274 seconds
[2023-11-16T08:19:03.848+0000][128.772s][info ][safepoint     ] Entering safepoint region: Cleanup
[2023-11-16T08:19:03.848+0000][128.772s][info ][safepoint     ] Leaving safepoint region
[2023-11-16T08:19:03.848+0000][128.772s][info ][safepoint     ] Total time for which application threads were stopped: 0.0003373 seconds, Stopping threads took: 0.0000512 seconds
[2023-11-16T08:19:06.940+0000][131.864s][debug][safepoint     ] Safepoint synchronization initiated. (197 threads)
[2023-11-16T08:19:06.940+0000][131.864s][info ][safepoint     ] Application time: 3.0918773 seconds
[2023-11-16T08:19:06.943+0000][131.867s][debug][safepoint     ] ... found polling page return exception at pc = 0x00007ff17c84109d, stub =0x00007ff17483a800
[2023-11-16T08:19:06.943+0000][131.867s][debug][safepoint     ] Waiting for 1 thread(s) to block
[2023-11-16T08:19:06.943+0000][131.867s][info ][safepoint     ] Entering safepoint region: G1CollectForAllocation
[2023-11-16T08:19:06.943+0000][131.867s][info ][gc,start      ] GC(37) Pause Young (Normal) (G1 Evacuation Pause)
[2023-11-16T08:19:06.943+0000][131.867s][info ][gc,task       ] GC(37) Using 4 workers of 4 for evacuation
[2023-11-16T08:19:06.986+0000][131.910s][info ][gc,phases     ] GC(37)   Pre Evacuate Collection Set: 0.0ms
[2023-11-16T08:19:06.986+0000][131.910s][info ][gc,phases     ] GC(37)   Evacuate Collection Set: 37.8ms
[2023-11-16T08:19:06.986+0000][131.910s][info ][gc,phases     ] GC(37)   Post Evacuate Collection Set: 4.3ms
[2023-11-16T08:19:06.986+0000][131.910s][info ][gc,phases     ] GC(37)   Other: 0.4ms
[2023-11-16T08:19:06.986+0000][131.910s][info ][gc,heap       ] GC(37) Eden regions: 413->0(407)
[2023-11-16T08:19:06.986+0000][131.910s][info ][gc,heap       ] GC(37) Survivor regions: 23->29(55)
[2023-11-16T08:19:06.986+0000][131.910s][info ][gc,heap       ] GC(37) Old regions: 124->124
[2023-11-16T08:19:06.986+0000][131.910s][info ][gc,heap       ] GC(37) Humongous regions: 0->0
[2023-11-16T08:19:06.986+0000][131.910s][info ][gc,metaspace  ] GC(37) Metaspace: 157809K(162908K)->157809K(162908K) NonClass: 139423K(142556K)->139423K(142556K) Class: 18385K(20352K)->18385K(20352K)
[2023-11-16T08:19:06.986+0000][131.910s][info ][gc            ] GC(37) Pause Young (Normal) (G1 Evacuation Pause) 557M->151M(728M) 42.728ms
[2023-11-16T08:19:06.986+0000][131.910s][info ][gc,cpu        ] GC(37) User=0.16s Sys=0.00s Real=0.04s
[2023-11-16T08:19:06.986+0000][131.910s][info ][safepoint     ] Leaving safepoint region
[2023-11-16T08:19:06.986+0000][131.910s][info ][safepoint     ] Total time for which application threads were stopped: 0.0458646 seconds, Stopping threads took: 0.0027425 seconds
[2023-11-16T08:19:06.986+0000][131.910s][info ][gc,stringdedup] Concurrent String Deduplication (131.910s)
[2023-11-16T08:19:06.989+0000][131.913s][info ][gc,stringdedup] Concurrent String Deduplication 525.0K->170.8K(354.2K) avg 53.5% (131.910s, 131.913s) 2.682ms
[2023-11-16T08:19:07.986+0000][132.910s][debug][safepoint     ] Safepoint synchronization initiated. (197 threads)
[2023-11-16T08:19:07.986+0000][132.910s][info ][safepoint     ] Application time: 1.0001589 seconds
[2023-11-16T08:19:07.986+0000][132.910s][info ][safepoint     ] Entering safepoint region: Cleanup
[2023-11-16T08:19:07.987+0000][132.911s][info ][safepoint     ] Leaving safepoint region
[2023-11-16T08:19:07.987+0000][132.911s][info ][safepoint     ] Total time for which application threads were stopped: 0.0010739 seconds, Stopping threads took: 0.0007255 seconds
[2023-11-16T08:19:17.988+0000][142.912s][debug][safepoint     ] Safepoint synchronization initiated. (197 threads)
[2023-11-16T08:19:17.988+0000][142.912s][info ][safepoint     ] Application time: 10.0009809 seconds
[2023-11-16T08:19:17.988+0000][142.912s][info ][safepoint     ] Entering safepoint region: Cleanup
[2023-11-16T08:19:17.988+0000][142.912s][info ][safepoint     ] Leaving safepoint region
[2023-11-16T08:19:17.988+0000][142.912s][info ][safepoint     ] Total time for which application threads were stopped: 0.0002592 seconds, Stopping threads took: 0.0000515 seconds
[2023-11-16T08:19:18.989+0000][143.913s][debug][safepoint     ] Safepoint synchronization initiated. (197 threads)
[2023-11-16T08:19:18.989+0000][143.913s][info ][safepoint     ] Application time: 1.0001570 seconds
[2023-11-16T08:19:18.989+0000][143.913s][info ][safepoint     ] Entering safepoint region: Cleanup
[2023-11-16T08:19:18.989+0000][143.913s][info ][safepoint     ] Leaving safepoint region
[2023-11-16T08:19:18.989+0000][143.913s][info ][safepoint     ] Total time for which application threads were stopped: 0.0003409 seconds, Stopping threads took: 0.0000516 seconds
[2023-11-16T08:19:23.989+0000][148.914s][debug][safepoint     ] Safepoint synchronization initiated. (197 threads)
[2023-11-16T08:19:23.990+0000][148.914s][info ][safepoint     ] Application time: 5.0005340 seconds
[2023-11-16T08:19:23.990+0000][148.914s][info ][safepoint     ] Entering safepoint region: Cleanup
[2023-11-16T08:19:23.990+0000][148.914s][info ][safepoint     ] Leaving safepoint region
[2023-11-16T08:19:23.990+0000][148.914s][info ][safepoint     ] Total time for which application threads were stopped: 0.0003411 seconds, Stopping threads took: 0.0000536 seconds
[2023-11-16T08:19:35.991+0000][160.915s][debug][safepoint     ] Safepoint synchronization initiated. (194 threads)
[2023-11-16T08:19:35.991+0000][160.915s][info ][safepoint     ] Application time: 12.0011822 seconds
[2023-11-16T08:19:35.991+0000][160.915s][info ][safepoint     ] Entering safepoint region: Cleanup
[2023-11-16T08:19:35.991+0000][160.915s][info ][safepoint     ] Leaving safepoint region
[2023-11-16T08:19:35.991+0000][160.915s][info ][safepoint     ] Total time for which application threads were stopped: 0.0003207 seconds, Stopping threads took: 0.0000556 seconds
[2023-11-16T08:19:37.992+0000][162.916s][debug][safepoint     ] Safepoint synchronization initiated. (194 threads)
[2023-11-16T08:19:37.992+0000][162.916s][info ][safepoint     ] Application time: 2.0002420 seconds
[2023-11-16T08:19:37.992+0000][162.916s][info ][safepoint     ] Entering safepoint region: Cleanup
[2023-11-16T08:19:37.992+0000][162.916s][info ][safepoint     ] Leaving safepoint region
[2023-11-16T08:19:37.992+0000][162.916s][info ][safepoint     ] Total time for which application threads were stopped: 0.0002691 seconds, Stopping threads took: 0.0000534 seconds
[2023-11-16T08:19:45.993+0000][170.917s][debug][safepoint     ] Safepoint synchronization initiated. (194 threads)
[2023-11-16T08:19:45.993+0000][170.917s][info ][safepoint     ] Application time: 8.0008132 seconds
[2023-11-16T08:19:45.993+0000][170.917s][info ][safepoint     ] Entering safepoint region: Cleanup
[2023-11-16T08:19:45.993+0000][170.917s][info ][safepoint     ] Leaving safepoint region
[2023-11-16T08:19:45.993+0000][170.917s][info ][safepoint     ] Total time for which application threads were stopped: 0.0003541 seconds, Stopping threads took: 0.0000543 seconds
[2023-11-16T08:20:09.995+0000][194.919s][debug][safepoint     ] Safepoint synchronization initiated. (193 threads)
[2023-11-16T08:20:09.995+0000][194.920s][info ][safepoint     ] Application time: 24.0022693 seconds
[2023-11-16T08:20:09.996+0000][194.920s][info ][safepoint     ] Entering safepoint region: Cleanup
[2023-11-16T08:20:09.996+0000][194.920s][info ][safepoint     ] Leaving safepoint region
[2023-11-16T08:20:09.996+0000][194.920s][info ][safepoint     ] Total time for which application threads were stopped: 0.0003106 seconds, Stopping threads took: 0.0000535 seconds
[2023-11-16T08:20:12.996+0000][197.920s][debug][safepoint     ] Safepoint synchronization initiated. (193 threads)
[2023-11-16T08:20:12.996+0000][197.920s][info ][safepoint     ] Application time: 3.0003388 seconds
[2023-11-16T08:20:12.996+0000][197.920s][info ][safepoint     ] Entering safepoint region: Cleanup
[2023-11-16T08:20:12.996+0000][197.921s][info ][safepoint     ] Leaving safepoint region
[2023-11-16T08:20:12.997+0000][197.921s][info ][safepoint     ] Total time for which application threads were stopped: 0.0003406 seconds, Stopping threads took: 0.0000516 seconds
[2023-11-16T08:20:15.997+0000][200.921s][debug][safepoint     ] Safepoint synchronization initiated. (193 threads)
[2023-11-16T08:20:15.997+0000][200.921s][info ][safepoint     ] Application time: 3.0003596 seconds
[2023-11-16T08:20:15.997+0000][200.921s][info ][safepoint     ] Entering safepoint region: Cleanup
[2023-11-16T08:20:15.998+0000][200.922s][info ][safepoint     ] Leaving safepoint region
[2023-11-16T08:20:15.998+0000][200.922s][info ][safepoint     ] Total time for which application threads were stopped: 0.0008618 seconds, Stopping threads took: 0.0005198 seconds
[2023-11-16T08:20:31.999+0000][216.923s][debug][safepoint     ] Safepoint synchronization initiated. (193 threads)
[2023-11-16T08:20:31.999+0000][216.923s][info ][safepoint     ] Application time: 16.0014706 seconds
[2023-11-16T08:20:31.999+0000][216.923s][info ][safepoint     ] Entering safepoint region: Cleanup
[2023-11-16T08:20:32.000+0000][216.924s][info ][safepoint     ] Leaving safepoint region
[2023-11-16T08:20:32.000+0000][216.924s][info ][safepoint     ] Total time for which application threads were stopped: 0.0002752 seconds, Stopping threads took: 0.0000505 seconds
[2023-11-16T08:20:36.000+0000][220.924s][debug][safepoint     ] Safepoint synchronization initiated. (191 threads)
[2023-11-16T08:20:36.000+0000][220.924s][info ][safepoint     ] Application time: 4.0004542 seconds
[2023-11-16T08:20:36.000+0000][220.924s][info ][safepoint     ] Entering safepoint region: Cleanup
[2023-11-16T08:20:36.001+0000][220.925s][info ][safepoint     ] Leaving safepoint region
[2023-11-16T08:20:36.001+0000][220.925s][info ][safepoint     ] Total time for which application threads were stopped: 0.0006325 seconds, Stopping threads took: 0.0000598 seconds
[2023-11-16T08:20:38.001+0000][222.925s][debug][safepoint     ] Safepoint synchronization initiated. (191 threads)
[2023-11-16T08:20:38.001+0000][222.925s][info ][safepoint     ] Application time: 2.0002176 seconds
[2023-11-16T08:20:38.001+0000][222.925s][info ][safepoint     ] Entering safepoint region: Cleanup
[2023-11-16T08:20:38.001+0000][222.926s][info ][safepoint     ] Leaving safepoint region
[2023-11-16T08:20:38.001+0000][222.926s][info ][safepoint     ] Total time for which application threads were stopped: 0.0005452 seconds, Stopping threads took: 0.0000535 seconds
[2023-11-16T08:20:46.005+0000][230.929s][debug][safepoint     ] Safepoint synchronization initiated. (191 threads)
[2023-11-16T08:20:46.005+0000][230.929s][info ][safepoint     ] Application time: 8.0034349 seconds
[2023-11-16T08:20:46.005+0000][230.929s][info ][safepoint     ] Entering safepoint region: Cleanup
[2023-11-16T08:20:46.005+0000][230.929s][info ][safepoint     ] Leaving safepoint region
[2023-11-16T08:20:46.005+0000][230.929s][info ][safepoint     ] Total time for which application threads were stopped: 0.0002110 seconds, Stopping threads took: 0.0000493 seconds
[2023-11-16T08:20:49.005+0000][233.929s][debug][safepoint     ] Safepoint synchronization initiated. (191 threads)
[2023-11-16T08:20:49.005+0000][233.929s][info ][safepoint     ] Application time: 3.0002527 seconds
[2023-11-16T08:20:49.005+0000][233.930s][info ][safepoint     ] Entering safepoint region: Cleanup
[2023-11-16T08:20:49.006+0000][233.930s][info ][safepoint     ] Leaving safepoint region
[2023-11-16T08:20:49.006+0000][233.930s][info ][safepoint     ] Total time for which application threads were stopped: 0.0002323 seconds, Stopping threads took: 0.0000415 seconds
[2023-11-16T08:21:18.008+0000][262.932s][debug][safepoint     ] Safepoint synchronization initiated. (190 threads)
[2023-11-16T08:21:18.008+0000][262.932s][info ][safepoint     ] Application time: 29.0022763 seconds
[2023-11-16T08:21:18.008+0000][262.932s][info ][safepoint     ] Entering safepoint region: Cleanup
[2023-11-16T08:21:18.008+0000][262.932s][info ][safepoint     ] Leaving safepoint region
[2023-11-16T08:21:18.008+0000][262.932s][info ][safepoint     ] Total time for which application threads were stopped: 0.0002060 seconds, Stopping threads took: 0.0000405 seconds
[2023-11-16T08:21:26.009+0000][270.933s][debug][safepoint     ] Safepoint synchronization initiated. (190 threads)
[2023-11-16T08:21:26.009+0000][270.933s][info ][safepoint     ] Application time: 8.0005914 seconds
[2023-11-16T08:21:26.009+0000][270.933s][info ][safepoint     ] Entering safepoint region: Cleanup
[2023-11-16T08:21:26.009+0000][270.933s][info ][safepoint     ] Leaving safepoint region
[2023-11-16T08:21:26.009+0000][270.933s][info ][safepoint     ] Total time for which application threads were stopped: 0.0001980 seconds, Stopping threads took: 0.0000402 seconds
[2023-11-16T08:21:28.009+0000][272.933s][debug][safepoint     ] Safepoint synchronization initiated. (190 threads)
[2023-11-16T08:21:28.009+0000][272.933s][info ][safepoint     ] Application time: 2.0002030 seconds
[2023-11-16T08:21:28.009+0000][272.933s][info ][safepoint     ] Entering safepoint region: Cleanup
[2023-11-16T08:21:28.009+0000][272.933s][info ][safepoint     ] Leaving safepoint region
[2023-11-16T08:21:28.009+0000][272.933s][info ][safepoint     ] Total time for which application threads were stopped: 0.0001748 seconds, Stopping threads took: 0.0000410 seconds
[2023-11-16T08:21:32.010+0000][276.934s][debug][safepoint     ] Safepoint synchronization initiated. (190 threads)
[2023-11-16T08:21:32.010+0000][276.934s][info ][safepoint     ] Application time: 4.0003292 seconds
[2023-11-16T08:21:32.010+0000][276.934s][info ][safepoint     ] Entering safepoint region: Cleanup
[2023-11-16T08:21:32.010+0000][276.934s][info ][safepoint     ] Leaving safepoint region
[2023-11-16T08:21:32.010+0000][276.934s][info ][safepoint     ] Total time for which application threads were stopped: 0.0002723 seconds, Stopping threads took: 0.0000414 seconds
[2023-11-16T08:21:34.010+0000][278.934s][debug][safepoint     ] Safepoint synchronization initiated. (188 threads)
[2023-11-16T08:21:34.010+0000][278.934s][info ][safepoint     ] Application time: 2.0001923 seconds
[2023-11-16T08:21:34.010+0000][278.934s][info ][safepoint     ] Entering safepoint region: Cleanup
[2023-11-16T08:21:34.010+0000][278.935s][info ][safepoint     ] Leaving safepoint region
[2023-11-16T08:21:34.010+0000][278.935s][info ][safepoint     ] Total time for which application threads were stopped: 0.0002368 seconds, Stopping threads took: 0.0000402 seconds
[2023-11-16T08:21:37.011+0000][281.935s][debug][safepoint     ] Safepoint synchronization initiated. (188 threads)
[2023-11-16T08:21:37.011+0000][281.935s][info ][safepoint     ] Application time: 3.0003235 seconds
[2023-11-16T08:21:37.011+0000][281.935s][info ][safepoint     ] Entering safepoint region: Cleanup
[2023-11-16T08:21:37.011+0000][281.935s][info ][safepoint     ] Leaving safepoint region
[2023-11-16T08:21:37.011+0000][281.935s][info ][safepoint     ] Total time for which application threads were stopped: 0.0002335 seconds, Stopping threads took: 0.0000443 seconds
[2023-11-16T08:21:38.011+0000][282.935s][debug][safepoint     ] Safepoint synchronization initiated. (188 threads)
[2023-11-16T08:21:38.011+0000][282.935s][info ][safepoint     ] Application time: 1.0001109 seconds
[2023-11-16T08:21:38.011+0000][282.935s][info ][safepoint     ] Entering safepoint region: Cleanup
[2023-11-16T08:21:38.011+0000][282.935s][info ][safepoint     ] Leaving safepoint region
[2023-11-16T08:21:38.011+0000][282.935s][info ][safepoint     ] Total time for which application threads were stopped: 0.0002010 seconds, Stopping threads took: 0.0000388 seconds
[2023-11-16T08:21:46.012+0000][290.936s][debug][safepoint     ] Safepoint synchronization initiated. (188 threads)
[2023-11-16T08:21:46.012+0000][290.936s][info ][safepoint     ] Application time: 8.0006071 seconds
[2023-11-16T08:21:46.012+0000][290.936s][info ][safepoint     ] Entering safepoint region: Cleanup
[2023-11-16T08:21:46.012+0000][290.936s][info ][safepoint     ] Leaving safepoint region
[2023-11-16T08:21:46.012+0000][290.936s][info ][safepoint     ] Total time for which application threads were stopped: 0.0001921 seconds, Stopping threads took: 0.0000402 seconds
[2023-11-16T08:22:16.014+0000][320.938s][debug][safepoint     ] Safepoint synchronization initiated. (187 threads)
[2023-11-16T08:22:16.014+0000][320.938s][info ][safepoint     ] Application time: 30.0021292 seconds
[2023-11-16T08:22:16.014+0000][320.938s][info ][safepoint     ] Entering safepoint region: Cleanup
[2023-11-16T08:22:16.015+0000][320.939s][info ][safepoint     ] Leaving safepoint region
[2023-11-16T08:22:16.015+0000][320.939s][info ][safepoint     ] Total time for which application threads were stopped: 0.0003337 seconds, Stopping threads took: 0.0000414 seconds
[2023-11-16T08:22:32.016+0000][336.940s][debug][safepoint     ] Safepoint synchronization initiated. (187 threads)
[2023-11-16T08:22:32.016+0000][336.940s][info ][safepoint     ] Application time: 16.0011862 seconds
[2023-11-16T08:22:32.016+0000][336.940s][info ][safepoint     ] Entering safepoint region: Cleanup
[2023-11-16T08:22:32.016+0000][336.940s][info ][safepoint     ] Leaving safepoint region
[2023-11-16T08:22:32.016+0000][336.940s][info ][safepoint     ] Total time for which application threads were stopped: 0.0001765 seconds, Stopping threads took: 0.0000370 seconds
[2023-11-16T08:22:38.017+0000][342.941s][debug][safepoint     ] Safepoint synchronization initiated. (186 threads)
[2023-11-16T08:22:38.017+0000][342.941s][info ][safepoint     ] Application time: 6.0004995 seconds
[2023-11-16T08:22:38.017+0000][342.941s][info ][safepoint     ] Entering safepoint region: Cleanup
[2023-11-16T08:22:38.017+0000][342.941s][info ][safepoint     ] Leaving safepoint region
[2023-11-16T08:22:38.017+0000][342.941s][info ][safepoint     ] Total time for which application threads were stopped: 0.0002140 seconds, Stopping threads took: 0.0000377 seconds
[2023-11-16T08:22:43.017+0000][347.941s][debug][safepoint     ] Safepoint synchronization initiated. (186 threads)
[2023-11-16T08:22:43.017+0000][347.941s][info ][safepoint     ] Application time: 5.0004259 seconds
[2023-11-16T08:22:43.017+0000][347.941s][info ][safepoint     ] Entering safepoint region: Cleanup
[2023-11-16T08:22:43.017+0000][347.941s][info ][safepoint     ] Leaving safepoint region
[2023-11-16T08:22:43.017+0000][347.942s][info ][safepoint     ] Total time for which application threads were stopped: 0.0001946 seconds, Stopping threads took: 0.0000397 seconds
[2023-11-16T08:22:46.018+0000][350.942s][debug][safepoint     ] Safepoint synchronization initiated. (186 threads)
[2023-11-16T08:22:46.018+0000][350.942s][info ][safepoint     ] Application time: 3.0002572 seconds
[2023-11-16T08:22:46.018+0000][350.942s][info ][safepoint     ] Entering safepoint region: Cleanup
[2023-11-16T08:22:46.018+0000][350.942s][info ][safepoint     ] Leaving safepoint region
[2023-11-16T08:22:46.018+0000][350.942s][info ][safepoint     ] Total time for which application threads were stopped: 0.0002009 seconds, Stopping threads took: 0.0000368 seconds
[2023-11-16T08:23:03.019+0000][367.943s][debug][safepoint     ] Safepoint synchronization initiated. (185 threads)
[2023-11-16T08:23:03.019+0000][367.943s][info ][safepoint     ] Application time: 17.0013156 seconds
[2023-11-16T08:23:03.019+0000][367.943s][info ][safepoint     ] Entering safepoint region: Cleanup
[2023-11-16T08:23:03.019+0000][367.943s][info ][safepoint     ] Leaving safepoint region
[2023-11-16T08:23:03.019+0000][367.944s][info ][safepoint     ] Total time for which application threads were stopped: 0.0001875 seconds, Stopping threads took: 0.0000349 seconds
[2023-11-16T08:23:38.022+0000][402.946s][debug][safepoint     ] Safepoint synchronization initiated. (184 threads)
[2023-11-16T08:23:38.022+0000][402.946s][info ][safepoint     ] Application time: 35.0025270 seconds
[2023-11-16T08:23:38.022+0000][402.946s][info ][safepoint     ] Entering safepoint region: Cleanup
[2023-11-16T08:23:38.022+0000][402.946s][info ][safepoint     ] Leaving safepoint region
[2023-11-16T08:23:38.022+0000][402.946s][info ][safepoint     ] Total time for which application threads were stopped: 0.0001895 seconds, Stopping threads took: 0.0000361 seconds
[2023-11-16T08:23:39.022+0000][403.946s][debug][safepoint     ] Safepoint synchronization initiated. (184 threads)
[2023-11-16T08:23:39.022+0000][403.946s][info ][safepoint     ] Application time: 1.0001426 seconds
[2023-11-16T08:23:39.022+0000][403.946s][info ][safepoint     ] Entering safepoint region: Cleanup
[2023-11-16T08:23:39.023+0000][403.947s][info ][safepoint     ] Leaving safepoint region
[2023-11-16T08:23:39.023+0000][403.947s][info ][safepoint     ] Total time for which application threads were stopped: 0.0001885 seconds, Stopping threads took: 0.0000341 seconds
[2023-11-16T08:23:42.023+0000][406.947s][debug][safepoint     ] Safepoint synchronization initiated. (184 threads)
[2023-11-16T08:23:42.023+0000][406.947s][info ][safepoint     ] Application time: 3.0002889 seconds
[2023-11-16T08:23:42.023+0000][406.947s][info ][safepoint     ] Entering safepoint region: Cleanup
[2023-11-16T08:23:42.023+0000][406.947s][info ][safepoint     ] Leaving safepoint region
[2023-11-16T08:23:42.023+0000][406.947s][info ][safepoint     ] Total time for which application threads were stopped: 0.0001963 seconds, Stopping threads took: 0.0000382 seconds
[2023-11-16T08:23:46.023+0000][410.947s][debug][safepoint     ] Safepoint synchronization initiated. (184 threads)
[2023-11-16T08:23:46.023+0000][410.947s][info ][safepoint     ] Application time: 4.0003472 seconds
[2023-11-16T08:23:46.023+0000][410.948s][info ][safepoint     ] Entering safepoint region: Cleanup
[2023-11-16T08:23:46.024+0000][410.948s][info ][safepoint     ] Leaving safepoint region
[2023-11-16T08:23:46.024+0000][410.948s][info ][safepoint     ] Total time for which application threads were stopped: 0.0002390 seconds, Stopping threads took: 0.0000628 seconds
[2023-11-16T08:23:54.024+0000][418.948s][debug][safepoint     ] Safepoint synchronization initiated. (183 threads)
[2023-11-16T08:23:54.024+0000][418.948s][info ][safepoint     ] Application time: 8.0006538 seconds
[2023-11-16T08:23:54.024+0000][418.948s][info ][safepoint     ] Entering safepoint region: Cleanup
[2023-11-16T08:23:54.025+0000][418.949s][info ][safepoint     ] Leaving safepoint region
[2023-11-16T08:23:54.025+0000][418.949s][info ][safepoint     ] Total time for which application threads were stopped: 0.0002790 seconds, Stopping threads took: 0.0000380 seconds
[2023-11-16T08:24:14.028+0000][438.952s][debug][safepoint     ] Safepoint synchronization initiated. (183 threads)
[2023-11-16T08:24:14.028+0000][438.952s][info ][safepoint     ] Application time: 20.0035207 seconds
[2023-11-16T08:24:14.028+0000][438.952s][info ][safepoint     ] Entering safepoint region: Cleanup
[2023-11-16T08:24:14.028+0000][438.952s][info ][safepoint     ] Leaving safepoint region
[2023-11-16T08:24:14.028+0000][438.952s][info ][safepoint     ] Total time for which application threads were stopped: 0.0001916 seconds, Stopping threads took: 0.0000382 seconds
[2023-11-16T08:24:38.030+0000][462.954s][debug][safepoint     ] Safepoint synchronization initiated. (182 threads)
[2023-11-16T08:24:38.030+0000][462.954s][info ][safepoint     ] Application time: 24.0018003 seconds
[2023-11-16T08:24:38.030+0000][462.954s][info ][safepoint     ] Entering safepoint region: Cleanup
[2023-11-16T08:24:38.031+0000][462.955s][info ][safepoint     ] Leaving safepoint region
[2023-11-16T08:24:38.031+0000][462.955s][info ][safepoint     ] Total time for which application threads were stopped: 0.0008742 seconds, Stopping threads took: 0.0000369 seconds
[2023-11-16T08:24:40.031+0000][464.955s][debug][safepoint     ] Safepoint synchronization initiated. (182 threads)
[2023-11-16T08:24:40.031+0000][464.955s][info ][safepoint     ] Application time: 2.0001756 seconds
[2023-11-16T08:24:40.031+0000][464.955s][info ][safepoint     ] Entering safepoint region: Cleanup
[2023-11-16T08:24:40.031+0000][464.956s][info ][safepoint     ] Leaving safepoint region
[2023-11-16T08:24:40.031+0000][464.956s][info ][safepoint     ] Total time for which application threads were stopped: 0.0002413 seconds, Stopping threads took: 0.0000404 seconds
[2023-11-16T08:25:08.035+0000][492.959s][debug][safepoint     ] Safepoint synchronization initiated. (181 threads)
[2023-11-16T08:25:08.035+0000][492.959s][info ][safepoint     ] Application time: 28.0032853 seconds
[2023-11-16T08:25:08.035+0000][492.959s][info ][safepoint     ] Entering safepoint region: Cleanup
[2023-11-16T08:25:08.035+0000][492.959s][info ][safepoint     ] Leaving safepoint region
[2023-11-16T08:25:08.035+0000][492.959s][info ][safepoint     ] Total time for which application threads were stopped: 0.0002175 seconds, Stopping threads took: 0.0000473 seconds
[2023-11-16T08:25:38.037+0000][522.961s][debug][safepoint     ] Safepoint synchronization initiated. (180 threads)
[2023-11-16T08:25:38.037+0000][522.961s][info ][safepoint     ] Application time: 30.0022146 seconds
[2023-11-16T08:25:38.037+0000][522.961s][info ][safepoint     ] Entering safepoint region: Cleanup
[2023-11-16T08:25:38.037+0000][522.962s][info ][safepoint     ] Leaving safepoint region
[2023-11-16T08:25:38.037+0000][522.962s][info ][safepoint     ] Total time for which application threads were stopped: 0.0002347 seconds, Stopping threads took: 0.0000415 seconds
[2023-11-16T08:25:41.038+0000][525.962s][debug][safepoint     ] Safepoint synchronization initiated. (180 threads)
[2023-11-16T08:25:41.038+0000][525.962s][info ][safepoint     ] Application time: 3.0002635 seconds
[2023-11-16T08:25:41.038+0000][525.962s][info ][safepoint     ] Entering safepoint region: Cleanup
[2023-11-16T08:25:41.038+0000][525.962s][info ][safepoint     ] Leaving safepoint region
[2023-11-16T08:25:41.038+0000][525.962s][info ][safepoint     ] Total time for which application threads were stopped: 0.0002377 seconds, Stopping threads took: 0.0000394 seconds
[2023-11-16T08:26:17.498+0000][562.422s][debug][safepoint     ] Safepoint synchronization initiated. (179 threads)
[2023-11-16T08:26:17.498+0000][562.422s][info ][safepoint     ] Application time: 36.4598358 seconds
[2023-11-16T08:26:17.498+0000][562.422s][info ][safepoint     ] Entering safepoint region: G1CollectForAllocation
[2023-11-16T08:26:17.498+0000][562.422s][info ][gc,start      ] GC(38) Pause Young (Normal) (G1 Evacuation Pause)
[2023-11-16T08:26:17.498+0000][562.422s][info ][gc,task       ] GC(38) Using 4 workers of 4 for evacuation
[2023-11-16T08:26:17.544+0000][562.468s][info ][gc,phases     ] GC(38)   Pre Evacuate Collection Set: 0.0ms
[2023-11-16T08:26:17.544+0000][562.468s][info ][gc,phases     ] GC(38)   Evacuate Collection Set: 40.8ms
[2023-11-16T08:26:17.544+0000][562.468s][info ][gc,phases     ] GC(38)   Post Evacuate Collection Set: 4.5ms
[2023-11-16T08:26:17.544+0000][562.468s][info ][gc,phases     ] GC(38)   Other: 0.4ms
[2023-11-16T08:26:17.544+0000][562.468s][info ][gc,heap       ] GC(38) Eden regions: 407->0(413)
[2023-11-16T08:26:17.544+0000][562.468s][info ][gc,heap       ] GC(38) Survivor regions: 29->23(55)
[2023-11-16T08:26:17.544+0000][562.468s][info ][gc,heap       ] GC(38) Old regions: 124->131
[2023-11-16T08:26:17.544+0000][562.468s][info ][gc,heap       ] GC(38) Humongous regions: 0->0
[2023-11-16T08:26:17.544+0000][562.468s][info ][gc,metaspace  ] GC(38) Metaspace: 158132K(163548K)->158132K(163548K) NonClass: 139738K(143068K)->139738K(143068K) Class: 18393K(20480K)->18393K(20480K)
[2023-11-16T08:26:17.544+0000][562.468s][info ][gc            ] GC(38) Pause Young (Normal) (G1 Evacuation Pause) 558M->151M(728M) 45.907ms
[2023-11-16T08:26:17.544+0000][562.468s][info ][gc,cpu        ] GC(38) User=0.13s Sys=0.01s Real=0.05s
[2023-11-16T08:26:17.544+0000][562.468s][info ][safepoint     ] Leaving safepoint region
[2023-11-16T08:26:17.544+0000][562.468s][info ][safepoint     ] Total time for which application threads were stopped: 0.0463201 seconds, Stopping threads took: 0.0000523 seconds
[2023-11-16T08:26:17.544+0000][562.468s][info ][gc,stringdedup] Concurrent String Deduplication (562.468s)
[2023-11-16T08:26:17.546+0000][562.471s][info ][gc,stringdedup] Concurrent String Deduplication 358.1K->127.6K(230.5K) avg 53.7% (562.468s, 562.470s) 2.172ms
[2023-11-16T08:26:22.545+0000][567.469s][debug][safepoint     ] Safepoint synchronization initiated. (179 threads)
[2023-11-16T08:26:22.545+0000][567.469s][info ][safepoint     ] Application time: 5.0005200 seconds
[2023-11-16T08:26:22.545+0000][567.469s][info ][safepoint     ] Entering safepoint region: Cleanup
[2023-11-16T08:26:22.545+0000][567.469s][info ][safepoint     ] Leaving safepoint region
[2023-11-16T08:26:22.545+0000][567.469s][info ][safepoint     ] Total time for which application threads were stopped: 0.0006564 seconds, Stopping threads took: 0.0004267 seconds
[2023-11-16T08:26:31.546+0000][576.470s][debug][safepoint     ] Safepoint synchronization initiated. (179 threads)
[2023-11-16T08:26:31.546+0000][576.470s][info ][safepoint     ] Application time: 9.0009197 seconds
[2023-11-16T08:26:31.546+0000][576.470s][info ][safepoint     ] Entering safepoint region: Cleanup
[2023-11-16T08:26:31.547+0000][576.471s][info ][safepoint     ] Leaving safepoint region
[2023-11-16T08:26:31.547+0000][576.471s][info ][safepoint     ] Total time for which application threads were stopped: 0.0002723 seconds, Stopping threads took: 0.0000516 seconds
[2023-11-16T08:26:34.547+0000][579.471s][debug][safepoint     ] Safepoint synchronization initiated. (178 threads)
[2023-11-16T08:26:34.547+0000][579.471s][info ][safepoint     ] Application time: 3.0003700 seconds
[2023-11-16T08:26:34.547+0000][579.471s][info ][safepoint     ] Entering safepoint region: Cleanup
[2023-11-16T08:26:34.547+0000][579.471s][info ][safepoint     ] Leaving safepoint region
[2023-11-16T08:26:34.547+0000][579.471s][info ][safepoint     ] Total time for which application threads were stopped: 0.0002623 seconds, Stopping threads took: 0.0000522 seconds
[2023-11-16T08:26:38.548+0000][583.472s][debug][safepoint     ] Safepoint synchronization initiated. (178 threads)
[2023-11-16T08:26:38.548+0000][583.472s][info ][safepoint     ] Application time: 4.0003887 seconds
[2023-11-16T08:26:38.548+0000][583.472s][info ][safepoint     ] Entering safepoint region: Cleanup
[2023-11-16T08:26:38.548+0000][583.472s][info ][safepoint     ] Leaving safepoint region
[2023-11-16T08:26:38.548+0000][583.472s][info ][safepoint     ] Total time for which application threads were stopped: 0.0003615 seconds, Stopping threads took: 0.0000518 seconds
[2023-11-16T08:26:41.548+0000][586.472s][debug][safepoint     ] Safepoint synchronization initiated. (178 threads)
[2023-11-16T08:26:41.548+0000][586.472s][info ][safepoint     ] Application time: 3.0003022 seconds
[2023-11-16T08:26:41.548+0000][586.472s][info ][safepoint     ] Entering safepoint region: Cleanup
[2023-11-16T08:26:41.549+0000][586.473s][info ][safepoint     ] Leaving safepoint region
[2023-11-16T08:26:41.549+0000][586.473s][info ][safepoint     ] Total time for which application threads were stopped: 0.0003450 seconds, Stopping threads took: 0.0000501 seconds
[2023-11-16T08:26:42.549+0000][587.473s][debug][safepoint     ] Safepoint synchronization initiated. (178 threads)
[2023-11-16T08:26:42.549+0000][587.473s][info ][safepoint     ] Application time: 1.0001838 seconds
[2023-11-16T08:26:42.549+0000][587.473s][info ][safepoint     ] Entering safepoint region: Cleanup
[2023-11-16T08:26:42.549+0000][587.473s][info ][safepoint     ] Leaving safepoint region
[2023-11-16T08:26:42.549+0000][587.473s][info ][safepoint     ] Total time for which application threads were stopped: 0.0002746 seconds, Stopping threads took: 0.0000526 seconds
[2023-11-16T08:26:45.550+0000][590.474s][debug][safepoint     ] Safepoint synchronization initiated. (178 threads)
[2023-11-16T08:26:45.550+0000][590.474s][info ][safepoint     ] Application time: 3.0003496 seconds
[2023-11-16T08:26:45.550+0000][590.474s][info ][safepoint     ] Entering safepoint region: Cleanup
[2023-11-16T08:26:45.550+0000][590.474s][info ][safepoint     ] Leaving safepoint region
[2023-11-16T08:26:45.550+0000][590.474s][info ][safepoint     ] Total time for which application threads were stopped: 0.0003520 seconds, Stopping threads took: 0.0000506 seconds
[2023-11-16T08:27:10.552+0000][615.476s][debug][safepoint     ] Safepoint synchronization initiated. (177 threads)
[2023-11-16T08:27:10.552+0000][615.476s][info ][safepoint     ] Application time: 25.0022629 seconds
[2023-11-16T08:27:10.552+0000][615.476s][info ][safepoint     ] Entering safepoint region: Cleanup
[2023-11-16T08:27:10.553+0000][615.477s][info ][safepoint     ] Leaving safepoint region
[2023-11-16T08:27:10.553+0000][615.477s][info ][safepoint     ] Total time for which application threads were stopped: 0.0003435 seconds, Stopping threads took: 0.0000504 seconds
[2023-11-16T08:27:15.553+0000][620.477s][debug][safepoint     ] Safepoint synchronization initiated. (177 threads)
[2023-11-16T08:27:15.553+0000][620.477s][info ][safepoint     ] Application time: 5.0005244 seconds
[2023-11-16T08:27:15.553+0000][620.477s][info ][safepoint     ] Entering safepoint region: Cleanup
[2023-11-16T08:27:15.553+0000][620.478s][info ][safepoint     ] Leaving safepoint region
[2023-11-16T08:27:15.553+0000][620.478s][info ][safepoint     ] Total time for which application threads were stopped: 0.0003369 seconds, Stopping threads took: 0.0000529 seconds
[2023-11-16T08:27:25.554+0000][630.478s][debug][safepoint     ] Safepoint synchronization initiated. (176 threads)
[2023-11-16T08:27:25.554+0000][630.478s][info ][safepoint     ] Application time: 10.0009063 seconds
[2023-11-16T08:27:25.554+0000][630.479s][info ][safepoint     ] Entering safepoint region: Cleanup
[2023-11-16T08:27:25.555+0000][630.479s][info ][safepoint     ] Leaving safepoint region
[2023-11-16T08:27:25.555+0000][630.479s][info ][safepoint     ] Total time for which application threads were stopped: 0.0002323 seconds, Stopping threads took: 0.0000421 seconds
[2023-11-16T08:27:31.555+0000][636.479s][debug][safepoint     ] Safepoint synchronization initiated. (177 threads)
[2023-11-16T08:27:31.555+0000][636.479s][info ][safepoint     ] Application time: 6.0005913 seconds
[2023-11-16T08:27:31.555+0000][636.479s][info ][safepoint     ] Entering safepoint region: Cleanup
[2023-11-16T08:27:31.556+0000][636.480s][info ][safepoint     ] Leaving safepoint region
[2023-11-16T08:27:31.556+0000][636.480s][info ][safepoint     ] Total time for which application threads were stopped: 0.0003186 seconds, Stopping threads took: 0.0000372 seconds
[2023-11-16T08:27:32.556+0000][637.480s][debug][safepoint     ] Safepoint synchronization initiated. (186 threads)
[2023-11-16T08:27:32.556+0000][637.480s][info ][safepoint     ] Application time: 1.0001526 seconds
[2023-11-16T08:27:32.556+0000][637.480s][info ][safepoint     ] Entering safepoint region: Cleanup
[2023-11-16T08:27:32.556+0000][637.480s][info ][safepoint     ] Leaving safepoint region
[2023-11-16T08:27:32.556+0000][637.480s][info ][safepoint     ] Total time for which application threads were stopped: 0.0003980 seconds, Stopping threads took: 0.0000526 seconds
[2023-11-16T08:27:38.557+0000][643.481s][debug][safepoint     ] Safepoint synchronization initiated. (186 threads)
[2023-11-16T08:27:38.557+0000][643.481s][info ][safepoint     ] Application time: 6.0005820 seconds
[2023-11-16T08:27:38.557+0000][643.481s][info ][safepoint     ] Entering safepoint region: Cleanup
[2023-11-16T08:27:38.557+0000][643.481s][info ][safepoint     ] Leaving safepoint region
[2023-11-16T08:27:38.557+0000][643.481s][info ][safepoint     ] Total time for which application threads were stopped: 0.0002701 seconds, Stopping threads took: 0.0000522 seconds
[2023-11-16T08:27:43.557+0000][648.482s][debug][safepoint     ] Safepoint synchronization initiated. (186 threads)
[2023-11-16T08:27:43.558+0000][648.482s][info ][safepoint     ] Application time: 5.0004813 seconds
[2023-11-16T08:27:43.558+0000][648.482s][debug][safepoint     ] Waiting for 1 thread(s) to block
[2023-11-16T08:27:43.558+0000][648.482s][info ][safepoint     ] Entering safepoint region: Cleanup
[2023-11-16T08:27:43.558+0000][648.482s][info ][safepoint     ] Leaving safepoint region
[2023-11-16T08:27:43.558+0000][648.482s][info ][safepoint     ] Total time for which application threads were stopped: 0.0003776 seconds, Stopping threads took: 0.0001334 seconds
[2023-11-16T08:28:01.560+0000][666.484s][debug][safepoint     ] Safepoint synchronization initiated. (185 threads)
[2023-11-16T08:28:01.560+0000][666.484s][info ][safepoint     ] Application time: 18.0016357 seconds
[2023-11-16T08:28:01.560+0000][666.484s][info ][safepoint     ] Entering safepoint region: Cleanup
[2023-11-16T08:28:01.560+0000][666.484s][info ][safepoint     ] Leaving safepoint region
[2023-11-16T08:28:01.560+0000][666.484s][info ][safepoint     ] Total time for which application threads were stopped: 0.0003500 seconds, Stopping threads took: 0.0000492 seconds
[2023-11-16T08:28:08.561+0000][673.485s][debug][safepoint     ] Safepoint synchronization initiated. (185 threads)
[2023-11-16T08:28:08.561+0000][673.485s][info ][safepoint     ] Application time: 7.0007108 seconds
[2023-11-16T08:28:08.561+0000][673.485s][info ][safepoint     ] Entering safepoint region: Cleanup
[2023-11-16T08:28:08.561+0000][673.485s][info ][safepoint     ] Leaving safepoint region
[2023-11-16T08:28:08.561+0000][673.485s][info ][safepoint     ] Total time for which application threads were stopped: 0.0003515 seconds, Stopping threads took: 0.0000515 seconds
[2023-11-16T08:28:18.562+0000][683.486s][debug][safepoint     ] Safepoint synchronization initiated. (185 threads)
[2023-11-16T08:28:18.562+0000][683.486s][info ][safepoint     ] Application time: 10.0010141 seconds
[2023-11-16T08:28:18.562+0000][683.486s][debug][safepoint     ] ... found polling page return exception at pc = 0x00007ff17c5ab269, stub =0x00007ff17483a800
[2023-11-16T08:28:18.562+0000][683.486s][debug][safepoint     ] Waiting for 1 thread(s) to block
[2023-11-16T08:28:18.562+0000][683.486s][info ][safepoint     ] Entering safepoint region: Cleanup
[2023-11-16T08:28:18.562+0000][683.487s][info ][safepoint     ] Leaving safepoint region
[2023-11-16T08:28:18.562+0000][683.487s][info ][safepoint     ] Total time for which application threads were stopped: 0.0003359 seconds, Stopping threads took: 0.0001557 seconds
[2023-11-16T08:28:31.564+0000][696.488s][debug][safepoint     ] Safepoint synchronization initiated. (185 threads)
[2023-11-16T08:28:31.564+0000][696.488s][info ][safepoint     ] Application time: 13.0012090 seconds
[2023-11-16T08:28:31.564+0000][696.488s][info ][safepoint     ] Entering safepoint region: Cleanup
[2023-11-16T08:28:31.564+0000][696.488s][info ][safepoint     ] Leaving safepoint region
[2023-11-16T08:28:31.564+0000][696.488s][info ][safepoint     ] Total time for which application threads were stopped: 0.0002613 seconds, Stopping threads took: 0.0000528 seconds
[2023-11-16T08:28:38.565+0000][703.489s][debug][safepoint     ] Safepoint synchronization initiated. (184 threads)
[2023-11-16T08:28:38.565+0000][703.489s][info ][safepoint     ] Application time: 7.0006633 seconds
[2023-11-16T08:28:38.565+0000][703.489s][info ][safepoint     ] Entering safepoint region: Cleanup
[2023-11-16T08:28:38.565+0000][703.489s][info ][safepoint     ] Leaving safepoint region
[2023-11-16T08:28:38.565+0000][703.489s][info ][safepoint     ] Total time for which application threads were stopped: 0.0003652 seconds, Stopping threads took: 0.0000533 seconds
[2023-11-16T08:28:44.566+0000][709.490s][debug][safepoint     ] Safepoint synchronization initiated. (184 threads)
[2023-11-16T08:28:44.566+0000][709.490s][info ][safepoint     ] Application time: 6.0006044 seconds
[2023-11-16T08:28:44.566+0000][709.490s][info ][safepoint     ] Entering safepoint region: Cleanup
[2023-11-16T08:28:44.566+0000][709.490s][info ][safepoint     ] Leaving safepoint region
[2023-11-16T08:28:44.566+0000][709.490s][info ][safepoint     ] Total time for which application threads were stopped: 0.0003533 seconds, Stopping threads took: 0.0000528 seconds
[2023-11-16T08:29:18.569+0000][743.493s][debug][safepoint     ] Safepoint synchronization initiated. (183 threads)
[2023-11-16T08:29:18.569+0000][743.493s][info ][safepoint     ] Application time: 34.0030931 seconds
[2023-11-16T08:29:18.569+0000][743.493s][info ][safepoint     ] Entering safepoint region: Cleanup
[2023-11-16T08:29:18.569+0000][743.493s][info ][safepoint     ] Leaving safepoint region
[2023-11-16T08:29:18.569+0000][743.493s][info ][safepoint     ] Total time for which application threads were stopped: 0.0002655 seconds, Stopping threads took: 0.0000534 seconds
[2023-11-16T08:29:27.570+0000][752.494s][debug][safepoint     ] Safepoint synchronization initiated. (183 threads)
[2023-11-16T08:29:27.570+0000][752.494s][info ][safepoint     ] Application time: 9.0009531 seconds
[2023-11-16T08:29:27.570+0000][752.495s][info ][safepoint     ] Entering safepoint region: Cleanup
[2023-11-16T08:29:27.571+0000][752.495s][info ][safepoint     ] Leaving safepoint region
[2023-11-16T08:29:27.571+0000][752.495s][info ][safepoint     ] Total time for which application threads were stopped: 0.0002807 seconds, Stopping threads took: 0.0000518 seconds
[2023-11-16T08:29:28.571+0000][753.495s][debug][safepoint     ] Safepoint synchronization initiated. (183 threads)
[2023-11-16T08:29:28.571+0000][753.495s][info ][safepoint     ] Application time: 1.0001624 seconds
[2023-11-16T08:29:28.571+0000][753.495s][info ][safepoint     ] Entering safepoint region: Cleanup
[2023-11-16T08:29:28.571+0000][753.495s][info ][safepoint     ] Leaving safepoint region
[2023-11-16T08:29:28.571+0000][753.495s][info ][safepoint     ] Total time for which application threads were stopped: 0.0002541 seconds, Stopping threads took: 0.0000514 seconds
[2023-11-16T08:29:36.572+0000][761.496s][debug][safepoint     ] Safepoint synchronization initiated. (182 threads)
[2023-11-16T08:29:36.572+0000][761.496s][info ][safepoint     ] Application time: 8.0007229 seconds
[2023-11-16T08:29:36.572+0000][761.496s][info ][safepoint     ] Entering safepoint region: Cleanup
[2023-11-16T08:29:36.572+0000][761.497s][info ][safepoint     ] Leaving safepoint region
[2023-11-16T08:29:36.573+0000][761.497s][info ][safepoint     ] Total time for which application threads were stopped: 0.0006382 seconds, Stopping threads took: 0.0004233 seconds
[2023-11-16T08:29:38.573+0000][763.497s][debug][safepoint     ] Safepoint synchronization initiated. (182 threads)
[2023-11-16T08:29:38.573+0000][763.497s][info ][safepoint     ] Application time: 2.0002319 seconds
[2023-11-16T08:29:38.573+0000][763.497s][info ][safepoint     ] Entering safepoint region: Cleanup
[2023-11-16T08:29:38.573+0000][763.497s][info ][safepoint     ] Leaving safepoint region
[2023-11-16T08:29:38.573+0000][763.497s][info ][safepoint     ] Total time for which application threads were stopped: 0.0003484 seconds, Stopping threads took: 0.0000504 seconds
[2023-11-16T08:29:45.574+0000][770.498s][debug][safepoint     ] Safepoint synchronization initiated. (182 threads)
[2023-11-16T08:29:45.574+0000][770.498s][info ][safepoint     ] Application time: 7.0007519 seconds
[2023-11-16T08:29:45.574+0000][770.498s][info ][safepoint     ] Entering safepoint region: Cleanup
[2023-11-16T08:29:45.574+0000][770.498s][info ][safepoint     ] Leaving safepoint region
[2023-11-16T08:29:45.574+0000][770.498s][info ][safepoint     ] Total time for which application threads were stopped: 0.0002660 seconds, Stopping threads took: 0.0000512 seconds
[2023-11-16T08:30:03.576+0000][788.500s][debug][safepoint     ] Safepoint synchronization initiated. (181 threads)
[2023-11-16T08:30:03.576+0000][788.500s][info ][safepoint     ] Application time: 18.0017128 seconds
[2023-11-16T08:30:03.576+0000][788.500s][info ][safepoint     ] Entering safepoint region: Cleanup
[2023-11-16T08:30:03.576+0000][788.500s][info ][safepoint     ] Leaving safepoint region
[2023-11-16T08:30:03.576+0000][788.500s][info ][safepoint     ] Total time for which application threads were stopped: 0.0003675 seconds, Stopping threads took: 0.0000518 seconds
[2023-11-16T08:30:10.577+0000][795.501s][debug][safepoint     ] Safepoint synchronization initiated. (181 threads)
[2023-11-16T08:30:10.577+0000][795.501s][info ][safepoint     ] Application time: 7.0007329 seconds
[2023-11-16T08:30:10.577+0000][795.501s][info ][safepoint     ] Entering safepoint region: Cleanup
[2023-11-16T08:30:10.578+0000][795.502s][info ][safepoint     ] Leaving safepoint region
[2023-11-16T08:30:10.578+0000][795.502s][info ][safepoint     ] Total time for which application threads were stopped: 0.0004451 seconds, Stopping threads took: 0.0000521 seconds
[2023-11-16T08:30:24.579+0000][809.503s][debug][safepoint     ] Safepoint synchronization initiated. (184 threads)
[2023-11-16T08:30:24.579+0000][809.503s][info ][safepoint     ] Application time: 14.0013023 seconds
[2023-11-16T08:30:24.579+0000][809.503s][info ][safepoint     ] Entering safepoint region: Cleanup
[2023-11-16T08:30:24.579+0000][809.503s][info ][safepoint     ] Leaving safepoint region
[2023-11-16T08:30:24.579+0000][809.503s][info ][safepoint     ] Total time for which application threads were stopped: 0.0002307 seconds, Stopping threads took: 0.0000340 seconds
[2023-11-16T08:30:26.579+0000][811.503s][debug][safepoint     ] Safepoint synchronization initiated. (184 threads)
[2023-11-16T08:30:26.579+0000][811.503s][info ][safepoint     ] Application time: 2.0002644 seconds
[2023-11-16T08:30:26.579+0000][811.503s][info ][safepoint     ] Entering safepoint region: Cleanup
[2023-11-16T08:30:26.580+0000][811.504s][info ][safepoint     ] Leaving safepoint region
[2023-11-16T08:30:26.580+0000][811.504s][info ][safepoint     ] Total time for which application threads were stopped: 0.0003554 seconds, Stopping threads took: 0.0000527 seconds
[2023-11-16T08:30:27.580+0000][812.504s][debug][safepoint     ] Safepoint synchronization initiated. (184 threads)
[2023-11-16T08:30:27.580+0000][812.504s][info ][safepoint     ] Application time: 1.0001662 seconds
[2023-11-16T08:30:27.580+0000][812.504s][info ][safepoint     ] Entering safepoint region: Cleanup
[2023-11-16T08:30:27.580+0000][812.504s][info ][safepoint     ] Leaving safepoint region
[2023-11-16T08:30:27.580+0000][812.504s][info ][safepoint     ] Total time for which application threads were stopped: 0.0002983 seconds, Stopping threads took: 0.0000514 seconds
[2023-11-16T08:30:38.581+0000][823.505s][debug][safepoint     ] Safepoint synchronization initiated. (185 threads)
[2023-11-16T08:30:38.581+0000][823.505s][info ][safepoint     ] Application time: 11.0011141 seconds
[2023-11-16T08:30:38.581+0000][823.505s][info ][safepoint     ] Entering safepoint region: Cleanup
[2023-11-16T08:30:38.582+0000][823.506s][info ][safepoint     ] Leaving safepoint region
[2023-11-16T08:30:38.582+0000][823.506s][info ][safepoint     ] Total time for which application threads were stopped: 0.0003513 seconds, Stopping threads took: 0.0000525 seconds
[2023-11-16T08:30:45.582+0000][830.506s][debug][safepoint     ] Safepoint synchronization initiated. (185 threads)
[2023-11-16T08:30:45.582+0000][830.507s][info ][safepoint     ] Application time: 7.0007273 seconds
[2023-11-16T08:30:45.583+0000][830.507s][info ][safepoint     ] Entering safepoint region: Cleanup
[2023-11-16T08:30:45.583+0000][830.507s][info ][safepoint     ] Leaving safepoint region
[2023-11-16T08:30:45.583+0000][830.507s][info ][safepoint     ] Total time for which application threads were stopped: 0.0003510 seconds, Stopping threads took: 0.0000521 seconds
[2023-11-16T08:30:46.583+0000][831.507s][debug][safepoint     ] Safepoint synchronization initiated. (185 threads)
[2023-11-16T08:30:46.583+0000][831.507s][info ][safepoint     ] Application time: 1.0001555 seconds
[2023-11-16T08:30:46.583+0000][831.507s][info ][safepoint     ] Entering safepoint region: Cleanup
[2023-11-16T08:30:46.583+0000][831.507s][info ][safepoint     ] Leaving safepoint region
[2023-11-16T08:30:46.583+0000][831.507s][info ][safepoint     ] Total time for which application threads were stopped: 0.0002804 seconds, Stopping threads took: 0.0000521 seconds
[2023-11-16T08:30:47.583+0000][832.508s][debug][safepoint     ] Safepoint synchronization initiated. (185 threads)
[2023-11-16T08:30:47.584+0000][832.508s][info ][safepoint     ] Application time: 1.0001833 seconds
[2023-11-16T08:30:47.584+0000][832.508s][info ][safepoint     ] Entering safepoint region: Cleanup
[2023-11-16T08:30:47.584+0000][832.508s][info ][safepoint     ] Leaving safepoint region
[2023-11-16T08:30:47.584+0000][832.508s][info ][safepoint     ] Total time for which application threads were stopped: 0.0003712 seconds, Stopping threads took: 0.0000501 seconds
[2023-11-16T08:30:48.584+0000][833.508s][debug][safepoint     ] Safepoint synchronization initiated. (185 threads)
[2023-11-16T08:30:48.584+0000][833.508s][info ][safepoint     ] Application time: 1.0001563 seconds
[2023-11-16T08:30:48.584+0000][833.508s][info ][safepoint     ] Entering safepoint region: Cleanup
[2023-11-16T08:30:48.584+0000][833.509s][info ][safepoint     ] Leaving safepoint region
[2023-11-16T08:30:48.584+0000][833.509s][info ][safepoint     ] Total time for which application threads were stopped: 0.0004048 seconds, Stopping threads took: 0.0000520 seconds
[2023-11-16T08:30:49.585+0000][834.509s][debug][safepoint     ] Safepoint synchronization initiated. (185 threads)
[2023-11-16T08:30:49.585+0000][834.509s][info ][safepoint     ] Application time: 1.0001549 seconds
[2023-11-16T08:30:49.585+0000][834.509s][info ][safepoint     ] Entering safepoint region: Cleanup
[2023-11-16T08:30:49.585+0000][834.509s][info ][safepoint     ] Leaving safepoint region
[2023-11-16T08:30:49.585+0000][834.509s][info ][safepoint     ] Total time for which application threads were stopped: 0.0004069 seconds, Stopping threads took: 0.0000517 seconds
[2023-11-16T08:30:52.585+0000][837.509s][debug][safepoint     ] Safepoint synchronization initiated. (186 threads)
[2023-11-16T08:30:52.585+0000][837.510s][info ][safepoint     ] Application time: 3.0003623 seconds
[2023-11-16T08:30:52.586+0000][837.510s][info ][safepoint     ] Entering safepoint region: Cleanup
[2023-11-16T08:30:52.586+0000][837.510s][info ][safepoint     ] Leaving safepoint region
[2023-11-16T08:30:52.586+0000][837.510s][info ][safepoint     ] Total time for which application threads were stopped: 0.0002717 seconds, Stopping threads took: 0.0000544 seconds
[2023-11-16T08:31:31.589+0000][876.513s][debug][safepoint     ] Safepoint synchronization initiated. (185 threads)
[2023-11-16T08:31:31.589+0000][876.513s][info ][safepoint     ] Application time: 39.0035547 seconds
[2023-11-16T08:31:31.589+0000][876.513s][info ][safepoint     ] Entering safepoint region: Cleanup
[2023-11-16T08:31:31.590+0000][876.514s][info ][safepoint     ] Leaving safepoint region
[2023-11-16T08:31:31.590+0000][876.514s][info ][safepoint     ] Total time for which application threads were stopped: 0.0002623 seconds, Stopping threads took: 0.0000493 seconds
[2023-11-16T08:31:42.591+0000][887.515s][debug][safepoint     ] Safepoint synchronization initiated. (185 threads)
[2023-11-16T08:31:42.591+0000][887.515s][info ][safepoint     ] Application time: 11.0011547 seconds
[2023-11-16T08:31:42.591+0000][887.515s][info ][safepoint     ] Entering safepoint region: Cleanup
[2023-11-16T08:31:42.591+0000][887.515s][info ][safepoint     ] Leaving safepoint region
[2023-11-16T08:31:42.591+0000][887.515s][info ][safepoint     ] Total time for which application threads were stopped: 0.0003543 seconds, Stopping threads took: 0.0000531 seconds
[2023-11-16T08:31:47.592+0000][892.516s][debug][safepoint     ] Safepoint synchronization initiated. (185 threads)
[2023-11-16T08:31:47.592+0000][892.516s][info ][safepoint     ] Application time: 5.0005248 seconds
[2023-11-16T08:31:47.592+0000][892.516s][info ][safepoint     ] Entering safepoint region: Cleanup
[2023-11-16T08:31:47.592+0000][892.516s][info ][safepoint     ] Leaving safepoint region
[2023-11-16T08:31:47.592+0000][892.516s][info ][safepoint     ] Total time for which application threads were stopped: 0.0003440 seconds, Stopping threads took: 0.0000517 seconds
[2023-11-16T08:32:02.593+0000][907.517s][debug][safepoint     ] Safepoint synchronization initiated. (185 threads)
[2023-11-16T08:32:02.593+0000][907.518s][info ][safepoint     ] Application time: 15.0013965 seconds
[2023-11-16T08:32:02.594+0000][907.518s][info ][safepoint     ] Entering safepoint region: Cleanup
[2023-11-16T08:32:02.594+0000][907.518s][info ][safepoint     ] Leaving safepoint region
[2023-11-16T08:32:02.594+0000][907.518s][info ][safepoint     ] Total time for which application threads were stopped: 0.0002697 seconds, Stopping threads took: 0.0000524 seconds
[2023-11-16T08:32:22.596+0000][927.520s][debug][safepoint     ] Safepoint synchronization initiated. (185 threads)
[2023-11-16T08:32:22.596+0000][927.520s][info ][safepoint     ] Application time: 20.0019186 seconds
[2023-11-16T08:32:22.596+0000][927.520s][info ][safepoint     ] Entering safepoint region: Cleanup
[2023-11-16T08:32:22.596+0000][927.520s][info ][safepoint     ] Leaving safepoint region
[2023-11-16T08:32:22.596+0000][927.520s][info ][safepoint     ] Total time for which application threads were stopped: 0.0003715 seconds, Stopping threads took: 0.0000520 seconds
[2023-11-16T08:32:38.598+0000][943.522s][debug][safepoint     ] Safepoint synchronization initiated. (184 threads)
[2023-11-16T08:32:38.598+0000][943.522s][info ][safepoint     ] Application time: 16.0014924 seconds
[2023-11-16T08:32:38.598+0000][943.522s][info ][safepoint     ] Entering safepoint region: Cleanup
[2023-11-16T08:32:38.598+0000][943.522s][info ][safepoint     ] Leaving safepoint region
[2023-11-16T08:32:38.598+0000][943.522s][info ][safepoint     ] Total time for which application threads were stopped: 0.0003478 seconds, Stopping threads took: 0.0000512 seconds
[2023-11-16T08:32:39.598+0000][944.522s][debug][safepoint     ] Safepoint synchronization initiated. (184 threads)
[2023-11-16T08:32:39.598+0000][944.522s][info ][safepoint     ] Application time: 1.0001624 seconds
[2023-11-16T08:32:39.598+0000][944.522s][info ][safepoint     ] Entering safepoint region: Cleanup
[2023-11-16T08:32:39.598+0000][944.522s][info ][safepoint     ] Leaving safepoint region
[2023-11-16T08:32:39.598+0000][944.522s][info ][safepoint     ] Total time for which application threads were stopped: 0.0002613 seconds, Stopping threads took: 0.0000507 seconds
[2023-11-16T08:32:48.599+0000][953.523s][debug][safepoint     ] Safepoint synchronization initiated. (183 threads)
[2023-11-16T08:32:48.599+0000][953.523s][info ][safepoint     ] Application time: 9.0009287 seconds
[2023-11-16T08:32:48.599+0000][953.523s][info ][safepoint     ] Entering safepoint region: Cleanup
[2023-11-16T08:32:48.600+0000][953.524s][info ][safepoint     ] Leaving safepoint region
[2023-11-16T08:32:48.600+0000][953.524s][info ][safepoint     ] Total time for which application threads were stopped: 0.0003642 seconds, Stopping threads took: 0.0000528 seconds
[2023-11-16T08:33:12.621+0000][977.545s][debug][safepoint     ] Safepoint synchronization initiated. (183 threads)
[2023-11-16T08:33:12.621+0000][977.545s][info ][safepoint     ] Application time: 24.0213870 seconds
[2023-11-16T08:33:12.621+0000][977.545s][info ][safepoint     ] Entering safepoint region: G1CollectForAllocation
[2023-11-16T08:33:12.621+0000][977.546s][info ][gc,start      ] GC(39) Pause Young (Normal) (G1 Evacuation Pause)
[2023-11-16T08:33:12.621+0000][977.546s][info ][gc,task       ] GC(39) Using 4 workers of 4 for evacuation
[2023-11-16T08:33:12.654+0000][977.578s][info ][gc,phases     ] GC(39)   Pre Evacuate Collection Set: 0.0ms
[2023-11-16T08:33:12.654+0000][977.579s][info ][gc,phases     ] GC(39)   Evacuate Collection Set: 28.1ms
[2023-11-16T08:33:12.654+0000][977.579s][info ][gc,phases     ] GC(39)   Post Evacuate Collection Set: 4.5ms
[2023-11-16T08:33:12.655+0000][977.579s][info ][gc,phases     ] GC(39)   Other: 0.4ms
[2023-11-16T08:33:12.655+0000][977.579s][info ][gc,heap       ] GC(39) Eden regions: 413->0(414)
[2023-11-16T08:33:12.655+0000][977.579s][info ][gc,heap       ] GC(39) Survivor regions: 23->22(55)
[2023-11-16T08:33:12.655+0000][977.579s][info ][gc,heap       ] GC(39) Old regions: 131->131
[2023-11-16T08:33:12.655+0000][977.579s][info ][gc,heap       ] GC(39) Humongous regions: 0->0
[2023-11-16T08:33:12.655+0000][977.579s][info ][gc,metaspace  ] GC(39) Metaspace: 158714K(164060K)->158714K(164060K) NonClass: 140313K(143580K)->140313K(143580K) Class: 18400K(20480K)->18400K(20480K)
[2023-11-16T08:33:12.655+0000][977.579s][info ][gc            ] GC(39) Pause Young (Normal) (G1 Evacuation Pause) 564M->150M(728M) 33.175ms
[2023-11-16T08:33:12.655+0000][977.579s][info ][gc,cpu        ] GC(39) User=0.12s Sys=0.00s Real=0.03s
[2023-11-16T08:33:12.655+0000][977.579s][info ][safepoint     ] Leaving safepoint region
[2023-11-16T08:33:12.655+0000][977.579s][info ][safepoint     ] Total time for which application threads were stopped: 0.0335789 seconds, Stopping threads took: 0.0000581 seconds
[2023-11-16T08:33:12.655+0000][977.579s][info ][gc,stringdedup] Concurrent String Deduplication (977.579s)
[2023-11-16T08:33:12.659+0000][977.583s][info ][gc,stringdedup] Concurrent String Deduplication 507.2K->290.6K(216.6K) avg 53.5% (977.579s, 977.583s) 4.051ms
[2023-11-16T08:33:13.655+0000][978.579s][debug][safepoint     ] Safepoint synchronization initiated. (183 threads)
[2023-11-16T08:33:13.655+0000][978.579s][info ][safepoint     ] Application time: 1.0001694 seconds
[2023-11-16T08:33:13.655+0000][978.579s][info ][safepoint     ] Entering safepoint region: Cleanup
[2023-11-16T08:33:13.655+0000][978.579s][info ][safepoint     ] Leaving safepoint region
[2023-11-16T08:33:13.655+0000][978.579s][info ][safepoint     ] Total time for which application threads were stopped: 0.0002598 seconds, Stopping threads took: 0.0000510 seconds
[2023-11-16T08:33:18.656+0000][983.580s][debug][safepoint     ] Safepoint synchronization initiated. (183 threads)
[2023-11-16T08:33:18.656+0000][983.580s][info ][safepoint     ] Application time: 5.0004838 seconds
[2023-11-16T08:33:18.656+0000][983.580s][info ][safepoint     ] Entering safepoint region: Cleanup
[2023-11-16T08:33:18.656+0000][983.580s][info ][safepoint     ] Leaving safepoint region
[2023-11-16T08:33:18.656+0000][983.580s][info ][safepoint     ] Total time for which application threads were stopped: 0.0003544 seconds, Stopping threads took: 0.0000526 seconds
[2023-11-16T08:33:38.658+0000][1003.582s][debug][safepoint     ] Safepoint synchronization initiated. (181 threads)
[2023-11-16T08:33:38.658+0000][1003.582s][info ][safepoint     ] Application time: 20.0019394 seconds
[2023-11-16T08:33:38.658+0000][1003.582s][info ][safepoint     ] Entering safepoint region: Cleanup
[2023-11-16T08:33:38.658+0000][1003.582s][info ][safepoint     ] Leaving safepoint region
[2023-11-16T08:33:38.658+0000][1003.582s][info ][safepoint     ] Total time for which application threads were stopped: 0.0002730 seconds, Stopping threads took: 0.0000527 seconds
[2023-11-16T08:33:46.659+0000][1011.583s][debug][safepoint     ] Safepoint synchronization initiated. (181 threads)
[2023-11-16T08:33:46.659+0000][1011.583s][info ][safepoint     ] Application time: 8.0008003 seconds
[2023-11-16T08:33:46.659+0000][1011.583s][info ][safepoint     ] Entering safepoint region: Cleanup
[2023-11-16T08:33:46.659+0000][1011.584s][info ][safepoint     ] Leaving safepoint region
[2023-11-16T08:33:46.660+0000][1011.584s][info ][safepoint     ] Total time for which application threads were stopped: 0.0003580 seconds, Stopping threads took: 0.0000531 seconds
[2023-11-16T08:33:58.661+0000][1023.585s][debug][safepoint     ] Safepoint synchronization initiated. (185 threads)
[2023-11-16T08:33:58.661+0000][1023.585s][info ][safepoint     ] Application time: 12.0012183 seconds
[2023-11-16T08:33:58.661+0000][1023.585s][info ][safepoint     ] Entering safepoint region: Cleanup
[2023-11-16T08:33:58.661+0000][1023.585s][info ][safepoint     ] Leaving safepoint region
[2023-11-16T08:33:58.661+0000][1023.585s][info ][safepoint     ] Total time for which application threads were stopped: 0.0004023 seconds, Stopping threads took: 0.0000504 seconds
[2023-11-16T08:34:38.665+0000][1063.589s][debug][safepoint     ] Safepoint synchronization initiated. (185 threads)
[2023-11-16T08:34:38.665+0000][1063.589s][info ][safepoint     ] Application time: 40.0036645 seconds
[2023-11-16T08:34:38.665+0000][1063.589s][info ][safepoint     ] Entering safepoint region: Cleanup
[2023-11-16T08:34:38.665+0000][1063.589s][info ][safepoint     ] Leaving safepoint region
[2023-11-16T08:34:38.665+0000][1063.589s][info ][safepoint     ] Total time for which application threads were stopped: 0.0002810 seconds, Stopping threads took: 0.0000537 seconds
[2023-11-16T08:34:50.666+0000][1075.590s][debug][safepoint     ] Safepoint synchronization initiated. (185 threads)
[2023-11-16T08:34:50.666+0000][1075.591s][info ][safepoint     ] Application time: 12.0012406 seconds
[2023-11-16T08:34:50.667+0000][1075.591s][info ][safepoint     ] Entering safepoint region: Cleanup
[2023-11-16T08:34:50.667+0000][1075.591s][info ][safepoint     ] Leaving safepoint region
[2023-11-16T08:34:50.667+0000][1075.591s][info ][safepoint     ] Total time for which application threads were stopped: 0.0002440 seconds, Stopping threads took: 0.0000579 seconds
[2023-11-16T08:35:13.669+0000][1098.593s][debug][safepoint     ] Safepoint synchronization initiated. (184 threads)
[2023-11-16T08:35:13.669+0000][1098.593s][info ][safepoint     ] Application time: 23.0020115 seconds
[2023-11-16T08:35:13.669+0000][1098.593s][info ][safepoint     ] Entering safepoint region: Cleanup
[2023-11-16T08:35:13.669+0000][1098.593s][info ][safepoint     ] Leaving safepoint region
[2023-11-16T08:35:13.669+0000][1098.593s][info ][safepoint     ] Total time for which application threads were stopped: 0.0002616 seconds, Stopping threads took: 0.0000538 seconds
[2023-11-16T08:35:17.669+0000][1102.594s][debug][safepoint     ] Safepoint synchronization initiated. (184 threads)
[2023-11-16T08:35:17.670+0000][1102.594s][info ][safepoint     ] Application time: 4.0004483 seconds
[2023-11-16T08:35:17.670+0000][1102.594s][info ][safepoint     ] Entering safepoint region: Cleanup
[2023-11-16T08:35:17.670+0000][1102.594s][info ][safepoint     ] Leaving safepoint region
[2023-11-16T08:35:17.670+0000][1102.594s][info ][safepoint     ] Total time for which application threads were stopped: 0.0002498 seconds, Stopping threads took: 0.0000506 seconds
[2023-11-16T08:35:32.671+0000][1117.595s][debug][safepoint     ] Safepoint synchronization initiated. (184 threads)
[2023-11-16T08:35:32.671+0000][1117.595s][info ][safepoint     ] Application time: 15.0014547 seconds
[2023-11-16T08:35:32.671+0000][1117.595s][info ][safepoint     ] Entering safepoint region: Cleanup
[2023-11-16T08:35:32.672+0000][1117.596s][info ][safepoint     ] Leaving safepoint region
[2023-11-16T08:35:32.672+0000][1117.596s][info ][safepoint     ] Total time for which application threads were stopped: 0.0002834 seconds, Stopping threads took: 0.0000530 seconds
[2023-11-16T08:35:38.672+0000][1123.596s][debug][safepoint     ] Safepoint synchronization initiated. (184 threads)
[2023-11-16T08:35:38.672+0000][1123.596s][info ][safepoint     ] Application time: 6.0005094 seconds
[2023-11-16T08:35:38.672+0000][1123.596s][info ][safepoint     ] Entering safepoint region: Cleanup
[2023-11-16T08:35:38.672+0000][1123.596s][info ][safepoint     ] Leaving safepoint region
[2023-11-16T08:35:38.672+0000][1123.596s][info ][safepoint     ] Total time for which application threads were stopped: 0.0002609 seconds, Stopping threads took: 0.0000537 seconds
[2023-11-16T08:35:52.674+0000][1137.598s][debug][safepoint     ] Safepoint synchronization initiated. (184 threads)
[2023-11-16T08:35:52.674+0000][1137.598s][info ][safepoint     ] Application time: 14.0013181 seconds
[2023-11-16T08:35:52.674+0000][1137.598s][info ][safepoint     ] Entering safepoint region: Cleanup
[2023-11-16T08:35:52.674+0000][1137.598s][info ][safepoint     ] Leaving safepoint region
[2023-11-16T08:35:52.674+0000][1137.598s][info ][safepoint     ] Total time for which application threads were stopped: 0.0002517 seconds, Stopping threads took: 0.0000539 seconds
[2023-11-16T08:36:27.677+0000][1172.601s][debug][safepoint     ] Safepoint synchronization initiated. (183 threads)
[2023-11-16T08:36:27.677+0000][1172.601s][info ][safepoint     ] Application time: 35.0032190 seconds
[2023-11-16T08:36:27.677+0000][1172.601s][info ][safepoint     ] Entering safepoint region: Cleanup
[2023-11-16T08:36:27.678+0000][1172.602s][info ][safepoint     ] Leaving safepoint region
[2023-11-16T08:36:27.678+0000][1172.602s][info ][safepoint     ] Total time for which application threads were stopped: 0.0003463 seconds, Stopping threads took: 0.0000508 seconds
[2023-11-16T08:36:32.678+0000][1177.602s][debug][safepoint     ] Safepoint synchronization initiated. (183 threads)
[2023-11-16T08:36:32.678+0000][1177.602s][info ][safepoint     ] Application time: 5.0005466 seconds
[2023-11-16T08:36:32.678+0000][1177.602s][info ][safepoint     ] Entering safepoint region: Cleanup
[2023-11-16T08:36:32.678+0000][1177.603s][info ][safepoint     ] Leaving safepoint region
[2023-11-16T08:36:32.679+0000][1177.603s][info ][safepoint     ] Total time for which application threads were stopped: 0.0003700 seconds, Stopping threads took: 0.0000517 seconds
[2023-11-16T08:36:34.679+0000][1179.603s][debug][safepoint     ] Safepoint synchronization initiated. (183 threads)
[2023-11-16T08:36:34.679+0000][1179.603s][info ][safepoint     ] Application time: 2.0002501 seconds
[2023-11-16T08:36:34.679+0000][1179.603s][info ][safepoint     ] Entering safepoint region: Cleanup
[2023-11-16T08:36:34.679+0000][1179.603s][info ][safepoint     ] Leaving safepoint region
[2023-11-16T08:36:34.679+0000][1179.603s][info ][safepoint     ] Total time for which application threads were stopped: 0.0003386 seconds, Stopping threads took: 0.0000509 seconds
[2023-11-16T08:36:38.679+0000][1183.604s][debug][safepoint     ] Safepoint synchronization initiated. (183 threads)
[2023-11-16T08:36:38.680+0000][1183.604s][info ][safepoint     ] Application time: 4.0004072 seconds
[2023-11-16T08:36:38.680+0000][1183.604s][info ][safepoint     ] Entering safepoint region: Cleanup
[2023-11-16T08:36:38.680+0000][1183.604s][info ][safepoint     ] Leaving safepoint region
[2023-11-16T08:36:38.680+0000][1183.604s][info ][safepoint     ] Total time for which application threads were stopped: 0.0003474 seconds, Stopping threads took: 0.0000502 seconds
[2023-11-16T08:36:39.680+0000][1184.604s][debug][safepoint     ] Safepoint synchronization initiated. (183 threads)
[2023-11-16T08:36:39.680+0000][1184.604s][info ][safepoint     ] Application time: 1.0001754 seconds
[2023-11-16T08:36:39.680+0000][1184.604s][info ][safepoint     ] Entering safepoint region: Cleanup
[2023-11-16T08:36:39.680+0000][1184.605s][info ][safepoint     ] Leaving safepoint region
[2023-11-16T08:36:39.680+0000][1184.605s][info ][safepoint     ] Total time for which application threads were stopped: 0.0003500 seconds, Stopping threads took: 0.0000512 seconds
[2023-11-16T08:36:52.682+0000][1197.606s][debug][safepoint     ] Safepoint synchronization initiated. (183 threads)
[2023-11-16T08:36:52.682+0000][1197.606s][info ][safepoint     ] Application time: 13.0012454 seconds
[2023-11-16T08:36:52.682+0000][1197.606s][info ][safepoint     ] Entering safepoint region: Cleanup
[2023-11-16T08:36:52.682+0000][1197.606s][info ][safepoint     ] Leaving safepoint region
[2023-11-16T08:36:52.682+0000][1197.606s][info ][safepoint     ] Total time for which application threads were stopped: 0.0003311 seconds, Stopping threads took: 0.0000515 seconds
[2023-11-16T08:37:32.686+0000][1237.610s][debug][safepoint     ] Safepoint synchronization initiated. (182 threads)
[2023-11-16T08:37:32.686+0000][1237.610s][info ][safepoint     ] Application time: 40.0036504 seconds
[2023-11-16T08:37:32.686+0000][1237.610s][info ][safepoint     ] Entering safepoint region: Cleanup
[2023-11-16T08:37:32.686+0000][1237.610s][info ][safepoint     ] Leaving safepoint region
[2023-11-16T08:37:32.686+0000][1237.610s][info ][safepoint     ] Total time for which application threads were stopped: 0.0003400 seconds, Stopping threads took: 0.0000513 seconds
[2023-11-16T08:37:38.687+0000][1243.611s][debug][safepoint     ] Safepoint synchronization initiated. (182 threads)
[2023-11-16T08:37:38.687+0000][1243.611s][info ][safepoint     ] Application time: 6.0007391 seconds
[2023-11-16T08:37:38.687+0000][1243.611s][info ][safepoint     ] Entering safepoint region: Cleanup
[2023-11-16T08:37:38.687+0000][1243.611s][info ][safepoint     ] Leaving safepoint region
[2023-11-16T08:37:38.687+0000][1243.611s][info ][safepoint     ] Total time for which application threads were stopped: 0.0002721 seconds, Stopping threads took: 0.0000520 seconds
[2023-11-16T08:37:51.688+0000][1256.612s][debug][safepoint     ] Safepoint synchronization initiated. (182 threads)
[2023-11-16T08:37:51.688+0000][1256.612s][info ][safepoint     ] Application time: 13.0011832 seconds
[2023-11-16T08:37:51.688+0000][1256.612s][info ][safepoint     ] Entering safepoint region: Cleanup
[2023-11-16T08:37:51.689+0000][1256.613s][info ][safepoint     ] Leaving safepoint region
[2023-11-16T08:37:51.689+0000][1256.613s][info ][safepoint     ] Total time for which application threads were stopped: 0.0003658 seconds, Stopping threads took: 0.0000488 seconds
[2023-11-16T08:37:53.689+0000][1258.613s][debug][safepoint     ] Safepoint synchronization initiated. (182 threads)
[2023-11-16T08:37:53.689+0000][1258.613s][info ][safepoint     ] Application time: 2.0002260 seconds
[2023-11-16T08:37:53.689+0000][1258.613s][info ][safepoint     ] Entering safepoint region: Cleanup
[2023-11-16T08:37:53.689+0000][1258.613s][info ][safepoint     ] Leaving safepoint region
[2023-11-16T08:37:53.689+0000][1258.613s][info ][safepoint     ] Total time for which application threads were stopped: 0.0002584 seconds, Stopping threads took: 0.0000503 seconds
[2023-11-16T08:38:17.692+0000][1282.616s][debug][safepoint     ] Safepoint synchronization initiated. (181 threads)
[2023-11-16T08:38:17.692+0000][1282.616s][info ][safepoint     ] Application time: 24.0023576 seconds
[2023-11-16T08:38:17.692+0000][1282.616s][info ][safepoint     ] Entering safepoint region: Cleanup
[2023-11-16T08:38:17.692+0000][1282.616s][info ][safepoint     ] Leaving safepoint region
[2023-11-16T08:38:17.692+0000][1282.616s][info ][safepoint     ] Total time for which application threads were stopped: 0.0002060 seconds, Stopping threads took: 0.0000441 seconds
[2023-11-16T08:38:37.694+0000][1302.618s][debug][safepoint     ] Safepoint synchronization initiated. (181 threads)
[2023-11-16T08:38:37.694+0000][1302.618s][info ][safepoint     ] Application time: 20.0023149 seconds
[2023-11-16T08:38:37.694+0000][1302.618s][info ][safepoint     ] Entering safepoint region: Cleanup
[2023-11-16T08:38:37.695+0000][1302.619s][info ][safepoint     ] Leaving safepoint region
[2023-11-16T08:38:37.695+0000][1302.619s][info ][safepoint     ] Total time for which application threads were stopped: 0.0003310 seconds, Stopping threads took: 0.0000516 seconds
[2023-11-16T08:38:49.696+0000][1314.620s][debug][safepoint     ] Safepoint synchronization initiated. (181 threads)
[2023-11-16T08:38:49.696+0000][1314.620s][info ][safepoint     ] Application time: 12.0011630 seconds
[2023-11-16T08:38:49.696+0000][1314.620s][info ][safepoint     ] Entering safepoint region: Cleanup
[2023-11-16T08:38:49.696+0000][1314.620s][info ][safepoint     ] Leaving safepoint region
[2023-11-16T08:38:49.696+0000][1314.620s][info ][safepoint     ] Total time for which application threads were stopped: 0.0003404 seconds, Stopping threads took: 0.0000510 seconds
[2023-11-16T08:38:51.696+0000][1316.620s][debug][safepoint     ] Safepoint synchronization initiated. (181 threads)
[2023-11-16T08:38:51.696+0000][1316.620s][info ][safepoint     ] Application time: 2.0002517 seconds
[2023-11-16T08:38:51.696+0000][1316.620s][info ][safepoint     ] Entering safepoint region: Cleanup
[2023-11-16T08:38:51.697+0000][1316.621s][info ][safepoint     ] Leaving safepoint region
[2023-11-16T08:38:51.697+0000][1316.621s][info ][safepoint     ] Total time for which application threads were stopped: 0.0002548 seconds, Stopping threads took: 0.0000491 seconds
[2023-11-16T08:38:52.697+0000][1317.621s][debug][safepoint     ] Safepoint synchronization initiated. (181 threads)
[2023-11-16T08:38:52.697+0000][1317.621s][info ][safepoint     ] Application time: 1.0001730 seconds
[2023-11-16T08:38:52.697+0000][1317.621s][info ][safepoint     ] Entering safepoint region: Cleanup
[2023-11-16T08:38:52.697+0000][1317.621s][info ][safepoint     ] Leaving safepoint region
[2023-11-16T08:38:52.697+0000][1317.621s][info ][safepoint     ] Total time for which application threads were stopped: 0.0003420 seconds, Stopping threads took: 0.0000495 seconds
[2023-11-16T08:39:01.698+0000][1326.622s][debug][safepoint     ] Safepoint synchronization initiated. (180 threads)
[2023-11-16T08:39:01.698+0000][1326.622s][info ][safepoint     ] Application time: 9.0008827 seconds
[2023-11-16T08:39:01.698+0000][1326.622s][info ][safepoint     ] Entering safepoint region: Cleanup
[2023-11-16T08:39:01.698+0000][1326.622s][info ][safepoint     ] Leaving safepoint region
[2023-11-16T08:39:01.698+0000][1326.622s][info ][safepoint     ] Total time for which application threads were stopped: 0.0002745 seconds, Stopping threads took: 0.0000556 seconds
[2023-11-16T08:39:12.699+0000][1337.623s][debug][safepoint     ] Safepoint synchronization initiated. (180 threads)
[2023-11-16T08:39:12.699+0000][1337.624s][info ][safepoint     ] Application time: 11.0010587 seconds
[2023-11-16T08:39:12.700+0000][1337.624s][info ][safepoint     ] Entering safepoint region: Cleanup
[2023-11-16T08:39:12.700+0000][1337.624s][info ][safepoint     ] Leaving safepoint region
[2023-11-16T08:39:12.700+0000][1337.624s][info ][safepoint     ] Total time for which application threads were stopped: 0.0003483 seconds, Stopping threads took: 0.0000522 seconds
[2023-11-16T08:39:32.702+0000][1357.626s][debug][safepoint     ] Safepoint synchronization initiated. (180 threads)
[2023-11-16T08:39:32.702+0000][1357.626s][info ][safepoint     ] Application time: 20.0019662 seconds
[2023-11-16T08:39:32.702+0000][1357.626s][info ][safepoint     ] Entering safepoint region: Cleanup
[2023-11-16T08:39:32.702+0000][1357.626s][info ][safepoint     ] Leaving safepoint region
[2023-11-16T08:39:32.702+0000][1357.626s][info ][safepoint     ] Total time for which application threads were stopped: 0.0002543 seconds, Stopping threads took: 0.0000509 seconds
[2023-11-16T08:39:52.704+0000][1377.628s][debug][safepoint     ] Safepoint synchronization initiated. (180 threads)
[2023-11-16T08:39:52.704+0000][1377.628s][info ][safepoint     ] Application time: 20.0019001 seconds
[2023-11-16T08:39:52.704+0000][1377.628s][info ][safepoint     ] Entering safepoint region: Cleanup
[2023-11-16T08:39:52.704+0000][1377.628s][info ][safepoint     ] Leaving safepoint region
[2023-11-16T08:39:52.704+0000][1377.628s][info ][safepoint     ] Total time for which application threads were stopped: 0.0003468 seconds, Stopping threads took: 0.0000511 seconds
[2023-11-16T08:40:30.716+0000][1415.640s][debug][safepoint     ] Safepoint synchronization initiated. (179 threads)
[2023-11-16T08:40:30.716+0000][1415.641s][info ][safepoint     ] Application time: 38.0120768 seconds
[2023-11-16T08:40:30.717+0000][1415.641s][info ][safepoint     ] Entering safepoint region: G1CollectForAllocation
[2023-11-16T08:40:30.717+0000][1415.641s][info ][gc,start      ] GC(40) Pause Young (Normal) (G1 Evacuation Pause)
[2023-11-16T08:40:30.717+0000][1415.641s][info ][gc,task       ] GC(40) Using 4 workers of 4 for evacuation
[2023-11-16T08:40:30.749+0000][1415.674s][info ][gc,phases     ] GC(40)   Pre Evacuate Collection Set: 0.0ms
[2023-11-16T08:40:30.750+0000][1415.674s][info ][gc,phases     ] GC(40)   Evacuate Collection Set: 27.2ms
[2023-11-16T08:40:30.750+0000][1415.674s][info ][gc,phases     ] GC(40)   Post Evacuate Collection Set: 5.0ms
[2023-11-16T08:40:30.750+0000][1415.674s][info ][gc,phases     ] GC(40)   Other: 0.4ms
[2023-11-16T08:40:30.750+0000][1415.674s][info ][gc,heap       ] GC(40) Eden regions: 414->0(414)
[2023-11-16T08:40:30.750+0000][1415.674s][info ][gc,heap       ] GC(40) Survivor regions: 22->22(55)
[2023-11-16T08:40:30.750+0000][1415.674s][info ][gc,heap       ] GC(40) Old regions: 131->131
[2023-11-16T08:40:30.750+0000][1415.674s][info ][gc,heap       ] GC(40) Humongous regions: 0->0
[2023-11-16T08:40:30.750+0000][1415.674s][info ][gc,metaspace  ] GC(40) Metaspace: 158998K(164316K)->158998K(164316K) NonClass: 140589K(143836K)->140589K(143836K) Class: 18409K(20480K)->18409K(20480K)
[2023-11-16T08:40:30.750+0000][1415.674s][info ][gc            ] GC(40) Pause Young (Normal) (G1 Evacuation Pause) 564M->150M(728M) 32.865ms
[2023-11-16T08:40:30.750+0000][1415.674s][info ][gc,cpu        ] GC(40) User=0.13s Sys=0.00s Real=0.04s
[2023-11-16T08:40:30.750+0000][1415.674s][info ][safepoint     ] Leaving safepoint region
[2023-11-16T08:40:30.750+0000][1415.674s][info ][safepoint     ] Total time for which application threads were stopped: 0.0333529 seconds, Stopping threads took: 0.0000512 seconds
[2023-11-16T08:40:30.750+0000][1415.674s][info ][gc,stringdedup] Concurrent String Deduplication (1415.674s)
[2023-11-16T08:40:30.750+0000][1415.674s][info ][gc,stringdedup] Concurrent String Deduplication 1192.0B->704.0B(488.0B) avg 53.5% (1415.674s, 1415.674s) 0.111ms
[2023-11-16T08:40:32.750+0000][1417.674s][debug][safepoint     ] Safepoint synchronization initiated. (179 threads)
[2023-11-16T08:40:32.750+0000][1417.674s][info ][safepoint     ] Application time: 2.0002801 seconds
[2023-11-16T08:40:32.750+0000][1417.674s][info ][safepoint     ] Entering safepoint region: Cleanup
[2023-11-16T08:40:32.750+0000][1417.675s][info ][safepoint     ] Leaving safepoint region
[2023-11-16T08:40:32.750+0000][1417.675s][info ][safepoint     ] Total time for which application threads were stopped: 0.0003484 seconds, Stopping threads took: 0.0000523 seconds
[2023-11-16T08:40:37.751+0000][1422.675s][debug][safepoint     ] Safepoint synchronization initiated. (179 threads)
[2023-11-16T08:40:37.751+0000][1422.675s][info ][safepoint     ] Application time: 5.0005515 seconds
[2023-11-16T08:40:37.751+0000][1422.675s][info ][safepoint     ] Entering safepoint region: Cleanup
[2023-11-16T08:40:37.751+0000][1422.675s][info ][safepoint     ] Leaving safepoint region
[2023-11-16T08:40:37.751+0000][1422.675s][info ][safepoint     ] Total time for which application threads were stopped: 0.0003204 seconds, Stopping threads took: 0.0000509 seconds
[2023-11-16T08:40:55.753+0000][1440.677s][debug][safepoint     ] Safepoint synchronization initiated. (179 threads)
[2023-11-16T08:40:55.753+0000][1440.677s][info ][safepoint     ] Application time: 18.0016653 seconds
[2023-11-16T08:40:55.753+0000][1440.677s][info ][safepoint     ] Entering safepoint region: Cleanup
[2023-11-16T08:40:55.753+0000][1440.677s][info ][safepoint     ] Leaving safepoint region
[2023-11-16T08:40:55.753+0000][1440.677s][info ][safepoint     ] Total time for which application threads were stopped: 0.0002388 seconds, Stopping threads took: 0.0000543 seconds
[2023-11-16T08:41:02.754+0000][1447.678s][debug][safepoint     ] Safepoint synchronization initiated. (178 threads)
[2023-11-16T08:41:02.754+0000][1447.678s][info ][safepoint     ] Application time: 7.0007041 seconds
[2023-11-16T08:41:02.754+0000][1447.678s][info ][safepoint     ] Entering safepoint region: Cleanup
[2023-11-16T08:41:02.754+0000][1447.678s][info ][safepoint     ] Leaving safepoint region
[2023-11-16T08:41:02.754+0000][1447.679s][info ][safepoint     ] Total time for which application threads were stopped: 0.0003481 seconds, Stopping threads took: 0.0000521 seconds
[2023-11-16T08:41:45.758+0000][1490.683s][debug][safepoint     ] Safepoint synchronization initiated. (185 threads)
[2023-11-16T08:41:45.759+0000][1490.683s][info ][safepoint     ] Application time: 43.0040584 seconds
[2023-11-16T08:41:45.759+0000][1490.683s][info ][safepoint     ] Entering safepoint region: Cleanup
[2023-11-16T08:41:45.759+0000][1490.683s][info ][safepoint     ] Leaving safepoint region
[2023-11-16T08:41:45.759+0000][1490.683s][info ][safepoint     ] Total time for which application threads were stopped: 0.0004016 seconds, Stopping threads took: 0.0000500 seconds
[2023-11-16T08:41:46.759+0000][1491.683s][debug][safepoint     ] Safepoint synchronization initiated. (185 threads)
[2023-11-16T08:41:46.759+0000][1491.683s][info ][safepoint     ] Application time: 1.0001457 seconds
[2023-11-16T08:41:46.759+0000][1491.683s][info ][safepoint     ] Entering safepoint region: Cleanup
[2023-11-16T08:41:46.759+0000][1491.684s][info ][safepoint     ] Leaving safepoint region
[2023-11-16T08:41:46.759+0000][1491.684s][info ][safepoint     ] Total time for which application threads were stopped: 0.0003436 seconds, Stopping threads took: 0.0000509 seconds
[2023-11-16T08:41:56.760+0000][1501.684s][debug][safepoint     ] Safepoint synchronization initiated. (185 threads)
[2023-11-16T08:41:56.760+0000][1501.684s][info ][safepoint     ] Application time: 10.0008567 seconds
[2023-11-16T08:41:56.760+0000][1501.684s][info ][safepoint     ] Entering safepoint region: Cleanup
[2023-11-16T08:41:56.761+0000][1501.685s][info ][safepoint     ] Leaving safepoint region
[2023-11-16T08:41:56.761+0000][1501.685s][info ][safepoint     ] Total time for which application threads were stopped: 0.0003657 seconds, Stopping threads took: 0.0000496 seconds
[2023-11-16T08:42:24.763+0000][1529.687s][debug][safepoint     ] Safepoint synchronization initiated. (185 threads)
[2023-11-16T08:42:24.763+0000][1529.687s][info ][safepoint     ] Application time: 28.0022370 seconds
[2023-11-16T08:42:24.763+0000][1529.687s][info ][safepoint     ] Entering safepoint region: Cleanup
[2023-11-16T08:42:24.763+0000][1529.687s][info ][safepoint     ] Leaving safepoint region
[2023-11-16T08:42:24.763+0000][1529.687s][info ][safepoint     ] Total time for which application threads were stopped: 0.0003082 seconds, Stopping threads took: 0.0000512 seconds
[2023-11-16T08:42:37.764+0000][1542.688s][debug][safepoint     ] Safepoint synchronization initiated. (185 threads)
[2023-11-16T08:42:37.764+0000][1542.688s][info ][safepoint     ] Application time: 13.0010793 seconds
[2023-11-16T08:42:37.764+0000][1542.689s][info ][safepoint     ] Entering safepoint region: Cleanup
[2023-11-16T08:42:37.765+0000][1542.689s][info ][safepoint     ] Leaving safepoint region
[2023-11-16T08:42:37.765+0000][1542.689s][info ][safepoint     ] Total time for which application threads were stopped: 0.0003369 seconds, Stopping threads took: 0.0000488 seconds
[2023-11-16T08:42:38.765+0000][1543.689s][debug][safepoint     ] Safepoint synchronization initiated. (185 threads)
[2023-11-16T08:42:38.765+0000][1543.689s][info ][safepoint     ] Application time: 1.0001413 seconds
[2023-11-16T08:42:38.765+0000][1543.689s][info ][safepoint     ] Entering safepoint region: Cleanup
[2023-11-16T08:42:38.765+0000][1543.689s][info ][safepoint     ] Leaving safepoint region
[2023-11-16T08:42:38.765+0000][1543.689s][info ][safepoint     ] Total time for which application threads were stopped: 0.0002945 seconds, Stopping threads took: 0.0000514 seconds
[2023-11-16T08:42:51.766+0000][1556.690s][debug][safepoint     ] Safepoint synchronization initiated. (184 threads)
[2023-11-16T08:42:51.766+0000][1556.691s][info ][safepoint     ] Application time: 13.0012002 seconds
[2023-11-16T08:42:51.767+0000][1556.691s][info ][safepoint     ] Entering safepoint region: Cleanup
[2023-11-16T08:42:51.767+0000][1556.691s][info ][safepoint     ] Leaving safepoint region
[2023-11-16T08:42:51.767+0000][1556.691s][info ][safepoint     ] Total time for which application threads were stopped: 0.0003360 seconds, Stopping threads took: 0.0000496 seconds
[2023-11-16T08:42:58.767+0000][1563.691s][debug][safepoint     ] Safepoint synchronization initiated. (184 threads)
[2023-11-16T08:42:58.767+0000][1563.692s][info ][safepoint     ] Application time: 7.0006564 seconds
[2023-11-16T08:42:58.768+0000][1563.692s][info ][safepoint     ] Entering safepoint region: Cleanup
[2023-11-16T08:42:58.768+0000][1563.692s][info ][safepoint     ] Leaving safepoint region
[2023-11-16T08:42:58.768+0000][1563.692s][info ][safepoint     ] Total time for which application threads were stopped: 0.0002466 seconds, Stopping threads took: 0.0000505 seconds
[2023-11-16T08:43:02.768+0000][1567.692s][debug][safepoint     ] Safepoint synchronization initiated. (184 threads)
[2023-11-16T08:43:02.768+0000][1567.692s][info ][safepoint     ] Application time: 4.0003958 seconds
[2023-11-16T08:43:02.768+0000][1567.692s][info ][safepoint     ] Entering safepoint region: Cleanup
[2023-11-16T08:43:02.769+0000][1567.693s][info ][safepoint     ] Leaving safepoint region
[2023-11-16T08:43:02.769+0000][1567.693s][info ][safepoint     ] Total time for which application threads were stopped: 0.0007732 seconds, Stopping threads took: 0.0005075 seconds
[2023-11-16T08:43:17.770+0000][1582.694s][debug][safepoint     ] Safepoint synchronization initiated. (184 threads)
[2023-11-16T08:43:17.770+0000][1582.694s][info ][safepoint     ] Application time: 15.0013238 seconds
[2023-11-16T08:43:17.770+0000][1582.694s][info ][safepoint     ] Entering safepoint region: Cleanup
[2023-11-16T08:43:17.771+0000][1582.695s][info ][safepoint     ] Leaving safepoint region
[2023-11-16T08:43:17.771+0000][1582.695s][info ][safepoint     ] Total time for which application threads were stopped: 0.0003745 seconds, Stopping threads took: 0.0000512 seconds
[2023-11-16T08:43:19.771+0000][1584.695s][debug][safepoint     ] Safepoint synchronization initiated. (184 threads)
[2023-11-16T08:43:19.771+0000][1584.695s][info ][safepoint     ] Application time: 2.0002880 seconds
[2023-11-16T08:43:19.771+0000][1584.695s][info ][safepoint     ] Entering safepoint region: Cleanup
[2023-11-16T08:43:19.771+0000][1584.695s][info ][safepoint     ] Leaving safepoint region
[2023-11-16T08:43:19.771+0000][1584.695s][info ][safepoint     ] Total time for which application threads were stopped: 0.0003423 seconds, Stopping threads took: 0.0000539 seconds
[2023-11-16T08:43:21.772+0000][1586.696s][debug][safepoint     ] Safepoint synchronization initiated. (184 threads)
[2023-11-16T08:43:21.772+0000][1586.696s][info ][safepoint     ] Application time: 2.0002608 seconds
[2023-11-16T08:43:21.772+0000][1586.696s][info ][safepoint     ] Entering safepoint region: Cleanup
[2023-11-16T08:43:21.772+0000][1586.696s][info ][safepoint     ] Leaving safepoint region
[2023-11-16T08:43:21.772+0000][1586.696s][info ][safepoint     ] Total time for which application threads were stopped: 0.0003227 seconds, Stopping threads took: 0.0000519 seconds
[2023-11-16T08:43:58.775+0000][1623.699s][debug][safepoint     ] Safepoint synchronization initiated. (183 threads)
[2023-11-16T08:43:58.775+0000][1623.699s][info ][safepoint     ] Application time: 37.0033339 seconds
[2023-11-16T08:43:58.775+0000][1623.699s][info ][safepoint     ] Entering safepoint region: Cleanup
[2023-11-16T08:43:58.776+0000][1623.700s][info ][safepoint     ] Leaving safepoint region
[2023-11-16T08:43:58.776+0000][1623.700s][info ][safepoint     ] Total time for which application threads were stopped: 0.0002794 seconds, Stopping threads took: 0.0000484 seconds
