[2023-11-15T19:02:04.889+0000][0.005s][info][gc,heap] Heap region size: 1M
[2023-11-15T19:02:04.893+0000][0.010s][info][gc     ] Using G1
[2023-11-15T19:02:04.893+0000][0.010s][info][gc,heap,coops] Heap address: 0x0000000708000000, size: 3968 MB, Compressed Oops mode: Zero based, Oop shift amount: 3
[2023-11-15T19:02:04.894+0000][0.010s][info][gc,cds       ] Mark closed archive regions in map: [0x00000007bfc00000, 0x00000007bfc6bff8]
[2023-11-15T19:02:04.894+0000][0.010s][info][gc,cds       ] Mark open archive regions in map: [0x00000007bf800000, 0x00000007bf847ff8]
[2023-11-15T19:02:04.953+0000][0.069s][debug][safepoint    ] Safepoint synchronization initiated. (9 threads)
[2023-11-15T19:02:04.953+0000][0.069s][info ][safepoint    ] Application time: 0.0335361 seconds
[2023-11-15T19:02:04.953+0000][0.069s][info ][safepoint    ] Entering safepoint region: Deoptimize
[2023-11-15T19:02:04.953+0000][0.070s][info ][safepoint    ] Leaving safepoint region
[2023-11-15T19:02:04.953+0000][0.070s][info ][safepoint    ] Total time for which application threads were stopped: 0.0000863 seconds, Stopping threads took: 0.0000106 seconds
[2023-11-15T19:02:05.319+0000][0.435s][debug][safepoint    ] Safepoint synchronization initiated. (10 threads)
[2023-11-15T19:02:05.319+0000][0.435s][info ][safepoint    ] Application time: 0.3659664 seconds
[2023-11-15T19:02:05.319+0000][0.436s][info ][safepoint    ] Entering safepoint region: G1CollectForAllocation
[2023-11-15T19:02:05.319+0000][0.436s][info ][gc,start     ] GC(0) Pause Young (Normal) (G1 Evacuation Pause)
[2023-11-15T19:02:05.320+0000][0.436s][info ][gc,task      ] GC(0) Using 4 workers of 4 for evacuation
[2023-11-15T19:02:05.328+0000][0.444s][info ][gc,phases    ] GC(0)   Pre Evacuate Collection Set: 0.0ms
[2023-11-15T19:02:05.328+0000][0.444s][info ][gc,phases    ] GC(0)   Evacuate Collection Set: 7.5ms
[2023-11-15T19:02:05.328+0000][0.444s][info ][gc,phases    ] GC(0)   Post Evacuate Collection Set: 0.8ms
[2023-11-15T19:02:05.328+0000][0.445s][info ][gc,phases    ] GC(0)   Other: 0.5ms
[2023-11-15T19:02:05.328+0000][0.445s][info ][gc,heap      ] GC(0) Eden regions: 38->0(143)
[2023-11-15T19:02:05.328+0000][0.445s][info ][gc,heap      ] GC(0) Survivor regions: 0->5(5)
[2023-11-15T19:02:05.328+0000][0.445s][info ][gc,heap      ] GC(0) Old regions: 2->5
[2023-11-15T19:02:05.328+0000][0.445s][info ][gc,heap      ] GC(0) Humongous regions: 2->0
[2023-11-15T19:02:05.328+0000][0.445s][info ][gc,metaspace ] GC(0) Metaspace: 1824K(5120K)->1824K(5120K) NonClass: 1670K(4608K)->1670K(4608K) Class: 153K(512K)->153K(512K)
[2023-11-15T19:02:05.328+0000][0.445s][info ][gc           ] GC(0) Pause Young (Normal) (G1 Evacuation Pause) 40M->8M(250M) 8.918ms
[2023-11-15T19:02:05.328+0000][0.445s][info ][gc,cpu       ] GC(0) User=0.03s Sys=0.01s Real=0.02s
[2023-11-15T19:02:05.328+0000][0.445s][info ][safepoint    ] Leaving safepoint region
[2023-11-15T19:02:05.328+0000][0.445s][info ][safepoint    ] Total time for which application threads were stopped: 0.0090957 seconds, Stopping threads took: 0.0000100 seconds
[2023-11-15T19:02:05.328+0000][0.445s][info ][gc,stringdedup] Concurrent String Deduplication (0.445s)
[2023-11-15T19:02:05.331+0000][0.447s][info ][gc,stringdedup] Concurrent String Deduplication 540.8K->503.9K(37744.0B) avg 4.5% (0.445s, 0.447s) 2.396ms
[2023-11-15T19:02:05.560+0000][0.677s][debug][safepoint     ] Safepoint synchronization initiated. (10 threads)
[2023-11-15T19:02:05.560+0000][0.677s][info ][safepoint     ] Application time: 0.2319921 seconds
[2023-11-15T19:02:05.560+0000][0.677s][debug][safepoint     ] Waiting for 1 thread(s) to block
[2023-11-15T19:02:05.560+0000][0.677s][info ][safepoint     ] Entering safepoint region: G1CollectForAllocation
[2023-11-15T19:02:05.560+0000][0.677s][info ][gc,start      ] GC(1) Pause Young (Normal) (G1 Evacuation Pause)
[2023-11-15T19:02:05.560+0000][0.677s][info ][gc,task       ] GC(1) Using 4 workers of 4 for evacuation
[2023-11-15T19:02:05.570+0000][0.687s][info ][gc,phases     ] GC(1)   Pre Evacuate Collection Set: 0.0ms
[2023-11-15T19:02:05.570+0000][0.687s][info ][gc,phases     ] GC(1)   Evacuate Collection Set: 9.1ms
[2023-11-15T19:02:05.570+0000][0.687s][info ][gc,phases     ] GC(1)   Post Evacuate Collection Set: 0.8ms
[2023-11-15T19:02:05.570+0000][0.687s][info ][gc,phases     ] GC(1)   Other: 0.1ms
[2023-11-15T19:02:05.570+0000][0.687s][info ][gc,heap       ] GC(1) Eden regions: 36->0(87)
[2023-11-15T19:02:05.570+0000][0.687s][info ][gc,heap       ] GC(1) Survivor regions: 5->2(6)
[2023-11-15T19:02:05.570+0000][0.687s][info ][gc,heap       ] GC(1) Old regions: 5->10
[2023-11-15T19:02:05.570+0000][0.687s][info ][gc,heap       ] GC(1) Humongous regions: 0->0
[2023-11-15T19:02:05.570+0000][0.687s][info ][gc,metaspace  ] GC(1) Metaspace: 2989K(6016K)->2989K(6016K) NonClass: 2714K(5376K)->2714K(5376K) Class: 275K(640K)->275K(640K)
[2023-11-15T19:02:05.570+0000][0.687s][info ][gc            ] GC(1) Pause Young (Normal) (G1 Evacuation Pause) 44M->9M(250M) 10.168ms
[2023-11-15T19:02:05.570+0000][0.687s][info ][gc,cpu        ] GC(1) User=0.03s Sys=0.01s Real=0.01s
[2023-11-15T19:02:05.570+0000][0.687s][info ][safepoint     ] Leaving safepoint region
[2023-11-15T19:02:05.570+0000][0.687s][info ][safepoint     ] Total time for which application threads were stopped: 0.0103507 seconds, Stopping threads took: 0.0000445 seconds
[2023-11-15T19:02:05.571+0000][0.687s][info ][gc,stringdedup] Concurrent String Deduplication (0.687s)
[2023-11-15T19:02:05.577+0000][0.694s][info ][gc,stringdedup] Concurrent String Deduplication 1429.7K->1354.8K(76656.0B) avg 5.0% (0.687s, 0.694s) 6.652ms
[2023-11-15T19:02:05.598+0000][0.714s][debug][safepoint     ] Safepoint synchronization initiated. (10 threads)
[2023-11-15T19:02:05.598+0000][0.714s][info ][safepoint     ] Application time: 0.0272004 seconds
[2023-11-15T19:02:05.598+0000][0.714s][debug][safepoint     ] Waiting for 1 thread(s) to block
[2023-11-15T19:02:05.598+0000][0.714s][info ][safepoint     ] Entering safepoint region: Deoptimize
[2023-11-15T19:02:05.598+0000][0.714s][info ][safepoint     ] Leaving safepoint region
[2023-11-15T19:02:05.598+0000][0.714s][info ][safepoint     ] Total time for which application threads were stopped: 0.0001629 seconds, Stopping threads took: 0.0000257 seconds
[2023-11-15T19:02:05.611+0000][0.728s][debug][safepoint     ] Safepoint synchronization initiated. (10 threads)
[2023-11-15T19:02:05.611+0000][0.728s][info ][safepoint     ] Application time: 0.0133597 seconds
[2023-11-15T19:02:05.611+0000][0.728s][debug][safepoint     ] Waiting for 1 thread(s) to block
[2023-11-15T19:02:05.611+0000][0.728s][info ][safepoint     ] Entering safepoint region: Deoptimize
[2023-11-15T19:02:05.611+0000][0.728s][info ][safepoint     ] Leaving safepoint region
[2023-11-15T19:02:05.611+0000][0.728s][info ][safepoint     ] Total time for which application threads were stopped: 0.0001690 seconds, Stopping threads took: 0.0000258 seconds
[2023-11-15T19:02:05.701+0000][0.817s][debug][safepoint     ] Safepoint synchronization initiated. (10 threads)
[2023-11-15T19:02:05.701+0000][0.817s][info ][safepoint     ] Application time: 0.0894600 seconds
[2023-11-15T19:02:05.701+0000][0.817s][debug][safepoint     ] Waiting for 1 thread(s) to block
[2023-11-15T19:02:05.701+0000][0.817s][info ][safepoint     ] Entering safepoint region: Deoptimize
[2023-11-15T19:02:05.701+0000][0.818s][info ][safepoint     ] Leaving safepoint region
[2023-11-15T19:02:05.701+0000][0.818s][info ][safepoint     ] Total time for which application threads were stopped: 0.0001732 seconds, Stopping threads took: 0.0000307 seconds
[2023-11-15T19:02:05.710+0000][0.826s][debug][safepoint     ] Safepoint synchronization initiated. (10 threads)
[2023-11-15T19:02:05.710+0000][0.826s][info ][safepoint     ] Application time: 0.0087307 seconds
[2023-11-15T19:02:05.710+0000][0.826s][info ][safepoint     ] Entering safepoint region: Deoptimize
[2023-11-15T19:02:05.710+0000][0.826s][info ][safepoint     ] Leaving safepoint region
[2023-11-15T19:02:05.710+0000][0.826s][info ][safepoint     ] Total time for which application threads were stopped: 0.0001654 seconds, Stopping threads took: 0.0000095 seconds
[2023-11-15T19:02:06.362+0000][1.478s][debug][safepoint     ] Safepoint synchronization initiated. (11 threads)
[2023-11-15T19:02:06.362+0000][1.478s][info ][safepoint     ] Application time: 0.6515512 seconds
[2023-11-15T19:02:06.362+0000][1.478s][info ][safepoint     ] Entering safepoint region: G1CollectForAllocation
[2023-11-15T19:02:06.362+0000][1.478s][info ][gc,start      ] GC(2) Pause Young (Normal) (G1 Evacuation Pause)
[2023-11-15T19:02:06.362+0000][1.478s][info ][gc,task       ] GC(2) Using 4 workers of 4 for evacuation
[2023-11-15T19:02:06.383+0000][1.499s][info ][gc,phases     ] GC(2)   Pre Evacuate Collection Set: 0.0ms
[2023-11-15T19:02:06.383+0000][1.499s][info ][gc,phases     ] GC(2)   Evacuate Collection Set: 19.4ms
[2023-11-15T19:02:06.383+0000][1.499s][info ][gc,phases     ] GC(2)   Post Evacuate Collection Set: 1.2ms
[2023-11-15T19:02:06.383+0000][1.499s][info ][gc,phases     ] GC(2)   Other: 0.2ms
[2023-11-15T19:02:06.383+0000][1.499s][info ][gc,heap       ] GC(2) Eden regions: 87->0(146)
[2023-11-15T19:02:06.383+0000][1.499s][info ][gc,heap       ] GC(2) Survivor regions: 2->2(12)
[2023-11-15T19:02:06.383+0000][1.499s][info ][gc,heap       ] GC(2) Old regions: 10->10
[2023-11-15T19:02:06.383+0000][1.499s][info ][gc,heap       ] GC(2) Humongous regions: 0->0
[2023-11-15T19:02:06.383+0000][1.499s][info ][gc,metaspace  ] GC(2) Metaspace: 5751K(7808K)->5751K(7808K) NonClass: 5106K(6912K)->5106K(6912K) Class: 644K(896K)->644K(896K)
[2023-11-15T19:02:06.383+0000][1.499s][info ][gc            ] GC(2) Pause Young (Normal) (G1 Evacuation Pause) 96M->10M(250M) 20.998ms
[2023-11-15T19:02:06.383+0000][1.499s][info ][gc,cpu        ] GC(2) User=0.07s Sys=0.00s Real=0.02s
[2023-11-15T19:02:06.383+0000][1.499s][info ][safepoint     ] Leaving safepoint region
[2023-11-15T19:02:06.383+0000][1.499s][info ][safepoint     ] Total time for which application threads were stopped: 0.0211914 seconds, Stopping threads took: 0.0000089 seconds
[2023-11-15T19:02:07.010+0000][2.127s][debug][safepoint     ] Safepoint synchronization initiated. (11 threads)
[2023-11-15T19:02:07.010+0000][2.127s][info ][safepoint     ] Application time: 0.6275003 seconds
[2023-11-15T19:02:07.010+0000][2.127s][debug][safepoint     ] Waiting for 1 thread(s) to block
[2023-11-15T19:02:07.010+0000][2.127s][info ][safepoint     ] Entering safepoint region: G1CollectForAllocation
[2023-11-15T19:02:07.010+0000][2.127s][info ][gc,start      ] GC(3) Pause Young (Normal) (G1 Evacuation Pause)
[2023-11-15T19:02:07.010+0000][2.127s][info ][gc,task       ] GC(3) Using 4 workers of 4 for evacuation
[2023-11-15T19:02:07.021+0000][2.137s][info ][gc,phases     ] GC(3)   Pre Evacuate Collection Set: 0.0ms
[2023-11-15T19:02:07.021+0000][2.137s][info ][gc,phases     ] GC(3)   Evacuate Collection Set: 8.9ms
[2023-11-15T19:02:07.021+0000][2.137s][info ][gc,phases     ] GC(3)   Post Evacuate Collection Set: 1.0ms
[2023-11-15T19:02:07.021+0000][2.137s][info ][gc,phases     ] GC(3)   Other: 0.1ms
[2023-11-15T19:02:07.021+0000][2.137s][info ][gc,heap       ] GC(3) Eden regions: 146->0(144)
[2023-11-15T19:02:07.021+0000][2.137s][info ][gc,heap       ] GC(3) Survivor regions: 2->4(19)
[2023-11-15T19:02:07.021+0000][2.137s][info ][gc,heap       ] GC(3) Old regions: 10->10
[2023-11-15T19:02:07.021+0000][2.137s][info ][gc,heap       ] GC(3) Humongous regions: 0->0
[2023-11-15T19:02:07.021+0000][2.137s][info ][gc,metaspace  ] GC(3) Metaspace: 10834K(12032K)->10834K(12032K) NonClass: 9493K(10496K)->9493K(10496K) Class: 1341K(1536K)->1341K(1536K)
[2023-11-15T19:02:07.021+0000][2.137s][info ][gc            ] GC(3) Pause Young (Normal) (G1 Evacuation Pause) 156M->11M(250M) 10.241ms
[2023-11-15T19:02:07.021+0000][2.137s][info ][gc,cpu        ] GC(3) User=0.03s Sys=0.00s Real=0.01s
[2023-11-15T19:02:07.021+0000][2.137s][info ][safepoint     ] Leaving safepoint region
[2023-11-15T19:02:07.021+0000][2.137s][info ][safepoint     ] Total time for which application threads were stopped: 0.0104519 seconds, Stopping threads took: 0.0000264 seconds
[2023-11-15T19:02:07.021+0000][2.137s][info ][gc,stringdedup] Concurrent String Deduplication (2.137s)
[2023-11-15T19:02:07.022+0000][2.138s][info ][gc,stringdedup] Concurrent String Deduplication 227.1K->155.2K(73592.0B) avg 7.4% (2.137s, 2.138s) 0.770ms
[2023-11-15T19:02:07.141+0000][2.258s][debug][safepoint     ] Safepoint synchronization initiated. (11 threads)
[2023-11-15T19:02:07.141+0000][2.258s][info ][safepoint     ] Application time: 0.1206936 seconds
[2023-11-15T19:02:07.141+0000][2.258s][debug][safepoint     ] Waiting for 1 thread(s) to block
[2023-11-15T19:02:07.141+0000][2.258s][info ][safepoint     ] Entering safepoint region: Deoptimize
[2023-11-15T19:02:07.142+0000][2.258s][info ][safepoint     ] Leaving safepoint region
[2023-11-15T19:02:07.142+0000][2.258s][info ][safepoint     ] Total time for which application threads were stopped: 0.0002601 seconds, Stopping threads took: 0.0000238 seconds
[2023-11-15T19:02:07.322+0000][2.439s][debug][safepoint     ] Safepoint synchronization initiated. (11 threads)
[2023-11-15T19:02:07.323+0000][2.439s][info ][safepoint     ] Application time: 0.1807908 seconds
[2023-11-15T19:02:07.323+0000][2.439s][debug][safepoint     ] Waiting for 2 thread(s) to block
[2023-11-15T19:02:07.323+0000][2.439s][info ][safepoint     ] Entering safepoint region: ICBufferFull
[2023-11-15T19:02:07.323+0000][2.439s][info ][safepoint     ] Leaving safepoint region
[2023-11-15T19:02:07.323+0000][2.439s][info ][safepoint     ] Total time for which application threads were stopped: 0.0001680 seconds, Stopping threads took: 0.0000360 seconds
[2023-11-15T19:02:07.530+0000][2.646s][debug][safepoint     ] Safepoint synchronization initiated. (12 threads)
[2023-11-15T19:02:07.530+0000][2.646s][info ][safepoint     ] Application time: 0.2070601 seconds
[2023-11-15T19:02:07.530+0000][2.646s][info ][safepoint     ] Entering safepoint region: ICBufferFull
[2023-11-15T19:02:07.530+0000][2.646s][info ][safepoint     ] Leaving safepoint region
[2023-11-15T19:02:07.530+0000][2.646s][info ][safepoint     ] Total time for which application threads were stopped: 0.0001197 seconds, Stopping threads took: 0.0000112 seconds
[2023-11-15T19:02:07.542+0000][2.658s][debug][safepoint     ] Safepoint synchronization initiated. (12 threads)
[2023-11-15T19:02:07.542+0000][2.658s][info ][safepoint     ] Application time: 0.0119665 seconds
[2023-11-15T19:02:07.542+0000][2.658s][debug][safepoint     ] Waiting for 2 thread(s) to block
[2023-11-15T19:02:07.542+0000][2.658s][info ][safepoint     ] Entering safepoint region: G1CollectForAllocation
[2023-11-15T19:02:07.542+0000][2.658s][info ][gc,start      ] GC(4) Pause Young (Normal) (G1 Evacuation Pause)
[2023-11-15T19:02:07.542+0000][2.658s][info ][gc,task       ] GC(4) Using 4 workers of 4 for evacuation
[2023-11-15T19:02:07.552+0000][2.669s][info ][gc,phases     ] GC(4)   Pre Evacuate Collection Set: 0.0ms
[2023-11-15T19:02:07.552+0000][2.669s][info ][gc,phases     ] GC(4)   Evacuate Collection Set: 8.2ms
[2023-11-15T19:02:07.552+0000][2.669s][info ][gc,phases     ] GC(4)   Post Evacuate Collection Set: 2.1ms
[2023-11-15T19:02:07.552+0000][2.669s][info ][gc,phases     ] GC(4)   Other: 0.1ms
[2023-11-15T19:02:07.552+0000][2.669s][info ][gc,heap       ] GC(4) Eden regions: 144->0(188)
[2023-11-15T19:02:07.553+0000][2.669s][info ][gc,heap       ] GC(4) Survivor regions: 4->6(19)
[2023-11-15T19:02:07.553+0000][2.669s][info ][gc,heap       ] GC(4) Old regions: 10->10
[2023-11-15T19:02:07.553+0000][2.669s][info ][gc,heap       ] GC(4) Humongous regions: 0->0
[2023-11-15T19:02:07.553+0000][2.669s][info ][gc,metaspace  ] GC(4) Metaspace: 15428K(16384K)->15428K(16384K) NonClass: 13472K(14080K)->13472K(14080K) Class: 1955K(2304K)->1955K(2304K)
[2023-11-15T19:02:07.553+0000][2.669s][info ][gc            ] GC(4) Pause Young (Normal) (G1 Evacuation Pause) 155M->14M(349M) 10.561ms
[2023-11-15T19:02:07.553+0000][2.669s][info ][gc,cpu        ] GC(4) User=0.02s Sys=0.00s Real=0.01s
[2023-11-15T19:02:07.553+0000][2.669s][info ][safepoint     ] Leaving safepoint region
[2023-11-15T19:02:07.553+0000][2.669s][info ][safepoint     ] Total time for which application threads were stopped: 0.0107158 seconds, Stopping threads took: 0.0000373 seconds
[2023-11-15T19:02:07.553+0000][2.669s][info ][gc,stringdedup] Concurrent String Deduplication (2.669s)
[2023-11-15T19:02:07.553+0000][2.670s][info ][gc,stringdedup] Concurrent String Deduplication 105.7K->29232.0B(79000.0B) avg 10.1% (2.669s, 2.670s) 0.666ms
[2023-11-15T19:02:07.726+0000][2.843s][debug][safepoint     ] Safepoint synchronization initiated. (12 threads)
[2023-11-15T19:02:07.726+0000][2.843s][info ][safepoint     ] Application time: 0.1736828 seconds
[2023-11-15T19:02:07.726+0000][2.843s][debug][safepoint     ] ... found polling page return exception at pc = 0x00007f657c369066, stub =0x00007f657483a800
[2023-11-15T19:02:07.727+0000][2.843s][debug][safepoint     ] Waiting for 1 thread(s) to block
[2023-11-15T19:02:07.727+0000][2.843s][info ][safepoint     ] Entering safepoint region: Deoptimize
[2023-11-15T19:02:07.727+0000][2.843s][info ][safepoint     ] Leaving safepoint region
[2023-11-15T19:02:07.727+0000][2.843s][info ][safepoint     ] Total time for which application threads were stopped: 0.0006411 seconds, Stopping threads took: 0.0002926 seconds
[2023-11-15T19:02:07.896+0000][3.012s][debug][safepoint     ] Safepoint synchronization initiated. (12 threads)
[2023-11-15T19:02:07.896+0000][3.012s][info ][safepoint     ] Application time: 0.1687157 seconds
[2023-11-15T19:02:07.897+0000][3.014s][debug][safepoint     ] ... found polling page return exception at pc = 0x00007f65752ac701, stub =0x00007f657483a800
[2023-11-15T19:02:07.898+0000][3.015s][debug][safepoint     ] Waiting for 2 thread(s) to block
[2023-11-15T19:02:07.898+0000][3.015s][info ][safepoint     ] Entering safepoint region: Deoptimize
[2023-11-15T19:02:07.898+0000][3.015s][info ][safepoint     ] Leaving safepoint region
[2023-11-15T19:02:07.899+0000][3.015s][info ][safepoint     ] Total time for which application threads were stopped: 0.0028310 seconds, Stopping threads took: 0.0024990 seconds
[2023-11-15T19:02:08.345+0000][3.462s][debug][safepoint     ] Safepoint synchronization initiated. (12 threads)
[2023-11-15T19:02:08.345+0000][3.462s][info ][safepoint     ] Application time: 0.4468052 seconds
[2023-11-15T19:02:08.353+0000][3.469s][debug][safepoint     ] ... found polling page return exception at pc = 0x00007f657c3521d8, stub =0x00007f657483a800
[2023-11-15T19:02:08.354+0000][3.471s][debug][safepoint     ] Waiting for 2 thread(s) to block
[2023-11-15T19:02:08.354+0000][3.471s][info ][safepoint     ] Entering safepoint region: CollectForMetadataAllocation
[2023-11-15T19:02:08.355+0000][3.471s][info ][gc,start      ] GC(5) Pause Young (Concurrent Start) (Metadata GC Threshold)
[2023-11-15T19:02:08.355+0000][3.471s][info ][gc,task       ] GC(5) Using 4 workers of 4 for evacuation
[2023-11-15T19:02:08.383+0000][3.499s][info ][gc,phases     ] GC(5)   Pre Evacuate Collection Set: 0.1ms
[2023-11-15T19:02:08.383+0000][3.499s][info ][gc,phases     ] GC(5)   Evacuate Collection Set: 25.3ms
[2023-11-15T19:02:08.383+0000][3.499s][info ][gc,phases     ] GC(5)   Post Evacuate Collection Set: 2.7ms
[2023-11-15T19:02:08.383+0000][3.499s][info ][gc,phases     ] GC(5)   Other: 0.2ms
[2023-11-15T19:02:08.383+0000][3.499s][info ][gc,heap       ] GC(5) Eden regions: 166->0(200)
[2023-11-15T19:02:08.383+0000][3.499s][info ][gc,heap       ] GC(5) Survivor regions: 6->9(25)
[2023-11-15T19:02:08.383+0000][3.499s][info ][gc,heap       ] GC(5) Old regions: 10->10
[2023-11-15T19:02:08.383+0000][3.499s][info ][gc,heap       ] GC(5) Humongous regions: 0->0
[2023-11-15T19:02:08.383+0000][3.499s][info ][gc,metaspace  ] GC(5) Metaspace: 20395K(21296K)->20395K(21296K) NonClass: 17815K(18352K)->17815K(18352K) Class: 2580K(2944K)->2580K(2944K)
[2023-11-15T19:02:08.383+0000][3.499s][info ][gc            ] GC(5) Pause Young (Concurrent Start) (Metadata GC Threshold) 179M->16M(349M) 28.365ms
[2023-11-15T19:02:08.383+0000][3.499s][info ][gc,cpu        ] GC(5) User=0.04s Sys=0.00s Real=0.03s
[2023-11-15T19:02:08.383+0000][3.500s][info ][safepoint     ] Leaving safepoint region
[2023-11-15T19:02:08.383+0000][3.500s][info ][safepoint     ] Total time for which application threads were stopped: 0.0377571 seconds, Stopping threads took: 0.0091470 seconds
[2023-11-15T19:02:08.383+0000][3.500s][info ][gc,stringdedup] Concurrent String Deduplication (3.500s)
[2023-11-15T19:02:08.384+0000][3.500s][info ][gc            ] GC(6) Concurrent Cycle
[2023-11-15T19:02:08.384+0000][3.500s][info ][gc,marking    ] GC(6) Concurrent Clear Claimed Marks
[2023-11-15T19:02:08.384+0000][3.500s][info ][gc,marking    ] GC(6) Concurrent Clear Claimed Marks 0.047ms
[2023-11-15T19:02:08.384+0000][3.500s][info ][gc,marking    ] GC(6) Concurrent Scan Root Regions
[2023-11-15T19:02:08.384+0000][3.501s][info ][gc,stringdedup] Concurrent String Deduplication 148.6K->52000.0B(100168.0B) avg 13.2% (3.500s, 3.501s) 1.066ms
[2023-11-15T19:02:08.394+0000][3.511s][info ][gc,marking    ] GC(6) Concurrent Scan Root Regions 10.485ms
[2023-11-15T19:02:08.394+0000][3.511s][info ][gc,marking    ] GC(6) Concurrent Mark (3.511s)
[2023-11-15T19:02:08.394+0000][3.511s][info ][gc,marking    ] GC(6) Concurrent Mark From Roots
[2023-11-15T19:02:08.394+0000][3.511s][info ][gc,task       ] GC(6) Using 1 workers of 1 for marking
[2023-11-15T19:02:08.423+0000][3.540s][debug][safepoint     ] Safepoint synchronization initiated. (12 threads)
[2023-11-15T19:02:08.423+0000][3.540s][info ][safepoint     ] Application time: 0.0402913 seconds
[2023-11-15T19:02:08.423+0000][3.540s][info ][safepoint     ] Entering safepoint region: CollectForMetadataAllocation
[2023-11-15T19:02:08.424+0000][3.540s][info ][safepoint     ] Leaving safepoint region
[2023-11-15T19:02:08.424+0000][3.540s][info ][safepoint     ] Total time for which application threads were stopped: 0.0001473 seconds, Stopping threads took: 0.0000107 seconds
[2023-11-15T19:02:08.438+0000][3.555s][debug][safepoint     ] Safepoint synchronization initiated. (12 threads)
[2023-11-15T19:02:08.438+0000][3.555s][info ][safepoint     ] Application time: 0.0146146 seconds
[2023-11-15T19:02:08.438+0000][3.555s][info ][safepoint     ] Entering safepoint region: CollectForMetadataAllocation
[2023-11-15T19:02:08.439+0000][3.555s][info ][safepoint     ] Leaving safepoint region
[2023-11-15T19:02:08.439+0000][3.555s][info ][safepoint     ] Total time for which application threads were stopped: 0.0003667 seconds, Stopping threads took: 0.0000111 seconds
[2023-11-15T19:02:08.441+0000][3.558s][info ][gc,marking    ] GC(6) Concurrent Mark From Roots 47.048ms
[2023-11-15T19:02:08.441+0000][3.558s][info ][gc,marking    ] GC(6) Concurrent Preclean
[2023-11-15T19:02:08.441+0000][3.558s][info ][gc,marking    ] GC(6) Concurrent Preclean 0.055ms
[2023-11-15T19:02:08.441+0000][3.558s][info ][gc,marking    ] GC(6) Concurrent Mark (3.511s, 3.558s) 47.154ms
[2023-11-15T19:02:08.441+0000][3.558s][debug][safepoint     ] Safepoint synchronization initiated. (12 threads)
[2023-11-15T19:02:08.441+0000][3.558s][info ][safepoint     ] Application time: 0.0029230 seconds
[2023-11-15T19:02:08.441+0000][3.558s][debug][safepoint     ] Waiting for 1 thread(s) to block
[2023-11-15T19:02:08.442+0000][3.558s][info ][safepoint     ] Entering safepoint region: CGC_Operation
[2023-11-15T19:02:08.444+0000][3.560s][info ][gc,start      ] GC(6) Pause Remark
[2023-11-15T19:02:08.478+0000][3.595s][info ][gc,stringtable] GC(6) Cleaned string and symbol table, strings: 7597 processed, 7 removed, symbols: 55405 processed, 115 removed
[2023-11-15T19:02:08.484+0000][3.600s][info ][gc            ] GC(6) Pause Remark 24M->24M(349M) 39.907ms
[2023-11-15T19:02:08.484+0000][3.600s][info ][gc,cpu        ] GC(6) User=0.04s Sys=0.00s Real=0.04s
[2023-11-15T19:02:08.484+0000][3.600s][info ][safepoint     ] Leaving safepoint region
[2023-11-15T19:02:08.484+0000][3.600s][info ][safepoint     ] Total time for which application threads were stopped: 0.0421372 seconds, Stopping threads took: 0.0000313 seconds
[2023-11-15T19:02:08.484+0000][3.600s][info ][gc,marking    ] GC(6) Concurrent Rebuild Remembered Sets
[2023-11-15T19:02:08.490+0000][3.606s][info ][gc,marking    ] GC(6) Concurrent Rebuild Remembered Sets 6.092ms
[2023-11-15T19:02:08.490+0000][3.606s][debug][safepoint     ] Safepoint synchronization initiated. (12 threads)
[2023-11-15T19:02:08.490+0000][3.606s][info ][safepoint     ] Application time: 0.0061927 seconds
[2023-11-15T19:02:08.490+0000][3.606s][debug][safepoint     ] Waiting for 1 thread(s) to block
[2023-11-15T19:02:08.490+0000][3.607s][info ][safepoint     ] Entering safepoint region: CGC_Operation
[2023-11-15T19:02:08.492+0000][3.609s][info ][gc,start      ] GC(6) Pause Cleanup
[2023-11-15T19:02:08.496+0000][3.612s][info ][gc            ] GC(6) Pause Cleanup 25M->25M(349M) 3.518ms
[2023-11-15T19:02:08.496+0000][3.612s][info ][gc,cpu        ] GC(6) User=0.00s Sys=0.00s Real=0.00s
[2023-11-15T19:02:08.496+0000][3.612s][info ][safepoint     ] Leaving safepoint region
[2023-11-15T19:02:08.496+0000][3.612s][info ][safepoint     ] Total time for which application threads were stopped: 0.0058333 seconds, Stopping threads took: 0.0003460 seconds
[2023-11-15T19:02:08.496+0000][3.613s][info ][gc,marking    ] GC(6) Concurrent Cleanup for Next Mark
[2023-11-15T19:02:08.499+0000][3.615s][info ][gc,marking    ] GC(6) Concurrent Cleanup for Next Mark 2.410ms
[2023-11-15T19:02:08.499+0000][3.615s][info ][gc            ] GC(6) Concurrent Cycle 115.128ms
[2023-11-15T19:02:08.997+0000][4.113s][debug][safepoint     ] Safepoint synchronization initiated. (12 threads)
[2023-11-15T19:02:08.997+0000][4.113s][info ][safepoint     ] Application time: 0.5011430 seconds
[2023-11-15T19:02:08.997+0000][4.113s][debug][safepoint     ] ... found polling page return exception at pc = 0x00007f657c2e879d, stub =0x00007f657483a800
[2023-11-15T19:02:08.997+0000][4.113s][debug][safepoint     ] Waiting for 2 thread(s) to block
[2023-11-15T19:02:08.997+0000][4.114s][info ][safepoint     ] Entering safepoint region: Deoptimize
[2023-11-15T19:02:08.998+0000][4.114s][info ][safepoint     ] Leaving safepoint region
[2023-11-15T19:02:08.998+0000][4.114s][info ][safepoint     ] Total time for which application threads were stopped: 0.0009858 seconds, Stopping threads took: 0.0006421 seconds
[2023-11-15T19:02:09.862+0000][4.979s][debug][safepoint     ] Safepoint synchronization initiated. (11 threads)
[2023-11-15T19:02:09.862+0000][4.979s][info ][safepoint     ] Application time: 0.8643689 seconds
[2023-11-15T19:02:09.862+0000][4.979s][info ][safepoint     ] Entering safepoint region: G1CollectForAllocation
[2023-11-15T19:02:09.862+0000][4.979s][info ][gc,start      ] GC(7) Pause Young (Concurrent Start) (G1 Evacuation Pause)
[2023-11-15T19:02:09.862+0000][4.979s][info ][gc,task       ] GC(7) Using 4 workers of 4 for evacuation
[2023-11-15T19:02:09.907+0000][5.024s][info ][gc,phases     ] GC(7)   Pre Evacuate Collection Set: 0.1ms
[2023-11-15T19:02:09.907+0000][5.024s][info ][gc,phases     ] GC(7)   Evacuate Collection Set: 42.3ms
[2023-11-15T19:02:09.907+0000][5.024s][info ][gc,phases     ] GC(7)   Post Evacuate Collection Set: 2.4ms
[2023-11-15T19:02:09.907+0000][5.024s][info ][gc,phases     ] GC(7)   Other: 0.2ms
[2023-11-15T19:02:09.907+0000][5.024s][info ][gc,heap       ] GC(7) Eden regions: 200->0(195)
[2023-11-15T19:02:09.907+0000][5.024s][info ][gc,heap       ] GC(7) Survivor regions: 9->14(27)
[2023-11-15T19:02:09.907+0000][5.024s][info ][gc,heap       ] GC(7) Old regions: 10->10
[2023-11-15T19:02:09.907+0000][5.024s][info ][gc,heap       ] GC(7) Humongous regions: 0->0
[2023-11-15T19:02:09.907+0000][5.024s][info ][gc,metaspace  ] GC(7) Metaspace: 24177K(25136K)->24177K(25136K) NonClass: 21118K(21680K)->21118K(21680K) Class: 3059K(3456K)->3059K(3456K)
[2023-11-15T19:02:09.907+0000][5.024s][info ][gc            ] GC(7) Pause Young (Concurrent Start) (G1 Evacuation Pause) 216M->21M(349M) 45.037ms
[2023-11-15T19:02:09.907+0000][5.024s][info ][gc,cpu        ] GC(7) User=0.09s Sys=0.00s Real=0.04s
[2023-11-15T19:02:09.907+0000][5.024s][info ][safepoint     ] Leaving safepoint region
[2023-11-15T19:02:09.907+0000][5.024s][info ][safepoint     ] Total time for which application threads were stopped: 0.0452253 seconds, Stopping threads took: 0.0000095 seconds
[2023-11-15T19:02:09.907+0000][5.024s][info ][gc            ] GC(8) Concurrent Cycle
[2023-11-15T19:02:09.907+0000][5.024s][info ][gc,marking    ] GC(8) Concurrent Clear Claimed Marks
[2023-11-15T19:02:09.908+0000][5.024s][info ][gc,marking    ] GC(8) Concurrent Clear Claimed Marks 0.050ms
[2023-11-15T19:02:09.908+0000][5.024s][info ][gc,marking    ] GC(8) Concurrent Scan Root Regions
[2023-11-15T19:02:09.909+0000][5.025s][info ][gc,stringdedup] Concurrent String Deduplication (5.025s)
[2023-11-15T19:02:09.911+0000][5.027s][info ][gc,stringdedup] Concurrent String Deduplication 200.3K->118.4K(83928.0B) avg 15.1% (5.025s, 5.027s) 1.655ms
[2023-11-15T19:02:09.915+0000][5.032s][info ][gc,marking    ] GC(8) Concurrent Scan Root Regions 7.954ms
[2023-11-15T19:02:09.916+0000][5.032s][info ][gc,marking    ] GC(8) Concurrent Mark (5.032s)
[2023-11-15T19:02:09.916+0000][5.032s][info ][gc,marking    ] GC(8) Concurrent Mark From Roots
[2023-11-15T19:02:09.916+0000][5.032s][info ][gc,task       ] GC(8) Using 1 workers of 1 for marking
[2023-11-15T19:02:09.933+0000][5.050s][info ][gc,marking    ] GC(8) Concurrent Mark From Roots 17.864ms
[2023-11-15T19:02:09.933+0000][5.050s][info ][gc,marking    ] GC(8) Concurrent Preclean
[2023-11-15T19:02:09.933+0000][5.050s][info ][gc,marking    ] GC(8) Concurrent Preclean 0.053ms
[2023-11-15T19:02:09.934+0000][5.050s][info ][gc,marking    ] GC(8) Concurrent Mark (5.032s, 5.050s) 17.978ms
[2023-11-15T19:02:09.934+0000][5.051s][debug][safepoint     ] Safepoint synchronization initiated. (11 threads)
[2023-11-15T19:02:09.935+0000][5.051s][info ][safepoint     ] Application time: 0.0270662 seconds
[2023-11-15T19:02:09.935+0000][5.052s][debug][safepoint     ] Waiting for 1 thread(s) to block
[2023-11-15T19:02:09.936+0000][5.052s][info ][safepoint     ] Entering safepoint region: CGC_Operation
[2023-11-15T19:02:09.936+0000][5.052s][info ][gc,start      ] GC(8) Pause Remark
[2023-11-15T19:02:09.941+0000][5.058s][info ][gc,stringtable] GC(8) Cleaned string and symbol table, strings: 8941 processed, 0 removed, symbols: 62422 processed, 7 removed
[2023-11-15T19:02:09.942+0000][5.058s][info ][gc            ] GC(8) Pause Remark 23M->23M(349M) 6.385ms
[2023-11-15T19:02:09.942+0000][5.058s][info ][gc,cpu        ] GC(8) User=0.01s Sys=0.00s Real=0.01s
[2023-11-15T19:02:09.942+0000][5.058s][info ][safepoint     ] Leaving safepoint region
[2023-11-15T19:02:09.942+0000][5.058s][info ][safepoint     ] Total time for which application threads were stopped: 0.0075126 seconds, Stopping threads took: 0.0010138 seconds
[2023-11-15T19:02:09.942+0000][5.059s][info ][gc,marking    ] GC(8) Concurrent Rebuild Remembered Sets
[2023-11-15T19:02:09.960+0000][5.077s][info ][gc,marking    ] GC(8) Concurrent Rebuild Remembered Sets 18.112ms
[2023-11-15T19:02:09.960+0000][5.077s][debug][safepoint     ] Safepoint synchronization initiated. (11 threads)
[2023-11-15T19:02:09.960+0000][5.077s][info ][safepoint     ] Application time: 0.0182898 seconds
[2023-11-15T19:02:09.962+0000][5.079s][debug][safepoint     ] ... found polling page return exception at pc = 0x00007f657c2eb3c8, stub =0x00007f657483a800
[2023-11-15T19:02:09.963+0000][5.080s][debug][safepoint     ] Waiting for 1 thread(s) to block
[2023-11-15T19:02:09.963+0000][5.080s][info ][safepoint     ] Entering safepoint region: CGC_Operation
[2023-11-15T19:02:09.963+0000][5.080s][info ][gc,start      ] GC(8) Pause Cleanup
[2023-11-15T19:02:09.964+0000][5.080s][info ][gc            ] GC(8) Pause Cleanup 26M->26M(349M) 0.124ms
[2023-11-15T19:02:09.964+0000][5.080s][info ][gc,cpu        ] GC(8) User=0.00s Sys=0.00s Real=0.00s
[2023-11-15T19:02:09.964+0000][5.080s][info ][safepoint     ] Leaving safepoint region
[2023-11-15T19:02:09.964+0000][5.080s][info ][safepoint     ] Total time for which application threads were stopped: 0.0032627 seconds, Stopping threads took: 0.0030539 seconds
[2023-11-15T19:02:09.964+0000][5.080s][info ][gc,marking    ] GC(8) Concurrent Cleanup for Next Mark
[2023-11-15T19:02:09.966+0000][5.082s][info ][gc,marking    ] GC(8) Concurrent Cleanup for Next Mark 2.269ms
[2023-11-15T19:02:09.966+0000][5.082s][info ][gc            ] GC(8) Concurrent Cycle 58.510ms
[2023-11-15T19:02:10.964+0000][6.080s][debug][safepoint     ] Safepoint synchronization initiated. (11 threads)
[2023-11-15T19:02:10.964+0000][6.080s][info ][safepoint     ] Application time: 1.0001313 seconds
[2023-11-15T19:02:10.964+0000][6.080s][debug][safepoint     ] ... found polling page return exception at pc = 0x00007f657c2e5b1d, stub =0x00007f657483a800
[2023-11-15T19:02:10.964+0000][6.080s][debug][safepoint     ] Waiting for 1 thread(s) to block
[2023-11-15T19:02:10.964+0000][6.080s][info ][safepoint     ] Entering safepoint region: Cleanup
[2023-11-15T19:02:10.964+0000][6.080s][info ][safepoint     ] Leaving safepoint region
[2023-11-15T19:02:10.964+0000][6.080s][info ][safepoint     ] Total time for which application threads were stopped: 0.0002134 seconds, Stopping threads took: 0.0000704 seconds
[2023-11-15T19:02:11.221+0000][6.338s][debug][safepoint     ] Safepoint synchronization initiated. (11 threads)
[2023-11-15T19:02:11.221+0000][6.338s][info ][safepoint     ] Application time: 0.2574055 seconds
[2023-11-15T19:02:11.221+0000][6.338s][debug][safepoint     ] Waiting for 1 thread(s) to block
[2023-11-15T19:02:11.221+0000][6.338s][info ][safepoint     ] Entering safepoint region: G1CollectForAllocation
[2023-11-15T19:02:11.222+0000][6.338s][info ][gc,start      ] GC(9) Pause Young (Normal) (G1 Evacuation Pause)
[2023-11-15T19:02:11.222+0000][6.338s][info ][gc,task       ] GC(9) Using 4 workers of 4 for evacuation
[2023-11-15T19:02:11.248+0000][6.365s][info ][gc,phases     ] GC(9)   Pre Evacuate Collection Set: 0.0ms
[2023-11-15T19:02:11.248+0000][6.365s][info ][gc,phases     ] GC(9)   Evacuate Collection Set: 24.4ms
[2023-11-15T19:02:11.248+0000][6.365s][info ][gc,phases     ] GC(9)   Post Evacuate Collection Set: 1.9ms
[2023-11-15T19:02:11.248+0000][6.365s][info ][gc,phases     ] GC(9)   Other: 0.1ms
[2023-11-15T19:02:11.248+0000][6.365s][info ][gc,heap       ] GC(9) Eden regions: 195->0(191)
[2023-11-15T19:02:11.248+0000][6.365s][info ][gc,heap       ] GC(9) Survivor regions: 14->18(27)
[2023-11-15T19:02:11.248+0000][6.365s][info ][gc,heap       ] GC(9) Old regions: 10->10
[2023-11-15T19:02:11.248+0000][6.365s][info ][gc,heap       ] GC(9) Humongous regions: 0->0
[2023-11-15T19:02:11.248+0000][6.365s][info ][gc,metaspace  ] GC(9) Metaspace: 24734K(25648K)->24734K(25648K) NonClass: 21625K(22192K)->21625K(22192K) Class: 3108K(3456K)->3108K(3456K)
[2023-11-15T19:02:11.248+0000][6.365s][info ][gc            ] GC(9) Pause Young (Normal) (G1 Evacuation Pause) 216M->26M(349M) 26.612ms
[2023-11-15T19:02:11.248+0000][6.365s][info ][gc,cpu        ] GC(9) User=0.08s Sys=0.00s Real=0.03s
[2023-11-15T19:02:11.248+0000][6.365s][info ][safepoint     ] Leaving safepoint region
[2023-11-15T19:02:11.248+0000][6.365s][info ][safepoint     ] Total time for which application threads were stopped: 0.0268381 seconds, Stopping threads took: 0.0000978 seconds
[2023-11-15T19:02:11.248+0000][6.365s][info ][gc,stringdedup] Concurrent String Deduplication (6.365s)
[2023-11-15T19:02:11.251+0000][6.368s][info ][gc,stringdedup] Concurrent String Deduplication 858.1K->747.0K(111.0K) avg 14.6% (6.365s, 6.368s) 2.876ms
[2023-11-15T19:02:11.669+0000][6.785s][debug][safepoint     ] Safepoint synchronization initiated. (12 threads)
[2023-11-15T19:02:11.669+0000][6.785s][info ][safepoint     ] Application time: 0.4206486 seconds
[2023-11-15T19:02:11.669+0000][6.785s][debug][safepoint     ] ... found polling page loop exception at pc = 0x00007f657c401678, stub =0x00007f657483ab00
[2023-11-15T19:02:11.669+0000][6.785s][debug][safepoint     ] Waiting for 2 thread(s) to block
[2023-11-15T19:02:11.669+0000][6.785s][info ][safepoint     ] Entering safepoint region: G1CollectForAllocation
[2023-11-15T19:02:11.669+0000][6.786s][info ][gc,start      ] GC(10) Pause Young (Normal) (G1 Evacuation Pause)
[2023-11-15T19:02:11.669+0000][6.786s][info ][gc,task       ] GC(10) Using 4 workers of 4 for evacuation
[2023-11-15T19:02:11.691+0000][6.807s][info ][gc,phases     ] GC(10)   Pre Evacuate Collection Set: 0.0ms
[2023-11-15T19:02:11.691+0000][6.807s][info ][gc,phases     ] GC(10)   Evacuate Collection Set: 18.1ms
[2023-11-15T19:02:11.691+0000][6.807s][info ][gc,phases     ] GC(10)   Post Evacuate Collection Set: 3.1ms
[2023-11-15T19:02:11.691+0000][6.807s][info ][gc,phases     ] GC(10)   Other: 0.2ms
[2023-11-15T19:02:11.691+0000][6.807s][info ][gc,heap       ] GC(10) Eden regions: 191->0(286)
[2023-11-15T19:02:11.691+0000][6.807s][info ][gc,heap       ] GC(10) Survivor regions: 18->15(27)
[2023-11-15T19:02:11.691+0000][6.807s][info ][gc,heap       ] GC(10) Old regions: 10->15
[2023-11-15T19:02:11.691+0000][6.807s][info ][gc,heap       ] GC(10) Humongous regions: 0->0
[2023-11-15T19:02:11.691+0000][6.807s][info ][gc,metaspace  ] GC(10) Metaspace: 26262K(27312K)->26262K(27312K) NonClass: 23037K(23728K)->23037K(23728K) Class: 3225K(3584K)->3225K(3584K)
[2023-11-15T19:02:11.691+0000][6.807s][info ][gc            ] GC(10) Pause Young (Normal) (G1 Evacuation Pause) 217M->27M(502M) 21.513ms
[2023-11-15T19:02:11.691+0000][6.807s][info ][gc,cpu        ] GC(10) User=0.05s Sys=0.00s Real=0.02s
[2023-11-15T19:02:11.691+0000][6.807s][info ][safepoint     ] Leaving safepoint region
[2023-11-15T19:02:11.691+0000][6.807s][info ][safepoint     ] Total time for which application threads were stopped: 0.0218073 seconds, Stopping threads took: 0.0000749 seconds
[2023-11-15T19:02:11.691+0000][6.807s][info ][gc,stringdedup] Concurrent String Deduplication (6.807s)
[2023-11-15T19:02:11.707+0000][6.823s][info ][gc,stringdedup] Concurrent String Deduplication 1561.3K->824.2K(737.1K) avg 24.1% (6.807s, 6.823s) 15.895ms
