[2023-11-16T09:12:59.952+0000][0.004s][info][gc,heap] Heap region size: 1M
[2023-11-16T09:12:59.955+0000][0.007s][info][gc     ] Using G1
[2023-11-16T09:12:59.955+0000][0.007s][info][gc,heap,coops] Heap address: 0x0000000708000000, size: 3968 MB, Compressed Oops mode: Zero based, Oop shift amount: 3
[2023-11-16T09:12:59.956+0000][0.008s][info][gc,cds       ] Mark closed archive regions in map: [0x00000007bfc00000, 0x00000007bfc6bff8]
[2023-11-16T09:12:59.956+0000][0.008s][info][gc,cds       ] Mark open archive regions in map: [0x00000007bf800000, 0x00000007bf847ff8]
[2023-11-16T09:13:00.031+0000][0.083s][debug][safepoint    ] Safepoint synchronization initiated. (9 threads)
[2023-11-16T09:13:00.031+0000][0.083s][info ][safepoint    ] Application time: 0.0402673 seconds
[2023-11-16T09:13:00.031+0000][0.083s][info ][safepoint    ] Entering safepoint region: Deoptimize
[2023-11-16T09:13:00.031+0000][0.083s][info ][safepoint    ] Leaving safepoint region
[2023-11-16T09:13:00.031+0000][0.083s][info ][safepoint    ] Total time for which application threads were stopped: 0.0001124 seconds, Stopping threads took: 0.0000087 seconds
[2023-11-16T09:13:00.386+0000][0.438s][debug][safepoint    ] Safepoint synchronization initiated. (10 threads)
[2023-11-16T09:13:00.386+0000][0.438s][info ][safepoint    ] Application time: 0.3551601 seconds
[2023-11-16T09:13:00.386+0000][0.438s][info ][safepoint    ] Entering safepoint region: G1CollectForAllocation
[2023-11-16T09:13:00.386+0000][0.438s][info ][gc,start     ] GC(0) Pause Young (Normal) (G1 Evacuation Pause)
[2023-11-16T09:13:00.386+0000][0.438s][info ][gc,task      ] GC(0) Using 4 workers of 4 for evacuation
[2023-11-16T09:13:00.399+0000][0.450s][info ][gc,phases    ] GC(0)   Pre Evacuate Collection Set: 0.0ms
[2023-11-16T09:13:00.399+0000][0.451s][info ][gc,phases    ] GC(0)   Evacuate Collection Set: 8.9ms
[2023-11-16T09:13:00.399+0000][0.451s][info ][gc,phases    ] GC(0)   Post Evacuate Collection Set: 3.0ms
[2023-11-16T09:13:00.399+0000][0.451s][info ][gc,phases    ] GC(0)   Other: 0.4ms
[2023-11-16T09:13:00.399+0000][0.451s][info ][gc,heap      ] GC(0) Eden regions: 38->0(143)
[2023-11-16T09:13:00.399+0000][0.451s][info ][gc,heap      ] GC(0) Survivor regions: 0->5(5)
[2023-11-16T09:13:00.399+0000][0.451s][info ][gc,heap      ] GC(0) Old regions: 2->5
[2023-11-16T09:13:00.399+0000][0.451s][info ][gc,heap      ] GC(0) Humongous regions: 2->0
[2023-11-16T09:13:00.399+0000][0.451s][info ][gc,metaspace ] GC(0) Metaspace: 1854K(5120K)->1854K(5120K) NonClass: 1701K(4608K)->1701K(4608K) Class: 153K(512K)->153K(512K)
[2023-11-16T09:13:00.399+0000][0.451s][info ][gc           ] GC(0) Pause Young (Normal) (G1 Evacuation Pause) 40M->8M(250M) 12.465ms
[2023-11-16T09:13:00.399+0000][0.451s][info ][gc,cpu       ] GC(0) User=0.04s Sys=0.00s Real=0.01s
[2023-11-16T09:13:00.399+0000][0.451s][info ][safepoint    ] Leaving safepoint region
[2023-11-16T09:13:00.399+0000][0.451s][info ][safepoint    ] Total time for which application threads were stopped: 0.0126219 seconds, Stopping threads took: 0.0000098 seconds
[2023-11-16T09:13:00.404+0000][0.456s][info ][gc,stringdedup] Concurrent String Deduplication (0.455s)
[2023-11-16T09:13:00.406+0000][0.458s][info ][gc,stringdedup] Concurrent String Deduplication 516.7K->479.9K(37720.0B) avg 4.7% (0.455s, 0.458s) 3.796ms
[2023-11-16T09:13:00.609+0000][0.661s][debug][safepoint     ] Safepoint synchronization initiated. (10 threads)
[2023-11-16T09:13:00.609+0000][0.661s][info ][safepoint     ] Application time: 0.2107759 seconds
[2023-11-16T09:13:00.609+0000][0.661s][debug][safepoint     ] Waiting for 1 thread(s) to block
[2023-11-16T09:13:00.609+0000][0.661s][info ][safepoint     ] Entering safepoint region: G1CollectForAllocation
[2023-11-16T09:13:00.610+0000][0.662s][info ][gc,start      ] GC(1) Pause Young (Normal) (G1 Evacuation Pause)
[2023-11-16T09:13:00.610+0000][0.662s][info ][gc,task       ] GC(1) Using 4 workers of 4 for evacuation
[2023-11-16T09:13:00.619+0000][0.671s][info ][gc,phases     ] GC(1)   Pre Evacuate Collection Set: 0.0ms
[2023-11-16T09:13:00.619+0000][0.671s][info ][gc,phases     ] GC(1)   Evacuate Collection Set: 8.9ms
[2023-11-16T09:13:00.619+0000][0.671s][info ][gc,phases     ] GC(1)   Post Evacuate Collection Set: 0.7ms
[2023-11-16T09:13:00.619+0000][0.671s][info ][gc,phases     ] GC(1)   Other: 0.1ms
[2023-11-16T09:13:00.619+0000][0.671s][info ][gc,heap       ] GC(1) Eden regions: 36->0(89)
[2023-11-16T09:13:00.619+0000][0.671s][info ][gc,heap       ] GC(1) Survivor regions: 5->1(6)
[2023-11-16T09:13:00.619+0000][0.671s][info ][gc,heap       ] GC(1) Old regions: 5->10
[2023-11-16T09:13:00.619+0000][0.671s][info ][gc,heap       ] GC(1) Humongous regions: 0->0
[2023-11-16T09:13:00.619+0000][0.671s][info ][gc,metaspace  ] GC(1) Metaspace: 2987K(5760K)->2987K(5760K) NonClass: 2713K(5120K)->2713K(5120K) Class: 273K(640K)->273K(640K)
[2023-11-16T09:13:00.619+0000][0.671s][info ][gc            ] GC(1) Pause Young (Normal) (G1 Evacuation Pause) 44M->9M(250M) 9.770ms
[2023-11-16T09:13:00.619+0000][0.671s][info ][gc,cpu        ] GC(1) User=0.02s Sys=0.00s Real=0.00s
[2023-11-16T09:13:00.619+0000][0.671s][info ][safepoint     ] Leaving safepoint region
[2023-11-16T09:13:00.619+0000][0.671s][info ][safepoint     ] Total time for which application threads were stopped: 0.0099183 seconds, Stopping threads took: 0.0000266 seconds
[2023-11-16T09:13:00.619+0000][0.671s][info ][gc,stringdedup] Concurrent String Deduplication (0.671s)
[2023-11-16T09:13:00.626+0000][0.678s][info ][gc,stringdedup] Concurrent String Deduplication 1453.8K->1378.9K(76680.0B) avg 5.0% (0.671s, 0.678s) 6.408ms
[2023-11-16T09:13:00.646+0000][0.698s][debug][safepoint     ] Safepoint synchronization initiated. (10 threads)
[2023-11-16T09:13:00.646+0000][0.698s][info ][safepoint     ] Application time: 0.0267691 seconds
[2023-11-16T09:13:00.646+0000][0.698s][debug][safepoint     ] Waiting for 1 thread(s) to block
[2023-11-16T09:13:00.646+0000][0.698s][info ][safepoint     ] Entering safepoint region: Deoptimize
[2023-11-16T09:13:00.646+0000][0.698s][info ][safepoint     ] Leaving safepoint region
[2023-11-16T09:13:00.646+0000][0.698s][info ][safepoint     ] Total time for which application threads were stopped: 0.0001716 seconds, Stopping threads took: 0.0000258 seconds
[2023-11-16T09:13:00.657+0000][0.709s][debug][safepoint     ] Safepoint synchronization initiated. (10 threads)
[2023-11-16T09:13:00.657+0000][0.709s][info ][safepoint     ] Application time: 0.0105182 seconds
[2023-11-16T09:13:00.657+0000][0.709s][info ][safepoint     ] Entering safepoint region: Deoptimize
[2023-11-16T09:13:00.657+0000][0.709s][info ][safepoint     ] Leaving safepoint region
[2023-11-16T09:13:00.657+0000][0.709s][info ][safepoint     ] Total time for which application threads were stopped: 0.0001591 seconds, Stopping threads took: 0.0000082 seconds
[2023-11-16T09:13:00.724+0000][0.776s][debug][safepoint     ] Safepoint synchronization initiated. (10 threads)
[2023-11-16T09:13:00.724+0000][0.776s][info ][safepoint     ] Application time: 0.0670064 seconds
[2023-11-16T09:13:00.724+0000][0.776s][info ][safepoint     ] Entering safepoint region: Deoptimize
[2023-11-16T09:13:00.724+0000][0.776s][info ][safepoint     ] Leaving safepoint region
[2023-11-16T09:13:00.724+0000][0.776s][info ][safepoint     ] Total time for which application threads were stopped: 0.0001995 seconds, Stopping threads took: 0.0000110 seconds
[2023-11-16T09:13:00.733+0000][0.785s][debug][safepoint     ] Safepoint synchronization initiated. (10 threads)
[2023-11-16T09:13:00.733+0000][0.785s][info ][safepoint     ] Application time: 0.0090158 seconds
[2023-11-16T09:13:00.733+0000][0.785s][info ][safepoint     ] Entering safepoint region: Deoptimize
[2023-11-16T09:13:00.733+0000][0.785s][info ][safepoint     ] Leaving safepoint region
[2023-11-16T09:13:00.733+0000][0.785s][info ][safepoint     ] Total time for which application threads were stopped: 0.0001697 seconds, Stopping threads took: 0.0000095 seconds
[2023-11-16T09:13:01.174+0000][1.226s][debug][safepoint     ] Safepoint synchronization initiated. (11 threads)
[2023-11-16T09:13:01.174+0000][1.226s][info ][safepoint     ] Application time: 0.4402421 seconds
[2023-11-16T09:13:01.174+0000][1.226s][debug][safepoint     ] Waiting for 2 thread(s) to block
[2023-11-16T09:13:01.174+0000][1.226s][info ][safepoint     ] Entering safepoint region: G1CollectForAllocation
[2023-11-16T09:13:01.174+0000][1.226s][info ][gc,start      ] GC(2) Pause Young (Normal) (G1 Evacuation Pause)
[2023-11-16T09:13:01.174+0000][1.226s][info ][gc,task       ] GC(2) Using 4 workers of 4 for evacuation
[2023-11-16T09:13:01.178+0000][1.230s][info ][gc,phases     ] GC(2)   Pre Evacuate Collection Set: 0.0ms
[2023-11-16T09:13:01.178+0000][1.230s][info ][gc,phases     ] GC(2)   Evacuate Collection Set: 3.2ms
[2023-11-16T09:13:01.178+0000][1.230s][info ][gc,phases     ] GC(2)   Post Evacuate Collection Set: 0.7ms
[2023-11-16T09:13:01.178+0000][1.230s][info ][gc,phases     ] GC(2)   Other: 0.1ms
[2023-11-16T09:13:01.178+0000][1.230s][info ][gc,heap       ] GC(2) Eden regions: 89->0(121)
[2023-11-16T09:13:01.178+0000][1.230s][info ][gc,heap       ] GC(2) Survivor regions: 1->2(12)
[2023-11-16T09:13:01.178+0000][1.230s][info ][gc,heap       ] GC(2) Old regions: 10->10
[2023-11-16T09:13:01.178+0000][1.230s][info ][gc,heap       ] GC(2) Humongous regions: 0->0
[2023-11-16T09:13:01.178+0000][1.230s][info ][gc,metaspace  ] GC(2) Metaspace: 5751K(7808K)->5751K(7808K) NonClass: 5103K(6912K)->5103K(6912K) Class: 648K(896K)->648K(896K)
[2023-11-16T09:13:01.178+0000][1.230s][info ][gc            ] GC(2) Pause Young (Normal) (G1 Evacuation Pause) 98M->10M(250M) 4.166ms
[2023-11-16T09:13:01.178+0000][1.230s][info ][gc,cpu        ] GC(2) User=0.02s Sys=0.00s Real=0.00s
[2023-11-16T09:13:01.178+0000][1.230s][info ][safepoint     ] Leaving safepoint region
[2023-11-16T09:13:01.178+0000][1.230s][info ][safepoint     ] Total time for which application threads were stopped: 0.0044080 seconds, Stopping threads took: 0.0000431 seconds
[2023-11-16T09:13:01.729+0000][1.781s][debug][safepoint     ] Safepoint synchronization initiated. (11 threads)
[2023-11-16T09:13:01.729+0000][1.781s][info ][safepoint     ] Application time: 0.5512571 seconds
[2023-11-16T09:13:01.729+0000][1.781s][debug][safepoint     ] Waiting for 1 thread(s) to block
[2023-11-16T09:13:01.729+0000][1.781s][info ][safepoint     ] Entering safepoint region: G1CollectForAllocation
[2023-11-16T09:13:01.730+0000][1.782s][info ][gc,start      ] GC(3) Pause Young (Normal) (G1 Evacuation Pause)
[2023-11-16T09:13:01.730+0000][1.782s][info ][gc,task       ] GC(3) Using 4 workers of 4 for evacuation
[2023-11-16T09:13:01.735+0000][1.787s][info ][gc,phases     ] GC(3)   Pre Evacuate Collection Set: 0.0ms
[2023-11-16T09:13:01.735+0000][1.787s][info ][gc,phases     ] GC(3)   Evacuate Collection Set: 4.1ms
[2023-11-16T09:13:01.735+0000][1.787s][info ][gc,phases     ] GC(3)   Post Evacuate Collection Set: 1.0ms
[2023-11-16T09:13:01.735+0000][1.787s][info ][gc,phases     ] GC(3)   Other: 0.1ms
[2023-11-16T09:13:01.735+0000][1.787s][info ][gc,heap       ] GC(3) Eden regions: 121->0(143)
[2023-11-16T09:13:01.735+0000][1.787s][info ][gc,heap       ] GC(3) Survivor regions: 2->4(16)
[2023-11-16T09:13:01.735+0000][1.787s][info ][gc,heap       ] GC(3) Old regions: 10->10
[2023-11-16T09:13:01.735+0000][1.787s][info ][gc,heap       ] GC(3) Humongous regions: 0->0
[2023-11-16T09:13:01.735+0000][1.787s][info ][gc,metaspace  ] GC(3) Metaspace: 10380K(11776K)->10380K(11776K) NonClass: 9102K(10240K)->9102K(10240K) Class: 1277K(1536K)->1277K(1536K)
[2023-11-16T09:13:01.735+0000][1.787s][info ][gc            ] GC(3) Pause Young (Normal) (G1 Evacuation Pause) 131M->11M(250M) 5.315ms
[2023-11-16T09:13:01.735+0000][1.787s][info ][gc,cpu        ] GC(3) User=0.01s Sys=0.00s Real=0.00s
[2023-11-16T09:13:01.735+0000][1.787s][info ][safepoint     ] Leaving safepoint region
[2023-11-16T09:13:01.735+0000][1.787s][info ][safepoint     ] Total time for which application threads were stopped: 0.0055039 seconds, Stopping threads took: 0.0000258 seconds
[2023-11-16T09:13:01.735+0000][1.787s][info ][gc,stringdedup] Concurrent String Deduplication (1.787s)
[2023-11-16T09:13:01.736+0000][1.788s][info ][gc,stringdedup] Concurrent String Deduplication 227.0K->155.2K(73456.0B) avg 7.4% (1.787s, 1.788s) 1.269ms
[2023-11-16T09:13:01.920+0000][1.972s][debug][safepoint     ] Safepoint synchronization initiated. (11 threads)
[2023-11-16T09:13:01.920+0000][1.972s][info ][safepoint     ] Application time: 0.1852039 seconds
[2023-11-16T09:13:01.920+0000][1.972s][debug][safepoint     ] Waiting for 1 thread(s) to block
[2023-11-16T09:13:01.920+0000][1.972s][info ][safepoint     ] Entering safepoint region: Deoptimize
[2023-11-16T09:13:01.920+0000][1.972s][info ][safepoint     ] Leaving safepoint region
[2023-11-16T09:13:01.920+0000][1.972s][info ][safepoint     ] Total time for which application threads were stopped: 0.0002619 seconds, Stopping threads took: 0.0000239 seconds
[2023-11-16T09:13:02.072+0000][2.124s][debug][safepoint     ] Safepoint synchronization initiated. (11 threads)
[2023-11-16T09:13:02.072+0000][2.124s][info ][safepoint     ] Application time: 0.1513256 seconds
[2023-11-16T09:13:02.072+0000][2.124s][debug][safepoint     ] Waiting for 1 thread(s) to block
[2023-11-16T09:13:02.072+0000][2.124s][info ][safepoint     ] Entering safepoint region: ICBufferFull
[2023-11-16T09:13:02.072+0000][2.124s][info ][safepoint     ] Leaving safepoint region
[2023-11-16T09:13:02.072+0000][2.124s][info ][safepoint     ] Total time for which application threads were stopped: 0.0001962 seconds, Stopping threads took: 0.0000316 seconds
[2023-11-16T09:13:02.277+0000][2.329s][debug][safepoint     ] Safepoint synchronization initiated. (12 threads)
[2023-11-16T09:13:02.277+0000][2.329s][info ][safepoint     ] Application time: 0.2048748 seconds
[2023-11-16T09:13:02.277+0000][2.329s][debug][safepoint     ] ... found polling page return exception at pc = 0x00007f07c42f6360, stub =0x00007f07bc83a800
[2023-11-16T09:13:02.277+0000][2.329s][debug][safepoint     ] Waiting for 1 thread(s) to block
[2023-11-16T09:13:02.277+0000][2.329s][info ][safepoint     ] Entering safepoint region: G1CollectForAllocation
[2023-11-16T09:13:02.277+0000][2.329s][info ][gc,start      ] GC(4) Pause Young (Normal) (G1 Evacuation Pause)
[2023-11-16T09:13:02.277+0000][2.329s][info ][gc,task       ] GC(4) Using 4 workers of 4 for evacuation
[2023-11-16T09:13:02.284+0000][2.336s][info ][gc,phases     ] GC(4)   Pre Evacuate Collection Set: 0.0ms
[2023-11-16T09:13:02.285+0000][2.336s][info ][gc,phases     ] GC(4)   Evacuate Collection Set: 5.4ms
[2023-11-16T09:13:02.285+0000][2.336s][info ][gc,phases     ] GC(4)   Post Evacuate Collection Set: 1.9ms
[2023-11-16T09:13:02.285+0000][2.337s][info ][gc,phases     ] GC(4)   Other: 0.1ms
[2023-11-16T09:13:02.285+0000][2.337s][info ][gc,heap       ] GC(4) Eden regions: 143->0(185)
[2023-11-16T09:13:02.285+0000][2.337s][info ][gc,heap       ] GC(4) Survivor regions: 4->6(19)
[2023-11-16T09:13:02.285+0000][2.337s][info ][gc,heap       ] GC(4) Old regions: 10->10
[2023-11-16T09:13:02.285+0000][2.337s][info ][gc,heap       ] GC(4) Humongous regions: 0->0
[2023-11-16T09:13:02.285+0000][2.337s][info ][gc,metaspace  ] GC(4) Metaspace: 14646K(15488K)->14646K(15488K) NonClass: 12812K(13312K)->12812K(13312K) Class: 1833K(2176K)->1833K(2176K)
[2023-11-16T09:13:02.285+0000][2.337s][info ][gc            ] GC(4) Pause Young (Normal) (G1 Evacuation Pause) 154M->14M(319M) 7.467ms
[2023-11-16T09:13:02.285+0000][2.337s][info ][gc,cpu        ] GC(4) User=0.02s Sys=0.00s Real=0.01s
[2023-11-16T09:13:02.285+0000][2.337s][info ][safepoint     ] Leaving safepoint region
[2023-11-16T09:13:02.285+0000][2.337s][info ][safepoint     ] Total time for which application threads were stopped: 0.0077900 seconds, Stopping threads took: 0.0001223 seconds
[2023-11-16T09:13:02.285+0000][2.337s][info ][gc,stringdedup] Concurrent String Deduplication (2.337s)
[2023-11-16T09:13:02.285+0000][2.337s][info ][gc,stringdedup] Concurrent String Deduplication 107.7K->29848.0B(80464.0B) avg 10.2% (2.337s, 2.337s) 0.737ms
[2023-11-16T09:13:02.451+0000][2.503s][debug][safepoint     ] Safepoint synchronization initiated. (12 threads)
[2023-11-16T09:13:02.451+0000][2.503s][info ][safepoint     ] Application time: 0.1660336 seconds
[2023-11-16T09:13:02.451+0000][2.503s][info ][safepoint     ] Entering safepoint region: Deoptimize
[2023-11-16T09:13:02.451+0000][2.503s][info ][safepoint     ] Leaving safepoint region
[2023-11-16T09:13:02.451+0000][2.503s][info ][safepoint     ] Total time for which application threads were stopped: 0.0003031 seconds, Stopping threads took: 0.0000093 seconds
[2023-11-16T09:13:02.640+0000][2.692s][debug][safepoint     ] Safepoint synchronization initiated. (12 threads)
[2023-11-16T09:13:02.640+0000][2.692s][info ][safepoint     ] Application time: 0.1892806 seconds
[2023-11-16T09:13:02.640+0000][2.692s][debug][safepoint     ] Waiting for 1 thread(s) to block
[2023-11-16T09:13:02.640+0000][2.692s][info ][safepoint     ] Entering safepoint region: Deoptimize
[2023-11-16T09:13:02.641+0000][2.693s][info ][safepoint     ] Leaving safepoint region
[2023-11-16T09:13:02.641+0000][2.693s][info ][safepoint     ] Total time for which application threads were stopped: 0.0003476 seconds, Stopping threads took: 0.0000428 seconds
[2023-11-16T09:13:02.734+0000][2.786s][debug][safepoint     ] Safepoint synchronization initiated. (12 threads)
[2023-11-16T09:13:02.734+0000][2.786s][info ][safepoint     ] Application time: 0.0929453 seconds
[2023-11-16T09:13:02.734+0000][2.786s][debug][safepoint     ] Waiting for 2 thread(s) to block
[2023-11-16T09:13:02.734+0000][2.786s][info ][safepoint     ] Entering safepoint region: G1CollectForAllocation
[2023-11-16T09:13:02.734+0000][2.786s][info ][gc,start      ] GC(5) Pause Young (Normal) (G1 Evacuation Pause)
[2023-11-16T09:13:02.734+0000][2.786s][info ][gc,task       ] GC(5) Using 4 workers of 4 for evacuation
[2023-11-16T09:13:02.741+0000][2.793s][info ][gc,phases     ] GC(5)   Pre Evacuate Collection Set: 0.0ms
[2023-11-16T09:13:02.741+0000][2.793s][info ][gc,phases     ] GC(5)   Evacuate Collection Set: 6.3ms
[2023-11-16T09:13:02.741+0000][2.793s][info ][gc,phases     ] GC(5)   Post Evacuate Collection Set: 1.0ms
[2023-11-16T09:13:02.741+0000][2.793s][info ][gc,phases     ] GC(5)   Other: 0.2ms
[2023-11-16T09:13:02.741+0000][2.793s][info ][gc,heap       ] GC(5) Eden regions: 185->0(183)
[2023-11-16T09:13:02.741+0000][2.793s][info ][gc,heap       ] GC(5) Survivor regions: 6->8(24)
[2023-11-16T09:13:02.741+0000][2.793s][info ][gc,heap       ] GC(5) Old regions: 10->10
[2023-11-16T09:13:02.741+0000][2.793s][info ][gc,heap       ] GC(5) Humongous regions: 0->0
[2023-11-16T09:13:02.741+0000][2.793s][info ][gc,metaspace  ] GC(5) Metaspace: 19476K(20224K)->19476K(20224K) NonClass: 16983K(17408K)->16983K(17408K) Class: 2493K(2816K)->2493K(2816K)
[2023-11-16T09:13:02.741+0000][2.793s][info ][gc            ] GC(5) Pause Young (Normal) (G1 Evacuation Pause) 199M->16M(319M) 7.547ms
[2023-11-16T09:13:02.741+0000][2.793s][info ][gc,cpu        ] GC(5) User=0.03s Sys=0.00s Real=0.01s
[2023-11-16T09:13:02.741+0000][2.793s][info ][safepoint     ] Leaving safepoint region
[2023-11-16T09:13:02.741+0000][2.793s][info ][safepoint     ] Total time for which application threads were stopped: 0.0078434 seconds, Stopping threads took: 0.0001177 seconds
[2023-11-16T09:13:02.741+0000][2.793s][info ][gc,stringdedup] Concurrent String Deduplication (2.793s)
[2023-11-16T09:13:02.742+0000][2.794s][info ][gc,stringdedup] Concurrent String Deduplication 138.7K->50280.0B(91760.0B) avg 12.9% (2.793s, 2.794s) 0.585ms
[2023-11-16T09:13:02.792+0000][2.844s][debug][safepoint     ] Safepoint synchronization initiated. (12 threads)
[2023-11-16T09:13:02.792+0000][2.844s][info ][safepoint     ] Application time: 0.0508157 seconds
[2023-11-16T09:13:02.794+0000][2.846s][debug][safepoint     ] ... found polling page loop exception at pc = 0x00007f07c430561d, stub =0x00007f07bc83ab00
[2023-11-16T09:13:02.795+0000][2.847s][debug][safepoint     ] Waiting for 1 thread(s) to block
[2023-11-16T09:13:02.795+0000][2.847s][info ][safepoint     ] Entering safepoint region: CollectForMetadataAllocation
[2023-11-16T09:13:02.795+0000][2.847s][info ][gc,start      ] GC(6) Pause Young (Concurrent Start) (Metadata GC Threshold)
[2023-11-16T09:13:02.795+0000][2.847s][info ][gc,task       ] GC(6) Using 4 workers of 4 for evacuation
[2023-11-16T09:13:02.805+0000][2.857s][info ][gc,phases     ] GC(6)   Pre Evacuate Collection Set: 0.0ms
[2023-11-16T09:13:02.805+0000][2.857s][info ][gc,phases     ] GC(6)   Evacuate Collection Set: 8.9ms
[2023-11-16T09:13:02.805+0000][2.857s][info ][gc,phases     ] GC(6)   Post Evacuate Collection Set: 0.9ms
[2023-11-16T09:13:02.805+0000][2.857s][info ][gc,phases     ] GC(6)   Other: 0.2ms
[2023-11-16T09:13:02.805+0000][2.857s][info ][gc,heap       ] GC(6) Eden regions: 15->0(153)
[2023-11-16T09:13:02.805+0000][2.857s][info ][gc,heap       ] GC(6) Survivor regions: 8->9(24)
[2023-11-16T09:13:02.805+0000][2.857s][info ][gc,heap       ] GC(6) Old regions: 10->10
[2023-11-16T09:13:02.805+0000][2.857s][info ][gc,heap       ] GC(6) Humongous regions: 0->0
[2023-11-16T09:13:02.805+0000][2.857s][info ][gc,metaspace  ] GC(6) Metaspace: 20345K(21248K)->20345K(21248K) NonClass: 17764K(18432K)->17764K(18432K) Class: 2580K(2816K)->2580K(2816K)
[2023-11-16T09:13:02.805+0000][2.857s][info ][gc            ] GC(6) Pause Young (Concurrent Start) (Metadata GC Threshold) 31M->16M(319M) 10.151ms
[2023-11-16T09:13:02.805+0000][2.857s][info ][gc,cpu        ] GC(6) User=0.03s Sys=0.00s Real=0.01s
[2023-11-16T09:13:02.805+0000][2.857s][info ][safepoint     ] Leaving safepoint region
[2023-11-16T09:13:02.805+0000][2.857s][info ][safepoint     ] Total time for which application threads were stopped: 0.0128022 seconds, Stopping threads took: 0.0024593 seconds
[2023-11-16T09:13:02.805+0000][2.857s][info ][gc            ] GC(7) Concurrent Cycle
[2023-11-16T09:13:02.805+0000][2.857s][info ][gc,marking    ] GC(7) Concurrent Clear Claimed Marks
[2023-11-16T09:13:02.805+0000][2.857s][info ][gc,stringdedup] Concurrent String Deduplication (2.857s)
[2023-11-16T09:13:02.805+0000][2.857s][info ][gc,marking    ] GC(7) Concurrent Clear Claimed Marks 0.030ms
[2023-11-16T09:13:02.805+0000][2.857s][info ][gc,marking    ] GC(7) Concurrent Scan Root Regions
[2023-11-16T09:13:02.807+0000][2.859s][info ][gc,stringdedup] Concurrent String Deduplication 184.1K->118.9K(66760.0B) avg 14.4% (2.857s, 2.859s) 1.584ms
[2023-11-16T09:13:02.810+0000][2.862s][info ][gc,marking    ] GC(7) Concurrent Scan Root Regions 4.965ms
[2023-11-16T09:13:02.810+0000][2.862s][info ][gc,marking    ] GC(7) Concurrent Mark (2.862s)
[2023-11-16T09:13:02.810+0000][2.862s][info ][gc,marking    ] GC(7) Concurrent Mark From Roots
[2023-11-16T09:13:02.810+0000][2.862s][info ][gc,task       ] GC(7) Using 1 workers of 1 for marking
[2023-11-16T09:13:02.821+0000][2.873s][info ][gc,marking    ] GC(7) Concurrent Mark From Roots 10.785ms
[2023-11-16T09:13:02.821+0000][2.873s][info ][gc,marking    ] GC(7) Concurrent Preclean
[2023-11-16T09:13:02.821+0000][2.873s][info ][gc,marking    ] GC(7) Concurrent Preclean 0.058ms
[2023-11-16T09:13:02.821+0000][2.873s][info ][gc,marking    ] GC(7) Concurrent Mark (2.862s, 2.873s) 10.900ms
[2023-11-16T09:13:02.821+0000][2.873s][debug][safepoint     ] Safepoint synchronization initiated. (12 threads)
[2023-11-16T09:13:02.821+0000][2.873s][info ][safepoint     ] Application time: 0.0160426 seconds
[2023-11-16T09:13:02.821+0000][2.873s][debug][safepoint     ] ... found polling page loop exception at pc = 0x00007f07c441f346, stub =0x00007f07bc83ab00
[2023-11-16T09:13:02.821+0000][2.873s][debug][safepoint     ] ... found polling page return exception at pc = 0x00007f07c4304889, stub =0x00007f07bc83a800
[2023-11-16T09:13:02.821+0000][2.873s][debug][safepoint     ] Waiting for 2 thread(s) to block
[2023-11-16T09:13:02.821+0000][2.873s][info ][safepoint     ] Entering safepoint region: CGC_Operation
[2023-11-16T09:13:02.821+0000][2.873s][info ][gc,start      ] GC(7) Pause Remark
[2023-11-16T09:13:02.825+0000][2.877s][info ][gc,stringtable] GC(7) Cleaned string and symbol table, strings: 7540 processed, 7 removed, symbols: 54945 processed, 114 removed
[2023-11-16T09:13:02.825+0000][2.877s][info ][gc            ] GC(7) Pause Remark 19M->19M(319M) 3.491ms
[2023-11-16T09:13:02.825+0000][2.877s][info ][gc,cpu        ] GC(7) User=0.01s Sys=0.00s Real=0.00s
[2023-11-16T09:13:02.825+0000][2.877s][info ][safepoint     ] Leaving safepoint region
[2023-11-16T09:13:02.825+0000][2.877s][info ][safepoint     ] Total time for which application threads were stopped: 0.0037676 seconds, Stopping threads took: 0.0001597 seconds
[2023-11-16T09:13:02.825+0000][2.877s][info ][gc,marking    ] GC(7) Concurrent Rebuild Remembered Sets
[2023-11-16T09:13:02.831+0000][2.883s][info ][gc,marking    ] GC(7) Concurrent Rebuild Remembered Sets 6.177ms
[2023-11-16T09:13:02.831+0000][2.883s][debug][safepoint     ] Safepoint synchronization initiated. (12 threads)
[2023-11-16T09:13:02.831+0000][2.883s][info ][safepoint     ] Application time: 0.0062753 seconds
[2023-11-16T09:13:02.831+0000][2.883s][debug][safepoint     ] Waiting for 2 thread(s) to block
[2023-11-16T09:13:02.831+0000][2.883s][info ][safepoint     ] Entering safepoint region: CGC_Operation
[2023-11-16T09:13:02.831+0000][2.883s][info ][gc,start      ] GC(7) Pause Cleanup
[2023-11-16T09:13:02.831+0000][2.883s][info ][gc            ] GC(7) Pause Cleanup 20M->20M(319M) 0.118ms
[2023-11-16T09:13:02.831+0000][2.883s][info ][gc,cpu        ] GC(7) User=0.00s Sys=0.00s Real=0.00s
[2023-11-16T09:13:02.831+0000][2.883s][info ][safepoint     ] Leaving safepoint region
[2023-11-16T09:13:02.831+0000][2.883s][info ][safepoint     ] Total time for which application threads were stopped: 0.0002344 seconds, Stopping threads took: 0.0000507 seconds
[2023-11-16T09:13:02.831+0000][2.883s][info ][gc,marking    ] GC(7) Concurrent Cleanup for Next Mark
[2023-11-16T09:13:02.834+0000][2.886s][info ][gc,marking    ] GC(7) Concurrent Cleanup for Next Mark 2.124ms
[2023-11-16T09:13:02.834+0000][2.886s][info ][gc            ] GC(7) Concurrent Cycle 28.545ms
[2023-11-16T09:13:03.004+0000][3.056s][debug][safepoint     ] Safepoint synchronization initiated. (12 threads)
[2023-11-16T09:13:03.004+0000][3.056s][info ][safepoint     ] Application time: 0.1724164 seconds
[2023-11-16T09:13:03.004+0000][3.056s][debug][safepoint     ] ... found polling page return exception at pc = 0x00007f07c4405106, stub =0x00007f07bc83a800
[2023-11-16T09:13:03.004+0000][3.056s][debug][safepoint     ] Waiting for 2 thread(s) to block
[2023-11-16T09:13:03.004+0000][3.056s][info ][safepoint     ] Entering safepoint region: Deoptimize
[2023-11-16T09:13:03.004+0000][3.056s][info ][safepoint     ] Leaving safepoint region
[2023-11-16T09:13:03.004+0000][3.056s][info ][safepoint     ] Total time for which application threads were stopped: 0.0003696 seconds, Stopping threads took: 0.0000701 seconds
[2023-11-16T09:13:03.434+0000][3.485s][debug][safepoint     ] Safepoint synchronization initiated. (11 threads)
[2023-11-16T09:13:03.434+0000][3.486s][info ][safepoint     ] Application time: 0.4293287 seconds
[2023-11-16T09:13:03.434+0000][3.486s][info ][safepoint     ] Entering safepoint region: G1CollectForAllocation
[2023-11-16T09:13:03.434+0000][3.486s][info ][gc,start      ] GC(8) Pause Young (Normal) (G1 Evacuation Pause)
[2023-11-16T09:13:03.434+0000][3.486s][info ][gc,task       ] GC(8) Using 4 workers of 4 for evacuation
[2023-11-16T09:13:03.454+0000][3.506s][info ][gc,phases     ] GC(8)   Pre Evacuate Collection Set: 0.0ms
[2023-11-16T09:13:03.454+0000][3.506s][info ][gc,phases     ] GC(8)   Evacuate Collection Set: 18.3ms
[2023-11-16T09:13:03.454+0000][3.506s][info ][gc,phases     ] GC(8)   Post Evacuate Collection Set: 1.4ms
[2023-11-16T09:13:03.454+0000][3.506s][info ][gc,phases     ] GC(8)   Other: 0.1ms
[2023-11-16T09:13:03.454+0000][3.506s][info ][gc,heap       ] GC(8) Eden regions: 153->0(166)
[2023-11-16T09:13:03.454+0000][3.506s][info ][gc,heap       ] GC(8) Survivor regions: 9->12(21)
[2023-11-16T09:13:03.454+0000][3.506s][info ][gc,heap       ] GC(8) Old regions: 10->10
[2023-11-16T09:13:03.454+0000][3.506s][info ][gc,heap       ] GC(8) Humongous regions: 0->0
[2023-11-16T09:13:03.454+0000][3.506s][info ][gc,metaspace  ] GC(8) Metaspace: 23954K(24960K)->23954K(24960K) NonClass: 20922K(21504K)->20922K(21504K) Class: 3032K(3456K)->3032K(3456K)
[2023-11-16T09:13:03.454+0000][3.506s][info ][gc            ] GC(8) Pause Young (Normal) (G1 Evacuation Pause) 169M->19M(319M) 19.964ms
[2023-11-16T09:13:03.454+0000][3.506s][info ][gc,cpu        ] GC(8) User=0.06s Sys=0.00s Real=0.02s
[2023-11-16T09:13:03.454+0000][3.506s][info ][safepoint     ] Leaving safepoint region
[2023-11-16T09:13:03.454+0000][3.506s][info ][safepoint     ] Total time for which application threads were stopped: 0.0201544 seconds, Stopping threads took: 0.0000109 seconds
[2023-11-16T09:13:03.454+0000][3.506s][info ][gc,stringdedup] Concurrent String Deduplication (3.506s)
[2023-11-16T09:13:03.457+0000][3.509s][info ][gc,stringdedup] Concurrent String Deduplication 878.1K->751.3K(126.9K) avg 14.4% (3.506s, 3.509s) 3.270ms
[2023-11-16T09:13:04.070+0000][4.122s][debug][safepoint     ] Safepoint synchronization initiated. (11 threads)
[2023-11-16T09:13:04.070+0000][4.122s][info ][safepoint     ] Application time: 0.6164467 seconds
[2023-11-16T09:13:04.070+0000][4.122s][debug][safepoint     ] Waiting for 1 thread(s) to block
[2023-11-16T09:13:04.070+0000][4.122s][info ][safepoint     ] Entering safepoint region: ICBufferFull
[2023-11-16T09:13:04.070+0000][4.122s][info ][safepoint     ] Leaving safepoint region
[2023-11-16T09:13:04.070+0000][4.122s][info ][safepoint     ] Total time for which application threads were stopped: 0.0002208 seconds, Stopping threads took: 0.0000370 seconds
[2023-11-16T09:13:04.111+0000][4.163s][debug][safepoint     ] Safepoint synchronization initiated. (11 threads)
[2023-11-16T09:13:04.111+0000][4.163s][info ][safepoint     ] Application time: 0.0407461 seconds
[2023-11-16T09:13:04.111+0000][4.163s][debug][safepoint     ] Waiting for 1 thread(s) to block
[2023-11-16T09:13:04.111+0000][4.163s][info ][safepoint     ] Entering safepoint region: G1CollectForAllocation
[2023-11-16T09:13:04.111+0000][4.163s][info ][gc,start      ] GC(9) Pause Young (Normal) (G1 Evacuation Pause)
[2023-11-16T09:13:04.111+0000][4.163s][info ][gc,task       ] GC(9) Using 4 workers of 4 for evacuation
[2023-11-16T09:13:04.128+0000][4.180s][info ][gc,phases     ] GC(9)   Pre Evacuate Collection Set: 0.0ms
[2023-11-16T09:13:04.128+0000][4.180s][info ][gc,phases     ] GC(9)   Evacuate Collection Set: 14.1ms
[2023-11-16T09:13:04.128+0000][4.180s][info ][gc,phases     ] GC(9)   Post Evacuate Collection Set: 2.6ms
[2023-11-16T09:13:04.128+0000][4.180s][info ][gc,phases     ] GC(9)   Other: 0.1ms
[2023-11-16T09:13:04.128+0000][4.180s][info ][gc,heap       ] GC(9) Eden regions: 166->0(206)
[2023-11-16T09:13:04.128+0000][4.180s][info ][gc,heap       ] GC(9) Survivor regions: 12->16(23)
[2023-11-16T09:13:04.128+0000][4.180s][info ][gc,heap       ] GC(9) Old regions: 10->10
[2023-11-16T09:13:04.128+0000][4.180s][info ][gc,heap       ] GC(9) Humongous regions: 0->0
[2023-11-16T09:13:04.128+0000][4.180s][info ][gc,metaspace  ] GC(9) Metaspace: 24580K(25472K)->24580K(25472K) NonClass: 21488K(22016K)->21488K(22016K) Class: 3091K(3456K)->3091K(3456K)
[2023-11-16T09:13:04.128+0000][4.180s][info ][gc            ] GC(9) Pause Young (Normal) (G1 Evacuation Pause) 185M->24M(389M) 17.004ms
[2023-11-16T09:13:04.128+0000][4.180s][info ][gc,cpu        ] GC(9) User=0.07s Sys=0.00s Real=0.02s
[2023-11-16T09:13:04.128+0000][4.180s][info ][safepoint     ] Leaving safepoint region
[2023-11-16T09:13:04.128+0000][4.180s][info ][safepoint     ] Total time for which application threads were stopped: 0.0171463 seconds, Stopping threads took: 0.0000295 seconds
[2023-11-16T09:13:04.128+0000][4.180s][info ][gc,stringdedup] Concurrent String Deduplication (4.180s)
[2023-11-16T09:13:04.129+0000][4.180s][info ][gc,stringdedup] Concurrent String Deduplication 18064.0B->7832.0B(10232.0B) avg 14.6% (4.180s, 4.180s) 0.153ms
[2023-11-16T09:13:04.536+0000][4.587s][debug][safepoint     ] Safepoint synchronization initiated. (11 threads)
[2023-11-16T09:13:04.536+0000][4.588s][info ][safepoint     ] Application time: 0.4072335 seconds
[2023-11-16T09:13:04.536+0000][4.588s][debug][safepoint     ] Waiting for 1 thread(s) to block
[2023-11-16T09:13:04.536+0000][4.588s][info ][safepoint     ] Entering safepoint region: ICBufferFull
[2023-11-16T09:13:04.536+0000][4.588s][info ][safepoint     ] Leaving safepoint region
[2023-11-16T09:13:04.536+0000][4.588s][info ][safepoint     ] Total time for which application threads were stopped: 0.0001439 seconds, Stopping threads took: 0.0000312 seconds
[2023-11-16T09:13:04.712+0000][4.764s][debug][safepoint     ] Safepoint synchronization initiated. (12 threads)
[2023-11-16T09:13:04.712+0000][4.764s][info ][safepoint     ] Application time: 0.1762675 seconds
[2023-11-16T09:13:04.712+0000][4.764s][debug][safepoint     ] ... found polling page loop exception at pc = 0x00007f07c445c9c2, stub =0x00007f07bc83ab00
[2023-11-16T09:13:04.712+0000][4.764s][debug][safepoint     ] Waiting for 2 thread(s) to block
[2023-11-16T09:13:04.712+0000][4.764s][info ][safepoint     ] Entering safepoint region: G1CollectForAllocation
[2023-11-16T09:13:04.712+0000][4.764s][info ][gc,start      ] GC(10) Pause Young (Normal) (G1 Evacuation Pause)
[2023-11-16T09:13:04.712+0000][4.764s][info ][gc,task       ] GC(10) Using 4 workers of 4 for evacuation
[2023-11-16T09:13:04.733+0000][4.785s][info ][gc,phases     ] GC(10)   Pre Evacuate Collection Set: 0.0ms
[2023-11-16T09:13:04.733+0000][4.785s][info ][gc,phases     ] GC(10)   Evacuate Collection Set: 19.4ms
[2023-11-16T09:13:04.733+0000][4.785s][info ][gc,phases     ] GC(10)   Post Evacuate Collection Set: 1.5ms
[2023-11-16T09:13:04.733+0000][4.785s][info ][gc,phases     ] GC(10)   Other: 0.2ms
[2023-11-16T09:13:04.733+0000][4.785s][info ][gc,heap       ] GC(10) Eden regions: 206->0(215)
[2023-11-16T09:13:04.733+0000][4.785s][info ][gc,heap       ] GC(10) Survivor regions: 16->18(28)
[2023-11-16T09:13:04.733+0000][4.785s][info ][gc,heap       ] GC(10) Old regions: 10->12
[2023-11-16T09:13:04.733+0000][4.785s][info ][gc,heap       ] GC(10) Humongous regions: 0->0
[2023-11-16T09:13:04.733+0000][4.785s][info ][gc,metaspace  ] GC(10) Metaspace: 25762K(26880K)->25762K(26880K) NonClass: 22582K(23296K)->22582K(23296K) Class: 3180K(3584K)->3180K(3584K)
[2023-11-16T09:13:04.733+0000][4.785s][info ][gc            ] GC(10) Pause Young (Normal) (G1 Evacuation Pause) 230M->27M(389M) 21.169ms
[2023-11-16T09:13:04.733+0000][4.785s][info ][gc,cpu        ] GC(10) User=0.09s Sys=0.00s Real=0.02s
[2023-11-16T09:13:04.733+0000][4.785s][info ][safepoint     ] Leaving safepoint region
[2023-11-16T09:13:04.733+0000][4.785s][info ][safepoint     ] Total time for which application threads were stopped: 0.0214344 seconds, Stopping threads took: 0.0000928 seconds
[2023-11-16T09:13:04.733+0000][4.785s][info ][gc,stringdedup] Concurrent String Deduplication (4.785s)
[2023-11-16T09:13:04.738+0000][4.790s][info ][gc,stringdedup] Concurrent String Deduplication 1154.3K->651.7K(502.6K) avg 21.3% (4.785s, 4.790s) 4.673ms
[2023-11-16T09:13:05.003+0000][5.055s][debug][safepoint     ] Safepoint synchronization initiated. (12 threads)
[2023-11-16T09:13:05.004+0000][5.056s][info ][safepoint     ] Application time: 0.2706871 seconds
[2023-11-16T09:13:05.004+0000][5.056s][info ][safepoint     ] Entering safepoint region: G1CollectForAllocation
[2023-11-16T09:13:05.004+0000][5.056s][info ][gc,start      ] GC(11) Pause Young (Normal) (G1 Evacuation Pause)
[2023-11-16T09:13:05.004+0000][5.056s][info ][gc,task       ] GC(11) Using 4 workers of 4 for evacuation
[2023-11-16T09:13:05.029+0000][5.081s][info ][gc,phases     ] GC(11)   Pre Evacuate Collection Set: 0.0ms
[2023-11-16T09:13:05.029+0000][5.081s][info ][gc,phases     ] GC(11)   Evacuate Collection Set: 23.0ms
[2023-11-16T09:13:05.029+0000][5.081s][info ][gc,phases     ] GC(11)   Post Evacuate Collection Set: 1.5ms
[2023-11-16T09:13:05.029+0000][5.081s][info ][gc,phases     ] GC(11)   Other: 0.2ms
[2023-11-16T09:13:05.029+0000][5.081s][info ][gc,heap       ] GC(11) Eden regions: 215->0(219)
[2023-11-16T09:13:05.029+0000][5.081s][info ][gc,heap       ] GC(11) Survivor regions: 18->14(30)
[2023-11-16T09:13:05.029+0000][5.081s][info ][gc,heap       ] GC(11) Old regions: 12->15
[2023-11-16T09:13:05.029+0000][5.081s][info ][gc,heap       ] GC(11) Humongous regions: 0->0
[2023-11-16T09:13:05.029+0000][5.081s][info ][gc,metaspace  ] GC(11) Metaspace: 26261K(27136K)->26261K(27136K) NonClass: 23038K(23552K)->23038K(23552K) Class: 3223K(3584K)->3223K(3584K)
[2023-11-16T09:13:05.029+0000][5.081s][info ][gc            ] GC(11) Pause Young (Normal) (G1 Evacuation Pause) 242M->26M(389M) 24.742ms
[2023-11-16T09:13:05.029+0000][5.081s][info ][gc,cpu        ] GC(11) User=0.08s Sys=0.00s Real=0.03s
[2023-11-16T09:13:05.029+0000][5.081s][info ][safepoint     ] Leaving safepoint region
[2023-11-16T09:13:05.029+0000][5.081s][info ][safepoint     ] Total time for which application threads were stopped: 0.0250584 seconds, Stopping threads took: 0.0000130 seconds
[2023-11-16T09:13:05.029+0000][5.081s][info ][gc,stringdedup] Concurrent String Deduplication (5.081s)
[2023-11-16T09:13:05.042+0000][5.094s][info ][gc,stringdedup] Concurrent String Deduplication 1224.9K->421.7K(803.1K) avg 30.1% (5.081s, 5.094s) 12.723ms
[2023-11-16T09:13:05.534+0000][5.586s][debug][safepoint     ] Safepoint synchronization initiated. (11 threads)
[2023-11-16T09:13:05.534+0000][5.586s][info ][safepoint     ] Application time: 0.5049029 seconds
[2023-11-16T09:13:05.534+0000][5.586s][debug][safepoint     ] Waiting for 1 thread(s) to block
[2023-11-16T09:13:05.534+0000][5.586s][info ][safepoint     ] Entering safepoint region: ICBufferFull
[2023-11-16T09:13:05.534+0000][5.586s][info ][safepoint     ] Leaving safepoint region
[2023-11-16T09:13:05.534+0000][5.586s][info ][safepoint     ] Total time for which application threads were stopped: 0.0002187 seconds, Stopping threads took: 0.0000280 seconds
[2023-11-16T09:13:05.699+0000][5.751s][debug][safepoint     ] Safepoint synchronization initiated. (11 threads)
[2023-11-16T09:13:05.699+0000][5.751s][info ][safepoint     ] Application time: 0.1648795 seconds
[2023-11-16T09:13:05.699+0000][5.751s][debug][safepoint     ] Waiting for 1 thread(s) to block
[2023-11-16T09:13:05.699+0000][5.751s][info ][safepoint     ] Entering safepoint region: G1CollectForAllocation
[2023-11-16T09:13:05.699+0000][5.751s][info ][gc,start      ] GC(12) Pause Young (Normal) (G1 Evacuation Pause)
[2023-11-16T09:13:05.699+0000][5.751s][info ][gc,task       ] GC(12) Using 4 workers of 4 for evacuation
[2023-11-16T09:13:05.714+0000][5.766s][info ][gc,phases     ] GC(12)   Pre Evacuate Collection Set: 0.0ms
[2023-11-16T09:13:05.714+0000][5.766s][info ][gc,phases     ] GC(12)   Evacuate Collection Set: 8.2ms
[2023-11-16T09:13:05.714+0000][5.766s][info ][gc,phases     ] GC(12)   Post Evacuate Collection Set: 5.8ms
[2023-11-16T09:13:05.714+0000][5.766s][info ][gc,phases     ] GC(12)   Other: 0.2ms
[2023-11-16T09:13:05.714+0000][5.766s][info ][gc,heap       ] GC(12) Eden regions: 219->0(217)
[2023-11-16T09:13:05.714+0000][5.766s][info ][gc,heap       ] GC(12) Survivor regions: 14->16(30)
[2023-11-16T09:13:05.714+0000][5.766s][info ][gc,heap       ] GC(12) Old regions: 15->15
[2023-11-16T09:13:05.714+0000][5.766s][info ][gc,heap       ] GC(12) Humongous regions: 0->0
[2023-11-16T09:13:05.714+0000][5.766s][info ][gc,metaspace  ] GC(12) Metaspace: 32328K(33408K)->32328K(33408K) NonClass: 28443K(29184K)->28443K(29184K) Class: 3885K(4224K)->3885K(4224K)
[2023-11-16T09:13:05.714+0000][5.766s][info ][gc            ] GC(12) Pause Young (Normal) (G1 Evacuation Pause) 245M->28M(389M) 14.323ms
[2023-11-16T09:13:05.714+0000][5.766s][info ][gc,cpu        ] GC(12) User=0.05s Sys=0.00s Real=0.02s
[2023-11-16T09:13:05.714+0000][5.766s][info ][safepoint     ] Leaving safepoint region
[2023-11-16T09:13:05.714+0000][5.766s][info ][safepoint     ] Total time for which application threads were stopped: 0.0144959 seconds, Stopping threads took: 0.0000275 seconds
[2023-11-16T09:13:05.714+0000][5.766s][info ][gc,stringdedup] Concurrent String Deduplication (5.766s)
[2023-11-16T09:13:05.718+0000][5.770s][info ][gc,stringdedup] Concurrent String Deduplication 1399.8K->282.6K(1117.2K) avg 39.3% (5.766s, 5.770s) 4.374ms
[2023-11-16T09:13:05.886+0000][5.938s][debug][safepoint     ] Safepoint synchronization initiated. (11 threads)
[2023-11-16T09:13:05.886+0000][5.938s][info ][safepoint     ] Application time: 0.1720566 seconds
[2023-11-16T09:13:05.886+0000][5.938s][info ][safepoint     ] Entering safepoint region: Deoptimize
[2023-11-16T09:13:05.886+0000][5.938s][info ][safepoint     ] Leaving safepoint region
[2023-11-16T09:13:05.886+0000][5.938s][info ][safepoint     ] Total time for which application threads were stopped: 0.0003927 seconds, Stopping threads took: 0.0000085 seconds
[2023-11-16T09:13:06.245+0000][6.297s][debug][safepoint     ] Safepoint synchronization initiated. (11 threads)
[2023-11-16T09:13:06.245+0000][6.297s][info ][safepoint     ] Application time: 0.3587893 seconds
[2023-11-16T09:13:06.245+0000][6.297s][debug][safepoint     ] Waiting for 1 thread(s) to block
[2023-11-16T09:13:06.245+0000][6.297s][info ][safepoint     ] Entering safepoint region: Deoptimize
[2023-11-16T09:13:06.245+0000][6.297s][info ][safepoint     ] Leaving safepoint region
[2023-11-16T09:13:06.246+0000][6.297s][info ][safepoint     ] Total time for which application threads were stopped: 0.0004933 seconds, Stopping threads took: 0.0000265 seconds
[2023-11-16T09:13:06.274+0000][6.326s][debug][safepoint     ] Safepoint synchronization initiated. (11 threads)
[2023-11-16T09:13:06.274+0000][6.326s][info ][safepoint     ] Application time: 0.0286409 seconds
[2023-11-16T09:13:06.274+0000][6.326s][info ][safepoint     ] Entering safepoint region: G1CollectForAllocation
[2023-11-16T09:13:06.274+0000][6.326s][info ][gc,start      ] GC(13) Pause Young (Normal) (G1 Evacuation Pause)
[2023-11-16T09:13:06.274+0000][6.326s][info ][gc,task       ] GC(13) Using 4 workers of 4 for evacuation
[2023-11-16T09:13:06.291+0000][6.343s][info ][gc,phases     ] GC(13)   Pre Evacuate Collection Set: 0.0ms
[2023-11-16T09:13:06.291+0000][6.343s][info ][gc,phases     ] GC(13)   Evacuate Collection Set: 11.6ms
[2023-11-16T09:13:06.291+0000][6.343s][info ][gc,phases     ] GC(13)   Post Evacuate Collection Set: 5.3ms
[2023-11-16T09:13:06.291+0000][6.343s][info ][gc,phases     ] GC(13)   Other: 0.2ms
[2023-11-16T09:13:06.291+0000][6.343s][info ][gc,heap       ] GC(13) Eden regions: 217->0(299)
[2023-11-16T09:13:06.291+0000][6.343s][info ][gc,heap       ] GC(13) Survivor regions: 16->14(30)
[2023-11-16T09:13:06.291+0000][6.343s][info ][gc,heap       ] GC(13) Old regions: 15->15
[2023-11-16T09:13:06.291+0000][6.343s][info ][gc,heap       ] GC(13) Humongous regions: 0->0
[2023-11-16T09:13:06.291+0000][6.343s][info ][gc,metaspace  ] GC(13) Metaspace: 33019K(34048K)->33019K(34048K) NonClass: 29034K(29696K)->29034K(29696K) Class: 3985K(4352K)->3985K(4352K)
[2023-11-16T09:13:06.291+0000][6.343s][info ][gc            ] GC(13) Pause Young (Normal) (G1 Evacuation Pause) 245M->27M(522M) 17.179ms
[2023-11-16T09:13:06.292+0000][6.343s][info ][gc,cpu        ] GC(13) User=0.04s Sys=0.01s Real=0.02s
[2023-11-16T09:13:06.292+0000][6.343s][info ][safepoint     ] Leaving safepoint region
[2023-11-16T09:13:06.292+0000][6.343s][info ][safepoint     ] Total time for which application threads were stopped: 0.0173629 seconds, Stopping threads took: 0.0000089 seconds
[2023-11-16T09:13:06.292+0000][6.344s][info ][gc,stringdedup] Concurrent String Deduplication (6.344s)
[2023-11-16T09:13:06.292+0000][6.344s][info ][gc,stringdedup] Concurrent String Deduplication 19344.0B->10008.0B(9336.0B) avg 39.3% (6.344s, 6.344s) 0.148ms
[2023-11-16T09:13:06.581+0000][6.633s][debug][safepoint     ] Safepoint synchronization initiated. (11 threads)
[2023-11-16T09:13:06.581+0000][6.633s][info ][safepoint     ] Application time: 0.2896967 seconds
[2023-11-16T09:13:06.581+0000][6.633s][debug][safepoint     ] Waiting for 1 thread(s) to block
[2023-11-16T09:13:06.581+0000][6.633s][info ][safepoint     ] Entering safepoint region: Deoptimize
[2023-11-16T09:13:06.582+0000][6.634s][info ][safepoint     ] Leaving safepoint region
[2023-11-16T09:13:06.582+0000][6.634s][info ][safepoint     ] Total time for which application threads were stopped: 0.0004629 seconds, Stopping threads took: 0.0000250 seconds
[2023-11-16T09:13:06.589+0000][6.641s][debug][safepoint     ] Safepoint synchronization initiated. (11 threads)
[2023-11-16T09:13:06.589+0000][6.641s][info ][safepoint     ] Application time: 0.0075146 seconds
[2023-11-16T09:13:06.589+0000][6.641s][debug][safepoint     ] Waiting for 1 thread(s) to block
[2023-11-16T09:13:06.589+0000][6.641s][info ][safepoint     ] Entering safepoint region: Deoptimize
[2023-11-16T09:13:06.590+0000][6.642s][info ][safepoint     ] Leaving safepoint region
[2023-11-16T09:13:06.590+0000][6.642s][info ][safepoint     ] Total time for which application threads were stopped: 0.0004490 seconds, Stopping threads took: 0.0000252 seconds
[2023-11-16T09:13:06.606+0000][6.658s][debug][safepoint     ] Safepoint synchronization initiated. (11 threads)
[2023-11-16T09:13:06.607+0000][6.658s][info ][safepoint     ] Application time: 0.0168136 seconds
[2023-11-16T09:13:06.607+0000][6.658s][debug][safepoint     ] Waiting for 1 thread(s) to block
[2023-11-16T09:13:06.607+0000][6.659s][info ][safepoint     ] Entering safepoint region: Deoptimize
[2023-11-16T09:13:06.607+0000][6.659s][info ][safepoint     ] Leaving safepoint region
[2023-11-16T09:13:06.607+0000][6.659s][info ][safepoint     ] Total time for which application threads were stopped: 0.0004649 seconds, Stopping threads took: 0.0000325 seconds
[2023-11-16T09:13:06.626+0000][6.678s][debug][safepoint     ] Safepoint synchronization initiated. (11 threads)
[2023-11-16T09:13:06.626+0000][6.678s][info ][safepoint     ] Application time: 0.0194333 seconds
[2023-11-16T09:13:06.626+0000][6.678s][debug][safepoint     ] Waiting for 1 thread(s) to block
[2023-11-16T09:13:06.626+0000][6.678s][info ][safepoint     ] Entering safepoint region: CollectForMetadataAllocation
[2023-11-16T09:13:06.627+0000][6.679s][info ][gc,start      ] GC(14) Pause Young (Concurrent Start) (Metadata GC Threshold)
[2023-11-16T09:13:06.627+0000][6.679s][info ][gc,task       ] GC(14) Using 4 workers of 4 for evacuation
[2023-11-16T09:13:06.642+0000][6.694s][info ][gc,phases     ] GC(14)   Pre Evacuate Collection Set: 0.1ms
[2023-11-16T09:13:06.642+0000][6.694s][info ][gc,phases     ] GC(14)   Evacuate Collection Set: 13.8ms
[2023-11-16T09:13:06.642+0000][6.694s][info ][gc,phases     ] GC(14)   Post Evacuate Collection Set: 1.6ms
[2023-11-16T09:13:06.642+0000][6.694s][info ][gc,phases     ] GC(14)   Other: 0.2ms
[2023-11-16T09:13:06.642+0000][6.694s][info ][gc,heap       ] GC(14) Eden regions: 95->0(298)
[2023-11-16T09:13:06.642+0000][6.694s][info ][gc,heap       ] GC(14) Survivor regions: 14->15(40)
[2023-11-16T09:13:06.642+0000][6.694s][info ][gc,heap       ] GC(14) Old regions: 15->15
[2023-11-16T09:13:06.642+0000][6.694s][info ][gc,heap       ] GC(14) Humongous regions: 0->0
[2023-11-16T09:13:06.642+0000][6.694s][info ][gc,metaspace  ] GC(14) Metaspace: 34711K(35628K)->34711K(35628K) NonClass: 30516K(31020K)->30516K(31020K) Class: 4195K(4608K)->4195K(4608K)
[2023-11-16T09:13:06.642+0000][6.694s][info ][gc            ] GC(14) Pause Young (Concurrent Start) (Metadata GC Threshold) 121M->27M(522M) 15.710ms
[2023-11-16T09:13:06.642+0000][6.694s][info ][gc,cpu        ] GC(14) User=0.05s Sys=0.01s Real=0.02s
[2023-11-16T09:13:06.642+0000][6.694s][info ][gc            ] GC(15) Concurrent Cycle
[2023-11-16T09:13:06.642+0000][6.694s][info ][gc,marking    ] GC(15) Concurrent Clear Claimed Marks
[2023-11-16T09:13:06.642+0000][6.694s][info ][safepoint     ] Leaving safepoint region
[2023-11-16T09:13:06.642+0000][6.694s][info ][safepoint     ] Total time for which application threads were stopped: 0.0159300 seconds, Stopping threads took: 0.0000256 seconds
[2023-11-16T09:13:06.642+0000][6.694s][info ][gc,marking    ] GC(15) Concurrent Clear Claimed Marks 0.056ms
[2023-11-16T09:13:06.642+0000][6.694s][info ][gc,marking    ] GC(15) Concurrent Scan Root Regions
[2023-11-16T09:13:06.642+0000][6.694s][info ][gc,stringdedup] Concurrent String Deduplication (6.694s)
[2023-11-16T09:13:06.644+0000][6.695s][info ][gc,stringdedup] Concurrent String Deduplication 243.2K->75504.0B(169.5K) avg 40.3% (6.694s, 6.695s) 1.131ms
[2023-11-16T09:13:06.651+0000][6.703s][info ][gc,marking    ] GC(15) Concurrent Scan Root Regions 8.191ms
[2023-11-16T09:13:06.651+0000][6.703s][info ][gc,marking    ] GC(15) Concurrent Mark (6.703s)
[2023-11-16T09:13:06.651+0000][6.703s][info ][gc,marking    ] GC(15) Concurrent Mark From Roots
[2023-11-16T09:13:06.651+0000][6.703s][info ][gc,task       ] GC(15) Using 1 workers of 1 for marking
[2023-11-16T09:13:06.655+0000][6.707s][debug][safepoint     ] Safepoint synchronization initiated. (11 threads)
[2023-11-16T09:13:06.655+0000][6.707s][info ][safepoint     ] Application time: 0.0124036 seconds
[2023-11-16T09:13:06.655+0000][6.707s][info ][safepoint     ] Entering safepoint region: Deoptimize
[2023-11-16T09:13:06.655+0000][6.707s][info ][safepoint     ] Leaving safepoint region
[2023-11-16T09:13:06.655+0000][6.707s][info ][safepoint     ] Total time for which application threads were stopped: 0.0003859 seconds, Stopping threads took: 0.0000089 seconds
[2023-11-16T09:13:06.673+0000][6.725s][info ][gc,marking    ] GC(15) Concurrent Mark From Roots 22.614ms
[2023-11-16T09:13:06.673+0000][6.725s][info ][gc,marking    ] GC(15) Concurrent Preclean
[2023-11-16T09:13:06.673+0000][6.725s][info ][gc,marking    ] GC(15) Concurrent Preclean 0.083ms
[2023-11-16T09:13:06.673+0000][6.725s][info ][gc,marking    ] GC(15) Concurrent Mark (6.703s, 6.725s) 22.756ms
[2023-11-16T09:13:06.673+0000][6.725s][debug][safepoint     ] Safepoint synchronization initiated. (11 threads)
[2023-11-16T09:13:06.673+0000][6.725s][info ][safepoint     ] Application time: 0.0182326 seconds
[2023-11-16T09:13:06.673+0000][6.725s][info ][safepoint     ] Entering safepoint region: CollectForMetadataAllocation
[2023-11-16T09:13:06.674+0000][6.725s][info ][safepoint     ] Leaving safepoint region
[2023-11-16T09:13:06.674+0000][6.725s][info ][safepoint     ] Total time for which application threads were stopped: 0.0000888 seconds, Stopping threads took: 0.0000089 seconds
[2023-11-16T09:13:06.674+0000][6.726s][debug][safepoint     ] Safepoint synchronization initiated. (11 threads)
[2023-11-16T09:13:06.674+0000][6.726s][info ][safepoint     ] Application time: 0.0000358 seconds
[2023-11-16T09:13:06.674+0000][6.726s][debug][safepoint     ] Waiting for 1 thread(s) to block
[2023-11-16T09:13:06.674+0000][6.726s][info ][safepoint     ] Entering safepoint region: CGC_Operation
[2023-11-16T09:13:06.674+0000][6.726s][info ][gc,start      ] GC(15) Pause Remark
[2023-11-16T09:13:06.680+0000][6.732s][info ][gc,stringtable] GC(15) Cleaned string and symbol table, strings: 12181 processed, 20 removed, symbols: 121485 processed, 320 removed
[2023-11-16T09:13:06.681+0000][6.733s][info ][gc            ] GC(15) Pause Remark 30M->30M(522M) 6.514ms
[2023-11-16T09:13:06.681+0000][6.733s][info ][gc,cpu        ] GC(15) User=0.02s Sys=0.00s Real=0.01s
[2023-11-16T09:13:06.681+0000][6.733s][info ][safepoint     ] Leaving safepoint region
[2023-11-16T09:13:06.681+0000][6.733s][info ][safepoint     ] Total time for which application threads were stopped: 0.0072471 seconds, Stopping threads took: 0.0006451 seconds
[2023-11-16T09:13:06.681+0000][6.733s][info ][gc,marking    ] GC(15) Concurrent Rebuild Remembered Sets
[2023-11-16T09:13:06.693+0000][6.745s][info ][gc,marking    ] GC(15) Concurrent Rebuild Remembered Sets 12.382ms
[2023-11-16T09:13:06.693+0000][6.745s][debug][safepoint     ] Safepoint synchronization initiated. (11 threads)
[2023-11-16T09:13:06.693+0000][6.745s][info ][safepoint     ] Application time: 0.0124913 seconds
[2023-11-16T09:13:06.693+0000][6.745s][debug][safepoint     ] Waiting for 1 thread(s) to block
[2023-11-16T09:13:06.693+0000][6.745s][info ][safepoint     ] Entering safepoint region: CGC_Operation
[2023-11-16T09:13:06.694+0000][6.745s][info ][gc,start      ] GC(15) Pause Cleanup
[2023-11-16T09:13:06.694+0000][6.746s][info ][gc            ] GC(15) Pause Cleanup 35M->35M(522M) 0.239ms
[2023-11-16T09:13:06.694+0000][6.746s][info ][gc,cpu        ] GC(15) User=0.00s Sys=0.00s Real=0.00s
[2023-11-16T09:13:06.694+0000][6.746s][info ][safepoint     ] Leaving safepoint region
[2023-11-16T09:13:06.694+0000][6.746s][info ][safepoint     ] Total time for which application threads were stopped: 0.0005381 seconds, Stopping threads took: 0.0001690 seconds
[2023-11-16T09:13:06.694+0000][6.746s][info ][gc,marking    ] GC(15) Concurrent Cleanup for Next Mark
[2023-11-16T09:13:06.697+0000][6.749s][info ][gc,marking    ] GC(15) Concurrent Cleanup for Next Mark 3.506ms
[2023-11-16T09:13:06.697+0000][6.749s][info ][gc            ] GC(15) Concurrent Cycle 55.126ms
[2023-11-16T09:13:06.887+0000][6.939s][debug][safepoint     ] Safepoint synchronization initiated. (11 threads)
[2023-11-16T09:13:06.887+0000][6.939s][info ][safepoint     ] Application time: 0.1932920 seconds
[2023-11-16T09:13:06.887+0000][6.939s][info ][safepoint     ] Entering safepoint region: Deoptimize
[2023-11-16T09:13:06.888+0000][6.940s][info ][safepoint     ] Leaving safepoint region
[2023-11-16T09:13:06.888+0000][6.940s][info ][safepoint     ] Total time for which application threads were stopped: 0.0004809 seconds, Stopping threads took: 0.0000086 seconds
[2023-11-16T09:13:06.920+0000][6.972s][debug][safepoint     ] Safepoint synchronization initiated. (11 threads)
[2023-11-16T09:13:06.920+0000][6.972s][info ][safepoint     ] Application time: 0.0320167 seconds
[2023-11-16T09:13:06.920+0000][6.972s][info ][safepoint     ] Entering safepoint region: Deoptimize
[2023-11-16T09:13:06.920+0000][6.972s][info ][safepoint     ] Leaving safepoint region
[2023-11-16T09:13:06.920+0000][6.972s][info ][safepoint     ] Total time for which application threads were stopped: 0.0005890 seconds, Stopping threads took: 0.0000166 seconds
[2023-11-16T09:13:07.383+0000][7.435s][debug][safepoint     ] Safepoint synchronization initiated. (11 threads)
[2023-11-16T09:13:07.383+0000][7.435s][info ][safepoint     ] Application time: 0.4629794 seconds
[2023-11-16T09:13:07.383+0000][7.435s][info ][safepoint     ] Entering safepoint region: ICBufferFull
[2023-11-16T09:13:07.383+0000][7.435s][info ][safepoint     ] Leaving safepoint region
[2023-11-16T09:13:07.383+0000][7.435s][info ][safepoint     ] Total time for which application threads were stopped: 0.0001301 seconds, Stopping threads took: 0.0000102 seconds
[2023-11-16T09:13:07.602+0000][7.654s][debug][safepoint     ] Safepoint synchronization initiated. (11 threads)
[2023-11-16T09:13:07.602+0000][7.654s][info ][safepoint     ] Application time: 0.2187581 seconds
[2023-11-16T09:13:07.602+0000][7.654s][info ][safepoint     ] Entering safepoint region: G1CollectForAllocation
[2023-11-16T09:13:07.602+0000][7.654s][info ][gc,start      ] GC(16) Pause Young (Concurrent Start) (G1 Evacuation Pause)
[2023-11-16T09:13:07.602+0000][7.654s][info ][gc,task       ] GC(16) Using 4 workers of 4 for evacuation
[2023-11-16T09:13:07.632+0000][7.684s][info ][gc,phases     ] GC(16)   Pre Evacuate Collection Set: 0.1ms
[2023-11-16T09:13:07.632+0000][7.684s][info ][gc,phases     ] GC(16)   Evacuate Collection Set: 24.3ms
[2023-11-16T09:13:07.632+0000][7.684s][info ][gc,phases     ] GC(16)   Post Evacuate Collection Set: 4.5ms
[2023-11-16T09:13:07.632+0000][7.684s][info ][gc,phases     ] GC(16)   Other: 0.2ms
[2023-11-16T09:13:07.632+0000][7.684s][info ][gc,heap       ] GC(16) Eden regions: 298->0(295)
[2023-11-16T09:13:07.632+0000][7.684s][info ][gc,heap       ] GC(16) Survivor regions: 15->18(40)
[2023-11-16T09:13:07.632+0000][7.684s][info ][gc,heap       ] GC(16) Old regions: 15->15
[2023-11-16T09:13:07.632+0000][7.684s][info ][gc,heap       ] GC(16) Humongous regions: 0->0
[2023-11-16T09:13:07.632+0000][7.684s][info ][gc,metaspace  ] GC(16) Metaspace: 39052K(40064K)->39052K(40064K) NonClass: 34266K(34816K)->34266K(34816K) Class: 4786K(5248K)->4786K(5248K)
[2023-11-16T09:13:07.632+0000][7.684s][info ][gc            ] GC(16) Pause Young (Concurrent Start) (G1 Evacuation Pause) 325M->30M(522M) 29.280ms
[2023-11-16T09:13:07.632+0000][7.684s][info ][gc,cpu        ] GC(16) User=0.10s Sys=0.00s Real=0.03s
[2023-11-16T09:13:07.632+0000][7.684s][info ][safepoint     ] Leaving safepoint region
[2023-11-16T09:13:07.632+0000][7.684s][info ][safepoint     ] Total time for which application threads were stopped: 0.0296235 seconds, Stopping threads took: 0.0000094 seconds
[2023-11-16T09:13:07.632+0000][7.684s][info ][gc            ] GC(17) Concurrent Cycle
[2023-11-16T09:13:07.632+0000][7.684s][info ][gc,stringdedup] Concurrent String Deduplication (7.684s)
[2023-11-16T09:13:07.634+0000][7.686s][info ][gc,stringdedup] Concurrent String Deduplication 466.0K->240.5K(225.5K) avg 40.7% (7.684s, 7.686s) 2.265ms
[2023-11-16T09:13:07.632+0000][7.684s][info ][gc,marking    ] GC(17) Concurrent Clear Claimed Marks
[2023-11-16T09:13:07.635+0000][7.686s][info ][gc,marking    ] GC(17) Concurrent Clear Claimed Marks 2.678ms
[2023-11-16T09:13:07.635+0000][7.687s][info ][gc,marking    ] GC(17) Concurrent Scan Root Regions
[2023-11-16T09:13:07.645+0000][7.697s][info ][gc,marking    ] GC(17) Concurrent Scan Root Regions 10.065ms
[2023-11-16T09:13:07.645+0000][7.697s][info ][gc,marking    ] GC(17) Concurrent Mark (7.697s)
[2023-11-16T09:13:07.645+0000][7.697s][info ][gc,marking    ] GC(17) Concurrent Mark From Roots
[2023-11-16T09:13:07.645+0000][7.697s][info ][gc,task       ] GC(17) Using 1 workers of 1 for marking
[2023-11-16T09:13:07.666+0000][7.718s][info ][gc,marking    ] GC(17) Concurrent Mark From Roots 21.565ms
[2023-11-16T09:13:07.666+0000][7.718s][info ][gc,marking    ] GC(17) Concurrent Preclean
[2023-11-16T09:13:07.666+0000][7.718s][info ][gc,marking    ] GC(17) Concurrent Preclean 0.060ms
[2023-11-16T09:13:07.666+0000][7.718s][info ][gc,marking    ] GC(17) Concurrent Mark (7.697s, 7.718s) 21.695ms
[2023-11-16T09:13:07.666+0000][7.718s][debug][safepoint     ] Safepoint synchronization initiated. (11 threads)
[2023-11-16T09:13:07.666+0000][7.718s][info ][safepoint     ] Application time: 0.0345871 seconds
[2023-11-16T09:13:07.666+0000][7.718s][debug][safepoint     ] ... found polling page return exception at pc = 0x00007f07c45fe73c, stub =0x00007f07bc83a800
[2023-11-16T09:13:07.666+0000][7.718s][debug][safepoint     ] Waiting for 2 thread(s) to block
[2023-11-16T09:13:07.667+0000][7.719s][info ][safepoint     ] Entering safepoint region: CGC_Operation
[2023-11-16T09:13:07.667+0000][7.719s][info ][gc,start      ] GC(17) Pause Remark
[2023-11-16T09:13:07.671+0000][7.723s][info ][gc,stringtable] GC(17) Cleaned string and symbol table, strings: 13592 processed, 0 removed, symbols: 133764 processed, 48 removed
[2023-11-16T09:13:07.671+0000][7.723s][info ][gc            ] GC(17) Pause Remark 33M->33M(522M) 4.729ms
[2023-11-16T09:13:07.671+0000][7.723s][info ][gc,cpu        ] GC(17) User=0.02s Sys=0.00s Real=0.01s
[2023-11-16T09:13:07.671+0000][7.723s][info ][safepoint     ] Leaving safepoint region
[2023-11-16T09:13:07.671+0000][7.723s][info ][safepoint     ] Total time for which application threads were stopped: 0.0050137 seconds, Stopping threads took: 0.0001799 seconds
[2023-11-16T09:13:07.671+0000][7.723s][info ][gc,marking    ] GC(17) Concurrent Rebuild Remembered Sets
[2023-11-16T09:13:07.685+0000][7.737s][info ][gc,marking    ] GC(17) Concurrent Rebuild Remembered Sets 13.377ms
[2023-11-16T09:13:07.685+0000][7.737s][debug][safepoint     ] Safepoint synchronization initiated. (11 threads)
[2023-11-16T09:13:07.685+0000][7.737s][info ][safepoint     ] Application time: 0.0134813 seconds
[2023-11-16T09:13:07.685+0000][7.737s][debug][safepoint     ] ... found polling page return exception at pc = 0x00007f07c42c6a04, stub =0x00007f07bc83a800
[2023-11-16T09:13:07.685+0000][7.737s][debug][safepoint     ] Waiting for 1 thread(s) to block
[2023-11-16T09:13:07.685+0000][7.737s][info ][safepoint     ] Entering safepoint region: CGC_Operation
[2023-11-16T09:13:07.685+0000][7.737s][info ][gc,start      ] GC(17) Pause Cleanup
[2023-11-16T09:13:07.685+0000][7.737s][info ][gc            ] GC(17) Pause Cleanup 34M->34M(522M) 0.155ms
[2023-11-16T09:13:07.685+0000][7.737s][info ][gc,cpu        ] GC(17) User=0.00s Sys=0.00s Real=0.00s
[2023-11-16T09:13:07.685+0000][7.737s][info ][safepoint     ] Leaving safepoint region
[2023-11-16T09:13:07.685+0000][7.737s][info ][safepoint     ] Total time for which application threads were stopped: 0.0003096 seconds, Stopping threads took: 0.0000717 seconds
[2023-11-16T09:13:07.685+0000][7.737s][info ][gc,marking    ] GC(17) Concurrent Cleanup for Next Mark
[2023-11-16T09:13:07.687+0000][7.739s][info ][gc,marking    ] GC(17) Concurrent Cleanup for Next Mark 1.856ms
[2023-11-16T09:13:07.687+0000][7.739s][info ][gc            ] GC(17) Concurrent Cycle 55.333ms
[2023-11-16T09:13:08.494+0000][8.546s][debug][safepoint     ] Safepoint synchronization initiated. (11 threads)
[2023-11-16T09:13:08.494+0000][8.546s][info ][safepoint     ] Application time: 0.8085647 seconds
[2023-11-16T09:13:08.494+0000][8.546s][info ][safepoint     ] Entering safepoint region: Deoptimize
[2023-11-16T09:13:08.494+0000][8.546s][info ][safepoint     ] Leaving safepoint region
[2023-11-16T09:13:08.494+0000][8.546s][info ][safepoint     ] Total time for which application threads were stopped: 0.0005146 seconds, Stopping threads took: 0.0000088 seconds
[2023-11-16T09:13:08.508+0000][8.560s][debug][safepoint     ] Safepoint synchronization initiated. (11 threads)
[2023-11-16T09:13:08.508+0000][8.560s][info ][safepoint     ] Application time: 0.0140380 seconds
[2023-11-16T09:13:08.508+0000][8.560s][info ][safepoint     ] Entering safepoint region: Deoptimize
[2023-11-16T09:13:08.509+0000][8.561s][info ][safepoint     ] Leaving safepoint region
[2023-11-16T09:13:08.509+0000][8.561s][info ][safepoint     ] Total time for which application threads were stopped: 0.0004302 seconds, Stopping threads took: 0.0000085 seconds
[2023-11-16T09:13:08.532+0000][8.584s][debug][safepoint     ] Safepoint synchronization initiated. (11 threads)
[2023-11-16T09:13:08.532+0000][8.584s][info ][safepoint     ] Application time: 0.0235291 seconds
[2023-11-16T09:13:08.532+0000][8.584s][info ][safepoint     ] Entering safepoint region: Deoptimize
[2023-11-16T09:13:08.533+0000][8.585s][info ][safepoint     ] Leaving safepoint region
[2023-11-16T09:13:08.533+0000][8.585s][info ][safepoint     ] Total time for which application threads were stopped: 0.0004235 seconds, Stopping threads took: 0.0000089 seconds
[2023-11-16T09:13:08.804+0000][8.856s][debug][safepoint     ] Safepoint synchronization initiated. (11 threads)
[2023-11-16T09:13:08.804+0000][8.856s][info ][safepoint     ] Application time: 0.2715760 seconds
[2023-11-16T09:13:08.804+0000][8.856s][debug][safepoint     ] Waiting for 1 thread(s) to block
[2023-11-16T09:13:08.804+0000][8.856s][info ][safepoint     ] Entering safepoint region: Deoptimize
[2023-11-16T09:13:08.805+0000][8.857s][info ][safepoint     ] Leaving safepoint region
[2023-11-16T09:13:08.805+0000][8.857s][info ][safepoint     ] Total time for which application threads were stopped: 0.0005112 seconds, Stopping threads took: 0.0000297 seconds
[2023-11-16T09:13:08.806+0000][8.858s][debug][safepoint     ] Safepoint synchronization initiated. (11 threads)
[2023-11-16T09:13:08.806+0000][8.858s][info ][safepoint     ] Application time: 0.0008438 seconds
[2023-11-16T09:13:08.806+0000][8.858s][debug][safepoint     ] Waiting for 1 thread(s) to block
[2023-11-16T09:13:08.806+0000][8.858s][info ][safepoint     ] Entering safepoint region: Deoptimize
[2023-11-16T09:13:08.806+0000][8.858s][info ][safepoint     ] Leaving safepoint region
[2023-11-16T09:13:08.806+0000][8.858s][info ][safepoint     ] Total time for which application threads were stopped: 0.0004338 seconds, Stopping threads took: 0.0000234 seconds
[2023-11-16T09:13:08.874+0000][8.926s][debug][safepoint     ] Safepoint synchronization initiated. (11 threads)
[2023-11-16T09:13:08.874+0000][8.926s][info ][safepoint     ] Application time: 0.0675992 seconds
[2023-11-16T09:13:08.874+0000][8.926s][debug][safepoint     ] Waiting for 1 thread(s) to block
[2023-11-16T09:13:08.874+0000][8.926s][info ][safepoint     ] Entering safepoint region: Deoptimize
[2023-11-16T09:13:08.874+0000][8.926s][info ][safepoint     ] Leaving safepoint region
[2023-11-16T09:13:08.874+0000][8.926s][info ][safepoint     ] Total time for which application threads were stopped: 0.0004840 seconds, Stopping threads took: 0.0000286 seconds
[2023-11-16T09:13:09.141+0000][9.193s][debug][safepoint     ] Safepoint synchronization initiated. (11 threads)
[2023-11-16T09:13:09.141+0000][9.193s][info ][safepoint     ] Application time: 0.2667065 seconds
[2023-11-16T09:13:09.141+0000][9.193s][info ][safepoint     ] Entering safepoint region: G1CollectForAllocation
[2023-11-16T09:13:09.141+0000][9.193s][info ][gc,start      ] GC(18) Pause Young (Normal) (G1 Evacuation Pause)
[2023-11-16T09:13:09.141+0000][9.193s][info ][gc,task       ] GC(18) Using 4 workers of 4 for evacuation
[2023-11-16T09:13:09.164+0000][9.216s][info ][gc,phases     ] GC(18)   Pre Evacuate Collection Set: 0.0ms
[2023-11-16T09:13:09.164+0000][9.216s][info ][gc,phases     ] GC(18)   Evacuate Collection Set: 19.6ms
[2023-11-16T09:13:09.164+0000][9.216s][info ][gc,phases     ] GC(18)   Post Evacuate Collection Set: 2.9ms
[2023-11-16T09:13:09.164+0000][9.216s][info ][gc,phases     ] GC(18)   Other: 0.2ms
[2023-11-16T09:13:09.164+0000][9.216s][info ][gc,heap       ] GC(18) Eden regions: 295->0(294)
[2023-11-16T09:13:09.164+0000][9.216s][info ][gc,heap       ] GC(18) Survivor regions: 18->19(40)
[2023-11-16T09:13:09.164+0000][9.216s][info ][gc,heap       ] GC(18) Old regions: 15->17
[2023-11-16T09:13:09.164+0000][9.216s][info ][gc,heap       ] GC(18) Humongous regions: 0->0
[2023-11-16T09:13:09.164+0000][9.216s][info ][gc,metaspace  ] GC(18) Metaspace: 45129K(46336K)->45129K(46336K) NonClass: 39500K(40192K)->39500K(40192K) Class: 5628K(6144K)->5628K(6144K)
[2023-11-16T09:13:09.164+0000][9.216s][info ][gc            ] GC(18) Pause Young (Normal) (G1 Evacuation Pause) 325M->33M(522M) 22.805ms
[2023-11-16T09:13:09.164+0000][9.216s][info ][gc,cpu        ] GC(18) User=0.08s Sys=0.00s Real=0.02s
[2023-11-16T09:13:09.164+0000][9.216s][info ][safepoint     ] Leaving safepoint region
[2023-11-16T09:13:09.164+0000][9.216s][info ][safepoint     ] Total time for which application threads were stopped: 0.0229919 seconds, Stopping threads took: 0.0000107 seconds
[2023-11-16T09:13:09.164+0000][9.216s][info ][gc,stringdedup] Concurrent String Deduplication (9.216s)
[2023-11-16T09:13:09.164+0000][9.216s][info ][gc,stringdedup] Concurrent String Deduplication 64408.0B->18056.0B(46352.0B) avg 40.9% (9.216s, 9.216s) 0.395ms
[2023-11-16T09:13:09.202+0000][9.254s][debug][safepoint     ] Safepoint synchronization initiated. (11 threads)
[2023-11-16T09:13:09.202+0000][9.254s][info ][safepoint     ] Application time: 0.0378235 seconds
[2023-11-16T09:13:09.202+0000][9.254s][debug][safepoint     ] Waiting for 1 thread(s) to block
[2023-11-16T09:13:09.202+0000][9.254s][info ][safepoint     ] Entering safepoint region: Deoptimize
[2023-11-16T09:13:09.202+0000][9.254s][info ][safepoint     ] Leaving safepoint region
[2023-11-16T09:13:09.202+0000][9.254s][info ][safepoint     ] Total time for which application threads were stopped: 0.0004980 seconds, Stopping threads took: 0.0000280 seconds
[2023-11-16T09:13:09.203+0000][9.255s][debug][safepoint     ] Safepoint synchronization initiated. (11 threads)
[2023-11-16T09:13:09.203+0000][9.255s][info ][safepoint     ] Application time: 0.0005765 seconds
[2023-11-16T09:13:09.203+0000][9.255s][debug][safepoint     ] Waiting for 1 thread(s) to block
[2023-11-16T09:13:09.203+0000][9.255s][info ][safepoint     ] Entering safepoint region: Deoptimize
[2023-11-16T09:13:09.203+0000][9.255s][info ][safepoint     ] Leaving safepoint region
[2023-11-16T09:13:09.203+0000][9.255s][info ][safepoint     ] Total time for which application threads were stopped: 0.0004759 seconds, Stopping threads took: 0.0000369 seconds
[2023-11-16T09:13:09.375+0000][9.427s][debug][safepoint     ] Safepoint synchronization initiated. (11 threads)
[2023-11-16T09:13:09.375+0000][9.427s][info ][safepoint     ] Application time: 0.1717527 seconds
[2023-11-16T09:13:09.375+0000][9.427s][debug][safepoint     ] Waiting for 1 thread(s) to block
[2023-11-16T09:13:09.375+0000][9.427s][info ][safepoint     ] Entering safepoint region: Deoptimize
[2023-11-16T09:13:09.376+0000][9.428s][info ][safepoint     ] Leaving safepoint region
[2023-11-16T09:13:09.376+0000][9.428s][info ][safepoint     ] Total time for which application threads were stopped: 0.0006048 seconds, Stopping threads took: 0.0000494 seconds
[2023-11-16T09:13:09.512+0000][9.564s][debug][safepoint     ] Safepoint synchronization initiated. (11 threads)
[2023-11-16T09:13:09.512+0000][9.564s][info ][safepoint     ] Application time: 0.1365532 seconds
[2023-11-16T09:13:09.512+0000][9.564s][debug][safepoint     ] Waiting for 1 thread(s) to block
[2023-11-16T09:13:09.512+0000][9.564s][info ][safepoint     ] Entering safepoint region: Deoptimize
[2023-11-16T09:13:09.513+0000][9.565s][info ][safepoint     ] Leaving safepoint region
[2023-11-16T09:13:09.513+0000][9.565s][info ][safepoint     ] Total time for which application threads were stopped: 0.0005579 seconds, Stopping threads took: 0.0000298 seconds
[2023-11-16T09:13:09.586+0000][9.638s][debug][safepoint     ] Safepoint synchronization initiated. (11 threads)
[2023-11-16T09:13:09.586+0000][9.638s][info ][safepoint     ] Application time: 0.0735074 seconds
[2023-11-16T09:13:09.586+0000][9.638s][info ][safepoint     ] Entering safepoint region: ICBufferFull
[2023-11-16T09:13:09.587+0000][9.639s][info ][safepoint     ] Leaving safepoint region
[2023-11-16T09:13:09.587+0000][9.639s][info ][safepoint     ] Total time for which application threads were stopped: 0.0001725 seconds, Stopping threads took: 0.0000095 seconds
[2023-11-16T09:13:09.820+0000][9.872s][debug][safepoint     ] Safepoint synchronization initiated. (11 threads)
[2023-11-16T09:13:09.820+0000][9.872s][info ][safepoint     ] Application time: 0.2335807 seconds
[2023-11-16T09:13:09.820+0000][9.872s][info ][safepoint     ] Entering safepoint region: Deoptimize
[2023-11-16T09:13:09.821+0000][9.873s][info ][safepoint     ] Leaving safepoint region
[2023-11-16T09:13:09.821+0000][9.873s][info ][safepoint     ] Total time for which application threads were stopped: 0.0005498 seconds, Stopping threads took: 0.0000092 seconds
[2023-11-16T09:13:10.821+0000][10.873s][debug][safepoint     ] Safepoint synchronization initiated. (13 threads)
[2023-11-16T09:13:10.821+0000][10.873s][info ][safepoint     ] Application time: 1.0001762 seconds
[2023-11-16T09:13:10.821+0000][10.873s][info ][safepoint     ] Entering safepoint region: Cleanup
[2023-11-16T09:13:10.821+0000][10.873s][info ][safepoint     ] Leaving safepoint region
[2023-11-16T09:13:10.822+0000][10.873s][info ][safepoint     ] Total time for which application threads were stopped: 0.0005549 seconds, Stopping threads took: 0.0003964 seconds
[2023-11-16T09:13:10.892+0000][10.944s][debug][safepoint     ] Safepoint synchronization initiated. (13 threads)
[2023-11-16T09:13:10.892+0000][10.944s][info ][safepoint     ] Application time: 0.0707825 seconds
[2023-11-16T09:13:10.892+0000][10.944s][debug][safepoint     ] Waiting for 1 thread(s) to block
[2023-11-16T09:13:10.892+0000][10.944s][info ][safepoint     ] Entering safepoint region: Deoptimize
[2023-11-16T09:13:10.893+0000][10.945s][info ][safepoint     ] Leaving safepoint region
[2023-11-16T09:13:10.893+0000][10.945s][info ][safepoint     ] Total time for which application threads were stopped: 0.0005791 seconds, Stopping threads took: 0.0000732 seconds
[2023-11-16T09:13:10.964+0000][11.016s][debug][safepoint     ] Safepoint synchronization initiated. (13 threads)
[2023-11-16T09:13:10.964+0000][11.016s][info ][safepoint     ] Application time: 0.0712060 seconds
[2023-11-16T09:13:10.964+0000][11.016s][info ][safepoint     ] Entering safepoint region: Deoptimize
[2023-11-16T09:13:10.965+0000][11.017s][info ][safepoint     ] Leaving safepoint region
[2023-11-16T09:13:10.965+0000][11.017s][info ][safepoint     ] Total time for which application threads were stopped: 0.0005767 seconds, Stopping threads took: 0.0000093 seconds
[2023-11-16T09:13:11.292+0000][11.344s][debug][safepoint     ] Safepoint synchronization initiated. (13 threads)
[2023-11-16T09:13:11.292+0000][11.344s][info ][safepoint     ] Application time: 0.3270562 seconds
[2023-11-16T09:13:11.292+0000][11.344s][debug][safepoint     ] Waiting for 2 thread(s) to block
[2023-11-16T09:13:11.292+0000][11.344s][info ][safepoint     ] Entering safepoint region: ICBufferFull
[2023-11-16T09:13:11.292+0000][11.344s][info ][safepoint     ] Leaving safepoint region
[2023-11-16T09:13:11.292+0000][11.344s][info ][safepoint     ] Total time for which application threads were stopped: 0.0002079 seconds, Stopping threads took: 0.0000268 seconds
[2023-11-16T09:13:11.597+0000][11.649s][debug][safepoint     ] Safepoint synchronization initiated. (13 threads)
[2023-11-16T09:13:11.597+0000][11.649s][info ][safepoint     ] Application time: 0.3048364 seconds
[2023-11-16T09:13:11.597+0000][11.649s][info ][safepoint     ] Entering safepoint region: G1CollectForAllocation
[2023-11-16T09:13:11.597+0000][11.649s][info ][gc,start      ] GC(19) Pause Young (Normal) (G1 Evacuation Pause)
[2023-11-16T09:13:11.597+0000][11.649s][info ][gc,task       ] GC(19) Using 4 workers of 4 for evacuation
[2023-11-16T09:13:11.617+0000][11.669s][info ][gc,phases     ] GC(19)   Pre Evacuate Collection Set: 0.0ms
[2023-11-16T09:13:11.617+0000][11.669s][info ][gc,phases     ] GC(19)   Evacuate Collection Set: 15.0ms
[2023-11-16T09:13:11.617+0000][11.669s][info ][gc,phases     ] GC(19)   Post Evacuate Collection Set: 5.3ms
[2023-11-16T09:13:11.618+0000][11.669s][info ][gc,phases     ] GC(19)   Other: 0.2ms
[2023-11-16T09:13:11.618+0000][11.670s][info ][gc,heap       ] GC(19) Eden regions: 294->0(365)
[2023-11-16T09:13:11.618+0000][11.670s][info ][gc,heap       ] GC(19) Survivor regions: 19->23(40)
[2023-11-16T09:13:11.618+0000][11.670s][info ][gc,heap       ] GC(19) Old regions: 17->17
[2023-11-16T09:13:11.618+0000][11.670s][info ][gc,heap       ] GC(19) Humongous regions: 0->0
[2023-11-16T09:13:11.618+0000][11.670s][info ][gc,metaspace  ] GC(19) Metaspace: 54298K(55680K)->54298K(55680K) NonClass: 47607K(48384K)->47607K(48384K) Class: 6691K(7296K)->6691K(7296K)
[2023-11-16T09:13:11.618+0000][11.670s][info ][gc            ] GC(19) Pause Young (Normal) (G1 Evacuation Pause) 327M->38M(647M) 20.646ms
[2023-11-16T09:13:11.618+0000][11.670s][info ][gc,cpu        ] GC(19) User=0.06s Sys=0.00s Real=0.02s
[2023-11-16T09:13:11.618+0000][11.670s][info ][safepoint     ] Leaving safepoint region
[2023-11-16T09:13:11.618+0000][11.670s][info ][safepoint     ] Total time for which application threads were stopped: 0.0208792 seconds, Stopping threads took: 0.0000094 seconds
[2023-11-16T09:13:11.618+0000][11.670s][info ][gc,stringdedup] Concurrent String Deduplication (11.670s)
[2023-11-16T09:13:11.620+0000][11.672s][info ][gc,stringdedup] Concurrent String Deduplication 349.3K->84016.0B(267.3K) avg 42.4% (11.670s, 11.672s) 1.806ms
[2023-11-16T09:13:12.618+0000][12.670s][debug][safepoint     ] Safepoint synchronization initiated. (16 threads)
[2023-11-16T09:13:12.618+0000][12.670s][info ][safepoint     ] Application time: 1.0001384 seconds
[2023-11-16T09:13:12.618+0000][12.670s][debug][safepoint     ] ... found polling page loop exception at pc = 0x00007f07c4469da1, stub =0x00007f07bc83ab00
[2023-11-16T09:13:12.618+0000][12.670s][debug][safepoint     ] Waiting for 1 thread(s) to block
[2023-11-16T09:13:12.618+0000][12.670s][info ][safepoint     ] Entering safepoint region: Cleanup
[2023-11-16T09:13:12.618+0000][12.670s][info ][safepoint     ] Leaving safepoint region
[2023-11-16T09:13:12.618+0000][12.670s][info ][safepoint     ] Total time for which application threads were stopped: 0.0003066 seconds, Stopping threads took: 0.0000780 seconds
[2023-11-16T09:13:12.886+0000][12.938s][debug][safepoint     ] Safepoint synchronization initiated. (16 threads)
[2023-11-16T09:13:12.887+0000][12.938s][info ][safepoint     ] Application time: 0.2683512 seconds
[2023-11-16T09:13:12.887+0000][12.939s][debug][safepoint     ] Waiting for 2 thread(s) to block
[2023-11-16T09:13:12.887+0000][12.939s][info ][safepoint     ] Entering safepoint region: ICBufferFull
[2023-11-16T09:13:12.888+0000][12.940s][info ][safepoint     ] Leaving safepoint region
[2023-11-16T09:13:12.888+0000][12.940s][info ][safepoint     ] Total time for which application threads were stopped: 0.0014832 seconds, Stopping threads took: 0.0000492 seconds
[2023-11-16T09:13:12.941+0000][12.993s][debug][safepoint     ] Safepoint synchronization initiated. (16 threads)
[2023-11-16T09:13:12.941+0000][12.993s][info ][safepoint     ] Application time: 0.0530163 seconds
[2023-11-16T09:13:12.941+0000][12.993s][debug][safepoint     ] Waiting for 1 thread(s) to block
[2023-11-16T09:13:12.941+0000][12.993s][info ][safepoint     ] Entering safepoint region: G1CollectForAllocation
[2023-11-16T09:13:12.941+0000][12.993s][info ][gc,start      ] GC(20) Pause Young (Normal) (G1 Evacuation Pause)
[2023-11-16T09:13:12.941+0000][12.993s][info ][gc,task       ] GC(20) Using 4 workers of 4 for evacuation
[2023-11-16T09:13:12.979+0000][13.031s][info ][gc,phases     ] GC(20)   Pre Evacuate Collection Set: 0.0ms
[2023-11-16T09:13:12.979+0000][13.031s][info ][gc,phases     ] GC(20)   Evacuate Collection Set: 34.5ms
[2023-11-16T09:13:12.979+0000][13.031s][info ][gc,phases     ] GC(20)   Post Evacuate Collection Set: 3.2ms
[2023-11-16T09:13:12.979+0000][13.031s][info ][gc,phases     ] GC(20)   Other: 0.2ms
[2023-11-16T09:13:12.979+0000][13.031s][info ][gc,heap       ] GC(20) Eden regions: 365->0(364)
[2023-11-16T09:13:12.979+0000][13.031s][info ][gc,heap       ] GC(20) Survivor regions: 23->24(49)
[2023-11-16T09:13:12.979+0000][13.031s][info ][gc,heap       ] GC(20) Old regions: 17->21
[2023-11-16T09:13:12.979+0000][13.031s][info ][gc,heap       ] GC(20) Humongous regions: 0->0
[2023-11-16T09:13:12.979+0000][13.031s][info ][gc,metaspace  ] GC(20) Metaspace: 63556K(65280K)->63556K(65280K) NonClass: 55465K(56576K)->55465K(56576K) Class: 8091K(8704K)->8091K(8704K)
[2023-11-16T09:13:12.979+0000][13.031s][info ][gc            ] GC(20) Pause Young (Normal) (G1 Evacuation Pause) 403M->42M(647M) 38.024ms
[2023-11-16T09:13:12.979+0000][13.031s][info ][gc,cpu        ] GC(20) User=0.13s Sys=0.00s Real=0.03s
[2023-11-16T09:13:12.979+0000][13.031s][info ][safepoint     ] Leaving safepoint region
[2023-11-16T09:13:12.979+0000][13.031s][info ][safepoint     ] Total time for which application threads were stopped: 0.0381970 seconds, Stopping threads took: 0.0000279 seconds
[2023-11-16T09:13:12.979+0000][13.031s][info ][gc,stringdedup] Concurrent String Deduplication (13.031s)
[2023-11-16T09:13:12.982+0000][13.033s][info ][gc,stringdedup] Concurrent String Deduplication 315.7K->133.4K(182.3K) avg 42.9% (13.031s, 13.033s) 2.218ms
[2023-11-16T09:13:12.995+0000][13.047s][debug][safepoint     ] Safepoint synchronization initiated. (16 threads)
[2023-11-16T09:13:12.995+0000][13.047s][info ][safepoint     ] Application time: 0.0154151 seconds
[2023-11-16T09:13:12.995+0000][13.047s][debug][safepoint     ] Waiting for 1 thread(s) to block
[2023-11-16T09:13:12.995+0000][13.047s][info ][safepoint     ] Entering safepoint region: Deoptimize
[2023-11-16T09:13:12.995+0000][13.047s][info ][safepoint     ] Leaving safepoint region
[2023-11-16T09:13:12.995+0000][13.047s][info ][safepoint     ] Total time for which application threads were stopped: 0.0005729 seconds, Stopping threads took: 0.0000272 seconds
[2023-11-16T09:13:13.037+0000][13.089s][debug][safepoint     ] Safepoint synchronization initiated. (16 threads)
[2023-11-16T09:13:13.037+0000][13.089s][info ][safepoint     ] Application time: 0.0416741 seconds
[2023-11-16T09:13:13.037+0000][13.089s][info ][safepoint     ] Entering safepoint region: Deoptimize
[2023-11-16T09:13:13.038+0000][13.090s][info ][safepoint     ] Leaving safepoint region
[2023-11-16T09:13:13.038+0000][13.090s][info ][safepoint     ] Total time for which application threads were stopped: 0.0006261 seconds, Stopping threads took: 0.0000106 seconds
[2023-11-16T09:13:13.266+0000][13.318s][debug][safepoint     ] Safepoint synchronization initiated. (16 threads)
[2023-11-16T09:13:13.266+0000][13.318s][info ][safepoint     ] Application time: 0.2283459 seconds
[2023-11-16T09:13:13.266+0000][13.318s][debug][safepoint     ] ... found polling page return exception at pc = 0x00007f07bdc8bb6d, stub =0x00007f07bc83a800
[2023-11-16T09:13:13.266+0000][13.318s][debug][safepoint     ] Waiting for 2 thread(s) to block
[2023-11-16T09:13:13.266+0000][13.318s][info ][safepoint     ] Entering safepoint region: CollectForMetadataAllocation
[2023-11-16T09:13:13.266+0000][13.318s][info ][gc,start      ] GC(21) Pause Young (Concurrent Start) (Metadata GC Threshold)
[2023-11-16T09:13:13.266+0000][13.318s][info ][gc,task       ] GC(21) Using 4 workers of 4 for evacuation
[2023-11-16T09:13:13.297+0000][13.349s][info ][gc,phases     ] GC(21)   Pre Evacuate Collection Set: 0.1ms
[2023-11-16T09:13:13.297+0000][13.349s][info ][gc,phases     ] GC(21)   Evacuate Collection Set: 28.0ms
[2023-11-16T09:13:13.297+0000][13.349s][info ][gc,phases     ] GC(21)   Post Evacuate Collection Set: 2.1ms
[2023-11-16T09:13:13.297+0000][13.349s][info ][gc,phases     ] GC(21)   Other: 0.2ms
[2023-11-16T09:13:13.297+0000][13.349s][info ][gc,heap       ] GC(21) Eden regions: 79->0(367)
[2023-11-16T09:13:13.297+0000][13.349s][info ][gc,heap       ] GC(21) Survivor regions: 24->21(49)
[2023-11-16T09:13:13.297+0000][13.349s][info ][gc,heap       ] GC(21) Old regions: 21->24
[2023-11-16T09:13:13.297+0000][13.349s][info ][gc,heap       ] GC(21) Humongous regions: 0->0
[2023-11-16T09:13:13.297+0000][13.349s][info ][gc,metaspace  ] GC(21) Metaspace: 65620K(67200K)->65620K(67200K) NonClass: 57283K(58240K)->57283K(58240K) Class: 8337K(8960K)->8337K(8960K)
[2023-11-16T09:13:13.297+0000][13.349s][info ][gc            ] GC(21) Pause Young (Concurrent Start) (Metadata GC Threshold) 120M->43M(647M) 30.535ms
[2023-11-16T09:13:13.297+0000][13.349s][info ][gc,cpu        ] GC(21) User=0.09s Sys=0.00s Real=0.03s
[2023-11-16T09:13:13.297+0000][13.349s][info ][gc            ] GC(22) Concurrent Cycle
[2023-11-16T09:13:13.297+0000][13.349s][info ][safepoint     ] Leaving safepoint region
[2023-11-16T09:13:13.297+0000][13.349s][info ][gc,marking    ] GC(22) Concurrent Clear Claimed Marks
[2023-11-16T09:13:13.297+0000][13.349s][info ][safepoint     ] Total time for which application threads were stopped: 0.0309193 seconds, Stopping threads took: 0.0000772 seconds
[2023-11-16T09:13:13.297+0000][13.349s][info ][gc,marking    ] GC(22) Concurrent Clear Claimed Marks 0.115ms
[2023-11-16T09:13:13.297+0000][13.349s][info ][gc,marking    ] GC(22) Concurrent Scan Root Regions
[2023-11-16T09:13:13.305+0000][13.357s][info ][gc,stringdedup] Concurrent String Deduplication (13.357s)
[2023-11-16T09:13:13.308+0000][13.360s][info ][gc,stringdedup] Concurrent String Deduplication 426.9K->178.8K(248.1K) avg 43.6% (13.357s, 13.360s) 3.173ms
[2023-11-16T09:13:13.317+0000][13.369s][info ][gc,marking    ] GC(22) Concurrent Scan Root Regions 19.562ms
[2023-11-16T09:13:13.317+0000][13.369s][info ][gc,marking    ] GC(22) Concurrent Mark (13.369s)
[2023-11-16T09:13:13.317+0000][13.369s][info ][gc,marking    ] GC(22) Concurrent Mark From Roots
[2023-11-16T09:13:13.317+0000][13.369s][info ][gc,task       ] GC(22) Using 1 workers of 1 for marking
[2023-11-16T09:13:13.354+0000][13.406s][info ][gc,marking    ] GC(22) Concurrent Mark From Roots 37.515ms
[2023-11-16T09:13:13.354+0000][13.406s][info ][gc,marking    ] GC(22) Concurrent Preclean
[2023-11-16T09:13:13.354+0000][13.406s][info ][gc,marking    ] GC(22) Concurrent Preclean 0.093ms
[2023-11-16T09:13:13.354+0000][13.406s][info ][gc,marking    ] GC(22) Concurrent Mark (13.369s, 13.406s) 37.673ms
[2023-11-16T09:13:13.354+0000][13.406s][debug][safepoint     ] Safepoint synchronization initiated. (16 threads)
[2023-11-16T09:13:13.354+0000][13.406s][info ][safepoint     ] Application time: 0.0574293 seconds
[2023-11-16T09:13:13.354+0000][13.406s][debug][safepoint     ] Waiting for 1 thread(s) to block
[2023-11-16T09:13:13.354+0000][13.406s][info ][safepoint     ] Entering safepoint region: CGC_Operation
[2023-11-16T09:13:13.354+0000][13.406s][info ][gc,start      ] GC(22) Pause Remark
[2023-11-16T09:13:13.370+0000][13.422s][info ][gc,stringtable] GC(22) Cleaned string and symbol table, strings: 25892 processed, 10 removed, symbols: 207783 processed, 145 removed
[2023-11-16T09:13:13.370+0000][13.422s][info ][gc            ] GC(22) Pause Remark 45M->45M(647M) 15.694ms
[2023-11-16T09:13:13.370+0000][13.422s][info ][gc,cpu        ] GC(22) User=0.06s Sys=0.00s Real=0.02s
[2023-11-16T09:13:13.370+0000][13.422s][info ][safepoint     ] Leaving safepoint region
[2023-11-16T09:13:13.370+0000][13.422s][info ][safepoint     ] Total time for which application threads were stopped: 0.0158589 seconds, Stopping threads took: 0.0000409 seconds
[2023-11-16T09:13:13.370+0000][13.422s][info ][gc,marking    ] GC(22) Concurrent Rebuild Remembered Sets
[2023-11-16T09:13:13.394+0000][13.446s][info ][gc,marking    ] GC(22) Concurrent Rebuild Remembered Sets 23.723ms
[2023-11-16T09:13:13.394+0000][13.446s][debug][safepoint     ] Safepoint synchronization initiated. (16 threads)
[2023-11-16T09:13:13.394+0000][13.446s][info ][safepoint     ] Application time: 0.0238459 seconds
[2023-11-16T09:13:13.394+0000][13.446s][debug][safepoint     ] Waiting for 1 thread(s) to block
[2023-11-16T09:13:13.394+0000][13.446s][info ][safepoint     ] Entering safepoint region: CGC_Operation
[2023-11-16T09:13:13.394+0000][13.446s][info ][gc,start      ] GC(22) Pause Cleanup
[2023-11-16T09:13:13.394+0000][13.446s][info ][gc            ] GC(22) Pause Cleanup 46M->46M(647M) 0.135ms
[2023-11-16T09:13:13.394+0000][13.446s][info ][gc,cpu        ] GC(22) User=0.00s Sys=0.00s Real=0.00s
[2023-11-16T09:13:13.394+0000][13.446s][info ][safepoint     ] Leaving safepoint region
[2023-11-16T09:13:13.394+0000][13.446s][info ][safepoint     ] Total time for which application threads were stopped: 0.0002896 seconds, Stopping threads took: 0.0000389 seconds
[2023-11-16T09:13:13.394+0000][13.446s][info ][gc,marking    ] GC(22) Concurrent Cleanup for Next Mark
[2023-11-16T09:13:13.396+0000][13.448s][info ][gc,marking    ] GC(22) Concurrent Cleanup for Next Mark 1.486ms
[2023-11-16T09:13:13.396+0000][13.448s][info ][gc            ] GC(22) Concurrent Cycle 99.069ms
[2023-11-16T09:13:14.082+0000][14.134s][debug][safepoint     ] Safepoint synchronization initiated. (16 threads)
[2023-11-16T09:13:14.082+0000][14.134s][info ][safepoint     ] Application time: 0.6879499 seconds
[2023-11-16T09:13:14.082+0000][14.134s][debug][safepoint     ] Waiting for 2 thread(s) to block
[2023-11-16T09:13:14.082+0000][14.134s][info ][safepoint     ] Entering safepoint region: ICBufferFull
[2023-11-16T09:13:14.082+0000][14.134s][info ][safepoint     ] Leaving safepoint region
[2023-11-16T09:13:14.083+0000][14.134s][info ][safepoint     ] Total time for which application threads were stopped: 0.0001974 seconds, Stopping threads took: 0.0000425 seconds
[2023-11-16T09:13:14.151+0000][14.203s][debug][safepoint     ] Safepoint synchronization initiated. (16 threads)
[2023-11-16T09:13:14.151+0000][14.203s][info ][safepoint     ] Application time: 0.0683281 seconds
[2023-11-16T09:13:14.151+0000][14.203s][debug][safepoint     ] Waiting for 1 thread(s) to block
[2023-11-16T09:13:14.151+0000][14.203s][info ][safepoint     ] Entering safepoint region: ICBufferFull
[2023-11-16T09:13:14.151+0000][14.203s][info ][safepoint     ] Leaving safepoint region
[2023-11-16T09:13:14.151+0000][14.203s][info ][safepoint     ] Total time for which application threads were stopped: 0.0001681 seconds, Stopping threads took: 0.0000285 seconds
[2023-11-16T09:13:14.210+0000][14.262s][debug][safepoint     ] Safepoint synchronization initiated. (16 threads)
[2023-11-16T09:13:14.210+0000][14.262s][info ][safepoint     ] Application time: 0.0592316 seconds
[2023-11-16T09:13:14.210+0000][14.262s][debug][safepoint     ] Waiting for 1 thread(s) to block
[2023-11-16T09:13:14.210+0000][14.262s][info ][safepoint     ] Entering safepoint region: ICBufferFull
[2023-11-16T09:13:14.210+0000][14.262s][info ][safepoint     ] Leaving safepoint region
[2023-11-16T09:13:14.210+0000][14.262s][info ][safepoint     ] Total time for which application threads were stopped: 0.0001500 seconds, Stopping threads took: 0.0000278 seconds
[2023-11-16T09:13:14.283+0000][14.335s][debug][safepoint     ] Safepoint synchronization initiated. (16 threads)
[2023-11-16T09:13:14.283+0000][14.335s][info ][safepoint     ] Application time: 0.0725661 seconds
[2023-11-16T09:13:14.283+0000][14.335s][debug][safepoint     ] Waiting for 1 thread(s) to block
[2023-11-16T09:13:14.283+0000][14.335s][info ][safepoint     ] Entering safepoint region: ICBufferFull
[2023-11-16T09:13:14.283+0000][14.335s][info ][safepoint     ] Leaving safepoint region
[2023-11-16T09:13:14.283+0000][14.335s][info ][safepoint     ] Total time for which application threads were stopped: 0.0001800 seconds, Stopping threads took: 0.0000284 seconds
[2023-11-16T09:13:14.399+0000][14.451s][debug][safepoint     ] Safepoint synchronization initiated. (16 threads)
[2023-11-16T09:13:14.399+0000][14.451s][info ][safepoint     ] Application time: 0.1160368 seconds
[2023-11-16T09:13:14.399+0000][14.451s][debug][safepoint     ] Waiting for 1 thread(s) to block
[2023-11-16T09:13:14.399+0000][14.451s][info ][safepoint     ] Entering safepoint region: ICBufferFull
[2023-11-16T09:13:14.399+0000][14.451s][info ][safepoint     ] Leaving safepoint region
[2023-11-16T09:13:14.400+0000][14.451s][info ][safepoint     ] Total time for which application threads were stopped: 0.0002119 seconds, Stopping threads took: 0.0000267 seconds
[2023-11-16T09:13:14.548+0000][14.600s][debug][safepoint     ] Safepoint synchronization initiated. (16 threads)
[2023-11-16T09:13:14.548+0000][14.600s][info ][safepoint     ] Application time: 0.1487188 seconds
[2023-11-16T09:13:14.548+0000][14.600s][debug][safepoint     ] Waiting for 1 thread(s) to block
[2023-11-16T09:13:14.548+0000][14.600s][info ][safepoint     ] Entering safepoint region: ICBufferFull
[2023-11-16T09:13:14.548+0000][14.600s][info ][safepoint     ] Leaving safepoint region
[2023-11-16T09:13:14.548+0000][14.600s][info ][safepoint     ] Total time for which application threads were stopped: 0.0001704 seconds, Stopping threads took: 0.0000268 seconds
[2023-11-16T09:13:14.839+0000][14.891s][debug][safepoint     ] Safepoint synchronization initiated. (15 threads)
[2023-11-16T09:13:14.839+0000][14.891s][info ][safepoint     ] Application time: 0.2908727 seconds
[2023-11-16T09:13:14.839+0000][14.891s][info ][safepoint     ] Entering safepoint region: G1CollectForAllocation
[2023-11-16T09:13:14.840+0000][14.892s][info ][gc,start      ] GC(23) Pause Young (Normal) (G1 Evacuation Pause)
[2023-11-16T09:13:14.840+0000][14.892s][info ][gc,task       ] GC(23) Using 4 workers of 4 for evacuation
[2023-11-16T09:13:14.859+0000][14.911s][info ][gc,phases     ] GC(23)   Pre Evacuate Collection Set: 0.0ms
[2023-11-16T09:13:14.859+0000][14.911s][info ][gc,phases     ] GC(23)   Evacuate Collection Set: 17.2ms
[2023-11-16T09:13:14.859+0000][14.911s][info ][gc,phases     ] GC(23)   Post Evacuate Collection Set: 2.3ms
[2023-11-16T09:13:14.859+0000][14.911s][info ][gc,phases     ] GC(23)   Other: 0.3ms
[2023-11-16T09:13:14.859+0000][14.911s][info ][gc,heap       ] GC(23) Eden regions: 367->0(365)
[2023-11-16T09:13:14.859+0000][14.911s][info ][gc,heap       ] GC(23) Survivor regions: 21->23(49)
[2023-11-16T09:13:14.859+0000][14.911s][info ][gc,heap       ] GC(23) Old regions: 24->25
[2023-11-16T09:13:14.860+0000][14.911s][info ][gc,heap       ] GC(23) Humongous regions: 0->0
[2023-11-16T09:13:14.860+0000][14.911s][info ][gc,metaspace  ] GC(23) Metaspace: 71018K(72704K)->71018K(72704K) NonClass: 61925K(62976K)->61925K(62976K) Class: 9093K(9728K)->9093K(9728K)
[2023-11-16T09:13:14.860+0000][14.912s][info ][gc            ] GC(23) Pause Young (Normal) (G1 Evacuation Pause) 410M->45M(647M) 19.992ms
[2023-11-16T09:13:14.860+0000][14.912s][info ][gc,cpu        ] GC(23) User=0.07s Sys=0.00s Real=0.02s
[2023-11-16T09:13:14.860+0000][14.912s][info ][safepoint     ] Leaving safepoint region
[2023-11-16T09:13:14.860+0000][14.912s][info ][safepoint     ] Total time for which application threads were stopped: 0.0202851 seconds, Stopping threads took: 0.0000175 seconds
[2023-11-16T09:13:14.860+0000][14.912s][info ][gc,stringdedup] Concurrent String Deduplication (14.912s)
[2023-11-16T09:13:14.862+0000][14.914s][info ][gc,stringdedup] Concurrent String Deduplication 302.9K->74008.0B(230.7K) avg 44.6% (14.912s, 14.914s) 2.139ms
[2023-11-16T09:13:15.023+0000][15.075s][debug][safepoint     ] Safepoint synchronization initiated. (16 threads)
[2023-11-16T09:13:15.023+0000][15.075s][info ][safepoint     ] Application time: 0.1636405 seconds
[2023-11-16T09:13:15.023+0000][15.075s][info ][safepoint     ] Entering safepoint region: Deoptimize
[2023-11-16T09:13:15.024+0000][15.076s][info ][safepoint     ] Leaving safepoint region
[2023-11-16T09:13:15.024+0000][15.076s][info ][safepoint     ] Total time for which application threads were stopped: 0.0008302 seconds, Stopping threads took: 0.0000112 seconds
[2023-11-16T09:13:15.025+0000][15.077s][debug][safepoint     ] Safepoint synchronization initiated. (16 threads)
[2023-11-16T09:13:15.025+0000][15.077s][info ][safepoint     ] Application time: 0.0008652 seconds
[2023-11-16T09:13:15.025+0000][15.077s][info ][safepoint     ] Entering safepoint region: Deoptimize
[2023-11-16T09:13:15.026+0000][15.078s][info ][safepoint     ] Leaving safepoint region
[2023-11-16T09:13:15.026+0000][15.078s][info ][safepoint     ] Total time for which application threads were stopped: 0.0006831 seconds, Stopping threads took: 0.0000170 seconds
[2023-11-16T09:13:15.301+0000][15.353s][debug][safepoint     ] Safepoint synchronization initiated. (16 threads)
[2023-11-16T09:13:15.301+0000][15.353s][info ][safepoint     ] Application time: 0.2751683 seconds
[2023-11-16T09:13:15.301+0000][15.353s][info ][safepoint     ] Entering safepoint region: Deoptimize
[2023-11-16T09:13:15.302+0000][15.354s][info ][safepoint     ] Leaving safepoint region
[2023-11-16T09:13:15.302+0000][15.354s][info ][safepoint     ] Total time for which application threads were stopped: 0.0007968 seconds, Stopping threads took: 0.0000102 seconds
[2023-11-16T09:13:15.493+0000][15.545s][debug][safepoint     ] Safepoint synchronization initiated. (16 threads)
[2023-11-16T09:13:15.493+0000][15.545s][info ][safepoint     ] Application time: 0.1913321 seconds
[2023-11-16T09:13:15.493+0000][15.545s][info ][safepoint     ] Entering safepoint region: Deoptimize
[2023-11-16T09:13:15.494+0000][15.546s][info ][safepoint     ] Leaving safepoint region
[2023-11-16T09:13:15.494+0000][15.546s][info ][safepoint     ] Total time for which application threads were stopped: 0.0007702 seconds, Stopping threads took: 0.0000107 seconds
[2023-11-16T09:13:15.625+0000][15.677s][debug][safepoint     ] Safepoint synchronization initiated. (16 threads)
[2023-11-16T09:13:15.625+0000][15.677s][info ][safepoint     ] Application time: 0.1312879 seconds
[2023-11-16T09:13:15.625+0000][15.677s][debug][safepoint     ] Waiting for 1 thread(s) to block
[2023-11-16T09:13:15.625+0000][15.677s][info ][safepoint     ] Entering safepoint region: Deoptimize
[2023-11-16T09:13:15.626+0000][15.678s][info ][safepoint     ] Leaving safepoint region
[2023-11-16T09:13:15.626+0000][15.678s][info ][safepoint     ] Total time for which application threads were stopped: 0.0008167 seconds, Stopping threads took: 0.0000300 seconds
[2023-11-16T09:13:15.906+0000][15.958s][debug][safepoint     ] Safepoint synchronization initiated. (16 threads)
[2023-11-16T09:13:15.906+0000][15.958s][info ][safepoint     ] Application time: 0.2804420 seconds
[2023-11-16T09:13:15.906+0000][15.958s][debug][safepoint     ] Waiting for 1 thread(s) to block
[2023-11-16T09:13:15.906+0000][15.958s][info ][safepoint     ] Entering safepoint region: ICBufferFull
[2023-11-16T09:13:15.907+0000][15.959s][info ][safepoint     ] Leaving safepoint region
[2023-11-16T09:13:15.907+0000][15.959s][info ][safepoint     ] Total time for which application threads were stopped: 0.0002653 seconds, Stopping threads took: 0.0000314 seconds
[2023-11-16T09:13:16.425+0000][16.477s][debug][safepoint     ] Safepoint synchronization initiated. (16 threads)
[2023-11-16T09:13:16.425+0000][16.477s][info ][safepoint     ] Application time: 0.5183339 seconds
[2023-11-16T09:13:16.425+0000][16.477s][debug][safepoint     ] Waiting for 2 thread(s) to block
[2023-11-16T09:13:16.425+0000][16.477s][info ][safepoint     ] Entering safepoint region: ICBufferFull
[2023-11-16T09:13:16.425+0000][16.477s][info ][safepoint     ] Leaving safepoint region
[2023-11-16T09:13:16.425+0000][16.477s][info ][safepoint     ] Total time for which application threads were stopped: 0.0002452 seconds, Stopping threads took: 0.0000364 seconds
[2023-11-16T09:13:16.830+0000][16.881s][debug][safepoint     ] Safepoint synchronization initiated. (16 threads)
[2023-11-16T09:13:16.830+0000][16.882s][info ][safepoint     ] Application time: 0.4043210 seconds
[2023-11-16T09:13:16.830+0000][16.882s][debug][safepoint     ] Waiting for 1 thread(s) to block
[2023-11-16T09:13:16.830+0000][16.882s][info ][safepoint     ] Entering safepoint region: ICBufferFull
[2023-11-16T09:13:16.830+0000][16.882s][info ][safepoint     ] Leaving safepoint region
[2023-11-16T09:13:16.830+0000][16.882s][info ][safepoint     ] Total time for which application threads were stopped: 0.0001842 seconds, Stopping threads took: 0.0000284 seconds
[2023-11-16T09:13:16.930+0000][16.982s][debug][safepoint     ] Safepoint synchronization initiated. (16 threads)
[2023-11-16T09:13:16.930+0000][16.982s][info ][safepoint     ] Application time: 0.1002859 seconds
[2023-11-16T09:13:16.930+0000][16.982s][debug][safepoint     ] Waiting for 1 thread(s) to block
[2023-11-16T09:13:16.930+0000][16.982s][info ][safepoint     ] Entering safepoint region: G1CollectForAllocation
[2023-11-16T09:13:16.930+0000][16.982s][info ][gc,start      ] GC(24) Pause Young (Normal) (G1 Evacuation Pause)
[2023-11-16T09:13:16.930+0000][16.982s][info ][gc,task       ] GC(24) Using 4 workers of 4 for evacuation
[2023-11-16T09:13:16.972+0000][17.024s][info ][gc,phases     ] GC(24)   Pre Evacuate Collection Set: 0.0ms
[2023-11-16T09:13:16.972+0000][17.024s][info ][gc,phases     ] GC(24)   Evacuate Collection Set: 37.9ms
[2023-11-16T09:13:16.972+0000][17.024s][info ][gc,phases     ] GC(24)   Post Evacuate Collection Set: 3.7ms
[2023-11-16T09:13:16.972+0000][17.024s][info ][gc,phases     ] GC(24)   Other: 0.2ms
[2023-11-16T09:13:16.972+0000][17.024s][info ][gc,heap       ] GC(24) Eden regions: 365->0(360)
[2023-11-16T09:13:16.972+0000][17.024s][info ][gc,heap       ] GC(24) Survivor regions: 23->28(49)
[2023-11-16T09:13:16.972+0000][17.024s][info ][gc,heap       ] GC(24) Old regions: 25->25
[2023-11-16T09:13:16.972+0000][17.024s][info ][gc,heap       ] GC(24) Humongous regions: 0->0
[2023-11-16T09:13:16.972+0000][17.024s][info ][gc,metaspace  ] GC(24) Metaspace: 78824K(81024K)->78824K(81024K) NonClass: 68902K(70400K)->68902K(70400K) Class: 9921K(10624K)->9921K(10624K)
[2023-11-16T09:13:16.972+0000][17.024s][info ][gc            ] GC(24) Pause Young (Normal) (G1 Evacuation Pause) 410M->51M(647M) 41.821ms
[2023-11-16T09:13:16.972+0000][17.024s][info ][gc,cpu        ] GC(24) User=0.16s Sys=0.00s Real=0.04s
[2023-11-16T09:13:16.972+0000][17.024s][info ][safepoint     ] Leaving safepoint region
[2023-11-16T09:13:16.972+0000][17.024s][info ][safepoint     ] Total time for which application threads were stopped: 0.0419704 seconds, Stopping threads took: 0.0000285 seconds
[2023-11-16T09:13:16.972+0000][17.024s][info ][gc,stringdedup] Concurrent String Deduplication (17.024s)
[2023-11-16T09:13:16.973+0000][17.025s][info ][gc,stringdedup] Concurrent String Deduplication 60016.0B->20704.0B(39312.0B) avg 44.7% (17.024s, 17.025s) 0.397ms
[2023-11-16T09:13:17.524+0000][17.576s][debug][safepoint     ] Safepoint synchronization initiated. (16 threads)
[2023-11-16T09:13:17.524+0000][17.576s][info ][safepoint     ] Application time: 0.5521414 seconds
[2023-11-16T09:13:17.524+0000][17.576s][info ][safepoint     ] Entering safepoint region: ICBufferFull
[2023-11-16T09:13:17.524+0000][17.576s][info ][safepoint     ] Leaving safepoint region
[2023-11-16T09:13:17.524+0000][17.576s][info ][safepoint     ] Total time for which application threads were stopped: 0.0002146 seconds, Stopping threads took: 0.0000100 seconds
[2023-11-16T09:13:17.650+0000][17.702s][debug][safepoint     ] Safepoint synchronization initiated. (15 threads)
[2023-11-16T09:13:17.650+0000][17.702s][info ][safepoint     ] Application time: 0.1255761 seconds
[2023-11-16T09:13:17.650+0000][17.702s][debug][safepoint     ] Waiting for 2 thread(s) to block
[2023-11-16T09:13:17.650+0000][17.702s][info ][safepoint     ] Entering safepoint region: ICBufferFull
[2023-11-16T09:13:17.650+0000][17.702s][info ][safepoint     ] Leaving safepoint region
[2023-11-16T09:13:17.650+0000][17.702s][info ][safepoint     ] Total time for which application threads were stopped: 0.0002850 seconds, Stopping threads took: 0.0000879 seconds
[2023-11-16T09:13:17.891+0000][17.943s][debug][safepoint     ] Safepoint synchronization initiated. (15 threads)
[2023-11-16T09:13:17.891+0000][17.943s][info ][safepoint     ] Application time: 0.2405634 seconds
[2023-11-16T09:13:17.891+0000][17.943s][info ][safepoint     ] Entering safepoint region: Deoptimize
[2023-11-16T09:13:17.892+0000][17.944s][info ][safepoint     ] Leaving safepoint region
[2023-11-16T09:13:17.892+0000][17.944s][info ][safepoint     ] Total time for which application threads were stopped: 0.0009382 seconds, Stopping threads took: 0.0000109 seconds
[2023-11-16T09:13:18.105+0000][18.157s][debug][safepoint     ] Safepoint synchronization initiated. (15 threads)
[2023-11-16T09:13:18.105+0000][18.157s][info ][safepoint     ] Application time: 0.2136063 seconds
[2023-11-16T09:13:18.105+0000][18.157s][debug][safepoint     ] Waiting for 2 thread(s) to block
[2023-11-16T09:13:18.105+0000][18.157s][info ][safepoint     ] Entering safepoint region: ICBufferFull
[2023-11-16T09:13:18.106+0000][18.158s][info ][safepoint     ] Leaving safepoint region
[2023-11-16T09:13:18.106+0000][18.158s][info ][safepoint     ] Total time for which application threads were stopped: 0.0002000 seconds, Stopping threads took: 0.0000619 seconds
[2023-11-16T09:13:18.596+0000][18.648s][debug][safepoint     ] Safepoint synchronization initiated. (19 threads)
[2023-11-16T09:13:18.596+0000][18.648s][info ][safepoint     ] Application time: 0.4899542 seconds
[2023-11-16T09:13:18.596+0000][18.648s][debug][safepoint     ] Waiting for 1 thread(s) to block
[2023-11-16T09:13:18.596+0000][18.648s][info ][safepoint     ] Entering safepoint region: ICBufferFull
[2023-11-16T09:13:18.596+0000][18.648s][info ][safepoint     ] Leaving safepoint region
[2023-11-16T09:13:18.596+0000][18.648s][info ][safepoint     ] Total time for which application threads were stopped: 0.0002364 seconds, Stopping threads took: 0.0000501 seconds
[2023-11-16T09:13:18.786+0000][18.838s][debug][safepoint     ] Safepoint synchronization initiated. (19 threads)
[2023-11-16T09:13:18.786+0000][18.838s][info ][safepoint     ] Application time: 0.1904244 seconds
[2023-11-16T09:13:18.786+0000][18.838s][info ][safepoint     ] Entering safepoint region: ICBufferFull
[2023-11-16T09:13:18.786+0000][18.838s][info ][safepoint     ] Leaving safepoint region
[2023-11-16T09:13:18.786+0000][18.838s][info ][safepoint     ] Total time for which application threads were stopped: 0.0001501 seconds, Stopping threads took: 0.0000110 seconds
[2023-11-16T09:13:18.803+0000][18.854s][debug][safepoint     ] Safepoint synchronization initiated. (19 threads)
[2023-11-16T09:13:18.803+0000][18.855s][info ][safepoint     ] Application time: 0.0161346 seconds
[2023-11-16T09:13:18.803+0000][18.855s][info ][safepoint     ] Entering safepoint region: G1CollectForAllocation
[2023-11-16T09:13:18.803+0000][18.855s][info ][gc,start      ] GC(25) Pause Young (Normal) (G1 Evacuation Pause)
[2023-11-16T09:13:18.803+0000][18.855s][info ][gc,task       ] GC(25) Using 4 workers of 4 for evacuation
[2023-11-16T09:13:18.838+0000][18.890s][info ][gc,phases     ] GC(25)   Pre Evacuate Collection Set: 0.0ms
[2023-11-16T09:13:18.838+0000][18.890s][info ][gc,phases     ] GC(25)   Evacuate Collection Set: 32.1ms
[2023-11-16T09:13:18.838+0000][18.890s][info ][gc,phases     ] GC(25)   Post Evacuate Collection Set: 2.6ms
[2023-11-16T09:13:18.838+0000][18.890s][info ][gc,phases     ] GC(25)   Other: 0.2ms
[2023-11-16T09:13:18.838+0000][18.890s][info ][gc,heap       ] GC(25) Eden regions: 360->0(353)
[2023-11-16T09:13:18.838+0000][18.890s][info ][gc,heap       ] GC(25) Survivor regions: 28->35(49)
[2023-11-16T09:13:18.838+0000][18.890s][info ][gc,heap       ] GC(25) Old regions: 25->28
[2023-11-16T09:13:18.838+0000][18.890s][info ][gc,heap       ] GC(25) Humongous regions: 0->0
[2023-11-16T09:13:18.838+0000][18.890s][info ][gc,metaspace  ] GC(25) Metaspace: 82929K(85504K)->82929K(85504K) NonClass: 72600K(74240K)->72600K(74240K) Class: 10329K(11264K)->10329K(11264K)
[2023-11-16T09:13:18.838+0000][18.890s][info ][gc            ] GC(25) Pause Young (Normal) (G1 Evacuation Pause) 411M->60M(647M) 34.997ms
[2023-11-16T09:13:18.838+0000][18.890s][info ][gc,cpu        ] GC(25) User=0.11s Sys=0.01s Real=0.03s
[2023-11-16T09:13:18.838+0000][18.890s][info ][safepoint     ] Leaving safepoint region
[2023-11-16T09:13:18.838+0000][18.890s][info ][safepoint     ] Total time for which application threads were stopped: 0.0351580 seconds, Stopping threads took: 0.0000109 seconds
[2023-11-16T09:13:18.845+0000][18.897s][info ][gc,stringdedup] Concurrent String Deduplication (18.897s)
[2023-11-16T09:13:18.847+0000][18.899s][info ][gc,stringdedup] Concurrent String Deduplication 373.8K->196.6K(177.2K) avg 44.8% (18.897s, 18.899s) 2.071ms
[2023-11-16T09:13:19.374+0000][19.426s][debug][safepoint     ] Safepoint synchronization initiated. (19 threads)
[2023-11-16T09:13:19.374+0000][19.426s][info ][safepoint     ] Application time: 0.5358927 seconds
[2023-11-16T09:13:19.374+0000][19.426s][debug][safepoint     ] Waiting for 1 thread(s) to block
[2023-11-16T09:13:19.374+0000][19.426s][info ][safepoint     ] Entering safepoint region: ICBufferFull
[2023-11-16T09:13:19.374+0000][19.426s][info ][safepoint     ] Leaving safepoint region
[2023-11-16T09:13:19.374+0000][19.426s][info ][safepoint     ] Total time for which application threads were stopped: 0.0001922 seconds, Stopping threads took: 0.0000274 seconds
[2023-11-16T09:13:19.706+0000][19.758s][debug][safepoint     ] Safepoint synchronization initiated. (19 threads)
[2023-11-16T09:13:19.706+0000][19.758s][info ][safepoint     ] Application time: 0.3325423 seconds
[2023-11-16T09:13:19.706+0000][19.758s][info ][safepoint     ] Entering safepoint region: ICBufferFull
[2023-11-16T09:13:19.707+0000][19.758s][info ][safepoint     ] Leaving safepoint region
[2023-11-16T09:13:19.707+0000][19.759s][info ][safepoint     ] Total time for which application threads were stopped: 0.0001481 seconds, Stopping threads took: 0.0000118 seconds
[2023-11-16T09:13:19.857+0000][19.909s][debug][safepoint     ] Safepoint synchronization initiated. (19 threads)
[2023-11-16T09:13:19.857+0000][19.909s][info ][safepoint     ] Application time: 0.1504432 seconds
[2023-11-16T09:13:19.857+0000][19.909s][info ][safepoint     ] Entering safepoint region: Deoptimize
[2023-11-16T09:13:19.858+0000][19.910s][info ][safepoint     ] Leaving safepoint region
[2023-11-16T09:13:19.858+0000][19.910s][info ][safepoint     ] Total time for which application threads were stopped: 0.0009386 seconds, Stopping threads took: 0.0000101 seconds
[2023-11-16T09:13:19.974+0000][20.026s][debug][safepoint     ] Safepoint synchronization initiated. (20 threads)
[2023-11-16T09:13:19.974+0000][20.026s][info ][safepoint     ] Application time: 0.1161266 seconds
[2023-11-16T09:13:19.974+0000][20.026s][info ][safepoint     ] Entering safepoint region: Deoptimize
[2023-11-16T09:13:19.975+0000][20.027s][info ][safepoint     ] Leaving safepoint region
[2023-11-16T09:13:19.975+0000][20.027s][info ][safepoint     ] Total time for which application threads were stopped: 0.0009417 seconds, Stopping threads took: 0.0000100 seconds
[2023-11-16T09:13:20.174+0000][20.226s][debug][safepoint     ] Safepoint synchronization initiated. (20 threads)
[2023-11-16T09:13:20.175+0000][20.226s][info ][safepoint     ] Application time: 0.1994689 seconds
[2023-11-16T09:13:20.175+0000][20.226s][info ][safepoint     ] Entering safepoint region: Deoptimize
[2023-11-16T09:13:20.176+0000][20.227s][info ][safepoint     ] Leaving safepoint region
[2023-11-16T09:13:20.176+0000][20.227s][info ][safepoint     ] Total time for which application threads were stopped: 0.0009925 seconds, Stopping threads took: 0.0000112 seconds
[2023-11-16T09:13:20.531+0000][20.583s][debug][safepoint     ] Safepoint synchronization initiated. (22 threads)
[2023-11-16T09:13:20.531+0000][20.583s][info ][safepoint     ] Application time: 0.3552552 seconds
[2023-11-16T09:13:20.531+0000][20.583s][debug][safepoint     ] Waiting for 1 thread(s) to block
[2023-11-16T09:13:20.531+0000][20.583s][info ][safepoint     ] Entering safepoint region: G1CollectForAllocation
[2023-11-16T09:13:20.531+0000][20.583s][info ][gc,start      ] GC(26) Pause Young (Normal) (G1 Evacuation Pause)
[2023-11-16T09:13:20.531+0000][20.583s][info ][gc,task       ] GC(26) Using 4 workers of 4 for evacuation
[2023-11-16T09:13:20.574+0000][20.626s][info ][gc,phases     ] GC(26)   Pre Evacuate Collection Set: 0.0ms
[2023-11-16T09:13:20.574+0000][20.626s][info ][gc,phases     ] GC(26)   Evacuate Collection Set: 38.4ms
[2023-11-16T09:13:20.574+0000][20.626s][info ][gc,phases     ] GC(26)   Post Evacuate Collection Set: 4.5ms
[2023-11-16T09:13:20.574+0000][20.626s][info ][gc,phases     ] GC(26)   Other: 0.2ms
[2023-11-16T09:13:20.574+0000][20.626s][info ][gc,heap       ] GC(26) Eden regions: 353->0(434)
[2023-11-16T09:13:20.574+0000][20.626s][info ][gc,heap       ] GC(26) Survivor regions: 35->32(49)
[2023-11-16T09:13:20.574+0000][20.626s][info ][gc,heap       ] GC(26) Old regions: 28->38
[2023-11-16T09:13:20.574+0000][20.626s][info ][gc,heap       ] GC(26) Humongous regions: 0->0
[2023-11-16T09:13:20.574+0000][20.626s][info ][gc,metaspace  ] GC(26) Metaspace: 89663K(92544K)->89663K(92544K) NonClass: 78512K(80384K)->78512K(80384K) Class: 11151K(12160K)->11151K(12160K)
[2023-11-16T09:13:20.574+0000][20.626s][info ][gc            ] GC(26) Pause Young (Normal) (G1 Evacuation Pause) 413M->67M(777M) 43.244ms
[2023-11-16T09:13:20.574+0000][20.626s][info ][gc,cpu        ] GC(26) User=0.15s Sys=0.00s Real=0.04s
[2023-11-16T09:13:20.574+0000][20.626s][info ][safepoint     ] Leaving safepoint region
[2023-11-16T09:13:20.574+0000][20.626s][info ][safepoint     ] Total time for which application threads were stopped: 0.0434519 seconds, Stopping threads took: 0.0000305 seconds
[2023-11-16T09:13:20.575+0000][20.627s][info ][gc,stringdedup] Concurrent String Deduplication (20.627s)
[2023-11-16T09:13:20.579+0000][20.631s][info ][gc,stringdedup] Concurrent String Deduplication 652.5K->175.9K(476.6K) avg 46.5% (20.627s, 20.631s) 3.496ms
[2023-11-16T09:13:20.839+0000][20.891s][debug][safepoint     ] Safepoint synchronization initiated. (22 threads)
[2023-11-16T09:13:20.839+0000][20.891s][info ][safepoint     ] Application time: 0.2643642 seconds
[2023-11-16T09:13:20.839+0000][20.891s][debug][safepoint     ] Waiting for 1 thread(s) to block
[2023-11-16T09:13:20.839+0000][20.891s][info ][safepoint     ] Entering safepoint region: Deoptimize
[2023-11-16T09:13:20.840+0000][20.892s][info ][safepoint     ] Leaving safepoint region
[2023-11-16T09:13:20.840+0000][20.892s][info ][safepoint     ] Total time for which application threads were stopped: 0.0010407 seconds, Stopping threads took: 0.0000287 seconds
[2023-11-16T09:13:20.895+0000][20.947s][debug][safepoint     ] Safepoint synchronization initiated. (22 threads)
[2023-11-16T09:13:20.896+0000][20.948s][info ][safepoint     ] Application time: 0.0558641 seconds
[2023-11-16T09:13:20.896+0000][20.948s][info ][safepoint     ] Entering safepoint region: Deoptimize
[2023-11-16T09:13:20.896+0000][20.948s][info ][safepoint     ] Leaving safepoint region
[2023-11-16T09:13:20.897+0000][20.948s][info ][safepoint     ] Total time for which application threads were stopped: 0.0009628 seconds, Stopping threads took: 0.0000109 seconds
[2023-11-16T09:13:20.953+0000][21.005s][debug][safepoint     ] Safepoint synchronization initiated. (22 threads)
[2023-11-16T09:13:20.953+0000][21.005s][info ][safepoint     ] Application time: 0.0560874 seconds
[2023-11-16T09:13:20.953+0000][21.005s][info ][safepoint     ] Entering safepoint region: Deoptimize
[2023-11-16T09:13:20.954+0000][21.006s][info ][safepoint     ] Leaving safepoint region
[2023-11-16T09:13:20.954+0000][21.006s][info ][safepoint     ] Total time for which application threads were stopped: 0.0009664 seconds, Stopping threads took: 0.0000108 seconds
[2023-11-16T09:13:20.961+0000][21.013s][debug][safepoint     ] Safepoint synchronization initiated. (22 threads)
[2023-11-16T09:13:20.961+0000][21.013s][info ][safepoint     ] Application time: 0.0076685 seconds
[2023-11-16T09:13:20.961+0000][21.013s][info ][safepoint     ] Entering safepoint region: Deoptimize
[2023-11-16T09:13:20.962+0000][21.014s][info ][safepoint     ] Leaving safepoint region
[2023-11-16T09:13:20.962+0000][21.014s][info ][safepoint     ] Total time for which application threads were stopped: 0.0009169 seconds, Stopping threads took: 0.0000105 seconds
[2023-11-16T09:13:21.006+0000][21.058s][debug][safepoint     ] Safepoint synchronization initiated. (22 threads)
[2023-11-16T09:13:21.006+0000][21.058s][info ][safepoint     ] Application time: 0.0441785 seconds
[2023-11-16T09:13:21.006+0000][21.058s][debug][safepoint     ] Waiting for 1 thread(s) to block
[2023-11-16T09:13:21.006+0000][21.058s][info ][safepoint     ] Entering safepoint region: Deoptimize
[2023-11-16T09:13:21.007+0000][21.059s][info ][safepoint     ] Leaving safepoint region
[2023-11-16T09:13:21.007+0000][21.059s][info ][safepoint     ] Total time for which application threads were stopped: 0.0010256 seconds, Stopping threads took: 0.0000296 seconds
[2023-11-16T09:13:21.370+0000][21.422s][debug][safepoint     ] Safepoint synchronization initiated. (25 threads)
[2023-11-16T09:13:21.370+0000][21.422s][info ][safepoint     ] Application time: 0.3624673 seconds
[2023-11-16T09:13:21.370+0000][21.422s][info ][safepoint     ] Entering safepoint region: ICBufferFull
[2023-11-16T09:13:21.370+0000][21.422s][info ][safepoint     ] Leaving safepoint region
[2023-11-16T09:13:21.370+0000][21.422s][info ][safepoint     ] Total time for which application threads were stopped: 0.0002275 seconds, Stopping threads took: 0.0000122 seconds
[2023-11-16T09:13:21.861+0000][21.913s][debug][safepoint     ] Safepoint synchronization initiated. (33 threads)
[2023-11-16T09:13:21.861+0000][21.913s][info ][safepoint     ] Application time: 0.4908438 seconds
[2023-11-16T09:13:21.861+0000][21.913s][info ][safepoint     ] Entering safepoint region: Deoptimize
[2023-11-16T09:13:21.862+0000][21.914s][info ][safepoint     ] Leaving safepoint region
[2023-11-16T09:13:21.862+0000][21.914s][info ][safepoint     ] Total time for which application threads were stopped: 0.0010957 seconds, Stopping threads took: 0.0000120 seconds
[2023-11-16T09:13:22.345+0000][22.397s][debug][safepoint     ] Safepoint synchronization initiated. (37 threads)
[2023-11-16T09:13:22.345+0000][22.397s][info ][safepoint     ] Application time: 0.4831762 seconds
[2023-11-16T09:13:22.345+0000][22.397s][info ][safepoint     ] Entering safepoint region: Deoptimize
[2023-11-16T09:13:22.346+0000][22.398s][info ][safepoint     ] Leaving safepoint region
[2023-11-16T09:13:22.346+0000][22.398s][info ][safepoint     ] Total time for which application threads were stopped: 0.0011702 seconds, Stopping threads took: 0.0000138 seconds
[2023-11-16T09:13:22.409+0000][22.461s][debug][safepoint     ] Safepoint synchronization initiated. (37 threads)
[2023-11-16T09:13:22.409+0000][22.461s][info ][safepoint     ] Application time: 0.0624841 seconds
[2023-11-16T09:13:22.409+0000][22.461s][info ][safepoint     ] Entering safepoint region: Deoptimize
[2023-11-16T09:13:22.410+0000][22.462s][info ][safepoint     ] Leaving safepoint region
[2023-11-16T09:13:22.410+0000][22.462s][info ][safepoint     ] Total time for which application threads were stopped: 0.0011130 seconds, Stopping threads took: 0.0000145 seconds
[2023-11-16T09:13:22.411+0000][22.463s][debug][safepoint     ] Safepoint synchronization initiated. (37 threads)
[2023-11-16T09:13:22.411+0000][22.463s][info ][safepoint     ] Application time: 0.0011199 seconds
[2023-11-16T09:13:22.411+0000][22.463s][info ][safepoint     ] Entering safepoint region: Deoptimize
[2023-11-16T09:13:22.412+0000][22.464s][info ][safepoint     ] Leaving safepoint region
[2023-11-16T09:13:22.412+0000][22.464s][info ][safepoint     ] Total time for which application threads were stopped: 0.0008690 seconds, Stopping threads took: 0.0000096 seconds
[2023-11-16T09:13:22.469+0000][22.521s][debug][safepoint     ] Safepoint synchronization initiated. (37 threads)
[2023-11-16T09:13:22.469+0000][22.521s][info ][safepoint     ] Application time: 0.0569027 seconds
[2023-11-16T09:13:22.469+0000][22.521s][info ][safepoint     ] Entering safepoint region: Deoptimize
[2023-11-16T09:13:22.470+0000][22.522s][info ][safepoint     ] Leaving safepoint region
[2023-11-16T09:13:22.470+0000][22.522s][info ][safepoint     ] Total time for which application threads were stopped: 0.0010235 seconds, Stopping threads took: 0.0000125 seconds
[2023-11-16T09:13:22.545+0000][22.597s][debug][safepoint     ] Safepoint synchronization initiated. (37 threads)
[2023-11-16T09:13:22.545+0000][22.597s][info ][safepoint     ] Application time: 0.0754430 seconds
[2023-11-16T09:13:22.545+0000][22.597s][info ][safepoint     ] Entering safepoint region: G1CollectForAllocation
[2023-11-16T09:13:22.546+0000][22.598s][info ][gc,start      ] GC(27) Pause Young (Normal) (G1 Evacuation Pause)
[2023-11-16T09:13:22.546+0000][22.598s][info ][gc,task       ] GC(27) Using 4 workers of 4 for evacuation
[2023-11-16T09:13:22.587+0000][22.639s][info ][gc,phases     ] GC(27)   Pre Evacuate Collection Set: 0.0ms
[2023-11-16T09:13:22.587+0000][22.639s][info ][gc,phases     ] GC(27)   Evacuate Collection Set: 38.1ms
[2023-11-16T09:13:22.588+0000][22.639s][info ][gc,phases     ] GC(27)   Post Evacuate Collection Set: 3.4ms
[2023-11-16T09:13:22.588+0000][22.639s][info ][gc,phases     ] GC(27)   Other: 0.2ms
[2023-11-16T09:13:22.588+0000][22.639s][info ][gc,heap       ] GC(27) Eden regions: 434->0(430)
[2023-11-16T09:13:22.588+0000][22.639s][info ][gc,heap       ] GC(27) Survivor regions: 32->36(59)
[2023-11-16T09:13:22.588+0000][22.639s][info ][gc,heap       ] GC(27) Old regions: 38->41
[2023-11-16T09:13:22.588+0000][22.640s][info ][gc,heap       ] GC(27) Humongous regions: 1->0
[2023-11-16T09:13:22.588+0000][22.640s][info ][gc,metaspace  ] GC(27) Metaspace: 100263K(103296K)->100263K(103296K) NonClass: 88161K(90112K)->88161K(90112K) Class: 12101K(13184K)->12101K(13184K)
[2023-11-16T09:13:22.588+0000][22.640s][info ][gc            ] GC(27) Pause Young (Normal) (G1 Evacuation Pause) 502M->75M(777M) 41.888ms
[2023-11-16T09:13:22.588+0000][22.640s][info ][gc,cpu        ] GC(27) User=0.14s Sys=0.00s Real=0.05s
[2023-11-16T09:13:22.588+0000][22.640s][info ][safepoint     ] Leaving safepoint region
[2023-11-16T09:13:22.588+0000][22.640s][info ][safepoint     ] Total time for which application threads were stopped: 0.0421410 seconds, Stopping threads took: 0.0000133 seconds
[2023-11-16T09:13:22.588+0000][22.640s][info ][gc,stringdedup] Concurrent String Deduplication (22.640s)
[2023-11-16T09:13:22.592+0000][22.644s][info ][gc,stringdedup] Concurrent String Deduplication 856.5K->220.3K(636.3K) avg 48.6% (22.640s, 22.644s) 4.024ms
[2023-11-16T09:13:23.588+0000][23.640s][debug][safepoint     ] Safepoint synchronization initiated. (37 threads)
[2023-11-16T09:13:23.588+0000][23.640s][info ][safepoint     ] Application time: 1.0001201 seconds
[2023-11-16T09:13:23.588+0000][23.640s][debug][safepoint     ] ... found polling page loop exception at pc = 0x00007f07c48dc927, stub =0x00007f07bc83ab00
[2023-11-16T09:13:23.588+0000][23.640s][debug][safepoint     ] Waiting for 1 thread(s) to block
[2023-11-16T09:13:23.588+0000][23.640s][info ][safepoint     ] Entering safepoint region: Cleanup
[2023-11-16T09:13:23.588+0000][23.640s][info ][safepoint     ] Leaving safepoint region
[2023-11-16T09:13:23.588+0000][23.640s][info ][safepoint     ] Total time for which application threads were stopped: 0.0003041 seconds, Stopping threads took: 0.0000828 seconds
[2023-11-16T09:13:23.754+0000][23.806s][debug][safepoint     ] Safepoint synchronization initiated. (37 threads)
[2023-11-16T09:13:23.754+0000][23.806s][info ][safepoint     ] Application time: 0.1660250 seconds
[2023-11-16T09:13:23.754+0000][23.806s][info ][safepoint     ] Entering safepoint region: Deoptimize
[2023-11-16T09:13:23.755+0000][23.807s][info ][safepoint     ] Leaving safepoint region
[2023-11-16T09:13:23.755+0000][23.807s][info ][safepoint     ] Total time for which application threads were stopped: 0.0010572 seconds, Stopping threads took: 0.0000131 seconds
[2023-11-16T09:13:23.805+0000][23.857s][debug][safepoint     ] Safepoint synchronization initiated. (37 threads)
[2023-11-16T09:13:23.805+0000][23.857s][info ][safepoint     ] Application time: 0.0497081 seconds
[2023-11-16T09:13:23.805+0000][23.857s][info ][safepoint     ] Entering safepoint region: Deoptimize
[2023-11-16T09:13:23.806+0000][23.858s][info ][safepoint     ] Leaving safepoint region
[2023-11-16T09:13:23.806+0000][23.858s][info ][safepoint     ] Total time for which application threads were stopped: 0.0010319 seconds, Stopping threads took: 0.0000135 seconds
[2023-11-16T09:13:24.259+0000][24.311s][debug][safepoint     ] Safepoint synchronization initiated. (40 threads)
[2023-11-16T09:13:24.259+0000][24.311s][info ][safepoint     ] Application time: 0.4528131 seconds
[2023-11-16T09:13:24.259+0000][24.311s][info ][safepoint     ] Entering safepoint region: Deoptimize
[2023-11-16T09:13:24.260+0000][24.312s][info ][safepoint     ] Leaving safepoint region
[2023-11-16T09:13:24.260+0000][24.312s][info ][safepoint     ] Total time for which application threads were stopped: 0.0011662 seconds, Stopping threads took: 0.0000129 seconds
[2023-11-16T09:13:24.584+0000][24.636s][debug][safepoint     ] Safepoint synchronization initiated. (40 threads)
[2023-11-16T09:13:24.584+0000][24.636s][info ][safepoint     ] Application time: 0.3245152 seconds
[2023-11-16T09:13:24.584+0000][24.636s][debug][safepoint     ] Waiting for 2 thread(s) to block
[2023-11-16T09:13:24.585+0000][24.636s][info ][safepoint     ] Entering safepoint region: ICBufferFull
[2023-11-16T09:13:24.585+0000][24.637s][info ][safepoint     ] Leaving safepoint region
[2023-11-16T09:13:24.585+0000][24.637s][info ][safepoint     ] Total time for which application threads were stopped: 0.0002693 seconds, Stopping threads took: 0.0000542 seconds
[2023-11-16T09:13:24.684+0000][24.736s][debug][safepoint     ] Safepoint synchronization initiated. (40 threads)
[2023-11-16T09:13:24.685+0000][24.736s][info ][safepoint     ] Application time: 0.0997632 seconds
[2023-11-16T09:13:24.685+0000][24.736s][info ][safepoint     ] Entering safepoint region: G1CollectForAllocation
[2023-11-16T09:13:24.685+0000][24.737s][info ][gc,start      ] GC(28) Pause Young (Normal) (G1 Evacuation Pause)
[2023-11-16T09:13:24.685+0000][24.737s][info ][gc,task       ] GC(28) Using 4 workers of 4 for evacuation
[2023-11-16T09:13:24.730+0000][24.782s][info ][gc,phases     ] GC(28)   Pre Evacuate Collection Set: 0.0ms
[2023-11-16T09:13:24.731+0000][24.782s][info ][gc,phases     ] GC(28)   Evacuate Collection Set: 41.8ms
[2023-11-16T09:13:24.731+0000][24.782s][info ][gc,phases     ] GC(28)   Post Evacuate Collection Set: 3.8ms
[2023-11-16T09:13:24.731+0000][24.783s][info ][gc,phases     ] GC(28)   Other: 0.2ms
[2023-11-16T09:13:24.731+0000][24.783s][info ][gc,heap       ] GC(28) Eden regions: 430->0(431)
[2023-11-16T09:13:24.731+0000][24.783s][info ][gc,heap       ] GC(28) Survivor regions: 36->35(59)
[2023-11-16T09:13:24.731+0000][24.783s][info ][gc,heap       ] GC(28) Old regions: 41->52
[2023-11-16T09:13:24.731+0000][24.783s][info ][gc,heap       ] GC(28) Humongous regions: 0->0
[2023-11-16T09:13:24.731+0000][24.783s][info ][gc,metaspace  ] GC(28) Metaspace: 107310K(110464K)->107310K(110464K) NonClass: 94477K(96512K)->94477K(96512K) Class: 12832K(13952K)->12832K(13952K)
[2023-11-16T09:13:24.731+0000][24.783s][info ][gc            ] GC(28) Pause Young (Normal) (G1 Evacuation Pause) 505M->85M(777M) 45.910ms
[2023-11-16T09:13:24.731+0000][24.783s][info ][gc,cpu        ] GC(28) User=0.17s Sys=0.02s Real=0.05s
[2023-11-16T09:13:24.731+0000][24.783s][info ][safepoint     ] Leaving safepoint region
[2023-11-16T09:13:24.731+0000][24.783s][info ][safepoint     ] Total time for which application threads were stopped: 0.0461565 seconds, Stopping threads took: 0.0000127 seconds
[2023-11-16T09:13:24.736+0000][24.788s][info ][gc,stringdedup] Concurrent String Deduplication (24.788s)
[2023-11-16T09:13:24.739+0000][24.791s][info ][gc,stringdedup] Concurrent String Deduplication 558.5K->174.8K(383.7K) avg 49.5% (24.788s, 24.791s) 3.109ms
[2023-11-16T09:13:24.899+0000][24.951s][debug][safepoint     ] Safepoint synchronization initiated. (40 threads)
[2023-11-16T09:13:24.899+0000][24.951s][info ][safepoint     ] Application time: 0.1685703 seconds
[2023-11-16T09:13:24.899+0000][24.951s][info ][safepoint     ] Entering safepoint region: Deoptimize
[2023-11-16T09:13:24.900+0000][24.952s][info ][safepoint     ] Leaving safepoint region
[2023-11-16T09:13:24.900+0000][24.952s][info ][safepoint     ] Total time for which application threads were stopped: 0.0010656 seconds, Stopping threads took: 0.0000135 seconds
[2023-11-16T09:13:24.955+0000][25.007s][debug][safepoint     ] Safepoint synchronization initiated. (40 threads)
[2023-11-16T09:13:24.955+0000][25.007s][info ][safepoint     ] Application time: 0.0544070 seconds
[2023-11-16T09:13:24.955+0000][25.007s][info ][safepoint     ] Entering safepoint region: Deoptimize
[2023-11-16T09:13:24.956+0000][25.008s][info ][safepoint     ] Leaving safepoint region
[2023-11-16T09:13:24.956+0000][25.008s][info ][safepoint     ] Total time for which application threads were stopped: 0.0010585 seconds, Stopping threads took: 0.0000133 seconds
[2023-11-16T09:13:24.961+0000][25.013s][debug][safepoint     ] Safepoint synchronization initiated. (40 threads)
[2023-11-16T09:13:24.961+0000][25.013s][info ][safepoint     ] Application time: 0.0051034 seconds
[2023-11-16T09:13:24.961+0000][25.013s][info ][safepoint     ] Entering safepoint region: CollectForMetadataAllocation
[2023-11-16T09:13:24.961+0000][25.013s][info ][gc,start      ] GC(29) Pause Young (Concurrent Start) (Metadata GC Threshold)
[2023-11-16T09:13:24.961+0000][25.013s][info ][gc,task       ] GC(29) Using 4 workers of 4 for evacuation
[2023-11-16T09:13:24.991+0000][25.043s][info ][gc,phases     ] GC(29)   Pre Evacuate Collection Set: 0.2ms
[2023-11-16T09:13:24.991+0000][25.043s][info ][gc,phases     ] GC(29)   Evacuate Collection Set: 26.9ms
[2023-11-16T09:13:24.991+0000][25.043s][info ][gc,phases     ] GC(29)   Post Evacuate Collection Set: 2.9ms
[2023-11-16T09:13:24.991+0000][25.043s][info ][gc,phases     ] GC(29)   Other: 0.3ms
[2023-11-16T09:13:24.991+0000][25.043s][info ][gc,heap       ] GC(29) Eden regions: 39->0(399)
[2023-11-16T09:13:24.992+0000][25.043s][info ][gc,heap       ] GC(29) Survivor regions: 35->28(59)
[2023-11-16T09:13:24.992+0000][25.043s][info ][gc,heap       ] GC(29) Old regions: 52->61
[2023-11-16T09:13:24.992+0000][25.043s][info ][gc,heap       ] GC(29) Humongous regions: 0->0
[2023-11-16T09:13:24.992+0000][25.043s][info ][gc,metaspace  ] GC(29) Metaspace: 109377K(112428K)->109377K(112428K) NonClass: 96310K(98220K)->96310K(98220K) Class: 13067K(14208K)->13067K(14208K)
[2023-11-16T09:13:24.992+0000][25.044s][info ][gc            ] GC(29) Pause Young (Concurrent Start) (Metadata GC Threshold) 124M->87M(777M) 30.500ms
[2023-11-16T09:13:24.992+0000][25.044s][info ][gc,cpu        ] GC(29) User=0.11s Sys=0.00s Real=0.03s
[2023-11-16T09:13:24.992+0000][25.044s][info ][safepoint     ] Leaving safepoint region
[2023-11-16T09:13:24.992+0000][25.044s][info ][safepoint     ] Total time for which application threads were stopped: 0.0307616 seconds, Stopping threads took: 0.0000127 seconds
[2023-11-16T09:13:24.992+0000][25.044s][info ][gc            ] GC(30) Concurrent Cycle
[2023-11-16T09:13:24.992+0000][25.044s][info ][gc,marking    ] GC(30) Concurrent Clear Claimed Marks
[2023-11-16T09:13:24.992+0000][25.044s][info ][gc,stringdedup] Concurrent String Deduplication (25.044s)
[2023-11-16T09:13:24.992+0000][25.044s][info ][gc,marking    ] GC(30) Concurrent Clear Claimed Marks 0.234ms
[2023-11-16T09:13:24.992+0000][25.044s][info ][gc,marking    ] GC(30) Concurrent Scan Root Regions
[2023-11-16T09:13:25.002+0000][25.054s][info ][gc,stringdedup] Concurrent String Deduplication 867.1K->439.9K(427.2K) avg 49.5% (25.044s, 25.054s) 10.204ms
[2023-11-16T09:13:25.017+0000][25.069s][info ][gc,marking    ] GC(30) Concurrent Scan Root Regions 25.460ms
[2023-11-16T09:13:25.017+0000][25.069s][info ][gc,marking    ] GC(30) Concurrent Mark (25.069s)
[2023-11-16T09:13:25.017+0000][25.069s][info ][gc,marking    ] GC(30) Concurrent Mark From Roots
[2023-11-16T09:13:25.018+0000][25.069s][info ][gc,task       ] GC(30) Using 1 workers of 1 for marking
[2023-11-16T09:13:25.024+0000][25.076s][debug][safepoint     ] Safepoint synchronization initiated. (40 threads)
[2023-11-16T09:13:25.024+0000][25.076s][info ][safepoint     ] Application time: 0.0320451 seconds
[2023-11-16T09:13:25.024+0000][25.076s][info ][safepoint     ] Entering safepoint region: CollectForMetadataAllocation
[2023-11-16T09:13:25.024+0000][25.076s][info ][safepoint     ] Leaving safepoint region
[2023-11-16T09:13:25.024+0000][25.076s][info ][safepoint     ] Total time for which application threads were stopped: 0.0001728 seconds, Stopping threads took: 0.0000133 seconds
[2023-11-16T09:13:25.032+0000][25.084s][debug][safepoint     ] Safepoint synchronization initiated. (40 threads)
[2023-11-16T09:13:25.032+0000][25.084s][info ][safepoint     ] Application time: 0.0080678 seconds
[2023-11-16T09:13:25.032+0000][25.084s][info ][safepoint     ] Entering safepoint region: Deoptimize
[2023-11-16T09:13:25.033+0000][25.085s][info ][safepoint     ] Leaving safepoint region
[2023-11-16T09:13:25.033+0000][25.085s][info ][safepoint     ] Total time for which application threads were stopped: 0.0010272 seconds, Stopping threads took: 0.0000146 seconds
[2023-11-16T09:13:25.043+0000][25.095s][debug][safepoint     ] Safepoint synchronization initiated. (40 threads)
[2023-11-16T09:13:25.043+0000][25.095s][info ][safepoint     ] Application time: 0.0098978 seconds
[2023-11-16T09:13:25.043+0000][25.095s][info ][safepoint     ] Entering safepoint region: CollectForMetadataAllocation
[2023-11-16T09:13:25.043+0000][25.095s][info ][safepoint     ] Leaving safepoint region
[2023-11-16T09:13:25.043+0000][25.095s][info ][safepoint     ] Total time for which application threads were stopped: 0.0003773 seconds, Stopping threads took: 0.0000128 seconds
[2023-11-16T09:13:25.066+0000][25.118s][debug][safepoint     ] Safepoint synchronization initiated. (40 threads)
[2023-11-16T09:13:25.066+0000][25.118s][info ][safepoint     ] Application time: 0.0228790 seconds
[2023-11-16T09:13:25.066+0000][25.118s][info ][safepoint     ] Entering safepoint region: CollectForMetadataAllocation
[2023-11-16T09:13:25.066+0000][25.118s][info ][safepoint     ] Leaving safepoint region
[2023-11-16T09:13:25.066+0000][25.118s][info ][safepoint     ] Total time for which application threads were stopped: 0.0001544 seconds, Stopping threads took: 0.0000127 seconds
[2023-11-16T09:13:25.084+0000][25.136s][debug][safepoint     ] Safepoint synchronization initiated. (40 threads)
[2023-11-16T09:13:25.084+0000][25.136s][info ][safepoint     ] Application time: 0.0177938 seconds
[2023-11-16T09:13:25.084+0000][25.136s][info ][safepoint     ] Entering safepoint region: Deoptimize
[2023-11-16T09:13:25.085+0000][25.137s][info ][safepoint     ] Leaving safepoint region
[2023-11-16T09:13:25.085+0000][25.137s][info ][safepoint     ] Total time for which application threads were stopped: 0.0010180 seconds, Stopping threads took: 0.0000135 seconds
[2023-11-16T09:13:25.104+0000][25.156s][debug][safepoint     ] Safepoint synchronization initiated. (40 threads)
[2023-11-16T09:13:25.104+0000][25.156s][info ][safepoint     ] Application time: 0.0185465 seconds
[2023-11-16T09:13:25.104+0000][25.156s][info ][safepoint     ] Entering safepoint region: CollectForMetadataAllocation
[2023-11-16T09:13:25.104+0000][25.156s][info ][safepoint     ] Leaving safepoint region
[2023-11-16T09:13:25.104+0000][25.156s][info ][safepoint     ] Total time for which application threads were stopped: 0.0001470 seconds, Stopping threads took: 0.0000145 seconds
[2023-11-16T09:13:25.134+0000][25.186s][info ][gc,marking    ] GC(30) Concurrent Mark From Roots 116.499ms
[2023-11-16T09:13:25.134+0000][25.186s][info ][gc,marking    ] GC(30) Concurrent Preclean
[2023-11-16T09:13:25.134+0000][25.186s][info ][gc,marking    ] GC(30) Concurrent Preclean 0.158ms
[2023-11-16T09:13:25.134+0000][25.186s][info ][gc,marking    ] GC(30) Concurrent Mark (25.069s, 25.186s) 116.726ms
[2023-11-16T09:13:25.134+0000][25.186s][debug][safepoint     ] Safepoint synchronization initiated. (40 threads)
[2023-11-16T09:13:25.134+0000][25.186s][info ][safepoint     ] Application time: 0.0303241 seconds
[2023-11-16T09:13:25.134+0000][25.186s][info ][safepoint     ] Entering safepoint region: CGC_Operation
[2023-11-16T09:13:25.134+0000][25.186s][info ][gc,start      ] GC(30) Pause Remark
[2023-11-16T09:13:25.152+0000][25.204s][info ][gc,stringtable] GC(30) Cleaned string and symbol table, strings: 52499 processed, 63 removed, symbols: 307702 processed, 374 removed
[2023-11-16T09:13:25.152+0000][25.204s][info ][gc            ] GC(30) Pause Remark 96M->96M(777M) 17.837ms
[2023-11-16T09:13:25.152+0000][25.204s][info ][gc,cpu        ] GC(30) User=0.06s Sys=0.00s Real=0.02s
[2023-11-16T09:13:25.152+0000][25.204s][info ][safepoint     ] Leaving safepoint region
[2023-11-16T09:13:25.152+0000][25.204s][info ][safepoint     ] Total time for which application threads were stopped: 0.0180258 seconds, Stopping threads took: 0.0000166 seconds
[2023-11-16T09:13:25.152+0000][25.204s][info ][gc,marking    ] GC(30) Concurrent Rebuild Remembered Sets
[2023-11-16T09:13:25.227+0000][25.279s][info ][gc,marking    ] GC(30) Concurrent Rebuild Remembered Sets 74.363ms
[2023-11-16T09:13:25.227+0000][25.279s][debug][safepoint     ] Safepoint synchronization initiated. (40 threads)
[2023-11-16T09:13:25.227+0000][25.279s][info ][safepoint     ] Application time: 0.0745270 seconds
[2023-11-16T09:13:25.227+0000][25.279s][info ][safepoint     ] Entering safepoint region: CGC_Operation
[2023-11-16T09:13:25.227+0000][25.279s][info ][gc,start      ] GC(30) Pause Cleanup
[2023-11-16T09:13:25.227+0000][25.279s][info ][gc            ] GC(30) Pause Cleanup 114M->114M(777M) 0.251ms
[2023-11-16T09:13:25.227+0000][25.279s][info ][gc,cpu        ] GC(30) User=0.00s Sys=0.00s Real=0.00s
[2023-11-16T09:13:25.227+0000][25.279s][info ][safepoint     ] Leaving safepoint region
[2023-11-16T09:13:25.227+0000][25.279s][info ][safepoint     ] Total time for which application threads were stopped: 0.0003787 seconds, Stopping threads took: 0.0000170 seconds
[2023-11-16T09:13:25.227+0000][25.279s][info ][gc,marking    ] GC(30) Concurrent Cleanup for Next Mark
[2023-11-16T09:13:25.230+0000][25.281s][info ][gc,marking    ] GC(30) Concurrent Cleanup for Next Mark 2.246ms
[2023-11-16T09:13:25.230+0000][25.282s][info ][gc            ] GC(30) Concurrent Cycle 237.866ms
[2023-11-16T09:13:25.244+0000][25.296s][debug][safepoint     ] Safepoint synchronization initiated. (40 threads)
[2023-11-16T09:13:25.244+0000][25.296s][info ][safepoint     ] Application time: 0.0165124 seconds
[2023-11-16T09:13:25.244+0000][25.296s][info ][safepoint     ] Entering safepoint region: Deoptimize
[2023-11-16T09:13:25.245+0000][25.297s][info ][safepoint     ] Leaving safepoint region
[2023-11-16T09:13:25.245+0000][25.297s][info ][safepoint     ] Total time for which application threads were stopped: 0.0010648 seconds, Stopping threads took: 0.0000129 seconds
[2023-11-16T09:13:25.246+0000][25.298s][debug][safepoint     ] Safepoint synchronization initiated. (40 threads)
[2023-11-16T09:13:25.246+0000][25.298s][info ][safepoint     ] Application time: 0.0009156 seconds
[2023-11-16T09:13:25.246+0000][25.298s][info ][safepoint     ] Entering safepoint region: Deoptimize
[2023-11-16T09:13:25.247+0000][25.299s][info ][safepoint     ] Leaving safepoint region
[2023-11-16T09:13:25.247+0000][25.299s][info ][safepoint     ] Total time for which application threads were stopped: 0.0010407 seconds, Stopping threads took: 0.0000282 seconds
[2023-11-16T09:13:25.845+0000][25.897s][debug][safepoint     ] Safepoint synchronization initiated. (40 threads)
[2023-11-16T09:13:25.845+0000][25.897s][info ][safepoint     ] Application time: 0.5982854 seconds
[2023-11-16T09:13:25.845+0000][25.897s][info ][safepoint     ] Entering safepoint region: ICBufferFull
[2023-11-16T09:13:25.845+0000][25.897s][info ][safepoint     ] Leaving safepoint region
[2023-11-16T09:13:25.845+0000][25.897s][info ][safepoint     ] Total time for which application threads were stopped: 0.0002512 seconds, Stopping threads took: 0.0000146 seconds
[2023-11-16T09:13:26.845+0000][26.897s][debug][safepoint     ] Safepoint synchronization initiated. (41 threads)
[2023-11-16T09:13:26.846+0000][26.897s][info ][safepoint     ] Application time: 1.0001367 seconds
[2023-11-16T09:13:26.846+0000][26.898s][debug][safepoint     ] ... found polling page loop exception at pc = 0x00007f07bd524bed, stub =0x00007f07bc83ab00
[2023-11-16T09:13:26.846+0000][26.898s][debug][safepoint     ] Waiting for 1 thread(s) to block
[2023-11-16T09:13:26.846+0000][26.898s][info ][safepoint     ] Entering safepoint region: Cleanup
[2023-11-16T09:13:26.846+0000][26.898s][info ][safepoint     ] Leaving safepoint region
[2023-11-16T09:13:26.846+0000][26.898s][info ][safepoint     ] Total time for which application threads were stopped: 0.0002911 seconds, Stopping threads took: 0.0000984 seconds
[2023-11-16T09:13:27.184+0000][27.236s][debug][safepoint     ] Safepoint synchronization initiated. (41 threads)
[2023-11-16T09:13:27.184+0000][27.236s][info ][safepoint     ] Application time: 0.3386148 seconds
[2023-11-16T09:13:27.184+0000][27.236s][info ][safepoint     ] Entering safepoint region: Deoptimize
[2023-11-16T09:13:27.186+0000][27.237s][info ][safepoint     ] Leaving safepoint region
[2023-11-16T09:13:27.186+0000][27.237s][info ][safepoint     ] Total time for which application threads were stopped: 0.0010524 seconds, Stopping threads took: 0.0000135 seconds
[2023-11-16T09:13:27.210+0000][27.262s][debug][safepoint     ] Safepoint synchronization initiated. (41 threads)
[2023-11-16T09:13:27.210+0000][27.262s][info ][safepoint     ] Application time: 0.0241227 seconds
[2023-11-16T09:13:27.210+0000][27.262s][info ][safepoint     ] Entering safepoint region: G1CollectForAllocation
[2023-11-16T09:13:27.210+0000][27.262s][info ][gc,start      ] GC(31) Pause Young (Concurrent Start) (G1 Evacuation Pause)
[2023-11-16T09:13:27.210+0000][27.262s][info ][gc,task       ] GC(31) Using 4 workers of 4 for evacuation
[2023-11-16T09:13:27.252+0000][27.304s][info ][gc,phases     ] GC(31)   Pre Evacuate Collection Set: 0.2ms
[2023-11-16T09:13:27.252+0000][27.304s][info ][gc,phases     ] GC(31)   Evacuate Collection Set: 37.5ms
[2023-11-16T09:13:27.252+0000][27.304s][info ][gc,phases     ] GC(31)   Post Evacuate Collection Set: 3.9ms
[2023-11-16T09:13:27.252+0000][27.304s][info ][gc,phases     ] GC(31)   Other: 0.3ms
[2023-11-16T09:13:27.252+0000][27.304s][info ][gc,heap       ] GC(31) Eden regions: 399->0(420)
[2023-11-16T09:13:27.252+0000][27.304s][info ][gc,heap       ] GC(31) Survivor regions: 28->38(54)
[2023-11-16T09:13:27.252+0000][27.304s][info ][gc,heap       ] GC(31) Old regions: 61->61
[2023-11-16T09:13:27.252+0000][27.304s][info ][gc,heap       ] GC(31) Humongous regions: 0->0
[2023-11-16T09:13:27.252+0000][27.304s][info ][gc,metaspace  ] GC(31) Metaspace: 120956K(124508K)->120956K(124508K) NonClass: 106741K(108972K)->106741K(108972K) Class: 14214K(15536K)->14214K(15536K)
[2023-11-16T09:13:27.252+0000][27.304s][info ][gc            ] GC(31) Pause Young (Concurrent Start) (G1 Evacuation Pause) 486M->96M(777M) 42.082ms
[2023-11-16T09:13:27.252+0000][27.304s][info ][gc,cpu        ] GC(31) User=0.17s Sys=0.00s Real=0.04s
[2023-11-16T09:13:27.252+0000][27.304s][info ][safepoint     ] Leaving safepoint region
[2023-11-16T09:13:27.252+0000][27.304s][info ][safepoint     ] Total time for which application threads were stopped: 0.0422630 seconds, Stopping threads took: 0.0000140 seconds
[2023-11-16T09:13:27.252+0000][27.304s][info ][gc            ] GC(32) Concurrent Cycle
[2023-11-16T09:13:27.252+0000][27.304s][info ][gc,stringdedup] Concurrent String Deduplication (27.304s)
[2023-11-16T09:13:27.252+0000][27.304s][info ][gc,marking    ] GC(32) Concurrent Clear Claimed Marks
[2023-11-16T09:13:27.258+0000][27.310s][info ][gc,marking    ] GC(32) Concurrent Clear Claimed Marks 6.158ms
[2023-11-16T09:13:27.258+0000][27.310s][info ][gc,marking    ] GC(32) Concurrent Scan Root Regions
[2023-11-16T09:13:27.265+0000][27.317s][info ][gc,stringdedup] Concurrent String Deduplication 1167.9K->555.9K(612.0K) avg 49.7% (27.304s, 27.317s) 12.837ms
[2023-11-16T09:13:27.288+0000][27.340s][info ][gc,marking    ] GC(32) Concurrent Scan Root Regions 29.725ms
[2023-11-16T09:13:27.288+0000][27.340s][info ][gc,marking    ] GC(32) Concurrent Mark (27.340s)
[2023-11-16T09:13:27.288+0000][27.340s][info ][gc,marking    ] GC(32) Concurrent Mark From Roots
[2023-11-16T09:13:27.288+0000][27.340s][info ][gc,task       ] GC(32) Using 1 workers of 1 for marking
[2023-11-16T09:13:27.398+0000][27.450s][info ][gc,marking    ] GC(32) Concurrent Mark From Roots 110.342ms
[2023-11-16T09:13:27.398+0000][27.450s][info ][gc,marking    ] GC(32) Concurrent Preclean
[2023-11-16T09:13:27.398+0000][27.450s][info ][gc,marking    ] GC(32) Concurrent Preclean 0.139ms
[2023-11-16T09:13:27.398+0000][27.450s][info ][gc,marking    ] GC(32) Concurrent Mark (27.340s, 27.450s) 110.560ms
[2023-11-16T09:13:27.399+0000][27.450s][debug][safepoint     ] Safepoint synchronization initiated. (41 threads)
[2023-11-16T09:13:27.399+0000][27.450s][info ][safepoint     ] Application time: 0.1465947 seconds
[2023-11-16T09:13:27.399+0000][27.450s][debug][safepoint     ] Waiting for 1 thread(s) to block
[2023-11-16T09:13:27.399+0000][27.451s][info ][safepoint     ] Entering safepoint region: CGC_Operation
[2023-11-16T09:13:27.399+0000][27.451s][info ][gc,start      ] GC(32) Pause Remark
[2023-11-16T09:13:27.418+0000][27.470s][info ][gc,stringtable] GC(32) Cleaned string and symbol table, strings: 58840 processed, 14 removed, symbols: 329667 processed, 41 removed
[2023-11-16T09:13:27.419+0000][27.471s][info ][gc            ] GC(32) Pause Remark 143M->143M(777M) 19.902ms
[2023-11-16T09:13:27.419+0000][27.471s][info ][gc,cpu        ] GC(32) User=0.08s Sys=0.00s Real=0.02s
[2023-11-16T09:13:27.419+0000][27.471s][info ][safepoint     ] Leaving safepoint region
[2023-11-16T09:13:27.419+0000][27.471s][info ][safepoint     ] Total time for which application threads were stopped: 0.0200893 seconds, Stopping threads took: 0.0000516 seconds
[2023-11-16T09:13:27.419+0000][27.471s][info ][gc,marking    ] GC(32) Concurrent Rebuild Remembered Sets
[2023-11-16T09:13:27.503+0000][27.555s][info ][gc,marking    ] GC(32) Concurrent Rebuild Remembered Sets 84.767ms
[2023-11-16T09:13:27.504+0000][27.556s][debug][safepoint     ] Safepoint synchronization initiated. (41 threads)
[2023-11-16T09:13:27.504+0000][27.556s][info ][safepoint     ] Application time: 0.0849268 seconds
[2023-11-16T09:13:27.504+0000][27.556s][info ][safepoint     ] Entering safepoint region: Deoptimize
[2023-11-16T09:13:27.505+0000][27.557s][info ][gc,start      ] GC(32) Pause Cleanup
[2023-11-16T09:13:27.508+0000][27.559s][info ][gc            ] GC(32) Pause Cleanup 170M->170M(777M) 2.932ms
[2023-11-16T09:13:27.508+0000][27.560s][info ][gc,cpu        ] GC(32) User=0.00s Sys=0.00s Real=0.01s
[2023-11-16T09:13:27.508+0000][27.560s][info ][safepoint     ] Leaving safepoint region
[2023-11-16T09:13:27.508+0000][27.560s][info ][safepoint     ] Total time for which application threads were stopped: 0.0040071 seconds, Stopping threads took: 0.0000138 seconds
[2023-11-16T09:13:27.508+0000][27.560s][info ][gc,marking    ] GC(32) Concurrent Cleanup for Next Mark
[2023-11-16T09:13:27.509+0000][27.561s][info ][gc,marking    ] GC(32) Concurrent Cleanup for Next Mark 1.528ms
[2023-11-16T09:13:27.509+0000][27.561s][info ][gc            ] GC(32) Concurrent Cycle 257.251ms
[2023-11-16T09:13:28.508+0000][28.560s][debug][safepoint     ] Safepoint synchronization initiated. (50 threads)
[2023-11-16T09:13:28.508+0000][28.560s][info ][safepoint     ] Application time: 1.0001212 seconds
[2023-11-16T09:13:28.511+0000][28.563s][debug][safepoint     ] Waiting for 2 thread(s) to block
[2023-11-16T09:13:28.511+0000][28.563s][info ][safepoint     ] Entering safepoint region: Cleanup
[2023-11-16T09:13:28.512+0000][28.564s][info ][safepoint     ] Leaving safepoint region
[2023-11-16T09:13:28.512+0000][28.564s][info ][safepoint     ] Total time for which application threads were stopped: 0.0039343 seconds, Stopping threads took: 0.0037944 seconds
[2023-11-16T09:13:29.047+0000][29.099s][debug][safepoint     ] Safepoint synchronization initiated. (52 threads)
[2023-11-16T09:13:29.047+0000][29.099s][info ][safepoint     ] Application time: 0.5356030 seconds
[2023-11-16T09:13:29.047+0000][29.099s][info ][safepoint     ] Entering safepoint region: Deoptimize
[2023-11-16T09:13:29.048+0000][29.100s][info ][safepoint     ] Leaving safepoint region
[2023-11-16T09:13:29.048+0000][29.100s][info ][safepoint     ] Total time for which application threads were stopped: 0.0011169 seconds, Stopping threads took: 0.0000176 seconds
[2023-11-16T09:13:29.322+0000][29.374s][debug][safepoint     ] Safepoint synchronization initiated. (64 threads)
[2023-11-16T09:13:29.322+0000][29.374s][info ][safepoint     ] Application time: 0.2732106 seconds
[2023-11-16T09:13:29.322+0000][29.374s][info ][safepoint     ] Entering safepoint region: G1CollectForAllocation
[2023-11-16T09:13:29.322+0000][29.374s][info ][gc,start      ] GC(33) Pause Young (Normal) (G1 Evacuation Pause)
[2023-11-16T09:13:29.322+0000][29.374s][info ][gc,task       ] GC(33) Using 4 workers of 4 for evacuation
[2023-11-16T09:13:29.361+0000][29.413s][info ][gc,phases     ] GC(33)   Pre Evacuate Collection Set: 0.0ms
[2023-11-16T09:13:29.361+0000][29.413s][info ][gc,phases     ] GC(33)   Evacuate Collection Set: 34.3ms
[2023-11-16T09:13:29.361+0000][29.413s][info ][gc,phases     ] GC(33)   Post Evacuate Collection Set: 5.0ms
[2023-11-16T09:13:29.361+0000][29.413s][info ][gc,phases     ] GC(33)   Other: 0.2ms
[2023-11-16T09:13:29.361+0000][29.413s][info ][gc,heap       ] GC(33) Eden regions: 420->0(435)
[2023-11-16T09:13:29.361+0000][29.413s][info ][gc,heap       ] GC(33) Survivor regions: 38->31(58)
[2023-11-16T09:13:29.361+0000][29.413s][info ][gc,heap       ] GC(33) Old regions: 61->76
[2023-11-16T09:13:29.361+0000][29.413s][info ][gc,heap       ] GC(33) Humongous regions: 0->0
[2023-11-16T09:13:29.361+0000][29.413s][info ][gc,metaspace  ] GC(33) Metaspace: 133876K(137692K)->133876K(137692K) NonClass: 118363K(120748K)->118363K(120748K) Class: 15512K(16944K)->15512K(16944K)
[2023-11-16T09:13:29.361+0000][29.413s][info ][gc            ] GC(33) Pause Young (Normal) (G1 Evacuation Pause) 516M->105M(777M) 39.694ms
[2023-11-16T09:13:29.362+0000][29.413s][info ][gc,cpu        ] GC(33) User=0.14s Sys=0.00s Real=0.04s
[2023-11-16T09:13:29.362+0000][29.413s][info ][safepoint     ] Leaving safepoint region
[2023-11-16T09:13:29.362+0000][29.413s][info ][safepoint     ] Total time for which application threads were stopped: 0.0399338 seconds, Stopping threads took: 0.0000187 seconds
[2023-11-16T09:13:29.362+0000][29.414s][info ][gc,stringdedup] Concurrent String Deduplication (29.414s)
[2023-11-16T09:13:29.362+0000][29.414s][info ][gc,stringdedup] Concurrent String Deduplication 122.7K->51472.0B(74136.0B) avg 49.8% (29.414s, 29.414s) 0.708ms
[2023-11-16T09:13:29.708+0000][29.760s][debug][safepoint     ] Safepoint synchronization initiated. (64 threads)
[2023-11-16T09:13:29.708+0000][29.760s][info ][safepoint     ] Application time: 0.3464139 seconds
[2023-11-16T09:13:29.708+0000][29.760s][info ][safepoint     ] Entering safepoint region: Deoptimize
[2023-11-16T09:13:29.709+0000][29.761s][info ][safepoint     ] Leaving safepoint region
[2023-11-16T09:13:29.709+0000][29.761s][info ][safepoint     ] Total time for which application threads were stopped: 0.0011897 seconds, Stopping threads took: 0.0000177 seconds
[2023-11-16T09:13:29.709+0000][29.761s][debug][safepoint     ] Safepoint synchronization initiated. (64 threads)
[2023-11-16T09:13:29.709+0000][29.761s][info ][safepoint     ] Application time: 0.0001757 seconds
[2023-11-16T09:13:29.709+0000][29.761s][info ][safepoint     ] Entering safepoint region: Deoptimize
[2023-11-16T09:13:29.710+0000][29.762s][info ][safepoint     ] Leaving safepoint region
[2023-11-16T09:13:29.710+0000][29.762s][info ][safepoint     ] Total time for which application threads were stopped: 0.0010063 seconds, Stopping threads took: 0.0000156 seconds
[2023-11-16T09:13:29.711+0000][29.763s][debug][safepoint     ] Safepoint synchronization initiated. (64 threads)
[2023-11-16T09:13:29.711+0000][29.763s][info ][safepoint     ] Application time: 0.0010229 seconds
[2023-11-16T09:13:29.711+0000][29.763s][info ][safepoint     ] Entering safepoint region: Deoptimize
[2023-11-16T09:13:29.712+0000][29.764s][info ][safepoint     ] Leaving safepoint region
[2023-11-16T09:13:29.712+0000][29.764s][info ][safepoint     ] Total time for which application threads were stopped: 0.0009665 seconds, Stopping threads took: 0.0000153 seconds
[2023-11-16T09:13:29.732+0000][29.784s][debug][safepoint     ] Safepoint synchronization initiated. (64 threads)
[2023-11-16T09:13:29.732+0000][29.784s][info ][safepoint     ] Application time: 0.0192198 seconds
[2023-11-16T09:13:29.732+0000][29.784s][info ][safepoint     ] Entering safepoint region: Deoptimize
[2023-11-16T09:13:29.733+0000][29.785s][info ][safepoint     ] Leaving safepoint region
[2023-11-16T09:13:29.733+0000][29.785s][info ][safepoint     ] Total time for which application threads were stopped: 0.0010486 seconds, Stopping threads took: 0.0000157 seconds
[2023-11-16T09:13:29.914+0000][29.966s][debug][safepoint     ] Safepoint synchronization initiated. (64 threads)
[2023-11-16T09:13:29.914+0000][29.966s][info ][safepoint     ] Application time: 0.1814694 seconds
[2023-11-16T09:13:29.914+0000][29.966s][info ][safepoint     ] Entering safepoint region: Deoptimize
[2023-11-16T09:13:29.915+0000][29.967s][info ][safepoint     ] Leaving safepoint region
[2023-11-16T09:13:29.915+0000][29.967s][info ][safepoint     ] Total time for which application threads were stopped: 0.0011584 seconds, Stopping threads took: 0.0000182 seconds
[2023-11-16T09:13:30.568+0000][30.620s][debug][safepoint     ] Safepoint synchronization initiated. (64 threads)
[2023-11-16T09:13:30.568+0000][30.620s][info ][safepoint     ] Application time: 0.6522620 seconds
[2023-11-16T09:13:30.568+0000][30.620s][info ][safepoint     ] Entering safepoint region: Deoptimize
[2023-11-16T09:13:30.569+0000][30.621s][info ][safepoint     ] Leaving safepoint region
[2023-11-16T09:13:30.569+0000][30.621s][info ][safepoint     ] Total time for which application threads were stopped: 0.0011661 seconds, Stopping threads took: 0.0000181 seconds
[2023-11-16T09:13:30.587+0000][30.639s][debug][safepoint     ] Safepoint synchronization initiated. (64 threads)
[2023-11-16T09:13:30.588+0000][30.639s][info ][safepoint     ] Application time: 0.0187412 seconds
[2023-11-16T09:13:30.588+0000][30.639s][info ][safepoint     ] Entering safepoint region: Deoptimize
[2023-11-16T09:13:30.589+0000][30.641s][info ][safepoint     ] Leaving safepoint region
[2023-11-16T09:13:30.589+0000][30.641s][info ][safepoint     ] Total time for which application threads were stopped: 0.0011246 seconds, Stopping threads took: 0.0000178 seconds
[2023-11-16T09:13:30.874+0000][30.926s][debug][safepoint     ] Safepoint synchronization initiated. (64 threads)
[2023-11-16T09:13:30.874+0000][30.926s][info ][safepoint     ] Application time: 0.2856696 seconds
[2023-11-16T09:13:30.874+0000][30.926s][info ][safepoint     ] Entering safepoint region: Deoptimize
[2023-11-16T09:13:30.876+0000][30.927s][info ][safepoint     ] Leaving safepoint region
[2023-11-16T09:13:30.876+0000][30.928s][info ][safepoint     ] Total time for which application threads were stopped: 0.0012142 seconds, Stopping threads took: 0.0000177 seconds
[2023-11-16T09:13:30.923+0000][30.975s][debug][safepoint     ] Safepoint synchronization initiated. (64 threads)
[2023-11-16T09:13:30.923+0000][30.975s][info ][safepoint     ] Application time: 0.0471344 seconds
[2023-11-16T09:13:30.923+0000][30.975s][info ][safepoint     ] Entering safepoint region: Deoptimize
[2023-11-16T09:13:30.924+0000][30.976s][info ][safepoint     ] Leaving safepoint region
[2023-11-16T09:13:30.924+0000][30.976s][info ][safepoint     ] Total time for which application threads were stopped: 0.0011331 seconds, Stopping threads took: 0.0000196 seconds
[2023-11-16T09:13:30.941+0000][30.993s][debug][safepoint     ] Safepoint synchronization initiated. (64 threads)
[2023-11-16T09:13:30.941+0000][30.993s][info ][safepoint     ] Application time: 0.0170827 seconds
[2023-11-16T09:13:30.941+0000][30.993s][info ][safepoint     ] Entering safepoint region: G1CollectForAllocation
[2023-11-16T09:13:30.941+0000][30.993s][info ][gc,start      ] GC(34) Pause Young (Normal) (G1 Evacuation Pause)
[2023-11-16T09:13:30.941+0000][30.993s][info ][gc,task       ] GC(34) Using 4 workers of 4 for evacuation
[2023-11-16T09:13:30.988+0000][31.040s][info ][gc,phases     ] GC(34)   Pre Evacuate Collection Set: 0.0ms
[2023-11-16T09:13:30.988+0000][31.040s][info ][gc,phases     ] GC(34)   Evacuate Collection Set: 42.8ms
[2023-11-16T09:13:30.988+0000][31.040s][info ][gc,phases     ] GC(34)   Post Evacuate Collection Set: 4.2ms
[2023-11-16T09:13:30.988+0000][31.040s][info ][gc,phases     ] GC(34)   Other: 0.2ms
[2023-11-16T09:13:30.988+0000][31.040s][info ][gc,heap       ] GC(34) Eden regions: 435->0(437)
[2023-11-16T09:13:30.988+0000][31.040s][info ][gc,heap       ] GC(34) Survivor regions: 31->29(59)
[2023-11-16T09:13:30.988+0000][31.040s][info ][gc,heap       ] GC(34) Old regions: 76->86
[2023-11-16T09:13:30.988+0000][31.040s][info ][gc,heap       ] GC(34) Humongous regions: 0->0
[2023-11-16T09:13:30.988+0000][31.040s][info ][gc,metaspace  ] GC(34) Metaspace: 138406K(142172K)->138406K(142172K) NonClass: 122271K(124588K)->122271K(124588K) Class: 16134K(17584K)->16134K(17584K)
[2023-11-16T09:13:30.989+0000][31.040s][info ][gc            ] GC(34) Pause Young (Normal) (G1 Evacuation Pause) 540M->112M(777M) 47.358ms
[2023-11-16T09:13:30.989+0000][31.040s][info ][gc,cpu        ] GC(34) User=0.13s Sys=0.00s Real=0.05s
[2023-11-16T09:13:30.989+0000][31.041s][info ][safepoint     ] Leaving safepoint region
[2023-11-16T09:13:30.989+0000][31.041s][info ][safepoint     ] Total time for which application threads were stopped: 0.0476142 seconds, Stopping threads took: 0.0000183 seconds
[2023-11-16T09:13:30.994+0000][31.046s][info ][gc,stringdedup] Concurrent String Deduplication (31.046s)
[2023-11-16T09:13:30.998+0000][31.050s][info ][gc,stringdedup] Concurrent String Deduplication 701.4K->185.2K(516.2K) avg 50.9% (31.046s, 31.050s) 4.568ms
[2023-11-16T09:13:31.712+0000][31.764s][debug][safepoint     ] Safepoint synchronization initiated. (69 threads)
[2023-11-16T09:13:31.712+0000][31.764s][info ][safepoint     ] Application time: 0.7231812 seconds
[2023-11-16T09:13:31.712+0000][31.764s][info ][safepoint     ] Entering safepoint region: Deoptimize
[2023-11-16T09:13:31.713+0000][31.765s][info ][safepoint     ] Leaving safepoint region
[2023-11-16T09:13:31.713+0000][31.765s][info ][safepoint     ] Total time for which application threads were stopped: 0.0012287 seconds, Stopping threads took: 0.0000193 seconds
[2023-11-16T09:13:32.381+0000][32.433s][debug][safepoint     ] Safepoint synchronization initiated. (82 threads)
[2023-11-16T09:13:32.381+0000][32.433s][info ][safepoint     ] Application time: 0.6684640 seconds
[2023-11-16T09:13:32.381+0000][32.433s][info ][safepoint     ] Entering safepoint region: ICBufferFull
[2023-11-16T09:13:32.382+0000][32.434s][info ][safepoint     ] Leaving safepoint region
[2023-11-16T09:13:32.382+0000][32.434s][info ][safepoint     ] Total time for which application threads were stopped: 0.0002957 seconds, Stopping threads took: 0.0000225 seconds
[2023-11-16T09:13:32.797+0000][32.849s][debug][safepoint     ] Safepoint synchronization initiated. (82 threads)
[2023-11-16T09:13:32.797+0000][32.849s][info ][safepoint     ] Application time: 0.4149111 seconds
[2023-11-16T09:13:32.797+0000][32.849s][debug][safepoint     ] Waiting for 1 thread(s) to block
[2023-11-16T09:13:32.797+0000][32.849s][info ][safepoint     ] Entering safepoint region: ICBufferFull
[2023-11-16T09:13:32.797+0000][32.849s][info ][safepoint     ] Leaving safepoint region
[2023-11-16T09:13:32.797+0000][32.849s][info ][safepoint     ] Total time for which application threads were stopped: 0.0003107 seconds, Stopping threads took: 0.0000702 seconds
[2023-11-16T09:13:33.034+0000][33.086s][debug][safepoint     ] Safepoint synchronization initiated. (82 threads)
[2023-11-16T09:13:33.034+0000][33.086s][info ][safepoint     ] Application time: 0.2369126 seconds
[2023-11-16T09:13:33.034+0000][33.086s][info ][safepoint     ] Entering safepoint region: G1CollectForAllocation
[2023-11-16T09:13:33.034+0000][33.086s][info ][gc,start      ] GC(35) Pause Young (Normal) (G1 Evacuation Pause)
[2023-11-16T09:13:33.034+0000][33.086s][info ][gc,task       ] GC(35) Using 4 workers of 4 for evacuation
[2023-11-16T09:13:33.070+0000][33.122s][info ][gc,phases     ] GC(35)   Pre Evacuate Collection Set: 0.0ms
[2023-11-16T09:13:33.071+0000][33.122s][info ][gc,phases     ] GC(35)   Evacuate Collection Set: 32.9ms
[2023-11-16T09:13:33.071+0000][33.122s][info ][gc,phases     ] GC(35)   Post Evacuate Collection Set: 3.2ms
[2023-11-16T09:13:33.071+0000][33.122s][info ][gc,phases     ] GC(35)   Other: 0.2ms
[2023-11-16T09:13:33.071+0000][33.122s][info ][gc,heap       ] GC(35) Eden regions: 437->0(427)
[2023-11-16T09:13:33.071+0000][33.123s][info ][gc,heap       ] GC(35) Survivor regions: 29->39(59)
[2023-11-16T09:13:33.071+0000][33.123s][info ][gc,heap       ] GC(35) Old regions: 86->86
[2023-11-16T09:13:33.071+0000][33.123s][info ][gc,heap       ] GC(35) Humongous regions: 0->0
[2023-11-16T09:13:33.071+0000][33.123s][info ][gc,metaspace  ] GC(35) Metaspace: 143050K(147420K)->143050K(147420K) NonClass: 126280K(128940K)->126280K(128940K) Class: 16770K(18480K)->16770K(18480K)
[2023-11-16T09:13:33.071+0000][33.123s][info ][gc            ] GC(35) Pause Young (Normal) (G1 Evacuation Pause) 549M->123M(777M) 36.462ms
[2023-11-16T09:13:33.071+0000][33.123s][info ][gc,cpu        ] GC(35) User=0.13s Sys=0.00s Real=0.04s
[2023-11-16T09:13:33.071+0000][33.123s][info ][safepoint     ] Leaving safepoint region
[2023-11-16T09:13:33.071+0000][33.123s][info ][safepoint     ] Total time for which application threads were stopped: 0.0366895 seconds, Stopping threads took: 0.0000225 seconds
[2023-11-16T09:13:33.071+0000][33.123s][info ][gc,stringdedup] Concurrent String Deduplication (33.123s)
[2023-11-16T09:13:33.077+0000][33.129s][info ][gc,stringdedup] Concurrent String Deduplication 733.1K->209.5K(523.6K) avg 51.8% (33.123s, 33.129s) 5.788ms
[2023-11-16T09:13:33.673+0000][33.725s][debug][safepoint     ] Safepoint synchronization initiated. (82 threads)
[2023-11-16T09:13:33.673+0000][33.725s][info ][safepoint     ] Application time: 0.6026966 seconds
[2023-11-16T09:13:33.673+0000][33.725s][info ][safepoint     ] Entering safepoint region: ICBufferFull
[2023-11-16T09:13:33.674+0000][33.726s][info ][safepoint     ] Leaving safepoint region
[2023-11-16T09:13:33.674+0000][33.726s][info ][safepoint     ] Total time for which application threads were stopped: 0.0002524 seconds, Stopping threads took: 0.0000210 seconds
[2023-11-16T09:13:33.937+0000][33.989s][debug][safepoint     ] Safepoint synchronization initiated. (82 threads)
[2023-11-16T09:13:33.937+0000][33.989s][info ][safepoint     ] Application time: 0.2632414 seconds
[2023-11-16T09:13:33.937+0000][33.989s][info ][safepoint     ] Entering safepoint region: ICBufferFull
[2023-11-16T09:13:33.937+0000][33.989s][info ][safepoint     ] Leaving safepoint region
[2023-11-16T09:13:33.937+0000][33.989s][info ][safepoint     ] Total time for which application threads were stopped: 0.0002686 seconds, Stopping threads took: 0.0000224 seconds
[2023-11-16T09:13:34.428+0000][34.480s][debug][safepoint     ] Safepoint synchronization initiated. (82 threads)
[2023-11-16T09:13:34.428+0000][34.480s][info ][safepoint     ] Application time: 0.4907796 seconds
[2023-11-16T09:13:34.428+0000][34.480s][info ][safepoint     ] Entering safepoint region: ICBufferFull
[2023-11-16T09:13:34.428+0000][34.480s][info ][safepoint     ] Leaving safepoint region
[2023-11-16T09:13:34.428+0000][34.480s][info ][safepoint     ] Total time for which application threads were stopped: 0.0002833 seconds, Stopping threads took: 0.0000226 seconds
[2023-11-16T09:13:34.556+0000][34.607s][debug][safepoint     ] Safepoint synchronization initiated. (82 threads)
[2023-11-16T09:13:34.556+0000][34.608s][info ][safepoint     ] Application time: 0.1273022 seconds
[2023-11-16T09:13:34.556+0000][34.608s][info ][safepoint     ] Entering safepoint region: G1CollectForAllocation
[2023-11-16T09:13:34.556+0000][34.608s][info ][gc,start      ] GC(36) Pause Young (Normal) (G1 Evacuation Pause)
[2023-11-16T09:13:34.556+0000][34.608s][info ][gc,task       ] GC(36) Using 4 workers of 4 for evacuation
[2023-11-16T09:13:34.600+0000][34.652s][info ][gc,phases     ] GC(36)   Pre Evacuate Collection Set: 0.0ms
[2023-11-16T09:13:34.600+0000][34.652s][info ][gc,phases     ] GC(36)   Evacuate Collection Set: 40.9ms
[2023-11-16T09:13:34.600+0000][34.652s][info ][gc,phases     ] GC(36)   Post Evacuate Collection Set: 3.2ms
[2023-11-16T09:13:34.600+0000][34.652s][info ][gc,phases     ] GC(36)   Other: 0.3ms
[2023-11-16T09:13:34.600+0000][34.652s][info ][gc,heap       ] GC(36) Eden regions: 427->0(431)
[2023-11-16T09:13:34.600+0000][34.652s][info ][gc,heap       ] GC(36) Survivor regions: 39->35(59)
[2023-11-16T09:13:34.600+0000][34.652s][info ][gc,heap       ] GC(36) Old regions: 86->97
[2023-11-16T09:13:34.600+0000][34.652s][info ][gc,heap       ] GC(36) Humongous regions: 0->0
[2023-11-16T09:13:34.600+0000][34.652s][info ][gc,metaspace  ] GC(36) Metaspace: 143912K(148316K)->143912K(148316K) NonClass: 127072K(129708K)->127072K(129708K) Class: 16839K(18608K)->16839K(18608K)
[2023-11-16T09:13:34.600+0000][34.652s][info ][gc            ] GC(36) Pause Young (Normal) (G1 Evacuation Pause) 550M->130M(777M) 44.526ms
[2023-11-16T09:13:34.600+0000][34.652s][info ][gc,cpu        ] GC(36) User=0.15s Sys=0.00s Real=0.05s
[2023-11-16T09:13:34.600+0000][34.652s][info ][safepoint     ] Leaving safepoint region
[2023-11-16T09:13:34.600+0000][34.652s][info ][safepoint     ] Total time for which application threads were stopped: 0.0447820 seconds, Stopping threads took: 0.0000226 seconds
[2023-11-16T09:13:34.607+0000][34.659s][info ][gc,stringdedup] Concurrent String Deduplication (34.659s)
[2023-11-16T09:13:34.611+0000][34.663s][info ][gc,stringdedup] Concurrent String Deduplication 586.1K->293.0K(293.1K) avg 51.8% (34.659s, 34.663s) 3.237ms
[2023-11-16T09:13:35.600+0000][35.652s][debug][safepoint     ] Safepoint synchronization initiated. (82 threads)
[2023-11-16T09:13:35.601+0000][35.652s][info ][safepoint     ] Application time: 1.0001336 seconds
[2023-11-16T09:13:35.601+0000][35.652s][debug][safepoint     ] ... found polling page return exception at pc = 0x00007f07c4c9e702, stub =0x00007f07bc83a800
[2023-11-16T09:13:35.601+0000][35.653s][debug][safepoint     ] Waiting for 1 thread(s) to block
[2023-11-16T09:13:35.601+0000][35.653s][info ][safepoint     ] Entering safepoint region: Cleanup
[2023-11-16T09:13:35.601+0000][35.653s][info ][safepoint     ] Leaving safepoint region
[2023-11-16T09:13:35.601+0000][35.653s][info ][safepoint     ] Total time for which application threads were stopped: 0.0003445 seconds, Stopping threads took: 0.0000935 seconds
[2023-11-16T09:13:35.717+0000][35.769s][debug][safepoint     ] Safepoint synchronization initiated. (82 threads)
[2023-11-16T09:13:35.717+0000][35.769s][info ][safepoint     ] Application time: 0.1158577 seconds
[2023-11-16T09:13:35.717+0000][35.769s][info ][safepoint     ] Entering safepoint region: G1CollectForAllocation
[2023-11-16T09:13:35.717+0000][35.769s][info ][gc,start      ] GC(37) Pause Young (Normal) (G1 Evacuation Pause)
[2023-11-16T09:13:35.717+0000][35.769s][info ][gc,task       ] GC(37) Using 4 workers of 4 for evacuation
[2023-11-16T09:13:35.762+0000][35.814s][info ][gc,phases     ] GC(37)   Pre Evacuate Collection Set: 0.0ms
[2023-11-16T09:13:35.762+0000][35.814s][info ][gc,phases     ] GC(37)   Evacuate Collection Set: 40.5ms
[2023-11-16T09:13:35.762+0000][35.814s][info ][gc,phases     ] GC(37)   Post Evacuate Collection Set: 4.3ms
[2023-11-16T09:13:35.762+0000][35.814s][info ][gc,phases     ] GC(37)   Other: 0.2ms
[2023-11-16T09:13:35.762+0000][35.814s][info ][gc,heap       ] GC(37) Eden regions: 431->0(435)
[2023-11-16T09:13:35.762+0000][35.814s][info ][gc,heap       ] GC(37) Survivor regions: 35->31(59)
[2023-11-16T09:13:35.762+0000][35.814s][info ][gc,heap       ] GC(37) Old regions: 97->106
[2023-11-16T09:13:35.762+0000][35.814s][info ][gc,heap       ] GC(37) Humongous regions: 0->0
[2023-11-16T09:13:35.762+0000][35.814s][info ][gc,metaspace  ] GC(37) Metaspace: 144308K(148828K)->144308K(148828K) NonClass: 127431K(130220K)->127431K(130220K) Class: 16876K(18608K)->16876K(18608K)
[2023-11-16T09:13:35.762+0000][35.814s][info ][gc            ] GC(37) Pause Young (Normal) (G1 Evacuation Pause) 561M->135M(777M) 45.170ms
[2023-11-16T09:13:35.762+0000][35.814s][info ][gc,cpu        ] GC(37) User=0.17s Sys=0.00s Real=0.05s
[2023-11-16T09:13:35.762+0000][35.814s][info ][safepoint     ] Leaving safepoint region
[2023-11-16T09:13:35.762+0000][35.814s][info ][safepoint     ] Total time for which application threads were stopped: 0.0454624 seconds, Stopping threads took: 0.0000377 seconds
[2023-11-16T09:13:35.767+0000][35.819s][info ][gc,stringdedup] Concurrent String Deduplication (35.819s)
[2023-11-16T09:13:35.773+0000][35.825s][info ][gc,stringdedup] Concurrent String Deduplication 930.4K->276.1K(654.3K) avg 52.8% (35.819s, 35.825s) 5.425ms
[2023-11-16T09:13:36.240+0000][36.292s][debug][safepoint     ] Safepoint synchronization initiated. (82 threads)
[2023-11-16T09:13:36.240+0000][36.292s][info ][safepoint     ] Application time: 0.4776145 seconds
[2023-11-16T09:13:36.240+0000][36.292s][info ][safepoint     ] Entering safepoint region: Deoptimize
[2023-11-16T09:13:36.241+0000][36.293s][info ][safepoint     ] Leaving safepoint region
[2023-11-16T09:13:36.241+0000][36.293s][info ][safepoint     ] Total time for which application threads were stopped: 0.0012932 seconds, Stopping threads took: 0.0000222 seconds
[2023-11-16T09:13:36.754+0000][36.806s][debug][safepoint     ] Safepoint synchronization initiated. (82 threads)
[2023-11-16T09:13:36.755+0000][36.806s][info ][safepoint     ] Application time: 0.5133885 seconds
[2023-11-16T09:13:36.755+0000][36.807s][info ][safepoint     ] Entering safepoint region: G1CollectForAllocation
[2023-11-16T09:13:36.755+0000][36.807s][info ][gc,start      ] GC(38) Pause Young (Normal) (G1 Evacuation Pause)
[2023-11-16T09:13:36.755+0000][36.807s][info ][gc,task       ] GC(38) Using 4 workers of 4 for evacuation
[2023-11-16T09:13:36.802+0000][36.854s][info ][gc,phases     ] GC(38)   Pre Evacuate Collection Set: 0.0ms
[2023-11-16T09:13:36.802+0000][36.854s][info ][gc,phases     ] GC(38)   Evacuate Collection Set: 42.3ms
[2023-11-16T09:13:36.802+0000][36.854s][info ][gc,phases     ] GC(38)   Post Evacuate Collection Set: 4.3ms
[2023-11-16T09:13:36.802+0000][36.854s][info ][gc,phases     ] GC(38)   Other: 0.2ms
[2023-11-16T09:13:36.802+0000][36.854s][info ][gc,heap       ] GC(38) Eden regions: 435->0(438)
[2023-11-16T09:13:36.802+0000][36.854s][info ][gc,heap       ] GC(38) Survivor regions: 31->28(59)
[2023-11-16T09:13:36.802+0000][36.854s][info ][gc,heap       ] GC(38) Old regions: 106->113
[2023-11-16T09:13:36.802+0000][36.854s][info ][gc,heap       ] GC(38) Humongous regions: 0->0
[2023-11-16T09:13:36.802+0000][36.854s][info ][gc,metaspace  ] GC(38) Metaspace: 144493K(149084K)->144493K(149084K) NonClass: 127590K(130476K)->127590K(130476K) Class: 16903K(18608K)->16903K(18608K)
[2023-11-16T09:13:36.802+0000][36.854s][info ][gc            ] GC(38) Pause Young (Normal) (G1 Evacuation Pause) 570M->139M(777M) 47.044ms
[2023-11-16T09:13:36.802+0000][36.854s][info ][gc,cpu        ] GC(38) User=0.16s Sys=0.00s Real=0.05s
[2023-11-16T09:13:36.802+0000][36.854s][info ][safepoint     ] Leaving safepoint region
[2023-11-16T09:13:36.802+0000][36.854s][info ][safepoint     ] Total time for which application threads were stopped: 0.0473946 seconds, Stopping threads took: 0.0000225 seconds
[2023-11-16T09:13:36.804+0000][36.856s][info ][gc,stringdedup] Concurrent String Deduplication (36.856s)
[2023-11-16T09:13:36.809+0000][36.861s][info ][gc,stringdedup] Concurrent String Deduplication 809.3K->276.5K(532.8K) avg 53.3% (36.856s, 36.861s) 4.250ms
[2023-11-16T09:13:37.467+0000][37.519s][debug][safepoint     ] Safepoint synchronization initiated. (86 threads)
[2023-11-16T09:13:37.467+0000][37.519s][info ][safepoint     ] Application time: 0.6649895 seconds
[2023-11-16T09:13:37.467+0000][37.519s][info ][safepoint     ] Entering safepoint region: Deoptimize
[2023-11-16T09:13:37.468+0000][37.520s][info ][safepoint     ] Leaving safepoint region
[2023-11-16T09:13:37.468+0000][37.520s][info ][safepoint     ] Total time for which application threads were stopped: 0.0014021 seconds, Stopping threads took: 0.0000223 seconds
[2023-11-16T09:13:37.559+0000][37.611s][debug][safepoint     ] Safepoint synchronization initiated. (90 threads)
[2023-11-16T09:13:37.559+0000][37.611s][info ][safepoint     ] Application time: 0.0904041 seconds
[2023-11-16T09:13:37.559+0000][37.611s][debug][safepoint     ] Waiting for 3 thread(s) to block
[2023-11-16T09:13:37.559+0000][37.611s][info ][safepoint     ] Entering safepoint region: Deoptimize
[2023-11-16T09:13:37.561+0000][37.613s][info ][safepoint     ] Leaving safepoint region
[2023-11-16T09:13:37.561+0000][37.613s][info ][safepoint     ] Total time for which application threads were stopped: 0.0018999 seconds, Stopping threads took: 0.0004788 seconds
[2023-11-16T09:13:37.817+0000][37.869s][debug][safepoint     ] Safepoint synchronization initiated. (131 threads)
[2023-11-16T09:13:37.817+0000][37.869s][info ][safepoint     ] Application time: 0.2567307 seconds
[2023-11-16T09:13:37.817+0000][37.869s][debug][safepoint     ] Waiting for 2 thread(s) to block
[2023-11-16T09:13:37.817+0000][37.869s][info ][safepoint     ] Entering safepoint region: Deoptimize
[2023-11-16T09:13:37.819+0000][37.871s][info ][safepoint     ] Leaving safepoint region
[2023-11-16T09:13:37.819+0000][37.871s][info ][safepoint     ] Total time for which application threads were stopped: 0.0014990 seconds, Stopping threads took: 0.0000626 seconds
[2023-11-16T09:13:37.872+0000][37.924s][debug][safepoint     ] Safepoint synchronization initiated. (139 threads)
[2023-11-16T09:13:37.872+0000][37.924s][info ][safepoint     ] Application time: 0.0531622 seconds
[2023-11-16T09:13:37.872+0000][37.924s][debug][safepoint     ] ... found polling page loop exception at pc = 0x00007f07c4913625, stub =0x00007f07bc83ab00
[2023-11-16T09:13:37.872+0000][37.924s][debug][safepoint     ] Waiting for 3 thread(s) to block
[2023-11-16T09:13:37.872+0000][37.924s][info ][safepoint     ] Entering safepoint region: ICBufferFull
[2023-11-16T09:13:37.873+0000][37.924s][info ][safepoint     ] Leaving safepoint region
[2023-11-16T09:13:37.873+0000][37.925s][info ][safepoint     ] Total time for which application threads were stopped: 0.0004478 seconds, Stopping threads took: 0.0001237 seconds
[2023-11-16T09:13:37.919+0000][37.971s][debug][safepoint     ] Safepoint synchronization initiated. (140 threads)
[2023-11-16T09:13:37.920+0000][37.971s][info ][safepoint     ] Application time: 0.0469471 seconds
[2023-11-16T09:13:37.920+0000][37.971s][debug][safepoint     ] ... found polling page return exception at pc = 0x00007f07bd38e152, stub =0x00007f07bc83a800
[2023-11-16T09:13:37.920+0000][37.972s][debug][safepoint     ] Waiting for 2 thread(s) to block
[2023-11-16T09:13:37.920+0000][37.972s][info ][safepoint     ] Entering safepoint region: Deoptimize
[2023-11-16T09:13:37.921+0000][37.973s][info ][safepoint     ] Leaving safepoint region
[2023-11-16T09:13:37.921+0000][37.973s][info ][safepoint     ] Total time for which application threads were stopped: 0.0014759 seconds, Stopping threads took: 0.0000852 seconds
[2023-11-16T09:13:38.921+0000][38.973s][debug][safepoint     ] Safepoint synchronization initiated. (175 threads)
[2023-11-16T09:13:38.921+0000][38.973s][info ][safepoint     ] Application time: 1.0001711 seconds
[2023-11-16T09:13:38.921+0000][38.973s][info ][safepoint     ] Entering safepoint region: Cleanup
[2023-11-16T09:13:38.921+0000][38.973s][info ][safepoint     ] Leaving safepoint region
[2023-11-16T09:13:38.921+0000][38.973s][info ][safepoint     ] Total time for which application threads were stopped: 0.0002423 seconds, Stopping threads took: 0.0000314 seconds
[2023-11-16T09:13:39.922+0000][39.973s][debug][safepoint     ] Safepoint synchronization initiated. (175 threads)
[2023-11-16T09:13:39.922+0000][39.974s][info ][safepoint     ] Application time: 1.0001306 seconds
[2023-11-16T09:13:39.922+0000][39.974s][info ][safepoint     ] Entering safepoint region: Cleanup
[2023-11-16T09:13:39.922+0000][39.974s][info ][safepoint     ] Leaving safepoint region
[2023-11-16T09:13:39.922+0000][39.974s][info ][safepoint     ] Total time for which application threads were stopped: 0.0003304 seconds, Stopping threads took: 0.0000474 seconds
[2023-11-16T09:13:40.922+0000][40.974s][debug][safepoint     ] Safepoint synchronization initiated. (175 threads)
[2023-11-16T09:13:40.922+0000][40.974s][info ][safepoint     ] Application time: 1.0001457 seconds
[2023-11-16T09:13:40.922+0000][40.974s][info ][safepoint     ] Entering safepoint region: Cleanup
[2023-11-16T09:13:40.922+0000][40.974s][info ][safepoint     ] Leaving safepoint region
[2023-11-16T09:13:40.922+0000][40.974s][info ][safepoint     ] Total time for which application threads were stopped: 0.0003208 seconds, Stopping threads took: 0.0000470 seconds
[2023-11-16T09:13:40.922+0000][40.974s][debug][safepoint     ] ... found polling page return exception at pc = 0x00007f07bdac6bec, stub =0x00007f07bc83a800
[2023-11-16T09:13:41.923+0000][41.974s][debug][safepoint     ] Safepoint synchronization initiated. (175 threads)
[2023-11-16T09:13:41.923+0000][41.975s][info ][safepoint     ] Application time: 1.0001563 seconds
[2023-11-16T09:13:41.923+0000][41.975s][info ][safepoint     ] Entering safepoint region: Cleanup
[2023-11-16T09:13:41.923+0000][41.975s][info ][safepoint     ] Leaving safepoint region
[2023-11-16T09:13:41.923+0000][41.975s][info ][safepoint     ] Total time for which application threads were stopped: 0.0003320 seconds, Stopping threads took: 0.0000473 seconds
[2023-11-16T09:13:42.923+0000][42.975s][debug][safepoint     ] Safepoint synchronization initiated. (175 threads)
[2023-11-16T09:13:42.923+0000][42.975s][info ][safepoint     ] Application time: 1.0001628 seconds
[2023-11-16T09:13:42.923+0000][42.975s][info ][safepoint     ] Entering safepoint region: Cleanup
[2023-11-16T09:13:42.924+0000][42.976s][info ][safepoint     ] Leaving safepoint region
[2023-11-16T09:13:42.924+0000][42.976s][info ][safepoint     ] Total time for which application threads were stopped: 0.0011804 seconds, Stopping threads took: 0.0009542 seconds
[2023-11-16T09:13:43.924+0000][43.976s][debug][safepoint     ] Safepoint synchronization initiated. (175 threads)
[2023-11-16T09:13:43.924+0000][43.976s][info ][safepoint     ] Application time: 1.0001332 seconds
[2023-11-16T09:13:43.925+0000][43.976s][info ][safepoint     ] Entering safepoint region: Cleanup
[2023-11-16T09:13:43.925+0000][43.977s][info ][safepoint     ] Leaving safepoint region
[2023-11-16T09:13:43.925+0000][43.977s][info ][safepoint     ] Total time for which application threads were stopped: 0.0002458 seconds, Stopping threads took: 0.0000469 seconds
[2023-11-16T09:13:43.925+0000][43.977s][debug][safepoint     ] ... found polling page return exception at pc = 0x00007f07c470b4a2, stub =0x00007f07bc83a800
[2023-11-16T09:13:44.925+0000][44.977s][debug][safepoint     ] Safepoint synchronization initiated. (175 threads)
[2023-11-16T09:13:44.925+0000][44.977s][info ][safepoint     ] Application time: 1.0001414 seconds
[2023-11-16T09:13:44.925+0000][44.977s][info ][safepoint     ] Entering safepoint region: Cleanup
[2023-11-16T09:13:44.925+0000][44.977s][info ][safepoint     ] Leaving safepoint region
[2023-11-16T09:13:44.925+0000][44.977s][info ][safepoint     ] Total time for which application threads were stopped: 0.0003209 seconds, Stopping threads took: 0.0000473 seconds
[2023-11-16T09:13:45.925+0000][45.977s][debug][safepoint     ] Safepoint synchronization initiated. (175 threads)
[2023-11-16T09:13:45.925+0000][45.977s][info ][safepoint     ] Application time: 1.0001475 seconds
[2023-11-16T09:13:45.925+0000][45.977s][info ][safepoint     ] Entering safepoint region: Cleanup
[2023-11-16T09:13:45.926+0000][45.978s][info ][safepoint     ] Leaving safepoint region
[2023-11-16T09:13:45.926+0000][45.978s][info ][safepoint     ] Total time for which application threads were stopped: 0.0003169 seconds, Stopping threads took: 0.0000484 seconds
[2023-11-16T09:13:46.926+0000][46.978s][debug][safepoint     ] Safepoint synchronization initiated. (175 threads)
[2023-11-16T09:13:46.926+0000][46.978s][info ][safepoint     ] Application time: 1.0001522 seconds
[2023-11-16T09:13:46.926+0000][46.978s][info ][safepoint     ] Entering safepoint region: Cleanup
[2023-11-16T09:13:46.926+0000][46.978s][info ][safepoint     ] Leaving safepoint region
[2023-11-16T09:13:46.926+0000][46.978s][info ][safepoint     ] Total time for which application threads were stopped: 0.0003237 seconds, Stopping threads took: 0.0000481 seconds
[2023-11-16T09:13:47.926+0000][47.978s][debug][safepoint     ] Safepoint synchronization initiated. (175 threads)
[2023-11-16T09:13:47.926+0000][47.978s][info ][safepoint     ] Application time: 1.0001623 seconds
[2023-11-16T09:13:47.926+0000][47.978s][info ][safepoint     ] Entering safepoint region: Cleanup
[2023-11-16T09:13:47.927+0000][47.979s][info ][safepoint     ] Leaving safepoint region
[2023-11-16T09:13:47.927+0000][47.979s][info ][safepoint     ] Total time for which application threads were stopped: 0.0008955 seconds, Stopping threads took: 0.0005715 seconds
[2023-11-16T09:13:48.927+0000][48.979s][debug][safepoint     ] Safepoint synchronization initiated. (175 threads)
[2023-11-16T09:13:48.928+0000][48.979s][info ][safepoint     ] Application time: 1.0001801 seconds
[2023-11-16T09:13:48.928+0000][48.980s][info ][safepoint     ] Entering safepoint region: Cleanup
[2023-11-16T09:13:48.928+0000][48.980s][info ][safepoint     ] Leaving safepoint region
[2023-11-16T09:13:48.928+0000][48.980s][info ][safepoint     ] Total time for which application threads were stopped: 0.0003233 seconds, Stopping threads took: 0.0000469 seconds
[2023-11-16T09:13:49.928+0000][49.980s][debug][safepoint     ] Safepoint synchronization initiated. (175 threads)
[2023-11-16T09:13:49.928+0000][49.980s][info ][safepoint     ] Application time: 1.0001458 seconds
[2023-11-16T09:13:49.928+0000][49.980s][info ][safepoint     ] Entering safepoint region: Cleanup
[2023-11-16T09:13:49.928+0000][49.980s][info ][safepoint     ] Leaving safepoint region
[2023-11-16T09:13:49.928+0000][49.980s][info ][safepoint     ] Total time for which application threads were stopped: 0.0003203 seconds, Stopping threads took: 0.0000472 seconds
[2023-11-16T09:13:50.468+0000][50.520s][debug][safepoint     ] Safepoint synchronization initiated. (175 threads)
[2023-11-16T09:13:50.468+0000][50.520s][info ][safepoint     ] Application time: 0.5396299 seconds
[2023-11-16T09:13:50.468+0000][50.520s][info ][safepoint     ] Entering safepoint region: G1CollectForAllocation
[2023-11-16T09:13:50.468+0000][50.520s][info ][gc,start      ] GC(39) Pause Young (Normal) (G1 Evacuation Pause)
[2023-11-16T09:13:50.468+0000][50.520s][info ][gc,task       ] GC(39) Using 4 workers of 4 for evacuation
[2023-11-16T09:13:50.522+0000][50.574s][info ][gc,phases     ] GC(39)   Pre Evacuate Collection Set: 0.0ms
[2023-11-16T09:13:50.522+0000][50.574s][info ][gc,phases     ] GC(39)   Evacuate Collection Set: 48.1ms
[2023-11-16T09:13:50.522+0000][50.574s][info ][gc,phases     ] GC(39)   Post Evacuate Collection Set: 4.9ms
[2023-11-16T09:13:50.522+0000][50.574s][info ][gc,phases     ] GC(39)   Other: 0.4ms
[2023-11-16T09:13:50.522+0000][50.574s][info ][gc,heap       ] GC(39) Eden regions: 438->0(432)
[2023-11-16T09:13:50.522+0000][50.574s][info ][gc,heap       ] GC(39) Survivor regions: 28->34(59)
[2023-11-16T09:13:50.522+0000][50.574s][info ][gc,heap       ] GC(39) Old regions: 113->113
[2023-11-16T09:13:50.522+0000][50.574s][info ][gc,heap       ] GC(39) Humongous regions: 0->0
[2023-11-16T09:13:50.522+0000][50.574s][info ][gc,metaspace  ] GC(39) Metaspace: 151685K(156508K)->151685K(156508K) NonClass: 133971K(136876K)->133971K(136876K) Class: 17714K(19632K)->17714K(19632K)
[2023-11-16T09:13:50.522+0000][50.574s][info ][gc            ] GC(39) Pause Young (Normal) (G1 Evacuation Pause) 577M->145M(777M) 53.532ms
[2023-11-16T09:13:50.522+0000][50.574s][info ][gc,cpu        ] GC(39) User=0.17s Sys=0.00s Real=0.05s
[2023-11-16T09:13:50.522+0000][50.574s][info ][safepoint     ] Leaving safepoint region
[2023-11-16T09:13:50.522+0000][50.574s][info ][safepoint     ] Total time for which application threads were stopped: 0.0539630 seconds, Stopping threads took: 0.0000475 seconds
[2023-11-16T09:13:50.522+0000][50.574s][info ][gc,stringdedup] Concurrent String Deduplication (50.574s)
[2023-11-16T09:13:50.525+0000][50.577s][info ][gc,stringdedup] Concurrent String Deduplication 628.0K->202.4K(425.6K) avg 53.8% (50.574s, 50.577s) 2.970ms
[2023-11-16T09:13:51.522+0000][51.574s][debug][safepoint     ] Safepoint synchronization initiated. (175 threads)
[2023-11-16T09:13:51.522+0000][51.574s][info ][safepoint     ] Application time: 1.0001801 seconds
[2023-11-16T09:13:51.522+0000][51.574s][info ][safepoint     ] Entering safepoint region: Cleanup
[2023-11-16T09:13:51.523+0000][51.574s][info ][safepoint     ] Leaving safepoint region
[2023-11-16T09:13:51.523+0000][51.575s][info ][safepoint     ] Total time for which application threads were stopped: 0.0003376 seconds, Stopping threads took: 0.0000557 seconds
[2023-11-16T09:13:52.523+0000][52.575s][debug][safepoint     ] Safepoint synchronization initiated. (176 threads)
[2023-11-16T09:13:52.523+0000][52.575s][info ][safepoint     ] Application time: 1.0001595 seconds
[2023-11-16T09:13:52.523+0000][52.575s][info ][safepoint     ] Entering safepoint region: Cleanup
[2023-11-16T09:13:52.523+0000][52.575s][info ][safepoint     ] Leaving safepoint region
[2023-11-16T09:13:52.523+0000][52.575s][info ][safepoint     ] Total time for which application threads were stopped: 0.0002664 seconds, Stopping threads took: 0.0000545 seconds
[2023-11-16T09:13:53.523+0000][53.575s][debug][safepoint     ] Safepoint synchronization initiated. (176 threads)
[2023-11-16T09:13:53.523+0000][53.575s][info ][safepoint     ] Application time: 1.0001402 seconds
[2023-11-16T09:13:53.523+0000][53.575s][info ][safepoint     ] Entering safepoint region: Cleanup
[2023-11-16T09:13:53.524+0000][53.576s][info ][safepoint     ] Leaving safepoint region
[2023-11-16T09:13:53.524+0000][53.576s][info ][safepoint     ] Total time for which application threads were stopped: 0.0006283 seconds, Stopping threads took: 0.0004134 seconds
[2023-11-16T09:13:54.524+0000][54.576s][debug][safepoint     ] Safepoint synchronization initiated. (176 threads)
[2023-11-16T09:13:54.524+0000][54.576s][info ][safepoint     ] Application time: 1.0001562 seconds
[2023-11-16T09:13:54.524+0000][54.576s][info ][safepoint     ] Entering safepoint region: Cleanup
[2023-11-16T09:13:54.524+0000][54.576s][info ][safepoint     ] Leaving safepoint region
[2023-11-16T09:13:54.524+0000][54.576s][info ][safepoint     ] Total time for which application threads were stopped: 0.0002829 seconds, Stopping threads took: 0.0000535 seconds
[2023-11-16T09:13:55.524+0000][55.576s][debug][safepoint     ] Safepoint synchronization initiated. (176 threads)
[2023-11-16T09:13:55.524+0000][55.576s][info ][safepoint     ] Application time: 1.0001722 seconds
[2023-11-16T09:13:55.525+0000][55.576s][info ][safepoint     ] Entering safepoint region: Cleanup
[2023-11-16T09:13:55.525+0000][55.577s][info ][safepoint     ] Leaving safepoint region
[2023-11-16T09:13:55.525+0000][55.577s][info ][safepoint     ] Total time for which application threads were stopped: 0.0003020 seconds, Stopping threads took: 0.0000521 seconds
[2023-11-16T09:13:56.525+0000][56.577s][debug][safepoint     ] Safepoint synchronization initiated. (176 threads)
[2023-11-16T09:13:56.525+0000][56.577s][info ][safepoint     ] Application time: 1.0001359 seconds
[2023-11-16T09:13:56.525+0000][56.577s][info ][safepoint     ] Entering safepoint region: Cleanup
[2023-11-16T09:13:56.525+0000][56.577s][info ][safepoint     ] Leaving safepoint region
[2023-11-16T09:13:56.525+0000][56.577s][info ][safepoint     ] Total time for which application threads were stopped: 0.0003640 seconds, Stopping threads took: 0.0000514 seconds
[2023-11-16T09:13:57.525+0000][57.577s][debug][safepoint     ] Safepoint synchronization initiated. (176 threads)
[2023-11-16T09:13:57.525+0000][57.577s][info ][safepoint     ] Application time: 1.0001650 seconds
[2023-11-16T09:13:57.526+0000][57.578s][info ][safepoint     ] Entering safepoint region: Cleanup
[2023-11-16T09:13:57.526+0000][57.578s][info ][safepoint     ] Leaving safepoint region
[2023-11-16T09:13:57.526+0000][57.578s][info ][safepoint     ] Total time for which application threads were stopped: 0.0002855 seconds, Stopping threads took: 0.0000542 seconds
[2023-11-16T09:13:58.526+0000][58.578s][debug][safepoint     ] Safepoint synchronization initiated. (176 threads)
[2023-11-16T09:13:58.526+0000][58.578s][info ][safepoint     ] Application time: 1.0001575 seconds
[2023-11-16T09:13:58.526+0000][58.578s][info ][safepoint     ] Entering safepoint region: Cleanup
[2023-11-16T09:13:58.527+0000][58.579s][info ][safepoint     ] Leaving safepoint region
[2023-11-16T09:13:58.527+0000][58.579s][info ][safepoint     ] Total time for which application threads were stopped: 0.0006616 seconds, Stopping threads took: 0.0004216 seconds
[2023-11-16T09:13:59.527+0000][59.579s][debug][safepoint     ] Safepoint synchronization initiated. (176 threads)
[2023-11-16T09:13:59.527+0000][59.579s][info ][safepoint     ] Application time: 1.0001795 seconds
[2023-11-16T09:13:59.527+0000][59.579s][info ][safepoint     ] Entering safepoint region: Cleanup
[2023-11-16T09:13:59.527+0000][59.579s][info ][safepoint     ] Leaving safepoint region
[2023-11-16T09:13:59.527+0000][59.579s][info ][safepoint     ] Total time for which application threads were stopped: 0.0002804 seconds, Stopping threads took: 0.0000516 seconds
[2023-11-16T09:14:00.527+0000][60.579s][debug][safepoint     ] Safepoint synchronization initiated. (176 threads)
[2023-11-16T09:14:00.527+0000][60.579s][info ][safepoint     ] Application time: 1.0001619 seconds
[2023-11-16T09:14:00.527+0000][60.579s][info ][safepoint     ] Entering safepoint region: Cleanup
[2023-11-16T09:14:00.528+0000][60.580s][info ][safepoint     ] Leaving safepoint region
[2023-11-16T09:14:00.528+0000][60.580s][info ][safepoint     ] Total time for which application threads were stopped: 0.0003034 seconds, Stopping threads took: 0.0000537 seconds
[2023-11-16T09:14:01.528+0000][61.580s][debug][safepoint     ] Safepoint synchronization initiated. (176 threads)
[2023-11-16T09:14:01.528+0000][61.580s][info ][safepoint     ] Application time: 1.0001533 seconds
[2023-11-16T09:14:01.528+0000][61.580s][info ][safepoint     ] Entering safepoint region: Cleanup
[2023-11-16T09:14:01.528+0000][61.580s][info ][safepoint     ] Leaving safepoint region
[2023-11-16T09:14:01.528+0000][61.580s][info ][safepoint     ] Total time for which application threads were stopped: 0.0002596 seconds, Stopping threads took: 0.0000516 seconds
[2023-11-16T09:14:02.528+0000][62.580s][debug][safepoint     ] Safepoint synchronization initiated. (177 threads)
[2023-11-16T09:14:02.528+0000][62.580s][info ][safepoint     ] Application time: 1.0001527 seconds
[2023-11-16T09:14:02.528+0000][62.580s][info ][safepoint     ] Entering safepoint region: Cleanup
[2023-11-16T09:14:02.529+0000][62.580s][info ][safepoint     ] Leaving safepoint region
[2023-11-16T09:14:02.529+0000][62.580s][info ][safepoint     ] Total time for which application threads were stopped: 0.0002572 seconds, Stopping threads took: 0.0000508 seconds
[2023-11-16T09:14:03.529+0000][63.581s][debug][safepoint     ] Safepoint synchronization initiated. (177 threads)
[2023-11-16T09:14:03.529+0000][63.581s][info ][safepoint     ] Application time: 1.0001585 seconds
[2023-11-16T09:14:03.529+0000][63.581s][info ][safepoint     ] Entering safepoint region: Cleanup
[2023-11-16T09:14:03.530+0000][63.581s][info ][safepoint     ] Leaving safepoint region
[2023-11-16T09:14:03.530+0000][63.581s][info ][safepoint     ] Total time for which application threads were stopped: 0.0008048 seconds, Stopping threads took: 0.0005841 seconds
[2023-11-16T09:14:04.530+0000][64.582s][debug][safepoint     ] Safepoint synchronization initiated. (177 threads)
[2023-11-16T09:14:04.530+0000][64.582s][info ][safepoint     ] Application time: 1.0001547 seconds
[2023-11-16T09:14:04.530+0000][64.582s][info ][safepoint     ] Entering safepoint region: Cleanup
[2023-11-16T09:14:04.530+0000][64.582s][info ][safepoint     ] Leaving safepoint region
[2023-11-16T09:14:04.530+0000][64.582s][info ][safepoint     ] Total time for which application threads were stopped: 0.0003016 seconds, Stopping threads took: 0.0000523 seconds
[2023-11-16T09:14:05.530+0000][65.582s][debug][safepoint     ] Safepoint synchronization initiated. (177 threads)
[2023-11-16T09:14:05.530+0000][65.582s][info ][safepoint     ] Application time: 1.0001465 seconds
[2023-11-16T09:14:05.530+0000][65.582s][info ][safepoint     ] Entering safepoint region: Cleanup
[2023-11-16T09:14:05.530+0000][65.582s][info ][safepoint     ] Leaving safepoint region
[2023-11-16T09:14:05.531+0000][65.582s][info ][safepoint     ] Total time for which application threads were stopped: 0.0003294 seconds, Stopping threads took: 0.0000544 seconds
[2023-11-16T09:14:06.531+0000][66.583s][debug][safepoint     ] Safepoint synchronization initiated. (177 threads)
[2023-11-16T09:14:06.531+0000][66.583s][info ][safepoint     ] Application time: 1.0001599 seconds
[2023-11-16T09:14:06.531+0000][66.583s][info ][safepoint     ] Entering safepoint region: Cleanup
[2023-11-16T09:14:06.531+0000][66.583s][info ][safepoint     ] Leaving safepoint region
[2023-11-16T09:14:06.531+0000][66.583s][info ][safepoint     ] Total time for which application threads were stopped: 0.0003360 seconds, Stopping threads took: 0.0000549 seconds
[2023-11-16T09:14:07.531+0000][67.583s][debug][safepoint     ] Safepoint synchronization initiated. (177 threads)
[2023-11-16T09:14:07.531+0000][67.583s][info ][safepoint     ] Application time: 1.0001583 seconds
[2023-11-16T09:14:07.531+0000][67.583s][info ][safepoint     ] Entering safepoint region: Cleanup
[2023-11-16T09:14:07.532+0000][67.583s][info ][safepoint     ] Leaving safepoint region
[2023-11-16T09:14:07.532+0000][67.584s][info ][safepoint     ] Total time for which application threads were stopped: 0.0003000 seconds, Stopping threads took: 0.0000508 seconds
[2023-11-16T09:14:08.532+0000][68.584s][debug][safepoint     ] Safepoint synchronization initiated. (177 threads)
[2023-11-16T09:14:08.532+0000][68.584s][info ][safepoint     ] Application time: 1.0001503 seconds
[2023-11-16T09:14:08.532+0000][68.584s][info ][safepoint     ] Entering safepoint region: Cleanup
[2023-11-16T09:14:08.532+0000][68.584s][info ][safepoint     ] Leaving safepoint region
[2023-11-16T09:14:08.532+0000][68.584s][info ][safepoint     ] Total time for which application threads were stopped: 0.0006735 seconds, Stopping threads took: 0.0004646 seconds
[2023-11-16T09:14:09.533+0000][69.584s][debug][safepoint     ] Safepoint synchronization initiated. (177 threads)
[2023-11-16T09:14:09.533+0000][69.585s][info ][safepoint     ] Application time: 1.0001699 seconds
[2023-11-16T09:14:09.533+0000][69.585s][info ][safepoint     ] Entering safepoint region: Cleanup
[2023-11-16T09:14:09.533+0000][69.585s][info ][safepoint     ] Leaving safepoint region
[2023-11-16T09:14:09.533+0000][69.585s][info ][safepoint     ] Total time for which application threads were stopped: 0.0003122 seconds, Stopping threads took: 0.0000652 seconds
[2023-11-16T09:14:10.533+0000][70.585s][debug][safepoint     ] Safepoint synchronization initiated. (176 threads)
[2023-11-16T09:14:10.533+0000][70.585s][info ][safepoint     ] Application time: 1.0001801 seconds
[2023-11-16T09:14:10.533+0000][70.585s][info ][safepoint     ] Entering safepoint region: Cleanup
[2023-11-16T09:14:10.533+0000][70.585s][info ][safepoint     ] Leaving safepoint region
[2023-11-16T09:14:10.533+0000][70.585s][info ][safepoint     ] Total time for which application threads were stopped: 0.0002579 seconds, Stopping threads took: 0.0000539 seconds
[2023-11-16T09:14:11.534+0000][71.586s][debug][safepoint     ] Safepoint synchronization initiated. (176 threads)
[2023-11-16T09:14:11.534+0000][71.586s][info ][safepoint     ] Application time: 1.0001787 seconds
[2023-11-16T09:14:11.534+0000][71.586s][info ][safepoint     ] Entering safepoint region: Cleanup
[2023-11-16T09:14:11.534+0000][71.586s][info ][safepoint     ] Leaving safepoint region
[2023-11-16T09:14:11.534+0000][71.586s][info ][safepoint     ] Total time for which application threads were stopped: 0.0003127 seconds, Stopping threads took: 0.0000522 seconds
[2023-11-16T09:14:12.534+0000][72.586s][debug][safepoint     ] Safepoint synchronization initiated. (177 threads)
[2023-11-16T09:14:12.534+0000][72.586s][info ][safepoint     ] Application time: 1.0001736 seconds
[2023-11-16T09:14:12.534+0000][72.586s][info ][safepoint     ] Entering safepoint region: Cleanup
[2023-11-16T09:14:12.534+0000][72.586s][info ][safepoint     ] Leaving safepoint region
[2023-11-16T09:14:12.534+0000][72.586s][info ][safepoint     ] Total time for which application threads were stopped: 0.0002552 seconds, Stopping threads took: 0.0000519 seconds
[2023-11-16T09:14:13.535+0000][73.587s][debug][safepoint     ] Safepoint synchronization initiated. (177 threads)
[2023-11-16T09:14:13.535+0000][73.587s][info ][safepoint     ] Application time: 1.0001644 seconds
[2023-11-16T09:14:13.535+0000][73.587s][info ][safepoint     ] Entering safepoint region: Cleanup
[2023-11-16T09:14:13.535+0000][73.587s][info ][safepoint     ] Leaving safepoint region
[2023-11-16T09:14:13.535+0000][73.587s][info ][safepoint     ] Total time for which application threads were stopped: 0.0008578 seconds, Stopping threads took: 0.0005387 seconds
[2023-11-16T09:14:14.536+0000][74.588s][debug][safepoint     ] Safepoint synchronization initiated. (177 threads)
[2023-11-16T09:14:14.536+0000][74.588s][info ][safepoint     ] Application time: 1.0001503 seconds
[2023-11-16T09:14:14.536+0000][74.588s][info ][safepoint     ] Entering safepoint region: Cleanup
[2023-11-16T09:14:14.536+0000][74.588s][info ][safepoint     ] Leaving safepoint region
[2023-11-16T09:14:14.536+0000][74.588s][info ][safepoint     ] Total time for which application threads were stopped: 0.0003404 seconds, Stopping threads took: 0.0000517 seconds
[2023-11-16T09:14:15.536+0000][75.588s][debug][safepoint     ] Safepoint synchronization initiated. (177 threads)
[2023-11-16T09:14:15.536+0000][75.588s][info ][safepoint     ] Application time: 1.0001745 seconds
[2023-11-16T09:14:15.536+0000][75.588s][info ][safepoint     ] Entering safepoint region: Cleanup
[2023-11-16T09:14:15.537+0000][75.588s][info ][safepoint     ] Leaving safepoint region
[2023-11-16T09:14:15.537+0000][75.589s][info ][safepoint     ] Total time for which application threads were stopped: 0.0003403 seconds, Stopping threads took: 0.0000517 seconds
[2023-11-16T09:14:16.537+0000][76.589s][debug][safepoint     ] Safepoint synchronization initiated. (177 threads)
[2023-11-16T09:14:16.537+0000][76.589s][info ][safepoint     ] Application time: 1.0001648 seconds
[2023-11-16T09:14:16.537+0000][76.589s][info ][safepoint     ] Entering safepoint region: Cleanup
[2023-11-16T09:14:16.537+0000][76.589s][info ][safepoint     ] Leaving safepoint region
[2023-11-16T09:14:16.537+0000][76.589s][info ][safepoint     ] Total time for which application threads were stopped: 0.0003720 seconds, Stopping threads took: 0.0000747 seconds
[2023-11-16T09:14:17.537+0000][77.589s][debug][safepoint     ] Safepoint synchronization initiated. (177 threads)
[2023-11-16T09:14:17.537+0000][77.589s][info ][safepoint     ] Application time: 1.0001920 seconds
[2023-11-16T09:14:17.537+0000][77.589s][info ][safepoint     ] Entering safepoint region: Cleanup
[2023-11-16T09:14:17.538+0000][77.590s][info ][safepoint     ] Leaving safepoint region
[2023-11-16T09:14:17.538+0000][77.590s][info ][safepoint     ] Total time for which application threads were stopped: 0.0002577 seconds, Stopping threads took: 0.0000500 seconds
[2023-11-16T09:14:18.538+0000][78.590s][debug][safepoint     ] Safepoint synchronization initiated. (177 threads)
[2023-11-16T09:14:18.538+0000][78.590s][info ][safepoint     ] Application time: 1.0001692 seconds
[2023-11-16T09:14:18.538+0000][78.590s][info ][safepoint     ] Entering safepoint region: Cleanup
[2023-11-16T09:14:18.539+0000][78.591s][info ][safepoint     ] Leaving safepoint region
[2023-11-16T09:14:18.539+0000][78.591s][info ][safepoint     ] Total time for which application threads were stopped: 0.0008045 seconds, Stopping threads took: 0.0004676 seconds
[2023-11-16T09:14:19.539+0000][79.591s][debug][safepoint     ] Safepoint synchronization initiated. (177 threads)
[2023-11-16T09:14:19.539+0000][79.591s][info ][safepoint     ] Application time: 1.0001645 seconds
[2023-11-16T09:14:19.539+0000][79.591s][info ][safepoint     ] Entering safepoint region: Cleanup
[2023-11-16T09:14:19.539+0000][79.591s][info ][safepoint     ] Leaving safepoint region
[2023-11-16T09:14:19.539+0000][79.591s][info ][safepoint     ] Total time for which application threads were stopped: 0.0003366 seconds, Stopping threads took: 0.0000492 seconds
[2023-11-16T09:14:20.539+0000][80.591s][debug][safepoint     ] Safepoint synchronization initiated. (177 threads)
[2023-11-16T09:14:20.539+0000][80.591s][info ][safepoint     ] Application time: 1.0001553 seconds
[2023-11-16T09:14:20.539+0000][80.591s][info ][safepoint     ] Entering safepoint region: Cleanup
[2023-11-16T09:14:20.540+0000][80.592s][info ][safepoint     ] Leaving safepoint region
[2023-11-16T09:14:20.540+0000][80.592s][info ][safepoint     ] Total time for which application threads were stopped: 0.0002576 seconds, Stopping threads took: 0.0000504 seconds
[2023-11-16T09:14:21.540+0000][81.592s][debug][safepoint     ] Safepoint synchronization initiated. (177 threads)
[2023-11-16T09:14:21.540+0000][81.592s][info ][safepoint     ] Application time: 1.0001508 seconds
[2023-11-16T09:14:21.540+0000][81.592s][info ][safepoint     ] Entering safepoint region: Cleanup
[2023-11-16T09:14:21.540+0000][81.592s][info ][safepoint     ] Leaving safepoint region
[2023-11-16T09:14:21.540+0000][81.592s][info ][safepoint     ] Total time for which application threads were stopped: 0.0003384 seconds, Stopping threads took: 0.0000492 seconds
[2023-11-16T09:14:22.540+0000][82.592s][debug][safepoint     ] Safepoint synchronization initiated. (177 threads)
[2023-11-16T09:14:22.540+0000][82.592s][info ][safepoint     ] Application time: 1.0001744 seconds
[2023-11-16T09:14:22.540+0000][82.592s][info ][safepoint     ] Entering safepoint region: Cleanup
[2023-11-16T09:14:22.541+0000][82.593s][info ][safepoint     ] Leaving safepoint region
[2023-11-16T09:14:22.541+0000][82.593s][info ][safepoint     ] Total time for which application threads were stopped: 0.0003485 seconds, Stopping threads took: 0.0000504 seconds
[2023-11-16T09:14:23.541+0000][83.593s][debug][safepoint     ] Safepoint synchronization initiated. (177 threads)
[2023-11-16T09:14:23.541+0000][83.593s][info ][safepoint     ] Application time: 1.0001730 seconds
[2023-11-16T09:14:23.541+0000][83.593s][info ][safepoint     ] Entering safepoint region: Cleanup
[2023-11-16T09:14:23.541+0000][83.593s][info ][safepoint     ] Leaving safepoint region
[2023-11-16T09:14:23.541+0000][83.593s][info ][safepoint     ] Total time for which application threads were stopped: 0.0003396 seconds, Stopping threads took: 0.0000513 seconds
[2023-11-16T09:14:24.541+0000][84.593s][debug][safepoint     ] Safepoint synchronization initiated. (177 threads)
[2023-11-16T09:14:24.541+0000][84.593s][info ][safepoint     ] Application time: 1.0001681 seconds
[2023-11-16T09:14:24.542+0000][84.593s][info ][safepoint     ] Entering safepoint region: Cleanup
[2023-11-16T09:14:24.542+0000][84.594s][info ][safepoint     ] Leaving safepoint region
[2023-11-16T09:14:24.542+0000][84.594s][info ][safepoint     ] Total time for which application threads were stopped: 0.0003355 seconds, Stopping threads took: 0.0000497 seconds
[2023-11-16T09:14:25.542+0000][85.594s][debug][safepoint     ] Safepoint synchronization initiated. (177 threads)
[2023-11-16T09:14:25.542+0000][85.594s][info ][safepoint     ] Application time: 1.0001691 seconds
[2023-11-16T09:14:25.542+0000][85.594s][info ][safepoint     ] Entering safepoint region: Cleanup
[2023-11-16T09:14:25.542+0000][85.594s][info ][safepoint     ] Leaving safepoint region
[2023-11-16T09:14:25.542+0000][85.594s][info ][safepoint     ] Total time for which application threads were stopped: 0.0003457 seconds, Stopping threads took: 0.0000500 seconds
[2023-11-16T09:14:26.542+0000][86.594s][debug][safepoint     ] Safepoint synchronization initiated. (177 threads)
[2023-11-16T09:14:26.543+0000][86.595s][info ][safepoint     ] Application time: 1.0001686 seconds
[2023-11-16T09:14:26.543+0000][86.595s][info ][safepoint     ] Entering safepoint region: Cleanup
[2023-11-16T09:14:26.543+0000][86.595s][info ][safepoint     ] Leaving safepoint region
[2023-11-16T09:14:26.543+0000][86.595s][info ][safepoint     ] Total time for which application threads were stopped: 0.0002547 seconds, Stopping threads took: 0.0000493 seconds
[2023-11-16T09:14:27.543+0000][87.595s][debug][safepoint     ] Safepoint synchronization initiated. (177 threads)
[2023-11-16T09:14:27.543+0000][87.595s][info ][safepoint     ] Application time: 1.0001853 seconds
[2023-11-16T09:14:27.543+0000][87.595s][info ][safepoint     ] Entering safepoint region: Cleanup
[2023-11-16T09:14:27.543+0000][87.595s][info ][safepoint     ] Leaving safepoint region
[2023-11-16T09:14:27.543+0000][87.595s][info ][safepoint     ] Total time for which application threads were stopped: 0.0002984 seconds, Stopping threads took: 0.0000482 seconds
[2023-11-16T09:14:28.543+0000][88.595s][debug][safepoint     ] Safepoint synchronization initiated. (177 threads)
[2023-11-16T09:14:28.544+0000][88.595s][info ][safepoint     ] Application time: 1.0001788 seconds
[2023-11-16T09:14:28.544+0000][88.596s][info ][safepoint     ] Entering safepoint region: Cleanup
[2023-11-16T09:14:28.544+0000][88.596s][info ][safepoint     ] Leaving safepoint region
[2023-11-16T09:14:28.544+0000][88.596s][info ][safepoint     ] Total time for which application threads were stopped: 0.0003366 seconds, Stopping threads took: 0.0000533 seconds
[2023-11-16T09:14:29.544+0000][89.596s][debug][safepoint     ] Safepoint synchronization initiated. (177 threads)
[2023-11-16T09:14:29.544+0000][89.596s][info ][safepoint     ] Application time: 1.0001703 seconds
[2023-11-16T09:14:29.544+0000][89.596s][info ][safepoint     ] Entering safepoint region: Cleanup
[2023-11-16T09:14:29.544+0000][89.596s][info ][safepoint     ] Leaving safepoint region
[2023-11-16T09:14:29.544+0000][89.596s][info ][safepoint     ] Total time for which application threads were stopped: 0.0003369 seconds, Stopping threads took: 0.0000491 seconds
[2023-11-16T09:14:30.545+0000][90.597s][debug][safepoint     ] Safepoint synchronization initiated. (177 threads)
[2023-11-16T09:14:30.545+0000][90.597s][info ][safepoint     ] Application time: 1.0001540 seconds
[2023-11-16T09:14:30.545+0000][90.597s][info ][safepoint     ] Entering safepoint region: Cleanup
[2023-11-16T09:14:30.545+0000][90.597s][info ][safepoint     ] Leaving safepoint region
[2023-11-16T09:14:30.545+0000][90.597s][info ][safepoint     ] Total time for which application threads were stopped: 0.0003597 seconds, Stopping threads took: 0.0000500 seconds
[2023-11-16T09:14:31.545+0000][91.597s][debug][safepoint     ] Safepoint synchronization initiated. (177 threads)
[2023-11-16T09:14:31.545+0000][91.597s][info ][safepoint     ] Application time: 1.0001682 seconds
[2023-11-16T09:14:31.545+0000][91.597s][info ][safepoint     ] Entering safepoint region: Cleanup
[2023-11-16T09:14:31.546+0000][91.597s][info ][safepoint     ] Leaving safepoint region
[2023-11-16T09:14:31.546+0000][91.598s][info ][safepoint     ] Total time for which application threads were stopped: 0.0003367 seconds, Stopping threads took: 0.0000486 seconds
[2023-11-16T09:14:32.546+0000][92.598s][debug][safepoint     ] Safepoint synchronization initiated. (177 threads)
[2023-11-16T09:14:32.546+0000][92.598s][info ][safepoint     ] Application time: 1.0001691 seconds
[2023-11-16T09:14:32.546+0000][92.598s][info ][safepoint     ] Entering safepoint region: Cleanup
[2023-11-16T09:14:32.546+0000][92.598s][info ][safepoint     ] Leaving safepoint region
[2023-11-16T09:14:32.546+0000][92.598s][info ][safepoint     ] Total time for which application threads were stopped: 0.0003380 seconds, Stopping threads took: 0.0000492 seconds
[2023-11-16T09:14:33.546+0000][93.598s][debug][safepoint     ] Safepoint synchronization initiated. (177 threads)
[2023-11-16T09:14:33.546+0000][93.598s][info ][safepoint     ] Application time: 1.0001688 seconds
[2023-11-16T09:14:33.546+0000][93.598s][info ][safepoint     ] Entering safepoint region: Cleanup
[2023-11-16T09:14:33.547+0000][93.599s][info ][safepoint     ] Leaving safepoint region
[2023-11-16T09:14:33.547+0000][93.599s][info ][safepoint     ] Total time for which application threads were stopped: 0.0008456 seconds, Stopping threads took: 0.0005673 seconds
[2023-11-16T09:14:34.547+0000][94.599s][debug][safepoint     ] Safepoint synchronization initiated. (177 threads)
[2023-11-16T09:14:34.547+0000][94.599s][info ][safepoint     ] Application time: 1.0001600 seconds
[2023-11-16T09:14:34.547+0000][94.599s][info ][safepoint     ] Entering safepoint region: Cleanup
[2023-11-16T09:14:34.548+0000][94.600s][info ][safepoint     ] Leaving safepoint region
[2023-11-16T09:14:34.548+0000][94.600s][info ][safepoint     ] Total time for which application threads were stopped: 0.0003923 seconds, Stopping threads took: 0.0000495 seconds
[2023-11-16T09:14:35.548+0000][95.600s][debug][safepoint     ] Safepoint synchronization initiated. (177 threads)
[2023-11-16T09:14:35.548+0000][95.600s][info ][safepoint     ] Application time: 1.0001523 seconds
[2023-11-16T09:14:35.548+0000][95.600s][info ][safepoint     ] Entering safepoint region: Cleanup
[2023-11-16T09:14:35.548+0000][95.600s][info ][safepoint     ] Leaving safepoint region
[2023-11-16T09:14:35.548+0000][95.600s][info ][safepoint     ] Total time for which application threads were stopped: 0.0002788 seconds, Stopping threads took: 0.0000579 seconds
[2023-11-16T09:14:36.548+0000][96.600s][debug][safepoint     ] Safepoint synchronization initiated. (177 threads)
[2023-11-16T09:14:36.548+0000][96.600s][info ][safepoint     ] Application time: 1.0001716 seconds
[2023-11-16T09:14:36.548+0000][96.600s][info ][safepoint     ] Entering safepoint region: Cleanup
[2023-11-16T09:14:36.549+0000][96.601s][info ][safepoint     ] Leaving safepoint region
[2023-11-16T09:14:36.549+0000][96.601s][info ][safepoint     ] Total time for which application threads were stopped: 0.0003417 seconds, Stopping threads took: 0.0000500 seconds
[2023-11-16T09:14:37.549+0000][97.601s][debug][safepoint     ] Safepoint synchronization initiated. (177 threads)
[2023-11-16T09:14:37.549+0000][97.601s][info ][safepoint     ] Application time: 1.0001609 seconds
[2023-11-16T09:14:37.549+0000][97.601s][info ][safepoint     ] Entering safepoint region: Cleanup
[2023-11-16T09:14:37.549+0000][97.601s][info ][safepoint     ] Leaving safepoint region
[2023-11-16T09:14:37.549+0000][97.601s][info ][safepoint     ] Total time for which application threads were stopped: 0.0003560 seconds, Stopping threads took: 0.0000497 seconds
[2023-11-16T09:14:38.549+0000][98.601s][debug][safepoint     ] Safepoint synchronization initiated. (174 threads)
[2023-11-16T09:14:38.550+0000][98.601s][info ][safepoint     ] Application time: 1.0001633 seconds
[2023-11-16T09:14:38.550+0000][98.602s][info ][safepoint     ] Entering safepoint region: Cleanup
[2023-11-16T09:14:38.550+0000][98.602s][info ][safepoint     ] Leaving safepoint region
[2023-11-16T09:14:38.550+0000][98.602s][info ][safepoint     ] Total time for which application threads were stopped: 0.0008103 seconds, Stopping threads took: 0.0005196 seconds
[2023-11-16T09:14:39.550+0000][99.602s][debug][safepoint     ] Safepoint synchronization initiated. (174 threads)
[2023-11-16T09:14:39.551+0000][99.602s][info ][safepoint     ] Application time: 1.0001645 seconds
[2023-11-16T09:14:39.551+0000][99.603s][info ][safepoint     ] Entering safepoint region: Cleanup
[2023-11-16T09:14:39.551+0000][99.603s][info ][safepoint     ] Leaving safepoint region
[2023-11-16T09:14:39.551+0000][99.603s][info ][safepoint     ] Total time for which application threads were stopped: 0.0003412 seconds, Stopping threads took: 0.0000495 seconds
[2023-11-16T09:14:40.551+0000][100.603s][debug][safepoint     ] Safepoint synchronization initiated. (174 threads)
[2023-11-16T09:14:40.551+0000][100.603s][info ][safepoint     ] Application time: 1.0001659 seconds
[2023-11-16T09:14:40.551+0000][100.603s][info ][safepoint     ] Entering safepoint region: Cleanup
[2023-11-16T09:14:40.551+0000][100.603s][info ][safepoint     ] Leaving safepoint region
[2023-11-16T09:14:40.551+0000][100.603s][info ][safepoint     ] Total time for which application threads were stopped: 0.0002531 seconds, Stopping threads took: 0.0000501 seconds
[2023-11-16T09:14:41.551+0000][101.603s][debug][safepoint     ] Safepoint synchronization initiated. (174 threads)
[2023-11-16T09:14:41.552+0000][101.603s][info ][safepoint     ] Application time: 1.0001795 seconds
[2023-11-16T09:14:41.552+0000][101.604s][info ][safepoint     ] Entering safepoint region: Cleanup
[2023-11-16T09:14:41.552+0000][101.604s][info ][safepoint     ] Leaving safepoint region
[2023-11-16T09:14:41.552+0000][101.604s][info ][safepoint     ] Total time for which application threads were stopped: 0.0003383 seconds, Stopping threads took: 0.0000502 seconds
[2023-11-16T09:14:42.552+0000][102.604s][debug][safepoint     ] Safepoint synchronization initiated. (174 threads)
[2023-11-16T09:14:42.552+0000][102.604s][info ][safepoint     ] Application time: 1.0001772 seconds
[2023-11-16T09:14:42.552+0000][102.604s][info ][safepoint     ] Entering safepoint region: Cleanup
[2023-11-16T09:14:42.552+0000][102.604s][info ][safepoint     ] Leaving safepoint region
[2023-11-16T09:14:42.552+0000][102.604s][info ][safepoint     ] Total time for which application threads were stopped: 0.0003321 seconds, Stopping threads took: 0.0000508 seconds
[2023-11-16T09:14:43.553+0000][103.605s][debug][safepoint     ] Safepoint synchronization initiated. (174 threads)
[2023-11-16T09:14:43.553+0000][103.605s][info ][safepoint     ] Application time: 1.0001639 seconds
[2023-11-16T09:14:43.553+0000][103.605s][info ][safepoint     ] Entering safepoint region: Cleanup
[2023-11-16T09:14:43.553+0000][103.605s][info ][safepoint     ] Leaving safepoint region
[2023-11-16T09:14:43.553+0000][103.605s][info ][safepoint     ] Total time for which application threads were stopped: 0.0007309 seconds, Stopping threads took: 0.0004818 seconds
[2023-11-16T09:14:44.553+0000][104.605s][debug][safepoint     ] Safepoint synchronization initiated. (174 threads)
[2023-11-16T09:14:44.554+0000][104.606s][info ][safepoint     ] Application time: 1.0001768 seconds
[2023-11-16T09:14:44.554+0000][104.606s][info ][safepoint     ] Entering safepoint region: Cleanup
[2023-11-16T09:14:44.554+0000][104.606s][info ][safepoint     ] Leaving safepoint region
[2023-11-16T09:14:44.554+0000][104.606s][info ][safepoint     ] Total time for which application threads were stopped: 0.0002508 seconds, Stopping threads took: 0.0000506 seconds
[2023-11-16T09:14:45.554+0000][105.606s][debug][safepoint     ] Safepoint synchronization initiated. (174 threads)
[2023-11-16T09:14:45.554+0000][105.606s][info ][safepoint     ] Application time: 1.0001504 seconds
[2023-11-16T09:14:45.554+0000][105.606s][info ][safepoint     ] Entering safepoint region: Cleanup
[2023-11-16T09:14:45.554+0000][105.606s][info ][safepoint     ] Leaving safepoint region
[2023-11-16T09:14:45.554+0000][105.606s][info ][safepoint     ] Total time for which application threads were stopped: 0.0003545 seconds, Stopping threads took: 0.0000484 seconds
[2023-11-16T09:14:46.554+0000][106.606s][debug][safepoint     ] Safepoint synchronization initiated. (174 threads)
[2023-11-16T09:14:46.555+0000][106.607s][info ][safepoint     ] Application time: 1.0001646 seconds
[2023-11-16T09:14:46.555+0000][106.607s][info ][safepoint     ] Entering safepoint region: Cleanup
[2023-11-16T09:14:46.555+0000][106.607s][info ][safepoint     ] Leaving safepoint region
[2023-11-16T09:14:46.555+0000][106.607s][info ][safepoint     ] Total time for which application threads were stopped: 0.0002438 seconds, Stopping threads took: 0.0000508 seconds
[2023-11-16T09:14:47.555+0000][107.607s][debug][safepoint     ] Safepoint synchronization initiated. (174 threads)
[2023-11-16T09:14:47.555+0000][107.607s][info ][safepoint     ] Application time: 1.0001629 seconds
[2023-11-16T09:14:47.555+0000][107.607s][info ][safepoint     ] Entering safepoint region: Cleanup
[2023-11-16T09:14:47.555+0000][107.607s][info ][safepoint     ] Leaving safepoint region
[2023-11-16T09:14:47.555+0000][107.607s][info ][safepoint     ] Total time for which application threads were stopped: 0.0003317 seconds, Stopping threads took: 0.0000509 seconds
[2023-11-16T09:14:48.555+0000][108.607s][debug][safepoint     ] Safepoint synchronization initiated. (174 threads)
[2023-11-16T09:14:48.556+0000][108.608s][info ][safepoint     ] Application time: 1.0001902 seconds
[2023-11-16T09:14:48.556+0000][108.608s][info ][safepoint     ] Entering safepoint region: Cleanup
[2023-11-16T09:14:48.556+0000][108.608s][info ][safepoint     ] Leaving safepoint region
[2023-11-16T09:14:48.556+0000][108.608s][info ][safepoint     ] Total time for which application threads were stopped: 0.0007531 seconds, Stopping threads took: 0.0005535 seconds
[2023-11-16T09:14:49.556+0000][109.608s][debug][safepoint     ] Safepoint synchronization initiated. (174 threads)
[2023-11-16T09:14:49.557+0000][109.608s][info ][safepoint     ] Application time: 1.0001659 seconds
[2023-11-16T09:14:49.557+0000][109.609s][info ][safepoint     ] Entering safepoint region: Cleanup
[2023-11-16T09:14:49.557+0000][109.609s][info ][safepoint     ] Leaving safepoint region
[2023-11-16T09:14:49.557+0000][109.609s][info ][safepoint     ] Total time for which application threads were stopped: 0.0002447 seconds, Stopping threads took: 0.0000522 seconds
[2023-11-16T09:14:50.557+0000][110.609s][debug][safepoint     ] Safepoint synchronization initiated. (174 threads)
[2023-11-16T09:14:50.557+0000][110.609s][info ][safepoint     ] Application time: 1.0001078 seconds
[2023-11-16T09:14:50.557+0000][110.609s][info ][safepoint     ] Entering safepoint region: Cleanup
[2023-11-16T09:14:50.557+0000][110.609s][info ][safepoint     ] Leaving safepoint region
[2023-11-16T09:14:50.557+0000][110.609s][info ][safepoint     ] Total time for which application threads were stopped: 0.0002838 seconds, Stopping threads took: 0.0000499 seconds
[2023-11-16T09:14:51.557+0000][111.609s][debug][safepoint     ] Safepoint synchronization initiated. (174 threads)
[2023-11-16T09:14:51.557+0000][111.609s][info ][safepoint     ] Application time: 1.0001506 seconds
[2023-11-16T09:14:51.557+0000][111.609s][info ][safepoint     ] Entering safepoint region: Cleanup
[2023-11-16T09:14:51.558+0000][111.610s][info ][safepoint     ] Leaving safepoint region
[2023-11-16T09:14:51.558+0000][111.610s][info ][safepoint     ] Total time for which application threads were stopped: 0.0002397 seconds, Stopping threads took: 0.0000519 seconds
[2023-11-16T09:14:52.558+0000][112.610s][debug][safepoint     ] Safepoint synchronization initiated. (174 threads)
[2023-11-16T09:14:52.558+0000][112.610s][info ][safepoint     ] Application time: 1.0001780 seconds
[2023-11-16T09:14:52.558+0000][112.610s][info ][safepoint     ] Entering safepoint region: Cleanup
[2023-11-16T09:14:52.558+0000][112.610s][info ][safepoint     ] Leaving safepoint region
[2023-11-16T09:14:52.558+0000][112.610s][info ][safepoint     ] Total time for which application threads were stopped: 0.0002544 seconds, Stopping threads took: 0.0000516 seconds
[2023-11-16T09:14:53.558+0000][113.610s][debug][safepoint     ] Safepoint synchronization initiated. (174 threads)
[2023-11-16T09:14:53.558+0000][113.610s][info ][safepoint     ] Application time: 1.0001692 seconds
[2023-11-16T09:14:53.558+0000][113.610s][info ][safepoint     ] Entering safepoint region: Cleanup
[2023-11-16T09:14:53.559+0000][113.611s][info ][safepoint     ] Leaving safepoint region
[2023-11-16T09:14:53.559+0000][113.611s][info ][safepoint     ] Total time for which application threads were stopped: 0.0007662 seconds, Stopping threads took: 0.0005074 seconds
[2023-11-16T09:14:54.559+0000][114.611s][debug][safepoint     ] Safepoint synchronization initiated. (174 threads)
[2023-11-16T09:14:54.559+0000][114.611s][info ][safepoint     ] Application time: 1.0001723 seconds
[2023-11-16T09:14:54.559+0000][114.611s][info ][safepoint     ] Entering safepoint region: Cleanup
[2023-11-16T09:14:54.560+0000][114.612s][info ][safepoint     ] Leaving safepoint region
[2023-11-16T09:14:54.560+0000][114.612s][info ][safepoint     ] Total time for which application threads were stopped: 0.0003417 seconds, Stopping threads took: 0.0000534 seconds
[2023-11-16T09:14:55.560+0000][115.612s][debug][safepoint     ] Safepoint synchronization initiated. (174 threads)
[2023-11-16T09:14:55.560+0000][115.612s][info ][safepoint     ] Application time: 1.0001571 seconds
[2023-11-16T09:14:55.560+0000][115.612s][info ][safepoint     ] Entering safepoint region: Cleanup
[2023-11-16T09:14:55.560+0000][115.612s][info ][safepoint     ] Leaving safepoint region
[2023-11-16T09:14:55.560+0000][115.612s][info ][safepoint     ] Total time for which application threads were stopped: 0.0003329 seconds, Stopping threads took: 0.0000535 seconds
[2023-11-16T09:14:56.560+0000][116.612s][debug][safepoint     ] Safepoint synchronization initiated. (174 threads)
[2023-11-16T09:14:56.560+0000][116.612s][info ][safepoint     ] Application time: 1.0001618 seconds
[2023-11-16T09:14:56.560+0000][116.612s][info ][safepoint     ] Entering safepoint region: Cleanup
[2023-11-16T09:14:56.561+0000][116.613s][info ][safepoint     ] Leaving safepoint region
[2023-11-16T09:14:56.561+0000][116.613s][info ][safepoint     ] Total time for which application threads were stopped: 0.0002459 seconds, Stopping threads took: 0.0000517 seconds
[2023-11-16T09:14:57.561+0000][117.613s][debug][safepoint     ] Safepoint synchronization initiated. (174 threads)
[2023-11-16T09:14:57.561+0000][117.613s][info ][safepoint     ] Application time: 1.0001578 seconds
[2023-11-16T09:14:57.561+0000][117.613s][info ][safepoint     ] Entering safepoint region: Cleanup
[2023-11-16T09:14:57.561+0000][117.613s][info ][safepoint     ] Leaving safepoint region
[2023-11-16T09:14:57.561+0000][117.613s][info ][safepoint     ] Total time for which application threads were stopped: 0.0002522 seconds, Stopping threads took: 0.0000503 seconds
[2023-11-16T09:14:58.561+0000][118.613s][debug][safepoint     ] Safepoint synchronization initiated. (174 threads)
[2023-11-16T09:14:58.561+0000][118.613s][info ][safepoint     ] Application time: 1.0001698 seconds
[2023-11-16T09:14:58.561+0000][118.613s][info ][safepoint     ] Entering safepoint region: Cleanup
[2023-11-16T09:14:58.562+0000][118.614s][info ][safepoint     ] Leaving safepoint region
[2023-11-16T09:14:58.562+0000][118.614s][info ][safepoint     ] Total time for which application threads were stopped: 0.0008250 seconds, Stopping threads took: 0.0004891 seconds
[2023-11-16T09:14:59.562+0000][119.614s][debug][safepoint     ] Safepoint synchronization initiated. (174 threads)
[2023-11-16T09:14:59.562+0000][119.614s][info ][safepoint     ] Application time: 1.0001709 seconds
[2023-11-16T09:14:59.562+0000][119.614s][info ][safepoint     ] Entering safepoint region: Cleanup
[2023-11-16T09:14:59.563+0000][119.615s][info ][safepoint     ] Leaving safepoint region
[2023-11-16T09:14:59.563+0000][119.615s][info ][safepoint     ] Total time for which application threads were stopped: 0.0003402 seconds, Stopping threads took: 0.0000510 seconds
[2023-11-16T09:15:00.563+0000][120.615s][debug][safepoint     ] Safepoint synchronization initiated. (174 threads)
[2023-11-16T09:15:00.563+0000][120.615s][info ][safepoint     ] Application time: 1.0001672 seconds
[2023-11-16T09:15:00.563+0000][120.615s][info ][safepoint     ] Entering safepoint region: Cleanup
[2023-11-16T09:15:00.563+0000][120.615s][info ][safepoint     ] Leaving safepoint region
[2023-11-16T09:15:00.563+0000][120.615s][info ][safepoint     ] Total time for which application threads were stopped: 0.0003381 seconds, Stopping threads took: 0.0000516 seconds
[2023-11-16T09:15:01.563+0000][121.615s][debug][safepoint     ] Safepoint synchronization initiated. (174 threads)
[2023-11-16T09:15:01.563+0000][121.615s][info ][safepoint     ] Application time: 1.0001258 seconds
[2023-11-16T09:15:01.563+0000][121.615s][info ][safepoint     ] Entering safepoint region: Cleanup
[2023-11-16T09:15:01.564+0000][121.615s][info ][safepoint     ] Leaving safepoint region
[2023-11-16T09:15:01.564+0000][121.615s][info ][safepoint     ] Total time for which application threads were stopped: 0.0001946 seconds, Stopping threads took: 0.0000344 seconds
[2023-11-16T09:15:02.564+0000][122.616s][debug][safepoint     ] Safepoint synchronization initiated. (174 threads)
[2023-11-16T09:15:02.564+0000][122.616s][info ][safepoint     ] Application time: 1.0001532 seconds
[2023-11-16T09:15:02.564+0000][122.616s][info ][safepoint     ] Entering safepoint region: Cleanup
[2023-11-16T09:15:02.564+0000][122.616s][info ][safepoint     ] Leaving safepoint region
[2023-11-16T09:15:02.564+0000][122.616s][info ][safepoint     ] Total time for which application threads were stopped: 0.0002310 seconds, Stopping threads took: 0.0000509 seconds
[2023-11-16T09:15:03.564+0000][123.616s][debug][safepoint     ] Safepoint synchronization initiated. (174 threads)
[2023-11-16T09:15:03.564+0000][123.616s][info ][safepoint     ] Application time: 1.0001609 seconds
[2023-11-16T09:15:03.564+0000][123.616s][info ][safepoint     ] Entering safepoint region: Cleanup
[2023-11-16T09:15:03.565+0000][123.617s][info ][safepoint     ] Leaving safepoint region
[2023-11-16T09:15:03.565+0000][123.617s][info ][safepoint     ] Total time for which application threads were stopped: 0.0008435 seconds, Stopping threads took: 0.0005752 seconds
[2023-11-16T09:15:04.565+0000][124.617s][debug][safepoint     ] Safepoint synchronization initiated. (174 threads)
[2023-11-16T09:15:04.565+0000][124.617s][info ][safepoint     ] Application time: 1.0001667 seconds
[2023-11-16T09:15:04.565+0000][124.617s][info ][safepoint     ] Entering safepoint region: Cleanup
[2023-11-16T09:15:04.565+0000][124.617s][info ][safepoint     ] Leaving safepoint region
[2023-11-16T09:15:04.566+0000][124.617s][info ][safepoint     ] Total time for which application threads were stopped: 0.0003424 seconds, Stopping threads took: 0.0000460 seconds
[2023-11-16T09:15:05.566+0000][125.618s][debug][safepoint     ] Safepoint synchronization initiated. (174 threads)
[2023-11-16T09:15:05.566+0000][125.618s][info ][safepoint     ] Application time: 1.0001606 seconds
[2023-11-16T09:15:05.566+0000][125.618s][info ][safepoint     ] Entering safepoint region: Cleanup
[2023-11-16T09:15:05.566+0000][125.618s][info ][safepoint     ] Leaving safepoint region
[2023-11-16T09:15:05.566+0000][125.618s][info ][safepoint     ] Total time for which application threads were stopped: 0.0003654 seconds, Stopping threads took: 0.0000483 seconds
[2023-11-16T09:15:06.566+0000][126.618s][debug][safepoint     ] Safepoint synchronization initiated. (174 threads)
[2023-11-16T09:15:06.566+0000][126.618s][info ][safepoint     ] Application time: 1.0001566 seconds
[2023-11-16T09:15:06.566+0000][126.618s][info ][safepoint     ] Entering safepoint region: Cleanup
[2023-11-16T09:15:06.567+0000][126.619s][info ][safepoint     ] Leaving safepoint region
[2023-11-16T09:15:06.567+0000][126.619s][info ][safepoint     ] Total time for which application threads were stopped: 0.0003451 seconds, Stopping threads took: 0.0000496 seconds
[2023-11-16T09:15:07.567+0000][127.619s][debug][safepoint     ] Safepoint synchronization initiated. (174 threads)
[2023-11-16T09:15:07.567+0000][127.619s][info ][safepoint     ] Application time: 1.0001706 seconds
[2023-11-16T09:15:07.567+0000][127.619s][info ][safepoint     ] Entering safepoint region: Cleanup
[2023-11-16T09:15:07.567+0000][127.619s][info ][safepoint     ] Leaving safepoint region
[2023-11-16T09:15:07.567+0000][127.619s][info ][safepoint     ] Total time for which application threads were stopped: 0.0003011 seconds, Stopping threads took: 0.0000510 seconds
[2023-11-16T09:15:08.567+0000][128.619s][debug][safepoint     ] Safepoint synchronization initiated. (174 threads)
[2023-11-16T09:15:08.567+0000][128.619s][info ][safepoint     ] Application time: 1.0001780 seconds
[2023-11-16T09:15:08.567+0000][128.619s][info ][safepoint     ] Entering safepoint region: Cleanup
[2023-11-16T09:15:08.568+0000][128.620s][info ][safepoint     ] Leaving safepoint region
[2023-11-16T09:15:08.568+0000][128.620s][info ][safepoint     ] Total time for which application threads were stopped: 0.0007583 seconds, Stopping threads took: 0.0004911 seconds
[2023-11-16T09:15:09.568+0000][129.620s][debug][safepoint     ] Safepoint synchronization initiated. (174 threads)
[2023-11-16T09:15:09.568+0000][129.620s][info ][safepoint     ] Application time: 1.0001558 seconds
[2023-11-16T09:15:09.568+0000][129.620s][info ][safepoint     ] Entering safepoint region: Cleanup
[2023-11-16T09:15:09.569+0000][129.621s][info ][safepoint     ] Leaving safepoint region
[2023-11-16T09:15:09.569+0000][129.621s][info ][safepoint     ] Total time for which application threads were stopped: 0.0003483 seconds, Stopping threads took: 0.0000518 seconds
[2023-11-16T09:15:10.569+0000][130.621s][debug][safepoint     ] Safepoint synchronization initiated. (174 threads)
[2023-11-16T09:15:10.569+0000][130.621s][info ][safepoint     ] Application time: 1.0001757 seconds
[2023-11-16T09:15:10.569+0000][130.621s][info ][safepoint     ] Entering safepoint region: Cleanup
[2023-11-16T09:15:10.569+0000][130.621s][info ][safepoint     ] Leaving safepoint region
[2023-11-16T09:15:10.569+0000][130.621s][info ][safepoint     ] Total time for which application threads were stopped: 0.0003538 seconds, Stopping threads took: 0.0000522 seconds
[2023-11-16T09:15:11.569+0000][131.621s][debug][safepoint     ] Safepoint synchronization initiated. (174 threads)
[2023-11-16T09:15:11.569+0000][131.621s][info ][safepoint     ] Application time: 1.0001703 seconds
[2023-11-16T09:15:11.569+0000][131.621s][info ][safepoint     ] Entering safepoint region: Cleanup
[2023-11-16T09:15:11.570+0000][131.622s][info ][safepoint     ] Leaving safepoint region
[2023-11-16T09:15:11.570+0000][131.622s][info ][safepoint     ] Total time for which application threads were stopped: 0.0002768 seconds, Stopping threads took: 0.0000514 seconds
[2023-11-16T09:15:12.570+0000][132.622s][debug][safepoint     ] Safepoint synchronization initiated. (174 threads)
[2023-11-16T09:15:12.570+0000][132.622s][info ][safepoint     ] Application time: 1.0001646 seconds
[2023-11-16T09:15:12.570+0000][132.622s][info ][safepoint     ] Entering safepoint region: Cleanup
[2023-11-16T09:15:12.570+0000][132.622s][info ][safepoint     ] Leaving safepoint region
[2023-11-16T09:15:12.570+0000][132.622s][info ][safepoint     ] Total time for which application threads were stopped: 0.0002735 seconds, Stopping threads took: 0.0000507 seconds
[2023-11-16T09:15:13.570+0000][133.622s][debug][safepoint     ] Safepoint synchronization initiated. (174 threads)
[2023-11-16T09:15:13.570+0000][133.622s][info ][safepoint     ] Application time: 1.0001735 seconds
[2023-11-16T09:15:13.570+0000][133.622s][info ][safepoint     ] Entering safepoint region: Cleanup
[2023-11-16T09:15:13.571+0000][133.623s][info ][safepoint     ] Leaving safepoint region
[2023-11-16T09:15:13.571+0000][133.623s][info ][safepoint     ] Total time for which application threads were stopped: 0.0008126 seconds, Stopping threads took: 0.0005598 seconds
[2023-11-16T09:15:14.571+0000][134.623s][debug][safepoint     ] Safepoint synchronization initiated. (174 threads)
[2023-11-16T09:15:14.571+0000][134.623s][info ][safepoint     ] Application time: 1.0001530 seconds
[2023-11-16T09:15:14.571+0000][134.623s][info ][safepoint     ] Entering safepoint region: Cleanup
[2023-11-16T09:15:14.572+0000][134.624s][info ][safepoint     ] Leaving safepoint region
[2023-11-16T09:15:14.572+0000][134.624s][info ][safepoint     ] Total time for which application threads were stopped: 0.0003517 seconds, Stopping threads took: 0.0000765 seconds
[2023-11-16T09:15:15.572+0000][135.624s][debug][safepoint     ] Safepoint synchronization initiated. (174 threads)
[2023-11-16T09:15:15.572+0000][135.624s][info ][safepoint     ] Application time: 1.0001661 seconds
[2023-11-16T09:15:15.572+0000][135.624s][info ][safepoint     ] Entering safepoint region: Cleanup
[2023-11-16T09:15:15.572+0000][135.624s][info ][safepoint     ] Leaving safepoint region
[2023-11-16T09:15:15.572+0000][135.624s][info ][safepoint     ] Total time for which application threads were stopped: 0.0003348 seconds, Stopping threads took: 0.0000526 seconds
[2023-11-16T09:15:16.572+0000][136.624s][debug][safepoint     ] Safepoint synchronization initiated. (174 threads)
[2023-11-16T09:15:16.572+0000][136.624s][info ][safepoint     ] Application time: 1.0001597 seconds
[2023-11-16T09:15:16.573+0000][136.624s][info ][safepoint     ] Entering safepoint region: Cleanup
[2023-11-16T09:15:16.573+0000][136.625s][info ][safepoint     ] Leaving safepoint region
[2023-11-16T09:15:16.573+0000][136.625s][info ][safepoint     ] Total time for which application threads were stopped: 0.0003371 seconds, Stopping threads took: 0.0000530 seconds
[2023-11-16T09:15:17.573+0000][137.625s][debug][safepoint     ] Safepoint synchronization initiated. (174 threads)
[2023-11-16T09:15:17.573+0000][137.625s][info ][safepoint     ] Application time: 1.0001874 seconds
[2023-11-16T09:15:17.573+0000][137.625s][info ][safepoint     ] Entering safepoint region: Cleanup
[2023-11-16T09:15:17.573+0000][137.625s][info ][safepoint     ] Leaving safepoint region
[2023-11-16T09:15:17.573+0000][137.625s][info ][safepoint     ] Total time for which application threads were stopped: 0.0003356 seconds, Stopping threads took: 0.0000508 seconds
[2023-11-16T09:15:18.574+0000][138.625s][debug][safepoint     ] Safepoint synchronization initiated. (174 threads)
[2023-11-16T09:15:18.574+0000][138.626s][info ][safepoint     ] Application time: 1.0001751 seconds
[2023-11-16T09:15:18.574+0000][138.626s][info ][safepoint     ] Entering safepoint region: Cleanup
[2023-11-16T09:15:18.574+0000][138.626s][info ][safepoint     ] Leaving safepoint region
[2023-11-16T09:15:18.574+0000][138.626s][info ][safepoint     ] Total time for which application threads were stopped: 0.0008427 seconds, Stopping threads took: 0.0005480 seconds
[2023-11-16T09:15:19.575+0000][139.627s][debug][safepoint     ] Safepoint synchronization initiated. (174 threads)
[2023-11-16T09:15:19.575+0000][139.627s][info ][safepoint     ] Application time: 1.0001540 seconds
[2023-11-16T09:15:19.575+0000][139.627s][info ][safepoint     ] Entering safepoint region: Cleanup
[2023-11-16T09:15:19.575+0000][139.627s][info ][safepoint     ] Leaving safepoint region
[2023-11-16T09:15:19.575+0000][139.627s][info ][safepoint     ] Total time for which application threads were stopped: 0.0003361 seconds, Stopping threads took: 0.0000512 seconds
[2023-11-16T09:15:20.575+0000][140.627s][debug][safepoint     ] Safepoint synchronization initiated. (174 threads)
[2023-11-16T09:15:20.575+0000][140.627s][info ][safepoint     ] Application time: 1.0001748 seconds
[2023-11-16T09:15:20.575+0000][140.627s][info ][safepoint     ] Entering safepoint region: Cleanup
[2023-11-16T09:15:20.575+0000][140.627s][info ][safepoint     ] Leaving safepoint region
[2023-11-16T09:15:20.575+0000][140.627s][info ][safepoint     ] Total time for which application threads were stopped: 0.0002641 seconds, Stopping threads took: 0.0000512 seconds
[2023-11-16T09:15:21.576+0000][141.628s][debug][safepoint     ] Safepoint synchronization initiated. (174 threads)
[2023-11-16T09:15:21.576+0000][141.628s][info ][safepoint     ] Application time: 1.0001589 seconds
[2023-11-16T09:15:21.576+0000][141.628s][info ][safepoint     ] Entering safepoint region: Cleanup
[2023-11-16T09:15:21.576+0000][141.628s][info ][safepoint     ] Leaving safepoint region
[2023-11-16T09:15:21.576+0000][141.628s][info ][safepoint     ] Total time for which application threads were stopped: 0.0003356 seconds, Stopping threads took: 0.0000520 seconds
[2023-11-16T09:15:22.576+0000][142.628s][debug][safepoint     ] Safepoint synchronization initiated. (174 threads)
[2023-11-16T09:15:22.576+0000][142.628s][info ][safepoint     ] Application time: 1.0001540 seconds
[2023-11-16T09:15:22.576+0000][142.628s][info ][safepoint     ] Entering safepoint region: Cleanup
[2023-11-16T09:15:22.576+0000][142.628s][info ][safepoint     ] Leaving safepoint region
[2023-11-16T09:15:22.577+0000][142.628s][info ][safepoint     ] Total time for which application threads were stopped: 0.0003353 seconds, Stopping threads took: 0.0000506 seconds
[2023-11-16T09:15:23.577+0000][143.629s][debug][safepoint     ] Safepoint synchronization initiated. (174 threads)
[2023-11-16T09:15:23.577+0000][143.629s][info ][safepoint     ] Application time: 1.0006008 seconds
[2023-11-16T09:15:23.577+0000][143.629s][info ][safepoint     ] Entering safepoint region: Cleanup
[2023-11-16T09:15:23.577+0000][143.629s][info ][safepoint     ] Leaving safepoint region
[2023-11-16T09:15:23.578+0000][143.629s][info ][safepoint     ] Total time for which application threads were stopped: 0.0003329 seconds, Stopping threads took: 0.0000535 seconds
[2023-11-16T09:15:24.578+0000][144.630s][debug][safepoint     ] Safepoint synchronization initiated. (174 threads)
[2023-11-16T09:15:24.578+0000][144.630s][info ][safepoint     ] Application time: 1.0001708 seconds
[2023-11-16T09:15:24.578+0000][144.630s][info ][safepoint     ] Entering safepoint region: Cleanup
[2023-11-16T09:15:24.578+0000][144.630s][info ][safepoint     ] Leaving safepoint region
[2023-11-16T09:15:24.578+0000][144.630s][info ][safepoint     ] Total time for which application threads were stopped: 0.0003347 seconds, Stopping threads took: 0.0000510 seconds
[2023-11-16T09:15:25.578+0000][145.630s][debug][safepoint     ] Safepoint synchronization initiated. (174 threads)
[2023-11-16T09:15:25.578+0000][145.630s][info ][safepoint     ] Application time: 1.0001687 seconds
[2023-11-16T09:15:25.578+0000][145.630s][info ][safepoint     ] Entering safepoint region: Cleanup
[2023-11-16T09:15:25.579+0000][145.631s][info ][safepoint     ] Leaving safepoint region
[2023-11-16T09:15:25.579+0000][145.631s][info ][safepoint     ] Total time for which application threads were stopped: 0.0003401 seconds, Stopping threads took: 0.0000508 seconds
[2023-11-16T09:15:26.579+0000][146.631s][debug][safepoint     ] Safepoint synchronization initiated. (174 threads)
[2023-11-16T09:15:26.579+0000][146.631s][info ][safepoint     ] Application time: 1.0001719 seconds
[2023-11-16T09:15:26.579+0000][146.631s][info ][safepoint     ] Entering safepoint region: Cleanup
[2023-11-16T09:15:26.579+0000][146.631s][info ][safepoint     ] Leaving safepoint region
[2023-11-16T09:15:26.579+0000][146.631s][info ][safepoint     ] Total time for which application threads were stopped: 0.0003403 seconds, Stopping threads took: 0.0000519 seconds
[2023-11-16T09:15:27.579+0000][147.631s][debug][safepoint     ] Safepoint synchronization initiated. (174 threads)
[2023-11-16T09:15:27.579+0000][147.631s][info ][safepoint     ] Application time: 1.0001724 seconds
[2023-11-16T09:15:27.579+0000][147.631s][info ][safepoint     ] Entering safepoint region: Cleanup
[2023-11-16T09:15:27.580+0000][147.632s][info ][safepoint     ] Leaving safepoint region
[2023-11-16T09:15:27.580+0000][147.632s][info ][safepoint     ] Total time for which application threads were stopped: 0.0002988 seconds, Stopping threads took: 0.0000509 seconds
[2023-11-16T09:15:28.580+0000][148.632s][debug][safepoint     ] Safepoint synchronization initiated. (174 threads)
[2023-11-16T09:15:28.580+0000][148.632s][info ][safepoint     ] Application time: 1.0001791 seconds
[2023-11-16T09:15:28.580+0000][148.632s][info ][safepoint     ] Entering safepoint region: Cleanup
[2023-11-16T09:15:28.581+0000][148.632s][info ][safepoint     ] Leaving safepoint region
[2023-11-16T09:15:28.581+0000][148.633s][info ][safepoint     ] Total time for which application threads were stopped: 0.0006990 seconds, Stopping threads took: 0.0004607 seconds
[2023-11-16T09:15:29.581+0000][149.633s][debug][safepoint     ] Safepoint synchronization initiated. (174 threads)
[2023-11-16T09:15:29.581+0000][149.633s][info ][safepoint     ] Application time: 1.0001719 seconds
[2023-11-16T09:15:29.581+0000][149.633s][info ][safepoint     ] Entering safepoint region: Cleanup
[2023-11-16T09:15:29.581+0000][149.633s][info ][safepoint     ] Leaving safepoint region
[2023-11-16T09:15:29.581+0000][149.633s][info ][safepoint     ] Total time for which application threads were stopped: 0.0003443 seconds, Stopping threads took: 0.0000534 seconds
[2023-11-16T09:15:30.581+0000][150.633s][debug][safepoint     ] Safepoint synchronization initiated. (174 threads)
[2023-11-16T09:15:30.581+0000][150.633s][info ][safepoint     ] Application time: 1.0001739 seconds
[2023-11-16T09:15:30.581+0000][150.633s][info ][safepoint     ] Entering safepoint region: Cleanup
[2023-11-16T09:15:30.582+0000][150.634s][info ][safepoint     ] Leaving safepoint region
[2023-11-16T09:15:30.582+0000][150.634s][info ][safepoint     ] Total time for which application threads were stopped: 0.0003454 seconds, Stopping threads took: 0.0000537 seconds
[2023-11-16T09:15:30.582+0000][150.634s][debug][safepoint     ] ... found polling page return exception at pc = 0x00007f07c441fb82, stub =0x00007f07bc83a800
[2023-11-16T09:15:30.582+0000][150.634s][debug][safepoint     ] ... found polling page return exception at pc = 0x00007f07c441fb82, stub =0x00007f07bc83a800
[2023-11-16T09:15:31.582+0000][151.634s][debug][safepoint     ] Safepoint synchronization initiated. (174 threads)
[2023-11-16T09:15:31.582+0000][151.634s][info ][safepoint     ] Application time: 1.0001732 seconds
[2023-11-16T09:15:31.582+0000][151.634s][info ][safepoint     ] Entering safepoint region: Cleanup
[2023-11-16T09:15:31.582+0000][151.634s][info ][safepoint     ] Leaving safepoint region
[2023-11-16T09:15:31.582+0000][151.634s][info ][safepoint     ] Total time for which application threads were stopped: 0.0002586 seconds, Stopping threads took: 0.0000516 seconds
[2023-11-16T09:15:32.582+0000][152.634s][debug][safepoint     ] Safepoint synchronization initiated. (174 threads)
[2023-11-16T09:15:32.582+0000][152.634s][info ][safepoint     ] Application time: 1.0001641 seconds
[2023-11-16T09:15:32.582+0000][152.634s][info ][safepoint     ] Entering safepoint region: Cleanup
[2023-11-16T09:15:32.583+0000][152.635s][info ][safepoint     ] Leaving safepoint region
[2023-11-16T09:15:32.583+0000][152.635s][info ][safepoint     ] Total time for which application threads were stopped: 0.0003390 seconds, Stopping threads took: 0.0000509 seconds
[2023-11-16T09:15:33.583+0000][153.635s][debug][safepoint     ] Safepoint synchronization initiated. (174 threads)
[2023-11-16T09:15:33.583+0000][153.635s][info ][safepoint     ] Application time: 1.0001710 seconds
[2023-11-16T09:15:33.583+0000][153.635s][info ][safepoint     ] Entering safepoint region: Cleanup
[2023-11-16T09:15:33.584+0000][153.636s][info ][safepoint     ] Leaving safepoint region
[2023-11-16T09:15:33.584+0000][153.636s][info ][safepoint     ] Total time for which application threads were stopped: 0.0009212 seconds, Stopping threads took: 0.0005943 seconds
[2023-11-16T09:15:34.584+0000][154.636s][debug][safepoint     ] Safepoint synchronization initiated. (174 threads)
[2023-11-16T09:15:34.584+0000][154.636s][info ][safepoint     ] Application time: 1.0001651 seconds
[2023-11-16T09:15:34.584+0000][154.636s][info ][safepoint     ] Entering safepoint region: Cleanup
[2023-11-16T09:15:34.584+0000][154.636s][info ][safepoint     ] Leaving safepoint region
[2023-11-16T09:15:34.584+0000][154.636s][info ][safepoint     ] Total time for which application threads were stopped: 0.0002651 seconds, Stopping threads took: 0.0000514 seconds
[2023-11-16T09:15:35.584+0000][155.636s][debug][safepoint     ] Safepoint synchronization initiated. (174 threads)
[2023-11-16T09:15:35.584+0000][155.636s][info ][safepoint     ] Application time: 1.0001550 seconds
[2023-11-16T09:15:35.584+0000][155.636s][info ][safepoint     ] Entering safepoint region: Cleanup
[2023-11-16T09:15:35.585+0000][155.637s][info ][safepoint     ] Leaving safepoint region
[2023-11-16T09:15:35.585+0000][155.637s][info ][safepoint     ] Total time for which application threads were stopped: 0.0003397 seconds, Stopping threads took: 0.0000514 seconds
[2023-11-16T09:15:36.585+0000][156.637s][debug][safepoint     ] Safepoint synchronization initiated. (174 threads)
[2023-11-16T09:15:36.585+0000][156.637s][info ][safepoint     ] Application time: 1.0001577 seconds
[2023-11-16T09:15:36.585+0000][156.637s][info ][safepoint     ] Entering safepoint region: Cleanup
[2023-11-16T09:15:36.585+0000][156.637s][info ][safepoint     ] Leaving safepoint region
[2023-11-16T09:15:36.585+0000][156.637s][info ][safepoint     ] Total time for which application threads were stopped: 0.0003424 seconds, Stopping threads took: 0.0000474 seconds
[2023-11-16T09:15:37.585+0000][157.637s][debug][safepoint     ] Safepoint synchronization initiated. (174 threads)
[2023-11-16T09:15:37.586+0000][157.637s][info ][safepoint     ] Application time: 1.0001619 seconds
[2023-11-16T09:15:37.586+0000][157.638s][info ][safepoint     ] Entering safepoint region: Cleanup
[2023-11-16T09:15:37.586+0000][157.638s][info ][safepoint     ] Leaving safepoint region
[2023-11-16T09:15:37.586+0000][157.638s][info ][safepoint     ] Total time for which application threads were stopped: 0.0002998 seconds, Stopping threads took: 0.0000502 seconds
[2023-11-16T09:15:38.586+0000][158.638s][debug][safepoint     ] Safepoint synchronization initiated. (171 threads)
[2023-11-16T09:15:38.586+0000][158.638s][info ][safepoint     ] Application time: 1.0001363 seconds
[2023-11-16T09:15:38.586+0000][158.638s][info ][safepoint     ] Entering safepoint region: Cleanup
[2023-11-16T09:15:38.587+0000][158.639s][info ][safepoint     ] Leaving safepoint region
[2023-11-16T09:15:38.587+0000][158.639s][info ][safepoint     ] Total time for which application threads were stopped: 0.0006891 seconds, Stopping threads took: 0.0004406 seconds
[2023-11-16T09:15:39.587+0000][159.639s][debug][safepoint     ] Safepoint synchronization initiated. (171 threads)
[2023-11-16T09:15:39.587+0000][159.639s][info ][safepoint     ] Application time: 1.0001755 seconds
[2023-11-16T09:15:39.587+0000][159.639s][info ][safepoint     ] Entering safepoint region: Cleanup
[2023-11-16T09:15:39.587+0000][159.639s][info ][safepoint     ] Leaving safepoint region
[2023-11-16T09:15:39.587+0000][159.639s][info ][safepoint     ] Total time for which application threads were stopped: 0.0003242 seconds, Stopping threads took: 0.0000481 seconds
[2023-11-16T09:15:40.587+0000][160.639s][debug][safepoint     ] Safepoint synchronization initiated. (171 threads)
[2023-11-16T09:15:40.587+0000][160.639s][info ][safepoint     ] Application time: 1.0001422 seconds
[2023-11-16T09:15:40.587+0000][160.639s][info ][safepoint     ] Entering safepoint region: Cleanup
[2023-11-16T09:15:40.588+0000][160.640s][info ][safepoint     ] Leaving safepoint region
[2023-11-16T09:15:40.588+0000][160.640s][info ][safepoint     ] Total time for which application threads were stopped: 0.0003583 seconds, Stopping threads took: 0.0000575 seconds
[2023-11-16T09:15:41.588+0000][161.640s][debug][safepoint     ] Safepoint synchronization initiated. (171 threads)
[2023-11-16T09:15:41.588+0000][161.640s][info ][safepoint     ] Application time: 1.0001366 seconds
[2023-11-16T09:15:41.588+0000][161.640s][info ][safepoint     ] Entering safepoint region: Cleanup
[2023-11-16T09:15:41.588+0000][161.640s][info ][safepoint     ] Leaving safepoint region
[2023-11-16T09:15:41.588+0000][161.640s][info ][safepoint     ] Total time for which application threads were stopped: 0.0002640 seconds, Stopping threads took: 0.0000500 seconds
[2023-11-16T09:15:42.588+0000][162.640s][debug][safepoint     ] Safepoint synchronization initiated. (171 threads)
[2023-11-16T09:15:42.588+0000][162.640s][info ][safepoint     ] Application time: 1.0001525 seconds
[2023-11-16T09:15:42.588+0000][162.640s][info ][safepoint     ] Entering safepoint region: Cleanup
[2023-11-16T09:15:42.589+0000][162.641s][info ][safepoint     ] Leaving safepoint region
[2023-11-16T09:15:42.589+0000][162.641s][info ][safepoint     ] Total time for which application threads were stopped: 0.0002524 seconds, Stopping threads took: 0.0000500 seconds
[2023-11-16T09:15:43.589+0000][163.641s][debug][safepoint     ] Safepoint synchronization initiated. (171 threads)
[2023-11-16T09:15:43.589+0000][163.641s][info ][safepoint     ] Application time: 1.0001577 seconds
[2023-11-16T09:15:43.589+0000][163.641s][info ][safepoint     ] Entering safepoint region: Cleanup
[2023-11-16T09:15:43.590+0000][163.642s][info ][safepoint     ] Leaving safepoint region
[2023-11-16T09:15:43.590+0000][163.642s][debug][safepoint     ] ... found polling page return exception at pc = 0x00007f07c441fb82, stub =0x00007f07bc83a800
[2023-11-16T09:15:43.590+0000][163.642s][info ][safepoint     ] Total time for which application threads were stopped: 0.0007757 seconds, Stopping threads took: 0.0005333 seconds
[2023-11-16T09:15:44.590+0000][164.642s][debug][safepoint     ] Safepoint synchronization initiated. (171 threads)
[2023-11-16T09:15:44.590+0000][164.642s][info ][safepoint     ] Application time: 1.0001710 seconds
[2023-11-16T09:15:44.590+0000][164.642s][info ][safepoint     ] Entering safepoint region: Cleanup
[2023-11-16T09:15:44.590+0000][164.642s][info ][safepoint     ] Leaving safepoint region
[2023-11-16T09:15:44.590+0000][164.642s][info ][safepoint     ] Total time for which application threads were stopped: 0.0003371 seconds, Stopping threads took: 0.0000499 seconds
[2023-11-16T09:15:45.590+0000][165.642s][debug][safepoint     ] Safepoint synchronization initiated. (171 threads)
[2023-11-16T09:15:45.590+0000][165.642s][info ][safepoint     ] Application time: 1.0001645 seconds
[2023-11-16T09:15:45.590+0000][165.642s][info ][safepoint     ] Entering safepoint region: Cleanup
[2023-11-16T09:15:45.591+0000][165.643s][info ][safepoint     ] Leaving safepoint region
[2023-11-16T09:15:45.591+0000][165.643s][info ][safepoint     ] Total time for which application threads were stopped: 0.0003616 seconds, Stopping threads took: 0.0000507 seconds
[2023-11-16T09:15:46.591+0000][166.643s][debug][safepoint     ] Safepoint synchronization initiated. (171 threads)
[2023-11-16T09:15:46.591+0000][166.643s][info ][safepoint     ] Application time: 1.0001914 seconds
[2023-11-16T09:15:46.591+0000][166.643s][info ][safepoint     ] Entering safepoint region: Cleanup
[2023-11-16T09:15:46.591+0000][166.643s][info ][safepoint     ] Leaving safepoint region
[2023-11-16T09:15:46.591+0000][166.643s][info ][safepoint     ] Total time for which application threads were stopped: 0.0002572 seconds, Stopping threads took: 0.0000500 seconds
[2023-11-16T09:15:47.591+0000][167.643s][debug][safepoint     ] Safepoint synchronization initiated. (171 threads)
[2023-11-16T09:15:47.591+0000][167.643s][info ][safepoint     ] Application time: 1.0001643 seconds
[2023-11-16T09:15:47.592+0000][167.643s][info ][safepoint     ] Entering safepoint region: Cleanup
[2023-11-16T09:15:47.592+0000][167.644s][info ][safepoint     ] Leaving safepoint region
[2023-11-16T09:15:47.592+0000][167.644s][info ][safepoint     ] Total time for which application threads were stopped: 0.0002585 seconds, Stopping threads took: 0.0000531 seconds
[2023-11-16T09:15:48.592+0000][168.644s][debug][safepoint     ] Safepoint synchronization initiated. (171 threads)
[2023-11-16T09:15:48.592+0000][168.644s][info ][safepoint     ] Application time: 1.0001663 seconds
[2023-11-16T09:15:48.592+0000][168.644s][info ][safepoint     ] Entering safepoint region: Cleanup
[2023-11-16T09:15:48.593+0000][168.645s][info ][safepoint     ] Leaving safepoint region
[2023-11-16T09:15:48.593+0000][168.645s][info ][safepoint     ] Total time for which application threads were stopped: 0.0007226 seconds, Stopping threads took: 0.0005110 seconds
[2023-11-16T09:15:49.593+0000][169.645s][debug][safepoint     ] Safepoint synchronization initiated. (171 threads)
[2023-11-16T09:15:49.593+0000][169.645s][info ][safepoint     ] Application time: 1.0001424 seconds
[2023-11-16T09:15:49.593+0000][169.645s][info ][safepoint     ] Entering safepoint region: Cleanup
[2023-11-16T09:15:49.593+0000][169.645s][info ][safepoint     ] Leaving safepoint region
[2023-11-16T09:15:49.593+0000][169.645s][info ][safepoint     ] Total time for which application threads were stopped: 0.0003378 seconds, Stopping threads took: 0.0000509 seconds
[2023-11-16T09:15:50.593+0000][170.645s][debug][safepoint     ] Safepoint synchronization initiated. (171 threads)
[2023-11-16T09:15:50.593+0000][170.645s][info ][safepoint     ] Application time: 1.0001510 seconds
[2023-11-16T09:15:50.593+0000][170.645s][info ][safepoint     ] Entering safepoint region: Cleanup
[2023-11-16T09:15:50.594+0000][170.646s][info ][safepoint     ] Leaving safepoint region
[2023-11-16T09:15:50.594+0000][170.646s][info ][safepoint     ] Total time for which application threads were stopped: 0.0003083 seconds, Stopping threads took: 0.0000492 seconds
[2023-11-16T09:15:50.594+0000][170.646s][debug][safepoint     ] ... found polling page return exception at pc = 0x00007f07c441fb82, stub =0x00007f07bc83a800
[2023-11-16T09:15:50.594+0000][170.646s][debug][safepoint     ] ... found polling page return exception at pc = 0x00007f07c441fb82, stub =0x00007f07bc83a800
[2023-11-16T09:15:50.594+0000][170.646s][debug][safepoint     ] ... found polling page return exception at pc = 0x00007f07c441fb82, stub =0x00007f07bc83a800
[2023-11-16T09:15:51.594+0000][171.646s][debug][safepoint     ] Safepoint synchronization initiated. (171 threads)
[2023-11-16T09:15:51.594+0000][171.646s][info ][safepoint     ] Application time: 1.0001613 seconds
[2023-11-16T09:15:51.594+0000][171.646s][info ][safepoint     ] Entering safepoint region: Cleanup
[2023-11-16T09:15:51.594+0000][171.646s][info ][safepoint     ] Leaving safepoint region
[2023-11-16T09:15:51.594+0000][171.646s][info ][safepoint     ] Total time for which application threads were stopped: 0.0002568 seconds, Stopping threads took: 0.0000503 seconds
[2023-11-16T09:15:52.594+0000][172.646s][debug][safepoint     ] Safepoint synchronization initiated. (171 threads)
[2023-11-16T09:15:52.594+0000][172.646s][info ][safepoint     ] Application time: 1.0001776 seconds
[2023-11-16T09:15:52.594+0000][172.646s][info ][safepoint     ] Entering safepoint region: Cleanup
[2023-11-16T09:15:52.595+0000][172.647s][info ][safepoint     ] Leaving safepoint region
[2023-11-16T09:15:52.595+0000][172.647s][info ][safepoint     ] Total time for which application threads were stopped: 0.0003415 seconds, Stopping threads took: 0.0000503 seconds
[2023-11-16T09:15:53.595+0000][173.647s][debug][safepoint     ] Safepoint synchronization initiated. (171 threads)
[2023-11-16T09:15:53.595+0000][173.647s][info ][safepoint     ] Application time: 1.0001690 seconds
[2023-11-16T09:15:53.595+0000][173.647s][info ][safepoint     ] Entering safepoint region: Cleanup
[2023-11-16T09:15:53.596+0000][173.648s][info ][safepoint     ] Leaving safepoint region
[2023-11-16T09:15:53.596+0000][173.648s][info ][safepoint     ] Total time for which application threads were stopped: 0.0007737 seconds, Stopping threads took: 0.0005031 seconds
[2023-11-16T09:15:54.596+0000][174.648s][debug][safepoint     ] Safepoint synchronization initiated. (171 threads)
[2023-11-16T09:15:54.596+0000][174.648s][info ][safepoint     ] Application time: 1.0001563 seconds
[2023-11-16T09:15:54.596+0000][174.648s][info ][safepoint     ] Entering safepoint region: Cleanup
[2023-11-16T09:15:54.596+0000][174.648s][info ][safepoint     ] Leaving safepoint region
[2023-11-16T09:15:54.596+0000][174.648s][info ][safepoint     ] Total time for which application threads were stopped: 0.0003326 seconds, Stopping threads took: 0.0000491 seconds
[2023-11-16T09:15:55.596+0000][175.648s][debug][safepoint     ] Safepoint synchronization initiated. (171 threads)
[2023-11-16T09:15:55.596+0000][175.648s][info ][safepoint     ] Application time: 1.0001537 seconds
[2023-11-16T09:15:55.596+0000][175.648s][info ][safepoint     ] Entering safepoint region: Cleanup
[2023-11-16T09:15:55.597+0000][175.649s][info ][safepoint     ] Leaving safepoint region
[2023-11-16T09:15:55.597+0000][175.649s][info ][safepoint     ] Total time for which application threads were stopped: 0.0003259 seconds, Stopping threads took: 0.0000500 seconds
[2023-11-16T09:15:56.597+0000][176.649s][debug][safepoint     ] Safepoint synchronization initiated. (171 threads)
[2023-11-16T09:15:56.597+0000][176.649s][info ][safepoint     ] Application time: 1.0001404 seconds
[2023-11-16T09:15:56.597+0000][176.649s][info ][safepoint     ] Entering safepoint region: Cleanup
[2023-11-16T09:15:56.597+0000][176.649s][info ][safepoint     ] Leaving safepoint region
[2023-11-16T09:15:56.597+0000][176.649s][info ][safepoint     ] Total time for which application threads were stopped: 0.0003304 seconds, Stopping threads took: 0.0000499 seconds
[2023-11-16T09:15:57.597+0000][177.649s][debug][safepoint     ] Safepoint synchronization initiated. (171 threads)
[2023-11-16T09:15:57.597+0000][177.649s][info ][safepoint     ] Application time: 1.0001601 seconds
[2023-11-16T09:15:57.597+0000][177.649s][info ][safepoint     ] Entering safepoint region: Cleanup
[2023-11-16T09:15:57.598+0000][177.650s][info ][safepoint     ] Leaving safepoint region
[2023-11-16T09:15:57.598+0000][177.650s][info ][safepoint     ] Total time for which application threads were stopped: 0.0003327 seconds, Stopping threads took: 0.0000535 seconds
[2023-11-16T09:15:58.598+0000][178.650s][debug][safepoint     ] Safepoint synchronization initiated. (171 threads)
[2023-11-16T09:15:58.598+0000][178.650s][info ][safepoint     ] Application time: 1.0001871 seconds
[2023-11-16T09:15:58.598+0000][178.650s][info ][safepoint     ] Entering safepoint region: Cleanup
[2023-11-16T09:15:58.598+0000][178.650s][info ][safepoint     ] Leaving safepoint region
[2023-11-16T09:15:58.598+0000][178.650s][info ][safepoint     ] Total time for which application threads were stopped: 0.0003128 seconds, Stopping threads took: 0.0000506 seconds
[2023-11-16T09:15:59.598+0000][179.650s][debug][safepoint     ] Safepoint synchronization initiated. (171 threads)
[2023-11-16T09:15:59.598+0000][179.650s][info ][safepoint     ] Application time: 1.0001727 seconds
[2023-11-16T09:15:59.599+0000][179.650s][info ][safepoint     ] Entering safepoint region: Cleanup
[2023-11-16T09:15:59.599+0000][179.651s][info ][safepoint     ] Leaving safepoint region
[2023-11-16T09:15:59.599+0000][179.651s][info ][safepoint     ] Total time for which application threads were stopped: 0.0003336 seconds, Stopping threads took: 0.0000511 seconds
[2023-11-16T09:16:00.599+0000][180.651s][debug][safepoint     ] Safepoint synchronization initiated. (171 threads)
[2023-11-16T09:16:00.599+0000][180.651s][info ][safepoint     ] Application time: 1.0001685 seconds
[2023-11-16T09:16:00.599+0000][180.651s][info ][safepoint     ] Entering safepoint region: Cleanup
[2023-11-16T09:16:00.599+0000][180.651s][info ][safepoint     ] Leaving safepoint region
[2023-11-16T09:16:00.599+0000][180.651s][info ][safepoint     ] Total time for which application threads were stopped: 0.0003402 seconds, Stopping threads took: 0.0000508 seconds
[2023-11-16T09:16:01.599+0000][181.651s][debug][safepoint     ] Safepoint synchronization initiated. (171 threads)
[2023-11-16T09:16:01.600+0000][181.652s][info ][safepoint     ] Application time: 1.0001754 seconds
[2023-11-16T09:16:01.600+0000][181.652s][info ][safepoint     ] Entering safepoint region: Cleanup
[2023-11-16T09:16:01.600+0000][181.652s][info ][safepoint     ] Leaving safepoint region
[2023-11-16T09:16:01.600+0000][181.652s][info ][safepoint     ] Total time for which application threads were stopped: 0.0002516 seconds, Stopping threads took: 0.0000510 seconds
[2023-11-16T09:16:02.600+0000][182.652s][debug][safepoint     ] Safepoint synchronization initiated. (171 threads)
[2023-11-16T09:16:02.600+0000][182.652s][info ][safepoint     ] Application time: 1.0001533 seconds
[2023-11-16T09:16:02.600+0000][182.652s][info ][safepoint     ] Entering safepoint region: Cleanup
[2023-11-16T09:16:02.600+0000][182.652s][info ][safepoint     ] Leaving safepoint region
[2023-11-16T09:16:02.600+0000][182.652s][info ][safepoint     ] Total time for which application threads were stopped: 0.0003384 seconds, Stopping threads took: 0.0000505 seconds
[2023-11-16T09:16:03.600+0000][183.652s][debug][safepoint     ] Safepoint synchronization initiated. (171 threads)
[2023-11-16T09:16:03.601+0000][183.652s][info ][safepoint     ] Application time: 1.0001622 seconds
[2023-11-16T09:16:03.601+0000][183.653s][info ][safepoint     ] Entering safepoint region: Cleanup
[2023-11-16T09:16:03.601+0000][183.653s][info ][safepoint     ] Leaving safepoint region
[2023-11-16T09:16:03.602+0000][183.653s][info ][safepoint     ] Total time for which application threads were stopped: 0.0009933 seconds, Stopping threads took: 0.0006568 seconds
[2023-11-16T09:16:04.602+0000][184.654s][debug][safepoint     ] Safepoint synchronization initiated. (171 threads)
[2023-11-16T09:16:04.602+0000][184.654s][info ][safepoint     ] Application time: 1.0001930 seconds
[2023-11-16T09:16:04.602+0000][184.654s][debug][safepoint     ] ... found polling page return exception at pc = 0x00007f07c46007fb, stub =0x00007f07bc83a800
[2023-11-16T09:16:04.602+0000][184.654s][debug][safepoint     ] ... found polling page return exception at pc = 0x00007f07c433549d, stub =0x00007f07bc83a800
[2023-11-16T09:16:04.602+0000][184.654s][debug][safepoint     ] Waiting for 2 thread(s) to block
[2023-11-16T09:16:04.602+0000][184.654s][info ][safepoint     ] Entering safepoint region: Cleanup
[2023-11-16T09:16:04.602+0000][184.654s][info ][safepoint     ] Leaving safepoint region
[2023-11-16T09:16:04.602+0000][184.654s][info ][safepoint     ] Total time for which application threads were stopped: 0.0006783 seconds, Stopping threads took: 0.0003244 seconds
[2023-11-16T09:16:05.603+0000][185.655s][debug][safepoint     ] Safepoint synchronization initiated. (171 threads)
[2023-11-16T09:16:05.603+0000][185.655s][info ][safepoint     ] Application time: 1.0001218 seconds
[2023-11-16T09:16:05.603+0000][185.655s][info ][safepoint     ] Entering safepoint region: Cleanup
[2023-11-16T09:16:05.603+0000][185.655s][info ][safepoint     ] Leaving safepoint region
[2023-11-16T09:16:05.603+0000][185.655s][info ][safepoint     ] Total time for which application threads were stopped: 0.0002381 seconds, Stopping threads took: 0.0000466 seconds
[2023-11-16T09:16:06.603+0000][186.655s][debug][safepoint     ] Safepoint synchronization initiated. (171 threads)
[2023-11-16T09:16:06.603+0000][186.655s][info ][safepoint     ] Application time: 1.0001650 seconds
[2023-11-16T09:16:06.603+0000][186.655s][info ][safepoint     ] Entering safepoint region: Cleanup
[2023-11-16T09:16:06.603+0000][186.655s][info ][safepoint     ] Leaving safepoint region
[2023-11-16T09:16:06.603+0000][186.655s][info ][safepoint     ] Total time for which application threads were stopped: 0.0003632 seconds, Stopping threads took: 0.0000517 seconds
[2023-11-16T09:16:07.604+0000][187.656s][debug][safepoint     ] Safepoint synchronization initiated. (171 threads)
[2023-11-16T09:16:07.604+0000][187.656s][info ][safepoint     ] Application time: 1.0001520 seconds
[2023-11-16T09:16:07.604+0000][187.656s][info ][safepoint     ] Entering safepoint region: Cleanup
[2023-11-16T09:16:07.604+0000][187.656s][info ][safepoint     ] Leaving safepoint region
[2023-11-16T09:16:07.604+0000][187.656s][info ][safepoint     ] Total time for which application threads were stopped: 0.0003363 seconds, Stopping threads took: 0.0000519 seconds
[2023-11-16T09:16:08.604+0000][188.656s][debug][safepoint     ] Safepoint synchronization initiated. (171 threads)
[2023-11-16T09:16:08.604+0000][188.656s][info ][safepoint     ] Application time: 1.0001962 seconds
[2023-11-16T09:16:08.604+0000][188.656s][info ][safepoint     ] Entering safepoint region: Cleanup
[2023-11-16T09:16:08.605+0000][188.657s][info ][safepoint     ] Leaving safepoint region
[2023-11-16T09:16:08.605+0000][188.657s][info ][safepoint     ] Total time for which application threads were stopped: 0.0007142 seconds, Stopping threads took: 0.0004234 seconds
[2023-11-16T09:16:09.605+0000][189.657s][debug][safepoint     ] Safepoint synchronization initiated. (171 threads)
[2023-11-16T09:16:09.605+0000][189.657s][info ][safepoint     ] Application time: 1.0001757 seconds
[2023-11-16T09:16:09.605+0000][189.657s][info ][safepoint     ] Entering safepoint region: Cleanup
[2023-11-16T09:16:09.605+0000][189.657s][info ][safepoint     ] Leaving safepoint region
[2023-11-16T09:16:09.605+0000][189.657s][info ][safepoint     ] Total time for which application threads were stopped: 0.0003324 seconds, Stopping threads took: 0.0000519 seconds
[2023-11-16T09:16:10.606+0000][190.658s][debug][safepoint     ] Safepoint synchronization initiated. (171 threads)
[2023-11-16T09:16:10.606+0000][190.658s][info ][safepoint     ] Application time: 1.0001749 seconds
[2023-11-16T09:16:10.606+0000][190.658s][info ][safepoint     ] Entering safepoint region: Cleanup
[2023-11-16T09:16:10.606+0000][190.658s][info ][safepoint     ] Leaving safepoint region
[2023-11-16T09:16:10.606+0000][190.658s][info ][safepoint     ] Total time for which application threads were stopped: 0.0003331 seconds, Stopping threads took: 0.0000517 seconds
[2023-11-16T09:16:10.806+0000][190.858s][debug][safepoint     ] Safepoint synchronization initiated. (171 threads)
[2023-11-16T09:16:10.806+0000][190.858s][info ][safepoint     ] Application time: 0.2004048 seconds
[2023-11-16T09:16:10.806+0000][190.858s][info ][safepoint     ] Entering safepoint region: Deoptimize
[2023-11-16T09:16:10.808+0000][190.860s][info ][safepoint     ] Leaving safepoint region
[2023-11-16T09:16:10.808+0000][190.860s][info ][safepoint     ] Total time for which application threads were stopped: 0.0018946 seconds, Stopping threads took: 0.0000410 seconds
[2023-11-16T09:16:10.905+0000][190.957s][debug][safepoint     ] Safepoint synchronization initiated. (171 threads)
[2023-11-16T09:16:10.905+0000][190.957s][info ][safepoint     ] Application time: 0.0969661 seconds
[2023-11-16T09:16:10.905+0000][190.957s][info ][safepoint     ] Entering safepoint region: Deoptimize
[2023-11-16T09:16:10.907+0000][190.959s][info ][safepoint     ] Leaving safepoint region
[2023-11-16T09:16:10.907+0000][190.959s][info ][safepoint     ] Total time for which application threads were stopped: 0.0018885 seconds, Stopping threads took: 0.0000509 seconds
[2023-11-16T09:16:11.907+0000][191.959s][debug][safepoint     ] Safepoint synchronization initiated. (171 threads)
[2023-11-16T09:16:11.907+0000][191.959s][info ][safepoint     ] Application time: 1.0001604 seconds
[2023-11-16T09:16:11.907+0000][191.959s][info ][safepoint     ] Entering safepoint region: Cleanup
[2023-11-16T09:16:11.908+0000][191.960s][info ][safepoint     ] Leaving safepoint region
[2023-11-16T09:16:11.908+0000][191.960s][info ][safepoint     ] Total time for which application threads were stopped: 0.0004358 seconds, Stopping threads took: 0.0000623 seconds
[2023-11-16T09:16:11.943+0000][191.995s][debug][safepoint     ] Safepoint synchronization initiated. (171 threads)
[2023-11-16T09:16:11.944+0000][191.995s][info ][safepoint     ] Application time: 0.0355845 seconds
[2023-11-16T09:16:11.944+0000][191.996s][info ][safepoint     ] Entering safepoint region: Deoptimize
[2023-11-16T09:16:11.945+0000][191.997s][info ][safepoint     ] Leaving safepoint region
[2023-11-16T09:16:11.945+0000][191.997s][info ][safepoint     ] Total time for which application threads were stopped: 0.0019155 seconds, Stopping threads took: 0.0000513 seconds
[2023-11-16T09:16:12.946+0000][192.998s][debug][safepoint     ] Safepoint synchronization initiated. (171 threads)
[2023-11-16T09:16:12.946+0000][192.998s][info ][safepoint     ] Application time: 1.0001747 seconds
[2023-11-16T09:16:12.946+0000][192.998s][info ][safepoint     ] Entering safepoint region: Cleanup
[2023-11-16T09:16:12.946+0000][192.998s][info ][safepoint     ] Leaving safepoint region
[2023-11-16T09:16:12.946+0000][192.998s][info ][safepoint     ] Total time for which application threads were stopped: 0.0003728 seconds, Stopping threads took: 0.0000492 seconds
[2023-11-16T09:16:13.946+0000][193.998s][debug][safepoint     ] Safepoint synchronization initiated. (171 threads)
[2023-11-16T09:16:13.946+0000][193.998s][info ][safepoint     ] Application time: 1.0001386 seconds
[2023-11-16T09:16:13.946+0000][193.998s][info ][safepoint     ] Entering safepoint region: Cleanup
[2023-11-16T09:16:13.947+0000][193.999s][info ][safepoint     ] Leaving safepoint region
[2023-11-16T09:16:13.947+0000][193.999s][info ][safepoint     ] Total time for which application threads were stopped: 0.0006925 seconds, Stopping threads took: 0.0004888 seconds
[2023-11-16T09:16:14.628+0000][194.680s][debug][safepoint     ] Safepoint synchronization initiated. (171 threads)
[2023-11-16T09:16:14.628+0000][194.680s][info ][safepoint     ] Application time: 0.6809676 seconds
[2023-11-16T09:16:14.628+0000][194.680s][info ][safepoint     ] Entering safepoint region: Deoptimize
[2023-11-16T09:16:14.629+0000][194.681s][info ][safepoint     ] Leaving safepoint region
[2023-11-16T09:16:14.629+0000][194.681s][info ][safepoint     ] Total time for which application threads were stopped: 0.0015578 seconds, Stopping threads took: 0.0000325 seconds
[2023-11-16T09:16:14.657+0000][194.709s][debug][safepoint     ] Safepoint synchronization initiated. (171 threads)
[2023-11-16T09:16:14.657+0000][194.709s][info ][safepoint     ] Application time: 0.0275162 seconds
[2023-11-16T09:16:14.657+0000][194.709s][info ][safepoint     ] Entering safepoint region: Deoptimize
[2023-11-16T09:16:14.659+0000][194.711s][info ][safepoint     ] Leaving safepoint region
[2023-11-16T09:16:14.659+0000][194.711s][info ][safepoint     ] Total time for which application threads were stopped: 0.0017703 seconds, Stopping threads took: 0.0000330 seconds
[2023-11-16T09:16:14.659+0000][194.711s][debug][safepoint     ] Safepoint synchronization initiated. (171 threads)
[2023-11-16T09:16:14.659+0000][194.711s][info ][safepoint     ] Application time: 0.0006151 seconds
[2023-11-16T09:16:14.659+0000][194.711s][info ][safepoint     ] Entering safepoint region: Deoptimize
[2023-11-16T09:16:14.661+0000][194.713s][info ][safepoint     ] Leaving safepoint region
[2023-11-16T09:16:14.661+0000][194.713s][info ][safepoint     ] Total time for which application threads were stopped: 0.0015319 seconds, Stopping threads took: 0.0000228 seconds
[2023-11-16T09:16:14.664+0000][194.715s][debug][safepoint     ] Safepoint synchronization initiated. (171 threads)
[2023-11-16T09:16:14.664+0000][194.716s][info ][safepoint     ] Application time: 0.0026086 seconds
[2023-11-16T09:16:14.664+0000][194.716s][info ][safepoint     ] Entering safepoint region: Deoptimize
[2023-11-16T09:16:14.665+0000][194.717s][info ][safepoint     ] Leaving safepoint region
[2023-11-16T09:16:14.665+0000][194.717s][info ][safepoint     ] Total time for which application threads were stopped: 0.0017555 seconds, Stopping threads took: 0.0000247 seconds
[2023-11-16T09:16:14.719+0000][194.771s][debug][safepoint     ] Safepoint synchronization initiated. (171 threads)
[2023-11-16T09:16:14.719+0000][194.771s][info ][safepoint     ] Application time: 0.0536736 seconds
[2023-11-16T09:16:14.719+0000][194.771s][info ][safepoint     ] Entering safepoint region: Deoptimize
[2023-11-16T09:16:14.721+0000][194.773s][info ][safepoint     ] Leaving safepoint region
[2023-11-16T09:16:14.721+0000][194.773s][info ][safepoint     ] Total time for which application threads were stopped: 0.0016491 seconds, Stopping threads took: 0.0000334 seconds
[2023-11-16T09:16:14.725+0000][194.777s][debug][safepoint     ] Safepoint synchronization initiated. (171 threads)
[2023-11-16T09:16:14.725+0000][194.777s][info ][safepoint     ] Application time: 0.0047257 seconds
[2023-11-16T09:16:14.725+0000][194.777s][info ][safepoint     ] Entering safepoint region: Deoptimize
[2023-11-16T09:16:14.727+0000][194.779s][info ][safepoint     ] Leaving safepoint region
[2023-11-16T09:16:14.727+0000][194.779s][info ][safepoint     ] Total time for which application threads were stopped: 0.0014791 seconds, Stopping threads took: 0.0000292 seconds
[2023-11-16T09:16:14.751+0000][194.803s][debug][safepoint     ] Safepoint synchronization initiated. (171 threads)
[2023-11-16T09:16:14.751+0000][194.803s][info ][safepoint     ] Application time: 0.0243579 seconds
[2023-11-16T09:16:14.751+0000][194.803s][info ][safepoint     ] Entering safepoint region: Deoptimize
[2023-11-16T09:16:14.753+0000][194.805s][info ][safepoint     ] Leaving safepoint region
[2023-11-16T09:16:14.753+0000][194.805s][info ][safepoint     ] Total time for which application threads were stopped: 0.0015627 seconds, Stopping threads took: 0.0000364 seconds
[2023-11-16T09:16:15.099+0000][195.151s][debug][safepoint     ] Safepoint synchronization initiated. (172 threads)
[2023-11-16T09:16:15.099+0000][195.151s][info ][safepoint     ] Application time: 0.3458687 seconds
[2023-11-16T09:16:15.099+0000][195.151s][info ][safepoint     ] Entering safepoint region: ICBufferFull
[2023-11-16T09:16:15.099+0000][195.151s][info ][safepoint     ] Leaving safepoint region
[2023-11-16T09:16:15.099+0000][195.151s][info ][safepoint     ] Total time for which application threads were stopped: 0.0003249 seconds, Stopping threads took: 0.0000365 seconds
[2023-11-16T09:16:15.847+0000][195.899s][debug][safepoint     ] Safepoint synchronization initiated. (174 threads)
[2023-11-16T09:16:15.847+0000][195.899s][info ][safepoint     ] Application time: 0.7477702 seconds
[2023-11-16T09:16:15.847+0000][195.899s][info ][safepoint     ] Entering safepoint region: Deoptimize
[2023-11-16T09:16:15.848+0000][195.900s][info ][safepoint     ] Leaving safepoint region
[2023-11-16T09:16:15.848+0000][195.900s][info ][safepoint     ] Total time for which application threads were stopped: 0.0015825 seconds, Stopping threads took: 0.0000332 seconds
[2023-11-16T09:16:16.398+0000][196.450s][debug][safepoint     ] Safepoint synchronization initiated. (174 threads)
[2023-11-16T09:16:16.398+0000][196.450s][info ][safepoint     ] Application time: 0.5498643 seconds
[2023-11-16T09:16:16.398+0000][196.450s][info ][safepoint     ] Entering safepoint region: Deoptimize
[2023-11-16T09:16:16.400+0000][196.452s][info ][safepoint     ] Leaving safepoint region
[2023-11-16T09:16:16.400+0000][196.452s][info ][safepoint     ] Total time for which application threads were stopped: 0.0020962 seconds, Stopping threads took: 0.0000437 seconds
[2023-11-16T09:16:17.401+0000][197.452s][debug][safepoint     ] Safepoint synchronization initiated. (176 threads)
[2023-11-16T09:16:17.401+0000][197.453s][info ][safepoint     ] Application time: 1.0001205 seconds
[2023-11-16T09:16:17.401+0000][197.453s][info ][safepoint     ] Entering safepoint region: Cleanup
[2023-11-16T09:16:17.401+0000][197.453s][info ][safepoint     ] Leaving safepoint region
[2023-11-16T09:16:17.401+0000][197.453s][info ][safepoint     ] Total time for which application threads were stopped: 0.0003555 seconds, Stopping threads took: 0.0000508 seconds
[2023-11-16T09:16:18.401+0000][198.453s][debug][safepoint     ] Safepoint synchronization initiated. (178 threads)
[2023-11-16T09:16:18.401+0000][198.453s][info ][safepoint     ] Application time: 1.0001659 seconds
[2023-11-16T09:16:18.401+0000][198.453s][info ][safepoint     ] Entering safepoint region: Cleanup
[2023-11-16T09:16:18.401+0000][198.453s][info ][safepoint     ] Leaving safepoint region
[2023-11-16T09:16:18.402+0000][198.453s][info ][safepoint     ] Total time for which application threads were stopped: 0.0003177 seconds, Stopping threads took: 0.0000499 seconds
[2023-11-16T09:16:19.402+0000][199.454s][debug][safepoint     ] Safepoint synchronization initiated. (178 threads)
[2023-11-16T09:16:19.402+0000][199.454s][info ][safepoint     ] Application time: 1.0001772 seconds
[2023-11-16T09:16:19.402+0000][199.454s][info ][safepoint     ] Entering safepoint region: Cleanup
[2023-11-16T09:16:19.403+0000][199.455s][info ][safepoint     ] Leaving safepoint region
[2023-11-16T09:16:19.403+0000][199.455s][info ][safepoint     ] Total time for which application threads were stopped: 0.0011660 seconds, Stopping threads took: 0.0009013 seconds
[2023-11-16T09:16:20.403+0000][200.455s][debug][safepoint     ] Safepoint synchronization initiated. (178 threads)
[2023-11-16T09:16:20.403+0000][200.455s][info ][safepoint     ] Application time: 1.0001470 seconds
[2023-11-16T09:16:20.403+0000][200.455s][info ][safepoint     ] Entering safepoint region: Cleanup
[2023-11-16T09:16:20.403+0000][200.455s][info ][safepoint     ] Leaving safepoint region
[2023-11-16T09:16:20.403+0000][200.455s][info ][safepoint     ] Total time for which application threads were stopped: 0.0004115 seconds, Stopping threads took: 0.0000554 seconds
[2023-11-16T09:16:21.404+0000][201.456s][debug][safepoint     ] Safepoint synchronization initiated. (178 threads)
[2023-11-16T09:16:21.404+0000][201.456s][info ][safepoint     ] Application time: 1.0001589 seconds
[2023-11-16T09:16:21.404+0000][201.456s][info ][safepoint     ] Entering safepoint region: Cleanup
[2023-11-16T09:16:21.404+0000][201.456s][info ][safepoint     ] Leaving safepoint region
[2023-11-16T09:16:21.404+0000][201.456s][info ][safepoint     ] Total time for which application threads were stopped: 0.0003306 seconds, Stopping threads took: 0.0000423 seconds
[2023-11-16T09:16:22.404+0000][202.456s][debug][safepoint     ] Safepoint synchronization initiated. (178 threads)
[2023-11-16T09:16:22.404+0000][202.456s][info ][safepoint     ] Application time: 1.0001336 seconds
[2023-11-16T09:16:22.404+0000][202.456s][info ][safepoint     ] Entering safepoint region: Cleanup
[2023-11-16T09:16:22.404+0000][202.456s][info ][safepoint     ] Leaving safepoint region
[2023-11-16T09:16:22.404+0000][202.456s][info ][safepoint     ] Total time for which application threads were stopped: 0.0003020 seconds, Stopping threads took: 0.0000515 seconds
[2023-11-16T09:16:23.405+0000][203.457s][debug][safepoint     ] Safepoint synchronization initiated. (193 threads)
[2023-11-16T09:16:23.405+0000][203.457s][info ][safepoint     ] Application time: 1.0001229 seconds
[2023-11-16T09:16:23.405+0000][203.457s][info ][safepoint     ] Entering safepoint region: Cleanup
[2023-11-16T09:16:23.405+0000][203.457s][info ][safepoint     ] Leaving safepoint region
[2023-11-16T09:16:23.405+0000][203.457s][info ][safepoint     ] Total time for which application threads were stopped: 0.0002997 seconds, Stopping threads took: 0.0000406 seconds
[2023-11-16T09:16:24.405+0000][204.457s][debug][safepoint     ] Safepoint synchronization initiated. (193 threads)
[2023-11-16T09:16:24.405+0000][204.457s][info ][safepoint     ] Application time: 1.0001725 seconds
[2023-11-16T09:16:24.405+0000][204.457s][info ][safepoint     ] Entering safepoint region: Cleanup
[2023-11-16T09:16:24.406+0000][204.458s][info ][safepoint     ] Leaving safepoint region
[2023-11-16T09:16:24.406+0000][204.458s][info ][safepoint     ] Total time for which application threads were stopped: 0.0008578 seconds, Stopping threads took: 0.0005606 seconds
[2023-11-16T09:16:25.406+0000][205.458s][debug][safepoint     ] Safepoint synchronization initiated. (193 threads)
[2023-11-16T09:16:25.406+0000][205.458s][info ][safepoint     ] Application time: 1.0001869 seconds
[2023-11-16T09:16:25.406+0000][205.458s][info ][safepoint     ] Entering safepoint region: Cleanup
[2023-11-16T09:16:25.407+0000][205.458s][info ][safepoint     ] Leaving safepoint region
[2023-11-16T09:16:25.407+0000][205.459s][info ][safepoint     ] Total time for which application threads were stopped: 0.0003650 seconds, Stopping threads took: 0.0000567 seconds
[2023-11-16T09:16:26.407+0000][206.459s][debug][safepoint     ] Safepoint synchronization initiated. (193 threads)
[2023-11-16T09:16:26.407+0000][206.459s][info ][safepoint     ] Application time: 1.0001798 seconds
[2023-11-16T09:16:26.407+0000][206.459s][info ][safepoint     ] Entering safepoint region: Cleanup
[2023-11-16T09:16:26.407+0000][206.459s][info ][safepoint     ] Leaving safepoint region
[2023-11-16T09:16:26.407+0000][206.459s][info ][safepoint     ] Total time for which application threads were stopped: 0.0003562 seconds, Stopping threads took: 0.0000553 seconds
[2023-11-16T09:16:27.407+0000][207.459s][debug][safepoint     ] Safepoint synchronization initiated. (193 threads)
[2023-11-16T09:16:27.407+0000][207.459s][info ][safepoint     ] Application time: 1.0001717 seconds
[2023-11-16T09:16:27.407+0000][207.459s][info ][safepoint     ] Entering safepoint region: Cleanup
[2023-11-16T09:16:27.408+0000][207.460s][info ][safepoint     ] Leaving safepoint region
[2023-11-16T09:16:27.408+0000][207.460s][info ][safepoint     ] Total time for which application threads were stopped: 0.0003575 seconds, Stopping threads took: 0.0000560 seconds
[2023-11-16T09:16:28.408+0000][208.460s][debug][safepoint     ] Safepoint synchronization initiated. (193 threads)
[2023-11-16T09:16:28.408+0000][208.460s][info ][safepoint     ] Application time: 1.0001436 seconds
[2023-11-16T09:16:28.408+0000][208.460s][info ][safepoint     ] Entering safepoint region: Cleanup
[2023-11-16T09:16:28.408+0000][208.460s][info ][safepoint     ] Leaving safepoint region
[2023-11-16T09:16:28.408+0000][208.460s][info ][safepoint     ] Total time for which application threads were stopped: 0.0003273 seconds, Stopping threads took: 0.0000533 seconds
[2023-11-16T09:16:29.408+0000][209.460s][debug][safepoint     ] Safepoint synchronization initiated. (193 threads)
[2023-11-16T09:16:29.408+0000][209.460s][info ][safepoint     ] Application time: 1.0001673 seconds
[2023-11-16T09:16:29.408+0000][209.460s][info ][safepoint     ] Entering safepoint region: Cleanup
[2023-11-16T09:16:29.409+0000][209.461s][info ][safepoint     ] Leaving safepoint region
[2023-11-16T09:16:29.409+0000][209.461s][info ][safepoint     ] Total time for which application threads were stopped: 0.0003087 seconds, Stopping threads took: 0.0000588 seconds
[2023-11-16T09:16:30.409+0000][210.461s][debug][safepoint     ] Safepoint synchronization initiated. (193 threads)
[2023-11-16T09:16:30.409+0000][210.461s][info ][safepoint     ] Application time: 1.0001459 seconds
[2023-11-16T09:16:30.409+0000][210.461s][info ][safepoint     ] Entering safepoint region: Cleanup
[2023-11-16T09:16:30.409+0000][210.461s][info ][safepoint     ] Leaving safepoint region
[2023-11-16T09:16:30.409+0000][210.461s][info ][safepoint     ] Total time for which application threads were stopped: 0.0003495 seconds, Stopping threads took: 0.0000569 seconds
[2023-11-16T09:16:31.409+0000][211.461s][debug][safepoint     ] Safepoint synchronization initiated. (193 threads)
[2023-11-16T09:16:31.409+0000][211.461s][info ][safepoint     ] Application time: 1.0001801 seconds
[2023-11-16T09:16:31.410+0000][211.462s][info ][safepoint     ] Entering safepoint region: Cleanup
[2023-11-16T09:16:31.410+0000][211.462s][info ][safepoint     ] Leaving safepoint region
[2023-11-16T09:16:31.410+0000][211.462s][info ][safepoint     ] Total time for which application threads were stopped: 0.0003542 seconds, Stopping threads took: 0.0000564 seconds
[2023-11-16T09:16:32.410+0000][212.462s][debug][safepoint     ] Safepoint synchronization initiated. (193 threads)
[2023-11-16T09:16:32.410+0000][212.462s][info ][safepoint     ] Application time: 1.0001883 seconds
[2023-11-16T09:16:32.410+0000][212.462s][info ][safepoint     ] Entering safepoint region: Cleanup
[2023-11-16T09:16:32.410+0000][212.462s][info ][safepoint     ] Leaving safepoint region
[2023-11-16T09:16:32.410+0000][212.462s][info ][safepoint     ] Total time for which application threads were stopped: 0.0003531 seconds, Stopping threads took: 0.0000537 seconds
[2023-11-16T09:16:33.411+0000][213.463s][debug][safepoint     ] Safepoint synchronization initiated. (193 threads)
[2023-11-16T09:16:33.411+0000][213.463s][info ][safepoint     ] Application time: 1.0001457 seconds
[2023-11-16T09:16:33.411+0000][213.463s][info ][safepoint     ] Entering safepoint region: Cleanup
[2023-11-16T09:16:33.411+0000][213.463s][info ][safepoint     ] Leaving safepoint region
[2023-11-16T09:16:33.411+0000][213.463s][info ][safepoint     ] Total time for which application threads were stopped: 0.0003135 seconds, Stopping threads took: 0.0000548 seconds
[2023-11-16T09:16:34.411+0000][214.463s][debug][safepoint     ] Safepoint synchronization initiated. (193 threads)
[2023-11-16T09:16:34.411+0000][214.463s][info ][safepoint     ] Application time: 1.0001619 seconds
[2023-11-16T09:16:34.411+0000][214.463s][info ][safepoint     ] Entering safepoint region: Cleanup
[2023-11-16T09:16:34.412+0000][214.464s][info ][safepoint     ] Leaving safepoint region
[2023-11-16T09:16:34.412+0000][214.464s][info ][safepoint     ] Total time for which application threads were stopped: 0.0009154 seconds, Stopping threads took: 0.0006409 seconds
[2023-11-16T09:16:35.412+0000][215.464s][debug][safepoint     ] Safepoint synchronization initiated. (193 threads)
[2023-11-16T09:16:35.412+0000][215.464s][info ][safepoint     ] Application time: 1.0001523 seconds
[2023-11-16T09:16:35.412+0000][215.464s][info ][safepoint     ] Entering safepoint region: Cleanup
[2023-11-16T09:16:35.413+0000][215.465s][info ][safepoint     ] Leaving safepoint region
[2023-11-16T09:16:35.413+0000][215.465s][info ][safepoint     ] Total time for which application threads were stopped: 0.0003446 seconds, Stopping threads took: 0.0000524 seconds
[2023-11-16T09:16:36.413+0000][216.465s][debug][safepoint     ] Safepoint synchronization initiated. (193 threads)
[2023-11-16T09:16:36.413+0000][216.465s][info ][safepoint     ] Application time: 1.0001507 seconds
[2023-11-16T09:16:36.413+0000][216.465s][info ][safepoint     ] Entering safepoint region: Cleanup
[2023-11-16T09:16:36.413+0000][216.465s][info ][safepoint     ] Leaving safepoint region
[2023-11-16T09:16:36.413+0000][216.465s][info ][safepoint     ] Total time for which application threads were stopped: 0.0003485 seconds, Stopping threads took: 0.0000540 seconds
[2023-11-16T09:16:37.413+0000][217.465s][debug][safepoint     ] Safepoint synchronization initiated. (193 threads)
[2023-11-16T09:16:37.413+0000][217.465s][info ][safepoint     ] Application time: 1.0001644 seconds
[2023-11-16T09:16:37.413+0000][217.465s][info ][safepoint     ] Entering safepoint region: Cleanup
[2023-11-16T09:16:37.414+0000][217.466s][info ][safepoint     ] Leaving safepoint region
[2023-11-16T09:16:37.414+0000][217.466s][info ][safepoint     ] Total time for which application threads were stopped: 0.0003482 seconds, Stopping threads took: 0.0000540 seconds
[2023-11-16T09:16:38.414+0000][218.466s][debug][safepoint     ] Safepoint synchronization initiated. (192 threads)
[2023-11-16T09:16:38.414+0000][218.466s][info ][safepoint     ] Application time: 1.0001658 seconds
[2023-11-16T09:16:38.414+0000][218.466s][info ][safepoint     ] Entering safepoint region: Cleanup
[2023-11-16T09:16:38.414+0000][218.466s][info ][safepoint     ] Leaving safepoint region
[2023-11-16T09:16:38.414+0000][218.466s][info ][safepoint     ] Total time for which application threads were stopped: 0.0003236 seconds, Stopping threads took: 0.0000362 seconds
[2023-11-16T09:16:39.414+0000][219.466s][debug][safepoint     ] Safepoint synchronization initiated. (191 threads)
[2023-11-16T09:16:39.414+0000][219.466s][info ][safepoint     ] Application time: 1.0001932 seconds
[2023-11-16T09:16:39.414+0000][219.466s][info ][safepoint     ] Entering safepoint region: Cleanup
[2023-11-16T09:16:39.415+0000][219.467s][info ][safepoint     ] Leaving safepoint region
[2023-11-16T09:16:39.415+0000][219.467s][info ][safepoint     ] Total time for which application threads were stopped: 0.0002976 seconds, Stopping threads took: 0.0000576 seconds
[2023-11-16T09:16:40.415+0000][220.467s][debug][safepoint     ] Safepoint synchronization initiated. (191 threads)
[2023-11-16T09:16:40.415+0000][220.467s][info ][safepoint     ] Application time: 1.0001647 seconds
[2023-11-16T09:16:40.415+0000][220.467s][info ][safepoint     ] Entering safepoint region: Cleanup
[2023-11-16T09:16:40.415+0000][220.467s][info ][safepoint     ] Leaving safepoint region
[2023-11-16T09:16:40.415+0000][220.467s][info ][safepoint     ] Total time for which application threads were stopped: 0.0002011 seconds, Stopping threads took: 0.0000435 seconds
[2023-11-16T09:16:41.415+0000][221.467s][debug][safepoint     ] Safepoint synchronization initiated. (191 threads)
[2023-11-16T09:16:41.415+0000][221.467s][info ][safepoint     ] Application time: 1.0001565 seconds
[2023-11-16T09:16:41.415+0000][221.467s][info ][safepoint     ] Entering safepoint region: Cleanup
[2023-11-16T09:16:41.416+0000][221.468s][info ][safepoint     ] Leaving safepoint region
[2023-11-16T09:16:41.416+0000][221.468s][info ][safepoint     ] Total time for which application threads were stopped: 0.0003584 seconds, Stopping threads took: 0.0000548 seconds
[2023-11-16T09:16:42.416+0000][222.468s][debug][safepoint     ] Safepoint synchronization initiated. (191 threads)
[2023-11-16T09:16:42.416+0000][222.468s][info ][safepoint     ] Application time: 1.0001520 seconds
[2023-11-16T09:16:42.416+0000][222.468s][info ][safepoint     ] Entering safepoint region: Cleanup
[2023-11-16T09:16:42.416+0000][222.468s][info ][safepoint     ] Leaving safepoint region
[2023-11-16T09:16:42.416+0000][222.468s][info ][safepoint     ] Total time for which application threads were stopped: 0.0003627 seconds, Stopping threads took: 0.0000556 seconds
[2023-11-16T09:16:43.416+0000][223.468s][debug][safepoint     ] Safepoint synchronization initiated. (191 threads)
[2023-11-16T09:16:43.416+0000][223.468s][info ][safepoint     ] Application time: 1.0001413 seconds
[2023-11-16T09:16:43.416+0000][223.468s][info ][safepoint     ] Entering safepoint region: Cleanup
[2023-11-16T09:16:43.417+0000][223.469s][info ][safepoint     ] Leaving safepoint region
[2023-11-16T09:16:43.417+0000][223.469s][info ][safepoint     ] Total time for which application threads were stopped: 0.0003498 seconds, Stopping threads took: 0.0000571 seconds
[2023-11-16T09:16:44.417+0000][224.469s][debug][safepoint     ] Safepoint synchronization initiated. (191 threads)
[2023-11-16T09:16:44.417+0000][224.469s][info ][safepoint     ] Application time: 1.0001625 seconds
[2023-11-16T09:16:44.417+0000][224.469s][info ][safepoint     ] Entering safepoint region: Cleanup
[2023-11-16T09:16:44.418+0000][224.470s][info ][safepoint     ] Leaving safepoint region
[2023-11-16T09:16:44.418+0000][224.470s][info ][safepoint     ] Total time for which application threads were stopped: 0.0006698 seconds, Stopping threads took: 0.0004038 seconds
[2023-11-16T09:16:45.418+0000][225.470s][debug][safepoint     ] Safepoint synchronization initiated. (191 threads)
[2023-11-16T09:16:45.418+0000][225.470s][info ][safepoint     ] Application time: 1.0001422 seconds
[2023-11-16T09:16:45.418+0000][225.470s][info ][safepoint     ] Entering safepoint region: Cleanup
[2023-11-16T09:16:45.418+0000][225.470s][info ][safepoint     ] Leaving safepoint region
[2023-11-16T09:16:45.418+0000][225.470s][info ][safepoint     ] Total time for which application threads were stopped: 0.0003543 seconds, Stopping threads took: 0.0000559 seconds
[2023-11-16T09:16:46.418+0000][226.470s][debug][safepoint     ] Safepoint synchronization initiated. (191 threads)
[2023-11-16T09:16:46.418+0000][226.470s][info ][safepoint     ] Application time: 1.0001864 seconds
[2023-11-16T09:16:46.418+0000][226.470s][info ][safepoint     ] Entering safepoint region: Cleanup
[2023-11-16T09:16:46.419+0000][226.471s][info ][safepoint     ] Leaving safepoint region
[2023-11-16T09:16:46.419+0000][226.471s][debug][safepoint     ] ... found polling page return exception at pc = 0x00007f07c441fb82, stub =0x00007f07bc83a800
[2023-11-16T09:16:46.419+0000][226.471s][debug][safepoint     ] ... found polling page return exception at pc = 0x00007f07c441fb82, stub =0x00007f07bc83a800
[2023-11-16T09:16:46.419+0000][226.471s][info ][safepoint     ] Total time for which application threads were stopped: 0.0003504 seconds, Stopping threads took: 0.0000563 seconds
[2023-11-16T09:16:47.419+0000][227.471s][debug][safepoint     ] Safepoint synchronization initiated. (191 threads)
[2023-11-16T09:16:47.419+0000][227.471s][info ][safepoint     ] Application time: 1.0001503 seconds
[2023-11-16T09:16:47.419+0000][227.471s][info ][safepoint     ] Entering safepoint region: Cleanup
[2023-11-16T09:16:47.419+0000][227.471s][info ][safepoint     ] Leaving safepoint region
[2023-11-16T09:16:47.419+0000][227.471s][info ][safepoint     ] Total time for which application threads were stopped: 0.0003428 seconds, Stopping threads took: 0.0000549 seconds
[2023-11-16T09:16:48.419+0000][228.471s][debug][safepoint     ] Safepoint synchronization initiated. (191 threads)
[2023-11-16T09:16:48.419+0000][228.471s][info ][safepoint     ] Application time: 1.0001709 seconds
[2023-11-16T09:16:48.420+0000][228.471s][info ][safepoint     ] Entering safepoint region: Cleanup
[2023-11-16T09:16:48.420+0000][228.472s][info ][safepoint     ] Leaving safepoint region
[2023-11-16T09:16:48.420+0000][228.472s][info ][safepoint     ] Total time for which application threads were stopped: 0.0003475 seconds, Stopping threads took: 0.0000542 seconds
[2023-11-16T09:16:49.420+0000][229.472s][debug][safepoint     ] Safepoint synchronization initiated. (191 threads)
[2023-11-16T09:16:49.420+0000][229.472s][info ][safepoint     ] Application time: 1.0001367 seconds
[2023-11-16T09:16:49.420+0000][229.472s][info ][safepoint     ] Entering safepoint region: Cleanup
[2023-11-16T09:16:49.421+0000][229.473s][info ][safepoint     ] Leaving safepoint region
[2023-11-16T09:16:49.421+0000][229.473s][info ][safepoint     ] Total time for which application threads were stopped: 0.0007197 seconds, Stopping threads took: 0.0005123 seconds
[2023-11-16T09:16:50.421+0000][230.473s][debug][safepoint     ] Safepoint synchronization initiated. (191 threads)
[2023-11-16T09:16:50.421+0000][230.473s][info ][safepoint     ] Application time: 1.0001542 seconds
[2023-11-16T09:16:50.421+0000][230.473s][info ][safepoint     ] Entering safepoint region: Cleanup
[2023-11-16T09:16:50.421+0000][230.473s][info ][safepoint     ] Leaving safepoint region
[2023-11-16T09:16:50.421+0000][230.473s][info ][safepoint     ] Total time for which application threads were stopped: 0.0002610 seconds, Stopping threads took: 0.0000551 seconds
[2023-11-16T09:16:51.421+0000][231.473s][debug][safepoint     ] Safepoint synchronization initiated. (191 threads)
[2023-11-16T09:16:51.421+0000][231.473s][info ][safepoint     ] Application time: 1.0001413 seconds
[2023-11-16T09:16:51.421+0000][231.473s][info ][safepoint     ] Entering safepoint region: Cleanup
[2023-11-16T09:16:51.422+0000][231.474s][info ][safepoint     ] Leaving safepoint region
[2023-11-16T09:16:51.422+0000][231.474s][info ][safepoint     ] Total time for which application threads were stopped: 0.0002656 seconds, Stopping threads took: 0.0000535 seconds
[2023-11-16T09:16:52.422+0000][232.474s][debug][safepoint     ] Safepoint synchronization initiated. (191 threads)
[2023-11-16T09:16:52.422+0000][232.474s][info ][safepoint     ] Application time: 1.0001437 seconds
[2023-11-16T09:16:52.422+0000][232.474s][info ][safepoint     ] Entering safepoint region: Cleanup
[2023-11-16T09:16:52.422+0000][232.474s][info ][safepoint     ] Leaving safepoint region
[2023-11-16T09:16:52.422+0000][232.474s][info ][safepoint     ] Total time for which application threads were stopped: 0.0003651 seconds, Stopping threads took: 0.0000530 seconds
[2023-11-16T09:16:53.422+0000][233.474s][debug][safepoint     ] Safepoint synchronization initiated. (191 threads)
[2023-11-16T09:16:53.422+0000][233.474s][info ][safepoint     ] Application time: 1.0001589 seconds
[2023-11-16T09:16:53.422+0000][233.474s][info ][safepoint     ] Entering safepoint region: Cleanup
[2023-11-16T09:16:53.423+0000][233.475s][info ][safepoint     ] Leaving safepoint region
[2023-11-16T09:16:53.423+0000][233.475s][info ][safepoint     ] Total time for which application threads were stopped: 0.0003422 seconds, Stopping threads took: 0.0000547 seconds
[2023-11-16T09:16:54.423+0000][234.475s][debug][safepoint     ] Safepoint synchronization initiated. (191 threads)
[2023-11-16T09:16:54.423+0000][234.475s][info ][safepoint     ] Application time: 1.0001817 seconds
[2023-11-16T09:16:54.423+0000][234.475s][info ][safepoint     ] Entering safepoint region: Cleanup
[2023-11-16T09:16:54.424+0000][234.476s][info ][safepoint     ] Leaving safepoint region
[2023-11-16T09:16:54.424+0000][234.476s][info ][safepoint     ] Total time for which application threads were stopped: 0.0007148 seconds, Stopping threads took: 0.0004685 seconds
[2023-11-16T09:16:55.424+0000][235.476s][debug][safepoint     ] Safepoint synchronization initiated. (191 threads)
[2023-11-16T09:16:55.424+0000][235.476s][info ][safepoint     ] Application time: 1.0001717 seconds
[2023-11-16T09:16:55.424+0000][235.476s][info ][safepoint     ] Entering safepoint region: Cleanup
[2023-11-16T09:16:55.424+0000][235.476s][info ][safepoint     ] Leaving safepoint region
[2023-11-16T09:16:55.424+0000][235.476s][info ][safepoint     ] Total time for which application threads were stopped: 0.0003492 seconds, Stopping threads took: 0.0000566 seconds
[2023-11-16T09:16:56.424+0000][236.476s][debug][safepoint     ] Safepoint synchronization initiated. (191 threads)
[2023-11-16T09:16:56.424+0000][236.476s][info ][safepoint     ] Application time: 1.0001487 seconds
[2023-11-16T09:16:56.424+0000][236.476s][info ][safepoint     ] Entering safepoint region: Cleanup
[2023-11-16T09:16:56.425+0000][236.477s][info ][safepoint     ] Leaving safepoint region
[2023-11-16T09:16:56.425+0000][236.477s][info ][safepoint     ] Total time for which application threads were stopped: 0.0003484 seconds, Stopping threads took: 0.0000564 seconds
[2023-11-16T09:16:57.425+0000][237.477s][debug][safepoint     ] Safepoint synchronization initiated. (191 threads)
[2023-11-16T09:16:57.425+0000][237.477s][info ][safepoint     ] Application time: 1.0001708 seconds
[2023-11-16T09:16:57.425+0000][237.477s][info ][safepoint     ] Entering safepoint region: Cleanup
[2023-11-16T09:16:57.425+0000][237.477s][info ][safepoint     ] Leaving safepoint region
[2023-11-16T09:16:57.425+0000][237.477s][info ][safepoint     ] Total time for which application threads were stopped: 0.0003221 seconds, Stopping threads took: 0.0000568 seconds
[2023-11-16T09:16:58.425+0000][238.477s][debug][safepoint     ] Safepoint synchronization initiated. (191 threads)
[2023-11-16T09:16:58.425+0000][238.477s][info ][safepoint     ] Application time: 1.0001566 seconds
[2023-11-16T09:16:58.425+0000][238.477s][info ][safepoint     ] Entering safepoint region: Cleanup
[2023-11-16T09:16:58.426+0000][238.478s][info ][safepoint     ] Leaving safepoint region
[2023-11-16T09:16:58.426+0000][238.478s][info ][safepoint     ] Total time for which application threads were stopped: 0.0002641 seconds, Stopping threads took: 0.0000555 seconds
[2023-11-16T09:16:59.426+0000][239.478s][debug][safepoint     ] Safepoint synchronization initiated. (191 threads)
[2023-11-16T09:16:59.426+0000][239.478s][info ][safepoint     ] Application time: 1.0001583 seconds
[2023-11-16T09:16:59.426+0000][239.478s][info ][safepoint     ] Entering safepoint region: Cleanup
[2023-11-16T09:16:59.429+0000][239.481s][info ][safepoint     ] Leaving safepoint region
[2023-11-16T09:16:59.429+0000][239.481s][info ][safepoint     ] Total time for which application threads were stopped: 0.0027543 seconds, Stopping threads took: 0.0024700 seconds
[2023-11-16T09:17:00.429+0000][240.481s][debug][safepoint     ] Safepoint synchronization initiated. (191 threads)
[2023-11-16T09:17:00.429+0000][240.481s][info ][safepoint     ] Application time: 1.0001457 seconds
[2023-11-16T09:17:00.429+0000][240.481s][info ][safepoint     ] Entering safepoint region: Cleanup
[2023-11-16T09:17:00.429+0000][240.481s][info ][safepoint     ] Leaving safepoint region
[2023-11-16T09:17:00.429+0000][240.481s][info ][safepoint     ] Total time for which application threads were stopped: 0.0003490 seconds, Stopping threads took: 0.0000569 seconds
[2023-11-16T09:17:01.429+0000][241.481s][debug][safepoint     ] Safepoint synchronization initiated. (191 threads)
[2023-11-16T09:17:01.429+0000][241.481s][info ][safepoint     ] Application time: 1.0001870 seconds
[2023-11-16T09:17:01.429+0000][241.481s][info ][safepoint     ] Entering safepoint region: Cleanup
[2023-11-16T09:17:01.430+0000][241.482s][info ][safepoint     ] Leaving safepoint region
[2023-11-16T09:17:01.430+0000][241.482s][info ][safepoint     ] Total time for which application threads were stopped: 0.0003173 seconds, Stopping threads took: 0.0000567 seconds
[2023-11-16T09:17:02.107+0000][242.159s][debug][safepoint     ] Safepoint synchronization initiated. (191 threads)
[2023-11-16T09:17:02.107+0000][242.159s][info ][safepoint     ] Application time: 0.6768545 seconds
[2023-11-16T09:17:02.107+0000][242.159s][info ][safepoint     ] Entering safepoint region: G1CollectForAllocation
[2023-11-16T09:17:02.107+0000][242.159s][info ][gc,start      ] GC(40) Pause Young (Normal) (G1 Evacuation Pause)
[2023-11-16T09:17:02.107+0000][242.159s][info ][gc,task       ] GC(40) Using 4 workers of 4 for evacuation
[2023-11-16T09:17:02.161+0000][242.213s][info ][gc,phases     ] GC(40)   Pre Evacuate Collection Set: 0.0ms
[2023-11-16T09:17:02.161+0000][242.213s][info ][gc,phases     ] GC(40)   Evacuate Collection Set: 49.6ms
[2023-11-16T09:17:02.161+0000][242.213s][info ][gc,phases     ] GC(40)   Post Evacuate Collection Set: 4.3ms
[2023-11-16T09:17:02.161+0000][242.213s][info ][gc,phases     ] GC(40)   Other: 0.4ms
[2023-11-16T09:17:02.161+0000][242.213s][info ][gc,heap       ] GC(40) Eden regions: 432->0(437)
[2023-11-16T09:17:02.161+0000][242.213s][info ][gc,heap       ] GC(40) Survivor regions: 34->29(59)
[2023-11-16T09:17:02.161+0000][242.213s][info ][gc,heap       ] GC(40) Old regions: 113->124
[2023-11-16T09:17:02.161+0000][242.213s][info ][gc,heap       ] GC(40) Humongous regions: 0->0
[2023-11-16T09:17:02.161+0000][242.213s][info ][gc,metaspace  ] GC(40) Metaspace: 160243K(165596K)->160243K(165596K) NonClass: 141573K(144812K)->141573K(144812K) Class: 18670K(20784K)->18670K(20784K)
[2023-11-16T09:17:02.161+0000][242.213s][info ][gc            ] GC(40) Pause Young (Normal) (G1 Evacuation Pause) 577M->151M(777M) 54.542ms
[2023-11-16T09:17:02.162+0000][242.213s][info ][gc,cpu        ] GC(40) User=0.21s Sys=0.00s Real=0.06s
[2023-11-16T09:17:02.162+0000][242.214s][info ][safepoint     ] Leaving safepoint region
[2023-11-16T09:17:02.162+0000][242.214s][info ][safepoint     ] Total time for which application threads were stopped: 0.0549573 seconds, Stopping threads took: 0.0000560 seconds
[2023-11-16T09:17:02.162+0000][242.214s][info ][gc,stringdedup] Concurrent String Deduplication (242.214s)
[2023-11-16T09:17:02.164+0000][242.216s][info ][gc,stringdedup] Concurrent String Deduplication 396.5K->145.5K(251.0K) avg 54.0% (242.214s, 242.216s) 2.270ms
[2023-11-16T09:17:03.162+0000][243.214s][debug][safepoint     ] Safepoint synchronization initiated. (191 threads)
[2023-11-16T09:17:03.162+0000][243.214s][info ][safepoint     ] Application time: 1.0001975 seconds
[2023-11-16T09:17:03.162+0000][243.214s][info ][safepoint     ] Entering safepoint region: Cleanup
[2023-11-16T09:17:03.162+0000][243.214s][info ][safepoint     ] Leaving safepoint region
[2023-11-16T09:17:03.162+0000][243.214s][info ][safepoint     ] Total time for which application threads were stopped: 0.0003637 seconds, Stopping threads took: 0.0000577 seconds
[2023-11-16T09:17:04.162+0000][244.214s][debug][safepoint     ] Safepoint synchronization initiated. (191 threads)
[2023-11-16T09:17:04.162+0000][244.214s][info ][safepoint     ] Application time: 1.0001732 seconds
[2023-11-16T09:17:04.162+0000][244.214s][info ][safepoint     ] Entering safepoint region: Cleanup
[2023-11-16T09:17:04.163+0000][244.215s][info ][safepoint     ] Leaving safepoint region
[2023-11-16T09:17:04.163+0000][244.215s][info ][safepoint     ] Total time for which application threads were stopped: 0.0003435 seconds, Stopping threads took: 0.0000564 seconds
[2023-11-16T09:17:05.163+0000][245.215s][debug][safepoint     ] Safepoint synchronization initiated. (191 threads)
[2023-11-16T09:17:05.163+0000][245.215s][info ][safepoint     ] Application time: 1.0001770 seconds
[2023-11-16T09:17:05.163+0000][245.215s][info ][safepoint     ] Entering safepoint region: Cleanup
[2023-11-16T09:17:05.163+0000][245.215s][info ][safepoint     ] Leaving safepoint region
[2023-11-16T09:17:05.163+0000][245.215s][info ][safepoint     ] Total time for which application threads were stopped: 0.0003514 seconds, Stopping threads took: 0.0000569 seconds
[2023-11-16T09:17:06.163+0000][246.215s][debug][safepoint     ] Safepoint synchronization initiated. (191 threads)
[2023-11-16T09:17:06.164+0000][246.215s][info ][safepoint     ] Application time: 1.0001688 seconds
[2023-11-16T09:17:06.164+0000][246.216s][info ][safepoint     ] Entering safepoint region: Cleanup
[2023-11-16T09:17:06.164+0000][246.216s][info ][safepoint     ] Leaving safepoint region
[2023-11-16T09:17:06.164+0000][246.216s][info ][safepoint     ] Total time for which application threads were stopped: 0.0003516 seconds, Stopping threads took: 0.0000583 seconds
[2023-11-16T09:17:07.164+0000][247.216s][debug][safepoint     ] Safepoint synchronization initiated. (191 threads)
[2023-11-16T09:17:07.164+0000][247.216s][info ][safepoint     ] Application time: 1.0001591 seconds
[2023-11-16T09:17:07.164+0000][247.216s][info ][safepoint     ] Entering safepoint region: Cleanup
[2023-11-16T09:17:07.164+0000][247.216s][info ][safepoint     ] Leaving safepoint region
[2023-11-16T09:17:07.164+0000][247.216s][info ][safepoint     ] Total time for which application threads were stopped: 0.0003520 seconds, Stopping threads took: 0.0000576 seconds
[2023-11-16T09:17:08.165+0000][248.217s][debug][safepoint     ] Safepoint synchronization initiated. (191 threads)
[2023-11-16T09:17:08.165+0000][248.217s][info ][safepoint     ] Application time: 1.0001575 seconds
[2023-11-16T09:17:08.165+0000][248.217s][info ][safepoint     ] Entering safepoint region: Cleanup
[2023-11-16T09:17:08.165+0000][248.217s][info ][safepoint     ] Leaving safepoint region
[2023-11-16T09:17:08.165+0000][248.217s][info ][safepoint     ] Total time for which application threads were stopped: 0.0003497 seconds, Stopping threads took: 0.0000569 seconds
[2023-11-16T09:17:09.165+0000][249.217s][debug][safepoint     ] Safepoint synchronization initiated. (191 threads)
[2023-11-16T09:17:09.165+0000][249.217s][info ][safepoint     ] Application time: 1.0001799 seconds
[2023-11-16T09:17:09.165+0000][249.217s][info ][safepoint     ] Entering safepoint region: Cleanup
[2023-11-16T09:17:09.166+0000][249.217s][info ][safepoint     ] Leaving safepoint region
[2023-11-16T09:17:09.166+0000][249.218s][info ][safepoint     ] Total time for which application threads were stopped: 0.0003546 seconds, Stopping threads took: 0.0000566 seconds
[2023-11-16T09:17:10.166+0000][250.218s][debug][safepoint     ] Safepoint synchronization initiated. (191 threads)
[2023-11-16T09:17:10.166+0000][250.218s][info ][safepoint     ] Application time: 1.0001834 seconds
[2023-11-16T09:17:10.166+0000][250.218s][info ][safepoint     ] Entering safepoint region: Cleanup
[2023-11-16T09:17:10.166+0000][250.218s][info ][safepoint     ] Leaving safepoint region
[2023-11-16T09:17:10.167+0000][250.218s][info ][safepoint     ] Total time for which application threads were stopped: 0.0007555 seconds, Stopping threads took: 0.0004471 seconds
[2023-11-16T09:17:11.167+0000][251.219s][debug][safepoint     ] Safepoint synchronization initiated. (191 threads)
[2023-11-16T09:17:11.167+0000][251.219s][info ][safepoint     ] Application time: 1.0001906 seconds
[2023-11-16T09:17:11.167+0000][251.219s][info ][safepoint     ] Entering safepoint region: Cleanup
[2023-11-16T09:17:11.167+0000][251.219s][info ][safepoint     ] Leaving safepoint region
[2023-11-16T09:17:11.167+0000][251.219s][info ][safepoint     ] Total time for which application threads were stopped: 0.0002725 seconds, Stopping threads took: 0.0000573 seconds
[2023-11-16T09:17:12.167+0000][252.219s][debug][safepoint     ] Safepoint synchronization initiated. (191 threads)
[2023-11-16T09:17:12.167+0000][252.219s][info ][safepoint     ] Application time: 1.0001547 seconds
[2023-11-16T09:17:12.167+0000][252.219s][info ][safepoint     ] Entering safepoint region: Cleanup
[2023-11-16T09:17:12.168+0000][252.219s][info ][safepoint     ] Leaving safepoint region
[2023-11-16T09:17:12.168+0000][252.220s][info ][safepoint     ] Total time for which application threads were stopped: 0.0003018 seconds, Stopping threads took: 0.0000560 seconds
[2023-11-16T09:17:13.168+0000][253.220s][debug][safepoint     ] Safepoint synchronization initiated. (191 threads)
[2023-11-16T09:17:13.168+0000][253.220s][info ][safepoint     ] Application time: 1.0001454 seconds
[2023-11-16T09:17:13.168+0000][253.220s][info ][safepoint     ] Entering safepoint region: Cleanup
[2023-11-16T09:17:13.168+0000][253.220s][info ][safepoint     ] Leaving safepoint region
[2023-11-16T09:17:13.168+0000][253.220s][info ][safepoint     ] Total time for which application threads were stopped: 0.0002947 seconds, Stopping threads took: 0.0000555 seconds
[2023-11-16T09:17:14.168+0000][254.220s][debug][safepoint     ] Safepoint synchronization initiated. (191 threads)
[2023-11-16T09:17:14.168+0000][254.220s][info ][safepoint     ] Application time: 1.0001514 seconds
[2023-11-16T09:17:14.168+0000][254.220s][info ][safepoint     ] Entering safepoint region: Cleanup
[2023-11-16T09:17:14.169+0000][254.220s][info ][safepoint     ] Leaving safepoint region
[2023-11-16T09:17:14.169+0000][254.221s][info ][safepoint     ] Total time for which application threads were stopped: 0.0003508 seconds, Stopping threads took: 0.0000546 seconds
[2023-11-16T09:17:15.169+0000][255.221s][debug][safepoint     ] Safepoint synchronization initiated. (191 threads)
[2023-11-16T09:17:15.169+0000][255.221s][info ][safepoint     ] Application time: 1.0001555 seconds
[2023-11-16T09:17:15.169+0000][255.221s][info ][safepoint     ] Entering safepoint region: Cleanup
[2023-11-16T09:17:15.169+0000][255.221s][info ][safepoint     ] Leaving safepoint region
[2023-11-16T09:17:15.170+0000][255.221s][info ][safepoint     ] Total time for which application threads were stopped: 0.0007504 seconds, Stopping threads took: 0.0005468 seconds
[2023-11-16T09:17:16.170+0000][256.222s][debug][safepoint     ] Safepoint synchronization initiated. (191 threads)
[2023-11-16T09:17:16.170+0000][256.222s][info ][safepoint     ] Application time: 1.0001808 seconds
[2023-11-16T09:17:16.170+0000][256.222s][info ][safepoint     ] Entering safepoint region: Cleanup
[2023-11-16T09:17:16.170+0000][256.222s][info ][safepoint     ] Leaving safepoint region
[2023-11-16T09:17:16.170+0000][256.222s][info ][safepoint     ] Total time for which application threads were stopped: 0.0002714 seconds, Stopping threads took: 0.0000560 seconds
[2023-11-16T09:17:17.170+0000][257.222s][debug][safepoint     ] Safepoint synchronization initiated. (191 threads)
[2023-11-16T09:17:17.170+0000][257.222s][info ][safepoint     ] Application time: 1.0001710 seconds
[2023-11-16T09:17:17.170+0000][257.222s][info ][safepoint     ] Entering safepoint region: Cleanup
[2023-11-16T09:17:17.171+0000][257.222s][info ][safepoint     ] Leaving safepoint region
[2023-11-16T09:17:17.171+0000][257.223s][info ][safepoint     ] Total time for which application threads were stopped: 0.0003546 seconds, Stopping threads took: 0.0000549 seconds
[2023-11-16T09:17:18.171+0000][258.223s][debug][safepoint     ] Safepoint synchronization initiated. (191 threads)
[2023-11-16T09:17:18.171+0000][258.223s][info ][safepoint     ] Application time: 1.0001661 seconds
[2023-11-16T09:17:18.171+0000][258.223s][info ][safepoint     ] Entering safepoint region: Cleanup
[2023-11-16T09:17:18.171+0000][258.223s][info ][safepoint     ] Leaving safepoint region
[2023-11-16T09:17:18.171+0000][258.223s][info ][safepoint     ] Total time for which application threads were stopped: 0.0003478 seconds, Stopping threads took: 0.0000528 seconds
[2023-11-16T09:17:19.171+0000][259.223s][debug][safepoint     ] Safepoint synchronization initiated. (191 threads)
[2023-11-16T09:17:19.171+0000][259.223s][info ][safepoint     ] Application time: 1.0001693 seconds
[2023-11-16T09:17:19.171+0000][259.223s][info ][safepoint     ] Entering safepoint region: Cleanup
[2023-11-16T09:17:19.172+0000][259.224s][info ][safepoint     ] Leaving safepoint region
[2023-11-16T09:17:19.172+0000][259.224s][info ][safepoint     ] Total time for which application threads were stopped: 0.0003341 seconds, Stopping threads took: 0.0000540 seconds
[2023-11-16T09:17:20.172+0000][260.224s][debug][safepoint     ] Safepoint synchronization initiated. (191 threads)
[2023-11-16T09:17:20.172+0000][260.224s][info ][safepoint     ] Application time: 1.0001183 seconds
[2023-11-16T09:17:20.172+0000][260.224s][info ][safepoint     ] Entering safepoint region: Cleanup
[2023-11-16T09:17:20.172+0000][260.224s][info ][safepoint     ] Leaving safepoint region
[2023-11-16T09:17:20.172+0000][260.224s][info ][safepoint     ] Total time for which application threads were stopped: 0.0002345 seconds, Stopping threads took: 0.0000423 seconds
[2023-11-16T09:17:21.172+0000][261.224s][debug][safepoint     ] Safepoint synchronization initiated. (191 threads)
[2023-11-16T09:17:21.172+0000][261.224s][info ][safepoint     ] Application time: 1.0001447 seconds
[2023-11-16T09:17:21.172+0000][261.224s][info ][safepoint     ] Entering safepoint region: Cleanup
[2023-11-16T09:17:21.173+0000][261.224s][info ][safepoint     ] Leaving safepoint region
[2023-11-16T09:17:21.173+0000][261.225s][info ][safepoint     ] Total time for which application threads were stopped: 0.0003558 seconds, Stopping threads took: 0.0000545 seconds
[2023-11-16T09:17:22.173+0000][262.225s][debug][safepoint     ] Safepoint synchronization initiated. (191 threads)
[2023-11-16T09:17:22.173+0000][262.225s][info ][safepoint     ] Application time: 1.0001150 seconds
[2023-11-16T09:17:22.173+0000][262.225s][debug][safepoint     ] ... found polling page return exception at pc = 0x00007f07c480711c, stub =0x00007f07bc83a800
[2023-11-16T09:17:22.173+0000][262.225s][debug][safepoint     ] ... found polling page return exception at pc = 0x00007f07c4ab9bc4, stub =0x00007f07bc83a800
[2023-11-16T09:17:22.173+0000][262.225s][debug][safepoint     ] Waiting for 2 thread(s) to block
[2023-11-16T09:17:22.173+0000][262.225s][info ][safepoint     ] Entering safepoint region: Cleanup
[2023-11-16T09:17:22.173+0000][262.225s][info ][safepoint     ] Leaving safepoint region
[2023-11-16T09:17:22.173+0000][262.225s][info ][safepoint     ] Total time for which application threads were stopped: 0.0006162 seconds, Stopping threads took: 0.0003259 seconds
[2023-11-16T09:17:23.173+0000][263.225s][debug][safepoint     ] Safepoint synchronization initiated. (190 threads)
[2023-11-16T09:17:23.174+0000][263.225s][info ][safepoint     ] Application time: 1.0001730 seconds
[2023-11-16T09:17:23.174+0000][263.226s][info ][safepoint     ] Entering safepoint region: Cleanup
[2023-11-16T09:17:23.174+0000][263.226s][info ][safepoint     ] Leaving safepoint region
[2023-11-16T09:17:23.174+0000][263.226s][info ][safepoint     ] Total time for which application threads were stopped: 0.0002562 seconds, Stopping threads took: 0.0000542 seconds
[2023-11-16T09:17:24.174+0000][264.226s][debug][safepoint     ] Safepoint synchronization initiated. (190 threads)
[2023-11-16T09:17:24.174+0000][264.226s][info ][safepoint     ] Application time: 1.0001822 seconds
[2023-11-16T09:17:24.174+0000][264.226s][info ][safepoint     ] Entering safepoint region: Cleanup
[2023-11-16T09:17:24.174+0000][264.226s][info ][safepoint     ] Leaving safepoint region
[2023-11-16T09:17:24.174+0000][264.226s][info ][safepoint     ] Total time for which application threads were stopped: 0.0002772 seconds, Stopping threads took: 0.0000544 seconds
[2023-11-16T09:17:25.174+0000][265.226s][debug][safepoint     ] Safepoint synchronization initiated. (190 threads)
[2023-11-16T09:17:25.174+0000][265.226s][info ][safepoint     ] Application time: 1.0001738 seconds
[2023-11-16T09:17:25.175+0000][265.226s][info ][safepoint     ] Entering safepoint region: Cleanup
[2023-11-16T09:17:25.175+0000][265.227s][info ][safepoint     ] Leaving safepoint region
[2023-11-16T09:17:25.175+0000][265.227s][info ][safepoint     ] Total time for which application threads were stopped: 0.0008028 seconds, Stopping threads took: 0.0005004 seconds
[2023-11-16T09:17:26.175+0000][266.227s][debug][safepoint     ] Safepoint synchronization initiated. (190 threads)
[2023-11-16T09:17:26.176+0000][266.227s][info ][safepoint     ] Application time: 1.0001811 seconds
[2023-11-16T09:17:26.176+0000][266.228s][info ][safepoint     ] Entering safepoint region: Cleanup
[2023-11-16T09:17:26.176+0000][266.228s][info ][safepoint     ] Leaving safepoint region
[2023-11-16T09:17:26.176+0000][266.228s][info ][safepoint     ] Total time for which application threads were stopped: 0.0003506 seconds, Stopping threads took: 0.0000546 seconds
[2023-11-16T09:17:27.176+0000][267.228s][debug][safepoint     ] Safepoint synchronization initiated. (190 threads)
[2023-11-16T09:17:27.176+0000][267.228s][info ][safepoint     ] Application time: 1.0001381 seconds
[2023-11-16T09:17:27.176+0000][267.228s][info ][safepoint     ] Entering safepoint region: Cleanup
[2023-11-16T09:17:27.176+0000][267.228s][info ][safepoint     ] Leaving safepoint region
[2023-11-16T09:17:27.176+0000][267.228s][info ][safepoint     ] Total time for which application threads were stopped: 0.0003515 seconds, Stopping threads took: 0.0000543 seconds
[2023-11-16T09:17:28.177+0000][268.228s][debug][safepoint     ] Safepoint synchronization initiated. (190 threads)
[2023-11-16T09:17:28.177+0000][268.229s][info ][safepoint     ] Application time: 1.0001639 seconds
[2023-11-16T09:17:28.177+0000][268.229s][info ][safepoint     ] Entering safepoint region: Cleanup
[2023-11-16T09:17:28.177+0000][268.229s][info ][safepoint     ] Leaving safepoint region
[2023-11-16T09:17:28.177+0000][268.229s][info ][safepoint     ] Total time for which application threads were stopped: 0.0003459 seconds, Stopping threads took: 0.0000533 seconds
[2023-11-16T09:17:29.177+0000][269.229s][debug][safepoint     ] Safepoint synchronization initiated. (190 threads)
[2023-11-16T09:17:29.177+0000][269.229s][info ][safepoint     ] Application time: 1.0001728 seconds
[2023-11-16T09:17:29.177+0000][269.229s][info ][safepoint     ] Entering safepoint region: Cleanup
[2023-11-16T09:17:29.177+0000][269.229s][info ][safepoint     ] Leaving safepoint region
[2023-11-16T09:17:29.177+0000][269.229s][info ][safepoint     ] Total time for which application threads were stopped: 0.0002760 seconds, Stopping threads took: 0.0000534 seconds
[2023-11-16T09:17:30.178+0000][270.230s][debug][safepoint     ] Safepoint synchronization initiated. (190 threads)
[2023-11-16T09:17:30.178+0000][270.230s][info ][safepoint     ] Application time: 1.0001626 seconds
[2023-11-16T09:17:30.178+0000][270.230s][info ][safepoint     ] Entering safepoint region: Cleanup
[2023-11-16T09:17:30.179+0000][270.230s][info ][safepoint     ] Leaving safepoint region
[2023-11-16T09:17:30.179+0000][270.231s][info ][safepoint     ] Total time for which application threads were stopped: 0.0009419 seconds, Stopping threads took: 0.0007076 seconds
[2023-11-16T09:17:31.179+0000][271.231s][debug][safepoint     ] Safepoint synchronization initiated. (190 threads)
[2023-11-16T09:17:31.179+0000][271.231s][info ][safepoint     ] Application time: 1.0001906 seconds
[2023-11-16T09:17:31.179+0000][271.231s][info ][safepoint     ] Entering safepoint region: Cleanup
[2023-11-16T09:17:31.179+0000][271.231s][info ][safepoint     ] Leaving safepoint region
[2023-11-16T09:17:31.179+0000][271.231s][info ][safepoint     ] Total time for which application threads were stopped: 0.0002621 seconds, Stopping threads took: 0.0000553 seconds
[2023-11-16T09:17:32.179+0000][272.231s][debug][safepoint     ] Safepoint synchronization initiated. (190 threads)
[2023-11-16T09:17:32.179+0000][272.231s][info ][safepoint     ] Application time: 1.0001683 seconds
[2023-11-16T09:17:32.179+0000][272.231s][info ][safepoint     ] Entering safepoint region: Cleanup
[2023-11-16T09:17:32.180+0000][272.231s][info ][safepoint     ] Leaving safepoint region
[2023-11-16T09:17:32.180+0000][272.232s][info ][safepoint     ] Total time for which application threads were stopped: 0.0003159 seconds, Stopping threads took: 0.0000543 seconds
[2023-11-16T09:17:33.180+0000][273.232s][debug][safepoint     ] Safepoint synchronization initiated. (190 threads)
[2023-11-16T09:17:33.180+0000][273.232s][info ][safepoint     ] Application time: 1.0001466 seconds
[2023-11-16T09:17:33.180+0000][273.232s][info ][safepoint     ] Entering safepoint region: Cleanup
[2023-11-16T09:17:33.180+0000][273.232s][info ][safepoint     ] Leaving safepoint region
[2023-11-16T09:17:33.180+0000][273.232s][info ][safepoint     ] Total time for which application threads were stopped: 0.0003048 seconds, Stopping threads took: 0.0000539 seconds
[2023-11-16T09:17:34.180+0000][274.232s][debug][safepoint     ] Safepoint synchronization initiated. (190 threads)
[2023-11-16T09:17:34.180+0000][274.232s][info ][safepoint     ] Application time: 1.0001464 seconds
[2023-11-16T09:17:34.180+0000][274.232s][info ][safepoint     ] Entering safepoint region: Cleanup
[2023-11-16T09:17:34.180+0000][274.232s][info ][safepoint     ] Leaving safepoint region
[2023-11-16T09:17:34.180+0000][274.232s][info ][safepoint     ] Total time for which application threads were stopped: 0.0002615 seconds, Stopping threads took: 0.0000533 seconds
[2023-11-16T09:17:35.181+0000][275.233s][debug][safepoint     ] Safepoint synchronization initiated. (190 threads)
[2023-11-16T09:17:35.181+0000][275.233s][info ][safepoint     ] Application time: 1.0001552 seconds
[2023-11-16T09:17:35.181+0000][275.233s][info ][safepoint     ] Entering safepoint region: Cleanup
[2023-11-16T09:17:35.181+0000][275.233s][info ][safepoint     ] Leaving safepoint region
[2023-11-16T09:17:35.181+0000][275.233s][info ][safepoint     ] Total time for which application threads were stopped: 0.0002823 seconds, Stopping threads took: 0.0000623 seconds
[2023-11-16T09:17:36.181+0000][276.233s][debug][safepoint     ] Safepoint synchronization initiated. (190 threads)
[2023-11-16T09:17:36.181+0000][276.233s][info ][safepoint     ] Application time: 1.0001584 seconds
[2023-11-16T09:17:36.181+0000][276.233s][info ][safepoint     ] Entering safepoint region: Cleanup
[2023-11-16T09:17:36.181+0000][276.233s][info ][safepoint     ] Leaving safepoint region
[2023-11-16T09:17:36.182+0000][276.233s][info ][safepoint     ] Total time for which application threads were stopped: 0.0003540 seconds, Stopping threads took: 0.0000546 seconds
[2023-11-16T09:17:37.182+0000][277.234s][debug][safepoint     ] Safepoint synchronization initiated. (190 threads)
[2023-11-16T09:17:37.182+0000][277.234s][info ][safepoint     ] Application time: 1.0001705 seconds
[2023-11-16T09:17:37.182+0000][277.234s][info ][safepoint     ] Entering safepoint region: Cleanup
[2023-11-16T09:17:37.182+0000][277.234s][info ][safepoint     ] Leaving safepoint region
[2023-11-16T09:17:37.182+0000][277.234s][info ][safepoint     ] Total time for which application threads were stopped: 0.0004092 seconds, Stopping threads took: 0.0000554 seconds
[2023-11-16T09:17:38.182+0000][278.234s][debug][safepoint     ] Safepoint synchronization initiated. (189 threads)
[2023-11-16T09:17:38.182+0000][278.234s][info ][safepoint     ] Application time: 1.0001760 seconds
[2023-11-16T09:17:38.182+0000][278.234s][info ][safepoint     ] Entering safepoint region: Cleanup
[2023-11-16T09:17:38.183+0000][278.235s][info ][safepoint     ] Leaving safepoint region
[2023-11-16T09:17:38.183+0000][278.235s][info ][safepoint     ] Total time for which application threads were stopped: 0.0003513 seconds, Stopping threads took: 0.0000549 seconds
[2023-11-16T09:17:39.183+0000][279.235s][debug][safepoint     ] Safepoint synchronization initiated. (188 threads)
[2023-11-16T09:17:39.183+0000][279.235s][info ][safepoint     ] Application time: 1.0001600 seconds
[2023-11-16T09:17:39.183+0000][279.235s][info ][safepoint     ] Entering safepoint region: Cleanup
[2023-11-16T09:17:39.183+0000][279.235s][info ][safepoint     ] Leaving safepoint region
[2023-11-16T09:17:39.183+0000][279.235s][info ][safepoint     ] Total time for which application threads were stopped: 0.0003364 seconds, Stopping threads took: 0.0000434 seconds
[2023-11-16T09:17:40.183+0000][280.235s][debug][safepoint     ] Safepoint synchronization initiated. (188 threads)
[2023-11-16T09:17:40.183+0000][280.235s][info ][safepoint     ] Application time: 1.0001665 seconds
[2023-11-16T09:17:40.183+0000][280.235s][info ][safepoint     ] Entering safepoint region: Cleanup
[2023-11-16T09:17:40.184+0000][280.236s][info ][safepoint     ] Leaving safepoint region
[2023-11-16T09:17:40.184+0000][280.236s][info ][safepoint     ] Total time for which application threads were stopped: 0.0007718 seconds, Stopping threads took: 0.0005387 seconds
[2023-11-16T09:17:41.184+0000][281.236s][debug][safepoint     ] Safepoint synchronization initiated. (188 threads)
[2023-11-16T09:17:41.184+0000][281.236s][info ][safepoint     ] Application time: 1.0001540 seconds
[2023-11-16T09:17:41.184+0000][281.236s][info ][safepoint     ] Entering safepoint region: Cleanup
[2023-11-16T09:17:41.185+0000][281.237s][info ][safepoint     ] Leaving safepoint region
[2023-11-16T09:17:41.185+0000][281.237s][info ][safepoint     ] Total time for which application threads were stopped: 0.0003534 seconds, Stopping threads took: 0.0000551 seconds
[2023-11-16T09:17:42.185+0000][282.237s][debug][safepoint     ] Safepoint synchronization initiated. (188 threads)
[2023-11-16T09:17:42.185+0000][282.237s][info ][safepoint     ] Application time: 1.0001515 seconds
[2023-11-16T09:17:42.185+0000][282.237s][info ][safepoint     ] Entering safepoint region: Cleanup
[2023-11-16T09:17:42.185+0000][282.237s][info ][safepoint     ] Leaving safepoint region
[2023-11-16T09:17:42.185+0000][282.237s][info ][safepoint     ] Total time for which application threads were stopped: 0.0003469 seconds, Stopping threads took: 0.0000531 seconds
[2023-11-16T09:17:43.185+0000][283.237s][debug][safepoint     ] Safepoint synchronization initiated. (188 threads)
[2023-11-16T09:17:43.185+0000][283.237s][info ][safepoint     ] Application time: 1.0001686 seconds
[2023-11-16T09:17:43.186+0000][283.237s][info ][safepoint     ] Entering safepoint region: Cleanup
[2023-11-16T09:17:43.186+0000][283.238s][info ][safepoint     ] Leaving safepoint region
[2023-11-16T09:17:43.186+0000][283.238s][info ][safepoint     ] Total time for which application threads were stopped: 0.0003588 seconds, Stopping threads took: 0.0000540 seconds
[2023-11-16T09:17:44.186+0000][284.238s][debug][safepoint     ] Safepoint synchronization initiated. (188 threads)
[2023-11-16T09:17:44.186+0000][284.238s][info ][safepoint     ] Application time: 1.0001683 seconds
[2023-11-16T09:17:44.186+0000][284.238s][info ][safepoint     ] Entering safepoint region: Cleanup
[2023-11-16T09:17:44.186+0000][284.238s][info ][safepoint     ] Leaving safepoint region
[2023-11-16T09:17:44.186+0000][284.238s][info ][safepoint     ] Total time for which application threads were stopped: 0.0003540 seconds, Stopping threads took: 0.0000537 seconds
[2023-11-16T09:17:45.187+0000][285.238s][debug][safepoint     ] Safepoint synchronization initiated. (188 threads)
[2023-11-16T09:17:45.187+0000][285.239s][info ][safepoint     ] Application time: 1.0001819 seconds
[2023-11-16T09:17:45.187+0000][285.239s][info ][safepoint     ] Entering safepoint region: Cleanup
[2023-11-16T09:17:45.187+0000][285.239s][info ][safepoint     ] Leaving safepoint region
[2023-11-16T09:17:45.187+0000][285.239s][info ][safepoint     ] Total time for which application threads were stopped: 0.0002754 seconds, Stopping threads took: 0.0000580 seconds
[2023-11-16T09:17:46.187+0000][286.239s][debug][safepoint     ] Safepoint synchronization initiated. (188 threads)
[2023-11-16T09:17:46.187+0000][286.239s][info ][safepoint     ] Application time: 1.0001447 seconds
[2023-11-16T09:17:46.187+0000][286.239s][info ][safepoint     ] Entering safepoint region: Cleanup
[2023-11-16T09:17:46.187+0000][286.239s][info ][safepoint     ] Leaving safepoint region
[2023-11-16T09:17:46.187+0000][286.239s][info ][safepoint     ] Total time for which application threads were stopped: 0.0002658 seconds, Stopping threads took: 0.0000540 seconds
[2023-11-16T09:17:47.187+0000][287.239s][debug][safepoint     ] Safepoint synchronization initiated. (188 threads)
[2023-11-16T09:17:47.188+0000][287.240s][info ][safepoint     ] Application time: 1.0001788 seconds
[2023-11-16T09:17:47.188+0000][287.240s][info ][safepoint     ] Entering safepoint region: Cleanup
[2023-11-16T09:17:47.188+0000][287.240s][info ][safepoint     ] Leaving safepoint region
[2023-11-16T09:17:47.188+0000][287.240s][info ][safepoint     ] Total time for which application threads were stopped: 0.0003610 seconds, Stopping threads took: 0.0000559 seconds
[2023-11-16T09:17:48.188+0000][288.240s][debug][safepoint     ] Safepoint synchronization initiated. (188 threads)
[2023-11-16T09:17:48.188+0000][288.240s][info ][safepoint     ] Application time: 1.0001595 seconds
[2023-11-16T09:17:48.188+0000][288.240s][info ][safepoint     ] Entering safepoint region: Cleanup
[2023-11-16T09:17:48.188+0000][288.240s][info ][safepoint     ] Leaving safepoint region
[2023-11-16T09:17:48.188+0000][288.240s][info ][safepoint     ] Total time for which application threads were stopped: 0.0002617 seconds, Stopping threads took: 0.0000520 seconds
[2023-11-16T09:17:49.189+0000][289.241s][debug][safepoint     ] Safepoint synchronization initiated. (188 threads)
[2023-11-16T09:17:49.189+0000][289.241s][info ][safepoint     ] Application time: 1.0003239 seconds
[2023-11-16T09:17:49.189+0000][289.241s][info ][safepoint     ] Entering safepoint region: Cleanup
[2023-11-16T09:17:49.189+0000][289.241s][info ][safepoint     ] Leaving safepoint region
[2023-11-16T09:17:49.189+0000][289.241s][info ][safepoint     ] Total time for which application threads were stopped: 0.0002603 seconds, Stopping threads took: 0.0000512 seconds
[2023-11-16T09:17:50.189+0000][290.241s][debug][safepoint     ] Safepoint synchronization initiated. (188 threads)
[2023-11-16T09:17:50.189+0000][290.241s][info ][safepoint     ] Application time: 1.0001581 seconds
[2023-11-16T09:17:50.189+0000][290.241s][info ][safepoint     ] Entering safepoint region: Cleanup
[2023-11-16T09:17:50.190+0000][290.242s][info ][safepoint     ] Leaving safepoint region
[2023-11-16T09:17:50.190+0000][290.242s][info ][safepoint     ] Total time for which application threads were stopped: 0.0006945 seconds, Stopping threads took: 0.0004657 seconds
[2023-11-16T09:17:51.190+0000][291.242s][debug][safepoint     ] Safepoint synchronization initiated. (188 threads)
[2023-11-16T09:17:51.190+0000][291.242s][info ][safepoint     ] Application time: 1.0001810 seconds
[2023-11-16T09:17:51.190+0000][291.242s][info ][safepoint     ] Entering safepoint region: Cleanup
[2023-11-16T09:17:51.190+0000][291.242s][info ][safepoint     ] Leaving safepoint region
[2023-11-16T09:17:51.190+0000][291.242s][info ][safepoint     ] Total time for which application threads were stopped: 0.0003585 seconds, Stopping threads took: 0.0000543 seconds
[2023-11-16T09:17:52.191+0000][292.243s][debug][safepoint     ] Safepoint synchronization initiated. (188 threads)
[2023-11-16T09:17:52.191+0000][292.243s][info ][safepoint     ] Application time: 1.0001518 seconds
[2023-11-16T09:17:52.191+0000][292.243s][info ][safepoint     ] Entering safepoint region: Cleanup
[2023-11-16T09:17:52.191+0000][292.243s][info ][safepoint     ] Leaving safepoint region
[2023-11-16T09:17:52.191+0000][292.243s][info ][safepoint     ] Total time for which application threads were stopped: 0.0003625 seconds, Stopping threads took: 0.0000550 seconds
[2023-11-16T09:17:53.191+0000][293.243s][debug][safepoint     ] Safepoint synchronization initiated. (188 threads)
[2023-11-16T09:17:53.191+0000][293.243s][info ][safepoint     ] Application time: 1.0001571 seconds
[2023-11-16T09:17:53.191+0000][293.243s][info ][safepoint     ] Entering safepoint region: Cleanup
[2023-11-16T09:17:53.192+0000][293.244s][info ][safepoint     ] Leaving safepoint region
[2023-11-16T09:17:53.192+0000][293.244s][info ][safepoint     ] Total time for which application threads were stopped: 0.0003500 seconds, Stopping threads took: 0.0000542 seconds
[2023-11-16T09:17:54.192+0000][294.244s][debug][safepoint     ] Safepoint synchronization initiated. (188 threads)
[2023-11-16T09:17:54.192+0000][294.244s][info ][safepoint     ] Application time: 1.0001552 seconds
[2023-11-16T09:17:54.192+0000][294.244s][info ][safepoint     ] Entering safepoint region: Cleanup
[2023-11-16T09:17:54.192+0000][294.244s][info ][safepoint     ] Leaving safepoint region
[2023-11-16T09:17:54.192+0000][294.244s][info ][safepoint     ] Total time for which application threads were stopped: 0.0003311 seconds, Stopping threads took: 0.0000515 seconds
[2023-11-16T09:17:55.192+0000][295.244s][debug][safepoint     ] Safepoint synchronization initiated. (188 threads)
[2023-11-16T09:17:55.192+0000][295.244s][info ][safepoint     ] Application time: 1.0001473 seconds
[2023-11-16T09:17:55.192+0000][295.244s][info ][safepoint     ] Entering safepoint region: Cleanup
[2023-11-16T09:17:55.193+0000][295.245s][info ][safepoint     ] Leaving safepoint region
[2023-11-16T09:17:55.193+0000][295.245s][info ][safepoint     ] Total time for which application threads were stopped: 0.0006837 seconds, Stopping threads took: 0.0003899 seconds
[2023-11-16T09:17:56.193+0000][296.245s][debug][safepoint     ] Safepoint synchronization initiated. (188 threads)
[2023-11-16T09:17:56.193+0000][296.245s][info ][safepoint     ] Application time: 1.0001623 seconds
[2023-11-16T09:17:56.193+0000][296.245s][info ][safepoint     ] Entering safepoint region: Cleanup
[2023-11-16T09:17:56.193+0000][296.245s][info ][safepoint     ] Leaving safepoint region
[2023-11-16T09:17:56.193+0000][296.245s][info ][safepoint     ] Total time for which application threads were stopped: 0.0002673 seconds, Stopping threads took: 0.0000551 seconds
[2023-11-16T09:17:57.194+0000][297.245s][debug][safepoint     ] Safepoint synchronization initiated. (188 threads)
[2023-11-16T09:17:57.194+0000][297.246s][info ][safepoint     ] Application time: 1.0001109 seconds
[2023-11-16T09:17:57.194+0000][297.246s][info ][safepoint     ] Entering safepoint region: Cleanup
[2023-11-16T09:17:57.194+0000][297.246s][info ][safepoint     ] Leaving safepoint region
[2023-11-16T09:17:57.194+0000][297.246s][info ][safepoint     ] Total time for which application threads were stopped: 0.0002305 seconds, Stopping threads took: 0.0000404 seconds
[2023-11-16T09:17:58.194+0000][298.246s][debug][safepoint     ] Safepoint synchronization initiated. (188 threads)
[2023-11-16T09:17:58.194+0000][298.246s][info ][safepoint     ] Application time: 1.0001376 seconds
[2023-11-16T09:17:58.194+0000][298.246s][info ][safepoint     ] Entering safepoint region: Cleanup
[2023-11-16T09:17:58.194+0000][298.246s][info ][safepoint     ] Leaving safepoint region
[2023-11-16T09:17:58.194+0000][298.246s][info ][safepoint     ] Total time for which application threads were stopped: 0.0002160 seconds, Stopping threads took: 0.0000454 seconds
[2023-11-16T09:17:59.194+0000][299.246s][debug][safepoint     ] Safepoint synchronization initiated. (188 threads)
[2023-11-16T09:17:59.194+0000][299.246s][info ][safepoint     ] Application time: 1.0001542 seconds
[2023-11-16T09:17:59.194+0000][299.246s][info ][safepoint     ] Entering safepoint region: Cleanup
[2023-11-16T09:17:59.195+0000][299.247s][info ][safepoint     ] Leaving safepoint region
[2023-11-16T09:17:59.195+0000][299.247s][info ][safepoint     ] Total time for which application threads were stopped: 0.0003424 seconds, Stopping threads took: 0.0000536 seconds
[2023-11-16T09:18:00.195+0000][300.247s][debug][safepoint     ] Safepoint synchronization initiated. (188 threads)
[2023-11-16T09:18:00.195+0000][300.247s][info ][safepoint     ] Application time: 1.0001381 seconds
[2023-11-16T09:18:00.195+0000][300.247s][info ][safepoint     ] Entering safepoint region: Cleanup
[2023-11-16T09:18:00.195+0000][300.247s][info ][safepoint     ] Leaving safepoint region
[2023-11-16T09:18:00.195+0000][300.247s][info ][safepoint     ] Total time for which application threads were stopped: 0.0003434 seconds, Stopping threads took: 0.0000519 seconds
[2023-11-16T09:18:01.195+0000][301.247s][debug][safepoint     ] Safepoint synchronization initiated. (188 threads)
[2023-11-16T09:18:01.195+0000][301.247s][info ][safepoint     ] Application time: 1.0001207 seconds
[2023-11-16T09:18:01.195+0000][301.247s][info ][safepoint     ] Entering safepoint region: Cleanup
[2023-11-16T09:18:01.196+0000][301.248s][info ][safepoint     ] Leaving safepoint region
[2023-11-16T09:18:01.196+0000][301.248s][info ][safepoint     ] Total time for which application threads were stopped: 0.0003453 seconds, Stopping threads took: 0.0000689 seconds
[2023-11-16T09:18:02.196+0000][302.248s][debug][safepoint     ] Safepoint synchronization initiated. (188 threads)
[2023-11-16T09:18:02.196+0000][302.248s][info ][safepoint     ] Application time: 1.0001425 seconds
[2023-11-16T09:18:02.196+0000][302.248s][info ][safepoint     ] Entering safepoint region: Cleanup
[2023-11-16T09:18:02.196+0000][302.248s][info ][safepoint     ] Leaving safepoint region
[2023-11-16T09:18:02.196+0000][302.248s][info ][safepoint     ] Total time for which application threads were stopped: 0.0003427 seconds, Stopping threads took: 0.0000531 seconds
[2023-11-16T09:18:03.196+0000][303.248s][debug][safepoint     ] Safepoint synchronization initiated. (188 threads)
[2023-11-16T09:18:03.196+0000][303.248s][info ][safepoint     ] Application time: 1.0001549 seconds
[2023-11-16T09:18:03.196+0000][303.248s][info ][safepoint     ] Entering safepoint region: Cleanup
[2023-11-16T09:18:03.197+0000][303.249s][info ][safepoint     ] Leaving safepoint region
[2023-11-16T09:18:03.197+0000][303.249s][info ][safepoint     ] Total time for which application threads were stopped: 0.0003576 seconds, Stopping threads took: 0.0000535 seconds
[2023-11-16T09:18:04.197+0000][304.249s][debug][safepoint     ] Safepoint synchronization initiated. (188 threads)
[2023-11-16T09:18:04.197+0000][304.249s][info ][safepoint     ] Application time: 1.0001650 seconds
[2023-11-16T09:18:04.197+0000][304.249s][info ][safepoint     ] Entering safepoint region: Cleanup
[2023-11-16T09:18:04.197+0000][304.249s][info ][safepoint     ] Leaving safepoint region
[2023-11-16T09:18:04.197+0000][304.249s][info ][safepoint     ] Total time for which application threads were stopped: 0.0003442 seconds, Stopping threads took: 0.0000522 seconds
[2023-11-16T09:18:05.197+0000][305.249s][debug][safepoint     ] Safepoint synchronization initiated. (188 threads)
[2023-11-16T09:18:05.198+0000][305.250s][info ][safepoint     ] Application time: 1.0001731 seconds
[2023-11-16T09:18:05.198+0000][305.250s][info ][safepoint     ] Entering safepoint region: Cleanup
[2023-11-16T09:18:05.198+0000][305.250s][info ][safepoint     ] Leaving safepoint region
[2023-11-16T09:18:05.198+0000][305.250s][info ][safepoint     ] Total time for which application threads were stopped: 0.0003536 seconds, Stopping threads took: 0.0000542 seconds
[2023-11-16T09:18:06.198+0000][306.250s][debug][safepoint     ] Safepoint synchronization initiated. (188 threads)
[2023-11-16T09:18:06.198+0000][306.250s][info ][safepoint     ] Application time: 1.0001563 seconds
[2023-11-16T09:18:06.198+0000][306.250s][info ][safepoint     ] Entering safepoint region: Cleanup
[2023-11-16T09:18:06.198+0000][306.250s][info ][safepoint     ] Leaving safepoint region
[2023-11-16T09:18:06.198+0000][306.250s][info ][safepoint     ] Total time for which application threads were stopped: 0.0002624 seconds, Stopping threads took: 0.0000559 seconds
[2023-11-16T09:18:07.199+0000][307.250s][debug][safepoint     ] Safepoint synchronization initiated. (188 threads)
[2023-11-16T09:18:07.199+0000][307.251s][info ][safepoint     ] Application time: 1.0001695 seconds
[2023-11-16T09:18:07.199+0000][307.251s][info ][safepoint     ] Entering safepoint region: Cleanup
[2023-11-16T09:18:07.199+0000][307.251s][info ][safepoint     ] Leaving safepoint region
[2023-11-16T09:18:07.199+0000][307.251s][info ][safepoint     ] Total time for which application threads were stopped: 0.0002681 seconds, Stopping threads took: 0.0000539 seconds
[2023-11-16T09:18:08.199+0000][308.251s][debug][safepoint     ] Safepoint synchronization initiated. (188 threads)
[2023-11-16T09:18:08.199+0000][308.251s][info ][safepoint     ] Application time: 1.0001500 seconds
[2023-11-16T09:18:08.199+0000][308.251s][info ][safepoint     ] Entering safepoint region: Cleanup
[2023-11-16T09:18:08.199+0000][308.251s][info ][safepoint     ] Leaving safepoint region
[2023-11-16T09:18:08.199+0000][308.251s][info ][safepoint     ] Total time for which application threads were stopped: 0.0002998 seconds, Stopping threads took: 0.0000512 seconds
[2023-11-16T09:18:09.199+0000][309.251s][debug][safepoint     ] Safepoint synchronization initiated. (188 threads)
[2023-11-16T09:18:09.200+0000][309.252s][info ][safepoint     ] Application time: 1.0001828 seconds
[2023-11-16T09:18:09.200+0000][309.252s][info ][safepoint     ] Entering safepoint region: Cleanup
[2023-11-16T09:18:09.200+0000][309.252s][info ][safepoint     ] Leaving safepoint region
[2023-11-16T09:18:09.200+0000][309.252s][info ][safepoint     ] Total time for which application threads were stopped: 0.0003467 seconds, Stopping threads took: 0.0000523 seconds
[2023-11-16T09:18:10.200+0000][310.252s][debug][safepoint     ] Safepoint synchronization initiated. (188 threads)
[2023-11-16T09:18:10.200+0000][310.252s][info ][safepoint     ] Application time: 1.0001570 seconds
[2023-11-16T09:18:10.200+0000][310.252s][info ][safepoint     ] Entering safepoint region: Cleanup
[2023-11-16T09:18:10.200+0000][310.252s][info ][safepoint     ] Leaving safepoint region
[2023-11-16T09:18:10.200+0000][310.252s][info ][safepoint     ] Total time for which application threads were stopped: 0.0003514 seconds, Stopping threads took: 0.0000536 seconds
[2023-11-16T09:18:11.201+0000][311.253s][debug][safepoint     ] Safepoint synchronization initiated. (188 threads)
[2023-11-16T09:18:11.201+0000][311.253s][info ][safepoint     ] Application time: 1.0001714 seconds
[2023-11-16T09:18:11.201+0000][311.253s][info ][safepoint     ] Entering safepoint region: Cleanup
[2023-11-16T09:18:11.201+0000][311.253s][info ][safepoint     ] Leaving safepoint region
[2023-11-16T09:18:11.201+0000][311.253s][info ][safepoint     ] Total time for which application threads were stopped: 0.0003535 seconds, Stopping threads took: 0.0000536 seconds
[2023-11-16T09:18:12.201+0000][312.253s][debug][safepoint     ] Safepoint synchronization initiated. (188 threads)
[2023-11-16T09:18:12.201+0000][312.253s][info ][safepoint     ] Application time: 1.0001747 seconds
[2023-11-16T09:18:12.201+0000][312.253s][info ][safepoint     ] Entering safepoint region: Cleanup
[2023-11-16T09:18:12.202+0000][312.254s][info ][safepoint     ] Leaving safepoint region
[2023-11-16T09:18:12.202+0000][312.254s][info ][safepoint     ] Total time for which application threads were stopped: 0.0003529 seconds, Stopping threads took: 0.0000527 seconds
[2023-11-16T09:18:13.202+0000][313.254s][debug][safepoint     ] Safepoint synchronization initiated. (188 threads)
[2023-11-16T09:18:13.202+0000][313.254s][info ][safepoint     ] Application time: 1.0001351 seconds
[2023-11-16T09:18:13.202+0000][313.254s][info ][safepoint     ] Entering safepoint region: Cleanup
[2023-11-16T09:18:13.202+0000][313.254s][info ][safepoint     ] Leaving safepoint region
[2023-11-16T09:18:13.202+0000][313.254s][info ][safepoint     ] Total time for which application threads were stopped: 0.0003776 seconds, Stopping threads took: 0.0000784 seconds
[2023-11-16T09:18:14.202+0000][314.254s][debug][safepoint     ] Safepoint synchronization initiated. (188 threads)
[2023-11-16T09:18:14.202+0000][314.254s][info ][safepoint     ] Application time: 1.0001604 seconds
[2023-11-16T09:18:14.202+0000][314.254s][info ][safepoint     ] Entering safepoint region: Cleanup
[2023-11-16T09:18:14.203+0000][314.255s][info ][safepoint     ] Leaving safepoint region
[2023-11-16T09:18:14.203+0000][314.255s][info ][safepoint     ] Total time for which application threads were stopped: 0.0007179 seconds, Stopping threads took: 0.0004256 seconds
[2023-11-16T09:18:15.203+0000][315.255s][debug][safepoint     ] Safepoint synchronization initiated. (188 threads)
[2023-11-16T09:18:15.203+0000][315.255s][info ][safepoint     ] Application time: 1.0001516 seconds
[2023-11-16T09:18:15.203+0000][315.255s][info ][safepoint     ] Entering safepoint region: Cleanup
[2023-11-16T09:18:15.203+0000][315.255s][info ][safepoint     ] Leaving safepoint region
[2023-11-16T09:18:15.204+0000][315.255s][info ][safepoint     ] Total time for which application threads were stopped: 0.0002818 seconds, Stopping threads took: 0.0000535 seconds
[2023-11-16T09:18:16.204+0000][316.256s][debug][safepoint     ] Safepoint synchronization initiated. (188 threads)
[2023-11-16T09:18:16.204+0000][316.256s][info ][safepoint     ] Application time: 1.0001389 seconds
[2023-11-16T09:18:16.204+0000][316.256s][info ][safepoint     ] Entering safepoint region: Cleanup
[2023-11-16T09:18:16.204+0000][316.256s][info ][safepoint     ] Leaving safepoint region
[2023-11-16T09:18:16.204+0000][316.256s][info ][safepoint     ] Total time for which application threads were stopped: 0.0003498 seconds, Stopping threads took: 0.0000532 seconds
[2023-11-16T09:18:17.204+0000][317.256s][debug][safepoint     ] Safepoint synchronization initiated. (188 threads)
[2023-11-16T09:18:17.204+0000][317.256s][info ][safepoint     ] Application time: 1.0001560 seconds
[2023-11-16T09:18:17.204+0000][317.256s][info ][safepoint     ] Entering safepoint region: Cleanup
[2023-11-16T09:18:17.205+0000][317.256s][info ][safepoint     ] Leaving safepoint region
[2023-11-16T09:18:17.205+0000][317.257s][info ][safepoint     ] Total time for which application threads were stopped: 0.0003483 seconds, Stopping threads took: 0.0000527 seconds
[2023-11-16T09:18:18.205+0000][318.257s][debug][safepoint     ] Safepoint synchronization initiated. (188 threads)
[2023-11-16T09:18:18.205+0000][318.257s][info ][safepoint     ] Application time: 1.0001564 seconds
[2023-11-16T09:18:18.205+0000][318.257s][info ][safepoint     ] Entering safepoint region: Cleanup
[2023-11-16T09:18:18.205+0000][318.257s][info ][safepoint     ] Leaving safepoint region
[2023-11-16T09:18:18.205+0000][318.257s][info ][safepoint     ] Total time for which application threads were stopped: 0.0003220 seconds, Stopping threads took: 0.0000538 seconds
[2023-11-16T09:18:19.205+0000][319.257s][debug][safepoint     ] Safepoint synchronization initiated. (188 threads)
[2023-11-16T09:18:19.205+0000][319.257s][info ][safepoint     ] Application time: 1.0001700 seconds
[2023-11-16T09:18:19.205+0000][319.257s][info ][safepoint     ] Entering safepoint region: Cleanup
[2023-11-16T09:18:19.206+0000][319.258s][info ][safepoint     ] Leaving safepoint region
[2023-11-16T09:18:19.206+0000][319.258s][info ][safepoint     ] Total time for which application threads were stopped: 0.0007668 seconds, Stopping threads took: 0.0004655 seconds
[2023-11-16T09:18:20.206+0000][320.258s][debug][safepoint     ] Safepoint synchronization initiated. (188 threads)
[2023-11-16T09:18:20.206+0000][320.258s][info ][safepoint     ] Application time: 1.0001671 seconds
[2023-11-16T09:18:20.206+0000][320.258s][info ][safepoint     ] Entering safepoint region: Cleanup
[2023-11-16T09:18:20.207+0000][320.259s][info ][safepoint     ] Leaving safepoint region
[2023-11-16T09:18:20.207+0000][320.259s][info ][safepoint     ] Total time for which application threads were stopped: 0.0003756 seconds, Stopping threads took: 0.0000782 seconds
[2023-11-16T09:18:21.207+0000][321.259s][debug][safepoint     ] Safepoint synchronization initiated. (188 threads)
[2023-11-16T09:18:21.207+0000][321.259s][info ][safepoint     ] Application time: 1.0001620 seconds
[2023-11-16T09:18:21.207+0000][321.259s][info ][safepoint     ] Entering safepoint region: Cleanup
[2023-11-16T09:18:21.207+0000][321.259s][info ][safepoint     ] Leaving safepoint region
[2023-11-16T09:18:21.207+0000][321.259s][info ][safepoint     ] Total time for which application threads were stopped: 0.0002560 seconds, Stopping threads took: 0.0000537 seconds
[2023-11-16T09:18:22.207+0000][322.259s][debug][safepoint     ] Safepoint synchronization initiated. (188 threads)
[2023-11-16T09:18:22.207+0000][322.259s][info ][safepoint     ] Application time: 1.0001675 seconds
[2023-11-16T09:18:22.207+0000][322.259s][info ][safepoint     ] Entering safepoint region: Cleanup
[2023-11-16T09:18:22.208+0000][322.260s][info ][safepoint     ] Leaving safepoint region
[2023-11-16T09:18:22.208+0000][322.260s][info ][safepoint     ] Total time for which application threads were stopped: 0.0002947 seconds, Stopping threads took: 0.0000534 seconds
[2023-11-16T09:18:23.208+0000][323.260s][debug][safepoint     ] Safepoint synchronization initiated. (187 threads)
[2023-11-16T09:18:23.208+0000][323.260s][info ][safepoint     ] Application time: 1.0001418 seconds
[2023-11-16T09:18:23.208+0000][323.260s][info ][safepoint     ] Entering safepoint region: Cleanup
[2023-11-16T09:18:23.208+0000][323.260s][info ][safepoint     ] Leaving safepoint region
[2023-11-16T09:18:23.208+0000][323.260s][info ][safepoint     ] Total time for which application threads were stopped: 0.0003037 seconds, Stopping threads took: 0.0000538 seconds
[2023-11-16T09:18:23.208+0000][323.260s][debug][safepoint     ] ... found polling page return exception at pc = 0x00007f07c441fb82, stub =0x00007f07bc83a800
[2023-11-16T09:18:23.208+0000][323.260s][debug][safepoint     ] ... found polling page return exception at pc = 0x00007f07c441fb82, stub =0x00007f07bc83a800
[2023-11-16T09:18:24.208+0000][324.260s][debug][safepoint     ] Safepoint synchronization initiated. (187 threads)
[2023-11-16T09:18:24.208+0000][324.260s][info ][safepoint     ] Application time: 1.0001625 seconds
[2023-11-16T09:18:24.208+0000][324.260s][info ][safepoint     ] Entering safepoint region: Cleanup
[2023-11-16T09:18:24.209+0000][324.261s][info ][safepoint     ] Leaving safepoint region
[2023-11-16T09:18:24.209+0000][324.261s][info ][safepoint     ] Total time for which application threads were stopped: 0.0007678 seconds, Stopping threads took: 0.0004863 seconds
[2023-11-16T09:18:25.209+0000][325.261s][debug][safepoint     ] Safepoint synchronization initiated. (187 threads)
[2023-11-16T09:18:25.209+0000][325.261s][info ][safepoint     ] Application time: 1.0001738 seconds
[2023-11-16T09:18:25.209+0000][325.261s][info ][safepoint     ] Entering safepoint region: Cleanup
[2023-11-16T09:18:25.210+0000][325.262s][info ][safepoint     ] Leaving safepoint region
[2023-11-16T09:18:25.210+0000][325.262s][info ][safepoint     ] Total time for which application threads were stopped: 0.0003650 seconds, Stopping threads took: 0.0000562 seconds
[2023-11-16T09:18:26.210+0000][326.262s][debug][safepoint     ] Safepoint synchronization initiated. (187 threads)
[2023-11-16T09:18:26.210+0000][326.262s][info ][safepoint     ] Application time: 1.0001714 seconds
[2023-11-16T09:18:26.210+0000][326.262s][info ][safepoint     ] Entering safepoint region: Cleanup
[2023-11-16T09:18:26.210+0000][326.262s][info ][safepoint     ] Leaving safepoint region
[2023-11-16T09:18:26.210+0000][326.262s][info ][safepoint     ] Total time for which application threads were stopped: 0.0003565 seconds, Stopping threads took: 0.0000568 seconds
[2023-11-16T09:18:27.210+0000][327.262s][debug][safepoint     ] Safepoint synchronization initiated. (187 threads)
[2023-11-16T09:18:27.210+0000][327.262s][info ][safepoint     ] Application time: 1.0001745 seconds
[2023-11-16T09:18:27.210+0000][327.262s][info ][safepoint     ] Entering safepoint region: Cleanup
[2023-11-16T09:18:27.211+0000][327.263s][info ][safepoint     ] Leaving safepoint region
[2023-11-16T09:18:27.211+0000][327.263s][info ][safepoint     ] Total time for which application threads were stopped: 0.0003539 seconds, Stopping threads took: 0.0000556 seconds
[2023-11-16T09:18:28.211+0000][328.263s][debug][safepoint     ] Safepoint synchronization initiated. (187 threads)
[2023-11-16T09:18:28.211+0000][328.263s][info ][safepoint     ] Application time: 1.0001595 seconds
[2023-11-16T09:18:28.211+0000][328.263s][info ][safepoint     ] Entering safepoint region: Cleanup
[2023-11-16T09:18:28.211+0000][328.263s][info ][safepoint     ] Leaving safepoint region
[2023-11-16T09:18:28.211+0000][328.263s][info ][safepoint     ] Total time for which application threads were stopped: 0.0003313 seconds, Stopping threads took: 0.0000417 seconds
[2023-11-16T09:18:29.211+0000][329.263s][debug][safepoint     ] Safepoint synchronization initiated. (187 threads)
[2023-11-16T09:18:29.211+0000][329.263s][info ][safepoint     ] Application time: 1.0001433 seconds
[2023-11-16T09:18:29.212+0000][329.263s][info ][safepoint     ] Entering safepoint region: Cleanup
[2023-11-16T09:18:29.212+0000][329.264s][info ][safepoint     ] Leaving safepoint region
[2023-11-16T09:18:29.212+0000][329.264s][info ][safepoint     ] Total time for which application threads were stopped: 0.0004052 seconds, Stopping threads took: 0.0000576 seconds
[2023-11-16T09:18:30.212+0000][330.264s][debug][safepoint     ] Safepoint synchronization initiated. (187 threads)
[2023-11-16T09:18:30.212+0000][330.264s][info ][safepoint     ] Application time: 1.0001473 seconds
[2023-11-16T09:18:30.212+0000][330.264s][info ][safepoint     ] Entering safepoint region: Cleanup
[2023-11-16T09:18:30.212+0000][330.264s][info ][safepoint     ] Leaving safepoint region
[2023-11-16T09:18:30.212+0000][330.264s][info ][safepoint     ] Total time for which application threads were stopped: 0.0003175 seconds, Stopping threads took: 0.0000549 seconds
[2023-11-16T09:18:31.212+0000][331.264s][debug][safepoint     ] Safepoint synchronization initiated. (187 threads)
[2023-11-16T09:18:31.213+0000][331.265s][info ][safepoint     ] Application time: 1.0001426 seconds
[2023-11-16T09:18:31.213+0000][331.265s][info ][safepoint     ] Entering safepoint region: Cleanup
[2023-11-16T09:18:31.213+0000][331.265s][info ][safepoint     ] Leaving safepoint region
[2023-11-16T09:18:31.213+0000][331.265s][info ][safepoint     ] Total time for which application threads were stopped: 0.0003410 seconds, Stopping threads took: 0.0000534 seconds
[2023-11-16T09:18:32.213+0000][332.265s][debug][safepoint     ] Safepoint synchronization initiated. (187 threads)
[2023-11-16T09:18:32.213+0000][332.265s][info ][safepoint     ] Application time: 1.0001729 seconds
[2023-11-16T09:18:32.213+0000][332.265s][info ][safepoint     ] Entering safepoint region: Cleanup
[2023-11-16T09:18:32.213+0000][332.265s][info ][safepoint     ] Leaving safepoint region
[2023-11-16T09:18:32.214+0000][332.265s][info ][safepoint     ] Total time for which application threads were stopped: 0.0003613 seconds, Stopping threads took: 0.0000553 seconds
[2023-11-16T09:18:33.214+0000][333.266s][debug][safepoint     ] Safepoint synchronization initiated. (187 threads)
[2023-11-16T09:18:33.214+0000][333.266s][info ][safepoint     ] Application time: 1.0001631 seconds
[2023-11-16T09:18:33.214+0000][333.266s][info ][safepoint     ] Entering safepoint region: Cleanup
[2023-11-16T09:18:33.214+0000][333.266s][info ][safepoint     ] Leaving safepoint region
[2023-11-16T09:18:33.214+0000][333.266s][info ][safepoint     ] Total time for which application threads were stopped: 0.0003548 seconds, Stopping threads took: 0.0000563 seconds
[2023-11-16T09:18:34.214+0000][334.266s][debug][safepoint     ] Safepoint synchronization initiated. (187 threads)
[2023-11-16T09:18:34.214+0000][334.266s][info ][safepoint     ] Application time: 1.0001734 seconds
[2023-11-16T09:18:34.214+0000][334.266s][info ][safepoint     ] Entering safepoint region: Cleanup
[2023-11-16T09:18:34.215+0000][334.267s][info ][safepoint     ] Leaving safepoint region
[2023-11-16T09:18:34.215+0000][334.267s][info ][safepoint     ] Total time for which application threads were stopped: 0.0009537 seconds, Stopping threads took: 0.0006543 seconds
[2023-11-16T09:18:35.215+0000][335.267s][debug][safepoint     ] Safepoint synchronization initiated. (187 threads)
[2023-11-16T09:18:35.215+0000][335.267s][info ][safepoint     ] Application time: 1.0001699 seconds
[2023-11-16T09:18:35.216+0000][335.267s][info ][safepoint     ] Entering safepoint region: Cleanup
[2023-11-16T09:18:35.216+0000][335.268s][info ][safepoint     ] Leaving safepoint region
[2023-11-16T09:18:35.216+0000][335.268s][info ][safepoint     ] Total time for which application threads were stopped: 0.0003522 seconds, Stopping threads took: 0.0000565 seconds
[2023-11-16T09:18:36.216+0000][336.268s][debug][safepoint     ] Safepoint synchronization initiated. (187 threads)
[2023-11-16T09:18:36.216+0000][336.268s][info ][safepoint     ] Application time: 1.0002622 seconds
[2023-11-16T09:18:36.216+0000][336.268s][info ][safepoint     ] Entering safepoint region: Cleanup
[2023-11-16T09:18:36.216+0000][336.268s][info ][safepoint     ] Leaving safepoint region
[2023-11-16T09:18:36.216+0000][336.268s][info ][safepoint     ] Total time for which application threads were stopped: 0.0003517 seconds, Stopping threads took: 0.0000537 seconds
[2023-11-16T09:18:37.217+0000][337.269s][debug][safepoint     ] Safepoint synchronization initiated. (187 threads)
[2023-11-16T09:18:37.217+0000][337.269s][info ][safepoint     ] Application time: 1.0001532 seconds
[2023-11-16T09:18:37.217+0000][337.269s][info ][safepoint     ] Entering safepoint region: Cleanup
[2023-11-16T09:18:37.217+0000][337.269s][info ][safepoint     ] Leaving safepoint region
[2023-11-16T09:18:37.217+0000][337.269s][info ][safepoint     ] Total time for which application threads were stopped: 0.0003463 seconds, Stopping threads took: 0.0000536 seconds
[2023-11-16T09:18:38.217+0000][338.269s][debug][safepoint     ] Safepoint synchronization initiated. (186 threads)
[2023-11-16T09:18:38.217+0000][338.269s][info ][safepoint     ] Application time: 1.0001633 seconds
[2023-11-16T09:18:38.217+0000][338.269s][info ][safepoint     ] Entering safepoint region: Cleanup
[2023-11-16T09:18:38.218+0000][338.269s][info ][safepoint     ] Leaving safepoint region
[2023-11-16T09:18:38.218+0000][338.270s][info ][safepoint     ] Total time for which application threads were stopped: 0.0003461 seconds, Stopping threads took: 0.0000513 seconds
[2023-11-16T09:18:39.218+0000][339.270s][debug][safepoint     ] Safepoint synchronization initiated. (186 threads)
[2023-11-16T09:18:39.218+0000][339.270s][info ][safepoint     ] Application time: 1.0001572 seconds
[2023-11-16T09:18:39.218+0000][339.270s][info ][safepoint     ] Entering safepoint region: Cleanup
[2023-11-16T09:18:39.219+0000][339.270s][info ][safepoint     ] Leaving safepoint region
[2023-11-16T09:18:39.219+0000][339.271s][info ][safepoint     ] Total time for which application threads were stopped: 0.0007838 seconds, Stopping threads took: 0.0004391 seconds
[2023-11-16T09:18:40.219+0000][340.271s][debug][safepoint     ] Safepoint synchronization initiated. (186 threads)
[2023-11-16T09:18:40.219+0000][340.271s][info ][safepoint     ] Application time: 1.0001574 seconds
[2023-11-16T09:18:40.219+0000][340.271s][info ][safepoint     ] Entering safepoint region: Cleanup
[2023-11-16T09:18:40.219+0000][340.271s][info ][safepoint     ] Leaving safepoint region
[2023-11-16T09:18:40.219+0000][340.271s][info ][safepoint     ] Total time for which application threads were stopped: 0.0003465 seconds, Stopping threads took: 0.0000529 seconds
[2023-11-16T09:18:41.219+0000][341.271s][debug][safepoint     ] Safepoint synchronization initiated. (186 threads)
[2023-11-16T09:18:41.219+0000][341.271s][info ][safepoint     ] Application time: 1.0001764 seconds
[2023-11-16T09:18:41.219+0000][341.271s][info ][safepoint     ] Entering safepoint region: Cleanup
[2023-11-16T09:18:41.220+0000][341.272s][info ][safepoint     ] Leaving safepoint region
[2023-11-16T09:18:41.220+0000][341.272s][info ][safepoint     ] Total time for which application threads were stopped: 0.0003358 seconds, Stopping threads took: 0.0000537 seconds
[2023-11-16T09:18:42.220+0000][342.272s][debug][safepoint     ] Safepoint synchronization initiated. (186 threads)
[2023-11-16T09:18:42.220+0000][342.272s][info ][safepoint     ] Application time: 1.0001511 seconds
[2023-11-16T09:18:42.220+0000][342.272s][info ][safepoint     ] Entering safepoint region: Cleanup
[2023-11-16T09:18:42.220+0000][342.272s][info ][safepoint     ] Leaving safepoint region
[2023-11-16T09:18:42.220+0000][342.272s][info ][safepoint     ] Total time for which application threads were stopped: 0.0002623 seconds, Stopping threads took: 0.0000538 seconds
[2023-11-16T09:18:43.220+0000][343.272s][debug][safepoint     ] Safepoint synchronization initiated. (186 threads)
[2023-11-16T09:18:43.220+0000][343.272s][info ][safepoint     ] Application time: 1.0001685 seconds
[2023-11-16T09:18:43.220+0000][343.272s][info ][safepoint     ] Entering safepoint region: Cleanup
[2023-11-16T09:18:43.221+0000][343.273s][info ][safepoint     ] Leaving safepoint region
[2023-11-16T09:18:43.221+0000][343.273s][info ][safepoint     ] Total time for which application threads were stopped: 0.0003363 seconds, Stopping threads took: 0.0000715 seconds
[2023-11-16T09:18:44.221+0000][344.273s][debug][safepoint     ] Safepoint synchronization initiated. (186 threads)
[2023-11-16T09:18:44.221+0000][344.273s][info ][safepoint     ] Application time: 1.0001599 seconds
[2023-11-16T09:18:44.221+0000][344.273s][info ][safepoint     ] Entering safepoint region: Cleanup
[2023-11-16T09:18:44.222+0000][344.274s][info ][safepoint     ] Leaving safepoint region
[2023-11-16T09:18:44.222+0000][344.274s][info ][safepoint     ] Total time for which application threads were stopped: 0.0009023 seconds, Stopping threads took: 0.0006374 seconds
[2023-11-16T09:18:45.222+0000][345.274s][debug][safepoint     ] Safepoint synchronization initiated. (186 threads)
[2023-11-16T09:18:45.222+0000][345.274s][info ][safepoint     ] Application time: 1.0001541 seconds
[2023-11-16T09:18:45.222+0000][345.274s][info ][safepoint     ] Entering safepoint region: Cleanup
[2023-11-16T09:18:45.222+0000][345.274s][info ][safepoint     ] Leaving safepoint region
[2023-11-16T09:18:45.222+0000][345.274s][info ][safepoint     ] Total time for which application threads were stopped: 0.0003594 seconds, Stopping threads took: 0.0000522 seconds
[2023-11-16T09:18:46.222+0000][346.274s][debug][safepoint     ] Safepoint synchronization initiated. (186 threads)
[2023-11-16T09:18:46.222+0000][346.274s][info ][safepoint     ] Application time: 1.0001622 seconds
[2023-11-16T09:18:46.222+0000][346.274s][info ][safepoint     ] Entering safepoint region: Cleanup
[2023-11-16T09:18:46.223+0000][346.275s][info ][safepoint     ] Leaving safepoint region
[2023-11-16T09:18:46.223+0000][346.275s][info ][safepoint     ] Total time for which application threads were stopped: 0.0003464 seconds, Stopping threads took: 0.0000527 seconds
[2023-11-16T09:18:47.223+0000][347.275s][debug][safepoint     ] Safepoint synchronization initiated. (186 threads)
[2023-11-16T09:18:47.223+0000][347.275s][info ][safepoint     ] Application time: 1.0001546 seconds
[2023-11-16T09:18:47.223+0000][347.275s][info ][safepoint     ] Entering safepoint region: Cleanup
[2023-11-16T09:18:47.223+0000][347.275s][info ][safepoint     ] Leaving safepoint region
[2023-11-16T09:18:47.223+0000][347.275s][info ][safepoint     ] Total time for which application threads were stopped: 0.0003505 seconds, Stopping threads took: 0.0000541 seconds
[2023-11-16T09:18:48.223+0000][348.275s][debug][safepoint     ] Safepoint synchronization initiated. (186 threads)
[2023-11-16T09:18:48.224+0000][348.276s][info ][safepoint     ] Application time: 1.0002030 seconds
[2023-11-16T09:18:48.224+0000][348.276s][info ][safepoint     ] Entering safepoint region: Cleanup
[2023-11-16T09:18:48.224+0000][348.276s][info ][safepoint     ] Leaving safepoint region
[2023-11-16T09:18:48.224+0000][348.276s][info ][safepoint     ] Total time for which application threads were stopped: 0.0003449 seconds, Stopping threads took: 0.0000520 seconds
[2023-11-16T09:18:49.224+0000][349.276s][debug][safepoint     ] Safepoint synchronization initiated. (186 threads)
[2023-11-16T09:18:49.224+0000][349.276s][info ][safepoint     ] Application time: 1.0001541 seconds
[2023-11-16T09:18:49.224+0000][349.276s][info ][safepoint     ] Entering safepoint region: Cleanup
[2023-11-16T09:18:49.225+0000][349.277s][info ][safepoint     ] Leaving safepoint region
[2023-11-16T09:18:49.225+0000][349.277s][info ][safepoint     ] Total time for which application threads were stopped: 0.0007170 seconds, Stopping threads took: 0.0004337 seconds
[2023-11-16T09:18:50.225+0000][350.277s][debug][safepoint     ] Safepoint synchronization initiated. (186 threads)
[2023-11-16T09:18:50.225+0000][350.277s][info ][safepoint     ] Application time: 1.0001814 seconds
[2023-11-16T09:18:50.225+0000][350.277s][info ][safepoint     ] Entering safepoint region: Cleanup
[2023-11-16T09:18:50.225+0000][350.277s][info ][safepoint     ] Leaving safepoint region
[2023-11-16T09:18:50.225+0000][350.277s][info ][safepoint     ] Total time for which application threads were stopped: 0.0003256 seconds, Stopping threads took: 0.0000539 seconds
[2023-11-16T09:18:51.225+0000][351.277s][debug][safepoint     ] Safepoint synchronization initiated. (186 threads)
[2023-11-16T09:18:51.226+0000][351.278s][info ][safepoint     ] Application time: 1.0001526 seconds
[2023-11-16T09:18:51.226+0000][351.278s][info ][safepoint     ] Entering safepoint region: Cleanup
[2023-11-16T09:18:51.226+0000][351.278s][info ][safepoint     ] Leaving safepoint region
[2023-11-16T09:18:51.226+0000][351.278s][info ][safepoint     ] Total time for which application threads were stopped: 0.0003278 seconds, Stopping threads took: 0.0000536 seconds
[2023-11-16T09:18:52.226+0000][352.278s][debug][safepoint     ] Safepoint synchronization initiated. (186 threads)
[2023-11-16T09:18:52.226+0000][352.278s][info ][safepoint     ] Application time: 1.0001676 seconds
[2023-11-16T09:18:52.226+0000][352.278s][info ][safepoint     ] Entering safepoint region: Cleanup
[2023-11-16T09:18:52.226+0000][352.278s][info ][safepoint     ] Leaving safepoint region
[2023-11-16T09:18:52.226+0000][352.278s][info ][safepoint     ] Total time for which application threads were stopped: 0.0003539 seconds, Stopping threads took: 0.0000533 seconds
[2023-11-16T09:18:53.227+0000][353.279s][debug][safepoint     ] Safepoint synchronization initiated. (186 threads)
[2023-11-16T09:18:53.227+0000][353.279s][info ][safepoint     ] Application time: 1.0001398 seconds
[2023-11-16T09:18:53.227+0000][353.279s][info ][safepoint     ] Entering safepoint region: Cleanup
[2023-11-16T09:18:53.227+0000][353.279s][info ][safepoint     ] Leaving safepoint region
[2023-11-16T09:18:53.227+0000][353.279s][info ][safepoint     ] Total time for which application threads were stopped: 0.0002627 seconds, Stopping threads took: 0.0000528 seconds
[2023-11-16T09:18:54.227+0000][354.279s][debug][safepoint     ] Safepoint synchronization initiated. (186 threads)
[2023-11-16T09:18:54.227+0000][354.279s][info ][safepoint     ] Application time: 1.0001512 seconds
[2023-11-16T09:18:54.227+0000][354.279s][info ][safepoint     ] Entering safepoint region: Cleanup
[2023-11-16T09:18:54.228+0000][354.280s][info ][safepoint     ] Leaving safepoint region
[2023-11-16T09:18:54.228+0000][354.280s][info ][safepoint     ] Total time for which application threads were stopped: 0.0005816 seconds, Stopping threads took: 0.0003690 seconds
[2023-11-16T09:18:55.228+0000][355.280s][debug][safepoint     ] Safepoint synchronization initiated. (186 threads)
[2023-11-16T09:18:55.228+0000][355.280s][info ][safepoint     ] Application time: 1.0001883 seconds
[2023-11-16T09:18:55.228+0000][355.280s][info ][safepoint     ] Entering safepoint region: Cleanup
[2023-11-16T09:18:55.228+0000][355.280s][info ][safepoint     ] Leaving safepoint region
[2023-11-16T09:18:55.228+0000][355.280s][info ][safepoint     ] Total time for which application threads were stopped: 0.0003426 seconds, Stopping threads took: 0.0000526 seconds
[2023-11-16T09:18:56.228+0000][356.280s][debug][safepoint     ] Safepoint synchronization initiated. (186 threads)
[2023-11-16T09:18:56.228+0000][356.280s][info ][safepoint     ] Application time: 1.0001508 seconds
[2023-11-16T09:18:56.228+0000][356.280s][info ][safepoint     ] Entering safepoint region: Cleanup
[2023-11-16T09:18:56.229+0000][356.281s][info ][safepoint     ] Leaving safepoint region
[2023-11-16T09:18:56.229+0000][356.281s][info ][safepoint     ] Total time for which application threads were stopped: 0.0003536 seconds, Stopping threads took: 0.0000536 seconds
[2023-11-16T09:18:57.229+0000][357.281s][debug][safepoint     ] Safepoint synchronization initiated. (186 threads)
[2023-11-16T09:18:57.229+0000][357.281s][info ][safepoint     ] Application time: 1.0001348 seconds
[2023-11-16T09:18:57.229+0000][357.281s][info ][safepoint     ] Entering safepoint region: Cleanup
[2023-11-16T09:18:57.229+0000][357.281s][info ][safepoint     ] Leaving safepoint region
[2023-11-16T09:18:57.229+0000][357.281s][info ][safepoint     ] Total time for which application threads were stopped: 0.0003180 seconds, Stopping threads took: 0.0000539 seconds
[2023-11-16T09:18:58.229+0000][358.281s][debug][safepoint     ] Safepoint synchronization initiated. (186 threads)
[2023-11-16T09:18:58.229+0000][358.281s][info ][safepoint     ] Application time: 1.0001572 seconds
[2023-11-16T09:18:58.229+0000][358.281s][info ][safepoint     ] Entering safepoint region: Cleanup
[2023-11-16T09:18:58.230+0000][358.282s][info ][safepoint     ] Leaving safepoint region
[2023-11-16T09:18:58.230+0000][358.282s][info ][safepoint     ] Total time for which application threads were stopped: 0.0002708 seconds, Stopping threads took: 0.0000529 seconds
[2023-11-16T09:18:59.230+0000][359.282s][debug][safepoint     ] Safepoint synchronization initiated. (186 threads)
[2023-11-16T09:18:59.230+0000][359.282s][info ][safepoint     ] Application time: 1.0001718 seconds
[2023-11-16T09:18:59.230+0000][359.282s][info ][safepoint     ] Entering safepoint region: Cleanup
[2023-11-16T09:18:59.230+0000][359.282s][info ][safepoint     ] Leaving safepoint region
[2023-11-16T09:18:59.230+0000][359.282s][info ][safepoint     ] Total time for which application threads were stopped: 0.0002729 seconds, Stopping threads took: 0.0000364 seconds
[2023-11-16T09:19:00.230+0000][360.282s][debug][safepoint     ] Safepoint synchronization initiated. (186 threads)
[2023-11-16T09:19:00.230+0000][360.282s][info ][safepoint     ] Application time: 1.0001421 seconds
[2023-11-16T09:19:00.230+0000][360.282s][info ][safepoint     ] Entering safepoint region: Cleanup
[2023-11-16T09:19:00.231+0000][360.283s][info ][safepoint     ] Leaving safepoint region
[2023-11-16T09:19:00.231+0000][360.283s][info ][safepoint     ] Total time for which application threads were stopped: 0.0003119 seconds, Stopping threads took: 0.0000533 seconds
[2023-11-16T09:19:01.231+0000][361.283s][debug][safepoint     ] Safepoint synchronization initiated. (186 threads)
[2023-11-16T09:19:01.231+0000][361.283s][info ][safepoint     ] Application time: 1.0001629 seconds
[2023-11-16T09:19:01.231+0000][361.283s][info ][safepoint     ] Entering safepoint region: Cleanup
[2023-11-16T09:19:01.231+0000][361.283s][info ][safepoint     ] Leaving safepoint region
[2023-11-16T09:19:01.231+0000][361.283s][info ][safepoint     ] Total time for which application threads were stopped: 0.0002171 seconds, Stopping threads took: 0.0000520 seconds
[2023-11-16T09:19:02.231+0000][362.283s][debug][safepoint     ] Safepoint synchronization initiated. (186 threads)
[2023-11-16T09:19:02.231+0000][362.283s][info ][safepoint     ] Application time: 1.0001968 seconds
[2023-11-16T09:19:02.231+0000][362.283s][info ][safepoint     ] Entering safepoint region: Cleanup
[2023-11-16T09:19:02.232+0000][362.284s][info ][safepoint     ] Leaving safepoint region
[2023-11-16T09:19:02.232+0000][362.284s][info ][safepoint     ] Total time for which application threads were stopped: 0.0002573 seconds, Stopping threads took: 0.0000527 seconds
[2023-11-16T09:19:03.232+0000][363.284s][debug][safepoint     ] Safepoint synchronization initiated. (186 threads)
[2023-11-16T09:19:03.232+0000][363.284s][info ][safepoint     ] Application time: 1.0001418 seconds
[2023-11-16T09:19:03.232+0000][363.284s][info ][safepoint     ] Entering safepoint region: Cleanup
[2023-11-16T09:19:03.232+0000][363.284s][info ][safepoint     ] Leaving safepoint region
[2023-11-16T09:19:03.232+0000][363.284s][info ][safepoint     ] Total time for which application threads were stopped: 0.0003139 seconds, Stopping threads took: 0.0000544 seconds
[2023-11-16T09:19:04.232+0000][364.284s][debug][safepoint     ] Safepoint synchronization initiated. (186 threads)
[2023-11-16T09:19:04.232+0000][364.284s][info ][safepoint     ] Application time: 1.0001682 seconds
[2023-11-16T09:19:04.232+0000][364.284s][info ][safepoint     ] Entering safepoint region: Cleanup
[2023-11-16T09:19:04.233+0000][364.285s][info ][safepoint     ] Leaving safepoint region
[2023-11-16T09:19:04.233+0000][364.285s][info ][safepoint     ] Total time for which application threads were stopped: 0.0002951 seconds, Stopping threads took: 0.0000608 seconds
[2023-11-16T09:19:05.233+0000][365.285s][debug][safepoint     ] Safepoint synchronization initiated. (186 threads)
[2023-11-16T09:19:05.233+0000][365.285s][info ][safepoint     ] Application time: 1.0001663 seconds
[2023-11-16T09:19:05.233+0000][365.285s][info ][safepoint     ] Entering safepoint region: Cleanup
[2023-11-16T09:19:05.233+0000][365.285s][info ][safepoint     ] Leaving safepoint region
[2023-11-16T09:19:05.233+0000][365.285s][info ][safepoint     ] Total time for which application threads were stopped: 0.0003128 seconds, Stopping threads took: 0.0000543 seconds
[2023-11-16T09:19:06.233+0000][366.285s][debug][safepoint     ] Safepoint synchronization initiated. (186 threads)
[2023-11-16T09:19:06.233+0000][366.285s][info ][safepoint     ] Application time: 1.0001630 seconds
[2023-11-16T09:19:06.233+0000][366.285s][info ][safepoint     ] Entering safepoint region: Cleanup
[2023-11-16T09:19:06.234+0000][366.286s][info ][safepoint     ] Leaving safepoint region
[2023-11-16T09:19:06.234+0000][366.286s][info ][safepoint     ] Total time for which application threads were stopped: 0.0003042 seconds, Stopping threads took: 0.0000535 seconds
[2023-11-16T09:19:07.234+0000][367.286s][debug][safepoint     ] Safepoint synchronization initiated. (186 threads)
[2023-11-16T09:19:07.234+0000][367.286s][info ][safepoint     ] Application time: 1.0001663 seconds
[2023-11-16T09:19:07.234+0000][367.286s][info ][safepoint     ] Entering safepoint region: Cleanup
[2023-11-16T09:19:07.234+0000][367.286s][info ][safepoint     ] Leaving safepoint region
[2023-11-16T09:19:07.234+0000][367.286s][info ][safepoint     ] Total time for which application threads were stopped: 0.0002416 seconds, Stopping threads took: 0.0000534 seconds
[2023-11-16T09:19:08.234+0000][368.286s][debug][safepoint     ] Safepoint synchronization initiated. (186 threads)
[2023-11-16T09:19:08.234+0000][368.286s][info ][safepoint     ] Application time: 1.0001529 seconds
[2023-11-16T09:19:08.234+0000][368.286s][info ][safepoint     ] Entering safepoint region: Cleanup
[2023-11-16T09:19:08.235+0000][368.286s][info ][safepoint     ] Leaving safepoint region
[2023-11-16T09:19:08.235+0000][368.287s][info ][safepoint     ] Total time for which application threads were stopped: 0.0003065 seconds, Stopping threads took: 0.0000512 seconds
[2023-11-16T09:19:09.235+0000][369.287s][debug][safepoint     ] Safepoint synchronization initiated. (186 threads)
[2023-11-16T09:19:09.235+0000][369.287s][info ][safepoint     ] Application time: 1.0001806 seconds
[2023-11-16T09:19:09.235+0000][369.287s][info ][safepoint     ] Entering safepoint region: Cleanup
[2023-11-16T09:19:09.235+0000][369.287s][info ][safepoint     ] Leaving safepoint region
[2023-11-16T09:19:09.235+0000][369.287s][info ][safepoint     ] Total time for which application threads were stopped: 0.0001865 seconds, Stopping threads took: 0.0000493 seconds
[2023-11-16T09:19:10.235+0000][370.287s][debug][safepoint     ] Safepoint synchronization initiated. (186 threads)
[2023-11-16T09:19:10.235+0000][370.287s][info ][safepoint     ] Application time: 1.0001528 seconds
[2023-11-16T09:19:10.235+0000][370.287s][info ][safepoint     ] Entering safepoint region: Cleanup
[2023-11-16T09:19:10.235+0000][370.287s][info ][safepoint     ] Leaving safepoint region
[2023-11-16T09:19:10.235+0000][370.287s][info ][safepoint     ] Total time for which application threads were stopped: 0.0002379 seconds, Stopping threads took: 0.0000537 seconds
[2023-11-16T09:19:11.236+0000][371.287s][debug][safepoint     ] Safepoint synchronization initiated. (186 threads)
[2023-11-16T09:19:11.236+0000][371.288s][info ][safepoint     ] Application time: 1.0001813 seconds
[2023-11-16T09:19:11.236+0000][371.288s][info ][safepoint     ] Entering safepoint region: Cleanup
[2023-11-16T09:19:11.236+0000][371.288s][info ][safepoint     ] Leaving safepoint region
[2023-11-16T09:19:11.236+0000][371.288s][info ][safepoint     ] Total time for which application threads were stopped: 0.0002807 seconds, Stopping threads took: 0.0000542 seconds
[2023-11-16T09:19:12.236+0000][372.288s][debug][safepoint     ] Safepoint synchronization initiated. (186 threads)
[2023-11-16T09:19:12.236+0000][372.288s][info ][safepoint     ] Application time: 1.0001517 seconds
[2023-11-16T09:19:12.236+0000][372.288s][info ][safepoint     ] Entering safepoint region: Cleanup
[2023-11-16T09:19:12.236+0000][372.288s][info ][safepoint     ] Leaving safepoint region
[2023-11-16T09:19:12.236+0000][372.288s][info ][safepoint     ] Total time for which application threads were stopped: 0.0003053 seconds, Stopping threads took: 0.0000519 seconds
[2023-11-16T09:19:13.236+0000][373.288s][debug][safepoint     ] Safepoint synchronization initiated. (186 threads)
[2023-11-16T09:19:13.237+0000][373.288s][info ][safepoint     ] Application time: 1.0001534 seconds
[2023-11-16T09:19:13.237+0000][373.289s][info ][safepoint     ] Entering safepoint region: Cleanup
[2023-11-16T09:19:13.237+0000][373.289s][info ][safepoint     ] Leaving safepoint region
[2023-11-16T09:19:13.237+0000][373.289s][info ][safepoint     ] Total time for which application threads were stopped: 0.0002900 seconds, Stopping threads took: 0.0000529 seconds
[2023-11-16T09:19:14.237+0000][374.289s][debug][safepoint     ] Safepoint synchronization initiated. (186 threads)
[2023-11-16T09:19:14.237+0000][374.289s][info ][safepoint     ] Application time: 1.0001583 seconds
[2023-11-16T09:19:14.237+0000][374.289s][info ][safepoint     ] Entering safepoint region: Cleanup
[2023-11-16T09:19:14.238+0000][374.290s][info ][safepoint     ] Leaving safepoint region
[2023-11-16T09:19:14.238+0000][374.290s][info ][safepoint     ] Total time for which application threads were stopped: 0.0006183 seconds, Stopping threads took: 0.0004381 seconds
[2023-11-16T09:19:15.238+0000][375.290s][debug][safepoint     ] Safepoint synchronization initiated. (186 threads)
[2023-11-16T09:19:15.238+0000][375.290s][info ][safepoint     ] Application time: 1.0001614 seconds
[2023-11-16T09:19:15.238+0000][375.290s][info ][safepoint     ] Entering safepoint region: Cleanup
[2023-11-16T09:19:15.238+0000][375.290s][info ][safepoint     ] Leaving safepoint region
[2023-11-16T09:19:15.238+0000][375.290s][info ][safepoint     ] Total time for which application threads were stopped: 0.0003126 seconds, Stopping threads took: 0.0000550 seconds
[2023-11-16T09:19:16.238+0000][376.290s][debug][safepoint     ] Safepoint synchronization initiated. (186 threads)
[2023-11-16T09:19:16.238+0000][376.290s][info ][safepoint     ] Application time: 1.0001474 seconds
[2023-11-16T09:19:16.238+0000][376.290s][info ][safepoint     ] Entering safepoint region: Cleanup
[2023-11-16T09:19:16.239+0000][376.291s][info ][safepoint     ] Leaving safepoint region
[2023-11-16T09:19:16.239+0000][376.291s][info ][safepoint     ] Total time for which application threads were stopped: 0.0002996 seconds, Stopping threads took: 0.0000533 seconds
[2023-11-16T09:19:17.239+0000][377.291s][debug][safepoint     ] Safepoint synchronization initiated. (186 threads)
[2023-11-16T09:19:17.239+0000][377.291s][info ][safepoint     ] Application time: 1.0001679 seconds
[2023-11-16T09:19:17.239+0000][377.291s][info ][safepoint     ] Entering safepoint region: Cleanup
[2023-11-16T09:19:17.239+0000][377.291s][info ][safepoint     ] Leaving safepoint region
[2023-11-16T09:19:17.239+0000][377.291s][info ][safepoint     ] Total time for which application threads were stopped: 0.0003084 seconds, Stopping threads took: 0.0000526 seconds
[2023-11-16T09:19:18.239+0000][378.291s][debug][safepoint     ] Safepoint synchronization initiated. (186 threads)
[2023-11-16T09:19:18.239+0000][378.291s][info ][safepoint     ] Application time: 1.0001717 seconds
[2023-11-16T09:19:18.239+0000][378.291s][info ][safepoint     ] Entering safepoint region: Cleanup
[2023-11-16T09:19:18.240+0000][378.292s][info ][safepoint     ] Leaving safepoint region
[2023-11-16T09:19:18.240+0000][378.292s][info ][safepoint     ] Total time for which application threads were stopped: 0.0003586 seconds, Stopping threads took: 0.0000513 seconds
[2023-11-16T09:19:19.240+0000][379.292s][debug][safepoint     ] Safepoint synchronization initiated. (186 threads)
[2023-11-16T09:19:19.240+0000][379.292s][info ][safepoint     ] Application time: 1.0001602 seconds
[2023-11-16T09:19:19.240+0000][379.292s][info ][safepoint     ] Entering safepoint region: Cleanup
[2023-11-16T09:19:19.241+0000][379.293s][info ][safepoint     ] Leaving safepoint region
[2023-11-16T09:19:19.241+0000][379.293s][info ][safepoint     ] Total time for which application threads were stopped: 0.0006780 seconds, Stopping threads took: 0.0004623 seconds
[2023-11-16T09:19:20.241+0000][380.293s][debug][safepoint     ] Safepoint synchronization initiated. (186 threads)
[2023-11-16T09:19:20.241+0000][380.293s][info ][safepoint     ] Application time: 1.0001674 seconds
[2023-11-16T09:19:20.241+0000][380.293s][info ][safepoint     ] Entering safepoint region: Cleanup
[2023-11-16T09:19:20.241+0000][380.293s][info ][safepoint     ] Leaving safepoint region
[2023-11-16T09:19:20.241+0000][380.293s][info ][safepoint     ] Total time for which application threads were stopped: 0.0003456 seconds, Stopping threads took: 0.0000541 seconds
[2023-11-16T09:19:21.241+0000][381.293s][debug][safepoint     ] Safepoint synchronization initiated. (186 threads)
[2023-11-16T09:19:21.241+0000][381.293s][info ][safepoint     ] Application time: 1.0001591 seconds
[2023-11-16T09:19:21.241+0000][381.293s][info ][safepoint     ] Entering safepoint region: Cleanup
[2023-11-16T09:19:21.242+0000][381.294s][info ][safepoint     ] Leaving safepoint region
[2023-11-16T09:19:21.242+0000][381.294s][info ][safepoint     ] Total time for which application threads were stopped: 0.0002278 seconds, Stopping threads took: 0.0000359 seconds
[2023-11-16T09:19:22.242+0000][382.294s][debug][safepoint     ] Safepoint synchronization initiated. (186 threads)
[2023-11-16T09:19:22.242+0000][382.294s][info ][safepoint     ] Application time: 1.0001424 seconds
[2023-11-16T09:19:22.242+0000][382.294s][info ][safepoint     ] Entering safepoint region: Cleanup
[2023-11-16T09:19:22.242+0000][382.294s][info ][safepoint     ] Leaving safepoint region
[2023-11-16T09:19:22.242+0000][382.294s][info ][safepoint     ] Total time for which application threads were stopped: 0.0002293 seconds, Stopping threads took: 0.0000340 seconds
[2023-11-16T09:19:23.242+0000][383.294s][debug][safepoint     ] Safepoint synchronization initiated. (185 threads)
[2023-11-16T09:19:23.242+0000][383.294s][info ][safepoint     ] Application time: 1.0001547 seconds
[2023-11-16T09:19:23.242+0000][383.294s][info ][safepoint     ] Entering safepoint region: Cleanup
[2023-11-16T09:19:23.242+0000][383.294s][info ][safepoint     ] Leaving safepoint region
[2023-11-16T09:19:23.243+0000][383.294s][info ][safepoint     ] Total time for which application threads were stopped: 0.0003340 seconds, Stopping threads took: 0.0000504 seconds
[2023-11-16T09:19:24.243+0000][384.295s][debug][safepoint     ] Safepoint synchronization initiated. (185 threads)
[2023-11-16T09:19:24.243+0000][384.295s][info ][safepoint     ] Application time: 1.0001691 seconds
[2023-11-16T09:19:24.243+0000][384.295s][info ][safepoint     ] Entering safepoint region: Cleanup
[2023-11-16T09:19:24.243+0000][384.295s][info ][safepoint     ] Leaving safepoint region
[2023-11-16T09:19:24.243+0000][384.295s][info ][safepoint     ] Total time for which application threads were stopped: 0.0007165 seconds, Stopping threads took: 0.0003383 seconds
[2023-11-16T09:19:24.243+0000][384.295s][debug][safepoint     ] ... found polling page return exception at pc = 0x00007f07c441fb82, stub =0x00007f07bc83a800
[2023-11-16T09:19:24.243+0000][384.295s][debug][safepoint     ] ... found polling page return exception at pc = 0x00007f07c441fb82, stub =0x00007f07bc83a800
[2023-11-16T09:19:25.244+0000][385.296s][debug][safepoint     ] Safepoint synchronization initiated. (185 threads)
[2023-11-16T09:19:25.244+0000][385.296s][info ][safepoint     ] Application time: 1.0001272 seconds
[2023-11-16T09:19:25.244+0000][385.296s][info ][safepoint     ] Entering safepoint region: Cleanup
[2023-11-16T09:19:25.244+0000][385.296s][info ][safepoint     ] Leaving safepoint region
[2023-11-16T09:19:25.244+0000][385.296s][info ][safepoint     ] Total time for which application threads were stopped: 0.0003405 seconds, Stopping threads took: 0.0000540 seconds
[2023-11-16T09:19:26.244+0000][386.296s][debug][safepoint     ] Safepoint synchronization initiated. (185 threads)
[2023-11-16T09:19:26.244+0000][386.296s][info ][safepoint     ] Application time: 1.0001612 seconds
[2023-11-16T09:19:26.244+0000][386.296s][info ][safepoint     ] Entering safepoint region: Cleanup
[2023-11-16T09:19:26.244+0000][386.296s][info ][safepoint     ] Leaving safepoint region
[2023-11-16T09:19:26.245+0000][386.296s][info ][safepoint     ] Total time for which application threads were stopped: 0.0003393 seconds, Stopping threads took: 0.0000541 seconds
[2023-11-16T09:19:27.245+0000][387.297s][debug][safepoint     ] Safepoint synchronization initiated. (185 threads)
[2023-11-16T09:19:27.245+0000][387.297s][info ][safepoint     ] Application time: 1.0001758 seconds
[2023-11-16T09:19:27.245+0000][387.297s][info ][safepoint     ] Entering safepoint region: Cleanup
[2023-11-16T09:19:27.245+0000][387.297s][info ][safepoint     ] Leaving safepoint region
[2023-11-16T09:19:27.245+0000][387.297s][info ][safepoint     ] Total time for which application threads were stopped: 0.0003061 seconds, Stopping threads took: 0.0000533 seconds
[2023-11-16T09:19:28.245+0000][388.297s][debug][safepoint     ] Safepoint synchronization initiated. (185 threads)
[2023-11-16T09:19:28.245+0000][388.297s][info ][safepoint     ] Application time: 1.0001619 seconds
[2023-11-16T09:19:28.245+0000][388.297s][info ][safepoint     ] Entering safepoint region: Cleanup
[2023-11-16T09:19:28.246+0000][388.297s][info ][safepoint     ] Leaving safepoint region
[2023-11-16T09:19:28.246+0000][388.298s][info ][safepoint     ] Total time for which application threads were stopped: 0.0003395 seconds, Stopping threads took: 0.0000509 seconds
[2023-11-16T09:19:29.246+0000][389.298s][debug][safepoint     ] Safepoint synchronization initiated. (185 threads)
[2023-11-16T09:19:29.246+0000][389.298s][info ][safepoint     ] Application time: 1.0001614 seconds
[2023-11-16T09:19:29.246+0000][389.298s][info ][safepoint     ] Entering safepoint region: Cleanup
[2023-11-16T09:19:29.246+0000][389.298s][info ][safepoint     ] Leaving safepoint region
[2023-11-16T09:19:29.246+0000][389.298s][info ][safepoint     ] Total time for which application threads were stopped: 0.0006030 seconds, Stopping threads took: 0.0003522 seconds
[2023-11-16T09:19:30.247+0000][390.298s][debug][safepoint     ] Safepoint synchronization initiated. (185 threads)
[2023-11-16T09:19:30.247+0000][390.299s][info ][safepoint     ] Application time: 1.0001592 seconds
[2023-11-16T09:19:30.247+0000][390.299s][info ][safepoint     ] Entering safepoint region: Cleanup
[2023-11-16T09:19:30.247+0000][390.299s][info ][safepoint     ] Leaving safepoint region
[2023-11-16T09:19:30.247+0000][390.299s][info ][safepoint     ] Total time for which application threads were stopped: 0.0003365 seconds, Stopping threads took: 0.0000520 seconds
[2023-11-16T09:19:31.247+0000][391.299s][debug][safepoint     ] Safepoint synchronization initiated. (185 threads)
[2023-11-16T09:19:31.247+0000][391.299s][info ][safepoint     ] Application time: 1.0001512 seconds
[2023-11-16T09:19:31.247+0000][391.299s][info ][safepoint     ] Entering safepoint region: Cleanup
[2023-11-16T09:19:31.247+0000][391.299s][info ][safepoint     ] Leaving safepoint region
[2023-11-16T09:19:31.247+0000][391.299s][debug][safepoint     ] ... found polling page return exception at pc = 0x00007f07c441fb82, stub =0x00007f07bc83a800
[2023-11-16T09:19:31.247+0000][391.299s][debug][safepoint     ] ... found polling page return exception at pc = 0x00007f07c441fb82, stub =0x00007f07bc83a800
[2023-11-16T09:19:31.247+0000][391.299s][info ][safepoint     ] Total time for which application threads were stopped: 0.0003389 seconds, Stopping threads took: 0.0000511 seconds
[2023-11-16T09:19:32.248+0000][392.300s][debug][safepoint     ] Safepoint synchronization initiated. (185 threads)
[2023-11-16T09:19:32.248+0000][392.300s][info ][safepoint     ] Application time: 1.0001562 seconds
[2023-11-16T09:19:32.248+0000][392.300s][info ][safepoint     ] Entering safepoint region: Cleanup
[2023-11-16T09:19:32.248+0000][392.300s][info ][safepoint     ] Leaving safepoint region
[2023-11-16T09:19:32.248+0000][392.300s][info ][safepoint     ] Total time for which application threads were stopped: 0.0003227 seconds, Stopping threads took: 0.0000626 seconds
[2023-11-16T09:19:33.248+0000][393.300s][debug][safepoint     ] Safepoint synchronization initiated. (185 threads)
[2023-11-16T09:19:33.248+0000][393.300s][info ][safepoint     ] Application time: 1.0001592 seconds
[2023-11-16T09:19:33.248+0000][393.300s][info ][safepoint     ] Entering safepoint region: Cleanup
[2023-11-16T09:19:33.249+0000][393.301s][info ][safepoint     ] Leaving safepoint region
[2023-11-16T09:19:33.249+0000][393.301s][info ][safepoint     ] Total time for which application threads were stopped: 0.0003443 seconds, Stopping threads took: 0.0000524 seconds
[2023-11-16T09:19:34.249+0000][394.301s][debug][safepoint     ] Safepoint synchronization initiated. (185 threads)
[2023-11-16T09:19:34.249+0000][394.301s][info ][safepoint     ] Application time: 1.0001599 seconds
[2023-11-16T09:19:34.249+0000][394.301s][info ][safepoint     ] Entering safepoint region: Cleanup
[2023-11-16T09:19:34.250+0000][394.302s][info ][safepoint     ] Leaving safepoint region
[2023-11-16T09:19:34.250+0000][394.302s][info ][safepoint     ] Total time for which application threads were stopped: 0.0010161 seconds, Stopping threads took: 0.0007177 seconds
[2023-11-16T09:19:35.250+0000][395.302s][debug][safepoint     ] Safepoint synchronization initiated. (185 threads)
[2023-11-16T09:19:35.250+0000][395.302s][info ][safepoint     ] Application time: 1.0001715 seconds
[2023-11-16T09:19:35.250+0000][395.302s][info ][safepoint     ] Entering safepoint region: Cleanup
[2023-11-16T09:19:35.250+0000][395.302s][info ][safepoint     ] Leaving safepoint region
[2023-11-16T09:19:35.250+0000][395.302s][info ][safepoint     ] Total time for which application threads were stopped: 0.0003388 seconds, Stopping threads took: 0.0000510 seconds
[2023-11-16T09:19:36.251+0000][396.302s][debug][safepoint     ] Safepoint synchronization initiated. (185 threads)
[2023-11-16T09:19:36.251+0000][396.303s][info ][safepoint     ] Application time: 1.0001787 seconds
[2023-11-16T09:19:36.251+0000][396.303s][info ][safepoint     ] Entering safepoint region: Cleanup
[2023-11-16T09:19:36.251+0000][396.303s][info ][safepoint     ] Leaving safepoint region
[2023-11-16T09:19:36.251+0000][396.303s][info ][safepoint     ] Total time for which application threads were stopped: 0.0003404 seconds, Stopping threads took: 0.0000530 seconds
[2023-11-16T09:19:37.251+0000][397.303s][debug][safepoint     ] Safepoint synchronization initiated. (185 threads)
[2023-11-16T09:19:37.251+0000][397.303s][info ][safepoint     ] Application time: 1.0001741 seconds
[2023-11-16T09:19:37.251+0000][397.303s][info ][safepoint     ] Entering safepoint region: Cleanup
[2023-11-16T09:19:37.251+0000][397.303s][info ][safepoint     ] Leaving safepoint region
[2023-11-16T09:19:37.251+0000][397.303s][info ][safepoint     ] Total time for which application threads were stopped: 0.0003144 seconds, Stopping threads took: 0.0000501 seconds
[2023-11-16T09:19:43.252+0000][403.304s][debug][safepoint     ] Safepoint synchronization initiated. (184 threads)
[2023-11-16T09:19:43.252+0000][403.304s][info ][safepoint     ] Application time: 6.0006349 seconds
[2023-11-16T09:19:43.252+0000][403.304s][info ][safepoint     ] Entering safepoint region: Cleanup
[2023-11-16T09:19:43.252+0000][403.304s][info ][safepoint     ] Leaving safepoint region
[2023-11-16T09:19:43.252+0000][403.304s][info ][safepoint     ] Total time for which application threads were stopped: 0.0002607 seconds, Stopping threads took: 0.0000523 seconds
[2023-11-16T09:19:45.253+0000][405.305s][debug][safepoint     ] Safepoint synchronization initiated. (184 threads)
[2023-11-16T09:19:45.253+0000][405.305s][info ][safepoint     ] Application time: 2.0002525 seconds
[2023-11-16T09:19:45.253+0000][405.305s][info ][safepoint     ] Entering safepoint region: Cleanup
[2023-11-16T09:19:45.253+0000][405.305s][info ][safepoint     ] Leaving safepoint region
[2023-11-16T09:19:45.253+0000][405.305s][info ][safepoint     ] Total time for which application threads were stopped: 0.0003804 seconds, Stopping threads took: 0.0000520 seconds
[2023-11-16T09:20:28.257+0000][448.309s][debug][safepoint     ] Safepoint synchronization initiated. (183 threads)
[2023-11-16T09:20:28.257+0000][448.309s][info ][safepoint     ] Application time: 43.0038806 seconds
[2023-11-16T09:20:28.257+0000][448.309s][info ][safepoint     ] Entering safepoint region: Cleanup
[2023-11-16T09:20:28.257+0000][448.309s][info ][safepoint     ] Leaving safepoint region
[2023-11-16T09:20:28.257+0000][448.309s][info ][safepoint     ] Total time for which application threads were stopped: 0.0002625 seconds, Stopping threads took: 0.0000531 seconds
[2023-11-16T09:20:33.258+0000][453.310s][debug][safepoint     ] Safepoint synchronization initiated. (183 threads)
[2023-11-16T09:20:33.258+0000][453.310s][info ][safepoint     ] Application time: 5.0004880 seconds
[2023-11-16T09:20:33.258+0000][453.310s][info ][safepoint     ] Entering safepoint region: Cleanup
[2023-11-16T09:20:33.259+0000][453.311s][info ][safepoint     ] Leaving safepoint region
[2023-11-16T09:20:33.259+0000][453.311s][info ][safepoint     ] Total time for which application threads were stopped: 0.0008715 seconds, Stopping threads took: 0.0005960 seconds
[2023-11-16T09:20:38.259+0000][458.311s][debug][safepoint     ] Safepoint synchronization initiated. (182 threads)
[2023-11-16T09:20:38.259+0000][458.311s][info ][safepoint     ] Application time: 5.0005539 seconds
[2023-11-16T09:20:38.259+0000][458.311s][info ][safepoint     ] Entering safepoint region: Cleanup
[2023-11-16T09:20:38.260+0000][458.312s][info ][safepoint     ] Leaving safepoint region
[2023-11-16T09:20:38.260+0000][458.312s][info ][safepoint     ] Total time for which application threads were stopped: 0.0005581 seconds, Stopping threads took: 0.0003280 seconds
[2023-11-16T09:20:45.260+0000][465.312s][debug][safepoint     ] Safepoint synchronization initiated. (182 threads)
[2023-11-16T09:20:45.261+0000][465.312s][info ][safepoint     ] Application time: 7.0007158 seconds
[2023-11-16T09:20:45.261+0000][465.313s][info ][safepoint     ] Entering safepoint region: Cleanup
[2023-11-16T09:20:45.261+0000][465.313s][info ][safepoint     ] Leaving safepoint region
[2023-11-16T09:20:45.261+0000][465.313s][info ][safepoint     ] Total time for which application threads were stopped: 0.0003005 seconds, Stopping threads took: 0.0000545 seconds
[2023-11-16T09:20:46.261+0000][466.313s][debug][safepoint     ] Safepoint synchronization initiated. (182 threads)
[2023-11-16T09:20:46.261+0000][466.313s][info ][safepoint     ] Application time: 1.0001643 seconds
[2023-11-16T09:20:46.261+0000][466.313s][info ][safepoint     ] Entering safepoint region: Cleanup
[2023-11-16T09:20:46.261+0000][466.313s][info ][safepoint     ] Leaving safepoint region
[2023-11-16T09:20:46.261+0000][466.313s][info ][safepoint     ] Total time for which application threads were stopped: 0.0002978 seconds, Stopping threads took: 0.0000538 seconds
[2023-11-16T09:20:54.262+0000][474.314s][debug][safepoint     ] Safepoint synchronization initiated. (182 threads)
[2023-11-16T09:20:54.262+0000][474.314s][info ][safepoint     ] Application time: 8.0007807 seconds
[2023-11-16T09:20:54.262+0000][474.314s][info ][safepoint     ] Entering safepoint region: Cleanup
[2023-11-16T09:20:54.263+0000][474.314s][info ][safepoint     ] Leaving safepoint region
[2023-11-16T09:20:54.263+0000][474.315s][info ][safepoint     ] Total time for which application threads were stopped: 0.0003591 seconds, Stopping threads took: 0.0000542 seconds
[2023-11-16T09:21:25.265+0000][505.317s][debug][safepoint     ] Safepoint synchronization initiated. (181 threads)
[2023-11-16T09:21:25.265+0000][505.317s][info ][safepoint     ] Application time: 31.0026587 seconds
[2023-11-16T09:21:25.265+0000][505.317s][info ][safepoint     ] Entering safepoint region: Cleanup
[2023-11-16T09:21:25.265+0000][505.317s][info ][safepoint     ] Leaving safepoint region
[2023-11-16T09:21:25.266+0000][505.317s][info ][safepoint     ] Total time for which application threads were stopped: 0.0002532 seconds, Stopping threads took: 0.0000542 seconds
[2023-11-16T09:21:45.267+0000][525.319s][debug][safepoint     ] Safepoint synchronization initiated. (180 threads)
[2023-11-16T09:21:45.267+0000][525.319s][info ][safepoint     ] Application time: 20.0017338 seconds
[2023-11-16T09:21:45.267+0000][525.319s][info ][safepoint     ] Entering safepoint region: Cleanup
[2023-11-16T09:21:45.268+0000][525.319s][info ][safepoint     ] Leaving safepoint region
[2023-11-16T09:21:45.268+0000][525.320s][info ][safepoint     ] Total time for which application threads were stopped: 0.0002931 seconds, Stopping threads took: 0.0000365 seconds
[2023-11-16T09:21:47.268+0000][527.320s][debug][safepoint     ] Safepoint synchronization initiated. (180 threads)
[2023-11-16T09:21:47.268+0000][527.320s][info ][safepoint     ] Application time: 2.0002301 seconds
[2023-11-16T09:21:47.268+0000][527.320s][info ][safepoint     ] Entering safepoint region: Cleanup
[2023-11-16T09:21:47.268+0000][527.320s][info ][safepoint     ] Leaving safepoint region
[2023-11-16T09:21:47.268+0000][527.320s][info ][safepoint     ] Total time for which application threads were stopped: 0.0002008 seconds, Stopping threads took: 0.0000349 seconds
[2023-11-16T09:21:52.268+0000][532.320s][debug][safepoint     ] Safepoint synchronization initiated. (180 threads)
[2023-11-16T09:21:52.269+0000][532.320s][info ][safepoint     ] Application time: 5.0005145 seconds
[2023-11-16T09:21:52.269+0000][532.321s][info ][safepoint     ] Entering safepoint region: Cleanup
[2023-11-16T09:21:52.269+0000][532.321s][info ][safepoint     ] Leaving safepoint region
[2023-11-16T09:21:52.269+0000][532.321s][info ][safepoint     ] Total time for which application threads were stopped: 0.0003545 seconds, Stopping threads took: 0.0000539 seconds
[2023-11-16T09:22:04.270+0000][544.322s][debug][safepoint     ] Safepoint synchronization initiated. (180 threads)
[2023-11-16T09:22:04.270+0000][544.322s][info ][safepoint     ] Application time: 12.0010857 seconds
[2023-11-16T09:22:04.270+0000][544.322s][info ][safepoint     ] Entering safepoint region: Cleanup
[2023-11-16T09:22:04.270+0000][544.322s][info ][safepoint     ] Leaving safepoint region
[2023-11-16T09:22:04.270+0000][544.322s][info ][safepoint     ] Total time for which application threads were stopped: 0.0003542 seconds, Stopping threads took: 0.0000559 seconds
[2023-11-16T09:22:28.272+0000][568.324s][debug][safepoint     ] Safepoint synchronization initiated. (179 threads)
[2023-11-16T09:22:28.273+0000][568.325s][info ][safepoint     ] Application time: 24.0021399 seconds
[2023-11-16T09:22:28.273+0000][568.325s][info ][safepoint     ] Entering safepoint region: Cleanup
[2023-11-16T09:22:28.273+0000][568.325s][info ][safepoint     ] Leaving safepoint region
[2023-11-16T09:22:28.273+0000][568.325s][info ][safepoint     ] Total time for which application threads were stopped: 0.0003457 seconds, Stopping threads took: 0.0000517 seconds
[2023-11-16T09:22:38.274+0000][578.326s][debug][safepoint     ] Safepoint synchronization initiated. (177 threads)
[2023-11-16T09:22:38.274+0000][578.326s][info ][safepoint     ] Application time: 10.0009418 seconds
[2023-11-16T09:22:38.274+0000][578.326s][info ][safepoint     ] Entering safepoint region: Cleanup
[2023-11-16T09:22:38.274+0000][578.326s][info ][safepoint     ] Leaving safepoint region
[2023-11-16T09:22:38.274+0000][578.326s][info ][safepoint     ] Total time for which application threads were stopped: 0.0003228 seconds, Stopping threads took: 0.0000509 seconds
[2023-11-16T09:22:41.274+0000][581.326s][debug][safepoint     ] Safepoint synchronization initiated. (177 threads)
[2023-11-16T09:22:41.275+0000][581.327s][info ][safepoint     ] Application time: 3.0003050 seconds
[2023-11-16T09:22:41.275+0000][581.327s][info ][safepoint     ] Entering safepoint region: Cleanup
[2023-11-16T09:22:41.275+0000][581.327s][info ][safepoint     ] Leaving safepoint region
[2023-11-16T09:22:41.275+0000][581.327s][info ][safepoint     ] Total time for which application threads were stopped: 0.0001977 seconds, Stopping threads took: 0.0000515 seconds
[2023-11-16T09:22:45.275+0000][585.327s][debug][safepoint     ] Safepoint synchronization initiated. (177 threads)
[2023-11-16T09:22:45.275+0000][585.327s][info ][safepoint     ] Application time: 4.0004726 seconds
[2023-11-16T09:22:45.275+0000][585.327s][info ][safepoint     ] Entering safepoint region: Cleanup
[2023-11-16T09:22:45.276+0000][585.328s][info ][safepoint     ] Leaving safepoint region
[2023-11-16T09:22:45.276+0000][585.328s][info ][safepoint     ] Total time for which application threads were stopped: 0.0003718 seconds, Stopping threads took: 0.0000537 seconds
[2023-11-16T09:22:48.276+0000][588.328s][debug][safepoint     ] Safepoint synchronization initiated. (177 threads)
[2023-11-16T09:22:48.276+0000][588.328s][info ][safepoint     ] Application time: 3.0003069 seconds
[2023-11-16T09:22:48.276+0000][588.328s][info ][safepoint     ] Entering safepoint region: Cleanup
[2023-11-16T09:22:48.276+0000][588.328s][info ][safepoint     ] Leaving safepoint region
[2023-11-16T09:22:48.276+0000][588.328s][info ][safepoint     ] Total time for which application threads were stopped: 0.0003367 seconds, Stopping threads took: 0.0000486 seconds
[2023-11-16T09:22:52.277+0000][592.329s][debug][safepoint     ] Safepoint synchronization initiated. (177 threads)
[2023-11-16T09:22:52.277+0000][592.329s][info ][safepoint     ] Application time: 4.0004600 seconds
[2023-11-16T09:22:52.277+0000][592.329s][info ][safepoint     ] Entering safepoint region: Cleanup
[2023-11-16T09:22:52.277+0000][592.329s][info ][safepoint     ] Leaving safepoint region
[2023-11-16T09:22:52.277+0000][592.329s][info ][safepoint     ] Total time for which application threads were stopped: 0.0003119 seconds, Stopping threads took: 0.0000510 seconds
[2023-11-16T09:23:44.884+0000][644.936s][debug][safepoint     ] Safepoint synchronization initiated. (176 threads)
[2023-11-16T09:23:44.884+0000][644.936s][info ][safepoint     ] Application time: 52.6067214 seconds
[2023-11-16T09:23:44.884+0000][644.936s][info ][safepoint     ] Entering safepoint region: ICBufferFull
[2023-11-16T09:23:44.884+0000][644.936s][info ][safepoint     ] Leaving safepoint region
[2023-11-16T09:23:44.884+0000][644.936s][info ][safepoint     ] Total time for which application threads were stopped: 0.0005244 seconds, Stopping threads took: 0.0000545 seconds
[2023-11-16T09:23:45.885+0000][645.937s][debug][safepoint     ] Safepoint synchronization initiated. (176 threads)
[2023-11-16T09:23:45.885+0000][645.937s][info ][safepoint     ] Application time: 1.0001581 seconds
[2023-11-16T09:23:45.885+0000][645.937s][info ][safepoint     ] Entering safepoint region: Cleanup
[2023-11-16T09:23:45.885+0000][645.937s][info ][safepoint     ] Leaving safepoint region
[2023-11-16T09:23:45.885+0000][645.937s][info ][safepoint     ] Total time for which application threads were stopped: 0.0003780 seconds, Stopping threads took: 0.0000483 seconds
[2023-11-16T09:23:48.885+0000][648.937s][debug][safepoint     ] Safepoint synchronization initiated. (176 threads)
[2023-11-16T09:23:48.885+0000][648.937s][info ][safepoint     ] Application time: 3.0003028 seconds
[2023-11-16T09:23:48.885+0000][648.937s][info ][safepoint     ] Entering safepoint region: Cleanup
[2023-11-16T09:23:48.886+0000][648.938s][info ][safepoint     ] Leaving safepoint region
[2023-11-16T09:23:48.886+0000][648.938s][info ][safepoint     ] Total time for which application threads were stopped: 0.0003312 seconds, Stopping threads took: 0.0000467 seconds
[2023-11-16T09:24:08.888+0000][668.939s][debug][safepoint     ] Safepoint synchronization initiated. (176 threads)
[2023-11-16T09:24:08.888+0000][668.940s][info ][safepoint     ] Application time: 20.0018875 seconds
[2023-11-16T09:24:08.888+0000][668.940s][info ][safepoint     ] Entering safepoint region: Cleanup
[2023-11-16T09:24:08.888+0000][668.940s][info ][safepoint     ] Leaving safepoint region
[2023-11-16T09:24:08.888+0000][668.940s][info ][safepoint     ] Total time for which application threads were stopped: 0.0003513 seconds, Stopping threads took: 0.0000529 seconds
[2023-11-16T09:24:13.888+0000][673.940s][debug][safepoint     ] Safepoint synchronization initiated. (176 threads)
[2023-11-16T09:24:13.889+0000][673.940s][info ][safepoint     ] Application time: 5.0005083 seconds
[2023-11-16T09:24:13.889+0000][673.941s][info ][safepoint     ] Entering safepoint region: Cleanup
[2023-11-16T09:24:13.889+0000][673.941s][info ][safepoint     ] Leaving safepoint region
[2023-11-16T09:24:13.889+0000][673.941s][info ][safepoint     ] Total time for which application threads were stopped: 0.0003458 seconds, Stopping threads took: 0.0000517 seconds
[2023-11-16T09:24:42.891+0000][702.943s][debug][safepoint     ] Safepoint synchronization initiated. (174 threads)
[2023-11-16T09:24:42.892+0000][702.944s][info ][safepoint     ] Application time: 29.0026568 seconds
[2023-11-16T09:24:42.892+0000][702.944s][info ][safepoint     ] Entering safepoint region: Cleanup
[2023-11-16T09:24:42.892+0000][702.944s][info ][safepoint     ] Leaving safepoint region
[2023-11-16T09:24:42.892+0000][702.944s][info ][safepoint     ] Total time for which application threads were stopped: 0.0002239 seconds, Stopping threads took: 0.0000356 seconds
[2023-11-16T09:24:43.892+0000][703.944s][debug][safepoint     ] Safepoint synchronization initiated. (174 threads)
[2023-11-16T09:24:43.892+0000][703.944s][info ][safepoint     ] Application time: 1.0001481 seconds
[2023-11-16T09:24:43.892+0000][703.944s][info ][safepoint     ] Entering safepoint region: Cleanup
[2023-11-16T09:24:43.892+0000][703.944s][info ][safepoint     ] Leaving safepoint region
[2023-11-16T09:24:43.892+0000][703.944s][info ][safepoint     ] Total time for which application threads were stopped: 0.0002831 seconds, Stopping threads took: 0.0000485 seconds
[2023-11-16T09:24:44.681+0000][704.733s][debug][safepoint     ] Safepoint synchronization initiated. (179 threads)
[2023-11-16T09:24:44.681+0000][704.733s][info ][safepoint     ] Application time: 0.7884027 seconds
[2023-11-16T09:24:44.681+0000][704.733s][debug][safepoint     ] ... found polling page return exception at pc = 0x00007f07bddafea2, stub =0x00007f07bc83a800
[2023-11-16T09:24:44.681+0000][704.733s][debug][safepoint     ] Waiting for 2 thread(s) to block
[2023-11-16T09:24:44.681+0000][704.733s][info ][safepoint     ] Entering safepoint region: G1CollectForAllocation
[2023-11-16T09:24:44.681+0000][704.733s][info ][gc,start      ] GC(41) Pause Young (Normal) (G1 Evacuation Pause)
[2023-11-16T09:24:44.681+0000][704.733s][info ][gc,task       ] GC(41) Using 4 workers of 4 for evacuation
[2023-11-16T09:24:44.707+0000][704.759s][info ][gc,phases     ] GC(41)   Pre Evacuate Collection Set: 0.0ms
[2023-11-16T09:24:44.707+0000][704.759s][info ][gc,phases     ] GC(41)   Evacuate Collection Set: 22.5ms
[2023-11-16T09:24:44.707+0000][704.759s][info ][gc,phases     ] GC(41)   Post Evacuate Collection Set: 3.2ms
[2023-11-16T09:24:44.707+0000][704.759s][info ][gc,phases     ] GC(41)   Other: 0.3ms
[2023-11-16T09:24:44.707+0000][704.759s][info ][gc,heap       ] GC(41) Eden regions: 437->0(437)
[2023-11-16T09:24:44.707+0000][704.759s][info ][gc,heap       ] GC(41) Survivor regions: 29->29(59)
[2023-11-16T09:24:44.707+0000][704.759s][info ][gc,heap       ] GC(41) Old regions: 124->124
[2023-11-16T09:24:44.707+0000][704.759s][info ][gc,heap       ] GC(41) Humongous regions: 0->0
[2023-11-16T09:24:44.707+0000][704.759s][info ][gc,metaspace  ] GC(41) Metaspace: 160622K(165852K)->160622K(165852K) NonClass: 141950K(145068K)->141950K(145068K) Class: 18672K(20784K)->18672K(20784K)
[2023-11-16T09:24:44.707+0000][704.759s][info ][gc            ] GC(41) Pause Young (Normal) (G1 Evacuation Pause) 588M->150M(777M) 26.153ms
[2023-11-16T09:24:44.707+0000][704.759s][info ][gc,cpu        ] GC(41) User=0.09s Sys=0.00s Real=0.02s
[2023-11-16T09:24:44.707+0000][704.759s][info ][safepoint     ] Leaving safepoint region
[2023-11-16T09:24:44.707+0000][704.759s][info ][safepoint     ] Total time for which application threads were stopped: 0.0266105 seconds, Stopping threads took: 0.0001489 seconds
[2023-11-16T09:24:44.707+0000][704.759s][info ][gc,stringdedup] Concurrent String Deduplication (704.759s)
[2023-11-16T09:24:44.711+0000][704.763s][info ][gc,stringdedup] Concurrent String Deduplication 588.5K->304.8K(283.7K) avg 53.9% (704.759s, 704.763s) 3.542ms
[2023-11-16T09:24:45.707+0000][705.759s][debug][safepoint     ] Safepoint synchronization initiated. (182 threads)
[2023-11-16T09:24:45.707+0000][705.759s][info ][safepoint     ] Application time: 1.0001860 seconds
[2023-11-16T09:24:45.708+0000][705.759s][info ][safepoint     ] Entering safepoint region: Cleanup
[2023-11-16T09:24:45.708+0000][705.760s][info ][safepoint     ] Leaving safepoint region
[2023-11-16T09:24:45.708+0000][705.760s][info ][safepoint     ] Total time for which application threads were stopped: 0.0003548 seconds, Stopping threads took: 0.0000545 seconds
[2023-11-16T09:24:48.708+0000][708.760s][debug][safepoint     ] Safepoint synchronization initiated. (183 threads)
[2023-11-16T09:24:48.708+0000][708.760s][info ][safepoint     ] Application time: 3.0003196 seconds
[2023-11-16T09:24:48.708+0000][708.760s][info ][safepoint     ] Entering safepoint region: Cleanup
[2023-11-16T09:24:48.709+0000][708.760s][info ][safepoint     ] Leaving safepoint region
[2023-11-16T09:24:48.709+0000][708.761s][info ][safepoint     ] Total time for which application threads were stopped: 0.0003502 seconds, Stopping threads took: 0.0000523 seconds
[2023-11-16T09:24:49.709+0000][709.761s][debug][safepoint     ] Safepoint synchronization initiated. (183 threads)
[2023-11-16T09:24:49.709+0000][709.761s][info ][safepoint     ] Application time: 1.0001587 seconds
[2023-11-16T09:24:49.709+0000][709.761s][info ][safepoint     ] Entering safepoint region: Cleanup
[2023-11-16T09:24:49.709+0000][709.761s][info ][safepoint     ] Leaving safepoint region
[2023-11-16T09:24:49.709+0000][709.761s][info ][safepoint     ] Total time for which application threads were stopped: 0.0003604 seconds, Stopping threads took: 0.0000519 seconds
[2023-11-16T09:25:14.712+0000][734.763s][debug][safepoint     ] Safepoint synchronization initiated. (183 threads)
[2023-11-16T09:25:14.712+0000][734.764s][info ][safepoint     ] Application time: 25.0024143 seconds
[2023-11-16T09:25:14.712+0000][734.764s][info ][safepoint     ] Entering safepoint region: Cleanup
[2023-11-16T09:25:14.712+0000][734.764s][info ][safepoint     ] Leaving safepoint region
[2023-11-16T09:25:14.712+0000][734.764s][info ][safepoint     ] Total time for which application threads were stopped: 0.0003564 seconds, Stopping threads took: 0.0000550 seconds
[2023-11-16T09:25:21.713+0000][741.765s][debug][safepoint     ] Safepoint synchronization initiated. (183 threads)
[2023-11-16T09:25:21.713+0000][741.765s][info ][safepoint     ] Application time: 7.0006446 seconds
[2023-11-16T09:25:21.713+0000][741.765s][info ][safepoint     ] Entering safepoint region: Cleanup
[2023-11-16T09:25:21.713+0000][741.765s][info ][safepoint     ] Leaving safepoint region
[2023-11-16T09:25:21.713+0000][741.765s][info ][safepoint     ] Total time for which application threads were stopped: 0.0003547 seconds, Stopping threads took: 0.0000541 seconds
[2023-11-16T09:25:25.713+0000][745.765s][debug][safepoint     ] Safepoint synchronization initiated. (183 threads)
[2023-11-16T09:25:25.713+0000][745.765s][info ][safepoint     ] Application time: 4.0004552 seconds
[2023-11-16T09:25:25.714+0000][745.765s][info ][safepoint     ] Entering safepoint region: Cleanup
[2023-11-16T09:25:25.714+0000][745.766s][info ][safepoint     ] Leaving safepoint region
[2023-11-16T09:25:25.714+0000][745.766s][info ][safepoint     ] Total time for which application threads were stopped: 0.0006876 seconds, Stopping threads took: 0.0004583 seconds
[2023-11-16T09:25:38.715+0000][758.767s][debug][safepoint     ] Safepoint synchronization initiated. (182 threads)
[2023-11-16T09:25:38.716+0000][758.767s][info ][safepoint     ] Application time: 13.0013403 seconds
[2023-11-16T09:25:38.716+0000][758.768s][info ][safepoint     ] Entering safepoint region: Cleanup
[2023-11-16T09:25:38.716+0000][758.768s][info ][safepoint     ] Leaving safepoint region
[2023-11-16T09:25:38.716+0000][758.768s][info ][safepoint     ] Total time for which application threads were stopped: 0.0003508 seconds, Stopping threads took: 0.0000538 seconds
[2023-11-16T09:25:50.717+0000][770.769s][debug][safepoint     ] Safepoint synchronization initiated. (181 threads)
[2023-11-16T09:25:50.717+0000][770.769s][info ][safepoint     ] Application time: 12.0012168 seconds
[2023-11-16T09:25:50.717+0000][770.769s][info ][safepoint     ] Entering safepoint region: Cleanup
[2023-11-16T09:25:50.717+0000][770.769s][info ][safepoint     ] Leaving safepoint region
[2023-11-16T09:25:50.717+0000][770.769s][info ][safepoint     ] Total time for which application threads were stopped: 0.0002875 seconds, Stopping threads took: 0.0000525 seconds
[2023-11-16T09:26:07.719+0000][787.771s][debug][safepoint     ] Safepoint synchronization initiated. (181 threads)
[2023-11-16T09:26:07.719+0000][787.771s][info ][safepoint     ] Application time: 17.0015413 seconds
[2023-11-16T09:26:07.719+0000][787.771s][info ][safepoint     ] Entering safepoint region: Cleanup
[2023-11-16T09:26:07.719+0000][787.771s][info ][safepoint     ] Leaving safepoint region
[2023-11-16T09:26:07.719+0000][787.771s][info ][safepoint     ] Total time for which application threads were stopped: 0.0002553 seconds, Stopping threads took: 0.0000552 seconds
[2023-11-16T09:26:10.720+0000][790.772s][debug][safepoint     ] Safepoint synchronization initiated. (181 threads)
[2023-11-16T09:26:10.720+0000][790.772s][info ][safepoint     ] Application time: 3.0003313 seconds
[2023-11-16T09:26:10.720+0000][790.772s][info ][safepoint     ] Entering safepoint region: Cleanup
[2023-11-16T09:26:10.720+0000][790.772s][info ][safepoint     ] Leaving safepoint region
[2023-11-16T09:26:10.720+0000][790.772s][info ][safepoint     ] Total time for which application threads were stopped: 0.0002999 seconds, Stopping threads took: 0.0000529 seconds
[2023-11-16T09:26:11.720+0000][791.772s][debug][safepoint     ] Safepoint synchronization initiated. (181 threads)
[2023-11-16T09:26:11.720+0000][791.772s][info ][safepoint     ] Application time: 1.0002032 seconds
[2023-11-16T09:26:11.720+0000][791.772s][info ][safepoint     ] Entering safepoint region: Cleanup
[2023-11-16T09:26:11.720+0000][791.772s][info ][safepoint     ] Leaving safepoint region
[2023-11-16T09:26:11.720+0000][791.772s][info ][safepoint     ] Total time for which application threads were stopped: 0.0003153 seconds, Stopping threads took: 0.0000548 seconds
[2023-11-16T09:26:16.721+0000][796.773s][debug][safepoint     ] Safepoint synchronization initiated. (181 threads)
[2023-11-16T09:26:16.721+0000][796.773s][info ][safepoint     ] Application time: 5.0005168 seconds
[2023-11-16T09:26:16.721+0000][796.773s][info ][safepoint     ] Entering safepoint region: Cleanup
[2023-11-16T09:26:16.721+0000][796.773s][info ][safepoint     ] Leaving safepoint region
[2023-11-16T09:26:16.721+0000][796.773s][info ][safepoint     ] Total time for which application threads were stopped: 0.0003135 seconds, Stopping threads took: 0.0000551 seconds
[2023-11-16T09:26:18.722+0000][798.774s][debug][safepoint     ] Safepoint synchronization initiated. (181 threads)
[2023-11-16T09:26:18.722+0000][798.774s][info ][safepoint     ] Application time: 2.0002341 seconds
[2023-11-16T09:26:18.722+0000][798.774s][info ][safepoint     ] Entering safepoint region: Cleanup
[2023-11-16T09:26:18.722+0000][798.774s][info ][safepoint     ] Leaving safepoint region
[2023-11-16T09:26:18.722+0000][798.774s][info ][safepoint     ] Total time for which application threads were stopped: 0.0003236 seconds, Stopping threads took: 0.0000520 seconds
[2023-11-16T09:26:34.723+0000][814.775s][debug][safepoint     ] Safepoint synchronization initiated. (181 threads)
[2023-11-16T09:26:34.723+0000][814.775s][info ][safepoint     ] Application time: 16.0014645 seconds
[2023-11-16T09:26:34.724+0000][814.775s][info ][safepoint     ] Entering safepoint region: Cleanup
[2023-11-16T09:26:34.724+0000][814.776s][info ][safepoint     ] Leaving safepoint region
[2023-11-16T09:26:34.724+0000][814.776s][info ][safepoint     ] Total time for which application threads were stopped: 0.0003503 seconds, Stopping threads took: 0.0000564 seconds
[2023-11-16T09:26:35.724+0000][815.776s][debug][safepoint     ] Safepoint synchronization initiated. (180 threads)
[2023-11-16T09:26:35.724+0000][815.776s][info ][safepoint     ] Application time: 1.0001639 seconds
[2023-11-16T09:26:35.724+0000][815.776s][info ][safepoint     ] Entering safepoint region: Cleanup
[2023-11-16T09:26:35.724+0000][815.776s][info ][safepoint     ] Leaving safepoint region
[2023-11-16T09:26:35.724+0000][815.776s][info ][safepoint     ] Total time for which application threads were stopped: 0.0002558 seconds, Stopping threads took: 0.0000524 seconds
[2023-11-16T09:26:36.724+0000][816.776s][debug][safepoint     ] Safepoint synchronization initiated. (180 threads)
[2023-11-16T09:26:36.724+0000][816.776s][info ][safepoint     ] Application time: 1.0001621 seconds
[2023-11-16T09:26:36.725+0000][816.776s][info ][safepoint     ] Entering safepoint region: Cleanup
[2023-11-16T09:26:36.725+0000][816.777s][info ][safepoint     ] Leaving safepoint region
[2023-11-16T09:26:36.725+0000][816.777s][info ][safepoint     ] Total time for which application threads were stopped: 0.0002548 seconds, Stopping threads took: 0.0000517 seconds
[2023-11-16T09:26:37.725+0000][817.777s][debug][safepoint     ] Safepoint synchronization initiated. (180 threads)
[2023-11-16T09:26:37.725+0000][817.777s][info ][safepoint     ] Application time: 1.0001560 seconds
[2023-11-16T09:26:37.725+0000][817.777s][info ][safepoint     ] Entering safepoint region: Cleanup
[2023-11-16T09:26:37.725+0000][817.777s][info ][safepoint     ] Leaving safepoint region
[2023-11-16T09:26:37.725+0000][817.777s][info ][safepoint     ] Total time for which application threads were stopped: 0.0003138 seconds, Stopping threads took: 0.0000537 seconds
[2023-11-16T09:26:38.725+0000][818.777s][debug][safepoint     ] Safepoint synchronization initiated. (180 threads)
[2023-11-16T09:26:38.725+0000][818.777s][info ][safepoint     ] Application time: 1.0001796 seconds
[2023-11-16T09:26:38.725+0000][818.777s][info ][safepoint     ] Entering safepoint region: Cleanup
[2023-11-16T09:26:38.726+0000][818.778s][info ][safepoint     ] Leaving safepoint region
[2023-11-16T09:26:38.726+0000][818.778s][info ][safepoint     ] Total time for which application threads were stopped: 0.0003473 seconds, Stopping threads took: 0.0000517 seconds
[2023-11-16T09:26:39.726+0000][819.778s][debug][safepoint     ] Safepoint synchronization initiated. (180 threads)
[2023-11-16T09:26:39.726+0000][819.778s][info ][safepoint     ] Application time: 1.0001623 seconds
[2023-11-16T09:26:39.726+0000][819.778s][info ][safepoint     ] Entering safepoint region: Cleanup
[2023-11-16T09:26:39.726+0000][819.778s][info ][safepoint     ] Leaving safepoint region
[2023-11-16T09:26:39.726+0000][819.778s][info ][safepoint     ] Total time for which application threads were stopped: 0.0002872 seconds, Stopping threads took: 0.0000517 seconds
[2023-11-16T09:26:40.726+0000][820.778s][debug][safepoint     ] Safepoint synchronization initiated. (180 threads)
[2023-11-16T09:26:40.726+0000][820.778s][info ][safepoint     ] Application time: 1.0001873 seconds
[2023-11-16T09:26:40.727+0000][820.778s][info ][safepoint     ] Entering safepoint region: Cleanup
[2023-11-16T09:26:40.727+0000][820.779s][info ][safepoint     ] Leaving safepoint region
[2023-11-16T09:26:40.727+0000][820.779s][info ][safepoint     ] Total time for which application threads were stopped: 0.0006323 seconds, Stopping threads took: 0.0004313 seconds
[2023-11-16T09:26:41.727+0000][821.779s][debug][safepoint     ] Safepoint synchronization initiated. (180 threads)
[2023-11-16T09:26:41.727+0000][821.779s][info ][safepoint     ] Application time: 1.0001588 seconds
[2023-11-16T09:26:41.727+0000][821.779s][info ][safepoint     ] Entering safepoint region: Cleanup
[2023-11-16T09:26:41.728+0000][821.780s][info ][safepoint     ] Leaving safepoint region
[2023-11-16T09:26:41.728+0000][821.780s][info ][safepoint     ] Total time for which application threads were stopped: 0.0002925 seconds, Stopping threads took: 0.0000526 seconds
[2023-11-16T09:26:42.728+0000][822.780s][debug][safepoint     ] Safepoint synchronization initiated. (180 threads)
[2023-11-16T09:26:42.728+0000][822.780s][info ][safepoint     ] Application time: 1.0001456 seconds
[2023-11-16T09:26:42.728+0000][822.780s][info ][safepoint     ] Entering safepoint region: Cleanup
[2023-11-16T09:26:42.728+0000][822.780s][info ][safepoint     ] Leaving safepoint region
[2023-11-16T09:26:42.728+0000][822.780s][info ][safepoint     ] Total time for which application threads were stopped: 0.0003424 seconds, Stopping threads took: 0.0000514 seconds
[2023-11-16T09:26:43.728+0000][823.780s][debug][safepoint     ] Safepoint synchronization initiated. (180 threads)
[2023-11-16T09:26:43.728+0000][823.780s][info ][safepoint     ] Application time: 1.0001521 seconds
[2023-11-16T09:26:43.728+0000][823.780s][info ][safepoint     ] Entering safepoint region: Cleanup
[2023-11-16T09:26:43.729+0000][823.781s][info ][safepoint     ] Leaving safepoint region
[2023-11-16T09:26:43.729+0000][823.781s][info ][safepoint     ] Total time for which application threads were stopped: 0.0003414 seconds, Stopping threads took: 0.0000510 seconds
[2023-11-16T09:26:44.729+0000][824.781s][debug][safepoint     ] Safepoint synchronization initiated. (179 threads)
[2023-11-16T09:26:44.729+0000][824.781s][info ][safepoint     ] Application time: 1.0001427 seconds
[2023-11-16T09:26:44.729+0000][824.781s][info ][safepoint     ] Entering safepoint region: Cleanup
[2023-11-16T09:26:44.729+0000][824.781s][info ][safepoint     ] Leaving safepoint region
[2023-11-16T09:26:44.729+0000][824.781s][info ][safepoint     ] Total time for which application threads were stopped: 0.0002730 seconds, Stopping threads took: 0.0000552 seconds
[2023-11-16T09:26:45.729+0000][825.781s][debug][safepoint     ] Safepoint synchronization initiated. (179 threads)
[2023-11-16T09:26:45.729+0000][825.781s][info ][safepoint     ] Application time: 1.0001712 seconds
[2023-11-16T09:26:45.729+0000][825.781s][info ][safepoint     ] Entering safepoint region: Cleanup
[2023-11-16T09:26:45.730+0000][825.782s][info ][safepoint     ] Leaving safepoint region
[2023-11-16T09:26:45.730+0000][825.782s][info ][safepoint     ] Total time for which application threads were stopped: 0.0003978 seconds, Stopping threads took: 0.0000543 seconds
[2023-11-16T09:26:46.730+0000][826.782s][debug][safepoint     ] Safepoint synchronization initiated. (179 threads)
[2023-11-16T09:26:46.730+0000][826.782s][info ][safepoint     ] Application time: 1.0001586 seconds
[2023-11-16T09:26:46.730+0000][826.782s][info ][safepoint     ] Entering safepoint region: Cleanup
[2023-11-16T09:26:46.730+0000][826.782s][info ][safepoint     ] Leaving safepoint region
[2023-11-16T09:26:46.730+0000][826.782s][info ][safepoint     ] Total time for which application threads were stopped: 0.0003098 seconds, Stopping threads took: 0.0000510 seconds
[2023-11-16T09:26:47.730+0000][827.782s][debug][safepoint     ] Safepoint synchronization initiated. (179 threads)
[2023-11-16T09:26:47.730+0000][827.782s][info ][safepoint     ] Application time: 1.0001412 seconds
[2023-11-16T09:26:47.730+0000][827.782s][info ][safepoint     ] Entering safepoint region: Cleanup
[2023-11-16T09:26:47.731+0000][827.783s][info ][safepoint     ] Leaving safepoint region
[2023-11-16T09:26:47.731+0000][827.783s][info ][safepoint     ] Total time for which application threads were stopped: 0.0003393 seconds, Stopping threads took: 0.0000519 seconds
[2023-11-16T09:26:48.731+0000][828.783s][debug][safepoint     ] Safepoint synchronization initiated. (179 threads)
[2023-11-16T09:26:48.731+0000][828.783s][info ][safepoint     ] Application time: 1.0001627 seconds
[2023-11-16T09:26:48.731+0000][828.783s][info ][safepoint     ] Entering safepoint region: Cleanup
[2023-11-16T09:26:48.731+0000][828.783s][info ][safepoint     ] Leaving safepoint region
[2023-11-16T09:26:48.731+0000][828.783s][info ][safepoint     ] Total time for which application threads were stopped: 0.0003415 seconds, Stopping threads took: 0.0000514 seconds
[2023-11-16T09:26:49.731+0000][829.783s][debug][safepoint     ] Safepoint synchronization initiated. (179 threads)
[2023-11-16T09:26:49.731+0000][829.783s][info ][safepoint     ] Application time: 1.0001833 seconds
[2023-11-16T09:26:49.732+0000][829.784s][info ][safepoint     ] Entering safepoint region: Cleanup
[2023-11-16T09:26:49.732+0000][829.784s][info ][safepoint     ] Leaving safepoint region
[2023-11-16T09:26:49.732+0000][829.784s][info ][safepoint     ] Total time for which application threads were stopped: 0.0003391 seconds, Stopping threads took: 0.0000522 seconds
[2023-11-16T09:26:50.732+0000][830.784s][debug][safepoint     ] Safepoint synchronization initiated. (179 threads)
[2023-11-16T09:26:50.732+0000][830.784s][info ][safepoint     ] Application time: 1.0002769 seconds
[2023-11-16T09:26:50.733+0000][830.785s][info ][safepoint     ] Entering safepoint region: Cleanup
[2023-11-16T09:26:50.733+0000][830.785s][info ][safepoint     ] Leaving safepoint region
[2023-11-16T09:26:50.733+0000][830.785s][info ][safepoint     ] Total time for which application threads were stopped: 0.0002931 seconds, Stopping threads took: 0.0000608 seconds
[2023-11-16T09:26:51.733+0000][831.785s][debug][safepoint     ] Safepoint synchronization initiated. (179 threads)
[2023-11-16T09:26:51.733+0000][831.785s][info ][safepoint     ] Application time: 1.0001538 seconds
[2023-11-16T09:26:51.733+0000][831.785s][info ][safepoint     ] Entering safepoint region: Cleanup
[2023-11-16T09:26:51.733+0000][831.785s][info ][safepoint     ] Leaving safepoint region
[2023-11-16T09:26:51.733+0000][831.785s][info ][safepoint     ] Total time for which application threads were stopped: 0.0003381 seconds, Stopping threads took: 0.0000493 seconds
[2023-11-16T09:26:52.734+0000][832.786s][debug][safepoint     ] Safepoint synchronization initiated. (179 threads)
[2023-11-16T09:26:52.734+0000][832.786s][info ][safepoint     ] Application time: 1.0001719 seconds
[2023-11-16T09:26:52.734+0000][832.786s][info ][safepoint     ] Entering safepoint region: Cleanup
[2023-11-16T09:26:52.734+0000][832.786s][info ][safepoint     ] Leaving safepoint region
[2023-11-16T09:26:52.734+0000][832.786s][info ][safepoint     ] Total time for which application threads were stopped: 0.0003316 seconds, Stopping threads took: 0.0000597 seconds
[2023-11-16T09:26:53.734+0000][833.786s][debug][safepoint     ] Safepoint synchronization initiated. (179 threads)
[2023-11-16T09:26:53.734+0000][833.786s][info ][safepoint     ] Application time: 1.0001583 seconds
[2023-11-16T09:26:53.734+0000][833.786s][info ][safepoint     ] Entering safepoint region: Cleanup
[2023-11-16T09:26:53.734+0000][833.786s][info ][safepoint     ] Leaving safepoint region
[2023-11-16T09:26:53.734+0000][833.786s][info ][safepoint     ] Total time for which application threads were stopped: 0.0001730 seconds, Stopping threads took: 0.0000421 seconds
[2023-11-16T09:26:54.734+0000][834.786s][debug][safepoint     ] Safepoint synchronization initiated. (179 threads)
[2023-11-16T09:26:54.735+0000][834.786s][info ][safepoint     ] Application time: 1.0001620 seconds
[2023-11-16T09:26:54.735+0000][834.787s][info ][safepoint     ] Entering safepoint region: Cleanup
[2023-11-16T09:26:54.735+0000][834.787s][info ][safepoint     ] Leaving safepoint region
[2023-11-16T09:26:54.735+0000][834.787s][info ][safepoint     ] Total time for which application threads were stopped: 0.0002470 seconds, Stopping threads took: 0.0000511 seconds
[2023-11-16T09:26:55.735+0000][835.787s][debug][safepoint     ] Safepoint synchronization initiated. (179 threads)
[2023-11-16T09:26:55.735+0000][835.787s][info ][safepoint     ] Application time: 1.0001645 seconds
[2023-11-16T09:26:55.735+0000][835.787s][info ][safepoint     ] Entering safepoint region: Cleanup
[2023-11-16T09:26:55.736+0000][835.788s][info ][safepoint     ] Leaving safepoint region
[2023-11-16T09:26:55.736+0000][835.788s][info ][safepoint     ] Total time for which application threads were stopped: 0.0008441 seconds, Stopping threads took: 0.0005705 seconds
[2023-11-16T09:26:56.736+0000][836.788s][debug][safepoint     ] Safepoint synchronization initiated. (179 threads)
[2023-11-16T09:26:56.736+0000][836.788s][info ][safepoint     ] Application time: 1.0001550 seconds
[2023-11-16T09:26:56.736+0000][836.788s][info ][safepoint     ] Entering safepoint region: Cleanup
[2023-11-16T09:26:56.736+0000][836.788s][info ][safepoint     ] Leaving safepoint region
[2023-11-16T09:26:56.736+0000][836.788s][info ][safepoint     ] Total time for which application threads were stopped: 0.0003293 seconds, Stopping threads took: 0.0000495 seconds
[2023-11-16T09:26:57.736+0000][837.788s][debug][safepoint     ] Safepoint synchronization initiated. (179 threads)
[2023-11-16T09:26:57.737+0000][837.788s][info ][safepoint     ] Application time: 1.0001580 seconds
[2023-11-16T09:26:57.737+0000][837.789s][info ][safepoint     ] Entering safepoint region: Cleanup
[2023-11-16T09:26:57.737+0000][837.789s][info ][safepoint     ] Leaving safepoint region
[2023-11-16T09:26:57.737+0000][837.789s][info ][safepoint     ] Total time for which application threads were stopped: 0.0002962 seconds, Stopping threads took: 0.0000509 seconds
[2023-11-16T09:26:58.737+0000][838.789s][debug][safepoint     ] Safepoint synchronization initiated. (179 threads)
[2023-11-16T09:26:58.737+0000][838.789s][info ][safepoint     ] Application time: 1.0001586 seconds
[2023-11-16T09:26:58.737+0000][838.789s][info ][safepoint     ] Entering safepoint region: Cleanup
[2023-11-16T09:26:58.737+0000][838.789s][info ][safepoint     ] Leaving safepoint region
[2023-11-16T09:26:58.737+0000][838.789s][info ][safepoint     ] Total time for which application threads were stopped: 0.0002838 seconds, Stopping threads took: 0.0000500 seconds
[2023-11-16T09:26:59.737+0000][839.789s][debug][safepoint     ] Safepoint synchronization initiated. (179 threads)
[2023-11-16T09:26:59.738+0000][839.789s][info ][safepoint     ] Application time: 1.0001836 seconds
[2023-11-16T09:26:59.738+0000][839.790s][info ][safepoint     ] Entering safepoint region: Cleanup
[2023-11-16T09:26:59.738+0000][839.790s][info ][safepoint     ] Leaving safepoint region
[2023-11-16T09:26:59.738+0000][839.790s][info ][safepoint     ] Total time for which application threads were stopped: 0.0003272 seconds, Stopping threads took: 0.0000506 seconds
[2023-11-16T09:27:00.738+0000][840.790s][debug][safepoint     ] Safepoint synchronization initiated. (179 threads)
[2023-11-16T09:27:00.738+0000][840.790s][info ][safepoint     ] Application time: 1.0001682 seconds
[2023-11-16T09:27:00.738+0000][840.790s][info ][safepoint     ] Entering safepoint region: Cleanup
[2023-11-16T09:27:00.739+0000][840.791s][info ][safepoint     ] Leaving safepoint region
[2023-11-16T09:27:00.739+0000][840.791s][info ][safepoint     ] Total time for which application threads were stopped: 0.0008986 seconds, Stopping threads took: 0.0006765 seconds
[2023-11-16T09:27:01.739+0000][841.791s][debug][safepoint     ] Safepoint synchronization initiated. (179 threads)
[2023-11-16T09:27:01.739+0000][841.791s][info ][safepoint     ] Application time: 1.0001508 seconds
[2023-11-16T09:27:01.739+0000][841.791s][info ][safepoint     ] Entering safepoint region: Cleanup
[2023-11-16T09:27:01.739+0000][841.791s][info ][safepoint     ] Leaving safepoint region
[2023-11-16T09:27:01.740+0000][841.791s][info ][safepoint     ] Total time for which application threads were stopped: 0.0003569 seconds, Stopping threads took: 0.0000500 seconds
[2023-11-16T09:27:02.740+0000][842.792s][debug][safepoint     ] Safepoint synchronization initiated. (179 threads)
[2023-11-16T09:27:02.740+0000][842.792s][info ][safepoint     ] Application time: 1.0001485 seconds
[2023-11-16T09:27:02.740+0000][842.792s][info ][safepoint     ] Entering safepoint region: Cleanup
[2023-11-16T09:27:02.740+0000][842.792s][info ][safepoint     ] Leaving safepoint region
[2023-11-16T09:27:02.740+0000][842.792s][info ][safepoint     ] Total time for which application threads were stopped: 0.0003384 seconds, Stopping threads took: 0.0000523 seconds
[2023-11-16T09:27:03.740+0000][843.792s][debug][safepoint     ] Safepoint synchronization initiated. (179 threads)
[2023-11-16T09:27:03.740+0000][843.792s][info ][safepoint     ] Application time: 1.0001540 seconds
[2023-11-16T09:27:03.740+0000][843.792s][info ][safepoint     ] Entering safepoint region: Cleanup
[2023-11-16T09:27:03.741+0000][843.792s][info ][safepoint     ] Leaving safepoint region
[2023-11-16T09:27:03.741+0000][843.793s][info ][safepoint     ] Total time for which application threads were stopped: 0.0003517 seconds, Stopping threads took: 0.0000505 seconds
[2023-11-16T09:27:04.741+0000][844.793s][debug][safepoint     ] Safepoint synchronization initiated. (179 threads)
[2023-11-16T09:27:04.741+0000][844.793s][info ][safepoint     ] Application time: 1.0001725 seconds
[2023-11-16T09:27:04.741+0000][844.793s][info ][safepoint     ] Entering safepoint region: Cleanup
[2023-11-16T09:27:04.741+0000][844.793s][info ][safepoint     ] Leaving safepoint region
[2023-11-16T09:27:04.741+0000][844.793s][info ][safepoint     ] Total time for which application threads were stopped: 0.0003432 seconds, Stopping threads took: 0.0000516 seconds
[2023-11-16T09:27:05.741+0000][845.793s][debug][safepoint     ] Safepoint synchronization initiated. (179 threads)
[2023-11-16T09:27:05.741+0000][845.793s][info ][safepoint     ] Application time: 1.0001653 seconds
[2023-11-16T09:27:05.741+0000][845.793s][info ][safepoint     ] Entering safepoint region: Cleanup
[2023-11-16T09:27:05.742+0000][845.794s][info ][safepoint     ] Leaving safepoint region
[2023-11-16T09:27:05.742+0000][845.794s][info ][safepoint     ] Total time for which application threads were stopped: 0.0007849 seconds, Stopping threads took: 0.0005416 seconds
[2023-11-16T09:27:06.742+0000][846.794s][debug][safepoint     ] Safepoint synchronization initiated. (179 threads)
[2023-11-16T09:27:06.742+0000][846.794s][info ][safepoint     ] Application time: 1.0001717 seconds
[2023-11-16T09:27:06.742+0000][846.794s][info ][safepoint     ] Entering safepoint region: Cleanup
[2023-11-16T09:27:06.743+0000][846.795s][info ][safepoint     ] Leaving safepoint region
[2023-11-16T09:27:06.743+0000][846.795s][info ][safepoint     ] Total time for which application threads were stopped: 0.0002773 seconds, Stopping threads took: 0.0000528 seconds
[2023-11-16T09:27:07.743+0000][847.795s][debug][safepoint     ] Safepoint synchronization initiated. (179 threads)
[2023-11-16T09:27:07.743+0000][847.795s][info ][safepoint     ] Application time: 1.0001534 seconds
[2023-11-16T09:27:07.743+0000][847.795s][info ][safepoint     ] Entering safepoint region: Cleanup
[2023-11-16T09:27:07.743+0000][847.795s][info ][safepoint     ] Leaving safepoint region
[2023-11-16T09:27:07.743+0000][847.795s][info ][safepoint     ] Total time for which application threads were stopped: 0.0002564 seconds, Stopping threads took: 0.0000503 seconds
[2023-11-16T09:27:08.743+0000][848.795s][debug][safepoint     ] Safepoint synchronization initiated. (179 threads)
[2023-11-16T09:27:08.743+0000][848.795s][info ][safepoint     ] Application time: 1.0001448 seconds
[2023-11-16T09:27:08.743+0000][848.795s][info ][safepoint     ] Entering safepoint region: Cleanup
[2023-11-16T09:27:08.744+0000][848.796s][info ][safepoint     ] Leaving safepoint region
[2023-11-16T09:27:08.744+0000][848.796s][info ][safepoint     ] Total time for which application threads were stopped: 0.0003517 seconds, Stopping threads took: 0.0000515 seconds
[2023-11-16T09:27:09.744+0000][849.796s][debug][safepoint     ] Safepoint synchronization initiated. (179 threads)
[2023-11-16T09:27:09.744+0000][849.796s][info ][safepoint     ] Application time: 1.0001390 seconds
[2023-11-16T09:27:09.744+0000][849.796s][info ][safepoint     ] Entering safepoint region: Cleanup
[2023-11-16T09:27:09.744+0000][849.796s][info ][safepoint     ] Leaving safepoint region
[2023-11-16T09:27:09.744+0000][849.796s][info ][safepoint     ] Total time for which application threads were stopped: 0.0002643 seconds, Stopping threads took: 0.0000512 seconds
[2023-11-16T09:27:10.744+0000][850.796s][debug][safepoint     ] Safepoint synchronization initiated. (179 threads)
[2023-11-16T09:27:10.744+0000][850.796s][info ][safepoint     ] Application time: 1.0001572 seconds
[2023-11-16T09:27:10.744+0000][850.796s][info ][safepoint     ] Entering safepoint region: Cleanup
[2023-11-16T09:27:10.745+0000][850.797s][info ][safepoint     ] Leaving safepoint region
[2023-11-16T09:27:10.745+0000][850.797s][info ][safepoint     ] Total time for which application threads were stopped: 0.0007113 seconds, Stopping threads took: 0.0004847 seconds
[2023-11-16T09:27:11.745+0000][851.797s][debug][safepoint     ] Safepoint synchronization initiated. (179 threads)
[2023-11-16T09:27:11.745+0000][851.797s][info ][safepoint     ] Application time: 1.0001803 seconds
[2023-11-16T09:27:11.745+0000][851.797s][debug][safepoint     ] Waiting for 1 thread(s) to block
[2023-11-16T09:27:11.745+0000][851.797s][info ][safepoint     ] Entering safepoint region: Cleanup
[2023-11-16T09:27:11.746+0000][851.797s][info ][safepoint     ] Leaving safepoint region
[2023-11-16T09:27:11.746+0000][851.797s][info ][safepoint     ] Total time for which application threads were stopped: 0.0003989 seconds, Stopping threads took: 0.0001875 seconds
[2023-11-16T09:27:12.746+0000][852.798s][debug][safepoint     ] Safepoint synchronization initiated. (179 threads)
[2023-11-16T09:27:12.746+0000][852.798s][info ][safepoint     ] Application time: 1.0001511 seconds
[2023-11-16T09:27:12.746+0000][852.798s][info ][safepoint     ] Entering safepoint region: Cleanup
[2023-11-16T09:27:12.746+0000][852.798s][info ][safepoint     ] Leaving safepoint region
[2023-11-16T09:27:12.746+0000][852.798s][info ][safepoint     ] Total time for which application threads were stopped: 0.0003483 seconds, Stopping threads took: 0.0000511 seconds
[2023-11-16T09:27:13.746+0000][853.798s][debug][safepoint     ] Safepoint synchronization initiated. (179 threads)
[2023-11-16T09:27:13.746+0000][853.798s][info ][safepoint     ] Application time: 1.0001743 seconds
[2023-11-16T09:27:13.746+0000][853.798s][info ][safepoint     ] Entering safepoint region: Cleanup
[2023-11-16T09:27:13.747+0000][853.799s][info ][safepoint     ] Leaving safepoint region
[2023-11-16T09:27:13.747+0000][853.799s][info ][safepoint     ] Total time for which application threads were stopped: 0.0003416 seconds, Stopping threads took: 0.0000517 seconds
[2023-11-16T09:27:14.747+0000][854.799s][debug][safepoint     ] Safepoint synchronization initiated. (179 threads)
[2023-11-16T09:27:14.747+0000][854.799s][info ][safepoint     ] Application time: 1.0001650 seconds
[2023-11-16T09:27:14.747+0000][854.799s][info ][safepoint     ] Entering safepoint region: Cleanup
[2023-11-16T09:27:14.747+0000][854.799s][info ][safepoint     ] Leaving safepoint region
[2023-11-16T09:27:14.747+0000][854.799s][info ][safepoint     ] Total time for which application threads were stopped: 0.0003456 seconds, Stopping threads took: 0.0000512 seconds
[2023-11-16T09:27:15.747+0000][855.799s][debug][safepoint     ] Safepoint synchronization initiated. (179 threads)
[2023-11-16T09:27:15.748+0000][855.800s][info ][safepoint     ] Application time: 1.0007008 seconds
[2023-11-16T09:27:15.748+0000][855.800s][info ][safepoint     ] Entering safepoint region: Cleanup
[2023-11-16T09:27:15.748+0000][855.800s][info ][safepoint     ] Leaving safepoint region
[2023-11-16T09:27:15.748+0000][855.800s][info ][safepoint     ] Total time for which application threads were stopped: 0.0003558 seconds, Stopping threads took: 0.0000573 seconds
[2023-11-16T09:27:16.748+0000][856.800s][debug][safepoint     ] Safepoint synchronization initiated. (179 threads)
[2023-11-16T09:27:16.748+0000][856.800s][info ][safepoint     ] Application time: 1.0001676 seconds
[2023-11-16T09:27:16.749+0000][856.800s][info ][safepoint     ] Entering safepoint region: Cleanup
[2023-11-16T09:27:16.749+0000][856.801s][info ][safepoint     ] Leaving safepoint region
[2023-11-16T09:27:16.749+0000][856.801s][info ][safepoint     ] Total time for which application threads were stopped: 0.0003404 seconds, Stopping threads took: 0.0000529 seconds
[2023-11-16T09:27:17.749+0000][857.801s][debug][safepoint     ] Safepoint synchronization initiated. (179 threads)
[2023-11-16T09:27:17.749+0000][857.801s][info ][safepoint     ] Application time: 1.0001768 seconds
[2023-11-16T09:27:17.749+0000][857.801s][info ][safepoint     ] Entering safepoint region: Cleanup
[2023-11-16T09:27:17.749+0000][857.801s][info ][safepoint     ] Leaving safepoint region
[2023-11-16T09:27:17.749+0000][857.801s][info ][safepoint     ] Total time for which application threads were stopped: 0.0003433 seconds, Stopping threads took: 0.0000527 seconds
[2023-11-16T09:27:18.749+0000][858.801s][debug][safepoint     ] Safepoint synchronization initiated. (179 threads)
[2023-11-16T09:27:18.750+0000][858.802s][info ][safepoint     ] Application time: 1.0001560 seconds
[2023-11-16T09:27:18.750+0000][858.802s][info ][safepoint     ] Entering safepoint region: Cleanup
[2023-11-16T09:27:18.750+0000][858.802s][info ][safepoint     ] Leaving safepoint region
[2023-11-16T09:27:18.750+0000][858.802s][info ][safepoint     ] Total time for which application threads were stopped: 0.0003452 seconds, Stopping threads took: 0.0000528 seconds
[2023-11-16T09:27:19.750+0000][859.802s][debug][safepoint     ] Safepoint synchronization initiated. (179 threads)
[2023-11-16T09:27:19.750+0000][859.802s][info ][safepoint     ] Application time: 1.0001702 seconds
[2023-11-16T09:27:19.750+0000][859.802s][info ][safepoint     ] Entering safepoint region: Cleanup
[2023-11-16T09:27:19.750+0000][859.802s][info ][safepoint     ] Leaving safepoint region
[2023-11-16T09:27:19.750+0000][859.802s][info ][safepoint     ] Total time for which application threads were stopped: 0.0002577 seconds, Stopping threads took: 0.0000530 seconds
[2023-11-16T09:27:20.751+0000][860.802s][debug][safepoint     ] Safepoint synchronization initiated. (179 threads)
[2023-11-16T09:27:20.751+0000][860.803s][info ][safepoint     ] Application time: 1.0001961 seconds
[2023-11-16T09:27:20.751+0000][860.803s][info ][safepoint     ] Entering safepoint region: Cleanup
[2023-11-16T09:27:20.751+0000][860.803s][info ][safepoint     ] Leaving safepoint region
[2023-11-16T09:27:20.751+0000][860.803s][info ][safepoint     ] Total time for which application threads were stopped: 0.0002750 seconds, Stopping threads took: 0.0000539 seconds
[2023-11-16T09:27:21.751+0000][861.803s][debug][safepoint     ] Safepoint synchronization initiated. (179 threads)
[2023-11-16T09:27:21.751+0000][861.803s][info ][safepoint     ] Application time: 1.0001540 seconds
[2023-11-16T09:27:21.751+0000][861.803s][info ][safepoint     ] Entering safepoint region: Cleanup
[2023-11-16T09:27:21.751+0000][861.803s][info ][safepoint     ] Leaving safepoint region
[2023-11-16T09:27:21.751+0000][861.803s][info ][safepoint     ] Total time for which application threads were stopped: 0.0003497 seconds, Stopping threads took: 0.0000529 seconds
[2023-11-16T09:27:22.752+0000][862.804s][debug][safepoint     ] Safepoint synchronization initiated. (179 threads)
[2023-11-16T09:27:22.752+0000][862.804s][info ][safepoint     ] Application time: 1.0001407 seconds
[2023-11-16T09:27:22.752+0000][862.804s][info ][safepoint     ] Entering safepoint region: Cleanup
[2023-11-16T09:27:22.752+0000][862.804s][info ][safepoint     ] Leaving safepoint region
[2023-11-16T09:27:22.752+0000][862.804s][info ][safepoint     ] Total time for which application threads were stopped: 0.0003405 seconds, Stopping threads took: 0.0000549 seconds
[2023-11-16T09:27:23.752+0000][863.804s][debug][safepoint     ] Safepoint synchronization initiated. (179 threads)
[2023-11-16T09:27:23.752+0000][863.804s][info ][safepoint     ] Application time: 1.0001723 seconds
[2023-11-16T09:27:23.752+0000][863.804s][info ][safepoint     ] Entering safepoint region: Cleanup
[2023-11-16T09:27:23.752+0000][863.804s][info ][safepoint     ] Leaving safepoint region
[2023-11-16T09:27:23.753+0000][863.804s][info ][safepoint     ] Total time for which application threads were stopped: 0.0003460 seconds, Stopping threads took: 0.0000534 seconds
[2023-11-16T09:27:24.753+0000][864.805s][debug][safepoint     ] Safepoint synchronization initiated. (179 threads)
[2023-11-16T09:27:24.753+0000][864.805s][info ][safepoint     ] Application time: 1.0001638 seconds
[2023-11-16T09:27:24.753+0000][864.805s][info ][safepoint     ] Entering safepoint region: Cleanup
[2023-11-16T09:27:24.753+0000][864.805s][info ][safepoint     ] Leaving safepoint region
[2023-11-16T09:27:24.753+0000][864.805s][info ][safepoint     ] Total time for which application threads were stopped: 0.0002606 seconds, Stopping threads took: 0.0000523 seconds
[2023-11-16T09:27:25.753+0000][865.805s][debug][safepoint     ] Safepoint synchronization initiated. (179 threads)
[2023-11-16T09:27:25.753+0000][865.805s][info ][safepoint     ] Application time: 1.0001729 seconds
[2023-11-16T09:27:25.753+0000][865.805s][info ][safepoint     ] Entering safepoint region: Cleanup
[2023-11-16T09:27:25.754+0000][865.806s][info ][safepoint     ] Leaving safepoint region
[2023-11-16T09:27:25.754+0000][865.806s][info ][safepoint     ] Total time for which application threads were stopped: 0.0008126 seconds, Stopping threads took: 0.0005282 seconds
[2023-11-16T09:27:26.754+0000][866.806s][debug][safepoint     ] Safepoint synchronization initiated. (179 threads)
[2023-11-16T09:27:26.754+0000][866.806s][info ][safepoint     ] Application time: 1.0001462 seconds
[2023-11-16T09:27:26.754+0000][866.806s][info ][safepoint     ] Entering safepoint region: Cleanup
[2023-11-16T09:27:26.755+0000][866.806s][info ][safepoint     ] Leaving safepoint region
[2023-11-16T09:27:26.755+0000][866.807s][info ][safepoint     ] Total time for which application threads were stopped: 0.0003447 seconds, Stopping threads took: 0.0000537 seconds
[2023-11-16T09:27:27.755+0000][867.807s][debug][safepoint     ] Safepoint synchronization initiated. (179 threads)
[2023-11-16T09:27:27.755+0000][867.807s][info ][safepoint     ] Application time: 1.0001980 seconds
[2023-11-16T09:27:27.755+0000][867.807s][info ][safepoint     ] Entering safepoint region: Cleanup
[2023-11-16T09:27:27.755+0000][867.807s][info ][safepoint     ] Leaving safepoint region
[2023-11-16T09:27:27.755+0000][867.807s][info ][safepoint     ] Total time for which application threads were stopped: 0.0003435 seconds, Stopping threads took: 0.0000531 seconds
[2023-11-16T09:27:38.756+0000][878.808s][debug][safepoint     ] Safepoint synchronization initiated. (178 threads)
[2023-11-16T09:27:38.756+0000][878.808s][info ][safepoint     ] Application time: 11.0010337 seconds
[2023-11-16T09:27:38.756+0000][878.808s][info ][safepoint     ] Entering safepoint region: Cleanup
[2023-11-16T09:27:38.757+0000][878.808s][info ][safepoint     ] Leaving safepoint region
[2023-11-16T09:27:38.757+0000][878.809s][info ][safepoint     ] Total time for which application threads were stopped: 0.0003442 seconds, Stopping threads took: 0.0000533 seconds
[2023-11-16T09:27:39.757+0000][879.809s][debug][safepoint     ] Safepoint synchronization initiated. (178 threads)
[2023-11-16T09:27:39.757+0000][879.809s][info ][safepoint     ] Application time: 1.0001616 seconds
[2023-11-16T09:27:39.757+0000][879.809s][info ][safepoint     ] Entering safepoint region: Cleanup
[2023-11-16T09:27:39.757+0000][879.809s][info ][safepoint     ] Leaving safepoint region
[2023-11-16T09:27:39.757+0000][879.809s][info ][safepoint     ] Total time for which application threads were stopped: 0.0003450 seconds, Stopping threads took: 0.0000532 seconds
[2023-11-16T09:27:40.757+0000][880.809s][debug][safepoint     ] Safepoint synchronization initiated. (178 threads)
[2023-11-16T09:27:40.757+0000][880.809s][info ][safepoint     ] Application time: 1.0001506 seconds
[2023-11-16T09:27:40.757+0000][880.809s][info ][safepoint     ] Entering safepoint region: Cleanup
[2023-11-16T09:27:40.758+0000][880.809s][info ][safepoint     ] Leaving safepoint region
[2023-11-16T09:27:40.758+0000][880.810s][info ][safepoint     ] Total time for which application threads were stopped: 0.0002939 seconds, Stopping threads took: 0.0000367 seconds
[2023-11-16T09:27:41.758+0000][881.810s][debug][safepoint     ] Safepoint synchronization initiated. (178 threads)
[2023-11-16T09:27:41.758+0000][881.810s][info ][safepoint     ] Application time: 1.0001510 seconds
[2023-11-16T09:27:41.758+0000][881.810s][info ][safepoint     ] Entering safepoint region: Cleanup
[2023-11-16T09:27:41.758+0000][881.810s][info ][safepoint     ] Leaving safepoint region
[2023-11-16T09:27:41.758+0000][881.810s][info ][safepoint     ] Total time for which application threads were stopped: 0.0003239 seconds, Stopping threads took: 0.0000544 seconds
[2023-11-16T09:27:42.758+0000][882.810s][debug][safepoint     ] Safepoint synchronization initiated. (178 threads)
[2023-11-16T09:27:42.758+0000][882.810s][info ][safepoint     ] Application time: 1.0001540 seconds
[2023-11-16T09:27:42.758+0000][882.810s][info ][safepoint     ] Entering safepoint region: Cleanup
[2023-11-16T09:27:42.759+0000][882.811s][info ][safepoint     ] Leaving safepoint region
[2023-11-16T09:27:42.759+0000][882.811s][info ][safepoint     ] Total time for which application threads were stopped: 0.0003446 seconds, Stopping threads took: 0.0000531 seconds
[2023-11-16T09:27:43.759+0000][883.811s][debug][safepoint     ] Safepoint synchronization initiated. (178 threads)
[2023-11-16T09:27:43.759+0000][883.811s][info ][safepoint     ] Application time: 1.0001811 seconds
[2023-11-16T09:27:43.759+0000][883.811s][info ][safepoint     ] Entering safepoint region: Cleanup
[2023-11-16T09:27:43.759+0000][883.811s][info ][safepoint     ] Leaving safepoint region
[2023-11-16T09:27:43.759+0000][883.811s][info ][safepoint     ] Total time for which application threads were stopped: 0.0003047 seconds, Stopping threads took: 0.0000532 seconds
[2023-11-16T09:27:44.759+0000][884.811s][debug][safepoint     ] Safepoint synchronization initiated. (177 threads)
[2023-11-16T09:27:44.759+0000][884.811s][info ][safepoint     ] Application time: 1.0001880 seconds
[2023-11-16T09:27:44.759+0000][884.811s][info ][safepoint     ] Entering safepoint region: Cleanup
[2023-11-16T09:27:44.760+0000][884.812s][info ][safepoint     ] Leaving safepoint region
[2023-11-16T09:27:44.760+0000][884.812s][info ][safepoint     ] Total time for which application threads were stopped: 0.0003737 seconds, Stopping threads took: 0.0000533 seconds
[2023-11-16T09:27:45.760+0000][885.812s][debug][safepoint     ] Safepoint synchronization initiated. (177 threads)
[2023-11-16T09:27:45.760+0000][885.812s][info ][safepoint     ] Application time: 1.0001547 seconds
[2023-11-16T09:27:45.760+0000][885.812s][info ][safepoint     ] Entering safepoint region: Cleanup
[2023-11-16T09:27:45.760+0000][885.812s][info ][safepoint     ] Leaving safepoint region
[2023-11-16T09:27:45.760+0000][885.812s][info ][safepoint     ] Total time for which application threads were stopped: 0.0003512 seconds, Stopping threads took: 0.0000522 seconds
[2023-11-16T09:27:46.760+0000][886.812s][debug][safepoint     ] Safepoint synchronization initiated. (177 threads)
[2023-11-16T09:27:46.760+0000][886.812s][info ][safepoint     ] Application time: 1.0001631 seconds
[2023-11-16T09:27:46.761+0000][886.812s][info ][safepoint     ] Entering safepoint region: Cleanup
[2023-11-16T09:27:46.761+0000][886.813s][info ][safepoint     ] Leaving safepoint region
[2023-11-16T09:27:46.761+0000][886.813s][info ][safepoint     ] Total time for which application threads were stopped: 0.0003045 seconds, Stopping threads took: 0.0000526 seconds
[2023-11-16T09:27:47.761+0000][887.813s][debug][safepoint     ] Safepoint synchronization initiated. (177 threads)
[2023-11-16T09:27:47.761+0000][887.813s][info ][safepoint     ] Application time: 1.0001311 seconds
[2023-11-16T09:27:47.761+0000][887.813s][info ][safepoint     ] Entering safepoint region: Cleanup
[2023-11-16T09:27:47.762+0000][887.814s][info ][safepoint     ] Leaving safepoint region
[2023-11-16T09:27:47.762+0000][887.814s][info ][safepoint     ] Total time for which application threads were stopped: 0.0008476 seconds, Stopping threads took: 0.0006284 seconds
[2023-11-16T09:27:48.762+0000][888.814s][debug][safepoint     ] Safepoint synchronization initiated. (177 threads)
[2023-11-16T09:27:48.762+0000][888.814s][info ][safepoint     ] Application time: 1.0001328 seconds
[2023-11-16T09:27:48.762+0000][888.814s][info ][safepoint     ] Entering safepoint region: Cleanup
[2023-11-16T09:27:48.762+0000][888.814s][info ][safepoint     ] Leaving safepoint region
[2023-11-16T09:27:48.762+0000][888.814s][info ][safepoint     ] Total time for which application threads were stopped: 0.0002575 seconds, Stopping threads took: 0.0000517 seconds
[2023-11-16T09:27:49.762+0000][889.814s][debug][safepoint     ] Safepoint synchronization initiated. (177 threads)
[2023-11-16T09:27:49.762+0000][889.814s][info ][safepoint     ] Application time: 1.0001497 seconds
[2023-11-16T09:27:49.762+0000][889.814s][info ][safepoint     ] Entering safepoint region: Cleanup
[2023-11-16T09:27:49.763+0000][889.815s][info ][safepoint     ] Leaving safepoint region
[2023-11-16T09:27:49.763+0000][889.815s][info ][safepoint     ] Total time for which application threads were stopped: 0.0002449 seconds, Stopping threads took: 0.0000525 seconds
[2023-11-16T09:27:50.763+0000][890.815s][debug][safepoint     ] Safepoint synchronization initiated. (177 threads)
[2023-11-16T09:27:50.763+0000][890.815s][info ][safepoint     ] Application time: 1.0001490 seconds
[2023-11-16T09:27:50.763+0000][890.815s][info ][safepoint     ] Entering safepoint region: Cleanup
[2023-11-16T09:27:50.763+0000][890.815s][info ][safepoint     ] Leaving safepoint region
[2023-11-16T09:27:50.763+0000][890.815s][info ][safepoint     ] Total time for which application threads were stopped: 0.0002467 seconds, Stopping threads took: 0.0000516 seconds
[2023-11-16T09:27:51.763+0000][891.815s][debug][safepoint     ] Safepoint synchronization initiated. (177 threads)
[2023-11-16T09:27:51.763+0000][891.815s][info ][safepoint     ] Application time: 1.0001344 seconds
[2023-11-16T09:27:51.763+0000][891.815s][info ][safepoint     ] Entering safepoint region: Cleanup
[2023-11-16T09:27:51.764+0000][891.816s][info ][safepoint     ] Leaving safepoint region
[2023-11-16T09:27:51.764+0000][891.816s][info ][safepoint     ] Total time for which application threads were stopped: 0.0003183 seconds, Stopping threads took: 0.0000529 seconds
[2023-11-16T09:27:52.764+0000][892.816s][debug][safepoint     ] Safepoint synchronization initiated. (177 threads)
[2023-11-16T09:27:52.764+0000][892.816s][info ][safepoint     ] Application time: 1.0001519 seconds
[2023-11-16T09:27:52.764+0000][892.816s][info ][safepoint     ] Entering safepoint region: Cleanup
[2023-11-16T09:27:52.765+0000][892.817s][info ][safepoint     ] Leaving safepoint region
[2023-11-16T09:27:52.765+0000][892.817s][info ][safepoint     ] Total time for which application threads were stopped: 0.0008102 seconds, Stopping threads took: 0.0005539 seconds
[2023-11-16T09:27:53.765+0000][893.817s][debug][safepoint     ] Safepoint synchronization initiated. (177 threads)
[2023-11-16T09:27:53.765+0000][893.817s][info ][safepoint     ] Application time: 1.0001385 seconds
[2023-11-16T09:27:53.765+0000][893.817s][info ][safepoint     ] Entering safepoint region: Cleanup
[2023-11-16T09:27:53.765+0000][893.817s][info ][safepoint     ] Leaving safepoint region
[2023-11-16T09:27:53.765+0000][893.817s][info ][safepoint     ] Total time for which application threads were stopped: 0.0003275 seconds, Stopping threads took: 0.0000377 seconds
[2023-11-16T09:27:54.765+0000][894.817s][debug][safepoint     ] Safepoint synchronization initiated. (177 threads)
[2023-11-16T09:27:54.765+0000][894.817s][info ][safepoint     ] Application time: 1.0001491 seconds
[2023-11-16T09:27:54.765+0000][894.817s][info ][safepoint     ] Entering safepoint region: Cleanup
[2023-11-16T09:27:54.765+0000][894.817s][info ][safepoint     ] Leaving safepoint region
[2023-11-16T09:27:54.766+0000][894.817s][info ][safepoint     ] Total time for which application threads were stopped: 0.0002537 seconds, Stopping threads took: 0.0000506 seconds
[2023-11-16T09:27:55.766+0000][895.818s][debug][safepoint     ] Safepoint synchronization initiated. (177 threads)
[2023-11-16T09:27:55.766+0000][895.818s][info ][safepoint     ] Application time: 1.0001548 seconds
[2023-11-16T09:27:55.766+0000][895.818s][debug][safepoint     ] ... found polling page return exception at pc = 0x00007f07c45961aa, stub =0x00007f07bc83a800
[2023-11-16T09:27:55.766+0000][895.818s][debug][safepoint     ] Waiting for 1 thread(s) to block
[2023-11-16T09:27:55.766+0000][895.818s][info ][safepoint     ] Entering safepoint region: Cleanup
[2023-11-16T09:27:55.766+0000][895.818s][info ][safepoint     ] Leaving safepoint region
[2023-11-16T09:27:55.766+0000][895.818s][info ][safepoint     ] Total time for which application threads were stopped: 0.0004444 seconds, Stopping threads took: 0.0001634 seconds
[2023-11-16T09:27:56.766+0000][896.818s][debug][safepoint     ] Safepoint synchronization initiated. (177 threads)
[2023-11-16T09:27:56.766+0000][896.818s][info ][safepoint     ] Application time: 1.0001344 seconds
[2023-11-16T09:27:56.766+0000][896.818s][info ][safepoint     ] Entering safepoint region: Cleanup
[2023-11-16T09:27:56.767+0000][896.819s][info ][safepoint     ] Leaving safepoint region
[2023-11-16T09:27:56.767+0000][896.819s][info ][safepoint     ] Total time for which application threads were stopped: 0.0003315 seconds, Stopping threads took: 0.0000512 seconds
[2023-11-16T09:27:57.767+0000][897.819s][debug][safepoint     ] Safepoint synchronization initiated. (177 threads)
[2023-11-16T09:27:57.767+0000][897.819s][info ][safepoint     ] Application time: 1.0001363 seconds
[2023-11-16T09:27:57.767+0000][897.819s][info ][safepoint     ] Entering safepoint region: Cleanup
[2023-11-16T09:27:57.768+0000][897.820s][info ][safepoint     ] Leaving safepoint region
[2023-11-16T09:27:57.768+0000][897.820s][info ][safepoint     ] Total time for which application threads were stopped: 0.0007573 seconds, Stopping threads took: 0.0005160 seconds
[2023-11-16T09:27:58.768+0000][898.820s][debug][safepoint     ] Safepoint synchronization initiated. (177 threads)
[2023-11-16T09:27:58.768+0000][898.820s][info ][safepoint     ] Application time: 1.0001409 seconds
[2023-11-16T09:27:58.768+0000][898.820s][info ][safepoint     ] Entering safepoint region: Cleanup
[2023-11-16T09:27:58.768+0000][898.820s][info ][safepoint     ] Leaving safepoint region
[2023-11-16T09:27:58.768+0000][898.820s][info ][safepoint     ] Total time for which application threads were stopped: 0.0003403 seconds, Stopping threads took: 0.0000523 seconds
[2023-11-16T09:27:59.768+0000][899.820s][debug][safepoint     ] Safepoint synchronization initiated. (177 threads)
[2023-11-16T09:27:59.768+0000][899.820s][info ][safepoint     ] Application time: 1.0001364 seconds
[2023-11-16T09:27:59.768+0000][899.820s][info ][safepoint     ] Entering safepoint region: Cleanup
[2023-11-16T09:27:59.769+0000][899.821s][info ][safepoint     ] Leaving safepoint region
[2023-11-16T09:27:59.769+0000][899.821s][info ][safepoint     ] Total time for which application threads were stopped: 0.0003898 seconds, Stopping threads took: 0.0000511 seconds
[2023-11-16T09:28:00.769+0000][900.821s][debug][safepoint     ] Safepoint synchronization initiated. (177 threads)
[2023-11-16T09:28:00.769+0000][900.821s][info ][safepoint     ] Application time: 1.0001546 seconds
[2023-11-16T09:28:00.769+0000][900.821s][info ][safepoint     ] Entering safepoint region: Cleanup
[2023-11-16T09:28:00.769+0000][900.821s][info ][safepoint     ] Leaving safepoint region
[2023-11-16T09:28:00.769+0000][900.821s][info ][safepoint     ] Total time for which application threads were stopped: 0.0002459 seconds, Stopping threads took: 0.0000515 seconds
[2023-11-16T09:28:01.769+0000][901.821s][debug][safepoint     ] Safepoint synchronization initiated. (177 threads)
[2023-11-16T09:28:01.769+0000][901.821s][info ][safepoint     ] Application time: 1.0001424 seconds
[2023-11-16T09:28:01.769+0000][901.821s][info ][safepoint     ] Entering safepoint region: Cleanup
[2023-11-16T09:28:01.770+0000][901.822s][info ][safepoint     ] Leaving safepoint region
[2023-11-16T09:28:01.770+0000][901.822s][info ][safepoint     ] Total time for which application threads were stopped: 0.0003204 seconds, Stopping threads took: 0.0000499 seconds
[2023-11-16T09:28:02.770+0000][902.822s][debug][safepoint     ] Safepoint synchronization initiated. (177 threads)
[2023-11-16T09:28:02.770+0000][902.822s][info ][safepoint     ] Application time: 1.0001484 seconds
[2023-11-16T09:28:02.770+0000][902.822s][info ][safepoint     ] Entering safepoint region: Cleanup
[2023-11-16T09:28:02.770+0000][902.822s][info ][safepoint     ] Leaving safepoint region
[2023-11-16T09:28:02.770+0000][902.822s][info ][safepoint     ] Total time for which application threads were stopped: 0.0002406 seconds, Stopping threads took: 0.0000515 seconds
[2023-11-16T09:28:03.770+0000][903.822s][debug][safepoint     ] Safepoint synchronization initiated. (177 threads)
[2023-11-16T09:28:03.770+0000][903.822s][info ][safepoint     ] Application time: 1.0001513 seconds
[2023-11-16T09:28:03.770+0000][903.822s][info ][safepoint     ] Entering safepoint region: Cleanup
[2023-11-16T09:28:03.770+0000][903.822s][info ][safepoint     ] Leaving safepoint region
[2023-11-16T09:28:03.770+0000][903.822s][info ][safepoint     ] Total time for which application threads were stopped: 0.0002443 seconds, Stopping threads took: 0.0000506 seconds
[2023-11-16T09:28:04.771+0000][904.823s][debug][safepoint     ] Safepoint synchronization initiated. (177 threads)
[2023-11-16T09:28:04.771+0000][904.823s][info ][safepoint     ] Application time: 1.0001507 seconds
[2023-11-16T09:28:04.771+0000][904.823s][info ][safepoint     ] Entering safepoint region: Cleanup
[2023-11-16T09:28:04.771+0000][904.823s][info ][safepoint     ] Leaving safepoint region
[2023-11-16T09:28:04.771+0000][904.823s][info ][safepoint     ] Total time for which application threads were stopped: 0.0002925 seconds, Stopping threads took: 0.0000517 seconds
[2023-11-16T09:28:05.771+0000][905.823s][debug][safepoint     ] Safepoint synchronization initiated. (177 threads)
[2023-11-16T09:28:05.771+0000][905.823s][info ][safepoint     ] Application time: 1.0001548 seconds
[2023-11-16T09:28:05.771+0000][905.823s][info ][safepoint     ] Entering safepoint region: Cleanup
[2023-11-16T09:28:05.771+0000][905.823s][info ][safepoint     ] Leaving safepoint region
[2023-11-16T09:28:05.771+0000][905.823s][info ][safepoint     ] Total time for which application threads were stopped: 0.0002949 seconds, Stopping threads took: 0.0000520 seconds
[2023-11-16T09:28:06.771+0000][906.823s][debug][safepoint     ] Safepoint synchronization initiated. (177 threads)
[2023-11-16T09:28:06.772+0000][906.824s][info ][safepoint     ] Application time: 1.0001122 seconds
[2023-11-16T09:28:06.772+0000][906.824s][info ][safepoint     ] Entering safepoint region: Cleanup
[2023-11-16T09:28:06.772+0000][906.824s][info ][safepoint     ] Leaving safepoint region
[2023-11-16T09:28:06.772+0000][906.824s][info ][safepoint     ] Total time for which application threads were stopped: 0.0002483 seconds, Stopping threads took: 0.0000521 seconds
[2023-11-16T09:28:07.772+0000][907.824s][debug][safepoint     ] Safepoint synchronization initiated. (177 threads)
[2023-11-16T09:28:07.772+0000][907.824s][info ][safepoint     ] Application time: 1.0001469 seconds
[2023-11-16T09:28:07.772+0000][907.824s][info ][safepoint     ] Entering safepoint region: Cleanup
[2023-11-16T09:28:07.772+0000][907.824s][info ][safepoint     ] Leaving safepoint region
[2023-11-16T09:28:07.772+0000][907.824s][info ][safepoint     ] Total time for which application threads were stopped: 0.0002475 seconds, Stopping threads took: 0.0000512 seconds
[2023-11-16T09:28:08.772+0000][908.824s][debug][safepoint     ] Safepoint synchronization initiated. (177 threads)
[2023-11-16T09:28:08.772+0000][908.824s][info ][safepoint     ] Application time: 1.0001614 seconds
[2023-11-16T09:28:08.772+0000][908.824s][info ][safepoint     ] Entering safepoint region: Cleanup
[2023-11-16T09:28:08.773+0000][908.825s][info ][safepoint     ] Leaving safepoint region
[2023-11-16T09:28:08.773+0000][908.825s][info ][safepoint     ] Total time for which application threads were stopped: 0.0003447 seconds, Stopping threads took: 0.0000512 seconds
[2023-11-16T09:28:09.773+0000][909.825s][debug][safepoint     ] Safepoint synchronization initiated. (177 threads)
[2023-11-16T09:28:09.773+0000][909.825s][info ][safepoint     ] Application time: 1.0001680 seconds
[2023-11-16T09:28:09.773+0000][909.825s][info ][safepoint     ] Entering safepoint region: Cleanup
[2023-11-16T09:28:09.773+0000][909.825s][info ][safepoint     ] Leaving safepoint region
[2023-11-16T09:28:09.773+0000][909.825s][info ][safepoint     ] Total time for which application threads were stopped: 0.0003118 seconds, Stopping threads took: 0.0000538 seconds
[2023-11-16T09:28:10.773+0000][910.825s][debug][safepoint     ] Safepoint synchronization initiated. (177 threads)
[2023-11-16T09:28:10.773+0000][910.825s][info ][safepoint     ] Application time: 1.0001668 seconds
[2023-11-16T09:28:10.774+0000][910.825s][info ][safepoint     ] Entering safepoint region: Cleanup
[2023-11-16T09:28:10.774+0000][910.826s][info ][safepoint     ] Leaving safepoint region
[2023-11-16T09:28:10.774+0000][910.826s][info ][safepoint     ] Total time for which application threads were stopped: 0.0002449 seconds, Stopping threads took: 0.0000504 seconds
[2023-11-16T09:28:11.774+0000][911.826s][debug][safepoint     ] Safepoint synchronization initiated. (177 threads)
[2023-11-16T09:28:11.774+0000][911.826s][info ][safepoint     ] Application time: 1.0001557 seconds
[2023-11-16T09:28:11.774+0000][911.826s][info ][safepoint     ] Entering safepoint region: Cleanup
[2023-11-16T09:28:11.774+0000][911.826s][info ][safepoint     ] Leaving safepoint region
[2023-11-16T09:28:11.774+0000][911.826s][info ][safepoint     ] Total time for which application threads were stopped: 0.0002472 seconds, Stopping threads took: 0.0000514 seconds
[2023-11-16T09:28:12.774+0000][912.826s][debug][safepoint     ] Safepoint synchronization initiated. (177 threads)
[2023-11-16T09:28:12.774+0000][912.826s][info ][safepoint     ] Application time: 1.0001707 seconds
[2023-11-16T09:28:12.774+0000][912.826s][info ][safepoint     ] Entering safepoint region: Cleanup
[2023-11-16T09:28:12.775+0000][912.827s][info ][safepoint     ] Leaving safepoint region
[2023-11-16T09:28:12.775+0000][912.827s][info ][safepoint     ] Total time for which application threads were stopped: 0.0008688 seconds, Stopping threads took: 0.0005830 seconds
[2023-11-16T09:28:13.775+0000][913.827s][debug][safepoint     ] Safepoint synchronization initiated. (177 threads)
[2023-11-16T09:28:13.775+0000][913.827s][info ][safepoint     ] Application time: 1.0001502 seconds
[2023-11-16T09:28:13.776+0000][913.827s][info ][safepoint     ] Entering safepoint region: Cleanup
[2023-11-16T09:28:13.776+0000][913.828s][info ][safepoint     ] Leaving safepoint region
[2023-11-16T09:28:13.776+0000][913.828s][info ][safepoint     ] Total time for which application threads were stopped: 0.0002468 seconds, Stopping threads took: 0.0000531 seconds
[2023-11-16T09:28:14.776+0000][914.828s][debug][safepoint     ] Safepoint synchronization initiated. (177 threads)
[2023-11-16T09:28:14.776+0000][914.828s][info ][safepoint     ] Application time: 1.0001515 seconds
[2023-11-16T09:28:14.776+0000][914.828s][info ][safepoint     ] Entering safepoint region: Cleanup
[2023-11-16T09:28:14.776+0000][914.828s][info ][safepoint     ] Leaving safepoint region
[2023-11-16T09:28:14.776+0000][914.828s][info ][safepoint     ] Total time for which application threads were stopped: 0.0003436 seconds, Stopping threads took: 0.0000511 seconds
[2023-11-16T09:28:15.776+0000][915.828s][debug][safepoint     ] Safepoint synchronization initiated. (177 threads)
[2023-11-16T09:28:15.776+0000][915.828s][info ][safepoint     ] Application time: 1.0001655 seconds
[2023-11-16T09:28:15.776+0000][915.828s][info ][safepoint     ] Entering safepoint region: Cleanup
[2023-11-16T09:28:15.777+0000][915.829s][info ][safepoint     ] Leaving safepoint region
[2023-11-16T09:28:15.777+0000][915.829s][info ][safepoint     ] Total time for which application threads were stopped: 0.0002564 seconds, Stopping threads took: 0.0000520 seconds
[2023-11-16T09:28:16.777+0000][916.829s][debug][safepoint     ] Safepoint synchronization initiated. (177 threads)
[2023-11-16T09:28:16.777+0000][916.829s][info ][safepoint     ] Application time: 1.0001613 seconds
[2023-11-16T09:28:16.777+0000][916.829s][info ][safepoint     ] Entering safepoint region: Cleanup
[2023-11-16T09:28:16.777+0000][916.829s][info ][safepoint     ] Leaving safepoint region
[2023-11-16T09:28:16.777+0000][916.829s][info ][safepoint     ] Total time for which application threads were stopped: 0.0002709 seconds, Stopping threads took: 0.0000514 seconds
[2023-11-16T09:28:16.777+0000][916.829s][debug][safepoint     ] ... found polling page return exception at pc = 0x00007f07c441fb82, stub =0x00007f07bc83a800
[2023-11-16T09:28:16.777+0000][916.829s][debug][safepoint     ] ... found polling page return exception at pc = 0x00007f07c441fb82, stub =0x00007f07bc83a800
[2023-11-16T09:28:16.777+0000][916.829s][debug][safepoint     ] ... found polling page return exception at pc = 0x00007f07c441fb82, stub =0x00007f07bc83a800
[2023-11-16T09:28:17.777+0000][917.829s][debug][safepoint     ] Safepoint synchronization initiated. (177 threads)
[2023-11-16T09:28:17.777+0000][917.829s][info ][safepoint     ] Application time: 1.0001599 seconds
[2023-11-16T09:28:17.777+0000][917.829s][info ][safepoint     ] Entering safepoint region: Cleanup
[2023-11-16T09:28:17.778+0000][917.830s][info ][safepoint     ] Leaving safepoint region
[2023-11-16T09:28:17.778+0000][917.830s][info ][safepoint     ] Total time for which application threads were stopped: 0.0007588 seconds, Stopping threads took: 0.0005060 seconds
[2023-11-16T09:28:18.778+0000][918.830s][debug][safepoint     ] Safepoint synchronization initiated. (177 threads)
[2023-11-16T09:28:18.778+0000][918.830s][info ][safepoint     ] Application time: 1.0002003 seconds
[2023-11-16T09:28:18.778+0000][918.830s][info ][safepoint     ] Entering safepoint region: Cleanup
[2023-11-16T09:28:18.779+0000][918.831s][info ][safepoint     ] Leaving safepoint region
[2023-11-16T09:28:18.779+0000][918.831s][info ][safepoint     ] Total time for which application threads were stopped: 0.0003474 seconds, Stopping threads took: 0.0000529 seconds
[2023-11-16T09:28:19.779+0000][919.831s][debug][safepoint     ] Safepoint synchronization initiated. (177 threads)
[2023-11-16T09:28:19.779+0000][919.831s][info ][safepoint     ] Application time: 1.0001664 seconds
[2023-11-16T09:28:19.779+0000][919.831s][info ][safepoint     ] Entering safepoint region: Cleanup
[2023-11-16T09:28:19.779+0000][919.831s][info ][safepoint     ] Leaving safepoint region
[2023-11-16T09:28:19.779+0000][919.831s][info ][safepoint     ] Total time for which application threads were stopped: 0.0003464 seconds, Stopping threads took: 0.0000529 seconds
[2023-11-16T09:28:20.779+0000][920.831s][debug][safepoint     ] Safepoint synchronization initiated. (177 threads)
[2023-11-16T09:28:20.779+0000][920.831s][info ][safepoint     ] Application time: 1.0001912 seconds
[2023-11-16T09:28:20.780+0000][920.831s][info ][safepoint     ] Entering safepoint region: Cleanup
[2023-11-16T09:28:20.780+0000][920.832s][info ][safepoint     ] Leaving safepoint region
[2023-11-16T09:28:20.780+0000][920.832s][info ][safepoint     ] Total time for which application threads were stopped: 0.0003451 seconds, Stopping threads took: 0.0000536 seconds
[2023-11-16T09:28:21.780+0000][921.832s][debug][safepoint     ] Safepoint synchronization initiated. (177 threads)
[2023-11-16T09:28:21.780+0000][921.832s][info ][safepoint     ] Application time: 1.0001507 seconds
[2023-11-16T09:28:21.780+0000][921.832s][info ][safepoint     ] Entering safepoint region: Cleanup
[2023-11-16T09:28:21.780+0000][921.832s][info ][safepoint     ] Leaving safepoint region
[2023-11-16T09:28:21.780+0000][921.832s][info ][safepoint     ] Total time for which application threads were stopped: 0.0003457 seconds, Stopping threads took: 0.0000525 seconds
[2023-11-16T09:28:22.780+0000][922.832s][debug][safepoint     ] Safepoint synchronization initiated. (177 threads)
[2023-11-16T09:28:22.781+0000][922.833s][info ][safepoint     ] Application time: 1.0001576 seconds
[2023-11-16T09:28:22.781+0000][922.833s][info ][safepoint     ] Entering safepoint region: Cleanup
[2023-11-16T09:28:22.781+0000][922.833s][info ][safepoint     ] Leaving safepoint region
[2023-11-16T09:28:22.781+0000][922.833s][info ][safepoint     ] Total time for which application threads were stopped: 0.0008468 seconds, Stopping threads took: 0.0005971 seconds
[2023-11-16T09:28:23.782+0000][923.834s][debug][safepoint     ] Safepoint synchronization initiated. (177 threads)
[2023-11-16T09:28:23.782+0000][923.834s][info ][safepoint     ] Application time: 1.0001753 seconds
[2023-11-16T09:28:23.782+0000][923.834s][info ][safepoint     ] Entering safepoint region: Cleanup
[2023-11-16T09:28:23.782+0000][923.834s][info ][safepoint     ] Leaving safepoint region
[2023-11-16T09:28:23.782+0000][923.834s][info ][safepoint     ] Total time for which application threads were stopped: 0.0003420 seconds, Stopping threads took: 0.0000525 seconds
[2023-11-16T09:28:24.782+0000][924.834s][debug][safepoint     ] Safepoint synchronization initiated. (177 threads)
[2023-11-16T09:28:24.782+0000][924.834s][info ][safepoint     ] Application time: 1.0001676 seconds
[2023-11-16T09:28:24.782+0000][924.834s][info ][safepoint     ] Entering safepoint region: Cleanup
[2023-11-16T09:28:24.782+0000][924.834s][info ][safepoint     ] Leaving safepoint region
[2023-11-16T09:28:24.782+0000][924.834s][info ][safepoint     ] Total time for which application threads were stopped: 0.0002876 seconds, Stopping threads took: 0.0000526 seconds
[2023-11-16T09:28:24.782+0000][924.834s][debug][safepoint     ] ... found polling page return exception at pc = 0x00007f07c441fb82, stub =0x00007f07bc83a800
[2023-11-16T09:28:25.783+0000][925.835s][debug][safepoint     ] Safepoint synchronization initiated. (177 threads)
[2023-11-16T09:28:25.783+0000][925.835s][info ][safepoint     ] Application time: 1.0001713 seconds
[2023-11-16T09:28:25.783+0000][925.835s][info ][safepoint     ] Entering safepoint region: Cleanup
[2023-11-16T09:28:25.783+0000][925.835s][info ][safepoint     ] Leaving safepoint region
[2023-11-16T09:28:25.783+0000][925.835s][info ][safepoint     ] Total time for which application threads were stopped: 0.0002524 seconds, Stopping threads took: 0.0000509 seconds
[2023-11-16T09:28:26.783+0000][926.835s][debug][safepoint     ] Safepoint synchronization initiated. (177 threads)
[2023-11-16T09:28:26.783+0000][926.835s][info ][safepoint     ] Application time: 1.0001659 seconds
[2023-11-16T09:28:26.783+0000][926.835s][info ][safepoint     ] Entering safepoint region: Cleanup
[2023-11-16T09:28:26.783+0000][926.835s][info ][safepoint     ] Leaving safepoint region
[2023-11-16T09:28:26.783+0000][926.835s][info ][safepoint     ] Total time for which application threads were stopped: 0.0002898 seconds, Stopping threads took: 0.0000500 seconds
[2023-11-16T09:28:27.784+0000][927.835s][debug][safepoint     ] Safepoint synchronization initiated. (177 threads)
[2023-11-16T09:28:27.784+0000][927.836s][info ][safepoint     ] Application time: 1.0001506 seconds
[2023-11-16T09:28:27.784+0000][927.836s][info ][safepoint     ] Entering safepoint region: Cleanup
[2023-11-16T09:28:27.784+0000][927.836s][info ][safepoint     ] Leaving safepoint region
[2023-11-16T09:28:27.784+0000][927.836s][info ][safepoint     ] Total time for which application threads were stopped: 0.0006949 seconds, Stopping threads took: 0.0004936 seconds
[2023-11-16T09:28:40.785+0000][940.837s][debug][safepoint     ] Safepoint synchronization initiated. (176 threads)
[2023-11-16T09:28:40.785+0000][940.837s][info ][safepoint     ] Application time: 13.0011795 seconds
[2023-11-16T09:28:40.786+0000][940.837s][info ][safepoint     ] Entering safepoint region: Cleanup
[2023-11-16T09:28:40.786+0000][940.838s][info ][safepoint     ] Leaving safepoint region
[2023-11-16T09:28:40.786+0000][940.838s][info ][safepoint     ] Total time for which application threads were stopped: 0.0003514 seconds, Stopping threads took: 0.0000510 seconds
[2023-11-16T09:28:44.786+0000][944.838s][debug][safepoint     ] Safepoint synchronization initiated. (175 threads)
[2023-11-16T09:28:44.786+0000][944.838s][info ][safepoint     ] Application time: 4.0004207 seconds
[2023-11-16T09:28:44.786+0000][944.838s][info ][safepoint     ] Entering safepoint region: Cleanup
[2023-11-16T09:28:44.787+0000][944.839s][info ][safepoint     ] Leaving safepoint region
[2023-11-16T09:28:44.787+0000][944.839s][info ][safepoint     ] Total time for which application threads were stopped: 0.0003599 seconds, Stopping threads took: 0.0000519 seconds
[2023-11-16T09:28:53.788+0000][953.839s][debug][safepoint     ] Safepoint synchronization initiated. (175 threads)
[2023-11-16T09:28:53.788+0000][953.840s][info ][safepoint     ] Application time: 9.0009000 seconds
[2023-11-16T09:28:53.788+0000][953.840s][info ][safepoint     ] Entering safepoint region: Cleanup
[2023-11-16T09:28:53.788+0000][953.840s][info ][safepoint     ] Leaving safepoint region
[2023-11-16T09:28:53.788+0000][953.840s][info ][safepoint     ] Total time for which application threads were stopped: 0.0002945 seconds, Stopping threads took: 0.0000544 seconds
[2023-11-16T09:29:03.789+0000][963.841s][debug][safepoint     ] Safepoint synchronization initiated. (175 threads)
[2023-11-16T09:29:03.789+0000][963.841s][info ][safepoint     ] Application time: 10.0009029 seconds
[2023-11-16T09:29:03.789+0000][963.841s][info ][safepoint     ] Entering safepoint region: Cleanup
[2023-11-16T09:29:03.789+0000][963.841s][info ][safepoint     ] Leaving safepoint region
[2023-11-16T09:29:03.789+0000][963.841s][info ][safepoint     ] Total time for which application threads were stopped: 0.0002834 seconds, Stopping threads took: 0.0000509 seconds
[2023-11-16T09:29:45.793+0000][1005.845s][debug][safepoint     ] Safepoint synchronization initiated. (173 threads)
[2023-11-16T09:29:45.793+0000][1005.845s][info ][safepoint     ] Application time: 42.0037329 seconds
[2023-11-16T09:29:45.793+0000][1005.845s][info ][safepoint     ] Entering safepoint region: Cleanup
[2023-11-16T09:29:45.793+0000][1005.845s][info ][safepoint     ] Leaving safepoint region
[2023-11-16T09:29:45.793+0000][1005.845s][info ][safepoint     ] Total time for which application threads were stopped: 0.0002517 seconds, Stopping threads took: 0.0000510 seconds
[2023-11-16T09:29:54.794+0000][1014.846s][debug][safepoint     ] Safepoint synchronization initiated. (173 threads)
[2023-11-16T09:29:54.794+0000][1014.846s][info ][safepoint     ] Application time: 9.0008567 seconds
[2023-11-16T09:29:54.794+0000][1014.846s][info ][safepoint     ] Entering safepoint region: Cleanup
[2023-11-16T09:29:54.794+0000][1014.846s][info ][safepoint     ] Leaving safepoint region
[2023-11-16T09:29:54.794+0000][1014.846s][info ][safepoint     ] Total time for which application threads were stopped: 0.0002559 seconds, Stopping threads took: 0.0000485 seconds
[2023-11-16T09:30:24.797+0000][1044.849s][debug][safepoint     ] Safepoint synchronization initiated. (173 threads)
[2023-11-16T09:30:24.797+0000][1044.849s][info ][safepoint     ] Application time: 30.0026093 seconds
[2023-11-16T09:30:24.797+0000][1044.849s][info ][safepoint     ] Entering safepoint region: Cleanup
[2023-11-16T09:30:24.797+0000][1044.849s][info ][safepoint     ] Leaving safepoint region
[2023-11-16T09:30:24.797+0000][1044.849s][info ][safepoint     ] Total time for which application threads were stopped: 0.0003391 seconds, Stopping threads took: 0.0000499 seconds
[2023-11-16T09:30:30.798+0000][1050.850s][debug][safepoint     ] Safepoint synchronization initiated. (173 threads)
[2023-11-16T09:30:30.798+0000][1050.850s][info ][safepoint     ] Application time: 6.0006232 seconds
[2023-11-16T09:30:30.798+0000][1050.850s][info ][safepoint     ] Entering safepoint region: Cleanup
[2023-11-16T09:30:30.798+0000][1050.850s][info ][safepoint     ] Leaving safepoint region
[2023-11-16T09:30:30.798+0000][1050.850s][info ][safepoint     ] Total time for which application threads were stopped: 0.0003255 seconds, Stopping threads took: 0.0000512 seconds
[2023-11-16T09:30:44.800+0000][1064.851s][debug][safepoint     ] Safepoint synchronization initiated. (172 threads)
[2023-11-16T09:30:44.800+0000][1064.852s][info ][safepoint     ] Application time: 14.0012987 seconds
[2023-11-16T09:30:44.800+0000][1064.852s][info ][safepoint     ] Entering safepoint region: Cleanup
[2023-11-16T09:30:44.800+0000][1064.852s][info ][safepoint     ] Leaving safepoint region
[2023-11-16T09:30:44.800+0000][1064.852s][info ][safepoint     ] Total time for which application threads were stopped: 0.0002578 seconds, Stopping threads took: 0.0000508 seconds
[2023-11-16T09:30:55.801+0000][1075.853s][debug][safepoint     ] Safepoint synchronization initiated. (172 threads)
[2023-11-16T09:30:55.801+0000][1075.853s][info ][safepoint     ] Application time: 11.0010271 seconds
[2023-11-16T09:30:55.801+0000][1075.853s][info ][safepoint     ] Entering safepoint region: Cleanup
[2023-11-16T09:30:55.801+0000][1075.853s][info ][safepoint     ] Leaving safepoint region
[2023-11-16T09:30:55.801+0000][1075.853s][info ][safepoint     ] Total time for which application threads were stopped: 0.0003200 seconds, Stopping threads took: 0.0000491 seconds
[2023-11-16T09:31:45.806+0000][1125.858s][debug][safepoint     ] Safepoint synchronization initiated. (171 threads)
[2023-11-16T09:31:45.806+0000][1125.858s][info ][safepoint     ] Application time: 50.0044502 seconds
[2023-11-16T09:31:45.806+0000][1125.858s][info ][safepoint     ] Entering safepoint region: Cleanup
[2023-11-16T09:31:45.806+0000][1125.858s][info ][safepoint     ] Leaving safepoint region
[2023-11-16T09:31:45.806+0000][1125.858s][info ][safepoint     ] Total time for which application threads were stopped: 0.0003257 seconds, Stopping threads took: 0.0000501 seconds
[2023-11-16T09:32:28.996+0000][1169.048s][debug][safepoint     ] Safepoint synchronization initiated. (171 threads)
[2023-11-16T09:32:28.996+0000][1169.048s][info ][safepoint     ] Application time: 43.1898868 seconds
[2023-11-16T09:32:28.996+0000][1169.048s][info ][safepoint     ] Entering safepoint region: G1CollectForAllocation
[2023-11-16T09:32:28.996+0000][1169.048s][info ][gc,start      ] GC(42) Pause Young (Normal) (G1 Evacuation Pause)
[2023-11-16T09:32:28.996+0000][1169.048s][info ][gc,task       ] GC(42) Using 4 workers of 4 for evacuation
[2023-11-16T09:32:29.029+0000][1169.081s][info ][gc,phases     ] GC(42)   Pre Evacuate Collection Set: 0.0ms
[2023-11-16T09:32:29.029+0000][1169.081s][info ][gc,phases     ] GC(42)   Evacuate Collection Set: 27.0ms
[2023-11-16T09:32:29.029+0000][1169.081s][info ][gc,phases     ] GC(42)   Post Evacuate Collection Set: 5.2ms
[2023-11-16T09:32:29.029+0000][1169.081s][info ][gc,phases     ] GC(42)   Other: 0.4ms
[2023-11-16T09:32:29.029+0000][1169.081s][info ][gc,heap       ] GC(42) Eden regions: 437->0(438)
[2023-11-16T09:32:29.029+0000][1169.081s][info ][gc,heap       ] GC(42) Survivor regions: 29->28(59)
[2023-11-16T09:32:29.029+0000][1169.081s][info ][gc,heap       ] GC(42) Old regions: 124->124
[2023-11-16T09:32:29.029+0000][1169.081s][info ][gc,heap       ] GC(42) Humongous regions: 0->0
[2023-11-16T09:32:29.029+0000][1169.081s][info ][gc,metaspace  ] GC(42) Metaspace: 160921K(166364K)->160921K(166364K) NonClass: 142242K(145580K)->142242K(145580K) Class: 18678K(20784K)->18678K(20784K)
[2023-11-16T09:32:29.029+0000][1169.081s][info ][gc            ] GC(42) Pause Young (Normal) (G1 Evacuation Pause) 587M->149M(777M) 32.683ms
[2023-11-16T09:32:29.029+0000][1169.081s][info ][gc,cpu        ] GC(42) User=0.10s Sys=0.00s Real=0.04s
[2023-11-16T09:32:29.029+0000][1169.081s][info ][safepoint     ] Leaving safepoint region
[2023-11-16T09:32:29.029+0000][1169.081s][info ][safepoint     ] Total time for which application threads were stopped: 0.0330398 seconds, Stopping threads took: 0.0000511 seconds
[2023-11-16T09:32:29.029+0000][1169.081s][info ][gc,stringdedup] Concurrent String Deduplication (1169.081s)
[2023-11-16T09:32:29.033+0000][1169.085s][info ][gc,stringdedup] Concurrent String Deduplication 624.5K->332.2K(292.3K) avg 53.6% (1169.081s, 1169.085s) 4.313ms
[2023-11-16T09:32:30.029+0000][1170.081s][debug][safepoint     ] Safepoint synchronization initiated. (171 threads)
[2023-11-16T09:32:30.029+0000][1170.081s][info ][safepoint     ] Application time: 1.0001561 seconds
[2023-11-16T09:32:30.029+0000][1170.081s][info ][safepoint     ] Entering safepoint region: Cleanup
[2023-11-16T09:32:30.029+0000][1170.081s][info ][safepoint     ] Leaving safepoint region
[2023-11-16T09:32:30.030+0000][1170.081s][info ][safepoint     ] Total time for which application threads were stopped: 0.0002869 seconds, Stopping threads took: 0.0000365 seconds
[2023-11-16T09:32:36.030+0000][1176.082s][debug][safepoint     ] Safepoint synchronization initiated. (171 threads)
[2023-11-16T09:32:36.030+0000][1176.082s][info ][safepoint     ] Application time: 6.0005186 seconds
[2023-11-16T09:32:36.030+0000][1176.082s][info ][safepoint     ] Entering safepoint region: Cleanup
[2023-11-16T09:32:36.030+0000][1176.082s][info ][safepoint     ] Leaving safepoint region
[2023-11-16T09:32:36.030+0000][1176.082s][info ][safepoint     ] Total time for which application threads were stopped: 0.0001919 seconds, Stopping threads took: 0.0000398 seconds
[2023-11-16T09:32:42.031+0000][1182.083s][debug][safepoint     ] Safepoint synchronization initiated. (171 threads)
[2023-11-16T09:32:42.031+0000][1182.083s][info ][safepoint     ] Application time: 6.0005464 seconds
[2023-11-16T09:32:42.031+0000][1182.083s][info ][safepoint     ] Entering safepoint region: Cleanup
[2023-11-16T09:32:42.031+0000][1182.083s][info ][safepoint     ] Leaving safepoint region
[2023-11-16T09:32:42.031+0000][1182.083s][info ][safepoint     ] Total time for which application threads were stopped: 0.0001992 seconds, Stopping threads took: 0.0000373 seconds
[2023-11-16T09:32:45.031+0000][1185.083s][debug][safepoint     ] Safepoint synchronization initiated. (170 threads)
[2023-11-16T09:32:45.031+0000][1185.083s][info ][safepoint     ] Application time: 3.0003221 seconds
[2023-11-16T09:32:45.031+0000][1185.083s][info ][safepoint     ] Entering safepoint region: Cleanup
[2023-11-16T09:32:45.032+0000][1185.083s][info ][safepoint     ] Leaving safepoint region
[2023-11-16T09:32:45.032+0000][1185.084s][info ][safepoint     ] Total time for which application threads were stopped: 0.0002059 seconds, Stopping threads took: 0.0000380 seconds
[2023-11-16T09:33:36.199+0000][1236.251s][debug][safepoint     ] Safepoint synchronization initiated. (170 threads)
[2023-11-16T09:33:36.199+0000][1236.251s][info ][safepoint     ] Application time: 51.1673517 seconds
[2023-11-16T09:33:36.199+0000][1236.251s][debug][safepoint     ] Waiting for 1 thread(s) to block
[2023-11-16T09:33:36.199+0000][1236.251s][info ][safepoint     ] Entering safepoint region: Deoptimize
[2023-11-16T09:33:36.201+0000][1236.253s][info ][safepoint     ] Leaving safepoint region
[2023-11-16T09:33:36.201+0000][1236.253s][info ][safepoint     ] Total time for which application threads were stopped: 0.0023297 seconds, Stopping threads took: 0.0001533 seconds
[2023-11-16T09:33:37.201+0000][1237.253s][debug][safepoint     ] Safepoint synchronization initiated. (170 threads)
[2023-11-16T09:33:37.202+0000][1237.254s][info ][safepoint     ] Application time: 1.0002715 seconds
[2023-11-16T09:33:37.202+0000][1237.254s][info ][safepoint     ] Entering safepoint region: Cleanup
[2023-11-16T09:33:37.202+0000][1237.254s][info ][safepoint     ] Leaving safepoint region
[2023-11-16T09:33:37.202+0000][1237.254s][info ][safepoint     ] Total time for which application threads were stopped: 0.0002496 seconds, Stopping threads took: 0.0000504 seconds
[2023-11-16T09:33:45.203+0000][1245.255s][debug][safepoint     ] Safepoint synchronization initiated. (168 threads)
[2023-11-16T09:33:45.203+0000][1245.255s][info ][safepoint     ] Application time: 8.0007904 seconds
[2023-11-16T09:33:45.203+0000][1245.255s][info ][safepoint     ] Entering safepoint region: Cleanup
[2023-11-16T09:33:45.203+0000][1245.255s][info ][safepoint     ] Leaving safepoint region
[2023-11-16T09:33:45.203+0000][1245.255s][info ][safepoint     ] Total time for which application threads were stopped: 0.0002552 seconds, Stopping threads took: 0.0000520 seconds
[2023-11-16T09:33:58.204+0000][1258.256s][debug][safepoint     ] Safepoint synchronization initiated. (168 threads)
[2023-11-16T09:33:58.204+0000][1258.256s][info ][safepoint     ] Application time: 13.0011812 seconds
[2023-11-16T09:33:58.204+0000][1258.256s][info ][safepoint     ] Entering safepoint region: Cleanup
[2023-11-16T09:33:58.204+0000][1258.256s][info ][safepoint     ] Leaving safepoint region
[2023-11-16T09:33:58.204+0000][1258.256s][info ][safepoint     ] Total time for which application threads were stopped: 0.0002756 seconds, Stopping threads took: 0.0000512 seconds
[2023-11-16T09:33:59.205+0000][1259.256s][debug][safepoint     ] Safepoint synchronization initiated. (168 threads)
[2023-11-16T09:33:59.205+0000][1259.257s][info ][safepoint     ] Application time: 1.0001581 seconds
[2023-11-16T09:33:59.205+0000][1259.257s][info ][safepoint     ] Entering safepoint region: Cleanup
[2023-11-16T09:33:59.205+0000][1259.257s][info ][safepoint     ] Leaving safepoint region
[2023-11-16T09:33:59.205+0000][1259.257s][info ][safepoint     ] Total time for which application threads were stopped: 0.0002694 seconds, Stopping threads took: 0.0000523 seconds
[2023-11-16T09:34:49.209+0000][1309.261s][debug][safepoint     ] Safepoint synchronization initiated. (170 threads)
[2023-11-16T09:34:49.209+0000][1309.261s][info ][safepoint     ] Application time: 50.0044611 seconds
[2023-11-16T09:34:49.209+0000][1309.261s][info ][safepoint     ] Entering safepoint region: Cleanup
[2023-11-16T09:34:49.210+0000][1309.262s][info ][safepoint     ] Leaving safepoint region
[2023-11-16T09:34:49.210+0000][1309.262s][info ][safepoint     ] Total time for which application threads were stopped: 0.0003668 seconds, Stopping threads took: 0.0000488 seconds
[2023-11-16T09:34:58.211+0000][1318.263s][debug][safepoint     ] Safepoint synchronization initiated. (170 threads)
[2023-11-16T09:34:58.211+0000][1318.263s][info ][safepoint     ] Application time: 9.0009193 seconds
[2023-11-16T09:34:58.211+0000][1318.263s][info ][safepoint     ] Entering safepoint region: Cleanup
[2023-11-16T09:34:58.211+0000][1318.263s][info ][safepoint     ] Leaving safepoint region
[2023-11-16T09:34:58.211+0000][1318.263s][info ][safepoint     ] Total time for which application threads were stopped: 0.0003446 seconds, Stopping threads took: 0.0000514 seconds
[2023-11-16T09:35:28.214+0000][1348.266s][debug][safepoint     ] Safepoint synchronization initiated. (170 threads)
[2023-11-16T09:35:28.214+0000][1348.266s][info ][safepoint     ] Application time: 30.0029231 seconds
[2023-11-16T09:35:28.214+0000][1348.266s][info ][safepoint     ] Entering safepoint region: Cleanup
[2023-11-16T09:35:28.214+0000][1348.266s][info ][safepoint     ] Leaving safepoint region
[2023-11-16T09:35:28.214+0000][1348.266s][info ][safepoint     ] Total time for which application threads were stopped: 0.0003426 seconds, Stopping threads took: 0.0000509 seconds
[2023-11-16T09:35:45.216+0000][1365.268s][debug][safepoint     ] Safepoint synchronization initiated. (169 threads)
[2023-11-16T09:35:45.216+0000][1365.268s][info ][safepoint     ] Application time: 17.0016683 seconds
[2023-11-16T09:35:45.216+0000][1365.268s][info ][safepoint     ] Entering safepoint region: Cleanup
[2023-11-16T09:35:45.216+0000][1365.268s][info ][safepoint     ] Leaving safepoint region
[2023-11-16T09:35:45.216+0000][1365.268s][info ][safepoint     ] Total time for which application threads were stopped: 0.0003470 seconds, Stopping threads took: 0.0000520 seconds
[2023-11-16T09:36:45.222+0000][1425.274s][debug][safepoint     ] Safepoint synchronization initiated. (168 threads)
[2023-11-16T09:36:45.222+0000][1425.274s][info ][safepoint     ] Application time: 60.0055925 seconds
[2023-11-16T09:36:45.222+0000][1425.274s][info ][safepoint     ] Entering safepoint region: Cleanup
[2023-11-16T09:36:45.222+0000][1425.274s][info ][safepoint     ] Leaving safepoint region
[2023-11-16T09:36:45.222+0000][1425.274s][info ][safepoint     ] Total time for which application threads were stopped: 0.0003502 seconds, Stopping threads took: 0.0000525 seconds
[2023-11-16T09:36:49.223+0000][1429.275s][debug][safepoint     ] Safepoint synchronization initiated. (168 threads)
[2023-11-16T09:36:49.223+0000][1429.275s][info ][safepoint     ] Application time: 4.0004729 seconds
[2023-11-16T09:36:49.223+0000][1429.275s][info ][safepoint     ] Entering safepoint region: Cleanup
[2023-11-16T09:36:49.223+0000][1429.275s][info ][safepoint     ] Leaving safepoint region
[2023-11-16T09:36:49.223+0000][1429.275s][info ][safepoint     ] Total time for which application threads were stopped: 0.0003410 seconds, Stopping threads took: 0.0000504 seconds
[2023-11-16T09:37:02.224+0000][1442.276s][debug][safepoint     ] Safepoint synchronization initiated. (168 threads)
[2023-11-16T09:37:02.224+0000][1442.276s][info ][safepoint     ] Application time: 13.0011115 seconds
[2023-11-16T09:37:02.224+0000][1442.276s][info ][safepoint     ] Entering safepoint region: Cleanup
[2023-11-16T09:37:02.225+0000][1442.277s][info ][safepoint     ] Leaving safepoint region
[2023-11-16T09:37:02.225+0000][1442.277s][info ][safepoint     ] Total time for which application threads were stopped: 0.0002459 seconds, Stopping threads took: 0.0000494 seconds
[2023-11-16T09:37:25.227+0000][1465.279s][debug][safepoint     ] Safepoint synchronization initiated. (168 threads)
[2023-11-16T09:37:25.227+0000][1465.279s][info ][safepoint     ] Application time: 23.0021129 seconds
[2023-11-16T09:37:25.227+0000][1465.279s][info ][safepoint     ] Entering safepoint region: Cleanup
[2023-11-16T09:37:25.227+0000][1465.279s][info ][safepoint     ] Leaving safepoint region
[2023-11-16T09:37:25.227+0000][1465.279s][info ][safepoint     ] Total time for which application threads were stopped: 0.0002735 seconds, Stopping threads took: 0.0000504 seconds
[2023-11-16T09:37:42.229+0000][1482.281s][debug][safepoint     ] Safepoint synchronization initiated. (167 threads)
[2023-11-16T09:37:42.229+0000][1482.281s][info ][safepoint     ] Application time: 17.0016285 seconds
[2023-11-16T09:37:42.229+0000][1482.281s][info ][safepoint     ] Entering safepoint region: Cleanup
[2023-11-16T09:37:42.229+0000][1482.281s][info ][safepoint     ] Leaving safepoint region
[2023-11-16T09:37:42.229+0000][1482.281s][info ][safepoint     ] Total time for which application threads were stopped: 0.0003338 seconds, Stopping threads took: 0.0000493 seconds
[2023-11-16T09:37:45.229+0000][1485.281s][debug][safepoint     ] Safepoint synchronization initiated. (166 threads)
[2023-11-16T09:37:45.229+0000][1485.281s][info ][safepoint     ] Application time: 3.0003677 seconds
[2023-11-16T09:37:45.229+0000][1485.281s][info ][safepoint     ] Entering safepoint region: Cleanup
[2023-11-16T09:37:45.230+0000][1485.282s][info ][safepoint     ] Leaving safepoint region
[2023-11-16T09:37:45.230+0000][1485.282s][info ][safepoint     ] Total time for which application threads were stopped: 0.0002444 seconds, Stopping threads took: 0.0000480 seconds
[2023-11-16T09:38:02.231+0000][1502.283s][debug][safepoint     ] Safepoint synchronization initiated. (166 threads)
[2023-11-16T09:38:02.231+0000][1502.283s][info ][safepoint     ] Application time: 17.0015603 seconds
[2023-11-16T09:38:02.231+0000][1502.283s][info ][safepoint     ] Entering safepoint region: Cleanup
[2023-11-16T09:38:02.232+0000][1502.284s][info ][safepoint     ] Leaving safepoint region
[2023-11-16T09:38:02.232+0000][1502.284s][info ][safepoint     ] Total time for which application threads were stopped: 0.0003561 seconds, Stopping threads took: 0.0000484 seconds
[2023-11-16T09:38:03.232+0000][1503.284s][debug][safepoint     ] Safepoint synchronization initiated. (166 threads)
[2023-11-16T09:38:03.232+0000][1503.284s][info ][safepoint     ] Application time: 1.0001657 seconds
[2023-11-16T09:38:03.232+0000][1503.284s][info ][safepoint     ] Entering safepoint region: Cleanup
[2023-11-16T09:38:03.232+0000][1503.284s][info ][safepoint     ] Leaving safepoint region
[2023-11-16T09:38:03.232+0000][1503.284s][info ][safepoint     ] Total time for which application threads were stopped: 0.0003421 seconds, Stopping threads took: 0.0000479 seconds
[2023-11-16T09:38:45.236+0000][1545.288s][debug][safepoint     ] Safepoint synchronization initiated. (165 threads)
[2023-11-16T09:38:45.236+0000][1545.288s][info ][safepoint     ] Application time: 42.0038469 seconds
[2023-11-16T09:38:45.236+0000][1545.288s][info ][safepoint     ] Entering safepoint region: Cleanup
[2023-11-16T09:38:45.236+0000][1545.288s][info ][safepoint     ] Leaving safepoint region
[2023-11-16T09:38:45.236+0000][1545.288s][info ][safepoint     ] Total time for which application threads were stopped: 0.0003416 seconds, Stopping threads took: 0.0000494 seconds
[2023-11-16T09:39:04.238+0000][1564.290s][debug][safepoint     ] Safepoint synchronization initiated. (165 threads)
[2023-11-16T09:39:04.238+0000][1564.290s][info ][safepoint     ] Application time: 19.0017984 seconds
[2023-11-16T09:39:04.238+0000][1564.290s][info ][safepoint     ] Entering safepoint region: Cleanup
[2023-11-16T09:39:04.239+0000][1564.291s][info ][safepoint     ] Leaving safepoint region
[2023-11-16T09:39:04.239+0000][1564.291s][info ][safepoint     ] Total time for which application threads were stopped: 0.0003267 seconds, Stopping threads took: 0.0000470 seconds
[2023-11-16T09:39:09.239+0000][1569.291s][debug][safepoint     ] Safepoint synchronization initiated. (165 threads)
[2023-11-16T09:39:09.239+0000][1569.291s][info ][safepoint     ] Application time: 5.0005634 seconds
[2023-11-16T09:39:09.239+0000][1569.291s][info ][safepoint     ] Entering safepoint region: Cleanup
[2023-11-16T09:39:09.239+0000][1569.291s][info ][safepoint     ] Leaving safepoint region
[2023-11-16T09:39:09.240+0000][1569.292s][info ][safepoint     ] Total time for which application threads were stopped: 0.0003669 seconds, Stopping threads took: 0.0000484 seconds
[2023-11-16T09:39:25.241+0000][1585.293s][debug][safepoint     ] Safepoint synchronization initiated. (165 threads)
[2023-11-16T09:39:25.241+0000][1585.293s][info ][safepoint     ] Application time: 16.0015302 seconds
[2023-11-16T09:39:25.241+0000][1585.293s][info ][safepoint     ] Entering safepoint region: Cleanup
[2023-11-16T09:39:25.241+0000][1585.293s][info ][safepoint     ] Leaving safepoint region
[2023-11-16T09:39:25.241+0000][1585.293s][info ][safepoint     ] Total time for which application threads were stopped: 0.0003370 seconds, Stopping threads took: 0.0000482 seconds
[2023-11-16T09:39:45.243+0000][1605.295s][debug][safepoint     ] Safepoint synchronization initiated. (164 threads)
[2023-11-16T09:39:45.243+0000][1605.295s][info ][safepoint     ] Application time: 20.0018795 seconds
[2023-11-16T09:39:45.243+0000][1605.295s][info ][safepoint     ] Entering safepoint region: Cleanup
[2023-11-16T09:39:45.244+0000][1605.296s][info ][safepoint     ] Leaving safepoint region
[2023-11-16T09:39:45.244+0000][1605.296s][info ][safepoint     ] Total time for which application threads were stopped: 0.0003503 seconds, Stopping threads took: 0.0000506 seconds
[2023-11-16T09:40:16.295+0000][1636.347s][debug][safepoint     ] Safepoint synchronization initiated. (164 threads)
[2023-11-16T09:40:16.295+0000][1636.347s][info ][safepoint     ] Application time: 31.0513588 seconds
[2023-11-16T09:40:16.295+0000][1636.347s][info ][safepoint     ] Entering safepoint region: G1CollectForAllocation
[2023-11-16T09:40:16.295+0000][1636.347s][info ][gc,start      ] GC(43) Pause Young (Normal) (G1 Evacuation Pause)
[2023-11-16T09:40:16.295+0000][1636.347s][info ][gc,task       ] GC(43) Using 4 workers of 4 for evacuation
[2023-11-16T09:40:16.321+0000][1636.373s][info ][gc,phases     ] GC(43)   Pre Evacuate Collection Set: 0.0ms
[2023-11-16T09:40:16.321+0000][1636.373s][info ][gc,phases     ] GC(43)   Evacuate Collection Set: 21.3ms
[2023-11-16T09:40:16.321+0000][1636.373s][info ][gc,phases     ] GC(43)   Post Evacuate Collection Set: 4.2ms
[2023-11-16T09:40:16.321+0000][1636.373s][info ][gc,phases     ] GC(43)   Other: 0.4ms
[2023-11-16T09:40:16.321+0000][1636.373s][info ][gc,heap       ] GC(43) Eden regions: 438->0(439)
[2023-11-16T09:40:16.321+0000][1636.373s][info ][gc,heap       ] GC(43) Survivor regions: 28->27(59)
[2023-11-16T09:40:16.321+0000][1636.373s][info ][gc,heap       ] GC(43) Old regions: 124->124
[2023-11-16T09:40:16.321+0000][1636.373s][info ][gc,heap       ] GC(43) Humongous regions: 0->0
[2023-11-16T09:40:16.321+0000][1636.373s][info ][gc,metaspace  ] GC(43) Metaspace: 161073K(166364K)->161073K(166364K) NonClass: 142392K(145580K)->142392K(145580K) Class: 18681K(20784K)->18681K(20784K)
[2023-11-16T09:40:16.322+0000][1636.373s][info ][gc            ] GC(43) Pause Young (Normal) (G1 Evacuation Pause) 587M->148M(777M) 26.150ms
[2023-11-16T09:40:16.322+0000][1636.374s][info ][gc,cpu        ] GC(43) User=0.10s Sys=0.00s Real=0.03s
[2023-11-16T09:40:16.322+0000][1636.374s][info ][safepoint     ] Leaving safepoint region
[2023-11-16T09:40:16.322+0000][1636.374s][info ][safepoint     ] Total time for which application threads were stopped: 0.0265386 seconds, Stopping threads took: 0.0000484 seconds
[2023-11-16T09:40:16.322+0000][1636.374s][info ][gc,stringdedup] Concurrent String Deduplication (1636.374s)
[2023-11-16T09:40:16.322+0000][1636.374s][info ][gc,stringdedup] Concurrent String Deduplication 2920.0B->352.0B(2568.0B) avg 53.6% (1636.374s, 1636.374s) 0.065ms
[2023-11-16T09:40:17.322+0000][1637.374s][debug][safepoint     ] Safepoint synchronization initiated. (164 threads)
[2023-11-16T09:40:17.322+0000][1637.374s][info ][safepoint     ] Application time: 1.0001928 seconds
[2023-11-16T09:40:17.322+0000][1637.374s][info ][safepoint     ] Entering safepoint region: Cleanup
[2023-11-16T09:40:17.322+0000][1637.374s][info ][safepoint     ] Leaving safepoint region
[2023-11-16T09:40:17.322+0000][1637.374s][info ][safepoint     ] Total time for which application threads were stopped: 0.0003594 seconds, Stopping threads took: 0.0000487 seconds
[2023-11-16T09:40:37.324+0000][1657.376s][debug][safepoint     ] Safepoint synchronization initiated. (164 threads)
[2023-11-16T09:40:37.324+0000][1657.376s][info ][safepoint     ] Application time: 20.0017491 seconds
[2023-11-16T09:40:37.324+0000][1657.376s][info ][safepoint     ] Entering safepoint region: Cleanup
[2023-11-16T09:40:37.324+0000][1657.376s][info ][safepoint     ] Leaving safepoint region
[2023-11-16T09:40:37.324+0000][1657.376s][info ][safepoint     ] Total time for which application threads were stopped: 0.0003822 seconds, Stopping threads took: 0.0000550 seconds
[2023-11-16T09:41:05.327+0000][1685.379s][debug][safepoint     ] Safepoint synchronization initiated. (164 threads)
[2023-11-16T09:41:05.327+0000][1685.379s][info ][safepoint     ] Application time: 28.0026181 seconds
[2023-11-16T09:41:05.327+0000][1685.379s][info ][safepoint     ] Entering safepoint region: Cleanup
[2023-11-16T09:41:05.327+0000][1685.379s][info ][safepoint     ] Leaving safepoint region
[2023-11-16T09:41:05.327+0000][1685.379s][info ][safepoint     ] Total time for which application threads were stopped: 0.0002489 seconds, Stopping threads took: 0.0000491 seconds
[2023-11-16T09:41:06.327+0000][1686.379s][debug][safepoint     ] Safepoint synchronization initiated. (164 threads)
[2023-11-16T09:41:06.328+0000][1686.379s][info ][safepoint     ] Application time: 1.0001931 seconds
[2023-11-16T09:41:06.328+0000][1686.380s][info ][safepoint     ] Entering safepoint region: Cleanup
[2023-11-16T09:41:06.328+0000][1686.380s][info ][safepoint     ] Leaving safepoint region
[2023-11-16T09:41:06.328+0000][1686.380s][info ][safepoint     ] Total time for which application threads were stopped: 0.0002517 seconds, Stopping threads took: 0.0000493 seconds
[2023-11-16T09:41:45.331+0000][1725.383s][debug][safepoint     ] Safepoint synchronization initiated. (164 threads)
[2023-11-16T09:41:45.331+0000][1725.383s][info ][safepoint     ] Application time: 39.0035582 seconds
[2023-11-16T09:41:45.331+0000][1725.383s][info ][safepoint     ] Entering safepoint region: Cleanup
[2023-11-16T09:41:45.332+0000][1725.384s][info ][safepoint     ] Leaving safepoint region
[2023-11-16T09:41:45.332+0000][1725.384s][info ][safepoint     ] Total time for which application threads were stopped: 0.0002019 seconds, Stopping threads took: 0.0000403 seconds
[2023-11-16T09:42:28.335+0000][1768.387s][debug][safepoint     ] Safepoint synchronization initiated. (166 threads)
[2023-11-16T09:42:28.335+0000][1768.387s][info ][safepoint     ] Application time: 43.0037821 seconds
[2023-11-16T09:42:28.335+0000][1768.387s][info ][safepoint     ] Entering safepoint region: Cleanup
[2023-11-16T09:42:28.336+0000][1768.388s][info ][safepoint     ] Leaving safepoint region
[2023-11-16T09:42:28.336+0000][1768.388s][info ][safepoint     ] Total time for which application threads were stopped: 0.0003337 seconds, Stopping threads took: 0.0000463 seconds
[2023-11-16T09:42:31.336+0000][1771.388s][debug][safepoint     ] Safepoint synchronization initiated. (166 threads)
[2023-11-16T09:42:31.336+0000][1771.388s][info ][safepoint     ] Application time: 3.0003155 seconds
[2023-11-16T09:42:31.336+0000][1771.388s][info ][safepoint     ] Entering safepoint region: Cleanup
[2023-11-16T09:42:31.336+0000][1771.388s][info ][safepoint     ] Leaving safepoint region
[2023-11-16T09:42:31.336+0000][1771.388s][info ][safepoint     ] Total time for which application threads were stopped: 0.0003308 seconds, Stopping threads took: 0.0000468 seconds
[2023-11-16T09:42:38.337+0000][1778.389s][debug][safepoint     ] Safepoint synchronization initiated. (167 threads)
[2023-11-16T09:42:38.337+0000][1778.389s][info ][safepoint     ] Application time: 7.0007123 seconds
[2023-11-16T09:42:38.337+0000][1778.389s][info ][safepoint     ] Entering safepoint region: Cleanup
[2023-11-16T09:42:38.337+0000][1778.389s][info ][safepoint     ] Leaving safepoint region
[2023-11-16T09:42:38.338+0000][1778.389s][info ][safepoint     ] Total time for which application threads were stopped: 0.0003663 seconds, Stopping threads took: 0.0000498 seconds
[2023-11-16T09:42:39.338+0000][1779.390s][debug][safepoint     ] Safepoint synchronization initiated. (167 threads)
[2023-11-16T09:42:39.338+0000][1779.390s][info ][safepoint     ] Application time: 1.0001322 seconds
[2023-11-16T09:42:39.338+0000][1779.390s][info ][safepoint     ] Entering safepoint region: Cleanup
[2023-11-16T09:42:39.338+0000][1779.390s][info ][safepoint     ] Leaving safepoint region
[2023-11-16T09:42:39.338+0000][1779.390s][info ][safepoint     ] Total time for which application threads were stopped: 0.0002217 seconds, Stopping threads took: 0.0000296 seconds
[2023-11-16T09:42:45.338+0000][1785.390s][debug][safepoint     ] Safepoint synchronization initiated. (165 threads)
[2023-11-16T09:42:45.339+0000][1785.390s][info ][safepoint     ] Application time: 6.0006234 seconds
[2023-11-16T09:42:45.339+0000][1785.391s][info ][safepoint     ] Entering safepoint region: Cleanup
[2023-11-16T09:42:45.339+0000][1785.391s][info ][safepoint     ] Leaving safepoint region
[2023-11-16T09:42:45.339+0000][1785.391s][info ][safepoint     ] Total time for which application threads were stopped: 0.0003436 seconds, Stopping threads took: 0.0000587 seconds
[2023-11-16T09:43:08.341+0000][1808.393s][debug][safepoint     ] Safepoint synchronization initiated. (167 threads)
[2023-11-16T09:43:08.341+0000][1808.393s][info ][safepoint     ] Application time: 23.0020196 seconds
[2023-11-16T09:43:08.341+0000][1808.393s][info ][safepoint     ] Entering safepoint region: Cleanup
[2023-11-16T09:43:08.341+0000][1808.393s][info ][safepoint     ] Leaving safepoint region
[2023-11-16T09:43:08.341+0000][1808.393s][info ][safepoint     ] Total time for which application threads were stopped: 0.0002806 seconds, Stopping threads took: 0.0000386 seconds
[2023-11-16T09:43:12.342+0000][1812.394s][debug][safepoint     ] Safepoint synchronization initiated. (166 threads)
[2023-11-16T09:43:12.342+0000][1812.394s][info ][safepoint     ] Application time: 4.0004082 seconds
[2023-11-16T09:43:12.342+0000][1812.394s][info ][safepoint     ] Entering safepoint region: Cleanup
[2023-11-16T09:43:12.342+0000][1812.394s][info ][safepoint     ] Leaving safepoint region
[2023-11-16T09:43:12.342+0000][1812.394s][info ][safepoint     ] Total time for which application threads were stopped: 0.0003446 seconds, Stopping threads took: 0.0000471 seconds
[2023-11-16T09:43:14.342+0000][1814.394s][debug][safepoint     ] Safepoint synchronization initiated. (166 threads)
[2023-11-16T09:43:14.342+0000][1814.394s][info ][safepoint     ] Application time: 2.0002576 seconds
[2023-11-16T09:43:14.342+0000][1814.394s][info ][safepoint     ] Entering safepoint region: Cleanup
[2023-11-16T09:43:14.343+0000][1814.395s][info ][safepoint     ] Leaving safepoint region
[2023-11-16T09:43:14.343+0000][1814.395s][info ][safepoint     ] Total time for which application threads were stopped: 0.0002966 seconds, Stopping threads took: 0.0000489 seconds
[2023-11-16T09:43:28.344+0000][1828.396s][debug][safepoint     ] Safepoint synchronization initiated. (165 threads)
[2023-11-16T09:43:28.344+0000][1828.396s][info ][safepoint     ] Application time: 14.0012797 seconds
[2023-11-16T09:43:28.344+0000][1828.396s][info ][safepoint     ] Entering safepoint region: Cleanup
[2023-11-16T09:43:28.344+0000][1828.396s][info ][safepoint     ] Leaving safepoint region
[2023-11-16T09:43:28.344+0000][1828.396s][info ][safepoint     ] Total time for which application threads were stopped: 0.0003417 seconds, Stopping threads took: 0.0000486 seconds
[2023-11-16T09:43:45.346+0000][1845.398s][debug][safepoint     ] Safepoint synchronization initiated. (164 threads)
[2023-11-16T09:43:45.346+0000][1845.398s][info ][safepoint     ] Application time: 17.0016474 seconds
[2023-11-16T09:43:45.346+0000][1845.398s][info ][safepoint     ] Entering safepoint region: Cleanup
[2023-11-16T09:43:45.346+0000][1845.398s][info ][safepoint     ] Leaving safepoint region
[2023-11-16T09:43:45.346+0000][1845.398s][info ][safepoint     ] Total time for which application threads were stopped: 0.0003574 seconds, Stopping threads took: 0.0000482 seconds
[2023-11-16T09:44:09.348+0000][1869.400s][debug][safepoint     ] Safepoint synchronization initiated. (164 threads)
[2023-11-16T09:44:09.349+0000][1869.400s][info ][safepoint     ] Application time: 24.0022135 seconds
[2023-11-16T09:44:09.349+0000][1869.401s][info ][safepoint     ] Entering safepoint region: Cleanup
[2023-11-16T09:44:09.349+0000][1869.401s][info ][safepoint     ] Leaving safepoint region
[2023-11-16T09:44:09.349+0000][1869.401s][info ][safepoint     ] Total time for which application threads were stopped: 0.0003319 seconds, Stopping threads took: 0.0000472 seconds
[2023-11-16T09:44:45.352+0000][1905.404s][debug][safepoint     ] Safepoint synchronization initiated. (164 threads)
[2023-11-16T09:44:45.352+0000][1905.404s][info ][safepoint     ] Application time: 36.0030704 seconds
[2023-11-16T09:44:45.352+0000][1905.404s][info ][safepoint     ] Entering safepoint region: Cleanup
[2023-11-16T09:44:45.352+0000][1905.404s][info ][safepoint     ] Leaving safepoint region
[2023-11-16T09:44:45.352+0000][1905.404s][info ][safepoint     ] Total time for which application threads were stopped: 0.0002848 seconds, Stopping threads took: 0.0000489 seconds
[2023-11-16T09:44:54.353+0000][1914.405s][debug][safepoint     ] Safepoint synchronization initiated. (164 threads)
[2023-11-16T09:44:54.353+0000][1914.405s][info ][safepoint     ] Application time: 9.0008570 seconds
[2023-11-16T09:44:54.353+0000][1914.405s][info ][safepoint     ] Entering safepoint region: Cleanup
[2023-11-16T09:44:54.353+0000][1914.405s][info ][safepoint     ] Leaving safepoint region
[2023-11-16T09:44:54.354+0000][1914.405s][info ][safepoint     ] Total time for which application threads were stopped: 0.0003462 seconds, Stopping threads took: 0.0000488 seconds
[2023-11-16T09:45:10.355+0000][1930.407s][debug][safepoint     ] Safepoint synchronization initiated. (164 threads)
[2023-11-16T09:45:10.355+0000][1930.407s][info ][safepoint     ] Application time: 16.0015529 seconds
[2023-11-16T09:45:10.355+0000][1930.407s][info ][safepoint     ] Entering safepoint region: Cleanup
[2023-11-16T09:45:10.355+0000][1930.407s][info ][safepoint     ] Leaving safepoint region
[2023-11-16T09:45:10.355+0000][1930.407s][info ][safepoint     ] Total time for which application threads were stopped: 0.0002729 seconds, Stopping threads took: 0.0000503 seconds
[2023-11-16T09:46:20.362+0000][2000.414s][debug][safepoint     ] Safepoint synchronization initiated. (164 threads)
[2023-11-16T09:46:20.362+0000][2000.414s][info ][safepoint     ] Application time: 70.0063828 seconds
[2023-11-16T09:46:20.362+0000][2000.414s][info ][safepoint     ] Entering safepoint region: Cleanup
[2023-11-16T09:46:20.362+0000][2000.414s][info ][safepoint     ] Leaving safepoint region
[2023-11-16T09:46:20.362+0000][2000.414s][info ][safepoint     ] Total time for which application threads were stopped: 0.0003219 seconds, Stopping threads took: 0.0000664 seconds
[2023-11-16T09:47:12.367+0000][2052.419s][debug][safepoint     ] Safepoint synchronization initiated. (164 threads)
[2023-11-16T09:47:12.367+0000][2052.419s][info ][safepoint     ] Application time: 52.0047810 seconds
[2023-11-16T09:47:12.367+0000][2052.419s][info ][safepoint     ] Entering safepoint region: Cleanup
[2023-11-16T09:47:12.367+0000][2052.419s][info ][safepoint     ] Leaving safepoint region
[2023-11-16T09:47:12.367+0000][2052.419s][info ][safepoint     ] Total time for which application threads were stopped: 0.0003327 seconds, Stopping threads took: 0.0000321 seconds
[2023-11-16T09:47:45.370+0000][2085.422s][debug][safepoint     ] Safepoint synchronization initiated. (164 threads)
[2023-11-16T09:47:45.370+0000][2085.422s][info ][safepoint     ] Application time: 33.0029680 seconds
[2023-11-16T09:47:45.370+0000][2085.422s][info ][safepoint     ] Entering safepoint region: Cleanup
[2023-11-16T09:47:45.371+0000][2085.422s][info ][safepoint     ] Leaving safepoint region
[2023-11-16T09:47:45.371+0000][2085.423s][info ][safepoint     ] Total time for which application threads were stopped: 0.0002934 seconds, Stopping threads took: 0.0000736 seconds
[2023-11-16T09:48:05.996+0000][2106.048s][debug][safepoint     ] Safepoint synchronization initiated. (164 threads)
[2023-11-16T09:48:05.996+0000][2106.048s][info ][safepoint     ] Application time: 20.6256586 seconds
[2023-11-16T09:48:05.996+0000][2106.048s][info ][safepoint     ] Entering safepoint region: G1CollectForAllocation
[2023-11-16T09:48:05.997+0000][2106.049s][info ][gc,start      ] GC(44) Pause Young (Normal) (G1 Evacuation Pause)
[2023-11-16T09:48:05.997+0000][2106.049s][info ][gc,task       ] GC(44) Using 4 workers of 4 for evacuation
[2023-11-16T09:48:06.027+0000][2106.079s][info ][gc,phases     ] GC(44)   Pre Evacuate Collection Set: 0.0ms
[2023-11-16T09:48:06.027+0000][2106.079s][info ][gc,phases     ] GC(44)   Evacuate Collection Set: 25.4ms
[2023-11-16T09:48:06.027+0000][2106.079s][info ][gc,phases     ] GC(44)   Post Evacuate Collection Set: 4.5ms
[2023-11-16T09:48:06.027+0000][2106.079s][info ][gc,phases     ] GC(44)   Other: 0.4ms
[2023-11-16T09:48:06.027+0000][2106.079s][info ][gc,heap       ] GC(44) Eden regions: 439->0(438)
[2023-11-16T09:48:06.027+0000][2106.079s][info ][gc,heap       ] GC(44) Survivor regions: 27->28(59)
[2023-11-16T09:48:06.027+0000][2106.079s][info ][gc,heap       ] GC(44) Old regions: 124->124
[2023-11-16T09:48:06.027+0000][2106.079s][info ][gc,heap       ] GC(44) Humongous regions: 0->0
[2023-11-16T09:48:06.027+0000][2106.079s][info ][gc,metaspace  ] GC(44) Metaspace: 161127K(166364K)->161127K(166364K) NonClass: 142445K(145580K)->142445K(145580K) Class: 18682K(20784K)->18682K(20784K)
[2023-11-16T09:48:06.027+0000][2106.079s][info ][gc            ] GC(44) Pause Young (Normal) (G1 Evacuation Pause) 587M->150M(777M) 30.399ms
[2023-11-16T09:48:06.027+0000][2106.079s][info ][gc,cpu        ] GC(44) User=0.10s Sys=0.00s Real=0.03s
[2023-11-16T09:48:06.027+0000][2106.079s][info ][safepoint     ] Leaving safepoint region
[2023-11-16T09:48:06.027+0000][2106.079s][info ][safepoint     ] Total time for which application threads were stopped: 0.0308231 seconds, Stopping threads took: 0.0000504 seconds
[2023-11-16T09:48:06.027+0000][2106.079s][info ][gc,stringdedup] Concurrent String Deduplication (2106.079s)
[2023-11-16T09:48:06.028+0000][2106.080s][info ][gc,stringdedup] Concurrent String Deduplication 5472.0B->976.0B(4496.0B) avg 53.6% (2106.079s, 2106.080s) 0.081ms
[2023-11-16T09:48:07.027+0000][2107.079s][debug][safepoint     ] Safepoint synchronization initiated. (164 threads)
[2023-11-16T09:48:07.027+0000][2107.079s][info ][safepoint     ] Application time: 1.0001319 seconds
[2023-11-16T09:48:07.027+0000][2107.079s][info ][safepoint     ] Entering safepoint region: Cleanup
[2023-11-16T09:48:07.027+0000][2107.079s][info ][safepoint     ] Leaving safepoint region
[2023-11-16T09:48:07.027+0000][2107.079s][info ][safepoint     ] Total time for which application threads were stopped: 0.0002047 seconds, Stopping threads took: 0.0000458 seconds
[2023-11-16T09:48:22.028+0000][2122.080s][debug][safepoint     ] Safepoint synchronization initiated. (164 threads)
[2023-11-16T09:48:22.028+0000][2122.080s][info ][safepoint     ] Application time: 15.0010408 seconds
[2023-11-16T09:48:22.029+0000][2122.080s][info ][safepoint     ] Entering safepoint region: Cleanup
[2023-11-16T09:48:22.029+0000][2122.081s][info ][safepoint     ] Leaving safepoint region
[2023-11-16T09:48:22.029+0000][2122.081s][info ][safepoint     ] Total time for which application threads were stopped: 0.0002899 seconds, Stopping threads took: 0.0000373 seconds
[2023-11-16T09:48:25.029+0000][2125.081s][debug][safepoint     ] Safepoint synchronization initiated. (164 threads)
[2023-11-16T09:48:25.029+0000][2125.081s][info ][safepoint     ] Application time: 3.0002746 seconds
[2023-11-16T09:48:25.029+0000][2125.081s][info ][safepoint     ] Entering safepoint region: Cleanup
[2023-11-16T09:48:25.029+0000][2125.081s][info ][safepoint     ] Leaving safepoint region
[2023-11-16T09:48:25.029+0000][2125.081s][info ][safepoint     ] Total time for which application threads were stopped: 0.0002605 seconds, Stopping threads took: 0.0000535 seconds
[2023-11-16T09:48:45.031+0000][2145.083s][debug][safepoint     ] Safepoint synchronization initiated. (164 threads)
[2023-11-16T09:48:45.031+0000][2145.083s][info ][safepoint     ] Application time: 20.0014798 seconds
[2023-11-16T09:48:45.031+0000][2145.083s][info ][safepoint     ] Entering safepoint region: Cleanup
[2023-11-16T09:48:45.031+0000][2145.083s][info ][safepoint     ] Leaving safepoint region
[2023-11-16T09:48:45.031+0000][2145.083s][info ][safepoint     ] Total time for which application threads were stopped: 0.0002240 seconds, Stopping threads took: 0.0000369 seconds
[2023-11-16T09:49:14.037+0000][2174.089s][debug][safepoint     ] Safepoint synchronization initiated. (164 threads)
[2023-11-16T09:49:14.037+0000][2174.089s][info ][safepoint     ] Application time: 29.0061951 seconds
[2023-11-16T09:49:14.037+0000][2174.089s][info ][safepoint     ] Entering safepoint region: Cleanup
[2023-11-16T09:49:14.037+0000][2174.089s][info ][safepoint     ] Leaving safepoint region
[2023-11-16T09:49:14.037+0000][2174.089s][info ][safepoint     ] Total time for which application threads were stopped: 0.0001838 seconds, Stopping threads took: 0.0000368 seconds
[2023-11-16T09:49:45.040+0000][2205.092s][debug][safepoint     ] Safepoint synchronization initiated. (164 threads)
[2023-11-16T09:49:45.040+0000][2205.092s][info ][safepoint     ] Application time: 31.0024908 seconds
[2023-11-16T09:49:45.040+0000][2205.092s][info ][safepoint     ] Entering safepoint region: Cleanup
[2023-11-16T09:49:45.040+0000][2205.092s][info ][safepoint     ] Leaving safepoint region
[2023-11-16T09:49:45.040+0000][2205.092s][info ][safepoint     ] Total time for which application threads were stopped: 0.0002699 seconds, Stopping threads took: 0.0000431 seconds
[2023-11-16T09:50:15.043+0000][2235.095s][debug][safepoint     ] Safepoint synchronization initiated. (164 threads)
[2023-11-16T09:50:15.043+0000][2235.095s][info ][safepoint     ] Application time: 30.0024104 seconds
[2023-11-16T09:50:15.043+0000][2235.095s][info ][safepoint     ] Entering safepoint region: Cleanup
[2023-11-16T09:50:15.043+0000][2235.095s][info ][safepoint     ] Leaving safepoint region
[2023-11-16T09:50:15.043+0000][2235.095s][info ][safepoint     ] Total time for which application threads were stopped: 0.0001886 seconds, Stopping threads took: 0.0000355 seconds
[2023-11-16T09:50:40.045+0000][2260.097s][debug][safepoint     ] Safepoint synchronization initiated. (164 threads)
[2023-11-16T09:50:40.045+0000][2260.097s][info ][safepoint     ] Application time: 25.0020707 seconds
[2023-11-16T09:50:40.045+0000][2260.097s][info ][safepoint     ] Entering safepoint region: Cleanup
[2023-11-16T09:50:40.045+0000][2260.097s][info ][safepoint     ] Leaving safepoint region
[2023-11-16T09:50:40.045+0000][2260.097s][info ][safepoint     ] Total time for which application threads were stopped: 0.0001791 seconds, Stopping threads took: 0.0000434 seconds
[2023-11-16T09:51:16.048+0000][2296.100s][debug][safepoint     ] Safepoint synchronization initiated. (164 threads)
[2023-11-16T09:51:16.048+0000][2296.100s][info ][safepoint     ] Application time: 36.0030751 seconds
[2023-11-16T09:51:16.048+0000][2296.100s][info ][safepoint     ] Entering safepoint region: Cleanup
[2023-11-16T09:51:16.048+0000][2296.100s][info ][safepoint     ] Leaving safepoint region
[2023-11-16T09:51:16.048+0000][2296.100s][info ][safepoint     ] Total time for which application threads were stopped: 0.0002490 seconds, Stopping threads took: 0.0000337 seconds
[2023-11-16T09:51:45.051+0000][2325.103s][debug][safepoint     ] Safepoint synchronization initiated. (164 threads)
[2023-11-16T09:51:45.051+0000][2325.103s][info ][safepoint     ] Application time: 29.0026572 seconds
[2023-11-16T09:51:45.051+0000][2325.103s][info ][safepoint     ] Entering safepoint region: Cleanup
[2023-11-16T09:51:45.051+0000][2325.103s][info ][safepoint     ] Leaving safepoint region
[2023-11-16T09:51:45.051+0000][2325.103s][info ][safepoint     ] Total time for which application threads were stopped: 0.0002374 seconds, Stopping threads took: 0.0000512 seconds
[2023-11-16T09:53:18.060+0000][2418.112s][debug][safepoint     ] Safepoint synchronization initiated. (163 threads)
[2023-11-16T09:53:18.060+0000][2418.112s][info ][safepoint     ] Application time: 93.0083147 seconds
[2023-11-16T09:53:18.060+0000][2418.112s][info ][safepoint     ] Entering safepoint region: Cleanup
[2023-11-16T09:53:18.060+0000][2418.112s][info ][safepoint     ] Leaving safepoint region
[2023-11-16T09:53:18.060+0000][2418.112s][info ][safepoint     ] Total time for which application threads were stopped: 0.0002336 seconds, Stopping threads took: 0.0000444 seconds
[2023-11-16T09:53:37.062+0000][2437.114s][debug][safepoint     ] Safepoint synchronization initiated. (163 threads)
[2023-11-16T09:53:37.062+0000][2437.114s][info ][safepoint     ] Application time: 19.0017858 seconds
[2023-11-16T09:53:37.062+0000][2437.114s][info ][safepoint     ] Entering safepoint region: Cleanup
[2023-11-16T09:53:37.062+0000][2437.114s][info ][safepoint     ] Leaving safepoint region
[2023-11-16T09:53:37.062+0000][2437.114s][info ][safepoint     ] Total time for which application threads were stopped: 0.0002176 seconds, Stopping threads took: 0.0000559 seconds
[2023-11-16T09:53:45.063+0000][2445.115s][debug][safepoint     ] Safepoint synchronization initiated. (163 threads)
[2023-11-16T09:53:45.063+0000][2445.115s][info ][safepoint     ] Application time: 8.0008220 seconds
[2023-11-16T09:53:45.063+0000][2445.115s][info ][safepoint     ] Entering safepoint region: Cleanup
[2023-11-16T09:53:45.063+0000][2445.115s][info ][safepoint     ] Leaving safepoint region
[2023-11-16T09:53:45.063+0000][2445.115s][info ][safepoint     ] Total time for which application threads were stopped: 0.0003104 seconds, Stopping threads took: 0.0000515 seconds
[2023-11-16T09:54:19.066+0000][2479.118s][debug][safepoint     ] Safepoint synchronization initiated. (163 threads)
[2023-11-16T09:54:19.066+0000][2479.118s][info ][safepoint     ] Application time: 34.0030273 seconds
[2023-11-16T09:54:19.066+0000][2479.118s][info ][safepoint     ] Entering safepoint region: Cleanup
[2023-11-16T09:54:19.066+0000][2479.118s][info ][safepoint     ] Leaving safepoint region
[2023-11-16T09:54:19.066+0000][2479.118s][info ][safepoint     ] Total time for which application threads were stopped: 0.0001861 seconds, Stopping threads took: 0.0000344 seconds
[2023-11-16T09:54:45.069+0000][2505.121s][debug][safepoint     ] Safepoint synchronization initiated. (164 threads)
[2023-11-16T09:54:45.069+0000][2505.121s][info ][safepoint     ] Application time: 26.0023528 seconds
[2023-11-16T09:54:45.069+0000][2505.121s][info ][safepoint     ] Entering safepoint region: Cleanup
[2023-11-16T09:54:45.069+0000][2505.121s][info ][safepoint     ] Leaving safepoint region
[2023-11-16T09:54:45.069+0000][2505.121s][info ][safepoint     ] Total time for which application threads were stopped: 0.0001884 seconds, Stopping threads took: 0.0000304 seconds
[2023-11-16T09:54:59.070+0000][2519.122s][debug][safepoint     ] Safepoint synchronization initiated. (164 threads)
[2023-11-16T09:54:59.070+0000][2519.122s][info ][safepoint     ] Application time: 14.0014647 seconds
[2023-11-16T09:54:59.070+0000][2519.122s][info ][safepoint     ] Entering safepoint region: Cleanup
[2023-11-16T09:54:59.071+0000][2519.123s][info ][safepoint     ] Leaving safepoint region
[2023-11-16T09:54:59.071+0000][2519.123s][info ][safepoint     ] Total time for which application threads were stopped: 0.0002396 seconds, Stopping threads took: 0.0000323 seconds
[2023-11-16T09:55:55.138+0000][2575.190s][debug][safepoint     ] Safepoint synchronization initiated. (164 threads)
[2023-11-16T09:55:55.138+0000][2575.190s][info ][safepoint     ] Application time: 56.0673751 seconds
[2023-11-16T09:55:55.138+0000][2575.190s][info ][safepoint     ] Entering safepoint region: G1CollectForAllocation
[2023-11-16T09:55:55.138+0000][2575.190s][info ][gc,start      ] GC(45) Pause Young (Normal) (G1 Evacuation Pause)
[2023-11-16T09:55:55.138+0000][2575.190s][info ][gc,task       ] GC(45) Using 4 workers of 4 for evacuation
[2023-11-16T09:55:55.178+0000][2575.230s][info ][gc,phases     ] GC(45)   Pre Evacuate Collection Set: 0.0ms
[2023-11-16T09:55:55.178+0000][2575.230s][info ][gc,phases     ] GC(45)   Evacuate Collection Set: 34.2ms
[2023-11-16T09:55:55.178+0000][2575.230s][info ][gc,phases     ] GC(45)   Post Evacuate Collection Set: 5.0ms
[2023-11-16T09:55:55.178+0000][2575.230s][info ][gc,phases     ] GC(45)   Other: 0.4ms
[2023-11-16T09:55:55.178+0000][2575.230s][info ][gc,heap       ] GC(45) Eden regions: 438->0(438)
[2023-11-16T09:55:55.178+0000][2575.230s][info ][gc,heap       ] GC(45) Survivor regions: 28->28(59)
[2023-11-16T09:55:55.178+0000][2575.230s][info ][gc,heap       ] GC(45) Old regions: 124->124
[2023-11-16T09:55:55.178+0000][2575.230s][info ][gc,heap       ] GC(45) Humongous regions: 0->0
[2023-11-16T09:55:55.178+0000][2575.230s][info ][gc,metaspace  ] GC(45) Metaspace: 161223K(166620K)->161223K(166620K) NonClass: 142541K(145836K)->142541K(145836K) Class: 18682K(20784K)->18682K(20784K)
[2023-11-16T09:55:55.178+0000][2575.230s][info ][gc            ] GC(45) Pause Young (Normal) (G1 Evacuation Pause) 588M->150M(777M) 39.813ms
[2023-11-16T09:55:55.178+0000][2575.230s][info ][gc,cpu        ] GC(45) User=0.15s Sys=0.00s Real=0.04s
[2023-11-16T09:55:55.178+0000][2575.230s][info ][safepoint     ] Leaving safepoint region
[2023-11-16T09:55:55.178+0000][2575.230s][info ][safepoint     ] Total time for which application threads were stopped: 0.0402348 seconds, Stopping threads took: 0.0000706 seconds
[2023-11-16T09:55:55.178+0000][2575.230s][info ][gc,stringdedup] Concurrent String Deduplication (2575.230s)
[2023-11-16T09:55:55.179+0000][2575.230s][info ][gc,stringdedup] Concurrent String Deduplication 848.0B->696.0B(152.0B) avg 53.6% (2575.230s, 2575.230s) 0.065ms
[2023-11-16T09:56:04.179+0000][2584.231s][debug][safepoint     ] Safepoint synchronization initiated. (164 threads)
[2023-11-16T09:56:04.179+0000][2584.231s][info ][safepoint     ] Application time: 9.0009248 seconds
[2023-11-16T09:56:04.179+0000][2584.231s][info ][safepoint     ] Entering safepoint region: Cleanup
[2023-11-16T09:56:04.180+0000][2584.232s][info ][safepoint     ] Leaving safepoint region
[2023-11-16T09:56:04.180+0000][2584.232s][info ][safepoint     ] Total time for which application threads were stopped: 0.0003049 seconds, Stopping threads took: 0.0000488 seconds
[2023-11-16T09:56:14.180+0000][2594.232s][debug][safepoint     ] Safepoint synchronization initiated. (164 threads)
[2023-11-16T09:56:14.181+0000][2594.233s][info ][safepoint     ] Application time: 10.0009335 seconds
[2023-11-16T09:56:14.181+0000][2594.233s][info ][safepoint     ] Entering safepoint region: Cleanup
[2023-11-16T09:56:14.181+0000][2594.233s][info ][safepoint     ] Leaving safepoint region
[2023-11-16T09:56:14.181+0000][2594.233s][info ][safepoint     ] Total time for which application threads were stopped: 0.0003432 seconds, Stopping threads took: 0.0000494 seconds
[2023-11-16T09:56:21.182+0000][2601.234s][debug][safepoint     ] Safepoint synchronization initiated. (164 threads)
[2023-11-16T09:56:21.182+0000][2601.234s][info ][safepoint     ] Application time: 7.0007005 seconds
[2023-11-16T09:56:21.182+0000][2601.234s][info ][safepoint     ] Entering safepoint region: Cleanup
[2023-11-16T09:56:21.182+0000][2601.234s][info ][safepoint     ] Leaving safepoint region
[2023-11-16T09:56:21.182+0000][2601.234s][info ][safepoint     ] Total time for which application threads were stopped: 0.0003475 seconds, Stopping threads took: 0.0000499 seconds
